--- Starting API Test ---
1. API Key configured successfully.
2. Initialized model: gemini-2.5-flash-image-preview
3. Sending prompt: 'a simple picture of a blue dog'
4. Received response from API.

--- Analyzing Response ---
Full response representation:
response:
GenerateContentResponse(
    done=True,
    iterator=None,
    result=protos.GenerateContentResponse({
      "candidates": [
        {
          "content": {
            "parts": [
              {
                "text": "Here's your blue dog! "
              },
              {
                "inline_data": {
                  "mime_type": "image/png",
                  "data": "iVBORw0KGgoAAAANSUhEUgAABAAAAAQACAIAAADwf7zUAAAgAElEQVR4nJS9ydYsvW0tCFDv/5T2lWdX8sCWq9ZSoAbAbsCIPHKl9J8vMxoS7QYJMBj5b3//R2RUZVRFZGRERWREH6knMqMqMiozIzLmgoqIiIysjIyKisiKvrYvjQg0c1I3zJeoyJzeuseMrChdENHN2a+wk9OFnV8fPzu0NUeps6uvyMisqKxNw7RQ7DEjitIqtMULI4Yj9GW0lvXc15auYQM5ovhiCFfsE+yrIqLAe+5rImoYGVHEaAA3tfZr/nQDOe21YtMbHDspV0yF6777GvPpu8cQanGREU/EyXgqDnTezXivKYnUMCkyppG3xCTXl1Ts8DQ39FesdkcXaSJxKey28uNnyyYzzQSkhWWrq90yDq/Pp/VnwI0iIsGry6pOjPfWsJaHl9MVAwqrqIQAygzCXTSH1LnQCUto8YkGD/q+OKBMoPWqiKysHKdLkjr84b65AOoZa5yWcnU0t2e0jwvrnJdDVnTvM04eGUm7rPa3q6+MrHgiDlFswLIlmZQtRdQ8NNEJ5408EZFJtwwjZ9okMRFGMyyXhiW5wYOJ3Sekr4rIqici45jPZEW14k+diGxRAOCywF3icgF7xBN5quEEhzMOsOcxw2mno4Ndfz0EVLrhbbGQDAhlEKIoWZ37Chrulvj9ULPCOBmhY/nbDQWO1dg6DL1QfNn2GM7Qbma1OskDCcoEGThkvQUvvgiUYbbszyUY6DbhnCfiwcHYQFHWqP0JQ7rBkTH3uG5Ac7kZ4MWrgxHjxU/WiKFy2nkHT/AX45BBVKA3B3pOiywVbbRt3icBHQxLBnvCvyqMirxnkp1QcsHPRFsSlghvMXg4UMIm02PJ/lT5MMf1TUcRqkdE0AZqiwmhMBH8xloGZqoiGXVt/EawE41rSFMNwxEds/fQAoiFGG+hg37BPhNYy1HPwGGdoMVu2eyfCg7Lm8i/XWgMXJ7/ZGUwPlpXgiyzfA6FCtD2C0jYbSP2Pgv5tDfmSJTjJ0MFNFUdoPrzRP7lZP7b3/8RkU/NraG7AGEcouK8WRWVUllwhYioTFiUG0CfIogTS7PG30XtkaMuMDiNp2meUBNCXr6grsgPfzZ5mT4WWFyZAiYMxruHu8Ox6xxnCbrxx40WuGLMULhf/AVQXvdExNUkUHY1vqx3dEUsUIzJaMRINANxsxUKd7lERZ045fY2I5NMk+NPlNqy4EByO+JQdUx99ycV7sdqJqIEm32CHGVm+8AB+GQ6TEVVD9deFMaa3Xxrw6GsYGlLLzbHDmCZIRDacyD+kD3xqPzaOT6jvws26RAFuz9pzSLMoRlykeDLCTTeZcDER4bEgNdsa7er1kczgfyTwxFSK8wsgAOFEVOjHSDGhoKIfQgm7WgL3egs49MjNZC9Y2QyUn4bvTGfcEAfmKZCbU84BOzNVfkQFA2lCPgl0csaeQU0NpKoiDwG1RFhWL5B4WHILIwtLVoYxwxv7Cz05TKjjCyf5zmh9xA3IhD/AVxqOeFgfuJyGzSmEdQlthd4Bm07f1/wGTYYmmYWsFA4MsmJDMBBIAx6hRD3gN67XKfKBFJx43KEB+cPDNo8OtB8Wjd+lLUFwMNsTMYjm2nx5GqVd8911PEx87gIpTfScIdYHCC2MbIOhAAWRYQUhZbgR23UqasPwyQcSi7KvgL4Uic7wOCUJbtIp4siiddEaBjhoVzIPe95LPCUofPIWwKeTIv8DvBUQslHsyBReU3QikOWMaj5XZVHWs1stxwRVNG8l0+ZRJGA47wIDpVAeg7zypTLxijJZfdbyKnjzMmtObjfvBqU2DCZStn5HDkmM3eDd3MBuHBqTChmjhfevj99keBw/JfhpCIzzl9O/vvf/ueZq56+nByN6KMsNs7Qm9YkhZWluPrExLJvUiss2/RA2nbtC8rWvSEcvKePlKJj0HXv0MhE+O7kIW1F8MnHhvGa9AcU82KxVT8GjLGKSDS+3vaQr6Zy/zT5jB2q0fLBzepRGDLiB/jYEH6m1Au0w2FnIX9GyAGdnXZ/WoSZtceEH3acHLGTD7AaLkYgjidwwok25kYy4EXWBaMvG6m7dtan4mf43ddfCK5bQcj4yZ2rMjTLbTQWR6+OQLAmgVVxiJ7bGjDdcPWUiZYz71Sx5s3PPeG+RpoXujLMmDii1TeOxAn9FvkaF+2TuTuqfYHBZsVEb8CFRYby+RkBHcypnqQA2agh0wnKdqkx/Z4QrssI7HKnaDWhy7a88749DOlkb0xKvigzOVVGvpNLHwTsAcUOs1JDOUCgg4h9cBEehngV8tjFDHWz7n452zIu6S8v8/Suz7agiFjD4qu7G4lfoWdzpzTxJ8zzhwZTne3zcS7/ekF5iYIatyz93fJk57yE4gRenwsdL2L2ZS+QfKNmAlMiNByoiMlrVx6klcsUN8c0yjXu3HQuIexUWNYyhQJA7nFnwEPNDD2L7nrbvBK2LDswjGZE9YCX9jQp85yRAUjBVPGHp7wNH83f+Hezo3Pmru4t4uCy0a8h3lur6tFopONub6zl2nNlRU/vqvNwr3bfgk+LCXMlzOtzwv/1UQuWSXmDuGMc5gNILhbsk6kI+dXlZMLJ2o3ZB6roW/KTh7YOq9pkeD7GRgeZObXooW/dqslk/iUj//3//s/TC3SQsKke/rqP1daHQ4LHVJjlLw0klx4kfGbr2UAf5mOjkC+0co2lH8rXdfl59Y3rGVO1nrwfrQNJZBSnLGgW20cqC+L+IKOgl23ocr1cZG4WHD3HFA37DhYUBKAsracIwGnGBW1l/y6/pp8pSfkduFysBoISeukW+F3BGXLfL5P6kyff7hp7kPTjU0+vsNCtRFEJ9gcI/zLsTcllS/ex/q159pqgWItqbHnby1/YT2qQbeCdH4KyW5dlfOPOSkr86bMg4Y0VYGfLh0FfxbJP+1/LgAANbqZJLoBBPkOHuW9gbu8ptvwBMlcM/JaQGv+QNfxpaXp9vu1KJM3PrPK61NtYdpM8mRTyZairBggD/4hY3mwmAQWutO38g6WXuv4XHMiMuJbEby5x9lartUko0QnPJl59F0xSRORI6qaSE/f2UKPBvv6MhD9OOHJ/CuPj83XuhqDvlQjf7bwN3m56NVF+a0TEk1Zcj6j6QGWLvKuw2MefCIayiHiYJIb+UstHjLLttzOFQHSspwffnfhqnXHpCkL31IGxnig+qqs0q8vi0xrChcnFPACVjIh8ngLcwS5hpB6Un8CMzdPMoZKmaz0znof8m6tXXMawsFy8tPxe2v0aqhrHaPnTAd8mTjVbkh2Ha9YFXrxNYMsIjE7fsKLe3A9yU/DlcLW5+L5s0bSWFqgjR+p6db2vjQ3BEVGTiUWpeWgqW5bV1/pKmYx4iFUrAes9yWIGL8eow4JB/tv//R/ldjI1cnvKrX87GNuTA94++r7Bl4BVnLg5JPE+ef1DPP486AEhJRPDdXgf1XavepgZUuu6mHj1NUde53l/pkI1y0iWbW7/8EV+OsV/75wXbkQTG1mXdVlww8WgbIsNFqcbnMTQoAsrIaYvR5KMPThO1klTyPaZ4X2LrmdHs+x0aGKB71VM8uEiUgg/Q+Xr09DzVTH8c6y8Bgi7Q0UzzqcLIPLF/FvHCNb145Zb1GFtm7GZdvwu3b0A1EEEU6F6cfgZEXCB5so3j/fHcQOPnKBXEOLm/Gfafzf+/rDksiIX+tTCEnweGl0RTD8Dxjt4Fqe5r8BUgdUnn5Qm7neemkyryfQRmxZ56CfNP7IJS5yWp/bu7Mp26eQSpnrFKA+CC+MIDSLOtGfDQwM1rvxQ+dxZDhurOKivL/8rW+GFrj6tJ7gD3rrN141cF/2px9e5q+nLkNblBfqsYvDFTudUr5rcVwTfvHx9DFa+T10/4ELL8EaFO5b3PP2xdFjtVulZFcuVqCVP53+K/DVxw+i+TbECw6MCgCbk0X7GJOVbH7BCxOkcUtPGBlpFkzGjAV/WAuFXFGJkzfyJ4XO7yyYh7lMFgDOWr1ScCwOOBUEjTH8b31u66DKvowtMblN152LEEER0g248m3W0s0lLGJ6DACtIvtCALvSnIOHLcDwwWXyQ5EziY6BlhN5CftMePfdRjsqGYlJI2cUR8bxdcqA2KvpprcEnVgB9yTOOZ/wz/+1v/zM+0FeuhRBXtFmkX1VVSEAs8pECW6GxbEGLGvoQui5oyJRnJuIwO+e6aLox+yN06Bvb4hofCgWslwfp2rdei7lW7DEggXDSrgRYvDSXxvgPyL3d8XYFW094dwAXGYcduEodsT4GWxHtKSpVYHf145j7JTEPWqstgszJuRY4F9iBmxP1vKSQa7Qv/i9W4Qe3AD6F+yHlHEh+GxLFk0JV/9yNlcWovQDho1NJxK8zW5HN71shao8UNhu/OGZgwvrJKBK4Z0LilVjWzvYsKriatW807S8mi9C1nCWvq6+FJRnVU8mp1LZ7zQ+t83M5uuzI8A81v6wAppqish8Rutp1I7/6ahIvqNlwL5mLEFFlcYDwKUf0Kx8Es3GgBnY1VscmxBcQ9v+fIIxPHeQ2z5qc0NnIuKwKoLdKaHvN30jmSE5bbKtPCxCTRNkm/xaxAtCgF0+8tPyFq1eE0ANFafS8Pe8iQBe8DMs6/ZxCOxv/61MUm/jnxGl74Cfnda9+uzvzZnU9FpaZnaWZzVr+8puhF2/sMR2bjHoxaOuRJ3b4eG3l5mCZUEffgrvpxUbKP7evbawK0kXhJaYIWDMPqGvxd6JzHkV6DZQjrohUprIPEA20aba/eVADhlhaypRkJtD7Xtxo7IbmNRlLIdaVCvqLVAqmJMKKyHhQ2fjXH9JZ++DHpz5O++2fxg/D+ISXHUnydVJ5Nx4fpDwFI/V7OBJ6M7DNG43SwXAaPEzCLDF1fd7inIVVlWnzepo+DSwj/5mDya2tk3E64LFCU3a/95OuxmKLvK4iIp41LpC4Dr4O0PrgqIackYAmzVk26ipeO4PUzCp71mIReiyPlBzzyrgygmNiV0t8ADVvXkEnh77gL5Lh3to3vFdTbKCDA4NHW05Wfu81pOzWk8919qHJjUj8U5iUXCGcRFXk5OAX/x/zBV/Nn1bbscyNmED5T2oDUYW8nIxDjMYOTOx9OYUr4tIXFHot1PFbUHvVQgo2Y8WpiGvUrXnsHLoypuUXW79rHlL+T9nh8QQ18PrX0bVevSQOHck/FW1yWseYU/9yWUgmZBNTtjbYNnCtCO0IMFaDgHpC9+1laQUnEKL1/5+09YnRUyUjuuGhYHopXtuOUCTZAq4t9UDZ6iNyzI4InLrS/9baPY/bGZGz9w2uWBpd1PPbFV5KphoQ0LoAUFew5nM1cvMy8BNcNzCQmC5wOuhRA9k7ASViRsBNhV4ZT2ZEPqOgeCLiqBd4UNbhZFdEjuIO+jZtgtnml2gXEVkZ011lTbJrNAXrTV1OW8WBcr2YtAyi3kFiK4Db3VkTgpUfAP6+wGCG7TBx9NHvfbASbnefLR+NuRggdtLPkHKPE9LEsALLbZ/7el89Nc0iIOI6MHhJeX9KnPixXnng8bluPKSeLZIkRh8JonC5GGNAtR2wLppw+WOz+9rPklgRbCLF09n7RHosbSpwtPYO7oX6EhyHlIYTe//eNDKBcNf3bm51MCGW11G3G04oEA7g1He6I+Xg253Zig9hIZUnw6Pv14cqczrTjn/f4wREuFxW5PG/d4s7jJeuMWcr6P5NT7a6I+poIY1ULFFCNWOMdE7aeiWesFoklW6Qi9qyL/xVyiQHM4WiwWcCMp+IzMz8t7/9P3EKKP2ATS4dQlGq2xtxar8g8mRx0herVsQ99SF6H/7oPxT9hbhbS2mN8MgywR+mshosO4IyXxna3Dleqr2ullofq4Zai2UEYCHOZq8Pfq2GIs5ilUTJWiqiog4AmXUUZmjCcu8nolTDP6luaxos08IHk1/fV6atOXzeW8rdd9v2gbwCgr9MiZeYitfyGDaPHQE+ZDg3HRbnAo0t4r/t5iNIvNrelwfA5zH6SNkP67zcY2cwYQHUPhxm1ad9SrpMD3K1PlyT9vPT34Tfspjl7Ebxt/hl5HvN+XYX+zLffxYSzGpWGN9ex+4NDVtIXBOZ22tjS5jtPFtiN5eFW2elahzsFvopjks0dX9bopGC5Kf7IjlQBKLJtagtX/tMnXHzUn1boNR/EPYHHuWhyHTanqaWBKUKckSXWZVTz6vMOCirXhJu5vwxY7L05aAf62+ajjQeJKaUVDg6+60f6/APoLKudqV5tu868ypo5Fr9AiUNvsspLty4MGmHk2/Mou6/L0qs2rSOJCcZlAHKy09cHlfb3OMjNJZilCk8hp0RUwHQ4vzNOFPOV68fuMq+Kmdv7yg+tunus1FxR5uPKsY7Fc7eZDc1471cVwQ0WVuar4ZC+ipbDvMNcJQB1g8VzCpilWpMiu+uaK4cpOY9uRAcL/v9qIRu3mR67bRZVSkQ7rOVkfMYQ8V46d2/HhN25zCeTK1Wbm6v34nXPxnwnz7DC6qmO/iE1wUqGv7693j01fkd28A89k/rEVWOk3ReqPsdflgBeAvkRbMpywvYdcbpKnprYRjwQi0xa3HGP7SWakUdhNZSCsIpKu4rtTzCvxc4+sZguld6kvu3GOKr8DrhbYCOS/aROPe7yv94LwMzV7mE93sAWj27Pzq0l8jvCRKTsky6MoM/V+Oafqyie56LsRasO8lTMzlvhtFrLe6GRx/knRBvODyzYUaL4Oif6YH56Rqse0lQAGaTV4MCLA9KijPynphF8n800HU+3FFJl1oxebcsQg297MgvXhZ36bD311m0jBOpLAqZ3/Ztw7fEOCeX9jsnvBy/raLlr7nkLgH+/rxA/G2whL4Xx8Cir2bDYmKYcNeHSlnOq5rQlrkoWDFC7l3pt9RWAlIrWRGPZVefTm5ExF5NGrmm5jeXIkxCeeKHOF53yd2MSFMY5GoDht0OR4YJedFfVoD3e/HYrpL+uSWfgYUNGIo+UMLDIkB0hn5aqVSMZVPVCcoTT29KcaJ6aMdYcS8RmBy/yDD5bJlympFLBT40oyznC2IxRYRz1r99U0O3ww/pbLpid8zgOe3kvmsNH0tqWmSbPdh486V/+5MuOCEN5OZY8dWSLpVXA9Xj9bkB6/MwT27lGV5NxXqFyCfqiXymLKT/tyBWkYkcF80/JhxGoYWIqico+8AsgIVB4FOpxCQ73PmBhnZFIN791E3PlVvY5U/89yEv2bULRWLOO1rwkzP6H0YPCoPUKuv6940yUhZhV/CXixYEqTMuhvsOh56MiKfLwRmZKiAPEfNai0Al2wagZFDB7MsTsqw7hAAg3LfQ1pjQ2ryGCbogVdG57zA/hsrOdF5nuQC/qiggCmoee1+f7Ax+DdBY1PLE3JdyP6SIo10Ar/y3v/+/A+U9XZxVfi2c8dIdRZdE9A3WmmHrj0YrD/LOyWsi1MU0ojy3Okp2ZPB2f5YU9jXdIYLD0LBBNVcTL0jesszrvo9z1+y5Es+zFpXfTNurEn549eqBoMBkA5JaIYlSoH2wIuZ1PK8asG5A70vq9bow95dPQfyhha9LYptoDYBholsM9V+3ffb8tvgRBXKa7xsKMXL7sI3p0nD4/Sko5c6Z7IhrARUZ04B30Q/GZfKlCqFs+1fElo33TFDeVYLVku5J78boPUEk0AVDrUabF4AZHliTpEapE6PGWUtv85rsjeItYBkTN1eX8Lc8oSuHJN7x9WzBAgmmRCVk/2l3e4n2bR30ZDKG+GI85La8G7vU0GK5Hce7HDEZqQxmiRnTMpMbcvgp5jdfPbAsdcMrAHyaX10Y22k7QD5XHfny5/j6WVKRDiE2gSqn+X+BUlfb9540/PaJlz/A8TPc/CG+BTR6X2GYEnvIOZmnzNBgdJH45+4uUl/oT59Nv8x4Gc2maLF+eyhqS32S95y5Icky7eLqDUULy/6AwtyFFUsmcqO0hjFf60nQqVkXKbXAZukdeEufShLdSPkbtR68minHz4JDaC60ZDCAFBLjHziJ0NEITQisLAh86PLT/v5k9CTko9vco/K6b/zoH749oG1ocMeb1CO2eBypkNF6rD339muSRQbWO+t+8brALkcX8dXkavtiE+2bk1zw0yPhekJ4RmuUie1CddTrfV50flQR8zNSJYoCGEqZoA4Mro8+USdPYQZeeEljCODGTzWirJc4Z2kmk7QnusRWEXWys5UPMYrSBrWlbJXluXmZEjVU10/NANw/Tr3WKxkTY9mhSfC3xdygn0FAuM4aDU1Tzew8Mz8CWtQHWxLTiBzjpmQsHUzJqH54I7Cgt6+a+f8p3hjqu//iTMJrdFVd90BOZcKwVsKFltfv+7wTUrdFcTknBWPtA6JxBlK66NzinPRQfaapV0Z7mYWz6APED3yACSxPjbcgkKhN/uLg3AORVmX4/Qq3uyb2Igehoa9kGhCXuvEf0e7ynY6eyseCN5YSNnG2D7woMfeIcPiygq7pEOIstTDJM1zIMlyFbK/0ENFiGVy+1bEILXlRVkal5VuqlQ00MNm2eAoXdIoKiO0usDh1gRQ7uPRBx9pLC+aarV8V7bYw7Q5+3RMObLSuefAzgqinjPYlPHUmYJjK03ncMSKefk4AZbsy38K944hhgqW0chpha3IUXVbrmsvrg2bmzmEXgYsKZ8evLlrPKknjOuLOtqhJmsX+0LHusffSnPv+NPsC1LrIDEMnR4q6DKh1UILuiyeyTGq/uNO1o0Ojvy4xeCfMmpQPY6Jd52F1d/dgPhUcL+brBe+B1CkRTZrbDijS84l64inUADufnMW2xLjD4mHifI2Cnn53VvaCb6bWWbEl9grrJWgsuDBQMSFGT2woHn8ZSZA+GEWqpPcOb5+J7w+579/5+t4/KS+Kwa3vK4jKJnMR+JHMnQFqn0yPkzbDuvD2JtyMbBHyIi0pGpM9JqWvz91bxUeTlxO11cM8x1QaOK05BlNRUjZfEq3eATGuG66tes1CMhPrBlDjHTqmuXlXQP77f/5PC7anvj1NyYrIgycymQDgUPERGzk6os+MjfV6TwwD7F0zQ+89+c65b1abwH0U4zKUeSvcdjVyKW4Dwb3Ywu55GWTI5u9jv3sMEF4VeJCj53GZpxY/08JXI3efi97vXpkm5AS2YhbbvhKPdwtreZyd/MXfTxHwBOxcltajJVsD/r/8fKnAlIUvNPq3sybMXjfCkj447FbK8tuvwbh3NBB8LZFNfZ28xpvj7AfN5DWMGV+X7oypC+d2EN6U99DRJFbj7LkMsH2Qr0Q2n7/v/yIMQgJL9Oi37gzO0zpZDHqjx4yb/dwQ7N0gr7bh5kNMFsvuNr4+tA7xr7+7iULWhebSK9T1poY/9JKGuD8/o8DepnQPlUHlwLqBcoOq7IAqbCW48ugfR4KsB2FouknOK3a4LXnlFJoN5T+EB1khCoIL2oYVshz68xobLqmhpP0LZ3/duDj5umTrxssgzF6K1D8oUkQ5htznlnNk1PUMZdktaYe2zywH805atDdvZszp5hDLnubf0mvLbsJ8J8CMKDrF+kfE4MokRsdLMXXvQZdoXfecfM0ZrHHeO+1XTs3Aa3DfMDVbdvqK1JljvWGyCu42c6MvQ3BrvgXxk3x4FudLf0KLHfqsqTvc+NILO7mgzNj7JM8DI+SoxzbkxowNdd9qKFGgG9nuWGyKRrS5FvpfkUYBIN+MfOJ/BXX3bvLnEe8NfG9Xfw3izFPrOjjg2Cia8I0a4EMyxXx3YlTLJ+dWtpfBAlj3mZP4L+b5nwGFiKjnzE4dTP32kHZSRycrs05Vll9WgTkxl8s5/rQ4PM1hGb9ZNUUr0mw19a8SMXeunXEINe1c+nFFDte5jpYTU1Kc4hs0qgWl2xkyIp+YigLM8zRuX0QYisbdRtDqvJ6uMllY9TTscmXPB3rSHu0aYd+ZoPcgDt60ScKZdfe96FaNwP0TpH8vQZIYCGXWmOt3dZT7yw9MUum7gsu/xR/d/jIM11TRmywGZuiKJbqt08/STuGP5ZnKbGrTP83ZNhTGm//k4xdsvwnwtBxPlWBwyS3NWKaYVKTjhsuXyDPC01HXBcVADSvVWhZ/wUTtfhK07Ml7rSuWEVREncEeUC+v1oiDKwFEsfVhGUbOAQs5u/A7ibeiCyNpeXI/y1eltLhJWtbftLolKehdYJNcxKTWwOX2ywIOr8KG/pntOfrhnH0jXmX+RBSynpBkRZxC+rswa6moZ2TlEgmvllpEcmEoU8wlwIXDadiMfG1F/NNNpSwgyO9v2P3++Onth2Y5JC/21Y6wlcbgHwZmW2n2WKoY+qoq1JGNOlgp9Uyx5qdr7O432s5Pgg0wBGcxQNC+WeM1KIzdHGLh7eKozdvDS7blw+Tzam3MsowGsdBVSWFt19rrYtf6MgWmdVzyvjxxyZiKmsXcQbPvHBuHBSYnagBhZ13jvH8cLv2/ak1ym86GjESBq17N2vUXoI6s7tgE/kGWfWUP0xkoXj5TuG2hD/zXLGlMttrsQaM9G58WBAZ6YUbblz/HE4KbNJNzt8j70te9ff/Qnhr7BprcBfvPRnLLU0cB9ikR5Rjyvsg60ArJ8fleSUbUY/gwxymE2vl9IPdayss6k6muLr63oim9/tnRsJf6PJmV/ZBOTA9x8kSeQs6ZyoJn2BKctGK+xVY6z1BPC11yWUN+t+ygJOYmlY+cX8aZVM8y3ojko8lhIlq/oAVcdqzlQHyYQIkHoCuiqyEjNhqUY5zIYScR7SM2ZR36kmt+rIVNiS8qs0/3n3ZVhdVA1dEVjqAEX7NzgYZ1InZ432byalhJmTtZryZfRLErTOOuWse9jsHMMOOSi61Ey1cpPSKCTy2p2bagMzs9a1/MbvgAmr0fr5DbqW3UHz/yDxAfYWkt7XHCTiyCAKX35M5cTjcCPOUm3puu2lpBG3yiKwlLPW6YyAWces9CZIMr+soAACAASURBVIfJNW3es8v+hb+MDBi1uEIQju843WY8IYrd0x4QwR0A7r7njg5dV0DeCRj0eAEX5xvmMrTVejKq4inPBiAixxgVVF0d47huISJPav2gmjYGt5DNVXNWePqqm7AhhVNqw3cTN2P/5lWeUGpqAe0Kj+K0iOjlV0duws3RoXbRQnZhIxs1lnK0kOzX1k5vpHiHb1xoJ/S1K4FXMGtbetPnPOZUH7uVpZMtHPaeJm05S1wcJwLEyBpz1rZt21FbCYMrNrO5x95XqjiD1xhxVN+dccdCj48Y5dRsHsExr12WujgCD/N7ogtXatBlhG8FIulRROhx6Sra3jV4rgiLit7iWIzDm7viO5ot6dXF3NQecIldtiSv9S+vMiKR6x1l/hxfYkxNbkTiwFf/Afw5RmaY4PmvwX+mjStqhvsZEVW0CReYyXflb+4VaR3OIfA/cWhguDgiUlHg09LHCIFNfYmcBM+/FRii4t/yi0gvM19DCeWas107Bx+UDy7BUnqPsVxrSiVU5r///X84gEiUUWRdVgTBdlrQSOe0TpSPm1tcKXUmH2pkrSwRiUv1a2GW7GPXnsDLzjSgJ5Z7Lw6cGV+CouPgCpGwKKEd49MGNowGjFd5NmH8ziJ5jqrCgtg2Fsw3xwTCY47i5Zosg6k35G8uy47csKefm2f7NUr/diIjbcUWtW2F14QlKi4HMGN6OTe+lN/mh3tRxaK+YGEC5ZIM3XlLwigxIW6SlrHXyvwQj/7d6+Gi4k+S29FiDmbkU1yxl7dirPOKvQFqLh52/5fhv02GKA5lfxFecJX5g/xB+KjGZgkdEQqgQ7PfhvY6wP3s3CMPl9dFFR4RG6IyH5MKSWyj4EwFT0VeDqBXbGRO9qgws4Nb5hfql/1dq7/Qp1qVkEtfykObrvdVaFFoK69OYOSzFIhtX2blHSS184MXyyiJnuEoMTBMU7CvHDDOCqGr6Oy3D5kDSjYBmVetvZFlX3aPAPLPyBRZ2OSpmH1WPnKjzdUABn1LILEwzS42meDgEMo9DEOFXImMLaQ4BU0W2Rh90gJE+FqIR836tZe2c180307MIiODxMzKh+BtEluW5Tk+sZ0RE47dMQRAP4WetXRCh2oLTth+ZtQjqOh9rjcpbsJ0jk0GZORruX58UjOuhaMIEsvrUhFuWQ+u4zJMYxxuPcDOg5OEOByGy7wWDW+mDVPYzZvTpVia7w9xWKsWfOjrUxZJa46UIgpERk55sT76EMrE4sZLTmz0c+2MTE5sx5abMawj1werinzoSBHtBUg/BfWy8g+z7/C5F/GBvz7ywEKR4xtRtk+kcToOZ+7pSKU5Wl/wnIziE5KJZ3CZksgSCvOR3fGfnGTKPfoHQ9FeoXkLtTID6aNza8bOG7eoknPQzVBVZNSTEbbiOsPiXFGFfcrUQkfryx4OVTZ0BJ3sMZOVH7zQLMFhRTCxkXgzQ1Zyo3iDIUY0egDOIzNSTNlneX7lA0gr9r56OvqZ5ApTRtxjHcXYsn91zshOkSuzNPAh9i7nDukNg4w5z6jRZQ+KPFgJNZV7NVYTV/yL9QmLJyeDAlAtzDvcIhGer35uqONnIy7d5IOcCCQIYA/qhLKmbyvOsBNV8yJQ9dTtItz6c6VUGd83Lxl2qlM0BXXhqKRnYC7+pjNnattvprzSshYzjqIAaN3oPr0xmz6nl/6RTNS1bgLPdCNhdorjO+fDhra6bo7kFybMUpgCnsoHoBkNvd7gwlhH/7+UiWv5tVBOd2nhntrdrRUBczsQC8Enx/64GIFqT2aEz/jpOWvMXC+uwXdEO/XRlU4Gp5Iw/+vTlz+9oWQW9ix1a5ousbvpe7nSaozeY4sBTFR3z29gi8h5/6KZ6lw4mC+s8/Js4GgyAHg0qUBaGONlm1fInd/K/rCAHOHcb+GKeHIXB4uSuBCC6veQooS0272YNrFZDzBsJ26+JTLygu7R4liiUbaV8CaZgmYk/j0DMP++yIZpXGhf19h2ZIoqX1EynMXNS5ieqTagChOB+R7f/S3vWeYJVT+2LEry8PB4cynDLilx3QhedxrawmMRqvFKtIc3SfNlR6qsNK26u/HWF+I2W+KhTAbNCgzgnO7y23BGXZkoPoB7aLfaq5ifJtwmtlzTLpSvw0rrfSmptog9/2rwbZYH3oqLXhhUqDHARfk9ML2MzP/zn/9YcauiRwA1AlAEfXLG+jyl+w5tGwGH08yMiH42Kg+65XXMj0OEMAD2ncmArKVJpqWKhgMON9LOJDK5++j8i3+WJubgQvyKwzjKlMZQTxNsT7WJnPUkUmNe85Amqny4NgtXjsOrJfBnl2VERZ2VT+pHJoFWgtB0JFhO8zuzv3NcMvgLmF/pxIr0gvnv9sOugQYrIuoMgiVVcNlJ+t0/OugnLuvm8Kb2oohsRtDe7JYr+7BvJDx7akeWtpm+EvNzGeoOltC5lhGpT3gYHLcpm2rgm82SPmKh+hihQtJwcYk1XfVLe2/SDL1qHdwg+rOpJA4Wbx14x2PK8EbOVlCaKDNchwk5UQSkR7bUKAESiaxgDMrxeUoeTWGV0dqpehKpDJfGnIxyAQRDIJVj3C/Bvk1+0qa3ff5yvtxCkJ0ZPONm7bZImuCoybCzKEEXTX6/DmySrLz4TGwqhIpO+XudZXRSGFJUPvmm/CVBTwnWhDzL5J1+3rMmDkMb1GhebU7RKVVk/gAQKcaj27JwX5NiOMxKuNCZFR0I1KH8R8cQtnVp6PBRB/iBihUQy6KWRgVMGgT7mTSvQKnlSqHeYrkN1P1iRdBpUWQuMOJCv4WzE0HqLT1W/SoF84iRK8Rdse2X0NZVtanDk9vFCn/fT0cRwTP35eoq3xM+XXwuG5fZ5i/nP/TQWr82pih2zLrdJ1eENIWtb8no+1t+q7g5VzxxEo0b8vg1q+VsC7RXMoBl/XSpvj4dSpZwp/EKlbVh34vWiNCD+JcqYqPSXrCwBPOy/Cu6dgwb4GkSZgi0QwAgElquKV2P3f9SizVwAJlynHbbE+VvbW7h0Ho155gomRO2Ena9HK8O98BET/askQURJoH4Yu0qUwHlZm4UYVZ7r8C8C1FqBQI0aQaXPwbQmMdFQwoiqo2hAqmY9TkYdBQAq5vzp6xqdh9ohkVoRdTLz0q/x2ejJw+4SKGimDaiUDIusZE5ft0S2jkuFwvvcOGxWWuQHICoOVMT9NQazHz6GpE08R6bSekhR8STlbWcJgTnKzK8oMFQT7p+lSff9coKKZntJK68Xa5EP3mhdWAkuxbyL5YozgEwxhBiYQvjhl3r0Fgvs4edyBihL21fYpRGS7dt8L3Elc77Im/PSDeFqz3yyRGUOx2ni9OJbG5+clFKw0zmvAI9I/LEiTwnTs6C48w8HBv0ZSy23BMZsiZZ5Px7m5vDSoW2SK5ZBK2lKrje44L1UQABiXC0eMIlze+jzwPzrJgyYjsjxxxatcAlRuxAakjKu+rWHRMkD8aIStkxJlXXc1yKqQJd4pWGyWJwPopxLg83D2X/7gjR2M7lIvkkHxMH8q+PC30WEittuLhdl6fksVrop8Xersw1yocRnmkngyT5KgsgbzrHPPqCNlzi8wLotuRPkIgBlXW9xZ1dHfP8A64B2UI2gtVGa3W+wQB2F9506MYUlLA4mGbabvinDE3TOggtm6JFElsXFG7athw/Pjvmg2R00soh8Ra4KbxMQ3P6v5ke14dNH6/hxKT/SYwPBDsl5ls1ZNeLs3w9xif7M7hDJhpk7FG4x5m7ASPfHOaJPHiGZQ+s334EFDkRcS+gmsZT38j8JhA/X1EHNmxZG1AAo2sRxNTY7b7CmRA07wD05W2iq3JjrLzGxgyGQHylQP8wrztTPm+39/K/pArUysz8P3//x6PltCob2efETLgGByuiTsZT2elsdZKD/zOxqMhT8aQUkyGbpD4NiuqlKJzLdYC3nHgl1Pdl6/bcN/dZLvVlfmllRxgGDZBX/m51MdfdORs/ZxqwrcIMyLrNMwuaOOdLl88z74NduYY2112q9o7fwpE4ch+/rtQ/sWVjKJ/3Ta8P5JRLZODFHX6SuJ0VSM2lEM1cf1JyXL3qKO3uMrkf9nYvPotbpLl/+r3ndXBdh2dF9vu+vL/fsstrHLbP+lJgk09LrJAizlmjCS6Rq55Q8EuYNGhLVdxQnsh1sYSz2tfufeVo4S1sYU0mErbX11xDtW3azyzYWVxMT1gfPPDtwaXySexxQ/zje+dN+88iVqCVtmqvFSUi8lujuj8NdrcvQh8tqHMvoPkghozB4FuEL2xMpFWq94tuHCo8UpOiKqseG6g42Dxvv79F8/XhIlVM0R2SCxb2LkGNFtfL5Y1xxgFhKYx/AY6RpsEQJb8RYrym6wY0fJiOXAHCemA/RuJ0xLHNTIq0LCkcxdhmOiOfciUavvMUERGpfPl1S4TdlpGVWIzxgTsUxVw9Wck/ATzEIXwgwBgAfOHd5tCvuEz+x+bKVV92E9bqBV3r2t92+2U/nYKugDh2VwquLywABF1UKUSFRGVSsiQnMKbY5h2t4MPT2ibvK7L1uYqcVJSTgtHOx5gZhv0hx5dafe0EBOWVqbSj3+Z/abbCfTBoVtd9KqI75voI7dsK/nDN12ddcBuBpOX9jPfFIJURsOm/ev4kBebyuLW9Qa9gbPVEZmblv//nP6ry0KyyCvv1hsWdIvqjuSfjfMBGyYKy0NFEIYtfbIjwXKst8w2hxcIXjgkvJv+FphaqjNDmK14/U68m5JyOxrM169sJQYyxxHAk86Z/XQzsjtKuDLPK92DjB5+R8dgs0vvgnfN0pUDGrXbG4o7AxuDlWbfIdA0DSAbfwtLNSxUWXCPo3QViK7+G12j8Hh77Uos231oeCFD9LrD/jgZfHUe8NP6SQhNxtlwcG8NWnuFXXX2Bzw+L/GIhsOVGvC6c0ZHs68Q8sl9YzFJFcinKfKIO+EYwy3zK1m9kaN2I+fyfAfT60JtX2FtNWMELv3Gp8AL3Fcrbsxrl9sZRY1Y8h4aJC3risLb8fhkHm3NIGYK+RmmLEdy/AkdRwgpyi90ZrY/xZKY60dqoBEWWOj/Mf/u4dOOXG5/QK80pX9buv6UsWZhOOpioh2mlRuTXflW7cf/5ORyMpRKh7PutUnl7mtTlM0WPp8BgeXEI4Ff/Fw35kloNssUPJsRp/f5JkN1T+NvuXqDmBAuBfn0qQj6e+S41vkLhHMhZMDAmOK9qTTb2i7zfhFmouG/5Qhp4dEolMd9WKoANVIVZnyPKnwPD2yVQwQqAyKL/smSLCm8pajpAMx4PRkRpMzqbRgDY+GxiaTE9ItSA4LJvembqG5FxcoJJAC5u4qVSA38uTtywNXEdyEKRoGZfg7etsHzHfb0oHKv5QsbfScPIelRm0SzcYRypkHQwlDCESiYwW61U96jDhPD1KS1Xv01JoOr9B8go/ti36TqGrR8eYarOjKcqTz4nq5OSvlWgymKHSgykLCqYP6wTszNwRmDo0Jfwadre2r/KH3yY+sx2asYq+8WUXReM4ykubarNkZV6rhgRY8+1oqisXwiJ15B/4uT9qTKvijIzUGonQ7X5sfa4Wk84y+piAZjbLXmnk8lsN6Flt7y9pwt/cY1m0s7r62CSvX6FjR+Bp/EvsSgAQAmNhsZFqAlKsc/8U6A1NLl/3lK6nC5NJxCUqWIOygiXOc42M660bujbq71JU70LaiTwI4pjx78UTzs6WFfL4LBpfKkn/JGNlK9s00WzEqCC6w/SnkyvJhpSAOJzkpgxPu7CrJyX62ZGHsyNydvmfJFDcZWtM6RtXnlWYXKq7I9pk24KA6IaXKpEMDzevd6T/gyjSfUAl43M3+g+fw2yGxlr3+SLLGTNCU3AzpMeOs6zMBL2Pr1hd2jaB81q3J3N2kyAo5/lanVziDE53FYaWHxNcDKPtvNJNDT+3x6Fjuxi8PhBWv/kvmFO1wVD5h9soMWYZcOpDjB8vNy2nI8nU+879ucs1X5adwZ98AKsPENIU59LYCLNOCrnAIbJ0QCNaC0kzjJ+acTehWBqLcnc6neN98gdS4ytZbmcmxHOJtdkdBtzntwxlNYWQzP3MS1hU/eJF9RIPhj5u7Dq1aGCKt0QQnhTYEe3Q+NXr4TgMvxad/P6O/BebpH27+JIYa1/wB6ksZbxU8HhdAzKNFgbB2tD68b3ZF8NGg8mRb443KmzwbxZ6iIZywL7XsDqmX8xQURLpXWY0TDIoMlREV4rPcPWyIhT9UQ8er+ApuwQFH02WIo08RZbWzoQPwKpN4Rh6wEfdbiOdKdbtsHdWL01aQjuxlETGpaD5Fm1ythD4uTX5vr//P0fF/nsm/G7Aa2nsniykr2x2Sfj9APsJ85Dw8iopyL/MsqxwiSDrNHXvT+psFW8gtXpRK3DEOyxl1YGU6kZkZVPcps8dDyOP3sHHkus8/kw0b8FRBO8BLrngpjzj6H7xdZAoZraU6o0cV69ln0DMvFIbnO9MY3cpW4YG0A+N73gxT0Y6SGbIA0YOF/XYU20dc8Cmt2K0XpitnV7gvSUrz775k7SSbVZlxAn5MIj890Kw8QNY0CI+8LX/WUk5oYcI3vdXuvUr6bh6BCtp2tpfkb/bpY6yCB6ZC/mrIfhq9mWpVTUzqx80pZ6g6b8ZTqFyT2tRNCF9RQZWc+1NNBbRomdmvfgSdZu5XxIrs10LafZcl3Raf/+JO1qX98IaBEBCNlIjD7uox6kWNIzNzOxiMZ2ul0J3VrKfiTs9MznsQcMcpz+uqsEXGwiYXdFHToqvi09QP4VHV8WpFAzuRf4p0pMvM98egYQ9/KDuoQ9LTkeFc9e6+9ENTgSvBlTrxoiTnNhnwwOwSqIZFd/9/KHLwczXIvavW9V7lthQNfKgtSwUHjaHj5Dq2ttXJgFbgh8L8VbZOnTCpMCX59t5cZJIQq4uVlJw67rv9umV+u0RShlwXX4FZupl4d4KLMjP/nfdDSZniH8kMmyj68m+mf9QL5LY5i7c+HmXdtgl3WQqSIA5RaTSW9Tu9YOOMW/GNWIAzFgMoyPAeDFFXXB2kLUzExmu27GCZy6QGHEkN7MLzH+Lz6LzIHNbEdFbi0iV/YiX7fTlP5FoPkRgaVQ8JnBHXJj64Dp1YlOmVHnavKVNtXdqHxMamkn46pqAkyvI1W7s8q03yNW3JB5/KieNlFj/TFe8Bp54tJkUHwW5MbNUCDeK6O3OFYnT2Fbic4IuiFFlVqvt04uNVUQkfY0FGN+G/pji1UjsJMb2HjRs+jDCcsJb/+ykv2d/L4+JLIgaxUQZ0NSDQVDUaKttwpx+vGsb0SP4LBjj94YAzIfXtolIiEQlJmSV0Q80PxohMxU74L121GBWlFbITrbYWSaHFvYSTXY3GS2NDQtraT4li/ITTv5ikQ6jm6M2d00GVn3FAQWAvdt7fnRon5a3jdQYN1ZD6ikop9FPdNl2+0uI1GE4PuVocx+wWxEcGN9pLDp0mYqy0GjESVG/LU3tDUZW5qh2RdWiHuuBbu6UGPpv2o/x/ETlAdC/BLqJmk/I6Rc9XvxQpIyIrHjwVz6GIWhBUxR5oNm6wVBLGPNfAJr7mbj5XPiRJxDWuetMokLPNLk7Pa8Br47CQUCIQ5Ob9yEdwO8gxYRz1hf43lqyl/zb0VU/DOiZrfKScO3fZQAaumo9cNHnfVmIYjM4AwqKbPR1Ri9vEcRIDEj7CnexFsD+WpAxgCz0f7hmQZ35pJzBdQ+6cIFRfi+JUtJPxppTuNJlBLUtMvvPHdFcBakU7yix24K/j+h2aYcn8WeCI/+5eHVPUtFcOAnq56aZSvEWNjuZQlBCtvNPBxBErWCqFyZnUgyOW1YgSXfs/0PXudKO5of11wjB+95XX1BLmwBPoQekrVAQBEoFvUDOCYSC0IKxV8Fl6uwctnnqGuF4sSEODNmFUEGfHkbkmyAx2V4cHkN48Jcp4k/dimghKaDCv9SjljBjW/bbrI+I3xPRrCgKBdLV5jJrTjn6vX17sTCOh/Lxsn0hBx70PqdPpITmlUB4CLXi2Vri9aSUVWYgzaXRVaxzPthvjIoaCy0HetD7KC2kHGEXtLebZKzuo3p/wkWc7YiZ9ti1Qyh3Xk4ESc4gUwYHd0cw90ND7o6JKLawnFpXynz9blhxlrZtn7DYuKimpW4rB07ct666z+5BVLz+DQqI+l9lWM+N5i9yE5l4DTbJQ1Ktid/8vnTJauW95kJ2OQgeO8oL/L84O4WvteXkCp8QbMwve9IFXzirR/eSrWXH3Gxvj9yuPYLB9+VJliZoYEoOTadd9tGfsrAYu0C1L0g2PnFsKDCZZT6Cx9ba7RwfPDcTYzy6D0gRcQ7EwhOLv0uqCbvC6oR01GdjP10AhipMy8JaxrnlX2aFSRSlOWtSryXrOI6WAvj3x96RPP+XJKvSyYVEfNYYWXM+03GSUOpaWshXA0yEIVtghG+G3fgd9x0am9smXfdnwt0cHB6ZTNZ0gXtm6ZTESfmHcc1+yPfD8k4AUXgUt3jJm0yWzrOevWXeW49/dZihtDEQs/cuCBNxmEdu2Pnfam71ZuqtfbSqUEfbP8X+fSdxEIdhr05NxsXl3cwMHkvjzA2fkssYdsFsrzp96Wvs3UPry4Z/uZ21bo9Wn805PzI2MEewIB2/mbkJ1ei8lNIcnZMzZdNplHO6181Kx+4hO0QEAYsaBAtzo2m/C2Ui6EBRhpY2mUqmRTQaU6NcQBYcjcLWEZ5+dN9MAm/fPmiDwamo/CMipjdTns4jJxuItE7yx70IMGCs6V89vbph7r1Q36wY1SyaNZ/BBv538t6//QR6Q3AeljvfeEQkafX/qLLVyBLdu+tR0TlqZOHe3sW06TK1Sbuh30kzG6kxvcZR4Ut5IT93pJKAJK9YaIYSUaPRy7szGQGp5pJJXBhldaTbYlbCwUhzL0lAfGSJPm6VvipnDK9zoLJohip8Yjs5Xq6S6lmCxvJm0AreJ0tDftQCgQieqFVhhUEZ0DK6s08uSXCW47TzRlCUpmxmBFWnIARVEbkmTZVi4chzLZiT+tOepcLZWAbviWeSz2mphGD7071SpQu27ic5G61IPQKZOIWgfyHN5iQ047dT5UdfMNYyVqRK44ZKMlBy+r5VOW+j4iaxgqTmrUaL97iedQlhTPoVWGv/EMKbHjMsRlGh1Oz0i+RCgn6nYuKCpoCnxwsdJACK/2r9OSCUp/HjmufyGfqa3lmPUbfj9V2NO+UvqgVkgmgMMmWhu9LWfuT9sZDWqcQwFZt52CyuejyfjZOwqHJ0ry5YQhbVzIaL05bGYZQiblJRD4gEplSPsrxLowq3W4IV9RW6eI0P2Nq3JB7pomMWMkmbaybodcjZURqF1VK5iNdkf7NXAgH677MmsOfan+TwOYWzi50/0B3mTWa3Fb/4xHmVi+qTe07tpihvnLrW08yMJpfseGZGVwgKABz+7Roh94/7F0EOJi8hhZ1/b2UIgfBydVVaoQUb7nJX9luSpfrQ0Qqa9Vylp833fTdEaQP3slkYQQhGzUg/Ofd3fb4B/sEFsxlx4wj2t0sHEkXNqFw3HPtNtQ+UTkbO16KIxy+JnEshFrM9ZIFcrB4Z/AqXapQdXOb+wCNwJTMNMNMe4pzAiO/JvmTm6l5Fm5EtUPVdLP1xFTyp34wd4KHciKWC4xNbCJyee6i0a799L/q4n0HkoTYVrYxAiJnBYAoe2XadFO5fgDC/nksvT/5gYQ30gLLgmxSzv0SvPcEhIFtUYGg13+qx8Lz9gyNsmpXQthxoaacZ8l0vH4ZsovC2soyngK3fSQCwWGN2LzxWupADysR3Fa8FmsYcnTqM2mIF9DvtuEpqIQwFBhJik6UsuI3jfbRvW9mncjaKFgtphz5RWGYghRymb2sPQZrc3L93J9bqCa7P9731VS/SwyW+u5o+aHpDeHjZ/on11eDJxy+Um4f7YCinn6Vx2lzALa2GfBc/6mccdS11Om28cQSx4vKG1l9P/NZ3DY5ehgSao1alss0tNOZJqALZws2cgxrJuNzC2x71MfHAshL1+O4THbtO984gC7r1N1p7u+lkS22SHkHUbhslZAkgeld+a5H+q/o15IcuzlqdkcltGdkz4q6AJApGZYsck7/8JmL0ktn0yBXG8w9TOpo/PTPOZs+mC7fM1aRaVwb1xh+EqF4y0hINDF0+EK4l16MleVSC0+3JWwnXx4NUiXfLc/bMtHwnXA347hj5BVQLMQwQQxKKqTeNZSn5zbgrZ2/3n3Jv3aYylndS7u7ZMJO0O+2isvvrvj4/poKVPHHz418H+5qdLKjGwUE2ZLxp+3/qXX7HstyL0TQFVcX82NQqa+pq6VbKBWBl49uUWVo2LLGu1y52WaAopq4z6uZgIeV0WvE25cMe5RlrDIl95qmCsim1ASYrmkMBu5RKBODCY0Giz3lRc56YWnAgXx8k2PZWiAGnPmsIiYFYaoI109GcHycO3TkADAb0SL+BHV3h/uz22VpOmNt8SgHrLC1+ua3BAQSYORn9lOar0XBBI6ZgHq5aFrWuFM9ULdXzrO/HQiAWkZz1piyPprPEe3YH+c/SEaXD9iKyfEkjWnpVQeD6wgC2Jf3PySMxi1azB5CK8eW9Mlg2hH+za6dIy/PD9egqimEclVnQIQ3yE+SfGN8bAN79rtGYnxtW2h7IKHNeM6crUd9trhvhPZiGeUfEX9sQecLbAoELlZ/IPZMZeV874uZF1f89GbLlxWVG016G2R/ifIyrs2id2fG4rev2z7FlRVxMs7JQsKI72Iglq6GOEplj2v99BxNd1LoCmv/gQuliyPyMFvP7j7CHjyjTBkHQJARFc+BlSVysCYqK8tEdlaIPwWyBs8mvzbTO9FaL5zn11O516JHxEpXFziHlREBMyLx8EVm5ElWUE8gsZ9xGht7GWtVNdT0F0KFywAAIABJREFUzs4j//4HWGjO+WD9JmShpXa3fX0wXLYosz17WXoEMCXXdRUV+RQe8kM7zLvgqaTiz+7uiVSP4Au63OsmTOE0PPeusGQ5rE0jvljt5AVlaDgfVFO7vbgwj8LHv+W9y8p4+/rLFoo/Xa6S1sgqArEF13uMiShlcVnMRwNu7ySQkfQDZ4E1NAMJJfEn+fP7Q83MSoy5+o2x0uVrwtbMQWRJBVgge0luDTl0+YZZhcebjpd5xPCw3KQu2n+L4cRGKMaS1BH/cECiHx8z2ctwfJTtlK2qtCxWnRatWhP4sudtvPHu9EGevSqqVgewiZo2iKWDWWVC5DAb1cPDDDY51DARJcwF7OPwSMxziUfjlCIUFDszEhfi3Im1CzyR9wjiw84Tu2mH29K2P2DH8kY43eTpc0rUyehg+y4Zbr16d9cYFfBpYMu8ZzFz/toFSAKSzSEHzRmKk4+IadoOzc+647TcC23U3D4k2QFA5QRPxFOVvZA362jsbnTuVvorA+qY9xPzEEAGU2KLB5L9+zNXWK8E1J09UGhSo/dd9NRlIAkxPMxb4WSLOBkFcwL4wdu0XtLAaj932AVn6re03LRTi8UwNZO9a79tDyGZydcIkRGlvTTXRjGE1gJVn/JC5EcAegvO9Hd9TPolOq6TKA78bOQ1o+GdcWnGfpglxajnX1GrRQ5Sfv3h+iB4W01xU8OkSlUk0+RlSotIZt6x+DtoKZBLKhHBm10K2dCkYLRjKq3UOl1X/etPQRFvdQBLf24S9eFZbY3DZkl8F9l2V6116bN6NDDlRwub/Ql6XOF71Sq+BbAtB+Lt5pgmaFFr3FPlb4kPNa+/AiIEF5hbtuNGVDyF1E324/tDSkXMPs+elU9IxvoATcJ+t5h4mTnuwqoeVGaj+UPTEwtRA9mlTmvKlWw4Pqq+ZeHAf2k9F1p+FpDo1BcQJMLq7i0/emFTfRfF0NacAfhU2zOAmSW2vHxTAAH0VW7nRgxXR5C6D99ZEonVm0hf57sYqaqY56YpxYrJzS6jsI5pxXiroA8l/v99LsR4BcePEq0V2C4fnTPvSOI28AfENgJMcPUdjmMEcxOjO52OWQ/wQzxyImsir6/Gz9fdzriGFObGq4E3IRWeIOxxwnE/UTpWnGGAZh3koBaWVVzz9xlowGGYs1SMPHl63llaLuiujAA4Um/Le17iKsGEgR3kwdXsZr4miC9BX54MV4kFeGvS92Vq17EWAOb+9cSMobE+NyKqJwALVAOjFjeYaa74/o/S2zyeCNSoK/LccGkVJAoGQsH229NvYip8bCBSqrQbluFraX4Roy3JgXtqW8E4n+xsZkGkfEKkoncExS9n5IdrZ0R1qYoplssfXg4XqCrtZhLCGfPOiGhrnTOwnTzI/ejVxR+UaaWFde1VhnsCeznZXZz25bmYoVu65IOE4quhikwHXzuZ5nc1hcFol1utFpz+UsGXQqz0n1Kgj8GNoTQ1/QTu2zP21y8/vpYEaKT+ow8O7RA6IXrDuFP2uFIG5Njm8KbAfn3l42w4veZGN9DGtufPgMnT8kfdt4nimVc4+5p1YwQar0bfwxVhdvjQ0SijYFZAcaRFe9zk2Eu0BQ8wht1OFXvLxQhIs84EvRGRNqV267iQwQ8jsKyYFf0w7QgSL4e4ZFoRqEL8ATSuT8EME3vKnJhnCJ/FCETb8p0zT/RSIzP+XieCUZ/GobK2vn52kCippoJ5qE8iJa5ccwmXZL3Zdqx+t4zSc+INSFIhjEy2SUO7Q/5X64lUkvlZdvQqVWlFObq7Ybl28ffuRWOGMr1XhMWfWeeI/r5wqsVZQ/iCBQZYEkWbt8U9Dxpe5r6E/xphX8H0/tDVXLY/QdY0dF3zggP/ikgJnMhFciJqFaz1Z/WDeShPhArbAIKf9OMeSZ4TrS0GZrtc2W80Xyb5lrLjanjqdrHzBdkQcsw6nwJjmfXUQdbC5w6zcLMJOFn/1COI9dn8npBn53XnAl9Uw+xFL06ZcaGGLDNOfwm8MeJa/wjt4jRX57gcuiDdm66ZXqffUoIWj1aa/iD3AnwS6D/mo7c2Lh6k63ykAitKk5nMJ//6938AZGdg3xonD2uGan7dfIh8QsCFfsSWycCP22Sm2RZtFi+JrcceRmXMe9fVeUVDNXfOY2H7qFowBduMzHiq16BAGrzPXPgHmNin7/3ge0MI9Lx0fU/mzDszdmTxdk5H8dfLL90YEwUB21E1IkJL3rgRgIvwYpqicDkw+H0KB3qapi7kwMR4NL3icetr7pcGgG7Kc27omTFzLTl1s3ox7cd9dIsXC3ZDl3q83P19eeKJBQYKyIFQfXcl5nuMr7R7U7eWB1JMALAim0zgkrryZhbHrKnpUls+2WpFknGz64KErS7Jqp2LEwM6kuNmUWPotymaGyLqehS7bmt5eL9OnOjw6NxOUHujhPftHT8MIIxnK7NINEP+ZDaAkGMRxXvV/qNsbo7wU78uqiaZ0gVAWwcBaFNDoSk7W744ZHbplZpPq+NHhO0/Xz2+U5o3gLY5K3sepvmo9V4iQqSsoe494kHU1cSAxoIxkFSuO4mfZADCWmqDNO9g+icQYDdmxUuMufv50xjwV/t7czR2dq9OqlHMDjQ3/ZKThZqPbr3eikU8Xtb/bPx1TGaQWkvmnmrNOSboX58A4Wgr/rXX901GOArQ1ywef5DuDfbfhMTncNZV02TdCVdKAvDEbuf/j/LdAAVc37qa/nYYvpSA/1bzL1pyQfnLdDQ3oUftu93trNqVHLa+2GuDknH3sMtbBgTVBFIbdEzmuJawUkYitzF8dgFimCvgoYFXas3rWxp6qGrfZ2saYi14mM5VXWVzZutbkltHl/TQX21Pfsy3eL/tnv4iKAw+Rw+chzyRWfl//vaPHjyjl6yIfLRlYcQM+KwSgs3bPLvl3nopuCL46gBD0a0AEl3YqU+enK/rVsh6etRoQasq83RmvvxmxM+U3WIID8O7rOXTJxvmUoWoqvzp+rSXeZG2va9C56dZmY0Fss30xoEC0WxLFN5HhuqAeV4PHC/uaOcX2PNbQgpeW1zU4fpt/pqwkzhCcEVU5Yk9QuqzG/IknVG7Ak+NJ35xNZbFGnjY5OErRd+pyFuSavCeZIjvC4GvIT3pgTdy0G2R59SSFBMQMhDGTouCLgrxEUGl4w4NNDuhwQrTzrDfQuHv7R8Xb9n/iOCif5oY7wikE7XdxKRJ4zRb/GxjdRM/rnqBD9WnhW84MwsTa8vHvSGH9zQJtXavhuZ0fmQ1qnolnoe0HMwFbn/KEHRr0dk9grxYt/zsJnBZ2hgL/q1gzWnu9snhvNZH1VbHDIc9p2zwUYejLItMNlsQxvyH7vyoS+VmKH6O1eRJSzLDpZ5fzOHXmClL04dk4CZqPmuBk+t/DI7b7BG6fgaDSwBwlm4p/3z9Lzkk89rBdI/TvNvUbXVzS9XaIP9alQO5XoJ/fwQzQBMmeGn6bDjttqr1M1hq3pd9oeY6/cl+RmdMJ+aQmYTorPHr1u07Bm0E8jL7ylswr3neZhUm6Ui5+yYH7/Vt+COjzSsAE2u+5XX1skM3QDFkHo8SJbEHR8oEmO4DsGnu3P/IWjeXmNvktEhJbYd8294cLC3mvPGLY0D6aA0It637RCNN5rWWVP40kmVKEtuv16UJsMLpncXkJ6LW5vGZcXpwT+99nuoln1nzkBpFbP6imCcRI+Dco/+A371Mse7IM9IrPfgDCLQ6sQQm6VVws/Gc/1fN+228jh+TojhVUXwEJX2dwQMQvQOK0Y0q2zSZ9Y4ldX2d0YN1xC8iz+Z6ebk7+OwuPyQpDImIF0GPtdl/jlLJaBoa4fj4PfrXVXwsjwBCAsiE89dNPy/6a42A8iSJb+Kq64Pm5/uLWGgP71FbrYtAHkNRK5AGQ8f1tv2Qc7h/1fssGoS80mSxXZ7oBlLSmrEpeMr9pjEEeItcFZaBexFroWV4J+BVBQp/oVn0DiU6skamV1wIEGcXiB0d+5Dg7S8RVcgK6RlhZweZx/jTx3Xiwn1fmNDbqiK7mWLaKecs3DqSqIjql03V1ITKUK7Ncw33cZlLOSnUjAi8TG3U9B79i72ubVb0GkxNQoTB88VAOZotqSqxKwNT7XT5DhTHygxYvebAIQS2Xss84HabaaMEA9kvbqwo55D2+ro/3b/CBpjsNu8S3I90jcqPCEbex0DXymduNsrYy8Cy5oWisYitsFT3OxmzcW/7SIIwIsuN5p8fNDV/lxzg4WavPXKq7YSbEGJc24+7eIUhRLlZLSqmb+UH6NnW4fb2uuhmCL/Mfnv8IJ3dJ/luaDIGrPuv07KZWsc/eLSjw2a6RBGc6YpioZbV9K2tFWf55VevgcJ9zRfLdICCqb8qsJcdbH0P1y7m5cg6ukhOXuotY6n0Vc3TpMAXUqxtKoxxvTcqZK6Guxe4hN85pl0w5T48a8trwt0q32kVabr8BQw96LwHF7EuFE8wCRlhubBeOlDI1D1DjA3B28gyYpYArcs589zTiOBXyM8M9Bbf+r2GAgXZYckBI5L3xUOTDfpsN+KpOji7s1G77wYIrJk3rO56QP9hwuX0eylr2gQWilcy/qfhx8LiGzpBB0Ydv4Xpt9wpordALrb7a9Valca7bL0G6eth5/i+N256++DULlt5AVoMHrVfC3wwV5ZMCH6MQ55H3OIzAmrnJZVXmoLuSyi0CQx/UP/0jpa4J0nRzL1fsy3xUIcvUm8RuvHLCF6aCskkTDNuxvLKLZi+3CrVBICIuI3pVvVXTCzIwnXhwPHDHr3Zzz5dKgUIoiAVEGWyPk7xlmzxBF3VscfgTms9L2L422+n0leyMyMwLtezwvSCmgILoqrVD6zpiqiY7ZhminBwL9ghDdPLE5GViev2LNmT0LF6DyPduNzaMJTj9ABL4hqH4J55KopvWpg0RxfOegXnex2OrTSYxUs0pkRJze3rwYsl17IkfJZKdauyw9U73eXN47481CdgIWLT8X1XRGRW4SWq44jX4jB+3mBAuH0Bhjr4RbjTcnvldUOwqub9OE4nyDAU/FhXlzGpCSE508g/fT+5BPtujAsUviTwLz6bV3uI7Koy+NXJr8QqU9ReJcmM0MyoXelb1J8Ev7Wm+2sWpjchrFD5RZeKeReHTGlAeUtesfNqYvkGia/7W9yXTDYbC09fbPoH+PKHUNB3Tq3J1/lcgaXXakzCbi+LeFyU5r9EqDDVJqiaRNckesfRe1eZeTLRpPE1nnS+u8l7zcj4zQxb63VHbjF/mxQFh/FYq9q3KP12FwNow2ltZI0W54UHdUqN8V0sqYbPzQJfX6S+IUocM9CokUdokpWMZ/3lCS3d76jzKMJ2Mb5E5Er1xMrkMHNRobw0KqEIxzUA70ezsOFlGfI/QbsyETcNfcww/l5gOzfZnw9dsWmfx9Z9VVpScugvWwm6Q0qM/iwtUXt5LBvlv7AvZ/4e/bOjf7nG0RKMZv9Q4SOY7g6lWjfpQKIGaL4QShUYXMxpxPQi1y+/+cnCvflEYzqUCbmj5bX0Lji/KLosBTEwIPGNnQ/9Ubx6m9Gyi4qPF5M3GdZqLKGaZab+3VmfDMdW0VwXuplX3VS+PhDWTVdmVNreqXEJKafnxd87+qQuglvZVcnfkxw5a+SQdJKVYXHQYGKeJxJm4Jh6a0Lv5JJ2KyKwx2nw0bAOKYYwQEmvWS6/LZQ6m6EZGpwoAVh7j/GSESiWPtWzhqc383mtgr4AmqYu/Fr2qTdeVebV2tTkRxATHSoTw5heihnz6m5gqBmoj0BnOzfsWJN9S+MpfL2FfWIvvJJmjHAu+JwIU+hESH2hF+FuH677GxBh38WL3hOTV8W6lkUZyLvJ9Z9ylYxLXK25XzHdiN+5XX3Dyed3a367xYpd160SPEd6+dEB7DH11a/I1UbeAUYmC5O7Vc8vtv7FjG6H0lfTtbhuGIYkDMJ3nqB52b2/Zf5VtjSdJkYppcrNG8zZm0FuCsSIDBearDuXfVdisLGz1ks7JRpyWsT/wi6+Ok6H7ny1XbpMh3vWyiRguS/V02Cjkr5w2wzWhX4bvXPxYBuD4sQpMWlu40sJjC2d+DXkSXZvkKZnUDExgxMMwkHfkiDu8v1u/TQtg3PocBF7NxEdWTDsSUp4ET7ry1piM5xP8J/FhTGSqsu9zfW5qneBckfGCryB9ZcYhc58xM8+kdEvoKTP1HSU8yRwWiDMQP3EmF6S05F2MljDvZUqvjZlQz683Q11REayFAw5gLyaHs1NQysfgQhV8CzJ8Pp0/WtLDJiUrnQSQwEUs9kHpElmctNKck6KSZEvL7S/aoQCP/tn2GUOaoMQCjfoYrxIzkTttmeWBBbEi3eEoyjpyr2YIAdq4xS2jh92Z7lG3/xgFQLotujwVk+5yEAwcEy7msF0Luka0HJ+l3A6ahzLclwH/rHFKDLFciR5f8tYplNCPyH4Cicv2nm8MJWfu6qgqk2yPIksEm9Wi8uH0HRrb7YyleqKy/7SX31ZrzaWr4uffHGZeCoJwUsREiaQu50xZU2x5R0zLTD1JeydCCC2+UIALYPhBCdM7kBjUDmFvQNZHL6GfUk7Qqi8oEiuHmoZOAmbypErICOVMHlgq90AZpocRyWuMKmN+VVMSrE9Lxkg2WkMXFz7j41z3EmAaRmj/gt1h3IKYEWPOYWIlxb7VvNlx+7Ot63fcUbJhMRyio825H1JOpkb/7GqpwJQN83Pz/JGCZwXcWjC1hGN3H/UtlNQxRmznNLlcMuk//vwRLtY6Tlzf533cGK8U6lysB722FLE+86Pg7ByRVouDUYc0BnRnw6RTttXtcq7Mm3QlJXjzi9JXrHZp7ar6ZF1qhPd3sZecKShtVeGe2jiGfmU8T795Ayh0+VgIq0ZjppVAx77ysJgAKMo9BsxNf3M0OLAjLXllfY0SdOBnFzkME6ZSCCOQOyq3VFMMnpie9LaVtu9VtG4x1qhhsBUvpxgS30XOJ5rfDcvge7EmNsjYSjDgZ2EGk9UZZwJ+I23gfkftX0iehgUQ+3BmAOzMQ/MGZN0gpTHFTKCudWhYVWLlN/quzQf8JEJpdLDfsnDgr6NIOwZPXup1/KV1LwqaWNWCc+IfuFc0yIzagO3pMIMOR4SDJzlHA9nit41Fvdotj+u4NliI/r7I6szZ37fw2k9DRsK0eB0jAW2uaIKdOPywzj8HfUsj38FnM9AZatEeuiwB8yIOg9liuvZuHAn6xiVpDj7RUmMGgtE6dBJ+zlxDtArUEbMyNmGIHNFSsHlZIgqN2YlsXtkXECmBNcu32PctaKmAEnXoMfSyXYL4t8wpSJsLmrjUlxTvaCCcyg5d4Pd64HU+ZJLFtHuXWnAg0BmNyKm1Lpmt6xDprVXvAsaRJUr9h4ZwUrU7SqpKIQLffKavzqnbmVqWfRaTsLoBACgcGs6RxNld41pDRHPpEKz672Pom8LJqshPTLynBEWAuUoJCNyIpettoG88HluyEIVlFPhBAPCxch4yjMpiThVYB9z9SlUFpyPmMIjJZjET5AzFAw5Zp1QiYoUpI1Zd6pcmlrF2ltj2RJYyDWUFx27hMFXiuv+tADy+dqYfadnp/+FhYtO1rs4rXb/l/CSQ3+IQyVNigC2aj6pNDIxwzq4uDQaJwOduMNcxNoGecMfxedx5Go6V2qveGeiKO2FIJ+WSqK18ZBGdfPAZoKR0szCPL33K5wSl5aG5RiaZEJLwUD+luDqVSkAx2v4W+57X1Xd+cemkxCYrhYH6051ClwdPl5mPecrfOTFeFQXkZe1fxVgF2zwTJkYb47i6uLQYg54aJO9sNpyZ1AZHGqzB2YqlSuvemuO0OHHbCgfYxFd/83IXa919ksqDx9leGxRuz0QyCcVpyys11rPsjqSxWc8M14WNbj/pF9vaycSyoByytt9Y4MZMqAqib2Gv2EKA08cH2es6CK3BMrxIBkf2T83ag62ExQ6e598shBsPmUTLeeHk+Kyfrq1HSlsBREcm6nQGHrGTp+YsJdTooFtOq4vKUL+eKWwPhqrOWIasJqdLc8tRkrYX4unKpEE13zqRiJrsGS+ap9zDxyvphVpZ80CRdHbpLImndyyP1DoI9qqslf+FOdWk7+nN45aOgjRt1l2fQoArmf8uVepVUOtPX2hWP6JoRT1NFKoHm7nY6xRQI+13AfP0L6cqGavLmLwAhxKTUn3uYNn6QrpcskZMGAyak62/ECVlNBIKDTmeFQzN91KSFeBfYZ1UIU9mAUnC08J5HU38adUwYQoeTvvQCPm2vZQZjsrAyW0vbMzs5U1yJ0xD0MGxR3PrLxZin4GBsS9uFA2iP8+Lckzi+Kq1kQtIgoFAvr4jKUzYa8Kng9UppiHIZtXZIdUQWLNd6R+YkrCc/hpx7FFmZPrKqHTAK10ZgocaByUXmOavAz75Xq52prK2nqkk/t+z91ERZrXapx245i5BpiNFMzcyAu9E7GAT789dL9pPkhDehJKdZlrKi2yRVF5axAauijOOK2ND+j+QvNF4jDpwaaWKJVXgLjXLFuYEX6b0yOsMmHjigyTZVEP6ckJtuUimbjAtRdj0VcowpXzA9PMi86KLHvDSnliYtqcSlGm3RezqFSZkY3UyyBwsyEuM643cnYHNMGy5lxR6Ri8u5+f8j0pMEsF2Z0e9qEaJQhl4aGcD4tqWWCVDQDba9PXrCwwQOBmwXlFtdJ9QyLmf44T5nJFDI5wg/pJr/96ZZWmLHnVXCq0fLRvtZPn1fZGLxzZzk5RuAXwX74v/bKNjUb2dvdRhS2jYsmmx9Mniql2u+s0jE9YQoSYKVf6Mg5jzQ3R+IYCmtm2tcpFtvKoGUh+DpMUVMI6GfVww+54ruyMWFVy5VeNf6LWYvs7Ji2dedyKiLLFaaPnZN8VFfXAIXNe702LxZungzmNB56zYXCGPa/MeUVk/CVZuG4uFLZtjI6nzTmiJX3oMckuIXVAUs/aBiyg0F+F1hRfr2CwMS/ZeOE6FTzKwriBSMSd3EoNtI/lYTV2zXuqop6uPFbaMD2fpE6LKNktP2AA1jxK8N3uxl5YGxlKBHw1BiIIKAhzYWTAPpTHXjqlTSU8eqEg+g3EpnxApBV3rk8xojGg5Ik6YYVwjPqPwJ9G76RWfpSV8QUaXrV5929yVsJ4W2CACznOpFguYclOrCc7mxEYaImIsPjxwt2ZnKeJg0asK4uuYem86CX2TJLN1hszZE+JTOzcgBgRcRS5py/pfLLNM6IQBwfjzlk8cozingBnROTROzI4Y6ioeWOIspZdJNhljsCMoPqJY8waKuqJBzRnrJnlFu1W3K6dLaOl8K8WINtpqfbI3sSoJXE7ilbCKk3Gai1sJoXWevoKnfYNaTbZ+JShKWRF+ZAtO1vgWHdDwCWtNZzJQeyHA81uQVlcombTZiaFhl+gzABIaXpdxaAmh991e2+ZMNekwQrEUxGxN2h1FzIfRphEVBJUs/XPNQ3Cc86954hByB7/GKca1dp0ymIEdAYVYLqXonvgMF9dwtFx8x570uVSKijcOTdwcql032g8/ABW6KjyNH3t4gy7TvZFhNq4A7vIiQjuQuGBO6fyGIxpiUsyOLdB8IyIShvSXwzjqdMGFhg79RmXWS4td+al1oqdvmW2KDPDBLhXRL19PyLMS76kQ/3Zq7hjRgIC6DRfoMmLkxmeoX8h+6jGYomLKgZWI+poGD4qb38/76IFWrnK0esrZ4I2XZ9ZXsJcKqKeOIK8SC6iaCvMiDOjbXs1iw8IAsytUtz+ZlAop+mdkjqMpyCpikzRK4zPNZSwXqSq4QwAYOn+TEbul4MIErdDG69jdImRDcYgALo9Y4uZI0G/fQwJwfSG4Z21DgbiNUebJfcCN5cUIKLFgEMqVpRwFcK8gYbz+ITx5Lit0ertJl/joz5AP2q1m5sKvPgNLAwiTEB19E+A85Z/PBJuH1FDFOD9aomMmHeOa44Z0N6jd+smru2WRI71m76eufS30tr1f19mFhEzd3FmEZSCO4nI9rIf03eBGgnFdhjYDs54gf6dzeMYP6M4qHyZzjKySA+J+wYSUTFexjHSijD6ztW6IdVYTRnXWTPmZLBe/868soXSmWacBShzGbc7VfK8gCApYH49e5iUOm1mfhTsFjbBqdHoBBPDwqNlaKElgTpXtRPBT7TpQgIKoTFkacDbJjWjTqnM6AqowAphjDORDlr6hj8hy2lW5NBwY2fu4zOG9gvDVGc0RWSeyExsZMBUEZsjFbbGBbSMDFzq2QBXoYHPAlkjqpJJ+0RwYjU31EVAJIn3/8kEFvSMnSQ2DTxtGKi8sTxHCDg5ZrCFFIyxpPe9wSiyFUQgZHmnB85eeRudFCItH1FcmA4wITCrHXlVYaXO6OlJvACYpe4l8f21IOFFlDGVS9C3VUNgqq7wdLoooyJ69efAwLLrFgOQCe/UzojIw3A1i/Bi8cU1oS416CXj5Ki32zZbrDxqpbV2X1ZjICB/cdc9VMRslnVfoZh014cg6e29w1X5hXdr09g4DlQyNsKDpZUNJIKwHFBo2v8hiOGiLPkcgtm1vM20Vex5W9jW/9sUy+QgOtzlOmYwS5gEwNJtg1nKIGPS2+qxqbUatuHuQkboabSqRc+xbpayKxaPSsFoxAkVFCXfqNjbgM7Gl3dOwPsUsfYRDnkZ8L7K8vRZ8WRG1hH/k2yh9ILSn5Rs7NkRGE+r2JbTgmsNEDN6m72Shmjm3dapeDIOZnE5ljf2O23ZAFMdFZprl52XDAt4XxIrXIyJ6wos87S3v99tiFCDyd8jxJ5dPBmHaczq1yAn77QXMVVg87FoVHuiquJwy0LTdVfv/IkMiteL3OuunAU51dM7X7xLx2XKTqIBJ2kvx0RaJ1dPW6KJcEaJoeWK0l4/l6PkV2ujDoq6ZtL0ynt1o2byXkr5Fx9CQuYGAAAgAElEQVRzGwMoJdaL1HMrmMDzRCuxYnwAS90rlvHNBcay3ZjSza1UCxsUqwEx7CA/ZLlUV4EBZdjL4PKqV361MrcXPB9SgpFklN5KPkwZqVgxlA5hWwYROe+jIcOFaQDnY+JQpg/04ovF9daXHXeMVIN/SWHtVR1ZP6G4bzuXcmrRLnEJWPxUZIBdFDBMyeVX5wvB1ifLlrpIcwqMijemHxftBO8WVx4iZqoc/FskhN4vmPXA58SJRgDQxnIaUc42hL35qoklU+OSYbCf4Wk9dLfzsp6yV9pXVGE+cDeAOPeS9qdHbKwZJSVB4RLIiDjGiguBY5CtrgYZGax3xOrO5NRN5UuIf5L8+/OCTnBE1AnvFFpr6FCc7pO5E9MXhSmXjWCiGoFDaGgbVGcaJLPYTs/I0WoVS0LrNca8tIyQW0N+rssv3Uk/UV+alM7VyWu3rIF1FJNxV8aiixIYMpSL646FRTCtxGWmLtNKFlG2F+hwMz9RWcRRG/dQOpnm6E6oqOrRdCQ3xfwwx0+nUertnhP0WYwTMAAh4o+F7RHAyC6hXZ6rWkGg1i0mN7TgES0BnAZ1u42N8ptjUjRGYAaHYxhQI6bBYitkc2xqSweiWEIQObKbV9SzpEDVQco5uGUbowKSrx2xCxi1zERuPE/I+eOVuWhIHp/ZGXBix8rU/Kp6S6KRHuE5elg1PAiR+mTxZqqoW+Zjdu06MpKcy1WexeEpWfg+N9vfGDLHoZsdo4PUTH1uavu94j36d9Ws5i0gbWVg1hLinTZ8KOmN0a4WHQfZlZABDUAB7g7m8LEYUecET0LDUJnWGvqTUVJlMtQM0yOQ6MKwRX5CTIoKq4Rd0TC0cEf6okA+nHSO0/s4M55OYnEcdcINoR7heaa3gi/1TgAZY/izIWmmOjVObgs7Rxl4HpoiEMCAbIwtVl+ktBlC0FV9LnXtYsNCp4ePHCJMuHDkuVUVEeUIpgUMjETiaojtG0WYL5haeG/Z7cpvV+ajgYuxMUcS4c+p7u+Pp37f3uEniB4kPEarDmupWq+0AWarXZnWwjDNeuMV71xUWxS4wwQp21meUNJxzYKCPpxTYUaUwjqEdnmkXZe42Hur4rb5pLFcFRAPUtCswzdqHQ9IU2dTszqTC16GWnC/Wf4fEZoXqQ3zZT8M5aVaQ/O8I9GwimY2WYCUWJctwkHMMDJP/3cSL85JeWdY6SxYLDE6MhL78X1PCG/a//Vn3UFQhqNxTyj6tEM8xNlWQ8kBJ29YttX8UdjzIyVZq0xalIVj94kzK4wgvBoXy4yIY2/tUNhCe+4bRiWOtRFmnoxz8gSWv2abt0WWREI01fIt6/QkNDxhlrJ5sIFprcCVx8wgCEm5ZHWrVx66eDYNrOFs2Op4Rj5VtGovB/A2Ya4HINWOaPku3nBlQyC+wgjzw4TdijAqG7ubEOlP8yWyVh4VR7+9hivhLPmjQ2rIKd8Snjbm7IToXPzuuh5jd9Mm4IRNVHAXldHMX//+31SDkeXkYfC7cD9sbhkto2cxa7MsJHwQU6ax6SFLbAYoTkWWqNjBkYAbgRRNtx+cay9XG8OK7JxMZpat/wexzR6LAEYRPTZ1w4jFBULReZ50kWEcRETGiXrsIqYUZsHZhKQcASDL0C1kTWWoorPtKGriVUElh8+AwHveZGgKlhynYhclFg551t+jVppe7L60XK9L9TNENKmSAihkvvVV3du3u4Iu5RlNLRmN2i4KIqyaPv9yCYHB0uW9OASXmVyIt2vWb8Rp8GieS/Om4WoiLLHQ4DXMraWh5clw5WCf1uPpgX/a9RNJOEN1Y956XicHeDp8rvSwXdaLhMw9x8KRPPr9Kadg1hphQcuvy64TEXozNj8mixmHZtRjxag0zHlRCU5SJjDTooebvHVDB/OJKBSRvhJYmyh9WTwtyOTMYFWGSJbSPllDIlhF2imDVAN7eixz4mQ8fE9OwLRVsJq0U3YRMteZsTjGEmYrsuIZSCsIeJuEZwOz8omnpwuBR3OLzirsJee6VRbvo1cXYsfIOgVXtRR/hxnYRmZk1ROReXojgXxo8dJGt2q1kbEar861yILxNWe5YYrsMuWKQ/wqMJZtp0kQQa85xCQMwQeU25CAEtdwVRcavO3PKCnVkN5XDdnXfT8DBsDpIl2Wsn8OW3c1QLQOGpQ7RbeDQVA+JeyB4cNW4ekGzc+gVWZV5jyURTCeC3XTeHojNraqzFN8D6lItkybfB0MV8RIcsIxfM8jUziDNygPTWudBF2sqJ3Ta8HbiCvnsTNIBclwGh7V5jZRJBzDOSpJQmbNLYVCZjj+sRr7y+YMdSIiTs7I05JDudvq3qcCkKLgvris8Qi9yauMSK6cKFTDfDBpV/6KPXPplyt9K3bz7hl8b4T3Huuf55fLOLLl//n7f2Vkjalua+ppzryPQUKMHhDWDrsVcRA+HAtH9V/8pIEFIBPAiDb57jO65JqI0YPyes6IcsjeDxUJfGDhtI84xyn8LBmvukm30LK5FnYufWhBzQC9qnyUrmsPNNTIeZxO0YA/2I48ITSirYjTTyfzDqwDCsgSZ5ViZayVDUa4qU2/J+IBFRwIQVk2ek/O5C/nbiJ8yLMEa2AgJXf5fR7wxeCSQvi0LY8P1xkawvvOghnfjVlMti+EvpbfHsf1LVzXsTpK+9JxPzlePqZac9kZKeXWxwpwGU179YIt+GpoaB+YADC49STUS2Z4JCSx6Yz19olJzsvF4k7OGF9YeADKpVARoqGi7hUnXrjOl/WYZsI4X+5GKj/op35jBlBIZyCOTXkb8Wwonmok457JgosCMjLq4ThsxpoH3tYd+fo/Dym3EnD4hA0RL2kvvmtLqrEgKR9/2C1zidGlM+G5MiKfeA4GmvWxhkVhebSaZwyDmYi8DPvmoJVRJax59iXrwuAQ0CkRC8TCwXlqyFEJ01/8V2mzxorQa8+gBLz5MxuTEE+bt1lEodJxUbyuD7c/3jQDs3q7n1kUA6R5lZ4UaG6v1Z35UtWfYHOdNNB5He1prrY15hmD7MXB8i/vSbMw8lEvsiWmsF6cT67HANJmGaCXGtaW4ceiIfoBmlhhmANafD9L/pDzTfECJ9hgRmAFTWCcHZh5cqRFFS+ncq4pBCs0dz81rNm7McthLZK3aY2YsNmmeRNC5+TDsFLQmoiROEbLQB1zA2PNlWr372mMS19Hsh5dkQ4TtJqMdcvV7zJMc1bHYAsg9hU7+Olex82Xk4EtVmou7r+IU7t1u9BNG6gPM4i5bjfX3f/17/+FxL3tGMJ2lDRG7yBLDV7GaVGnmLvvG49fgi5O5KODtFfRXVX5yvE9AzMzbKYjFNm2ASnhldJAhHDa5dlEtoW6W3xVhlA47+4YQgj/3KpCY1GVWCzqopZvjzUm+KyBqmrrHxjrmuJGyprHEipOnkerpka09mTD1xjTBTL5wJI4S07yweZqYAn7dXXVnlICZr5vW0DPI0rCmNS+Hdeb3O4i+BRGbTV3D0TOD6o231oL+eq9oiLPeQyWeWFd1/q5iHpWZSxRvgq/lFlQR+pLJ3KdlTMrRT2grbJrtxI/YNTCweUW6/o9sFkTAJyP2I7cekGRYW7MzZQ12QqIZHrhnph45NmC63vttQ0Zy+Vj33jFpEUCU2jcqWgmEMgN2ORmRxAj0UZAC/grIzkE/aKMlk49Tqsu0cCyJz4KBJQXWIzrF6CIAnmCT1uH5kfESbZkum9r7L36zgL+QsOFpYltnxWRqINytIRByjJYV+6qvTFQZy/T2UiJr2neONZGeUF1EdW1Mx0PYxbdb4uu3YGHK+mZvQPKVFt/4ZtmTx+lpJbRxlWu4S87cm3nApWvkonoozDZS5gXf81VLgYvIOJ3Kj1dKnV7NwpDMjN1DimdnFF9FN6uMf9hBxKvoGwGXyFwqlRzx5j5zEfbiBauypdT/v0SxkLFSdeUXDJQ4zVwm6dSspcOLJt0LH/G5mjNNwVgMjc7Y5yl+yDppWDzl7L2q/LkepKK/X6B2eecH+dtcIw7L+eZ/bpvuHfP22bx0VlPK/BCQjM5VYHqBQUyPQKjijvBfq6Uu05sX1gsLku/WSrTqEDMdKFrET6CTvWWwPhA/sff/8vniryMD0AZ4GQ0lly59mVAvH5MhpD8QYYcfAluHqMVnzbApE4C5TEJIXd7t0D6duRlMiacoYG0fnJtEjrttFMfjR7uLMGXtRlr13RkX8sRNdzsbbHZ2dmMZ5YabsPHc6rpIY7hvhAnsjLin5jZzaCbCaroYiXtLDIbTJAV90FKVlT5C+wyHL6cONLaMv8ugMH8K3okwrphqD5VNsZiwCD4bXNxnNLZePc8ZhAKErF+1qUzWCGPGUXxwT5Fy+tzXyeUXa2NyxSSrcgcIKc4qjjNQo7rhNLr7bC06e0cWwqoto54NcrNPQr4CO591aRE+9FOws4KfwX7ySBEANIxKMa5G9Ul3Jzr7/MXW4Lyqqwjf7YcN28GuC5s1vV3CYWJf49Ib0rI3FN1NhCyU6c1kOnos2WrYlJCeETvllHbUPbA1tUsCwiRPDMGeTNlK3PhTB9bC7hqx+laX4mqRe+Z9ZfCQsq2a8w/Z5KCgvOltkQy9J6gOZeRWsKRhgYvyL4/ZHChfqe9BuTG2Plks/s+k7JRgaVcPO/7cQLRqTuYYdpZEqUM9hdwss13+tN5xVhFbciihGnvs3+A7H0ZyJAZGh8JEoGxSCXmu5Vy8vM6GhEGNh+TOXdVB7SMwM4bu0FAJ6priHLwYhTzxAM8Mm0h08FiOB9rY9BQulNK0lz8K3x8ZJeDzHS9Ox7U0CWklISX4DdCs6sn8i/YUcS65tCsuGVIXi1SPsScbSPOdXtFz4EAJ6CoIirvoqCrv74W5dl5YaWbXCooaXa9jGVRbJSvVQ48tYIbyDDHtDa4Y/4ELZgqZv3qv62jPCp4UYDuRx1O5+4ZtNbLDyaJhC1bfaox6kZq45bpyk60Gf/17/+I/YFSZwmLC/B2yTIWNqHPGMQNApY3lRN/eHpO2AhGX3ejE7EiXOzvJPcutNaGFQEiyluKKNerW0l3Rl5KeYNZvPiJJUb/AURcqYjX6QacOWyl3MyazTT8LUeiRczy4fmYAQJy6zkXbtSe6YQWYHmuEOSWUqoCXL5Ji7rIi3kT0AIuzM1sfEwcyogAfPvgr5eqWCUHo5bkQ5zSS97KcdNWphnBAH1+q443ahx2w/zCJF99axOAgWPkvcpOpoyfIOohJVB17mstXZMkLUxt9CPSdzQMOzH7wjSef2bGbt+/rjCO0sRfcHXCsMG6xIOVDsP42dZ735FLJqhNAzSM4AkUXt1kOwVaQtCw0S6YO7WciyYrK1K9BdWKeyxwtcJ+jVRr3bpO5jokWgoc9oADMxXd+8JWJ1lVzFmO33iusAoeIVb6dHHHEwhtqpCBlQEwXYHWUdyB/K5BW0BlvNJxIudLzrLbmQW/sOUzMnxhEMWQFXwX933JZxterbk/o+PXTNn792AmjW+Sc8ReI8rF1g8eY3hYsyvErg8bfTXzYmxMYmPeJiEiUMVfhtcZcpuXDBkXRrIbDHAb01fonlNjihH8bxrmTHabu2E+VetIvoMDkOTtMxHJPV8trOVQ7ZDaBHI92CSKs7jJMzgSoqX9tIDBaep2/K/gNScrkuEDsM9+1Fchh9sB1VcOLNJSjQIs4qaQQq4Rce5GuiHhDOb4CWcO8Ocw8/qsacqlnhJ1Mi6zjcjAk0lRDhmapmiosJYOfPaXcd3xo8phjr0dI0y8lzJvw6N4Gd9EEK1n2umkMCjSwA2fR9iKwllFZP71P/97DRSCgrlYXvL4qa0KLYSr2bfQNKcevFkVVK9PKs2GipqRNlmndwQIMzT2AUSNsXoIeIPWsseOWVWGWaifIqXg2Ba7JmCOfstuY1Tsgxtt0xvCKex/VVsaq0W1VDFvKXsCiEB2KqvfoTWbpD7ArnHQiso6DOjg8InslypTAlakrWvYfImAFyYerD/Ov+XnpDfcWHdr4U3lx0mLc/njZtcCO3D33GXALWPSFrXV2qCETjXSighJLXC2ILgMihotvHLw73iQJiEaD4vUESoEiEwGihjCTsFW0LjWhnX020Jx8WZEsGZYkPYK/+1btyQhjwq+CIGpEKgBGGDVDPNIHKqKnDWBL8Qu+GaGP6K4P5Cmcr0BO3hqKaxv5zjeH9uYMJNTYXwlKjJCb8RUqUapCj5TJhodSWAcRjbU7pud0OquRggjn26QMU9BeQBpU+Ky6D7uiyEgOpgXsvurjL9I0yrssn5qJDFWgjJLlYGWZgLclSUDDy3uxMHobgedUqcgPCKwXj8c0W7RgKXyFpZBv5AdAig1ctmt4tClu59txAIXyji/WnhjYb2wS66pw/cU4ubOoeyy/PdnF3RuTjQIG9uJsfHonHpgDD2d+SpFSzIV6E7TSLFDIg8yV6KOVjT4VUC6ngtUJ5j6QEXo1Yosu2zxgOSZtGnacSlfwjCzXJ596ROpjN2EX7wKFPOHg7E+Oe99yofRjumTR0OpGr0yB96BRCWIf5rsjnJmcEDQ9jy9oAA0VuXp9OOzKzYmv1uWdkVx+PUlgUsaVyrHMXSJ1a4Jj3+CHOJrsJ6EayvzlGd4dKsln6u+1PUH8r8udStBqz5S6B/rgRcGsOXcaiAy4vSO/AMNhRhjAnobYjTyfPi7eVfNTonvKwx7Zzy+E5PeF6yp7zkSfYUCeVWaSzOYZLicYQAVa5gCi7YsCXXZYr2Y2OanSW6f/KHUvH/UDfopFMOJNI1VFB+ZwzKZqJqCexlZaAPNJYdxQ8QTG72jkD3usT47oSQmp3hwvGJkojdMGyYzDXBB49Vw2rvd8RRqqXJovIC9rKiq75EL4rZpUHJ4Rbv3d8hjXclbd31vNYgrtl2DUYE/lo5E0F1vh+7d90pUVAuEnScpwu25jShKQy8hWZ9/sAyeg4We3vUK7MqpJDhfIA+m4F7GjjEnm0HviH8ut+g2AmUBviI5sbYtaeMxNFiYZ4ukCjZS+i4/LeCYkZmk1R8fvV3QZeuujIhGKy4ZdYS3ycI/NlPFuo81aElqoUxYREQdM2ELmXOKk0K8qsRCMGeNfpioD7jd4fIyiT1VhdV2Diq9Pb9EhXueJ2purnkxckQ9UtAYGV6KU0kIBhFJASqgMJeWgxR4Ayj92yz1Gf7SHCIlPnu3V9UOEx5fzLigFpFn0h/xIUbA5Hlx6a5RpAcMKwIur1jocmPLfIi1ZiLLRvUn2e5uTTYL4Rs60gojmNldn4947x28kXkAZB+upT1Bi/BxG8HS9cx9EdIhhETq29dcPMZKRGShRAHPnBaegm/0tpJtmk9GZYMR90WuOmAqol+dw84kHrh1Rj/YAqem2azwFBFlxfvBvqdb97hT8cw2x+q14fvhvihJYC2InjgZzVPFU9nrROWkobddUj1PRhkUF/h9xMhQ8uSQKswYfKiue8PqK+fF5sh0rc+hI2ktzHaFpDxSgiz958Z83dmm9C4PmCaS/8Y+DTTKusPt1OVyr4tEJsPaSbajW3983idyQwQc3Qe9pUEDvWIhUfJ7iNb2PC4BYmpb+Pv6UPWbv2CJriK47ocDiFKOFx1EocPXPMJHDKlJjjjA2dpL6N5UGnmr1Yh3r9Yie2E59BP6dDDHcsqOLo+HVA3RcI8EES5bZivn/BVY1FMvrG338nPEKUx2MJmvXK1ENJ+Sz1y3nxtrXxaNXD3kCNE3HMjuLbMc4FU2miUFCH0mG4PJ7o+uCVt3NlBEG9mpdt491l7XGBZu6bDyIhpZlOyOQOVWchG9EanpuF6GSm8xX7cH0krEwk9HNGvgRclG+pWjj5Vy7L5Sin/72sHy/RWFe70Y/HZ51munc1f5TqMO7nsN4e3zboIRHNMte7+IKKVkcFVFcOsRVUTVuBmazQ5zIYLTBgQFmOG/jHimHumzu3i4HnQ36MDiB+2LI0rFLp1e0prtFLaTmSlHqFi6BGYyiMjoUVHPHVjlOEbHMLWKoGH2O4f8911ANiRCecqwLcIf6oXCQk+zjyQBnvenzKurA01dcTxNUMRdlxrznH1y0n0vtQGZ+2hauTddWRu4Mirq8A1E8fmSqiBUxHcSKdGumJjb0ii1ky9vvYHkq68RkRsmAxDdz0gykRqcB0pZpSWi5GGZIJ111T4D/rZxwm19tgwG7xUMOxGhgUX/a8lm6OtwyJ6V0S+fYwhB2Eda21x8cvtVcU5+F6pZRWJmEIs/E0qU0JF6Wx46/WbNyqYFgUvQ0/6ghSQ/jedTdfD6TzRk+WxcnPnUk1jOIFeunC3tMUyryr+oHgJBo1Sdf+lpVNEnlnPSTIvf9yinaaH3LvPdQDfG7Z8/xEsH2brBye7Fu9+blB1ceRnVdxeaQpswgJkqbYvgtBsLalphxf9dn3I258Z6L1xsTwCwbxffA6CMrB4sKCOzmhLhBZVeIrNf4zMrlcXzz9Ry5+qWD+fe1h/xlWOlG677wsrchygbGzy1cTp0ETc3hdM5IuiULji+qa3Du0/hZHom2BcShGtiSXFRZUdxHH5TZ78NgUBas4NGZvBdXcodx6Od2CsbCCKjN6+Oory6HNTJiAcZNf6/lNuNubhweDGVQOZLYKWLvCaIfDeiAJMbxJXWyTPkMy9bFkbgO9QEzznSxkuHfpLjXvEh0jG6mGEKDVi9smVZOXS5x9NskzkMwmUIgYmPatR/03BAMoJCi37yNP2GeaYJEL9StSZbjN79vWdA8MgCIePanBtLfqAcPN+oZzWe5U9nGpYKM+PA7bWpsYGH+JFGpsEH7/ho07J8FQWWfOc55xhjfWJZph+meUyjqf4JunD0fBINuQekyE7eu9/6Kt5xIRtdnoeL3Mimb7w6accUCLdV+2yfjTj2mtqTKum1obSuHtnu1KjmjVcQTluO4spyziCWGLrJ6KOinjZJ4HRV9FzxoW6slQXaBYvoi053bpTY5chPggfqY8ox8y86qwxaYdEWM/OcPDnvgJoXbPH9W7h9Lq+x7ewqiJzRMUHk8S1MH4Xzj2emaUutLwURuVehnOXhJ6au8obDXHZrmA0Y8GBMXJnWhcLTypWF3d+6RWzt0ICRo3cOnIfFzrvLfMDf+K5TjTfjxGyanBXU9LzMfpYJzY+Hmx1nRFal3jAB48uIfGrcvFfRpjK/uEgzAcVuAIsE+oQLpd22KvPZFbHJRlj6kSmvtOxbH3vQyRQxFPlPRuUAwzOCHLuNjIiDilzmAal9/Yk8NJHM070e7mRQkn7SkwAEp/LggR9YW5MXGXxvU0acdrq0mFGzWjltvUcALTxGn1G2+t5mZhX5nE16+j2ab7MfcYXNPjCjvTLFvi2OFHsEjkF7a4qxZf16peAcQWNpODb/Xgiq6Lu+zIMyeYEiYl4up5+3wibiZYx55X/8/X+Q8NDgOQnQJi4L+rUYHat4LGE+Gn6ip+BqzIPUaPWJScIAloleSTQ1Hj0VPLihpw4wRsH0M3z+ydstwXB9cHIvALAGhmaK+iBs4WNQjDvhLRcld9fF21daRzkAWFkSn/LJ2d5ZtZKLHkMjEgjRAVfLHtCjLYa6TT4NDA8aUsh8jmC5GhqoOjOHYr8mFNB3f8WLb6DgFkxV7L2BJtU62X8FftrK29UpEAmJRgxxSxfhZmaKIlnyAFlBzvsGYWVso9TXBAxmVl4kgjQ0DSCOCFv5ZkGgj6OCxRQmznrcWeUI70gg+h4bjOnaq8eWJEdZs+UgbrDwNWWeUlsBo0lIHmvc1p6/y9n5vqStFFXQpggZNZao8lLte0CdEn+3y5ga5hIUt2lcG6WJmUQYa3V3YL4nJZoNSuiavINTBh9kTHMtMrmdCYsj1Cj+haFXg5jjmCPQ9WnedPGWgYAFJr+EvsKPtE6bhfnswSb6OV6DNKkWxtjzMiymFU2M02+lSxVmmxGV/fKMOtGbrF2WAnyb/+00YrosaM6XCNfrbm578G04ES3uF/q4+lAhsmfbTdBuoHlr6N19McZ8tOXWFuuWSB8wQWE3Wqp3wMaHoxmC4MBfIMZ/RuYO+RkGQd+OGzHPssgtxx3SkKbvPBHx2OtXKvgKh1sYAdPMyMheksN01sxb26LmVYfMZisoQeA4ZVtwL0b6eQTUZMuWzBPQcqY4C5cUEmqkcEH/qUAA0x5+QkhL6if7M0WmXvg6EQc7e3HpAGRbdIRojqX+A2pE7iNLCOQeJJkslDTHVA4GnGM26+WSbLZxe02eDV+tyOORtGLKQhjLvaKEbOK2joQUI6b65L5moixgX7KZudLKYB/litWruy2VZZ6NSLR9EjXPdoy//v0foRBqgWHNT6iFsmzLWwROxIYcBTvoJWY/bM7LQ3ktIftCe0PH/satQiQ7l/QmojBAyPe5TehITW7Bo7CK3AwtMOfpYBsfXX0ZBR2bMYoGCiB5EzqPZyJiLFtPW9z3FsmqVqjR4S1RVaS6kU7KnIev8x6NLnNMi5m/zPiip2VVGVrYcd+7cs8uSBYHBLl/8h19T4ktR38rvOtvvdS2m27zRRqxJJkkiHw66oubCg9edql2vlGzAFkXdjNwMEnDEtWBub74uTzBh/aWxU4TqtyvY1LssUEXnhIVk4wobuLOBpOvTcm9DKGgh8REkjqqiKhkU2/h91WOWCVG9Ums1/+LyhB32UNRiXkY8rwDAGOZTs4MOXU19fT1wbiHBf2gDmMX0lxQJi+7tAk+5lS274MxFhWzb7VsmeK24ff8rTT8+eCgSqUrhBFsBaadhRps7rqFf+SFLbzXRbnFbmLIqZeYu0x+ra4rP2FhLDG/2ITXeEhrDnu5gMatiRHO+Evl0hf65i9yQ78wo3nRUPQ3URB1sWNTHzoJNmCJkDnlPeqs7wAz1B0bLwjcNz7ws21uAaGatRkrx8u1w4WotsQZGTiWV5+XJz5bTy2nvhHWHwVTn/uwZtoAACAASURBVFIezA0uaJKEqWAm7y03yfOtxJS9H7v9j1kYd2RUhFaTObOs4htZyxDIFNM32Honw4qYqu+MnR+T+kHAaP80A6piqh0g9Bf0ZMtLdMfREzkzvuACt5p6YkXgeQWPSWPIY7e0oGXzHNJipH/X+t3oMqJnecUpoqEVgttrTASpYvhp8B3+YTtrz4LrkxVPThHA3i9fAUMvwFPs9rcBLPAKJMKvbLJHIlxJrvqHb3Bhb7a7+paXRv717/89TdQVYi4wMvMPmIWlgnBVUy38m8i1THkPhQqiSj7hnzJweH/Z6OdFVdg9LiN0DCf7MaG6Wyyb35i9YLYGv74yTcuEzGEH3N/iLJjsHy7bnys8UThdiigxj3GhokwmTZHT5J6SpwS9qce1E954GBnuElYrthgsBWaMGLNvF9vSKgoh9vGdNlyyuExSHrtF+BbptQ952aVZEVU9cF2ZINL8OrgYernRkFbmzMWeDJQDSYHFXoayCLlZTs7kia9950Wfr+42mMlBzhwbT9h9LYlNlouvi3Ad8ks73lEBdWs225ai39YYpjvHXaSyZAB+9uGgLtV12b+Jd8OQuhLaa3jHW45iC3tDY+J/mRStHCkhG7Je+N2Gbxvtu0hdfl9x5bvUE0EI5KuCM6OK4yEOrXOv/AoEk27uwZGzpcOvg5QqUhWmaoXtgMwTxAs10bcUEW15PiOZgwXFviaFTQBLnz/B0QwoLw2aDaUCUe07nTadyUqhaJir8d950EamMRBQylzRQNyk7bMx0Q6V37IO8ZWJq4rp5DOyavBhOjYgV5rHiEjy4VZknuBMXPRfUPzxWcpuc7ukKt87WNSak5X9uYNXk0WKadc8+4zkYCCYuZKk5OE+ZDBzg/otAwezQgiJ9aZ5WdBQYykbXWayCSRDGDmttuU4Bl1WTE6uCHquHVRmnw7bo+CMhmbl0qvaf0G02JYBxDZiBaIJF4Fo7vAAD2kIidEIu0irEXDo2AGH0xvaBUt+kNV+s3xpXSNfmgJ5JArJEDXTSpzxGXvF2+KaA8Arb3QD03S3gqOm6S2FVDckVHiQvbBgy57S8hkd2BnW3Lvx8twhJSLiUe7HLNwSw4sOHqNZVztSmUCbAIoYlp/4/7MzQFhvP5UfBpI2FtH6jmmUZNnhpPhxjPrc4TpwYZo1iD2zpky1qlHFqooOdtikBz1kuDdJbANvaRefDQC6JS+5lHMwwimUS3oDgYm8CaNng2ntV1anLRI6rVlB1ghmydlxzWogyfknMChjQlcTODCQlb3TaLdnYW3qhkV5uJXJW7ggLmPJC3nmZvPYqVrCBpTq51QFHdHHULBGhXOivG7G8ILWdbWLrRauMKKwI2s1N4aJVsTh+vecEiJtKkvgjm2mgwYw/I/O05p+cCqH/sK8biw2kWqQ3auR5Hqi/vcvs3B8Jc5HFVj3afY5cSc5z8RZRgnHjg5BGZNUrhFUM4612tVWU24wfeaREeeQTmFLQJKPwXyO/pqT4mWHEM/rmql+lUahmwcL7GPK5y1xAZhD2RCsJ1rAA3byKS0qAQvNcjOdWrI3STy7fHSRl1/1yrRhMQF7qSW8mVB2L14/LEXMCxcL7QFCalbC96JhwtnYSu8sdcrYIJ8WpXi8YmKJ5e5LpljrDn0KeNVGxciXGctEG4vGDpYVfH4y5t1xNcKccQPoH4c7pxFOUN8W0PkjSPGzp+UNcV1j2QlEzzB+SPth0MQhq0K0ke1Y0p8n8rHkzkUd3MisR3dfZPcAgI5YAFFEmPSL0UBGYHbiNf6yrHcLs4g0GJ1pm8PN0rLM0hglzSu0BqUiImWymNtVIyHWyBtlJvlliuNFAQCIyKe36aKT61r8o3UKIo2/nSHcMcCdkdLK/hcP4VTMeJ4wD3BAvBiCBJvJrY1UmJhsYBuvDVME4iRSys9Bkeq3FE9QLphBBZ2yEfyEOKqorNNjhZwRYmEfp2xKsGgeysmU7JbkmGqrtad1BLM+JWWExkpRvRdRP4BEVmdUjQ32uOdSeGiAdfQdTH4EBud6XsFBJCK9uSExRbQc2VXOqxnAsmDFGssI6nELsnvmoSKMT1wNAxNBWgkoZUzgqcJmkgUWpg0qYiUPLsL5Sm07Q5OELAbxLNyMqnNdyIZ3yuX11XL/V9zxWYYOGy6vtyJx4r5sLhGq2paRYtuTLXVwrzEsjI+efaGGfAt2tf0KRaPxQerVvE8QNXBfeGpqUC/6WSlUABoznjGoSScnhybiKMcmxn2y8K6x8Gv7LdsHhpfqSBg3d2S/wZRQQ/3gGWGH/eTtFWEickE5iOqwEDWgbD2js62HAwY/0aoqp/2KR2gegOrZI16IlTJbu+UDLXdpRqEUatpMHC5CPOzGxiDScAB+w6exxnoSAkj6xJCVGOhqUwPWXC+kXVKiREv/uSRyVZ26vRmRPmP5UzmwvF3U4MK9CKHYBqSfD5RRmGlujQXmNi/dB2KLZhvklMAGsLTMqmEM1FW8FIAM11MQ9qALA23Tm8dNI+FgjEByh40vHOgHs5pB7yldnxvFED+it+p7oqo60zylopghAU2J9UML4pA/4RYI4eFCirITfe+JOgW3KyMTL0g1/1eMCQyYsQeCQUXBHPpJTuYTbmBe8AEFMjsYwxSNqDAxZW552uTtBypcXSyQuEzOLTjGL4mgdnFlYHRUgECOAE7J4DQ1pCDQPkY1bNA+CzJrDI6+vljCr5QA3McdZJ1TcqeToyezENR+zF6toY+4SgSFmgrbHFREPWp33FDaZV6Hcd6p3bjgHI3rF420kYpT4VZemdS6H2rAml9CqvsQukgs8gP+9nFO2Jm9BAH9aD/y3NkIcwBum6Q4kQdxKSO4mjOR6xjsFcfzzC6soEK14kHiHNvorD2yJNOxBiuUSDWPPY7JhymESaxkzRC5UzPH46sNg93IDGz3AOsBb7L5qt4w20y0ogIhFGMi9bH8vjgPHF5j6hfCnPFVZKdWRQs6hdmnEPUqQMk4EolXIpMXYGLNwIHApeerM//jP/+71bPdTTqBVxZfUg1b4C5VsKHqDmdygNRNEiBznsSeabSXF2CFGBIURxBVsUefTt38+XoLeMC3LhRh1XO3pvqakfSGmBjCMzAOW46b8iuFBUGvEHtifqEVOC4gLBX/7MxUjlj26bN4a0/lwxtIqtFljMbN24SjHlnBj2Z//jN2MD6U8xNQmLpdXemZgb1jzIjZaqq9tiM0UTFwqoS8sc1CqRpngxlnArwuPYQX8ETnKuOouUK4GYTM+4LbNsbNP/cCnP4xJA9WTGiNNn0UyUH5RsRyFfzxunRfxZc1UeQF0OZ3G27N73FV4DRQCDGSU/OUP1kkhsTAbgkLolN2jRkTkRRzKlaNXGprJiyIOIuxBf/9KcZYCXY79yBa5FN1MjPrmTcY4qoc02aop53/gZCEs6OYgJddsCE3sFc7HvBDUUA4h6urJVzebMkrNMHgfGkVecoaBmgvGDM6cA9eOrwFtA3WfCZSMWCqJfBB8DUGWhFc0wIfWCKuArNEiEKaD5mLCMsVzVIfOknYw+mmgYjoxedJa7g06gCSkAU2H0Bi5mNT3YggeL6bzFv/skbT5euyrAHK/lsB3IytvKzAUrumut/BXAndl2nQTNYbMeM3BUNOOSHnt9VsjjPMUknuikyebuXL5E04UxsslD5f64EnNuk34WQMcQ00KyNmm+TEjLyetLha4Q9cBTiQmgjOclPKylH69pAlGbM5OCgI3OZ4tczGKcohb9TzcMgm4mIGltmLhZlK0UreECDgd6RwIyp6MGZ7RtJBOS2h+ysjxPyRguITHE/nA6vCeGHEEQSzduc8szUwsH3CbQ7gPYQ6hHWzYAWtnGhU8OxAdCigSJWAiutKZVDofqSSUpxCmKMrTuo6x6ARB+xTYRAfGeSNG+pzmZI17i6+HQ0ucpAkqI+WkdwZadVjb2SBsOEELTEMBBLPHwZSoaOKnHGFCMNluBvJTXyOzfDeFM4EY4fTFT8sOjVLS1RM7aWICjONjx7RzPORdpbXoNx27a1ITgRvI73EqDm4fztvbekAuwsl5j0qmR61/1ahaoY3Qw/563UmaHyG4DOrbhc/MUt+E/UJG/y5DkMtKq/zwCoAy4WMrC6OnsnnAjtOHHIIHhTpKG5DhEm4eCY5zTp5EM4DpufJIV4sTGU5jga7p95Faa1tO6LZtExx8zUT+EpaTb8/uXrJBHEnJryhRmIgsG2eCbfYOJFCMsoYnKTamyE1RNM50TMpF/pySmqrpkcBlxEIjyWFSmcPUyuMKXhyACeJ9y0BmX1GTZfF+p4Szz4IRSk5w/RsYd94PD0rwY0iqoLrxdJZEPj5v22PBak/KLEWjfgNKrWPESdVIl3p5QIlF14dXpUNBF5m5L6Fu3sFez8KdioMglhyiTGR4qXYOjE8HzLpaBy0MhgulTAqKm/XY+DAAN2HRxFRT+RThaFModwRD0syhfBC9xtjKBY3n5Wduvg3YiT20AuUksPKlswjZRSSsmvnZr/YNZF2yo7AD7u/BotJWo4B+I1FtdRMmfpe3LUBYxGS9n3OrEn+fJ7Ao5058qtxJlvX8OGzxb4OuLtiIkefhg+wKQ4jLO+q3IxZ687ujuOefntXPDUW/IxDJdMP1bxFVA9afMALtjRfNQJXbxYOAIs+8OAwyhyE0ExzRyy4JQThhrud+je8ijFxDopsgdcceiC0ef9BTEjagd2i57wMgJx41TAC2xVpfBIp5lqs0SLWiDBjVipXVXLRUkRUPkrk50FFOPJkVXXAisguux3BNraOo4IMVavCqqb9rnjOImIiDYFddpqhvaFGuNwv9QyEqEpodeDRCc21bt8Dbcrb69T7iHbBejsXlXWN/n3G/caZprCHY3/9v/896NwpzDz5ROX2pquhWuYRUTOdmzV0ERipPT3VnsqxCJnRHN4ivUND+hNOnndSHjWp6UsUBT9Qk+1dnl7+Fx+60n2tYBtjg1RnaRZAG0C+m0h+tWkJs57HIj08hQE4vQjSmJH/Jcouh5OtNU6syHqM1B4iPIVtvHTpWA5zNgEgLLnAHFWxQXrvjTHIsURoggH6LiPPIItll6FH/kUSoSzivIssuoUeAAXgktQYIZJ7oLijKNk96kGDudLrviSVZgdJy0AW/05HkpTxcq5iLrajb1++fPMM/mwboaygvnRx2dN303jPjRvVkbEBKnr2aTFj4vmS/NvzTJSrKY+5LaGW7kOxTgbQDWtNMBKtUxtZ+xweZqGeUOJUAZSWxXlrTW1lwsSz5KruF5tsr/c8eijADrWJID1KH60XDBEoKpwzHHRNv3xpdb5kC6t0k5JseA7HFfiWMt/OmrshfUVt3QZsVoZgnAwSxGhmMxLLyXoSH4ewML+CQaMycrauATPTpyZylcEcfd/LZhZwga7DFFvipTkG/Wl4orQYpWqfJfh1soz9uwyC8ge2WcrDXRMVVrfH8ptkpZh4agR0G8765ApPM3UyknsnhZe7fGOU6xl1mWkYauA9WT3ygnnR21D/GMbp6tNDYeCc+CVY5wIgOFYOVy54poLdDHi+T8yppEgnaTxVC2YPPobwWxxfgHpfUuIl6GgVLzTeHh6iYVAQnsHDF2jxduj5avZEPJQ8jLAv6BU6lTGlpgPanhk1pGzj6YenhCA90snGZcyGEhKO4DPgM4oUnw7tNTRmv1qq9GxVTRKO2Q/5LH5UYDO7kZVw3NADaq+Mo3qiw5HjZnh123R26f9WeO9M4iCPbZiYuHKan8qz9mFwfVqBZKk5s1AcbSs+YXje164V5gWONElfwiGYMXM3FzxTLmq4Qp4NF0uPL0E01JFjBjP4I9Why0Vss6wpKv6ZnI+OUJgmHciojCz/o1YpDmrZRpQkqG17ri7vV3U/rmLD/TP6D5bxi61OXoYJWJH2bDkA1oopXN/tt3tRloFsQXWacYDdtP2O2/HHuYPZKSTwjLP7W2Qwr/l6iweAtbwNwugkNefLsvgt381Rxlj1mDdXIGb2o44dMzGxgNYi+FolFfr6rqaj4MJMW4ayopSi15mmTNHP+DbvU+/xO12Caud2tW4RugkIDz8TcahNpXHW5xzwEsqfhoEqgL+thXnOy1EL2W2fBStWNXQg5ZchCi4Hphe48rJkIDF2UbaJkZnbDmF7KAH1kUfawuBBRrLKIYow5hwx9c9OGxHJz5hDiywdotExyFNFGhpk4liIELZxmsY8Y/asSdcgcrLlsthzdU5hQhCCFfy8gI4WYQipy4S5qESueKC+BxbIYz2cDOz9ozt/zxkVmHVRchA3B2Zh7QDOGKyCe1P2zJJvH+O2C/arnrxFBMEgZirgDSwXnpArjCSTlh8xq30ZCVqFTBBJ71tJCypLasiSYMdek4LkIfiw0BD10hzK+pHKItBQoJGVHPG8iDLtGKaueTZ5UZj2EYNZvvFaxRekDP1tKHNcFdu0aJX99FhVZzMSAmpgfxDnkIRqDU8fidF6ZsQ5eVLoMDhOQxvnYoWsc79HOo5EsLfaZI6ps2qQwK0LKrfU0OmWaF5/7QcuvqDexwAbBCdQ0h0wkctwoJWQk64j54BjJAdEKXFkl7Yy+y1+/R6Rw7VbGVP/r4h4mDc42ZFlBkUDvFO7yXrKADqiMv4Z8sjZlg+E9Y2BiXC2z8epyjjnyXwi46A2dc5d32jnhhwLBKEMDzxolc9QAIg8Fkcd2nS93GlczC+Mnujs13jJtvEqIrA+6Nx3R69brd0w2AOZdjTJqkXsrgDwHu5p5vW2Ga7XwJrd3OezlxwiJjBFDUS8hWC3kuraYqpe1r9CAehZeXecqRcMkZq5xbJi5e1FxD5lIFE6+FJg2RlKSqEoHbgVKMswXUmKikksZXBP3bBN68Df4JQ5vlkpoXexR4FnIOWVyE2DmHRXyEZO3PPNnZJrTMab5AhcKefQRff59+yW4nIl++3+MWS+hLNFLwUKShe0Fgf5pftXBWox4THdiRKNaQT4jPblsQ1foajsdLQVzKx4SX3hRZqGLqQJaNyOPLYlqFSca5puYBSk7tXS/sDuwW5HCOVVPu8R5HY4qhcnxSU7UvO2Do62vFX7ye0flLLkcFuJd2PXzWblZIf/a0r97vHGpQyMJuNtxkAC08kMme1lHJhvqPn4UPbdMsgANSXCjCC1aj40pUBz30FUPOcGMuhHoLUouS8C5YFFTaSV/HZn/DyYjCAjHjb/wQ4EGRnHUKUiojeKn4EH5BqCm77UQYd+ZmOrefsJHBCwC8vLyEosMCmTgqtr7nn6/vIYk4nV0EEf3EZtBsb0/s5V8+qyzoLZkWfGqCz93R9JA34OzBzhJs1j4+kr+G5fNMpULJZU+h7bRh8H6KWCHcaHPoe6aVoqHxZipCvXXxQVyxA5JZwkDgd8rZY/DGFpNP0BC+3zljYHVS0Y5GRxIZ+CSJXD+FzUDNPcHGCXOUvh32RNFEo/xx6Jq7fh6JJ1HY0K/mL2SOxqycbTLztuTgS7NrjLiCvyBC2QujTYGgqeCCKRIbQZcEUivSejApUoZ6y8dISVvRSDYECVXWjwrWvvqBMvm7gKshQ9I97c5jfbWO7DAsWfPcAEawZ2OHUD99YsVJV//dt/R+QUqQ1ZjBYjGk3vd3Vq2m0ODdZoWUMR60hku2KeL743+gcGp3LSFJKj0EIGw+4PZWwpW2OafLhfIU7kvucNdssnUg+9JTRS6ul6XYP60dyGpUQvhV5spCHrBr/RdoQgymMa6D8JvJuqVkZvwhGYsysGmEu7tYZB+8v8VwNkGhZhQ0lnjXr99KVfn5TfvoaCaNAigtOKwTUvFBWpki5+eaQKH+ru7l4+a3RM+2+IpruEXUJiz2uEBCKt4dVucqSxOwMXIhymnWBvvG7JqsLeBoFaQcjWPj6E5Pym0OPGTeHbwrZQ80vyFzDocM8qrApBWHKBufkNYTWvG+xYIb4SheDLnRfzucAfQYtcESNfSBQcnOOSQj3sp20ZadYmu44IRlLswzZgc121ZLGbhrvwKg3TtazjUs0r/iVwaaAGEG5OLIEsOpJSKGz9jbh/7A0WBnUJLJXzlKmZJjDC1vKumOG5kCFXiHI/9Z+i19HeXzdUROOZ3Bcad+fOyOKUZ/t9hL3ih4F8zrnISiIhljAPaHY0QMJB9GU5MjdJ7Mdnm1JtvgxwiCNnbHtUlC5Ka+u5QKyMKwihbLYMAKkuXRvNigR4jrmYEsX5b8YAY5M9s7dkpd7LgfjjUBGv/G13lLXio/mucxbzCP1oDw/MF5vw0T9E431T4Ox3vuh1En2cmkLlscvWWVVdC+iimMg8cZ54ol8uZJnAgF+eczKexyRLZ1uuB1usiDzPvAe6iGIoxmdG2QvfZsyfyezOeGhg8ij+mU/u+X8DuBzlyZOzTLoQZ8iO+JrHI5cCKyJPL6m+IsofPUWaudF53+jeYFOxiInGMfzstyus8YxGAPffiMi//u0fVZHDfownncKMwAnhRMjw7s5IR8Sjx0gBpBFZGjOgYYYLJaFt95jIiHoioxctCrR1Lz1NHjM/i9FE4xMHxggmdwP2vEBGF69nwnlLrAvl8uX3YoWAKLvCt9y49cSkF5aVpl/6gsbXqXwR8HHrjO/mH24Dg8k8tejJ/QjLfMyRzjUcte99OhWDiquYpMOwLaYaPzj94UsrH41W7A5lDM3N9iXskkxk+IuVutb35NJwal8bihtkdJZj0kOGHfMt0zXUM++ABnDCLJPDhNesxt1uGaUQottaZn0Qbq8bzCURmFRmePeZ8rC3rgqcYjLx03LD9GEzNwRapxCXA/slcF502Z/fngT/CQ7rStailr4qO3dMiXow2A7lRgj1bq/ox50cifqfo8HctLPSewpqDnnf7vDWheeH2QK9+HECU1+3Gyo4941nF2ZNxrWHZd+Q1UF23OVKp198Oaxlx6UeoevNsQCVqrLaqYPsjYiOUq5td4p0mK7p/sGLqELW7+aQkAE6Q+ZygstBYHuB5Z1Iri2aqe4mkHruMMG/BC2cvT/WK67SK4z30NWkZ/e1sL/M/3aSFYVy3j69jgdEZomFz3wpKfBZXvXo90iaGCDNn3LUrCUoAeyRJBZdRW53LvXiONytW/ksHqyIRFDuy475Nchvg3oubD5MzsoABBTQTg5kDp6UcCKjeusexKOGZbw822tJHiHpkrUUUoK2HISkQ+8JDScKAefijDrJ7Eukb1Oexly/rkwpjdiFMklEJ+0ZFwqXaEWQkKjl+jDxmNUbK3yHr6x+oVXiRlrBe1ewz5SkXWS0RyxVOypy5s6rvd6iKw0g7jD3kmhGVwAu9DWrCJr/DITgXAH3QrFqrvLHGEwjuDKZ8omKLAMf5tyMb+7RnwX72czQNr9CzcZnMx9Cq4knBc/hTjZNOeIRWm0NgTvtwMBcVnpSnN7ibQ/iyck+ADTQm6sVFy/PnWsIOYbbarGGqBzGKmPQuerUqXxIQc6jPIwCaUI1Dlj1xlWbSBv4w3FhojXgM4RP1S4+9OnqdluQ1rwMQxES7TWkjpeo+WPS3NY5L9pzN7OVspMKoBkrDXFbo3+A1PytdPNo0h16mwVJ+Qkx8RbLRzP5OvNMqBhtwJx6RMIFF7C309sgpWm2Pmi6er2IOjRRM/b6vHXsZh6yHdGXNJVLRZySWZJ5VrDw6euMqN4iopN7luzFNEySWsTwdR+XbhOTZF3OFu16p/Nxc47h7fSj4eLhZQImE+d5ScoGJfI9iWIwfdxxvdYB3fGh7O8u50Bn6jBMXGjwZnlLq4DLltKs6gcLJwJgrVwwWVJR3P8WOCu+KmGLBfy5eoSUcx/Zw/fNbE5eNBlJbnP74G/Z5NtYrttP72c048noElbODt4V6rleJb7qFW/v6fvVmSMOcOZPOLJuvy9bTF8zCV/2k9HZDJYworCXy25zhk1PRJYv4ZYrcfSvO2KQk1WlkJ2IUnhwagftsQ1pmjGRrL3U+icgdoYGOWHNDIFmatGDpNN49CA5FyiUszk+MZ2rJ5Sn0RP3lUy+FXF4WnCE+oHE6pp9erafPaOeu8k4/olLCj1T5fwYuooZEFWI/MuG6ktgav/gAaDRiqKaWsfurjXvOoh8cBPb0gP/MSUF4EJhpp/VnKdxmqo9JJcbuRYyepEdUt0c9Diiv7GBYkpJMyOq90dnHx5+GEoQXMqyjl+FPKR2TZpILHhtqths6qvpaTYeMLVZhjujX0Kyzs6//Z7WqJqXRbGwauPxsYjWQcJgc4y0u7rSE1+5PCdt04FOW9S873bt9oLSXeEiCPXXhE724uraE//FFY9FGqz3Ivu8Bd/q1SRsX8cRZJdy13fyUbYd+zLNbFTppFquckadKKFPWvk/2WrPJ6RsnMubhmlyoTNR2v75CkFwqSAYI/R51y7cJTybVJI250FAEhwJ2OKEqAi8htVxiQDRszrjmLJBR3S0qVeTAHHOvpIUmHBm4kjTgIqIQepYiIMuvjb1Wr7uVxQp9k2Otmxf9oaRKy57qxEB8DomY7GecsWWCrvmuv2hTrgWhc6DvoodT9GYEKBJQ01iDjZkWiojb5O0PK/uI4X3UtnRvC+TPF7llAcWCcObLQ2XsqQRl7jaVj50eK55K3f57UkJJvt+QjBNCS2iL5QkRZ42s/CYAxR6qDztPaNpjhc80nt/gNhCPDy9+mqgk4mBK/HAKJYi9o2Qxbq5WVPb4IHwjJdp+bHNEYNm62KxoEGQAz6WRnVfH/hPArow4hiXpdt30HdECniFY1U53+9u8+Pbx+c3vUH77waO9dgU+Sq5k5QD1K06cDdWQS0EQs8wN1ua4thle5L0NLHHAQlxtvIS/ZoZj5EVUh7LT149uca1nTVCQeJFWUjrziPCDUhJUMgMpHyeByPnfjr6wRomxTC4FLnqcfwTveJzGWKFkKwq6hAP+l4IIKpFawLNwzkQHCkNV7vlKi92cQAAIABJREFUHGwRSUizLCJHlujUju4/rYHHNClpFwy+P09pOJN+ZQVm+1VctuCEUOoxVZEemHcqCW8hqwOZJyaVOTrCgCgF7NWPpPc3bV1E5oSH+PSRirCpUvnJOOWxkZCPXVwTXlOB1wdz5KB58WBgblWkff2Pv/23PHVsH1P0g7qdzSnGYuqeTMKkxtIyMp5eO9Yi7O2T7qABIXUWebYnCIvls7lUaHUMrC86SCfjfYZRQ1oJJazlAX8j71tM/ul/v6+6Lv71eQHI0M4EmU6zwmc+4iVEcPtK7Uz8Wmlj3O65mNHXqknNgcHG2Y1rQnRJtjXLD9/qS+kk1evl/fOX859N6Mxg+7aP9ZLoUfqy0p2FNiXsMhV07DFG80QvcpGVEmU74Q9X9/fJWBFp64P66+FboFwxE6ygtLuR42RtQU62wfrJzCfqRHZ+Bs+vzQWFsHJlVxZ5ytLDr5nrwoS4IIvM6rS4j61ezmAOYxfBmgkddmuGJ0StACZPUBvwdtxoWgoAnMzg5nxUjMla4WUSfENdmZfhnXQOI9Pi44uxzKLqFraDjpEA4n5BScXuGexk1ZOzD/alW7ikCaCsJeFrVMxOe1mWx/uiQC5BFx+dLF/r66XVTflmub2j3yDUuWDFGlJSGEk4KxeNvrYBJlAiD0Qj95YL/1xrP8d1lKHJzuGtruOdwP4CtkQlabgSkENnoSUZV9/oq8Bs/5p53JUHW/A+koigafPUZdTOGRKIH5e+hAAJR+GRYFNGIojJK2jTCQx9y123GTLYgVEt0rwJ9oxYNMFKkFK9EeO28rDe2QZY3B72IquZ7ZTugMWDhPksrQGjI5y76LJICyMcr8TZNZdhFkWRR/MJcoFWcOmYSeTkGw7ypF4eG2Kw02Y3IjPiI/3K2QllWtOBBfOn1w4htD5sGdAAoV2CNBvZAg4AVe3HdT/8bvTaqxJUVbI5yvBT5li0Otad0prPwBqH5cGcg7XGHrwDNyNK4XYyHYemh1REZWDROsoh4iNhPHrJgHFMuulpcmvyumDyAz707XLk++eJ52jmPqBVUZEP4qrd6g0jNeQGnDjSU6XBhxZhTpK4MnqqOqD4zJzu6RVVMofuqQJDrkn5IJeeyvZ9LKwE4kKChLk22lY84fgVZKja2PLano1vUNc7t/n1geBq31FGn9hnLW0M7kyHFsfUQMZLgPRiejOQpySXBwyzXdYTOdyvGFrGhLiBlxMh6/JQ4+JFLg2ovpmFMsbT1rSeHlHBiIj7dvwRhJZSHyppUdgjUhp/+WmjnCJOTi6qOF5N7NwvK4u1p6XXQQr1HoEStld1yvB78K5MAzFwD1zPqUvw/oQcVgK+tO/kYsmRqQ88Q2dwUeNUgOnd73FETYAub3qEYzTxFj6AagRK7TZ6SUrX+kJyUF3P7xxt8GuE3Uk4xrCkOP1PlBxbbE7ZKkIiTTT7C4Kg3A5nQhJV8ou4pSdpKdXirlERcWYJ7+xBOenjrHo4bTInVDmx5mUfVfVUo/quVG1e+WWRmyJcgIVTue7lDYmzs2TlRKp8MVYlvIlKm0V9zORMYpnbsm/bS6yY6bMs0Y2j62YhjBuUg7IbHqf0dAW4Y6U9AMg/b2HyXVwPSqooDZsmVtQRpMuGh5DbuvcHmYUrf2F+TsYTKVKFngzaPVlZhpvak+s2iL4YLppTVCm822lRXTZF2T49T7+N/eDByxO0wJkL2fB43Ga8NDNy6gzYrfckLqvI08MQxJyoVZMiLWfWkfSa2BrpYBrd+eDMJG/HRv9ZGLhEQNUPUhcP7KiWKulmEfPUWUxVwawvey/pedFqR6KsiMrMA9xUtiYzHhVKivZdVdzCegVifDdtJeqh2bp5ULfDPqkKz2xIt5cQcLkGI2DEDOf3WKxGHzv/E3gyPg5eIfbYvCgq9FQIsxA9diQmB6JMRURh2SmEZiV1uYvgNUlLU+GIzXBEPkrlQ5BfVRWPXnRhkkpoyIWPni6/B1bkAiwE2y3k/Un+VxGZ//G3/xLFdV3X8bp/rKktS4+cHCoT35fPyjPtDzQs1pSi2RruqpO9c7GkERHYsB6qrDGXuXNPogjZQIZGhWx6rsdVZfa1jyishIu8bvmbv3aFKC9p3y3sc5X3KY//zed6TK+rWwniLEEtcRbYd/EusjOC2wgsMw3kB+aZ57G3qgf2jvKMuFtAw/Dlki0ZHDr/JZJbKxRnldoobypggJO7SMm0j26CkCrZWl1au1ToFiER08/xz+XIt2JHa8AWVxzZZvLrSyyl7IdW5SyYXYQ2KDuMFB0ybunXXM9Gzb4cAhG45qfbWwWnXkaA20kEKiqXu2Wol3V931KD5i4wJqKfZQTkLGkwd3Nb8zKnSk8/6s7aLJl+Lhu2AoZOiVOJJJicpiRS95ixAtq0cm2lsl2mo5QeYB6YZ03PE/p6sKM9LOp6h91G+I2jtIkieS7bIlaYB5QiH6wjxO8e5HsAE/T9QlKriBLuoAAIN5axdaTKCteJCxxHz7wwdpo3q4T01QeRA+ivuzwnXjFJUwOxt1nxUrhtQeF9udca8bEn1n3YlEs+ige6AERvyWs+LFkn82C0+v7DFQYPmQeMTBHZlvwUiCqLwBfYkdiSm5TGZDDqlC6kRH5K17QDnHqwf0fiioyoqQ5D5Ovp7DK6mR+BZpfc6bg91cpcd0WYAGdQ0ysrDsoNu3bo+honoddXRJTlUDHkfrh8BKOtiKKtjYbLTVbNH5rdNo54UBw9UVH5cNVLzl7qhYFf93Skjqh4+BxWvxwAYcgguTCUOLDOyyAJYNM+lV/RqeNB/Cl81DEjvAPXxv/RBQfUDjKGDdTeC+7VSU41GUGZIaoUpehruFmiLrsON8M87R2erFzRY1S4oYlQqkJzET0CWWluspoR+de//RfuSCvhXR/25A6yIWNJsCaNfFKrl3rv8Xoyz1Ozg96JKK3QGGPGI55N/3Ri1MMEERxJP9OtAJHBJdNjWZPz57kZsU+1fS7ZXXGk4GH3hN6HJtuIX3JMUfsekeKqfWCFhR3QVh8uHjbgqK32zyyTol1GjK88D7LafTceU7KxqSYIt/WYR4QL/EJLtt8Rfd4uQUud1/WZiAme8OtQUTcIsasjehGonAvOr60cSVUJYirD3yrBgMZkjBOp8yFr5AiByAlNKX7jy5xdTa6Qvs9gpMLp+CTqLHPKVAiUVRIBW5/xpAvuha0BjBrySa9P0deqtGX1zsAtejPOF86U76gyPLAAbaJJHHmbGC+OyDzFyHHrKgxtT62fmNW9Z3uxDUMiyteVwQpQF02fDrPIFJ6IfgK4pPNu8OknY8VHTl0TUScrn6JSTBHhoAkCpSMGBvCB++fZeNcm5J0RsVaiGfsMBh/iidiBJUz8l6h2GHAttwE0bXeogANwHEjvN283Rq3rYtMiDoC6cO5jcC5TncGTXjmVvrva5tWWYORA4A6n/b3m+eAdl5QAWaHCTNZjzCYSp1fBwAggdd32oUXJx3FHjCUezJb6AkvSqOuMecwRL0Bg1Ml5Aaxj/Rsu16dgAw0FfCFVEk6T4HhVuGK/Jb2/9Laj2GCASCIydnwZCV2EDQxzzq0Su+yrF+zccza/5LY3WFXYepYYgEgmhEvN1Su1cQu18KrrsbXwdpPPkxzgbIn+GFmM6uOx98/2fxkzKXkiI/shhK4MZQqVcqpzVkMJvFxqbCOz/rls9ipg1+McYu4Bl4p/9ZG5CiYcMj02YIrb162M/WqOsFvxkSBeHz+D4ci4bJ892IisPm5MSoPdbRsqPxqSM8qyCBWo3t10FUbxiimK8RcLJxCcKh+s9Sm++TTxtERZmrKquj7d67cSFUjaENvPiqrMJ/d67Il6WqOAPbojAmPUPnDQMuH2rQG2mtLB8mwIg+KHyUSlbHohKMQe1ygKVq+73oRE5OfRocaqUD3ey4j0URWhJsOx3AYvbdLshG+JqiceVDMtbOFNucjReJhcf/t7Z4oeJESCiGfhn1nYUXohxNhkhAFiLi0Ave9Zyy9yX1gtNMm5ufwkQw1+iLjllnAA2YQhZU3Ym6w1+RIdM4NxCqcgluTVLhQt5cpMWp39IqcQo0kK2UsTGcNxLRH09Xxjw4O1nRlq1R8o3mFFijc55oDx8DXNQdx0iIU6uZoD6WFZZXh7BxFoQzFKhkTPjDL4Axl4Y8fYEzVrURsCckH3tbl5p6SWCY0vAv5pJAbGbe4MEjNdGBN4SgKtQL5kYZKyWnyvakUeWxc0OaXEW6gD6Oc1vRFNy8lmNxUqNB+U09uDkDHSxp7M2obvYXNpliLz2o6s5wK7qkhfSuhv7gbXkxJMsLla1Xtk4ZRHTx9zQ7S5oXMIWOMAVasWM2dJ602+MytW1rjMhTA6GHSEWAzwyQ/vfUI5+Aqb2euPG/Uw74qe8n1/3+yDBNVPw7DyhHCZrmFuibxQxISTMu8ftCPa9rl82PEI/3Gu+ZnFfRvvMMfNnCei2ggqg0xVROVj4rCxBa07KUqIiXApW0pMsai3RDBJisMoM5XJ5V2TLYWiS7Jlfk+3gxXP5J48H2v/OlpDWkCoxTroxjrwtgV1bxXIcTk9JlzVos6UCQe0EbDfqnyqiwqtooE35g3xPNLg0MNhe1WcxuPZ1vSpWXPE0WFSLaQY2IS7rk+9vkwL4R7KjO6MRPN1k4pNeW+wAe947KZ8ff0giZRwjOR8Ldvg2rs1Bp/1bYHghZN4bzsTsHDYNvh+E7AKC7nFxGBRemNmYBdZ9Z6fAGgNphZBAPNzqvuWBxb1oTRfRR6+9g2zxgKmTQwFFaEnrE5ydyRMJsd8rDYDaEN0yMh57HilhOnDRYZcRBCay8DBQMxRWILnJsyiYVry4yreWEMZoZ3zS3f5uhdDqz4mBDNGcP3hs0mDpCrEPnrb4ljlPIaKpsqEUpF/iXqYNecTQmZbaWR1i5mWp+v62sX2jZI0AM9s3ZKqr+/6+GlTKwHzfbqWWC1fn3TxHJhLu/nVPV18mcpMigv+Oa0rQkDJnugewgpoPKRY+TVivTPwFsn9pbDybpNHdR1jR0Vugv+cIEragW6Qz02wvhzfGCJqk6s8aITtzV96rR8y/2yZbMyiGKMDHHy1skyDbYBa2eZ1taAkpNVk7pTueDTz6gEuqEGUvxlEFBu02/xlcq2QwK383SyY8dAJK1YjiXeVGxe3MHKfW1b1snTcxxY1G5T6CA4uRMNHUOTrNQju5jYD0/Rg2mpp7hKY7cWKFyQc+znTijFTm8UAF28LwjPrKdKd5obIe8DqJkJ0zwXr+MIOEx4y3nh7zEcgIpPIxjNBWhFRJ5Mb0PslrlAKFvIjqzad2OyveU9NaPGKvBGZUY9oRD4TwCtl8jZYakQycziCWKQsSVQ8mD92n57xlrlS5DdOvCF72r4i9aWBDyQpmJRFgitcEbJ3O9+oZhKavOUaG48pUQ8BJSLOFN3JXqTtT+eUdSWZBajPSygZgY3QDnERjUNtutgnLzCe7vmRZl8RS3+zmKnE+K7GO6t3sbg1ugTZD1Yhxc5tZ9Jf3jhsM25tobiQkndE0IFRoUyz0MID5ldLC9YVIVDNqfF34KP3OVazNnDq4VUTDd6i4tRzxg3ePUcw7Mx/Qr4rRfNaGeAtYdKIySWU37W4muQYbxGUzAKQ6oxkDRLmbBbj2yF553kQEyrGoh9q6klMQDuDCMZsylSrAgO93NVtdQffARm0rSUfgKFwUmRXMKvyvj/vVtyOJ82wV5RY4+0aNhUuY6rGVvjGgvASWom5HNeAMXQPs6DLH6bEea70PKJyCHUF83PCpGESuT6wRZHB1rXUJzg7Zmwb7TFJAfkAQKSHJWxau+Sh36ML5TtCmaBR5WSnjYxYbcD47vCCKo0oZIroHtahs4T1QAxjIc1WuoctdoqNWms9mGnATNgJ72VoviRiKclRH/OCcdG8se6z8rXgzzRVSxHOhHWletjbhuRlznUGkkswMGfYWQV2rOBjl1MKAJbpUbYxv/G94BrklJulqUMqKq2e9DSA2dAh2efr8xhCwcbksMbB+HKfLf56F2ni47doXn8pdCqMX+B+1auWDKsQljK8YpYR9jxt9IYSCFN8je8MAEwWRMYo6LBXXGFbLqaNZu/V1PWojVfvPEhxP3DsjMqzJZlCtRggyGTRFAR1MbtFM7MLYAYF8WuCG27iKNk5PBRsd5kSlmqx9D4UcklAhErEhE7jCyMq1+6FLoAtmWaOi0V0Wrev4w6wXcWQC0xbK64hZ5l4MJcW0p958nMvd6GEZHmAtFM+91t+RhC4bJ5tfhW1bIh7fWyw+MKvHKyEAQuVHrFDOS/Ak4wu4PS57YbaCC3lmGJhYTC55dVtZaj0fMNsRmxSur8E9TUlAqWx6GD9ZceWTlwYVNQMdh/W4XDVcWGofGQ8w2nH1epYT2bQO+Ar4wVLwmSJfpFMu17RRdJTeyhbnig8Fm9RQEHb8H4vGFFEzRbtXFfxYP7AvaSiix45K0OLRdED10sTXbAQ3LvL0WVNlTpAUmiNDbF7JYJ9NCAtKKI7Hpvu8jTXSTQYu68LiQIBoL2uC/xaGxIKiBnIMz/FefUI4xDlTtWJfiQOdRFzqkquJtCz+63HC1nty0TUl6MxEkGx2q++0hrIpWz47p72X1JOtDJ2AEgqov6Uk5lMzg507XMNPKiWT8XVb+/nd9obufS/6n6/dFTN1L4DCB+nx24HWXGOvakxEUDIqYQ//acbVYUiOHYgKJ14Cgdv8VQIVwcj4WR7dGcQb6W+iOCcEFdqFcELXAcv3H3UB4fzzipmQuVjmwAYlwKi1jqgYB4NjjtZDjrazBYjiJsXieN4MPvqtR0T+JOrI9Cj91O1pDbQE2tFHkya2uqDPXuAVkBdkiCVkovdwZMG12nFpg9oZExq7D0+P/RNG+qiR1vvo8uL/wb8Gam1WhHEnIPWC3lVlEpCKrkN5IztcVZwevmORkUjIT7FM7RCSIrpA+qRmRpdRWacE5F1Ts22sk/Wk6t4jUUxys+SKodmsPkwaglj3rLAL6pz1Y1T8m/8ecbVZtspuUdCZ5W94zX7s+loTYh5ME8+vh1XJAEho/r5oqzKeE7DIRCqnEqNr3L5FTY0ZcDA0H0IotLGj0rkUjyvGbLWZ9QENKH6FqqBGNzsn0Efam7FUZBBPaS5s0JAKXSap82vaBNLvUZwwaZtLJpSTWIfnoBwhsxZDULrqC4jdAq2986Xdfa4r2wo1tU6TsFccv5+hgL0oZOAeONxmDCyBS4OMFKoWtjKgBkAQymAJAedJSqZq62oQXQayCjZILTFEp31W0AtqRLnPNrTGKcnhPKamffDMPGINSpt0VKXI4zoCV/aIU8js9nycOqYWQebO9EZEoPrrDptBxmzcHE8DWUDjIUNMBUgqBwrSEORGIu5xO70G1ZKGmBFP1vgkRiRU0FqCIOzoWnlVjMoFlBiPkwTWNQQvoUpo5aDJjsc1rKiKpvMYK3rLCRl6oQjqTrqVHaYfoDUbFOT5OO6OtVvRq13dQdRrXo7tA6Cif/DoWOmTu32vVGlRo4Z8ZyxESVaYkY4OQ+XR0YhqV2ZUeehR9fs4xWZmUejXLFSYzQSfFEj85Niuis4us5GuBrTd8TcMr7qkPlODN+f1xEFu4yk+ybpyXVVEu4mpwJDzjMDyWPFGO5ovcg6EyTiwZC0zNMG0RY+Woo0KmzL/8QrI2ZzsqrlqVWzUnQs2JKTnP+a++Cua5zcUa48a5DrevsuDtDjFQMFJ+Nic3eZSdb4ah2YwvqC+Kj1xu0eAyWo2VGTC5oHWoSBxfGie+L8LQhpDvf/T+pn7zHBhz3eBsfwO7xlANUvuEBQ2tZiaAmcVDdZl38l/1n8MJl0PVAr2cveVhGFjW6+1q/0rysdScyXk0aSkavyX4EwZ9bVwQBj6T7+RFTGU9mr5bRj7DxiHwN9WPR/zlrfgRdeRszezVHFQgZe9UHfiEo8itPj1nOiTk5eGjyB1Ag9BlS26ALcFFVRGAL/EGy728z5PK0hXXHEPJkMDmwkTluTP5Kh2SKPy6KMO/2TGAICVctMoob+4bz9royx24Zzhkx4j0GwaYXDKx7eslm1uDJEtFlSRPUK+jILEnRvOxxR1MmafVdSUStDsQ1DtwMpcStH5ud7+pdXHygov9S8sl4b3CVzpP8FYEkpdMJjVp2DIIwCxJwvSydNMAHaw0TZMmSra8SSahPaMAHz6jXeNXbr46CfBBWzvqDfpod0SZ/vkFQIYQ4yifApgF8Ixkkwesy7BQccfaS2edShbbi13JU33zusuz3or7z5Nkw/RC9O2Ynn5PJUJV5lNi5qg//I7PFGi+n0gKzJ7Nre4WbywIVtjO7PoCsxsIBal843lunMvI4HJYtk+5HxzIPicyataRJCt2khR+EFAzMTT1t/LeKpXB4uO7Y12Y0QoM2K+XREXGk+hrx51xyn0c17ZeRf//bfkgUNgD3wCKnODAv7OsnCaSbGSw2pR4hpuLlx5jzPc/j0IZo+nPhimpMw1XgwUM3hNPPk8ywyRxkprErhS0LfEQaT0e9XYjPwmqyIk4lnmi97+oIEg2gakpvp7BtsOM4EoyQDEolzOxw1oxZqiBnJxXtOW055t1JWHhGz4U4zyzdDWBo1S6ITBSd2luZKS6cjqR3HvfrJdLsLI+3RXuDTWDdec2894gSsvXgZIbOge1lu3uL5ocnvz35QpKoazIrbrIaZioFo2YaMmYpavIQiHmDR+9eYwzG8zdA7oowVDLFaY2v3UIcZZF/ZPlcW4g6exGZnFViIXqFnQ6bTtvXe+pCNjz+OH1uZ/pI+MbUIEaNT7IyWLiRYeBHOgo8qgSl3Dn0+jzoGmqyWwA7y5neLduOMsTOeJn2am8g42e0ng35FHUTZMA+Dho5N4yhRiUjVx048D0Az58nL013xcQFISDWdiNBWMnNqjKo4DmmZus+gUw257HjrN7UUh0aB15UNW8L4MmVQpjU36CFiVMWWYyQccIxctS73PfGa0UNkphYknURRLgn3kJvmtzxyxUVu08dcaw3q1KeZL3vZ0D2xBQXsxDIKs4fg6PAZv+9wPKGqt5ASOjQNmdU7egVjGfD0CuPjpIbK58QEh4XOvPiyixeH7bTJ1/yY7JT/GSrRXsV4cWlJQ87c1QtpMFgz6ZfE8d2VYYC1if3FhV8Ky3cACiq/IqImMGY4KVBfWQH3vkJwy410f+AM8XefT6Ag5xLANLJgtjgD1JK3y59lb7T3ispnFq3llgqePsnOuo5fY1nlbIHwdIoqkY+YetzBS5HGsr3sZqLAYKn/y8rKJ55uT5KLwLOJbTEMWK5jCnIUMXtt1sii6ITSSvKlZzHyrZj3smREHQv7dZCzllsRH7Pqnz7t3GL0X3KBUayuqkmFCNtbfzmwoPxpn3nELEZlBRWf5TAyxhI97ktUWzkDRWrmWGu2QYyDRMUKH3xGzDKOyXNJKtUBtDSKGUmkaRW7lNTEvL6IZUe9Jimx6qn9ZyyxGyYQPYEnJUAhgkXAKTAU8c8VwexwRWETuIYdyPkeTOMK8L6iDn/TykdKGB2a9SNQhYKa/o/Zugwusb9hy3AiIE2X3Y/oAL30CyHAyB25A3fJdjLJCo+qGfKl/8o2Yk1BPI01rjFvYDHXQRQheuQSmgbc4r0kMCMnwhUDnWhdwGbuKW7bgmv1EmLQNf2wgymVTF100kVegJVJPctDeQpYWIoFJsvJfGagyhAmR0EtKK4lRvk+K0ixu6AhxLzepvMcAoUBS2JC7kQMxZvAKEgrc+ywe07sMy05KgGDYj96ob8uv6KmVsKSWm0WIsj4i0agGwAl3+3rrvGJlkJn2Ke6wYJnWUTSapZVSIJHoswZtO6cSNRst5oLQ5qaJgcJs5/SiYjsdD9JbJ5T73ce781g1gRM1UwCxDJiAFPrBkYxlVWTdGD0L/UVaxZSRFj79USAdQTxfW03yJDMkDo6GnNB5rjDC58wqGS0AY+NOdovA6Sk11XNviMIKHNHRXFNCux9+FcDdsjNZgnAHNvv1wizggNdZQTzwDpCTxsAD+lM6QRaHBC2ZcAEBjvKczwSjS5cFhvyxhlYjuiZ9eWF7veBPCkce/o/7ttMLyZfie2U3DIOuY4FGNxlFl3rVoN5278NMHJlxBGQZqMaYJyEAR41mA4XLhszGY7N93uxYARuITn4sRYeTH8ManDB2r5IajKw0Uew6g7ThtSiXYmrRcwysYqoxk5VgqzR22z98cAbIa2ynioyn5olextkyFT54G/sOPplxA8nL6YVPSBUxIGrVAW/koy6o3yAHU8GN6fCQYwmslAnzOQq/4gJgNmLVmzpP7pMCDHHYJ/BDbMD/OrR7GPjZBI7G+Qq5k8sB1pmBh++jKrwUDxXpWLUuSoAfU9eehgCkBiALixX9HED9FXe+AvuYKydPK1GziIL3bwypJzTcBY5mFjjMwB5QkO+3oDEYPTQnprtmi3BXeoJW0pzYeHmhd1NcdHfQ5GAM+aZsCnN6o28s1wVqACQrF1qJbuwoxk437uOq9WZvs4sOowvdUvpuuTWJ6mgsYp8QU2/qkn2bfK3zmjLF4Y3ziF3WevwJEKZwgvjoo/gKe4oJCI2dxs707fnHk8sT7QWu42MGfGaFNY2GEqOPHTpbHHAW6RLzskppmIWVhoNmV+K3drePv3L/C5GLyW6JK5jltiyfygI8yFcLOojojO4PbrsLqp275e1gETubzgpC1FF3kxajQO7Xk9OST+oymva2vGrME0kTL2lEYUJMEioyWrHpJHhL7syGFFbOY3JzGgT2XmFfKTHdRNsuDioH87J57nrPSYm2UeHYRioSxw1Cnl6Bpf1ZxiolziO24Lk9lwS49gVYzgHrxYMp29j3vKaWxg6Ufsa4okcuTZWL+O97CnZXvd/oTmIbOq4UeLYDzKtToRBNRIYnyVQp4GSs8ctAAAgAElEQVTCh22QDTyW61hjLkti+5jewqBRr0Q9iAJgi3nVBHLulvF0Z+rvQNkr0CGGcYhKT3AOK3rtBMcdokrOmiaG6dlEC++kmBLzOYeqW7IZYqinkGzzt05+KSrpgyP4Gf6xGEEnkoG+0HVYWLfYpVsEfUGxQLfJmdtWxa5el7zvkofWIpH9TWpfuVObpFgQKMTHJAVzmSm5dcTEONPZlb2BoLgdW4THwUD5EeUlaqj7skvGqOj3MzwdghOJq5d0XuaNlin+jE7XrfoyhvwzV2jnrxlXFac5SE5w1N5zt5UjgxzokRJ6h5sSXEMFFx8eR2alGWSjTCodluNPTACWmpcJGUiGgmEo/2MmfnwfMjMeFCVcUxrLqI20oFlBZ48ovkUgI+dJJoLWiVPRm3cCV/d6qwcoPdk4zjXIVItksle9ndSDSdNr+LL4o2bCCpAmOXgs0Xc6Kl2VuVKwryg6MoKITHYcfvhIGLiqlPSwv8ygimWksUpkH1M2Znq5CCJQyP1/fzKUrduWtWK5JVwmARL5FDcaQqqxDSMDvmbWLJDqZh5OdRETPoiFBDpalVJmm74q5t3q6QeloXY42mM7INE6NuYWCo3aOBNUgc0SVUMF9FoHA9FeXKIImfOC9lI8NUigVK54YeO8xE9TckWEXj7iOGzWSsG6L4mqAnhGrUk75ToxxHXvCn1FrtiH+YPTeU7GIAZKQPpM0NbSeJQI944ratU1fLCxRylHXSVtCUrgzv3IywcxhfuTHdhGBRPRg+EJY9B93dsjIDPpg3n5hWFXRWRxYZ20gAYfHBpLqliqASB2XNeUwnwqTyFnzLUxulncC7SyYJj3GFxEA0NtyKUWd67i48O70JW1K2d99V0RZjLRgImUxELpD3Mta3AP13kvL9lWl1F4qiHTjXblgJoiTUwlk+4dvvC4iAoP1i2hpWMOCENwIX28CBJznMB4I/8SeD1t00f5YCKMURimS1GVwNKZSG6EGczrkeMsdTQ6YwCPL8XNiKfmHRiauowrGwiwwPyl94zAIO3SWKCUAaOae2v5om5Za5JkKu2sThGkcymWtqSGF1LGZY1zT1sKhwWaIWCiYYWOOdx6fFEaJQIndz2A7g7UVye2bmwl01M4VRl4lv2DcYTyKi48CwLd7QLjxLQVU1BtVYEziHnHK8e1LlpXnsamhv0TnsbvjU46WKDCn5imzdD9WItONhUk+S6tYXow/SbzU5Bb2A1AX5z4hZrp2muvqkw+YtZyPK1IlneIyS/S+yRsfkBr58Wt5rEGXjQVQXEQUDQwrWnwmkd3S89ocdL9QXPEDJ8RpZI57mmVemi/K2TGaJrZURfTT8/bzoTtjjHys4qw2m/ZF1OpeUwXypwm0566MRX48H5E31Ppwt4OI5mmOVELLmsxgcfUD/tNCF/WWxl53kU5/22+KIoZ+gGLRJDIro05tO/kLY0ZxM2WFRn52H3DGCa5AYAJ00YPtNwCygRRJF4yRjvSVwumqm9+ZkfjqqinejVBtzt5YJhzjT/RjGecOZ3P6B8SCayZxm/SnAARPCEa4/GQckY/ZDZ72woPS6qJ9Sm84JLG+kiapXC9gwihn89fy3PZjRlzYiSXLA3Qn8q2w7Tko4wo1btkMKopWNPYu1tm0TbLHM3s1wdSQcTrSJjeTlGFPWQA7Exz44hUHy0syZFkn0/EA/U9TyXBpCK5sppRoyJmK4TsLT4j54k5ksj93zoCrbchCojDpCHsRZjOfhBd4AyZFv8mLDyiuDVhRTABpgeWwzsEktN4s+BvcGw4SqnzlOe/4Y9EaR8QcekAh/RAqEufk/kIKMZLWvZ7OMn+DcEKHlwjw1XRuCQh05Ma7o8wuyFlpT4A5NOGUZe0t+l6Elq4Z4xDqXmwhAfSZx/OEZpEHBQQjASeOCkx1xc3e/PQ3vA0NhyDJkU2MAwZT3oiK/NpqDjaKBwzzlB4Sb2IdkZZojwB+Q9KNBn92srCg+dTS2zH1Hy1KPQ1hyXs4E/GbFnj3PNO6Gdw5iSFJoNw4wSMUeZlGRj8pf7TjJCRaAEvMtqx3FedzjCXL6ikg1C6zqnqopddwFDpdRBkUqcWQnq/qYTqT0bGUe6n3wTcyk6MuDoOIsxFL60pGD1elh4RieU2OGCLZnG1y/1SAqTpKuaZxKS7cbiJWtMrBMGHA5ysOsEXGB2Fy46E6ISbbRCTuPQTXlcn5iWLtunp7KHIi3uCNKRUQA918Tfdjo7a8TOiemB7hnDw/Ne//XdJohuupHL0+fXhVO/lP0ZPyZ7guXf8gCnM5Yf7mD2MJxQpLH9N+XoOVjGDEC3EHsUiUwFtToOgnkM50thMZUzN91nyIRM65rmoxL6bpyNqhPMO1SyJrlKeaXUIn6HKQT+Nukwkh0nCEGYlyDwXVnmQRQznA3ImsYTcy6na68e+nngLZ8nGNDxterNmLQo1sJz0I1mDh1PiKIVjJlRCq91ngB3QbaLj7TTdB/cZndLHU2XJMrz4JxSGTZkSu7d5q3ginETMWh1RcxlUFckub8ARANUQ/Hk7c2eGDcHj4EXraVdWTEog59Ubg6lwhWVa0xD1l66ebQl2xuXW3nOQm4EzLWujPDtx1VnC1TqzfEPAIVUCnMd8RBzUKBo7boO/tZ+pUCfQRY3o5SARi+pcgrINvzq3JLoGkovXT6DIp9+VxnfmVDAyPG5VRsJUGJBgddX3HU+KkPRRSqFsQqIn4qLJCr2tpi8a4nJjgplcjkg52U1Yiy5NmgWsICwuWKogmCowEoR77fa9hK9qBFfwYc3n6fsVfJJ7MHKuMQdxeC6r3MxlDqnz7H+4gP7wYZw+0Nw6iVeGQYqv+2DJGh3CAZC+YIBLvtEMwQz3RqkhWn5lDVXm2H1bcT6RJqH+nIqHb9EYg+mfFTHD55mVnRH17YriJMPZvzyr+rnvHAREHrC4eIVvguBrSfC2oE8t5DatHQcp8tQv6FcRxOpgkorEfPd5A+D8SuAckCmXSQ5+m64cVe/Gwk9b18bNtUJiyURS99/eKbMQc7Ch9unJIrvp31h4tuTUF1SZIMc8DQdJevK/2YWC6cVQf28R84eFrptf5vuWDHCDlm+W4jPijTAYE54rOFqv+SJhA4xxK5vjed+seXlEhDOwhJtvhhnbnpgIXxHaoQlE6DagTK0+ofvURcikh986E7iLQUagxbMhNRlTRp7JKmF/xLz+xYIGZws58/vFe+KhlWYUSynwHIauxqNnnjkH4sNQMwIJMpMDdGYQHxV8wmZLQXy4AbomjSpkFmRGQOOyG9MFLscvNAV3bu0sE1lWq2HClendn4rAgwZpadLpvYwFU1Ik07IYmfhZZlbtLjoP8ziDjDVPXnmxiVqiBWR1yjNt4j/P0Sxmqnz0PKkFc68+9dp+EjYph3R51YyjXRehiK0CmqKq5SMDMoww/+K8NVAbI2KuEYxjaKi2O9+fkeXw+cyXGaXLDgfyJvWwfGpZWps6Xxlnt0/q3vcp6ng28R6YT44WTCbeB4OQlFZldFnAvEJTO9GR/hQIhTqGUpwBw42f2H3U7NjZXHwFnD3Z3UEgp4yDfVAWCI7cNnEybhHRpjLvvNI+RIr9xX+r+OgdgYl2WNMDFWgDi5z9uUcZsKfJhrV+iX3l+4e+Ii0Rp0ZNBewZRaXdZUMDJFNtWPy1rjLufnH9SfItCcpNJolTBP0HUWUmOtaBFJChIkLl8sW2WVZ9Hg3oLah8wSe0cJ3vVNXmONefcZ+C3Fq7Wb3naQAWMgL7WTAylf0fsNVeBQZONDyZauuhJM/ca8mejgIDg/UI0iImc9ngm/mc87jvDk8azM30CYkKFBLJPNybbE2G+0FEgOyxJXX9Gv0vaJA2gHfvyxfFagG27VJtcaR3EbjMDINtevjDlUnlqITaxwsgLWJ0Ht9WIim9D+Ppi9F2ktHxm4MoAicE3nd0uQUTGBszDhesECSHUSIKhDwiKkW2/9f7bSTq3m+mwEL6Dwq37ustG6zbeQ8sDsgYWSjaPmU1lUPpfhSTjNfVcy/Cw+f1bRRdJhNnUHLKhygl6yWiDZfTe+o9yZJS4RkAeFc3/7IOgzw5TVJO+dKEudZNf+1v3d3srxmWb6tAVSYYGL6EhmuzLtKngUQW2NEkA9nxiEGdmkU1EwCnuTZbzlEoALdiZ8h3KHpSvX0INKnN0sGYvpkgw7oNebJE7tnJ94eElLTNVIMOjni5JZx1Eqrq+7FLwhdM2x1oamkdUpS6JnNfvLSkS+bn5jaui62ImFdpcQJeUGsKZFNk9PjRkhSIIsULO1PRUTEs0qQND1pKpDx2Zpu+1D09M8it7C2mMjIO5xrdyx4zzxkY6JzQzqJvFQSsaGiNMj+9fFPiuGstTHMaKqNj3uqdTyy26bsFnmbiIVNQPDKENSuRHyz3GiVAzmIvkPajid7Tm9sMXTDj6YRg2vDiZMp8Q4afrULvSBE2DdpBgKM/jMdM5KIM/77QdVAI6BHV+2eA2O7Ak+kkre9st6DvmpUsZRi7icJdK+GqojKPPZy1hpfYOOITFnVNILFvxaz05XSyUMdGNus7PqyjdF/QoGoMKQaXQ5HtTuvM4p+tfoL5ZRKl/tPQXoj0/1H2Zzu6NcuyIGQek/d/KS6QkJAQUolOCARnUyrgLCjq7MMNM4wLNzP3GJn/BlJrzT/z+8aIxhvzLhpY1Szng2ZGuXFSNw9Q3qESUSx0DPqg9Mu2Ner5KoOAtWfZmsF4d7w1RBTUzDcM6FCTvyvVVAPKEdXFIw2/n1knWP3xqZCczXvX62de/Hos1DPbDJldZci669S6QnHPdsa9ROMHBmYy38/Xz/5qct4zzgdzbtgA4GO9V4vfYiWMh5YuMpkavt1h3ggJf35LRQrPTH57eDi6YWVNe4l3zMUrkxDuLKRYoDzk+1bX1qBK0cZrNjZ+RfSaOjOGQNKPH78wvlHEQeTNwMa+u00/9k5YbLo7Y3mMzP3J8QQ+fCOUWCCwDMRgK/ChzEulXV7KCTdL21Nzws6UvnlLDDC5UXVOZN13udn/iLCmW1qy0DeLtmn7we757SNGSi19hMAFXDwjX40/3/bDJwCatp2tehtpvvOu53I71JmHSJKnvCxM/6PXQEK4S2Dd6wQlYuVA+q3v9EeSFm+yqmAhhAHY+vrYgp+VF720tM5d6q3JHhSsJvarMVgX0twnW/FL4qAwUySAH1keDWSajVB6uLcklrYgxdML64qVDGA8fffZ5O8FHJySDfGRd5T5c4A5mIMobhPQFPXrXKZFnqGdG0iwKn8eJbRRQG+dODaIViz6/NiTA9R8cIduZbYCUZK38aGQctgjIwOIqZM5FWw3W9NLbQQjCl5+gymisLPMpS1Rk+nCchSG80qLr4FMCtC59UdkOHd59aDCj94JyKcxqxyVfF7oX+uBZXhWwXCxdekhh6AZUxpBPekRwSqXujaT2GsMbDsiOc3NXWpMU16T8GY107+lrcXP914BpZzysmmzItlJ0mlzRTrTxZxuCQI+X1x4dT25gsMMcfRNdKctFHzJWZS6jIXdVMq2d4VUoaCaGep/ulifzgDKoO2eMjJHPz3ktx3z1KNUwiDCUKtWHhq5/8JsgAgzLazLdIDswCbBjUpGvWMjehGNj2dVhpdJqXpOiy41s5jmMlg/9hXw9SHaXak69JY/wOfTzhAFqrkMsLCLqw8V8p/EESi2ZRRsCyI9kwZJuOHNnRcetPT7+I/OIFxc9kGnHmsuVMQI6yhWrbxFj2B6Ga1biLaaYjDM1T55uT17YpYNYKeid0ysniM6FlNsPovi5S6GGgSdFWBaSH6G0zZWzaqZsJPao0OvD7Ska6HFK1s/DX0Q8fnKcfW6fG6R3JWhzyvqmfx0+u2Qm556+s0t4ufLno6VbCJ/1Ct6z/sCB7CFC15MILg4sA/RWnHsC9SntYV0IUWGEs4M3fmZytPQwZ7uU5Z2aKDJVSadIUWULCOmjKIu2+F/+9e/b8KQX+p40Fho+ctof34R4AcXTRI0Pjj9WxUhc/4lzd0qnrklafvjsaOD1LP+Ilj6Sg2r6lrjAh1xF57Bc9002GOpvbOKKxuUNBhW8s9TZZSxfUvNaSjROhQhmOg+KTmzi8OcJIM3iVe3jMWMAM1//eH8WZ5DhrDAYF/xk88+PJiPsqaubBA/T0+7GqTS+bytkeWjttreyObTp7DsIQKF6vs5Vrz86Yi+MKRhCj72m2bakrAZWybW36ZA076RWVs+Hejhl6E8c+yjUk8uE7Kq5vrs6W6R7jeNqcm4Jx9so1NfMncbrkmwUHs3CKTrXOP+5Wd0CUuSn/rBDGSLiU9R1PvHGgKzZao8ToCLchHtVQQIZ/TqbzK400zr+Rllt7YhxLKv5q6MWSVlwsWu1tTac0+t6YUlKUFfddVdZO4rbRX5WAPq9ixGC5F/PHotY6lcRnow0jOfwAHnul1xJQV870ygg+iAdW+s1JDOd8Lz7aJ7fb5KreDzxZdX+488r771wnQwT350fw+Ho9pB+7terqVsHxwxg4Mmz4/uscR1tiD7KIZX+5VOcm4eL5M7efJVmP5Qdv9ekvlCXznn6kUpyJtTj33KmiYiQh6bAqCc2uV1eWjNUfWVEvk78aEvx8I8ULX/WPn/MHM6sTqft3Qk17BO+RK8d0xIefmYv/cRza8Mbv0x5uzcKyzrG5R/wEwtGBvN+eXHk50ZO3c/P3uIXL32B5MT/OefSPOq4FtNCnvnU4Yfuv9UUHAZ+9rNRxv245KKnEUGwMuK+pOykyS4qc9kJL2zXw7QAedzieb//z//aMp+fRRjYB670BPPGU4VW/xKdmwNLZP980EjN8N0VTo7V/Zk0Ii+tGk46l+Hnq/NeEHwNXvR2B00vnZhhvlT4mKS6x8YojccfnJm8RHdFRu/FOTk+rbm7lcQIq90iz5PkE+gQbhwKoQuN1RKwnSyfx2r4WlpSW0ptdWnNN1RX4Aryn69ZI/OFoIzC5ljP5xIcT8z88Oc9TwjlASU/0DUMv9bT6/mmF8LL42XBChwYTbbv1ll4Dnh+5/ViyajXvaxN7UHmcxm/IyJU0o82sLfWeHKfl/lYPqhpXEG1rWXpnllq9VXFxbg5VuI0m2SrRbI5fqkJgAw9ZJe/tqHIDSV5/fKMwXgSCTFhkKVN+JdFGa1/pZ4SdKGb7jkrvkhJiUvRstHokSlGzsf+SCqVtFld+SuU4dy4w/cIwlEpwjzefiLyTzDU3qzuDRGzl8i55bxaWzKevOK1wsgEc5d36UYwf1hd7tqZtWnNJTPXTIl5R1AAneXWMxIav4rJdCcffOkWit+uWQWBkHGU/GkcVmRVyKBSdmaqBmp2dS2KL7YQ/BbWWOheRxWrnLX2Bf+tsa2c7UPwf1hb4CvneBM7SHTjIbEF/Ten1BEtZmfNAfAZQf3cLCXBBg5aZk9KSpjS95rfC1Qz0RFjotJ2lRm9IxnKwumOG9LkyeTMkAWO03Vzj3UTIvKn/AmEa/BE6zbx9sqO8JaycmmZAYYgbzX0LrmeQkcXuVF4cNbsDDnIbf5PYbpDfH4Ssg+C9MytcGBVx0/pp9dxVAp/5S0PcfH9P9SYnuGYUovM7MOpNEQdx4L89pwo+VwGmiONsyIqUGMyXJbpX5v+xHnCgT/+A6xTr/9qK/UbbbmLWP80UNNICpgZwj+UBSrMjCjhB869AeauoKMNOWt+IzYW+CqStasMtWVHf0PMeE74/k5P7/l52+TVBWsTNzqNiacPiojJFzmsGL5W1njnW0Bbhac/Z4got59UEu6V8Zl20Xh0KaKsWJeyKl/6aRXL/yMv6ZPzsy+xKPMy8reEc+zZUPdnsEjrHupiEc4+o5lsvAl0Mu4abBvrRzhOJj1V0JV8Dqtl3fbZo5PYu7O8gRfYpi1G92fnqscJcexuxm/78yzIX73Ixb3RBZOLzxbL+c5Q8dKXLxrb7jf/kVZct3qXgn5is9YrW9s1bLUL2VzxRT91mPPkL7DuGBOd3TajZy1HoK5tJGdkR9Jb5pU2QuAfRtZzf7wVf4Eh52hsy/bosKQTgmz7R6O0sE9RYGMUHyDuLIlV+TRQ7tC3WdV8MLfOgJqiuFzNmO9Qyk4hduXgD4oM6MNGsz8LFIES0nuKFsr+HOdYQQ0nWfoLmI9n4cMZdpOfx86amvhnEya8T9ZjUEq6anL8GH1PPeL8NX+w3rV6SpP3dPkturoXO4yrfOsU2f1WKU0tn/4KEUZjvdCu8KLxpbIsw2Qp5Iq+rFZLD/hnCyLOn9X4OXFBSc4WIoVactGr7HwCS7yEY1sDTZD7ZW8fw/6NF1OGL+kcIvEtlQ7Zdn/+5iV/JQts1uJgdvq/FUGAg7axpXJlz3iGmc7qn1dzylBnY3F96YzF5PNAgmpT/dforuwDbMk0lgfFfDDNZNr/GLOrJAsxLQ5yisXmcq/Y21SrY5qiT81GtMu71LlxPVE3TmzuFKAAutaiGa4i+r8Uv9lJ+MJuw3annx1pr/k2GaG63mwWsr7Q9++KFv7uhRVQ088nTSXUOCLpgl04818ULbrPStBYeOp6RmIA1alSc8WCm5oXnQcos6fYvOTyq8EfTTpYxRGIyYKGIp8leyxEUsVrJYaQpUKgqsJiSOzFbsadETEu5pqljVW3XQzixu+PxsTLDcfx2NDCCIBHgbmj+hB6FpL8OxOEqA2u9taU6fZWs8IJ3DUyBJaj/A3R2xn+FW1zcd3ZzRqsYvDjskezsOe/20WtVFgyGDl6veei8Dq1cz6B/KPPkEFxHcTfb1PBwWX7focZPFQqkea+CmeLuOuSqo/46PWFqyRjKz78TWMzLdfUHk2HimIVQ3QWHSvXT/Rn/4p3MvZ1z0j5R1Cf0yQncrUZBfhzEb6RojKS2mhU48/YyYsDu7P6RZWxvHHc5nm7ELkMqo2eBlmR8WLv88YH/j4TZZcpG5ZOFBB4SkzekY51hMJyRdhRij3lDMUPiSowiVD2gphABT5FyhdM+yRJ2Xz2w+/MMoF7ZFVeG0tLwkcn6gBo9BiJWFhvY/Ow8Yn02ztHn/L82ihkrUZzX9GbS7Ssr+xZiXyMJ8ugBmJ/YLaazSYiLjGsC2Xi5vT3x73M9aqz0w8D1v3kCn/DYd1tqa7ke++X3jhyMqeGc85sI+9hVSR7LPAaZ9yBDkdBQd/pLBqzSfKOp9JAicTwIdotUAVEOLRS9rgWk/H1uGDbwKUzB135SRz7JFGf21L6I3KQ/GCrr+UQ/w1tB965S/ylfH4MhGb9d6LKJYoEZv7nYc21xWKsjmoyMY/qXWMRSyYR8p9VaUZxpnvkRVZNi5MCqZ8ub8F5ilk7JlEdILLu2419Mo28iRoj+2F2BttqRRtbknCTySVOVaJ/eitOnMJ0QNDe7izesw2Yg3Rwr+n2JlURa8LzVJBWZrZSQmNYdTffzzV3wcd0t5XIvvJR6fHY6jIy5piI7SiOXPXfxbAP3hGsBSaBN6lVPGAI8z59hHCB1mR4xTWqB/gG7lDJGGxyML/T/Z6wdceXoD9aREbxWvLZq2pB1r2W0IqN5UL3ZYYTJejt/laQLd8wXXC9Z4b3VINpWZAr9zRruHYxc2RfqQHxEIuAqtknz8IHua/1i7r8NbQNke/kPd85zJTvTTpdqlF0dTtFFwPAu1YtPB4/UGggqsnfjqdUXDkYwNbPt4GbRjoj4jFoKcDS9UCyEk/l5cwfoLqd3jJT01/Px5fVC2+dQy1XTsaqhnAkUisru/tXq8OHJettRnVrECsdLcoy8678ofZAmIIesaP5NT6p8olQcyyFOPwrkcy+POitemykWBaqf1YPW/WK52LrLVbmTltTlWP3WTUXZDfZF+foToxN5ZA7aRh/NUIpwls1V8cuwRQ17ewcnXQ9SGC1zX9ChEsxSVW7qrAEuXU+kwkDZmgMr3l9f0VNeAaetnnaAkc9qLCpR3DLfqO4TAJmk77upSMaxytJYCtzxvDctzaWv/ZSSaTfSbP1cc0blkJO8Zsruhy2sb7w8yGXC5uuFtXTeK96W4oEjSeNH8//iaem3Dz9crQ92fcRUynFf1exUpvAFypJzeCAn9MMuTLC28g3//fJnnmr6fu5L1o/GriVV6KTz+EiWSZyXce/6pShUJZjhgF7l3jsPxiEPhD4/WbJ/ZQYX38rSeu9vDSZ8RWs8a03ZWzMgps75NfUq9RuLHprByG7hFVOjI5nKOqysZBKEmGNx+sWTKO5BcxZ7rdFddgtPC+sNZWasI6r1CRKKt8waocHteGxhLptq0Foxfy/jXiw1uWJqc9mYTQKH8tb87Q4m8tSiuLhChaWdMzihVEwi/CJz1tUeEMCbS1ezQX2OqzWTyG9JHMJ2X+ERCNTIqjDfEUAsSTiN+o/40s1WNWTUrQUroTjFtQn5+v1L6UGowYYMGPx3/W62t1FZLauvJ5GIs7MSGvQXjf+OH9ZyTb0eIsSfDcpblv9yvd+sHpH0lXjkj9gJuatyxgpn3wfMVjmVFX2k+U241wBrp7qzBhfYusj6qXDJz/eXruf2YZUnNlADM85xLKd7NuEtntB4D6b//1X424bqJMxtrv+X7dngWf4fQw1p+/cXo/HB1fn+wUl+mQjPV6YSjI/Ie1Jl+q19zQt6a9kYVMt5aMYGp+MA21DtuvFXT1oNybS1tFg0Lt2+JwSzexLdXoJEy2nObz7oOGAAJPom3s0To6jo4EX/pz60m6Z3jKl0uLgP5ma1zN/PAmRCwwk9YIyxwRh90biZyZzkUuTEd6h6+EPSRaxs5/uhf5JvWZxE+RJKBlfLVzKfz9cWfSYH/zANf5eEDhFj2sdpB1eVzN1XQgDjgHlpuWzijsDbKNmviqWl5bw/UAt3kb2NInXqqg0KKT2rFHEhZXD+wsZEKPdUjP1Ow0XLX/1DvXl1S9mGt0z1M/2pcWUgZ246d+1iI0AXiT8jCvLiUAACAASURBVGwT2eRXpB9UC0FWccFq9bysVhPbfkaryKIfSH52pF4Mtao8/9mJ7J3BLs7d3OZm5dfG6E7ssHZv88uFL0g12xUM17NqcZP/0ie2Mthr4ZzNmA9W0PbrNe+PFu2+HnThjzSkfyyz6++vAD6YumezP22AMSOaDYKk0bLmno/JBlP73YzZPZOs5QyMFZKceCDLjEYrXzIx0/h89RAgIHrc0Vnh6yLECBCtCfWh4keLv2R9GKdkWwzbV/9D6XrfwwByDAFNrK+oqrFJuf0qEvPZYl9hYVo/stUpD65i/t0GaFPlN5KM9/GLiM64ZBEfvUDgvOAUHgc4mHkmX74OOgsS0QwVS+ePf7JTX8ouSJk/rQke7bcwMr9yLJTG9EVVvyyfUE6L0HIeD4jmr2cNvQLkR8J+uABWEdmpXQ8+r7q8EGBCfS3Yd6Z4PN4pAzzPbrFh8Ntljxqs7jPlN7U4HaZIJ/qfrzkom37eXpGJuqvsIth19Ltb1gj2BWKPAG8R6FN6e5XWmqduI+GmF4cuWHwYEkexCh86v0S3es5MgqQ/DFJQrgssm5l7NKsJGc+B3eljy8u3mmT0tN+uNE6yLJ3PIZ0C6dsvlGlRI9em5GKuIMylDytIdsneashBhjUEv7PmygCLEgBzqN9moU+RrA81H3J/kGPxaPG29L/qsdCYVftpPbHkR9dN73bL3NH44SEaCYmNDlvtQjf7LytlPzLPGSNQn+l9wGBRV3wNbR4Ed8ZLg0Zfi+OPUjTqkezjdQGC9/pSVfD2/SFayx1LtrJ5Hzdh6/P7UybK+1ntbQ4Wpu0bOidZCuQ5qeiNaeXUdw31d6Z8693SnFHoB2HEVZpGhpHFkBDjO8fmIwFydu2uPsSv3J2e83mGbItKDQA105I9Jel9OfVD4zzYH3DyQlWJuLYfz1xGWcrvboQMJ4s+YjB1rwwUwPWJxuJ/Jw2FaQH7FHtCKsMm12S4n1wP82AMefOdc5tDQq2XOBaIH8JamxR8eI6lVz/4vytSGFR8oNNgEBqtNp5MSK2urLeS3REOhTlG0lfluLzXfPSkPNehAYTzAzPwV1UTyo3JCZqMkqTrMsci0LIdNZl15Axukr7Ijj/nQ9yniLZGlHaV5r8uHoxKrOn+gxGp3eZW1a3yCeFfsvgx7lciKrRV9Pmfs41haZxxuliYRV/L0X+vv61hw4+pvJK+6nK/PbdM1yt9iLXkSg72b7WnmaCFC1QDsUC7ZLW/wS9j2b2uP2YiWDReM6iv8i781SsZx0MWoSpNHNis1Hrc7s3u18LgV0D0XiXUQNaPvNcZkVduAyq7vHNehN6FmK/VXDSK2D1lZKmz9Onk2i9DeSmjhLBdW8YdOI7oRQU8c6cGv4VFC34Ipolc6xQX621X98xXp/j523fm9W//+q9A8j5Y/4HZ+2BPCBM7S5HihzlZlLqAYp7fhvJDID/t1GNz6n3NYfRjVdurnjMeGgpmPgtmntxvbM5v+GYuFv6i1WZaO/TOMbtLBayNGZ2ZCKDrQZONS+Y/6L+mtL/JyF0lqJkhvk1t/P1B/zxjr521ps/nwSUINc1eD/XgF/MyhH1AqR7SR8pK0tLpgM2zT9Z1EuVPjSiTfEVyXphxrzy0XHcXLF4ZK3+fLcaPmZIJj3b6WL3ka2h0eNGgectKaU2yUh69M8DBjv6W+m605DvR3zhQ1IpDjsR6DsxctpQUQo0f851Xs11Ek4dTQK4wYDU+4/3g9YMz/ck3VWqQHCn8jGX9vB/5OQLrNvkkrzbKYB8Q9AN7pvHRLkJiOnSyHEtP5qDc4CXXTCbcUgzvLS7TGp8ZLSjbzPctGgWgNySpNlhxbinx9N4A72l4mTQySJqjUkS+1gGGQ3BV7kevP4LIH5/o49qdfr+uNfkFZ4q3h/CV5ydbuQfRBnWl6FOy3OR1QQh2ukl8hi299JfFQTea5Wn4vCn+X6iSKf389jW7uTYEW+7T/7IlGM689jZiexZ+Ou/aq/tP8e7Tjx4mROYwa+5342vYD2LrE6XrH9VeRsXK+FORpn0h4uwa+wdNLRjWViihaOaHiO2XxYUX5ofyzeQdUs2xwzPlWn/gzeqnfYYkM8kUCgsLNJLq3iXQVrrP7vOtPf+gbZvg80A+2Y+trwgkAtlTSYl/YmR4Dqk9bkEJKRhAh5+Pbq7P9rTWKa4F11sqwbd1sOYxPz2EYERDaspMplfxY7k/HoZb9HGDwkGPZ+CTwPEElnF4BK79UtgXCbxrSDvGXEb+Gf5vP7VtiofzSMSyGWiyVYG6/LuWou4+Kq98XPcl1f3iw/1phGZ2ASPUWA97PPV8OEOuUNjffhXYj73kqVlVAqdLpDaYJoPcLSjP8H8SP0WIsv+UCkHn71qEckaA41UduHECbhYi51tMhx6GoesN7ZaBsNM/tC9TwGaonw1fK1n7H3ZmHuhXayDpV6hccJf/SsVuvh0dbCXYPUoj65HvTvR68FwMKJ/9844pY+Na5eZp++Uo2U9l8pFOEszo62fOo07u1kMpYGPCmnQWhA0iOd9cU5YpoxB9sUFfdYPFvgQoWzwyQ6LmhikNyYepPipThc5yF1EvGSuyOumxmp4sLfpI2xHGOszFLFwfmEhjq5A+Vx+BkMdEuuUQAfNlgodNjXmj8tVLx4CMTcoty9b0COZsijc5zOgxEaExHn6jlC/m/khiTcb7eX8vU5FWi+ZPBnf1ZMvVskZdznWWqw9LSooHOi1JAtsrneleFmtoQVu6tCUc6+HeAZVYby2A0c974uJDraXleWBbEizpeB2310h7iMHXJNB412zYNsh9Lfnj+kPe/z7ol/NlEaKjJMKTs9zxOJ16cvBeoGYkNC26i+L7kX/fuGYt15qDjILNXAKqj4qzpXkXiCLOBVgnGLQIU6RvtztrFJ5bJGAI/GVoztlclmF6Sb3xI83h+SMGC78zPXg9Uh6ZY5kBMyV6ql6yPrAl9TKdvCZwSXftAW3yh97ZKbQHieShSHR8xNKzk1auhYfSnVjJkQJuMUkgxaUDzepao+NLb3+8zMNiDfNVuBHEfBXLra+1N24hw9jthENlp+LToDhQqy9bi1r2COGhB2YUrsqFZy21MWFS5Wfyg8jjzOrhnfpN8OknmnU1A3Mdo5Y1fODL1aZak9qsh6FlYbvpU+hDt7dYFtYf+WgA5dWy+tD5J+Gx1M88LNT/+V//r/eWnmlgfeio/dvN2/YPUNikH+1q1y/g+sYQ9dtMltwieeFfHrB9e//0378O/h34fzi/GqEJOixWzJo0N6ftnpfLGMwUAzv8VKBh8a5IftRv5pFomUM56zXd/CqBEI+3sgT9l1yqRIV8CfkLUX8h1NLuer/6xDSZ2mRihfRphJwRqU2UM/bbxXRG/2Mbgs6Ibq/gNQonPB11ElnwyVev7+VLT5qCytB00qMWxAUc2zrk9rEfpBv0h6BCLF3gnl/mSmqTEr+1yv0fVxv7joFfbVzbmaR8W2G1NnzInfHOIFdnpXMGkLwEViKm48SzObKJ/fShwU8S7CVDsbfYSBgmp6PwSrj9msHm9M6oPkxYHY96rfR0ffB3kgkJI3er0eCPX/yIwExoOD51vtzfVMsmggBujnHxgtrYPGcqVaRJiXqInBk15IwOOqv3czIZ7y91p0XmBfvTE38+Fyhb9N5N6sutpYtYb13ti5Ibf2RgfkB7wHKr6MP+cb58Pe07SOPqIqRMBcCqIz+webgzqPWFXZN8YU7mMZyyzEZV+xjjpSIzmZbS3N/E8hGwH3M4E7LgxFS8qPeVzH+2BJlaClQzO1pYP0z6NpDu6+fnvhRKmqBcCXNqmippa4QIQPwyzkWtH4sU+JqAVZ9jLipwrf8CR6OQsPX6xEfCsLL4M46tTm9ubA9ktIEvA18yannJjyY8mBdmTZcVaSAmscL0B5EhSwcvednDz3DeAOAnw7+IvtBij3gTxIc/7XZE0n5w13yeCu+HDIb0qQX/A9rRiLrG/9OmrOkU0JZJIvVM3uR+wOk+PBxdiZZNy21OWMCzyW3ZoYeybiDlCvTww/KT/Gp/TUx6Wi/UE2r+Klbv+oH1cb/uwXfqaS2RMdi9SwSejlKdqGy4j9rXNIznnwhr5zQ+gy+nrAO/9bUmP6bmtzvBYgn7PC7mTD7eJ3Mo5nMCYyVUCOLoxiVdIvSgnqe+CKKHfNawfzQxEW0LkFixuTOzWnbGkelAQL0vcL+8gPMjef5p4t+cQhP9iiUwz0J/mF9mbJUDcTipsByuPLnEAg940kgGsyt6+8EmyalZhOdXgEfsG3Fl/K0CeoUg17vq+jlKVuK+8tv9v4GYMkcHBwy+TA7w4xHNID8cMKAzc9DMT824fFzhYHw5R9zVMtw6tdg3/7pmVhziSsAlJD1d1kaQiVxWPiIioELsI2yiZuXC2mUPeht2njCzk3B0iugUUMx9BdU7q+qHvYfVN+VrGFwX0tTiRC2KPdWn/BTGzfwsDPjSVJMdT3+5BXmFJl1uz0N7B0q7KQldhQCD5+a9CkvdsvZ2MagPqDgGFg9+pSu3UaD9iJlCF+6UKh3b88N/1pv1EgxLAvzcItfuOPQ2qpQ/PKt+8Yjv83l6i/T70UzosaZ+wfnAM9yWKTN2ubnlAyPUw1OlytRiOoAWV6eNfPNXtRiDhVuHxyvDaxUZ28x6jstNfSStZzPwxJRwLa5irK2dSyjm9iLrWJOQ2fOUYY3ipGfny0Oubc/DovLMy8OxaM/tEoN7lbrN8s7T74DyIOoe9UOb1zbk3XeQQwBn/G9gTFmkDFdFmZs2OV7Ip6AVnfX8ytTSlQ6L6IEIV0DIDRRG5pnNO+rwBpZJp1A61T5+UZkHT+1gCKH2lyZsuMwjH0EMzOeP8d48kI2oHB4+arVZXDbFh+v+tRniSjQhGmvaVrwKjbPCzJnggtElgrUG2sT8QGR6WzoxXuTxZ3w5s618a/YXNlJZeD7kGo+11U2n4ZOyR0FJ6tokssoPCcKSRUNm0lubXIZdX3UzwY7BjQCmZeCVckzQErNSy0nJkyN/rTZbaa0wkSsDvQb7USv/hFYc2Pvtx9fatZvhhwn0UZ+n3HMzkRQ6FnVKm1LeOcUmFXu0ZaD8nMeV548RR3TiZgZiMvpfEgxPk7/8Hq0I+jNivl4o81UOAM8MmLllYQ1rtD5dvoNbZ7F/RjJ/06e5/piASGgzY0hOOx+SvFTsX46ZkaSTZv4IMOXygHCylwlfxIEfQl3WyHRX9L1QnyIl7AFS+fsvm34bepubU4XTeD4IymDusXY8ihuaTCLtgbPCGBcO1M1he6L2AoVa/5vuy9O2dtSVAQIESY0khZr1JOUDDGDhqe489xwVLovsY3q1oJ1ZuWH11GgfhXC8PraOxog194+wDdwPTgqWi0tJErwNm7ho2YTaKWVNezPWv1f+6LlYnGYtXr3axf167EwHVGYFNHfq2IlC3xrWr1iPXENpc5u5Tet24tbHE0jsn+Ky+fpkZ/xiPMZsbsP4vEplCCSWmmbZNCT8ixGcPUsbJNN8TQ/0MMdqlAXLBm2JPu+eqKAmOBgQqel8J3oiIva6+xy53r9/6Fj9r4GNdixYVXVQB0dSR3jlPMyVSyTdM8AjUwRLnSdv6RwkC7Vr8QRLaTce7cokiaUKzYSRzUX7ioTeBtbidX8PYi/PpAqHOU3F7U+Dm8SvEMbl407OVgzpSEUEwyJpbEjtv6bJOCzuMPbKgBXsSONDSEnqGspSzN/QfnQtUMRRwmVKWoG+JqOhY2+CXQs1dmfFh6ahxPpz2nQg90kmTinzZyaEIc1Mc1ghKYgskuMYrKdolVI7z7TGjMe1aNW+0/5IdiPKWsXyEpybGLjwkuUFffYL/F4LftJyjrjF9qRLDGLl0wexRL2y+cEQ9rIFGW4KJsRmguX1P/3rv9QsJF5bLfo/s1dZbxkg8PNnV66I7LcLtcamrZf2n0Pjipbgx3oOV/q+Dc9TXoYBLFC2/Qopf4zgH6Y1yk9oSp3wq9+ecqd+ZKmFC3jrVXqyr1ZrmcjfVqDMUK2yMfx4Ze9Yo5cHRvLtde+ZG10m+bvgkeuJLzk+oqanu9i8HykeGL+hjFpPZwK8H1isxFrsxsvc551diFuPblGDyfN8IO78+HTN0U8N3BtYzKw3STvcbw7P4CsjYPoSoIDIRsHgnr2UD+WvtJBeiqC+1/UjHvk73cgVBTTz6GxXzAnUbxs/xWYB04jLr3JSC3W617Oq9j+wdMncAf/OYHB81tWUr0kegL6CpegEaF/Xm4NJ13yuM24rrqpJOjxovkWCUNV5xQN4H8pEK7j6MmTRbVmfbSNqLG/9B3I/TaYF/0JEphol7FuxksyebssL2dtC7zUDtHJ8YBocnjznpoqOQzl+khQ/R79at4f54Fwm80qg5XTlFF6UmLljzzPu1OQBxC++JkqttEdos13aQG+6vOMXwC7TikiLJezjM3kA71S+phCafxuDnEva52msA1l9xvQrDml4+P403QhmncKSXJMmr3C9BWA7taMnHDTBgqcNKBbHD1pYIiNOCuOhkEB3bG6dXZNUC5OkeUTm86A/4oz9Gc3L2Uy95P6Vh598QBcX7z+8HZFbAVBZ4scL/qrLr8q/UWQkfrP95wtxE7/g3ZJXOyCPbvm5Sqdi3daySLObG9Zve2iveYi8+BBI+mXmmylh2Dsv/kalenmgvwroBTmq3vhAe02NYQWNZlgW/D/C4h/y9X3YsYC8fF3AxSJxcC/qDG0mvvBgzgKWHmVI9rjiGTfpt7Z5CamWMnoRni4lWgBecIhixSpg7Xta9P387Hhxs1I24cFAT+pLzpdyGfaSnpGl34dBQsFR28LFmg3S835gEotU/cdjGTj68nFf9vjmmTScjH4/meUoui8evjv8gL1TyZXMiY/NxZGncikobs1Poqj89dWzRZH1Iv7piR/OAJ4eh3abKoWuLlkOclbjpLXy3MvHUuHmP9I78enXMcN25Amz+EjU++pel/CMZUnzWzeqVWWtmYT8BlpIZpKU0q9pFSCnwuJCD1kHdXKGYJSfqyPszc9t9h/9eop4S+pi92ZRMuuaBj2vd62dWsyVYGClqja0cjEgn8wePQ6GNCHvQ+lXmtonSbUMwK3yBFZRiwXdopcKbg+tVMAkUbiqAPS+X81fS9Ke9NYDkluQC1gZdfrVHz+bVE9iK+XHRc8NLS2aXAT/ZXg/OtQoVqlA9C9cb4y/Czk9bS3g8CGgPTtiF4fIZ64Z51KnufxSAIdV3/oPvX8kP7nEO0M0xiV5hee/YyInWnpb+YVMpvlZm/YwfB6JesayL5Tv1URuq1zQKWVn8IABGsLq+UxjsDa7eG0jtbGFgcjDe6h1b7ILt1P7M/Oai3uxJIvSo/nvTwFan9CqMTxcieYtiLuS5SfK2LdaXGCivzsbvvDerLPIL54Tt0aWVNqwvEdRtODyzdG/svBDjwKHW7L3kB6bwcy4hHpN7DIYEbiZ0y9S30CWylHyWlz7LstrDaOq/NhxAK/FTD658Etx8CEvNwcfQFmeyv6qAX597BS7BSMrl2aYm/WPYpZH/hhf5LvnlfVHfT6QOYhRH7H5lM3qK4XHzv5Y+VsB41r8rbUezs1JMQZePyPeIvtOJWRomSxCq/nKuNk5D7q8EBtTFpZXCpRXBHC9sv0tXDP+RZksY8s2Qeuh33/7r39n6Ki7jFYoooT3OmTOgePqef3XxcYa9NEroyIZEn8ODvithxk5WhH5+ezHT/ixgb0Z8X3lgYLEsr8N4vf3MRkgrikaIBmmTi8PHZzEBCbvIuI4pUd0vr8efjIT3IOKGZks99b7iNdHxz6tYB7Lxz/LHlspShipUmx+so5Joe90/xkFk3GX9/bAeUXP/pGFPbUK4tUuHlGrA8Lb75lUGAJ8O5hi0qAOPx8JUq2DeB5s98ob346dylZSZuTdmXCuB/oaX61Dsvf14HkIMKjzUuaZ0OT+/Nrx6Xpyn3/QeoGChvnJXQbq+KHeR5Oau8aaUHs47PlECCbdHOFY/ULGObUlAEUZZo+zCrzJK/40WKN8o7uU8s3WwCTHixdZlrfkeQjzdKPCXV/OtXX0oRMf6/XF7sXEB7I2nV+imL0kfG7j1rhC8VzfjDSYVPZYZD+iiMeR7CMaI4nDxgF3mPsRZbfGQTzW+YnpluY9uO9805ZWO2DCl9XXq+iB+R8/XzWJFTBa/NZc2vLHx7m68cUPiGRYTQhVCtr/u7AHTfTBylwXkyHeg+g1ZmoGlZR/iosFVS82+d8JmFsLfwoVKQ2lIRR7NXnaenHC8/hBqx+Udqe/Ay88dF/MPmi58e+l/z8MYrE8YBJl2KaNP1qp95OlaBjy/9zXnO8lQtuibRuxuIj1QNi7E0l4j11eOvIw1Wz6iPOn7y+t36T8o6308y8t+t+zihiMRG2SvS17GcPzxH+0UGGRZBA6r/42x++7abKf7tUzwelaD9CkCNuUWq//SEa/778w/P51fBtdmRiPyJwO2Tl7fNksrerCd45dd1G67pLtuCaL3GsM0TfJTa8nJMC+bediIjul2RKeclvotL3weqOJOy6/0oowZw22Y8RFpDT6WZ0xfyWeeMHJQ7NdGYn1+ISM+AfmbZE/soHPs6Mwv72fgPmjWp2xfYCod3VxEIosHhvVe31WWQ/fqYrTkaLzroU89HM4Qy2G/kDnaWr9/vOFhY8w9UacX8s6b0QEzBpw2NEcUYzL9Tix4Nd/LZegw4k1wIXFI4q/zvwjCJ6QsLJ/9Rm5byPu77dpYgFWkgmTbzie1EAlW7ePb2qtAuqglH115mZgX+Opd1XAjPOKZCXvP+OvIVQv95AK/2bTRMEukWVFwwf4CGwzM3QXk8nXE6hVW7j+Yw5gfOkiGpdKrU49+MTGxZdCwGzU6l77RFgPU9PWGK9PdZbxCXRNZrfWhBaVVnmZduI1htbXAnF90Mc30UIRVyn4rOvpl83Aj36EiGrHyYTnqYkEc/b3Nvn8tjPf90y0LtztVaML7iz5NK4ebm7XavcVBdNw6BkS8Puih7+H7JdZP05IQgiwGsXz13eJ3AS9WS/yD3b6HRzXf19QclvAjsxOOG1/JRMn4ds6VdiN0GQufqOEp1VAKaXHKPUfVopwIA696dCtlI7y33mU40Jf/OFhdX0pWIGsoucZBFjVoA0xs0TE/x0DUfn4V16uh/AL6DmsUbXi08BygP2al92UJdn+jIRxIdKEp0II55hGa5dOuZcY8A9IbOmoReQ77/2of5ERmo8gxMSWab5s6hBpvJHVtIdcY4XMC85SNe4v/OaPmaTJ7ksCtEG+fn/H6jG5oHrXzFAoXvvl7wKKLO98HYrdxZfwq/GNjZ9vf3mLq0XibqfmGbc9Lg3uIx7rMX1W3+/VnTRrv/XcldTVPruEKDhz5ZcmTyfvv9TIFGp3APxRlmXeoqPcqtxHjx/03iG3cPtQYfbplca6HldNuwRHEfPfl1q0y6oCtAfY0vVRlh/QbcGY7zfWmPC1OSCb/CyeSdF0IPut/+eWvbIBm+MEZkaPlRWx2lmKR1TWnQDDo9BcgNQLIXQnS0ZU9OaJQAQNmaV6I4r1R4pfu2Jvk9q/WtCS2vzdIr6FpBgQx2Gvu7ERqGVvFNR9B4m79sw1ZRFzb4oUeanJL+PwlPkf8nNZQ+aTD6E1+HpLqlNJq/pOR9Pe5FebuevJSKZd20kBc2q4nlOZ2zUo7irAbrzAu+a2D8zJzGtAVr29o0mvfVVxjoTkT74N/Lt4T+TfJntFHPsXyw/1WCp6Ux6dUZT9x3Q5oYiXK3WK6hJx/U6hzuixbGsvu2YYSNTcUuQFRUvuMZrC1q3TvEr22SbOoQAb/tqtJ+5leJ9rUNW9l5FSJa5QQNyXBLNjsOp7n02fTtpWx9F9rILcHXofKelj41F3zWVQyOdS/4zEmYQtC9nJ6f/WqSKRm+RdoBPLz1rdnI9HTPJTXlK0iD2M/gGWooPEBeXkpXo1FJc5pAm/WDQ6um+C99DCqxpqFYJZQf0HuhcczddynJfrtKk7kruyawdbU4mq0xfEG2N66Rl1JyVkqOv2FQMT5Ed++ti4Wt3eKCE77m7p8f3itqqJUC6xjl3QnB6K2smbGl8yLglOayhmI/hyphZcfrgVLNgmeSb0JW3FWPYT9Tz9Gf3COT1sDEw50jLSJHD9EFBckiObOAMevpblsfK70/3bXnnvHZ2Gy8wHPN7B0p2myyn3rmcWvVbFc9zwVmnn8varAvmZUeX/rYOTs5p/FyteI+GLRQeMhZpf7qF61/Xk7mv/h1tSMgliJM2jXnfN10fQaqLaF/XGw+Ma5zMtaZ5fHZjeA83cn4vOrZTAx8Vddg3jsDjR84NI+/rQdSuFe4i6qWXiHNAb/TzNTvRbIwZ2F1K/mhWbOPWAl3ghwlGmzjul2mPyjUSXt+eYgxzTi46m3lnig19+LImiRv79KatpelcRIGlZwzesP6T8RZxXqzNqmw1ThFK3/Tb7QcH+iM5DwP64Jl+9e9/2hcHxIiuHljCq7RNKkpgvKx/DmA8K3BrpPEPHrW0MmM0/m441s3hHjCBM1+Vo8RP+vGTWU5u8Eej73Eo9gcEnfRxonHHtXx/RQP7gZq8g3lLxCEvt/Ne2/T/dqH5gecW7P1vOKCCg6x30VQ4GbD290768ciCHGMN2/9r4bhC4Y4TAVOMl5S2dnWK00q5xHuvh/ZVsXxrrA85/QqqfxbkV7EH3lmz1kk3UPS3DJ0QkpFlpbxokcF8jwohvrdYZlstG1bF7maWLYQOvuMNr6L9rOh62de28Fw3F/tlJXUGSnrCmyCOzaz7JezvAg3jHSZeCgv0C6qo6WgHIHsbkAig05wV1eFTq1IOqIHi9YIq1gotSIc48uyRvV31xF7w5lo1gjZUlhv7RzTxS+WDlSwxNnfpJaWOa2NarfHHKC9obTiWVSwAAIABJREFUDYXcu4kfgDEi5R5+Og9fIagl+kuIliMNvKgVuz8vXZX6eG/71fZlamlpYa4PDAbbva4WinKfLNSMwd67fV6RWNhOtzJZlLwzGKGMCNfA+xA6XoWkz+GaTAFva5/xjw+nnFz/GEqsT+j5/8T/B+f3C96m7VnOSx9b9nRb81Rw+Czi/vRVKmqmfmgMEqP9ff9aeEyJOLEtqX9/8jk/xZA/PnmnYABNKZ8r+f+QY8xS+fHpWkJUYGrEayw7KR0CPGOR+dt+kGF3dfSj+uNBW6Dd9oR2MQ3eY7bbe15fvvu7OMFfr7+jT5kk5003VZijnrV/fPLtnzL8/DeGdQFUXLeARgsJ7UHRik+0nhVdIowqSsJvn2QVLxA7k0fgzlebVA/N9axqkHug+EhcDnDzGUhC/0yAXkGLmSYavQp4AvSvy/GOCQPEj55kvEs9OqO+c7xb0uen5v+vL7J6/UIS1//wph/0b2VQrssNqfm0XcDSNAHv0kN9mEFXzF8v7rmFiR7aS2lvxZ1UOzq8mzbCcDlIiwOj82aNR7DDhxaOzP4h60pG5QtnqJdZkBw/HJqul7yVJWRsFmrUstajsNIVZrIWSKyfKEYPKpoX8QtUekpw8nHn3bCYmWkk/+eQa3quWZzUfQ/mHDM9ewXHl4HDJ+ujaDAqLGtTIg14VuQ2e7z44JfpZBHPFiI+R7r4mzdp/NXSqRXBRkInN/VPX/baGfPnWoMl5/5PMtDfnzy0atcBPdMES5cv0lKlN7umMz9ZE4xpmg2tLZB8mt5jXVjQpW+tu2zptiPeLffGK1rmKPDOUVxTSKELyMsq9WDVWUvZo1KeXo/FNZNOQBwfCQAf+VLEn2oKKR4gULzUkc0s6mSBk6k6BnCEi+AHcYpnbGH1EZJVm8YLSEeVoVrKmqL9rYFO86SG70m1Y6a8GtAv/j5iH6idwwUe6eIoxvpxkvLH48+vAyn+4wDPIIdNJf73yZh3TbRQlxnsEVhQL4gwZ58kE00ndR9DjRIfY42dhL7yedKMdTA3eM/Y5VTcxTSLHsC9YDEviPsLmGn3v1YjMixvsrvS+xBi5QD8hVob3m5whenQf0Y51pIDt7trTv7yy1BGkf0wQR0asNubV8bFT4MVlbcq5unySYT8NDEds94tXP/w80grM1b/GUnZw9S+OsZ9kz9LraNk9C90Z+jvItNS40XQX6izPxuvzAgVxSE2EsyYHxO6vtuWeKDZsrxyYu+YmPmuNrB9JuBDeK6uWm+zom4cfubJXqPLm9h5FP+hSGVR59Yy0BVYSgTGEEirqq0pXQrX7JNiupAzKNPUKHtN8v+IP4+5kV3yMiSjxsyC9JU6RRRv5xuY2yyqCuf2pPQ5JsihV969ZDExCq+Muf/tOWXYC8IsnFsyFjuZMj7MbMIpfH6lBku0XllcKZ81fj6arichN3wkf5E6xUdJgnFwIVDUwpW1gX4f2V0y7V58sdGUJOreqwpCufm7wvYm9kLJcbI/c+TDnV9+Fn73z0WNR/J9dCxbpbKz9tJrufgp9ja2hZmPDacNTnAqvX2hYffPEZlVI3nhbFubxUNbtj2TqGMZ2rCSuaJbFCkFvAk9Wm/OiLobPC56OsIRbp4oiDIiStOKJpTmS2OurwjQInNqO8HULmtWEG2907/D9B8q+xoyU0R/tKe7XbuHMdOKOTs6nPbsbHMo2YHF8v2ecfOAPu1Abr/DnafnxyBsWxTkE/HrFFHayMoKo9f5m8yrSbberb2IlajJ8+hfnadG29riXsY9BJGNCMkEp838crgYCpZPVzw+R0HP5s6WIYPPp6E1lsMtTfB0+pUGkdMymtWw5Vm0vOiTQjujx8uHyjn9zKxH/ofa0CRhxAqp31PCZhHKw/yysMTr7HylNMcu4lfwlmULdq5HvzXHpR0PsrsD63i66RPaylz3Dg/EYjpHU9qwdWMJPKhSgUknWslo1Y08FoBz6pivDELAi5GPSs46S+FYGtqMHJSTNUafZfMYVwBdG4p+fq1dR/k1VoAoKhgxwx8vHAqGwD7VMBBmeRopfSqWNdaRxIQyQ/b8uxz3n9iFQO3YDq4vw+nhMCxhH7mIahAgb3uL+4CiPfuK5i7MXA9uV4L7qd9mMH/+eGgYyl1dvfuktff3p1lhiUx1291yHt6Z+GfrxjDADv9KiKv1iobC7Q8UdQZJ0P3TwAyz8CT+F0dMhEnsjn2ZXhf3t8HLSXz9+bP0sFB1O10o11E+2GBZZkTE6qmf8V7jjLvzi0982cClbP/JstwTy7c5v9/LJ/ctu74MWMfyzWdb3CjfVZv3bQyq9mM5XniSo4XqrXb9pwpnhEtclsBV2BxaL4vfxDHWAciC3+QjM/gwZ1F71Qne/OVCeGLHpDGdRvHduGRLy/3nokSr7ZbvRxDt1z4mZf2xWbdWw0yLi+LJOdaXAruA108ybjdg8+GviTgg9MsP5M3qGzP/U8DGc4PEKl0kUc2Z1DObL6jFZ/hScb51YXmF4rkaAJDs2fkZWzHDkCq94x+4ZV4wfNb6179NBl7o/4H/UPLz44TJAojaRDnlC/UOQr7T7twNcwpMhcCi+E4KIHXcX4q0B8KOZ5jti21qj6LsSzAgjG9VqUl47FzAnvEq8S1MzdQZOcEHlur9Hx6YXgFd5VnaCkRQfwTvE9ZHWc4e/ghUmabX6VarYrIHh8b+jpLiY5ZOQqir9VPHPdezXKe8eqce7GU/FrJV7irbM0swQHsNG39C35euMiOTcR1iz3/KdFzfNDFm1ZoElpijnsIoBxhcuKoY5i5ok/Zk93wd1nnP+4qOjprbXn7U6lFfA8/7h8Bo1RdeM5jFGV/Mqe9nK+8zKUgjAz8PQ0n4evgQB7AX+dsynS68VPXv5+LylPxDtdyuvRRt8iiUd6GQ7xiNLp2gRbSYRnsApPfKuxbUHv/Z5ffmocxxVIRLuxFv3rN09bM939B3zBJtPgVdGp1TJiKEIhlrBp15xtZ0oCe0zEGJVD9l5R/5qoSJIX1nl36rdypXvff4YDgzInGgvJVtxAdkMu6FhWNnTPLBua+yRqvfiWWgtTYk1+e/nBa36C+RAWSF5qmljHpy+55PWmWpmt8ZB7jFY/A9/82/b0xpVOLQB3pK81i7mVZt1c9MvljfJJH+KvySuCVrMwPY088w18i7aS7+pNYGATVquVq0MtIWLFJR2NqyWsGoUkmPvIV/rTnwoFbm4UfpZxEEpmrMyGCFXmr9iJT7wR03FOrf/vN/gSvf/eDn3i1pQlU8k5f+eUIvvcTcfW3G1AjpAHm7hUH/58vvz0dtUteqH518B7vafyczMkRir+B4OPHbcPhMaH02MvbrJPLknMVRynbVohqGC34CJcxUDrWmoe0tfsed8+yW6nUstM+9fiZVsUTh1i8ysHvchugZRmGM5y+P/IREvOT+OboibhLVDSlO3fbf0fmt/11IXjrKf2YPBehGuIrt+3BczfSI9JEsWv+uvJtoSif3oFgv/N/AqvN3aZByNId9v9FLnUetturNqr2qzcMhipcsbpKb9W4pzbtOBTy8G8pshi3Ekpbzi5Ef4P68aISgXdldO0gVrbCY87ay+JQAd852MzhXnVUQWOTlDJHf5vxc/Pd06y+LHyJVwHxV1OfxGTdZdXwuJKTf1kHp8ukubi+ujkMP71Cib5t4RjFPXqCWh7loVx/FHy4SPBRU0VJLQziy18VJ3kKE7qcNyIgW1fLkYO8w5CcG70Z/PsDH+cWyAnt2jOfuY7aSBFQeDyycuoXi1ZbwU6LlX4C9kqo18+wkjIQ7lArDgcIxbujbKvBe8PAAYN3ySKi22cpaKpXQxCngkkoWiRs/SeQ5b/0VejEY7fF6yLXzBzCcRjqIh8KFaHnhFC5bSpMnchxpqdxCY+63AP2TzbWBfdQ0/cfONbNrwdWUnq/yKL8bre0rWPJj/cZ46isP3vqz8+GPnv865AX5v88TGLurddnfEUvGf5Drp7W+k7Fg1O0/+iHgyAF76uvP6SrGFyM/P0b1/v3R7G26MvVB9rpvr60GA3QccKuNZ3ZjHdzl9WIfpMmqqR0si//QcSvVxwhGpUKZ+pY5K6JEfTA+gqn1K0dGCmDn4TEnGHzZOvoLUmZ9VBHO73/NNxxv6Oie5MrGTjwMeEjsL4nFR/xU0x+T5LK1foRhxiKkZWsplQunz8De2Y8ZG/398T1UapbxmWGVh5hONls1nN1vqbH6yUx3yAF8z9ohpcQDs2AiGXaitKaEgGvybKnb+aOZXfYtrQNeKqqmwW+bSBMCkJ17aPqLDHxmlm9tHV6ypZt/buL94foXvueN4YcsiN3Dr4lKK6sAvasBb0/W3UwlFYYspnv1zI0TXN6/NNUwyAJ5XNHPiHvpgHdSlQFK+mZjcwAI3HJW5tK5+pDXqov9jbN0wp6faSbYd5tPjbgh5nN2Sab5hXZ8V3hMgEou778mm/GjmWnto6SBlEGDsn7swkb0XVpFqRroC4SgkzFPyHHWOX22enfIx4f5odoCp33jfFU5up7vzXUWLhJulTqYXcS9qLVQp2+NvB68lmJUoapSUSrIlzmVHcnaa9l5gpMk9iCZlaCQuS1loB8KGjGQ1CeIguwVJ0MZhdVW+HWh4QDHZunRUAZV1mkuayAb2k3hev7yRx+j16K+MHhr8Hq/S0Dlovu92jQB8DKVLxauF7vw6KQOEoUWpFo3RiwjwKuwbQZXwMktm20C5ihL0rcoXuSGi+oqEMXZlA/HJPWXfbVoo8eUhj6o9vBIM2tKsTN9cI2y3/1QLfYXqbWGG1lArX5dNdpbJYJaD84+aD25Zr4t99eTxmSmM2iSOlXGPBsc11ks5fH8csbJzBuLcsFHDWe0PS9OUYFRt+39o6JW/ihlrrVUZT+fr3ooZ9ZebJU1ayUUq5laaCnvOX/+k3sS3vqPWsROPx+ALsxcDNNBkteuEIOs34wiwdR6LdcY9zYRXKVUt8ilXgrone36XLy+qrGPVIFpci0VYga9p0N8FiJsi0Cs2g0KE6SZlgNiYVnZHLVpCJuW1n5+exSgP0kl/cHO+valAkXhafff/vVfhzxtJRmSKz3qwykcdfixBw5EZSt5RD8B18LwpU6Z1VcQp62FCmHtz3TbgjF8f97m+Zul2E8XkTCJSM5xXt7TyHci90P1334ivu8BU5uc85ci9WrsL2idSaeiVUGyaNEFGsJ3uewurT+bSx+J06RNXs73e4HPbug7qd//zKe1huGZRXLzJSw3lQMRXfCohzrvcKYfB/7vSNflX4ahdX5x4X6vmHs4etbgd0bxrOKbousKXFYf+wRpqQoIS5hav9RdNpZd5S/WRtwhV1TPySfEeL66vTTTHngNCHAzAfpWGpaWQ8J6K0Tr+yHFlxHdVpIwv0C1hM6HMObn+M+RQOVh++zQn7x9Ji0XlXiSikzC7x32GtMsNjJebUI1QFZVr5df1hEgWaULi1qqen9YNAZAsW7ztUifOkEPuReD5NS4jEVJJKJXh9NuTt90QF50kWBn42PRMsJH84MH3bwQtbeVtDxVV7Lqc30RtFajvBmppLXOEKVvX3cjefW5Vr8y7P3sCx3cwPDleP6+b/MZb5mHKfQ5UchlCLAs6PUMncRvDVbrF6wDuckEtLBkrmNlko9ViQdt/gQWkkk2klMDPZYRoEy6Lhk29NBSkembvbq4g7JVUi2+0qeSdgj1gPADpzXiERuxxOmxdpsHqpRkxjYaYQaflYucUXL4vjzFkb109sO48pWDBimVoYC3ZOhR9ELNzqfM1AQ1NeNfNBndWoaLm8L15mRds31qMHl01LgQDccigGXYzW+zhWUmP9rEWNg5hU4I2KM7poSs0UfXMjcj4Ko4u9rxtTGPxrrEDYMXV87oYeOryVbMNj6vOWj+dJK+5g6v/q7KORvZhdZr0+slfw9/uxlrLh6cv+PnyS3jecE9PQPOIxQFQyB+KZJXNlz/I1sA+zXxxN8v1zxWmX/HV3qrDZHkorTiRGZg2rXBy/wmabqtyQpGwvhNNokMdWB9vQr8VWmuX3aha8blBCKNnJ65lOkHzR69/fnL+tuDdvqmU7IpK/2T9Vog988/Jt0MwFHhJkEwHUryOHPCHGJG7EQb9AEGjCpXT7mnN7Wx4Pbh19LUBwWTP9WDtd/bs9M/mxj1PiTQH/dOPWtT/KrOshNgSGyw0y1jtp+fSBcx0j9fzPEnnrkhkEqXTXwwGS0mwGZI01nYE0rLOa5T8U5LMu+l5zXD64flS62JxPmsOvucOro0kBEGPceUvhz/EMpPeXh+ez+eBsamri9H1ObheSzcfLT5g2cvtyRECphYON6V8wVT/SKVj1O9/310Fzi5aPFSh9HKhK+yT6BsjUl2iA+KFXB8RqIAPB7vdU4JfXbE8cktFfGaLCx9ecIgcqGDxeHEoaKMhaB09p9WMwl4+5nnDsbbdvVsKHmblI7pRXS+WqQoRTTVYWefW2zvv+C9xeKDAWGki7YinQ33MOhXag8spBMNuFn50/Txty8tFW7w+e+8IKpJEnB10r528fZIdN6G1vJUKqpVy5I3RxObtTNb2f+7VhWoYsflL/Us+9eDjtsU+ak9hdeC8UsvtXVxS6M4zzmpA+8MA35oaDlHLwR1VOnxDB1gmGf0VflX1TVqPRmUiEZVFzn7t+6zYCsXnoi4ofFosGks6R5kjMzzaaQ/LVuoNY2xjqqRrPPEiEr1IAGJ1Xzm8XbjxNiiV/N2qSPxPLLQaCBfba2hNPtg6o5Fgi2chWjr2sx1cxCYjbxJW6+uiZ39roWtS57qeX0/gmyr4vvKHseY1u6bw8Mg1NSuF7pb5JR6DZbNyciUD/AKrkeaoT1mq/Xp/WghL4DZSr2YiRn40HzO6xhHZCS6Flm2vJegjq4YzT2wr0SV/2nc/aKgqZO+ggNJ1sNyCLkeLj7HlxGmOz3WRP63f/17z4OTzPSYcoqR88y+8GoXjlak8QzZ8Km2mzIPL/TZJpkJuD97v39p8uOrGG8h8vr64VHyHCvdIVwcNNIp3KMU9XT0+3wm3/md6H/8k0cWxOvvLNtKLVa26AJ1cIny3ua3rZJMED6bxqvkFpnX2EbvBMLMn/YpfojmS93VGDdufpj1gx6z/nZz/9NX/RCznfZ8vnzz0lE3i0QJn5ajb4H1EIiBjofZk+JbCUbnC9pW0k1oVknlOy/S1ok+HWjIsnOoH0JJJn+CgwkIeQEugK83d2RQO62z+bJ+X2rEloOKz/f7j7dffAYdgn4QcrFKdNcGBBZLZ41epYJq5dZe/k9HqTOg+M5uZ/VTO1j5Ub0teGd1kbwivm860XRwg20bnDeZgnEmHr3YLF0kNzxa6iwgHrDRfka8RDjNzWcY6FuBzLWaeEpwgBK2OTFVlZOrq+8xu1tuS/LQN9U/RkHzpY77ihPCGRpsDGrEyylDfH5eiBKLgb0NbYqeX7KkUBJyiIHMwYVmYsuYNcay4oh0bbWpLrxu0Gzi72AN7smGs+ANu1fLfjhVqdZEkVRocGGP8ID3LkpZ+V9zOdWHa2H5qNhH2pu3T3ozz5bz5/x+Y3EOZ122egaTlywtY08EupNjXAl02ZuNL4HnRIq7qzE3/WcsTXKZL5J/ZhLjUPjMwMrKf8C6GJha7y6nAw97fnlT4pbxLYqZrs/wLZ7dRlst11GMWAyNvx1GIsrgEud6p8c/Q6GN3PoE+ScVNMkAANWvXqR7teSZqYUoLFqwqsefgoqhZ22VqzXfMa7cpuAnP9RfrmetGULwYm0D+LyX375wmy9GLGUZKNmg1e2ldB/J8A4ai2z10D/z4XpwP1IAxvHvMe4sRn/f2iIYrP/0r//ajswN/LUmMtD0kGOgK5g5oj2TWKTn+2cg5BX0rdKjWX70F3f7Bzm3wHz0+ieA0IoY6sPu/5pV2h67/skFrOnv1jc2zHDrn15jse6bKlk9CzT/CJlEMvsopuWlDpBvyCDp++V7h4sCACQPtMQqKUcGnReRQYCUm7OF9QfpN4NknPmTbf2T7cpnffEDcx6Kfdi4DMnzlqgvVKZ/rWSZVjOvAGXkyGDcxtccbHx6azlOP1WNrnjApQSyZ5N0G2K3yhENYd6uJhzMfMQwaFiJEfW7gRp7iJn/JMG+lEjPrX41Klq/PZ5P0oUQcOIqz36FkT9/8W/+zyx6KIzH3e2NR3zrJxd/+dlIwwGXgPcD8w95+/93M6FqxjNo9srtExG0Ddhy40n6KTseGzP0Zj5bgzdg1k+OKKLpv+/6UmGAlpasmggk0oLnXuFz6sCJbAWYh1qVl2JXZM27TlR/+QSZxo0F6ePXbJJxuxCDQChLg1/5B/D/YfZgB6P8O5YQaq1kzUSsxmbbDKeq7Wtn969KM4m52VpM3sq62eqF/rcDCR+bFHvWwdUBSV4CfWczDnvhz10S/53n8br6mqVFeUYqU3jqEDUdjxP0dYILxaZKMcZiG6tAEsHi7jo+FJKn5Oq16eM2rC9qaSyPT/qC2PXmYUZj5aC4kKoEzO5iC8GozojJ+2X/e5PMibzEPU1zhZcrP+1cmhRQcSa7LRbWXPXnEszFGmNdaFpPxqomiBJBw4KPptSCjSjor67Ju9d2XlqKJQsZsnoZGwZdX0y0OeRmEjO9ZywWCGNkf8RxM5km5v9L4/Gjxfnan1KAZe+oPs9Fcd4Gthy83ay4pDAT344NFnW/FuPpxW8oK73kB5OcDjFyQVie5rLIMQU7f3KA+k//+ne36/uABOZxRPQuG81UniyAOO5+LKDaYrhmrbeefdWE7xB//QQ//hx2LVB43NK8EDmq9fGSyAkm3z62WSWXE/gMdJv4L0PnV/5o8WX8ws8KU8M8peCkzwFOo7tF2b81HI76KoYo4P7VfUbqTQlINfaDckOtN6GO/+DnO6157UukpDvzWuBgplQPZ8oYZAmsz5aueaOLIn2Q4WPf9PdbHtpqM1D38uad35Y3PSHfjslFT4vhPIG1WlRReM7OG0B116P2u7q/SjPb48/4AltcEvkrA5+/QhZPkm9TH8avcayfTbmAYi+83Ryyhl8fuBWVp5t2stlq8Zmpu/4xhX/45bcpv7ydrx+DxaEq11A/XYgaHz385gvejve0MXVIBQu/pCC7pxQu12Deh/apYg0acbAmlezxl4bvozCUaI7TTLs/1rm4Ry0wROcPLldMtjQ6ryiMLMDrfCsYFpvyg0ny8dCQAR8nA+vxx7Fqr8PDZp0+jZfx5NVlVYFXLnkdQstytKHCZksFA1eG/SeqbwrKiTmWhHZF+7RZFMBzVAoYyR80qFu9yP9yTlUa6r3ndX2Iau4tuYmA+JsPJR8JQm1WWltHrgjWZgslKS4Z/VS+H2YD71e/fOxvYtWWg/DOcz5d5EkEP7oyTnMZYB776CzYcqFnIJz+/hk3fsO87yf5PDz7IOhYhWGhJXg6Wvx2i4EU6SfTkdoNB5/I7tcQBQYLxOlbn/MHQ9PUeQ3KYmvZLqi8mOdoiIxI1dtR/sQexjhYFsNBJKrd9UIEf2nF26Qw4yNoi377ufeL+B5GgIBJQsQfaDwcDA23FHVyhlltopciM292M7/2zFdPajzLEtZAhnetDzrMWoe7nDVhJpKuGfDKfxwp2nLOCPg6mDu5Vquy0ku9aHbWhr7+mMUl1FoS/AtjKglB7/PL5DDRaZz9iBnV86AkpDpjgSA9pV6VQd8l2yEq+DSy/t0ZPHV/vvx7jsBdVzN67kXznsmRa+ztR1FKRqAvoKiQGrCBhS4XLvDiXtTpyTCz9jg5rJwQlgR5idsLnMv3VywYs4T8qkwr9K7oeAj2VDwe799PTWqhFvXpAXeC+yyGtSxFc5rMSa9KLMnUTDcF9j8DGxn690lCx6x0pcWog9uf1+klkyYQawSo377OCq3AVIJh0m9uNJ9bzYRN1E8YwpVKjhjWF8iuB6FvseeXwaAaTjzAcGt+iU7N28t2qdSotdB1e9a0xjTTuioQCZykscuPTcTjxsXWgYzRu8XQHu+YliV9mH31W3IrfHmeprDrEY2gNrT6WwUOgjr1ZkBgNInrfcxwlMRNnaZyzGwlJJ/3Oqt859PH3tRwY5Cn1aoujchTmtSxQTqD6vJ68Wni0NkM1f+5rXO3wT7KD/QB9lALReHMChgSIeXeHaDRZXpg5ALVmOPhUHtxs7ybPoVo7PoWC3jFsL7q+IM+RqfUdxWAW4J49mVrZAEH1XemXfit2Jzkq1lzboghoUGpTvXZQ+eQdW1ALLvVFpHL1PagrawttDnQnQNHmfARuDQgr9S2AB7+2AbMy6kDKPcxAhKPWXBjjwfiiuWplAaejd2rzRH+CLxBMNJavtUuXEduwJPvRokK53/CiQXLpZOCHA1HsA0oxViJZb55Htvjj4c3bn//BzFm6zI6zrufn/VyVBtWbMoKeZx2HRnOZTZru1BCyDzAInAPuAeQyZ4lOP5TEV7+d4yGwZH8u63ewv401WI6COqLIstWwFNpIkyWdeT9ejtG/9zl0WrybqU5r3qXTLqu5LA/QhOpW+kruaQBI6Q1iUzu+YmxW3Lj479DGsPA5AzWTzN7gf2YpiONx9UNK3wA7kNzxPKGhu42IO34vHwKwUpBrWrQahDAHyA3vGCfFCMiCNykVs4heqnSULmpIBf8hPnjwxGOOZfvI8HdgzIga9RnW7RFjoU0jKTp8x+psmyjSLhcCRv0QPFDbAhTNMPWzJ7iqr9PgmZpt+fp8GPM8u+JUzpMc7fPU0Ud4GdOmHAxltANMrjti8TEIB375sqX4mzaBJKAzKGbLWx1qqre2GoJPNqk+LxrwP1Bzv/wpzzOYaTi8nEG5rkFhB5rlC1iaWKaqkQvq91pWE5zPwa5ULR+zZa8TyYs7BMbJVF9dDfEIC6oBNCHOLYF6FD6c+p8IGDPJdDDYt/+aRswZZkNZt1nZXzEc2xyuZdvAAAgAElEQVT0O7HIxefDBWJ95KwVZlCgrN6j/f49bRwsDxoTB81EExLskovlfox+VGv7fS7BVGSl3Msz1YXqC5JXxmUR4K0z2FCvnxXhf8C1B/JYDnsvTyWgMXXTZDdndOXA2B6Zx/WYr1DINSXPSV9aAKowGx+7owuvJhycLnTeGs9BZcraO7t02wJebuoLFJ11jZnY/sKqknt8uUZX0lE2ljO72galyt6L811R2BiF/j8/xxhjuRIZcSOrD9eUiaWOXs3dsWUvh6y+eZfSewFrQsv2jkuDlkD5gCE4yKBtQVP19gbhOUe4FUoWb0lOEPdy7hSt9ONHGSiP5tbT8rY4mz6x04DdsnoozNsAs/Agek2PM8Qda4JkKJd9G5o9IzGIcKwxRsOe2aSFMUurVh+hmgmCNjgDkhb0pbvVA5pWhzxrAAHoPe7Fr1r01zhl1z0yblLUA1L+ffR7ulZ63WvLsP831tNjG8J+ayxjK14iPfD5oYDoN8TQcXecEQ4tIkuktqlszk9OtgXDnd76Yu+L+VMR9oQcTXTmIBK20zcW7UIBf1FRQEApxcVG+ZnEIqyJBkg2VoFwoBtvBt5fdo4IRv9kD0ZVtkhktkJdE9qmNrZ0scikeZBg0080G2ip//Svf4dC+oplre+7HiVdEz4PqWoNun7vum1ahZ6///z2skwIoCrL81zUz19JFlzO/L3FVm3BwFMH7MZqugoXPfIvmDxj+ccpzPC5RGiaoa9s4wBWxL/O/NGsnY1fm6+At1B6la8sk1NhezU18AROmUgtIdCAv+N1WqF+m6gpNf+ZLk3RH4AsIRKy9MKAChpsddrkVVaR/j2ZIEXH30Uju8tuvX7n1i8M+k1olzjqS1/G1M2fXxoXK05QYNeCrGBr0J+O+f314WG4ugXy9x9Cfqn7/va1hlGNYrey3XUMV7XjQ8RRaJGrza+lnHOQ6ztIP7d/1vi1IIHPN+rQh0VltylfMXnppX8ZEVgWi35/+RKIpPd8veuUXyL//CBj6s/X+CW6UjAuzk/CsurHNPi2tdT0tUvcRIVIVEDfBDyitcq7YENGn0FVzpkLtaqSrZtcVWXSVcdOqZHqk1mKMmZYH8HeBjP/fWXTtO3VCiHnBkyqZ2rb7TJncnIOvdstfMQFn+Fe3MMzgtqs1KJ5ikk42itbtwt+onQ8Mvn6nuqt0mIfXezVp8H2Cribk/1CvUeIq30ALjEBgRxUpLMRPVdzCBGIiF/lu4B0Jm/o3mRdj9N8/IWzYz4mt1W3byV42A78MLh53vZxHqANRwXUPdHF9alT7A8h3ZJGxy7AMh2C/5IdGRdg0nnzfrrga0HKda5RT5PcLxuzepF1nweM4MEziMDBkgKZjbHQ9Mv/+DN2wna0t9+dqSY80xwC/mr03OjQgiJYN3VU20PPD8/Z2gVMAmCbOqPuy30AvS0GaTOMHEouFF9ENIvVlQ4tMMMUhfpeThoMW4tpSzXIui/JLEAOimcwasGFdMKLifeqfbH1/VJJmE9Oz09GTPmRjKY2Yzb6b4s5Yrs/Jp6pzJFtkQ7TLIA+0mmOHdxcSLSU79PfB71F2fUzuD56h88P97fzAJFxa95DQZAqeK002+fnycwPUHIsm3RiJlHYabc0xHz969j3C3yfWSNuItZO6216jotL2JqAhTp6r1375Eim66BF1boOx2n2TXwl51T50Wc19Bh08i8qYH2nXb9d9rtJMbxeAuBnCjvvOVJfw+R5K2rUC3np3ETe3oiGR3g+Hz1sWm3wneK3pZU+0ItKCOig8PoyuRk5h/AtnOncY7yOxasfk80bq/4x9PJXn8n+EF1+1PHzyL5pBED7+fkwISVt8VK6KfAp8AexysljMn6IB0qtHx+vd6yh2UElq5Le27RKnumLetuWrK9rNMvIVtPyEEZqnyz3SMdWjU5P1+ddbl2ad5Y+WX/RurcOVVnD/qFh2NBmv3xAd008rWxp8Pd1WLjVS39u3dKhb5Pb0eTVGeW2qicuMSPnlLzNwQwlMr61cut+dJM7R8KUF2ue0xKDSFPUdMEwY3DKrTSVKJgdnk64VGjvRFW2egl3QMtLh50FoE/Kmzped1qdEW04OH0L2+nnaD+jeg2SdxS3WJk/3czStoTqu04GI6TxpHLwwOTDuTL1SeOTicSLMd4VvJ0+PuqzT2yA5sqlOAgmsdcXE/SCjL5QoevqWx+9JnHsY+3mu5mACx4rRylOjNoIf2mOSwdMwXi7zFevymOJRrB+E/0ZZ5nmlhCMM1X7+4Xr8E3RGnVpgAaRWsZlZNCN1yBJ1vD071W9xBs1wtqrTxDYtHLpxWN3+DCHXQ5wIe/tH0c6NuP50ZL45OZcDWywN5+hZOT2MJbqZnQdXLZqzIjKX2G//VCi9gmvAMpLCK0gwovnDPvWikaGKLVFKu53/zeAJH5swnipETHgwjzbzG9aAaN+QUCPmyofhx6uN1zyRocYm7QKblxX5QUwuKJS91fH16oGdeBdUNGdbYFuj7bKUtbtzuCDZV5n8czrWXmzFpPcp5P1xg5u6/nLdLtLGSrsUGWWa0QYgxWI2sWvGldMlKOcZ1HxvVHEoOmWtkiYM+vZDACuuAWSNNHhij/rL4wIrUrt9JcFAc7ryM1HKspKLgRXfDiUBW5WcPRWATENw/YttKyzc8XjwO7VDXIpnbJZjHz9VLczxuqHoYmzvPht5LebKCvdxJEX1UAjR6N5OGyyhzKPwtPDKPGIkue5VWFXCY0US0S1ug9+233TDA9wWi59xjZLArjWGP+kmd4MMx/wtX1bKjbQdOnxm48nD3+jV1GaSwSa4b42xDTMvT6PsYMtYAmXtxaEmE42mq+TZdc2JZkLj85+30OXMN6pvmizYzF6RhafGcYrFmmyntC0ubez5SKM/4HiuXISKe1GjfmUopaaP6if0rryF2PvlnI0EMFaubY0dAhU8raidvU4RW+fNdIiyaKw88p4UzJ0e3D3DmydmKimkd0YWRAAKF2B6/FcbZsJj0RwRKvK6KTFLYXCba3yzUt9tUNl3yjZ5uOaVq32WRU5Rs9k9FzNxQKqWLwFZlVxVoPWcFVmrxTx5eH6I8Ql6P1cEtVl8W5vWEKedVhly9GedKJl5SpbfH5YSAE94v+0r7RSmpLkL46CHcStdJfValbAWzNFwlWweZMsKlxcbqRdYf3NUEvMrQ4Wp5Fg0AyQPp79sYkA1yH+37eCVAg6ecEWKnd5Fua+RUtCjRQCyj/V9OjWK3HOmJExGgsSkgbaNMczD5FXiRJdmJFkIuwiDAQaIzt8lWvqwddqVNIP4LmWZve/qivdVSY52Lpw9FnqNT2WNpA+EGoMtOTkDNv+3xATvrwOxskt3UwX69Vt6zx0PwkArfFPJhpmHMbGjrErWUOqagjZ727Gbv2gZQMSEV14jK/nmX1gsj60hLMq0cY17hiDTfTP6Pd/Ym/g9ey8hAG4CPAi240Qmby0i073oQ0MuJctI2Jx6WIeGGk3V/KI9LL2oPiuzQ1xZr25ZGvXWv/Jy7EWv7+/Rw4HGnKpSj2vW2ETt+ULKqkVBJnY+CfRtx3WtKOozHdj4d4Z5JMnbbM1Zie7F7gEYUyDntER1jYPmyF99ZBkrsTbNh5ave/LquDPC1MBW8q2snDjZpj45gMfktC27gG3iQl8YNT4XT9I9A8fiqWOQ1tvlz3rAQZnHiDY497YJt75UMvnx6DKFOA22lvMfbO40ESq6AqlQaHekTwGBbLY3AMXbr0NOVrfud0wogAebVr8zEM/yn+MHJYF6ol/yjM5gji7cQPmhWwhs6AY/9z6mEEbsRqi0Z39YhAf2TFta806cOvYdsyPfh9pdTKSbzfTdK9y6Q87lOlDGc86i75maAtyN31HuGO7gpQPXUYQFlakuZ49FxU3q4BFmX3sSj8zAEl4KanItjMa/fIPYLJV8rBPRS6r31ji0c6I9mEfA0o309bj4Ap5DBIb7lD3Ai699y8ntGA9NkKzP/K2bJp6MdVRfNw2s5I/yljzt1Hec7IXU46Iqk0T20YcpcmP+bol0YFAhQcBHePcrYvsB5Zt1D6BHvoNMR+fMwy+2im/TBCv54kRTTMWJe+rKZhr4/TEqd7brXMIzpLEC+iE75pUhudVWPsY0iKXtp6e06oq0EaB8/hS3p2GnczJmI/HnAyBW8qci6YarlKSe3AfZuRqzsRWUqscUTluPh71JkzM3rA4pjiguXQUocoeubmzQGEr/NPfIpwTxpVAK30jf1dir/7AdmDJBQ1HSr0v+IuzNf+z6ZnII/HwcIYbTvfsF1lEbuRAt6Gp5yE5pt/ZaaolMUtm8Mr8i8MTHikBIMWGZWRoPDhmWi59MhQRUG2z3MqpH1OXOAGTSy/ohvaKIEd+mpsdWxQGp7uZ0/sTe3TKZzRuHGFgvC1LE21H28qJoXWNUXt++l+fNRINijUIi84S9DzJmsk7sA83B72tfod9acrx7SKL/EuV0lxIqUesefPcYymt1FbF/fGHO8OCZW7C1Z54lUNqu5QyZ2/yuz6D2H363ykT+c1Q3vK1JufZ78pAnkkUPtkSzarupMoFiIXi0SEZF20be6lc3XNOZ+wu2uFXniG7x5Ue75+7JrTp2QSZT+YE9IckXxwHtGRPJwWA1bmcN37/2d/6pkKYtVt5xULS/iBNW8mt80+RyQ08Eqcv3f4Ge9iNmM77JXkIER0syFydzX8tgTO3AGHM0abHrqW2Uf9QFnbcRlFfhuyA0Xg3ldOzxjk2RqmBTov1acjLVMDZzmjuO9V3eJGwDHREZEqdHqmyX/lwYr3V6hyf9ainqFERBwDlMy1a/e0VMRTvo11sPo3ghdYWOBVQVXXai4rgeSolnz1Zyz4azR95gJ/qM5ZGl3Fdvv/yipYdAZQlmnY4Te2Ca8k5LxkGVo4UUxZnhfaikgdLgNrXXxkeN7ivkfumXCgbR1QxD9/RNPjMMIi+5fmIajkvDlCwocUhieakK4mbxt73Yxe41ZlT3ax7F+GI0iEIiKpifPzcC3tWYphJv5WFosj2EQ/wB9UHKbks0NXFMioz6XuADZfai1Xd8bPSIJmEOrYQLpqQuFoVzqmk/oBK6hx/wWToXYhSSFB81I+Uy/a+w4PyQTozNC4RxdxKZkks82nQcdQIdX2lcZQaQPWlEgs4NxQYbTyCMjJVjLNVy2U4GpQcJDl/skoNcA1SlzxYGI8F+35O2rej1ll2M3ZGOKnwneWkxz/mKXFpZImloDNnrIjIyo2JXMeHuRyHwAJqg9ATPcCbZrfgL9BJ0qUHPUZLFmGBS9AhSDP4/Nj7VxBjIqaNleI2DPv4m/hhLY5+cyunBv70iKDKO4KK5gn5RpDo5QzP87qiAAXuQxk7AKoQIp4KsWxnf/ACetpvQ9TE34W6RXNPze3L6sz0PinSmt39WJQ0ABOSqbF+5ofxCdXHN67hYzPeX9W//eu/QuY6HIWP+u1bOGOl2QGDey7wOmg9KBwvcfSGcNvjCmN8tBktWwP5Ebav0GXswPtNjNjI+edHdu4rUT2zZF38UIuAGb9U+vmzgojin+difV/Gth43ku/MaIx4IJ54NjztabF6C1vNyATmld+kS1N6XfDQR03b9cz8sW3A0Jroq/e+n1off3Li7SwbRunXFq/91kMOxgtZOUj/2tmzkZDW/5mAOlgWZMs+V28/p/oKmHB1Uk+exOIKbNFUY2ahbm89ibhXgSshu5Ar8JSx68kF5kbKxSBNwsVJv8jjumQ/f2jbRfNCVjJDG4PreZ3FOjw/tchD6X0NTTcxK/8JPznyTPiGUW4WvFxYN5QSZrpHavngl4mxQKRWcAvUG96vU/38dpv2NFx16Azxb5iChWiaJ+LcCAM207NDWvOpzG1MDsaL0Wse7tpIvvKc8Abz6nPOsawSgTna56GTw5IOhtk7gm2RnPzVqTkFHNa9Cg+643W1CFxWBMCbq78A9Om4WYF5RhwsgJVMPB1BTEB8O7+sk6O7uF0WBdgYEiAqN8BlARgc/ww5c62tRFCqofaXklZZqKs39pqwk14riSFza2aBddkL/VGXl4fFI1IeeRwEgHOIe3gdQxrUkPQlYwsCYL50rcdcuj5tCYrJ2nCNpmkgeqf6ddzAZJ2xzO8XzS2XPyQfoIoTXzQnULhtYO4Cgm0BPs2liQGUaskcD3IlM/yvzW1ZkrHRfvEe0cf5qpweV1sxkhPVHJIO0nwCsYmye/vAyP+Xn0WRkFb3LRkVf5rVPpmmlUCZy4oJWGWc/28jWMhXvz37ykF9BmICnMCNn2XTy+9HWT6mttZBkgvFFVbxl7kjelCL0Hs6C/d+m2w5qs+xDQB1eIAYnye1mO8joYWZLeersdhbeNO1nRHOZA0YTuOjTrcccYANnORJ5BOOZqSTQ3ysz0ex5g1D3rZILT7pM1XPpwWvDnZ9pOBk6/Z9LXodENwoko8ozs8NS/DI63ZQmcj6d9hB+sqvP77efGjAM/KtT2FFTj6Bj370f7aha/nTVqUaxm32jdsTHA8M1friM6sdZ4cmNezLO0p8OeG80vnIh/p19pQBWfNGmdLpnvuobGTYNa3t1QQYzJzWlTxmHg95p9Lt/42y/tSaRRCTf91cBJBQiu9xpyWED/vtPmYcfKeyjNLQanGyKvei1M4/12w129LrUcRUeBiizhYsy1bkzQ08azjMVppwq5NVwtEUYgWRIiLH3m3aO6Jfwo5iHVc8fvd2H6MbYMImmvsYUx2R6Km2xxGrG0nnKOTqTKsP21XjQunfFL7ykqdTOJ2hpoWFnLpkfd7TnPrPQ7T30vFUjr/tAlMZmfuB+dNDczJVWdXjXiJ3ne7r3Q1/poYwwvrMrwD7xMevK3nvdd79wvG6vlosj6/vBrNTxbd9la7VVf6rmXEjcJiwZMosBrLZ5t+qXtpkKBc6VWd7/8WckWNLPyJHEy+07FDEBxkLJoVO2YLc0CkqaqBVdXTnVqC35GDI6LPlBHH8Cij2gploN49WwjBrGKOKwmpuahuOZvUvoLOxmKKR52+WtGqYjREFZkNc3T4byK+iXcFdPjEettJrNazw3sGohBYADwhnWBfYrt8D6Ht6G5kAqDK2jMy4YlHYJ6nUQhxV/gUyfYn0M6Ya8zRUikotT2DaTMulf2Qrm5nT5HF9sBbuWX01i6Q+PeO+xdnUnFGp/5GEr2Xj2ARbpY1+zily5r0a1ULPMkixOOCyABc/+pyfwc56H3ohNUf+fo639yqqviX5adghfatj5jeNhjv9QLZ/BPYolsY8LiKt1na/3CL3zGDmm8gooumKHeAzuj1bTJ6TuzkaBt3tghEJD+gNMMsrdAFqVL198H6qiXmOvk8mpyAuZwwTqDwasMfHKXR6kH4uQtINnvd3gL1I/N/+9V9NhmZxRPj574+fDkIjMhVGouuyV2r0B5IMU1PzbddlZ9kc4sKx20oyvMMoD+DznbFhqZv/mJMauv3RyWDrAyW7mzQ9UffT29M5329qvRutmlOvFz2fD96J7yzg1WkhMr3V9eY+cI2AE1dsIVw5ZfZDM21fNO+UIFKg+9J1VPCxFiJbbbnRt50SPCMTYz64/If5BIvzLSiV0yRWfXDckhCbnsGEYFQSp5I5eUc+sgEkE/AmvGrzQPQcM25HaeRuiKJacVl0hgCu/5YuaXnoECKZFtjx3wuCI1BvncUY/OM59GBOQ9Omfn2atmKHKcnr/2Jkmi5f+k3OPm4Vmke7hVqT4uqkP7jrGW3QGvaKTsb3sxI1Dw7W2I8U5aH/0ujmKTxk+Ie8Wq2BtC92XeVUbPYhflDAizRpk5mZPD+r5iY6ckn8ei5zqR/NOMEeEi+9dS68jm+hKaBrJvlq1wU7odud9MkQ8OEdl3ne4yDA3iYQPCVQuHULqFuFwrkXZc9ac+gV9G2qJXfD0A3qPRsnQRc5RgxfrhWPV1LVqRQ3oBppQurlkNVqY7SvRu8tgv60F9MQIO9pgh0AVX9ZKP7p/KLkTOHwGV+VryQQqCqdtRHECX9mWBWoMGDcjyYuu1OmZcZuDvvZX1TT1Jr87jyk7xoaH24P2X7K7VC2VwXl+3pSy6OPxKoGbJaEVY4NazF+qYZ1iqfFaiBrT9AWpVJu+vTUQ15NPz2BWmh0Q6kH2Pu/Zkdkp0Fg2hrgf4mWBO5CQOH6D4H//WeJ2TB1JGjP8hH574y3zpVyCYXPcGcCGvgxlvnj48TsJH1r/T+EW4HW0wPrkdcf3+c5FNeu0z01V6WNYi2CFw7cBz09qpxSJ8/UKzFoQMICpSpSB6JmhHcpkGc2TikMDh8wgIqa/zDBfWCwxR1zWncmbLnsgV6m5O/Th/nwY8KHL+OfKT1Rr4GTXnbXW8suM7b1KvbZaWo42w6kijWUiHlZjw9a1Ly2euiBGaWXX7tPc/VbSyGRKW27kwfGEfqwhHmx1ouR5o/z863DGQp/ellppBlY/dAEUHRrfCCdrD7KukK+8gFsztME6VcTC2XUjqeVFNmmikLWZzr97uDgo9R0U5scqyZeTi6pzLmkIO2bSabcMCTWzEOKQ7XrbWMsZtLh2TaLm/5cz9S0ACT/YuolgF2aoVIdTBS5XrXy9TN4Vx/WQJJwm+SrpTHZDGM8FtVW7tRFGbker96un5aEhz42TVhTb2D03DYYWL9M8E9BJ9nUpcE9Rn4kbslaPsjy+tO3VcGJ4LWus36YpeLGk1W8rSHXY1WiBUwHm3vUNL2gfhK5ke45w9H/4frA+uUgV9TZKbmaPKyxZPMsv3P6SLNzStsSCqFqgbrKKf2nR5t0opPyueMxJccedG7Xyvvt3jrNsbVtCw58QOC4s0JWi4ApNXhtwRj+Xe1lHdFVPl2MT1HXBwcV2uVUoUBc7aM4tFsApYJ3ewRLKZepOe4F5ImKHsJHL6ypr8U7Nj7xu2taF5Gs5qJ1bU0RmjAUMmMHCHp5VkP7UA7ohcaFl7ye5kblvDG1ngFOc8K5xon6LcMbQGEKPrRbU06haaRnCTARIexeVIF5YcujXvKXJh6boZj6ai96ALf/1Vmut3dSKlS7rEv4tJNB+G0Uhp4eDL9EnJ81nW92/W2yB7zaHi1ZyADnBfYT70+NSX6gzEhgmeM8tMpXSyRlDi9419eUS/kUlHd3gMNq5ABOyZKPgUIRZ2pceCUim9zx7SE4HRR8QGwJKOxT1hgnVM0KvjooWx856CznVTNVNXKoA3Bwy4kfkIWLe9vj8EZiYHv/AJRrpam2OLwQdPB8ZpN80cP/mSlj7tLMIti2Fpg8VMzCrgBggAqKhX3bioPNR9Za64/A1R8dA3oydvVImUatguWejL/CLz8jrc8LS/0WPSAZeXSW3yxKEOVBYeK3aCvB+uQKn6F8n88T9cvX3AI8OjhK8AzArx9PsUF+0r5JhGbtZwe28eDOzYF5x3t5edQpo8Yh28x1U+ULM8yzNgVrxFaal9hTk9YTeMkT38E2zjAVP6g/uP6jAF1eVPPwzILOPPxgTqV4paaXOE3cMbMyxCgD6gRkLfIMWv0OyJ7ziJ0l9H1BDRI+UAEvvNWSvi1FsS3PbQ/Oyr5g+fsI+dJj61vZg+fTXb9VvZZi6mvPCJ1TW7Nb3e2BTnoS+CBDvQ1/qLWx4JXUX+R2cmnlQ49aVHMvYJ+/4t+PJEoCP6tve+7n4YV+/UBLMHepzK+68ML2S7N/QsY10YdpHv+wfqhFWMy9PnY0rfoiwZR2mxZafHiMC+NWA0XevghM1jNQ1s9wWivwVl+g9RUl4p5evYXLPhmTXfrZpfsCcftKLc6EIhhBkp75KpIE99eoweKpjgN8Am9P+biGr4lslVG/l4WqUzyXf6EtC0UBau+CuCgeHgK37ukFEOSGqi/v0l1LpDvTx6YtVZExnjSDpxarRWh3m0MMpv8iR8QLoUt2jHBqx+5QLcrWQ99I2pJnYcsMdhETz5v7wwjr1vDdQZ734Qx8wHhlGUjUzK+wfxsk3g27pWOFvlrrzoUOw7LCcuD4g6EAUCe7I7ln9GP6tT5c3hfGEOKZGcI7t8D3k6+dYZyMD+pEgUS9WKngWJnOOH4qm2zGXPTzKxvydJ8BeVfKNmT9k4OatHqk8AMhV1EhvNzie02GrgL86tapg4vMAeuV8qFZsH+F1Fd7FdFtsCwkrVkgeJh9Sy+XxbKKdC6bUSGZOFRzDgTXy/j+jF05xqqtjgtiVU3zX8UqrQkxIbdsadqZRnPC9D2dY2rjsMc8xxbYdCLtjxg/ODCSO7Or9XGyC5W/+VLCJmcmzfl7nlh56mIeRc03vy108HCCnhNGyynS9BazhgQfEXDPwE73fcf5qmwBZJ3cX58yDgH62qw61SeCak7FcPE0p1HKpRTM2h9ptMLuGLtg8I6yvmSKjWA4zPdLM8nS1ORZ5LK7oPNqaEDPAJxk3MXmx6CgghoNESM47xScn68pnpjsZ3OUvNpIAlL3qSAJuqVp3KbqH37KoIpZaOpX1SLljXp/29JfRHRqqh61/oXrQy9H+oENrXp2DNQjtAbt9TqRUulSbpGQUYlCTOMKwNlSNArJ1VM3b/OMtFTrgT7h/aaR9M79B15SidwPMHw11OWrZrQZAItUWRaTo9pRZs3h0QBUWnuLUcyYcjhRhnh8nPfCoednmXP/u0GPvz8M285jN2WzsZT2UhHb63D6IhhlsmEnVmwlycuymb+kFIK3dxN0cvrZXCJTIfUeXeXQQIsuvP+E8y8/KNz+cH+qY1vclIL49ByBqj5fR9joY5IqsHSL8DGTVGGUrHuKDgXrmc7855HMalYaPfbheSkMEXWlFozibkV4lY1mYo4mccdV8ME4ptAySTF7h15I8AFHnVf1MVV027GJq9ZX/GkPS4M7IrSBer7fjT7pWv8W9R1NXKW4mme5E9mLHNEjkfMCfY2Dp/X4+9fIa6QNnZUpGpsYYaItZTea5RtxtmaBUgkAACAASURBVKbCax92Knb7kFTLA4ZjKc0NzVSZSMhMjxdqQ+ZxoN5fjFj207oV/T0L8xEkziszPuDROR1nkxNW5+1kkcfmLSO4MHrOv/wxjoztLUMtO32XfGMe2KC4nJKkKxdPxL7CeGvA84sm75PzH9N5iOxjZ9WF7hRnBW26QJoTabcoa9VRxZZ56mPJ4wElaYtyqaGHzLXhwj0kebxRHQRT0XOd5XNWpx5l5aipVnii/u1f//62WuuXl/r8IMrzNHm992ynEbWDvUfylipMLoE+P1z9hx/jnNns3zX/neRHolWPsj4xWbP3k3keik8c7age6b02cQeP4sdEFjNO7tklkFzDfgXVw1urgqt804u+JoA7nZbH7LxsSj0963OOh5d74hCkh/YAhDH1Ch0ms1Cwkz+J4Ukub00t7xzawQXn8pv90z0PcG2lfhgn7/JNv34EM2RHHjnGcksMP08De2nyFMTMxudUJFilCRcV87S0xdj4xS3lu5lZaTg2MX6YmARU7eFuIKhNJ/+3obSSJXlKA18S/fITqtWkvFfYZZFtFGla1MOeWv+G1mu08LyJmdpIduFyO9hAo/LkAPxdYWv808r+KxP9/MKlPZ3NWrEhcgB/ec6hf0bfU79yGZhcENpl+y50DK/pPbO2U8t+5cEQeq/Z4E7AL3AL5yC92z3ukxCm8cnllzxf8piiv+6swE8jYGXeqASrz9dkdQ1NrqUqRP25DGpjDqu3t/RrB9WH7SxDXbfa7lkL2ep7C3LEWZfsxIc8yb+8/VdZxEkdmwXCm9DolHJYuQwiZb0LJM9Bsf4SPPyDFh8PyWfuOHTiOR15GOr18TJliz2RJOWdNcPHSrCwQOGxX0tUXyHxa4+WbE//dwOc4t/6+u1wsC2zCcDNC/lti7vTn1jq+MPPWZ0aDwHHOmsMmwJjs5fQWlbgnMaDpdbcGduq937IsUqWoeOWlTjo3DCznkykZtbXwsnpcpCn8HY4Ji5kZeHDwrhL2yjzaeGhYJl6mv+kNgqm/rKMIxKO1AHnmo+XoC2BE/sMDs4tZWDTRgELIjGy9cjvp070O2VEZvsvw0+WjkIT/XRtYaqU5yFOZ21u4Xgb7dPzcmG/ZmfTvVTlfFk15n4mW8Lxml5+qkQGkhD5eXQPIe7xtHJMpk1l2agH9w2InyFwJhpj4dVRszCyFMk3BRImdnMbwnICgv+eqYxZ8QG4HtV6hDMkWGpNkyhsPhkcGExZk6pJXz76+3YMzD4TQ7oTos8/D/F8/HqmmW+TTJXb/shIj5cdZDqfN0iRiKXD9D6YyacaA5f3gn3SNME5OR1yEOXUTaEAmTjX78FqfzwEYc9Uo9Y64gmHcgTpQwvk/frOVqQYwlT1KSFxQKMoP0zXKENhzn/2Y7kpdJ4uvCMY5okSO8ENyQkXagI7zyOXLQdImdKIqnLybf68oMM82n/z2VMeAw3P72SsT+OVLrhsqq2pMlStmQSmj3m/v5zyqNTX3ACQcotyuRXJKH1bbudjaZLmV1IlqECvgngs2wxoCc/C+OeXeZN2st4DnxZEj0oO0ZKWZeFTwBhZnMEpW8v63GLzS/pUFI3vZoA7gxki6u5uSEQwF8hk/Ckm1WrDLBOa27lJU1ImuVKttLnuyv8pVE4fwnwmbh5Lo5Gqhp70EXI3+i/E6LspF9cq14w0LF3dt8vwYPPpNsGvShf0/8QWD6n+IilVrezGmp1kuYq4R/lOS6yGkd1iSIXKUzfMdaKwqm7lVO+sLmwH70xNxUzXEJdOjZ0TN8f+rG/MKwdR0VgBzjy6Sp8bnc8oj9FVCYmlGFxwHQ5NajH/W+Lm/78KuyaL+SJcjxw66Nsje7U/lEWbNQwQraHWk+QIm5buirUfMCwTZyitWpUjf2Fl0KZGkjjkAJI+i4Z5CtblYUjrNUz+Gen8sutnnsOLKY+FAhHnS32V6RYSrF/2ieWrQUaJCThVGIfgLNRaojCNi09UZnBp2/Js+1uSXDfP9TaDNeGWxDgaXPUNrK7njo0QFxq5QnLx9JZ/KwJawlLekfDmeFq6K9KRRNapOiDrsnyjScML4KpHo1ERt90MSiXpoixN/B37UOmiXYkxHMh73kTeNO8nuJnB+SVE0OLWh+tZ8LB/nCMQbBm9dyCC+a3m18Q0Yz/kw2gC3BQeUJ8m9NvIHx61CaWsCUuVKzD1gM4PECqLpTNf+8mglgwkMp6nRvTq1Dun5/dHOPdIKlP9ENQViQ9QNUWaLdVhq47bi7/tQtKCtNN38hRsDLYFii9wycLtS3DlMPWun2ir8HYJIGMo+DIBwlSx17bIBFuVoGd2p8IQhA/czNc07ciVS1I1z0fsz8NyUWXxNwn7n8IS+rAedg0sP+zLoB3aPOyURLK+vaWUL2JqSpCoRfAgrtkv2fqbrzzw4cQv0P7Qw+6J2xiIs8FLEOhTbkJdzbFCiUX/T1VF3VAUWEfRh0zl3tQLV6obqNQf8vAXHnZDe4bQZOIL/ayATByW8ZqVOznjtNFc07NLH/MQcHu1vAWIKyieLn4AUpyZH9CaeU9Ksp4v9Hdur+YoJTxtlG2Uqk5VXQe2r0DNMAysz5iVmtQiWCYjnWukfMk9m7NlfMWsDGrzUay+2NDVwjaQyJnEBMCz6gMAzr3lY+HpZadRoDYFPQDX7xRzV6dYa2yF5Ywgj4miRAqquj6gl3Se6cgPGnLHb5Ld7xNBiPrr3+G50NpftgZtUCuoihHo5vQwj2cqAVLEpoo/ZQgQqwHrbJauWXIEe5weCegSsUhMtJGTi/uhNuuHM9j8ywG0FoHC95HKlAyMjHPh3JFntxwbhhBlnMSTmmOeHbORoDAjKI6XpSiP7KwsKuWsG7unrpmL4LcZfIAMq1Bbg61JgqiOV8LQshVZkdWnMX+4NP+rnfP1hN8FODCeT3bs0Ha95gbNBbEL13Z+ilGfGQspT6QxXeK+eowlbhhX2FpaQJ65LYphe8CSym2Ywru7ppYpLXL0wj/Cp2QUTq63QsfpVwaCxrS+LFJWoPeCKx4qw8jyaVzKc+bnmQ3o4zY/6UmWLvGqRd+SU9dnTH/8LERGv5YDsZgi7eTASyPfUfuo1+jZv/3r34dmuPQusBGFwM3kyrExp0Yq16/I1QdWgAIfNPERDctvWb3+80+N9TARRu32+05H9sRpX2KUOJLXWepyOhdLXn8ZzNP9AHap2TU0/9UftZHcxN1Pd0MEcGbdgLjyejol4bI4A3v2iGBC7SQpUNVWW4bWh5sjGnwT7mWIKZk1PWqRhLIrS7bXIICIH9a25ZpXl3/jamgc9ylJvzx76zSLHPsjm54VfbxBJHczMSHrbXpMM79wbJ6yMaN5VlNkw1APu24qD76Wwuysfuinfjv7LpO3U2VpY6vgHpo96ZV3Wdz5/DkDzudKdQaNfV5YiPsPulqJsHPBwR5JVS/KNXUtzFmEUHI0t6E5jyWzm/cZ/R7/BiI0GZ2ri6sEz4ThROReqZrXdeAiXbmvba1+yLbhDzP4JZDr86/mwKbLi4s8qUccP+JeIeIrDwGFxa1ezia2pDwSVZez3ixoR6Kty7uobUxE8TIeAizt61Iqca2zt73ft4g77sIF6xR6K4KO6aAjiGrPTJuSPY7+3SXyPvQMxGEfjcw6h0TlfOmDWZXS+qFLFfr6qhbW8E483hocxhOA7/59j/spL+3y3vLWYlYd6vwCpbCu0pBfFcoLouMcpjtGIVT3Yz7tGGwoqv0GgT+p07RgvctzauQ5r/RZ3r2Wg47nsMfhxz1Qqw/tGlTw8J2jRj+TWROzo+WmNozRNNcpotN/AVzKpl48Rev2cqGYr7dT0ko1fs3aOvogTabqfMzKbRZqqL9ZcMYGiNJmgvE/zPTsW0NtCkKhDwMqRsAcpJoz3wr5yEHoBzrfn0GZ1MV04EEqurpJZDC55NjSqcEzswD6pHKj6J2hPkYnRh/ANuyfrNce2RflMPN9jrT/ZL6nSu0bSETkF5RFuEXyWv9/jGNmM6ZkBLQsnvr/SlcuEVnWgotJEu5az2KL9yONS9ZjbKzegRGKH9DilYYzTdWfdAkndKP3TKV/hjSd5aRnfH23O3SDzrBlqxNrExZDrx8/taQbe83YIsa3keB05pbGk1PIiJ1z99Asib8NBvAGW4Q/rzoVHNk9sd/aTOgRz47MHkw/fSfRDxsVrfhxFHq0xU5PVaE3dGvSMpos8ATl2KS7dXhOnSrdSlQW+0m+eB6TqzJufVc1vGXEhUFDPeatLT+Ltu3WmqssXE6CvOIohoUcUoWL/mf3GjY8FQkkmSfCmF5YA9r875pINiDm5y6F6EUNOintujZ4E6Mxfek0QltrJmDY0td5MXYf4yKM87XFGe/gAR+81g8/VcUHat8890z9ZYzfW8wrbpycgGS/RHByNOhzh+l6YvuT2cJpKC1OyXSGU6IcTcLOoiVlPA+PUQmr8Yo0OHWv9h79vjkWKGg7poWMND+zWOWMlLwh6aATF6seIvZc7+JLNGfBq4R0+Qerq8mGrgz/0w2WWXuY18gzpmNxuXOgslF2Y1aorHyYCTSjJSOyM5e6Z8yldPD4+JBubyN7TXWyM2Tts0tbDkquvpVawuQ01x9l7rNh7zhv5sN2m7O8ll/lY/sUoBubFVUN0WgkFFbkUKNmZgUxqsBz7ejP+uHqXf9wZQNE8YBni4dYoLM/nKcxwDKUMluacb3KoIu1beDvWldwXMlLPjso8ujzOwh+vYkRzR8ZsWUszONygoWLhnlMYaVh9/oRlZasFMb5MJlR5ruMKp7K7+NQrExVN49ayolaJB2rH43d/gpDf5HHpmqpa3p+HM0BdRXJVnXIOZaHOOBftFCGLihGSRNmzDxXTX8dPfyie89IavGQ6Fd27ixf4jQuDGxFmqSMhGo2UG3UGY+kl+CsRRFVywfyMMv/TvOpG7xSPBEAs6TXSrEoW4JTB3x9qATv4lc+j9gZfwnwkndm0c9wNoYs1pv4mKpsZQq/Eb3gdRbY63TP8Qu1v1rM6lJBOdGPCZX9YLmAWZR2IgPntdvXFYAZkyalQJv+wHylkayPG4ulSakyTG/FPbGR0ZlFlG6di0jW819PyJmHO3ITIfbXWzqMDSX5eVzXl3PTQv+3nvtwAhF9wpp5BPR4rFFcKBAk+tEnyNnZmWSmNqj0gJWDkH3ZTlpqiVs1utUrWFeZR0Xv8iOkb+6RNa5nUPDQ0oETEjWouFRoT1FQukY16dmk2ulxDKc2zd1YU/fMuGxcaSbC80yEn1H311wLTVox8gkI5fxsTpTqLWSp+ALzLbKGmxm+BF0m2cJSBo+xJF07o0eNPiNY3lTN6coqRVQRdeZOGfqWGWVZ/PlP8B4+qrrWXnYvWRyX76G72qngskVv1NIXzDX1NOICr2q4XNKEpNdTtfEzsK42/XV70qv8Y88H/KCE4oVcwQucqtmRPS+MfAwh3Cot+R7yPO4oYjFNEzfviy+1PbCpHm1gC15wZpSP3g28a45LpT+Mncz+KIrG3mWzvuG+7IfTGBgBbvZfoA7rDj9SoIPPOCTmiGvRNCTrJ5/9To8L01ZnLt4wUcXvRSCdC6BE6/FEvmloIKMZ5e5rbA4zp3741CUOWN6O7awZYI1rqT1df7AfDte1ccZ19gGkWBU9J/QvymfD7LESPoNL9qs7ODgXvL3EMZKqdHatfc7vTwxKqnyxsKbjFMJ/2lQh3Q+E2LoxzQb2VpKlwsBXHt828+qoTzMru6X46fSnRbSJS83hZ0e7aHcW3qxkfZurEcfJXAMRrDUjyc15jtiQk/t1tvg4AZ+JbLJbWBYsjLXQ8FIrqO8D40jsfvYf5XMDuL+gosSP5nRR1eYSc4cd9TW8wTcU/PxwCYW18xd+pt/UkYI/NPqWq0ncY4hFMA1KOYhPF1sYaFNMqmI4eYA2ntJAz8ubGHxmM5lP6SGX4YeorRGIGU0Fr7YtU9BfAFntVEPHhz4ngcKQkNm40lU6Tcs5TwLQqcoZhC0oVUmo8MRSPqo+MEsIhSrNADqpxxJUVVkCtOQ52mwzYfHV92FxOhKE7qUrBd5bKPx51IkY7c1nY1UmWY9VKVvdcrUyPucSS6cfZn0RNsx9pprWPJDlu/oQ2OeE8j4iulgqUnsMhaViiwf7pxbJIDH3tvNMcY/LKO7Qt/A4p25PemaDMaTu06ktApfnTJuGHCyAMzQobQy8McBipAG1rFOLV6vlF4w3jpffWsZDjLYe9VnbOGTfGtdXeXZL7SCncGFrkws+UNc5rJrxbpjN40hRU5wsR3UWf0GEuzK3bMrv8j5ndkMkYg4PiuwLEswIM9zcMqcLdTmu3AqjvxZmRiAJzkh18WJH7ctBju7q3ytJvymvLHnVJEQuikx9/J5WZxhdRUVUbzpy8F1VPtGAQNb/jYUQYCq92oBTj3MuAbpd17IaoOpblxpivP+Jimd2Vnep5H4d2K0+LO5UYixLI9OhjVxtIteUNAaQptF+0pfQ/NMkTAIbuA2njqb6DssLnxmkE2ksr3QSUudWfg4Uky5yESF5yq539O205YXXU4lNkjBQ/UyhQ1DbEGJWXUPg6nOB4MKQxv8XBPinz53k9cUARzsBRNdDthb2Wvs2qDp7p+wLtMBepgBRGvi9jpQ7lvcFCOw1xItzbQ6K8mUChEmFxY0wpKMvPSjedldQ1XetdU7CCo6IpJbc2GwvYFkGtzxToJRBDzpnTDMeWPfnl+HtSNkvxQh3OKm+9fnYycKDi917ElN+rD/89qFRjVbasExkl4n9PIUwJIJI2B9wyWH1sVAPUDt0cqiYEkMD5FyjuoHCIqOH4HBsFsoBR7vSdcD9Tm9Itp8QLjieEReB8hBc+1mWuZBSW85zrxCFYATPDivfpzsUqBxQYfv8FSERNwn96CsM6HmenkbBIVyEoHzzQV+nMmLjIy5rUivVESC3HAyXZ4K5p6Ub6C+SrOB1GxWIG4rLW+MsPiF9TDrR5/r3vei8BdxedMgCTuPKnYUKaOw5vmPa7oPTKktjYXX0HOYKrJoKn/KsO4rN/k6FE47Ze8J3RZIfR4dienK96iTZjuhL/dt//vfEdvN52zf31CvvXGmoOVIOPjkyxsRxAotK2ik6+OrUNhgfYHjVJqMSh+fdbcvzWhqq58PAwxOdY4+mLMm0YY1Ojt9apyO9pRoA2yCYAoM6D/6mFzPC8PljOBnx+ihh/0LMRMNNxKuiRzhuPNR7yVY7fZpViaFP/5y5gmJGWM4q21Qt6+FH+ZiKPJx8t8V8gdrmkkVnN+naSA81lhOtHj05HisrXe+x3BdwdebmE3kOdQchNEwdsmIFRkLuAcLM+5XqqroM2X0jNhjIqaPiQ9IhM6aQWYS2hIVew5HOfXAM4mRbZr1QDVlXhgUS5x3U5oXWSPWbZRKQGjCtOvm+tG9+7cfmAJW1EFWOXy8M6VTPtaU5AeikmD8CsrI6y5QMiuynLUozHut0LAfds9ViJ1ldX8ga9uUwlamSs3yi0+eTddX67TIAtdcsB/QYAcedjTPiuZFYCoXkvCZrWtqb2IedayFmFbwkPDQ7cdkz+mqduGTOyPqCr9ncYnNR61w82QKAOA5M3gqMk2qRnRZaecN00rVQCrnb0SaAPynq911a7OS9vHUrMUseP2+d63spD6FF8VmR31LjdaztF21bXkeib4xEludvPJskfMViNNVMwKZwGfIOFAAUqj3/iqaGxWl7stFDPxlxl0uawb5xh+JNN+AMawj0YHQ4+1iWPLqerA+sL5GodXxaUoLr9cT135+3920bUX2WtT0jN2WUd8ujs8K7IbnOcmr0racz52sb/p5sOYdKMmnqeM38dSAxIjPZzmatykoLoPTd+/6QawPogoyXNHggSO6i0WiT8rgqJVGsbAoRdtodhA+9dfMBr2tIQkzpNhE5ttw+ntXFZnFsUYhr8BKwnanaR1w82oTl3OTa1QCH3X6/+NDtn36inju90lKURRyqCNt3pbMsNbFp4zfGLPn3qjbZ3SBRda/XeADOnG/xx64Teeb0n3r8xn1Y3O6xT/ppdGJI4RMSux+bHQvlzkG1Zvzbv/6LSdKDOhK/TrdcwguQrpEl+T5Qt561Ese5M7V5tQu8M/JCTbuy2W8v/wy31pmsH2bZWGJ/LwGsYQay7+yHFPz4MGSoLLGqHDRl5xJa6zWe9StJHp/dk40MQlklOzsBqsPMS8nYgeo9SFkFes6yYTfewV4S1uOq5n3dzvNLKcMIg32PNcm4p9vhaZIKN0skBF5ClSWLW90z56WYA7xwS7w+ffZJY3dRsogUU1LKe3RH9THRFn+LAIsHB979VsfGl9lROmhVdsFNg15Cgef4726fTS5dia0YojCulJ8057E2iLSP0J21x3GciB1fo589sVU9DNIxJJT4rZzXQbs0RnnaWpZ51+9FYVfqbByOlBsM1ZMwFHGDTYuXPddblko0eQRWS83Mob6YSI4eZV1GZDolnAGNrv/sdv0RMKAI3THgYkmZGpayrOq4IVavIemDcRw0ssKJzuSpvDAddZZZYuUxcjgOaazyjcmNwt4aRzLg+CrU0L/Jx2aaFoWTCDmwxyreG8JCyAGnEVMhi3oKpco7CK5rh4XE6jHonfqeYVTKBO24F+4FZd2trxS63dtJVidErl3zgz/tEbS/f1DGHV7c0/veeUUu61wBhboNIsK8Y5TMXQyg4k63WFk/Ro0E19JWFhWiw5OqXCKehNOSV5HxOo/XK7QLuF2gZJ8iwraMxT9sYemTS1voFPVYX328kvIboL2h5IDjB/TC6xbY5KqOVB4Nd2d88GUNy2LxRhk2zdGvVtWzZosZxyIElV3ucWVdgcdqYYrcxAhscQ/Siqg5rbkcG/F5foxU8HZ69Fg957xH1tEUjv2P5AL+4gwGQmmxIUhXWE4GmlrdgWOyTj6JNlIDK/DY6SFg7YYkQUbPbnEVSocxU0fu+bj9NBphSdaWsvTVg93Hy5gc4nJL5B+3b2dXD5/RaczWxAb3bGxPzk1SpmmUAum72+RaHS7ve5mMpG96DmeJLT/cnrnT1u6xF6HiQbI6EhGrl9HZWY7yI2ilxCnLcspSfwBmBYFNF8P2MkHxsKfJFDjN6CWJ12n+FiSi7VG07rGvqKt76uVaut/JzltjCl7zD7nfnnIB9Z/+9V9qqgrYHaojGqENSuylS5esquM1Gy6pSb+eQLvORCxr6pd1yqf6YqVozTX5GXhUciT9/9cfo9SyYha2sqFY8uF+ZV+vrInxrMY6ytQ40lKKs/PITaqPKMh2U9aW9odWSM9t/pcZ1p81xCFWLW3NNGTSiU7rNRN4JvKlp30HeRd1pAWLA+5rdbxWQ8wiNcfYaMe+66Mt1rhCJXW2mWVjGCI7QiStshIVGm0ynALIEsxPQmkgd5l0srcY8srJOcDa2tHwOSAsfPTJNi2xCn+X7ZMynxjJ9neuVJFe02xeFYnqtVnWXIWKMXW+dD2wydtGHwftvEVm0YGiSNG8m8zmpvJME1x6+7tajTqa3I+gWXU2cmwGRv5ibgZ8y4lMEVBgviYlIRDvxJ+V/nm0e7EAMw7E61nZaNaeFqtvbCUyWtacSrVqXlCgUCytqVRlIxPQYwmlZUtWcNsk2abMZqGGGA7PDIimuaLF9kr6+2GLx6gNvWesrh9NdiqkiuYnwf0KwUPc9ZKDzR5xz+D44P+c/9CCfeo582f8UC5l6DKQqo9e2eUixrZJVmRhN+WSaRV/kUiiZbbfhDRj+SsgaflcUdQ6uCWyVgWqE5UqajDc021NlzkvGc1rKpbNnbN+/UBg2X+GLLYTXTxBRWtG0Kw4XmQVwVFPo4mboeXXa/y3Gcbrb6yRb1VeOMBvCULQ/WHfjxZPZ4Qkxcw86iJb7lMKsQAPPueEXFdZ012GsssscBn2a3aWhbNfHtmckYvRynzuXOBjgVsKQeeIp59RscimMIee/v55QDaDQnYMFu8syFjAsUXcWJ+0xmp89lI1PVeIpFF2dqWX4S5Q6oe0Vv1QyZdsdDZ9u6FjjP6KgDwBJ4EDceNYhfd+o1E72pT1AECc6yRjBz/HLV1ev3u78AFhkDYpFogilfxXpdFLbnCrAMmmWml8t0xoLfBu5QqgLSGd0wGk1+hdupOfbQ62zCcxegytsWuYADtg9dFYYdmkEy5Z9W//+nd7rgXwOp8fWVeOTobM4d3zQHgQwVuYLlvQQ7sM0LOg01Lc46nOkoBQnCnyKE2SZEYGMOoDdGa5zG7oyDnVdsvLhuNza5I9H+dIW3nurL1iZtk8nFG09bvkxH8+F4uFLnFfGv8krFK42wEAbbji+kUsqfm17jlEcbdw1qYPfev47abeLVHHuUOctqyXt73ntT5lmePqrZ2UCTMijr24VWQ776IWyeYc5UKNDCqsanXx2to+uk76aHUwiM/aODjxWIjizb57IxMyvmM7eMboeYLl5b9NtwJYK1TPSAEU/oDwQkbJJr3SwVa0AF4X6yosc751rcOBHHwAnGS9sm5ldWbJSnAfDFKCx/CmBiACcnrUOSz/sIXvuAvKKtR+qiW+M5+3bIGjG56pzO7SmG1OobseT/Qkq1NVFwg4zEuqK+pq317GAgLHnp0i6osFhZJ+7yEWDM/RtYNNTzBjGTbNRjCIKB6mG2OlnpJP0fMykTCRfLvTEU5hq2LBXk7mbFIKgSJuqy+S+4U8ZaHz6177fdloZ5uN0A3TxwbeNGYcK6T9/KbSBttyj8cjuZBTeitoHOulOfTp+2V9SwBh4lm7zJteq689v8VgEQHqaH+dlMZzO6+a+M3WrIi/SnKWltQfKE2IYjPCB4KidBhH2aj3x4whNQDS3/OVhAjMYG9DgpuVjPQ8SYfCJrmNPiwX3eZE7jI7fBfaP0lPJz8mDAGwHBkPM+It2RTvac7YLd+yCqjr8R1GdcznTbMe3jrLh4sisAAAIABJREFUJRQaOmVE1NKUB6om7RC45pqZUyq9poW0RFdhMtbJVsLb8QRxcqtb5WS2z8mebM9Lo+Tk9mNQW4WI8DCoIhaLAprGOptAqW6uUtrQwiLyZHQDV0O5wait2UabVvMwv5ZQ5CW7efk3J2AI8crA3xkMRC1st/bEA/jlCnsMXqWnEiWGywHNbHtLeszJucRCIx8lztUIJlemJIp0ZrtfxhuN2VqCGB7zs2PKQ2dOReiMQElPyNt+uJPgu5TtbjuE7UxV1k2oygCwK6zOmHJey8/yWyqc79BLtHCOawfnDSEJSlb2ip+VNMmYaOEDiFu3eFj/9p+9CdhpWntdIvuNLzgV+siwmVrW07WLirllwj4+vXqhbAn7XTucV1u3UGCdksMU71SGDYSPsYMzO+6hKPGygmhEJQIV6q8Djo4pOMLRE71IFrxykpw0Ufsp3TdElELdlrRHpMdmJCENJ5Sy/smagXZten+RCiuIO4/Ywp6j41XavVBj3ahKMYtLShoqk7RszcSN8tZogxFhkhHjHN8XzjpVUqijzJgH09a7N82IutpIM4NVW3JrljH0SRvjsEwsYk4tkxTbBeGL0CfSv8IK1EPPJEituA6Ogk4EJx4oEXMSwgZlR/HoZXNHn+bsBxGGJlCtYVGU94yDjT04yld2zkk45DhgYC9GZuN4d31qmZpl6MvYLUzzaOtJea8TDPZEjZrvdpzntINUev1Xu/tR28T0BDRzx9wsRY+AAwRbted3r91d66Sbwo9dldB3d7MZ1uQwvmMCFgxXYnNPh+QwMTmEqOR6+uV9pIl/YrDi8YQyHTk2N66EZOK1MuTD9O6OnHjKNbQwbE8q2qx02ejJW4ZVRmOX6pP8hjMmOyEqwK6lQRKSiJiXWvVzPllAunLO5d/eEFtatXrlOcur8QZ9w1EVgT/gVWagzoJvFFzqsLQZE6ZcUZgJhLD00GG//a7E7nhtpoLgWW6Kvc/tmo1zKutDwlfrAHV9HpcGcFShmF1Bo5leXbG8GEfiYas/l5lYi49bPKfemEMaOydWIc2kV2p9+sVXLPjAQ8ran8wEuhl7gJ3H65Ro4fQCKVvTww7m6QW3wn2lQuWltmuDghbSrnwkYeuhjYcGDGdKxk84zZIxvRqrtoGiT8uoNgGtlz4C3wG4O3PshPUhYm8Gl9MPMTsFskiIz5by2k1FlDjSMUXveZ0OlmqNTSgFd/7BiAhOkhJyX+6iyvvDetZoSzCf7eMjM9n9VO6Un8ecXuvvTy28rOguxtxkm5DVmpWHE4M/DZj+g3jVVrQtAK0UhtdQlbWXAoSfHoUn0ZCtA4WWuriNMlmleLxUYTRSq3lISssftym+FgDdWnzlPNDpxklNetsgI5FZ2Qby9NkCtSGj0aH+03/+L8PSRQcAlT3dBW8VMzWuAKGflVPdrnDyb/nkOnRayECtBD8WJevlJCuqcPhIxY7jY5zme+YksQ75pbodPfW+qXjYuLnkuiWwavGKBtnGJLp7L2jTQAnglCLqG3MDnIMwK6VwOrgBNdpIWAAIMaK8e3Kx6qsAcYt2gC6yqy6rcWgY6AFcANpGUA+aVxZxVQYhT8gS5dBIXEGvM4UUuF3mMqUbeI6DfDjadSXj8/nyHLUsv2VZgV7fgICrKK51tpOmIlcV5A23AK+9mVmp4fhZ+rJ90v6YpE5Ncda86Br/XpEVzSFYyH00HWBuPGmHqKoPlkAfmPPkpiWTHKJeLu1UapmIye5B2e1abj9c0fDWL8lwTWAuSZ4EQ1ZBO4AYmyDNXRbMP42za71vS2THrs+6HJ+nYc7Y9kfdDKnV60u1XBSlY49wgaN1+wIynkTQUG2jVXH7TtDHedXqOtAFBSASNzFW2bBTZ3x46gTWxiDtDppiXIhCcPFjtI4KqBUGBbR8t1eZIGvsUhSf/bTNdTNUbzSWxLx3ZbLTzyr/KLgrg+p0gMzQZq1wHEAJYJdwad5t5Uh4vyO4GiphTtv+Rj+9c3Lup7L65VV9dLr85IiWmzruNeR6WVGjRUvKwcG5xhtLLOLFSarL6Ls8g0k9WqOSKG2X8jkq6xAJiuoNMiAYnRggHinAwh9Gg2FOrAUrBqxNQmY7p0W2FPz2bIQp0vKROHdjIyuBSsy/2K0UYfS8rB8hZAxH/NZrgVhnCK7gaCtRzGMtS20nkZbAQnlTUwPdqZXXvjEro2rJSdF2Crg4ygUrnimFq+aJehdTltRDiKSVYpG0zJyJBcE6lZOZBNaOIDQWCslEyiR2akYvJbS89XZRq6aqRM6qPeMMLxe+ach0HyuSsfyF+XLfFil3H94pVqWld9fnaAWbZrtThrHsNZhmR6ZEfMs4FKbIS3bAKTf7WUoVkAaQtTmmYYLhvVGjtBY9GNn6vjKbK5UHV+MdO8QXyz42FK6y3jCiuooX47wSJiPRvTTebsM8NdRRPDvZ9IFK9KtNIIbU1JB2bbGFsr1BWIXhGfd8VEazqhuYJOpLnuo//ef/wSwt60KgwNlZrcbriOOyKoeBHxYPXIuAQZwFL47NvD0TyPrKNtY5Hh+dguQlO/9edcqnloSSjiQIZaOrqjvlkh7K/prJwX75gF6VYmQaUob2tOmORm3VpMU8wns54jAiwrYMZR4SfURqRB7yOnxCdyvIrvMZ5kgmZHIA5hVIRHb9JlituNnYS6hu1Z+eb5NCS5KkG6faNcpoIl01Grays/knpklxccTPlLII7WkGqYcZmvLwYXyMirqi4E0EbVjt3MJIxbYzjeEtl/Zk6OBqpGXY4USKLB3XUn8bcmGqpSlbbJByDM/KOLMFbq0kApBt81WWe8S0dLrASkUT/t5bLacZPmGfECieOqEXnE44RNjYXx6AbKN2ZCUwE/QcTJL3T5Gp4zS3m7mW9WdeCg2Ud4EXzgwOrWycVi7cGWwNs4uopLIqDtfwrrTfqSyAkEZaE90mMe65feWrbcE4hVULFV/a3Hbq8hi3u5n6KD5F+1X/jnDACzr9z779Or94zfoikWynCRq0J+hbcE8KnK2JRCffY/1AsK461al7Bgj3DGeHm8Tyr5KLqMUzZL/gfFpy/Vrpq4x5t65XKNUF6qLOZa9cxCkNtCaoaGi7x6ByJwfvLFcZE5sJWIwxRIGZHATFqE1M2PbIqrRqXQu5YoPO0xYKvF4tUjOMXmwpY0SNLARZugBTdxSqt4x1XLQ33+ZEMZ+LzNlfWZ3Vy11GniNXyzWur/5E2SQYNIJHdn7h8LZBbkJ64ahMiVUW0pUA5Y6Rxq+r+X9Ky0lJmKN1nB1XoNkoYdulkME4WRZLx6ILK45v2RP/K06AuHTkrGF9fNSpd73Z9CjiyoEm7lMJ7p1dshoM8Hhsmyfi1d3PEi+SYdYwTRJwKaCqJStPncaarw41pAidCt2cbJq7E6uFFKHd1LGnK4BuAizVy6gS5PVkhLfGNpkIW3+WnVdaSfp5Mim4nbDS5JRic6zm7mz1e+QXBA4vrYLxhylNjwGHHA1Pg7ZLpaWlrXnZ7lMyAqUDWQpgV+fH9Pcj4oS2yGoz6Ngrve15u1MSujVkSAJgnNtjjZ6FwLIWdhN61BZsqfUEqNEBiWH9n/7z/4CelGaqTMola9e8lvRYqywXzn7RdjYLH3d8aBmZTVmdcpMHMWJQsvH21l5til2O5hujR+SELXnVjPE/nTPP2rjGFuJezURdjRqEcN1r3+sS74K4RoelKMvKV/55LcFyL7CY5q9nsXzZ4EJEuh5lpdRTEs0E8TcbfLLy6rgBAU4PUks/BmuiNtmwuiwmdZy1o7h2THGL6MuIWcf2L+UsxMhYFPx57MqgZxRJh93RJt4KJKTSamLr0EQ4+66LobgsSSyaT4ZwEgpBCoOYMw3evxmJEoTDDoN5t+yxRA2IcEpqLbSCPixN8SCBpDBm9YW+92QMM/K02qLZuF4fEwpGnifAw6gsjGO+bsDR8kopdoTg4XXffw1YI+MrC8XMx4HSIOOCa/9Lk6o8JO7vXdLy3j1BhUSurbxsgaJGS3csBO3Kl90Wpb1SOE302EMoB/O42kdblfAFDnBvjq4qZi2ypjEhIuyEwKbGm4vtlLf75yUaTyhm/YN32QyGWO5Np0gbwZOj91OfwEv4GcUSFCVpBBmdymMfx19BjQemFHwuRzOPyor3ukmvsjc/WayD+ltXQpwpSfyW03W9PL/LjjiCnDYfUiJ7e9a4gtYfMqJlQdXsB1fLcknzb5Bqhabrx4F6FRPBRZHlH44vkA3bMf32s5llaLIA23B3mxbkSkKVMO7aIlVoLRL42VlToNwetbJWslFBW6SjmMv2cKdOeLSvREYe2g9mZb9J88Xvgs87i7HEdaa9MCvECyqu8xJHPmBnXmzMxb+j7rzdeNIObTAnrLOqiN3GvpphIohXY4pFDemyDBAKUJYMyhcghi9gd9Arukq74JFoqMmhJGWCrmZ2Fm0RpWs8DnF00/j2sMP7RwVbaqSA9MHKFRDUzHL1K5NkshNXtnuXiG89QGkiV55xJB7XxTYFvsFqwhcyJwc7tGjGe/iVsBMQTninR4xIVmqvOxrkEKDgg9krYezkDhN40B5MJwXhTYF648YxKDbQ1KNPNokrOwHnP4dYfTSP9cXyNMFY+Xf5nElB0eS109DrfRQj+M3OgbTHWQ77yEcgCM45YDSCFECdkHCQ5XUAUP+H/8t/bx1s6ThpSRnmxskgdPeQxvXNOcTF397Pr2OnKrJq+UCH3+L61QSyt4BazNa5FiOcxQQBJQNV4RTvX8ZoMxrS33vFi6INi1nnoIY/IndvgD02YFR/toZPGFwmrTHeIl1zyIB9t5R0Gj4KgLbS9szvlDFXAqw7uafvuJFNBDwXMemE0QAPD1moU4fZBxJU7j+PXGU4HohsW9g7dy2H5hg1Zk2w2wTu5/Dj3PhjhjGZXpNOWaxj3IvF9jDmIpa6dfv0EDji69qcTbodpos6tTxYj5BWD9Gg4e1412hlnw+QF+UEsHbqhf629EuffaYyR78/gFRB7SPPSEIEh5eOKp3Qmy0GinEO6q8CFKuJx9KXwRDotLOuLbjOSNkN6ayFt0bv/BeqFQ1J0mQdo4JFOfwMvmFIY12s3OaKimokWZfrOing0jK5HuCNNuf0VTJNzVxF7MKsS5U6axa40C4dlFWk+WW3JznIpbTzR5UPdHmXr3uDzvWqvZotly2dfUKJFgOk26cfysHWjrIxNyGnJaoTYvDK8prsSBjgWXeW/AYaJ2Lzk72/WgsVfYjzQDryLFKKG6t5cK4kuApZQekXJkqOoQqjiPCOdhDcjqUDV3IZq9loxT0+CWz7mUISGyeO21JEskcxVt7f1tvJ2bvKhBc5JmComj+lYvVYvAH1MbbmYZVWJQZwfKGXTbofVMKoho9ikyTPdaoOk8ZAieAQAwloBXE/YanXlpTexA2MzdZ4y+jLWiMy3lbJdJ1xiPx2ZQmyV+QcofBEerjEH4BF/qX3OXw1rgmUC8sOJOl1jh1cV5Nh17xVqEorl007ws7rAW4rrU6UnnyMR084J6rwsIErstrhiW2gLkrvpJn9ENim209oe5KNs6WBarljiA6j63FSBqBbbifmqfFZKEkv5jwA63rnk5YvR5N6F1oW7o5Is2NKoryOspyWjSSUbbRD8sQD7EvjCV8WoC/6P76eTChcmkkDTUyv7a2UsywtrIqvL6fBi5abbwqHjAoSRzXidIzMxHkO09RARnOXqzLG2CDRng07/uy9NyVhcp4I9/aZMWUidbMX6IWpbA62+dabE3tmnf0bBBzlR8EbbbAiFaAl8IXy4hDnU7FUDjbNutN3Fv1GoLQxpfNa1e//aXnwdgX5cwRQ//v/7v/pX+skABAYKE8pI8OcwGW0p82XY92rrYpQOA5H7HugQJ0zp5S3TnppqSyufLZmk0KJg0J57UySejp1Lj7HqdkhzkjfEHHq/kaN26G85FXYfeMALdOGGJHmTBhjetmnAzCVfiiqpzQb5N9krJaHosWEMUvovcDEkxcioQ0G2lVrZ8Wj9UqToN4d3V6Re5vUhdaD3xVnVVhw2qGuUEPNKNjtdQfSgNJhfGxmlJ7zHXrl8C+kk33PUr/43sEpT5NG+nmoA6m8KrdfIiooUJbHn/h7RYe2+pNVquiQHb9lCBoNaR9hnAhLx9rIqrNAGYXUkmSrCvTtUWcksomNVXV9uG8zJQnAsjsklR4kseC3bsI+ABYMlt0A5MCeMsXg9jFhaFB96MCpb3UNz1QixPflI9CjqLTTFUKZnJqxP8LFhGCT9+wuzmiNX23TvpB3vqve9rcMbTcpbyIfKzqZB9aGqapZxi4Gl0m8o59pxg1ZSi3rXvx0FZ9rLwOr5IIpVFKrSm6hwbsRUGcl6MfnnpnO7HUY4GWHy+UDiQ0IWkAXV8HqHrt+zYITE1K1bhOVW3ASwD0hfs/eITuHPgf1F/HMdB4ZvaxCLLsyuiHIUebuyP0jSgftuynQmcGzxNcUQd9B0NvJOg0oNBLZAdKrVctw5HeRDw9BTSjuGnDpJXkTLrMjnzP5uw4kshOuEWGkK/ltXB8fbWnXIVHZhFLG9pbgdhk92j+WlAgtPc6G2MkZAj6MaQHGGy3Hf6JzxIOff+GckU2Y92gJA5RqlrR49Z60rq0546gBvUQlOSby+l6XToVfUnXIsybYYdvRFhHjamvQpRaVJQcfnwBxUWddSvwQTYxy+itb7EqWFfDzdmuacklbucarYKJKF0f36w6JM/lZ1tbA4f61aKd82gwiEFyJB2meY3wuFFgJrdlQHwHVbMEYKyuXwTemTT5fj0Kkog1rQ0uVLVTLjJTxFJxNGsk651D5quZHhczhDsZU4KkmMKZP2YCqc3mzN1DDbD5dsLyTMoD9GOvrQAZIUl17kAwOuFUJGWPxez/YGWdjzKu4Fc/KRJNIPRkomF+wKMgbkbfUiid7KqGrvNB6nSsqxJPjXapaAXXt/XY9TSWizjcArP/df/vfl3eOFsaj9NyQCEjLJwY2wldvV/UDmljRR8d0hakIXdhTyDKNil72yQCse3DaJbrUjReG977yFfLg6a3R9gpMdgYObgF3GYsqAH87tXHtll/5QgcEdQo1xQ7bcspnAtOXaTXLjYZuvZZz+YlSuEeZUfCCtT+2OIIqap0inp8YZ/twToSaFwKfnRPo93QMRRb3Oefp6AGlq3fiHJQMjBlYh8Dt/UF9NQZ5nSWcrrKtkk5/XPLPn7NwGBQ0AFl50jBQ56oKaVPRh22zdPdSKT+ew8vYiSqULeGtU7oSkt5CJK9rHfwV/LOODSoHIHw43lra1/Zb6+w5jo5lvsdew1+BmzMB7Q9cnW4mDE0EpHOPvDoSPgQTLYSrK8W7ovRYRKmdRCXgCQforlj3TtGWFu+jaAEsn+bZn9jOcI0ELC0orTxntPJ4LLgUDU/akW9lL1StCiA9jglrVbiFy2UlvvjSa3NzwqwIomC5MiQupus9pXekEOpwYyzKu5A42joIp60o8dpWLMpQYoxly1eLrUq3Uy/ame3GPVjJSjq9hu/hzcbBlUxFV95b7E7p9AgYATDnZeeNZRgnnGObRS2BX2AUN+HWLICxOyW/Ag6uJf5CtorJzG8KmzHZFIUcEaqbc4eVlbvG8iLbWghcraoHp0+QYPXWjnE4NYQOj44dfrZV46tEsto3i62XuwTgeKWNBSpckLoP2fhyThde1Xwhfksp4WSwbUqOJssZwybzQiDZBjpb0OberoqtN+R+9bTCAOdkGkZhB6uinJcwCDnZSN57jk8yko+gkHI0Tfb6HMyZvZak3vghmLpHGZKFOMWYPcNFginVOMt7grPZvuyVJbSrbKzvvGIBs92781RenYx2K3rGBpY42S0Fp0RUWbCLi8KfxFiWddEqZHhYdYdh4m7eO04GSo+OM0/0Ym2MB3Y6peANhgddKz/a+MZeLQlU0hG0uEp4hREUmTGFOx1W2ynAPgiGUAlZVO/Vv7EPJxjc/D1aW9RhdA7MV9fP9gRqjVftwUkhru2MHZxZEtzJiNvJAbHIW3ElGD3vGwe5hVtQo6yDcP768iRYqJEgu1PvzfyRbMaIKSFDEJfUVaNZvZnblZ0vp4MFp+Bcf4cagEL+0vwc8lEZGUl7eSxeV+SFGR0ujbXYKKGY/X/9b/+P48xBuyDlAY013SBH9Lak0vksivcKhGuGwLm6cbF66w5XICmOyK+q5XWN6/AnGQKJFnWUhGjCm8x2i+spasWhnC44kh9BshCK8rBJJ2K34RcRvuhPWhYyFVh35ZJRDuAxB0VCV07XqT4mU7H+3+jyf64yhWLiXqU0hls86tVCvRKg6MN4ukKL43sVDGTYvzXruqjjlc1mKaqOwqQmZOcadFeo+KUT7vufjuTady5oWzjrHrsTt7LjXkwOFIK4xwdiBRYrySrEX+vjIdAJTMn5E+Utx7KODnJpe3blN1exjOzUfJkQQx3f0jqT0Sf5H5URLeUxG6XfRdTp0zqq7ynFWUvpZPfLjLx3/eEEw8oiIEEOxbajki7tngXhXDvXPiGZy/Kv46w6z1yW8WS7bNrKJqqqQww0WBe8JTbH3hXswOVXDmHPfO3NQBVLXuYAcrcglIYKwoyncrzQ+JobBgwK7oY9x2rvDJlDSwWIt3CaTU1XVAxKosFkhOakabLKS89kOkCwYstY2qFKlvYDJzFbLn0afmXGDeVYqfVTqHNuW2KVVkQiBYqdg2me2Gr60w4LjakaU2yCQymNeZQ/AUsr2+Qn9Gl3P5kdT6Rur9GXGpS2v2pq7WMcf1WQAQflNSsl0fCt01h0nU6v1aRh//RCe61m6iwAOv8k7BuPgbKXTfOD05kdL66hD1qVQyRpjPXjqT4drhdrJFZAnITOyFWsvoF8XKUH+mPmgXKEwpoM3jiVC1QgS1cCCMSSB0mLTgm4BefzYuQtF9WWuuxtEMWqP8kfjvvCS+dyytbTIz46OQt1eD0D/7R9bDMg5YIH3f783+QSbCBPcRFRaT4DzekUBZyuGqlWZvT0AT7OQFSDN4C+FyKJHiFSB4lyruhdppTRVAe9I2FW5jgfbqZA2bOkZk0FYgp7gbCKaMBqX3YiVOdhVkrvBZlcKT07KZZ3ue6OR+Q1Gsj3knE44WUItqOyRgLQ21mVuCgRxd5/+xsZl3reVny8ws4EXNqx8CJwapXm6W2DKOCeCfcDgpTRsSkpjxSAb1WC7wiXkXCgK1MuCa8Jj7JJvpl1oWJc2HrNv9gyPMifaFb4X4XrZaPwSlHx2o6hDaMJiAixNG3ar+LtXGZTVm83CePeDk+t69FZpUTaYZW9A9CeOE8nauNbcLa6n3hY/8v/9H9Pwm3M5mSHbCpFY0CV353Jq1KIdq/zYYADloZq2j5IWpQZ6nXUPYM2eRKvg+Pw5RJ/HEZ0ItAklsMa8W7TWUUZAd111iOQIJczfTdpG0rOffVOy/29ucdHYF1oIQR8VNZdmt7o5WVeHQP6CrSebDurnfO4WnWdTKU9LWdRZDN8MKahlnEYq3ScoKqM9hZbBSYoFHghzlinTE6GWX8S5bYDcVSftlk1kUvyI5WafVV0xqJQrD9KQV11knC3UCvTd1Rok/bE2mu93+k1sYLg2V9Jh2Q9ssPEcy0Vg1PQ1aNtMXq9qe2WbYpxTH9Wby11egvtyc8MJvjo//wFUedoOzFh/VGLljmUFyLDqG4J5nRfdD6+lriQGBVpq1G9WvCS3sXR+tYzknuUhuOOVK2NFzVWQ35ZY03vHh+fqCNCKu8oABuJdLDXhtYZxT40rNWXxpIySPdUvYB6eTUStVvjLfUQ2nfUlu+788MzzErikbQ/KXWWSXW2nZ12Sn82rbB4yjraYafTG1hISl7lkkyMdfFtjFeo1JY1KSygvD8DdmDbchXIK1baIZcQKzons8+st6KUskE9tHOKsJVCb/pUXHO10hJVR6XxZkmhwOP1Jl0vOH3zhMM2mxZ7QrAXq6lWOYlY9ZHh8h86baBsGK8IqrhwsHd0SctABBRNk1wfFzRqN1feg6bVx5re7DguEvWnjgwYQJ2C1JEl4YgMyLmC5ToB0DJQhb+I3zlIUJqe/fSe3SwesOT1soSFVOhVs2I3J8hT921diJ0zE5HKhqa/yKYQHPBmJde4O02C9nklbxX9OfBaprh7Hcyzro9Ak4aR8AF6bOegHRpf9qnM4ihPzX/Hr7DXBO35KgJ/WpZOrA6x7sMbOmvECaUAKYDXAskDtabDLoEVsotk0emyQPQMTgANHXPZwVD3Op1Q6t0mRjoWZR7lt9eEqoMrrWuzTRMCInY5UoXRllkoT5v4ju7lP1ltfPmU7FJHFdqhrcSNRMX2oOOLbE0qoLMX9qBvG4VLLwSUW9Q2yGMxmPkiPk19+2cspR2Uf6qy28bkctptckJnTFfIOYyWlNIJ/ngCcpr6Afa+SU32Oj0nP+yec3QMfKtAAaRunhbC6dzXHstprdNZPJRDXAJl7Z/TUgiHB05LCoLaMShFLuLF0ajpndsgXHEuKp8eO2iApJzE5AxpLvRjYUyZ0GwpjAOKcBD13/wf/yVWyv0iqeKRnDavobgw71avbrwAyu7LFCL1ImBmvv2ICEzHxOyODEqn/rA6b4eDP6W1r9WmqQkX4eh2cvh0iqhePKC1/nfOF1C6PavgeXW9dMmCKWy7UFKBcpNv4MXnoRodCrHxoyXl+4A4MCjwuhen+lzBzmx4w4QltZyCQ3wf7f0AikHa6gRlYxEb7tAXc80CMUXwVi7vdebFOUqEdLbNboFVT6afck8kaKdP6O/MXMyltd5FEnrdBmSsqsoLeFDllG3TKVLJ44ibWgOqomUGpyGBgVcl/Tiif+OiJFXm7ad0EkXiHlUysC5nQD8eng1ZCXs6NZ6THCKLlV6w4o5mnJM21fJ+WbouCO7Afp8VWB2B2/nyccNliQWSdUG4Z/YjVveeAAAgAElEQVR5oSb7GMMkL9zIRUR8Ya0bsp8ee6vFE5dBbZNQ9mpOYG/5jBIcu29g5gOZQGH5hFCKgpA3tKBVrHP+riTIMelZwBt6VVhkBWhy++hdc90Bkl2bDm3K0padbUihgsmWdctXW3U9CcQWJKYYaVXyb8SlCPKyry+dZ5NhbKcDcSq9zUYP9gG/f+Ft3l6IbCWLp9vvnrrE5a1qdZSD0Y0l82SUpHMY6DUJpJ2Qzh1nT4mIzk6RdBDdq6X7iaNAAYuGsIdSXnzLPiv0UGs1o1Au9Pcvfy2lH8wqLaKUPjbXS6xXorN1itSRCRZGxFxp17K1yDgy+lEygfbwDXZSI/sHz5orXx/irC/af7fzb1uSr0UVfedaaFmu23FzzlWQuFrfyuwkZKR8Tges6spI7lZun0QucII5C5vTNhCBys4Pl/IOBqEhq8rbq3gYVx8hiGRuCnFrVU+H9hL7pEtMcIcuUXPXs8qOYLsvUkahScpItYfQaSgd6aofS1+7jS2kXkNetgemqW0i5yJq01hVMzny5k0PR26UpM4uiNkmTHP8eawutHnHEExSQMHEMiUKiWPKRUxHEMDpy9uUGSJ0HjUMkS4BaXcR2Dd3NigvskoKtcarvDUQJR+3PH1Kkbu3LhsSvQqrbEqlh0JBhFe9ifdvHKWmhdzj2LYmsY/6aa/dvpSwkH5Pndu9mCPAz5Cq2yvYLAkLOBY1zp7RgDYw8mSYVU0euLN2JeOTiHCyDHIDr9C0UgNndsGWj5Qxwxz60SrJ3ojR3lD9L/4P/zflFXtKpYRTKUfWJF3o6LQWXQuFw5LoIkfnick4jJeF9zeVDMp6bsGBNfgk4NegFtUXSLqHnsDhvVkFMflfecKAD0KnKINWk5s2/bnoZ+Yp8V/KhM47Pv9HaKTRXbleqjyAuM1hhSUyQbc6T1cE6E1qMfklGyYDXKRuKRnXyE6Ofdwem4Gnpa63PCjdn5Cy50KQxyXyJBdOGihLIVHg8crbv/Z4XceM/gOA1vnYRBb4p44819IaoOB/6Bm0kr03ObMeUZTt1SEn+2CyT3M5OfrACSfU6RNM7xArvi3h+ferpiSUFaFq7+aH0p2llCOU14qDXd5W7B/rkY/46tkd+w8d8gdHQaB8wIREkh2QD17ZiI1T71QzvTfS/q3VVGiTNWmdz9CCCAcyHmxTKTUo5fgZ0sqSyHD5pZYsr3m0jHntLp1mE2Msv0jKCNqWIWV2G0zzJl/JHuxykcIgFRYEpIiqVFWnKUHnSGrWyRhK2g+9TFLO4FEmXwFXqQKnXRzWNED4Vrs4Rn2qoY6AcA4spoOoc2zRLTecTKF8gEgXMcs++vqZDG2tJfQc22YsVDdDvXK45eDQ+0CkyVYVT9NQvjpQnFat9byXPj/4mloVq+uzBpOwlvA2AMUTMMyWzrRjocbTb2Wci+F4ej9YZU0LYTw41ba7fIcYYmUBrSyUxVTn0ZbyYXuFrgXEIxF9aG9BKdYOcYwbmplKvYpaW8iiT3bprs9PhD3LrYru1lng/EdLdmWltHIGXiIKnk7yruWWV9mXUxPv6I7PicXnuJBBQ9hmrQMUZYGaB3BFIakAkSF5vx6p8PtEgmGLjIB0UjbtK1Udez0AUFdn6Al6/ralu6USZJGco51zM/sBjxJDBaQYzT7mQpIlx5HFCOla8qufvpOd8I6MFh7qXNM4kdLsKyWpM7daxaOqtmNVbWwvbTCamoq67izvU6SZpcbQyYs0sdqnvTTO+FXe61kcpbfJxN6u3H1wDiT/WtmlxdSS/jM7xiphCXREutW78fdIfGkDh6o/KNYs0ykcl3c3yOhgrwmA24qVnV8ZolPAbTxOsueOwT6AI6WmaKFw78VkI9u9IjDbqqp4b/lGUhT+lFoQS8tKNDlKmQKFWiaiXMYGhdKpYAcumiLRaSJWFHmdk9fKEnMZRgnJXXJi7RB19KOT6Y/NYSt0Nu+Vde9//r//v2qUWgXetopO+doiZWBOHyhMwHBB93t3AboPsIknSLt0SlSo6Bq116y0/o8gTvzpAp2xliwARzkhuw62Yo3aXfThX0D+WZx8+bftpnWxo8fvCM060Ymea39Yx4T1VUHGl+OkjNot6miLC/7pud26PYTiH/CwWjEpl8gltQ4/sjYRUvLTo74Wyk7pqUPE9ZH8FU95SOKoNIaR14Q8LBxfG9Wm316Pt7eAdatXFLQCjXWkD67hYYF9zoZuYR4Fk/vo8K/ZkxPNUIW/EjDAp4WXhuN6tVIr44PJv1I1op8o6CDfkoivWkCbEm2pUUuF+dGf54+qniwVUBxDK6Bp4NLxcDFxnZ110ByjyJhtED5ZtxOJF3XacUumakrzt+3FNSLRYEdBcrbT2CWculrutJT7U+zzDAjoqCScPjou2SL5QT7s0BCVITksarVQOGoXXYqhgmLQWLCgpa3XhrLd41NMnQoRDBBDC3OaaEY79EeVzw2fg5btwrTsdDdqtAA5AYa9EQgKok95V2KiGAaCJb304os+XSz+uiBFg72Jlm/dGd2Ibx4udKm9UfggSxKbifb1KBS+Ov3mOjaaWAbjrDonLhfAG5skRtWFVNatP8FQm8LW1ahe7hevEsh0Qvhq3WD1bjQqz3vsYhmqO7hi8nFVzv0PYpWzm7T1LHu3vuzLFkHHeaJq8ni0U3DsYl75czVhv/OINMckkndczuiA9pf05Tt9AqTtrBxDX1LfsWuzRgluH42PwsG97HOBRugL8HYdXgFL81pq26fc3OON8kjE6i1eXpLkxWDGdy6p1QT2TaIaoDFvHDq5v8arybIZ1Zx/gTUJKIz7KEh00riVIV4TVsBM90fmeAiPPKEelUrpp+Y4TdWxlRi/VklF7Jz7khO3w/NiULF1gHrTuRKLwKmIG4t1dBQRr3XE8RVgT1WrQYIjPZfrKvRpD9bmwPpvVLU7VSwcau7oZGxz+EyBQ9QMyZZNgY/Kp6mBRNVFHevKwk0VPRGqLGMX1vMP7CllvIKDdiyGZDTJE4FpOC5BSc3lIqDs9do9a00XzyVzDrWcw7TZ9m31wbxqGIMdiNYOZHFcblD3rGbZMwxJZGe/dVKUzvpdbhM6d9XHS+kMueQ/G2FyMbRE+/qa+0kBG/LgsYeDzp5dYwssLVB0Jyo6W2ETVWYMg/wlRYGwFRwh6XWA6bYp5o2OtEn/n/1v/7uyfS05OXEGxqb2ku5Gkjb15mJPRYt/CrWX0kC5PEsYjlfKXuFSmxXg4m/J6VcWHPCfPuLSSQsWtJKktyM4erUFSpTkf68dQrnvKW6JDu0+tpgXiL/orUgk6ngplncY/wGoTD0Okh+zUaZgvvUJywE4QK0txxL1lGt8/7RiSrsF1MoI3biCi791upbqo/FwdWud9tUB1TmR0+OrglfZaltBF9NOHQfdWatz5PEC1fFHndsK0NFZFsx0aR+Hp/28i6zBRRyDQswRpEPHi0NaMDvlaVBtc6FcexPueLs6EmtLC+Qh07cKCKW8Xvui931UHZ2QEFevjGTJi1V8Ofd0KlcctItUBV5bJVtqVO+GBNEL5yi0OWhhv3NlAzwFc7esrgafzq5E/6001YjUgmIsDY4Et8p2o4dtF7J5Tr9qIZ38WbyhAtmn+KqBxoRtSRFYQ6aTg3/LBGRT5QRUywlhprs7tND++HWiDRxYO6xqet3gpBICJLX4uLUq2Ve7jUIxAqd97rJdg6r48pHi9ldvA2WZNuTMa1mTCnk6L6s9kkixpNyNtzbBxaOyhW/GfqRipEGrd4rFv1dFhdPLBb0qo4mURbueg6M3L3S5B1dA4gqAhSiHHF0V35Kc0p0eV3LT+cQ/kq5o6z3V56p1ql4J1Ht8gYcymH//Ci/lZNe9f2HVio2EJKmxTJikpEqkLW6akaNloog+jyauEwgtUygtBc2+SGO2mYBBFlk465fZ1VhsJ060lyxFx28SuOa0EsAZVGO4so6Qu84kJoRw9ixXdNgORcdgOeIEvUJBRGbUx+M7TsVkcazFwgsxvaGo5eKcvoyLLG+7thLh8mrX0aJw0fupW1jK5qMMPzcxcCXzeHvYR+n6un1AkBCqV8U+eyOBpHwMpBy/IJGFfJ3JXZjkOdC2N9nQ213+RLW9Ch12CSwdExlTaSBTN7ssjjOluPuQhBbLXnas1MGFdNUr90qXwIzTd6pxct/wY/Buefa2UVNVe3ZQhc7/OgcCZtl0EUomOP+hfLzz3+gjcobA8MrOO8uulKMfedHTLCe17B6inTcJnAxytuDn3MJqJXfy/Cj1b3tjqyHMB+tooQgB3pauQmKA2KoG/aBc4kNLbq/3lvvZgnLHQRdD2jlDAb5CqkMp5ae32ZTEZMwgcg8TKucUxoBAZU0KVy8LhQM7QuXNFkp7DET6d9odQIyJoi/GoDdM9QlmWiqhEZkoJOp/+r/5b4vZNaqrRiabKJe7+1RAjBwg3pn4ez2+Y/5p40Ovz6BzqxCg9sjkER2Nj+3JHaFGErGyPK1hduPiuDQmF6ruvay7TspViEMSvblFTgNYvNfLP66oKYFo/6pPowRAnjrt+9mVk5MAsup/1PO9XiaabIEUaYJEKLy/GftV9AL7AFrmbcyT3vgWMNha3ssTD1jq1D1UAXV6g6g0rmuUXUAtAvjDP+xDyw6rzok/39wzaHZsUU4GNRJadDuIuigc/Gl5d3iqWL5saOyfAfZY6tQppdurfFMKe62voa3q4FJQJiUub6bo0cpZqpvrI252HcOJBvsqMY0Ce8NzjfG0QdU1aCWHTSpcf7qYaJ5SCzA7j3ItsYU+GVyFlMTIiG1L547qapzP9uG8oigJGp86arc9gRCczXMixXehwYVN9dwiboVrOWdSvIAzN84kIB6i0KQz7+3GW/U1D52IGjcKLf4VBiVXQK3EKIOXuWkL6xMOaXhQvVK08RofL6d2sqVrNm2Xt1kSzbHilwFHlwz0ebx8jagte37XAjk36p/lCD63fvScDmV5eKqSptL5V/bTIa1ow2187j28B39u4RR1bNRxSsdZftdseov7X9ymS9Y+26Vvq7+SWIBuEwOU1rl/IUev3YhSNqcXo1x75jiicRGXf3X3oNIPveNY/omtQDkqsOPAwmnPTbZFpVg52lV1uzJI/PERQBWTjHtQf+DzCoKLrZY4dcoJ3KZYOw6dcO1bAAm79des7upASZux6hidaW2vd21jKS+DWEByFTkqjOkGJKXypjsz4FNZXe0itRNYZ0tMQBq06pwbfKCc03zFcW5GKuUF+P/2h4rtQa1ESmlpdZEXf5rnSweIXlMwaFqov7w45V3mXvwkvWqxa5y3o7nn4g90AgSs+W04dfKcNo2OLgE4WsSRHMZT/YA/E6UtZ7AZn42P3skG1p8O4LPNWGNxdrCHzN5RrQrH+JyiIFk14K8pn1NgEX+dXugZHhDZAyFImnNR7c1w3QnX/j0CTWUgxYjByig6X6P4xA4LGwgm091SeXG9Y9vFAXmRnh/orMLkz+3h+YcL6WWuzbc6OZfNG0MnHADWhw5uq/pkk4v4E8pyCI4bx3SGDUmfjlqk14wAuJ3uoMerOd2gvBSVWaFi8yiEryTX/rQbA1msTuUo21mepo8YF9o0c++FfADYDPEmF9HWHNWQBK0EasERMZ1yOAnSZl+jCg8AckXamM5eagYFCLfQVyVY1+IDtBT+T/5X/+fjPEw5fuyvT1Xh3LgpyeFiQp6DP4JwwSxg97OxsvpI0HgfTQ8LIYuHhx5wmSOng007f+0dxJaw+KfLkGV0RMZ0pFi3WIHga1fo0HUfmQ9lVutGBtRkIhRvLu4uGsYrgqlL6ZQeMIKXM/reHkfdaCN10ylA42D0prqSiW3xtEmKVFn+JOVOuVPd0z6LkR9279sdWVUav2M/X0gRG4yBqNHRdslidVnVwQDqnpAKVsWeigpHPejeLHZOH2TTblUf88E658DeQ5+LdpztnvuEfRQGdEa2jJDSDiwAf8E/Wjwm597ORmuynBvogY68J9Nk03oc+YzXWMwFu9Ln4JJc+WBEf5Q0MstOsXMdi7zU0LsW0uClr/0aHaS017HPTQ4kixAYv7WrWkAVq9i5yGv79Fx9jhbR49TRskjeJrXcfpshQnk6KOXcVwiy0MdnAdDZIujEq1yRksurdQOVRiS6ZaPvfOIJILdbWXW0kMKeRzmw/9MzoqMFFjCDEXrIjZBwVdCidQGX9DLCdnnBThl4s3zFAtprEPFpJ36sJBk+qincM6frSqBz/k/rYxtwR4v28SwuKPyRLbCjABTOlRNMKLypNtyzjcdz71rVdYr7j2CZpV3dwrazJISDGe1eUcKUMxUV6CGJuFY3VF8HdH2khRb1SBmdu1GuqaqIv3W1KAJ/Zo9v62jdau9xuY4+PBRHRU8viBLo9xrw4xjb+GXuQyZEA8juKtrNLxWim+BOA0lAaKYX/l5qiXn7hnDGoLVibpjRKJzJag+DhjuhqwKksndAq4bkAGoi56GgnADpYrUsuEGnG/5TCrvu5fFibRvO2mKteWqT/Ji+DvW61tHaXKU844AKe68V7JyKgVXgve24dNheuumX5VVJjgrDX0t/o2syzETXkntct2Xe6taKW0YISgd7kw1kNWTqJosOh8OGQCe7W52dOD0+tfRmaJaetszKudrlafdFJjpq7OSWEo9OQ51krwF0HeAQ4ml31M6sA5U40V1psvOmdaMuqflCLDkexhR5+B0Cag3ZsfIa0WqyPrR7O2anyhMjZesNtiKv4AS5Crfvu9HWgC6IRCcLuLf3sJwyCBER6UJnJ6msc8eatoAGeZ0H2RMNu/ufTuXSJqUK5P3risApJJ9dqRDMHioJImVWCHktWj92gxCkDgdsFfCWgFCS5HG9IEklDYIuzbXIrcOJyo5pOz+lOw2LnK3afzpD00kieOWkkKZZErNR9T/+b/5PWtbmMsDkbJRksAYBtN9pXwnl4YtNIlmbvAv86XgqweHt9aj/H7L+ZdeadVkShMw8Vj4egqQaUAmNrGqgbPCCJdGgjZCQaAMSz3FmuNEwM4+xkp159l7r/+ccI+L7/GJufqORsUsqLP0P09UggE8RmOVsomBmmyzn4GnmAaFam3qgFQv5WqdxoaFxQkRI+Iv9UM0OXknAg9ldl+qQXNdi4DkbyApu3zK+qbFMLdjZwq8zdADsvspIEncXVAtg4rVDVSeJoptW4fJqOQzSI634CnowcavxszuYG5kXRXO8Z1M1VzYphhRy2ObbdhKnhCYvCzSxMlzD3yGUCqsdnTEverVwOzjwQTm700kyDx8mfYFMQrh+rsqnn716UWj/aVlemE0r9DLiTgPnfyhcm3h7Sa8cuCqV49pVRyBk12ZNmnwN+SQCGcZBx/m+xcYQw1vDBdazxOop/iWQdYMd8ntIOdOHF/IBBbn1Bf7tOBxhM3vEMx/R7jf/xBZDUHuOH18ZqUFflf7e8P4p56jaQBQF1eBChbDflu4YdvuQL6oQnsylvJguxspiScLl0CkIjOYYUFkOP+YifFn6zvwoG+L6Gwx1qVr2+D5kpdDnS8LpF+fkKSTQdQbXjhWRxLbvZQ72z0Wx557vfBH+iOo0ZpcmLl4GqlqM9eOpGYjnDkgf+4Bpu9GV0V1cRzzCijsQd1I7kGW8w9iH0wMQTr8+OZZclAKm7pTyMLb286tOqlfN2ZzHxtcPziwQQfPGjJW4x0h2VaOHCKXO4LZJRNuLzeQKPXlgxrRNR1p4jGFAW1mM2PlwC4OW+drj5RWIddJPV3yybp5UpWyP53Y01FA+yR6HQ7qddQaZrDmhC5EBELMRpgX41AIWqdpVcPFdbYpWrcpCEpKtu+6o0tgxh68+qSGvuLGt2kHxBn5MFXrLLsOAAVBnzVKdg5QY3P8982a2tmokXNdjzzJlFvM7E+KFHfHkLZMpvUWtULvN7pl9gkwNcaDSygWCWnTkZOphBSQRRp1NB/JvfrDYgU9WvwEkVitGsyW0BkWtByGg6dDRyvCHOc/I5ygaLaj8to18dOG8QvFtyqSOponSJ9rxEXjxTYjLH+N2oHcjesYbQb8F8RSxb6F9XYD0ESxBWc3uVYiB0VWV9Ol5j+qE5U1ScvQX3WWCVXuOaUFj2nC0PfO5NbBNg0i3pevIuV5cWIiLJUpCK0uaEuy+qfZpZNBCHH/o1AEpAgA/CGIKANecVyr4eYxzrncP3/1Lr+o0UaooiOgAUuxEYaRZA32/UuEJlg2eCmYtRPEH0ag2RNuhAirbdac+mf/X/+f/1y9T/q+MZ/FrqQjbNX3CCDt5T7Ns7lL7cIh5eTLlgYFBZUrYXHBBz98f4p+BfdIL8IldSMUMweFklj9uLc98G+B+RtitCtbROf01HsLusjvKtJ0FUt+lTUv+A2Vh8LSRMk6aqwW9mQAA3HRvB7lpNihgtYVdvPyphdlKCPFQs/iPnBJGoPSnTD1yZOLFXTjzEUn5JNwDgx4CL3Zognrg/mObdCF29Kf1AoALNDkPEqyeP47tlDPjAfrXJqy2LhJ+BCaZxUYSCAuXzAMk4DkHHCaAdeZ6QRJPh7DnQ6ZadgmlMnvBm3VhDX71Mx/WJUVhd5xxCZyWQWQBa6T4d+oU2opWy1JsiBIY6TspylG7CfK7bjbEYSMBgTWWOzdVxi5O6FjIzHMGdxwYj88pdRBKw3LW8k6i69UT4+BLHDhOzMQxCKU4TBP81P78qOX2pH4Qn0G13aTHu/RsWLhQ2MiEuuXUATR5gUszsm18H0lp2F3epNQpmSgruyaEEyErRc2uw5YnOGOVnLtWSGaA353y3EiH6FvWV9/H5b2P04lfmNjSXRlEagC86YN6jCb9eRPZlWoNILka94tpYwm1axmbaZyTEAjdkg6wFGGd8rPAalPa4YyCRMzDx91Bd6s88eaYHyr4yeuWoTsnGrhawcerl2ppprGFa/kAwMUNe9SjrQ+wo6v99evbsDkXG5pwId0U6V4qT2UCID5ayr92XHKL7Zxu6LsSt57oR9dH1JVfTZkhQ6/OJ7X2dgMFNpGHG378BnWUUht9XGjhWOCbnGjHkJt30LzbKT+8k3buNJbaJxg6EH243KZHuJQ5z8PnbGy4F/+y5/2uaEAceMKq+UHb1tliKgWpot6niDAJ9PpVHG/WapbAiNRPHY9gwbAZ/0EZLGWxwsAFDLnLj08gOuWKR/u523qQMNokrrvBCgnzv0+C8los49ZPyH2NQZMRQuISj75DBPjkmp5bURlrPGEsjwZhn0EiR0QXd0REzcp3WC2jj3fKFgK/um3mgV2pPjpZKoaW7nu0mteABsJ65qWuLbT2Nkdn/JhGQ5OMu+vdF4mDWyZdvoityrLrTcf2JADPyZGf8DEmJg0ZjatI/PbPHVLMF+kzvUZOSL1cCWJliYgfqpHUEtDuxylDKXhSJERLXGTsvx8F9yA5pfinms40Ju0XCZhKn95aezsqhGp+wlyETWnnAHSGdjUenQnum2O993z6aOzsUyt3flkDA6rA9DIIDaVwc7njclMWxP/L/+P/Ewv7temnSFVfPQNZa1itD2xaaLVTBGzBeL6fPUm2NrbpVSL/GcemmTATem9bEe/6lueMe+7W28I9MSW2ZnHaRgLv9SezrIu5WuhNUSvJkV7bXJVEXsiBGg1l1vFg1Tkag2ZVVJhu+Oj4RAG1lgAa1r+FOQFsSxlTUyO8vdCKZll2N0cWQZur0CsBeBJxOZ3FwSMBt3gquvUGsfSb+fFKMcCxfS5AwFOXj+ywypgEpv1Vw3mUSJVX31aTTCK1M7suR06hnDW2Vn9yH1BFze8f2qJSmPmXDQuF2FQXnb+o968o/sD1bTl5bDNa6eWqou2lPglYklCoHeHl5s6P9C/hHm9dQEut3EnxkbX3G4Ls4fKQG9Qe57lmG3gMR2gotloRjaO2viNGpfa7GhC9PvP8VZYC+MEr8R4/rC0aG1+uRrsHsYRtGR2cHjItYRgQ4E7TMuFFMCEtiAabd4SqCz0MAobfOnF0NOU6qBazN8YOoYfIWT77exf2/5jKZiNrIGk3nvf2CNuPvrGTmLuDG9+NaLKdik+/xgC9jdIzsA0eXf0VXSEZ+MFMWFep2hsTXsnrN0avYt6CGfz1sQ4uvubam9yZjPa1CS01Z/c4iJHL4yIlWIOrMgSYgf2vNzDfuUa5266W8xCQigKB9MKoK1QYjlbLlcSF59k5MFBhh98+awdZEM6Zax/nNswFNcNZiGNeFC3I8jJJDJHJ8jYvaZt/cKmiKtABWjsCh2T1dSyqTVRwywQ8gmpF4W2W2+irbWQouEc82zJnqwKZLV0YZ55xDA+ZkirS4WFqKYu1wEtSHMJM63x3k7I2MpCsgCAalt9M73xDKYhu7Hxa++RBUSol7r9OcBLD0VovX7AL9GQbO3cSWMNAQ948hczFMgh1AM5TBQS+dVIEXQ3z2Y8LBVUzzCN/P8iFhnYMQOlrazUpsWYHUDcwPl/GgB5LmdJvlKgzY48SWlZJh3sG08yR0IbS6n1rYGuI6er4m9ZlzMBM6thIXNaa1GzB5Ek9iw2w72VAsUM/VdkGPMZG6gLlE0eUzYeYzvUTODtefXXPORVF0XNV4bnqTQY3l5REi+Zsf5KAucEgPq2wYEwWKNbU9+kszgwrG6a9nME400yzearfvNfG5haVfiCbqhWz4sDGR0xyZDgVKCZaa2d1vjfB21cRNJgldIO6cNmxmF6VHCyS0Hl53+o8YXazWKqlh8lU1pfV+dQKO+oQNKkpp0kYR/Bx0LFXYjgvCzvnU44MRID4v/zf/99PcIMAcWZIct6UztzDFwFZcFMNSjUZmTRkjJZN9oVlNFE0mNGYV/ch+kASCjkXeLkJz0vkI+4miHf27QEBLI7Jr4noQ7rISEu88hxX9i108vAzGiEUyu5rex/me/HO2gBaYoYzURgCSz7s/rj5ar+FjEXnJ7sAACAASURBVONcpNubtUWHHsZTrdNQi0/HGwmYoTPC9qkkENpyCy593CJ5V8sM+epF62L70ckZzHG6OXO0itKM+IDEOjA0TV3Zwy3EeFZKX3T4gJiVhR48xxmZ3Bs8h47UqRSIGlg+n+/PsA6ZaqkEAc9V+59Fr0Goc2hNmv88PdKuIiglYM7qsr32k9E1XCTho3Tqor6WDBtXBK1vgI3PktHqGiGU11ExKe0cjcsSugoFalBlMY/Atimh0ZVwrFtRofrD7J82UA2GocFJHFhDLu02gs3v67Q0OBjHiHxnwm8UVBXmM08NmRzZA6HDUqmVf1KZa8aKNWTpVEf/d2NYDttulNgi2DFa1pRfclHFJg7kmmxi0SqGlAdsbDkrT/M2EtbCkAWLoBbb61R/40fewtraO+dp7pogBXr6W20I8dqzHM0lFDJEqD8goj6a61jeXUCjh8HIHl+w0kyNQ5Za4nHE9GILdGrs+DxJF0J4QT7+xnmIbaY0Lpem/XoNXy1ZAjMv91obvsaP44WGr9b14INH1O6L2J5/kEqqQ4xNWkNLT1Q2/xtbOP66yUPYBjlM93LACUXMST4gcmAFSpm2o7EYlvxQrYHB3gFnqoz/1oKbLmjxd3CQ2tkS7ll60ypAmWoFqVm9SgBtlSeAd99NtT2LCH25CYqA93eQujkvkSOjadMi9n8vEsTG+zViKfsb4fpX7U0Xs+BHbhMLMLGTYXYAofuFTP4qmQXFOHn6gYm/JIYd3cLI5kvx+jdjaw20xg/BL9tlaxtYbb2VQ5xDIair2FV/tCg5J6jdtLVbO2obAcywrZso2Fsbq2Tn46uKQQebhD2Qgp9ogJkfDlOkItsxtV88wQX7bH53NTJPCXYIo7bVoN6pmpvXTxVAcA5/2B//WD/djKcRmiv9epXa7Ujo+EgHkIbuEFIYo1g0PgBWbx1KctEeuQgnK4ieWYI135tVyGr8w9FkqLuzfjPz4Mp7kYDB5/PjeSeM9nlG+CeCDy1Y9SwN3phFl0YQptrrFl+lTjMpuAgPDp27OWH41I+FZ0F6i8K8rDB8BoXsRVgbzzQbEQ0GZpSzbBe+cNTjnbdTchko+DP+1OC9PjqvBTpStBgF5BM2T2O3KO0kL+DPS4NZItY1zOL/8n/7f1VOELeBH02ub03U0oY8k7JE/K/N3OCRvinR1VzpSFzMo1kzZJuiw2vbFQHXKNKcsaXG57DDJ7CgZ2qPar7J5+/ujugdAXlFCB0DT9VHjQjQqnEP5MGbaHr3JRJwE9zRMg9IPnFeuV0TgyFJEdYioc3qHfzUIjvkxQO35DbWzH3F+9BkncbmHvA0jPLoDSQQWExXA0YdpzkZNhssuHrf2FuN0K4e3adiw5ThaOFocNs3q4FE2jubqQrKAf/wAggddIYpBJvNcwr7WpCZGoE4vxQVbBxGDYflOvUlIVfWGXnUYdO1iJ/bU3EgCt6KwxOHxOWnrkGcOS+fxvdk252vLK4v353rzLyRA+4DlycKatk9fo7OZMGhXj/M5ljzQMhlkWixJg36R6ptpACMtD8ZcBSOv6wXA6e0yNasj1oCGpAEvL0bO4qwhV+A4yxWPUeT/FHszziYY+wiC/+EchE8bF+9y4OjIW99uxFAKJ7emi2e/eK4tMRlwmldyUpfm+nQRLhPKEgQCoiBj+3SRR744rXyNCZE+sdUB2mho3lENMrBVwRWVGvbyA/Wk65lMmlHStOtHd3Z7baofFBtHRz/I0WHqeqZuIybFoUTAsOouRoNVmgdxQUcKF7ZwtGcvAxXx4bX6Ue8epmgsBVc6SGuNQkOGWhfLGRqI/bVbI8iAgI8uav+jLAJHU72Mo8APXgYK+lpCCmfGDwpdHU5u9aHY1LE7vW8KVwiFUqQP1cSrLGSybAR/V8lgM4lWom42mmOtS2Ic/4aVby/1E+l6PtN9ChHmqvyZTYfEpx4KjW1lMQn3+vbfzdE4xyzi8GbOarYVTZj1OSTD/NRfrCsf5BzvayWlOqAHYI4prjEZWFT8JPypkNJaxrWrXxrEurarlNkmAAjqv/aPhsRRM8/A2hjtSm8idNZ2wIv6ondO7/gF+/nNXYKUcICxIZEwdQPBBPrnTkhhVU8nFHEueTsRyCogHukrSVOqwBazu3/F8CI+ueP9Yud04UFB1ttFdySZ/X1eNcm7H3AOueVj06bc1n2b83Y66ra86P2AbHHDmGxXksEWf2cT0pBQYI2BFjnAFBxYkrZLjRDY9aLW+HI7SjFhH8VXpb0QQUClRD//l1pHXAsepgj+h7NKHjASshF8576mV/kXz1FXi3ekkO4fwBx5dlr6MLwQIGybND4pjjhrjwSgjqau6ac2+Dnku1EjkQs3XvjEO3yjyK6l2BDwz3BQwTYHUAcfm1VaWyyyrUSKc4g9tph9z/v+/oCfdYDiG96zNuWWMYOATeS+gcPKGHxLnYy9yr9cFOcjhQaCtglZBZEfO1iodKgCjQFCf1R0DtgkpJ4rTLSC+kx47i7TpUlqHUAs8ePBinDXAUC6PmqoQsBI2ZHcEw+iIuXGoIzD95F2w8y87HlBQDdPtoRjFL2H7lBKA5eKSZyV0MLQiHptTQMYxhiL+zMhjDRlxpws+yDTz1icpTtZAbwpe8aO0dtpRc7auF4U3STGCLmp0W9GYvkcZ8Phprlu/xjWtdQecg/RMle5QkSn+9Bi+BuYnyjdp2zl4mpDXO0PLbLSBmX+DeazGwaqH2TSQ3m21xywOBbGp8pUp+m8MR10Fve9Y0ygY6T31yarRhqZ9MHUadg9KLWIi3B1x4I1CT0hqOUltSZDXjvDSeY2lIAaF9l6Geg74oUt/MLEyhsXDM0aCq3f61aPKRf2oR0GPi2IgoGIfsTk+BAjWqIWmjn27KOzNEyjlQtu0L6KOJ2cT1d/8qDnat+f8r4zl563B9q7m2ETtSf9TQZvgQeDicdsaGpaM4VvLMqC+HIe4rqgncMCLzjKDhdTWEYycxf9tqKbbcF0GLZuN9MoFF7jwQ+3+KkakedkL/3HZokB1f7phwshTfmbPWuPbCaE88/TK5xQOFduOiEDZjiUl+mqkFrkgFO45geNS+dwWDuBRLIhwNpU9UgEaOvIs1oNazSq1d+YtGI8AFBvlqu3jSagMBrr1nAMdRfrRPJlOiLLwW9gNyS+A9BPq6QbJPlSvhPU3XhPBSwL+o4QRCTMP4RYrf9/l590Vqw/EcE3vXlbsqhEpAYojhOlODypynps6WB9MYa+3hfvXYqISl2/6MpFHQMkChoE9TQPsDwizXYUivE8288BwfxDy/TD4DFYjPAH2kQL1ZUY2+0LNJDLJxOWvxHPT8SPGn0hzSzAaMnASHsWFSIFDzj1AfqXxzhZ+StUqS/h/N0KFtID0qfNUx8+yAikxTAteWbRlH1enGco07jiEVu0Dz3+h22tZuihfg962Tiz9MfX4EpAnPvvCiVjoz8Vf5ySZ3hwVYLOXIusYh2U049cY1gIpqOn1jh63NMSYkxMQW9H+VmVxE0tAJNSWwOpgelfYv1IOQrguVseehU87pc5Mc2vmeVGwTmKxnrZ3vf6mmp1TJEalbR3IWt41+HuuAR/xJNtBHYB+Hq3rLPPwlwImMP+Jq99WXleeOO9VePdLVLLYbZBnaGhnvGBzDi2Pi61tTFyqdhgF8iMKyHmRQ2BHLAQWcE4hjs4Mc/bvp7flZZZ3qCow9jk6o9wfR8+Ad5r8Kf+bC2MQEQtWXnwiu0pAhH6Fdt+rWaiCD/ifPzhBmbBTFJUuA0b5Gs6VdldjbUEOPb0JbYYB2xAfZV6Kf5At7IgHO8K+2t0qHXzWgFPRykikxXL765qxGkeV8zUjBYJcl3JN0gbikFUX5almn2S07+/aBSR334YJ20DUV8AZ+9qN6i/xGm/QMraealgbUPyOlT259kHRbAtJl4pRLwyQMoBgC7fCIJtgHTaUvWVyJKFhRtqczIF4OOZtVB9wvOyoMTBCRoM6RQzIfMu7nXevXKWBG7b3pTmGwphD+Vw4p13de1BYFZUqfQpuMuRb1WhT0bVdwTmnyHz5vV6v6hF9uakFigaOOLdoihhkMj/jXMON+w1T9WZZZ26tf9OdteBEmaLADIndAbjrwrKmBYeGn5mYDysiwq3Gu6DB3a5nrNt15V3WW2APR3jk7F0scJHDVwXmpnvoFzzdFKAt4imLivBCTtJwDPeFL1h0iBc+I5KK4ojps5SRy2RVO50AOaKI6/dG50COBP/UTpgPmfmlqOUlHOrrv9W28QgMoLpeYhE3Q11wkJ6jVpHTXf2D60mN0C9ipMZfLUIRpi0kYt9otG5BpfprR870rZDESMO6gfFIpITCSSsZsNBRQjIK/i9ogWX/PrHxrMMGM97F9e0rWMD4nNxgzXt5m82E1f3IY5cIYNLutfrmfVsQ370XJbaFWnsC5pSDy3El8tOolVhdmEuEiFAGXgtm/EJD+lNGUSnN33hHo9nkg/MgTWrqa6XJBp6OUfwAdrQm6I/3hfuv6Iu2n6NYMBAA/5AgSGu6NM3kpPJ/tkRkRfNitZERfw1zQJe8MTG8Ppz6AgG/6Kt16BGs6bYdKeeSRkGMCPt9xTYuDv4M9l94reEEsyu/Cw+E69eY9CBEx1KSWcrSfQWTL7+w5ZsYyF6bKWb9UUkd5tjJHla4s2TLBVlwh2KLr2n84etykkZHw65wXdERvgmTIkS0t9E0IS5ExSZwNZh1ujX5C0KO/29b0NoLnqoLr+knAIujAUmP0p+r92JtzXA9rOE/KQhph2hFVaALOBi47p4TOi0qhmB0kSbzCW2TBkBEuSiBzjloWZSQRUOOzJRcfbBjBqeXPRgzAMknSHCaRQJ2hDaBZNyaO3EfrgrofyHgGCQkGD8EplufCTC/9o4zqTLQI0L0U6wQ7spuL/feO+mFs+nr2WBZfu0Ln1AWfwtrjSryehQ6MK3TdEU8DML73/AVYch6ncgcOOq1C2ALBsPrsXig0ckI+uvnd0gRmz7O6RkWm/OtxkRD2WMv/dE8/rswX1xjnsCVWP9fM2+ML8hqZnbZQPjD1n+TclvzHAP+sRB9bGIANyyU5gWhF1b63rqzRAL3P5aNiJFvjGpSfecW25FrdG2T+k1x8uAfNSnOWiFYJ+OdNpyy4PBPgXk7TSeh2VzMPZbu8LifxPPfd0RabzQwT9PZL+Bje81g719StNkyd+K+mux3OEoqamYGxJ4wDpHm6f9ByUF9fhj4vxuQcMYmeZt+hFtaTkNbiDQKx7WZxVMVldKB/p4NZgMQHCuzoCRXiBJPBxX2u5Dlq01MeECRq+evWDR3jlSnaGxfqpAAS4+o98aovZOk8DrfleKF0U1rWQEINJCZPwKo/13YNM6EimBxGGyT+XcJzF2BlV7tIEHQidQ2X27xP7mgt43QgXPxPzZIgCiSkBj0l4rfm7Y4pR0FQdfGKsvlPZyO6/4zg9kTZAW3k0ud6YKgbGu5b7XIrV87O9rSS6fBdaL+G9hYnrMtO7bNeyw22LbtcGbj2jxgK3EIcdzXM9X9tYlpzVcpNHSbhyAQrw5wfVDaK1iWxK2MfujBo9a9+CfBF7bFsE2p5+CLx/tfMxsh7lnyPmWF+9L7LuxA2nH3DJ09q2vuHUt4Zu00WHRN6IEy4j7KKR/bA+4ORyJauxpeTxx0d4Ze6hCO6cvW6satT4Gmyw+8ecoPubSX8pzUh/ixJ7ZTI3VLfyBslRxOPDhl4Xyg5umhJyY37QKltCI/8j41/8JQe9PPD9G1eHE0Ig/IIpwzXvJUigR0ayyeyFqJfLq/eXsHhNcG12Fawl2Fuh3K0x04SnDXMMvobQm0jIdVNFGDzWgRFrxYY01x3IqG91En6SawMb2dYrKgVBml2phsa/tVt18LiRWOT6bBuMQHv/P/vB5GQMJavQh4pstLR9hhLi9LkRiaHT8hR/6yNj2k/vz8vaofuDADDTkODRVOFvTEs6axEOaPCYfYg5sntsjZeHk8XApPgd7mk5dAmhY5vH5imtA8jEFc/gzuXZGVC75dPNTEFKz1On49gRcHCgwHRVXIrASYARlx2EF/zrDEUC2beIK5C+ANbZJRamlnAGx5ksNwePwfYukJHcYZTWI33xfpXNcpmlBmQmP/vHQ11577PN0AtNe3XD0ucyqYxejvtZp3lNo5fZPXBZ+gWJhJB99wyT8MuIdygIG09IPuf7JDMgJ6vO6Ts9xaHl+V1NmkaaetiMD4s9e/FjTkJJuNfdBVhl5eA2SIfHt8Ihx7Vxr2X1ldo3O1e2zDdq3kFEPqmURHmIy+WrwtPp7VGF0rKnSTgLj3zyRSmU08SVFbx3gklcnqA0n1sCtwqXcPq8tKMvI7zEm/iMPSvEPtRbCFanmmsGlAEFxD/6hmvGJU7OEElafW3KuHQFW4QAvcDgjWMRGnkLCFFqbzty/yExG+tZV+GWtcdWdF91/4rOeGZNFl42jl9KeAmXqqSY4+aD9mtfmKr5QlZy/f9QQNSD0VUg/a1bUV3SgZ3lYDbjlRkgEsb8zKcTYjZeqpl+DpO5/pVNSiK0YANONZjveJ9UGdke4E3FtOKSJvm7JApNhQ7k4hXkQSfAKb5Eai67B/tJBAs3/So0a4glHlvNDMpQIPiG9u+sckLQn0mPtCbEB2aqo1WkgugUtPb948MGk8S4ClEUkDLUM6/pW88gDnf7MKFWILLfxvGacWqf4XwsQb62Bb4Z53ilnbOuRDbeFwUZXxkGpNbVVrT4QJDSfwG8qEk2XCHLMO1A68AnlmO/+9+f2P2YuQ29un5iU+DVG18Fy9gnDGILlDnhaCOdkXopQ9f0FQ8F34aHNBojsrVSf2vZBjCZVVlIBOEl9Apm5G5pfIaOxXzfx/fRvx06eW5H0cRbi5Y6goQKrrdnKxPKsdcOgmRohCRzfIwNBluW9ndVecFKkVe0VSYUZFBCKB74GhMeVSbcudVlIBfPkJ40Jiw2JGytr16z1aFILEF/gN+yITrtt1xhzceXRmr1RzxKZKvFg39JxMR8gXgVf+NYNyWR4wxRXhGLd8DRc6BSEKpl4+OUgNmkHIW6Qzepo1jiLbV9Ca41JQmD0a/p1npkyVnheTNduEjGvH9grU/N0akT4/SosvVjvAKuSK3pw8xMc4fMGoVGI+C+4e5Ccvg1IP5iQz34wC3RJigpvG58jod1FYivPfSlLQ3x6lM3j0R14j3F+Sfs7kjeVhw5KrY7F+XuPDtNNLmeSS84Z4J95doR1gDGuZwndIEXNBvWKe1ozthN8YmyBC/i2EibsKq3ohQX3EeegyIt4eymK8C8wxuTj6CSCZ6UWtT9PEGNZpmNF5KNkIB5ohgSmIb9UqvbyIndXIdyq5V8ohtXr9a3kdwx9MGWLc1Q58qGNrERWMMle4Qj9pCxhwrNJsCVOCNhV1tkDNcF9IIWmtGCIX5+6S01dLyjbzxW58NT9lfiuiwo8RLwCY2bJ1qoVnCTm+MdUIPPng3lWeQ5hPygBMdojHVymbDd/0VDnVlURBPuN2CQ5ftDbe6rmfiDdf4oXl813kG3sauvCvyaMUAWCPgrCOr98Pa9Yc35EXEbfOMe3YsqTbxWXJsqRHJnBQmwpHE2oqN1pXuQB2LuaxuZSSr6Biu71t7CaiPvoMcP21A94Vtb5P1HtjnhXbploSbhG4TSEhC0pFApVXLkkJbKAr9/8q3GGwjAmiT81jU6dkqO+6wGsULGlbvIir1941afxoSk6EEBLpIf768KZvHWW5dChAIUdjirxIxjMPQC4kvRlA8CZRyXpH0iEloZvDAbALRe1y0r8TpecROUwz3DTTj4CnZjIREbg5fPDi8lxp6Zz9iI+maQ3QXuRZBRkcGsPDlhEwnfRUYKuWnejcs4l2g0Xldq0nYAZVK4hUDuvhmfLRxv090JEDaVY4JLNEjnO6cRs8eAZU2bnztZ7Z/RH8Jji+Llbi4O549XCEID24YlpIFTvSDP5uuVBXIofLCVKmSRdg2/snDyBVDquypm7JhtwugNeqJ9ezZRAayFqCNMChQiUvXkW9EPRF59KeVQJ4no+YcErrEp24rYVDzJ0yNI7IZ6wbj6g4kFw8mdciYbEPS0MSMCGdwZm9N2WGjfb5pqqwRUK97IXNC7nqiosAbhcBBUC+ebdnnZUrPhobtDlfAQuP/eHcYxg1ipbWm8DBx+whfWNXXap7miTAOoPmjLJgWAQ0j/c/p/453X/7pJs0sJ/U2uOEQET6VUQDpZFqLS/Al3HQCoSEJnxNPs4dTwNbMK9bHRQTBRN1Q36+4OcV+HMJMqxAQ8cWuUs3xcPY7wwO2OkbswAX+NQCE5zXeYQV5ap7XfMOZfQXxRvLW9RZVh7XPDu5XkYdjNf8wG8QRuScZ6fyZU4A4bC8s6o/eAAl+sSQHqsT14ZUCsP86TFh/BKFepJ7ZTnzgde/p9OK8c/C9a9kM9M3HtAWwpocj+iNOVNDrmvwTg1R/oCIdOZRiTK9fCBeQasIMAUlygGOVT/yaCGwut6t8ZOKeCwgFH5YpP447EXTbgtldkZPtK2GnfmUdIqZVYpYcn13U/DxCK1o/SqnpvBLPZtEZvaE8c7oq6ZlUXpsFBnEcb/eAYvNTL+wTICM8k+PmiH/WxPodmmtbDZxjiB6EBWRtn7yu0j6VAFZBr7turZfkOVxoYc3kFXM7LzTMsZMwcCtUlJCSexkkaYm5wiWs8mZem6wc5amN3ciQZZGsTi5rpeRv+s7B+KjYsKEULO5PriJrjTq4mFKGu24HQoxHyZ50XGUxF4sFsu6WDK7bujoAw6U5rMf9v2grnpgIrn/uhsgLsV+dpa9rQSzWrU0wUCHqpPHvuMdGf9Isfsv7DkrZmon/+U+fpO0v+IDppN0UgEwjCcgVql3CoROiMmeN54GRu640K2+zzEx8YEfcCbMWCTPx7rdD3m7NZ2X5OujIV1H0hVcmWvTDFSTZeSWCez4I1Spcb3UR7d5aBzKkA0j8+egUK7XfQdgSANEqU+2NhAWh+WxgrXdodUF4+R3W1jFPBtatbCOhzMdHepWfswGWyhJtBoLt4uNRIqXrntv0l19vKAVxAE1i50rQc0gDgxT4RE7tj+be0YdzDpEoS/5Y7GxsRuY3A+jPDGrgeKXWIhg5ISkiuu1BCjQQLPrl2M26vYEKk/eEdd9cZftdHfw9iWH3GOpImOOhKCiHvFal7oemEM5HrxEum34AbhqXBl9oDU/eAZ/XKM45+lM/E0gsxRZpBmCVPhcilSo12PyL0E3aDmvYiD3aA4l2pQEk/Wo6ECDgvDCJRe0J7ABEzRSDOehI3NUl1ACEFUIG4+q8UHkq9jwPhlF6FWWyeLNbjFg6YIezYbu4bIQhSNiZYG41lhrPmNs+k++nRzhqpFIH/736yIajNQHBpjSK68+V7TvSZ0fC3iKMHEgNZ3tB1k6uZqomDojt0Y+qoQB+Ftt52fTkwAyqH2dSPSPnaNjMdkWWoq30KhaLdXgDq4QWcxY5SA+Sq0d0OGfmEBzD90BXJgrYrImzsrVwGATzFK1Mg3WUkeMI3MQmxdVZSC9Vs2ZY5l6iEar6qVSoGXIii1yoQZwelHNomdBu0Oe5+gVd4psGUibJS1JY4W4X2GjsqiDVe3sbbatDuMT1TT93pWDFjbc+t7qWj34g3hRqI2x9ytxjwwEwJmvi36dwwz2HDS0A7RDU/W/hijQx58uvp4YpnMR7hQ76hCSHonXYCaIFsSvmr1fzUvt1gubO/wHU77KB/3S2bv0+pu08v8W6V65r5gtsMc+cX8tgmhZH8xAgAmK7D4zYGyAg8mSV7iw39FjbftiicSdknAC9GaLVzXsEMiTFvQGGhn8knHbBGq3Nr15/vOUUHUSS+4o6EApnBelXm6FhrZXpgAmiFFiUySUo39ILGStWcfGWj8IZGnWaSdquMOE8JfL5BgMehdg70hxxxMDDyIEzExD/KmWNk5pOXmAnkXI4K6n2xZL8vJXtIYhEZyN/HiNkIe3Dz2DklrY2frn3bbtwjxCJZhYbuRbOyBcHyoD8+QiboEkgdJeEVEEab+bkvpZOhT81/hbZan75/ku33jAFjsTD4mXPRZ/P0Alq7REnm+ibtef6QK+PM6TpuiHFWayBd/ZWHqGuC5KkXOPBZTHv/0R3p3lfk6Wv3DW7qHwO3lfER3Xag3w8EPcZAn5MNr47HfhHTsk3a+/CbEmTu+JPIz/H1znLdU5fS43DIKRB4A4c78C9bcgf8B8lkAZs1FgWzi7GL9zcsrbRmfH2gxWB5BABLjx/UcSmeoImue9l9CwbYBcs59O863q2fnrhW3Qv/4eWmjJv+qMJLOYeV83mLh1JJf8cYmBOO2gnh8iM2NoMXO3lma7dqp1/DOwYUMYivTVL5uVVzQyqUzn+fpwrWzM8nM1scmOoLUOK+Gu4WhJlIv1y+2TDBK9KiZfmKDYpZt89XVUSN8bXxTZaCYL8KdcV5pTTlW1AXA+cj207cg7J6MhugfVY8XkOl4TIc9yjHpkrjAk2xMBDCNKKbimJkn2OOHauwWTaj5qxE/RRkv0tBht8Fv8bybqMxQwieWvkTygsomlNbsAf+m22rxe5/JUoTyUTDBrcX0Aem+IqgSFFsp0nzfckHaHyOhhfB51srlA0fZ4sVluF6o30UsEVnQx/VN3ispmsQ0VAhUN2gkZlE+cHGHMycI9GHfGJUSFzpP5TfB3KXAa79NSNKo814pjqfsJ71+9b6mErE32p4objTcQHWV0IpdA359+sKamFpPsQ9i30jy108236iYZNms22i5M5OSukdqwlAobAccccTq668pCrl1pdDkDTU0f37Olh17SoJzwdRvHeyvgtA7wEKR3BWpdh3Eim4/mtE8znKHv/XO2XsdlOhlEW/x6KySv+Jqk+pioV0/TghWKlpzhS4tCz+BmUHcZfyRdAZ6QAAIABJREFUpirauQnnCSZZppXmdVaIHiosuGDK5vrCaGi1QymzgPrAbtXYF+sRcMX2TWgT0LxaQYP3MCjRIr/cVDZDS6Su/sRpCJY1SgFDQj69DXgsGaiBaqIK4sXEjUIFUwdgb8WiVjOYIKIIYpVR5YimsiaORTxsLOdvXm2qcbJGLeCh5naVrKW/C05JIllVLkju0ymzOFgMJAk9jgkih+PSfbpW3jivfsibOZ6vNGQ0RgP1EiK9UulOZ2iLpu3AaKeiYq2NkrNnA3VoXQmrBTQeL14v9iQ0TriQIy7gCixyigGbN0jqii+j3WOOSI0KqK58DupwZ9A3x5icmbSlB/9RtRM2lE51IUq7BM2d8UBzOFi//JdAQI+wMucs6pxdijG6pIKxZLU/rPPD+Jcwt/UOgOtadJDWaA1M8qfYKUtuQ0gwEIm1ppJi5Azh0haisOFFQH2ZuI5Y3ObdE0Zp5jTFMGZ+8yxR23hNNwQUdTaUUsFAUcHerR/rvMkMGqj73BiHUHzpcH7RKkPAI8JTN8iUw8R8Ah9VkHADIXJSo8xq9GX/Yu8+Podx5jUvvg8JfP53//X/rChd3Dc5pmZXH1Kl8PGADiFY+F/rpghmnvl7gL3ArLYtkeoWttADIFK20IbNgI3U1MFcdouDvzKktiEpeX5AwnrhkW+7q3vyMgaLMPy1XlwoUi1x11zj5Aifxo28HyosWIZ0djrF/v4EM/zfvi+4bTL1LNiSiYepYjgCflwhZFmG/9V/u62ItrWDCmIaYXgcJVF/Vfn7idvQ87BW6/TZp+AtKkVoOJjRTEKseji8OjHh1OSDPIIyew6dj4dDb0f61i5Vrec++MxehT2wIQjSymka7uxQgbZK9oP/erSAo4ZxsWD0Ex7HGzN9Q3pyEAFhAbXBGIqxYIPaswspgSCxM/PDXe/n7tSR9ofabJVyYyCcBxMrgXYbjcgoQNMA8i7Vb7pfH9KPA7gKNeUpkW/dSLwdKi6OiKGQ85S44rXELfFouHK8qp30ydl57xoiINMkUemtqnxPfI9Z7tqZsq92KZGX0xKlv3nf4E9M//j2bYgbiRYpnyqCKjz+elkuAHz60AxMIRcyR/fnhIHmwmJc8wEUvnpXRT3FcssX/degXqDo0qy98wmyzo819RS9zrl7tahtQriURh7Qu6F4lRNjEm5mP0zMOhuRqlwkcvIL+BFNp11XoIIbwiIEcPLnBuOvdJl2WwYofbOq761gJ/r0gwktBk5mQv0O56elDoc0DiyUy7WbFahzcGV8KqzsxL7X2nLiOIOZwyKoDKAGm8LAfUYRiPiDqJLGiWb2aKBz7I1eFcMIlac6+91Dta5G3w5d4F9ETYFVjVqDjDN2TLtwhBy1hSnuQKIZQ/tmPG1nQi+O7Ro13iHqaAOTgpmm3SzOJMC0bZuNmumn1fw+HhpvmoeNKvzPo+yp9F8PLtQhOV02ZUs5QbP3OcoiCLJT3OGtQw5H2FJKMitxSM8bOF3OU/pf5vNGV9gdczNwHeUhM8zx9fSTajwFAjTcQtaJNogq3vP/TNBqXdpdHzHdvtJnkUPWzBtwHDJnvc4fsSLao55Wi01oMC6GyEav2OEYJIfwedh7AMPq5EtLUhlSovfdot+KF+kyrasxmpa/oIztXYsJ/e8vc60XOI/OV9xCibMcERreo7BGt6vxzkr4FxqHNSNWWbr/HHT4Uep/ny6GKUK2DTdVF//WE/iU0TZ8cPC/T//50h8f2VI2MumsQz25kBkPq0Hl8icxEbgvlwABS8xyxiXJe72kJcfTBwYJHmWC8cAD16hOETARfxEwz5lUMivDtmNy4zDM8SrrBGJhDhLPSp7fYoHZeAO31QyFHbkY3IRWCzPVAGg6+R6tW2r2CCD2hYZ49I/76dONAN5JCqm7LmQw86JgrZRGEtpuhA7w16pj0OD+xv4A1sP+CGD/JHYZu/C60fwB31YzQdrdSZevRtOpbXoXyFjrKEYESyhU7+ZbzIs/wUFGO0FRE6PAmJUfNW6AeODGUS7wjOC1nEsvt7EObZadfVaS8T7GCfc9F5/GRer7WeFXuRQ3PyO83RHQOcffHcYVbwBC8YB7k6DZdNJ8vEesn8EKBusGHrG1dDFvGSTIUJRvv+9MsMpbR5UV0BYQlNeQ/cPCSYmGZ3Sprb8Ci/UwCm8XVDj9TJSrU6+ZqTVMmGOWQYtU7IM/m3XyNylnvAcKzjPMj6Gyyq3aZ9Tk6Hrtgmngst0BTE6cebEUkir2I87dTp7EHwkm8xO27cwnDJ8UY+ifJDMJKpGe61E93Jt5xJE5sBy5wZVLww8+mhDYlZitW0GuYGfjXvzK5mkTIbx9gzHmWk/s+VwzoUJgQuSTItiEpfm5yraTRpZ1nqn6HEiNgjmOSZOTV4Avs940TL6AVvwH4TFtUeE3UW82cI39/gEEh7O1VzYWgkmndHg8IUK5bpa3AgmbASazMnTvRIRCzn/fNd3LcQ0GzPYIY3kyNE7YPJ3w6EfAlBUvScnA+QtLLU3EX+LLNZbpfAxspeXT20BGqIWggLGYuADQZRJXwBEfEHF1/vFcXJXuQLkiesyJr9DS4pyN72hPaeMpw11YU15/d+gdkG6/yLC5n/EJNuHMSCD/Z5P2CXiU3EennIPFvPE/Udx3MmKtW3theBH1meEY5BKl66GwUCfS7JEOXePq9RS2dK4mzUgFm4A8MQYZcfSUaVb26qoQwZt4bZYy/6SsqdUriwP8joHa7YYk8Ez29cYeSigQj1uJ+cIwdO8VeNTo7p2QG1+NOe/slNKLoVEvO9Tryqr9h8CH3oxzDQkFaJufob/34TXR5aEJAc+HPRrlkU8M2DkXlYuyL2rnGys46bCq5AV5s+KLTjT8QCcPSfueyMcu3EU+ga4nwGMn7GEFqbknJtxAwt4IczlG315Ekrxv/SoqozlQ7UT7tZ19tR6o0CXeSO7+sORbpI+DOQP9FbudzUiVkPdrWXmtRZQbtwi26BCa3yyuNusdw1SQUPkakBPPkQZBKGPGpeT5SDZlUO9hvLGFUc0A6A5M5Xg8pImDBSZ425jEN9S4Wn4UScA/777fTwCkh2PK7lOI0wUNRZkJPm8UVeC4F2Pj+WC4IKe03gZHA+zrxGi2wUScJUh/Jlo67kMd72rQQSUUqVFlgwyXpnd0joLV/VF8qZ5dypRzgihVxBT0PFplooY34BBccYQ3e3eE10lnLIW31YMdQaX0QmZ0i+9WbV7wlpk4OeNmh1UWuiV6SgvhT6NZSQ//MeH6IpDpTanfCtJIL/4oCU+RYiJvPxCcqZ1JrYEWT5s2JPY2wBbAdwKEVQ6S9oUzyK/wFCrhNNHeUkSaFbckyZm7AoJiHa1eyMVf8YlCJx3mdh2EhgWVhW9b/prTHeRpEXU41IMjwFNHF1727EQ+UQfTdO9yf+vPTLEN0kt2sWEMTQKdusna61pny6VatvyZaH09l7E8+Gq4vHA0ZStJacxxfWxw/KH5XFbr5Ouy/aBHEPq1EoPNVS37hZ2VRXJdvrfAnNswF+umJBO0aa5EpvoGc8tLGdq/kE4wAbzuXN+ibWPXeNkoMKXtZhHcswF6VIKJdS+CdveDi0aSgygGzTmnynlRMYP2bWPeFg3+XLnsCTTIgt7rWNjQN+g12X41r5KoG1jvd3Mama2/6VWlLwwFVr38uINzNak+2beXYLe6JdczxnGhSe8t+w5Ac37Koc/MFpNbILY7fJTwvb+c7Y5Yp5cmRJxwfQAeVbGoKTPoIvAmo/I4++GFJ+9P0BOpl8Jg2PR2NvwJqcelU9BmATDfGlCaeqiZzS85NtsLRQQtnh64DX2YrpZDBUrHdLAg+Sc+sFrnmHD97tauUFwFfGjYSgV0VByqjAHRrhpPLRu1Ln+LorfElOAjapX+HXnVQ37nW/lsCUGDkao8isVjqU66nckJNYRimRxOem/qQIDxLUaqCxjgLPZPLVIdhVByFw1zwqoeR3uu4qowHsu/EhXZKOlT5CL5J+UAE0+TBEbMoTdDltlWbL1JaxikIUe+zQ3G6M3HD9sLqPU2tv4cV9PkkleD2bO+iEKUHxWk3VZhn49AU94ILwWv4kNqPXvEygDixBoNk/Ki7rzO1F9jH1X42MiCjoK9SCQt7nQUzact3mpMl69Wnj/+WqmYyuvpIg38xug/+HRvp0iJGqznSzrvk0kqPK9yJ4QMmPKUBvYScJ5R7b3l71FE+upTajp+X6uOKxAW+eREp9w6x742DrLmYz6qKhlQVOuIVJVZ1/gj1Vs0DMS1VAlPXEDXFBo5lmKw/ahpMLbjoEXROH2L90+Sq0IwRzYA6dFHumZa+O5L7o8dkSg52fjPbmUKdOG67883oU0ReLDBK87sx275xi8w299lahkO2OdgvSEMXEPMxPBIat8aGnTmzj0bHgsHqhu+cGNj9GVJdzXwsKC6Foco1XyenfuEHsL7sokqT+CFCHQrjPka2TRjY0aFjMsN8DnMZaSe9909q5f/sMkXXzBfia4NR14QUrZ07ZtlZwjckkT95Xdd5LxBpbfczdkHEMS83hGUx5sNlvYjj86PtI/iYNSi1s41KuJfq+XjOYgouJBO/MgijTiBJZ8nUNPW551yE7+VjdL3QSiOdGCtzmSqIqjXl/Er5iDKjUKtB4nmm+ntcsByrc3QtLhlwvU3pQwQnixrf6DW79CsxqQgr9CYBNpoctTa1xsR9bOR/pdZTciuAgj1dONSBQX8p1I4BxCir+FHS4r8hA4esr3Kn6kPhxoN6eNGGwTEkZjR2pp7j+E++x2jILnvsP9GSt7Ka2eZ8cnqYKVKVYfbhoaMWduz3UYd6tcdW2GDHnNcSxLfnmWXsYIJKZlBTi0p5VdfkV6DL3I7aG+8tsCnQI210Cr4tjTodXyT2IDXrZuu7+2PO1YM51BPFlfDhKnJ/+i4O8QUd0JAbGEjdbBDU2NSFmqhS3AeWwhMQ/TWogVDA83V+3STSQP9YsicolQvWbG6nSAzdU1hwztTSFCvOknOkWMD3ui5AE9PcvXcvkqPUpc5DMbdX9BbSAp3Ov/pHRNbPJwrKFWqmc0S9ODWrxarZEg1x6XnaUdLwY6vwnXpC7g0ZIsQGlOpD3POxikxlThWgLMVwZ41omtndhja/XCqstl5qiUvSQRCKnOL113QcRClZONpKgT1LQyrbA43kVfwVSLoZtoiwANYSBCyA9Cr5wBJT8JhGQZaTVZn2hj5//NB22Mo4kmndalXungWg+GsG/b91LY1JeTPQ/a4Q8+OqAwWCkgUaZAy1G4Hr7fgoQWITFn1WE4nxEK+Mz9DaxeB5IIlj5wL9co6Voywkw0QASc93JxfXMZkYLtxhhFxRuiLH/6u4U3d1LDLfIPsJfGxVIrI3oxCXvBgWZj5rPSkNdeHP0py3rZ3C3/GEwlSjnNmyumbDorJ5IFNzqT/pRAIaDx0Ivjb+XylTCZwFx1+WZ8VRwZecuwDaL/+DQmwgjkzSqA4tpgg1oZ3rMopR6g2vgD0VRhRjA4AsR3EbUhoeKUQBX6R2UlI0bpOI7HrtOFvIIfLFZJlDXykAaKubilqaAK+gwq9crSnLXjlegnNhgKKxWJL/NhR1QWaNeGWkF6Qmbx/tsGHIFx16dJzl+HDdXuwW8z+PEZTdiCu4XERyNZmgFK2N281ML732oy3wyj4lUgaKk2KnOkdYaRnAZdXrqVfcLDwmDHJE0tz8S+Wi+E/PreNg/PAY8f1+4CZuBQFn8MmgYkfEOK1mR7t44LaKX/B4a4W+zjRovH+54P1B8WCEsltWINgb14UWUjOzTjC8/V4tZCeVN2MO+E8QNUIyC1pg1nv0mpQHnNa6XZ9hUc1COoAgYQlS0F/1CO7A3D5J4h42qDuKOVMiNGVi7mxuwSHHQftF+NS45RXZ1nVozUyi1ULoVage8F/YmoTXUgflqfVxo5DWKZA3H+JuPAED0tO1UDIphh7BofKQ2ZLjms/KJc8Qk5MtzbwzAsL7apaOh1LLqJsj0Ovn0kxNvllQfxpO9cs7oCqccvHqPsH3TbHenQHqegVasQfAiVxOW8okgsfM975LYZw1FOxVzYzAAkh63QDtCn8jNLFk1qFhC7R1q/QKFpQ5kV51DwWK0ep3QKyPruMxylmZAYn77VY9VFOL7BASSXRI+ud/RHeQMTYmoW6DTrvV+YjTjYDq8yXF0hIrYb0j3VcYGI7vS1KwZ2mAGyZqXT0KBNGAOKNZbCJ4E42uoczqZUyZbOGOo23DL5eaZp6tMhvkvJOny7SUoXEugZmv0fDQimFWXZFosS3SlknzNZrQJDel6nEjZduVYPdYZ8o7fN14x8H4FejJLUcyqo8eD6isJX8NxOT7gMrw91OmjxNiPDLiIeM0T1OUlervwxACSY6CuF8utLu6f/fUDpWPhHsKt46m4qyRYEJEKPmVIi3HNV699vqlqzkfm8smACaGnmzxMjG0rlojEOoNC+hzgfu80eNVPObKI7J33gd7U+yxfku2/jp3DZWd52Ts2DPBEPn92S58gaoT30XyCSsVrQ+uBp1n24BnB/OLUJssEHTpNgywP6fztYRSEOZDC64wo/FlYdHCViU5E+oPbJJ+VE1OhuWgMLteB+tzVQHSZLnDrWgHkzODmwBY20JJFHiZNdJwoJGIWGLaqlMrEXcs3UBBSSZzWWHRmjT2TTS25nz97EcXh+3lTKhH49xMasV8ZyagnylwrMFYIvssMPCFJKpauZ9ciAAY2YXQBNd9QsJtT1TNWZYtUl5rnxofT1M3E14uEoX6u2gmvrIvZxYSJN2kNilGqJ6LrxS3bZfAYTTcPganK1VDVj76oXcCJ1iN+Jy7J8USEJUeP2Iey+sXqZevJg+69IigJAiCd12o8MSvib7JZVRKG6KVapyEnXE/7xrvvw8isTx6hRe5SJ3i4YJ7rsD7Bhp5RBs1V8BeskG/2EucEBILjPvh0+CN9tDf5ldwQvn96KJ0nDa+tggIvi9wHm167lGVtsg4vQYtd1SSPUQKpQns4KxqbKD11tj1IRsq4PKqCkGy3hxkqDwAMKrGeE9yX61FoEmJsH2EZOFDsy65ldlMCHvX3OJznL45O+ZG3g42hX1Z08zddHATSmG1wNtkkKWJw872BAzJPVqOR7a+9YHOOGeFQb+dTssuCY8Nkv0QRwCpI1IAryU8ka7ahefduNlW7DZqer9KLs7VeVjYJjwY38OOsSgG8GSKA8RlPFDNdX8fZMdSlfMoYKD7QVGP0AehV7x9PkLIhkUxD2acLChTX+ha6xY/0Rbg7icShkhl09sHYuMGm0v+uKd1VO/VVRVZP35pACX/EATfp8DQH1rgT6Cy6f1uqX2eurBlh4uDqGLzFC3UvrePHySqOqgseSUNt2KhXUB+cozM4xxPOox21ZtIyBeR+TUuwNZNgKgq2ZR135OprVFnzMRyNkOYY8KFcLCBk3gyZqhuKRc41nkj5lCLvsFp0PCA1TUucPsV3sIQ4iJxUIPYSvbYNC4PEY9JhzKCCDZlE0WVplOLnJO8atP/nLx7vhQ/Fgonipp1ceW0izPoUzH0dvLRl9486GQ3yTb/nBvJjQeLauKvs5K0it20wXqxfIzwrQyJRbWoGC66omo2fr9L6pbRpiiEhSPHSx25aghlgSuDR5fhIedL5rl4dZtbPMYKJoLRnmdDHU3hEhevqqoRRdmKDZPP9i8NtQ37onbxewneSSQVQM/ZJ+ZwW5ZREvyk9wPEE9TH4WuGcEHSnkxs0GoG2oNHmtrrQdncvwDfFz2HK/zY53UyRvoJJvAbkRoPRBuviL10C2Q6atYRkZwT8lMkLZwGb90Uy/LkYMHzW9pIPCvqeiz6jhVj8EueWF/w3FsqHw5h9t5X6FGoL7adPadVu1lioEdlVhSLptMg0DVqFnnBg+4uzB0iRbh8/hRqPrK2DQ3DYIazN4nEV/3whHSn3f+gGQi5zmqAHhX5CUv/YnO3qMVyCf/QWRJh0TWbYZutY28fzWmtsVRdvwnOrEoRX+NXWr9dFzYvvHu3dcUaAhnCTPvI+RMBHWpTIKqDzQHkOArt+jv8U2zss8WG6v6W0S7149kP/U8fj6PSp6of3xqeGuypmWUCTTI7CcexM3arnbIIkkApyiTQ+ZyJ40n95GkyH9UGYV8cAEx6A87TL7qj0si0uteILYvgIcYFO4utqtdxS/PrpmG2VdKFq9W0nbf7nfw0d+TctW6jJRENGYv6pc2BXeEUpqlu9sfkV6BxlToFycldgYgv1tbQFJJiuUPjONKmD6mlpM0Tjm8C6Z1/FE1IOeNJGaA93VMFCOe+3VyEIUOiEPRlQiHjE0Jq188UsbrDzrDef5Y4JdecGcD4epfJsEeLg9618uSVGrOLK/V2uBgu+0hnuIu8sdBwTmHV28phGiM5XtwkdoKfPeSab5Dl2RPiziQygg89p5PECMdFGwt8GBE7yEKsqBlV0Xi91rQV/QpSd4M60KzuFyqe39i2uMSY2x6RDAoxE9ybkVm2YDvfSKxVoYKbOQqkB3QhuEO5RxLnh90lmjutEkgziVCpvoB/1rKnApxYFIxb8jUvbcHMN7OaaKs4gS3JTpakXq/FeGtTrH5PlMA1wICqWOyXzADgBL5VXmG6GyAk/3vtBwypF0FKi5k65voB+l7qyEHbkSL8F1fvqL0sgyDok+uUf9BNOj/ouzdZ2+iuXCddM3gv13SB7y0uwk9B/7nFZohb9iKDTsfK1EAiI0xnB8XgFiaEtr+5luDtZ48xpBcupyXfOWuDOCZvqUeAxWyCMfAQ3kxbVrkighqib4TaniSCCe2EoTXOtY4zRXaudcDd1ONcYz2hlhQrloRtMuZhac9q5SdyZjO7CtpZif0gpAePpHXEPJXWOT8cF/U2yvJ1MrZ9zHpKruTG1aH8kgHI9L8GmNQn+UWF6BRc6B1tx/bkmRkgH/M8ehW3ms5PY0TgwcpZmTMRrSbwGr1ZpWPJ3JWcb7ke/yau6v9PIg5sXOZzWAqIbG9EuEjyTRI8J6TcHGmOFS/ZLn84uVzB3Voc7O0fINphcRboiTAkkCGSwpPw2ZbjxArFi5bfqpxNNJMFgv4A5LCECfLtcLIHfOcSfuKNd1OLmUb6ptE3Adrwn1/bJDxjfXwyLlEzoy5jQLigK0feT0KJJOIOgRjYs4IHXXWQBw5JpORmYRuLzyceG4pTho1JMSoo/oLbb+CZdtkB1ZJelN7xbpngbWMEYyrCadLV7yIbdWzf06ouMXuAY5tY4+yOK97o20UAGq6adL/4XRGbHMqG23GWatbBy244gTwhP3mAF3FnMolv5EDpAHXr+rnbZySy80X+ciLq3qzAUC2zWQ6xm5WsC1MtgK8b1mnCEJ4YrUoHAI9oSHBa3sj7yLCPRyKr3eVSgwJ0mBoyVJyJiG5n//8f/hvUcbDI0KZEZq+fHuahbwHR61H+c0YoLEXljqQAbHF9mhTg63m6W20ptNeedoe1wK5rLCtUqoJjS2sC5zeu3ccnmEu/WlE7g90HUBg0hR0GZ3Hgkqtguo8SpMLjVSnNuvOZvqVF8Eapplsh7s7NkGAtYTnw60nwOOzSkE1kNVAiOnAaYWNAQbNZgxHCw8mmUt7OkVQUE6xE65OpAp60/QM8GFq10/QH4bIZ3NB4w3RdhrRMuC5JpcIe6iL6JefX8SHH3Lf9YkJ6qIux+nEBdRvmE601DRwD6CfTwvhvD+2yDnfWNcydfgAGfgUR/Jk/lu9Vskff0kdbpAPW7JTlqn4mygzTA2fclDqT7NW4UQoz81zwcwp1A98XDIBksMBWjCFY9P87feCnlhoTN+UbgDw95pszBjY5mdPn9Eti+jxW/XMU4UStQJkQGjPS6lyIy+nUdPkYuK4kqLGiZWJSQxSYtfcDp87v+8gBASXoPGJ29B63fLI6Y53PnsHJpUA1tFFJNV+BYkVIEVU/VsMyd8V2KwDc/cFcKuh8zrxcL5TBBlQyDxsx3OeYf61BYPAZPIGitMSM6LZnRzXm5DDxahO6ElfQDeFP3lN5XCpYpuCI09J9hGnnMHSvOUvcm0BMj9JkGpgHGlYFc4MdDtkeLqj1BjgwpDTkF9R7B/wIN4Kyglbnu0zH/97ekcLCRuwz9mUXsxHnRWDndW1e0pyBF+iLeyFyLvrxA2YuzRiNPXI6UyNa5w0Upye8vxaXjYUc4q0w9X02MlWEPQ/6YP+8UeNlbuAaxQBvRQimQmXW12PNYJdw2SHrz9Qv7MmHfKrVM/MXVBL4SftqhaL4Gxrmz+eGYZprxvYxYSPHfBS3Xekj5rc2sW6R3LCbUKZMtrSVBEc1+m2hGX44PEvor0grh0y7kzMFTiL9lI0qVGLFF9/j+lnO7TOYCmirFhtQL1mpqYwOLXZHpvz/JGt2dTb9OqURNzRTZG/Ll7IzybqiIVIsJDJoHDtTqAIoOyVm3OwVUArbNqjGSCBuXRlb57ravBmSsdji6jGJlAQccxX5g/HzVmoc+jQj3CjXlmxCyrDxCNrP1A+AR/4kAN96KjZRH3lnd7nzNFaapRzC+1mwTynkwf68VXV2VgJXYUkU3j5GZ4injvie2vkqBAXWWi9BmgVvPIJwM/T9DUjh5EZA6S4TqYSr44ImOd/83/8b41zFKFj6qtW6xoSbNqt1P+UEfZBzUKvI70jpMqd9eDcs8ttGqz3YO9rQ/Wl7NnQzrWmjBV8W13QU0rL4ltJM+XgUi4zIAgkRO2/HYPPwK1QrsUwH+mYxTFDkrGJ4UOXKcBUKq4OnX0TFH1hPol0jMiOxkbmuJGf94jMMni2X1ITKqHt2YmpdE5DWofZE5dvif3lp4DNFQbBbAIMB2VbmNK/X8/fzEPVVe3nJKjn6zomz6J8aELRAf8yK+zHH1vac6xI8Gbclr+ce/cWrvZkWAPBH92vrQwvUyHs5JvWdvhri0SSAAAgAElEQVQ8aGQ7n67kTmsbwqqp2vpxuoDakH5hRlXeQOSWX+u8/5H7ZmUcasY59mwuj2ApiUP4ohtbiAucg6HRYEu1Bl9onFctkCPsl2tKijdi+34MVvphcLzqfX3PSmZnqa9MtgmKyDPjwvJmc2YR0KNzSTVgxiz0ofZBfkLUnF0riUvg9UidZQSQ6BQFG3a1t3Ejl3oSWjQDhddFBvzUu/KKgkLb1X4SSEl3fvZcZxXwju3XTOfHw0lZ8l3OrJhlSMtNZqPuBulCLvxmy8EnrQ2WaLka+Kx/ZWp1N+M/39xNDjhnak3W3VS4m1APtpLpNg46SlkMa+6rvMh1Jq0gst+IX82tKYaqPkCqHc59tONS92Mt3a6VKWalRG+zyqwPdHAoADcZk+mv3X5EHCHYGRSf5mIgdSW5zmf3137++et+01fszignYzYzrjuSTxyKv4MrpPhBKYywknyK/GHZdzJhMoXiyScJcAMI7Q6mZZ9Q2bcsx9IX2AEIHcdaJMO1hkR56FibkBNTsCHAwxZ+nBZNP0zK8BnjLRluA8Ck9LPJxcqjY6SPSSU7pV8G9Pk5/0NEOKFJ4kyInq53MWkMFlnqyUg7TqHy9YMJ9XM66pEfpslav/58vr2/cWyor8Hf/kl1f8cAaII2xqQDGxSgwYcvON7Kf/2rbugv1Q/XEDXRalJCn1IC6Fwqnw3iFa5COB9eU9YKkyPSVCiTjpAo0KHPy0I6dd9gt6d6F157dLpnla2JULU9bjYuN3A1lGk+o5MgEyoevQb9ePKY5KIse9uP2IKSSlJvUS3tzfPt7wvk17Zosj8V1PGr2tPP6PnoIH6k7W4dXrF1zvQk0652eb9Sj93//ZmIp2QC1BzFHLNYDGT/+k/aWVu8aVCyOQPf8NBzEFXEM8EywX/q8J9PlfjzGK5OMaSZsQkGlOqwUIi11ClAN0jTJ1z5/X4yAdcl9Prr0NfNzMUqK0wGeiJOrtI/xpYEyx3mUl3lU6b18zu2VcVJ+iCCCQpCr/RUx/yXXlpcLXNjl7wgwMuYgcAwv0hiqNzrAXbXAdmxpZLwCz3zFNK7b9xtAukFHuTdqK5IA67vZihumgkE1RaNccZQjx/Jw4EtcwH6edQVhvMGD0+vKvfXTqbz+KyZb1T1OcAOfq2j8fct4JaWZYsmI+2xzGoXuyMbixClZLkdhdyyD9Us0oLZQ7zg04L1w2n1v3khQR63gVkhUmOS9oSgvgDzLYHFUXxQSPJUlpZoSgXnBYIxLKo9+t7diDQ0Tn9L54VNZuCra65FiuR6w8vHIlFoJ1tLHWqUVEd4KsFzEhc4IQD9X3RT6lGcw0wLm+8acLr6WiFsBeqPz1YpYXePjbXw+sa06RMLTmahCQdkHEKIregpTyKcSKA1ZsDh8TBA6guXRfh++Xb3ISxnsMyXKfhxuapDBzLQxge0hzHuPy4343xVudFQDhMWqG49DQK1v3wOHoa1dYmF7azPwWdMtzcYltHoCWnAi1ESGG6/YhDkNK08cdggkXiRMF77TgzN8LEjW8irV31Og+2lbrSdDZbIGzuX2h9Jbj6+WgQAoULQfpYyFrsZQeW3dAkmVhn8MjHkQAO+c/YzkOzNghdeq64+h9Ic0V4yiUBv6ndnb7Xm35xqxyNUcypIB1TLr8g9gUaG7hTRWo482QynBYdk+sooIpCYycz+qW6+CHjfGrLg/mANfepa8mYbGFL34SnOh2uwwmbkc4xurTs1Hsf5FYWpxf1zCIZ3KH5S1jfGlFrN7VieCyl6h+kzsfkbj1PeqpWlER3TtW7wINO6fsLtEzjkFNBVStGnJaRJlbkGhh30mvWcS56+cW12zvgYMilSWOKJB8lxHWhVIa/lp3Ox/b57VK5Vtcz5vephAzUa4e8xL7xG2+fGh9oGNxaBseB9weBx6TX/d02gMlnDs4NTg5DSdDSqy6j6pI9624EVdae5zFpq9mnrC1lEW/jb7AKoTfmMwVXYqbPG9XS5jtXLpF3r38PL4Gps2J8nR8qqcR8M2M2xvtMtCxLwsmQK45GWN2U05I8j9tnl9p1j0fd/Z1xiDKduMVQ89NCVPHJxNb6WA6kGBfqCAq70yOX4LL5//lf/4//pNCCTA+SSZbH5m2nGhzlvXmonPLRqxqzDx6qAgLpjTmSWJ046Tnon9l9UKgIDbidhei4oidj6SwkpWTfesy80DTyVDxxWBVOLWJyX6od02tlA9NuYvIQdEwsmAl/nZ1ou2KkCFjOMoWTVMYGIw46Ibv5MBos1u2V3rYImE7Y/nwhfB6G/40a8eTQFxAw9/7tq0iENDqLqEMByrE4wAXTBjrSZl8SppiKhhVm07koEwu3OWQW2b9ZeJgW0B2nNTZnc+spkr2b0dJnntmIBCwwPRNWyH6V7fE7gkI7ksV/5MCwRj+pusfkMUi1qtEY/YiQ6jo4rO/Y/R0/SPrFzPy3xOBLB/3MFLv2fg/TBC8EmzXogdTPhkCqgPu6pTqAUcA66LFAcDnPkBzL5JVjyvRXvuJ7tYU0kt2ceGiY6GHfM3oFKgpyjzz+o59XTLQHWB8xpTU2WE3NVuYZEjuuCMwaFKiROlAp+TmF/CsjSJamqUy6yZzZfKI4e2qfn/2JzqdM6/76+R7DkS2pl2PhpxJMmZo+mOnpW4hCiTR4vmqTvwA4kpc8kDjW5jxGB9yQxMwxbeNrmIIxDkMt8JzpfMAdqq8biuOyUscO7KsvijsIcIm4Mp3vlQZHHs1Z/1HDD/15/LS5Sipm/AX1K58DmoluAPHyKQGSgaTMbPvOaTuwgKytsuTYcMgv1+qHV875L3aT/qoXsaJ/9xYs8S3z5S+bpP5YIC+jqCqM5cw2jJ74ozwE0juDnIxSPw0NzRTT+/f9uKwa7cKr//vO/YVKv+VQxpYn5pWImIpROf83ElW9qz0XGJJ4lJYySrHntTIhcGluwvxG0pzIBqOj0F/KMtM/q4ONe0vMdnzsbk5Z6sr+tguZOCCJZEMfHvfko3SJdTVsb0MokHS1MJBUn1Ju35s090TjrgNq7D9x+WS9dZN9XEX4uulLx8T5+jB5Kxl+4bCnHmABIHQ65J7MK6ZuZQQFUth2osTYBnsAT7EqjE4+oq/nRWs8GKYrMqv43EMh/1DTAhTdhGSuxuojYMAr4jI76eELnYPxoy0Zh88MpyyzCDkUVE95f+/REcOND3p+4Iu26/QaDuO7YezZLu35I7PBo/nC2kiwKOxyh/c4lPa7mSDmFfpHiiqxC+beeaqgpRzkhM9JjVih6r9sonA3T+fnp53/9v/9vvI+OXc1oEbFfHmbP229iMzN7LfFGQ5qMMrDYT9tUvgRHD/YTv9KxsaYT+moZLxJbyChCC/2nN8EAfC8nzufS7s+TEuer5z0Rzb7D8N/Bcuo+wPz7yNtR64Ja6x6jWC22FdgqbGJ+dt5MFLpKU9xxAoSMnFFM6XwZS6vsFN8ZmeGkIZoV+ThAk8vUnREAZVqoPfiEzXR5doAzwYcAumLGlZJ6PeG2iCe98eiD2wDMTMOnONNgzFzvD3WXLMz53I4lYOBIvZwRAc8O6j7t5pJUoFzhFiS1YAvh/Tn1GjZK34jAgMg7oy+sqk1wi4Vue0gL6T+X9HEqlUZ8SFjdY3w+rF6QuBLtgk4JarHa+P8xqjaBphO4drGUcYn1Cx9hxeJExB0M3TKVHVuF3bFZ/H3E2lxG5XW282PQclb60cpQOUQ3PTDySKbq6GQdRfQo1PQs0p9AGn2B4MrvmPx//BQBXzTRmxTOz5YlKxEonUz9xBRonUlgnT/novztRu05hZ/vQYpr1qVdP3d8d3XRbaVwW9ToP6JRXY9nfI6TBarAE7TeMJjDdIM4AkHhJp4nbxA5GP/ATNWNwPPMF+uQUz1ltJxwFJGWwaSzHPLP95ySxZUkx2PFE+YkeEDh1cVND6yAPwFBXpk4x952lkJqi9kDtJM1SOl8Zq0NGslE5e+3exeGlOMFGbGgvw8rZG6uJHC8oiZBtgjMg7M6OBGI8kA2hlPlmapGhlPjSAh6/c20hiaYEruZnc38jQ4SxCcgBBwuN2z7lpZeldf5TFqDCVeIWgJ8EHm2SOGd0xmxswqTf44EH5Nbr8NDvkSHoBWj1G3pjORhOjsIE8b9Zh3Xxhi8qOOEkcOQM3CUW2NSu0fwmb5BcfkwPQpMBbd978nXvwDGrSQIjjhOLhmZTBXZpDXDSF+WgUXsX9tb5v/WeMRxyz/DMn9kwg17DaHMTTvYK3asa45JdGWOnbY7LCOQ8QgEl6mNQSHatztCAREQmNrivoOQgdGVJbqATUWlJ5+HPO7/2+nwMHj+e+tqqI7HCOa5ZRs+t2yddw+KpQRGUsZ6jRMqKmPPjoLYZNM/hLnAbqX/0ly4q45QhLCvQKS7aAvysJVe0/H1hQmPcIAtw8viEPsDKBpEoDviprYhTTIKaIVui2r9pAkTMkbML8KYFbVC5+yTv+GTlo8BBVA+GAD+8ScbIms9oMGmoWR0XiVmXOstUfmuDi7S6VD6s4OdvDzc7bS87zVn46uoJ3baMVurfPQf/35hA4CZ1Zt/ThXhRQEZGgWvJ/MTOi6ThPcYFzCors63SuTzv8wXkc1vsa46MobOliexR2EG3Sqwfe7CiR9VYWdKMvjxZ26YnW/WQNSJVwd16SpVl8HGHTGtifwpocs8rbwQs3PsEKjjb1ZSwj7seRUI/lc2oygye7BPzf1TjVDS7+lsu5FsHIobno75MApSKPJCpdzyuLeUypTECP7F5FGrzITJeBBDx/1B5Cq044cRPogopM6FzbXV72fE3tXELvET3fm6J/P++plxv/nXPGTQejy1HJBaBgLW9fU+5KMx8uhBfCLITiFZ5bHP6EQxAhRFQHUreZ88WgfW+0/Ek+fSVOMOHsJBc9ORtuX5wN2AEcYG7pc+uCBPR12kDXA+MiVJ/bOJZgHPZV06pB4oLrHXSp6RJOpfUNYwF3ZdNz/Za3yvkv+NdJ//j4/MKjJX4/Z3WTcoeNqIFedjNKKnij3Cry1KryqcNXsIrfSgtWZ+j7RlT8E1C5xHnIhH6vjuHWLjJ1JoB22cpyfj3xIoUtrIWQJS6mnppYnYGLgYVaU8/YZPJJlxsFAXlkHJBTwuiYnJmrQ0yxuB+QQPdPy7P0M5SUGgp24hf0sKGgPywDCs3uuHNPM810EAhFGeS4ioVis/RNoyJmj4AoiAV3/LWhp4e1773tND7z6B3rXdpK0/S3dtl8kZSYIyoGSGeoHoYMHa//kX64zzOofq404C2tXz93WEX42e3O/7VxrNfaCxRgYQsKJSEtGgsy9uVxtwtpsQmXHftqyH4nZKBGSJgG+sJXf+T0aRAdKLwdwXoQ7StiYyL4DdsoQP5oFq28EJplAGW0F3rq/sr6Rthrosco1Dr/vnb1J4FTfe3tD4kpSfL/qN6OoZ3+gVggWMYPSGc7gnu+srqpDRFeBCtXqJ/AF6Fhdmn1uEytO0PlA9PBWx75Yx0Y8njfc9Sxe4lO0kHywQss+MXnGuXqbhxmJNUumIoJrskqc9kLql8XWKgG5y8H7oG9lDQbjAHK6kVfgSH4fUDLU7kuOa0luVO2ItZ6Wv0m3Nb1FYS0Bb/PGxApG2Jh6MKjYRpiqyzAeYY/TJph0pYGxbc5V4377aoYVa67IOfoSWTmQWVUzF0tt147UzY/wFrjfA13oY41o3RvIPuiO3rpX/vLsQnq8GK0KSLHSNjr795IckfHiX2ZafmvtqWn8Fieq2j5xfP8+ZiHHJNOJeHaY3oXYQ0jGlSNCX/YT4joYQ/MbICa7itk0f8fpVEWb3SoQ0GCw0016OkITPyfZncqhMo8N4E8fpnf1sRF0zcgpzW+DMut761oSCjOtynTq6RkUXq1Ud9hoviqP10ma2uYGkOC68SEbTlZF3pgzKsXdsiUByArGlh5HFxcxjSpF2HB4hd+1s2TQY71Kz0bFoLpYNq2AZsQklOXzXRKc+cU+rgzlCHdaJy4nAV4+wLjvMT0VIkEmwBscToJSjDhArnPtYmIShizVMv4S/xutPcy7DwpHKX2K9Hjp8WDY6n9CjBj2+vuXdyvO67NvLGGIm2wn3L9ueM06TTiWu8ebH5h1uGFk1cCIKK5pfeRpAZLQsE6O3rDQh6g8S4jpA3NOhBJCsH/HnlPa/cVYKZ33AXzGF+DoByFB+uaKa8+OdY5463U5F3jdb1PRScq51doFVOaEb/vEhexf+ozpqUBWclHCgZmaTPCzjEwyXNUzEvUawQlXZ/8sdMBuZSuknfsHH0BgHY4U186YrIf4IOjPOcUPjCnYArokctUooBKY5aZfn5qnVW/ooeQI/Cx0b5BCTkmHfcNjoRMVSN1kJeJ6aS6yApydxG0xKc7CmBF15jA63Zs+quDuWlie/4INpZbpIDZ85GYUgPKZjMs1oSkf04/1eD6OdYZE4ZpB8/pMj4igGT8g5+jp7PleiNuXGGMjAK89WuKEdPgEAuNx9HcQTUTgWpeY4iMGdFynmCqa59oZIHHl+XOvgv860JGaWLrRm265phO2ArTzfxvrFO4FNMuSdqLZLLdDt06oeakHtXxN8Qkipwi1guO4g+KXVYvTVFUREw964e4FecQeH0p9dCpqdvoPaguoQJZhMMbQ8JBvftnGM58+wIPQGoCeyjFXImD7W7secu19CYbVppKtY93jFuusLUxLTRRgz7kzf6DFNWlma9wrAjIV5EzURDVw6UdCmUo5eYiuo8KWZI8Dodb7eLfJkGWAf3WqP7Ix78MdvJHkruEQRUsyFxORWoW20hC420PuK0HDe8NBT6g6BsEFOTOit7PBQNmQ5IMgBZAmNhM7dtP/wPFzdQ+pCyV5bSA1CWNm9Td3OtwPA1vrNACQYkq4yw6EETOJ6aT3Fm5n44MfxR6lIgTBQfAOsRezrBgSixVr+bgLex5SXhYMBe2BuKQ/IK5h8g96li0wLHi1Fi5ME4h/Lo62Rn7QMYyxK7ayXx03lTNIf+NOTlBB4BXBnqNWLDO9ksUlloIEVsnSbA29BsMefwWzW1hgwsSK9ThDtZGfbj8maYBXwsrbEW9cEZrULHZd2Y5MIYzx9Iexh0nZD+ztm9PdhC6DTWhVcFmNSb7hDI0qPRmeV4mDYZDOYGlv0RhmjcMNjU/BcGXEInVWN/OkbhbPlWpfCvWzc308ggHE/cAopzdKQT9BR0ZxxuIsHyD7+eT5/izhPWgn5OSE13IjiM/4qHKSz6weTxz0DSnAjeQMcLovWICsc6cNU6Q0JjNnOzohAOLdfs3pHYC3KmTE1e37C2ATsZxsSOdgn1Asj+DvxSUcbYxccdf4bdGDf3yx81o9dtvTTdu+uPLPoTuflLrB6sXS7T9U+1qgaH6iwzOJcHnsPeH99MUG8xPkaVejpthybupKpFcdMz9YVJXUpw0EN5USDJcomRNXsJEVkHgBbvBQPlf50AE3gqGFJTL9L1/Lhv19CyMkkopmFekL4iOyrhqnR+fmWHFO8wrpQQIfHz9h9oXGeF4Q4HxcmH/sAr3NkuVIfmfvreuZ4oJYjHueuAbKlNUyif/gtoPFSDFaRPSv1HhcC3Pv8T0cH+aNncr+5ax16faA3ZdYrkld+w29JHBqiOJSGV6g37b3pbCBEPEmnAuis5sEDKTmKgLwTJduIUQrh4k9Zc+xQZJNx8VschlNpopFraQ685LLqgIPWbDw1Ia8AaMQ399EqcSC1Ev7Fov3v9h0Ji55cMajjGeFdQz3HXd+D8qNnkUplsAOWfaNN3tVSMGh4C9ztWMNV4C4ylFwCEJ3eBMGl9tiUsou77j+pvFloXtakhYx8OxrZzCjbco4g8khy+MEBvLAl6SeA6wTlJEED3Fp1h5Nvchx+2FdFw4Ej37BbRUxX4ivN4/zp1wmCWLhmXAydTX1/MD26MFXjTL3PrcbWbc2VI9FMpPGnL1Q8K6RBXFKWDCJ/ODdVx2OXkloklcEHDF3asf5FGgWd/piAPhlfdUSFI4kmV37eGV80AM4996Zp1vKyfGNIvb9VfMTtBgyPCVH0inCJhD1vOaQENzEtWc6JGGfmvtg99xmy1XVY7ib9bSXIrdxGJfV969h4fsk+1RU1jRrZrEp6LVMvkXtixs2oI0CwjbS2TEjxfEmzzB/G8ob8GGKltyjZ8Bw9bkmNgPe14WVCTAKvd3MGE9NkHXe9haGCkvAJ++A5fR6Xpaz8Km+On5uPTOGZbCMBeZmXjlPna0oUrdxkEVQr2PwFplbtY//pBySbEFtXg7pHRhSzg+ubmLb4xD/Y53nbYPIh2W/vhx6PiGUTvfTfO1Nlj5m/NKlL+KNa6sGOeynrvdTgpx/bj2gyQgKfvs67SbLy+6kGhIKENx7uck7naOtfCYCvhIdY/fS/fhzzuSCUqeYxmtO/KjITkEriRTHzDzveKuNnmB1qc1eSQaX5znjQ+N8JwzHGgXg4IVIwjHi929n8cJNDx5elrlItOeEOnuQN2Fivxv9aBYiZabNy1YuN+TjJaibtwFZ54HIpd6npC4d05SQwrUnjLgCdBkQ1glhnG7lfokcNJQlUHmKwosP+dXQgXq4ms1RBj4vlpkZj4ofZiEIlmmRNi1uM37XTPavhf0o/KC+eCS2an4uTNN5xdsLqeAwq0qhUOQ5GsiQt1NWI8eZRe2HtxNKWGnRaGuK+N4simNku3OnAKx26sA//qS3Zwnqjp42jhT6fkb7OltvloP1THSvbzHyHg1205gObTvD88CZVJ2XawJcS92T4/OXCE0jh2LNipS4Id8YQr8ksNwHWw7F5jpAFgye56d1YLOSptZlfSWaiVUKpiK8f0xcUDNSIJBBWsWpbijdmpuQAQ4B5yg2TYnFMH+6YeFzyuyH6+ssg+a7cI0Bib2HPY+q6MI+YZ5JvknFC4lBHcg9oL6hoHKRNe3JDj9ycpX2hBwzbz9A2XetgPXrUdZMAbZpzCMlR9tTuSxo9xm2E0snlZh8a2g1QBu14egyfOIKACAatBWar6W9/zozrdJ8oFIXvHYPkqJPtclVC9Q1oztAi6hN1Do7nvX4DgfgCNa1UNxQCjvZ5EcxY7NLzAYf0WTIrg3xfIlJYtV17bVEyz+elOvsmxOGnmWQjqN/zh7Saq/iQVIoW2Ln5Zy4sfKtE8U4RgEi9BGKdt5IAcbyKIaZ/1yGUo55NR3+7jrIoASGrAglWcsuHe1SMcXWewe5ubxdgldGA7Kyriw5wGGPrPRZroX71RVhre1gqQjHsmzl0tAfnJKkiX3LeHhRdLNIwbnMzoL7kRF3Z2Uvtm3Ia/2uK0ezBNn456YdXHQpuuGYfmSdwYN5883ZBcWiYOOhUGcjVJD6V13+irs/KPgMRXekpWwTDU996rBuoxALwwlcC+zozYfJw7wI6EYG94R22dLOfFTOE3PRCXL5aZxFNSQqLV0xuFQskhctM1Ck3WJwgh80NQbewV8+X/rExaCUTAzeMxFeAl5pHxQlovlJ4QXoj6iHvvWDvC1qpPbBBzQ3eXSxM9Ssp5sGIijd0vNWjqLd0Mev8w6QfY1CfJuHz8LY/JVrOGAXSjTr+t8DWIZqDwSwfCV6QhFIyCTnIwbN4pdfZH2bKdGdFddLfkB5OyXBKNojeVDmAV3C2izRec6fdOEHQmprMhWu4i0g8wcu40saVGYAKIG4uVnAPUby1X10OWwq81FEKG69MJV5bge0iXZwbaUCBf7K7psdmEoBtf8SpuwoFhCSyo5JNDRvbpU3XFjQhDTu0DsCM99R9pmM+6xLukDv8h6D42oDZVbppQ9huQw3bjtTqJW9IceVi/UYY5808FZV9+GENWkY4O+D0rUqUXrCgqgEcU1gPNrMntMg0tXPmiwYySVSEwlLXArGrn+7BU+A6Bauw4+vahe+cEjuWnYvMESd9mVhVpYoZj13uqxAHkfPfSg4ldjO+fXeLsR1ZEuj0dPyC3DyfBHCViS75mT5Yo2AHF/my8ATBisiMxe/e2Uz+F8ZgydAtviAHdrZgKY827A628krR/pShQ61UhckP9uA7M3zQTC1tLiOo+hLiaKRAr8YDy3YJnWHlz2UnuPCgNP6YtfFyvYw8bEpg/5WUy1VElRM4JE6k2R369adzohP1KyVq/A3qLQOpR0M0ue8+uAIfIFR+rLPpwofENK+tsy+scE9JG6TGKbLSGfwhL9SjTcohAMDk72MRkB5mPIZ9aeXDBOg/gpb/sMu+ubH8cQ72FAMwuTx7i8QW8V+TcWnJJ7jtTw37IE4MGAM2QsglGOLFAIzNhMARX2cfCeIJbeCj8jDZ7U/HjdvdhM4R9sWFFbITIZwLaD2KI5QYnmOgXAQYY8U6RzdOpGgo6luxKMQA4CKi05F7AUTi2fEqP0bMMS4gLXYSwyQJWUawYoKyIPfe9/2JpaRt/ijRy+hfpVFhG037Edxkov0x7x+onTpK0jkuUVhuvcPoEqFJ/vnXM8WhxtTSGdFJxQXHbVqWr/XYXUVebPVKNITsTtfm6t4wEFpQn6zWIsi4jsFXth/xM2xmBk77ksnxRySESuvioLQLF5EsWYgZi+NKwA71HnGDi3oVmGEUSUme5Bu6GEBipzAeuVUdJ8ZMaQ+pkV9WoZRYzt/Br+0e0oL3Z19tgp65fIFOXBfpUgb3EL2cOg7vYjYBTIN1Yz7XjqJ7qT88H+RfSyS8kuOsRTsLq+OC9K00jQYuFMzs83vTX3XxQzybZxXDbEsC8RUkk6zhrSS9xn5bEE0z/qNs6og5ytPkDBMJ6OIysEtVHBpEfK7uEfb6KOM07vsN3qzXxoBarQMbOK8U1HeyrYRM4Ow/BoUBLpEZR/vLGXl1UC1qri1hRbI4JVK+xEbilk3VVixaQx8h9YEdNvi1Vyj8rQfPeWlvxhc89PI8jq4aGlPIgsilq2rOXNR/oC+MhXbXVQNkLLSC3dIAACAASURBVFoxVJpY3T6L+3sb1OLBwMd0ucEcl7Wx/jVeRpql7PtdtBJuftP1MTcdzfFPx88LIRA1KsFFJkfnKoNPc7D7+k8NZAG+WHp+xU3IkpaL8GDYqYbwDa2T9023QaicEJww6f0gJf2FLnoYn313z1NSACFmmn+pe9MuqRFTZtpaoMRG2FALscxxQrnnWiYqTXNFK/Wucmgs+x0/VF6bh395qg7bQCSsFIJFDfT8okGKFuuS3m4S3B+0ZsByJtochxc+FsMzOulL2WSdm2dPxYh1JjEgEfMT0/1qHhxwQAU9VFd/pws1UDmx4Y6TuBxcr0kp2EI1uN0h9jD90y/oEbOUitshaj9kZ0lYT/OybrQE07SS+zdsNEwS/Y524rh0ade5mi8CIgjZYyWpcVKBjCM4/xj7z/brBG5YFr5+s5S96M1R9FzNbtJ/aVlchZDG4iKRSK/UPkVJwTubkiA/9kSGSKQoHco+bQCL1yc5TyiAXhKLSm1i9RSNt7UzP6ArNHSK68GT6Dle1CbXhoX4AsY4uR/8vHt40VYCAJntj/k3oa8NaS8n4ZOfFt8LcFUzH9hZlTH5iaMcaRJ4wlF1ltTZWwAuknIZpVOHaknOilw9DZ9skrWDDkXKHsB4DcLIwVK5ia7yTlEV+2Abq/xqnkn4xAtq0en2ZYrmf/SFNDpxYeiprXGkI+HhrGlwJ3xjywhg5kHJ6I9AO72yVdd4qlC5F7Y8KEO7GBU0LC+HgqDMLHWwPGMT/A1b+yJcjXR6YydQ6mKAzEVoYUzfPEDTf7SdBEK8/XtAejPZANR84Xnz7M4hx0tN+cOEVNtj4o33CPNfyEhCeIPja91kUgOt8dAF8PnldgCHhLqUcVMBhVtOngig55yg+BSITMWcQ67nc6x4u+5ihkhP30jQsS5ySwLA+iCPYKgRREOv3LJQaqWlzVhkqHcKmS28qx2MStsm2+LPiUXNf9KrqNbiRXUif/4mFaoUPYasjXzpuw6C+jcDRdnS+1BT15dCo20V1VLcddtKGCvtCi5B0z2mjWjiNaWHod/PKaUo+PIHVy+QuiLgNV7BG+IzMWmT93bpAQfXhccePtLDHDwqvG9K93rARb8WW9NMQXxMH9wX4OldgssxxG9yHG3k07uxWm5tUsZZquKcetRAU4Wc3Ly/TeBo9Y9zu6jp89XlivQaLDRjqjK04QMTCOB8KbWaqdqHBpRnLx5dyTOfqH3G0ZFbrSubL73YtHa06KBlTDlNXzwjoFt47jK9XoBtJyldtbt/JkYZpFew3SNtaq1sINthTtk1XLOHGpXdP5ebsv2GtO5voMDdOFvD3J54wiqM10V0LVUDKEvyHJusmeNOM4NvMq9Gdkf+p0nfzg1kRfPsNUHwph3jjE3xYE6A/ky4UMfjG8xxRifRv0/MABGGtBDTs5cviuFsbd5PpAQTe5K+stc0c+hCgrikdEWoGFU1SCr36ob4Ui2J8oBywP5t98Es+Jg7/LzWJB2aDz/i2T9QFBZDjZL0iTnr+1XKrMxHfeVQFitt2YSNcVgWT4Bpt7bKLe3FS4z9kFj1Jg6blV5lAdSLq4Pyg5kXyCu89plhn2S+7usQjiNkUpGpytsSBRfJJFeZEqOQEAAoV3qsEsoVaBYBrlPxGxddEB0PGVNFuIKQZAC1J9iloBedwgZZ02Moe+OuiK1b+MFj9g+JsBwEjfZavzA3fkKCBq8y/6Kn4qTzR0qtsi8D6wwDVpxRFKCzfb5QYdD+O1t8QYOHaZ8l60qrIyoUrgiE8J4ElUnDYkagmWW53BQahyDRCOiJTxOX2dK1jyvRVZfG5VNv71HAvnmqGqeyCi55RuYaJTDyO+aIHkAeqrm4Gg4ra4TvQ7up1hs2XI4JkdgFGn7CrDWd9EI88/5Grx7smcEkA19u4uKsf3qvCo4ENvFyEdbUXZvQlVMUiXX80tbn2AZFwofQ24aWYtOMbxUqVyEWI5kxwrli0wlM6YW9f20OlMiQMBTebyYrLMP1QhZWh+IhUUpflKZK+He8lZt0QbQEQtJ4jmwD61r6nwDI7KChdL/RptyyvmnP6QvXs5rKK2tq3lM0n+Ay1uL5dx2QBHtlv2/ChKCFr5SkWqLA46RBDKOdv9uISp/YNMX1muY+/HOSsCFx7j8xzDgoBVOu5R7k5kUzX+VQcNDdPtyU8ge4bIQn0AXQS4yUVpUNdx95cbIlsBoekZQ8jS2+guy33M+Xz8DrAu5VRVSqvQP+5NY6OeUd/xtS/44Hid7j7JzOlGuRV+WpnVDnjbR3esFOT3w98iQdEohb8gaGrcubSIecYkiZmtHzztchWZMfG5FCZd11mWJOu2kIAr+4e6cOP7jmbutFL2kUKqNCuedKyvqfcKi0kfBZjD4mjPIttVyEdvoujykWrm7pBeeN88yAQMcfFJdvyJ2MzJp/WVRKr8l2l3k2UaizbhLwT687XvUGZQZ+51+CjH9quIV0n6aOjZ67VLhlo2JnNjl2W5Kj8njE1BnB3/9Ej3uwqdE5mrf0VxmahC2BTglh4kh0ahuYyCI2fDUBeo1jirT6mptgJ/jfz5Ykqamzz1r1ZLQqd06gmTObAlOeKU66Ws/ogQCXIDPAPb9CB1WOijy7W1rXX7osBQBvcMBj7ZlVu/OlZ3oUO086tuH87xJ8fpAacK17wwG2s2dN0y/BJynNMmLpSkkpUejkn6rFGWY002dL9ljOd3WAW8VWdOdeTsJqrPOAKWEKdb1bIuuzsZ/4+NG2TAHdG0n86IpdiF6I4xpIP0uCa9TTFEkhng4uTBJQ18oUC5Zyiag5MUeUuE1M4GJ7/w++NrF7ah+FS+Bih7QnLIYfUBrgS/g5mNLOibI/29hMcdlIsiNO3LRKHIbxkAObvQRvTnXxnM09FQsRk/pQfmdf36KEoAmgPo4ztZbu9F/EgpqJLI7JBRDuY/oCv0TYDlaLDGJqThvjq6J6K6VjGaNXhF4mfksDH5rNRRL8SO0gnNZtX19Uy26+VuwdlncxTou5AtGh89opvu97WbZdrhwM1Zm79TI24BziEVYPBuBkMeSAeII18yhUCXW/wh61kqCEArXb5Ys5AxCPEl3p8s8Kt9FqjASCRhcXXvuvLYOgS7Q8B1azjx71NKugLKlNOZxxxbZ+8sbw24kGxpyh0h/XvO7x3Yh1n76jVaatPmmwhCPGJz8uPixzY2e2FX3yBWYy1dRR8LZeKlAk0ZEr5aoHATcWOl7RRAIXoxqsn7SG1HLSyfXSYdxWjRFu6P/x487GP+FrdOJfHiWJnpp1gAUnEMEXrjgZpvSgHlI/+qObLpJfVLmqAwp7SgdYHX+ICR+B/eGxpeAuMF+os8JDNz4uxJSvDfRC41i3lU4Tgs/WFp2GEGXHNVwFOsb4MA4DoTxcV96tTCCWZWGAOgDnHnKp9U3+md0QGj42NwslWkqs0y4yR+btYgiKbeyD43eFTddl3IU6f8I/kaygy1UTp7ngyJzTNkbk688i93WvRC58jPT0bmtsTeol2DEUfMVC8yiZS4TG9s+fZH4FNatfYee7eh5X3tlubXSPfFPfY431GYJZ5+qg5Y0Nimvbi5+81X5KzMArcMPWcZXoLj+MG3KDvliuRfWFUaHdBXY13AyRMC0Vnr/KCYzTMZ6Rg4njwU+chEPM9moBI4rdtLyqA3ecEG7BE+O6PrDqyUtWz07hyJdV2nf3JlYTYIqhYrgT+eUn+xAJ5EVpxQX+YX0lAZNIKPq354hVL5xqjGV7IEfhVT8RYUA70VEMCgyY2J1gEGCxtm8uMntKBaa2iq0hsunabrCUUF4llXWFTNHRAlIJabsQmoqsMfRldXT/oDT7SvOOh9G7rDP3ERB6s44yXylxOe07eol1SDpDhUEp/ATMF6XUL49Vxr1TSBlcMP8LzoSrT5RPpEaqbiazN2PBIc7OW7M0lQyMHldgfk7s8TO4mHhzkTb3D3XykT050Id/AKXLChS/Tg7RRWix0QAmvDetY/PDilifKxYOU/yLjvhY9qIMcu2zMsSDScgW+aNyKmO5DTCyuerTKy27laR6SDTO3MQUu13GBdGDLABgjlY1soRbFA4qK/kBzik2VqGrI7blRxYddWK7RZAfnj2/6/kSdlzTzxyW7lCo12THWp8h0ETa2anaV6DxdK1ebGgwijmQdE376RzhMFEG857b4aoI02MOza1IP1EIKX1EBQLbTlmiDUxYZ0AioWVvrN3WqpMdzUPtDguw7E1T/OD+dGe80/dqjMphUpM53SdPmCL2UbKMttIOg5yJIAh0xoB58ahThLStGScC+EId3xIzdzc8hhgeWgtkcGJqpKWZB4d+jN84Djs/VAR4LFF8EJPoN4NvJsE1W2GNJzTZYJk6T/SmzLifFjER7AQ0xG4kfNamvUWNVAYtcpaHX4B6mIx4HGqY4cup82EikjLoTFf4FZeDePAAMqnveqm4dcbsIWBzIG1GIoQdSmZh17Mq4/biPmc8s68f5TYFm4ImfhIEOp332EV/qW5E/CvL/vNh6GdP8lgguTL/QBfAKM/pZZYxbRb1cjoTkBRYYILHD98OFx9afZI4fIClniRGg1X9Hqt3LlqEMGbjsz6nrK9ez+0hjuSyeqc4A0H/yMC8dOS33JjXdJijMlwPXZcW5xecFcB13ilASQs877cSLba7mA5Eqvvj3X9C5bNwavWQaukiC/sqdT5JwYrrbOeqCquLMi0QwRbWtlAQDF/h7F3s3HEXNMZF5nbElouYnRgvZOz75sN4Jtsya1g7emMq7AvcwE0jKnVqhNk8dLycnxmSp8sS0It1I7gbslkMspkVq8N2hXuHnBxWvbXXNkw9VFuN2FLtZvSkQpVv6cRMB6JCg0dR9K/FM0GPiR3f1n2d1bCR5g+LRZe2IJGnzX4bGyw0or9605AYq6lQpIHIQuZzR9ctvL5SmEP0Ha3VyLRbKU8deE92qWBk5v4lNpO4ul8urjEg1ibki99DDvMZrfUFzyTFCd0pABjHj1OLMiFW7PbwLsA2zsEJgn9w5sbojNC+0EX4nGwNsFA36QXzLj76DS5gP8YGO9fv8QOrcKCNyBDaAiL4B0mYtKOFWop5+yAC2nCYn0isjwblSDIR5ePcn/pDRtrQ6LWL7uyLKgC/+1ltJSF9o9sbQyCfWG9FAfMKT67DFrop8zpse7NDoAPs0i75oiZ71cZjmZAC+6vGPyieVJFsxntiOTNwZHWort6zGNftaSmrcMInZerQhY82nsnh2Su3HeQwolHazVbEx4mGCAm95Of1hIOthTFZkW9d3b7CjYK5Jr9XzzTRu8tUeQZEFXjdSSqvL7zxybwZnvqx3zfeoHDD9Em4wphLZBLsMSxntSbj9RWXNGZGbEDCfkf/LCmblhgfpg5GwdP1WPAoPJwsPmHav0YSRljuKEn1XJqJ40XrRLnx4KiQyL5NNwMEen9qmQDIwUcELFYPr32L/bjrUOtbLZahtuPl1fyssYPDFHYJWKNymvDrAmbjPqq1PLE/P1g0s2Ap+2yL//RsyAn35/Xjyh5SqkSH3+X3zHFK3GyDVWMOvxqohXkIfjibE7cB3p4o/22Pynp9zyJOxz5YoFRyMu5Wd1Njn/S0weNr9kk/QMqko8QLplOVuHGlsU4Daib6GcOngG3/YHe4DzLh4sepHqGzNfD+jHMkmQt9sfjTjntnyNPQmzNjhi24vDuFHrhatXy3X25/8NUhCj6ZWu+TwJIv/skLPGLZckuYLqnwSsg6D1379JtQMKXmIUoCX9Vctul+f2uAtau1Ded1KxaABFT+VuOP3Za9UdAbh57jFzEaSaVzYdum1tb4DreCyoaJCMugukLXAzzGZCWFFhme5OnjDdWjAFdvfKXGc5IdtfYH12craOw2iNjIowEXmihyLBVWOyXHUXF7lfiFEDiLdYlLpdZvZXyFJnwnzWGRLgIDvEvtS6aGm4INQcERLvtgCUnIAOj1MqS5ds6SMCDwt3IHcm5blLiENjum6tWxd9gBfA7j/lWP6i90Y5OnLqV5TqkzfLGE81hpMmmOIaVuWgWozjEBFNxwaoVpzZLQzgQA9rD+pwZcxcVBui9+/+NvY3GFAmWPxaIbiw48VCNkpTHn2D9NeL9p1P54ncC0+iONGf3/4CfjItmOJfxEDlnNkRcsb6qtZtqGf6Ro7IehazKgZn1UONGnNUlVAr3ltwbdSlIrp7HxIqH99bmXGnTrrW5cox9EegFhnz3BZkOYDmliATSqw5K+3rofMJsQNy5TuHcDAPxj4syvv/ksf7bZkEBL5T0Xw8E/NitMFlApE4zd8UdnS1YIIEBRNmcCK+JptEp9Y8S0kYsA7fJ2nHOQoQkLPMQwEVu9YuWz1FtPp/xhJWp+zl+7O+kp9bdHRAKTbXd9L8uB50IBKKUJylXqUahF5x/pw8nhXQ4qHUq9ucZFXizRU0Y5wzSiQr/7lUBOaFQXkIT3st5XP0GDKhj+nNPXLEG8VH09jjlCmAZ1aRiF3ZJbzgr2vvxHAdRlGudK6GCPyLJiCObP+6Y2g1/7UUJw5DoE+KbDyhD86HFTcDGR1uucDXXlh8k8yi+6Vc9cTQa/hrFDTWpyZ70GJURBHa6vTA1gsAUjaW4VT/qiQUyhmXyrhRH+o20hdIB9ZquF2CjBU2CcKo+D8xF3lVCQ5O16KSByjqogySbdU0s3JNUh0dQzMqrgnxslRu6TOzcUfKzUL12yyq5+oiLq+D8/urXg7F3iZabU24q1wTcxoEUNp0ymHUOEp83g7H16uGFj5blj1g9hvOw7p1v3F1j9IY5zsSdO10IAnXtwnIaMNIur8/EmlOAnVjEr7ADoZp+aNpY0Bqhnr2MAhDLGJsnGe0mMRQdQ5vKmvfWat1x5M4fgPDJacxeNXzQ3Dm38vdidirVHz2CQozP3Hce8bsJ73M2pBnLJnrtXD+nSYRpMbHxdnKnQGC5zC92py1r8jKyuVfbvd78FlWyAkSlugGUI406dofCjjs7pcP8Tk8QNDUk95e5YGxgt1YOm1M6CRehjW5YkO5jSWt30guslrM+Lolc5VVbR5KURLA1ZEm/MsXEaAc4HG9ManxtO4Fs/UhW2U3mI7LJ0MZqKTuBGjAaWbSXiMKVAm3znOS29frckEZk4EEaJg26bSUogN/6NXWehf4iQhjude14kUZOXn2zgp/TCmNOfdSpYLvrZbbbkzUST8epnW1IHG3ZK2MXQMzcq1OFciEZONln1EK7wruULGe0QXfZFRLI3IcZrEM5sIVsxxILSein4pBxrXG2AMW0ypuFQ2jZ9LQieM5bDcfltIgNXCOgEJPENZB28vEVypddhDNxiaqkgMhGfy0tiJoNIDt186qP6m6+yIQ0GFXEPoQzJXsSC+DqDp7cuOVuF/SJelARgXzd7YHE9dfjDOyN+Wp9bUMDF9Ov3WF57RBar2CHy69ewJLxslZ8NemJitAQrobjCidQWpma/tyDU8WcWrlt7DXrt7f0s61J1Y8+KpPW+HlpqJ2XQTgwNPGc35mnqaYzcWmcsXq8FWqUSMYuPfk3cqPaHIGYXz3/+H//n4UyXr5jYnSFT/40h+ThDi/zVkOAzGTdHZgoYgRlk3tuI0viDBwwnsa6FfdpoZUNeBiKqrQQk/K6M6KYqOUX+NTYdeIVIzvVBJqmaqVyHqPiD2Uu5333f2UYDcLet6oQdeSFHmcboxwdWWfN30BDiZNKMyYVrNbMMTgyzkRnd2kvqYXmQIj/DrA45lanC/BQBvqxVT6cvy2kAgGsn0AH8SUT6Ocu6i3QHGKjlzR6y1MQXhWTivQUR/SWRmC0hAJNUuAF6PU9bJ4FILHbxBUpJsC4uONVOk/3LO8D87x5mD/ow/557Z01iw0gScoqxPAMqEHFEfdKYXZ84pHXVbPm7AuKaZKDjo2MO6hHMHMVLxWB5nHQEvTb853v9YNvhhP6ByLxj1cLyfmRPbu9UBYjvtVmbLEiiqKfOXyrJdDyLb9tdU2cQvkYnkOqEGV9qPOoHv05NGNUL0OfRT1YZp+lyp4zrPbcHXXgX2H3vfJ+fmrHg9EYRmbgQdB/vlCeFypkU8zUyjLBG6w1j7PW3X+wbskZbDE2uZ+ot0iTgp9W4I2qCT+d2K9oiRY3abV8NqWWIa3LswTFon8zUpLX77E+MQ9TA2G3Cc4CY4UDkpLYg86x2wGlOoQqWkJvRbU5MmZ8tQuNeJLb8/uiXISk+jBTmo10YWiufz7cY+hQHxExHTLFW4TM4gFcIjA+MHn0WlbHFmpObnnC+wHscbKfOIeDrmbDVvH8oPPgULDAvTYSIma1qVEIlMEnuajci0oCp8DgONj2S2Ls4neQ3GsdxERNA3JUw7QxyGQt/hQd2iixv5ixEfzdwO57iX1jP39P1j6Ui7ddiUC3JcSS5IP89n3BDRf4C5VSkwwAQUMsST/17vDydU2xFGTQcCPXx2hw4/KtpTTTfKosE+BmPSkCrxMj2eK8iBO5Nhs9RlZ1nikPMgAwas9rtWhTmaiBjQMZRa8HHyf396f1oTX8MUfMtzG8pzQqfYQIb3OlGMbl6my3uToBuPu0z69ZLs7Bed9TZTN+TnPNdY5HCrGClflBI4GhMMVJ+NxpReloF9DgB64k47GhdTh7MF1vC+37BAXRKr5EndKSeB76hSdsua51w/dKxiP/6Taf/AjqWZfcf8prrABAz3xXcAs0a3Ng8EBHAwwMxM9dDtJKHhKLijO+Fz9eqTsVf3vnNMTcVKcQzxdVXSj4QEWakhpDgCis9/8N/+Z9hqwGD/jwzD+6fw4g9QPQmEKF+WldeKnpfjM2rYlafUxy9uRFCLggvWmQIiPp6//lmXqw1YM6+JjwB9Ws8MJlNWfqZlz2xVzBKq9TacumzJ4jUBu/WFkco1KJBO0L1h3I9iT2RA4ecjG/dCukIY11+E4EJWsL1BmSrpGsHu5DaNmnmHjsdGwWJ8aKRLp+DiCu3e9jAJuVlJ5GG+9/sC1AT0JZa28htIUDcV8xSXqppfRwMQjPjjU0M9VgjE5n/sj65YR4Ms5fJXIRIPfRpQO3i6UzYgNVcDFaUGT1J7HTVYxT23UILxQlUDV+occIlWoVEVMWtPAfVIoYCAFDQpEbGst83Se7FtsM1VqZ9lGOHqwSYAhjIpZJqzWi6zmLikau/o2+cocLhnLc85LGUSVilzDhhq3FUdP8ZjXLj5VruL8+wSmCXYam/JpUHj5UVdUIUTJdNkbHrnyFkhx2yZqU24UJcW6dYXdOL9e2fDKFZMMmt5wpzlWwb4C8i62bPBCM+OX8QjJpOd2NQ1ggLxDMpBmAD9KK+PJKVnSYYS02eCw72zX8HCg67pM9w0MWWDws7U4nI9inx8LKhVpQt1OD0PPIdvLwXKZuC+jK2EAkawmzOWUbCemIT6oBgUAjosZtsnALGiTjOHmbSge15nYufWqUuIg4zQfIJcg7jSo1nPqNkIXXN7ZBhoI5CZ69TebsSQPXPhIex5PSM0ZO7j7kAtOU5dSg0pi2bzvrBUTm1AEPRrWTwz1E4qu/v6Dpn4CODXEtQHiRCbYdL4kor7RyJFj1F1xK6q0Ay2hF5YPy3ISf4tX7n28K39A1i2FmoAIazVSYGtAdUB9xQv5o8SEp5YwIcFeALsuKWQ7MDX96OyZH6wsbv42DtVZhEC2Wbe2kl2FjVSUzSr1tg3f2BAu4Cz0xRROCdXepPZt7uzM9Bznk6MuGtHiZMtv0cYtA1g7Gb22i5Hpg1tzJmUH/7honn/s/5sBDn8OdGkmH3xzhGSfKy6goEWsKGIv70tHZs4dnjdZX87iIpfKAhGSHsZWtR8oVpklOxTR7O40viSVmXmmNPp5Iq7Ww62MLn+sNdvf2TRG0FBAZSq1LSigbagYoo+9RzQiawNscMofVXUcGgwQvIG1EEdQHofNsw8hmsc7Ft/0MihXis07jKFz9MO1LcV4xh6Lfgh+iKirgv57w/Tp67bsOw5NrWKdbaLgGQm9+1z3/+H/9rQ02vtcNFsiVp/N8MR1RjbY9C4pmUD50jZCW0yb0g+OL+eNq3tefnKFEK2M8Tp49RjPX+iEK/AzoUikrJnfiBMsuHHUxOF+rLdVZOOeDe/WfBeKwJOs0OWXUSCFSjdTbMoIan6XXPGZvImk06Wb/tsuC1Pgiv1ft2ohCDccXPYf1EIbjzz2uSgvjea5NPqcSYVObtGnc5C8+IGpNaSiiYR2IPvt9lmSpZgCaDkQ2GKWR2IdFpyHc9/FGmOssNCGAtnS02C22RtAIiJT+utg5J5+TiRaGpYarnPWTWI4gHZu374u73v7MG9V43eyK2s3IYjAH3baR54MwzcExlQQCYbHRiQXcjVNAt2MmOF2MrDjyp4jqO3JHaCtQvqCFqNNqvR/9UcQAnwHUT0Uvh+0XmtvhlTUpUVKoy7iz2au6bUMobxgMxSz1IoxYUq7VHqzemEIB5Sgsje5ZDNU65zt0ewA8CqvCq4c9WEVAceAaBqYGp4EBAouXf4znPkBhW+ha4HIllfBYJLymbaGEgHOpNqGOrTSRbQLEp4EMJZRUAYMZp5DuakDc+V9fklRvufMLWcJsYH8Ob3/iBXzQygFwb4gc1izkNd6c487NCPr72fF/QV3OD0ExR5kDWq2Sa4x79R7dSCbB3j5tgGQov0W7REi8i8Q+hPXN+LIS6rnWzLdOVLoNAeEQwbvAXzfZVgyf1JZWkEJGoUhz6D3MS2BIokg9KibZEjZVHaFX9mY0vHZJziTW/c2Ufc+qvqlXqyaBQLH9TIx6BjhCeYZpLLITeYL5qPwZtfn23HXLrENi3y3sbYSF12zQ2O/fjZ9pjLQS4NWH3Y2y2bJvP+EOeQLsPbHWq81HzXFvsGuMHMrkJjQRPWf04kUz/acocoBmDPP8zn5lhMNJwnhm2Zs2/O3we1/jFze19p078ZAAAIABJREFU37gSsAYvKk4QlwoF7ZzcSd63dK4gPyKVYwLhAQfYXQnvVccgIHv7w8ysHK7WPTOgI7f4tnUYtRkbdAeWr7RUE1lu7fvdt3Wdce4psNwVsG/n3NkWT73TJWDjpe+Z/TUp+Td3003JUPuGrlayv7GhOuEzWzBbJ0MTpMuu37nx8g1V0CIez+Jxy3/10DzWxgo2tgkyOaax34Euq0LZJVXdS1CzNcX8AGR1Mm/xeSbFLcHKY1m6NAxZeZd6Nv28hklWv5ydnv/tf/mfSILtruWX8hnMU4UfR6/eslQj7lMprNwqkLVoPxoCJQwg6idZBjCy+jlu31oahJTK89iJ61bNKGUHQO6izPwbS3jiq3YnR4rORPt3ATdo6OdvE10RlAtda531FgXqioTWXQ0oLvVHB8EVM9RP+HUbKbXgJB/a4B9xL01S5XfOvN27CMgokSq87dREQpA3qEVAsXDD10AnhRcs2mTwSqg4lLSJZKbc98MYfnb6nn6wS+vv0nGSgdYJUeT0KtGKHMG5gswMQSg3feWI8tCLkEq8ocR+z5zl4Zr+V7yAXNJeaPuxCzUC/pMcwaroIS3JqHA3pK87Rd3p553nwefoinKKh6gWm1tEoBe25i1caA1tvswIrgUknzD2Y4uACp7OAUKdrFZb5LoYljvrQxSCxjNTZy4WX8Sl4hwEYBZVtinidB8/KlbwkS+pAjhQt3kMGK+CRmxsVGtRyC8WqaP+HvOUS8DXyqs8V5dUVqwBqXvKwbo6v9ruOhQwp2gXHfcSU6Rtmq61p70vAnI6JiLy8TxtQk9wORhN8CuQUqGbwMvvlCJacR2fH4jWtbysDscgtUEjUCRIixqnI5LoutOGFz8YxdAoQopCmPPEkf0wiw7u45ULomGk2MaC8tIC5ppc5YTPeOYpa5PM78TuRPTu7YiLKOYwUx1Q2alApX9ZTkZPY7F7wkWXP1oVi+HWLCLAt7eGiCTPi7C36iqJ6mRVNPd1EZiqX/Kf1gSjGmyzrjxpTSy6vh5EKs+P1PcJdQBAstj3v/2/NG9bzQlkt0YKTln3lMoxE+pJA+K6u1H/DZc+SuqI6nMdkVxQXGV0MuJrkVJxTweIMMXBpCpe1fLiJjBE9iH+PIqdkvShxISxApyx2RT5hDRps38dJ3brmupt5VxrC5MJjee+UYSeTKiIUs1lWsgnxdMkPduXDznO1JPTWokU6zF8GFs9BcU7TgubKsjxzvgs5BlT6BvHiYy7OX+bZLG7RBubQpBevQLeVaf+/gDqyF9lzCkF1fs31+Vjs5Fb3ZiUPORuYDzjAdaD97VXcPdj6P2fReci8J4InpykJJIiB/3qqk2YSkmvfoI8+dkZkcxsjw+giTie/VPLyGIKoat6JJpyjxcL15v4rCLI8yH1BLqfmiL52JFG7b4+osR5wHLKLC7agHhVf6yHrVdv9P+pmsl/Uxz+9R5KNWQ/pfHHPf/5v/xP1XYa5D9MWamJl+ysHJsJp5T2njI9qQZweUXUIemzzzPgA4+tFcSM/pyvEiv5ZjWX4ViioyNov1w71O+5xIdD5Nrfuqn0VNmfTCJ4tjiQZ7b8X4byPzB6a4Yrt/7DuuDCsJOKuSgIdBWFmqz+AUZIlwP6BBUIEFdlFOwUK+wJz8Oy/iX7K3Ww50BnHjXuaZJACOno305neAfkXPW6uyujOY47EgggMyH64H5/6b+HkLZTtqf9siFu2hlcLZ1H2YOMxdExfc6KigW7vpi9b4+D+A2jK9N32n6an8JMz9r4VEtXF3NvFONmy+dsFZR5Y+ntOFVXcyudfZFXUJ/5y22hY4qslnP3k61NEeVGNF+Ewk+3HfcLl3/b3o73wuRaFF0OFZ2WRCug7fvFUDygpJzczySSXIYtcX4wV0x9Iz9/FCQI4sNMjI3sMfC74B/s+glscRmUPU04Fcnf3vCgnDWD7/UjGbaIlAOrGruz//j/x1snG2yZpErIKOf884Q0fJZSkIWaKYQtSrURbRpd5PmvZ0yoWZ8Qy1EIJ4sAfizU78wLU+oeOkQ3SRLQxSh7ZxarYsamcSF/hL3zez53xp+DsQ1t/h19f1bIbRMYCLffKDF8psf2jMZ8BeAUNBly4EgjCfT4yxTuO27zy20ltRIBoFw9S7HleixRewWJ/R17XA/AUDy7+JFD/eHKiCnL6GBCxfSIO3hd8RQCDC0pjzjIgM3EkAt0y8EPmmI9h8KgJfjsT22U49xJI7Gv48taRShTW/36/DJzn11xjeaPFiehklpdh8D41ykzaLtci/+PCKwBOZ4Yok9Qae0BiPFmak/Po59wf/xtl2uyQlXJuxoZEOLfa7fJRbeq9yZPkC8WEI7P42s9bi5PwgrvBo+KN6I4LEAoLhT9ly5OEJpVy89kGpoouX3mmbbapUEuY7CGmOHzzBAdjIpCPjeoTHEf0NQLIzBS76yXkh7Zvqjij0qX+D1cMLt7SU3DAnmOQv38lRIZ39YVehdt5V/0zJLg/ej9v07UmZm1xhlAxIDlKo1IrC8eRWsgvQ0biotsaOFSFrgqNvUITkJsrKB/u3byvJlpJTigcYfep/6FX77NKnrvQweb0PllAWXhsqNut/ATaiY27cs/wKdlBLjfGtW8T4gp5ovAguSoU5I/HH/XRQX1vuWMvrwlC2LPQajEjn5cpwLFfWs0uPG9Pf/Df/mv9xVDzYRwTOTEl8fHCPOkMJV5E0UhCAkPw+zIzb5XTVo0sGEO+4dyeJFsi0kdffMl/LRpOkV4Jn2XY+PMHIOpLsZEmYtSyd3SPQZ2FR6wlCl1r81mKGuDGttY+pKFy33kjWLMvZOoZ13nUBlUNlcFWxQ7IFLFSJXimmLZVYOJUgNKSYmA9MR8RSFQoXCQTyfSJES4H2nGa53ZcLASRJvJHNTRaR/A10cC+nhIXgdMa69SQWe+K+s6zYbhyCS/zHV32ARaLwmJ842QL/CuDvhfdzcbEosIYhcNzzLUrXGIndNbTtHWssbW///cC1lbgkB/X38OT6rxqKOV39XQ4vizGtuLCW30bqZeYwlDv4I/QvxcYAge0wQtK1G1MzLU0tE8XwTgFOPeqYKWDHt5hcpziXNBwuv7utFhNSj6PthzSPKtZh1CLjJ+Jz9YJFsD9lNvb7+1CDVWQ8Mf69o4IRgjmKnHm7IXgEiLYUqP9j32IwoUfp4qD9JkSwYDatF5+WsgkjbA4G/rdVKT6cFjphFGxRvSfO0YfQgXu7hryRGE44IzKynTPJe4uzceFugMnx4DfjpnBO2+Krmdo76rcpedjYbQpaEXyDc21ZfLzlulSdNpQnzQEHW2yBiRGII2TUKn4KxdYq1Dux/tS7eajzsK58O5nnIN1NJHjmrdmHQfIfO8/GD1JUb7uLyLwYWjqIm2g3lq3swA9DKqGf7ljNnSFzN8gOjGRTa4XzXVFGzg33pd63sXJLzY3/hMJcGt35KDlVa+zWF/y+abevzfB87Yn5tImEBpfwPAL5aLJVTNhQeAEgDXS8Mzeu+zFrnymLdDpT4d1av2wXCcsXxbBqChfPMItvtO2W2R5FfeEyhLtK6P+YRC5YQ+yuLedVSm980t1FLJ92n6/6N1Q8tH5j4wwPxq21vynbwZDnZ/3Mn6zfjQBgyhS+LOY8w/E31kVYYq6Ry3jUxu0A7V6LbTU5IMaPzjH3CwVjeMk9dagqPNKweBvxZG2+JiXN6FpnynIvxhFv143YqaWffNjMMS/Cpu0b7rfZrr1XhOvHY/QEXe729lrB5YKBztOImTdIWj7urfRjocqedLPbMk7QGFxVplIdePQTyyvrY3wUU6TIzH+AW+P4Q1wlP/eiyxwyFsvoZeo4FJ2xOKh1AuIHoRl4vPzYI7uN6TXK2FiQFOefjT8m9yOz8MZedsx/CPoQQSn6TJOsLhWd+5bhHuOFSiZ2ga00DRkJ824HErVoyZ594ISNTrTKvWo/AjOzF0YCgNSelWjKNN5EPXSlZXtPJfT/2CvKRiMHzi5W8GQKmhVFn6Is1fJTFQrQy0/df0rRyGZQmPWq0woqaBNTefDi6znCOnEzGxF3w7HUfgIyGDzHvq9azo4d8IX8krMmMXVQqpeCfuZM/SlFoiPNlYHp5htuqxC8hxrmOYVQoErMGW/nEXukdS5hU1Vi99RinNdTYfL1+zZdk/Kp9JwsgFJu2hHwF118NYWLTZn5ecRKnFKQQ9H2RLUh0hykwD3MXMi9dq+nm+BEhv5lx+/liQMVNaLOQSofibdWnqTGoqznDacGSyNjZAFYcxMkEBPxktoZobpAEQeqYtskcOrku5C8pirlJWfuPMwoJGAt5cB+jsNJBo1YC9EZvNdwEtZMe3aFVz55u3vCzo9G4s4b8lWuf2XLu1qShoIL9Y/aFil16OwAC3vq+W4vtBDEJ6LAQ/ZqDiYyskBCTENQX0paDvjT8Q0vhcx/ci8aDFp9+I9Oisd0XF6lJpjVmI4tNvS6CQjbK7BHfQZKEyjVnQgs9qG2QEAbnfFKRHeQLyDp0eZmsZwvyNJitwbA3eFBJs3flkTOb+Gbu9bieaGb7pHQ/+getqGFAcZwotvBR06+82YiXXDdMagQ/ixI/ahjqCKXaaxU6U1T3HIclQq1zdlTirFjaizTb5BqV6UklzWDNaNa+1pXQRVhAnOO71j9HZLKEqL/RBbp9TnV6sfdFrORzoY3mMyvKzUdz3gFIqxHSJULamXbFeji65KSmuRtnmBg1UQWe5XqS1ibGWmLqNSeTlPnT5aWZmwKXWnAiJvUp0WzOgG9tnxgTX5Jf5WKB/uFZI6QfxT1oXQe22GyM+KkQbUoc18iTIptdA6Q3rI3FZ95YpwVon7QEvvdMRouCMVnhButPlJ5CwkbYs1DxGaT4o3HbPEFguKuN7O+3qegLkfrpqQTwZ+y+fHFaDKxtg9jLLDEm8Ac0uPONHXFzxpAj9USOM9Cr1UOG1tqLpAMmqiQfnEE13IfEKAWjffdv9o9pmFvm+FV0H2gGELmvw2QxJvWpjaSihfLidJkCutlRWAHcwukQvLF0BfDd4HGROBO0kLl/GsSVFMwdbx7i32iihSO8ChqBU5nLWXPYWpg4/j13FyvoWgBjuCxqJFxvVPrLzKuiNOEhwfD+GcU92dsKbwMJuysMZf+hVFuZQbKOjdzMihi15deRfXL8ktZn6TVB+nuQ9FAySe40rByLSJDpw1E/85kdcpzCTGUt58P1HG6t5zXU/tTwSsNjBPAlhYp9eLIGs4LhBUnWDdQLtEXfYgny0kn30S7aSyezctQQY4zpxtqk61GUinYBDDmg9HdGm4aB20HA+rRw5U4Piz0PqGHUQDPpXqAQqRTgJYlH/hcmsIf/J32bGO6D6q+8ZJou75UNh/lfGoPbWjjTSZy28XWVlZTcM9qXZSqTKJlBSAJYrU5TD5N5aZJPeN9ZMJui1BXFp8wsh+ybZMw7JG5Ma9y5B+PlBpQqG0Ov1BC92bnJW/pfXefMUqqN/HpSFRKcW7utd2sb+h3fTiuDD3sZrRz2Z8VouvG/CS6kSIex7uTElCT0s9Wbl3i3YRHmZvVoa3Nz32ZWm/byXWcJ+7wW+7ZI9U1k2dxtg2ImsSoHHPcaGCSkt6WxGwRsQTlftHRIc4KIXEZ8AoacKXG2BwcymNKU+3l4vJbN5cF9gvjtqHsnof5w34/l+BBOITCAafwIHGeePW1q98NhvUIv5GTHqD4wfZJeaelx9zUhCvPQF2p+t3hAGNrESpXfvhRy/0BKqfz228bhjQqY4HYnD/KMLGEdxPOUJOSLPam18l3U/k+OtH7JhJnElB4hx2oyX3TjblhthuH/lYgMGZztbWTkV7NLFC44n3ptl4coAEm9mSA0nzQtXnzhaPDYaxlfuCvAnO0e6ed54NAP+IsMvPCoaF7OmzSPuNyGo+0fPllDkVOAU/GggEK4r4RYkz4JwCBSlrU+w63t9eP14lw8A5Lun0fqYk7xDSiLBfdUQsPKPvJWhwws5oEWpV0GWoKSckDxSohRWUXInSNhIW/EtkctEgXVItfhs/1FX+cAWw4wPQm90Z1awmBiXZRotaqAJ7X0pUOABzU4IVr+mJ/nE+1ELjLf+4vIrDnD+ySB+gqsHzRUxoQEp7shb6Saxa0qCpCyZQe62cYOhgCPpja2LJXgtUcN5JenBClPkyM10jZRh+EX3x1T9tEco/9qM8qqDq2ouc2qBZpMYoKkoEzEzhav4aDs/uQlMY0pGjO3WsbdvMpkiPDA+Z0lcNRlQoU0crK17OiN2ngmtTu7rJ7GJVX1U0paXIKD26XoBRYGpeWnu5UTqVv/Vj0UAmjxAS2sNvnZf02QroJ3M3kbpgN1uwech6vZ9zPXskFmhJUnjrJGdUyos1MWsBzQ+dEVgJ7qXmE8CuqYpvbsqtbXb7AwT9emcXe1n/yeprX3T3sQ4RqeVh3JZSOifmK3kGJRd5Ndb857bsCemyRb/29QYsvxRbS7V5Hv8eB1wbBEbrDBQ1erpv7gkZgdz/GPHHcoXwcR9GjVBETa46EbzPJKgN/vKooNW4jEJZaIlwyIoch4Awt+bzDuBG42/T1q9OSO96UrBPBg9Ok+BoJozQ0Qy1g1Q9q0JTi0APlwTiusBl5xNPuHzyThjUVCU/5QvqmXQLsS2M5yX4JDywlYglZKpXDNj48jwTTE+ZamzmrxYU4fdHLVyoeAq4SCz6XqxeAXy0RO51wvvRnD8uDTVn3BUUELfN3UatTigXqVlXpS3E8aMQPqLWYxT3m3FcfiN+r8YJ/+PxNWbpuyAdmFyNTM581K4NkzRJ26KLFJqdUnR+1H/AcOQuNnrpn+3QSOWq+tRjAiORz7YXKX+/hFnMqzq2QJdKOCP8+/sNnZ3+KNRkM9CnsniBDYlpyyJEsuTUrGIfA3OUf+JSyccEBxFmxcjHD7U6Enu2FG4JvhozX0WPgBQqA5bsYWIUU367zjnUGLanyrq2OEzh69SCzilnowWGt0iERBPd0Bmx9txMY7Hv0iiEaXfIOd9FrJ8YuKGQLdyMsD+9Aj4NEvjskqamT9laTZ9br+RjBqp0gUqs5mD6zZPGeWH/7XULxRb6fN/pcHigZdwcbyfiDLqH2HxjIcbi6H2bHzXU9fzb+I7AZuNUfayeka0qddhZIfgRcr2kki7bep8mI090OO3WU+ZXIB/5lCWmPcV4IHbrD7EyqfcP3hx66DG0z34cw5RH1Lm6cL+1PI5xiK1KpTN963BCuwqnROCsPPj7J2BjdM3v+txJ5NWISbbEwXu+PZCEianFRySEz8+NS2Qe2AQEMcvYrpDXckdHBQqb7/d6CydC3/2UyyuzF5PDgSutHtXSagLacbSyPTyio8d5Rr3rJfYqxVlm2ZTIzHzU6cYziU8Lk4XX6nu3KSDEm/kFYYAZtP2Ba+iIv7BcxhQ0C2CkGOKma9ku+Owh9qW8wpL/sPRzO4b4Z+EYTxVb1rO07ObjeiC+/g+t3IQt9wAwm444aIc64IkJc0idnrXShM071RUahWKI/rxljRC2WWhWisB4Ghmtilml23qNTDV9PQKjBNRjqMYgfCsJ/+lGh0bBVMC9l1o1MaTxDRSRCAQqPHMSjG4AL4NNAvXrqjARlAhnl36Rd6po8mBoFSascfibB+Klsq3gd5EhsbFzj4nal7PQbedDAEsGOLG2n+ZPlYlFxUEHFHWsANwN45XbtYpfG7HwBSP5/4pY231GjVo+GDhee4lSIc0exQrmSNfhUGyOzCmM4Me4MizdXmIoK3OuqMZeTDxJhKAx087Fs/6CZDDuT5n1AciVLVNhzp9SIdeVnqeSeHaK7kNMXgQkXLkA4pCjEPwjwzTjfil5fvYNoQpRO+RvPUVGYGVFBsbun5FGXVC/qgsh1Qi02eSCXEElLoQRjSNE57iMaZ055ubWMygyoFHShebPXl4ovmfZy5yMvihMCkxT2eJfTrArmGJdVa8kVJZ1hhYgN43hTcM/6gkZrXvcrqcxbgOe6O8w31mSljU/xbixvjjJYw+AkBT5pZMCpyHdwkFsrRc04crQydoX3ibIhOb6W8rDUrYuy3EoDAeHkaDUmHfYGF16oa5xVYUf+i7uuoY5afjwRfyJt+170KtAseBqiTCDRdGzaUPkcqqDbd1Trf/B8Pwem2YT/Ti9y9TlNISn/keloQgy7Y29DldOWN7m9LquMYAJsdyrj9h6F6g3AQM522mQ+bgXxA1vzIfUnVEEa1HbEyDpwRxh1QNYmtScjaINdnQ4Q4fdIUl4MDvWZg7C6RGJA6CDfP8DrlKOrWJBnqGGVHp1uAgMNEgvjYx5xnmVUphgRXtjYTBJIluNpmNrKOeln8FOwXwj6MPLUr14YvWk0UBOM6aalcpDEyILHHnSoHgGq5r5Rq1Cx1Y+2CXr1CxOBPRhIRXO1v4E4JQa6l1Xidoz67Y6OLVdmjl62/FM1zpNbIShnjxjjNroPQc8vBioraaCNwxROlhv+tP97pevfjLvYVX1mL2T/HalHcOAmCqMDaBIuwT4Ph5PD4FkufO4mVvG/MSzujGpkUuYvhPHBK9HWw04hDl/bZosYUltNjJv4d9fdF19U0LgdLb0PC1uAeBHKOYyt/csZ+qEYA2td9CPDqq1Doxd9zj47DP1umi+JYD9euXLbb+JD7eYP6sgIUlWW2kfYwvUmG4AQpxpM4CvikDuZBjCsRMJDcEBgavdtSxUFHL4SBOwk/imtvcNp9xZp9waZrIuqkQP28wkKdS5MTpGDklP3wkrVsqOJhTO4jcN7HD1uW7U+IjlreoeQ9kZWi8kwQuL3V6KhWOsvQX1xte28qas3BVo0HPX6bjvtzHUGUHeNO5tKKbjozlck8Y47pCDvPRbvkbW493d+UBVY8g8Kk0hIUonH6a5H3xps2cDvKha85SbBlXy+XbXFUErhOtX1Mup3SKiU0xBZIeMV4wmuYdcgqdb9Wx+320r4lNBWIgcB4xy2WUZZcaSJsA/vIVcf0G+vte90nM2SuxNdwmH60Xb6iDAbxMPVhHYyd3O/JwzruMuV0dTUfbJrxdPWxuzqaPi1fvQTFjkzkWXe+G1CpkCqQg61h0nLdx7zTmFDhZsmMTU39oQw/3hqcM3GF5Q/aUV2TXx7gcOuV5Bxob06mYxHnjHZMLsWnhAU6S6r1Dfw5SNZp6Gvzz7mtZ0Xh7t9katxozBOfinxEf5vHMpa1T8LZiUPLiEt+DTECKo1JLn8tNpdYTfARAI3W2gJkEOkJ39dC9/d3bNp0arpDnYqI8obZiIiwWLo8ajAL4RA1a/uxvFkKSJbRkWC6DXBRduHOFNM87WdqVQjTCuhhrHa+3mMfPQrETH51KevrpgV8CBq7+TlmHy5wcixWfHGRJEc2ySYn9u7wNwmTRqdSLM3Bk+1vfzG3lGewJUSxmGLnYcCneJAVAsssyPkU1ZlMTxIMPb7jpSKItxOCVLzlbHpTaEwNriu+scwERj7gHh4siGl4oXUEWpt0QAbaoUNKi1rTXVlzHTdXV2BFaMEINWG1NhPi0x6XdmiL2QRcGc5UNY523EL8Jtl4lyCG2k3TFZFS3QMfCtomecoqv1rMpLKQzEp12pCAbSb++IwM0XRCsShc2x5fkHrBqpNdIJYQT4zdNC/Lxmve41vr+2ri0WFn7fCGVe6K9N8GSalhs3JF5doX7zF6ahBPWlnxvBGwrZ6Fg6izJTb91o0cOs+PHWYjKv1nckHkEMCuBzYTvzPAMZOyJKC3xxQGW8PkM/XY0BCQs/viOgEdwXmPmi1UkQNPGkO2b+gecNnhtwQfrZBNX6+T1vLUErgkB9k03bY5IcjI6zMkl01Az6R9AY7GFFm66FRINpSL0K1pXZqI5C7jtLvAPJ23R4gOXZkWd+6g9bie+UhUWL4EBXhe3IuWAPjU/LPwYUfaJe1uv7FPP1WG3uElVbmCXMchX28J0Wijav9IYPaT63NyioWYZ0Ihak8pVmK8UJ6G3DbvLFWYr5c5rf4D1CbTyJz5J2DmudMMRsDKJT8zy9Y8XBl6wi9Nxek4/V4vHBRa7TL9PXJkFLbGO/33Mf9skicMRPNwGucZfLXsQqbNDvHHbLM3gRyLAfV8fh+o4XQ6++0ja0cJoE8Szb+tayKv3CIfCSydYKGIAJe06AuWwU8xTXIBwMUGZSiQV13Qcok+6iqvWP7VGRjvgm3IdNnwEvMeTJk75YHczcCyDXqSbQ4mpp3kd2wz4qvWiioDnUZ7hvi+E9On1jfKZunWNAebyKWnaLLIb1nZXnG0lRWyD0BYpR7rWsVg9c47m6JQw3ZU8iRRdqIOab1zG0SGr64eGu+sIKYf2xe+owqHsJCe2hSfRyWVS+wZzEcRf7OrSibh96fc+yQ0GxIE16SarES8d/xqQSW/7Scz1rMinsGQFPZG0BpDhn11kH2cGlFwc6mXlMxUzrvw0e/fZlmx0wdI5M/iJgavbd1qVkkduTgI3uCAqbtdxAJ2XsY5+ZXNe+UoIMWvoqymlEGa1CImDf9wNRrxJjZ//JrF0Qaktvt4l6abWfKJPFzGHg9pn/4kk4p+6gtQMFJQ6nkwJpJFmnf4dIkDgOlqC/4voEK4ofDdD+Of6C74Z7YmFfZgrvIDYZ1HE7+KITg9kP0Bf5OYX2zTL76uZBORJKznQEtNXk9lGOa9z/74L5mub4HceEAL4poXCGcZDDmEYw3pURZBKonZLlduNaxjqbabPDsronenAjsN+7e5qDEHwjd3r/sPFq8WaTMLZI+S1XVRizGcwJbdqjR/NB0FCSzxv6nIjcla4TUWgJC2RgDzJ13Sm0UwEAs2RcmWeCVktvkEmFyRGUGXOhWWWe8nJfSKmN//9Cs6am4t1jc86RVP7Fjsr8YU+/J0qIKfe5ZaBCyzYXZVvyjN8V4Lj/4pJ3B8g922HLLIlO4v2K5wxOE1xXLxV0FCxKiqnAAAgAElEQVQX6agX/BgjIeGgo1+O7QVg2q71F/4B55sb4lpOERx4hBfdqjaZGgC7QDnF8YITvg2gC5adNyGTWbsilhy/9ntnfS8ziMj8EgGu4oh3iAJ2V6hjhK8Iqa3W/m0Djyb2Xrm82TbHn7ASOGuuXLNuVF6R2i87QvcJuRIMxOLqLHQBPIjZSeMoAWYJFIaZ+mDTEMs1K8JZhaTrkYikZpi4GnxXFSpZZ+lPdjzNz+Wq+Vq5PTrFpSivfRUT7seXVXCAP4OlN7MezR1tI+kp0jQxsReKN5UbTteoJDviC+wUMLrOzdnGK3gAeiG+3DT/t1agwQAd4OGVIYoo7LuYJIGCpeiaEuyuHXJq5ZpkshWrFWLj2/8fVf+5Jll2JAmCInrMWZCkSADVRaanZ6d33/9lZnfn2yZVYEkjgzkzOyr7Q0SvR6MbKCAz0t3s3nNURURFVXHEzvKsNAnkQoFV3DmlKA2iKX857MXlkNwZ+u7xvXGKpLMjs3pBzG4Qq96YBiMDIs0dHijLgfk92kom9fLljmqqrTUKgUCi1NlKQWdSFGb1Gt2DC0bqmnAyGgBedpGxPbC9EazB8uhh27NoBN9FEbvhLpRdO3mwTN40JAUDtw8oPV/awq6TbLpNX9iaQ1O7RyL5oA9hxZmtpnjqJzZsakN1mBYR64dBx1i2ALr9WQYzAwAHMHDiKA9WdDz/kXLITAigVOOcyc0NIkn2/PI9p0yyjX+CrQIICWt0weTTQYHQWEhyu6qjtDDqo/LJ4riLOq+DlHcgUjDCMUaFSUeqVdgBOYnhFy9o2tKs/uQQZjhDTmQCQHmGxpoiWSAe083ALBRpOA37O2Y6TOQviwl24dZMmDdi3FINiSiC7EZXGbpDS5p1UyCxPT7G92v0Ar+IIwamKj5IN8KeJBaMiAjmtZ7aXb4JvTW3JcejJm8SyurxgwUdiN4kSivtuU48eUOINMnJ8soYWVVj3lGbOfvhd7nXcGFZ14cInHJyUH7smjJiE7VUOwK/mzRmTsTYEyYGJ5GyyjOqMcWm4ZlGQAAb6rhymMBnlhwQ1/D4LE0QzlAD10nSZkCgywIZSXYPQCOsDFG0xyFxR4JUHpkwbNTrnhJZcgRlVSPtmIMkFOBhY9qR58LZDOu2lzqFxBGUvTTF1GdwcBIQbOXOvowRnDYXoBls1ftAIcd1tzlHKUBQo0+RPIYjC5paLgBhh8o2JU9nbncGxYbnjzCCdRSszaKnspWXNnvefLJx5DzfanhylENRD1PDLAW0ONLRbjP3C2vn2Rba15vTPt8jI00VQTGQBAthp344DlbPcDHQ74RSy/4OAL2FTJbxtzX6iOppucOP9YXRTNaxVODqFpHiFAZa5pB31xpIdWya8lOmirnLpkgvzy8gzobUKRe4GWycZgc3KJ81h2kxutXxx6zDVNVuqVON12R0OEhBE2IPUBDvRzBZYrDA3keQSuIgUswLXx6ehBcBLaHVl9RUMN3dIbNB35Mw8KL9HDksf8F9d/nyeXgH2cARofOHM4twcqZkEThak1tXjeaSaifJRaVgJlocPwDJdS9imd9VgFb0xXx8jS4bNpVCtImQ+/dVK0/XUM80bUcAsF2da8w/iUhgDnZlY0crvkXSE58wxyBcNqk5YQS2tmyhY3IgoLpgXPyBKe4vuSzChSqXdFzePlpL/BMxZVIhe4/c3mKNDTPl81A65ko6rHsgGoeOhSdRjQwjVjdXjS0Tx130x+hGZt5Y70gnCDWdymayRkETmnypikFD8J3G1FuSVyNPkC/9EjwqkjW3AFaRHFpjrwnWLwW+d65sbkFQ9mFnItay1UNE1aqeJle/dx/1pHgIlreh2AP8lx215ruNsibsCi613zpwju7xrcB3wLZoL4mPgki6EAFqpoByJnATs/GBhCelhbTF5k6gwROg4sYEhmzNLXniUmFllaMKKtMAl8R3K3A41m+1uDBGCwgulbrOYG+tctLp4KFDoTludkhnZ/PoYVxJ2pp6AEfpqJfenkQAYDBd6gSV3M/8Vjh5Hc8nkPnAci6J+SrzKOGngEBAzVZhiTsbd+P9JDdlj5Byq+Ix8BCL4Gd03Gb59olZiok3T0UOkCA9tk4rDRVJd4Y0+VbtNvcheC5saaCQ43BFgvH/t8iXkGWTh+Xy9hTZ4AIcVYJMlxVZSVTFGNad6ibxnCrq18iiQQdOUZKkCxhgNHIIRV3sthVkF7pdYwSmbgBC+8hqo8/uRsFzDl/a6gZey/HZl92JemR8GVyELCr+czvMVsxgwjzhwBqZOcWMdIioljrIoB16gNV4CfOb6ArqCbnQsVvAP7frCCFrJcEosmDKp3N5AZx63qVfPxnNlIR2d7m/1OXOcVQLcmXgCBVB/L6mDaDG7Ra1mqpMP+hyRB5eNok9vQQ52Jz+L2RaUmKw/wS1gPgt/LIyXg7uuvNTgxeiBzkrYoE/bR3PPE1+ZiZBOLn0NqXxaIco4JLGsOkscfJoKY4uqts0Uxmupu4vSozDrxx/6gj8eQpu3vJj8wwPrSSAVKt6i4UFtthKLb0S1ydDYyCC4itmcvOMzmjRRn6zHaGxg75cl0gcl9TcXKT5Oie3+RQKIHbqV8kfCY1zd42Vd3dXok6e5DA2kwIRaC8lcEhI7Oo5HuFjjIm2xQr6b7/XEUwagGpWNMxlg9oGV6Gq4kli8jWp6R42bqsBq6EHCuDNJYDSs1DyfYvrwCkpQ7nAdLRh6Ayh3jumnUEPZh+IXb3S2mg6MCs3cmGUBj0fyMr/fKFtUl+QzM8hI+Y5kYmNYkuaZsE93zIenrY+6i99bE3IJY1Jq1RasXAccNrvtOdzTn1wiNKgHP/1sac4aW3zgwND+y7UcQ5Rre2FFQV7E2uqawmFTFRKCNThAprMgfnwwyKo7cyaCnv3zqwyq3TdLKGX80vgso1pM5aOX4DtaGqUjep7eeRtO9Yqg24nkcqyjLrtMDGqbg9K7Ur+/aLck4s9qiiJLnbHWpMrxvb9PvAqR9dwzXcHMRqo5KWBtmIW9zYK9+G1/dkJ2w2ZzCWc7QiwJpcfZqeDUyWDvYc8p4bh0UYziaZGtdagJngK/M7PUHp+LJjl05ou+FwdrXNp8pD8jxg0HWpSx71FP4xcMA919VsFxBmoik4qQwrKxELJrSmRuSK9GaeWlC1gwdsod5QY/yLg/jj39E1Jjbsbtg+MWvFy1gbUtQ+5mYTG9jm7p0RJuzxpinJzNyJxL8CdE7UKtqgyIvcO8tcUd2OZCBapqcFbZbNsCkuMycMwqjViqUmm6cTtAeSSPTrT36IgOstT2xont7XHdEiNb2hq/D60PI5TPgIOEczfGC8B2/DGwrAN4IMtkdAMry3y5U5MzwvJejxpzVsq4QsGB8IVucx3CXzo2TIa7nkpLVDTTEGy97GnD+JGgW0nmztMxtIA9QyYVmA/0kQLNDokyIwhL8mAVEdNW92Yxp7QlqP8uXvTUgJoNO8z7G/YSXcecyK8qDakh/d3yuStXbGHEFBUPDkw+MEaspvG7dFzAqk51Qr1ruMqAtClwaq6bDHDSEd1aoDlYaY4DqiS9KxXGheDTWD573SLtdummi2Pl8S8fndzT0gsmjFmUquRmy9icoMPfqVEMGwvQRidaeeYQgFjaRzKR2IE9Cmx4uADSYH2zKzYUYxQEo4EsJaQBis0UKsK6hg6skQoj9YfzwM9JlajKqi7xVO3E8N2hnFRpIhq7RSnfUm5KWWvJOoYPBYHa9b/xAvBiKSuwBrG63AsTWQN1geKX4qe+T9Zjj0kLaNDYdwxcq+SHvkFK51ypkkC/OFm1DHjr+rYr3XcH6lIhjKIJe3srM0oPrMwmFBT1tc0r23aT5hL64jsX3xwBX8aE+4ZyYKJLC/JDEEpB/SKfjH/2o5USUwIszKKa84Y/pB5yLl5u1pWrodYDVCBXeHHUfQye6+jRtnihpyNDhE1bvOHZjxY+cxW4JmokW9nx4Fr2TAaKyATDA03jFbTXWb37LgRSXIcJweKijtoWpU6DClvg9FTWBvb9SYjaFQ09yBGRGsNGEr49P/uniWPoi+0Go6CUuy11jeZxG3SMZVHzZ7skK4XI3JEZb3MdFO6q5xdWzjxUKMhaXcSRlm6s4muwTz5gKw5a1lsd7wwP85j8gG5U7zEcKv5yjoeTE4rD6XUUeuY9KPqI1gdeRQ4wGLO/IDe1AWStEIH9/z+wBZYAEQONCb9G+67saxG6/cV7n55YyiNYjV8ACI81zoPMz8R8g6mF+SAnleayX0JVZBct8pI6gQ7claLIUQj2NSdDYy0nMei5H4dRz0pPyfObcMBT0SRW1PvDYsJzfIbP9r7ul6oNqOPoHtnuPm822lPQbsGOFfFcMNO46pDVWRmxUMr3qB5qH1J+xksLRkITf1MF8fu/HFqvJ2ufHSG0OfzJhRhbi4JaL9UXaYEx9EkooRkOffLOXtZxKtpGPDo8z3gwYFoijrqy8SVXJFBtfZHhCjRMdzfsthtCYfoTUEzBY4tj7iDf73LsWQxQ7eTksJJcbzNIDZKjVXVYfiYC/vymI5JAAPcNcFWJOL115zsVBB0pNO01+cwsA4BzF9zSBqnCGthjxBVlelhSZTW6TiyzFzwtHyUYUSlJSCiDIGZzLiZSnJ6nCSWjz7lJ8k47iy3QJSwXKfKJW+YU43qdBzyxO/ymWyVqke+FJToSNdwgifikRSyUj1mX1qfBA9HoDUQpvznhur5E8P0fG1aXYfe61fdLqEjAxsmsNIw3pWPSZheAqjDE+2fssML6RKdRtn1321JvfMVxqYWCSYnT6kMzN9wOutDL8n1C++UBNX2qTv6jBvyP5NM1tNQKSbrYugHovHDSGkoWD4Yga2zxKpSW6Qs8CjpYc+uvOAiyS5JzyWwRGQ3c36gr6iZF7eFVrM0we0mEJebEdEsgKv8oWtqm46wNSCDI1RX5LORBZLIG0eqR9Rc5HjL5/BFdwD90TlvuWJhU/7O4eMmoJ0QWvl3QBxZ5tZuTOScDmNurprm+Xbx91DBaMWw0HK3g1g27Z1eumkj8nGKTarFGQebHL1TkZCPbSQRB4CaC6OyJiuQ8bnSYGcYjI5UlvZPgG6JI91oVzqMj3l8R0EAL0VLY+VjjvEBqU08mC7gYoFbOw23zr70BNKMB7FtqRJDp1gMkUYF2hPWrRwt9O7Rhk1yLGM5ik4JKXM4jkybE2NYHNwm+II5jgTqu5gmz86dnJdFA8JcpdzmmR1uY7A8e+3IAObgu6iWUjK0tmpgLrsf0X1EMZdMe5rnXQUXZJ9cZ4i35kkGEAZ9aNABQ/xpxfb4GuZHlo7G2hoIzGOmklP8S3+tD5HPDqeE7kg0GU9o7gP+M18zs72ssLrBfgJneGlb7hLYPGzuncNmhBNk5xvqAS7jrPP7YJA6M+bFKdS+d2mKSGHhmJgxrR+DnXWEyEZjd9VUi3wHG830AzbgDR8tadUJ6FSArfGFtmOmcHCgWjQZg53FGD2l44geCd2woSbt5QLkYZgN+4JghBHfhTxkl60SM8cS0kMiDORc4ugDDUmHp/EFJrUnvAAj6rdqhUKEEipP3C9B03lqiYT59AcRm80RB8kBNIM4nAayXSbhK9+RADoGMPs88gGI4xSTYsaodPdIq0NFKu6+oNR8AA/uJLXlkSyEWueZaI0koUnbrTgkwSIv2tgWITNDBHRShtV0P4/KL39h5NoYCNgHsNovU3sKlwGPfBER/bf929wE3ei5ucmGL+MPWl3caEi1gk6n79nzITnHW5eD/aq9uspR38ph8GdlnoRBcSCSc0ImfuKgFIN72nU7N6Ayo8bj15XStp8KhMcBdWGGCgnKACFmz05hcYYLjEzjwqgH/SIpPzhH6xDD6CND8BgIYMcBpRLd95lykGW49umYka06EqrlHRwDYH2Gh8/3F2DWYCHoH3zpAPYyL/OHWhiRUlm8XXOr6bQlZAyp1TEnbDMSQmxq/ELmCg7BgpYYdVlqtlTZJcFFJFIMmtxNdi8CGT0BBeRpfrAzp6F30rST/JrTY7Vd7KwSrOj9tUaKB2Y4aRdX+hsm/mOoMY1pkFvt4FKVJB1JdtEKfgje6KDVQ3Jzl6ZlJMYCH97Mw/ZQElfJ5eDltvojeyTt+2UswsWBPsCXfLZde+4hKofyrswLTndBhIcUuUFwH5L9S43Rv7W9vcVeR1JtP3qitE9iNykXOg5oCJPtDnqx8hu7j7PmnkiE3sptmk7W4M22lQTHZFgBWfaQwb+Yn+0/7w9aalE2UU1PLchlPQypVvXoYgKrtQvLA6yYxiqxEBsQGsAqhysLAKJNjZDAdeIXzrCQRf9B36ox69PRgUlA5TKVuUe70OSQT7JyTSj4Q4UJ5a8lE6Woa2OPCGTNZy14vcTyAZqZtKos881XIU8TPl7U5g2uBFmQWElzwXKRgsVM+a+hNMmfGFg07ia4fYCDj18gABIy4Dwvb9bh5GHkUzIRC+tw9R7UWIdEh0FvkVQxAqrn86ZbpFLxSkZvuN+kcBzpFtDdC85CsuJZKfzmN+b0YhiPZXUHZTAN3taT0DbqmnglJgAMXWEcRdSWfbTHEtDo8HP7bbBXSuJxwaVLzUna8d472jAHxG9yBuQXxEyCTobqOrbwUMeHA5E42drA6kx5pha6t1QrkhYDWwcxjqaaSsDBBRSZuI8o7A/nF5Hj0D5IFTQTKA25YqH42yioxdIU7CuXtIklT/mYoBMeN4r/8TRj2YNFymVYoN7ZAjivttEVwevwkCePii+b7kaZTCk8jQhzKcbh0mEwbkEmtqZDuSFtUzNlTh2g3k2OBqzKHlDmV1w447caF6RSb0eLhjX7Ccd6PdHLzyaCtHmjwskQcUZjulNWwU4eg6IDpob6oifNzmDNSfJdQCYnTLvP4Imk1+EeEdNJAoXqctrKfzLg3cBiWTXIjqeEh5w0uz5wZD4c6FUWLcKvjE8EaJagjqhFiDPeOwwfM6AMXxZp/L059DXxyO989/SUqTEu5Bh6vds0eDikyATUIh0gkfb45R+aPz29AP4efVhzjmvnN4El7PSS+LP1MVxsQkVbIHGQLxvoCG1WvQj8gGB1z6/T3LmD28hxGfiP7YowJcn1JfuebeKERuDSwE0PaBofdmCHD1dM/eWxpCGQyzUfv0YLztHzfU6801C9UdkTl/NmvT6px61kPTj4kCWYuBQgrky7ziXhABNruGxg1crpXkR79CUnLtbI9VhBqYF7c1SGPxuzT6pMAaCS2nNiPBcnWauQOb0VQk15SreHblOa6cWRwzCQHS8BmVwOvKsq8tJAbGXLmFdU+00VVo1F6UW3CqNpS68BLMkE/n0hAv4LfiRkeulIFr3LeiPqnZGpE60HbjG98P5qWf5k2qMi4MmEs0RpNKIJ4MVECMdZoiQCVWtDAaBD2AysDNOIoHKLSamcDC6Eg67oGffkIc9awSqTcD/VrCDdZqVYBXmabRTUwTMjaUp6MWSGYlqcczQ17zLbnCPhqJx4lt4/G+Rc2ouVx+8kfWTaDWlXLaS+xGmiGetdFihb9qYdfzVHqSc4TtRhQ9jjxstJG4xmGGvWtdNqkSfupJeiabFiLQ6YlLYnFwAzLdOPkllhMLMyk5slzfIWAwr6QIWPTlrENGNhYXfFhLdzaP0uMxym2TbZ0CniQLH1AgS5TkiYgwPRlJrCCTzpK38NhYHVPfeSq9zdfIirbs+NLlgr4IwDLJPbXJpwBBnzM0kw+91emOi8ixCOMuDgKViFhyRXmJ4RUGXw6yLahImwllEXDYqyv6LbU3FY46sz5xpyZFSST5kDNJjsZLDiJpUvGALoyTwCcQzljGcNowSLSmYFMLarJH6CUBcKPQD8kDFeFJTxpQPHEF+vrGxkle+01aMMIYdj5AdCJLw9PRkzoCtQyOjiizic150Mo+mM9s1vTRyWcxKUUp3A3dulsDyoOCEibZkIvVSodNyQVHs7MoSbDBJulH25szbXtqzE86FVYwvG7i8nRuUZAO5cCM3y6MOe/Z3zb1e6K6WmPH9OrBHY3UJ7LIwPtUMKMzl50CgSeAxOmiB2ZngN3M/EeL28aTq3jcMhXm3PFGNBWLO0YZC0ISxN8zpIsumCpQafWFvBbL5L6JCPf5JZQOk0rRnQGFcGxVCWraSCf+EQ75x/E0AMt7Su4R8CsY/pYrRy5t9KIbbzHM0aKRERMgzArRUFizlSlrYjOLuU3vukmoheUqlU49f5wpDzwibK/iND/46YvDtMzG/dtwXDAyxAer6MUWQOER3HSNcWUr1WRkMpY/EV8UTilme9KOctF6GGJ0xZQoEWzBaRpHz4jRGegtCD1Y+JCMb0BiLu91RzLbjaxJkSBgzma1+k6V4YWIMXRq2ugi72ALVg8+icNz/jxjR7c2uCPFnYl212BswGw3CtmIXmJgQRX7wrhDXhzb/WttgeIavTfSft3hyA66qpKz/q7Tvsi6QZ39V5ROm59CyOiF5QoJkCTHOeszwmFcGc2IvHoHQ2amT5uj2NkT7h8SO9SeyjyqHgs2M7Rx8eOUfmyOeUp3uFgM/sl/pCo9BEo9rIuBHwYIjyS29GrVe0uvEIqXeUQukg4f5xlj2GWIpYMOqnX0k4a0vFGkj3guzx0r1WBLB3lzhThuwNLNi3asgqHcNJAIdbxvs/A77T5MhlpNbWVh0SIyqbPC3PwTloFZhoKKCPhiyNI9JLMeR0H6czVcDJc7MUwdg8l0kiNYVN/wofGhG1nUvrKEj29MRr/I/IZ3Aw9VI50mZeCfQMbVipSKFlsN7BBmH2hAnw/nVWENKybIgiyQo0olTo5bFEcWjw4qMC6NKc2ojfiyJNShjzK3rvaBfTBJ/mz1EiWsHOHbRlBGsJvYMnLB4oUg6lLXmEdEey81YQsaX0fngk/24Qu3cuvMTisSfczPzSgrTplSDeQqBh3di6IFfWoWpGF9QUrzAI7kiOo8wepozpI9SLjrAbs6ZaAlqbWkjLrvySU3HiQT20u2oZHYAQNsnCWnl22+0lzgEVydwHQJXeTSclp09EryRBnhLPcq0H5Kmm+YXTYhFfnmf4iCrIK4tN6fzvYsc/Zswcvoo6NFIdCjUHb3YBs0Vu6C+kLP9OSUc6RUFK8u+cEZB+VxXm4dHYUYn3i/uaGP08kVAFBPkF2BmJbPwvRQzk+ypzxIShaBx1MWcjBrNwe6JENjZH57anWC1ckDKeBsZEDaCm8gb483oKeA3DmjgcAlf2jxqBIH4co6IexkKQ1mKS2gFwDa9xJGCkn+m4llss6JRgFGCvlP03BoeW9xpxInT+1wxg8WUWtOcXi9Z8AIgXsg4rZ4D/wCw/2yyGMP0yNM0jDkj1omuhSdQqkOrtBdfen4dEtsCVol2MlfNhZbzSY9pS7RFS2rPaIfhFzm2vaSHB0M95ITFGUyP3c9RpB0C/tVgNRcxEEQWZeA+Gtt90LkeSbiAQJx4uMq1YxJxDyDWFZHo50s7JnlK1Ug+gK4yBa5HoXNdwo7r8dYZ2d5STNMFqhqVS0iwJ2BDptu8xhpox1vJpyGTuENOgvEyo9DeuvC1/T4zBQhbdEk6HqrakTRbszY0Sw/xEyzfuClGuJXjQ6dEH8fLLjAPR5zABs1zNT3blILSkkvtRQV1VdUQN/0wDmmynGBfO3G6fsfG5WaWq7jkcWc7qj7fDUAhYq2axtg7rTYTG+GmIAUZT4vL0uu5eJWL5EVax5b/ic6SoNBkmJRCy6IZBgi4px7gV0lGZEqtjpEGl49ItZrvqiLv5xZPwI9RmylmqHf4oE0aVp2vZ9lB2NPU1jrAnlHVlxpFtSIVBsTM7CaGLqwpV2Eqpn3FgVrggq3iyzKT2T460JG51rCoY4n5wf5joOAP4nU++R0z7Di0OLNGYAzMcgQ+kj5GOTJcg71ZDoXdwXWWRFWbSP2Ss6bRbWtZXsNwXBa21/CK64aH/LNvBjkt41HKsPfKAkEa41oMoe548pWcerNdwlhmWPK4GQuZXqHFKSGu1i7xYOOziTBJO19pMOoqqWh6MWRbmMKjJ3eWsJNFcc0RvztaRROIRJ1LA+CK7DF21wDBaO5tuYOvmgBSfUxa5W0QlSWWgml04doAFdXAutevalRtQoa8O9NDUwdR7cXhNYSUN9sJ8D5pnDlxVoqzfD2dggOKMdZhi6ZBEg++FERKizIXJQkgyilOg6aHdwfeAurU7+yS6O3k+Dk4MDAFnQnisu7HpWI3wg2FkBFfFiYESByhzfvYASiVR+e+qJx+EVwPeRPZFb1tesoYK5WsfJ23KkRrQHOHSsyDmpKgFFmYCEAE4BgzzQgh82kUwMCXgmJm84RzNOFaC+9y0NWqc/2IlEXMCD5iJYMmcrMn4vsoe+5r++s3U5v0rd05BzSETs9ggR2yoIYMDCYG1mLTouGIjXL4n2lfvSHjdKXLmmiyZzAjBzeEN8+c1dEa4eAqR3TecUOmDlNljDRAn3zx0ul8LfVz4addi6gMbWIeB48iK45VCTp8nCSF/W6nqJ9YxoeSFi0fDqKpWV55v7mAd79yx+ACuNrA5VR/1uzAK563m9lEdboL8Rp9I5ufXAHMMR9cgGGNhHHjG/+NYIMwRlw6fv315C41YP30cI3xywB85G4NzeRKmNL+OGTbvS0OWPMnUTa3zoPMcTWo4eTBBa9CF9bgoH6RHyqJ6by8NY6te2mgQgbXGCS8IHgcpzvVV9NVVgR6i/W+pZygfnaIyBzPPt48uTPj2pzBPMEqCMlDUZzs7UlPzn+yYuJqz7vyiwbCchUH+Li9ej0Gk86vLeiCRsehV6aMzNVtBm8qhWyxxY9MdKtY0Z/mVUpTIKKLuwHfkE+b9+hBIFkrziI/W1GODg+9p/h6OtWEecqLhxFBhd1ea7XqZYLnm4DcxEEFQuTIUCmBsU0BBPlrNKSj4PfSg+A8AACAASURBVBCk1FvDbhNk0ODiEcZ9sirzf4YLYPxPL2nQopWdJZYs4hQnFHHHpJ8iUMUaoTEuyiObz8fZUVM8SIcOOfn7/oa+yeFuY5yeVOQLxXlDVfnkxDSETAkREpYNxnMcmTNmk8laNNJiEHh6i+jOzEjEXgMlrPriRxedFH047X0euANwrTXfXIdC4lB6iuPa3zY9AlMk0TSqkrTG7mH0tJbviFFTG5rcg2B+TmA3k80ajrb9aGJoCovGmTkwJEeH7UJVlM40aHGS7gElXUCa7kC3VH7JJo0rC9TKHULZGFsnDNwno2caq9oV5cH23j9gi/8MiVgW6he7NZvZ88QN4nkE5NmE6yMvkoxQTXeZ2k/qz4t59+BaBNSuxVVKA5jiiWlUvrxpauyjfnSweoOg8CDRNX7uRTabTIddQeKCgwtp4mWTSzKORiHsZGBWubw0mMG/DQwhyPicCrBFIOtR+/I1ouk6NVJXgMZkJaMej03yP8IXhBZDcgNr5ksI4LZ7L52yljzhX2WaB0K9wk6tVBhgBDZJLBtsmAuRe5pg9dKK6gNbU9/2yQXkjUkVPO8YfvRbNkLT/S44h2NFuDzK1EM6k6Yky75x80aK6dRtcwJ7EIj/gZ5+J5cHrQZ1oTeorSjwVv7yyC1uGphaYBLlcUp7EEIYydFNBRvPRzNFy0thNcRacz8GuqXHrYQ5zsybWLMhU8LM4GScQo4OUU+ZLrj5FxN/fLVIjrdtcvAcoDzOZE1Tjma97AOZz2ok/EVAc9yy+O42gTEgZNYBBOwQ8dj/CmNkYNLXZPk8jCNhLYRWgshsQaO9WZ6EHF8jLH0B114AIObvCQCFZiuj8NAZ/dCl42DbdqY1gDpAxFKqr6hNfjW2VYeloKti9oP1CYzuf8jLhq1WJRLqEt/9DiJeBd/nJXGUGRDwBB/fX4vXeZRzM/2mgr9Thp1rDMjbOuKCQQwkE7FyXMBtwRQvlA0vWF5SgElr4PfB0RPziWBW2zpzAIvYMieCpij+xa+OFKQIA/5cELCcnccKURgRTS4E5BlhHG7BK7ma+SzhkxCQig0ipWqOvw9IXkouWSGijpVGFy/8w50m4HwWudz9qPYRBltlh6KQsm58QI3NHboiq7WB1IGSsXp5gLgn+I+IZy4Ao/sQTH+mDkzhEDi/rWhoAKZ04mOdCvLOA455eFDpvG3l0Sh+scgPllUlFzoxG0kpkL4tfmR0chSWMj6l8/S7BHBx20GQIaGOM90zAqgvHn6Rn2U6AktW4+c60tKhsGg6yDD43pDCgmUrhgd2D5OG+acK/qvAUd+V1eJ8wkQX1x9S5MtnnbyOL+bGaYbEuAQ+xHIeROoK0MkD6POzheiC+U8QRHnHpwtvrUkjPu6GO5UomfRco7ZVoWaUUfGwUmpNDvGTK7ioZ+1Y27NiJj0g9HnaRecvMiWlSqmcgcqJDCbqKjj+T+nBpE3kqkXoIFMkqlh1Up5dLUuYsTxqdBFkNsQLF53Ud7wgn8UhqDaKhRYh8rW/uOsw68X/Zze6jwEOVkvECjexM1iIZM84lZjnEpeKrFYDPWM+XYW2jp3SvClF3rIJi4QZElLDnizWZAwFMXqSZsAOgcj+lUhoTpkwFYte1p3x2LosyYQDLKxyq08rTVDSWmyy0ujqKW7G2tEBpWmwOWX3FWM+mITNUL18Q82X9rHmIF+wPAkOR2XEN3t4jYdWJOW5iizyqnwGezeAnXlkOWfxJBvf0sc12qg4SV0SVEOhBBAbwO5egMraDZnVN0bz7PboJY/EXuOTSaZVKWUBElIXlyYmIM8fQOi2k32Z5bR/zheMxd/fIUoYVOxUJ6+6i+wEEXD8Gh+oMmHE8V3DMcEDJwR+JVMxEb5nQTpHXkiMJYRC9RFaBec7+Jp4ZlEYOJpauaGD4SSoPRJX+1gPSswIiEx1cXOC9xXlCMPTlnPhfTtNAXrMoJjzCxzeyI7Rl0RwvKUZw5COSs8x9w//amBsgb6oHeft1D1j7k8r3JAXm205ObdramTJq+pYZVMEbS9TSs90emTaNS/jG/Zs8M2wXCQR59VLU3P1jWlgJYtHtfPnn9CBjilFo0kG6E8hxZffBIujUahtGcMwuYj1qExIsejEVROqgcoKbikUkAkM8QozvVH+2NbVE2iZeRCRQDK1rIZ+H3+DhGZLd4QWJbeUgUA5dTcaMx7akDF4EEmLyZyc7DE7ClKN9H8PSilbsu3h2YoOuSKc8wS1NVDkTqfCNai3PVRkyu0hSWtB4DJXMT1lHQPesOdu8MC3mS2ThOOX2w2JVUxTS4FCHQEuVyn0xiddQyTMUpCJV6kUgZZ8vanTfwGZJ5UD5IPq9pHpRhyxn75knD/fhfjYDpCpTCQgcspIK+DHr8OhitgJWusYopw+g2MV9fHHpfHl7/ySpCsNLizR/cE9xnHY46+phxksRGMLlgYAMTR3+3HPJzyiE8YZ3KOxxQsOA1p6EBLn6RyChrOQeb/tq6PxGNvsvQmq1QWPIRcJ7aR0u+/th2oRFyWdVAtTeRBA7ukOzm/FMKUerpTgml6DOfxQxUfFZAu/JPoChrdrVOYtG0FhQYvjdxdtLISq0D0gLlqNdwtQBvp+4sAlpWpOaMNLaDZf0EDOhDZ7qAzk/VFEVZp2lUO5oaps9LPVoTAMnqNrRvwIwiR8ZeWBCn1o9/mrmAkByD2K09zOq8D+EsHZK5UclJhERGcfuo3oLqq5LfnBLymVwao2D4+MykqNbhNVnKyS8kCsWUzrlkutErDhrNphfUBjt+0QwxAtoPvGk9pDuw4N001f1i0KTSx/C2fp+FgmrxW50nONQqNYXGRMmoj0lJE+c7qUoU5SWF/gxIJe7o2x/k5v89HpQqby5ziSP4pRr8K9DDwNliJ2enq9Dz/hzrOTIb1mL/Vsn00P1NFIVRbChJW8EDrdEZiDWOe1GFit4uAQppUSQYQE0+uZ5p9DkB2Wvo4pAFxU/B2CcDLG5jogAkk1mukyMmKVVicwA8CVk1+Z2JSiThqPxptBGl8Guo9tzi8cvoE24NcIgNaEVUua5l3XQvzB5gehMXPViJX+F2fuDSxxsXwOd2L8Vn2pAljhyHOzLRUZYOyc5cpr0c1IGTImQs2NJKkEq5wZwrQo490w8muNXsX4LVxgMpoNPVJgUx0FiKgu8rAeH/PKqxFmsYLH9BawVwzJqayYgZBreRFA+JPrp7uPhb+ToaZkk1vJCPcxUKhO5slIHGCaIQhS8mLrDnCVC/c6CAYlumknhSnMRfZ1ag9pyHmddcD+OxPe2pPm/ecR+aH0UvsIOHWmVRg1wN69O/YX0DPbwVY3LpBaM30Y0dbkS7mHNY1AGvJ3OCA9vnccJu7p0bA7Jlj5SEfQM7bX8CdP12Aq2hFw60DwElzGIeBVFZn1UHA45uB4lbB93ziHiqMHkxPJYsFLOnSQg+cWv6ilgrscDFO7kTI9gUMzhsu+dbgqrT14gWSyf+4qrDpNfxLLvLyPT/sCqXoCVY4Ei4uuXkpkYFJl9Yvf1PiA3Pww/6Fkdd/N+FYQFdV76Qf9t5Y7VDLmzThLKde51xbZ2+L0cWSf6KRZGgGMwp7sAko4IZptW0sJd3Yf7gi7Gui13ZtlKcK9NrQ2Uj2ZZLTDskISABPijIy5xhw9zjSDfLbZW2x9fZjoiL7GGy6HctTAibtHuNhTZKoDRb/8mfA5zPl1BLfGiYXW7tTmki6GdyRaBMTsg1AIQFx6MNviId0D9JQhtxfpCA7+SYFb+WvgF4PvZ9jtQXhTq5B02GA5O0Sq5FE2rVatmf+dOmF0Yw68PoahkOxqtFrbSwg5+K0IsGzacRilr3gHawrKpKp0Q5obOVK4m6kytKgs6kAJbSkp5av2pEUe12wkmXSazGRQQaQHDRRqZwsaU8XJwTeis6fcRMPlLcy8GOMwd6T4OAWsGLbZnt3qBZrinFyUcTOfsAgBO6Zd1UgTkMQpI9pBY6m1sSlIXKuIPafupRIbEQUebq69xwRAlMe5NMnNow6mJtVndmruAWAzsbNotu2psW4UhWmCNzbvwO+tdJ3475cfNeatYDy9FvKZ8x34BOHQS4cQ9Fw8hTmPO+L4vr47OIrUpRS6NlDWm5QBWamuduVnbDmc/C/p1MMPFJHYQHNEgVEfnSXl/dpDHhN4CI925zKkda/kFHfGjdQkCqqpzBRtfDxeFAecvFhzkliZYcd4wVKIz4ilvWMi7YH4wbsRoTAEYKKJiquiBMeD4p3JkS26/QSdvHIrwj6NmapcjE+aGDXJKl10vQg0cvu6bFOBGZAFcBglmfvwOAoMBQ5Kzerw2I2Mt2I58eR3KzjJ3VW0wSwhOTVAYvL0waQcdG0CPhr0lICK7IXH6tp2Pbk7xMGBgWUYsWpkgBBVhjrb15VIKNJzFuijs6PP1RDeJrYJoe8jaYSrsdgsT3Nwaj4x+H27frGhQvdE1dUDFzAehFzw9oYxV20tw0uA1liRzV1strCUTwErtSd6MIGHnbIXpgly7FeV3xMMXFhI90au8nqhzEaR43WW4TI8AiOHTy/sbqbdArYdlmv+ASeC155w62Lqsyp9c8am7hqnkwt8+8rm2xWmYjTRUG10VXwyTvYvDgVLG5AHURgfTmum4EdzJAUh3VIHMtXoDq15AL3HEyFlY0bycxPVllMM6GHeM+Lc/CAoGq8AsMp7gT24CwW2/VDWbV6qBgxhGnTXUyGJ7o68ElRQ49iokG1Dm3DtxF3DYZBWqKQEqdyKkt8zI3/Spa8Mloi+wENmFb1ISeUw0AKXD6PQjV61bPrLDddkYcPE3H57Mrrm5+YhcRRqq34JcFGjMDGnsCLBTHho2aEHq0uHZc3WPvTLGh1+AQ/kQcl6CUCCOLvY/Ha1qtwdlrTeyBgcZwVHbL8PyZFjW4ynMVbuulwUyyMhR3dxlMYsUJRdTExkte80H6hyZTnduVHKp/gqIKPdQOoUvnVwLACUdgYCaPwcIOT1FhiC5j56V84Ed0MN+zksy92uEzj4Ox4wWDe/a6bkSQB2pk8EVhlMS/J4F4FygWQOmn/ImLeYAopFEe1p6HMUENq1D4gRJkbz8MXMEiEB8Jh/i4ZH4yoGXToHQ/7CFHdlRblD4VH5My7H1ObgMeB0JOAGWDh1JnQ79X3Bd50vX1z+SroPOcjbseiSy4KmDo7dC15CryLl0grZqJ6sa0uPwx3CqfJ6JcW6Ev3BoCA5VHaXgRAPftc55nrRGSxRDFnq/PBms6uAHkv5GKMjGAzKgEBueR9JqbY5iXdvuW7pgRiQPyKOSTV+7zxY/iFzM1Tbf6AcYlLp891SbplBQDawoOH/30keUCPg3lvR3MWmMR0mMsLeh8oKEqSE0UhpruWZvggDj7ylvSOXtOfazPWZZ6nidqggcfHjsJbC2h6uXHgp88hnjzKXvORGxL+gxIDODFkRjuHgsbsCbnyy7bK/YG2VeRHt5Fr22EzhcityYXlkdMLUHGJiPFCJ4LL2S4FrGoRsicmY60NDwnSFp4fBBSkJLOkSRtBHa1i+ZqgxoZDbga5gHAjRjZaziUQu763AXliR+2W4wKkQy2rMysoi51OIXA613iUTGTb/HbPyFLGoL/Q+TBSMSDXpgJQyjV2isMrSHOX5xjgEtdw8Y3g/ccyOPSfP5AXHKBzK0Py3uXpHdbG+aLifLGHHw5A/WPpqfkELc69jkAcxhOSgGHknUSzE/Ffmn573Fl7ZisPHQh2kGOEmHsoe+DKGaS3FymhSY0KYvJac7vtJzC+bAQquhBQ5KyRzgEhSp5qQWclsp+Xd9HZ4hHy57yP2C6S32DKLItt3i1zorVXVfrOR7qQZn+3AKKjceSWptbgmRtsImCUOmSTCI/D63e0CM2uQVu/caV4Z5CRPvY5ZypHKZQurGOlk48RxuSc0x1/ItuoO3vYxzJYIZHFbB3r4HU4qI5opIdNoeQXfZRBjeQwLqWCqBIxK32VR2SWZvpacER1pwFk0eJukb2uUEc/y6JoyIV9Ms3Mmk339dPdMnvQr8hkJd0ZGuErbLbp+XiVtJ6l25LRw51mNHhbRB8AwyEhvk8b+s8beme46eZjWeKkGi2JcPObtPPpAp0vYwS01+En9YRINQu5pSGCYhB8twYnfEWqUbQ4mB14urA/9DCaYAcDDsyv77jrKidPiC9Z08KPHh7uRqt3CdmAeTfTyG5zOOPOB+ZE5EqNRGAnD0g0GZc03ImbRIzx4ya6WAZBTWXAMY8LtMCt0j2BRI/T4omILK45RYnKkpQX/agc2DGhzBsqzmFZTj4iYREksfbGGTofh8sWlJCHFjnQRkoOTk9/zJE+01di/ml+8T68tq+BOjUb/RQrPgY8is+383/kqElNiaildwNBMAGwbv1OQ215ibMxSx4suovdOXKCEzLhX47C95cO44s95K4mLIfaUusPAsXnKCeUQCKKtg3cOpg9FenUkZYl29dQcNA8qEqMS9tLgFeHJQKXnvyGqiUjYNuWZbE105oP4kDOxhoHBMTdr5gVEy5khIflVEoGqxan6F1boiVN0IZtnwG3nhezo8AM8vHaHJtB2yLVX9Vo/iqigJDZHBqv4B+6YTyt41wW0zRVeUJict40mbYsJCU3r/pYqQlhB7k3d7U/lC9ncxjJePp/XwsSImcYZoNgYkdYuZn+UXSBRa0QqDwEklZZ0VLmwFxFHYKOXuLdNXBXbT+8GY3KbfzWBw27t+Nna44oPkWofO9t/YKZhdXz2q03flZ8ZiJ6+Fw1uxfEBi8qUJ7Vvpsb01RbSKCxN1WX+w4/EjKVVrpGrtX3j1xe9uJrwEQS5IWRPNFJya1tQ8cVdDBmUpynpUChSVRAlrVoRmtFUrWXRPS8byTh+WBSIfRGsZLsW5cXXO18EPsiruznjZHNhw8C3h78suV1LtiCuikAxSBmEx6D3KYK/u1Lti8T8/SwnWJ7RWDX6MavV4jrxCADOWUihz19wVi6uld+hiQMAbdAuILPJpBR7aw64l8blJwfnH6AsWNLjccmMVXspzoBBo8kuvr8tLh6mNtVMzEnaH7VoOjF9/Ex2cdQe/ftyBDQfmQC3J5CEigWKu9k4+7On7AdwWXNZIeLiTmCxU7f8ULQN+dzHNz7iBull95O5HMuQVx4ZMnchCjpHU55TynlpNhm6qgmAZb30VAGEpgymsIYZrRb88IUUSdWDSYvY3bUAKypAK8ze4K0iVzvImTiNlqtmYWFB3vfhN7KdoByg3cANAQVdui2uY8Q7p4Ymy79zYxJaS9RmajWjtaZTLmoBydZOXS7ZA4C3zMtpjqzuNsLUzCYzd+wNoeFeDTTaPg3C3b7enptUKmKHSBYXF2mYGylxoTwCMP8dc9nCWq1o0DPKZfIQp4WaXKxCBoh4KALoRpscDP8EjbwTETwRcoyOKSep3JmR+Qo12kyKxpoeVlfdARRKaE8tCZOl1xMpB9dRhrrsHYIesCfOtwz/CzFXxZKzARZFV65D1/1BvcXPn/9wwVUqCAraDYPnCqgja842Ejs8UAPwBWdJKsXV6CvMY+K3v0hN2VJNnpDELcNexUFBtS0JsUYlxdUpL5Tz3M21I2HQkDKDmasScWwx5fidwQIWOa3gIsgVmuSwdOifCHaVb3ylfXd70laQj8OCYyWzOaUiLfnMht2F52WaJA4QrxhU/D96yEYvT1MlrToVERbhHrmsAG9gA0Itj4kbhoqEKROyKEA6YKjAE+O1tZst2QMyRObIiFugDxXGv8o+bPPRWKRtq8fAHpDuLrVcMP63l1wznBwaCtJHW7v3IafE5LNsa+FAz3BlyAtAfCX8zzOgNq8kn9HV6crUGIwl1O/cFoMO3ohU5HfmhUxh50ZYq2Ziag/C04a8CEYQtzKKwgID5dlwwWvUWA8cNL3vxirPOBjM/h3cPJFFOg6Tn7eFUsVKkeYcFNdhfvTPp2pkcruUCr0VohXxOf2cjoDO6z38cmVEsNrqZwdpqHhcvsyLVSJdvtC57XDQvOFDUWHhWH4Jj1Yb5tbbbANUe7Gxo3zN+0cpl+RlWYAjS25tAdo2GkGxparHCBiezZg4slu0EBxrEboc0o22Pejdqaui9UheZ+hwws6NiciBKnYnuqjnd5CCL0nyhkKmEN+mb5XDgdKa5WRnOu6BwVtA76LXixyNx1nhDBfikKYx5qxbH/dQt9ywBkvpoMvXw7gOApjLtLvxYv6kyHV0ZVmi1Nwq3xOOAMmxjUPtGdJ++/ZuZBA8Xu7pAjJ7HISLJk60IzMzXKybWkLvHhTpDa4DXhOYJTkEpVI0d9CgQn53BgfwLHCmp7oqKJB5fAwrQELpQhqPq6rqOAj2DbkZ2CKprhyJg0qJWElldOVs6xPHoXmYGyRX3v2cAsEPEyCYtpfkl8MmPU/KyQ/oEwZT+/s31uSIyEGwlw/T7eNc5WvVR9CZdBXRwdu5ohNRs4WaeU7K686xAHyGX4xppaMbQTOJ3dDB+SmCpSZRzu9fwdIvsjU3tFTa3QUv9ks9WlD66Q1fmFA3iM29GQFwNYJfZDMzpXmoYQK+/SyGQShUuulBAwS8zx4S2VhRLXc7fYYM8NCI0RszrwhyoQfu73YXqjCFGXkFywsshiDWy+ZpePutRs+u6ekbLGk67cMgbWiVnTX+28WXcbDutq+pYeXCu+tNALZ2KARzTgfiOnN0qut5/TJjM/NNScZSN1FxGTvMu4PUF/OL8UQJ3P6PrtSBDGy2v74VeGh6DtXbGLEqPcmhXiKgtYU6+b4ImLskiB66GpqZAEosHvUVuB65IzwRk6Wm3WN2mPwviI9mSS1SLfflYQJg2TGsLuCCvMUsO+sNMj16c+ASsAFmbYSxKO2/n3qjKPAY4Um1d/hw5lql/xKXnnvec7vjv3zJ2/5GzF+piFNtb73BWDsP5t5Wq9ORUljhSUktrCxJUTBr6IunkOeZu07G6T1Sap6ZwTfAu+W9zqRXnFXS1dHpQaTnzLjcAFeVRnB4erZtDqMU+sr2ApqL85JzuNECSvNnmQnTzk5+RA6soQEHG030zMEIZ0j3z/S5Heo48rQnJ+glMEU32WaHihGvw4BGhh16ks6XuBD5cnJOQE+0ETx2rbMMIypjpV7ra+5GCKOlfJspkeafZb6mX47ftbjtiaSS3HvCRIgnjBHkfmJH7zYUbXj67xaAPUcFUOYKgLmLurQ9DGYRJu9DLUK3L5ft1BxLxmQ7lxoS8o3EyZh/gN04JOqypFTZoFOpFuSf9efC0ZE+kyySQJKNfArSu+p2y0jx81zj4J4/TnRCch72LoiVDkJirVj0YjkqTGtMQvPxKsxajn0JRG+CFQc6ZluTDdLNAnujj4Wp0JGOIqVaoLIiSO3e7oYxC2vTyPwjIF0E0uyaM470SaEPQoQi1328fgoQhW1MKBjouMxbVrnIkV0moNiQE+CB7URNjJmCzBx9cAGxv887yrlwG7cffkKe70g5WhPYu62+FGaBxbS1omoAPZkZoXkBjEkSbSPmS1B0jDAo8H1zuraZrYmsIbG8u1Ov3cq4xhlBEE+Fe2GRkJIEEMTkm4o+GvDSAIKZwHTIBX61hYzsoF/b4UliKLiymWNQdpAAJKgtUGiecDBnobWFVUCht5ah7oa1IRNl5cKLY29ABpQaN+zWHl2NIxxLAHYfNTvC0w4Ob6ERQE1cRdQatDxiv3xQ7FQoLshLS0BqsQaBq4iSquU24FW1qipDM226M6iiKjO68nYbiKdnJlO5ETwKCUZPdCiitA+fWnEBnDXiQRacyVpIq3fSqpPsrNRyPKI1fYYOG+NO6skbO34sUdHMVVhzHEfoccdogi2v3Ck9KWaAqzu9jnbFrvitRvMDgPIyFBDVjllhX6NkOAApDyXczDbkDkd1kdTnME1GFgIWU1CD4hove78dgM1YyrmMRvfhHi8LmHWk7hcJLpCF3vRnJ27slVzdGxhhWRBl+6hb3yMiOCycuL+kKBaXnP5JeJ2wuAF3Ujn8tAUzAEItTeGiem/CT0SrXPcXUy2DJ//4FO557MyjLuOYAlzKSbCG5IYKKUsJgD3jnq1x10rtMi+e1R53xJSt0tdZgrRnGf1cO6K6BFSly+EF8ftytNVO5ob38QcyjzodJ8FZzBtluuL9MYPexoFmiuQ0qGA0Rp0sQXViCIs/h+u0jKjSQi03Mhys26zLCUbHuXXQ35rUOpKvmMJruCgisC9kFHW3ityI4EapCpa8JLk9o7FjH0ev7LNAdzXsscWY8AbAoXga66H9oki5pYB0VJXnetmIlp60eTIzBSzvZZizn6rbxFNlyTwgXx+DoMkaysAFzf0JnQ1KdoZh3CZpzJ0LMfMPfW5yI5lqOUFOwdCBP8wnGgUnucKXQTMuwXcKw2ARG/sL+H0ZTNhxqkAZjMSQFoY9qHVY7jNtIAIcbYrw36XMv8JzABgXHXwhpTt/bml4STQ0txtmzkJOWhC6c1xa50OMnaiZgYAVcb9PhUnGNcod43BxNrbT7wsdxCccA0Mwcl0fxzgHPD/Zmg+6YYJLCO3CZuQs2i70oh/LNn9pe1aXpK3jsfKoJx3tMIi7LjDnpQDpRAUJyydSivQe42hlSFb3F0ZaC8Xbob569/aSiHyCyj+FYxmsgWcfKyxyippmDIDtQRtI5yySoEP8XL9VvlpGpPOLqWKja/idW+v3RfS9TJuUhRUWAp+BxeWM7hJpvjQAVuMFmQsH3eqXYJi1Q0JrR0rq8fv4b7zEAiMtJ4CNaK8EFPWpDjEoGwFy31+qgyS9I0YJ7hxS3Qekj8KCsgx+2IOV/V8u0HscL4UMSvD1sJwRg5QTibWB0gt7+zKJBGRQTVQXrd8tafZRy/CKTdlwZn4obHCZU5yKnUlaxAxeMdc7FfbOqCOxXCboPcdC07uoY2o9QpPQauMPDU+fyjoA1N4NVtXhUN/iGAAAIABJREFUnXZgC9kmdiSIni/odwwAyLL3kW8FVfY6HdS9ZyPH/MtVA/pDG1NF3aCMUeiPb+MeKxYC25A5wVJ66UiA9fEk9zwy/9xyE7dE1I6vyE7a3TaDbT+nDgH2BTD6CsBJQcYht0i0F2uh5lz7YbgndhXQGY3C9DmmTW0VSRS58DJ4zvDc85ocVOJ2lei1jiBZXvU078KgE7tnHu503Zkqma4nMRQcMgfoYMgpXGg8Ta4YKE6cAnNHVZMQFzbGQTpKzlBQJ9lgOGe3uRgKSu789IH6QRYceMVUa5HtTlO8IFb+wQ5EdhMVjhiO0epGCWP+Z54BXsiPT8eKa0mQlKmASntFjdzk8JOAXYdQKYbTcUKR/z1zYYxa8peAFc8xhCwzNlL0OIxKSayLqw/rMrljGNTK1Gv/PtWqFgvtyRICF1vQWuxOhSEQrhv0hvGirU/NnchIxq/R9mKl01lyNivGON3cktBVGX/jwL1Oi9P8v6OUuHkpSo4/SAtazUYN5VYNvZ+uA5PqrfCBpWlSR7ymRXniZUVpQB8W5vIqIgRTJh6HoLgWMU5ndwCjLYWNimjcFqQETxAOoupk3VLEMTdMMlWRg7IahXiIhDJrGPnGDCleMmryzS1tFYGT8VEO6+hP80V43L0EtEpnecb8Se1fXDn3LGVuvkIaArY3d0PEzly7YnUq/xB4Ai5Az/g+FofeJK8fsYWMSmWP3zbvXhoLj0UW1HQC+qrQPfGRR2s6WCFM01HgR1vic5WQcUXYDqFAMU2QN4AOT+NkgVD/QlbzzhhuX1vDq7H5JzodQi5G2ADaWwrJ8ftaAbGqP3Q7D4cDreblpYTds8/FTVc2cPKLoT4oi7tOHX4zl74Ua3IpNLt/YX3LR+Hl5ThPpeScgy/N0cGksOkYdQj13Fjj7ARiPy5GeQhoA03PkCYNiid7jBy9/HLW+B85wZXDkfxV+aKAmZ+4TSiPK0nNEmQPLYwTYO5z+XELaGh1xENMiN6mHF5J21Q6FAW/Sc1pm4dNwYg8NayA886iahDQRbAhDxvalvMpvpRQZDt2hBBMltG2EjxnUpJ9RjFb+XMFBgjpNiW09zxzL/DwZfPnHjpISh4j4IUcyfqGYZnJhCbqVCV4dWLX4bnMqC2QtTInrYi2OcyS03Ru18gODmW5zSt6lVxE6/aCS7PLWBVjLu6dbxAkGkjJY4aXZjQSjzwuyZ3I0N7m70W7231Z5OlgyVQJ0gF3E5f58tyiYMwAKEZtnsdMm/ixCarKlqWETfFkcOZTVn6BzJSOSpTO6UXHVRouyA4NMxQ8noPcFwuCm+0aivMw5ivQQLx9kIyDi1UZAFJipn0LLOiSSCBt5tQ7yFVQBD1bQUB0Tz9t35+WKh4HLzUeY6FfZbNzSnoSimVLRodlIgGV7g1jkjV5JV9POoZaOkoehUXk2+f0OBAK2eSA8A9aupL1aAeknemQdrVZYxU461ScJdRddQJRrQ3s3u6fiyIrqXv3MKKwAofUqdsMwUMhARx27h2w31EkCaxcY8JhiF8VJBMOC8tBdv4YlBQLnhPqMSuGIlrFbOWcyL2Gfsn0lIBw4mRLEtOJUXlqL1Sio1KRvhFk5aYqBGMQaxRIZzU/hqmEhe5OxUFCLWtQNfcLiM9sY0a+4AveUiQyV3KU72NoQc60zwTM+AJRKC/NAI2GTR5Ix+5h48RxBwV1eQFaeCum9GcQnWCaYw6cYr9QD0WeL5qNC/MbLCi6ayBd80gpssnycndNlEs6cUAYMsPqbmJZBujTWnF29a7j0KNJ9IhE5UY21wtdvhTE1XuvVQA9IRRURXafH+LnRMrOyrBCSk3Fh2BGWOTWDMstdWj/AtC9g6SrlBmZEriq1Lbr1kzaaFc6ZS8SJ8OPBZDju8NlQ0GH3d5M4vPQ4EyJlrp3zUKBxL205voGyb7n3VFzQyJzwOX1C1ycKiUQzmN+fbBif8qXgtCa5xJohwF6h9Pex9rvt+AyzM7gAcA4ZLxPyXAHn5voYUgUNmbAmsq0g6oyiqyW+lJ++cu0Lu7hSGQGDMbeK1r1NjFWoxbaFK8FFhdwzAdAJOqJNoDHLGLZExMNFSQbRbKBTic9tHxaHdUBYK3l0L78C2NIAf0SaHWg8yP9ZyWJp6q0tqFFixsIgt0xQOfdpksC0cQR38mW3A3oW+l5oy8QY9b1uJHarjhwXhBZdENk5NYyA0DDhRRkis3E8/wVRBic45DpwV4rgJaMC4IXQfaFU8QYMWnoqj2nYwyM1balgnp7tlriKMdCq1HWi5OIJEfeZC6vd3AY1qQwjH4ZHGNI4BddI234S03KA9EtnTizvTjyu2+1ZY9Up6bqcojdMwjF9yCpXsd9E7U5h89Xo5vicpm6XPicp5y5kQoWECB2tQxhggv99S3yezLsEHVX5RwlAWS3RWgoBJ+ulAh6DQ32L3Te64SGuR28JOaMtk0Qe1qCjbAnjSYJZbJ4SrLFL7zFCnFRHo44TiqlmuxXtgftsnsrTFUEVO1prlyonr55QsvP294C1YJRCvOO2jbkUWWPoG2SpBqTdXpEgv9iQ+zGhgyAvOIhiEACkjn8+vcUkXoS6xdzUEtbF1eNQLnh3EG9S2k9iHc555QNYaPonXyEzQ9HCtztckcwtnGlH4peRhp1N21VcznV4tOXXv6aF1KjAbTkqDHDLfyfUWYqhFrF9GdB5pymBBrtIYU0IEs+zb8Uk4IBv92CmjswQa7pKNPQeN/kSsxWF6u697IHt6ZJx1+4cQSe/Cg1M5jXHMmwuI7KghkmBGV43+wdVE2Cj0LakT1CFvyNfN2ZAAymGTscNjzGze0ROAgcAdByqb9spUnSF/7wnW7s9GjlHZvJedPyqAD+NkjPok+wydaWgb+RhJQey8TbENqpj4qweK7EXmlN/dOR0Ce05jrbRLbSR8YqLvPvcuLxnURkYmCM5iJ0Cnv3uXXknLYZh2wNmshtiGk7xQTBwmyuC7mGyAbG+Z820pmLBX93yybFYlwlh0rpMNClq6PwHBhPvbieKE13k1I+y104Zv5zVInE6siNwbJ4EX6CxIwYeHjwcCgCPGrRsaSEpxa46LJbyGEpYwuhsr8o0YmRUDS9XkirkHCI/0n8SYs5376VcqNNRDvniRU7kSYxTFK2qW9LLWbwmi+wS53KebDMUb33rq4wKmnVoniJB6kLVbXU5/KVFQ5POeydM6xvAbO8C+LCbvdOxr+0QHF6jCCyZ+OZunVBanlraTcv6pJKmSG8JfqAMGqVT+I+yo0KX9dkylVh3IeyzpeaPdscnhP40wec81dp7VVjmzjCOKS8Vpnnnep3pVbFcWX4wWyOB9J5M8fVWmjG4AEO/cdq9ly70VBeSA5ALQEeGGgH0ShfyBnPhEe4Vt7mKQN5OLiIqlanTJoivAxJGNA0FNz4OMXA3tpjQw3OK2iskBJaVfTm1qQsASiPwaKxwFpsVfe2GaSGAUnON3Lza0oOYoCcjjFTjP+DgljLWJSsGtBgiXE0ANlo02GmqzzOYzFjwX1bAmAOXl1wWkOaV0TgtDhDMw4Rw9sAvdEhVMulLqy4ZAwNiqpKm1MlMgupmsZoN4TpmGeV/+lwkMQSd5/QcF941N8jG4DSrlUYsHwQwQEn1rWU5SsOR6zebRDOstFInOXrqV2BaG2iyrN10gwzJ9WlpJnLMl8nxxJH8D7+M9CQI+CYWJwG04T7yFGRxZj/0w/HkTsGVI9wOnp3MteMEUTkRU3cUZA41L0DgU1MmQsWJWPLF0PjI5lf+0KCL1kDn850HxEjS1dHJtJG9JlGY7ONFwZcbPsGMLRN2quWhG2nzSj1GHMLkktx7Oz1nzDgPaY9yaktTyCC4VEFcPhKzSnI2A7sntIioS6Wg2bU7WOYElMSjnxL43OUba2F8AJHdrJXXDajb9hKg0wVmk4KOR6oTaTMXsMHcTgbQ/UUSNHIiekMYweQe5ZMN2GiEirzENVWl4eLWX/00p3GdiOU5Y+Wx1Zm3AJYRnu+IiBtBDer4Bha1RL3oPA0WXDuekIu531WHm9FtJQyzoSSdrqDpu+AdAMzqCrsDir0m/f5DxPi+C4YRqRoHXvRK1/M9CiwsYldDqwuvki5RZHVuxno5fEGg9/GIsX1orzlVqaiMiK/lQbOKwx84bElAbm5SPRTTmt8INHskkjz8IJE51IfPJ3x9xC5np1I4JZDbxWIoCZzT7S3bsmcSTpmaSMttRlIyIkFXs+QGkceG6BW7P+HUFfIcSZ4+FITTinUOmBhfKFzNspiTBrg/Lwc/R0lESkgxfYqdrEyiSLTLtKzGajsTL46M2x7RoSbaDdmwOOwR7eVhOP6GKko1ooFlmO7TWdK/uiMd0CgSg7hCtgIQhhoA6HowWFMo/9xVsBVk0kciypesZygwFIH1sQBMrbPKN0IRXBAmOm/AKo4S04rJAXIVnO8vLJJp2HsLkcoxQPflTQDwVlWkYTh8ZsNFw86sT7MKgjy2Ag7AqjHQTnzx4pJwvJ54BLyBOSVXz1GOYd+G6kFZSplpVnIm+bliH257NPV9dP5fDlvdWGt06ku5yeAROtyAY4GweyZkuTpECSKuLiVn9iJtRtAY4Pgch3Y0z87uIU9jgpf9FgRnHNAqXsjimL3DN+kgQxIor+ovSQ1d28RmH4caphguSdhhjWotXUBg3iRnCLwtDOHBCDWWgOfW/YXdLrDPbvBGxibvPJaT/scUvKu9N5gGDYilzJyno+UuYHdtVU1GMJHglkF2EbIGEKJ1MedOzvKTha1UxonecJw6lnVxPR8d7i103VTmv1uhvuHWgsr7v5/UwYO/fBXIFY8Ny5ipvvHWciNTJY/1qk4gcd5avAMSW4tj8BJBjAaDPTRGCJkQdPoGeApvNCGVAF58OrWcvc44jL0I1txUNcxbCcSk+kIygOZLFm5OMAmUFzUdlG4l8gKShK8ioMJB/6wKLAq9rJiykg+rrVslwahWmYUUTDXSEPiLOcziqFsYPZMXwMy0p8UDdfoIuPxBNunJIM0ERlAMbGsAGnvoQoThpIJ28W+CJUHMXS4BJNRRa5o8l/4RB1BD4dU/F/BViC5pigO0x5Ip4VR+yObBH160wGH/o01Sy9hGGxxvRxXH7XBFkmfM/ZztlvzaIlKsEXuXE/Q8Nd1RhSFjOEX4Lb8Ti8uGhcmHWIk7mwXDvxRPEEto2IB2hYL07kUqBa0IsMITzLdjRVrPg8uh5cOScfhKb1ruFGk3aK2YQKMh8pbxrjRPDZ1pY0PjJAyYSnChETUYtqVjQwzpXASZ2IZBejEE6CKwqGVaVugOsNaM6qnbfcJGyGBdjURPa0RU7eQtEn0rgSTIApjCS+q8oumapovkOkdeWwmCp3XKbPrJGtETPN59zQB2bvj+3BpvpgCnM+7S2xsVrQ49w14xLK4S9VBGprZp2HMHRUGELZETxxalbTyhfgTQAKAWqypVodcyIBUpb2Ji2cSeKG1I3+BGYmiIY4WiRqerxuLZQdpEVoSXfFkUt5RJWDyMQFkDGhnQ5ZbDziiRTQvy8GDWXxv6fMWMT/icXS4CHVTCokvrCc6+yOS6lLHbpkfEXFGmM0a/r2qdNm4FgHXWTTNpcxn8mU/Or0FriVFTRXQ3K6YrDGluK+XES5dgUNL3dpq7QY9SNh/zP+IAGxR2SVSQ9h9GgdaRuZM0S4U0IUjgC5rrE5Bmen4JDplZiqe5DAK5poaAHheDw6FElQ1uyx9V087so+eg3hX0ACbB5dsGq+TU/ROJijOgvH4Zug875rBsB4bt1PlwPisg8VS6oWgjDtJh+WXjI+cv8pD35HRSo510pWyWHxhJf7DvQAY4kAn+wl9+Zz5qT0lecxJ5WE7GJg9HXA+aJuVyXyVl9/NtJ2GZTuhl+8bXgrMzn72TAvNVZMi5+FY5By66ieXBTZuBDuqhhU2DLKE7W0ac14Ruw+4agnV1AYvuy69Pnx6RtWb1zePD73PevPmRFVvqbHWFdi1VmOj2yMzPZfvqloAFuqi3l3lS+7+rfl2oLSKKza7qGE83uiGIFSG4WVVQZCFgq/8EjO1IZaGZPuR9MVQfSScbO0IWBm039MNjhHLUn6phncUCoVTN4BVxa19vuzn8+W0eFqrhZOwutRo9Fp12RtiGfGhD951ZKiRwn3VFaEx9hoNXLGSekREH9eQXxyIHpEbDBwTvolVmYpmpTP6WEr884gi+VnMgMtUHdYL+rOg7PHE7ipUc0NeBQlmkbJzSWBeOD3tfCxmBkjAe7ZVeQcX5xgX592fbCFULXVr7WoBvZuoVdydnnjORJMEyfRgODIBqB5R2he7F6Fjn6fVRatIdlb1DLq3Mx7wqkXHCwDAwlI3FtlVzjb23yNTLyhhubTjmHuEdVV55SZgRYK5h5zJJEdgDkBx0SDOY3naSXv+KINz8vcqrxSiSpeeKeeaMhBQvcYOlcU+6QpmdloeSMbPZv6e9Ziw+vkocsEeQFn09N+VMqyVevEAZKpyKKBTkkKIXKDjcZLLbFpF6uQWAEQLwOQFeMBQ8plzMY44jKMHoNWh9mE7ie2Kghn7qhGG6K2MIakKXkgWmWBMj2wbG4Raga8N7T2F36NpUfM47SxsZ324GiDZWeP9akEM/kdeelKdeZWbna4VyBOH0rILgR7uPIrndDH0jokT4KJ7CsJjUmsAUK7l6cBH6U42gE9cqhnENFJYhCqWfYYzz5xxodRiEKkLWmv0Q9KTF5wGeO5dLZBr2iM5WWHipGzkIGRx241VeTpxUcAP1Ae0N+kN1UMY+LLrxBizjn/ARS8wVQ6bhsGMvJxMYPW6XRatnQ6tWPCU1dx+ZZduEMtoIj4zJsUDG9kBCknVWfnn6EnPPjtJ0kavXiKWBaMJwJ4zgGmWSZbSYIVqi1H5R/JPAezAtqPCuPKARRiA8Kgb+bqIi+XlxtnBk0a7bJTMrYBSt88BcrC0U73RJzL4phMHGZ9NFxcwPXPoKAlDVzknXg147UKYsLmMk/9gvc4szsi/oSeEu9Rc0vdxSWZy1AmsHMRt5pUQkdjSduZRdhu1WAUrcn3MY3Fv1FG3Dz0t1NbeijxkvWDPkBHh2B0EiLa8WQhcVbYjrOHypDABz+o+iaPZqgTWcsteBBf01ACUeXa8EChUEWUqzuQlD8rm+I6lapc4WcWxYgmWyLQ2NLg8UnUfeKw8v0ftyegivM/Rn9n6/NBcTsEeUYEArEz99z43eGa9hTKVNQ3w+I4pl74I9C4K1njEbIuWGyaRPgaTJMjNnVFmkYpQWyWdqE/QRwJKDTOEMvTNwUEpaExReWC+AosgCev4IPaBIkwfh40qcFhU/JA1ZA9BU7Ka35tk97ihuD0SsonqHCoWm2IgvouDL9ixc6+Ubt+kGLcdeYzc6XS+tLg+3e9Pny488cPn80Vq1OOTHj49ct29fbW6KZ1ur65a5wLWuj7jAlzMhFdRrCaFvlqr19pb0RwFd3S5+2i5uc/7YIY0xog3E/TDNycZxz0hz/zJutJAvXALvZwzuztzMSYvC8RO1//h5quC+5gSrWrECUGoq6uqMpDbG/eP5/Pzfj73WhfgTPL6xJub6xpbxuUioW9vrwzdbcWTrdcdBlz18rkPOWMQazwB6mxBCxEfVJMpSuEJ2R3QGe/Ii/WIZQ1RHIFYCJwY89UIRMARxOG1XLXT6SaJM0X0sENt/6Q8YN8ABztp+JfEkzt1E9szq94FjSrwpKnqOry3fb42gxFQNVBdbip0LFmnjAZKxMOwc32pB2u8n+nkJ9nNtgo5sRNAq90R1VkT6aW8h3gkwxjfUXeXn0iV2qP2KqjT8c0KDA9xqoiezqkIo1MbzYdud5gks8erma/jMKcUPNCG5GWVlMmWQvXhx7KZf7MLa3VbKnAIaY03yBm05x6Urb9etMOp1VimHtF/aqgeLz8aiYXZEIaD+2lsn/NqjjAzqlAEsoS2js/BEdVqjXB6ycxodBaMjfTXaqyyPJe670QyxB90FCoEzBCBl9owLO0Pxu4U/FzjJo+WAyhDTQCpd2PQu8G45dDuMUa4YOl/3HhJx5KsPgSqnm/WUKX1LjEsac7hIPQhz2aP+X5o/+j0FgCOO5cM5l/XEgtoTpM1woGyqbDl0aSjCHJkgszaj20aUakrObj9DsO0Gx6ENgIGCFVNT1iphHU6uVqNUnf6DixwIwB/SCl1ae0NZ0tpU+M2im0is1SMOJm+aR1VA3RnbQxRCLNDziuA1qUBeYQu7J/MZQv2yx+VK6A7iZ7pA+o9FQckVgvNZa0TrX3pIlTegwtwz44OosFqs3O0WjMRx0og91bZklTuyGn0dMc6O5ham8vgOHWYnhHl/thL5Wk13btTZPW/iMi2GfmHGovrYNgy/7LZDT0kfZ6OlxBjwJA8qiY3fBoNGheK6rJPvaVKBzPB7JOnabBzg/ZhwG4h+rB/xc4OoxzFXGYQnC5egWzvRrcWobm+Id0H3oT2Vt4o1Ng8zC6YGY12MBXZ7ohdKdt5eKyhvySqcUyHEDTKWbf8Kw+5QZickEstabuRIEg38osplcbXw9xESXK/jaBqaSU5O4/NI4CZ3apMWvFUzuhpQFPLHCDnKC9La8BsUepqbE5LRl6DLJLaAzSKYUzP039BQ1iBXQTh7UY9TvsvtlileBnPglNXGdRAQMy4zHEXnJZHnRF2TfYbDa8R8bZOq6JjGCen2mgzT0E7his6hBJDsmzhSzCx8WBUrKCsZOkKpR03Hqwj5HIVYVpmVwEtbJVhqFLLUze5HMCZm3vMQ8tR9N+ICuN47tKmJuyEJ0er5nygdORCYPuz5cOrpQtgXi4Xii21qhulYm32Zevz86Xr9ONvH3/99Xz36va3dx+vb2+ub27vP1/O59Pff354/vbm+nSi9qtXt7vPl+7KqJzri84+YoROa2FfUFzq0wnnjk7jKQsuiMGzq3OxvQrXvToUs4uhx9hDlapa3RtVgehua+mxXyvcaTeqdDjMSsZjU9HntNZYHKD7z4DOdECws5C7hb1RYJ+KWFin56ezdPvu/e8fPt2/efX66flJ1Ddfv7l5vmw8v351W3X18PQI6uqaLS3GF+QA1AquS2MzYyYUU3NPSpggm3wXJUIpBlqBZXc31co4QwaYuK4hRVpkD8OfJ+Cc53U2Pg76Uu8mejX39DKxiKwSQnY0zL3oFRyQphvCjFzubiBBSju9ahagLHxbZsxCOALZtYyRbLytFqvQbhrIJgGasWZr6nhOR4esrHr1E3PjuCJzLFDjACdqY5csmWp5kLp1nMpb8CC2IPsMnFYK0606US7hZGYlzW85BL5xeH0YJtT+uzLWh1gTPMk4Ws2G+UUZEHTjYUrkL8XaDnolYweMbpVSuWr5ZbbsXmlXB1y7SGizqLfVads48FIk1BZ0DFTJb8bEromKR+nbqr2ffr1YsVN/lDjtNwErx1HP6UxW0yk5LWmNc7oPFXy2MhpS93am4ng98m9iNATfhkCKHtegRnV2D2DylxjLdzKrx/6kiDaBBmP79dcamzHUcRtCO3aW4DSvJg31MjVSZz/ikkcdu6CRRDIcMLNJlYwMD95e7d7uYHZi/HNOHUmm6A1Vrd344oeTamybIBJw5eONRBfLJ97O6cF1lYsHqbOcCGTM4nFs2dBHgOVFV+blgZYrWTdZ0MpzDiAo9j4YCoZLGcBoJ1i371Ubu7zMpjUBanNKRflSPBhIgKLvWA+lhhovHQIx6ylejiPwTjlx09WwRmabwi0cPZFvmJ0lk304k6JVj3zoH93a4BLaspOghS2s7l2kWr321MyXVXQSgYBo77FWnP80dm21tjamOc+o1FoRyZl6GSCVZ28ZhPS+Sw20F8aZ1aSEIi48Rmdzvpc620CPuyJb4+xgpUdG52ZMZJh/OghXnsgTKSipKfy8iOETDbtGFJvc1E78cK0DN2zkJIBUs1L/k3JShjcxhoM+oszLB5SzCiRhBms5My8C7LbN3a3CSnXSEdnbpbW7d/z+aPXe2m1Ci4bHkniXRMZmWheYp8iXFgRfgXxtCNitQrNmNsw8td6NRZu7trgia2lhBRaVm3IY4aJnSN3U65C5RahxbvXwYU6GAo9D4ns85IKT/OlK31H2BQanwlr2cB3f0PTwlofTHVMdGNiKKTWYwNusUdNik+RoxpBrO8HQ2HsSmSOjqNHTAgo5XahedHCAo57rjPxpaRQy7DRNEN6yMH/XR6i9qk3ycKuVJO7s57bGPAlLvHakpesGBBq7Mw/ElNI4p0o8zkgfckhiud0K5IV2k2XCiyHsGmul394OjLD40gK5tfOXT1ef7p///suH12++enzuH3/+wPq4xdfrBp+ff/37b+7l0tX13Q3v39+r+eoV717dsOrjh89Cd50+f37azZub66ur0gV3N6fTaqGrdD6fmeDp1Y0x/zghHLl6cTUbfqrC8uj72d1bXA65+9JXa2X/bnn7Xhn9bLcMpI0zIctZY+8mDYgcEXZldsIwaG2fimteYalq3dTaqs+fHk7r9tKX958e9z797e+///rb7199/WZ3C/W86+ZU5/30px9qn/Xjuw/ff/32ZkvS3WlxUZeLEUTab6x5C3HFBwC5WDYeXZNyH4icy5J2d09Oi/ZZ4caJG2HSQzXmhgYCdXQJvAzI41zsWN+jIMwcBqWilqKDrSGuCziyJmamTGAIYOyb5v7EKaapddyzMVWmUjlfuy1BFbyXR9OSe+iArHlaFYUTE1BwuLdyqiK6+YDNEvooNvT4P/+jCPhD+iBg5WcZ2yMJPaBWxYYTcrnS4tAiHPG0x25c865QJ0crIG3BjsBKh+8KIZ3AUyzQ9nHqGNYdzHkAH2g8kV6JY/AJErp0p4gK0Sggcp4/roJQPGpi5j8MSfLLqHg7BQ1CxE53yeBFDnSf9t8g68HiqWK5vtA5FAMGUkXRb35DAAAgAElEQVSIROnDeUpSjrhrFcBPx+JfGrcbL8r65KAAull4iqGDKUFsHsQYB8/eEjbVsaNORcv/aMebbAPZwcvkzNJf/AbHFI2O7lcFTvOGhSZX1JgML6AGhggAyrP/I0gUcCx1lG376gw2iXcFxsV+/VRdrCfZFadmVe8sBrbMl06p6HMpjNbcthRpPC8CLa99rEUHBU5HGVS1ICwE1pufVEh5ubLr/e7FTO0DyOUCGrdfdZWE5fYxqwvEzpAHFmpjy57+LYDtjXqERTL3ZqdffeYMMpMinEMNUKJecMQ7aeIYUh312xsqevx0VdVxRvO45fJY1ywkCGb1fQjYOPDcC3tcfOlELKLR3AJtBGeRWItuOqstMG16aaYO+vNVh7hDSFL8bW3LllOQQtAOMC6cCU5fBDQCL+crlGU+OWl1qI/bOImlD19d7DG5S5yS7gH6AnzCfryI1Ikh0WEqMJZXXh5n3Hl9qLC+76TsnHM4nDdFhLh3whvBbi9rTmhwcMi8pzGuHoKFBYlOFU8RpjR9sBlMa2c8vKUuEoJ6D2P1Bs0GLq2998VcdvdFCV87lXpnVZ8XD00tMeudXcTpLADmdqlhpeLNlIWzwLvbZvI0dJVmeBnByjbZ4UBobHpEV4o2fq9sqNJfGZvZiDJhSlASG9DQSdNHkRdVCD5OPI8aNa8FEmrVgLwOK0U2Q4eXeeH9ywJtGk04mrQ6jJ8W2tLQ70jInDEbK5A77NzYQlZitOz9F8MIUuKKu8GuTnUWRKgjPGP469i2CtyGMmVF8hBJA4n2pEB0imUQKHPD2RB3MNEZywcC2mEFSSZDhacu0AWvDQ0trBRklcbM8bhYVfRIJfPQbnrPhsSdagRA7t6LC1i7++H5+fq2Tld3l8vTpU9c6+n8/PnzY13fPeD+0nr/8cPVuv5w/3T/dHn79k315qo/1d2nx888nZ6f12/vPuJ09fD0fP+4b29vJT18un/1+vbr1zdvXvHrN1eLvS+7VtVi4TR2TIGUvW/FpSVAzYsI1eW8r68KRJ9bwLo6Xa+rc18snUG1L7i+PpG4nB/stAZr8arRl/0Ya//C3rrsy3LRwJLTIIwWWFWL5GmAEsl1s65bumxt1bv3D798+HR7rQ8fPv/jx3eXvX78+98/ffwAoMXXX31z/3y+vV7rpNdvXv/4y6f3Hz++unutj8+nta/vTr3KQO601qqTgma6Afd1WFdkNcLSNaqJM4Wmk2rnKnso1wTMARLkS/jOMIe4aDkuWMy/Qj+nfQsjYhxxYUS0SO5bs6BA3Abp7DSmZK5ip6oPefwVDe451XtNf6BjG46YH5hoDcChwzmx2P4McAI1irCDD8EWRhkdVuuf5seRzoBOQS/Y0XShsu63p0/X/yveyJmhyQMkFttq+EKqEJ4FYXAx32MeJMtLSwFQjKPdwV0gF6ZpzVwJh9BBHIEv/tmoGNRORyhGdKqpmSa2Gs8oHeSmQXR+9lZzI3yv+QIV7VeTXxM6lBRCm7fLM1xGAEqOMHpI7XTi9sxmkrhisjS72hm75iOV3yccfl1racPboBPmeeWGMn1aRrBD4BzEGlzaanbB60gyo2ZQzTgkPNjW+bVfFOYDewsQs0trVqiFOMvjYSy0clQkt2wCAFvq9oScKIx5M+GV0xxg4hRQYgHV8tTGCx8mIU9yaZf8TYDiaYO1IOmCeCVgTamKHtGodmVPLRT6AKclChdIVZWrRqq9yXHKOx5H4f9CeExCbUGqErWi/XMIVway+2lKwKmOLkAQWJ4TWFUsdbfND8CJbPGyNyX3Ccwm4LZQRqHIAjIVzqsuIOzpifFzHjOB5TdvceqeSV7D8QB4Td6gvumGzePe1mMqWspE1uHunYNaxr/zd+3CrAOp1Kh0h8FA9oEVGN1aww6WD/fxC0Xs3ct0I7lcDS9RyuzO4NRGkOHEfnnyf8C6UoRUcC/ZlCFYJ1BWlfxAyKKBiq+91RDr+s2GehXV7VFrUCbm+W50UChjRSYPO5pjpQ+SKVB0/QB0eDKG55+bVhzcDfPSjhVlQwYoULygMSMwA9QG+KRyETHbAyp6EBbymTuz30YJ+4J4EEIQOVoZ6g9cubN5b50ay8mtCV44SHr33pEAsHtfGq0R/lsNeIquIgpAGs+61MtztaHdbcLU2RNlAw1Ez3VCSMDU8jfJExwG7TAGLRyj3WjifdjlcOvOjkU2NjOWrOiW4qnz7r4kowxIn90NjmghOa6YN+RlCVZ/qrS3UDOQN0icGWYL9UYR3KU11RdnFQGZ6O0WdqXqoMbWRJvkQr86EXG5jjA29Vx/rvKE5OX/Sc8C8A0IoNi7Ae3eBLu98T1yomtpTg8+0VlWbF8ACbI2p62CzY2qeFXSZncsoWWGx7UEXJDTaQHJwWj7NWjqmxf7E321Pc3WN9Q0J5rApBV5X3xVFRdmVaRSJ+md3tmlHHEKbYPNdkGqW+vEEy+oz5/Pn+/3c983dL48v//44c1Xp99//OX86a56bz0/PDw8PvW73++//+bN5fzc3V9/8+r3Xz9fXd/+8v5p84HE4/3TLz/9KvHp8fnq5ubtm7vTqv/9X7794w+36keQN9en2+vr56enfT6f1omsdSq1nveZPN0/Xv7x+9Mv78/3D+fXNzc/fPuG7Mu5CV1d8fVrsK7u7/fjw3ljf/78+fWr669f37y5u351c7JH6qquqvDw+KzGaZ2KPC0wUw5Ri8johXAs7a51dXN1A1ZvnS8X8PTpXv/jP368fzrvjXfvPvz06+831zf3j/cPj0+PD8/vfvv9+ene0/q+enrq1VcnXl+d9q4Pnz588/VX7z+e//bT79++uVnf3r3u0yKvTwvAJWaQndo6STfSDdV8URUBxvVljAF1ryoKO/MbTV09V9VNT7GLBF5h6GtjSuD+CxUJbLKMj1vvHlkjmgWJWuyp/rsHXyf3ge4amI/8sMFoKd4yyZN24GQ+8bjwO6MCe9yoblvSUt7O9B0cTmnS/9FgB856NztrKaZKJtW2Vx6xbNVTHgY9P9ymVWbyhwHUFETDAJ0U6PmnQK3awgzVl6iVhDQAI5qiI3QtDrN3tzCDGUhw1fKvNBlflYktiI3BtZ8ZTz7aDwmbZxzjF0fK8rW263oAYbIdEAsSJjL5b3i5NghWzfCiIPwqYbOP5ue8LddlD/Tv/zrR0fY6HT2iEHCsVnLbZHiKcHRvW3j1Syv7/42DcPKRVU8fWvT7ArJVyTQlUS4WGbU6RaTUQny8Nw8tnxwBf4pSo4DbAyS0J3kNrbOYEp7QU3tzVcDA3ie/owPu6FzS9EqX+uLmkDnUzLeTlJn3L/9M6BzLg8sgna3cxHTVALqrxrhMcriMxnKEJtRuC0V1e0E0wR1dLDmBYflL6AJOZc98+dl5a3cxnKd4IN12exGgDGCHiwNgLbhmBjDTytNL5dZDLUB1hDp728TZnSRkf4us7cbOklUHlkHMnryqPgKIy76AjaW42PrX8EwrzykT/fPCTGragdtvClMTOqD8gGozrixKsd4NDGoZNhyiYVNhMA09s9X34xAmjgJRc5e7wAi5Vw1wy0GoL8lGsy8RWTj9MsHSL0Gn02zaAZhwy/po47CB07K43xPHnaF4puLpwlBzk14Nx7N/rOgdXAmzUTATryByx5HoeT/qxqrZikwp4+FiJeTQ4Xy2fBv/Z0orvcXYb1KpmbqOICk2czErdCPbpMrLiJ2pdikrb+Spu76MQwwaNr7FiNDYUYvJFvdu91tWcaNPy+t0/cdbQhvJdzo9d6uVjshuQ8wj+ILHs3dDCElpX3qtauzL5mkx++NrjYoQekRgxjuEIO293ccKIpNTi+UpcvvSHpxDk0w/zm6ZwjS5vJ0WY1cqou0q8Z3a3pVERf3oo0i8O1PhUjqBTRoAN3tOu7kH0CjJsB5bVdy9s83AkmPeQoWUNSjsskUxL5xQ3OuI91G9N9zwPDW6cZzJuRXS7o0EW6QrJka/YJ9Lq3XxhbGZml723m1d5OjC9Bj0uM43Z/Emyl1AvZH9dUvN7S3g6sle1dDui99/7wyENRuQ05qfu1dy8NjEhwLVvQYQ+nWduGzfPJSwyqSFktugdCHW6bQsQG77Ydxlvi+fPt831uXCTw9PHz48oK5RePX25uPn559//fDb+09//k8/1NWtuLqqTqenx4crdp/72+++E04f33+6vrl6fXfz86+ffvz1w9OF959/FDbq8vH9789Pz4+fH65ubm/vvnq9LhIf7/k//9I//3J6/frm5qpfvVpfvX3z9Nz70sDzqrq9uX586t8+PmnxP/7x7i8/vnt4eO7df/jum+fz6f7h4fWbV1+9uu6nM06vzs1//+v7f/z1Z5bW6fTq7Ws9//5f//P3P3x/+/D0vPd+9epazR9/Z/Ek7btr/PGbVzc3dd7nQutyvjqd+nJZV+v6dGP8tE6rm9fXt099+fnX+7/89e9/++tvv75/d3VVjw+P739///Hz/fXVCUDjcn66PD0/X534eH9fq57u+Y9//3S+7NevX//tL3/brX/60z99+P3xIp3+85/evtpc63TiU/fN1dJOLdo0pIFTTZCVD0JVLSOlDnrhlMMYwO6SL0Y6zqA8kgsp+CYyGtNJ0pYqElS3C6zAlE3FtHoqs6SBwX0d6bu4O3YduNnnqPNm8tcagcdXi2sdqJIgV2hBryDEVB29xvCwAElVtcBWRPfsUTDlJYBeANeiXG5UWpbmJwaFR4hMmSFjJICFbdjkf9sw5CBOYFZJ+h+IsYpMeSrNcwO5XWVrpxhPnD3MgAaHMoLSqVKWtSc3AFRaTkZo6GVA5vyzesnVjOU2FQKUFTzrE65lJCb6J7j7wgoJyZn2ln3d0V00+S5TI5xo6BUuJwPBkXKBlrxhhod1c6iPhyMWw1WiJFlFzKdyC0sMQjFL+dFLRGscKX70p7FvMzUPWAyLeuY+DJDdm5YwBUAL7CEMBqiR/Dha7uh8Bq6aYosgD7bCiMI9CoEQYHGYikVQ5d6xhq8Q3ZFj+OTn4hY/v5JkbgPW4/sIeeqZIWe9qEnuvT0Qc4XgUdnLR02tOmqrtgt0Xuua6YHNQQzccjN9Gv8pTcP20DhsSraeRzlEiVyWeTtAXxZro6oHGOb0wTN5G8LK80NZkhqTIqCxvZqJAv6MUw8/y2jN7VyGYU6eFzkmteuVvu3M+Ad6yr6Q3eU8qF2ORKYByDbfnD9sM7PA+PkyqVWGuLIKL2MFaiwPvZEKIdTkykhNukd+CIWhBzKyLzUKfGFozkW2pDn+J1aNQpk1jNjdlLAWiYbNoI72o75sdyHJHTZAzejLBBEkWE3jjkfJDBINkSvNhnYyHgW6azIYvdQXP9ujyT+GTFOAMMGGdYZMLBQcGT0mFtO8nEJkTldHcsGoE340aFgIH5vOyBTyOE+4hJ6Fj8WMrKMFUBcZuiHUaaid2DrU7DTRhwl0dPkkNCs3ZjmK41JoFte8STMtizEAu10ECG+/bNdZcd5bEgs5D1aAIopvQWlesGqraUZKK2kWChBUda28uYw2ARbW1q7NSu+waq0T1uahncADLhZ18Y4wsWqXowkvTgC5Fk6ybpPGF4/bgos2kvYxBNCbodzjrbLMkRbX7f5Lj+Bk70BUEFSn5btM/jwTAwAvx0p6gNiZsJ5El8lEVlGODrPW+CJApPXMQKr94vxqM85FW+ru9kwH8NJu0tjOsikCbBGwJlFD4kmSm2AJtQmgarNYwqLX0BNsN/J60C47so/ocOCzLrUuOxxLLo87hhjdpNXNxMgC8QWtfWQwyz3V7GOyCEnuvjy3qljS6XTqrbXqslFV58vl+fyMYtWJVail0+3D4/7xl4cPj/zbTx8/vX96enr+7vvXr99eX7+6uf/Hbz//8vnSVTy9urn+w/evPr/79dT1/v58U7XWur056dJP58unj/eX/XzB+vHHn58f77/+9u7p4fPT49Pz8/PDwxOx/vk/vfnh27t3v306P/bP7/X4zevv//Bmneuv//j8t1/uP30+X86X21fXd69uPny8PDw+vXr79vffP3/4/fPtzdXb13ev726eni/PT/sP35++/ebN5XI51fp0//z+98/n58+3d7eLuLu+5unqdH2Nuvr98/3//T/+/u233/z5h+8fnk9Pz7v7cnfFu7v18X6///C4Sl/dXX33/e3N6fz61c3bN3fPT3o6X357/6l1Offpf/6Pn/6v/+///PmnX//297/fvb45Xy4P9/ePD+fz89PDAoTrm+vHh6fuy96np/MTn7v7fHlugvfv17n75ur2+eHh+tXbf/vP/+XpjH/88vHu9pbQd9+++va726Kgi7pOCwst7ctWUQvRoaLmuDldoC5RxB1qe5qmX7q2RgKd6t+BM0Zt3BkFbbMbRokFdZRPM3WjMmaZ8TbOdE3P684YMlcHqsrIboywQZtpMolfAQeM4djXsiAv3GBNa1vqBSuGkmajFiOI5gdE6EVxwV0+gRaHcNb5q72s9UcMNk0SusupfCFGW0y9nrYeO/HP4PajIaemFTYjdbL9QPBQNZc/MxMxJpz4zzwlWLAmrKMjwe6krjgESobjx8WP/p0s09EVDa84VcEMoTCOSN2iTKmiWCVXjw0YKYAk1WBAaXrCQKTfaTKDe0FHxx3TD8f7FBOG3z2GGxqJtpSR4JyYPthBAyMNvDKqnf5qOnlS2BfD9iVXouNw8vPMo1QrcqT5mjzBw+ffDVkKqJt5Kts0C6nSYIrMvgy9Z0BCcKvsGkBavlgufRsEzAQLRYqflIcUgCClj3BApm12BWy0wNqWbPMmrIYOis2T2tKqud0GjPmPFss9xL6nTCdCw+bH4Y1CAxlFwGMeQpJtxceLDXjeTYk0cCADhLqbtQQRDZ7gETq96TXx3v41aZ/wSgoxOQw5ktHnpKmjFLkHKYuEZbhU7Bui8dAGoFnolkQ5Dyz42/q+DqJFI30INBcsxXaFKfUJWdQ1k4hnG/SCeLzUvI2OIIA0HCdQB3kaxDRYnVnFoM+Y7APEIF0XkUx+KaUDwO/7gq6eOQTaPa2Hjve9E2sTQ+pwqUd1tRySZnlCFsdTgYmKCs2DSvdEniGkQmW4Kiz4E55duUX3iZAspIPcbSbYzEc6TlenEujHE9/jALk0HcwNnNbm406Hu6Vb2/w1Es8qmUe+AL585xbKcJqryNnXDYHce9Zabmn4ncYCkBOVFpDch4PchK/ggkopQupL76P12/FEKvcdNoZGd3y6W4o3J1TekG2YjrEl1NKCTuXVMqhaJWWwkXrVOmaEde/UOrCMIT2mSN27aqG7caUMTt2tKp2WV4bJI/68yrJmqF+NLOJmK0UiPGpbyb07+/fioCOglsvFKpW4fM6PwR0U4Kr//Hz49DTQIpe5t9j5iyBZh67phJCqFjAn0U3N7psUDnfAvLqtSSzRSRNYpbbBqiHoknekbm3gctnWPecPu00/BmhTwWL6Ggu9VkFaVSyUy3Zpd1qpkjud+DEBPX3FbRXEm3iFYzGck4WNXRrJzcEt9RWgwK0mcKplKrNOIdQ3V1enVX1+fnx+JpfEWwiqq9ICtFFrner15/uHh+fnT0/ni06fPz+dN3/+7fO7j89b/fHp/uO7j3/5299vb6/++Mev37x6s7Dvrnl7Wg8f3v+nP3zTp/Xq7vbuq3V9d3P/8Pj9d7c//eV/FtfD4/3rN6/q+vp66cPD/T4/vX17+83bN9r6/cPD7al+/Mtv5/vn27vbou7vPz+3ns6XP//pm9ub68+f3v/y7v50Yt1c98Nu4PJ8Wei3b16d7x+o/S9/+sMP33/9/uPjt29u/vzD12/f3Dw87t/fffr914+X89PN3dXptOp088MfvrsqvL67WeQ163z/8O/vP16en+9u725vbs5PTdW+sFV///UTpV9vr+9V//T93dXm5/vnn3/59Pn++f39w6dPn+8/PL777cPj08fnp3d1evj8+f63X3/vBlmvXt+enx/37vcfPvW5t/p0da299z5fnh8AXZ1O+6Lz8+W5Tp8/vX/97R+//e77v/wHz0/Pb7/66tWrq8tan86Xm9N6++r6dMK6uqrFVd37ctm7oat1RZzOe6vb933ViWR37921aA/CcrFnosecnQXPPdY+QFY8iR0i6cQx4Sc3y7611sUHrgIlRC7YeRDkW6jUGQvsUyTznHF53aqK2fWkGhcfFH3Zg5uk/N+UD6QM8MtvhUucTS1/vFQ3hW3tSacBkBC90rAiJQA6+YqmA4KZQgOHot2FhWplp0kxLsdiO7T4H3AMgzwZkpYrs0AeMw4RUibwQcIpOkjwp9N/TEmG0uUM3aYMzogL6IWoUorB3ZLDDDkaHWeelsIK0DMrhsD8cGBmsQS20CDExMYRvQGwygMcPEgtIWsqOsUhGciXdNqu+Uv0sIecIw34iUfIn6TTpORJZKVpdDdRmYjNxO6wlGTFkyaI2z7fo+TDWEwwTM877MRaM+CWxOVMdqxfJ1zaFuI/dmW7rKfn+yMoyBqhV+qo1dh5LCnX+gPM4bceLUvW4Wne8+SaUxsx+xqqZ0+8htt0xlYpPYupBof1GepaNVd7urM0nt7KTA8NGOmcEcikJWw89yvjVHOnJkpEW25tX2A23KvXacnq3uCq7B5iMHlmzs1ZtamgUhNww4Bqxdzll8Q5g6LVteq+WD4MHzYbF3fvHmeXmzbyznT420GwLy7z5EDNvpWw+oM9CFPwQUBolN20PR8AIj+WmT7vW0QA5U+MI5Bal5he9glzGAbCI/kP8NVhGAwaUrp1ompgLuC+bKy1QFxE9kZh6Baliwv5ABvNy1yayC6K5ecgPjnVL+1hUdUncoRW1+isMskQ3PsljHJSIdyULWHaGLpvQRKSeuFk7BxfaC/WitiTK+HLolaWwDObjTizyR317SZFqTWNYWjBWwNxVi+mAWs6xJRGowTBoc6SvBmFbTMqoJke6iaZmopO8N8USeImqgRmyXY49yBrT90evbuxgWpJ4KW3NQP35WtqC0aWu3fBhSNMiTZC3jD7TFLqBk5atMPFDhUC2NLJzRXYcu2giIt/Se+u5pa0liuyoN2JloW0a5tzcLUulREd8+4jJ2dkUVTFTLnbe5OhhZzF0KujOVHYFcHp0ph9jdzlQqD9LCw6ljpIWiFwcDBKYFbl+qIB1CZLpPpigq2UKQ7xgnOpO0mCWZMiYeuS9CkJ1ZJfzj4k0dbeOrd295YynNL0VqO3ACysWmu58KOrdSqCywNPsbiKu9ZLdjwYqsvYafmX5BXvrvage7fHIrdszM/O4KAG+5RHQNFib/MKUkVyn7mFfbn05Vyrzufz06U+frr//cPDp08PV9dX1Zfbm/XVm1cCtU6//vbx/f3Tx4fz7x8eHh6fPrz/VOv08HwR+fr2pk51dXtdp6tPH59ubt50X77+6u1Xr//5px9/+2///T+wz58eHm/ffv3ux/e31+v21e3i5dPH37n07rf3b776+tvv7sg3l3MX9U9//qGbd68+f/Xm9X/8/Vesu6vb169uTp8e9lb9+vvzq6/w5qu727ubVw/n61fXt3e3v/z0/vvv//D1P71Zpy6ebtWvb9cP373+9ps37s/l6fT54fz77/ePD8+tXYVffnpf6/oP35+uVr99ffPTjz8T+9Pn599++uXnX385Pz7+87/8y7/+b2/Xm7tP7z/9+tPvQt9dX93eXDf0/v1j9X6+//z69uq33377ww9fX6/69//+119++vW//Nd/uevXf/37/+jn5/NZ5+fzaS2inx7uHx6fCmxd6nS6qts6nZ76aV8uhHrvz5endJuvy/nydH1/+9Nf/+Pz+w/ffP3t19/wzdvbE+u0TtfX1937VKfT1e31VYHdT48ETqe6qmsStc97b+lkK+/em1UnegK2NTNQF488O0rLcsy2lgKfeZ9BplnsCOrW94wXQrDrgL+dJnEEGZbbBcDyknhJLWIRvWI2IpZXETQHtQmgR6+yjnztfwV6jZXQeSFzBKP0IgVdCpCLa/Hg+E+QywZzdyi63s2Zn0wAq9Q4Qblb9JABclXtfI0RfMewMF2rBr/W7qZzQhH8SJaW7P6VSI1yB4Erf6gGrjOqm7emZlZY5symTjPjHiETq8KBfX3Rx+MeNjXiHb0Vl6PUG6+nycJwtjOdH6iMTgOZNbI8Qq/jU56bqz+GYWaAx773wXgvqMLG9kMTBRUY7a/eoxYSEGfCRbq3gZkuobQduqJheY8ndcoGRtvO6QpejogXrWor2m3OGSWpL0D+bIBO/OKExvLhV26xUS+lbWWleHbvjmo6/7c3xE0c3dAARg0NO+t0oHu8Q9S5VIDCKBQyEf1xilvupuxI2kOseFiVOB2SGT0BIUPOFQ3Vvm1NilXGUfpHyfvLv+B5maON1NYbfULiLYjlK053IktZPV1uZw1lY7l8maiDCMC+tGi3zbf5QV4nxm5OsBa3++JyKQ+h1Zrm2HVzJ3bvYLTQtup2XYiJhMPwjKvcdOhukppShqI29Nj9zPpFhUhjChUgq1KOyZ2Z9xXDXphXHa+MwKrZeWXV4Oj/GQI/DTQp7Me2lkNeqTFAqXg0z+ytsfE50roVIaziGKGV/XnIvzQkL5g6MxigiCoYapDRw0YwQ8ldK05ZyFXk4/tOhwswO20BiBaDyVZXLQ+rNL3ygjil9uvzkAFeVkftaMPRxyAMZ2OG0La6vTmXEjcajCXWUUcWqWJ+gUGnP3vVsq+j8g2IxBppqo+IdDUBbF5DgoKpQP5JpH1zmqB7xq2EBqQOH5UrBTR7On3QJKGZCfSyh6rT7ommZSR0ZkERtZc8KTgiB0nzjGqK8EQq1gnYZZXfLzX1u4uKm6xa3hB/qlK1LhYCUjDGcTf8WhxrdWHaCRMtnQl8Q8oF7i2a809ntoeBVoHGrU5gTry0SKApa6euDNeOHFQ4zjqfNDBhMMjtO08AACAASURBVD26HOw/+0l8YNEhAJNBe3Y7dEMZdikD/Vb77172vrR269Ld7gboXaxt7WhmIqyTTdsCedkXElenAnGqamwStcGVRORYZBgvV2OdaHrvKEDa212d2C8mpYEb818EFeu0TiT7olULa13UUN1d3bH7ap0e+vH3T0/v3n887/3jL58ePj+/+/3jb7+9O616eny4ubkB+XAGxMv5fDpx67J1eXi6fL5/fH4+X9++ur17y16L6+r65rsf/ojz07n56z9+vf/84dtvvpGeLpentert128/3H++//Tul/e/V/HN21erLg/3D0T//svj6m+uT7q7unp8ePzp7z+e6vT5/ukK/Prt3fsPH//x84ebsiXqdBb//tPnj/dPOu8f/vjd3vuq1uurq1dX+P7r22+/f/N8vuiHV5Le/frp3fsfT9c390+P36lPp/XTTx++/uruD3/4+vP956fHx7tX6+1Xr+9uTtfFRd7e3IGnhb5Z+91Pf3v4eM863VxfXS2sq+q93766+c//9uff3v/+4fcPJ15/frr85Zff/vznb16/vj5/OH/6+PjDH7/7/ru3/5//9//v3a+Pa12fz0/X17c3V3W+XM6XRkfKvL2+Xafry+X5+fHz1Wldzs/Pz+d1Ogl7rTotdJ/304f37/5+2Zevv/nm/v7+/v5qVX36/PD29e31aT29qvef7mt5xtG+u726O12ft1pPp9O6Ol0Vu3sDa5+fIPXWKonLAMVnd3tCqJ2OWEkxERuM1Gy0JTxwyUX1ooPfjOkCBpNJqRHKck/GxXfaL530insiETIAZjsHMt1fAFZ+sBN6BSnH2xCBWUdDMGFAhfk8JDr+H0QzspfDCmKl/cj/gNsgs5djvn3SBlLGtAQQlwlY6HaMynhBmHS4jdA41y3ISgnE9XS36egQBoEpCDh7W/rTS70FdPW/+n8pGqdCEB0yhgJJvQ+oprySPiQFAGqCKbkzYoFll/xPpALQ/i9WJtcCjzdTNudmeUpVWh08FWTIXgwZFVi8Kz4MRrQKUvKL85cFmJIEx/7u0RRArVijPOHSTLTTBDCPgyTUKBE6qWMdGkdbcLZpQM735NmscvUQjtFtnWqCG9sn2FA5Oo0l5bEBEcQyT9AhT0XoHakq4ANgVpKm5pBeX+VDqsSuUl8MNaIFhjjFi78j+7urWGn8gqCVhtZOE0pDOwNWFOgJI9W2ndRm0niwGq55s0q7vxSAfdQOVZqkazRtts92C6+4V5dtYq4MEKIWW6RWLc12QpFMb97Em8p5QL5pPDe1Arl6GJwfy77saT5ET49Fd+++mAS1p5a0qJRvXO9wt/JKHHNDgc9ji4vdOzFCL6LywZ3RY2k7hq9NqdRqpn1Z01/e7fJZfolmXtKQdDOhFOgyv3sf56zzOI5woBcq4CfCFb/dqJk6jna33MnUlwZ5OgZWEzPesk3AqAUA2illzLXSDFzYHsw1i+3ki0jSTeTTMtmB3WhoMwKKtJURw4351vl+3rTcLwUGk1eXw1I6JFAkUzLGQE6Gccjh9GW/IUPoIF+ml9wU8qJ5p+GCSAODlS2fSY8vmxq2u2sgtZYIaQczpgcuInF59UW0f7N6ZA5fqOGxJiY0u2PomO8x5GUSRXNIR6CqJFw8K7K4yuzCKsju3dRLl528i1IiVrU5kmI3LHJb20oSr4YW0kO/ZZGqV3kSUJb21kpM2HQbmRcDN6sALz1IiJMJV6dLI6qTbzDzKkCcwMpMcwD7ZF9RozxZUax99oNbBvrMgcz4JxayIEVAL5StUhVBp92nEJcoBMzyE6X1jMe8r6kF+cNl5I8bf9WyKay59750b/HS8njW877s7t193truQeodVce6gVWhbT+x3AF+KnafWNjYa60iqwq26OUGqDMSFTN5041d9I1ys0HQf7H7ZXgZi8ACLltdtU4XLZwEcBUbT4+7e98vXS6Xc+Ph4fz3v/30+f5za//222/3D0+9+fH394/n55vrJVw+f3p89+Hx0meyX93ena5PTdTp6s2b15dnvPn66z/88U9vXn19fny6uuYff3h7d/PNf/zlH3Xav//y669/+49P9w/dfH335pqXq5tbPX1+//53lH766S/Pz/u0rr75+qtffv398akBXd1cf/fdD8/P59/ef3j//sPd269Od3efPz+/++3+ap2ur69vX9UF9Ze//mNVvX1987//293nj59v39z9n//HH29url5d1zevT7+8e/7xp98+fHr4699/PZ2u//nf/lwLj4/3vfH09Pzwqd/evf5Pf/zmH3979fD587uff/r1q7vn1zdv3r5aqN8/Pl6drvfWw8Pvz0/Pf/2PV7Vu37y6+6//5U9v3ry+vb0qPK/L4x++ufvTH795ddMfX51Oq/79v/3Mq5v/4//xL99/9/off//xfMG//ut/un94uHo6n5Yuz48///jr+flyc3Nzfb0ksXj/+d3T01Pv/ayWuK5OmplM7tt6enp3//D0+HBh15uvvv3rf/z43Xff3t1d/enP33319s39/f3z4+PDwz1O9fD0AABVe19w6revX725eVV4vrrR21ev7q5Yp/327vbmVGR387y3bT7T+h4ssRN8wzCR/p+XBUSWnioLAKSyvz3TSQwya2JYRSmVx+aM4xYuxLNYonfrISbBF0ZRGVV+7OpCq9NCmKE2zs5Hq63zqdtqpyeSX2hZES5ZVsk6kn6FRjgeMDAEeSzWNSRpa0z73mi25ZElPRktZEknL+ZFqyyY1spPZRYAWCmt9MEq2rzVPkDKyHRMBuBohS5h6MUsrjx2JmOOc8o6dolC16iG6RDyxvp1EBAN1E32JeXZes6aUfcDB4Jti5BqWW8OGQMywx1oFJSB77T0L8wDAulai8JOUnShq+RojsUdHEEYkZNkShAMz0wZistaB+MBcHL4jsSmlLiUWhaCujX2HEZ9tb48RM/M6oVDOi1rrBn+BUlszPhBJ2jOwyvPYBy8YVHbjyH6UqgadUAUW+73zjeqQeSp4Mt0PVs0cOSsKTjhYMTa2W+GoIEX6gN6TIglJEPifYhMUrQwVa5jFEczBAELoSvLY0Zoy/CGtKENnLL4VvTEEPnpaNm2UR6Gk1KT7Eu20F1lSqq0MpRRLtLTHY6ESL1tw7pV/N3d22/VU1idNbENRFodz9Oo+JogYkIxonaAm6bS4e/q6iUTWvyE8x97ykdtSwoOO14n1o3yHmUOc9/iUbMUreOSDW3yWkK/VkErzq0RAAKcNfqfaXF+P0AjIaOGKp73HvDELKciuS8Aqrzu94gJrGWgr5rPu5mn4uxQMAU6XgiNWOw90ZYMObGjiKg1FTMf9el0HMXF3AVka2WCWL6eBWNPSJkaCJAYwFTlWEPz55C0i8BWwl+uV0oUO50GHlbgcc4TTAB0dwiYqG1/kaPrnA8kLaqTvtK9A8K7Bl7+xZHI031LeKh8qoMzhSFhSZoKlsvBSDFMTmNJ44CgTW/MyIhYErukjfIYsKpVthgBHu3gxLDWLDRYzRYzj3i3ilq1Ni4UVpUENjf3WqTFdAeypdo7TEy0iELK3U+h4hYMM+aCEtBtOtOJyihL1HUCVMVdMp4vVlWdlmf9+7x3LadWLRDc5WN6XADizOYMinDbC3en0c3ttZg7Hfo+kMQUs3fSDagM3u+ttAF7YqPXMlw2zt27+7L70rtbl92X3S32Njxi720lpao8Y6AAus26eCY9gsgtFqvI8oZS2QqcUGyG21BPM0tDxN7AwqV1uWwpO4BNt1axVp0K80/xDNTp1GJvPDw/rXV6et7/8fNP//2///vTZQO9nx+fnx+ur68ez0+7m7x+3pfW5eHx/PHD58tmXd1dHp+2Lo8fPpPr+ubq9tXVm7d3b96+qXWtC7H7zd11ra2Hzw9P/cs//v3D7++u1+XD7+8uGyi+++mvH3//R9f6w7dfvX61gKvP6ks/Pj49/P3Hz7d3X93eXT89PT49Pv71b3+7vr6hcHV789v7d3r/+fHC5rq6vd6Nh/P5+u7Vx98/Xdf66s3tzc3647evX92e3r66unvzqs4P0P786fPPP/127ucPH97d3b36+Sec1unb776l+PWbux++u/v27fXXX7/9v//bq59+/HdW//z27r99fPy3/+2Pb+7ufn//+T/9679+fn7+x1/+ver5+fH98/nDw4e7P3x9fXd3+/T0qH/+Tn1+dfv2/a/v39zd7sfL54fL/VP/0w+vvv7u9ue///KX//nrP//bn99/+vTTz799fHh//erq/PBcPL19c3W6Wur+9Pn+0rv3pbdu72731vn50uI+bxaeL2fY8NGXq8LT/bu//eXpzdd/eP3qq8v5/PrNK6Gez329eFrqrdurG16e37179+HTx19+fXe5nK+urgslPWvxD9/94c2b67vXpz9+/92r23r9ur56++ruet3c3FydFrvPz5eG0p/Svd1eP3M+Wm00bVdzsFuyNAdfGUBxBDJCzWZnKD6rLKKM1mC4jFTlZHpuvdUjQ6JMRfeq4QDuD8z9TFBQ9DFlmr/5hmEaAKFr7Jh9YAqRVe3ep0j+A8QdTDLOY4rFzNYC40AVWl8MB4xilPnyHS3cHCgLpCXIT8Op2TObSXWKdTa7xgSDgKJ1lOMd32ogePr5Bh5r0nYMXBmP0CFxSZaD7/0S6M+TeiGr4KFgwSB5bTheEhgR3j/TZMkqqHigdH+8ipLi5+nRLzx+rrhTEtHLCG/zBmBm+YcwdOyysqnDSTa4zS0aL36ikUdBok8vYo6hhkO/tW7DRx59VM6z/m5yX1eSt3WpF8iinI+X/D+CY/5UeqoN67TFgosO2xaA8leMZwn5B1ui9g6RNcM7aO0U5LYboqcJTpZW4b3ESKfAwYA6tBkqvaQ5P+f8g5rqlivJxvZ002FLJcgOAp8o//nCyGd+QILiZeJMiA/BdprXWhsqaq2GFnf3gr+GGYbY9AyM0U0vVNniRH9cuifTHhQ7FTwFz+j/APM+4cjkr4Y7nyzO9ei08+djCODgeCO0eRxdtaKP+MwSAI/GRBsv8BIDX3p1ppTlt2qimnDl+OM+f0M8twCGzBOrFsneO79RhBupdJjVZ93V9FklckINT09Shv7NK9p72wvcnXJWmoIuGlMTbH4vZAQUAbI044r3xPcRh3z+1dGmIWgh48hyDu2YeOGcuYeu7BQyc2HI9cHBAEdUzCObYgDiokLqLkf5NPQjhMSbmUCg5ZZHDeSbU7IdDqAYNlsexhgjqLXaiBcQZ0G80xYJppOoNAXIyxZxnKVoGQfQNKNUqqlhtgjPDxuqMmeCh2f7848ONWB15gwx17GkGOOOwTc0//dHsa8V3VrQGF2qq7l9idmLK/HQf74geNWjuP0XTftBYG+ttWqLBFfp3ETaMKZPaGKm3IK4HRl3xxqb7ipfHbPpooDFPpcsjXsBMVFcTWLVWtlHC6KW/H37AlaxkuycdaUR7yCtWqCbtknE8Ka5aAjZ53RAoZY4zcqzVDD76nargd1SX7a4L5eWLhsXT8Hvfd77sntv7d2dskDuuLk4d8su6QUCJ2hvFut80WnxtLj7Yq9vOc37n2OAV96qWpcOCmhtEBdcLt0eBit24+y3w1rCvjRZN9dvvcP3onW5RCup6vPz5d2v7377+cfGuYn3v/72/v3H895fffPVPp/PzwrPOV+ubm5fvX5z8/r1XnU5P/Tu29ub7777/s3br8R69erN1en26nS6ubl6uv/4/t0v+/GzdP7t46enx09rrTdffQ9dnW7w6f1vv/3608PzU1++vVx02bx7++3pdP348LCfz3ff1vn54U//9N3Hjw//8ZdfqtY3b19frfXw8ND7ua7vaunq1A+P+3pdv3n96u729u7q6nrV9eL3f/7mfN6/v3v48Pn83dend3/76fffHj7+/vn27emPf/jmzetXp3X6+OnhX//03fnyfCr8+Y9fnXT5/HS5nPvTp88Pnz9er/70WVX8P//rf765ubq+vv5//r/+65vXrz6+f//0+fmHf/rTzd3d9394+9OP7/7+159e311/++0tlg9cifXdd9+cbq/efHXz6eP9h/eP//Kvf/rnf/nu7cfbq+vr119/hT6/Lz48PFRR6g+fHs6PT6x6ffuVrltCr76cP2v3WqerE5/2BSep+3lfeAb0cZ0uDx/Bfb5cHi79x8+fn//xj1/uruvV3fXX33z9+owq3V6v9fqNNj9/vv/48feHzx/Pz/endXp89+F0Wr14e313fXt69eb2z3/+47ffvHnz+uqbt7ev7nh3d317fV0FcjW0z5LcvYu9JfWGjrWzu91I3+a1590CTrVmEeyUDQ4wNk5aee9njCGJa9aq4rPxX/MFgNTyJlBEopn/4xLr5OuahNRx4Q9kW0HEK6XgiKzpXLPVv6e51cGYNVK2exIV2/tRnjBWTWdD2u1XnWYEtxOaXL08arV2ZyzGvCjLelPvwPgMKkC5p38if9XKilORMQMGvThLGf31kW6MKZ1u6O3cX+BCG7D8J4omErusoqDRJ3qNe55azJXGFXG+MOO+B/6kzhKUlLK+H1GFD5D57R2uRiLLxDrsaKoH7rr0w06fbbTgfF8Ksrrm55ePwfHaRgw/wfhYaG286P7gQAGX2SIoAhJ2e6ZOXFjO0wqwo5B5LUFASErONkoWhI1sorJqncuQJ0NlDAdmG/wL9AvRVOyozYOtNDNvtwprXB1JobKonWFeknvgQnjCkL3RKzWjoEY/3tLuzmg7zN6AXMNMnLC12gAxvBGyqpvJoykXnPzSma6AjfwDtbw3b5MEqzI239eo3IanqjX403y11bqcPTCDdhn5wkJbcoHUuO+yPVU+1sS9tbV77727N/Zl+zsN0ss1HfIyzE1aacXv+Ik7esBx50hOvSvigh0kFIM5jORo8SJos2yYSbXrpavA09nT8F7zKP1ObWSc2qNLN2Z4nNKf6Ubmi04B0VChRw3PSzZz9s+OQ8rE3+Y3nQFItlYQYGvxmLTQPpoBJcbr3Wsci75LbjVAnoWKaB+R7vYarBl95KNvl0ORWMfuAmQ7jK9EzVljCswrTNW2Hw0Do7rZ28CpqRGHhhF2NzwQXa3RwFPXM7yNCV6dIW818+sSWBi2PV4kQRsVdUjCxY3XBD2DTR57m2ipto42TJuR9dtnnFPUimEm30BQ791ZmjlnOyOs4An5lVjoWzolX2plPvPGWuZBaitfprPN6kXPeNgEVLs8ncab1tqrN6zBe7liux92VRU9hxRVrAshNfpl7V00KDHjy6j4fBWDI3Du7r0LmcImoHASdWGTm8KqlcE49BhbkZfFVO0XT9UdKzFQHgXi3cy+RoC9CQQ8baDI1najthNT5co7a21gAIXSeGjlY9R0KVOYsMVL93lfDIH60hu8bG3gvPX0fNFWi1vtSTvp8TgeCrgs4hT2Gac6obDgU9QnLz7rjWWfXv5fR2tL9ukWliKMVaHhUIfyRCSQp+urq5PfXpNcW9fdeHp6/vDx3bt3Hy/nc1+enp+fPn78fH44Pz4+rRN++eWXx4fH3pfn5+fPnz7vS99cnV6/vr66ffX4+f7hvH///X1/fLy6eVt1BTxJulx6X7Qvz3Wzv/vDm++///pU6/27/e7Xzx8+/v1yuTw8X/7pn/706u71f/nP//bb7/d3N6fffv3H//XwqQu//Pxrb/F0+vjw+NVX39/e3X2+9KePHyXe3F1fLri6fvXLrz81+4cf/lyqbqHQ0qePH9bp9d3t9buff/7TD9/9yz99/fH95yK40M/4n//jxx/+/O3337x9//7Tede6vvnq7as/fP/6++/fvvvt02/vrt/c1fr/c/WnTZYlyXUgqIvd9W2+xpaZlVWoKgBks4VDmU/zjU2RZouQP3pERmRkNiF7SAAEUKjKLSIyInx9+93MVOeDql2PHqCQqIxwf+8uZmpHjx49iqUSBorLRS3HftU2Zdked/f3d184LE7n04dfv7RNWyGWofztb7/bbZcisr5YIcIwTKEorm8v4pR++PHLt9/CxcWqez5O/XT7dnH5aglpWhTF+v/0+3oZGLH/5/fXq+VqvXy6e3y/7VGLtq3iNLZtapuayyCK05DGoZ+mSEURGBEooKaiDIzH0xGLoADD0JcACMUJYj91dbsMy+p43k9TmKZStDif+7HflYRFqOvQTgUVdTweD9OYhjgcD0eRJACASMx1u/74y3MoAiEul4vVpr1+tX716nK54ItVu15WdV0BqAjElIhIEihE0WQmvaIqKQkKs/MPRAxAopOmiMoGGMXxtCLaCBl03thwggCxCbwFfY84mWIyfFEA60NSb3vErJKxHyFi67JHREBBRdcIO9epjOZKQbPBClnWAs46A4BNSnBSzOCnZoU0qYEmYyWNCMoYMpMHHmwtIGcXMkUK6BSTO41l7tu1sn7a2bGs7KTN3LDv7LldBaiCflV5VVWY2x5m4sXwrGu4naYCl/6TWyRrhu82tgWR7FUBWa4ENrJJSQ0OZS8jJWRFuwZUI1gMxauAa/od/XpG5vp+l1XlY2EuFECm7P2B25LwXC8zgZ4CmQJkpt3zbzh0A3OJRVT3VbULNJ1niFHyOOKZhQTHyqrq7E6GapCF5a6eEIcXLwp1l8UYe2qcil2RmTNbWuNYi6zv1cAQ2oGNrgGGvBFwzjH8bYPJPbIFv2v684My8vJFQZ3mUpjaDARBzM1/GY7OpkGGm0RSLtihl/vnkYEmE1H/LUucvF5CX2kCBZIhOUH1Rk0AJExks+qs41NVhaykCCoMoMCSkomjgVmRfA5tQiARjZQwoVIisDGF5ljqpQTrUVQVP1hzzcaAnoG7JGmKOsWURCdn/Q0Rq4qlEGjSFMpTZQEyIw+kkpuPMGPQGdRkChfm5QdmM0Az15+z75f2Em8HIAA1ewN77LkbXz2fxjnBzuUgx8nWzWm7UBw/W7DxESj5NXtyj17YIQ2Q+3NFFUFsTJsvdrfD8dGQquYCKTaeKnvs2F53/GOz1EnRh7aoivnKzNm+NZGYoQ6a11FKVl/zzWY9ApaEGQHrVql+Kpi2DDPFDnnHosds21iIucTlgfrlBaUcLyBvbZOeiKv5PVb5erArArJ+KSLT95t1bZ64LjYlXSCqlw/JMyACMhWLpZMAruBSTxtQPaBbtUid0nXtGbhlEWi+OQ9vttst3VAwxp80zcbBXpyxzhYFVfIn7MeZ8/Xgck2TqyNiQgBBsE4RsKHnmMc5+6ABRCSLhxhMSKJAiEigQkgph8Z8ViMhRfWga0PFMGu8NJ9SJGaJT6hJ7EMjKAomlJk/IogCCuY2DZBYISETkT9tIUIm60BDwkhmBeGcjJFY1vOM5L7bCABMGL+Ke6rgwyr9mDGBHWiWJdhpYm9HNDkJImJISAEtniSrKJrDWBIBGCaNKinpOLkWUcVIT5urnbuu7c0SkGn6MSVm0pSALEtIqpxUHQV4/gHkcQcJUkpWk9coAhqjRFAGJOSYhANJmlSgqZeoXLYtUTgeh+e75+Phfui602n3+cvd/ZcvTUUlQ9+Pw5gClZvri9V6oTJKWhBhN05d151PQxG4707H42mMkLCs2kVRNVeXr0JRnM+ncRybslovFuvV4mKzClx8/vj+4f7h8e7z+fjQn5+e7u+7cXr6tL66vD1tH8YJHh7uQkEpyTBNmmJRNNMox8MjIlRVs1o3BDgM6eOHL6GoIlRF2arwdnd+9eZNUYQxwfk89t10tayLItSBa5aK8e7U3ZFeX7dEiVn7836KCwC6uqib8rauabOsVk0Trorj7nR9UV9erneHbuj6IoS2DG1dtHV9ufkeRIuiutjU++2xquvFun344cOyDu9eXzHp8Th052l5c1mVxfVFCwp3D08/vr/7Junp+VAVoX7YX1+2u4en5aJ5/er61PWfPj9++XQUjaGuOYW3r25fvb7igF3X7bb7vu/6KU7jCMhV02JRrgIrQJqmNE2A2Pcdh0KjGUhgilNMe+kVqECg87pr2mXAcIrj8fi5CKmqeFEuOpLD8ZQ0Bqw26+uhrMb+vN/txmkKZaEgSXTsT0/DkFIiBeaKQ1EvF82iLcry6ubqzdvbi1VxcREuN01VQl0xE8qgCIpMos5JBwiBKaZktgxTmiRNAlKHQEgJYkBS253GDaNC5skUALIAHdkcYwhm2T0arrNw7rSw+lDDXBxGMHJN3fzAVRdmmenFBA9XCXOtwWGPk0gepMS6oKykbJ5IPnzTySo7gzy8IoAoEDlPQ1lenYu6BNa7gPnAd1kwZc+SLP3GF5bJKCvSfIYD8CyQN385gwwGdcD0uF5xdvUwzLVDJLcvM97IxhrBC+y1+2K1p5cFCOrFlPw5TsDN9m6KqOQzgxyjqAVt+z2mr7GLZmcPI2Dmxw/G8WViMidvWXLkqBxw9qO3XzDe0pGH/6njKMq+PC+CHbWsTRVCQiuaGlBwsA1qQ3gEvLVLM7uryY0WbIaxZhrVMqasJjIMoQ7InAdG51DJp4nlGwLPPsx/BC0lzbDNrXds5Rkss08lMC2QIs1qdUugbZHZqa0CPq7Gdo2jQ782k2d7ewq4s4Vqdri22RI+34ZAwQQydifWD6tGmCuATf9VIZspaMwrAXklLykCJhslqyDKzCZtFlAmQAiiSAwR3SQsEqgQRFVELQIAMKskSCyUO98ox4qvcr8ZkatR8KIqkkQhek+eRhFREQGT/UwpRavRJPBEwXI4T48wScptSLaMbJwV2rbBefqvK1WcwJYs80kqCsrKzlsDAHqjr5U1XQKfxRdeBvMUQ70QBl6hsU9FJzfVYaWBM+fFPZezJZt3gq1sq0sYUJ6JQwVxRX7OT8R/2IsamoOAqXZEUFAQgUgpN0ADivd5ewxURDQ3ZZo3NprQGlU0EZA1XmdROEoWX7ue2cvCrjeDr1NcUBRSNv7co5zxupQHlpI/LUUCJPvrCwAAIABJREFUz//F94VmeK8Kar2iqNmO0igda/uxWxeXhJkHlJe6bLyHHSa54myDtDPfouJjATGfTXmsTr6xHPPQiz4Q/ITyXQ4OugHQjeQd0eZKKwEko2Jy4M7yb/X3qOhlcOs8BlDAKGp+1ICAmMAC+JxTWtaHKKDBQju6nM+McBTUjXMArRJtObpXIJMQgVFyQF4aUrWhc+CcEwDYqwcAmByNJ7IIpG6M6UGLkRE0QrSwz0QKiskqKuhzklGJKHBykgnBTiyxDmC0fWYtXHluBnylXUVws1NQhWRnnfgxiBbi2VNOO3sQrJXcRxvm8ouihcckEqMk1aSSkkbRFDWKJAULNUksl/WRuzl+WTXdZkMrarB9SqqoIoTIxAkQwbWyyWdRoqBhoYBEiFEigqU5hkXSlIQJQ1GVIfiUvYSn83jYD6fz8Py060+Hw+FQV2VgWi2XBFTXgRSOu11KMvbd45cv3S60TUFl1Z1HSBOmMU39p4dfz+fz8uL6+tX3CRoFlSlun78kIRG8vbm5vty8urlYrVuEdH/35V/+5Z/u7j6NwylwJJ3qpmpXK4h6Pp/e//yzIoxpknNC5ONpCqQiETEwhfPpWISy78e+O7XNulkslbgMLXChKXWn8/3n+5tXr5OGsYdpGMuiuL25pOsNxu7u7u48DF03/hmmd283ocDlqt3v+ouLzWZdWwPJ9nk3DdN62f7bf/vHi6vl0A/bp30ZeJpiUrm4XPzmN99OU4pTDAECh7E7nbbHflFerqtXNxfNIhQFHrf9w/329molkEDl4XHX1pUwPW+PaRwA4B//6f03by6G03m1SkrF8RgJF+++fbe5rA7n4dAU7767GlJ8uN89P7wnLttVqJU//voBUiIsiiqgJk0iKR0O+1AVxMWiruI49MMQKIGmIoRJpyRx7LYlAZO2zWK52ozDuTs8DB3QRVGUJZVlnLDgwsyhCLAfesExMKniue/jMKU4MWFdL5BJJI7HcThuk+D957uPv3xGVC7DzZtXt7fr1282NxflekHLpiqLEOMECqTBokoImJITgopYhAoZY5xUEhGFgm3Wle37QC4VMRXETPH6+WZQNjcKuc2Mk6VAyMymlNCsmtHM7hqxTFn9bRHSHQNBcqeagiKJS6ddUqEwj5lHtS+2yVbOpThRa21uBujFjSSNOMx0oWGDTOYg+NRKO2Bc35RZPwUX7Knzf24ubamGCXu8NuncMLLzNy7oBFAQUlIxiG/cvc+7UiS3Rss1YHgRLBjYtxiJSGhWLRa9hV2QJADMCADA9uhy4oWeqJG+PH0/bhEgB195MVQw0yIXDKmN4fW/lJz5QD4RzQVi/hMva2CyE9bPutxfbkepOKNjURbEcY9F7ZAS+CwaR9fqZjeOyFVcPg4z1hRVBbf7IBu55h17LtoX/3Kv71jLvkGwYK42eWUZpkkq3tgKjpM0r5I5fzTeCWyGPAgmZz9zwUyzKMwYT3NPt0KF1Qq8DTHrQEwNkMgNd/2TrakgJ4e2f0VdcTbbe2lS18IJeKejSgIXrmcAjpbUAqGJ5FQViVh9xXqTPIKqsvvDzGJ2FPsWVDZ7YJEESMiUJAF6kdFkc2pTQtEmPBuBahooq6SlBCKCyYRAQFYKiPlmLE0SML7Z5emKKOILzTJSJ5JnfpUkJ1zzDGZVN5hnqyJ4HuIv1HtY0S7J8xxbFYDkmjJSzG0D/l59Kzg1QeBiRI85mjVbWXgHHt4URJXtmZixjqIXya0aqinT0Q50kgkHLOdUVUAHzJYpmP88AJKa2QOosBUM0cojqtbDpepdjAqImFxaBk4SaF5amryGkSGiAKpYDxU6QPfGWgT0vNN5botFCuCNMx6OLbnw9D7wvEhUc5D0/l1PWcHzXMnEvJqeNZlwwoRkkmG6UwHAdo54ncH2ug3LEUUbTAUA6Pf38sOeDMg8ZB0tvVPyDg0QAZrDguYsQP1cYNQEuQo8h5icRQiotVXkkikigjjzoFYhT576mcVB3qgAkmyqBtjVETjvIwqiErw1y4pFXtOUlDAr0nLKJEwsmlRoLpJ6DDRcjGBjIbzFW+cmXBtwJQDok3YV1QZnqRneeVopYgZOoLlgTezvl1ASe95JaPMlQQGYXAvk/D8gcdZCQmIkH67nU2ryEwEbLkOklg9pRDajqSRK9OKyl+wcSQLgTmIAOMaUREQgignyVRRTgkmSDXC20cFErvmywEtGpjlnZyUJLPyAhJgANIklawk4+T0SEQOaUkIAQigEBuIQVQOjxlgGpiqYuWScpqquUj+cz4c4wel4iIJlGa6vvx2GVBAs2zaEsq6r4/EkSYbhVNelxvG///e/f/j86+Fw7uPh85eHUBFr2u73KvHi8vVvf/+vm9WFUHnux/54GmOvSGVVbTabNzevy4r3z0+//PTTYb+9f3y4f/gc41AEQuCqbG+u3l6uV6vFIkn84Yc/jzESYRxjWRcSx6JqiqoppRqGfhqjFnyeUDFOcqQQms2iqGuNkQCYIMWoVK42l7isp5iGboQU375ZTpP8/Mvnumkfn6fLi3q5bEjS08PuD797oykB4XLZFIHrtpFpqtpKEzIXq/W6787TBIhFSti07fnuablYfvf965Ti88M2wHjeP9/eXJUlSIyf7/dNWTRttd8eMdDr29U4jPXv36UEv35+YkJJ4+P9YwHTxeWFcrh7OJx6ubxc39w2batf7n4hhpubmwRKUPW9PD0/NW390y+f2qYF5LqouuGcVOIQVXmzuSqqapjG8/koIEiSojASKDJylGnqjz1TgnEcuim+vby4xdXlabd/fHwsynPZtFXZEBdNc7mVGGMMoay1Nia6LisVqctQEANx15+mKQZmJKJQTOf9fvfcNC0zDuf+y/viT229udrc3m5e3yxvrpuLdagDFIEoBEhaVlWMKalEFYVCFadpAgRiNqLEAh6ip+t2lLK1eVImgMgpE9sYzKjgA2CdWVBAo8j90FRFQdsaqgB5DrHrcBwieEk900YGZAOQ1fdAUNn8KXOe4JAKZloWMnOtaGhJQQyzWRlCZ+znzpVWVMScOKgyOvx36YMCoM2sRL8Rkyb6GFcB1GCHCvgk25nw9aiIQFYVZp39ZD1us7mWGXyw/IL8gFckH2sLpiu1uqx5E6gIoRKxDSxXFTLxLVttw7q43YbJzmcE8zF0ZhSsCRLy0GZ94VPsyXtRAj3+OlmWj27JpJ7D1Xz64cxn2llmPjA+sssZVWeT0K1VUfMLEA2akjXTwuxRAmjg09q+3LPK+qlgTjZVBUTQpjpmDlRBclOH2qGrSpYMupl5iiJkHWpoxj9GXwkkNBPTXNYCUHQjwJlHRAAgssZJz9TydRpf5sBfZ84+V1scBfjrMHUxAEBCNR0s+FvCPFwo50IKokYRm+94EidG0VoLjIA140MCALKOuOyMS4ZEvYqXRDN7ZSolYiIrpJAAql2PIgREpZzsg0JUCcaHow0lUgJUEnOlFEiYbbbQ9NiG7X0TuzoD1CYdJtsD1uhm2EWzw3rMDysPEFBQt9tAtaPZDV5cYTPnbS4LyzmsxS/XcSji3Ori6TZkGt4kjFZ7ENAsqoOMvu2lsy0qA5SZIybEPJTC+H5EEKtN5LxZnE23LeIFJFLKw0/US1OAjsrVxP8u+1JABnSrB3AtAn7tqm+jGBx1gsN1nLU8lCsT1q1q7dwO8C0nUDWWn3JXNuakhyw9dLrW4zwIZKSKmOsednWqOA9EMXMeB4+q7r8KGXGJA1zLrQxsZtyJal3t6juAEM1R9//gZASA7MEHUCWpyZrEL95WIyoKmSkSOYmVx+Nl/GxvR5RMFSmgXr32sZgiyVaTqXKiimjyRFwhi/n8bVh5RXMPOvnNAiAktESRAVSVwdR8AjZyW9WcMdFXMoIqJFG0EpbNVnB+w9M0UkDErF5FFbTdBBiJGAB08mehaB3CYIJ98NqUmnRHBFWSMz4qpChZ0qKAKhKNXDBxjh0D0bq7vHgEAKCCosxWfkiEaGa0yaYF2mGHAEDZ00IRIYKnFuQZC3hzkity1Ob95VTcd7rE6Nm4GAiBaBFE3SwtJWtrkSSqqlMSMT/QZGohC8Vkf41exvT+5Gj2f6YsRUwgnEAZo7UEKpG5piuSKhEQlUhBEAKHaUqjcEqVCCpA2yxDgClNgLDdnwBSVJVz+vLh4fnxwVb3xebi2Hfn06Go2/PuCVKMU2yaNsbUD/3V5epiuerOJ0lxtb5IU30aummchmlEOdWFhnrz2z/8q1dv3o0xfvhwdx7gcrN5vbkp23qxXL2+uYEpfvj5z/vd093n92WJiFO7WC433y4Xi8DFermqynLsD7v9w3Duxqk7nk+kyhiKelE19TictrtnBSmLomjKUYfFYhFj6oaxBILzuWkWkmLTlstlO45js1qvry4KqY/7009//hEVX13/YRpPKfYSqW2v2lULcHp7e9MN0i6alNLj4w5Ul4u6KsN5HO4+P9ZN0zb1druvAj0+bCHQMKX7x/27b7+py+LTh7uqoquL9ttvrkHlcDwuVuU0ytPd89XV8tyPwzB1Xc+YNpt2GKcv94emrndP5244rzdLIaWC7p+O/TglxUiU+u7Nq3WzWC2qTZS4259Xq/Zv/va35+7N491jUTT397+eh/O7128R+P3Hj315Vg1lWZ7O5ylJwaUEiRJJGRONYx/TUBSlajoetmVsuR/jOMVJri5viwVN47kf+iEOXehW6ytAvrl5050WANgNYTwdTt05pliWZYqQNHFgFUbSJDbFUaoylEUpcRrHaAhLtnjcnh4/b/9EVC2q168vv3139frV4vKqaAsAkSmlKU0qgMAcWFXLkglQRZg4mgdHEu8gtpYcUUQgeGklA8xH2wyMDSgbY+2yFgVSNgWl/6wRTTSf1LbTbbNrPgGtWC3Wmai5BguKQnY4ZPBuBXZwYTU5m+m7H3OUUw+/his9QZFM+MGsUXWnbyPvjB3M0hxgtKliBCDmLUwgPk04n5yYIQYSmAczoJP5Dj1YS/UCi6qS2gQXa5LITwKFgDjzRJBVCMbhICYCpmD6SjdaIM6WnzCXdTV3YZj3msEZZ8rsUTC4PgrR2ybYqe2Za567fL0qaigKM9ByBT68/AjMhnwGhARSLkUY6kmi2fFBQa0ujrm+D8E6dj1+Z/9sF7046QsCeaSKpxE2GEOsdyQ3IfsXWN+pgZ6kNlNHHYPZukp2eIIvPv8Sy3gUTc7kTXROAiKANXNKFsl5iQAp+8uiQ1lLqwQAzGhPHSG4HZeSd/r4se0ohxAIJObi+9wD7D1uNoFJ8kPSlBmvmOt0RmQmFBsh6WsKAQ2sEBOIZ85E5N3zgDb+L6maXQCoJF+PoAwgglaijIQkAjFJLpWRoqREBMkaUSSrfhFBMuyz9ezKnyTJpR0AAnb6Wkpvx7YC2LQAE6Wj42I0RTwl21YZUCJKJvj1JXtCh5Nkpk5iSqIMKPK+11yJNJjv5RxAM0EzbxkHsQjkKZyxED7jxPh5VO+ct8xBPFHUef6uubTlck/2SFHNsckKVyIKZsHidS10itwMcAQg98c7d4GKIEgAwp4quQYm36JhU29OzdvVsyaT3Jmk3na9zGm5E9/g5QFCMFGaJa7JdGegJu5BLyciu++nrXMBBWXvjbGVbwDboqwkV+/bTpF8CerypqSKatY04OWY5MUcwBz2TUMPCchHKqk1yEZ46UJTAOdT0OyzrAPZBCRKICCkCExg7TzoMdsfAUKuq3jsQkKIdrR4SmXcuhM1oN4XYBmT5b6E+dyyX3GvL0EASWjLGERszLZR0wCQiAjBnN4oO6YqgybxsgGC6XuM6ZLcwG2dykpq7teQizi5o9bu3eO9RfYoYo9Z5tYRyL+Xw1PmX+xPc90BQFNSm6Rt5xSpCDD5E4DoJ4cxi8zBrG8BNdm5aYmaAiGlnGmDOMNgbbWWtYmtzvwanH7xWjKBpc2IIpCSVZRUrHhkQTJFEaMbLN573FY/vSSX+qy9wMKXjUH0so6thSTgjt1kTURs9qBlKPppSHE8d9PxrCnBctOWJT09PzdVVVTVmHSYOISwe3x6un86PD/F1GuC1apBnBarahrjh59+IelkGKY4nbo+TamsQuov+rbZ7Y+f7x7GfiSUbuiKOhzOHcSuLJtycbt9PiE/TeNUVMWbq/XFZt00dVk1BRc//vDzx59+Ojx/qUoR6U79cDp0GEJN2lSEms77+5/unva7R4BYcnGexjhGlYQ4JOV+QEQEipKEQ8tFMY7Tcfd0df0mJR3G2E87iVMgEuG2aU5Hm9k1rCodz/00jev15v/2f/3/fP/7t5qGwzYWxG1ZXV6uLy4Xr6tm93ycoiyX67KuF8vlOPTP2/2Hj/fffff2/v6pH6bv3l2Pp747xq5Lp/O03R2WyzYhhrr+7XdvUIbPd/sxCnJI01Q2Vdk0wOF0PEWFu4ft7nTc7bv37++Xq7Y/nQui1282Mo4Pz6d+hDhNgPhP//SXRV10p/13v/v+8/v33difunh9dUHEd5+eu25MSQGLUJQEuD8cUVJb10p8PJ5jnJiorOshjmVRc1XqNJ6P52DOi9aPiTL0h+50Sin23bldXjX1ErAY+sPUnyfBzXqlSZDqdn0NJ62KQlWfnu7Hfk/IwExcVWXDFBSQQggcEsSkiqSINMWRmBXwdNiO/ZkJj9vQ70/PX/Z/Way44YuLarmuqxouL6qby7YgSJqoCMI09NM4yJgiagqMiyaURUAV7+pjw2OO29XhyksMAUQ21bQz2kZOzQJ1++N8JprWR5MXtO3ABbYzVk0b5CNi0SJ/DgkJMl3h/7CvAKs154GADoLA1RqKxGQCdAJWmUuLM51g98PGPud4mIXG888adZUbGqx8L9kv34oAnh/ZZ7Erfryk7D+kqkqiprBFQOXMQdjhYj9HlERcXGUmNRlMkLdEgOdngGrTGB1F+uFvZIb9g3KJwxAtADDaS0Bl0DyKDYENJ4A6IswvzuCPYWZRBbTzxleDJVgvWlnxz3AIbrUInd9J5vsF1NTo4tIgDTElT71UESCK2n9TFVQQk3q6ugvB0RKqxW3vBsgSJ525fpNQCSgmby8XyFpkO8zMwgrd/FRNUqMKlsMhgC/9l+xAQJWRbNRLLjIpISSz0ZDsqmUpDoCqpPx00CoZEQTzI7EVCJlXlrlnwA2CvJxlnyMmJVHN32JfZ7/iCQDmQpoiojXfGEeLqu4F6dSxz3RQ57zRZkV5UiYJkiUxrKgJgCBCYBhVgrC4z4iN5khsbScZoFl9RCURWJNNFABRjCklsVzCDLl1ShpTiqopaUrWfmg3Y0SmUJ7/YbBf/JGCi8IQvb5H1sitlPNpA0y53V/R5tuaBaq72RrjTejFKNvg6Cmg+iQixEwCW3HQEYKbp6jDeiDMCvhMBUh2MSNP5NEnFVoMsVfuuiBAtYZLterFy8i3PA8JPcCagMKLrm684I/JqXuEWaLn7dsmUvZbU4/ICoqgKdmSdoWeSLT1PGtMLHlQp8gRLSM3uU4WsmUJFEmu3oLxMiZ7yh1RhOTORuBZt6U9opqSpzqzAYXR4eoJvFh+AESImET8PQllgQvYHnSfASCZjYDAuYuUtY/umKmi6nPuEGzpZmM5DwsK4Ey5FQFFZ48zzc5LWVNvVR/LWfMGBs+kNE9R9AKoAHAyfwJIWb44E1M2YhoRIYFSzsSABAFIIJmxptHk4G/qK9sj60ATNc6AXMdq0S6RF6OYKFcnFNAzEp27iuyMtYnYluR4BciSUjFP5gyUnXwjS8wBkgpLBE9HPUXytNlcwHJl2nafF5+V3Dfc360nICYwzHlbrsyD5rnIOjeYKeSVaP1DmFQ0uemVWKHYHhHafkfvtxHNBdH59PKEHQG8QQAAfOoCIJAZYyOyVd8LLlQgJowThroY0/S8Ow+TUtMuNutx93g69zhoAghVe9weTsekyqGoQlEsm2q5qJ+fDt0wrpZtUzevX72pyuLUxe40DNO4bqqmwnUbVofTan2FIKfz8Ycff+zO5+12p5Jevf1mefG6req3b27P/TDGpFQ9PR1e3Vavrpphisf99nje90PfDd3Q7wlh6rvdYbd7+FRVFWF49+ZdwSBx7IbujDCplEVdlk1MUxwH4AIZBZC5lATdeVBU4nIYU1UvEUaYphS1XhShKIchBi77vh/Pp+Og3fm8XrcKIsRjlNvX13W9LEPNoXp+Oh9O0yh8/7ir6sbKUOfz2fq2gfn5eY9ISXV7OI8xAXGMY3c6PkOKY+xO+4cHvV4vUxr/8sMHgHBxsRCRogg//fx5c7Gs2hr6tH3aN+tFnOLN9ebicvNw9ywid/dPgcJu311fXRETEx22u+p6cxjgy/PxHGEYYVLe7rsYqVld3Lwp+2Es6uLp6XG/76YJiqpVlSmmGEUSTCnGlAgoaprGSaYOIU3jCNALUN20OkEBlBCG03NVlQNT075plxfL1Wa32x4Px0CobatARdW2eDvud8ynqm3jACg4xWkaBpk6O48hcBFKDjSNe2ZGYADmIpRVmXSKQ1cUgYuiO0kau+3jgyL9GsIEWi0X77558+47CDT0/ZlDFQWnIaUpXV4vXl8vVoHGmAoWFQ0hkG8UJ3pyW6oaOzKTs2h+hjNfjbkjTR3I22EsxppmiOl6GLT0O3szqG1QcquIOXyqm+ZYPRmcdycQpXmEp8UzyKmKMeiiCgnE5yo6v+BoFAEN7xk/CF4K8GvJJ4s65WT2Oz7mAByFO8vrZIgVEAUBlK0xwoxAPNNRSx5ySPZQLRLQZAEmQQDG/Nc4dwRbJxUQKto0XwWTqOfzFtCdAf2U8/QG83AYOzCsWgoAVvV12U5OhEzUoNbg7eWSzPI51QWcmXDn4Z0c87PWj8k5O7M/VtPbqjhI82UhnheIaogJkb46+vPRPeNfzaUOB7eS1xmAdX35wrJ6EmavV+uAUzGW1rrmkir5gFQAOz19GpxDfTWsYa+YEHz28rxwWO0AIILcdD6Xszz5EWeq/Gb84FEUNLcIWzqWAxkUUwAxVbc43wlqKMVFTNEbJEGBkg2t8T5iBSCxjkjPggC9pYMMpjKYPUzOZ2z2A6n5/Rl08IvMMEIARZJnokgqEgFA1cRCmIUyCNFY4JQkEBg6AVVU90RVUElmVQKzJDcmUdHk/4GUNLorN/ggAEAPCzagJCGQZ0F2dza3KZmC2ZIxYgXTkJh9OyDQC6VNBmoQ0ESJYBIN6wTVLNEBdGjmIMzWsHVCeREgqzystmloDEGB5p5MewtmLY6qpidXcfYDPBkwWYv5OEb1HikQoGQumK4kt/tTFK+/aS6qWS86u0okERIoEBOY8xsSA5p6BPM0QzRvSIvEBKqYNCKC5U3WrSEoTn6C5sqBIpKbeBkino8BzG47iBnn+r73/aqSNT/iuDs/3ITqfdImORIFl/t7dBdwRkdNljFn+uChNxNIueeHgJKI2TLMBAYaKe7UjyZzelV2719v2/ALzlB1PiFmoaofTAhzkptPGwT0MxLUW4StGdQYa5tZ4gpGM6Xwio4H3lkyZZmSPR8L9GZFpvOgYNGEgkRsvUsiPhT+RR+ICm7EpVYESDYDx6KTxcTcpWPLEgCSMnk9XZ0aQ8tNyXah/ZiowwEFw/oWwO2YyftSCTBGcY4qU0hM1kJkDTgu+bWGHMgqLBt/bouBaOZPUDJNZY3ikmxADyVJCBhVAF1Ih5rtDQDFvBIsp0kgubBtteKM9tEEhV7yt1tzvALs+xW9kxEBQEAImRCBQ1EUpa3UsmkQcP982O8PQIjEi1U9Pp8f7p6H8zmkngF2p8chadPUKfbXl1fffPMmnff7562IXFwsLy8vFPD54bGpCtIUuCwLSgV/++03BMCYViVWdX11eVFX1f3DUxzTL+/fD+NYL5aXr969fvPNallPk/S9Hg/j5rL9m7/5fVWEoe//+U9//vzljgK1mxpF+/PzuTuO3bkuCpU4dEmhfDrsLi4v2k07PHX9MI4pppSgQkTshqGomYiJy1A2zIGBpjTW7SIUXFUlh6K5aoauYyoJYDidm+UmLBdlxU9392maqoouLtrFoi6KcrOubm9v98+H1arszrLd91ehTIK7XXfuemSI06BCiPT0tO/b4XKznqbpuD8Sh+V6U1Rc12Gc+tMZpml6ej78/OFe0qCqMfXMBCC74/Fw7LgMz4/Hqmjuvtz/7e1F2zBGJICAFAEO2/311dWyLZfLphvGbn8oQzH0Y9edf/m4+/6b29V6WSb8/Onz69fvChwD4WqxCASMiEqn8zmldD6fpji9un179+Xu+bhPaarrojudxi4lKctmIRKnaUhJzmkk5KZpBYKm2O2JUM5FePvd70VxJVeBGsRB4qQUYsTLzfVBi6f9fYqyWF6yhqE/nYdjTBERU0oaRbCv6paBUQBBk0ZmRFUmjH2fJhCAceiqsgFgChwKBuDUx/eH8cOff4qxI0IFiorAYbFYvn67OR+6zSK8ua7CZVuHQkSpQAIwrbSCKSBVfUgHsO8k87MAr1S68oHMbEd1ZoEdzTmGQ3hJFbwrF9ElCeqnhiM00znaaeqW/T65TwTcewcyrrdhN0BIgg7CnEFHtEqqurFnhso5ACAb+wNODsBc9Lb789sBtIhgLKIyukeNkvVJiPdXeUFEnFjOA3SzGadzLa4GBTARhs6PBtQJKQQgFFEGIOJAqJAg9+pCtt7OAN3yFgT38Pc0JrddKEDmS40tNb7bTnN7ROjDQb3zF9FDKLjbkqrV5iEbqBhcNeYuHwCQvZrBgTE62Q7gIdp5MgedSfh/+d/+88ufaIbmltSBefKoZmMhC9sI8AKBPb1yCOtCeVA7mXyx+WJw8ELoztRE6vZd83/I2ykYgcxI26ZazPgAnBxTdUiaXKmNAmCMpiSjECFnNYZCCFyhDulFgK4KlEE7qQ1CNUBvEnkb/aWqarPrRQyBzzAQts9UAAAgAElEQVTNTULVD0uHYf7wVXP3iVfcPTnPSMrsRbzhHH0tkRnN2l0Tz7y5VxPmn3MwRGgPIqlLZ1znA9bbDSKQRFNKlsak7P8TnfQHEY1JxR37NKeJpm3w9gAA0JRvb04S/V68uuQL3RcDQDYUt51FCM4ww8tS0AxlMHMcucQFBhEsOpn+x6En+mO0fZjlzZZfY342aqr8eaGTwef50w2ci4rO3Cqo2igXtNgknktmgG7ryS6Bco5vO9C3uSkwMTP2xr8YRAcl0z8YJ+qUuM6PBKy/GPOiVp21NDAT954sZe2UL2pHrxko5UTI04AcBK3JPysBRQVAAGx0q+RLSHP+6emuGQcbOCbPB3RewKCZJcr0hz+il2tXy42/ipGZH7ILtsBGOeUzNthFljq/LwSw6WwCdlDZEnRBnhVafDnaIsivPR9OuTjixcicvmD2OdAcV+whWSDKMdResMVgv00iN9iwP4O52cYTGJjJGftbI7fml+LD3wB47nex1N8a4y20zEO28hXYdnVWBbzA6jKauSRkK8P6oTQXdUSTRSrNNI9tDSRJYJo/SZoABCSKJVPG5avx/abmF1XzDfPCkYIqJoGURAw4CCQwW2Hf127OZmjes0JbpdacBT4fzbBNptAI0KrzCJR72SgwMxECBi4IWUVTlGmIwyjnc/f514fPH+/uH54E+HTqvvx6dzgc7z59uf/y1HXdOAxDdzoenkhTfxpYIqnevrp6/ebq7avLknE4H6+uNvvn50+fvkzjKEPHBCDy/uePx922qqvLi+XxcPjph/dTnBQkqVy//ubdd3/1xz98v77YfLnbi/Lvfv+b64vFoi5Pu/OH9792/akfj8sFjt3u/vPH43532O04KBM1zeq73/5mtd4Q03b3/Pz0BKrTkIjdvaOqmqpdhVABFxzqsmqLsgplVdZ1TBrHRMiLZRvHSSQGxsChP++ZqSioYCxAYhrXbX190UocA5dt3ewPp8vLRmW6ublKaWQm5rC5utjujutNe3/3/PnTUz+mmKYYpziNgJjGtFmvlsv26XF37sbn5+fHp8e6aRXp/u5uHIbValU15aINjw8PSCGU5edPv54Ox9V6FYJeX2+64ylN6flpt1gu6qYehuHyctW0zXK5+vNf3nenc4zp4nJzc3sxRG1rHM798TyVzG9fXwSC87Fj5uur9Zu3twFhsWiXq0XbLuxcrttF3TZD38VpYkRQlCRpGlWiQT4ik9NAEpEYUxr7rq+bdpy0LJuiqBEgcIhpGqcJQZmDlU1UVIaoOolOddMSlyEUhCHKhIhEgSlMKTnJoDCOk4pSwBAKRCIEBkab7qJSFgUjnA7b7rQ/H7bjue9Pp8Nufz73h+2hH4apj0XgzbpZtE1VlEQ5/ECa6XDI4lJ0azIEb8KCjAvs1DPlqO8zdOWruv0lvoRF/xWY2woclJgHDc0QxTkayGQ05A4iR/FOfuQxZXZSm2cOedT362NENFBHmm008eVm0L7O/hjI9aH+ea6fsVnu6DdOiOw2Z9kZ7OWcQbSmapr/iYTISKagIGImc1ImRmTiEJgJmJAddiIiFkzMHAiQgND+lgITI2Z0ygH9r8gNykw0BOx2/UqoxE5l25Hk1uXqN+sYwbBDhrovgAg9a8L8P/k8hVmYZDCBHDUZOeZMIbo82K3/zLNGvV9L+d//b/8pgXqupQZEZgovE0zeWYovIM/HvqgTefkSjEDMcMuPY8pgCFyoQAFcZmsXb6MqCSGQ5VVIjETECOgKF3sCmYi0lNNRvp2TKMawGqsPoCoCoF6utlPWixO5RmaJKuecx85lU6HmKb8ANiHLKHOzlhNNbiFjMvo0G5n7rjLgp4qsYHuJyeR6nhUQIiIRslnJMvie8N2F7NayqASZC0ZEyhND7GJVjWEVRNP6m/lPdNsNEDUzPkiiUVJUjJKSwBRTSmnKRkBTSrkgoK7TNXRlQxzEs/8ZkOcH47P4HI5Jxn8A5NMqwLlUcyaB/GcEYNMKJONIh9mZKvaXY6vX4LQtTIcIlPcF5Y3gvIGrB8h9ldEhGmd1fgaTCPawspsYqOU56EVOmC/DGXJ0LSG+ZPa5cOnpDOag59XG2a45t7Gb1gZBs2wvbxfwpmpw0O1w2axW7aI9pfZl79tS8zPIgRQBZy4Ys+rdalL5pkwmBxZRojl/WkkEcwokKAKmc8M8h1wsiU5ftbu4MY4CArGFbVsc9iI8JcxxCOkleHjtAtC5e8zGF5iTfHuOmikVnd+Io1rArFBM0UbwWUiFXIvUWWhix5cvR9DMjLigE/CF9DHOm8nQveTELr9rZMu00c9FK4w7M5JZsNxiLqJZKmmOcI7vPfOwu8rusDmnNeWjJWQ0Z9iAIs63WUutp0+qiOTpOuZXDS+GTuaWpaKUFUYwc4FzEmArfG7lQeuX8n/XlzqozVVBbw+aO2cc5YuVQRRAJIvmPIigtSS/fJ3nePaijUyzkGLTPNyhy5R7tpGNjiMkzqcFMQWiMlRN3Yz98Py8H7o+MDbL+vL64pvXt6u2fPP6IqAO54PKWBVEOgZCTdNxv3v68lAFWK+qi8tVWRbnc//xl7v3v3w+nMfHp13XD+v14o9/8w2h7g9nLqr15VpUq6p8eth9eXjanY+PuyehRR/L7qRlUaQIXBTffvt6tShlGrvTebfbpdiJ9A/3n6fu+PRw93T/WeIoIsxwOJw4lIDFbrfbPT+dDscigKgELkJRq6D5jHDR2pmfBKdJFJBCIC5UadEuCFERT6fTJCnFNE7Tsm1P3XkcYnc8NFVJSNvtbrVsL2+vV6tVivHXX+6++/7Nd99e33+6D6E4HoeqpKHrFTROcb89DP2YJIUQpiktV4vA1fk8LpaLU9f9y59+/Pn9h9PpxEXZNK24629q6lIhyjA9bU9d1x9O3fncn4/HpLBeL1Xx6Wl/OI3NchMlVov26vqmXi6ZioeHbRKKKdZNvbloyrLqppE1cSiGEYfDnlGXy3q1Xr55c3u1WT49PB/33eXVFWgsq7DarK6uLl7f3ux3x8PuzADLRbtcVnUVFIGZhnHUFK3IZEl+khjTNPR91/XIPEYty2aKEVLiwHXTjsMgEiVp3SxQmTAdj9txOldFWYRyilNRFlVRhqJCCkhIDIJaFAUycsFlVatoSrEsy8Bc1VVRFiIRUMtQM3GMY9/3IEqsyFCEEJhX6/Wr1zerVdM0dUp06tLhPFLggrCqrLSQZq8eMmtJp5Y9OGEGNxb5FVFFQCXLUnK0BcMXDlMog3ayqGgKbY/HYJpAq7wZ7HeOJicb5D9sJ7odukiI5LYcOKPtTOna7iZCNaDsYnnKVC8AITLOMB0JiREBlFyBg2gpBABnNtQvw/U5meJFIUVm/wRy/s1hmBV4mdGAPhMzIlsi4SAeA1P+AQiEjGK/QojMyIgcyOKR3xfY1/mDJkshnHey7MVETA6FZo4LbEJ8/mGzQPT5YxkZ2anBLyZDhPqCd9DfvNOMrgM2NJolEk4vgYnoc6sZoHE5/L/8x//8ou0ybQaoyaeJCXT2W8qnaFb0+peCzvjC3gFYY5+6YyTMCZ4nCkjuCOJryjKw+cGhd7Ag5x/IhKpnoAgokD0CQUFN7gKOho2+kgwxFWzOmWlnvsKXdpyh29ippuTiKPvdlMRqBUlUQVMCVYiQiTHNWCO3mWT5tl+z5IzNwAeRH9xOLzrAd9ADDv0NaqCVusBTIwQf5PAC/POBqoqkasDd0KWZ2LgWOkpKqqIwxTSpxiRTSjGpiESRmFTUZoEpKEaJ1uuZTclAczbtZSHJNp6ejua8lNyDwKG5LXPwpeZZnwlbjDKWl8UNM3Lx+hv408iLh8zWC+cCiCeW+ecwi9VBzQ5mthTC/BUG4Wy8K7pn0BzLHDYZdERr1TDMA1YKxSy2JjD9lWYJW27/sR984XsNHs2VHzB5jry8bOd0vYBku1ayVg+cickpgm9LcBnES1kAMs1AM0XkE+Xy/s8YUtWoIVdZeBUCwGhoVe8sFnVBlc7VrVwNAo8ykgF9TkZ8tZL7b0I+jJxK8I2fr9xiA2XAbHt+ZqPsoyU7KtmJ4zsd0BRMmlNou34rSAC8rKd8FJreTues4iVA+dNFcJlMTj/tJNO8YQ38E3sV2laKU1poxR6a8zUFsKTHFojTJ+CX+rKVdD5/Mf9epic8HyDULHmxHT4XttTTKYRc3/C3hHN2i3Ml5IWIsDdlh4P/kqqNYgG7GNu94m4/kt921tdaccN/17M4SwgsFjnbBGjaQ1uf6pmSvXEUzQUQ98iSfH7p/KkOIQz9AxDMtqTKbIwbCNjQda2ruiorogAppRg1yaKtX91sLhZFRRL7U+pOj18+33/5+Hj/+f0v73/9+HGaxquLzaJpVsty0YY4Tvt9fz52VVkB0tXVuijCFOM0xuF0bsqiO4/H03g6dKfD/nzqNQkQJaSPn379/LBN1CK2l1cXNzdXp92JseiPp2Vbvn51MXSn3fbx+fn+z//yw3G/T8Ox7w6IwoxFUQTismqbdtWdzgQTyNgPfRlYEbkIosShLKtKAQWCDUwgDFw0RdVSCFOEuqqrMsQUkYt2uR7j2I8jcBCIaUpt0xhnRGURp2m/P8WYNpvm5uoCkG5uL0JJnz7vukGqpnnz+mK725/P4/PjoW5rVY1pur66GkZYLpeXV1dPj88xxsPp/OnuESA9Pe3qsmnaVoEWTbu53PR9d31zud0eYsRTN9SrxfncT9NEgNe3V89Pu/321PdxdblBhuOp226Pnz/f11UVo5RlsV4vQyhSnFB1sbo+7XbTGMdRF4syBFLAYUiq6fpysdksr66vEKitisPuPEXd7/Zvbi+JcLFsyjKM4zBNCQGmaWzaRd93KQ6gaZwGULTpQ0wFKEqcQlEsFxcUirqtYwTCuqybQExMIRRUNIv1hWjsu33fncd+kjh23XEcOutQGYZuGs4pToQIKnFKCMBIVVmURQWAKimlFIoyFMEw39QNqFKVdZriOPRxHJqqqUJJigB6Op12u/OHT49dFCK5vKqJNJjhDACx4eA5vBtO8dipTkFZ+CZwS8+8l2bGFJzbykmDhwiwEgZkbK9gNIDrW/Jhg6gISjYDHnXO4o31ZzQxq/PaGZQ7qiEANrBuZAoBghpxHxAQgYkIkU0VAj4qCuy7KONlP0usPKhgMNLJoswigWUOaG2SCEAI7IhbyVhlc0T4Ki3hOX9AYAQEzX8LRBgIiIAJzQyUCNkd6xWJrP5Ano0gEthsRgJkInipPZNDQcjPRwFQnNFQQM1WaKh5wJhSPrgyDrOfsP5so0cRrG7gCCD/cwZT83nv0VwkeeeqzYJS0eBSLLeaZT/ejDQXhw8WiTGf3I6+fZgxqqKYGSKQy16dibSXZo2f4rlgPrq8JZjA6sP8VfJgPKkqzSVyvyj06zTzUVAEK0AjikgSTUmTaEoiSgCkEgHIitXEGcmqYCZ/baIAZNwjJBnZ46x5iOo4MIF1agL4XwnMRkmGlwBQFOc5Gp58AYB7kqBCIhv4DZnTlRdtgBoUJDLJrTenEjPYdKMoVjow5YE5BficUhsubKPEjZATNcmzikgSHzcVRS2rEVEx/1cABEi225RFZlpOUTWJ+OhvQGdTjWq1h082jsC8Qd3G2wGEE7W2JCSpTzBVBVUyr9jZzwdQRYnsl2dGQ1w2OCfCquqDTRRUhZCtsImgIonmBMFXjDefZLhNrk/3/h2jQzT3MmM03QiidVi6WN9mPFtNScWk0G4TZuFIRInR3Wcgp8lol+rsCIjf5kvqCIQep8GqVL6PFHwklrPYGfrBXGnNdK61XHs7pYVDRLNGN3255S9AYEMck0d4FVEXy835gaWu4u1cswJJ1WoWSI60rZNGfQmqIpKmpMRKCY1NMrwuyRVf+dM9bcvJrmpyHBwg+zU44W8jYH0NWYSzrn2P/Xb/mNVQ6G0eRncYUH2pRLuvmy/umTlLfkmWnSKRySRzAiP2ucqIZk8hACrK6OJGtsnWySdqWYqkGH3RuazWyz0iYnDb3q1bl6lntIAIYv6rtiQF0bg4wERmMSyaCFleoDm8NCJbJEDvUDDI7+0xAGwpreNsVBDKRJSlAWypOeTGaQUkkkzrE5LZZCF5MxjOpRT0yOXHjWJ+Ch4qiEgl+0cbDEEEn+CO2SGDzBSVEG2snB0iClayU/JqJ6pEwABMjBRCGTAM/bTfdhyK6XzcPz7v97vd8zYEDIyn8/HpeXfaH7sxxjRxQU3d1nXz9u3161eXbbM4Hw6aJKlMfVcUfHOzekVrienzr18wbf7VH79FkdPx9Hl3t2yb16/XJUMSOh1P0zjdffmy3e7aetlublYX13/4w+9qpiaUr99cNVVIafr868N///t/UZweH54Pp31VQFEW2Gmcxin10zBeXN6+ffNumuLDl23fD+MkQthNkUKYxgGpIgpiTtiqRFQUlQi1bVOWzTDGui2rsu5Oh7qpKBAycFFiTIC03e3eXF2dT6eLzaptq3GKt6+u67raPT4ThNVmiYB/99/+DKDTlF6/upnG6XJTppS2j4cvd49Xt5soMnXHKPL4dHp83l5ePi+b8nweAnNZVgC6XNQXl6u6LiogJhWZ6ioM/bkowvF0atvy7eur03YXARTiLz/8tFisXr2+2e8PIv3N9asff/xwOvfr9XLRliLTZnPZd90ZYblcgcZTPwJQVVRcEOJ4nmBdrg6nrow8aVCZmqZ62nehLF+9e3M49UnSxdWlkphuSpDOh33fny7KABgB5bStnp5+BYQpTVOKzIGDmUJLt3vYV42yFnXTLNe77XZKQ1VyVZXjFKtAXNaLi5vV4RkRu8O+7451VTKHGOMwdNM0ECNMKKpt22DQceimaWzbTV03VVUWZSVJ+q5LKYWiaqoQSh3HJFEBWAVkSiOPvY5jjE/Pd4vlYn15fXF5+/r69jdvV6u6qDiVoSBIE4DEROAmuOjgCNAOJdW8LV0Ais4wCmQ3BAS2lF4zr2QR3EK9FWdtjEuuRqJDMFBG9p4nnIkYUhBG95xGJ3OBINu3kzU4KgBaxdAiPFlLJzIYOeh6BlWTqJN9KblfMjj6h2yfnBXQFo8yorU46MRTdvxzDhz8DCQScb2wWUmj8xlGfNlRQYp5qgHaBAKylriMf+xHjccFRWVjtPQrahp8bnrmltRKeeLDkax7wXgmyC0V4O1jM12o5IkBuGAEIYGKpzbgZ7W3XmQu3k5Yymnd/79QV60l1cf7OKVtU25E+N//r/+ZZq4dFMRyEtfHYPZcnaVFzoTNaWV+hmwKBHAHxpkitqfM6CkMoqXjQIHn1MZskyw9sFzJkiZC7w6HrGcFE/obTSuqYmMoDfqLDaIRBRs4Yy7U5naChokkgfufSKYtLSnIY3fM2t9eqRcQvAMYsjeKur7GnDJmaROou1siOnvsRQCc6awMoPN/bIF68Ug1WTKtTu4aMMo7Esn683ReLznTy5OMHalEzZb+VhkQK+JDFMn3MhvwWX3J3iMg5UJVTkrI6AcEMu9StRVuSVC+Cy8I5rnljExs6h/bWbZAbLK035dLL+y/mAwnjzTNQQZndgLBsmwjBci9iF2CQ7nNlKzbxeX5TiBbeY4oswb2pl7IWHW5Rk7V1KGSig31cpG7itXWNGNQCwi52IJzIEFH+BZKMq0PZhczE7f+pb40XZeupuBKVk9Dx1M2wsFShTmtx8wgi0usTJJOrv1Q52ZshJNXBe3izOMffVWnPOEPYfb1dSCXW3wMxrv2ROcrzXmWAWrNtDT6Q8zElN+7Z0tWLlM7lTRHc0AwXwUjabxPwcKohRdPrV+eei4Z5X/F/PcGvn1NGsli1TbfiHaNmL3bwL8fvJPYr5NQ3YwIMNtU+9LMpIt65Dc6xGkX90q2x+fUAICnqCBuz+MrPP8mZGmX5mKJWz3lMgug0x35zfgi8gCQ/9BSNnuwfuuzCsnfVi46OWtms7sg54FWpJsdN+3csPw4t/naE1P1CV4mM7AcwstCrjvLiyQjEH1p8cXsYAioADa1ILct+uHtTzS/EQIThBYhBKKSA1NRhPK0O/3wj3/68z/+4y+//DT0x6ZmlGn79Pjjzz88PnxJaUyayqa8vL6s67apSkjj493d5893T4/boghlU13dXiyXDQe6v9sSUVWVVVWUZbi7e/j108PnL4+73bFd1HVdffny/OXT04cPn//y00+n01Ggun3zXRHqpqw269WrVxdtyxLTh1/v/umffzyfO8TYj30ooCDpz9vzYT9O/TQMSQSxTJNunx+77pDSOKaprJoiVAqIVAAycqUUkBioaBarulkURa2CmrSqijiNQzc0dUlIQ38+HPZVURaB0zSt2kaneDp2IvD63avbV7ePd0+bdfv7P3z/9Hiom/Kv/9Vv1pulIgcOf/zr7968ufzNu0tNMA5psa7Pp3NV1a9f33AZlsu1inZ9t6xL1bRZLe4fnrfb59VmvVmtfv7hp+fH3Wa9bMqiKijGtFovOfBpvx26cwjlZrOqiqAKb79509TV/eN2uz2cj8Pdw31VFa9evbr79OnTp7tpTOM4MGrTVqKx78fNerG6aC8uL4dx6ns5d13X9xcX18f9fhimzeV6tV61dVGXBKRv372K/fDx430SbhcLET13vYicu/3++SGO3Wq9ZKRhGBA0xQQe9aJCSmkUjSlCs9iEsqzKuq6KcegVMSopEDO3i2Uowvm4C4V2x7OocFGmpGXTpJhCUZZVTVQQcYKkhAELjXHouxhTVRRVXTv5oTANJ9WRmQiZA4YAVSgQgoaUYJqmIcWUpnjY7w+H89N2P06xqou6CgRQBkpJUkwWPY2Hg+wRDB57rdswR6YckTw4ZWxnf/pSMTRsYizyfLCY3M5iiAcORHb5vh8kiBYO2HkVIffmwny26ozfvvqPmtaDUAnANN+zvIecGDAG3SvLGXFTZvEzpgKXiiAxzpUIUxC568KsOLIf03wxhtJtthcSqX8dIc8T08nZetMpGWQnRvbOVUBGdtgGiMjk1QyLqviilc8HSq4q+5UhWsEkH1AvwRn8f7yMDi821v4+ydlAP4/ID1H7cKcN/HfzB6EAqPePqQNA0CQiIAKiwv/hP/4ndZm+QxkysKOmZLYnZQUhI30wv2zSufnMswL0sE/qGne7bqaXYJ5zn1wesu4vz6cwv0dwQYPXTb6CAWpNvsaoGjhLhqa8LcG6WkGS+1QrZH7ewZbpUXJqk5G9o2hH3aYLEYdh6getcW9+tNp/JX8BeW+A5blkWQ4ok9OflLV4tmrRO1QokNqTQrKU13Ry5BVx9C4ItPKaOdAjI/t6ocy1os/9yEV1tAEGCABJQaxjENEySNOXOxSxc9n3tyKClcoMNhMjE7FtQfZlR4w8V91sFTMRW1OD71JT0VluYLUzIiDm/Op959pDYUYn/Mi3q3UN5B2E1kLDX9X/2J6Hf4rvLM6N45jrcnmDKaKirUrw1uqMo+wHZ+A5F2Us1zFjtdzzRKDWvar2mWCL2eKLqM7fBV+xvJq/Sb/a39Zh4W26plDyxOElt7cqiiM9RYsZlLP+GUV6X5OHe4Z5Pjt42CDr6wUFchrbWACLEHYy5rUPmu0FfF9kYG0hKR87aGvP0Dy4940r2nOC5ZqlmX7y/UH+1b6kFTS3teUHaECcvBwh2cECvGSUdz/kiJBROHqRB/JaNnTJmBe4evAyXif3TqhXt1AxF5t9+UFuZZ83rz1R/7kccclrAflL7OHN8TwXH+yd+qoGo9Vz6pjzXb9njzb64thGL0FP54eACGb6bPcLlgrrnCJqznwzUZV/yHC+EzXzkeFR1vkBnK8zQwsr06DnBnYWqBN/6DO2Yc4GrcgHPnPGBuhIRgYI7vgNcx8FUi7/gjIzMQH707NiO4gyh9jLl/ef/+Uf/+Hu/vNqtVhdrG9fXRLgl09fPn76vD3sh3FUREGOEfqhv/v1/nTcSZq6fry6vnr9+ras6nGcHp9PXT9++fx0PHShCFRUXz4//vLzrx9/vX962h66AbngUB2Pw5e7/fF0ev/xl3N/VKpuX3/XLi6u1stvv3n97t31all/+fL0T396/+cffrp/eMSQzqfD3d3nw/HpeHjaPj+M05kAkyRALEJASCoxBBSFUJRl0ZbVgrhAKhCDAoeyplBSKIuiMa/idtEWgVOaksSiKBhxGIZpimPfEYpMUSUWRAQaUxLRoRte3VxdXV0EwuvL1ePT/i//8uGbd2+//fY2Jfn84eH21ebiarN93P3y/u7uabferD5/edKU1uvFer0BSaHgoghVxWXJVVU97o4fP93FmIq6HhJUbRuKcDofPn+6W19cHQ790+4AVCzXF4fTcbd9msaprJvddjd0w/sPd0S0OxwmmSTGUz+d9rvd4RiqelLth/hw93h3vwtl0/enlOR8io/3j+Wiurm5KIrw64dfGVGjTlNMgv3x3J+6qiqaIhz2xzHG1XIZxynGGKpi0TRT1z89fBpOW5GJUIdxnKaR5vKr6ZMR0zj1w0TEVbsoy7ooS4AkChyqaUqaYrtYhqI4Hw/n/XOS/nA6IZCodP2JCeIkAkBFiUzDMDAyc1FXDSDEKapq29REoQjlOI2iaRh6IBaBlHokrJvl8Xzup0kBmMoUhRiQoe+7+89PT9sOsOCAIhMhM4eZq3PzSadRbK8RiPiwVXyJNjk+WBiS/Oc2a8wOFszCZPtfU9sTZJmmkzwePHX+xjlE0yzye+E580+imprR2gLoqz5PBKDACPnbydAEM6L3+aF30BECAgVH2h6qMp0DDkJVXdz/0ubrYMnu1NjXjL4UERgzuALX8AAgsmlp1NqWCL3PDb2rwadKmHrHYF4+WSypwJwizcp3V7t4udloIbISPeSMC0wn4RML1KYguZJiJlHsLgxlZyoK8ldk6sTfiZ07CkDiAx5AAfIAgOwsJ1liqsr/4T/+J0fsmF6N1dQAACAASURBVCO8nxzWGTeHeWvo8Dc0K0XmFkRCVFdc+Gc5aHh5ZL5wyJ8aGmdOCozsgBgpwymc2dyX5QyYLS5ArEIDkJIZmZCIy9iTaFKbQeME7/yI7OKy/kHzUZcvFRQUk8H7zDG+6Km80J2te2gGl44gCZGtgwa9iYaQOCA5GmYD02RHGyGzT5hgosBg/8VWLntCqsRAyIatMaNba472PMp1gsbrZZRJ1g+KLjdwfYt5HAKiSZSAmYkN5RjEEWKjkwkJkDAE8qvybwdrmWEmzko6ZmQmL9ghBracAYhzo4zlBjmFJwayFB7cF4CZmAlsyxEy5hSJAIwzIJj7etmeMqNflGvvkJDYMyXIGA7BjFZc22exwbEgEQOqZ/2u69HMmFLu0/Efd4MdMN2TCx/zWwawq0IyRYphpBykyAgR9Njssgyc9eAKACCS5y4rSHZUFP85zPhrZtWd7M3B27eqb1sgUSC3jHNmwfljK/yBzAUI+3NrepgpJC+YZfm65vKXkbKZIVYvstgutoZfI1AQ5yCEuVRp/1DyMkBepuh0eUb2oMmPKQO7FrdUwQyLFNQ8JrMZgA2zc/Q7h0UrkWlOAQFQFchRsq0L8qMxc/bzmlFAFPJWHcOzYgmgZsGLWy8BImYlVeYIMhvv+Z65H6M/QVRjv9Hp8/mjvLwkoFY0t5CJmX5QcO4iFxdgTu68AQVEbXACZi+pF7BuKJ8cimfGCcFrJ3OpZP5QLwn548yzjTEDqByK7aNymdlPn684LU8syF9G1upmDIEC6hSdrxJCr+aoIiqFQMT2ZgJzURV1WRdcbrfHf/hv/+PnH34GwLIuy7oZum778HR//wgii/Uyxti2bbtolaqhj0hFVVfvvn17eXF1fX3z/ffvFsvF7tAhFUT8+vXVqimvrlftsjoPMSZhouWyef3mhilsLjcXm03gQAV9/vJlu3+sF+033//+5vr197959/13t5tVSYT397t/+B8/3D8/iwyhgHZRPj7cj0M3Dufz8TmNU+AihICIRVGopHN3HKdJEakoAociVERBAJEKLsoQClVCKilUxJw02nQ+meI4jClNCpKiqQBS1ZSIOAxTilpVJSItVov1eqVR7r48bC7X3377brFsyqo6nfpxlMvrTVMHVWzqum7b/fGwWC5P54kDXaxXhBoY7+92b243w5TGfjgdzq9uXl1dXjzu9r9++nw6n8uiGqd+u90uF9WiqpLIqe9DWe72x6Ty419+quqCKcQ0nU7n87mLMhETMT48PYnI+XR6fj6M5xMinYd+tz8O/WRLPVRFVJkmSYlFElEoAqcUSdJf/dXr6+tlSqluW4mxqeuqKRhxs94s2qpti4uLNVJ4fj4SUVlWQ9/358PUd935OHQ9SMJgYCypJLM/SiopDkN/Lsu6rhtmDBTM7Kqp6oIIUDiEsqy743EYTgrIXATmoqxDKEFBRcY41mXZ1ItQNkWoUkpcleBKeAhFwUVprJQCjJMQYd+fhyhJQCgqYV02VdPYeZtEGDEOfX/utk+HMeLlxWa1rAtmi87Bpol60M2pu2fgAqAmq1X3QfYYnFFKPhMtqinm3efYjDKUYERz4cw8mgNN40kQDAQCoo/wyO2vxum434mfy2yNraYWx+DgJ1v3IBITo7GefijT1wyjMe5IWWCvOSyjX0n+V8Pcztkb9UMO3g2zm7zEEIKd3eB34S2nDMZRmn1Prh7kP8m/qC/KAso5iR8TfhqTRzmTtntSgRnKZ5CZNZwAjrE9F8po0hUYFlG9nwrz74G6QCuH69kEHJ2GMmCB4BDZDfNINWsPRES92zMAmoQOvjpZ8qLIgd44Tb8UhKRuv0j6FT9qum9StBFP3lpp9+byjgziMzDwAzpjbDuSFPKrs+shFcnTimYRjqqKJM0NsWZk522/4goda2olBDPIFbtmzg9PxdVKasY1JhsDQLAJdu73bvO1Mb9ur6IzA5ovIeaWUvV3quB8NYIXudjbzxUgIBIrIARmz98JmKxBQikDSWIIAHlFuI08sQN19TqAJwk2qiGrFhQ0d2uqis8HBrTh1AkYgQJh1lGIIhKRzeJlckmVZVTmwuFMq3uiO32ADnc8Cc+WNQga2ApcCrOWAOYVSqpARK6BYc8ebfBxBi5IroMyrKnm/WdeUCrqAUM8FcsfjLkp5KWSZEsDEQoAVc+IEECDv34EMGmiuz8JBCJFyB3kQKDCGc2posi8MdjSe1BVZM9wNTe62gMi8DXmjjoKuQs9i+nAm0UsHacX13twGtnsZNADhD1xo1ytaxPACABBswZQhCQJyVJ2K1jZmATzewVryAQvlIECxGRI262G1MgQTa4QEZg1G5YBWCqRFElVkufzpgyzMV+SNOs3QFBJXAKjgJCM3nBaKal4y6siJGAU9TeJbpU6dxurj2azN2p2mGYC5i2zAmDN8ggiQqiI7EFGxGT8NngOwM35IVkEcmRrxUk7ZNRirSKytwQkMXKDHACLKDGIvWNIMyD3jAbt1dvKybUVp+CcO/cl4A0c3luE2UsLxakLOwHciddrwBbCZ1LD3bR9UQuk3AMNqigeI0wk4Ombv1JfYkazm4BLTUYHgjaP0b4DxadDEojkNgfy+002UYLUJL3gA9A91iMmdKk/oDVcedHXGEhVIRXTDftBx4BAjKAqiFiWRSCKU1LC47774Z//8nD3CSksLy83qzpO/W5AqAlC1XXd/rCPqk3VJNUxTlVbLtr27ds3q2VbgN5cXYaifHreLZfry8vV5mJRMne7Iybpjv3+pCLy7fdvMU3M3DQLASrK4v7+oY/j4+HxPMnt5XUIK4Ti9np1dbnc7c9//vHLr58ffv348fbtzXJ1ezwc7j99Oe6PgSXFIcYBUQhpmnoRRLC+acFQElc2FnKSaZoAuAhcIjEgimgIVFVlSopJpjQNqVu1K2boh2Hsp0W7hsKSaY1TKjgUZbFZrfvuvGoW/9P/9Mfd7vA//uFffvrhl0W7TGnzm99+85vffrd7Pv70w4c//PE3F9cXzPT4uL++uqBAnz7vDofz7atLZLy6vHj/6w8//nJfVlTVxc3VxTjEj79+OR6ORQhTUUSQJIhKKrLfH0NRPG23VISiDhAFANIUd8djVYbd7nR5dUGhSEN32J9jFC7D0Pfd0BWbVqZxGEdJSutNYC3adn88U5K6rt6+XXQFIEFZhG4YXt2uUSWwNC0vFpVO3WpVt8sKFXfP+9WqwaA3l5eXl6spjQhaV1xUGCh9+vADxTEEjgAxThbUGUmiIIlKSjJgrOLpcTgu6iI068u+O/djXxAhcxkaZr68fnU+/e7u/iMRgE7dMIayXrTLql4Mfdd1p6HvoAakZnlxFadhf3guQhCQ0+EYoxRlvd6stS7PR+j7PsUzgDAgwlQVAc4DQlJJRFoUhWLo+6EItFo0kOLPf7mrqnazWdUlhqJI4yRJEVGiuB5fs02cDzEEmbN0QLI+AKcvvKteVL6yV1ZXKZjVFlIWBBrk/+qgdxrM6WDNyFck2XFnUiClmTTJAmFUyHgLwVG8g1UAJKA8n964WARXUbv2ExWUXFwigkRk57R5E7rxvRNhs6oXULPixLIClRmBI6mzOV6vtLPW65Xgwd/IaX9q8EJdkKpKZu/tR8D7BKyYDuBUPqIJdMmAibEapgQgtCm86qAA/btyoV1zuy3Z0UuZY1GnepywNYdlrwVjZpkU8iE901H5sNRoV0gAQqBRQTWp8n/4X/+TwszhZbWPArgc35+TLYSvMi0762x9OT//f+Bf8yMHBGN7ReRF3uzY2L/Ucke79lzw8XQkPz0/DNVdKTQ3MWdqTRzSGO7JOmiytwYoLj/DrMZByxHJaVpyqTmy/TcFu1sbQGKMNZqeAFwQxsiBmIgYiZQDFkxESAUVRByw4MCMzFAwB0JmDMwhEDEGxoKRGUPAIjhfzgGJsGAiVnYdDlGAwPYVkHVvQMTMZF3ilvW6WghyvgNCdrgSElvDsOegHMi7XNiwkFKwsgMGBFcfMYZAbAR/oBCICJg52DUzEFERmJmYgQgK5lAwEVpxg7y+gcxITBwA5183tToRh7nyZ9m/MiEzEyKxIhExMFnxAOwxEtOceedaiqeQCJZHuZsAeY0CmJhy0QOD5XDCTEaUGA2AhjnQ9xzNCXt+sMTqOh8vmBBn4h/IHcoDe8i0bg0Dk5ka1VycsTWMkCXaimC40te0c6/umgQZMVnO4HudsqTDkKjaqkQABcp1nplVyLm1ZkI4FwO8nOWUbg4jJuNWJTWa3R6F2MGQpf4IXg/KWhZj9C2HytJ+DyE6g1/I/AeRX5VX5L2mTYS5rjF/EGQjfLX2UKe5JPMCVo9T5z4yKW/xwHtunLmay5ToVtlfDeKz3gND//6ivuawTcwHOdeSOVQZaQ+zJ5rZ4MxWmIT60obj+QGAy87Ufy9XIikDc03m5esJoZN49q/G3LiVcV4VOWkwP88ZfGemaKbj1VeYVS0Q9etjTCzJSOD0E7gqx56wTR42QsnWQT7n/S4ypWbXhYSWItgjy5kOvNSBiUzkaQmtj/iwC0FEImbGQIhAZRECh5RSQNptzz/+6ce7Xz8+P2/PXUeIx+3uw19+rtu6Xbb3T7tfP98dzv1p6PeH42F/3B2Om83FerVq6uLx4UBKkvCnHz893B3evX3zxz98N03jD3/+sN+eqrpaXlxUTbPaLK6vLr58uv/ph/djhOVyGeP06dPj//fv//7z53uh6vL67ZvXb/7qt2+ur1dTko9ftv/4T3++f7wf01gWPAz9p58/gkwX6xp0en64SxJtN4iAomXVyqEsypoxEBVACBiIAxUVhVoQQyhCUaWkkiCKBCJAaNuyKMpzPwpQUVaCNI6JKKQYmblpmjSM5/OpKIphGCXJ69ur1XqBAqvlahjSclFerOqu61frdhimKPFq0zZNM/QDoH76siXmw/Fw9+V+c7EW5Lv7h93z7ub68mKzmOL49LQ7dWdA2FxcFGV52J/Kqjwdj/0wLlcrCNQu2+50GoahrsL28f54OpZVjUxlVcaYzufu3HXLxQKIpmlUhTIQEU5pQgCJ0zANAEV3Hi436+WiVk277eHm9vK3371OaRq6XgCapl4smvOpv77aAKTjYWCCsigV8MPHu/Opu7q4KpqCUA/b0/bxGMqCKSlM3ekUxyn50DolQokpyaAqNv+SiURjVS3Wyysui5Ri158k6WKxJEQKZbtcT0MXu31ZBFCUNHEoAOK5OxFp1ChCkvR07uplHQiYy7IsNUldVgh2qolI0phCYA4g4xjjqKqBSwA9np677hRCUVWtJk1RQDGN4+F4eHw+Hrq4Xi3LktAYTHjBeeAaVEAv7qIbT6hHGt+nDq8Is4coCuRfNO0AvXD/WY2JmZueNTz8AgczCHRpjfOWrmR2GOLkeC7Domvu594AcI6XTXXsMqHcBepKRv8hlMwPuIsiWssXO4ef8yB86SjwnsGXX/FmYVM3w1fWPYxm7GNIUOdP4FxDcH2t3U7WDjnaRWTIJzJl/bOFUaODnAXWXKXwY9j+X/5JRwr2FjD70qgCzDN6YE5FPEWz5Mz/WvNxBegH0Zw25KlD2SEfNQsMjEMKkE9sVDSDTQKIOuMU8fdgfI9z3XNPuXPPkoVnahmGiopLbMkOcUOioi6Q8tKwXfNci0akjF8Awca1ggqBC29IRX2iNRHaADcRIQBCDUBKOEqW3RMlUdS88L2I4lhBQVyzAoDO14pLnRQASDhTeWQjjVEBGNAtPXPGh7NP0dwu7lIQCO5lYSIWl2mDY1Ak8sXLjPbD9n4DszFpbN9jwhsCVDBfXEMXeQeC82gGNAEB1HlqUCZHdcSoimBtoQgkiowIkJCUBQCSzS4GEiVQyL2gGcaBEpO78ikQiAEsmFPYfF2+mjODkFM4Du5i8JX9n3PcSuBmAOjo0METEJlkCXIcAVB0KQ9RXu8KGfdaSme1KFDOUMunTfutkFOdAkwANmzE4C+JRk0IiBCEkggzZkdQsrmpYKSkoUVQwAAg6Mp8ozYInWUFYDK2wQGiGnsChmsRAZAVxAbPmSGCYz1HxwAgLuh4wctgI51y3crBlclE3D7IJvGJ2R45SLYswd6H4ed5vhvOklH7F0U7aZApqRIgsErKcM+RtW91W9/o6QmqGxHYqkX/Ht/9mDGrWlRKiNb9b80PKOTPGFFB2SmNmTZ3VwtzlVBDw55jWYBz/ugrCKqunoIZx4MT6lbF8xgqkPMCBUXra/I4Pd9pcn4KPBfLTwPzQeuz03y9qM7wVn31kkiSnG+ACDEgBWtfFhui/YL4UUWBPPJ6hLeR606fCDpLoQqqySsPCKok/hrz0wBV0CTAuVTis2c0+UtX9D4pC2UCPg1AQb4asWgR2eSqACpIZEkBGnsFTm7lvMP/yrGER3AEBckLAxAQgYAF7Sv9881PzNyCjc0IzJ9/ffzf/8t/0zjVJVNJgctxHLb7HTMu1wtAHKPGYeLAfd+xRKT66vJmc7FZLRYhhNWKrq8277755je/I2T5/fffNVX4p3/88uH9p7evr+tlvdqsQlmuF/Vhf4gJqmZZN2VZIlHYH3f7/b5pm9Xl2+vrm9WiDIyfvzz++PP9w25/OB9O3akqq+48TcO5H47rZTH24+nYAXBRVOPYEWBRlmOM4NlNyVyhAnGICsSBuECuAFkFQFlzTgsIQxolTYDFJFpVjYJwVU8Rq4pBUkxaFoRMWBYo0rTN0I///I8/DN3wb/7NX//rf/3H5+fDw+M5hAAaH+8er1/fdH0fCrr4/Vo0/OUv2/Pn4+lwrOry8fFQleH+y92YkED7cTzuz29fXVaBrq5WoeRxGCCUu8NRdWLkoq76vu+7EyE93z31/bkJWJRljHGaBkJs6vZ86orAXdevVotuOPfD1J27qAzTiIRKEAJBWSWJSQ9NVR1227ELbbu8vrwoA++ft4x0dXsDCA/P3TBC01aHw/7qZlPUdRXocrM4n7uoNwXz5UXNxQ2MKbwugPjPf0r7+gHwsVk0gBrPQ5ymgjglFY0SU+CKMUxT/7T9sD/vun5irq5ffReKZhwlJtgdz2UoilEWq+Xv/9W/jd3D9uFXJCUIIGJzBiwa2iypqOP++f7q8gahWq6WqYlx6EWFiIsiBGRSPp13ddMwFUN/ShKLopQkIuMwno9n7se0bJeo1PUTspy702HoFSkU9b/529ff3JZt6WVNTW5OIHam5QnuCRzNgfhgXvX96LUA6+wDj9I+LhM9mxAFYiDJI2WNQPS9b4pdcwkn4NmTzIAM2NFN3j9kfI74mWexA8nd3fArca2CWqKBLnvx0qT7NWi+G3c/sYo0+qHmx7r/CYK+8DyOmDVTNYhgFpUOVtgDX2YeTCGalfg4b78XkDojZCNYAdXtfQgYSByQZT56JjVEMftgoAd/ZwSBTWlrxRPNRye6tErzWQmYJbWYTbNtApY4aan+cDJAAcfxdkAjoo9cdzBiB4iqWh0CrAcg/4XbUnt9F12m5JyXS0EgN+zac/M8QMgTA7OLIxN/GV2Lnu74gYpkHQRAAMyMBMSmAzOpuBIRuxwe2YxarQ7hPJ/lb5ZdZRRIrtU1/bpmZpgIOCAxFOxSMg5MDMzEBc2ae6eNTXzvNLZ6RwJTYApEzBDY6HIw0tdoeybkgAVjCFQEKgIFpsAYmIoCORiBTUXBTFAE5mCDJJAQOFBhH2UsO0EgCoEoEBPZaDr7SWJgAiIKRETqsiIGQgWbSzqvfQQ2dtNba7L/7VfNuEyAAcA7fQHd7xaZSFHQpmAgcEHGxoXg+ogQgJAoIAEig9UEyOobgYiBAxXG7htQZiBSQvtbayhHV+DlRghmoICI5J0DNg6CNTP9yEwUiBhMi0f29EytR2R8v92Ffb5PkzC1vs36QzR94WwKk/u0Ldn3MEmmSrIaBRORVTtNsmXNCfbich8C+kMjv3ICu3ICs73yXAURQVyeiM5ZWHKopPZe1OAyErspDsAcnL0oYdPecxDJccjTVMgKnrkIDHnKr7V8iOcdlgtn+yEbBygZ9JIVBixnyXklgoUea7o2YAuI1tJEkpkOy+D9XJgrEE7EzDSGylcfkMvVHmDyiQGzQk1FUfPwMvE5FQ6s1RImyJ/jZwF6nor5YPG4k8EpMagS5SPIWBu1ym9OKjH3nIBTTWhktjFHlPG/gqJNIkfNlrKOoS0E5/w4ae7iy8UAy03FzzMv2QKamggVIIkNLPeU0JIhT6FEBFBzbSE/hxyfdT5IwPvoMPNJXgPAOX/zPMapHUMBaGI2nD8DLWv1M8ZPtpzB+5vGnEk6eJ07knxF+OJyjs+xvq8tM2NGL6wZj2abpghcV+Xh0P+//h//5dPHX/vhfDh2w6CLRTMNAwdYX2zGKT48PANRW5ZDGqZpauq6bZr1akMi2/v7OIxVKL9992ZRNXbAB6DD7vjp17u339z+5rub+7vHn3/6/PT4tF63Y9dh4Fdvrgn1y6f7H396/1//7u/6fqiWF0170daLdVtN47Q9dD/+/HG723Vdl0Rfv7r57ttXr6+XQ9/t9s/7/ZEIm6YEjKpYVWVKSc3jv6yZK+SgBEiBixKLComZC+KyKEoFIORQlhyCxCgSiQiE0ihJRVX6fmqaZhqnsTsRgKqMw1CXJaa0XNQFS1VV0zCM51g1VUzpp59+XbTL7//qLRUlIH/59fl4HN+8uwXk9+/vhz5iIGJSoJvXV5tNe3NzE6MM4wiIh91eFK9vr7rz+XA4/vTLrykqMd3cXHf9uFwvmbgoqrtPD6tlG9MYk3T9wAir5bJuF/f3jyEwE8cpdf15GnqRxKFatG1ME4ZQVeU4xmmajsdddz4KuKg3xvT61cXF1fLqap1EKBTPz4dxTLfXq5KAOVAod08HjTFOKSXozl1VhjhOIYSyorII0ziJwOP9/XG/T9OIKJrMJziJpsCFmdcbJVzXNQohF+3ycrG6UMQkgoQUAiCVVVW3i2EY7r780HcnVWSksqqKqlFFKyMgUygDJIWE4ziM07BcLYBQBaYpLdsl26Qowr4fmEhTOp+PaYqBKaZhGoeiKNvmoqhqQBynWDbtar3ebDao2vfT4RwvLperRaku/st1SB/Nhw7hXdvtB0EmiWGOjnm7Zk2Mk+bWzqszTnMBfCYzXayev8ahGygxU+a30PGiyfv988lnUvpE38yLewWZ3OUm8745fhPMGQ16qRozlwGaaVadmXePz9ZcZU8F4atqxUtGYFDIQ5SlJEZbzGeEE8K5jKHIBiTzH2NG5NZO6JT/XPAwdO9/4m/JP9ndAglejiYv4OfT0bMh+69WI83CjvkZiDG1nlNBvkHH93NWhV9/piJoArX5kpifo/O7GtTPPBKTuxKCycotzcF8CS+nC9qLydUAIHuMhCQg7DLZHMXJr8SPDnI9Ac1+KgBeeyJEdD015a5tVwt72hVFknWXM2lCoigJyZSnCkoiURUlEIN4pmpowPITdKyRL8VvKyc79thBvAVdyYCRUft248kxF5jIXyCBgHOHvtoIiUATzI0jTg6jzTj2ahIqIxlIDcSanV8RTbVCluoSIWEAVCQAEXRWnGbFLZp0VhSQAd08E21LsCVyKO4sgpiFxIDBmvuQAZTtqeT5YtloRkBV7BLzMlJz8shs4Cy0gnkH+FQF70UkJyRUACAgKbj2zeQX6IkygGmwbAV7Gu3gNOfNVoFy9YjvNkJI5FlhhmqgxOwlT/syx9B5Kkcyc3JbAorJ/dSAiZJAFNM7YFIFRSFSAEkmxXHgInMHDNr8Au9P8ofhqB0JvcvA/G9MoINA5v0ijJrMGhnFGlQQ1HyqrSmB2PssTPJiEZEYIIltOFQQlOSprzWTup0KWNaPNq0JjSogAsUkIpm9zSAWzMBf5IWvAcyf9RWxkOnpmWhHAEFx2l9tJSkQ0ouZJJGxLCrKwAoq1roFoABirbnsR4tlSmLssJMGAKpRFQAYSO3pOY412Ok2X3kzqPe/qVcI0IpO6NfgfA+qf1GOuWSOQznrIZq1US7ptA2BoIpEAsQo6PMoctKDgpYqOJSHeflJnrULgADJJuEJ6ldlHzsZkoC3M/hb8JEU8ynhHg6QTz70jCkXIbwsYsokVAVJiAy+U93qze3OVHOg83VmEVjnzQ0A1nqFJFaME/8yW0uQF2g+E/wmjXl0Rk/BgroXoC0VcQ7MFKEgqKjILwVU3z+WmYnI4/Nufzj0U3e1WFvP2Xff3Ix99+nDR0zV6zffrhb13eP2y9N57M+gGqgE0P584MXi7bvXl5dX37x7t2rbUFJ3Hh++PAyH01/97tvvf/t6u92//+ULAtRVc7FegqSi4GZRBYTzefx89/z//q//9cOnj0W1LKUcR729vVos648fP3z+8vj4uBXE5WpRF8Wira8vW4jMigT1etNI6obebHghRSpCRQVxKIiCKAzTYNJGq9MVRcVFCUjILFZcBx37oSgDiUzjmADqZsGBY5xiGvvDYZqixKls67osNaWAkIi2T/uLzaIo+Pvvv4tjfP/jx5t3F7/57Zvj8fT+5/vFsr19tWjq+ocf737+6TNXIcapLEsqw2rdPj7+eNid2nJZB0Kd/viH79tVs26bH//y4fnxaRpS1SyZixB42bRAlFSbuonjwKiLRXl9c3E6okg6HIi4PB0O3ZBUJKY0DiOKTjIWhAUVVBYxDqqx5MpWTYqKIESpbZtXb25lAgDdH7u6Kdtl/fbb66EX0LhZNEXQ/jTuDwOEYrNui6IqigJoIqLDaZhSGibZbvvt8/ni8qJdVrvt0363PRy2KU6MGlVAhZCYKSWZpgmUQGkaO5Gn58f3i/X1b65eV6bDAS2LynolRfTVuz98/Omfjod/Hrq9NKnCJIJclAXANI3TeFwuXy3WF6J0ODxMh3MZwmq1rlft6dT1/YlRQ1Gu1hdIFOMYtEoHHcfdMJ6S2GzOGBjTHJRGaQAAIABJREFUMFJgYhynfrG8Xm0ux6FXge48Pj6nV5dQBSMbENymwSfV2ABvPy+sYcfCHnmOrUQMgGJbfJ5DnuG7+nlgnDKYhFgMhPpAAT+CcoOqR0sSZxlEQdXnC6prrb2q6aePwWDxA9JisX0jzGeP08SkmMAHuKoHRfWsR/0fogKi1lIIiCiujxWL/O57APk+vcwANmAEvABA3qAs1jipxg0Zse0dp/5boG58o6axgBkZObliv+zntjdE5ejo/wasmsChuoqnMJgpG3t9/igciXs8fomulJl3gSwVzm8D8zu0U92NITSrju07RF0Xg6IAqMFPEpc6OZGERApZ9wtZ9+kf/vUfWXogJmtA094gCSR704TebEHAaioTYsCsU1ElBpOHIaErsdHIY0H/QHQ4gkDWiKqiIGwdmiTucCVi3qFJQBXYz0YA04+h427IKY6dfLMox3CmLQDrhCMCVbYEMYnVN1BVgclADwEZQ0dk69ZAi3qKC0BGkUJWixGIJEJgxtwPk/VoBrMJST2RyMAY2AQ3CMr5WaIi2yHhE8KVDT+RoEC29ciuMsroWinrfzb3JGAi1aAECEnN9ZFUUUVIKc97KkwwDNmH3pNWoNx06z4nto+tSSKvLCU0FQzkrNQwDM07H1xPIBZcnJfHzAqjewTZrxPm0toL0lAsANGl4jO7TUoKEbM/1UsvKSkgshkSOqzNjofuoCKoJAoJldAwN6lCIgPxtqkI3IDV5onZvzhP4Am8JxUEAVQ9Lzfe2sa8KVnO51U6AkAhYBB3DlVvgQQFVWISUWQbCpv8qi0GksVyVRFltkHiCvk4wPmhAGie6KoOIzN/bCuWUG2adrJmJVVf1Q64beYdzsoO/xLN054tKiTxUXQGYO0oMBcm7463QIrO8nsvKKCKCIILkOYadQSdAwVBmu0xrT4gqpgbg8mqBMaRqxd20TJYApDc1+FeBZ7pug7RNESCuVjhNLZl4LmoK76KEABkXqKQc+Pc6OU5lcVsvzivKnuTelamgmXus1EqqdmXoZ3pmWQByNUJRTVb1ZmYF/HWiJxGE6IVegDBsyGEZMPE0IxJQEWZMb8J8V1g+0xyX4KzHGovKXdg23pS8xZQa58H9KY4BPK8jbI2FefT10KAqXDFO/I89zFhQDL1oihbb42XWEPJ4dxPj49P4zjWTVPW7f7h8fLykhGmYUDEzWbVNOUYp8Px9Pi0jTJMKZ26YblYVFV7ubn+9rvvLpar66uLw377p3/+MCmrwnrV9FMcJjqdEgB98+01Md3ebs6n4/PDaXs4pzgqwN3dl8fn+7Iq28WyKEJTF9vnp+e76e7+7nw+iQzNsl0uSx0gKMEYP324Aw3fffebug2fP3543j50fZ8g1VXLSGb1N03DFCdBAKpKDqoUQhG4AOUkUaIAmL0EFIwkY4qxLEugUFWUQEiBJumHU9ssoCrGOBVRSOG4P9y+etWdx+22A+Yv949vXl3vd8+v9erf/bs/gDKH6ulxXxasMi2X1TjEoRuvby6rwH/+8/s49u/eXo39dNiephHefvNNVcL+eHrqe0Soqmq3P07juLlY1m29e9wfdv2irterZXdOz4/Pm9UiTdP2eTf1564b2qoS1KEbLq8uUpqeH7dt3RDRmFIReBzOmFIS5DINQ6dAi3Y9TeNy0YxDvP/yCEhVU/Pd09PDdhze/eGP3zCpjMPFu01Th50KDTLFtFqWRVPd3z1XVfHm1fVuf7x/3A/DdOrGqJyUxgHa5dW3v/2rpMPD3UcMKONg2t2YEjEXVIAQEUxDNwwjaHhsf15u3lxcvypWq5Qiokx97FTKzWK5uvyf/8//vjs+Ho6PmtI4DIBhitquFoA4dKfzdldcNoBaVQWEsj+cWPHipl5vVnVZFkTAcjz1db2s6nA6HIdpOhyf+vPJoOZwPgzNsaxWfX+uqpoCT8M4DCNCUZTlomli1L5LVIkJH0lnvsBpG3NQ09ySK6oIgu4qqaIafRouWhzIh6vMpOis71dQFLO5yLq+GT75aa/WXZmFJfiSu3tLPwCo2XoCZGoaLWZ6/5HNnckVQQuToKru8DEjawA/rkDJFTUA4seE9aSjKznJTmUCgKQJgf2qHWG7WsUV63agZwIHEA2H2G/YsHdypOiMu51cYiNIDdBIbgc00j5DkTyA2cKhAcZ5Oqfjz8ztC6DrgucqtJ0c9gYxPzV/+s41vRypbuHtilTrTAP/P0Vwlw5HjFlem/k1CExeiBUFApQkJsYXg0GWtFkTRSaMbLWovLxxRp9SoY65cjslmZmOt0YSIJo6m5DNrYWy/ZIplgwOM/gMgSwBt6yHjOlSBtAowCkqAjKKgPkSBDvqswWWNwXbm/USDuX1oM5IOW9LVvgGVBG2NeqAQzHo/OxNgWFvyiVQXiIhwxNCltEYT2bMPIIlxBCsroFoRkHWyYAKVjhwXw2rEnjq7OmAt9ULAhKxqvJ87oNvXZOR4Vf71HEGzmwmIpK4BxQ6O6dgUnFbQipW72Lf0WDAk0yxYJfg3EJ2SnTUkPGTyWPmPMR4VmdQM3rP+Nl7TAHz1EL0nZYn3aGNgkZ06blzAL6CzUfELIRycuH0JaKp0w3kwkvNTN1IxcKVZf+aPUgoWVYjIJZsJjE9ncNpB2Sud3HuVK2VhM3SBBQwWOESkEHEO66IMlwllCRq3kEKgCyaJyqJYsGqIJpUlYwLJL9I2wm2sBWsa917GnK9ETwI2M5xPOb5AGgOyghgLS+ICGjeWYDiCweymtDZGjPqyYS0LSqrj8+vFFBVyMbYghejne1RUAYTs5ON0SAybwqbbw+AKgkQVNAcYqyb1LqQLRQ482E0gH8pZOGS9SqhgEISsEqyqp9NttPN8kr9EEJE9aGamaEiD/cvUVtpJtnBA6ORPFbgQR+YDaKz3D/zU8bGJ/9xAkUFm1Woc9Zpn+xVHNPAR7X9r04yJTcfs7dr56FjchBV0eSNcwiApFY4yuw9MUoSyi/BaAPJGjCzOEMf2+AaMs/R/eI0Jb9XzwaseUD0hTzJI9StAcbfJfhJDJCbvYleIidSDm5oq+GFf3EGCy3CIJNFqiiKyFXVclHBlPbboxKVVXH/+PR4d9/WVcCw250+3d097/eTJKYCEwFQCOXNq9vlcpUUfvjhp7//u20oi4Lrd7/55m/+9nfTEKkIlzfN5fU6jkNR0E9/eX/36e7ycrPbdkWgmKb3Hz7+45/+ByMSVwSc4oA4nU6H58ft4bgvK5pSDHF6fthfrS7fvrlZLIrNxTop/NXffP94f/flo5YhhLKABDFNSUNR1mkcFBKgcKhDUQNwEQIAG3fFXKiIqJEBMgyD6sBIMMayqoeo09QniW3ThroSgFAEAUhJkLFuqv3hue9EJCkV8BlkHBdt/fR4fH483ry6nCQVVbXdTVOKD3cPy2UDRTtNcbUsq6YGgLatmqY8H7tQVQpS1M3u4/1hu7+9vV6uV4/7w8P9kxIs2qu+6/sxVnU7DOPD43a1Xu12x+449X2qykqO50mkbsvV5rIt6cuXu0AUk7TNoghFTFHjQMwFhqpsJ6KyqpiKaRqnKU5x3w89AsNOVaabq8ukiSmk2LeL5rDrn++Hfoxv3t6s1m3blOdzvzuc4YSHY//wuEei1ab9pq37vjsezr9O0/d/+F27DvvDViX23U5UhmEUFWIoMHhCy1YeTH1/+PLpB+X6t/zvXt++GfpRQaq66E6nuimIabl+9fb7fzX++f/Z9aMIqcYpDcRQFKEoC0Xtz7s+9gS8Wl9NY/+0vT8P3et3341jpKKuynq5LMcpahpjGlfLRVXyo+j5vCcVQIlTV9bLrjsDwuXyJlTLqmi6sd/vtqtFmdI0DLEOpAR21ntnvm1oY8fEAaXrN9TcREhFmUkAAASSdYc5F6Em3FZgd8W0sJ+Tf5OuqIALAzLJhdamB1bOzBjf8AQ4j2Blczv1LZpa0TEHGUNAYKQzqNpsYe9NtTGDYnyGetwkscq01VTRCWqTG6oAsPE/7neHiskcaCybQGtp8DjoDWh2XHhABv9slHyCWsHSaWMbj5mpGQIrGlgME4SXnrSXIO//pxng4Fd8Uo7nTpg492YNA97p6r9mB3dOh8gPfj/nkXLwnr3ikIxxsneLCqjChDYyAghCPgVINGC2g2BSACBkyw6ZjOzNiQ3aBRKgsGmWWa3wEgByB5vjEJo5WiRfMPbGzcbSlSko86BN8vZJJEMGnnuS+mQ4MJ2ooTQFBWUEAAbrmxIRBRaKiiyYZ16jiKi71bIPWkACnyVB3srmpKSiYwXw058y8ABAYH+ltmWMq3QMmXVbvi9obnaBrBqxv/bbUMxz6TBjaBdFkCVl8yODGWeDTaS2F+HcnqWufllESGbKmF8AkO2vrxcOIBgOs95X5wv81foOBvQhsP7/Qf1IRhMRYUDJuXzOYef82gBFrhURKWgABEsDGBE06wJyEqyKjKDAOZPxFMi5cPBMyEtN834Cy0dMbZchoj9Bz5scB7PxxpRHH6CVozKliYTW+i02a4rN3dKesVonqyiJbRjNt2ApJaIrHV5aXE0UxJkEB2IQ8kKmuO+VWo0EPcYhCQiBqLUSoYDaiCSybn5AKyMIie0dEU/xQX07ZYIATbBp69I0YOpaQrt1TyOSTYgTQURERjJI6GDX+Q4roiqporITEva9bEJK9ZAALh71pZrU+jyTf6PHQ0x2rqTcNZRQQZlMZacmNFXJdsRubenURFLTKDpr4fq+TGX5RBAEVI+L2ROW3JTJDW48nlvDf94ZmKO6pzdOctnDcTQLzkJJ8nJfLq3M41Ms9XWSXjMJnkA1gSt97MB2vi0TNsR2FaqSTAlGHqh8FwGoGzbkr0VUQc827DTzhQLmsZs7i3NgB/VsyQpVuX4COucAJDlrs0AugEDWne1nsd2d10/QwYH6ewJ1Ka0rHkGQ8jmvCM4LeJ3G0L7mxMYOZGsMNi4tP2pgRA5h0rGui83FRpOMwwFk+vD+J8IoUb//n/9Nvag/fXnaHQ5911dlVVY198OibZu6AcHzfvfzj39pm9WrVzdvXr25vb5pV815d1ysl8R8eN6Djufj6acffhliWq837aotap6m8S8//Phf/+5/7/ouJcYiVKEEwKen54f0WIQADE+7I1AIieuq+Zu//v6337/b3t+v2hagYIDzoZdp2Kyb0ymMaYQCETFJjGkEEEVWZOKSuUxi4SAGYgJzZhAbVQ8gCBSKCoGCpcuEKYqKBMAoQqgEykivbq5hiotF+/nTQ10XzXrZNq1MYwIYpumnnz9tt+dX726Kov748YGYVpfLtg4//HK/f6Tp26uqCH/+y4fb29XF5erV66uirJ+ed/GhJ6J+GI6n08NDEFFi6vtBRQLxNA3dCauwTGOCJAF1+7wXTaduvLy96s59FFGJ5y4ed8fFcl1W1Wq13m2PcUxN3WiKSFgWRVEWAjKcz2UIZUlJRSVVTXv76na1rG+uLgqi7eOzQmyactFWqs3+48OHX5++5TBFPR06VR6GeD4fj+dhvz9dnBfjOC0WVRoiRj4+9Wniutlw8aDnw3K1RDjFaRCBOIwcSmunJFAmUhnTuO9Pn/ZPr795910U3u8eORCXZUo6DoMAfPf7f/vl1790/ftQQAgl9mMcO9RQlJUkSDAQpn4YQleslpv9YT+OXd8dysW660aFULWLlss44Wq5Ph4OTFJXizQMoH2Mk6ZYFvWiSeZ9BNRUZT2NfTeM45SqUJdFk2QASeA+K36yKKSYHRoVEDSpiiv6CIIHu8Tme8iigmhiEBRMXvFOQAyg8xFN2ewgMxuYkbvva1UVL+vBi3IQ5nOajEa0ZMBMPQBQ6aVPTLKZ5AtTDY5vBAAgCYiIEfOaT1HxllqLvCKZyScF0YQuQVBEIHdCVRWxBjoR65ZEcTmHTaahRAqu5dQM0lXBBUue0DidlOuw4LVyPxsAwCG5ScIl83E2gRfmOoM6b5iTmtwrBllQCYpWes8aFphFEXYpL8geyDOeOclyqlpUc68DsIJI5qsMNAi4c4wSBtMb2NGimkzG5Gas2dTUikrOX5lEBxSAEYHsTq3LWkWy2gYAAFgzCIYkJup0mynrG3ASS71xRMzoJj9dRHC5BnpVwY5wkZQAmQIpqahCQhIQUTM859krUMwuZM683K4VyBeju15YrmIoTtwTw3vRsrxFzXLckLHfnNGd1v1gpxq4x6WVdOZj3jCYu8KAmyNZtdxc3sk15C5yIWt+tk1lPgOICPOcVEsDHQ8IkM2zMnt7rxHlHkZbNaKa3RpRDEb64iDVlHz7oo3dNFNCO6AzZQ75UvOGtoQb/GYlj471vPjlImnePVabQPsp3wJuO2B2NeLBx3kI6zokH2+dE2gH+c4czPUbqzRmkOvCDos07MoPCADJoxkBoGFNVZc/siKh3TkrQVJLp1FBLEdMZAvD37V9q7iBP9kDMzht8cug54xpjUU27xMhQ8JGmaJaX5JajKMkiXKhlQFVNFctLG1AZutMMP0OqojrycD7N0zsbjojq5ZksZgh2czCWpZNIICsPjjAJDiSJ13bTtCk1tMjiWcCB78qNBH5CZChnhdwchprDELurgFT3RictPpPRu6SY1heNEZKJBVQEBUUENcuqlkrWp0HHaOLZ2e2Pc11ndjLjnbkgSegaKULD7J+1CFSHuhsm5GSJqsGexQxsK9kX2TJo5mmOgxXEElOTmme3yWQVFw6r8DBtKqAqgnUg48oEIpC9lGwJMKSCjsGsq7KrDcUlUSTnTlmimq6KLWBePaYITfsZe8yq52jJ9qWsrDVaf0QVEvFFAARFATRtF6UGSk7ryETO5Y8O89DSt5fgV70VsY5b/ejH5wQQFUAb8DQBEBMIWWmTFEkTWXFy2VThACgVaBT1x33Ow5YFu0k0/5wvn94nuJUFqGTOMVxStOp6xbtQmSUlN69ffc3f/s3q9Xq4W6Lga6ulgEWp9Px0/uP//IvvzQNN4v61OvrN6+vbtfDOBLy4XT8b3/3D8/7Z8YQhasqxKT9cKyqKknq+35MMqXYtu16dfWbd2//+MfflIHHXt5+8/od0o8//HL/+fMwnXbbp6HvS27q0CBh159BExACMVEByEqkaCueBDAKIgYkFZlUk4oiBAReLBZxtBnAoW7ruqqnMaZxnLohJinX/Pz4KJOMcbp6dSVpKgNdXa2//82b0/4EiH/9t7+DiK/fXCvw48P+/YcvyPKY4g9/eX+xWDR1aNpmtV50/SSPOyYlPJ/35+WqevNq1R+3u+3zcD5NKb1+fXk4niTG7dNephSLLkkzRvnLn3+6uroAlKquYsIU0+l0rori84cPTVvXdbNcrYhYU2yasFwtkPB82p1OpzFqUdbMDChFWYlKdxpDWTNBYJ4muX1z+/b1RVvR588PRVmsN+uCue+ncdL97twxnk/d5noTOk4Jr65Xopqi/vjDJ0UcYlpfLrDQy2E59Mf+tOvPB4UUQhFTxDSBEhMD4TSNAEChAAAYSafTefdpt3tYXrzmrpQUQyhDWUpKFHC5vv6rf/1/+S//9y+akmAKTNasn/oeAAjrZrVB7pLGpLpcbmTsj7ttFcrVegNA59NYlNiUYRygbRdyTEVgIpQoItNue7+6eFvVtSSehjHheeh7VCmrksnMnoLKlDRZTJ8buRQRRSI4pEYVJQERMytPZvknoJIKopQL4gIIUV0SlBBQ5gVppJif1rPzPWrOD2ZyVPNxkHsK/Kh39lNh/ntXxaMmL8cjCLowUsAQL6n78IFYh5AlNyhux2eS0ARuAEIKmqeSJFAmsB47Io+B3nCIjtH9b2zgvMM4b7ATgJdmh0wD+flgMAHQFDEJTBJgwVP9Dj0s5yZLzcYQ4FmaEU+uwPc/ML/onAeoKli6Y5n/S7dX1gKB65MUgB2YUp4xoCRGFlqZHWC+Dg+l4I79iCBJLZMCVQQJHEhFrE5PwJhBJhn8nulwAEQy/VV24ZsPUiORvTHVhxVgDvjqdRqvEfmBq8TOGhpgUO8H0PxzjhUFktUGEE0vZl7RAJhUka2Vg0GURDUaRhTTJrtplKGO7ILrRlPoDJTTjJAlq7MZn/+J5Ku3A89eI2V+OoNOyneqCDYMGGddXMa8AGoWF/ZA0NuIwbn32UPF6gMuHLILVff4Ac/APE8lBaXCshRIXgvCGSJr1maDDRAzXMMQPCWwGhAUUX18ArywoLZJrIBDonMYENfdAKhFFVTX76BJPJQAg9PtppZBf5JmVOTIcobo5HdEyLYZSM1YANg09fYy3LQFM78AYMtMHfGjhzj4CqBYnuMaRlF1RWBmJNBfNs7l07llCYBEk/jGt73JedCabTQkC7w2z0OIeFbAWeqVB34AgSgBI4qgiqsuwN5HAOu/sDxBGUCUArvfugt3yFpsrA7gzQlo7IMLFucv9ephMHRp49VIQAW9BcHWmFiTFmESENHg6QsAEwOKwpQyVHe9FypisnYK0Jc4ZGmotXwQofW7ego/n03kj9BbQOdllImUHKJtWTuxY2cGggKIJnX465g4zUVqL1epIswSdLNKRfPstYF+KjnjtZxWCcAmHYAJvRTyNnW/OXQBWzKnHs5Vbb8XVABICgjJ1JvqRqX/P6r+bMmSJMkSxJhZRJe72rXVt9gyKrOy1q4ZwkIAzRtAeBkQ4YfxCgINpme6u7pryczIyFg83N3Mbbv7VVURZsYDs6hFR2UlRbqb3UVVVOTw4XMO2yOqTv0QIqGw2G0XVzAhWOAsgaoGKSckQAnFURRgZSgfurQhLP7Ha2wEtcmBYmTa2Dz51fIu39dETh6oRIilRevfFURYFUnJYmvcM1N2N9sfhKTwOoi/vst2tlv5JkFQsHRGwBtZrqGz8FJXtIkzM/ZQkbvoCwvi/UcWrhCqAKnvj7tdWwunYRi6pppV7XT7vO+mEEM8nQ6g0ndHooBUEUHdQNs2nHIMVVtPCOjdF9fLRbvZbFI/nHbHlPvf/v7rL766WSzPfnp/e7ZaQE7/9Z//0A/9+/fvd4dNg5GxqZsZIHanExKlNAw5i2iIsa1n09n0+urif/in39+8uni+3719e31xNbm/f9odDp/ubvfH+91+i4hNO22aNg8DMIMqUR2qFmItQImBYhVCpWoRb5FFu6EjB2FUV0GVjodTrMJ00qY0dMdesk4m016Hvu/n81kTaDadHA/9YX9aXayU4eOHu8lkonpzfXXR9UNdTZYXs6adPD1sV2fzw+H48PhQVdDOIhD/8unT69dvKFJ3OnVdosh/+/vfIMh3f/zh93/77Xw2QcV22uy3h9uHh8l0VoWgoM2kurha9KduNpuh6nZzYO2X52fa8eFw4JxVeDGbsvBsOX/77tXT02boutNxN+RnsEdfZegPp8OemWMVut4aOLOqqjPz4/Pz2eL80+3Tw+eni9W0nTa7w/Dp9nm1nJyfL7oh5Syr82V/OqYhp/60Ol/MFpPdrnv/6X7f9Y9Pz6djd319sTpfTNqL/rgeuu18Fn7++cfj4cDZNyvmoW6mIU6YMyKKUghw2K8VP7z/8d+++l1zfr7KQ9rt9n0/pH5YLqdVU79697vXX/3dw/v/1venLDibzVJiFZ3OJofjgVUniwVn2G63oYrTugbQ7XqNMa5WTYTYH/aQFZFy7tumxtmMh9N6exDlqglEVFWTxcVZGvjYy/G4OZ22TdOEQOKZ8KgK5i4XC/0xMK2CjIKqLI6NATRoUNDMnjdiwdIMZrAEUCXMrJEQw8jU24YspUFoJ7XvmHbUGir1xq4ZKRVHd5MfVUUJ4F1pdXyICE4j2D7v+5BPegV1RM8jOEYU24VFii/AJ5A5SWY6SwfQTsoiKIgPeVARougUDWDw1QeWOiBYAAM6YlFVsGZ8If0N2xW9LdhIXcPz6IChbNB++exfpFwttGkwpC81g5TawbgtKMyYn/koYG1r9easlw3k6Fpsopn4RiqlE4G2tzrthyVornwFBFIf+gr+rTGSxTSL57kClkBu8CHPfjraZh9K+I+6mZbs03tUlAFnxyWlhCKHJ6ioGshkCjrWAibMctgKfjwbLC8NZzAdhLfyDU658B1AQRQDAohECxFxItaQM5TGsqEZ/5hjZJTXOlD6/+YxwVLNOes9Lg//X+iaAS8KkODl1Urahn0doiLORURxglvNPVp8wODr2Ose9N5BqbQR0K0HYFfThUFGGiuQeZULjCAXw4P7fIoQKKhdDKsyXESFhGicqoaXq4DoJiFAMQocvN54aUcAlN+xjgcUm6AtArtKYyU0ahSgjLlwq8DIEPi1M5chulPUisWCNpDsIbQb6cQien0NEMBrC/Sq0uEFAEJwjReYmEVckey1cdn2rNCxa4WRxsdZLBAJUAW9rrSFI36HCMmab1gQsNHEKoDkoclEtpo8p9/s3koqptMmLybMGqJWzyOJCJCF/UbfkVWANYQgnqhg1iMtjnkqDu1C4athLlAgsw8bjiYEoFGC4rfeYGFl/R8tnUbraHrgFfrtte1IeOxS2XcjB51g3TJyyRoAmFlLQTX4AAYrlIAs4wdADSn6turyHPVnwMy36BS/FpeJfSVQC44BRIWAHjdvi0RRvA55KWhsCZmUkUrog29WvuXa4iF/IOwqefaWsQlGiKmrdmwUgO2zhATMaidWSVZGAlD2xqYXE2ifG5yJ8PLKjCdaapJyL1GQ1EOktTwbZNosKdubg2nL1gGvOATAJ33YCR0AhMGOQrW+lYk7vQ0FrvW3pGvrubvcyxoVVB5pCwpBZwBLV9fJA/XH1wd2g+0VVkH6BVUkK/BGsePIb9j08hCwCiScVVhEKFBVt7P52Wp1hjHWNSCm02F3Sh0zh1BPp8sYcL87kFSTabtYLpjT23fvuu6w22x//MtHQKqr5m/+7pvJtL68WOSU20m1W28Pux0r/vG7H35+/70Kx3reNtOBcWDu2bb7AAAgAElEQVSOsVXQPmVWqELdVJUQqoRJrFbTsJi13e4Up/PH+4c//utfHh/uh+Gw3+9UNcRKJO33w9CfRBIQKRJijFXDgoFCVU3ASRYVyJmFqgDm7iZU1pQ7BKqa+ZAYKVY2J1L4/GK1YO2Px6aOddTzLy5zlt98+aobch4kJ52189evrvqsD49bpHj3sN5tj+er2ZC7p8f1fFFfzCePD8/L2WXfd8/r7WLWfvjwy+ND08QKKR6O3eFwmk6nVTVbLNumnWy6lIfh6fFz3x1W52f77ZHTcPvLx4vrS8lDGk7NzUU6aU0QprWkYXd8bpqmravTfg2SN+un/rTvUxdCqKpJCOF02HbdqZ1MgGo55aqKIVLOQ1XX00mNATebfURC0N+cn11fL1GRqhgDVhi6U/rlw/2bm7OceLZcpiG9//nx2A9Pz2theHx8zilhwPOLr07HQ9+JDFTFtm1mdAGP99wddxRQUkYK88XqdDoIs+WAi+Tt+iF++mF19e5ydaF5IML+dEKk9eaIoQqx/qu/+T/vHz4d9g95OB1Bq3qaRQ+HU0r96bgbOF9evem7tfaDVDFilYbhtD+erc5n81pyaOtw6npAzCmHUE2ns/2h6oSnMVRVrJtWVDOnoT+yHPrUhepcEJhZEZiQsxHJNsnMNgI7MwERGBhttCaWPCnUEc6KEJJtFgyAgQIWSYmhNB4rCmM2TdZurVRFRGArQbRkqpkwwZqXDnRIX+b5ugQETH8DJWcBnJz3DqRiIa5JWA3Rsnh7IItwNpgLlnEE5AoLAM+VRMKggojZesqmHo+G1rEkMfCvwAgyO/ZHRQpoEdOBgvpOZS5i8Ij6IsixDwEF32oh6e0WFJKo4EzjfRyFK9tMemuwFtDh31uBPXwQjZMWC2o0OKxq2inhktXovjr0QCjjyAx8iQoYpkB/Y3Wgpf7Pr9oBqpEISIOMyMU2cevpq7qjwO6cF3akCqXJXGCb/XcwLFJ2fiphffaqhGjxM+ZB8flc9v2siV2gp52p/pYvaMCqDjuSjDoWhaBFgRGCKCCQ8/+IUsKrvRRwpGkLAg08lvuFWsTZ9mXMnquAYG5Mh7Y2o8ppVyu0R8ir6GKeQv4C+sVCMD1cGGl8W1ZYjlqHnzTSlK4Jcu679BPsw9KozQMKBeE7Dha1YXsOnO0bv/RwDCB7oqFD60DEys5bOz40oRKgKkHwiLHxQPfPKcUDDaCoEawDZCX/iPe8LHDqHBwHIYBXLP8dWelPD/53eiEsuACxGN/LFTevcGl2oIumyjUegWS5yyP7i+XNbZciH3TqxayKAEbP4LJyo/SuHGxX9tC7gsIzz7CkbvkiJkS1qsmSEFDU7aZUxiF5D0MNp4KoJcuajMSJVio6NNv0XiAWAolnvwKoCbjG2JoADmbV6iKjS+ym2aYlTtmOYUd2EQls2gub+ESh9DFUra/AZsbxLVADBShdnvIB0CyqWjpcxvubKck0ms61EKBLQw3jqmvfAND4JvcgeeFc7E6ASIVeUXDhOyAgAyBICdG1OtgU6ER+JFGRw7mDCxGCBmMRtNSp5sbxL6lFt2LPIY7NQCl3x4glFQ8jEgAQtuoXVcpQM6ttg/e//fDCYJE6Fl6ART6JLkWyTdW0U1Yy6niy+uoFDGiHIcqYSWrXXMreZDlb4GhfQTKXlr1tG6BgtCICWpcuq1M/1j+2OyRi5ZERj+inFShIwOg/KKR2IJe9SJQpBHC7ArDLBa1178EHDKigIhAJVAQJFIKqpiQBoKnjfLmczDdDt90fu0FwMlnO5mer2YQIjt3DKQ9DzgKEoWHBEGA6W3z51VfT2aQ7ds+bzY8//CIpb583Z6vzV1+85pRjVXGWh/vnDz8/frjdgKbdfvPnH376/oc/ZRlEad5WKJgzt02bOGdWAdEQKFbtZL4+7Npa/u73X33x5lKG9Pyw4ZSqCKGmLIdu2BOBMlVVAxhSfxIUJArVJNYTDDUh1XWlQCgZINpBnrgHJWHGEDEQiBBRO61y4r7rhFGFY91g1/eqXX1azJdfvn2T0rBZb9KQvvjqizbCxfnF+er8+tXVl++uXr+62O6TAuachy5XMSrCt9+8G/q83223xx3GtpnOd/v+iy/esfRv3r4aUhoGuf384Xm7359Of/nLh2Yy+afrv9n8cv/w8FzVICrn5+f7/SGxTmft7Pyiamca9onxeOgfH57ns8m7L97c3T7M5/Onx8e2bVLuj7ut8lG0V+4Fdbfb5EGHoVcYVNoQW9DQH4792baKbcTzLa4XC5S2np6fLZbL7fMhkraT5u5z/+b1uUpOQz4e8qe0DhGb2UxYU58ul7Or8/lxkIry82b/eP/8Y8DVtDm/uOjz10//ss4S6nraTlrhAUFUhFPfnQ6iyiIAxMghAiEft/d3H/785btv2rY9nrqBOdZV3+fD8VRXOFteffsP/9Mf/vf/99D3IVCIVMUQYiSa7LbP0vXdfjNpa2WOoarqdhiGzW4zeZ427bRumyGltm0T8zCcun4vqLFq2mrKwzB0u8nyvGma7XbX90dKwhjqulnO503bAlJKknK2hPLMXt2LSJGYG04VtCFAJECEAQK5gV+YvV1MRAAqAoQM1hbwU7ZQjkBa4p+dAzY+BFHYqVKTR4gf6Mb+I6CSSpmdiUX5afuwlPA5BSyRhKiK7ISKsrD9iGWXswCLqEBW8L9BRS4db1IwSZAggUYiBGWT3iJpBiEhtJFUiOCCf0c5o34VtMB6LBpRLYE+QNa/NWG04cQRZrMWhpIc44AiGOIvFIgVBYqgpMpgDBgUbK8eXgcAqtkQCBTfs/sSnedVRVJPxrDjCpHBVFGooOjJEABYwvmgJP8pu68TRdTmTjqpBRBBAVCCsTNqEa6lFQ+lQEM0zGr2NqN0jF52l4Aa122cfyFbyWkeQCwTusBT9e0QQCUaqTk/zrEKJos2VIalMhEtpC5iAJNEQUAkRAbwShR9Zq7BIA3W2jH+9YXnd2epWn/DcvMMb5NTyFQ4NgRCZK9CStpK0Zz4CWp4Ba0ONlId/UlQsYFTZW6bgQgFi3rwCcVOcdL4qg443P4wFin2hOoLUAV/RShltmKwWglBi92urE/yj2pPtifxj5g8FMYRwNSBBlnAxqo5vPPvrYoIQWIxyPg3c7xi9l/1nyffksYeiZYskoLfrFVVtDxmCTV/qlc8iiM+MhBZ/A3FtGC1xstV8P3INQVQ9i7wrqYrv0yZQISIJu+xJ1MBIaC48RItuN64aHuWsHgooBhIrL9m1CuGYAyGPQwiPJLOwW+fZTA5gnIOQBUARRGCehpoAFULugmelqr+XRXAm4nB1oJvPy5Bcurb7hYBilmAnT0nfzpUBYACElv70L07hTUu/WaQQgQolHrbk0/F3wCsG42I5jtWUYKovhzHjBwTTho6BdunFZWC2bf8uwUqHRXypY+KNu8AyUgJZNWAKOZLUijEAqDVQOZQ8nRSQkRh67b565nNA0ApoJYYIxUAUrIejbe+SufTMtxePlspS7zb4GWadcHE8qtLQUpIbsMANbOhPXvqh6D3/EpRAUbIqYpXF4So5gYSAHDHlNo5TIg0buylVI5je4HQcylwzN0oClerGdEfFAJ/1LEYp+yOWcMRjayCUlhIAf3+cNteaHcJbGv0R7/0UlB1zPUARTFZoCqK2rhuW9MWaGLT6awmZgSkEEIMiNDUERCHxALUTNtmPj0dj9O66k/d54enw/EUqzBtJ6Girju09Xw5m6/OFodtLxJAYej61cXy62/fpCzDoDxkAnl1c0GIz+tTfLifzZqPd5vb258RVLFu20kd68QcSVPq08ChaQPVApJzdzhgE5u//varf/j9l7Np87w+sAo1dOqOEPP7X34+HHYIQFQxq+oguQeCrEAUBKMtKgJRUBElQmbNnCmAqFgWtormnMOsEuAQ0coxC64IFVYQEDEN/e9+983/+B/+5r/963d//NP3bV1//btvU89Xob68Wr2+uUCCy4szRRSG5+cNs+Z1vrm6+KvffPW//W//nDqu6urz58c06OtXF8v59HScA/T/9m9/mi/nZ+dnV1eX280JQrx/fH7a7Nfr5/likgZers4+f/68urgA0umk6bpjYgYVFX735m3mvFpd7LcnDDjkpCDv3/8SQ9xsNogCKnlI3WknnFPKqCCpp3gijAl2gYblasVc77aJQnVxflmFerVabB7Wh90JRdOQv//zxy/eXSwWFVVVtz/Fqt5v929uzo0TP5vNcj588fby/PwMFPeHQ1vHq+uL8+urh8fnu7vPx8M9YkWxAWDNmUA4cT2ZZhxSzpyS4iDQZ9b1/S9PD59evfkahJm5DlQ1FQJMZ21/6q7ffHv/5d/33/+vOfWAOHT98mwVq3Z5do2Kp+6I1MXYdt1puVwB4mn79HB3u1wsEWnoBqno/GzRHXcINAz92eKSFPvjbrN5uHr329ni4vHhOQ89RYAQAoW6Dk1FIjLknHIOYAIgFkXrTgsgCFtnW43RCdYRlwDIVooTev6EIeCoaoc9qgQiZ5rF90lwVgzIjgFXGhtQAXULmzE5wgAhorXywCLqgYA0qDAAMfne4K2KMvhbFJQVQYUt2xPAziNRySwAwKIiKlmziqjri1TZeEHXdZMFAaoEoYBBlS0GxzhmigKesUal/46lJlH0NCI3WAmj2T+98gGxcHZQsSIJRqxa+r2ALGr2MMcRY8Uk7m1ULaZgAAUQcwJY8h+AsM91NKbIBJcCQkAlQU4QKYOIahTwTjpiIVWBwJC9ujDatSMeqCpSXtc9CEbo2pxQDf/z/+v/6Z0UBWNxqYgjzO1rs1Gd9wJA8jQJFwEQkY3F8nPOpA3u9UVCP7hs6K4JpwxIuysAYAzDIaeQ1Q5qp6QLrYtGbpsyAnyErw17LTNZCSEQhWDzWTFEDAFtjm8kIPvzQC/Da8mm+RIhxkA2Cdj/QxCJKEJAjBHtW/orR/t19wkHQgoaQwjRJsLajFkMhNEujU3MteGygQLacF/0ubxIZDOQQwiESHatIGCZUwuKxRgAaB5iw+1IiBSgVBZOciP504e2lu12uCzGLchE5d2DG7FjQApOvBPaJaJQxFoB7X/a3/rQNrSxxJZoVN4/UEBUGofpIqKP5kUzfRDZ8gE3hfvoZbVP6lcG1T8nov08FKCE48/YGgj2QWxBFZRkb+9/YdQq+NVEr6XKRQFH8ypksM7AlN8aDAbkAXC8rXaVAJQwFLu1DWa2rYPI7PGACGQTpsPoYAckCME+GhD67Gv7cx+R7H4Hte9OYHOFbZwzEFFQQLTx0nZh1K6J3UEqH5pcqALjvTbOOQZrK1n+HRJBRKRIIWBEg4QKhCHYjaNgNh3CEIAQg41qDsbqApIGwug7AJgdmQLFgDaBOZAl3nqcF5XVZQuMEEOwmdCBgiL5g2kciO9Dfi8MseI4xNeWWQBEFLInNKBNEKfgb+ejo21IMygiBMIQjQ2wrcv+xRaNBgtAKBG3RDae3Mo5QEIMPmAyhEiIBBDIfXQA5imxO4uEBKQW6hnJu2bjtkmINjMz+NxrbyNZqR4IAwVEi0eDECja00m+EdlStCQkG4pNZGZndIkeWHaMbd3jhq2AEOylnVuw8tpFg0aDBDvozFtgTEY5TRzyQxli5iRf4SyMCQHXaiGq81vqXKORFv7O3hZnUG8Hklf4gOC8DVGMCAD0+WH96eNd15/qKkymLQF1p1NTVevnzaE7sSQEEAyc+exs9ldff311sXr4/Bmp+j/+n/7pzZsl8/DmzRX3ab9Pn355PL9aEeqH9/f7XVdVAJi/+9P3t/cPoIqhbprpbDrNKUnOipoSUwghRhHtuy5zns3mX3759f/8//i//t3vvvx89/Bf/9N37aRq2vD+p5/+9Mc/3X3+5Xg8IBFSFOaUegwoCkoh1BMIdQhNDBVRsFNXrBlDZCxDjLGqKkJEEE6DpIxAgGE6n2OgrutPXbdaLSMFwiCsy9XiH/7hr96+ef3q7esvvng1nc7evrm6uTp/vF9/+vR4e/s4m8xy4sP+qKrvP3x+Xm8Xs+nh2O+2h+uby+XZTHI+7vaXF2fL5dnd3f35ahGJ9tvN5cVyeTabzdq2ad6//xgC3t1+3B93v//rvxnSMAw9czpbLO8/f64CTpqqiYSInFk4f/x0d3V9NVvMU0p9f5xOJqfTqa5IFYVzP3SoWsWWqJrULSGQAoFw7nNKqhSqpmnarhuaup5O4upsulhOAHhxvjjuj7vtoQpxSPn6+uziYnl3t26bUDX149P2+z9/PHZ5u97+6Q8/Ho7HKoaHzw+b7fH65vr66rw/HVN3oIiZGRFSGjInCsTMKhJDHSggkYlrQFkhXFy8nU7niMCcKQTOQ1OFtq0Bw/TsYr/dpMMzQg5Efd+3TYsUOeWUu6Hr6qpBgNNxmM4mFLSt65zydL6ctlOVTCG27aRtppI1cU55OPZ75rxc3Vxdv06pPx12qBxCnM6mr19f37xazZp6GHqWLCrMmdXF84IoLGN6PpQe5vh8IhW0gOjPLTmecx0GaiFDzXyrI7mtrCIsFrZoShhhcPU5+J+ADSF2ZaM672hG05dRMWoI3pk28X9URNBAv7AyizVkMufEysKcNbHkrKzAAlkgM7OqCLKwIgg7yajeXzDpUyGfCRWEFdVENf45wXU4qqrAKmqDZpwtNIEOlE6ETalxUb7vTQjlCvmv2G8UIyK+SKQsssmlN+P/ua7fYyIU7e+4eAKL7QFUzMJGIuBFkDMqKmrXzVJaFQV8eJA3olGM3VOPCmIRG4htRI/9bPQUFv/c3hm2TovRtOVAgbLNqwM43/INsTsNZTeeEF3mYKIxZ/rdp2lUeaDCsTmtifYiRe2jdv4ZOaeOyvy00bFRbt1mU3AZF2VOR0SbSGrq6lEkUswATrl5PQekodgEi75kpN6h0PLOsJaL4DDQDmEV/3FvUkCxFhfynvy4dYrVL14ANCpesSTm+FV0oGoZjsZKktVYtq7JISWY4RyLQwAAzP5Yslj8co3NCv+C7rYDO32xHPOup1MvuETdkosuGRDwDpXfC+PG1XpjnvdUtMu2ku3NXLLg71nI/hIvoB4d5UoJMMLWuGEDJSb+wQIDFcmvnBO4rvTyEEZAAGFFIvU5KONlLb0M8cpKwPUK/n1cjBUxAJZJJeBNItRx0IcW/60igAanWck2AQBT6wNaV4BUJQCKXUodEZDfbrHgWruXrGAzuUtfVeiFnrfVJIhgN0YtPNPRHL7cYlXrBGrheQHAKKGyqITIniyPkPH7JKRYzNDeJELLcREQwBDUhv/anQ120ezesWgxc0IZb6Vla7StoBgEfO/wtCIsik70EWtgWqmA1tQAo4zUbw0QiiiVThIEQPDi9VcHoBHbFv5WhmGG6BuOCSS9XYS++Rhv7op3sJOTUEfdmarVsVTSoBWgCG5ACTCLrREFRTBy2zRgdth6eKn9Vij7StEi+iM3bk+oqhGQgmvrgUB//YCpbR8eLOabjdiRrECWX+oPrR93BNYzs+ttNYAnAgKUPKWAYAPJcHR1WdWvoGgODesBuMpQfd/Rsou42pLQuDAHBC/pnyDgLm6wdCkQtEPOYAqB4QBDJKInhkhhPps2dXxKfUXQUsUDN221P+y7NABwZsYQp+3EavP+NKx5u9tvX7+9Uek//fLUdV1/+EUZ3nz1+v/wf/mb5SJu1/vd4SjAp8P+v/7zv//pux9jDKvzy/y0yzkf9kdRpQgsgoFiJFFryLEIIsW3N1eLab3ZHj5/3ivAfBZ2+8Nmt//l4y/74yHWtWRv8xGiiBLFUDVWo1VVBUAWuKWIgWrjUTMPGAkAOSdOjMCgikiJJachi0wnk9lilofq+vXVl68vP314Gob8x3//6erqcnk2//6H28+fPl9cnsMXN8r6+Lh9//4TxGqzO+QEGMN2u93sth9vT4jw+tXFerO7f3x+/er89dvrx8+bs+Xy/vP99vHp4ts3FOKnT8eHzw/Xry7rqnp6fAQZqihnq/nd7f1+v57N2tNpR1gPmUGwmbXTtg4EfS+L5dnD7cc09E8Pz9evr9vJPKUsom1b89D13SECn83mRKGK1W57OFstMw+H3a7vBx4YFBG3+1NS1etXTUoyn84uV9N+SL/8/BTq7dt3l7ajbA/Hi0tgzvPVPNbtYjF9eNoNmfvDfrWYXF2f77tuSN3+cBwS//T+djVrbm5e//LT903dNpOJMCnk/qjCCUlBYwjKkiJBjBULDf1x/fBh8/zw1Te/7YajArST+tRDnyRrSn1qm8nbb/6DSjo8ve/7Iyjs92vESlmbaQMCx+NxNp93x23WYXW+DLFu2jbnAQFt8EpVt6AcqpB2fVYWpdwfH+7ez5dnEKhq2qFPANrWTQCqiESyAVgW9uYfiAhhke+Bxx9bk9AG2BAFFAX2qB2NRjmxZk/fJntAVTIWwtFFHxaSCqZHLelciqqu7kZgKa5Ca+Ijkp3iAT27h8jE8SW62k8bBQWWEcwaZgUA5/5ZJFtJURC/KGZhNm0qAAoSZnKPlm/5BBDdgaXBOsYxSGbAIpcEIFOJOPmuoODTSsGltFQsy2VUWok7RFRl1hLBjy75NQdXKZgcHKgVkYjGm2jpo7OVUqbPAYBso6pEx+YGMLooSRH8rpUfMSRvXuoCDLXYpUc4a4e5IiBrqeVEzAuhwiqoaDy6ggBEU8OMm70dNwXrej1n3OpYT/rRqkUdKmV+siN8KyVZihm1vBKW+ZRawDzCWC362VeAegGPQATKQFAutR2X+kLmGgzw7E2gojJHG1Rgk47LMe+HoX2AAoSLdtuiaEZIquON1vLxR2rLTDJa4InRtg5HbZ2Rx/WrKojNOSvHt6sLApKqIvnKtxoAHdI6lkMX3Ni/k2s9wJIfHb0EiwSxOwovlmu/6qQiIzT8NXxVxdGg7IL5kolKpbSR0m6w97C2gxVq6r5s7x0Z2Ctfv1RT4CvJGm22uqQ8bejYHRQtotNspVD2FPt+I6fhZYF11QDAUwoAXWv2guUACvNZmAAHo47rMHgskCK5ncas4uICNpdFe68AiiFGtTg2UKm4NCzN1PtUVl/Y9yxib/RQMC/t0cutsYMYKBALIKjY7gM2hkyQQIVEhYou09QdNPqdAWSUUY0eC19/Vvv7skO01MxSWqMUYKwIylC2ezNiojozoYhgEkgr1dRGBpR7Y3DRXz8Eu+/iQA/AAmDG8h0tmMEWNYMR5V4gl7xhHREmlG2NSEkEAUrGmtXKYEI701JaiIKNpDcCWUGRyoIy6ZcW+aYKQFCFYIxM8N/2ReA1CNrNJwQ0PTroOKKEFMReeaxHESBowJevjx5LXFA7q5VcFibl2509ggilRPVd0fOLyjag3oEtVl4P5MUi9mNARUGB4F/E61WznQBYQYfu+bU1KUSoPs/tJcZXBYiodL/JS05XqCm5ZlLLfgFehKF3PDxOTwFALJ7YwiWMnPRZBDhWvq6gMy4QwWkYs5iQMV6aA8WmaaeTFpEkSXs2kcTU1jHQ4bB73m0O+6OiEsBht5u07axuRDgzzWazx4c157+0Tf3mzaqi6vxy1af+dNicLc4f7h7+8t1Pk0ncbJ5/+PGX+Xx+drbQgN3HOwBqJ02f+pxyYg51k1hS7gBAROp2dnlx8fUXryLQ89Nmcda80YvDcf8v//Ld3cPdsTsikTDEKgKh5KQIIdYYa6Q2xDZUDYXA4n1JUWIBRGIexEAQqSQOqhSJBdjE6bHOOe03w6RtDofT518+V5ynkwVCdX55liWLQojw43c/rJ8ej7v92fnZdrOt60oJCWG/380Xi/livtz3FVHO8urmYmD+b//yh912u1zMOPXH/SagLs/mohJjRVXVpfzLh4fZtKUY98fD+eXZbHX+9Ljd7/fH49Afh7Prc2G5ur64//z89s2rw27fd8+RZD6dKC+Z5e7j3cXVCkSfNk8VKqkS5BDg6uK8O/Yx4Oz68njsKIRY16eutyngfUrz6ZzTsN+tPxH9p//S/Q9//5vV+dnN21ebfScYj4fj6XDaHlNVb7/55k3VyodPj+enoWnb+WoRK2oinl3OdRuq1Lz5Kmrm/f5QBXj9xbt397/96Yd/06ycedLMgGFIPWBACjlzVVWcGBRCwIBAOjw9fHj75Vdt0z6d1kp9rOrj4VTX1B1PMYbV5XUa/v4phM39j6fDLveH2Ew4Q3eQumlJJPWnpp0d9psqhDCv7x/urq4vm9VVU7Xbw6GOQTI30/mk66u6jhhP3bbvdvvtfnX1erG6XD8MCjoMnSrHEDgPKQ1ZWCw1h836r5zE1BVGtxMKKqoAIYkgZ9WARoQjoQVgiwAiaQABDAgQVFSDIqqnn6CprAFf5H0GW0x0yGjqb0I0/t2sm04CgLKjArFYYJdrolgCjMEwFlAwuakPNS+Kf83CopCzZFUWzZlZiYVZeTxeze4VJPjcLqQQUIGQgUjZxHUgwdCAZRkCoBKjeRl8dIlkHR0UiEq23xmuIPdDis1TL8XVGGyBSK4VBqervIoxwZOSMBuOHNkZMcmTNRmsRaLeOrF+iLXSBVSzuo8XkYAVwZTkFsdHiBmyA3ZjBh2Qg6r3sD3I0Kiogsc8UltNSWCaIlA07M7q3WJwgayqEBFCUGVQVD+0AZRVjSTzM1cdOtrGrj7X0roBUqjXQkYaoVnYYoBy7iJhUG9A/Go4lMs9PIuk6FLIMYKQFwdKaBLggjqxQDKFQod5b8yOOEez0VCBmkShyMGMAQQjqnG8zOY6R1J0t7GJhh3YvKR3QlHLkpYkEXR476Ab1IMu1GtuYwo9Uck/IY0vhgXSg5304GpkpcIi+vUouNt5SkV0xFCuv5dSRVXhgfjgIiMHjapKlk6B6DNqzAmDRjn6O3hmvV8wcB4AzAjgIddeQ6qavQRKfgtoKZTQB2sZrjWMWi4fBvVkJgfl6LjTkdiCrF0AACAASURBVMmvlnxQdMVy8Z/4lbBehZl9cIRaRs2WiSdu0XSTMhhh8uvCxto76vjW6klzjoupSNT7OQalFMTfWoKrDdXBOSqSsGMgVbVRAMUzVKpXUHYCGQ1pqZA3BaX4QwgAvfUJSKF4JWxBeEfFVpRN/C7VLLn8GBWtSh1tC2BXMLoRwyofewtSguh7kpjFyYpLIqNIoVgCAABFfUSBN74UiYJ/ZUHT2ogCqticO1eOgENvZwYAEcit1N60tfvgu4PYoy0mvypkvevWSllupl/v09pDN7aUol0hc2f5NAVPw0EiUp/tZY8dWRnjBFOwV/SBkWY1EycflNkSxNwaQwBmV8AioTfuJBD582uPs7pczWKIbHs3o5R1ztEnl5aGj6IEayejF/J2+xUB1dL0bAsjC94GY2q8nrbVZnnAysrAppyzKsZPNUDv1vg5S6V2tSwHlzOBaw8RXvZPQCDb2BCBrdthgmX0Zp/tn75uEEpP/iVfAFBVs3GFEQEyD3m4vrxs22a72afUZ8l1U4swEVUxTKZtyt3x1DXNhAjm8+mbt5dNRTxgf+wV4CT9D999/Lf/9peHxzWRLM7n//APf391c/6Hf//TTx9vQ4wUcMi5T0kRIITjqa/qBlBFGBHPlsuvv3zz5uasbZvFsn5+euqHoe8zRnn//i9dt+/7PlbNkLMiSB4oWMaIgEqorTcVQgwMilSDQj8MRABsUUjKmUmUqiBiI8Mh8VABVnUVQUB5MW32mx1frcJc58v5YX96ftwuvzi7vj47Pq2enh5/+Ms2M1Uxnp1fNJMZCA1dyk0CxP1uf3Y2H07c9fni4uzd29fdab953h1OPQN1Q5pO219+vnv19tXZ2UpyXm92zRevYUjDaUClALhYLEIIFWEd8XjYbjbbmzdXw3D6/rs/37y+ms7a434NzFeXZz+9vz1fLhCG2TQKt7vtFjWxKiltd4eh7wLS/Ow8A7R1LSxDm47HY8oD6EnhIqsc+8PxruPUX18sF6vlZFo9rNPD/YYiHvru/nE7m7fHwykGWpwvgWi/OwxD2m7S2zeXTT3R3B32xxgpaR+JprPp5Vn7T//0dwDdZv243Tw1TUUUQ2BhMdsaUWDUnHIARMQ07NcP7w+Hv2tnK6NT/PGH0DQ1c55NZ/rmXSCkUA/v/x20JxSqqO9OQDhpJ4QEBNPZXBhEOaXTev08m8ynZxM6VSlJHUMVY4gRoa6qmqUJUTkfU+rni1VAeXq6zzkZu6GgOWWTAKnvIAYuixAEBQOpzZUwqb4AgJAoVgERmVWJTSmNmlUxKCgBKQXUhIrsXNmo2DBReoEvlmDnFtBCAnjHwAbc2HNMbvMEcZqhdF1tbxJlVbaywV8UADFnzrboVZk1sSRWVrCegJmABcXYcSMdMmUjUxFFGIQ0mHbZ0jcZM2Gg4PIJJIRsulpVIR/hBKBeBgEIgZpzDVGFTVkhAQM51VYmHqpXSYayEUqSiruepBxFprgHVm/EKoAwi4IYwCh+4LJVEwKKZvYAHxnPRPugXCKyiQis8+NHoYpNwEVAIEYFRS6OAARF0exOBCOmRRVYNXo71pE2AKiyOigz+mrEDSo2IRU9tlS9xSzIMIr1XfvgaN8QO3qUbMnaQG8ZW6+/2HPRGwFaYhbVOU23eCgW1KrWqAa7sYQohEVmTaiOpCAAvNDiZOtXUN3Pp6DBwBsCUggOjYwYtfJF/YUMk5Kz1uUfm27nZ7ydsbZc7KubEMdCZ176G/aJTILkbhnrO+EYeOQLFcgiGAtwt/7HqFgQvwwWZVi82lY1OMwryh58AZ9jMWMQHwkNoBvq0nIOg11IBXOEABRUZV+c/HS3u1ymGZSPCZ4o6HysmKnYwZC/mH+XkpEIiJZm46x7cLKAbAOi8gJQOhKlxMGRXh67OKjgiAIRfeP81bX7FTpBV1BpITltAXm7zksQ64N4yaAyqpbshgghQgi+Q3oYvILNfPDPYMEm6FGu3geBEM2Lrd7UBAWfRKzgaM9+jhQ8dZXRHLhIwUhfuxD6UkXZAi2v5k4nVLA1b3uTCCKRBq9tkSAKC8XSSbDUGoRgfUiH8zFa+H5J6gzq/QR/r2jX1uBbQCUUBgsNctDpBWVRsdkIPCDAaOVS6a44gz7eAhVhN64jabAHE6yFa04PJOtSaxlcgmIPlDe6ICooRArmFERydsLuWmmNoD/uaA09KnZ2hVLBW2MsWK+jXGhfEcpF0GaljI2GsO9Q2tRWAFvr1IkcsLORFM1l4/y6n65ahDhadi3vo3k2rBE/IopYppWXR9ROJ/nV9DUrzJXKvILwq1rWqD2MAYFA2Hc9My5kK7qAXBQKPksAQLlEHiMo+uIOvtnA+J19q4hEYMZ6233Je9kmK1QQVEWKKhbwoCEE2+eEpa1pMWtOywmhIiEGTSn1w9D3SUVSl5NC00RFXG83VayrahYrvL6++vbbNyp8e7tezJav3lwgDOfXZ3/6lx9iFf/+H393drZIWTa7zd3d57un9cPTEwCGEPshC5EKi2qoIkvirCGEqqkXs9nVctnvjtumahr4+P7uT3/4ab5qPt993G2fc0qlL4Q59SEoIoooUqQYq6oKoXINg40mBaRAkpI9qcwcVBBQBJg5VBWBVlAhYc5Dymk5b29eXfNpeH66/+bb14fd9puvf3O+rG9/+rRLfNhvDtvtdn9cri6en/q+T5evX3/8cPfmyy8w4O3t5+f1M6CcTkx/pi++etPU9bRdrTf71Wrx3Z9+OB6O//iPf3s4HPa77fnlsj+eTqfj6XBYrpbn52ePD4/vvnz36tXNfv1kbrW2rWazaxG9uFgRCuR+Ppv9/P2/T5rq+moxnbaxAlQ+Hg7LxWy/eT51R+YhJzyedk1VTdvJZvtYNdMQAxHWhCkEQogRhv4wa6evLq7qdtaEar8bfv7p9vLqfDFvUz9MmvrifDGbTaaT6vnxmUK1WJ2tnzd9f7y5WR2OSTiLSErDrG23221ThafHR5Akp/msrm+ubi4ubwSEh9N+v/P+K2FA6ocjhapuGmZhycfjFuj+8fb2r//xi8tL3e32p/1h0tb96UiEzWSShm45nafFRd8dh67bPPyUT0dEDIF4OPWAk3aSU5rMliHE3WlHEY/d8e7hrmnbm1c3m6cnTn2gZr5Yng7rEAKiHedp6A4Umqurm9QPTWyNm2YGFgIgluysmTrpbEeWKJh7PgREBggIAioUghKjhd+TcXEWyG5nDQMFzQAUPHFADbc5CPMS4wX6WKxm6XCPzzSVib3GHxsdZadCIYnZGRYFlpKabPoWi5gTSdmyflREk0hmYAFmHXK2KP8s1ii3DjIbe5QJohEcQSRAKKSDIARFlVz4Uyl2VVYEzEJkOihFCSZ/MiMyorPohMGylhCdVikcBTomshA6UDWxzq9GGqggWywaopr6viQ8qNselEVQVGzipDo2kGITcGa6gKvC5FtusIMXJ57HMgxBlRFR0TOXrDIDpwM9/kQVrKEc7bO+ADotEBMVnGxVLzDBUKXznJas55XOmPBs1CSBjexUVyRYB8q6J+MBJQiW5m/jCdy/oIpFmqIF5pZygkqguVPEiI5PXcsMvzqYjckCJ0mLDti801CKOA9NwcIFA3g/H81LACUlAzxGsNQojvfsjnmC6cs1MxYbRhjq+jL/DPiCn82laWoRwyuEWATkdpijCzW8D1+6U2g/VxbGr5lu1fLLWKh9gOLjtrLUZE8F6nv5Z3gQnFv2QrCo7sujr14SaJGYqMN+KpWJ+hgRD/IpG4KvLydEXQflTQvUX83Ktlsj1oQarxQglJuBUOZn+iC4cV8Czxh5iUB0NGyzuL2NYrYaRJQX1YvAyDf61wQU8kBcS770j0f+qjZX3AmEgr20aEiwsNQIqhCMqLfFbvXF6CtAAhLQooKILjEHtLgu+2n7NUIENG0QmuzBQayvM7sM3tIjRCGLFkKIo2oDKBi95QouBUBD5mCsim3ttvVYNRK01JRGPYD3UpxvLy0bsoxmA+cKqEEBAkTna6CsX/VNZqxOQE3v/1IblhXtbJLJLqmsL1Oxk4Qi7SkVtW28BAjuYwUtbwyqiBJo3CTHatBujDc7UNEpnjHkTkfs7A8kjYFagD5YFwGwcobCGx7+4oKIMj70ZCENtt1GJTFPs8WAuukZnUqwVlk5pH1n8G0hFKstgqoEtHHkBsJdGmb9lyqWncujj9XWkX0ga8yo12Piun3AQOP4GAElJTbFgN0XdSkaEAa3G1JxIpVCXIrnyQ8Vu25luAHZQBxUBLGZG8Eq7fIbGihAoADAgBoCzRfT6XzKmbNwaCanvj8cDpvd85CGEGKsamUJgYa+11gtZs0XX31xfXH+t3/9zfXF/C9/uX162H/77Tev367uPt7ffXhWqK9vbr78+ioi/ef//If//M//tjnstqcDg6BiHpLFKzOLsGAw3xzW7bSuJ201iaCri2Wo8Plpczz0XX98+PH9j3/5c0q9KoQYATSnBKAqFm0bMcRY1USVAiRmBaEYMoAwsHBEDKFSizAQoaDMGkIMBMZgEDJVeEz8/LyXgdsm5pT+9b/+4e2bd9v97l19tTvsn49dysPt5/sYw/FwEMHddk/1Jg2y32445912W9Xh/uE+DcIq7aw9HA/Hww4U6zr2g566oW2r65urp+fNZDLdPO9CpGN3WtHy8vpi91MPEjjD09P+t7/7cr3Zp5wvL68//vKhImzaZtLgZvuIAfr+uNvvl2dzGU7b7W6z3u5229PQGzK2cRlBA2GMAZumHYa02R2CSl1Vg/LAfTpuQbWeVE0zJ6qenp4/3p199eXbV2+uNXPu+8f7PJlPVXRgjhpuP90L6Hp9mn8xu7ia756ej4cTKEymbU5peT4LTdg+rt9/2P/223ff/tW3n+4+A0h/XPddl/LAIpKhjqGKtVkGYwgKmIbhuF9/+vTD1ZffxhiAU1PXOae+O1GopvMZ1vXxsCeM7fTs+vVvVHQ43PenXdedItHQHxChaqfb9XPdNHVdnfYDIRHjQ/OYhSJAVpxOW5UBmjmeoajmYb99elyeXUOgzKygzAPngXkYOKc8gM+V8tBwLueJ2+xZiUA4IACpcjA5vqacCUEokLlYCTSSZayBY3QgIUbHXXae2MZvu52498nO2bEDYOel0WZSurZAINEhddF3jv9lh7Vxse5wBRYRhgzAxanKwiwwsDALZ0impVHPNCY7XsCpuhBAXL4RCDSLU75CxpmZbZUABQXN6OwkK2pEY43Zdj1Ec58GkxeQ4yN16gEBPU6pHIjJdk6HXWK1C6LRu54I50UOWtljYFpYBcQczABc5h/4P3ZdEAztGHYG8Y0e0PSCOEIwB0AY0E5LBRdcsVPQwcPzRZnN/IeqWVSjd2WK5LMwb4WF88MTwKNNRH1gmPrcZkUB3++NsFGCF1LNTv/CKTu0NaUzKgCJSUfJZjONAmkqchgYtSAKjjcsXwP9jiIU/ZaBEEevVsCVIxNsMhi8tFJKMaAF5Dtg9uRxQ6JuOqXSoSJbOo6ASw/eLMWlYQ0FQY1/NKJXBSErMRG8/FDE8ZB0ph3UrAzlvgoWVEmFNx+lz+XrvTBu5QcKKHVEAaqe8lriaMbBbSWyU8uFsVdwsTaU9TXqnH4Nd6GUBFjKRq9xxq+txQ5pxR++FEuGEHy1/QrAWWlhZRuIpxSUT2cQrVQ3anJ2+zjgN2Ok+O17CbwUPv7iVmcZ8nUA6yZbL7cJkGx1gM/6LS9R1BoASuRM7ciIgIEkZ7DtPAdVhYDB1FBUbg3huGBMcyhs3QpVKqJ5rybU6mj1HqLptcrXwRHoOvYqZQ8oIBj6g9FAYesXvdFHvv5JQYOS+D6PYFOIAIsTGdX6uWVaABSVWLkxhYgqHLHPHfaGQKkvwcAsmWDdE6a9Vi4LE0qXtGxo6oeL+G4MoMqABl8JA2hplJViBMvHKvXk+FSMu8hLFA1AMa2CZ9j5aDAUN9mjkoJ1Rfyak52bagR2cELdRDoqZJuS+SisTCrBAKiW7koY1W2yAGVqtj1hVoFhMFkOFjbDxHa+eoAQzZZtm6qVbjqy9lr0wBbaZQYUMD95tMXjG7uvRqMHQGwgvIzMBNrCFp9JiSUw2T8q+AxwGA3Kamoqr1cIx0rSH0MZi2fAIKzGYBCiCHnrR4BCdGoNJIYQAlHUSUtNUw0pESJlPe673XbDeQgBQ4wsYGnLgYIwVLEGgf7Yff50t39a70/5299+FUJ6enhenM3rdro4O672y9Nh/9On5z9898vdetNLet4fUuYqVlVVK+CpOxGFUEcFQeBY1dPJZLa4fPP27cXlWT2JLPiHf/++O25/+fDh9u7H7XYNytZjHnK2QGkRpVhZwBnFCD4/ztYeWZIS2Rxxq84wAGI3nIAwqKQ+K+f5bHY69nVTX19dhVARYO5Ow9B1p9OQTh9+/rRbryV3jLSYxvl8MmROko+nHnTIWFkalT48QQhNW6+f+qZpSfPT09PN1Rwxf3z/eTJpv/nNl+v1/rDfxUCH/XDYdTGEs+WcEA67/WZzuPt0t1zMptNqMm2fntZ1XR+Pp2N33GzXhDD0bZrUh8NJRHIabm8/T5YXmvrr66vdfuiO+27guqqqqiUd+uMxBDqd+vl8HhHWhwNLskXCCpxyjLmtq6HrSKuLq/nq7Ho+n52dTYlktppN2/bTp0dRvLt7vrg6v7xa7rbHLvF8vlw/d6/erbLKfLWoJ9OhG/bb7uP7z1lPbYtDDw8P67OzOWo4nZIqtZMZ9igszJw01U2TeeAMTTMBQZZcwTCctk8Pn9+++3K2mOYhVbNWFbe73ePD8+psEWMdKp3OlutTvzj/sm9ncXfLfDcMJ0I9HPfzqmbJnAmbZjY7y0kU42azni6XVTs7my9BBUlTHmppFovVdjN0x/1u/dTMLwGoqkKswqRpQ6iDimIwJ5VyFhvx4rajwuah5UyLgmZEMwiyaAykBAAsaDUYsTAhBmPMzM8qgp7rY7DCaSd9gRFizFEAEpAXMte6uy9bAyBCFsbSsnS6lMDhKYJ6/o/JFjALi2gWyFkTs4pmZlHKoiyQWCQbaaaKZDmfJAFFEJECKXBAb4mbta0K0VyKIopEGRU1g5HTViwgA2BAzMYGkZtK0YAueuApkaJKMNezT0dVQrvCBcTkIk+wTdAAPKCyZlEiTxU3+CEAKuYGFhvswzaLXrxbCDYx3gL7RYtxtgwzAyZEVLKmhKoaZhDzbDASqcWpqe0xgKzWRFcEVqNvUNRnAkj0bRoR3CFizOK4ssSssQgvKRTgGMT80U7dlNNWC/tq1YH6QINx7JcDSVsoAtZ215G4t+OJy4xmEPWhuU6FOU1m8g+ml6wKtFnzWBAoqrUXCh3tFLWWA95ORyf5TGk/th8QDGQXHG+6CIdufqi+CF6dSVcsm7u+0IbG9xUfjUMNgYK+wee8qTO64qDF6+hikwMHVgD2Gf1fsZhzXy5o6RdYEpYafjE47tfZTMhaKvzysZyAN7W0FgDvDT4vgh2J2FuU0g5dkOBMpV+AlyLAcaWFDaiXWOBpK2hOdn8v752JIjrd6SS32icpwMpvD9MIyMei1XspLwWdo5TyXUst7f9mF9buIJp4yB5THOltVR/R4HhUQYInsgYskjYqdxywwDYZL8fY+CpiLQIVoWKIQH9vw1tI/kSIIiD7vRYCYgUEtsYPlZrDXQ2jUEvss4wrqMT7iu3dEHx5FEO5h/OKaPCSonDzVmiLog+S9bqCZSz77O4hq5C6akV8vfhEMBty5aUCovukQFWDkgNYJDIFOzr37+eZC/mM7rdL509aQKes1aMBIJTIyhJJpN46AVsDfonLXSccGy9+NRBVon0p77GhKaZcm0QlXggQS5yl2rcMLsWx1joA+UQMsCLCK2oEALdAK3gsp+04dr8cAvoJZOvVuztYon5sXanvBhDcVQ8+SMGZQADvxvixK1S6+lh6dyNRh6JiIBxAIpAYM2eyHXNwm+QZgxc94k+PcR4sXApiQ7NebIn1gLzYD6oc0LYC8nwLm2ZP5YN4k8Izrdgt4VRFs6VorGB5vpxMZ9vN0/HU1800pRIfoirCFIISxkkzm87bxfRwPN1/egSB2Wz25ddvb14t22mDSLP5/P3Pd/vNAUBub5/+l//lv35eP+2H03Z/PKZUxwo0ZOaUGSAAxkCQhl5BYpieBl3F2ddfv33z7mKxbI9Hrppw93n94fbn+08fYgWMLMIqgCEgW+hTCLEBC/0kZGTUGEMUVB0fVQp2mOY85JxQQl23QBJC1XPXTOqzxaq5uhaRy4uzum4WZ+cP93efP9xWFc5mlWg+dDvJab07rStQ0D5nzKecYRhO6/0vk8kMIzBj4qFtp/2Q2qZGEen5anVWAfX7VDcxpWG1Wi5WZ/Vk+suHh0lTIc3u7x5T1yHFJDqdLw7H/XIxn8wnt5/uY4yS89Pz5ubN68939z///H46a88uViml1B/zMOwOw7SOfgQSUV2nlAORcMq564aMFPb7ROFM09BEPHW9KGRFBYh1EOGcUg+9Qtge9qGiUxryluuqGlC/+fp1n/SwT2nITw/PiLKYzc5X8/u750+3T6gY6ypUzdXVpSp0qfv8y/1iHm+uV1UVQk3/8I9/9/hw+/7np+40VFWMdZBOACXnpCoYKOUEECKFPPSn4/P2+fPX33zLqRvy0DTNfDE79qcA2A2cBxm6FGJ9fnXz9ADMvDyvWImfPjIPiHI67Jpmwpm7U1quFjUhocYQJOUej4Awncxubm6qKv7yy8+AmESIYBhO0h0eH0/L+aStmxCRHf+gujWXCv9rHVMsnU4AREF3Jyqg+IgiDUIKSuBqSQQkUgb2U5UwoMcolMRLO7VRhAE8HY4Cgg8fYw8mNGcrilNPBk38RNIQAoiizYESypDAm4OYs0gh6Fgs2hOyas7CosyqylmRhVNiNb5A1bgCFBVka2SHEopHBciYziWSt8PR8ISacVQAgcgoBmV3ASARG69PhOzcLsQQRLNhTbAwBjKTLqOpM7EcMkb7jCy+nfQqCspCtvkDaBZT1do2CyzMRvYX8ZR3/EXUhtOxAoErV9EpM0HEwkiLmAlaVc2Va445dChs7I+C4ykFBGGAMlEYWDX6kjGys6BSgyVGGxr4hnEyBBZtjLPXYnM6RSAUQhIULdelGAO8I1xEZ3YQjOopwPIp7XJ6pJA6mTdyVWaT9UPO3qcM/TVYDwhixsOCPLUgAEvBcrLfmU3TMEmxSVogquE/+8zq9L4BEvOv+wf2tx+Jc2ucjYcekRUv6mLPEX6WNYOgTsZ5ReICWwMAWl7dq2nr4dtDW459r04cp3orv/TsrAyB4uP3AtVPTNExaMfbKwV8l+qumBTspRwQ+/sCvgh6/rsugxfBomDYynRPKFLUHY6sDeU5Ri5XwnGFoQQED9T1y1m4Sh0/33gFRsK4ZB29tCfUsX+h8Amk2M9tCRnJatuod2Js0RgCIgU1mkNB0dNYDW/5rvsSAmbFDJTySAEt3smqH9uJLOTQvrNJ63As7yACqZdVNseRAFgN/PoaQTHHh0UlOhwlc0iTFzSgwvYhrcwTB5tk0TJeyhA5gAcgtZlT5YFwqz0YJw+EKBT90TWixL8iICgXckgdWgf369jaHWU7bqUtWT8Ipegr/R8S9cGHRTGvoDhqlGyEIwKysi9Br7RsC/BmDZT1pI6UrVNr1JhdP3fq2EuMmT/ovnhSK57Uy14EUmX0bhCUt1Aku2t2pSVC8D3MwjBxpIMIqawWVFUSkRL0ZMQbljMXbckgWO3uKxCN+IeAlghHCECFDsBybBRnvQd3gLJoNOMMQhgTDLx7A2pbHYKqqs2l8mVpowfsAwsAmR69VCIWmQQeYA2EQErjRmvpdYhBVc0JU+6Q1Y9+K7U8YRpUPUeIvGwQsxtqQOtHi4mSY6QpNovFLMY69znECoBT6nLOJjwOiE1TV3Wdh7zN2+ViQjGcXy4WZ+3vfvv15c0V98Pnj5uz1QJh23Vptz8m7j9+/sQxhUZCF5Gq+bQlFRDJMohq3dSR4tAdc8oa4pCgoXB1fXVzdb5czB4+P73/+f7p4fPPP/z57u6DgpASizJLCIE5iyiGSLEJMVJsY1UHiqLEwjFW1oq3YUpEECAiI6Aw5aau2qZdLpeqGC9xPovTdpJ4eHNzNakbFjqe0jdff/PV2y/SaZ/TbvP0GKsIAPefH/LQzWYTBSWqYwxWfS7mTU7dbtfFptlubpum3e3StAnd8ZASq+piPu1OB+6H1XK6XT893j9fX51d3Zz/8MP79fO27/ouyfWbm3rSPD09Pj18Pr+8mM/b0/GUhu605enk8vXrm/50jAEnk/rsbLXhftJOL19/ef/h/XbzXE1mOXURoKqrNHQBmCV3fZo0Uww6DDlWdSBIQ87Mk6YRgfl8hiD9aV837cePH+bzs/1+v37ezibT/RfdzdVqMpncXF1Np+2Qsg3r6AeGKHVNker7z88RcTadV4FuXq2Icup7ImWBhw+f54v5m7c3v/+b3x+Pm/sHPp1OCgEpi2REjCFmZuZU15WA9v1hv33cPt4dd4fZbJb67rjdTxfzaROFNRBnSGnoOUPbNpeXF5Omen54wHg+XUru1qq9gyaAoTsdtk9V0y7nyyqGzXZ9cX7ZxDj0p66mpp29evXmeNr3qX96vNXNw9VkMZ1MD4ftatmEGACl7wdOFhcprsQTVqPMgBCRRQMhApl6VlQ1qxEImEGJCZBsljwBATAgi5AqBCUmprJXQtkzWMH4AzRiQJGLeFqVxPurJhFEV1KbMlYzKAJkTuisXyYjw1Ftl2GLubRkU4s3VRAWZjDinzNnVRYoI4BBQCUbsDSUaGQ52XRiY1ORwWbZMyHaAEdHQB4Qj+B+M+v521geBKWggRBAiIId1mKmBdCAYpfV/J6Bglk7R8LFRqUBAHgGvx/9OzZvoQAAIABJREFUlvljsT+qZq/SXAaBWeyPsfLW1rHfdYDC5rc2pp4LU2/yGAJQyFJmphYSFcEGqMEL+WoBbUERWNgUE6ZMAkQRieqzSEHNSmvkuMOLUtGRE2Ml7lOcKXNAhAKqqFQMbvY7xtMCloPTXKUGNqWEKwKAFt6Y7XQVxWAeAseMo+BfUJwDk4AkPgjOKhNLrFcEYFELADFQ7pNp0d/IAaRxMISez+G1CZhAojTAsYBw6//zSJs7VOQCBdHxoKGPX/lEseBWS5v3Xt2vQYxVSVg6J+ICDYFRIFyyVRw82yfQQmX6y42fy/sP3my23xQnDwBeigE79R3i4wjjFZGCg4XC3pe/94uoWmJ8xj6Cl3eOvi2n0D6R2Gc18rt8/SIYGqtFg/ajYkvHmoEBwMdwq3rPxW+ggT+PxnLYVbhk77EUKIwFHvudNNhiy85YTSz3riA/La9g0in05eNVtUnxLAtBPEnNbqWDfotxwXKbXbONao0jQIxe1Nk1B1RBFUG0PQARFZWCsnhR7AW9kQvj0kI1wt4pBzSifVS7eUloAQaIVpfal0Dzco4FJQJ4dpiiJ+D48iEs4M1enfwWjXucuZV8qVgVbqtSnBpXz6PEEIov6L/jGgCAVYJSqSPEzCi+tr0kARAkCAqlW2Bbu/VPnZLwXQoEhCCMeUH+umb9pXFbEw8qLcUPAKhmYAAaqzmnlbwKF9/1iEjRAbk3ftTbLfSyzD31yN7d+THzQlkkHEIwHZEd2Z6oaxuZn0n2dwCoJOR2GtPvIQAEEE96QwTUccav8fNQVjGhFgbChZcmCARUtbYv24YB6D0tr4gJQDGW8RcSQEQVkV04SVYlvhwX6hyPvjiCUFztRICgYtM5vcQCCmXDAC2B3KSg0ckmm/AYI6pqCDzkrk/9pI6suc+JmW0UYQwYYyDCrhvOlovN0y5SenN93sT2uO++eBtWV6/T9XDqu91u969/+NPn24ftfr/d7T/ePaz321A3FIKoZuaAWNVNhaSgfXdizhQiUE2xOjs/f/fFzbsvL6s6PD4ffvz5w+eP3//w0/eiTISizCkBQs6DsGCMhFHL4GqKlUoQFdYEGkmDCBCGEEhEskgT6wDTlGS2WH7x9vXF2bLvTpM2vnl99d13P//y/nN36F5dn7PI6uz8yy+vCeDTL3cfP21v7x5jQIp6OB5AWLiHQIR1FSsEZIDt9lEBKbT5lID0cNjUTf34LKtL+tc//On8bL7Z7gng8Hg6O19MZ9Oqbg7HIyL2p2F1NunbWjHUdawibbpecldXuHve7Hf765vrWIfPt7fzs8V8OTnsnp8eeiFKmvW0nfbH2IRT36XjMQuD5GYyYZauO1CIBDLkNF+ezRarm8Xlfvu42x2m0wkDgELq+4QU6nbIA4YwDIfDcbvZPC/nS6rg8+fHP/zxw9/+7W+vrxZVxMVyOZnN7x8Pz0+bx/vHMGlB+OLmVebw/sNDVfH1zUXbtsfjSfiokvf70x//7bvpbHZ5ebk/7E7dqaoaVZbsFrgQYjnFA6L2/f729vv7+9/PF39dxWrTHc2jmPsuUF03dV1FliTKknNdNzdvvqjahtPF5uHD5ukD6zCpKMQ2sww5xbrthxRCzIPgCmLVNDFSiEhCsW7qZjqd5uFcEaxoAdG6bpq6CYj2Lva8CDPYyeVqYXvqrNwu/d4SseGReGpdWWBg+34opKohADLyeBZ5eJ/3tFXNazxyqc5waxl3Wdie4sG00boeQalkoyQBVDXguOsz+FwqsN3AclRElBky55xBFDLnLMabqAVpAKhaYwJck6MODxQRJUhQ1wiQba7lpBn3RXS44eQmIEZQsvnwCoyAoCH6XoYMEQmC7UYYgjGbYHQjuo8SEFWEXWrp7Q13A6N1YLwmsDIHbf6ZgrKwsICfYZ6FAAoCUnhvybnMAEBEZUSyv0VAJPT4BDQOmwRAUWwgpL0eIiIrQ3b0AmrTFayxLqpRZBxWD2CNnoLusKRluG7cTi4TZVuZUWYokOUKgqoy2KjWAv9GwtoaN0h+3bAM1AG04QZ28KsqMr54J5zKRhvrxAj++djCbh2caihZ6oZBmNSVywi+oq1IZUeFAABFcoMILHaS2XglD/4z1PkiDPFbWNj1wgAaPrBRZCCK5PmJDm1+Bc8BSs3ktDQ6kWg/4uDWv5ixZiYOAl/B6iDZKEkt4BH8FPV/14JznSH2TwjgggegMP5RQcUFytv7lmrAJS8jfLJVWmCIx11oqUgECkHqyENKyeDvoFY8ikAZiFSKRfts6qUYvtwYUCOpAcSfeIc0pnQsugOXuSu8rIlSEZUOAXojTF14MArdEAI6HIJyucpriptPXRVTQiddEmN3hIySVZ+uSF4Koc/XMq6BsABoJ8W9MnZpC6IiSOnDkFHjpvVQl7fYVXlZVqrs6P7XnHNBcL5cbXaVWfO9AkMFxGiy7RH7W+FnrSrC4tZxcy+CmJUDS9PIlImKFoTp/o3SxQEscn4rITzjy7N0vIIJHmegYBV4cBE52vYEDtwdN3sJHQ2vh3GtIaDNRBi7UwClCPVHlEq/AUstZisL1ejsMu7MzjFBrMBnsnp09ougBRzOlpeAUu+PA7NLa5T9OhOiUeLgDwoqWMKlKgRf3976A4Jgt9KeVNtrEQE0YgDLNPNCw+4jImKkoP74lRMbVTTa4idAVbGCR3y/ItenjhsSIIQA3sRRKenLwliWp3/foMCKoBDt4Rlja8ftzbeVF7OIP9r+NUnIWwHoWEXHat6pf0RVBnOIEBqYUJEq0HI+m8/nj3VE0pSZKFIDKWUiwlD1Q8bETduIAlJ9cXX19W+/RozL5VkIsFk/bTaHT3f3/5//73/8/LSdTur97vT4tD7mRDEqQEoDs7gQNIuoVBRAcwhAFDuGpmradpL7vH/a4qROfXfsnr//yx8P+y2RqkhiHtsvSBgwUCCwjMc6EFKoGlRQHgAoiSJQCJEZchoACOpAVL25WM1nk+PutP783HX96+vFxXyynDfffPWKEDbPz91hv3t8ipiqqtpvjixQ1fVu+wQkqe+nkwYkp0Gn84lIVgYKUZgBKOWuqqv5bLrpRVQoBpD8/Li9uricTHMVabvthOHjpwcVjTG+//lzn/MXX73+9OFpd0gEYT6f7Z8nA3DT1tV0ypvdMJywmj3cP+z32/lykVX3z+vl6iLGaTquN8+PMVSA1DTVBOL+sOOcIsHgBA1Kyv3pOJmd9X2PWE2nk5QTA9ShTrmnUEFOh912OpXNcZ0GAaQ0HDEM08kMqX36/+1fv37193/7m+UZpu4EmKeTBq4unvZ9XU1z0l7Sh7tHFHnzSpTl4/vPl9ez2XwOSo/H7nhM7ewc4RfJULc1BYTulPqjZCaKIQRhDmYIEeXhuFs/xVgvlmfHY0o5h1Ah5tOhi3VcnC2Pp2PfH3kY6qYKMa6uLo/7BhEp1Junj4f9cTqrYj31cffAh+Ouqae77Xo2m82X54GgH5KA9omn00XfpZwHUqmbIIxDEqKqqhpQUMnGFwMgQVBkc0CJCnktXiKBaaR6nKk2ScqoYRYrAhSyQsBCeAGB5a6pgMtEy+PtKRRo6hQkSIoAGghNAwxICGw7iuX3IUAIwASggpZNgwU1KYrHVwOLnXIgzCKQBVjUHPiiKpwVUFWVPY2fEAKI2gATwGBbJSgwMb/4+RxUBu98WpMkuI6UXZJqzAsqEQormDlAgUAMgAkJsV0JG+1im6rjHpNiuXHC25Yu5RnVByoupWR1HzNnVlVREBMGsf2VIRgFAHM8eLljZ6ZY3jgTiUvVC8MndmRjYFBwyyKThf6JWn6pijF6RrUU3YSigsaCAvzlfH+2ty9CA3ZaEQU0CNqxKQ4bje01/t3BnxQYpWqJ4TIevsoQ0HGNkp8dgi9RpFI6w+6KFc9AR9JxMSIqihK5q5gQxZotoESkhDZeRZ3mzeitDWs4Bxdk2IaNaDoi8hE96mNYnXkDC2MBNIQopb4DsJRKr4kBXM9baugC2KH4Y52oc14VCxZShZIrYv9aGHosT6RhYCMpC2GGiOKXwk5YgxvwK3a4EPIu3SgsqMcB/aouxgJnvBegYzsffv0PeiXgfGfBok5ElxgdBIOplo7ix7/g2Eqweka8BwMYBE3qUUgMu71GzRZQAq7AsX9HHKd32f9y+RRYpyGMkj0rdvwrF1YZEEwhByhe2doA2qL68CsOhrdLc8qBbSwF1tiIsfIUbEySOW5LOlNhd7HgYigJ61KKqNJHMeLapdtSZEHFjWHPLdtqQausSl1nxiglz9JlvyUOSSG4D6f4BBQ8f9PXmwfig4JlphGiBhtUq+B5mAQEIlz2UAAMAoyIwc4XVFVgtChjJ9wd3NuXRvDy2scwBHvodEywBPc0gEnyNNozIDYrwVEsqafuammdjAldCqBk2QPqB9Bo7UcEYSmtL1uTSIBlihf4xVZVtWIiAHpAqSqyotHsoEjkBSK6dNBvqz3AZQyBYAi2snxB2L7h9TRAoc1K9VXss74+QYsk3lY+AYYAxfIxinTFGw9QHjJnABUJPVqj4Oyx3f1SAZePwc4iaNmtx7VKEKjQMMDK/gbGqQhicJLfetlaJlUAABC5W8+/cBh3BxMxFkEV+JRNMDu6tw9IyXTK6kkHoCoxxOmkncwmGGjInBKzzcIQzAxVXXMeQkRmCSGenS//9h9+8/W718NJKMD95+ePn27/9d+//8Of/7I/7DXQq1e/G7JgiMTCqpyzqsQqRMI8DJz6ECiGmjlnzkKBYpzOJot5O23rYUhHTZm7H//83frpSZVRZBg6UBvcJ6oaY0MxECJRqGJDGBAtRAUhhKquechIhBiAJMZmNp0QhsvL83fvbk7Hw/NDv1xNcc0i+e72frPp3nx9s1o2/am7/fjx4dPdf/pfP715+6qqmulyMTurtjvZb9cimigjUc46dEdRChSqSCn3Q8+T6UxYjwceUpo3C2XMGWTg4/50c7Pa7w8pDQJxMpldXa4+/PL5dDoicwwRib75+m3b1kBy3E5TH/KQOecYQ1XHSFA3MeXUd33bzHewT91pPl1IHbLAYbdFCmfn7X693h8OJ2IkMzWKKTZ3+92g0KWPi8UiBNxvTyFUzayuKlKVoTuy7IfTrm4iaJWSPh33h83TZDpp2mlsZwKCVaza9tXljDnFGM+Wsxym++f1drvfHPZff/OmrcLl+fKw22nQ/XZDVTNZ4JfzSX887dbr65vXp+NpOB2RpKYgFEAhUGBhYSbRQHVdVxHlsH3cbreLeV011WQ2G4aUs6RD1x272TI0bd00zdPzw9PTc93U0+l0Pp8t55OAVcraHR44Z9FjEkCdt1VdVZXp1Le7ZwZ4/ert+fmy69/3fV9Xoa7j8bir6qaJoQPt+i5rJmsYhcA6mDzfOdTy7NqgvvL4mnTBTvky6rIcbaKKrIImnBkfRrOHsv9A6dOpehaZKYcJwAMh2dkDURJhVA9NJvIwZSxyDIMV7t20jd14PtvgLMAISAQyC9ueoiIiwraRGNsIqgVCifjAM98rDZD5wRsAADUDEGcEQA1my/Izw3Jd0L+3gT8iBCkeAEQS+xNFQCEMgUiNoxDTvxOa/9gzDIxCKjIZcyUpGN/pOUDKPBqBgdXng7n6SQ3GI7tSQ306olHYZhgSyQIIyjZTSBzUW/IEYkC/+0bDKVFwlofNqKFINonRNOl+FitALEoQO6t1lITYMABSQaM4CQEsQglBVMzz4dQnAmQ7bq3ZJGDmazTk4aFSXmGogqAlX6t7nBVdO1Fuip2kYmvFzIZG/vpICVWjOr3VEVxPLqBqKluLoECXspofQb0XJn7bDROUAH4D94zg4m9EW+FBy7cEBbRYGhfsWGnmmlnyDjj4BB8rUtQhhiF28tRK+VXGqEkGQN1t8N95Hkb2VPzi/rok9wrBzQnOADoqNE4ZqUB8a7gjOpnq1TkgOI2n4H0+2wxEGbSkS4Kd2fYrBnJUYQyCdPhUyh3bjbBUyfDSX3KpgVeYprlXKVzuWG2UOlgL7jbwatocq4OMSEVRBctAQQ2O6NRFzK42K/hHoci2yVUyoEWu7mQu+VNABQohhIIXDc/j+PNQygsku9ClkCr/6sbj0iew9hf4t5ASX2UvSUSiwpxVyEosBfPp+BvaLiy2B2txfDoLgYTKCqJslSaNLLBdXxJrdZS3xLFzS9aBKaZhRATlUeJT0lit8iWnp/1SgSqZAEZLVRMRhPytCpo3KsGwppX0JhACRBgbusbuvPQAiaAocySUqYNGFZSWgM0jFLAJg78qyMgVXeiHFqp/Utt9sNQAiGixq4gIGsYFq0VE731tK5cQXWqDQDLamGz7IyqVKCD4kC60TdZLckAo9iFbBliYdeunKJFN09RMrqCyNUcC4qpa1JITg4WEMzxd8p1MJ2lX3rfLYn4vnWknTsAAuDE1SHYFzUhV9jhvuaoVMLYaxT6q1bwQsRQM3i/U4i5XFVS03oobVBRt9JqKFcmmgQLwWw4vuw8RiIKKKYUwGMvEFBADNG1VVxVnEVagighVONaRCIc0qAphVAyLxdmrm+v+0P/8/afVxWLx5cV+s/vh/Yd//eOf+n6YTtubV28n88X+w92p749Db8pvihWhpqFL6URIsWpTGlJOtmPGKsYYTvsjp+F4ON493X//43cPj7cZBiIXYygIMhABI4lCAKJQx6oKIUaqBVAkK1AIFbMikGTJlBBDM2lUlCok0Lvbe8l5+3ysmubi8vXN1WI5nzbzfrGc5TzcPzy30+mQu/vPn4dud3l1+eNPP8wWTRqO3WEf6rrrWBFjrI+nXd3MI9UpS8p9qCoFTrk/nnJVTxBhvdtu94fZdPHw+PD61bKq4pdfvbm8Wn74+WPu29m0OR5OB5XHx+35xcXrN9d3n+6e7h6Wi9mn3aE77YFltVpxSuvjZjabDWnYbp6vX91cX948fP4wXyyvbl6td9sYCQj77jRbzp/3W+FEAlVsAFklDalvm8nQdaLYd10ahthOCEOIUUGZhVCQuCaOEhAVSBhk6HvVDiQdD0eAkIYhDemv//qbs+VkMWvO5tNeU5As0jfTqg3V27dXz49PD0/rdtLs9uHxcQ2Sp5N4frn4anjXTuvDYXt/l4ZhENYQ4pAGFA4hoIIqMw9BW5B03K8P2+fF/FUVYqji4XTq+sPZ6uzp4fGwOTSTSkDm04mmbr99DgXktIvVGWusY79/TLlDxK47iHLdTJaLM6rikDIe9/vDNpBOmnY+nR5PWwoh1DGl4XA61k09n581bZ04swqCWmBkMHIIHdaQECGqsmBJ1PNaG8uxaic3CHnUFygJes3AbsZFf/6gcJwKCsBiXQWPSsNCxNnBnTi7Y8+OD3J4UcKpmYwKQfeUAaKwWrghgqFZAFUWySJs48EU2QNCQRHETkOPG3bxrhgEYVXRkrwuFCjrGIECloAlYjF1hAjMiqb5AUAMJj4xTzChjWVEIA5ixY6okvHtREgCoEyAFOz7ie/IiCCo7KyxJfqrKEAe4bExGqyiCixgAUA2+RisAoJs/jdREQsFVBRT9Iv3RAEUM/qF8fJFkACRgRkLH4foWk0VEMgEQETAqGr0ELqyC4KixsSiKgQUiLyTAY4kzSaCpnJgMyhQsEtLMIb12423g14cYFq7X9CcEn54uWOhZFYbMrYuEKlpQK0sUAUoojQABBJSSzjBMtIZUIkCOOfqlKsCCGLAkm5i1aYYcrVZmC5tIQSbu6AsYPl0GWxSp5FzVnySIgYUe9ZMzYwK1ivy5gR46FEBq1KqpUKEFkq/IP2CD7QkZ9hv2jAnsamojqdJ1TNADfr7z/ofOVCD8R//cmAcO7ptG91f7sUDODutXnapFwMjb26EpqMar3XGYCd9AWKEJrcvDnhxBAWluqayTRQg73DWCFR1pUtRUmEpBGwatlPrDvf8TvptFi3XwYUr3mLx+PYC8l3u4u9tDnIspmyXACHYNGdQJUdsiG4XArUKvzxthbe1AmI0Y4/lGDi6QgdaWPzjSOgFpxIGG90EjjNFUT0vWDRrufLmLlEFYRFQNp+UOvtiXLuLpQjEJzOp1RQ2Vt2mpYgARqsIzOzuP/ciHPKnIyAgIJOibYfunCAF09wQBAyl+gGg8NLX8FWo4QWJh3F92opSMJGJkxSiEAHF8/1BlF482BaFZo1azwyzJUrqvc8SluW3iVxFA2CJOlAqVQFnyqHI/ksFoQBkYfpg4QbeuLC2k6pZ3tSlsgEsNsI4dpPQGG2NWDotihiIEC0dyIYqF3cFjg5t1wgZn6BlxaMfhDF4OQYIVpj4JSSvC5SUvFxTAQvaBO+KlM3YyAvrkKPRdzCK88mvqReQKq7EC6Ekevq5bGSVPbCqQIHUTze1XDG/TuD+F7BaEUCJPJLDKy3vNqiCBwIbHxTskTExEghb+8zXgJJNO4Zc9lZlqSqcL6eBqpxOgWLO4sWQFXMhNs10NpudX66mbTudtGnIifk//u//7c9/+fDnP/+FU+qGQRB3h+Mf/vT9br9TJKXglRwPmiXnHhCrdokU8rBHkBDqULd1O0mdNIuGkNtJ+HTa/5f//J/X62dESjkLs7n8TXGNoQqhDqGtqgYoAkXx5GqbgkemRTWjSh0qzixAIeLh1Dd1XD8+gYbV2fnf/4//8OWbC05DrCJh4pwpwIef/4hBifSwXw/5xIrrde6ORyJQzpxBEIShnc44pwFDDBVnnUxqVe26LhBVkVIauj4jEYVqvd32A19eXwbU1fny4/v7z7dPr969qppqvp08Pa7bpgpVTEm7rpsvzqq6Ph4opQFjmM9nebdrJ42ISsq75/Xl9cV0Nj3unttJtbq4vr+97Y6HIaX5Yto0VYAGASGn2GoeqKlqopA5A1LVLhZzpNAAhNW8RaLnp3XAxMJIVVNPu2FIkhScvKUQKGDQnmD/+cNPd7e3f/XXv/2r33w5dOlxn/brx4uL5dnZKoB2Qy+kIVI/pPlilnP38PkBNb95ffH2i9ca4Ovj15lP+4M+3T8iqbAw5RCo0LeSOJNq1x1E0qSd7bZJVEV5t902VazbSUp9oHDYHUKk2WI+5IE5D31fxWaxnBIsI8gxVtv1Z81dVQfhlFJIuQthNZnMQqh3+13b1HU1mU9XCJpTzrwU1TpWVR1Xq2XdNhYdDRT8gMWyuyDawG/XO7zgLU/wBBtpBcouvHOWy4WAQV0TYspcFVFlUBD1fEd0XKLA4FyGAR0F9H0SvIcqiIRcDnJyATgiBhT0NrWV/2pHt21aloNjgTjs7LmWDgSIZzIAGCHueTi+v4Mp8EgRPaCgdBaACEmpUOyGDcnFLd5DR0RgU4DbNByRgIqiQhDBUTlmI1UwkM1JQxJGIv9DO8bZgYwCqDJ4nwvd9wl2gYWZzffsTRRONvZQBBQE3Rtm9RGACmd2LG7tAlACsu5A4SXBIlmdAVbUEBAUie1GqyojWcViSMvevNBTGoVNdivsJaVzdurZNEqiIG4kQxQu6nqWgm8VwAxqSsUcKLaGEBE0W9yP+g5v4MUNdORtYAZQEcNsFqUhHhenoNZeAIwEhdoHcH2VIqAEpxQNXptaikIBkAB2MLHzmoJIQqPOyXvxgkosiFQaAAiAipCL7NymSRF6e8LcjaqC3h6CQjHa4izUcuGAoWhqSjITeOCls9XiiVXWuVfj+crLuVoeCw+Npapwxh4cwTt6c6ihpUSw2sNhk82YdsBqbOALOi8qAW8lGfVfELwf2i74sUcXEaAkxBcko94bBHTUDGO/wS/UqB9C/dX1ccaeDKiVnczlburxtPbrhlyQSq0KWFQvJOLQFYt94+WSjR/GJ/UCvLyAPSFGbgT8VbHkJhVAJCdPVU145IomKFYU/zyCGArgK98XwdoFoN6aMYArKGIcsW3HKiJQQhGIFUQsLAwUIIsZKIzCKReOHfwBgJKFQ4oCRgisAqgAwaAikIfUECmXDhi56k/RZVEQSkaCfSyTThqY9faCbQ9u88ECZdGJaUTrQDvcdvDrDSErroLXY6rgHxGUQZXcneJ9UztoLHLamSVQlFHUii+yQyjPrK9pQlRBARt06MsSUIFMT6OKhUtQwVKHAMBoPyIGJgHxzRaKkk65xG6iz/xzERqhXxxAK00lUBiL9FJ7WT1YWoG+su1JKAVTKVBwLDd9tjaWG6EAZEMpRNUM6GWrBEB3BdCLZcUWnJQHs5Tl3sezIo8BwabroKt33HoPgALBTnt0vRyAdS3AIyxNG2tyOzv/SqaTB9bB2JUElXEghGcUI6Pgrx5k24hUpaKABJwVESaT5vLqsp1OmBNEAA4USXJWEApVbCoFiFV1f/eQjsPp2IPwh093z8/b9faJKu36rp0vzs7OMyOGqm6nsa6SSN/3wDnnhKhQNTFMQ6w5dxQUY40YqlhHaq8vr/7D//Db1+fz54fH73/4bnd4JtIQIksWZbIuPSBioCqGekKhUaooREECBRNcYIwgFCgMecjCTV1jIGU8u7gMpMftZugMp9an/e72l09pv3v8/DCbUxtziPDzXz48P37abjen4USa0/a5atoqBtUcIqScCWMVYhZLtOyyilYTURzSMVaVsMRQGa6NBIvl6ub6ihDWT+u2jefns9N+D6jTxQQhV6TD8fh89/TV2zc1YU55Npltt8dYxetX16fTkSjXVazbWkHr6TSldNw+D91ptjjfbw/7zXOfZT6dTJqwPxxTGggoxslkNl8/fRTOABBDHUNTo04ms+XF1bIO95/Xr17dzKfx9u6OVSeTdn/o+pSGYQ0kAwtCFIiI4TRIO22Oxy5sttO5psPh9vb+6vpmWjfn50uUtDl0+y5L7lfL2aRtLi5XCrBe75EqoGp/PN5+eEBMT3fPy8l83s5Q0zDfHw+dbUEsOYZGlYRzGnoWDe226w7tpMEIu+16NpucX1wc+z5WdT7JkPLl5dXHD78Uu+31AAAgAElEQVSk1FOMfX+sqiYPvN/tYhVXF1fT+Tyrbp5uA1ZVFZNw350Ouy0gUGzO6qVoFtU+DU3dxhiEczOZWJe0CmHaTAhCzizMwejrwiLh2HZ2qG5biAcR2hZtBCBaxLvYOBpv9AGrKqtYGoqACBfXn9O5RfXsWmxjPVXQdCZePhiwsIB8RQsOLT3nEJBZFJXKuE//DbXUO9dKiLAgKhB7QJYfD45GFXTMjhAQUi3B+VakZGCyM7ZgJxYtSRwF5niohp/ugOKcGCIoCL6ITFBAxMa/WM/BBh0YmEJUJfVMocwa0H7E30ysYEIUz/5xTZSwqIhZb80FLMoWfaYKIjYwUlmBhUGs6vJsIFQxVUAIAdggqTG6KoRq97QEyKD6YBclUQUkzSImUi1xoADgkT5xrDEcpCIGhWwseNEJqEgwotXPawIC8LEIaIylIlhPBMrZD6b+1tKXFx1PKgQBRiydf0uqNcJO7SO6yslL1QLQpCxHP1oYIATLxNAQnc/SLM6fu8gfACEIKopBOCxUueXtCKIGq1jFUnPBUrZfhkxZu0YJAxeyzf/SGxZGDmsh+sRAE4iwFSZFKzaiUSOHjTk3TtPCPhQAxGpnJ6EBC9IfaxUVn44Kpep06YWpjcZiw7Io2R4B5zntuQJRAbJGBBQ9CQCgj50zeUJhKa1aEd9pTHeILv1RAHFr9QjzQcGwcZEXjdgH0H+PQtm0DERaVs1Y6gAW2Rg5WHGAjETkL2g8goISmWQPFAEoRLvnUphgw94urTIsBoQQCj+i4MqgAiHVv7LfOfDBsi4c1PFfCw1sO45dNwAA8g6P3WhSrxPMc0XWczCgqYiKYqKNgKqoYlYtAcosmRVUs6oqsAIX25SW2peQ1IRwBGo7ebQ5Jppytkg4my1CAVRBSQBBNQCYodo6dEjovDaWFYkjrMSRcUIAF90hoDUToex7IQT11oxtjOQlnAjYoAg/oiACWEiFiX+sJFOKtvnYjaPxVHGP72gKH/ucgCZ0MrWTWmOxlASqABh8WyOryYxAsuVjW2cEArAhVL7PCCqaaE0ANQiBAJRwAx9dFqxjSS91trH2AcaPUHiAlzrKobsXzYDgoxxQfYoiAoIFXVj3PRCVJ1ItWK9Is2z/s/qHgrM1FnsF5PURWR4QuRsLrdePQH6QW1NbwZG928tljMu2AoWU7FcVlC0u1kRBNotNCVxc64WXd/0V1UM6AMCGqLkhSJgRMJDXcWJ1mmIgVxz4VWOx48XlhQECYa24XLZ1Ux8PqKohEIFn3AJAgHA8Hqu6fffq1fXN1dly9tOPP90/bp7Xz5M2bLabNOTVZMGAm8MBAtSTmFnzkPIwgCaqq7adEobU9323VxlCjArEqjCwaJ5Op69fXUVJ//E//su//+u/DUNSJFGVzGjYRzXEikLEUFOsEkgAaUIEANPjZuYKqoCQOCNICAQIKaV2MsNIm/VaM1PIzZTmU1U+fvdv//Fn5ONhQyCXl8uqbr//yy9dv+n6Q5+GgMqatT8JR0JiYBFggkBVFULOiUIVq8g8iMLT8346nYUQtvt1TqltFxhC3+0Bz6fz2fHU3d8+TtoqBOq7YTWfhoDH3TBpmvPVbD5rmprOV7PZPN7dPXRwvLi6/OH75+msXq6W97fPKetf//3vlLWfNUo8bef1t78d+t0PP/3y+voyEBJFyRqIhHPmNJnMgJMy11XVNJNlOx8UTvthsVp++cWXb9+9CgTHUw8I+30XmgmkISJ3Q7q5uMGqSYLDkAWwaWcIMecQYjudtRXBzz/+rOnm+s2bqsazZrnb7RHD8di3TZ0HWZ0vTvvDu7c3r1/fSDp9+vnn02mYzKeVhrZuPv68RaJAiEics/HHObPFfQ0ppTT0/Wl/ODBz1w/z5bxu6sN+1zTNYrnYrR+aJq7OL1h4s35E1Ulbd3I8HXaT6ZSVEfD84no2bXN36I6HKtSL6RlQ3O8PTQuLt/OzxXx/OB1O+932KVCuQ5g0k9Xq4vHpIefcVnUM0ThDS0CwyHIVFgUH4iZ0htIExRI8CAKKxmmhxW/bzq9AiOOBwpILF2jCc2A7rBFERdkQiil2tUgLVEeCekRaUOZ4ALAIYQBmO0czCagGopJro8qKIRiVC0jMlmrqRwI4Hwdoz5rrCRXUkm/8oEYAcUunYuF81Y96IBjnVDpLDp7niDgKJLUI2knFHanspgoBb38G1cy22QXDag6PWEPwA9RmUTnRYpO2rFYr0UnKqioZFMwRLNbkzyKgEghAlFkSZwSzFHvn33rGKqIs1qtWp7icXnJdg6Iyg1qgszUWECzelYKa+dVWjioqxhCimP/Y0KENKfJ8TFAnUgFEVcBGn6oq2vBfATDntGWDmnDco+vKSWWReiwlO8M4SCUI9n0oEILN/LEboQAoWHROrtUAVcWAKSkSO9XrB5DfZJ8kWTQWgEBZtBTH4PBOyQ5fYKDSbbfWhrgfFdCILgX3wQAilbQKYiesTRdjFLMrtY3T8gxVBSEAscxys3wqIBrkNJgOBUwapeyy8BfSeGSjwX/iJVOnQIEivRmRhovfFconcsJP/TAuEh9/btE86PaL6stKbAKDtw9HgGavI66h8q/hlmfDU5YrZcjZrELOizqQEe9YgZOdhggQyS5+aZZ45KeTlP7/VrkUSFRIUOMTqaAIsIwdh9zwcnf8bRUgWOYLvUS5eJUEhaJ1KO+yhvGHxAoEx/d26cFLYkAbDeuf34s7HGkHpEK4qrcxxi1J2UtGdRO9Sc2FhRVZQFizWFoashUGQiIsWtaxCCBmEESggAgAScR05aQKgYBBg9UbwdCiJf3bqgVFUVbAQAguuyrSbC0rzyCtqoko7f75E0kuELRujEFK44nKZA2LfaSx9nIGx2pE24YLMkZX4SCC6UzUbQa224LT/F5PoRVXThJJCWqygXFSfsMfhbEz5l/atkwEBIh+sgAqIisboFMgEhRQtg3L0LXXSOFXla17YQmdAkerv1AVMHiEqK96638LUuEfgpXdo8aMgq0fsiKH0GOOrfyyyWUvqrbiCQKA0TUBasYVA/AKOv6IgqJN6wyhRH2KlMQvu/koaAURWCOo1GDq7162E/PLW6uUiq/dtmBV35NNyajFG2X4HkModIWn62qZpKZjgS6gMbBkS3FV1UCWJRhXq+lyOd+s1yJcVRFUhd3wTBQXi9lsvmynUxH+848/v//5/cPjo6o+r4V5CBSe15vN+pBYAJOoMgti1TYtYKWQIZ+GrleEULWitSqqsgIx6KyZNHV72J0+/PzDf/nnf97vNjnnEDHlJJwJ3JIdYqR6grEGDBhirJu6bpVIgQJFgdB3yZpQ3oBlDFU7mV/sdsfD8STcT+uQ0+Fuc4I8BJRNGkRktjifLVbnV6uE4fPH93efe8kDRaqoBhBmZu0xBGFEhZSHum4gU1PVTWx3w2FSV6GdtJPpqTs5Vwc5DTkQquaUhiri2y9vWGCz3jZN3Uzry6uzp/vnqo6//8e/ns6mx1M/X0yZ46dPd9Om/c3Xb5T57u5Dtz+dX1zc3t5vHh4ndV3Nl9v9+qeff1osVnVV31y/Pp3WqDidrxKHpsHUnfIwSOLzs4u6ijn1s+mkz/T24ma7O8zbeHl5dr5o99vnijIh1u3sq69/c9rv7u5+aqeTOk7q6TQjKcaA8eLicrFYtW0dqzqzzBczAD0eTs/P61dX8/6Uzpbt9fXl7S+368c1Ea0ft5dXFw8Pm7uHp7aBnhHC9PUXr2TY/43kw2H/0/sfVUHZ03uH1GGIdWxUg5LykLrjUZXni/nd7d36aTuZNJN2etrvF2eLV29f991AQAIcQggYOA0Xq/PJm+nz83q6nOQhfX58rKp60lRVjMwptlXTTkIVEEhFJm2zWMy3m83++QkhNG2YTarV+SxJruqGVSQzIcRInKn0/J1jMohoZ7YijrStQTUjBMofeqWOgDCqd2y/FhXfidy5A5rR2pXG3XkuGZTDQ03mYalfxi9YloawAAEyKagAl5gab9drNhBFnoHP7CADyEZisQ9mdUKpYLjCDBbM4YdxYYctNIRUMSCr+C4sKgQqLIQvcEqNyDaHmzPPHu+gJnjQcoXtUEYiUUEyCp1VRIWIKLhFFxh9cq0Tw9YBVz82Le+frXqzTVLs0VUGsZpAVJQzg5t/Wa22K3jNP6WqzW92exsgIoogumfGG8koAMGHAasGn40MkMWI6WCcNiqxQMxZ3PtmsiZDyyXwxcwXAOKiYYSSN8oo7nVTBQJhFZPashO97FewrBrrrCtaIWO0kSooAoGtJEAwrXKhhhUUgO34cAuzIzRBIglAwbW5JegTAFMAIiKlUh6CgIJZJAIZI6Vg/Bj6EFFTPwQ7xEkZWJVAgAIUEYfFxAApMppBGv32Wq/NSGtn7NwfYKoAAABC8fLGMaEdnliOS/QKDAsfbmoJRVRlP6P9pf2xLfZAAKvVsETtu3bOkK4nHfmzZOki4kBWirbHsoUNxYKyPxOmiTB4hQRkrkTL53Mtjb5AEQQAIm/QGJBHzxa3214E+gVWjIiPrOuA4G4Cx9IGGbQ0GgyAFBrZnmRHN4ZPCs6xVeVVFHgamt0Cg+Qv7Qi76F5TwbizEdiWBaCjnNmqCUckLi7y4sr+fKzCkMA7ROXeWsnhDRvfAFx3A/5Ym86RxXKBRZTZjP/CbCU9sIgIMKiKsMt+RFRNG0MIQYgQGIEQQ1QbviUAQqChaKeUSEEgu5QWkUHI0mDIy1/0bQWQ1PPPFFSVXErqSxFsi4PiBPbGKhVbqBejiIhKYwOmkNqGVX1N2+PrsiG0P/HtVAEs6sK6MaiISuacsFpLrUdQ/Np+R22aN0S/Qb4zlmwuBCptcQBVCBrEhUAAiCgQrAQGtQYBo1posC1OMOu+D9h9Uc0FxfIxxq3DdV8+PU5R1eSSoK5q8qulUNoaTgT4QrY6wYec+D4D6KWHLXR94cm8PwJlbaFvU975tYfTR59YMJytYTYXnOkjCz6wnA01gq3Ut9bNCCViSUv5774uW+6e+qA4up19ifijAWMaWllcxmOQqDgdQUFBxcYG2V5H+upi+e7tm9sP98IdAgGBpMTAVQ0hBAx4PO5v7/IT0X5/OHZHDKhZASyNpxJOp+6gGBFEIBNFItGBM/eALEhAdYzTEKpBEqhl81lzmmPAzWb9xz/827E7gCl/RdXksGpGwIhUIRJiQIp1Pa2raQg1ICSRnLMwCGgVKcTYdyyS67pdnC1TfyId6sgD96fdIXI/qzFLwlAtz28mk/n5xfX51dlmc3/YPDFnAIxVHUAxMHM2EoUzA1LOWREQqKrDsT+chtOQcttctXWtLJI5BiIi0RRCHSN1x5NkIehOx2OMgQL94z/9duhOj/dWegy0Df2J22ndtGG7HlaLxWazqYnaOs7aWdvW0+lkN5tzBmbuu6E79qkbtvK4XCzqmoYjxICg0tZx2lZSV4kJm3YyXVSx6vEkMqgMi0nUIZAM0wb2z08fP/7y/sPHQzdMl1dDNwBDQ3XdVBfnq6zAGKtmPpvMkcJX715fXCyR6NgPZ+cXOaWHhzUB100E4cN+eHh4iG3VzlsC3G73bZZBdL078dMA0ACmY6/XFzfzxXy9WT+u73f73h7glBMBEgCLMOd2Oq/qqu9PoACSA8W+6+sY67Y57fdPDw+/+c3Xi8X5p9s77vpQ1cfD56fD8+n88vzqTTWZtJN5on46PT0/HqiKoaqH3B+Op7qZXJ5fEYSUU2KmWLVNM59NT32fhv5w6C4zN00NgEMaiFizAAAF6wObMdcIQxv8anua0ZYkKp4diDaYhS17hHzHdXRlm1VhxqGAbAUb/IXIBryKnkgVTP8znrQAqMosUPQEYN0IRVYtOyYquMzPuEY1haIlL0oR9xd4BKaYsT0ZrLVhsBkt+MZJHQXxXY3BZ1D6CW4cjr2VjvZLGA0MpMxabIFKRsV518QJV0ARJABBDahqYatWQyFAEeYqIBAVc5tyQCt7EIHNUebDK/1DKwqw2EGvWbJv1SrCImJJf8IsIlwAt5UCIioEKEU0q77/lk6N2btVfQRz9h3Zzk8EBLEABuTMCNaHJRQM/9P/7f8u3gIwBtgDgti0IOqQBa0Vbt5cgLGU8Rv+qzoF1CC3dXXVcAZIKem8XhuXjk1HQxuZZjlJ6vPhQH2DBY+K8hMPTPhlf5Vt1LV6G1zKx7brpqIiYHBKBBWR2fCV+1fsF5XtTdGeKxF166kgKLIUm42l1Sp4W0ZAFezmlNJZR8kwAHgcF/jBbZVf6VvQCwRRQfW5aI6T0IHSrzhsh9xoUmtf+SMasDsF46PsZLx/QdN7vGRpmWHXfsXmb7JJ17zocEpWx5upTmDjCN1tcaFXa1Q+Axl/YqALaMSORjOWSh6pCBetHkBvUhiEQXM32oXAkhmO5Y2x7FFopRQC2jNPrsyxGsXK9fLRSiIjeDYPjZoRhOCdBgpAWOoyFxQCBkIiKjlmZO4wBLBbhgV4lfwWF3NblGORcXhxaCvMSAIpT5awMjPoS/ixjRQ1kjIzZ9bEnFhzlpQ4ieYsIsYaKIv5BtBflt31JH5F0e+hlYq2YqFsZCZhMXWVw1BEMBYdENzSAx5Sb8Ddtd1+fy2tXYVMxQTWlynEPuALCnUeyG6o908Kn20/ave9XEYv3iAQelPRFHClKKQClL06Lv1fAgg+8Qz8aSE0CQ15iTnaZ/1kw/JU+hI0AaLdMQ/A8eFy/jQBKIDbSOzCqn94O6LQMrO1RBl7E8S3BdCS71pOXUAqQ3vK9qiO6W3ZlAP65XJZw6usLzu8EIraZ6yz/Dm2PykL1j8G4Qt7N3YKyl0DJ0k8etRXiz+itngUAMuzYUPl1C1adnNRiIAAA0EgBESLaKayerBEl1MplNAfJqWy5REBkff8YgxP6/2fv3vf9Scksilabl8Hgqyn7sA85D4l7rvuNKQewWIeMjMPSWOMsYoiGQB46HjoAZFihSEoVFUzAww61oIqgDSbzpfzZVOF248/f/r0QTSrSs7JZWyaRTNgDFWNMQBZOmaMoa3qRsVAjsU7KSGFEDSzSAqxvry6riId13eQTn236/Zr5C5KCoBXl69/8/u/b6cXDLTfHx8+fbr98P6w3/THnShHIlQhd8IQeMKfEFEMVRYRBFFWlCq0AEAB+75DhMl0yixI1E6mqiHE0E6a5Xzx+t31+cXysOum08nh0FV1DQQXN5eiERDfffGqrmPT1HXdUAwXF6tmNtutD5un3fLi/NtvvwXmt29fpaRN2wSis7NzQowxKssw9JotVFE4cd1MMXNdV0S0mE2aOmo+EbByuli1yLzb7j/d3fX9qY6xrRruu/N59fpiPmua1WI2beNsNv3y3at3r64uzmZXN8u/+vrtq6uLPiXJOplOJOeqCih50oblcrrdno7HDgnrtoqxenrYbPaH3bbrembF07G7/XDXHY/MutsN6/XDcf+UM1exqWLgbMHHiIp1VSNSO7968/br6XyqrH3OdR1WqyXF6ng4dse+mdScDiml5dl5Xbc5DcfjPmWu6mY+m4Lk06kLgQ77vYqkYTidjjHWk3YRYzVpJ03VIIW+7w6H3Wa7zZq7lEW0qurXb9588cVNVYXjad8Pvbj7VZ3L8mg8VwrCy3aq5M3acghQObadDbLqHwsWsL3H9NrlcHKCwPYM42sc4RdgVqp334UM15XSQl20qmpwGMAbhn4Mldfzfaq8uIhiKTJ8q2T7FH50jn1GwJevI2XL960SRIkQ3GFbcuKt1eG7a9nlDaiDgjUGAWC0Do+sPZuttcR5KogYQWBR/ZBFjKNTEZtloqLC9segIiLM2ZC/MLMZnkVZOOfMYkp/4fIf+wU75IVFNIu9N9tfWGiosMmKFF7kQiYusjghg9L+H8/JFnw5UzRKUUhpFgyuA9CkVOa5EDlFVZQSYomVVlygn81CwWJsTAAqhRdHQLBZY+jo3rXWfggquuTI4AcBCHBRmhjSd+bWsk+AEX3rEwXIgqo5GgTzbBmbuWiAkQD8KAYEsvhyUVVEto6AlBOUiFTN0GG9LiE/30W9u2UFAb4sbxhpzqIIsz8L5t6zqdeqAAFEKSCqUaykYBOrCzHrHxBE0MLOVcv8PXu00aAjFLRtY0H9aXMfwviRgIWdsHOFHzpwV1fvAYHNovC2CqKCzaJABSd71We8KpGpfuxWkAIoM46qHADn77wiVbUQRtsIrPp0JGiT4By1gFOBpvCxItMuhxv9yZXB4lB8ZBwL7Db0ZWmDiDBqEh3eGfYq8j+PvxzlUObdtKEUgL96Fx8D6cxFESbbxQXwBCcj+k3wZYkvXtxCaVX66rDVZ1S5qqKb40VQMZgFAABN6C+qiiCibA8sqAAzpMxDtiuh2QpakeCVvjhzQaJFIIkkohgDQBGqO+L0/F0IQGVUs0qZ/40sRFTkai4EE4HgiUoFg6oAIWAAd8UCiGWC2qywUYsHZYtAcM+zbc8kVmpDQfpa/FVQmjtUiskXrY9PRfOlVNI/S54OqTNhxZJhox7+/1T9WbMkZ5IlBurymZnvd40VQAKZqK612RyKzIjwafjSI3wZyvzuERnOsIVNyWJVZWUiM4HY7+qr2aeq83D080ADlVGIiHuvu5t9psvRc446pd4CdbgQUb46YUrZQhs8ix30N7zj1v22MW5CYJmBALm1wWYe4UynueOB2gPJiCHevpoi5Vd47lNUV4OIWdMZy88Ces8IIdlKoOf2xtI723UlIAS3OMD9Gdi8WQ07e25qdyZorAIXMs69uEM7gACY30gZnFDDRsvJOBVt9oXs78TwHFGW5hzRVPzQnBARdpq1GGpC5G08l9fcOWkDKmldEFyKzKW8eX29Xi8Px50qaVfIap0m5kpx7Ir0/SCkx+k0TqfjaaS0FbG0Q5O+GxYUPk6AUmc6aN8N5uNYR2XmoMmNyFTUzVm1uBTl8PHh8cvz0904jt64eZ0KhVX3cEPpz9yXMvTdTHUQLcQyTSctnaiYWa1VWKNWs6nvhvX1y9N+d9jdWz1E1OP2SYJYdbZYfPPqxXp9KcadFpt2u+dPh8cHJas2Hg87Z+772XG0EAriaob6T7vCwSzCbnU6DfPFvFsGlb4rx8NRu56I3H0cbSYDhzw8PW42ly9fvOz67nQ8rb59s/6HK5vq+w9fLq8uh/lsvVm6HxfzxcXV5uFL6EoXy+XT/shavv/+9eHpeHN1aUTDTF+/un3x6nb7fHp6ePrt7368u7sz62aLBRHVOq2Xq6vLi4fHu/mw6BebQvPn7VM3l9nQv3nxzf397POXj+M0HQaqXRXm9aCb5cXxcDyOD9P08EhfDsqH4/hwN19vrq5evpnr9Pp6vj9OM/Wh2KuXG+7p4XkK6qbj8Xn77NO4mPXKMZ91293x86fnj+/u1qvV9ulYunJxtZHHx8Px+PL1q8WsP+3vH5923XLxd//w3x33958+vZumQylDy8CuqqWU0abD4cmmiapbnYqqmfdDf3VzXZ18Ov3lrz/PV93l9fV+Ny1W64ubF/zFwqbDYf/hk0vEMF+uNytyP+2fZ/OBhGwcT8fjfLFYXVz0s8V2e3h+3rJGN5T9oQ6LgaiE0XwYlrOhumlaMHLSDlJt2siuLVqd6wb6VQUvxEkHEIchFyeQ2qpvRCnAxQ0QToNg2Pmm/vc8NuS09MsHO4tqPzcUWa/A7jk9aRirXYLSBAb1YJLHvQ33BZR5BPGzqw816sZ/w2LNP0QMoSSRg0wJ2Sy3TIyrBc4ibBXOZjrM4NR7plnlCLZgFxeGY2Qil8SGgQQL9hAEcThVImZSYauI/9UdNUlT8kLFW5FfA5W5OUA/zzptcgujCDKrCTODMRNJ3fAkXEVWWY5xaaB6QUGUcDyBGdmmQGIAwlyJ4cfELIVDCmUSJ6Lm3UBBwThdzGQ5FW54YibEYMbSh1a7on5ngX9/5jBm7HDOqtkzwzDwzzxozm2iH55vJQC6RUDg3IghGHx7ioYtnSG9wgWXoVMVNlSLRpaQUtYKbGagaHAahQTehRTBD9Ezbu7OoAsxB4P8z+3PSb/2KxRpWwnXVBKOqM0glpr8VEi/gvIObjSlzvlcnp/5AtHOG3C+JD2DW8FBwS6BSZNn3jxT/6nVGCjv0XZldx858aBsqD2+yrSpDSiyHgpSEc/avFUTQdAsEkBfZvIG6tKZDeA5/c/eJAuSaPBeYswo3EBjkjP7A+MqobaV7fzGzv7n1M4BEUEFEun/HsQuxJB5UiqkQ8+VPHDLRAuD2p7DBiIkAHz+m4b6UsImTKTNh4jTBJe0iU9wS3Gi8C0ooVG0ciizk4Q4/GXRjXESONyDvHq6cTkkN2zVqrnVMCM3tyC3qJgFehhh90qGWDeHeTpofExRKcJcQ4JJhTWF5pEiFSwDYaIg1YgGNeOw5U5i9SycnZyMidusk9Fat+4oi8Fzo9ka7qQeZi+aYdyImh8RquYk9xAoRYkofC1KUVaDvcbZ8+JwQDoEIN7Jofplx1cxTgcwp3Z2SRimaa1JSz15SER6oxF7oNjNIUCbgRCThvi5giZLi9G8CDgi4eHEqhQpJAliBopk55aHzgAHmHlp8Uzpcw3gHsBCy1eUOVY4S/sIMLzO0v7WcbTw3Ey/WpzLmEwEK2M8bxlpqM016Iz2W3D2V9FMyQgkAwpiRlrPh4oSysNDGhRnqQ01KTBRwL0Ej2/kvFlYNCI7GidPB9/CDGIw03mPcZDP+u7btzfffPv6+flhgi21i0hX7cQ+KTtr7+FjrafT2GkXoTaNTq4iUw1Wmmyq4xThKuxEKlTr3upEJFLEvEYwqxqFh4mrsLr7bv+83UbE5Gnu4aLKHG5O0EOLllJKP5AW4V51YBXwwCzcpymIVNmtRgSL9PPFeNzefXlHNhJVCusLaze72FzcXizJp+fd/eXKx8Pp/v0f7x8++OQc1PdlGDqWrouZHqcAACAASURBVJ/NVbTWeqSTuES4lDQ9NDciH7phkEFET6djtbHvB0TsaTwN89l8NSzXy9M0zYf+dJour6+ur69Px9N0elpvNj/++P3nT1/e/fzph+/eCner5VKI/vKXj+T1xaurWv3T+3urfHt7Sb5+fNytZovZRSmqfd/d3F6RT11hDh767uryajpNpRRVvb2+VaHJjazW0/Q0HQa5KHx5udl4HXfHY9cPYV7H/VDcbBoPT+8+fTKyvu8I6KfFannx3e5p1sW6p+MY2+3jetDbq41GvdrMn3an9Xq4fbn55ecvj9sts19frMcptvtx1q+Hfjidpv3xdPf5USiO2/Hd0/vN5XI2W+z3u6eHp74bZvNVraN7hCirVPOIiToxryL9YpgtFstafZym9XL+8OX+7vOXxXJZCvWzuZOdTgfrbLNZfnj/vmiZz+c2ndarWekX++1O2j/gMM8X/Uy7oRC5T2Ptr/RwktNxmvX9ixdXHz9+XswXr17c1GksEswx1olzmEfBQDizegXRA+UmMeuZb5JFCCjL2YqT47GGzwgYvtEedE51EGICYiSKUCYKF5S/yMeUyTBJ3ZRqKICilPVdwHcCAataKLV9wtgZ3Lge4Fc2MDZLUIsAoR4phjytS6DdRfeBVWZQIuSg2CkjeiJg+DPPyiNHqfBcJAxJoL3zoAxwZojmwmA9KzqeyWteQ7DDwpqlBKeClTOFEoW7EXk4IOecKjjqXTBSonrKzwAkGApCMFcwPAQxKrFAQGBgp6PqMGvT3QA4pqJxPhXkWJnGBL2ecGUP08IR4snO5BKU2K9KkqvOU5zIMTfOAEbawekn48wC+57WeeBdGWa2HmdrmCywIsjCuBUJiQAhoYmn4CMn1P4VraaEuyLLHfDBEupPqxiUKYGPm/azItyG90Thwgq2VA6jySzH18RCMYUIBSW5iFPTES5o9KLdWEeJlIhwZNON8qZSUGDYHcJwiMkluGjh0nCFyVK8kgCcwlI/5dmJ1At8W5J2kZBiZs5UPER+AdpiXKCwhiOjdpHzOUIhZgGXqewxAs8vegPn9raImcOyvyUA+okCcjQzTGcuxK3qS+peLi2O/B8Krez1qYHylPuA2t+BvdYUE8Cb4QOCuoudIlShsW+tRiLQbZjH5yFoVj3Zf0YrUih/NnoOzlr/6wSVmOEW06IfhgT81dOV85VaU8I5pWTSHNPg1gsldJ0UwwaeO7B1EfeKDg0gACzE2SMsGVns7tV8nNyCzMiMzH2ycDPDBQ5nFNKEjVYiiFWaA6+St8CD2SXcJTRAySBthK5sqzgkMtqTO3ERbgx1nEZyNL1OgcopcWK08iwKjPtruZdtSFbjFkSSSyfylgMZb5Ehu9LILYVETOzO2BJ4Ljo5LLAxhAkU0MZVSzIJAKi0H84z0apudoocNHDOOTk7elgSoYFJfwe0GCkFw813cg6QATmnUMhUeJN53KEmQy5iJ3czeDo3yU528JmAvcmVIyIsJIebkX0BzEk5KMg8d+mArxosHNaUO7h+7MntzScyQ4bHVwAAQIxjioNz3aoJdOcegXU/HlD8oLnCFAgPRVbkJE0RQ4QNr62NSUlDCl/wgTMLZOrOmRB6Cse0OQTcOvRizAwfcnQpyjGFUR06efXy4t//fXbaPvtpCjNVtVBhDqq1TkWEnOA4HpZmo9M0iagI1rOF18nMRSW8hBux9mXGIkEuIhQSVIsIszJH9YkpShnqqU7h7CNRqHZkk3vN4XmDECyq+9GJ3FUiShnCqIaVrptOJw5i1m6+nKbpuH/w6UTkQ0dCHEazvntxc3l43pGPpdR//dc/7e6fJ6ujncxi1nfBdZqYmbpuXrohuCz72f5wmKYTRY0gAy+coyuDea3j1jw66d2p61PsTkxkfthuhWV/2O93exy7OgWFPN0/rjfr2WwuWoJovpwdsYhA+2E2LNerm9urehx3u9OLl5vjbvf6m9ebq01hurt7urq6vLxaH/fP5YN8uXt4ft4t5rOr69siPJ/Pds8Ph9041Wnea1Gez3pluru/Z5L1av3i9rrWOp8ND58/ff74y8e7u/3pONpEzDZWG8eDTXWyw/FwOGw/fvzlP/7D379++c1idfnwcfZvLDHMD2Nc3FzPhm4aj+vNzEPny41KEdbHh2e+XM5ns1L07svD9ul5tZrPhs6NrE7L+Rzu7J/v7msYk4tIuJeulBJupkWqTUX6oe/cxv1herz7fPU3f9PNhufHbVHpCgdT6btwi6BaKwOH1GLH/bh/7mbzcOagx7v702EkojqZOMtMhqG/uFj1RUuR1WqYzfuHu8flarZYLGfDMJ/NresWy2Wtfjwcpjp5wyUSukqwMjKlZv2WI4AzQB1ZFQcTNiARZnfemAMgAhERk8Sv/zh/YXcHfTljdSRJFDCDRwgoDbAngsklNT+fRuMhbA2KaNV7ZiGixpRIAD6SwYACC+8NtVLTEVDLejARAQQKiCeYCeaLgGQa1iZpF+J8xlEz1QeFC/DikOBWiYoEYXkpzH/YyElCRckt+46wcxUQ7V3R+Q654X3nIqnknCfJvK0Dxt5ja/7eblY9iztcOoNZCwd0mEbAKVotRS3MJl6DgXukFzX+UsRzmYuwuBgRAAom0f/xf/rP59cLa3V3VnRpb4Lu8GvKy5FuvhSdZ/MgQgOWJW6SsMw9CbDxORc0OSusAvPoBpF4cDuDOIi4cjnnOh/K7LiyV6Acv+f3RhC7J4PLHUx9uAZSOFmSIjg5VviWnLdz5CQlS2BMN7BICZpts/B0ayEPcqBRkfkw2rgGFBtsNCA8WEjAeVmBGsv5iQ48ImewGukacmbitiOIiJueHxqDhPfy6gDah5gjIBSF9Z+f/20ocmBGfjaXTI+xaHWfG1Hy+Ckxxl/B5ZyEdmmVLmd9nLSPZFABnkSwyl4AhUSkPY7gi/lcPuZ3CNjC1Ar8VrydLw7EBQg67VSxtKVSLNz2y1JrB4ip9SOt+2/v5ozb57aSfPVfWQSl9repCoRb0JT23eezneGlwSjQPAZiJWXMRmPmER7m7BbV3MyruTuZR7WYzEfzsZpZ1GpWwyt5hAekLLivkKBEpIYmofy2ZpXazUseznl0mlkiAWM6n7p8kN2/aq3abT4bo4LZ1GyXwPFIH/jW7NH5luEQx/nWJ/jdpsIeHJ4D4QwH1J7+5tZEFF9tclvfl80/S3tWsmVLBD8/J2X12Uj4CCdEQiJ0lqLmK2chH+fqP0eSngBZ5Cc7J5Bo7UX+D2e+4fXZ4BNh3YJbSuvoVxcJGQGxiAKGdEEprsmTCl1KE7OlghYdM3E2rXlMYYUAu7/Gg8znG/mYzyqpTN45xxfAPAi8kcPAbIszEWerAuAwvj6b3K5gexeRAv1W42cgAJ1LGtOHs9/41QQDh6s1LJx5LPt0lqJd6faH+tNP7w+nIzFL0QiGg1t1L6VoqgSdWcxqa41Iu66bzVmEnKZp6vqiWhAwmJiLskrOTKW55WF01PWlmzGJ1cls73XMEOR1qoc8kNp3/Vx1Jtp33Vy6mZaeSbXrI0i1D5CvSjcsVqx63D90SRr0okH12Em8enE1jfuhaC/1/V//8PTw2czcrFodFn3fdaJqQSR6Go8nO2jXa+ngKt6VpFZbOJNy6Zyi1kml6/q5mQsOEclsPq+jrTYXm8vL5WL9w4+//eGH79YXmz/99PPLN68ubq4vLi8fHvZ//evnmxe3Uvq7z0+r1WJ3nK6uN8R03B0W86GfLxaLgVmI9HQcry4v1uvlYr3AqmbpdLEY7j8/kns1m83nfd/td8+nw9Ny2WMe1fUz8uhKUZXNfHF9uV6vLyTo+eHuX/79D6da14vrbnazuvr+8ua7bvHKZc0hs07Dx4fnx18+vJ8Nw+3NZrnsZrPy5f6RiJaruSoP8054mA2LfiirRU/s+4M/PDw9Pe+FvQYZ8/F4nM+XUob9OLpNp3E6jkftdDzunp++eJ2ISEQE1r4kNcicLm/e/u5v/6lo//T4dHlzXfrudByJqZ/NZvPZZLHf7qz65mqzWA4Pj09XV1dTrQ+PT+50cXVVVM3sOB7Ja1FeLFeldKfTVPrZZr25urparuZe68Pj0/39w8kmldKX2Wy5/O7772bD8LTdho3Vq8NzCrtmQA2GLPDrNI7aaA9laSb0LMYzImUQcuDvOSFl7PdCOeDe4htnEonMFyiI2J39/EMTdIgIMmA30R5nFOBtzpspANVcgtf5Q+yMZbRfPNhDwATJNIX5bqJgDQNKpzqilnelKccYYBm3iJoVJGJtq16bwKsVIRFBTWqBv20VMhGFuRsCpRsku5Z1vBlRxJnfD+q+VXer1fAH1TDa9+phZpaKYDOzatW9VnOIBMyrN0kf7M48qnuYeRCmBO2fQHULPyGsD8tewxMwzgI34FvUoj4HFUgqvt7VPAiUHHRr6Q6b2SkAS1kw/PeBhqEjLJo4UKBSJmIK7I4JTI3OvWtQUAiTEze2UfYXnqLwRqzPtonpzIlxd/ieYrR0LnPcIOvMpiPflVgEEwknE8kwGBBW4XBjxrpjIlUSdyeVRnOg5muVH4DpK0Ie0tQlzBThGC0ItN+MgqUKK7z+0JsyJSWD2SNgwQ7GVCSZ17ytScbMDZ/Xkl7SOCtfryCfH2gcAVAQ0OegOuT24DBELCABUJaOXzv4whwgBoeJcGoI8p80Kc3yB1tgz+1dZHNGmgAfp1AQkxxUM6j4s25EVYNjx1+nifw12LQ2ER9Tsn/IE0GpQck+Mu1Q0A9lDZirDzivUVYb2SELujFKVlswJQ8/sreC4Dc8gWyYvp8raMqrlj+JkuoCYkMWdmfPM05tdQaYIE5GX8o2srh0rAencLbwWv002WQ+JQUoao1a3ZzCKZjdLSMv5+o6dyysxTJ3HGryCEXRDiUrLg8mqTAKhi6FiIXM7KwigxQFRGwUhOpu4NjATxMtpij6u8RsQYUTTtYMgP/mnERhGBYTWDMoCg3gVYYMdm5XC1w6iyTVk+Cx4tTgZ/UM0EdyUoBpBiX1x1udjaNhLetJU2t4YOZDBO9L4jir2cgdIACfk1iKzM4/MI2ECEmIG5BPOTIKsYg0nm3lN+KsWT6DzIx+PIvpiF+x63F3IckXYmdmMqilmIXbBNAbJ43wZp0CjhaCUIClEB7J1OVcIi1o3jPaJn23XSRmSmdUlmZ5mphKkIh4zqDd3UU0zlekhQWMVbIfRPpkzdYEw3d3JvPQHOPk5CHka9xH062Zhz0EBXn429eXr17ffvxyH1GDwqOKqJQ+mJV4qicnD+eUMDlFkBb1iFonCvagrh+kkzBM252FvZoSW5CUohLm5jYFCUkpIaLFzWo9eK0cwW7ORlQ5XERIlBUTH1YtpMqsoBKFOeAC81qGmfTzGjHunrxOpkzsQl6PxxiPy8u1kNVp2m7vv7z7eTwejU0lyrBYrV/IsOyH1dAvZov5MCxOp/HnP/6vPu473QxagkWYqYhXYxIKGceTU8yGuRAL1YlMeBYetU6lm5bLlWq41dL1w2yQosGyvrwc5rMIHsdxtZ6/fH0zTnW7e641pJSblze9xv3n+88f7n73N2+fnsf91ovK8+Pu4mK5e3parZeb1eJqs97vxruHrZvM57P1Znkc6+PDw9OXnca0WfTTtGPqiLhO9eLi4u2r26K6XC3evn09hT68f/fvf/rl4+Px+ubN6uVvX1x/8+HzbuveXwzL+fPlmyix3376w/H+p6ft8//nf/+v4zj93d/tv9zd74+2uLi0enjz/Q/r5cbq6Y9//HM/Kz/85rtvXt8eTvTx/cfPdx9e3F5H0OlUR4vT47YvSlQWiwVF3Ny8KEVoOn388x/q6RgeTF7tFM79Yggjq+YexNrPOmIZT6f5YjHMZ2F1OpxmpfvNN998LN3T4yObrdbry8vrcTyuL6+enh6UadZ3yqS8YqbnR/JJXt6+6Hp9fNiFURjvtqfFSoLqMOt2h+JHH2aL+WpR+j4iDuNxmqqHC3OlJCkk1kiUU2ALJ5cmV4xoEBS33JZm9wxEQOj8hMJiJV0VAMtiLRU6AJSIYOsgb7ZGILfOn+MgNeHeWUOb4BmDeSiIDKR0tvsiShI7vj7OZUMAqURwg1KLkgTMX31lJFrDg//nQblGPFpVcfa1TpBdzgmLmHM7leVqzUjwJa9BNOSJwrEIOdiZmaO6EzUbtaxUzaPVbxnx3cOdTUjcDY6aCM8RUc1qmAbnzONX2t4ErRsflL82XY4UyeIexJkpSYQrA7YwEcG4CeoAxhpQcxLQtYOMUW6yh6nr//h//89t4wrSkVPDdqn1XJH4HfIucBzcoGie9CHnMTH6UqI0EwEGKu0sopxsKsBopkNhiTO3BgTjD5RUEpE7crI9wIlBFk64iLKG4yy1kE29GbVhFBbOib02JJYaMJk7bsgD+1YTdycMpDz3t0UqyAO/9UAb4AnAWuKw0hhNrWhooxpcPcd1a70Lt8zJgAqpVRiAGBkZE0fAoYwMy0sDbgFRinpbbeZnhyKjcHMzOo9EUh7uAfSgOmH7rFtQXjGOtqCOWlHrrdHnpI4DuWc+l1LUts1RzvNwU/CApBAzGswcsFvRPB6JzSeWT0ES+ULCAkQXoQ0wYpPuJruQiDVbT2ovF9QWRZy/nSiYRbNcJyKSpGYkA4jb1yOdt3EDcaN6M31dbPCrL+NGlaLs/VrnlFhD3hHOJtzDrHXr4bVGdTIni5gsqtmI6r/6NPnkYTWqRfWoExYHssFli7C1Ki8zKmDNtydE5I7ZZbYEzXU2g2VQUPOPS3FGHlJu9ynbsEQLKJtwZk6bTWpQLQNDbhBP84VtfXTLFhg6nGcjlHOBCHQr1DDmzF50hmM82tQgUaOA/JSwbaU9LAjUGX+YOOmjOJDy9TTmUU7efzQx0NdKPctd9G1o8CLQEyY8THkYMozhSzj9sBvqjQ8SuT6TG3EoAgzRr0Qi/jpZEEBWgkPXbglxM7T9OmIhoOPtk3PrtQOeRkxnvAWNjSAnZXriZDRGkyHjdrYJQLttlsbUzRY4j4Gf03s4aEdfwxZlwEWMyLYg/xipLMkCAfM3St0ZExoYEGU5cUx43VKDMUiGWf/wtP/TH98dT0dmd6vKoqKUzaJFuJuxO1OoUPhEEsLqk5HBj2OiqFRH9wrJkCoROZavuU3h1WwKdmbp+kXRzuppOmypVhEPqxQWPpFNKiKqRCJFu27ORViIRVlxeUlEVAuRculJynTYcj0qmZ8OpcR0Okz7p65I35cw3z09fPrwl+l0FOG+n7148923f/Mf5zff9RcvV5dvr169vXr57Wx1e/Pmh6f7T/uHX4SFSNyp6zpiZhVWpeb0WLTvh26cjsMwX28uKdisWlDRfrFckPP3v/nh1YsX++2OiEopr17e/uHf/lJr3N5siHjW96vV/HA4zebD4XgYOto977fb/c3tRTXrOlmv1+uL9cvXt6VTVd3uTkSxXC/W69V8vqjV3r59qYWfH/c2nWw87g/7vhu6wl3Xz/r+5mpzfbmh0Jcvbr759uVsvnj88vH//V/+t3114s6pfz4aD/P55mJzdblZzrWfLy7eDrPN48OH4/7ZWMaTHfaH8Np1dPf5809//LMwldLPF321qU51NV+oUK1+d/d4OE1fPnx0j/liWSdjm+p4OOy2h+0Dq0/j8edffv78+a9Pjx/ITxZBYcKldF2vg2hhKdc33373/X8YZrOPHz4GxdXVVVBEnYIci7iubtZh9f7uS4ShZa11lIjd0+NsmF1eX4ny5dWGgx4f7jql+XxxcXn55u2bi6vLu/uncTwdjrv37z++uL1SKZuLizdvXg+z/sWL6yCfpv00nSxquIML2xC5hDolMTdMls+kngaWNAPQyJoaIrAc5SEee4R5onkAgzMqBVF6uEhDDinltlmhBJ3DfKBaiBZDkiFDLZ4jQiYn2bOM51ZsnjNms4o/V6DNDoC41UIZp6TBDgQnY6JG9EdM9mxAiPAR0Tk12lGm54C2IcFmpiBn44gII3eIJjlzkbnV7BUCzv3mAdNgoP41HXyg3YPnpzsZCL+1/ZF5BfI/ofg3DzOLMM9fAxZBHigtPdytmkWSOrz1ChmE6Ywh4U+dziNg1KJn3n00Vod7Mewy8KwLIntHpjQoafN2b3pRDinw5GDyMHYUdyJKQZRDIT6nxwgYvGf9FERglsCapUFj7WblOQgKqk3GFmQcdC7bMVvO4/W1PkmAN++LZzfJbK3MJvMQqdCYgoPjzOqG/Q4WDs6pU2Vm9rTFjoAdkDR4j1GPIHMKS2tyQCmmTG7ExCSaZBviUBcR8mCNEOIoFOwG/ZsQthljaSYFpwd5ZGGaOoYgMWmbsnJkHhFEZh4RZAy2EpQkFOFmcKXC81e9aXySdBBQnDoFQ4fP6NPhMKPM6B/cVYTZSEWNXYiMJMKxvk1EJfFXyjcAB/G8KRwozs9IYrKlKbXTed/OpQ016U6WXdSA+GylOL8BfG6RIJLgxsKOhvxm43EeO7YCIvwsVUUf2ix8s4iiaD3/uazCCRJOSoVnzZuDyGi+C4QPHimAB+PCLYvGaH1p4NFH02URlm7TPlWrZrX65Bknqrsbmfk0VathLQZ61v14HpzOBSrEOUQahnGnu+fmkMjZFzGpYqkTTAVSNlLJi6umLAYMbguiCBEWaiKvZC6F5RBZmkmrtN6fWjkIMDy87YsBtKtnjKAFLW5FesYmhAlzZ0As1MTB0eJaPgFxHtgmExQzJtxLya3hRJQzjsjUlYkRwaUx1nA5KVqJTJR+pwiv+dig4cO1loCOjSJw11H4py1FYD8wRoi5FcscqpyMfqjXg1LqkPR4J1XKrVtGRFok5wF03url1JaynSdbFO05Ss8AZFaEEErREAeKcug1gGgws2dnpZwxgWF9hqbPw6l5gQL6YKMII8HdcWYWVU7+SbbQRBEcUVNx3wTnDXBJqIEpwoLbdnGKNp2hsDBukz5EM+MIZp0P+sP3L1++uDmMByG3auThdYxgnSuznKbJHd12YFaOAVEYhYoWicnCnCykdOneGlWksMDx2SNIWEWEpQsmq5PXiYlJ2WqIaHiFRMlx8YRFlYqyqIUoF+ZORMJCiwaFFBGRiFqEWPh4OBQNH6uNO+ap64ZSymH/dP/5/TSemHm12nz3499KvxDt58O8c1Cs61QP03h6+PL+sN9arbvpoRs20vWTVw9m7ZQppJJTUYmo1UJUVYt5PZwOfa/DMKtuRbvLqxfLxbJ0XdGOdVit5rv97o9/+mWxnLHE89NONuvFcri53ex2u8P+dHtxLcr390/vf+nXF5uh79wn7YfFYhkmTDwaK0Xf63rZX23mx+Nu9/Tw8OXx6fFhKDU4PNRCZsKl8GozX60Wwn1Z9KJdNT9sD+9+eVdt0qiH3eeoo+knXV7Rl+5z1FmvVrnq4mKx2Fx+Ez6ax912f/jpl/1x3KyG48FCexEaZrPlavX29dVivjDT01Q/ffi83+3Ca51s2p+6MlDIWKe+k7nOTsdtuFb3Wus0mgeDYR3uFmNETKylmwdTKaqFj4dT383nfR9uZHY8nRbr+TCfvXv3/vK0LL2uL9fhsVgsx9NhPMbz47NZPex2Dw/PZHFxMSxWs34Ynrf7+Xxzdbm42CxuX28en58enx6YbDEbvNbb64thsTidTsuLZd8XNxNISs3z0Wk8NXgjMuDhxAAT0zynLpQUFliYm80251iYWhHJZxgVPo/5RBoxg3ESZ6UV6kxJRgi++Ssoe+YUSTBklUh+YP02HIUpDf4b3psNB1wtE49xyrxGgfFDw56pVRfUZhIcytLKombPgjiZg77knjIThWWQRw6CcS4Hk4Rj8hpNN9Fg0Mhig8gyOkYFFuJhjNSPyhy9lsPHwKn1Cm7hYTmfjAT9U6DhAHDdvNIZ9PJzixG5M5SSKeMw4YMnHAmGO2zORKxCjSvBzOyiTIwcbi7uTOxizMoiwlzC3VpaVHByENlIhNndcoACaS06sBrp0wIGZVAEGRmgxOby6A1ri/zvc3Hf8KbzkAEThziXUp6lL2Un6wif52ohS/HMMuf6CjFfsomBT062qw5Pl5RzBgU34EtEnETC2VUkvRXJOQ2OnIjYkmSGKg9VLvrVc5XB7dQRE5Ep9OHOBRs12Uk4JcqwrmcQXQjzGUyWRCRHatbyL/sZhz73YEi01BJqJKOcAzNtCg5JT1oPI0L6bH0B4yzm2/KGqjZ1BTo/YyouZz6MYRNcBIlLBhTFlc+SOm3VhRuJNqMOwKim1pB83htuSqmZRy0TjXQcvyptvp6WSNIOLlyakzZ84Fe7uLKyIOCoORPi850/l/agHZC30pVBjiPhIJdzlUKtjGylyfnC45vOwzKOIHBaCJ8RsRljK6Ywd3d8iXs4cbVqHlbdqlcLs2pTVHOvMdWYqtlUJyODKTCigkcLuDhh+PkhnC442d9EwhzYISbKFsJG4cYSRIpjJq2Pcbekhyo2JJBGsGSYD/IopSDca6Q6VERJ3AMNtQUxBxyYWhLI69ICIMGGtB2NVgfiTnjejXSOzN1TTZWD0vgMCFCiPJGEtkRnGlGHiFI8G63cpMhlMswi7dg4QeYiBNprlqi/4kNy6/jzXDk1O1DcfQpva68pYQ/o2xhy+zAmCk3vAOdUW7WjJxLtZTNAEp5z9Kfu0lj/FEze9u6eB2bR2tWGxeWD59xGfdnr4NHKMGHEIS1M4kF0I5es7ykZY/ih0tIRm6SUN7FGMo/2jKZ5Nj6HoEtoz4hnjEKDwowwYDi3MH4GVxERIDLr4mHH5DZfKijIaynl9YuL3/zm1ftPn6xOIl6niYm0dBCvuTtj+Q4TBfd9H+G1GnUdi5pXxikgUhH3oJhqeCc9JmowMQ7hogNLX1gpLNxUIyiMoOIP85yxipIUZS4UFCGlK0TsTqzoXSKYS6fKPI3Hor4/HEYb3dnHsU7jvB8KbHIl8AAAIABJREFUd/unx8P+7nQ8sVA/dD/++B90WOwP+1lXxuNUnY7jtH8IYg+vVOXw8FFLiVoLh5beXLbbvfZcShdWiWopXae9TdZ3Xce82+7m83nRsliuTicvWtYXlxYULM/Pz2vtRGk+rF/cXkmRd798XiwWh8lWxNvdafd8OI51ux93uxOJPD8f7h6O3/3mxWqp291uv/vTP/zdN1aNib/cP/z427fKNk3B1DPPuzK8eHEtcny6i+qx2x8Ww0JZl8MsjLq+W99cffv9q475yY7/8q+/V4lBOYi1MEvst58ixqj7qetY5sv1tfjlbJjtZBCRqVpQ9/B0qG6llKf7L7WOw3wY5qsffvxxMR8e7g/mtFgN19drIx73ByKaxupMD0+PytNqvSGvTw97Fe+lrFfrO9U6TekZHJwAl5SOy3I571SkzPqhe97uXr59c/3ixX5/ePjyuP5usVh2nz99uXlx+/Llq0/vP9bTabFYjOP+9uXLh7u75/1B58fVcvbx4/2L2/Xl5eU0Hi6vLl68uCmlTBaL5fL9u1/G0+E0TVdXqxcvX0xWHh/3i4slB9lkYQYkl4XZFVK+M27VKtVoGc5x9rIQDI7GtZNGPqWGbgUw2jPxhXJmkAgFNWwp4kyEj5weUPuaBqG1+Gm5KzEjfeSr4SGnFjZz8Jk1eItebVrIHk3ybA3HQRcQHOk3nzQiQXHPHukKl8Vl/iS8z8YyD3fGoizmcEuOI5/9dtDyBCUNIutSZlgUEkMSzS2P4SvY3bLatXAniajR9lVljoVqj5Kn7ZZ8EdBuzMB/jdy8Ru4o+BDToM3MojO4EuWbFGajcBYFn4axJDTn+gRigEiIJDrZZtRYFizF4ytqavj4QeBnId0m+4ZSFcLC1pRczJCOMSm3UoFciNNwKjs7OlerSb9vNX/OmxOAakOfRPKjdR0AGQ0dZAhzOCMp50qZM36b8+x8GCDpUlx/d+cgcgEHOK3wxI2VwXvLTWNpGggfwKxCsraHd0ejlJ2PPn44pScjvj2MRZjczEPgsOQhGoICQaISM7kwu6ajnghZEMPSnoU5hNkYpGvn1qBTA8yJ3C2ENQk77kYBdTIT9CbhFJabqANpCWIS9wapJtXKIxw8LVEBH9AaUqsqqiAjK9qjpNZh9hZ5yEI4qpGI5FNOifBLAntZzkcW6pw/Pn8fYUA4paHuch5F5cmndiBhtcLUwoVTsDEpc/NsJLaMO/yrGovyLBH/qgDNkiyoYcugSoIa5Mljam87zuaIuIKEdQ75FCS9IlLhAY5epJLFndytpsAKAqCoHmY8uk9m1b06VfNpslrdLapFNas1vK0dJJYgDjL4MFLkACnOxy8nDezuklNh1NUJ0IozyFoIB+QEu8pgrgQUnSt5EQWUwGrEytWqinJwFPy/oHCBO5VQfmrCZZBoEwRqZFFmyE0tW1Y0lxmnW5fFLODR4BPgCeM2z42vp6ap84H4WIgC7YZbKGrH8w+ndvxAJBEMJDgBJiFPYMzDHBEZnYFHEMFXMbXb2VglitFyJJactAfz3HLgJVMCYh6iOVFpCTahjyBqnhlaigqbRZAL52qsgBkSHvbQEMxJG6+XiOJXpfMZqWkgGoLw+aImwi+45uhSKzAzCwpickNMtYgAEkJnQx8B6t22TeYDwUScq7tw1Ik8zgt/GkUYYFkQRWNtokWtHNLmYxTNcJYyjHo6HiHcCwFlWq/nf/f33/zzv/706eNHqxMCsbuLT9WczLDyAzNkNw92EtZOw+E6G5kdicgrMYv0xG5e8xI6iRbDFIeDrFJM5FOEMZnnLLXiqLEKNFuwh1eZWySCVn2ykGGYKUXYKWyimCi8qEg1Ia9MHDFO2+32jmyCutGmqtp1nb7eXE7VD0/Pj4+7yUbyKFyHUsaxXq30NHbH/ThOz0La9/PFYol1Ql5NhWwKEfOw/WFPIv0wX85n2nXVpsNuHIb+7vOdRNf1pfTdYberdSSzb9+++Hz32PVlPh+4EEUI0zAfHp+O93fboe/efvOylPLu/Rdnmi0KMX/58vzhw/3lxWq7219fX3dDd7Fc74729tvXD3fD5NM07Q77A4X2pTPhrhu0lKnGsgzLi0tmnY7VWT788vNx+/myt81FCe24X3tZ3R8P0+nYlfWs1+VsM5vPx3H687ufj8dDGdaz5XI+6zhit68vX1397vX3L25v15vln/7tD8v1Zhj6+4ftbj9Z0HjYP9x9Waxm8/nmw4e7k03MxsKPT4+Xs348HjlOTDWoUoQIh4eZS4HlvJs5FzudDkVpfbG4uNzcf/4ynsb15Wa1WVQ7UEzL5Wy/29Xj1JVhc3H9l5/+vNvtZvN+nE6L5dzMi1LfdzZ1u91pGPqhUyLd3FwMs95JZovh9vZq+0Tb5+dxiiC9uroc5ovZfLY7Hsb91rwScm5SrVE9RzOYwF7c1tEnwwUjP/bzKvGGxKHkyLgXqG0MwFLWFhFNzAikAJBHJGaPb8n2PuxcNmU1QMQMFwEof0AmTQgNVjGI8akv4BYPzxxEatX/eYUmEbBXVNBg+wRZBLFrkEiIS2Z1znmqcJi5qiRfBfxrIqBwTHzWQlJk6QvcAvafARVa1jucuLSHe2ZbpjC3r8K3wBKuyNYf82+L7ERgOEPsji3jiOru4W5sbjlP8DYah3zKGjrE4YGBA/j2knimRESo4nMzsxszszPQOHdmdsNGRRJlZxEPSWuPKImzt4RGLhHYiEOo3nBHWNB1McNyFab74Swc4UoaypmVPJQz8Gen5xHcEidzMlLacKXVzFkhImlkdszLFprKTWBbTBHZv+XJJkgWUfTJ1zOKDs09KNJPNqChD2qwVPUqxIZD6Gl4xwkfs6RFowQ542ajwuY0mMkW2SNINQ81C+JGUISIqUgYi3gEkWrWRGFYIEXkArtJALxMzJSOrCJ54lNXydkBtGfZIyxqq0DDgsPJgK5ZeHWPsPzzCGLLpXRhlFwtd0dGpJzQhXuoSCZ7RvHEgQcsvS4B8SfoiyFbDoIoLNKEj1Flc77xoFAwyPK10tIQtWCb5rWaT0SiHRBybhsOAdom5TDahUhGj1HSqgGMcxNSNyyagIgbJmSo2sIpcjmcnyEPyHwcXMOvMRevil1yEYHmwKhhvxRBMMxJgqKl/XI0YJe4wvbTyAPFvbtzNZ+qnaY61TCjsVo1rx4WZE41SQmg+ygLbHNywzQz5WYQznkrncs/BChSYjOPUBYYzGAKK0JB5h5slgtDQpk8qrAQual3riEcJMoRTOJgBBkFkZYIDwL7qzpns4ZH3OA1neZnFDAIRXJIzMmN6WtCAHmOjb3QuVsIiJGDEYMoW8rMe0hxsMwiM0wOUG0zN8GAt8YtW08EAPaGVqUgmCGBSSwnxbJ5OPFoBzE5pUcoppXmbTl060xRsFJgtkeZSpJfSQ1NAiqG04ZnlxLxZ6sWwrDdInRpEJrFmW/lbUdDBDFrxkzgZO5nlKjGf4OBQc7GxALuJtARaulOkBWDCc9v62jSmw2HirCuAwMDzw8v50qdGCbklLL5TPAI5NHaBcprgakfhkYgtn1VWEfrEakBO7iVIWiyza3vy9/+zTf/4W++f3zcnsaxMJmFW8VTrooCe+y1qxZjPbIwKbubTaa4A5OxqvnEIlI6Z2ItPlZOPMiJ2Y2lY7IqYSpco7q7qhBVJTdcdBbACkqsKkWVWYRFtZCwqrBI6TQ8hLxTmiYTjTrWCGPxYehjMicbumWUOPmB2K3WX9799T/+d//k9eTjsY96vdLjSdlDmXe75z68X0hUMi1ere+4DMW54sioSFd0HE/1UBWdRFFnsqA6OovcvLxdLFbL9YvLqyvVMlYXKl/e3z0/Pr98eX06HC9fvZwt+6e73ZM/rtaL299cFZbxdLi+Xc1XPVnsD4fD8/79ePrtb384Tn44Vo8nKXw4HOo4e6yVw17cXBT29+/+6tWpRt/pbDYPMhI/TqcyDvtxPIxkh+O87IT84cNfXszL4WTrZe9Snna7k5/mvUrPotwX2h+/2CS7wyH80HdlGHScDseY/va3f/Pm9Zu/+4e/u7p9OU3WlfjDH376l9//XrgYd3d3T6fJzNmMj7uT+/Z0OuxOh6JayFm0dD0Ps3qcjmN1Eu2GOhkHldK5GcXJpOvnakQRVQsr+avX13U8htf7L0+ddIvZfPu8W643s9my1vp4/9DPhtl8dv9w7xTBqhJDvyjEt9eb03L26d37UvTq6qrvZvdfHl69ue0H3W+f+16ur1fPj8/jcTwdT9c3si6zFzdX07g/2lHSSz6BZ5RDoLGilPNzhx3MzdEfUCU5uwTlyPH8FHo0ck1DaXKcnx4X1B4+4sZ6yJ43CynUzoGyqU0knZo1McgJEC8RhrqBNeWpQoItJ9oAJhYzj0YLdbJwdpYgBz2GE8Nx4WQRYb5/rhtA9jNKZWFA2xwOvChyAhKt9kyej6N7Caao7om/coSFU+MaobZuhikeBJONzO7R+q0GXAH1s3CPNPEUP1tSQqUZ2QPkJNGoOqb1mFTnICcJt57dTzQwM4jB9QV9KNjhl6HN+ogbAwHFFJGRiwdpEIsh+wtThBahCGFQ1c9eoijumIAHhX2lZUdhxaiUKCSSs+sQSQMZYgIQiozgqb8kVoLMNAvnJCpRnI8w1AB5mfKLmvg0DfgBMaKhxBHzM0qYJ4cbHkeeC4Iiq5OESJEY0S2CA8BMzMqBxi4ETiRAAiWIhC3lZZRNTILe0ZC2ABacc4MApQf0JaZIRjISYMAoXERVKEKDjbGvjpxZRdqKhuxj+PyasAJpyw/AJElv22ybYzIzpyB3i6z1LSKougdxdTdv1VQwev5zwaHsoiwBklI4J7OtVWMsiqEUkYoxRRrqhAhl+cykgt7kXJpS2mcKiOI41yFMYZirNAADRVM2I2CAMZ8p5flvtviRyLwQ/K+ovdU4DwESfeRGKg+Upx5Y+opKMdc+YClB+h/g3YicfdI94x+ebrzNrGswbcONSggD2ggUXBHNlBY3qHqt5mHsTtWiGk1mk9lYo9YYJ6/u0+TVYjQD+98rIIp8P+HORNhZwTk3yoGKAI/piFgZmukgweIxdiwvS4deIgytsKBEiK1ZUSlaLQ60AqyIjaZMDjYhsZMYZ7cTSuEkbEQwI2niNLKEO1iI2GEdlCG3TUaYz2UgsQuz+5Ra7hYiyEgYtERkjEKRFTULC5OHkTO31caUP9E5C0mLCGGllNG3+SOB8pltRjb1DVQjsH2SYZktZrYM7hGeyp+WI5nOd9+ICJrzrIlxFaLV7JlFzo1FGgkx5d6PZqoBko6AbcIRnM72AFWy7ZAcr7cWBccM57hNLSMV1jDGwTtmzu3x6HgxIUzycHaOeZ5xtJ0y4lljJRJ5kGKaREHCQuaRVQcTmRAFci05Hh5qPx+0UWqPsOdf4J02x4/zBuT8FhZPMJDrNHHYYpD/8NsX/8d/7Q87JuWxjlYjmLpSElakQqwUI5IFO7sbVZOi7piGU+kHUoUS360yq2gXkZZ7wcQiXkOT5soJsJmZW5Al8ELsIcxSSi+sGN0EWdTA6rNpPKqWYSjTaLUSubmbShRRrxJE2hUNFpHQvdeDT8/vfvkzS/3h7TfCPuNKXudzJWKfJu5NyKdq42Gs1c3CKAqRdkXqZB5YBMJtHFRmWjrVrlutN/f3h2+/fXt5ebnebLphfv3i+u7L419/+uXtt2+G+fz+4f7q+rLvZ+7RlW67PZAsFu51OsH3zUb/+MtDWH1ze/3x/efFsPnpz++49F++PPzmu9sXr26en/fb3bawjFM8PR6Ox3G9uZwPn067583FohR5fHi08XRxda1a3KfHh7v1+urLl4f1Ql6/vOl/+P7Dn/8kvXaLVU+73X6vfX+xmE8Rh+l0nHa703Sa6mo5t5C+W1xe3v7ww+9++OF3Q99fv7x6/fbVfr/fPj9f377cbbcffvlw9fKVKj9/3j5s98TsXu+/fDkeRiOelW4YBnP68PmvTDTvF5Nx77XvOxbhtiJFhZjdpzpF7HfPzw9PVIt0WqejxKofupF9NpvbVMZTnc0Gq/V5u73quxevbo+73ThO3bA47baHw/btN5dXVxfj6TjuduO4rTbNh2Up5bTfi3bPj9vPv/xlvR6YvE42ny9L6epUfZpOp0PY5PCnP8Ml0VbWUHvyIe5lzxk9Sqxo2AlgxFbCe0L6bcdtEPb9BkANbxIgSug3012GK1AfgPjkPC1gPRPcmD/WEATGAD0oFGAzEcHfTC2rQxh9wfIS2aCVAuEe5kJsSWiMEHLjNnHwcCrwTVCUj8Gcm2UpnCl+NWkOTljKv5JPKIjCHGEV/Fp47yRftyGl4G0wpWljA5ZxzcPTeLmtdQkPIPpEhEk/eRsjAMd3uK4k88ih+4VejJgoarrIeyL/FMSSmm1qhttJo2mr6JlYgiOJa5R1KYm6sHLBe2dlRYGKXqMwCV5Gsu1ppRWBMxAY7II8lrQR1OVgxYBpQBRhIUGsWSWbQ3+B3b9IkczYtUBBIYS1muzO5xdidBU12kwiuwQPTu1ry5lmrvkEREQaHMKFpb1fJVCocj0BWlikrLO6DN8IdkFDAMnCSdRALwiRfJyYOYKJLIyccpkU8dfny6wyU1b7JqroParAa06kqCeGzRxRw5zDVVEoY64A8Z6Qcy7JbI04WMnnNBq5TDkM7bp7I8uCyABDKXcycyJ1J3ObAn+ePVGWqdhQG2FCYlKYtZCn4SB+tDtLqEDz1hT7TdkdDGSBlCWaqalm+dBoQiBdoG5TymmchKcsIOF9bl1c3v5o14pbS0a5xAj4BdCDvDJfy3JK0nR4SplwQGu6F+U9izaTDK5oJbK0ZyY289YAEBOzSTJlUA8JepFoIOlZW9BwjkCXHx7RbIw9qDpVdzPyNP6PyW0arVafJh/NDOY/2A6erRqaZNQsaaOK8aQ0Il5+eEpOB4eB34MhWU7jnM6uXOEg0aGFacQlZjbn/NTO6KRCnRjpX9RESiIU5NEcbUnUwPyxgC1pnDt7jnDzgFcPkB9vswJuijVmBJeG/XKiNS3WYOc1EbEQmZz9ChomJJG4fxJeU4sDVXpQkLHhMQKQnKNDnIXALUOPlrsFKXKKHbmd+esRZdzshnyh3G/HqDWeDEmFELMRjLaDSL626UHWEjIQASGOqBqsygF/LWej4OoiUNvwGfjK2RqxY5CHOQcyfaOnJaiXsTrBdCMA95hLZwsT9NUlNEOpE4ZDJEwkAW9BzjMurFAdmJGzAYnhHHziwzWyn0H87O3iJaAfNQLFQj5vQTkNpORTJfUyiDkMW+SUag0O7GV08r7oj799/eNv3x4Ou6meSlGi2qlQ+FhreHTdTEWjSGeYdoeRaSeqSmHVJo6iouFex1FUE0+IKWeG4dp1QmRxIhB2vdn+VodHgjkTU7XaFdzZoHC3se/mo9XEI0RYXKi6EUX0fRlPIgqJMXEhLqrdYE7mJrNVkdW0H6bj4/uPd7/88vH2+ur6cq3spZAEcVgRenzaPe6Ou6OpdiyDj1F1NPe+7+tpsjaHcQriOk3Hw6FcDKu+X2zWwzQaE5+O+5/+9AEin76j8bh7fNofx4m1EPvucJKiLmW+vPxy/0zandwvb2/qeOpmi6I8ut++ftkN3cX1xbBYfvz55+fd0enpp5/++je/+7abyWm3X65mz7v9fLWWfvh89/RClt6V3X76zevrN2/eHk/T0+Pz08Pd6VCvrtbfv3y7/Pb1969fvr/9/7376V8/PT9N223E5ON0jClU9vv9/nR8PNTF5vby5u3vfvuP3373XSn95FzK7HR62m13D3ePf/3ru3o8rS4vL799bc4Rdjrspzodj6fJeTnT0+SL9bx3Oe63++12tlwF0+Pj/bErfT98+fLpeDr2fWfVWUSFLSLGaRhkNR+Op9PxeLy57RfLxWy23O+2N8slhTLNh8uLu4fHOOxfvrx93u6+fP58cXV9efviw/v3Zt4tV6dxPE51tNC+W1+sTycmoaft7uLF9Xy5lE5VZHeYxsmk67vSbbdHsw+bqyXrhQjXiLEes2SPrCE5R5vRYM2sTloxg/2GZEkiDPJIh+SI7LwDFBHxiMR6s9ZtsGOwsAARZSYVmDV6oiFErQ8hcAtAXWzWxg3boLYVNsn5OYZwC846EHCfZwkWubeXHIVC1oE54zQKNjdnVkozIwANHuEOPCzgxBeKoay0apnRpZgHiDUJznk4qNdAraPxkPA2E61wqtyKPdAWmj0auBSRLQcH3oxjMyzWAoSbJyBKCdS4Y8hAWft7lgkgo8DWBe8gUX5JHTDjTgMfdaLzwIbJwxSdTo5jM6STWNtuTEFVSdEoEUkRYQrBgME8AJRH0nnTOFxyXUqWbmk0iNZAzk0pN7MXco+Uxgmy1RlRkjMV6CzCxr/EScwhi7QlTQJKnu8z7xQpDqZDib9SCJ33DATOC8qPLAg4exomEtY835ivCHMzCoys8EPS+hU/LicTnP5DhF/BU2BqS0ODgiQIDxszTjnePYjaTOYMYh2IKpzFZUjyjcg8Rx3OXJSqQwqZqZwSsyNm9JO5/JgSEY1wxhypWm6aNph7MnZNB9ZLuTMHYQMtY8uvZ2sV7K7cV0kKITVtLQcY7SrEKi5Bliw40N6cSUhhwQLhikK74IwNDBltKM3/PAcaqcsWljNhoU1xOAt6d1grURZmuaqPiNGqUYMkPOsZyQssZzPT9mwrmiRmEvBKEoKOlD1i3VL2lThY2X2xpHqgYf2NSRyOSRtCDmdQgeLEYYAD9r9HcDXDTTFzdzbz0Wo1r0ajeZ28RtTAihB48xCLCoW7MWM1kaBgxbkQ2H4SEbMKC4vkkMSZlGDDL0GYg2VLh8toWTFbRjRWybRAzkwdcziZOE1TFCFidabiReE2FYzoG9L0vuyYSLvRGfZpw6MEqNquytTCAk0SbRqxdK1Bgw75a46jUrFqJCbnGXSuqaP2vOfnFsaY2XMygkDYcCDsiAhsVOc0cobFGoUFw5lLQigcC3HxV/hMZxOMBKqI6UxlQ/9CbfguxBEMzS2eLjM0WkLu5gFSoIdzjoyCRMmDglg9RMyBPTBSvYSTwTEMIlVulFYJp3BLPhSSCxGGziLi7o7FI9G2/KXzQxtyowvL7JsphxiDPLQt8EQLZjZycaZwbe8uDZ7o6ywxAos4yDw3xuGxTmgyr2D+k8yj88Mf6WAryb3DzzHmwuQ+jU6hpWPyzbL/x3/47o9//uXTx32YZcER2OcVrKqq1TGIdCJWLVh57Uzaz5ik1hNVKywsCqpuRLiFdoqEw0J1GqVosMNQTQkqTLLMWNhuyqzqJG7WcycUgmWhwp2oCIcZixaRCaCnqGgzDDev06ildEPfD8xapvn8uFva6akr9f7p8Pn+idUlTFhUxNynKZxLnXixXA6LpTC7mQoX0d1xRxI0TeA0TtWmumNdLC+uXrx49bQ7qvQPD099Vz5/+jQs+tls1fV694c/Xb14MR9mH95/+fmX97/5/rvqThQfP3558+ZmuVlNNXa7w2m3e/P2utYaRG58OozH/WmxXl1cLq4uN8cTLebDNI5FYj4fri43D4+7x6fHq5vrl69ezQfiwiaPnx6eHp6PwrpcbeJo83U3zJbLzcXV5cW2n7/sLr77h//bn/719+9+/uP9013lKP0QZfZidfljf9EvLy+ublbra9FOZ4vd9nmySYu+fvv2ME6f7+4ftwcl//Z6PRv6rp+T9u8+3h+m43a3f3jav7zdTLWSEHGvok+7Z5cQ1c3V1SB0Oh2W69Xufija13FvzMLK5KLKnZRhsOlk07hazC2sjqfFcn55uR5P0+Pz/nm7Y5Gj+eE4UfB4rLvtfr5czZfrp+eH29cvLjeLOsWXu6eiNO4O4fU3P7w9HqZeC7NerZeXl8vNZrnb71+9vF1fbCLksN1fXq2EQwUIQjCLCENwGCISAmvJfPBBRJfmfwNO8zlngcWMkiuCOdE7p4BRJpAyPI7aRqHR6HqgU+YoEBiUaAPJETS4wUuIyp4ILtipsH8IjhwCNESVODeWIKQmLReQa04sOdRzkppAFmeVhTqRndzdu6yTKCTaKJQEeikDUMhExkxENdwB0wR5cLqMSbATiDCUZbwBkk+VVotRYWaqWJAaRGTgkUZENHkspgwOz3+nICP8hrLkCa/o5DyLxGoJ2BNxOFDaZN/n9Y1Gws9ZCGf6wdumCA8VTj8+C9AumEScYYpWNII0LMjNlVWVOYpKVjrmURS+G35mGeAOkYPr4Cg4OLFGwFKiOZyG1b9L0gbyRHDTxkZQAAZkQM6J9zZXz/+mNna4E3LrBYhAcqJ8T8nn4MThwRUJvGy4sya6BYZmdkhB4clfp7zFSPEU5FgdF23W2xJ+MzxPnm7gMQyH5RYRpbw+GtlXE4aMth83Le2dgqI6BeSbGiJBgvKJMWHitChhEFCzUZcUZCeDhXNixkmrBpLoFJxnLoLCyCw8yKpXjwg3dwoxiwAvCL2mO1GoosgXonAJCZl4hEWUYLmDcLB7LZWcChFxCQoNdxaSICYlwuCciAHxe9aUFGEc7MGiCRWYJ5dBRJIgz04GB5nIipwlUURvdUoQMQs3QkXOBNCTeWM15eODiObnBiyyRgaFDIRuJ9AxUu2OBhCCBv5Kb0rzSw6zkNwVAgLDuTpp94kCFLeA3NUpoK+PsGwAYsqZTFRzc6pmUzWrNFXIgsjMIJpKi1+nnGsJTiuYM2nUQ0QixizMgs2rKLtV8NAiguSJQ8mMEEutqaZmtoMeSJuXJ8Jvo5tJmEsoaZAZk5CKYaG6M4UbQoEw4ByiNpihlg7QCbS5a2TXgewgLDXnpigiA65unm8zgslaA8hkwZFcr6DUWUe4SDb4ESGCZ/Crk42yRmvl0kSYySMs/Ly7IN05EZIbOOCJeYuFsQjhKUa4QQpOzJ2YCUqwyMBCwcmCykn5kVa0AAAgAElEQVSdG3brYOOJISQ7HgDjHEbUCFEiQ9DQ8AhBB0KE9kOckxkb0s5ettY5+PPs6NCT1JQDePKeGl8owoMJ5tMonRm6G8eTEsQSSCOJClamIFUhNmZ2ZyVhcXbB8y9skxETwmNTB1BbsJNTANw8sBjRvsu52T8DiygkzABmSXC4szCZu1UnZq4iXdfr776/+fHHb+7uH8Z6Co8wuL2FqLCwB9RORCzuxqLM4maiHatYreTm7lw6EYW2ucn7RJS1FCYW1q7MpmkvhD4kwSNME4GRFVb62k7GaTxYmHZ94l9IYGzhLuR916uET1Ztwh4/t6kQF1YP8qC+09p1zOtCzuSn00mIT+PBzTSkYy0dO5dKNWTGOptOJyIrWjx4mC2dfRq34aRCVutytZnNVtdXr25evuC7p/3usNtvPzw9sZR/+5f/Y31x+8NvfzSWyU7j6fjt92/fxIuodT70tcRhX0VitRjYY7s7Xa67YVYe7k7vP96/efP69TcvhYyjfvfN6/1hv9tvv/nu1WLWPX55GIaBwr/55ubVm8t//r18/vhlNjPi2Oyn/ePDpy8Py8VyfvlilDIafXncf/6yjTI8fNmd9nZ9+WLxw+q7V//4xupssVgsVrvRDuNUhuE07faH3bvPn1fr5e2i/4d/+PGX9+///Nf3VC2YTtV320Pf958+Prx+/Wo+7+4ftqfTFMG1ntabxfZ5a2bDYhU8lU5mi9npeDSP2+sX61n36d3HYU1Pfb81QyMtigpD3GtXuNeYtne77d3LN69++9vvPv7yfv/0tN5sSrn6/OmDzvvlejHV0363Y5XdfjdO4+Xl+vMHHUr/4sX19uF4fX0tbHfHE1tsVos3L5dB8f7DZ6un1aK7ulhO416j3lxtpsnJptlsmI7badxJ1MLMDE08BQvD+ILh3oVxWjptcLBjWWtSBs4IIiDVLGPz60kojCjDavuHESqDcvMS5gYg9jGnhxzRmYaUwS8awJTcyQSdWJoTBhGfsybhXUfku8vHCj/BE7s7p73IH8vscg4RWMknLLnJDNqG4Gx8HPETewuZyb2m31s4/BGTyFrNw5xgJt201MTuRGFTpuQsucM9wqtXjvOsk6J1C0RGZ3UERBDVssSkvCTJuAT9P3M9phtkQQJxRq0tgbUIlqhNkmUE3nno2AS+CxwpXQ4iUiWvIUrVSZghElI3Eg4JDXUP4SgqJEQG5yJKiLoIB2m7MxFKqkKJ1KLh5KxCGDJVFxERDoGJvKdVHAJ/wqncbhx5RJgRtpiCEZ41egACTJqwJdpHQc7+taPAqRAcCEkeTCJNgN88/yZf1zGkwLjmbBOVBV3+Q0TGzqJtxELEjP03LA2hxowjyClgZKJJaMAPIiKydihAN8reh+JcjcJvOyLYwhPXgwChVXtMEZay5Zx85M0OfLjsLds1C6ezK5hVI2IzqmaTB/ZSRPYH5E7V3b0aJhssAWsMCuJQZxKbmMSjFHBJhMJCWGJSoZgoNEhFg1iVlCjQlXLj1UCWEZLEIEbk4SwKKdsxEQoTIqE22zH31ihSgyTzxERE4BEUUGjbnxBbBEnDaPOkUPOMbNOYlrMlzYMkI6FlJAzw34g5BEx7vGdm5gRNOUniDURnazVN9poBBAWrkwKzB9C8UwYAz58JG76dPWKsdaxuFm5Uq1erqP8hesKncUvZLjpANL18fnec5PA2rmHlECJWHN98LKgdRGD9zI1ISq01wgXndlnB3AF/RLiDlVawO4yramD7smqSQfHNTFp/XffHmbUWHg4PhfbwACASZp8smTyY/CR0hKOimEQlOsVZn0rSVdPGlIjFOaji+82w3zvrdCIK8SbvaLwiFdjjWGQMp7O23AMLUM5W0eFGGBwjEYlgip1+kdlOKefnoTb1gao/mx7zjPQ4q+7ZX+D5RfA0DyZLVXeTQYMli2mihLgkszLEOcKdnCtSECbvrTo14dZ3AeWK1MSB3OPmLGcQjIhIGlsYTttk1qZuwFfY2dXIQchBN8HGzdYIDRIRYTWwp+QK1X6mMmEJMsrcj9CcdL9gyh3pbopFf9HOMLT4TBbBUsTMxpHdhMvN1fx/+Kff/vGPv3z8ME42BketE5A/cquTW51EColhhQcxe1BXNDximlSVu4FYg6UbcoFAkVK01KgUtdpE5JGefTkRZQpzV0ypmLkgAVidDloGTkU7R7iQkHMoaykeZl6FQ5gq1jaVUmsFzjTZCc1KdRLpCoezOTFzkV7coix6q6bCpahXI5ahL6WIGZlR35Xd7iBa+/lyNlsUpZPv3KfZbD6brTfX30xG//rPf3j//sOLl7cs8bx/ZqZO9Lh72m4fr29e7Z6enh72969u5/PZ9vlUJ18s5i9fbF7cLve74y8/f7y+udo97fcH+fRxW6t+fP+wWPXLWX91eTEdd+NoVIPCx9NxebEa+vn7d18W64XbNBtmv/nh+9mi/vUvvxz2h2mqNzdXs+VK+v7du8/b7fb66vrwv+8v/nIj0+liM/vwp3d//eXdOB2GUq5uL9abq19+fl+rXd/c9j1/uX+c6mhG8+Xy4fn5893z7mE36WF9vZkvF8vLdT2aU1dm8/lq/u7T06dPT+/efzqdDjIE1ck99s87Lmo21Vr7YXa9XD9vH6cDHerzw/27Q91B/UTMJFxKJ2UG1kM/dNvtU9fJct4J2WR2eXNhk49113dlv9tfbNbL2VJZ6Xl3qhM5zZarv//Hf/zlz3/ZzjozL313dXm5f37ePeyfdqdhPpcix/H005938/kwW87Kne62+6f7B/Po+6JKx9MTURVN2RBHWgPjqQB6G5ZrAylxUm+ucA3tBKORKMDLJoJzYOKKLBSkAFZRvlOqi9HCI9G0DsJJkG1hzhEBTVdO8lOliUDOiYvguYN7SJaCQoraErwWIYHRmlOuzoloy84zGDYk1nPSnAE9MSUMsx1OOYpsyeGgLEWkRIGIyJOvlK9gIKFQEPmEmuIrHQd1RrqgpYj3q6NafjE1TN4zlqLWCwom94BFcvI/KZoYGAEb8wk3JzBW3MP4K4OWGk0ZqgGovwByZRlNmR44ZwspEGPmCjFX2/LryHbCjduRFh36P/0//jPQWBVWIVVRoVxtLqya/yfERVmLgjGvyorJJwszFQkg6AwvSQ7hIFZI4bAsIDm6ednaaD5yioyawSMopG25xdXH8OYrCRcmNGh70j4nK1B0B6yECRcRxdleJ0UCzNpMZ0SEmURQYSeHVbBcUdKlkBMc8xRXE0vSsLNo4a/PCuw+g4kUkxhOpbNAfCl5YzA/weej5LmkTB2/ieb50o4MhTvoPOFs5hThRobj5W4W1YD9hZnVCDMyiyn/JA3ovbplLVJxgduCsOzEz7uYsmPxbK0j61vEhZzppPsY4MQmSqUEF6gN9dAEU+Si5zBvCAQsbiNnewFbkjY4CxxP4OXuGKUFHlZs0wtsWDP3qEEGqxxPr2SDP5K7R1TLfRvmZhi6mXswFNTeNvJakEWYWeTK5+yxcHkhT3Int6iRFOrwaNffqoPoFxbgX7l51FrNfLI6Wbh7rXaq02maavXJfJrqsdap2jjaWG2sNuU3AuY5Y9Y5isBcktP/P+A0lU9cOCjFAqoSUwoBhVSUOHDUOY0wwdXLblXOQ4EMxJQjzNayS86BUE+GnMlvnIGVCKhrgD/f1EzNLsEpKZB5Mb2RoPA7SEzMgmCAdv6rwInHlkU3/3rDwz2qG6KsYdsdvup8UnI1469GYtmN0RS5ax2vQamh9fRjC28geftoRCCMJg6Wlem5yCNqAG9Dgr52UVnkZpIK6POxAziyRYymlMsH8CxFkZbjzkw8TvOnJPi3pzfg0RPtgUtdQQQFmeWkkvMvPNrZDkKC9TbHjrRcwFuKc8eI6aacm1xG0ksQ3xOhOy9sgDQj+5DUgEDwkWLiiDN2gWCBB5GjAX6ZSpNYSxHM0a5FUHB1UyIWqrVqka4r90+Hd+/u6jRiIzARRbBzkKhoSfCGRLQ0EKqEVSfuh3lEYdHgqNZSADGHCLGqeN1zkLCO0zHcJIjJvU7C3g+DW6UI1lJKL6VnLl03qBZhxefru16kQFHp4cKwLvSwYGYWdYjoWs8Nb0CWUHbhjIAsUi1rnErkVkXVmUW0G7QEz+ezAbR1VvPqZCKpkJnPlpubVz/+7X/qum487T5++WRuz9vd/nhaLFazYViv1kQq2j1vd13pVHrRcjyO/TCbJnve7har2TRWD2KW8TQ+Pu3MfHO5fvX26vpiHnUUla5IKbxYDvOuJ6LD4eAmn97daVdWm6WFfPr45bDbPj8+Pz08FuHLy6sXr14/PG0/fPygTLc3l6L6cP+0mJeL6/lxHPeH0+PTo7EdJzucPIRGijdv31qdxul0c3W12ay2u+Nysbx/eJKir15eHw7HL1+e+mG+Xm02m8vZvK/mf/zzp3fvPquGFNVuFmEsejpV0tLPChNvtzuzE4X7ZBRchMf9w3736B7adcSs2pMWYh7mnXIn3q8218vlYrs73N8/sJL2/WKx2G4Pp1MV6haLVZ18fXEpUmp1LbpYLu/uPt1//tQPA0m5vFwSuYoc9iMrL1az8Nju9rv9XoS0lH6YCZeHh8cXr25ur1Y27Ymt1qnpoNCYCAuDeXEO1ZzoVOKHDfhJ3abk6BPVdw5bW30DkPY8pKMzZgmVCL4qPE01cpdJA8DSTxcRD69ypjdnYAuiyFjpGd8Iah78YbSIC5Q8EsfgpGRTGwBkWSF0rv8jBxHkRM5IRFlsW8QUYZRO/zXCMUMMyPihxU3LPXijV89Swa1mxkFlYfgbFBdu7SXwFWFukLrBgCXASfKoFWAfrP/CzbISczdQgFosbuPx5MCi9qgAzijOGYRYGrEdw4R2AT3gyI96gehcO1C7v1m+IoVJ8lqYSEonSgouauJzSDfutTGSkqxFQaJMUoiS4ukUmJIKKSG6A16U1DKjZ1TipGoZ1hAwbi9FELFztKYoO1D5KlkEWZTbocFNNyZiFWAtFp5FiTBaU7hGipJ51jnMLpCKexuKCVPrSITCKeB6jm0KqSgggYENcWjqQDBvQc4HAy2dTzxChSi3fOE5UyEDYi+t+AI7is/XFHLhbFISyGU2KJhzYgBdXj4H7m4JQld0CTlccyaUTnANSTctD/acO3iO5Ywp8QBqPJv8kClYAK0H/AJ2ygK9CNh1FOYV5yIlvExsylg0wUaO3bwAA0Qg3A1WrAcIZydjEoKJPPh8lC1ZNCCWc2dhM1WCCIMqUTTCfpNFe9Zq1AYiTGSoNRgTTM6dYUzOWBCATwBeI76n/ZzS8PK8INnveB48VoZZcDLANaLdUYItKsFcDY2BeRCJezUPD57Maw33MKNabQo34+peDVwMivP8UUSILT1tv3bOOLQiIoqoHIwDn0bsoQIbQqYgoWAGOoTpJWjcuMRBYdAWBWNJHISeYhhupDeoEGQp51KMOYdSlUIilCKiyaUdLEdFL5fyzwLopHUBoPgIAnBSeTiaLhcumiEJ91s+hpE9M/itaXmHRBcOc2pcBKXWxTIOSAgMdijBGtSRZ1+bCtfY3CeTz3VEWyvtJphSZS3OERFCzI6VHrhVuJhMHCLh2CiZjXSi4rg8IijL8l18PXogvQKhozAX4cBK6XB2EYlwcQm2SFiCg8Iwh0OBHxFn11MwzgiengEpM6ZdaAKyPThH4DaqaTyoyG6AIjKUEZ6XdJtA/kcTA48QIcq4FMRkHF9jDUE1TxTBEbU9LRFOrG3cJ9lNJietBfyA1USq3OCHxRIBDFKElOVi2f1f/um7n/7y4ac/HafTqZv1QWwWzM5iKp1z7u8B+mIU7M4iyjG5Oalqz0JuJxXsHTDpipSOOKzWrhQiELFClL0a+cRFSik+DHUc0dS4Wae9osETVVFSHfphMi/CKjKOblZxgbQomYR4VApnFq1uYZWlMKvVCQPMih2qIcKqRSazqCfC8+/BYkplfzq8vLi+XM2tmnOpbnUap2kcay2Fj9O44v75+fl02hahw+k4WoVP+DCbK/Ewn3dd//O79xQ+m6++PD4+bvdX15f3j482USn64tUVktLnT/fzeVksZrTQzeXy7ZvLeaezm03o8HB/J0KzQYZ+2O/ieCzTWLkT7ZSJvMZ8sTrspvFUr19cHA/TzauXF1dXn+/uyafn3dNffv756vrV4+N+veq/3D0eRjftXPvPD0/dEGXH3SA3V5c//eXdai7BtLncrC8u3v3+DxHvtEit0267n8/n5v3tm9evX794eNwftqf3u4ef/vTxNE2i1BU9OZ9ONpvPlhfzw26nPPCsW8m6KzSOp/G0n/VDt1h2Qy8irNKVDqd/Oo3S6+k09jpKmZ4eP797t95cXhaJcOuLPN4/DF0ZZnNhfXx8OBwOt8sXpZOLi4u7hzsSWqyWxN7PZs9Pu8eHbdf3m+uLz5/uD4fJJ7+5vjgcTu/ff9w/H8L829/cLpYri3p1vZzNy2nkWkF/cBH4UbFHaJPRlMLgZDj0vsLkocJC7BG51SPtPxFBstaOcMqxKzb1eCo4ib7uecqkENmAJhTFBQEoKgMjSo9GsfDIkE4RcZZl5lOPhzb3JuWybhF10iBPM3ZiFbD4CZVPEAcpNQWlEivYiQSJIblZJefwIgiqBgkss3OA5IcxrxE5c0JVAWUgqv9oVyWHsgn3ROKwZAaHzexjolq6m4LQnhUJ/FVEIhmYSOg1ASWSBMUaXwPxjTDHhWUnMXFA2shMTGDBZ/TB1LXRURwscM4ZbXNcipRlg9fJZ6g9kKegca0eBZSe8DIURpUaAhc7zmRQNNK6COb0sKUxVmBSMO5ACQJDEjQOSYhgZk1NGPhjnq1ITqNS4RVMEIqS52qu4OwhDcUvhgAEiF20TY5RwBGsaICtRxBHaRuGmEhUmNlzrzsHtYaCiEQbGyyEc5MRwNDkUrPgDIgkMo7BvDacm6Bzxf1WKqmBxgGCiVgz22s7qIlRwwQ5cQFsyIR7aURCycVD6c3EirfjFoayHPhdGzLR2aILj7O3Lh7TImrje8FtZMuhSsJg5zkGxkzu0cAAdIhORu7huHROZNU5WEScyMiCKYgLC1cncctvQ4oFSpGCVSdiq9w4Y8oMZ2LUHDlkJCYLMPzA/cBjKUkeYvfExQO6HTTGsD1rnBvUuk5tniIswZSEkYDimWEO5YEeDg8N2hUPn4KEvm41yvkSYSbBGglyNDGhM/bvhuXfeDYAnpJrijA3sqDwmEABMj+T/qtjo3xqMvFASVa9gdVikgspCCwJRK4iCjWVUuvlmVRSaiE4W0EskTwrEnAsiIgZ7BbOKtmNYKqJuQ9EUYL+J2MU6nPArqGsrIFV2c4RhuYiZxacTM4IdxKi6jBAga0Z2jn4fH2FMogEPSxhl5dX4kbJyckrQ6wmnNcnEkxKLCREYcKLuAdlhymHBUvTJYtw6njShIyZqeIkUMAslSlhqLb+Cg0YNk8TuiiiAO8dr4UDlKV0Tlo4P33A2SbVSshL1aMZhuJ5a1HpjLQwexg5CXPACNRcMXFkJ02e1Hk7XPaI6d/haFyhfLO0jiCKMKutVQBw35IzQlEYeoK2IzOg5cU67QYaZbrJvEDuFcqz7OOIiNiJmZ0h76OIpuGOFODk84WtXkTYsJN9EfKFtzkkJgeOLMDoJMij1iqkqmGTFv7xh9v//j/9zYdP9yOcdKuRSFEkZldVqMJUpU7Wd8XdRdXGIGbptNrIocJsdSpFhcl9KtJToptlnKZmmBvEFEql66UUtZqLHCLILTL7h5ZEmGo1YupKEVYjObqpal96Dqpe3Y05ur7zaRKSELXw8Am9LUoBZrFwmEGIaF9mBU9LVLEIddHS98NU6TRFP2dimcYIorGORboyLG5uX+zH/eeP72ed9kPHTKUvtcZ+f1qvlvfP22E2WYiNo4peff+tdsNyPlxerT99fuxns4/v79zt+x/eXN5e9D1vH7fjKWZ9R+bPu8M0n/ULHUq33W2j6wr7fBjoki3KcjUzG3fbA0f88P03P/3pVCcp3WroTXU4PB/rWF9cX9093j/vT/OV9/Pl3eNhtzt1/fz6+mq7e76/f3z7dnNx+fLff/pTubm8eHXFdbyebR4enn9+d/e8PWw2a+3k+ubqYjnbXFzMlxfdrN+s1xzx5a7e3z/tj4fPn7+sVsvVainE6/W6G7rd7rg/HBiwEvNYa+k76vvjuO/FKKwfuohQURGtRKG0Wl9uLi6i2sPzZ5u27/78c6e6XHbH/W6a1kxURNeLuYiM41if62G3WywWqt1xOrrTfLk57nZXFxfDfP7Lzx82F4u//7tvLy5W2/vnhy+Pq/Ws1mm3221Ws81ydbleGkXphYUOp2cmCgoV+TWsKjiIkMlkvUOSVtkciYRmCQRc3S0X/GW1QE3dSARaKf6LGbMjBJXkoTKBb86NCICyMkiFiNy8ef1hcAe6EonmXCHS8STrnQjCLnAmEtVWcxEKJTS9MGYTiswyxBQaRMFGWQgTRdtST4Z0b24w5WAYBrOzuZM7wnN4cIXRkRmaAHBNMjjlnBc8J0/btpyVRACnRv0GMmsFPsUG8apnaAXqlxJRT3sfcIPDgdsKB5N5K9w8CAVNrhHihmLh8nmtgD1QrZCATQXQBJHzfOfhWhuiSXWFbpuC2NyIghVW3uwBbbQUVcBfqBfgXGGJdCtyR0mc6mzSIczuohg6hLByzhZQlUfW5XlK2RsFn9L3NTtJD6PA3oho/UokUBfRlr2i/qAsV5o8F4MiwT40JigPUIMxzmPC8CHhcd7ZA+y8KTuh+ObMe/jMuUma2VuCj3BcWWYh5aRCoCmKwOoAjLRQVEuWn+4K/FDAgM9qi7L1aUNwPGq4n6hFsPsH8DSWD/C5a82LjEMGgaAlz4HDU9TiBoZ/CtAUYnYMU5hUJYLCAj0OOl9R0JdQWqGdDCYFzslNgm6wd3IPhrGss0dohIUIHmbcSZeiEKQghuTNUlGMPfBFlOuElPlMZQthD2zbAiJOWQYkifkcVihAuE/tYEQTEXKC5UEVQYXwgOUihYQ2KbeVY6hJFr9Sh6swB9jHAEOAOKpFpZxXBBGxQBQokR0AMbG7madZUbUaTuapB52A9FvUmmwVqyijXIgtHaTw+WpD94OZS4Y0atMGkib7hIICim3Y/CS9nYiFQHCDCVObCpEH9k3l7zh7fm7slcC34YcgxmL7QLK+XBsXhSLYznQhGP0wVQoBKBVofBp84XgX2G3QRl6tlM/DQ5bFNypqT/Nq+tqH5GbHJJtCGwBYA0WpkDAj2AZWE+QTJvDCb3efiNLBOMUwqMvT7YYxGAG7MIIjNJlPiDC4ZLApQP8TkcojETyn56lNBKXPAUHZE4nQYHtndqwhwSxK4Pin6RQh4IuEMyvnY44407A1b3A+hljuQkh5kzfw3bNPQJssOXbn4CYwJmjo2qFqbx1hukFKkEeDIclpyYCsR2lwlEg/B4AhpFOvTd7k3jzhziTWbOWdKWDflGwizi8FOxTmVIQvbJMWcTObJu+68ve/u/3//m8X+6endDdJtVAEBWvByAjzQJjn2mSeo6HmopE5jplp9LH4jMgkr5pxBCJruJXS9UPPQt3QT+PEwvAQFGVmES5FuggyoimiqAbxVKfJa6Z2LqUTi12MRB7CLqqkPJmIV+Q9J3Su2OsVVoOUBXxbcEFZJpviNM4Xi2/fvvn3P/35NNXJvcw60aEaadeTdlrmD08P+93+uHs8qR5rzBbLECFyq+ReTtNUfZRuPgwronh8eLx9+bpGPD8d+n4Y+v7xcbdazyP88mp1eN6+ennFxPPFnFm6ru86DZ9Y/OpmtVltnp+e3W0265lnD+NxKB0HDy9nT09Pr9++Gs0+vf84TnUYFj//9d3ueffq1XU/X45VtQzEFEHDbDlfLlnoN7/5nks/joc67TbL4bjbLhY9U8RunCp/+vzQ9eXh/l4e5PU3r1998zY89vv9quv++fd/GMeoTu5+c7Myr6ql70rpu6GfecTxMPZ9x8IShSR2z89zWs+G2Xg6eEjXL7quNwtWVi1SZCjDxcXVZrN6+PLp4eF+u32Yzfrj4XBxtfr8eUceXSll0elo01SJqZ/PqpsU6Xu9WK+48PGgu8e5u796fVun6f37j3/7N99erhdd0P2Xuy93d7vdbhrH00mGl/Pl5ebdz+9nQ3E/Hg8n8oqZImzoEHKioX6KaSA2NUFQ2YBBjygsNf1twCJgd8v9pa2GAqkH42KRAkibcejjLOMJS+QyElUOdyJldqKi54AqmvgOU5Co5mw240TSDBzJJTM/liIxwWoUZVtwCBUqKB7Cw5qWP6JklAsJh5va2cgBslJn8HlyC5SD/Y4VtuEe4BQbii9PTggKKEorlgoRQrJFAFQly4PIWigNCoxOkoofRJEuI84CEiCs2KNxMlEB0nlggMwGtDfzZ/tv+LaDUoPvgEsLkTTXQVgkAxpwj8CYm8/bl9w9WFVAt+bz6Dk7vfyv0hVkCPcIErEgJsVgghrkSswquENIApEA9ldCLIiqCvkvocwlZnLKMhCTblSE7s4sWFeEMQoMRXCRJCkKCoV2dqwq0opLVOoJ2CdkRkGUsgRgTpw1hZNKLv+MRrzB8APkNUB8WGUKw70ccENgkJApg2MXhK8BL0pEyB2oOCUTK/lHuGiRS/VyCJBZlbMFjnZ7CUm9mW2f+xI91ytppgf9CQVMJskhuUyPKhTAzUYm94VFHhIlFrSOgeTSpIUNektojnItGt6qu0sK8sKdhMOSPsQR2GBMTq6Z500lncg4iA38jUgTYsB+FriPnLAppNQRnMU5w6+kNTqpq07HFA8nT6kzpvzZAySmCRpdnogsl2EyjPKOz7McEG3YKKAoxTXHIfWImKY2BMlunIlIEkTB0m2iNoJhzlCBp8tgPuLiWLtGZNUQCMxqm1VEBMaT3nYyobXKaY4AACAASURBVKh1IcrwkfVp5PLdr61z5MI+cha0UWDqo+cTwWGThtO0S0Kt+2l9cBBh3oQ/dUZJnR6wjTUPblzS0xJ6EQ9iMquCWEGeySjJ3K3ehUYYNO+cWnG6n3kQObe6mLjhQ27BRNFcSiF6wwoIZvIQDjLP3puIwvCoA/fOqhXBmpnMmNscMoLhD3QWrAVcc51ZYYKK4IiKFF0jURFsPwdWQRjYOWNQxC2aOgk2ZOFdYF9zxJl2n+UlQnAa06E1SLNOxBjHysX8bCAjmRC3kR4YjekvlqExzQYSYwcYHVSh+6d0w3IihpqV4IZtFllaZ9cMpw5iSaN+YcKVcui7stoX5tQjN3/x7HbCCX+h51Wi+Z6RWsNIKJxJnLEZEzOVxn5CUkOuSPGiM+HsNyzJySihEneqpBmv/cXN6v/6P/z90+Nut3vGwIVE3I2oVq85M2LRrg8Dw5ZYuhC1qeJpUBEPdQ+nKsJG1ce9k3cq7DRNHkTupkKl62bzmVl14q70ZmCIUoRNdeqHUqRM4SWLHKog/YYri4jUqeYKZ5bSdZA6wsS1SJmmahEZEklUlcz6ThnaaqEUqQRp6eo0zvrZ4/P+88ODFFUVczKi0s+JuvliWUr5/PE9ZBHb511Ir50Jl/V6ZV4mqxeXl6rdsFjbaQr3abL/81/+7c03by/WF9e3l0RRep0Nw353HOaLx4fDfDZfrudWnVhvXq37jlmGxy93h+1hPiwsohoNw/C0PYyjXV5u+qCn5+1svggpb78V1UFLHLb7+Wo17JfdrLvoZxPNO51vrjbbh0edr6h04L9dXF5Px4fbl7dP28f7x+f9OA191xXZPR92+7q5XHX97Lg/7XenTx8fFqvV6WiP20+75/1itZ7GE5mvlzOmGw9+urt38SKFSyfam9PheOiLdGW+Wm2O456muuhnp+Pz6XSKiOphMWmZzWbr2XIVIkQ8TVZP03GcVpuhDLPV5vKvf3l899ePN69enA5j388fH7fSD4vlqtp0PB6H+XBxffn0vH379s10OD48PQfHb377VpSfd5N25fFpf5rczOZD32k5HqdPn+6tmnv98ce35PuTjwywRgVzb9QJhHluGHaQOHPB2bAMURRAKEkbQV6ZA/vqmHHiENULI/k7U3CSaomJGsJMIRxB6s45ck5qvnLaecL1S7NCCUMlix4/NNNMgB4O1wZMlh2wTgRh3SSxmHmvigjMzG6WIDppchKZokLixawcJtW4uUYAPkR2qUyBjZvBTo0UBAqiJ1OVwgO4eFqGiLBHzR9GRHBvj6Zz4lYlWEOLwqs69K6R+gN0C2QG/kDy8lPqiG4tRwrMjPWiCMBZ3xCf4W4N8EYSB89EmQyaSIv4BJIbKukJn4QHNxfUIOIgwZ6mXNAFexmi4NIp5dyBJYgL3gXqpNyDA6zsDKuiXmmYfyNQ0VeVq0dutqXE+ikEFKTc09oWPRETOQpratcKfDVuzB/nBrZTgsI5qwDYycwENaQAY1bWYIvwNLIEFy6zR/4ePG0lZnRTwH1YHZ5ayL+t8gUXA09OTvuhDYArj4gCzw/GGtWmiMXNE4nUbrMoJkrwewwWIW2eTcH/zdWNMBbWAOuHKMjYOajhjHmmwNbI6YnDJAe1IVM+OtzcuqDiNMOIT8hZNauQgJsA+vQsUKDRD/cQKniwuOGfZoxVReYCG1oRlpCE0nE3OcIFh5ywZi6qEEUNKhyE2YMxA48sIqxEFk07TczwBvecp9B5CJCVpYeBJ4MZWs5HEkIgSxwwChqOMHTeQvnUgSuJqEoYuGR/7mYoo9XJWomXFwf8YxFBjxfhaaIVEQF5bnMhhnooIBRGBxQGXIWCmmwWvLHzqKNkRxs47xmE8agR1OSEywD7H6bsLYVZmTxCc6lHQzP5KzKNOrkNURCLLciFmmciXFzAikfl1u5UNq4Zg42aQschP4rcBphgfJgHn7HeMPQwkofboWMRPzdzkRMCDKOCJNxbAxDcIigeI2ogQuvLiA2zHBjpBmOLCpNEGDdxEg5XVEQtxpWAnwCxkNekKDIc/HHBUdcaBSfTql1TFndvGL/kZIaYBbt/gahJUAR8b9C3IRXm+gLkLSNYOoSlzUAgzCFMNqKNKFG4OYlwmo82IV7rnRyzQNzbNrrHueKIZmzRWlRgZBmi24XDc5USp5Zo0Oi6EHskMsTIP8HMYZSHTYJa5nQAPIB2KPNFxlLJ5dsWEeEYB5q3E0aZSrCRAp0y1hlxSMsd4eLhRG61krCqeNRe+D/+7et/+eObf/79QYRUKYKMWFlF1VlsrECcImoL0cok1asWDTcppZrhg0tXRLWGSS7+rYkUWpBwUWURcsGq7fAQES0igilXrT66eymDqsJQ382sVoVYTpCdioiTmE/pVyZCwmWqTGwqxcwmq0FUBB1jdSLmAi18sEiEaPfl8enz45OZMTNVZ5H0AZH+aLUQ7faHoS8UzH2vrEpRiPph2O1sOe/60qno1eXl6TieDvthtbpdb7ph6Gb9/nCiOs5ns8vbNVGEys3r29liuLhcc7gILxfzIrE/TdrRxbDpRMdx9JAZ02q9nHXd/vmZhGbD7OWbF9vt3o0/+MNiPmw2m8OpPj8/3z/sh9lce+qHbrm+PO2n0/G4322//c03ZSjPzyem2f39djxa389Oh2n7tH318mpzsVxfdn3XXV5d3v7u8uWrm2r25z+/q6MtNxei/Yvbq8fdfpp8HKfd9q4r/YvXr7kbPn78vHt6et7uNqv1fv9YVI+Hw7zn02HsFhJsu8PWqotyXwqJSN8Ns/lysawUb15dr3r659//25dP7xeLV8/P22423x/GyXx9dVndZ0WZaPf8uLm64FAVnY7Hg52EWYtsLjZjnUrXvbq91KLT8bTdH/fHcb+fFvNus+keH9eH03Q4HD/a+Pb1zWKgw+EkbiwChQwyu+GJgyt7mzqmmQkzMZMR7CRDOLAsksF4Dfj8MKd5N7ACZuEwYXUgGUXRrCKQi7CjOpACjlEELNbA+RBwnT0qpgbkXFiCkiYO4Og8INSEpgjLZxNwQFQXogZzCHMENorK5BaBFMNYeFAlzLBbkyLgJkKWnIX8IXWqwsRhNSzchIEOup+FYzl39yzAA1EOmEjj1rthwwd8EoGzhgTQSw80TUiZEk29loC4N4wTtMy2thV1BAo+Cs6NrIiozFlyJ+UlGnaSzMiUhCZrAVN54IAJlVICn2mn7mENMycKiXNZakElwrO90f/l//k/i5BqTiFYqAgzRshCwqEgoCkJOcpiVhIGrozIgFoc1YGjJ0EpAMdOgdgk9Y2eRkEsmMRwQlANQeWkT6F3wKmGwxBRcLiA2QA/H2YVMORIG/+NxVUYp004JEJwVdgVlunsFCEcSZoQTiEBZx1GaXWKqyoi5wzlghcmJjahYCG0H7Bh0eTKVmoDilQUYMkAtX3QnNMgbnOKPIIYmqNdJk4DyZa5f+WQyJE9Frs3AlWbYFP2WZxWSEk4SNyXhYWJlZkJI+us7amRm3Hv4typJnif0yO0hpzoQPZxwQZ9Ad4EUVvAlRw4KCHT3yfHMdRKAzo3QR4kMCiItNzBVTGH2Qs7ZmpoiZw8vFbHtmPYBMHRpWINcqKhbt5+GGDodEZEFxGo1e1XDjPNZyXM8d3NF8gScG2VPbl7pMlQIr4Gkg+U/mfNf3st9+phsKTBSdMGrqsQM3WquG3CpDhagqWhUZRbUA4h5/YIqBAGX8wsgilWUlsyL0QoGOqcBy/HuhgppnYkiILYE/5pxSfGtE4GWgziDN7Guf4OIokMZRSE5MHp0J91KFMTNaAPypOEzSGod6GUSg0ZwOBc+tCGK626Taib4r9pWdORrrVSeZiJlZPmko1eNJA+zy5x9t1O+W6cuA1bOHINF/4uk2yDEYCMMCdrEOkoPwidlQU4hq1z9VbmOnN4GKUQLyhCW9NDCL/sgljBhNCRYxRquFgruTGwSV0Zee6k+3pq0+qOw8nbcgKoVMgoAttF0wCJDJ8CHE7xYApltOKIPc5QOoDRlTcFA6R8cs4hPcfmbeKEj49Am8gGRt7ZmVACDXhwGMicBzYfRfo+udUE48goDEx6YV3Me9LuT7/cjcdTU8dIV3oWJXcS0YLqGdQagWBPmFR7wBQiqlqs1qJKbuxjNyxqrT4dmR2G4X3RvtP5MKjI0A+nw2msU+mGflgMw4q4MGPHjZQO8nJmoqmeWBlxgZnNat91RYkcmE0S3pgkWFSKaDd5dbfCRcE3A0SH6Gq47E5J5WNWCRJ3qICKqHrwVKuHk2gEBVNX+q6bzRdDKX1EGebrzWpduBeSarRcrt9880ZUlqvN8/Pu8eHJaqbLw24/63s31wgK61QuLleYn5nVwzjN+q6oeNjhND18ft7vDl1ffBphhrffn46749B3tzer2WLhQduH59NpEpVxmpjo8nJT63Q6+WzoX91sxuMx3Jar+WwxJ4+IOp91m4vl9nk7DLPNctZ3/N13bzst19dX5tPj8/Zpu7/78nR/d7/bH7rSf/PNC9H+l3cPymW+mAXpyzcvD6Pf3z3u9wcS2azX02ki5mp1tVySlM1qySHKdDzc7ff3zDybD6rdfL6aLZbL5ezHH65+95tX//W//r6IvH7zzW9++H6xXAfL492X0+lU+uXmerM/bJ+eHxbLxWw274oM8248jWE2jafb24thGNxjuR60dE9P29VyWMw6r/bLn38Wsm7WX1/fHI/76XR68/pq1lWKmqUC1tdRNIc3oO1gn7IIKZAnaYUWhwipFCHnZDKkOYQKC5EKqyaPT9JBkTjLGM7gQ8lqE6aSBo+hCuiPVaOIdiq9iBYtyqKkQp1KV6Qr2hfpVPqinWpfuq5IKaFKXYFnlHRF+q4MnQxd6VT7IircqfQqvUqnWpS6Ir1KV3QoOqh2RQtTERFlZQLDp637qYgP7jXMAm5ztbrXcLeo0OhgxWZaBjYv0Go5pHVYCFpk0uYWEnOEzZlwEOKCiZVSRtVq1whh+iquQlDO8TeTcwY9SkYD4jo1QgAhEH4t5REsiShJFUyYeTK6FERMEUbN0HITA3/iJvEmInAHgVBR1sZMTMpcwG6nCNaGHMHqlUhSdsDU/iKLWWCt2YqilISNO8qBr0sKwFshplTWZS9oCZ4lTT8/LBOzEIwuNF8jIpyxMgpZRzJzo8iQ1OSdVxMQM/IBKWi6gAsZ0ZNDSMg8nDFkolZXYKFm9mjBEhSooVF25csFE4jIqJphRIRyCmUOM1FrkVGwM+j9FEQ1WtmUcg9mFsXYDhfVG5uN0UUGDhUWcrowQ6lCWV1FRO59DRR5Ee5GTJEyMqkcwS5C7Bo5TklxBgc7h0ZAtJfEm2S+4aEC0YBhKwRMjpLggzIxaVI5fTs3UExJO2EWTTmvp09gGMHnmy33P+QxATF9iiAACNnykhO8grFbLGDOa0AQHWp/KCLwqHmkxynqXaEgSVGUt40DeeDca6RTQZZSTp4rS1C/4XZQpm1JfymKbGIRgIkJmIoRYX0dpK6UPjeEnay1jdMMt5dJkMnxVKPAEzgyCNQZOXhhgghS42wZmW4QJJiOCREZyPB53VEvJOufUu2QIYKCHHR3Z0OZy5QqfMyUEyXBsAviKCKOyAdWBJS7rJgpvWYyAKZ2By1kttPgm2PqgRrXs8kXyQYxkt0alHBG1rLkeBITvuBotDSijMxMwK01B59EGPpx+vdk4dwwZrDOiM7T7iDnpgpixE1CFOecKJFDedxqVtcABgYTaM5thXkK8WPADKdwcuew5JtiyhJOZs7UJiiiuIwMigcRUzWRSA0DeyWOIgWoHktaO+cciSgd8IgITiBfCVz5kpG/pJldtsFEAjYgB7nlfJ+AZBNobRyhzGEFlg+Y8yLLBTX6GHb95eV1fH8QdtUgPPg5BzATR83OKzzPK2I0kYcxiScUR43vm0ctRzOwBiHiIEOvEsIqnerf/nDzn/7pd//lv/zx+eHuOFXVLoJsGrX0nSixQpEd7iIqTMpKnRKxOU11ZBalIqWoduQjcYlMGKQq7NXdVEWYS98zSSndrt8ep4kkWEAnKNJ1qtKpqmiwStHDaWsIWBaiHG33YgQTs3aF3EWkUrVaLZxYNSjcWYoUUZVqRk6I8ITWpiE+EdF1XXULriFOXJSJKVTYWaXvZ2VW3ciraNGu68rcJhrWy6vbVwNH6RbrzYXOZoft/tOHL8FEMpnTfLEA7tfPymozmy2K1VNZdReXi1LKw93zfNmbMJNL6dzrdJweH5+f96ep1v3xSNIJ1YvLlYaqDnf3T11vTLRa9M+PfHF5uTscr8vF4XjYP+/H6s7idVou5tqXzdXGRlfm+UAft48Xt5vjbtw/74ahJ+bHh+3L26vwWC8Xp8Pp4WnrUc3t7svjxcVqGLquUyFazLvXb25Ox9N8sXx43g+z2f3j4ZtvXz9vl+Q+TZNtVqfjsdp0/3jX9d3D08HrNAxMwipahrLZXEg3aDcsF8MP3796dbt4+/L29ury8fl+v/1Cdtw/Pym7eRWlcRy/fP7S92rjqB6XFyszW656Idk+7sNimqbLq7V5CJft89Pdp6ehvxGzaTpW4qf9aXO1ZqVa6+XV5uZ6TrTXxMEBOrd0ICQ48dbUhd4wt6AQciYNdhY2cyFl7EARpMuGRxIqTweODygRNWM4PEOMhHL2Gw1MiWBSVrQizCzNESTfCmAoEpWvRArKH8AedCZmU1DOVMMhkGQ+xymUNGIWzOIBcjURkZlXdgtR1zEZNqSizX4nzGH9bKk7CyN3o6QDpRLNwftlQ7mU7AJEf3DQwRjJeHoexSr4/pmCANV4+9uGiWZ6FobTEWsyQQIFY5CgBXDMBc7c/xbPqaFzWbLmD4c8FWgyJ+jPWHsGwwYUw5SpU4G5CAl6xRzxElGIKFNEsjqFmfX/9b/8z5KJjxt26K1DAAEA+ezMIsh5BZ+JKwnkMKWyEBV5xmg0D5INQDIckAeSnNxqThxDzgI1MbbM3ZpAH14FBakKCzmwdRVWZiFXkSKCeSxzsJAITIqCObSNmlMEmaV6ymsSHxVCOhXm8/sByNrwFlJmEaCzQF5Zmn6v+bFz3jNuBisJyiozbBTzgqF7SUUmbmacm6yvbVdkJgwcyobknnHMTJLSpLTZlTCjDs6lB5rHKgIrCzjI5aw2/HX7GcaJazaOTJZkKAGS6o2BAVrpBEHz39bS4UZ65nIc0VwaSHGuT9vjli0jmGvu4RRuHuRhdC5e4HXqHh50dthNB30wgTAlB1x/7q/Pxkj5W5Dxs6nAALD5+zcL+ZwAhEcNt1zo26BcT2p+eNr3t3ftBMV/ThRgm4zmJEeGoMajcg1hFwaNjVQa9I7VLuGScwAgNECASMHJ5mD2PGOUqyokS9YAcIhzB4AHQHvjVwedtY/tuuBJ5Lw7nPc+R1T59HKOFIGCUPOAjq9HqB1Xomh8GDDR81Q48G9KJD6yQ0c5HmEYEUQaKqG1zg4NRKEzvSTnCwzvds7g2Vqar8gzEg/96pdobPo0xw4KifOE4WufSGeIO5/o7KwStyZ0upJPK5YGUsL0SQj1SBJpkp+I2n9EBMFylxPMoWyFEuDPLikHK0FBbniLOMyRGpI8wZnP3N3NwvBl4eE2AYWqNoW7ezWsB4x8wIJAdAoidzfOLgYSuvO0Kol5REFh0CPlStBwDufAXCK4jazzDuBaUXAgueDCeXqFp2AYkaHiw4KBFAELhGjJofVP7XfBYVbdKmW/ykV1mM///1T9Wc8lWZYlhu3hmNmdvtmn8IjIjJwrq1hVqlYPbFDd6iJBokVKDXX/PQnQo/SgRwoQIBEQHwQJkiiRjapm15BTZEaEj994JzM7e289rH2uR0ehMjz8c7+D2bFz1l57rbX/8Ob+6WkX4SLFwjyslN4jMsHDrdYKtGJhIuTG6MqxCLOoshLXaey0Mye3yeosEhy168swqKp2XS9aFovFOE7jOIp2qj3SeYeuTzWcIsyA3GaYTSKoCIeHW9VOlUVFq5tZFWJ3m2qFhRt0nyJHD/Jr2DYgZbZgViaqYZSmYAtmYREtETE7VY/S9aoL7oYgUS1EGsa9Ltaby4vLy1effc7k0zSP47jb7bfbp3E8lNJdXFzN08wcr15eLRYFq6lW54iLi+XzF9fhMU9zXwqzjPvjPEfXSZ3n2aqonG8W4b7bjyCLPNiM7x+eLi7Wi6E/HI7dou8XS2XthvLwsP14+7BablbrzfX19ePdw8X52szrPEfY2eX5NE6l722eq9nl9dUXP3gtXNabs1BV5tv73Xa7u7w6M6vfffve3S8vzr/8wRc3lxdOOptfXp9/+PBYuuHpYf/+7e3Zeui7Mh2P79+/Z6/MMU5jKSKlLIZhuVyE2zw9TscnIl6tNsPynEQ/e3n9xz99dXO9PF+vt4/7v/53fyParVfPpFtfPb+5f3h4erjvF6ui5eWz63B6un+SohR+vlkJiXbDMAzTZIvVYprmvi+LRTkexvEw1mmsVme3w/GopZun43E8/vznX15fdmbHMCNyEVLRohiyKp2KSHBQSewhmgiHmNATJg4qyhxeWndSSwoXRCiPGwWvTyqsRCKiSo3IZ1VmCYxI6lS0SKcsyl0RESqqRVWF+qJFqRMqRdFVKKpFuC+C4VGdSCmS3QDVUrioYJhd32knXFRFqCvSiWjh0kmnXDpVpq5oJ9rhzwuLkHKIoAsb2Wx0sP4ZcQz2LTffam61YsqmI2W7RfJgqzR3M3Jyg+iXKbL9nF1myjTlPDao4WvwykQUpCrMOQKrgXKAeSZIRxD81k5YJnZzSqkE555PgRYOyJDMRZJUcDTYyWgVKrGwqCraOdn4Z1IRVVFlJAEKNiNoW4BOhTkFLxDHo2KTojnGKtgdGLgd93AoBCWQVU/PQurDkn9ISS63qhKMecYXevqawVx6cvfJpCfbB4V9MOTe2WNJ8tJDWQi8pGThgCNY8y8l291STVgplAX6H8tzixPng9LmjMjFuR9peQTnHQnBUUhh5CegSUrRmYk0WFQxBJSR3CGapmLQ+xhNjSkCzsSSIotTmvqJoKTMJaQULfAnHwIlzm5S3mhxtkHe1HnJIolgxDEHUYgSPPLIN+VQj6CcRcDCbOxMwSzBwS5Gjiaj5XIE0BECgw6Ei0OcmYgRWJ+Bk9wKPEfPh6MIW1DrWhqxwn4A6WuyyyQUcyo9lJqgHoUaR5AxQBSKFDzC7kGsTmmDs1Tag8AI7AIULdUE5R8AHSocRaZpyqVP+CMiLJwhv8NQHsYqR4VArNyaLW5BrIxpcQSsk2ElLBJmme0YaVdG1FcatnDr0HA4wWJpBVnk0LrTYiWiCEn1Tm5wJ1qAIpgKuntCAblJtKgp7EAQJ0IuGs6UQ+ObIinSn54BC5mlA1NFcBAVkDVMhK4F0kgp2N0x4Q9UJF4RY2koCKNP85W8jTGG7avJVZo+HtcQ2DHyW0jD7RR5cSOZq1TJM1FOKuAghMbCwfqpkBXk5KWQP+UTYJKwZ7aq+gQ9g4JPqiGYSvC84JkJjzADTyDBUGJiBDPnNcxChrMPmu3iVAq5NzwfOX+MsmZ3d3JHABDDDUwW5MJEosJuOdaYmCsLS6BZCbFcilHJI1gIdiPJ1CYmroYatUJnBdEr5HFMWN7sEdBAYh0ycXUYUjECDi0PbLnZ8SMilxBCYw61VlAeBM3ZG3DxOhOVoqnCrcGfqjdYpr9PYTC1xqYHhVd0cGoEEZk7mr3CEebMSJeowRQMFtSKlh++PP/RF8++/t03EaHKZsxcgsjcVYhZiYW5sAis6FMEBWwwnSd/QR7VauV+UFb3WVXRBL842/QdtUhEHK04gxXyIRF2quSl9KpabD7W2ax6nZxVhKl0JZymOls1llJKKRGYeodjT/M4D2KGlqGo1GnGCdIYOC5azN3rDONBMGOcNA6YIBLFR1I3tyCVvnRFzBfrszKs7x8OpB8XHT89bYnJagxDPyx7IjM7Cvmq7zbLstmsvv3udiRer+jm2bmbP93eLxbLvhQKZ6flctju6uPdYZrG3W4/zxZ1PhzrRGLdcP94ODvbrNabq6vzaZyFaVitXl1dvHt/e3/70PfL58+fHQ/HxaIfunK+WYzbRenk6al+9vnzw37/8OGuWn36cLi62CyHpXm12czo6uZqc7ZaDt3X3/z10/bxeNxO89T33WK5Iuo2ZxsWvXv/8PCw/Wz9UoTXy6GIRtDTw8PT0/ZhuzseDouFUrCZl06HflE4pukoGMS12szzZEarzdnF5fmPf3B9fT5cbFZep7/481/8n/+v/+3d3Yfb24+iF1fPnjuV7fZwdnYcLi/6rru+uX734f3xu9+/fPHy4b5bLoa+12HRPz6YV7+83IR7txyurzZ3H+6PxzqN882zi+1usGpPu6d+Uc43FHbgzA6WTpPIS7Mi8JOeutPhOE0dJAij68zErtASRD6wjHF6HiJNiZdR8FSyPyAK+QhOZQ0O8lBAUWamEMFIFhEV2H3BC2eQpCAiMbO8sDcmE0tCkK1z0rzMzBqE6TmNew3WwHAQxYmMsDmvViv0+1UkagSFKHdBoRTWCYeTkTOFcsy5Y4VFakgxgDQIEQgg0T2xPpM5HhlPXjugzSBmYRZKrgUacuz4aH4kYDt530CVkbQ9DdCWRYkivaNcLQcjAwlHOBLl8G44mFOf0/gh1AMRHEKB2yGNOc+zjlueIaXSHJ8UmWyMAgCtkmTqEeWPWbnlRAE2cNbofExUBlZmqNLThJpt9da5ZSKIWVOgg0a/MJ9sKi0SO0UbmgcLDJ/4xODgSXLWTcCzosC8+P/WPooQFjlNQqU0wJymn+IpoIC+jdvixxJEryklBTnAusWGC8QWWabgTPTgEBIJJGJSVlzwpaEeYBwh6NwQrBmIiqGUCLgAUBJbqjhCW6a7fG86npMl4iLCsFpkk+QtoKZxwEkY0fyHfKJjKwAAIABJREFUp9DBJtxidNgEiPZU0jgwtgiGgpmFNcwZRETG0MvgFiB6n4ihVm4cfft4jdZFoUHuRMLidWYYuYXFJdxCWFVAxRNHgYAEWkNizzgY5Yy4+EQyE3psUBBEsvQGMhN6muQ8I2Dnx2Xw3FGSG2YJx+AoD4RU4c8jjRfEeKv2maISkUF6BFaRqWaK/EwmQUJa5xDJnGOsB2J2i6ycwzOisVmp3C3YsQ0wB3yQeODx3AVHFuTI7W2cOwW3ZlqLSW29SU5BcDAZnvoAF8tErTlMjUxGZUsWyXinPCRTRzMh2DPLErfb2YQknEkMtEFyAjhdcC3ZIY0mijDDQyq5sVh2cwjGNdAqiIFBpSribmHNHpW4O1vU2W81bEkC7Qm3piOI8Gx1RDCiuZCPwc3hI8QcYZg24eDCWmYrC6OEVM6qIG+cJOHuDEmaUDjOqAhmXECotIg4YLmIVEhiw2bQJIlZMRcZ9peMdQvKkpMIaw+jSrKSoqauYg63EJw0efFz88DZZKDMKYltrJN2DIGBDze3CIy/cbhzCS01y9aCm4cYuaIYEyZmdgyHU8aYe0cdhJBhnHoSSAkISBOFOchyH3BqliFjpGzVOVpZ2xrBSqeuNxZkao7CgjyCMA3HvG3IjAnZnLLmTA7EoAHyCDEXEi2r1eLP//gHf/U3X79/d0tEJAAaLNqJDu7edSKMXcTKIMfxIEQivVUn9mwiSXR9CSHlyGXtdXO2/qM/+eXXv/l1ncaiXb9aSFEphURLUTx2IiWctJOudDgf5zq6hcJFxx5zdSKLmGuVvlTzcZ61CHlEJRx5IkJERUtQLaXTUmKkqFaKYnxe0TZiheQUlwahaT7WXGAqJo/DuFuvNzc312G+WGzONmd1Du1JOjWfnXy3PawWq3GaLchcJ/t4vjk77I8PD7tafbHcLIayXAzkvFouzs7O1ptFuE/TGBKLYRgn//Bx+7TdHo+TFuqE5jrrYtX1MtW63e5YC3sdhq7rh/3xKLK12Z4/v7z9cF/HWK83n79+ttsd63j86qvnX3z+/K8Ov4rwye2w3y8X+vi4G4/dxcX64ur89vb+/PJ8v9vtnh5/+Udf/dl/9JPb2/vf/e6bImV1sTg7Ozse6+Pjdh6PD4/77cN+f7760Y8/16K//rvvlOPFq+vF2XK7O6rKfr8f+v5sc3Y4PhG5uY2HfVEWZ59Dglab9dnlxS9+9sXPvjjvxIg8vP7wB69+8pOvfvf7D/d37168/Gq57K6uLu8/vGWfhp6PxwOLe4zjYR6PF3zJu+3EKpvN4vxsNVZ7+fzq4/u7d99+2Cz7y4vNd/sji3j1cRqnaTbz168uOp45olOJYOHAWApOXhGBGp+a7SRUATeRo0OOwCIPD8nxGszk7tq1TltwQJOD3jRYMIfM1JidWYNIkFmiSaKJJMGN5FxWyhgzISVmDhFNviAguyjY4DDRPLK8LwxJSouOJuYesyQBpcH/sqZgGDnMqLOrG5GWqCRMDvAeSlHJ2DpJ3XZEcJh7DcozH+ZfCgtJjSa7UWZvICIhwXZjpvHRkA/DSe4L0l4s4T+2YCGPUJCWyW47Jg1ZEFJbIiKcjL2IeIaoUDVPvB6N0SIiYk08TOSRg24dSaygZSUU4hKItkgbR5snfObxN642Cxz0CZJ345SjB/gjESltLCbhZ0jxp0ZlU5Ce4qLZKeiUN8gM4Oy4eYlCIwC4KchJWme8CUgzOcqJCiGyHkEY0YBlkAQHU3qSwd4JVg+6JvhOgcoGvwPo1G5pgmUmYhbiVPR++lJOJASOMDwkH53IKiBgZ+N2pkouVIJQP8XH0vQ1khWgn3TZmnWvByo8YUjv23SATD5J2RtMOsGI7EGJUdH6jySDg+FBIWlShpMGqAF18k8RR8Qp3BLCFpKgQMIwTgYneTAqGMAbkQjXgFLEW3MqPO0HQEkaFE31LOFmDDwQIVwBZIXcXYkDkaNimO5rlscUejwCNQiKWpRJuasxdAJESLqV5pdlSzs0zL0U0by8Cd4tMBmhlV1ELh3KTPecSBjGEGlwmFNq3hMfU5ZXqGQhkUnCHVsIMeAkE+S8wUQZDK8Rgail3HyDw0Cf5OdpJD7nK8fpRkIOFhnKCt4XENhRZ2d5nqAQpwCnPyMbkqmLS7mTE4ZP5NumMjHVIYK4ddiRWGGqpHAKRM0Tc2gkRxHRpsAzEzsJuTtYBcFqN09/LT4ActwpN1OnU92W3wNMcvtMTqm+aYQIpXGIwq02GRuoZWJKNjkfRtAbKcHkT78PdpkcCJMyYKyVUyDCURAkc9F2lWbVoshSX4gjM/5BoyWqJo0TZjcIUXIGiVC4Mwa/5cfJDZU42B0dPSBdZljM4RKgrNwiY+EwQlyCmEsEMrKTts9MNrBQWT8QibRy9dTt9GCqZgGPREt5Mnevlon6aJGCDavYUpLeYFEPZyMwc8RKTkYukWHjnGd6Pm2BUD+mbEowN7YEBAY5ObIUIoWfEY1uP30tw9QIYvOwlEhlUlQ4pDFO7CwEhwLa4cRUq0NKw0aq+uLZ4mc/fr3dHaZx6lyrExF3ZXAWc+NshpiUjprMhgg5eSrMMdfKYxH1WisRkblVsvnZs89/9vOfHfaHx48ftO9XwwpfVFXMzGPuZBYVd2blcbSiffaEyVk4mJSUwmebPKkYIeK+G8InUQ6V4kTMbjbOE6FzKMLkpS9ByTaEh5lxkDmVbgB1wapodQmQUAixYOjJYlgsumG9Wvf90lwfnnaH7XZztr4czuvRhOXi4nJ9tiEH0RH73Xa1GJbLIZiePb8WluvrzcXlZjn0Ns1BoSwyKBeejsf7u6djDYidup6Puz11etwfn273y75bnZ2tNutpng6P29ef35D6NE3vvjus1ouLyzNze/b8ehjKcjmsN5vddn7x7EaIOu2+/fYdF3l62H7x5c1Pf/YDJV/2slzK5Y9/OE6Hx7uHt28//tVf/8oinra7cbJ3H25fv37RFdWuY4r1cnlzc/nwOJrFoqP1Zvjs9eWzaSWF//ZvvyOPUgqHWq3LTa9yNgxd1Lo1H+usWtabpUev/WJzvvzy5fn5amn1OI9HFXa3//n/7J/8b/53/8cP73//iz/+8/Wyu7pc/6EUKbE+W9WpRtSz9cXD/Yd6nMfZ+m5xOI5mtSjtD3W/3YnwH37//vys9/CPt/frVbl6dvWw25vtr6/PXj9fa8waOEIznAsrNJSYiCQdTBD9EUsh+tRVT1CVwhNvnCTa2kAC1BAeU3AYxnGzkAuia1QC0SAOnUETDiTTLZqNVvhYkuDHR80uIhAakXDBLowNP8CZwVhgrVrARtyACaW2J4qEByFUzQgAz1xqJQos/gh3Y3IlN65BqlQM1jrswxxhHhYp9yUKYslxpwztheGwhka0sWwenNqGZloQ4qxjpIlvSUWDSdMmQUwKnAb+FHRKIG7SDN1pKG49SIPZNcEgIdQGsDVdToFESUIbniBdSW+WpD4wkvxPhjTlQScRAROy29q9gcACGwhCIbM1U7hBB1DMnHghGhcFbHFiVZuxkSnIGq5Gp6GJvEkoA2UB31rXII9Ep1AH5sOKBNBtfRnOShY4O7yRfqdWC7UiBuNYkU8a5JaNAkLvjIhapA8nY4RpyyBrAphHyEEZR2YlUggCksBCc5yGBXh+BphgMfVKmHLJyUl9nWcfqnUBCMkvzBQibIavjKNQRCygZcBFa+14QEmYIKFUoWAStOro+1RhRlhmw8WDFFIKD2HGgAUU6Sh/SDmRFYl/Atv5b4vsFRD8f4lkA7c7ARFKbcAvYvcKZZmRa+AdXYUx605CWKw9OJw7C57QRr4SVfg4IzXizBGpmSACe4o/75AWuHsm/ERbn5iKhtUYLOw1oM8LgA0mqulMT0lME6gFOQZOJZwFXs7VD2I9sh52TnDXTAuiHBYaTCRhp1UN32q0ldagZRoZE4wqUQsMo6RlAEWSBAg9sT0cjAEfQYQOXsvQwUOR6y4xFedbcnBwMzU5p44MRSgzmeemxNg0s4uQhWzrijkF1VZhp8DRPcWYODyAySPI6dTNyi3v1HFtz1yczDyZBQwJU7QaJ/msCDpZeYOxpsF5EvooiDNN1RhEORSAQK1teHqOI4JTgSaYAsF5DRBN1P4Hd8aDNBtJRqKUnY20o0UlELppKoNcEcwD1hmfvmPbQtmx72Vshbsbukpu+bhRINY1N0knQljSPAdxiCLzO23wjTGCnkdEWdGHyV4BZ3h15IODXR1tXCcP9xrOgUhaIoKTBOWYasEVE9SanMLWJuxhqC8Ng2mcOCdshAQbEVx9aKJILmcHQshbSZRlS9aF6FQ4ukMowC28WnhQWA0mDwOXmS0W+A7C1Mi1nVrknIoGW/bdH/3k5d/+6u3heNuVYjUimFW8Giqs2UNUjUNcyCXCakzutFgsmMLMmJhF6gyFfSVm7Yd/9I//4c3N9dX1zf5p2/dD3w3jOPXdsiuDZWIDB5eulK4fmEhFGyvGHmZzDe20kAQrF+Xi7kyhRacjuVdwoypMSnG0UkSZpumoOohiuioOdoemlDlExSxxnugp0laqeT/gNtXz9flmc9Z1vRZl6uU4LVYLVf7w7uN6GNbLlVlsFovFYrU/HsfxeHZ2fbZaPu2e6nFcdcOrzy73D9ury3MmevXqmaruj+NhHEXU55Hdy7Bk3XeLbujK0HePD1uSslyUD28+XEzz48NW+8V6tSxDubhYWLV3+/tqNo716nLd/9FXf/+3v72/vz27WD897Z+etm5lu90ul/3Vs8uhYzb//e/+8A/+Jz97uL3db3fLs3p5vvrD/d00Tv/+3/3q+avr7e5xtzsq62a1ev35y6vLy4vzi9v3dx4xHcenp8PF+eKw3z/dP6rKtDVyur65dprfv98Vkf32qajPY7XqXLQwjTN7iDPLsPz89bPri4Uou3Oda7foZ5v+7M9+cX1zedg/fHz7zYd3H4ro5eXlfr+7f7hbLzfr5erFzYv1YnP77uN7fbO+uhTS3W78wRcvpeyYeejLerOWnm2eduM4Tsdu0DpNHPHq2dmzi+LjKO7BLhRCKokOPeF/+ImQwG6luc3m9scsQa6CsHqgQ2IRJ8SHUJsOilI+Fc58crEGxKXYPUmTSM5KliNYcipIEjMcwkzMJaF+Y4MoZw4kvwFEmv1tSsJNGvHGmR1SmDGwNDgDHIIx2DjYnMmZXSRmoV6JHGPBmApThLGzOOwQKiB6QkA5czg7MvA02aQ0dwmxaJLSMOU1xp8w2BQsGnMq7pOpEs5gPZHMaCVyIikgAyGUjSAqLMbEmWdMwmRmUkreM1YoHrlJ/MGcUesLAGISIfoiSW5EOGbcQgravckGOPvk0JRGCnsYjBnoocY+Qjev//pf/ecAypzMGLgdZ3bOG+0wMwHbSDu2yZ1AYDLkHZAoEkfmXST+DmqCA26kEL4zJfQROhlhEyQG6hboiCKdjmmihRgBGVUCc5QyAegyBUTPkoEqnkLZDLKMhqshAXJufDlRVkFAabg5KBY4Ib2LtHpYWAjqN1Ikc4M4E1RVSNEKIk/rLWoQtFpw/jGhydGISTy/yZNmSU/A/vnTyORKSJsaOM3YHlYKbZQno+6DVqwFRGYpl9N6uQUT4TmEsznx+YlPzaezIWpACqwxnHdIHGsUM557p5agKilLy5OJ00re6qNGymb922As0BpFMhztH3DpOckIyZwcgoZ43jx4fDMThuO0/JIcz1ZfQ6GeTHB4K3iRIWoAggRnJEWQgcdFYR4REcbQKHg6OpLpxV9v7AxF0Kdxuth7jVJlQafHgcKw+Qo3jXubeSdJLWBbwmONfpsLseYGAc+T4dah+MK1FKhoyDFNNzE4NoloD2w0k0xW1ETcNIrZhQ2VpstPXMj55wMGmKRNcmkTK5/oA2LK0gdbBOWI8VPd4nmNAZzz36jbgxJG41uQIFuak3jOJZSNBxfoUnO5ujZaqdEzIESyNZhFHVprSUETSkhq7l7segSWhb9PeOMEgDkGjVaPU3g+VOSgtqD/oQSuFJ7JO9gazCiNbPhRsDB68knVRSso2mQJd6pmcKMHUa1uViM4s30s6+TqGAFiNU3zThYB5OvZ8nEzrwHnfJi7W24lDegz1dzncfycdkWPbOknsedNK9csBHlcBobj4p7iWtFpxhlwCNZcc0WApktiz6161GpzdatutXpYdas2owNoRu7VAkP0EH0WnAk4TB7r9ep26+8/PJl5dTJ3Fo2kH6IdP8LMZqbaE4VZFRWfJ5unosyqdZq7UqbxyGGbzerf/Ov/xXK9un/YffOH77pOI0JYxum4221FlEW19F0/KKuq5q4ZMc8mwqo6u6kGk7iZIFOJENcoZpWVSylBcDRGUCj8kkJW3eoMCW+QRWjpOvPKrERsZuj8alGr5u7CRUrX971qV0Svrm/OLq7vHp4Ox2mcJqvzejUUKcOw2KyWL57fDH0JUKp1Xq+Gly+eu8d+t7Nqy0V3eb05vz6L0MK6Xi9qnfq+01LqPGO4wf12nMfJLfq+f/7iUkvp+mF9dk5ezy7PD8fx6Wl3dXPJOYeASun6vttvt31XlsvBPLaPT2HeDcP5xSYoiOV4OKxW3eXl+uJ8/euvv+uKkvDbj/e//u23h8PIwtXj7ds355dntU6r5Wq5WHSlu7682Jyt3eX3X383zv7+3f36bHm+WU1T/dVv3pnFXIOEpTCrbp/27rXWCWEYUkq/6Dx893Q3zfvN2frF569++dNXV5ve3ZStMHWdmvmwXD887v/27/5+sVhcXL4825w93m/3293Z5ZVqKVJKKbORRX14fKQiqsVqrFfrWuv2ab9YLrV0Q9+bx3icRdjqfDwelkP/4883626WcCZXJhFSzohPgmaWXLLEz+xvScYTJmAoMJEDj0AgYnZNrhGwISJchJVDIlicyZEtc3K1cQS8pCou2WxE8kRoYRX8WpRZMBODiJmKFBGkrqeNWEUwQwaseVHgJ1IRFWK8uDAjr4LzvRSj68FS5nxiFibyZoEkCjL3ivAxDvKwIKckCrw6gjzNWxh5MjtEkmEoecjBBQFIKUlxqXaS9mgVFYVftitFWYhFVUsR1SIiRaUo/LgiykJSVFmUiYUliFT1RLQj+ZCIYedmZnh2ucXHw+pdhFU5fdvKRXNLKyoqJCqlSFEuwp1KKar4GFJUuTAVla4UlUwsVOUiorAo4ZYxaX4nYmZl1n/zr/4z/g9YSqcIbXAZJyV8shjXS+zaNrAGIE4ANnCwcoDKOUlj8ySPk+4TEyiy8AhKjXDmy6Wxigj9TJigsYyArVF3CgdGsmCilIqgVEgAyg2/MjWhQb53Aof0ZcJsnacYNVmCNHycIINERaGmogZklfMGt8KEk+eSRPfpmMvuGCfWwj+cHBgEN2mLDM/D9tPhS0SJpoDJ0kUKbHBCQsCIzKfagFO9BA4YhRYkYiGJxSUhOBGhVfEJz6dxNpqjNnXNn2KyDHl6lK+A0jSBeppZI7I4ogjKp5fzmadPMbZYIYj+Ag+ZunxPLXBekICBsVXqZA2Up40yghyatRztBuEDYAa3XgmhIMV0njCCyZmyukow4zUFKrlwjCKQtUGRUgdvantuo/faAjOGoBk3KScstvc+3bKEj2A1MGUvWg2cjAH+EMRLLMGUbYC8s5zhrAhzEwlC0Htb8tzeDiAL5ECqffJ5NHJvcg5vVQp865BY0olSgOI4iyjwDQL4Fq3uTIqokfiNkzo1FdHf4+zAnKA/Zc8Cf9Zzevx/wCFRKknCwIKlGfUUn8UN6KODl0VmltftB/gNfPigFnCM/Ygpq47TjoGPnQUZbGBoGDBxTnyL79UD6FJGRJA5LizsLBGBuHSkUnlYC6AmQF1KAzC8N0YZjJV6SuxKmGth7ua11mpA/m7Wjrlcp+DzwoPMzMIRpBVuaJYEftPdqmFeRXUzogzQQhVLFMyeM2zoE/+AskSyp5rlLo5XCHKYDPtVvi9ltdAQP7fLRacSvaV14RO7VUR7mbnNZrW6e1h+YYz6IEQemTnUTRFu9XTboAsj5rJermbTX//+drfbRSApDtuSePZMOsh8VbgrQ3gNMyEKGzVMpcMGEh4SbmZ/8Q/+7J/+w7/YH8bbu8f9fs8eIt3y7Ox4OD4+PBTt+n5RSl+6XqSxDyhoKETC3Geb61yLqLkxSVHJsy+clfuuVJvrPI/jGGZFyzxX5ajVfa6l66bxMNdZWYk5iN0lWoxFKSWYjIKFSj+IKrzOIqo6eMT93dM0Tt3QH/djUeqldNy9ePFqtezHcarzvN3vj1N9enh8un/qu3L9/NprvbjcfPbqedeXcF5t1qo8dMXM1pvlOM7b3X697LvCZXU2j6MI75/2EbToy2JYz/P84vl5vyiidHF5Vcqw3e4Ox7EvHVq6Xdet1otqVYWH5fLh4enZ82uh2KxXN8+vWcWrr1f9+cX6aVf/9n/82/1h/4Mfvr69vd89PT3c3UpfDsfD493t8TieX15fXp51fS9cmPTjx6er6+vrZ5dBdHG+eXrYvn//OFXqh7JcDtp197fbj7d3x+O4XC+1089ePB8Px+l4EFZhOuzv53m/Plt99vrZL3/62fly8DpxGzAiKu5+cX7+//h//ndM/PnnP7y+eYHAzJtn1+PRtttDv1zMbqy0f3rq+vLlF18CSXVdiahdJyo8jdM0TuM0Btvjw32d5+c3Zz98OSzEmFzIVEkimEIZTCI1cSXAD47d4Ah08Tm3LJM8XyIPvkQ7rYsP7RwROQkHp5439zzEd3aAOQRmKgShF4pBdUBiosISiPQBfm0foCULMYUylEOUdk1C8QAEgkTLfEERFkzQYMEGngWANDoyY82TDSSyCEfIC7QRboYxiPgFhVvL/wGxqxwFpVR+BS2qQiSSOUhI0FGloirCRQVAvO86VS0JpllFijCgP/5TiErRIiJKKiJCRVpmDzHOd1X8BMhbcE2AXVVYWYtqAe7nUBFVLipKBNCvIgD3iFEqCPwR7kS7oij5uvYFSntZEdbCRVmUCwIK2IXzOhfNmKCCTcQS3XmTD3BQSINhietbQDbSdTx7F2C0stv/CUYTjgBq5D9MnDAtUHpBEKSIOI0mPciKNhmnVL6dwHAkDQkcEGADg9p5nzUMhWPAabRdmJQV53we1OGJ0JCpjVMIYIOb8ZkynV4ILJhJppqAsoYZ21P4BgFtcOtxEbMmxm/5JygoRMD15XehwBePhGinq8aNoQ7ItkigjHByMsD6hB4o6hscJ0aqFD5Hcp6Y4Ukth6gVQawsaaMlgrqFGfYKPKBAx2FNLQO/Hvg/dyQB4ZoLJybmzNgRiYQzjQwmaNMZjmJ02zjgE0zlDBM5fggQHdmICI/m94MmKpl7KOsaQekIlCVtiLEpluR04wl3w/AOYtJcAJ+COhMuq2DG1ycwyTUCxlSm8FDlvJ6kohGhIpF2AaasJ4hVWuJAREROR5ZsKnwib4hh3ubUSedSpHAW5hzt5oiAybI8Wh48tUiVyOR+YgpSKDAbCY1GSDMeNywfwUiKQZYlSF1CkpXg6WPzSHJdGKrFNjfDWRjGCv8eEA92IclBJ5RPJWVtQGT5CZjJTm0ZlFIpwokgavJGgniJUqnNmptTMFNKKKUdP8DimeIZ6JtzamMDRWn+IcqmLBOKV+OAKSSijRUnFgkn44BtmMStoshOJRQxZ9QXOVljUQi4HFIggGtqSJncM3GfmMmFkVlNEhwONTc+cEQA2jO1BYrughOaXd4ypaHfEg5PLRR9T8iWvWmnjKTNBzrSUoMMXfTHg4VCcIxKxlMZ5aUWZiaFJB3eqETcabxSZqMgh2OWlILT/BOcOReRz3jzBaZ4D/R/sFeziCAGyW9OczUPr16xBbk5YDyRwwrpQmShsALgBKlGLEy1zseb8/78fHV3X4hqQKekKlqmWlV6luI2epiqeHitsyhmx0i4VPdF3xXtxsMTM/fD8C/+2T/cnA86lDcfLobfLR7342azWSwWWgqr4gAh5nCbovb9AI5AVHrRcfJ5nFm46zstSsLmlZlDwkCI8OlaEvzEbqGspZRpHqWIew0WLWThXT9Mc0SwlBIt/tatOnkpA0tJXo6VQrSU6u64GbVarbro18vV0PfEvtsfdtvdMAzzXI/TbrFYrvrFOE4f3rw7HA/Hw1GI16vNs2f64gVfXqz7vjCHu/d9f3Z+/vH97dPj4+7oPu1K111eXUe4SLffj/v9+HS3v7w5/+qHr7f7ev9wEJWzzabONk/1ONnZZjWbXd9cDV1PTLfvV14raxmP0/X1+fIHr+/uHhZdfHjzhnx+8exqno+P93da4ld//5v1oluerc/W/bcPD4t+mI6H97v9ixevvvrRD4bFME727OaiH/rt036aazCtluXy2eV6vTjsxm/e3JL48xc3h+Pu8e5jRH1vs9Vq8/zw+NApW61M3HXd82fnm0FVqBSKytKXcX8gttLJDz+/+dlPfvjNN7fvvv368uplP6w26+V4PPbL9Yc396JlP87r9Xp9fumTKcewKNvtNmixXCyKDkST1Xm/P5rNXRFR7Tu6uug6mcFawi+I0RqNHKNgR24fDmEh90/65whUhNDxhzeZqed0Gs8YQ8makwL+UwlvvbjsJWA2AIgcppPGRaEHERYORsRfkqGVhZMDIk4HEPnJsIwjQWGeTD0rwgTiJImgJj2IFOaAn43cW8Nhz3QOmPKFuYiEari5kxJ1QlVYiLRwcTHnTsWNgqkIRwpsyVMYIipMrZvMopxBJpEdcoB/DuLA0LUTqYlUHxJkelGKmFlTP0Utgx9x2wwmFWYAEibxEh6hqTcOJ2EhJSJlcgmiRG7Z/ki0DDSZqAYNjOQ6RDlCyB3EoWS/iHImPAFEEvo0HiWaY5BTwi36v/ov/wV4IkCDDEiPyJT0AA1loO9Rf7WyAP9IIM2DyD1yImvmLqWSI4FaOyHesPXtAAAgAElEQVT5EykP3hEpHyCIQjhTj5M2Sp41mL/nSGxlohClVxycJZmkxon5EynX1PKAk0SRM9iQoJCLstUrjuwoSX4bOJy5KTbok79NqN1f+g8WctvN/4MKCTIBoggmjIqEWCSI+ZOWBIm2qHmCPadKoWLhlNOBSRWwfXQSzrS2Vn4lPHFZcPKn7oOqtMVMWahEQNWW0CtBBH1KHYkITi7Q8+q1rx05SAvmgiauQDMiPx6f6i5uHRCObFYkOgCaiDZAxFM1wRRtnGzD+JRJ6REgNLIwaBJmz2HVWCfpbMGMEQ6EWPlJ9hMUhIIiszHz16f/QzUL4TSyBNw9japZ0iRPzKnZACOOuVfeYGhgIkkWXhSU8wKDJbQ9zE3qAz4mUn6dJsLUpjOhSgtUvbkfZDWbjy+uLXZ0SkDvkQ7N7BIEhZOlkSyfTbxq65ZGewTyPqByzViwvKoBClyCDR8i+fgWcENonjCaCU7E7XG39mxhZeOTnSaI4z0yYJ4IJfpJyohENT9R9Vjbmi3K3PKyjpX2IOEFW2GRKh/8JOLTB0ZZ+b1mEYVleHFTilFamqy9HZgLDIiokVZ1i0ju3XIehWVavxv6eFmKhgcimCjrQ3S90DqCxdrD3cma8s0sqlXzQKM72kwRMAlYt2myNmQZRQZnRb6nmQd7dfPq1apFdTPi1qnJek08Tjc/zRoBS54HkbRiJ/fOZhvCY4i7xq27E1kOBzXNFNRVHITLFO4O4+/sbu5zpbla9TpbnaubR53dnCBwshrJAgQFCbF4wONBiXWdPUi74e3d+N3bj6LcdUP1IFVnmmcLUWdxm8OdWdymcJPShTt5DQ/timqR8ON4mOb5xz/54b/6r/5Stez3+7fvP3737naq3i86JpqPx/1hT0QiQ+l7C++0tJ2E5vGIB4/EiakrKiLTPAWlpDhAH2qpdeYwJxcWc5eiRDJbFRHkq1R0PINZOoSOOoWoSumC2KwyMbOKdCBsVUspWs2mqYpq1w+d6Pnm7OrifLNaEPt2vz0eDvvDYR7tMM3Hab44vzy/OHOv+/2uVlusFl/+4LPzi8vlasXki6Ef95MHHw7z/cNunOphnA/b8bu3d+PhUOfYPh1uP96ZTVeXG9ZyPOynKc7ON/3QmXspvXmYW9eXOtvd3dNhnM8v1jaNzLJaLcz98vL86mrjbo93u3E8Pnt+PvTyuB2vbs7rPGFgytPD9uHu4fbusWjp+wUF//I/+tn52cU8Enmcb9ZnF6vL89V4GG/vHjdnq7Oz5eE43t0+vvnu4353/Pbbd0+PT2/evlHxsNk9+r4MXXc4biPs/GzZdzyO+4uL9c9/+vlnz8470bA6jUcOCjeqNAydKJ+fn/8P//ZvSinPX335/LMX5xfnx2Mt2j3tDsOiTGOdprh58WIc58mm0peIWK6Gfuj3u0M3KBeZZn+4fZzrWOt8cbb68ZfnZ72xz+RVOBTqypw7FBmbfEJvhGwVCkpMH+7cjmBKjs6ojWPCOUXs2XGCPZS85cPgrHQGSBVO4SizUIgEon5UwOWzQpZDOZEGs2v0E9SACj8FmcLeIC3685btWIjUsyncEBX6q/R9UUNAKeqUw7OIOSeFh5tXNJNPI00gE0hNoxORKwsT5cwEpqKlUxXJJgBmF2DKU4csfZHCrMKqEHhzV7RTRaeiU85RgMyiLCIZkyp0itcXZlUuRdHZYAilUn7DBbdVWZkxCoSJiwonxy8C8v6k21FmzD9m/BnGbARl1gLWggVfj7Ms6TQ/Fv5uXnDwrSInDx6ycEqeDrBiBREyVTIvT4gt0nFHxOA3U9ztyZVatMREoCcoGMyd8yhjEcGWj/UK1TpL+om5rQIm4jh5dJ1bMFSicBH2T6puCjrNWQAxHt5AITlFWLDD8cvu7oJQ//QpoCpr83QAKFuQPhE7BuKwErE6ChQQriQOGwTEsuKe7mwU3Zkn3zTBkQQoQHpS1sTEeb6C6AP8ZXey1BoAlpo1uUvDkYyaiTnHswY5bnQEWYRwtGhfROBiZmsrc2C/TUW1J8ZEVg1cqxRKQcRVMNVUiA1bCzAApYkCcZbI7GxFAwyVCT09jJ0QTZF0fialZP2QfR4mInKU+cIcHugUAXXnFXSc7tYghDACTB2102lkd9Z3waeeDnm4SG4xRi7OERYerXhp/HREUOK2BkrBcCe/nrQ5HgRmIF2v+NpMwU4tJyGhmJPm5cIS49M+hwIxGm8CAZs3skXoVK8yYRoTXgctILaAdxmOX2pXi4kauZtpUgyNVgiThzvi2zKDyP0kisIShL8Z3hWkaYZwifCmdM/ILNwSQg2LSZFhrWjJSoSZwk6eDRcWEqScV2LF34oMLGLDRLl8RAgyGQhqmmeD88FC0kHyMBGRCdc4qDxITvVKEPp/EuxsEYxDKmCmdzhS0DDw1mAij3DKYVjEGkHSsjOxqNlMRFTChckoLEKJORzjFdGZc4vkeyLH1VXDfgIjq+dYu8S8Hu5tYGQ4wWSd1l5CKBN7FqMg9rnC1kvk7qJSIsyR/sen2tIixVlumP1ATuzuab9CG8IrpDqRdqxwr8JURIm5crBIUY5wiRaC7UIsygzRLbJZLYhIykyGgUSSnVh2Z1QnrTj//vGBZyzH7sHmG5QXhNndUeTMZrVWxzwNVL3hogoxgzJpEQtXTAlydmGeaiksXVkO8vLZarNZ73Z7dOKIea4VSSPhFUNGE1epqpZaJ3IX1aIds0z16DaZxz/6n/7JerWMoOPxWIosVwvmjjy0lCDjcGXVIu6uUrTjOlvRjihq5SCQOE4R81xDo3SFmaL6DCGT1eVq2YpTdTEojGd3cSGKaZqZSbSodFq0WsxzFVUidRi6yTFNRaUrpatmYEzcjVTcQruu6/v1avXq2U0Q3d8/OPluv4ugrgxc3NzPzy+1lHE62jz2fVHSFzeXi2HoO/3iy5vnzy+60r35w/vDYbq+OV8sh3Gy/faopZROFjqIyMPD/du3t+avun7wkPVqYF3W2Yrys+cX+/28P4wScnl1NiyPROzG+924WvSlaDh9+Li9vDpfL7u+61T7dx/t2z+8Oz8bavjXv3rTKW8/3kbHz18/c6/bx+3T45OTFO22T8ezzfnuePvu7f1+O/3sT37cd+X29unDh8dvv729uFhb0PsPT/d3j19+8Sxi3u93+6enxborfankk9W50jRVFl/0XZHlHcs8TUIe1Vm0aCla2L1IRyVUymzxR7/46ssvX9w93m1390S8Plve3e0Px+PZ2YI8rq6ubj8+UfCLVy9VYjxMXenXq+X6bLgbD2G22SzG6r//rR+P+7B5NazWC+aw8EpRk3M8kRdwIeXO22bfgEcDaGP6dO6COGK3qNQYYGlPIHNrJ3IFUR1pRw3Asnx8Uz1A6HUqWE9sjWk8JWJHVg0e99Y6YBEJhzWImm+ViCycJB9dMBGN3k5iNXf7ZEchyEQHgMgkyEwonEPIi3hkIEfUmCFZLBpVqZiYspgT3GtFzVy54MTxgJwnmFgVox/B/X/i9CDvxNCb5KMleyGEtG4WD2tFRTuIiYOpmjX1Og7vcFRuophjRMEuYcYRBlBLhEHJQp7+DYwqB0EKyB5oXRARedEiTBZOwUhUZ3RoKcUrEa6wNiSclIbPGJHUjhh2YbiA9X/5L/+Z4bBKFQR+hUogLFsDOUUG68jdGkVKyXUlm4fDpmHb79khCVOigPOwwLEsJU7rAJcBUDXZRHyrAL4hSIMSQKE6/CQZaE9MfnzP9Z68aDCxN17PwtpUWbQ5LLF1JIndGtRpiMSc62iEV+CKt/CTBJEOKXau56RTCbSUn/oJWOaR06uzR08Nm6Aq8OQIKQ+9vMCc4iwobJtwhbLKCk6NR/rYc12hiGf+1BYJXHCgGmFGfFUKugIiLqLWVWe47rJo+tThSH1K1mNMiPvM7hQhNzehYjIZiC6C5eCU6cTBKgTOPltDBFiblUWgEMUgsNMFNWTARETOKvVsXn2C883n2lpDRI2abb2I1sQiN/OAeSgzaT3Xg9WUGybZCT1WoIGXnzgrILSnOGVjeAh8Dif2TB4CwS9Q0FAkqKUQDPFN+Rv2+dBcz5Y2rPxGuUtFyp89wOJklUmYnBop9CfiwPTQ1rxrDT3E5ufznDUpnWyvDJSWgr/85E2FmRatCErOKf86QxbUql0sr3wErG0OuIbkrVDELfOTgAl/G+L+PP/yEPDcVilO3QDGuIs2dp4p45MoiQlCaiueIsoRyEzJJHne1ub+sDBU3CDmKQKqGYjlKQjDHcxru2K51AIUvaPJQxicir8KI3AExkmbuZuTWc2JXN/bbolcuDH/ubJbCypn+ob5ydabDZVPItm0bARIdjz0KGojowQYVa1HddhoA4YECycPa9aLAPlB4FsC8eCepXJKpyjITuaGTAfBLoiLE9FaTkGZgwZyJ7tklKcFWs1kTvOc37eG1/QnczWba7XKFZYKIpyhbmSY30nZRjkxHKhyI1i1FNX9wX7/7cNud5yqibBVYhXizp2JSwQpk3LuNizss/VF3INV3Cr5ROHPn23+zb/6T/u+7A+77X6/H8d37+52j9tSSle6+9sPTw/3zrwYVtoNpYBV7ErpbDYPG49HcyOloED0Qj90+YS4EVHXl2mayI1Y0uUVbDaTk6hYdfcooiJSZ8+ssyASFi3MhRhkQlEZpPTMEh7BxI476UO/6PtBuZxv1sdxurt7eHx8qmZO0XVlc3Y+zz7PVUQjbLfdmdvl5XmYkflysXjx6vrybLndHo776bAfu8JznXa74263v7t7Go/7blg+fLy/vb/bb3dWfbcfx0rBHTNJN7i7BNdqw1BWi36e5u12f36+HPpuHKd+6MbDcbNeXFysN2fr6TjWWm8u16t1//bNh1//+vdK9N3bD8fx6D7d3d2/ffPe6zjud4v1YLUOy2G5XC4Xq3H0n/7oq89eP+86ffX6xdP945tvP7Lo+flqWPalH/phfXWzefH8olqNoK6T7e5pt933q004WZ2B4oZe3Eaj+uL55R/9+PPVoMIqETbN5CSiHFxEpZQgGobh//v/++vSbTZnN6vN2pxV9OJi9e7bd0wkRfqO99tt3ysFLfq+zvXZ1Wa5HNabpZvtdvtxPAiZe33xbPnykgvPHCbkLEgvDo7AVNdotX3St5FAoYFnp6jUYCc4nzbajygMo3dapDmZG7buCI+wSKiAGLpQpKpkaz8HHDH8x5BdMBG7cOsDENh9+GuTvcILas5SyYqdG4uJNgYoHgmAhNPEI4OQmtwZtA3qZzfiILMwo9asrl69gSYgVG70AZExNx6doJLXolSEi2LAcM4kLiL4aaciIl3RolRKUWFWjGHWTrUr6AKwSLogSlc6ERHplEtfAOOLqLYLBQ+xqKTVgREeA9uDFGXhT+2F9uKixAI1f+mUOS3XqipcYGEmUhVVuDNyJnQp2iwZTBFFCV8f+5FQu0FB8AYoKzEpS5lq2rnAyTXojiNGGqcWnry9MjOmx9OpwET5Q0EkJ4dbFoZYuewn4AL6N/ll9LLEwWk3wQOkY4LGu1Cc9Mp8YmzCKWsBa7mKaKFbfG/tom+E9pJBmMQYDwQuKiLJyTzDIsw9f81AjJnQaGEIyso2VWq9yVmEjYgMfQg2R1EXTcadnCugETV+Ej9JCUaiRktJbtODZ1+LWq+dGiJIpTIUEZ7yJ3aBRC3JfyiCC6Q5eQdcJK81tdkSEFCRuLiEuLR2R1QPPL0C1bsQWZYZKcKFAyANDJKQJFEelnsQ0pZwPLtHduLatYggwU7XKkAIu5P1bXsGhpWhemLMjeBGWoKc5ZQxgTjw5NnRkHDjDAfKbwwAAvSBKVABCYdZrrTwNqg3AsdremThJuB8NcVQ9hQ+mLtA1eWe6VnBrAkTGdQJkWNASAsKQIOMBAqxvMBJczNj1FQWNrl42gOK5sqnegPguT2vQL6WxwX0+gSyF/R3WFCEwQkZ6eulBibJ2dOnT9EiXTxUNNDQ+Z7cRnK3wOjn9HBHE1rh9SSfr2jwnLgNBcu7+mmZk3sgxw3+9MhJ7xRkqprjCEAM5BojytEggqeKiXLoS3NoB4d80kPhlqRYBlMKmzcCAVOcAhgRoHR0VGdmYTImDaroVLSo5aCmVw2v1d0ZsBtNUTMLCqtUUbpSuFVcNjRgmTQgoWEW6IkCbTwmIvPqToaBbckuEB7DwkW441Z/MS4spPVh8AIZuhwJ58Wj4k3nuZpVJiJsmyRB5OxISjU39giNwuwUShwS1Bw+lYI9iGAgqSJQIzsFLLdCHCQqQTWifBL6oYLGs5WWgICWKTjxvbvXcPNqNUIM+2JYU1yxec1MOwsm4oK5ahZFqlVz7mI+jKN5bJZ8ebZ8+/62znPXd1r6YDJ3EhZR1eA6hY91HktX6jQ2izOJFJsnKDH+4s9/cX2+mY7j9rj/7s3bv/7r37z/cN/3Q1cKs1g1iARY3OzI0ot3Fl6PY1ioiBTJHcUiiFQRu47jQijM0zjRyvxgEi9calQmcUyxVK3uKulNEyVWJebqLkWzR80cHtM8BofqULpFUM1ycY7lsqu17g/H/X5HXkkXpeucYrt9MhdhY6/T5EPfcTh7XJyvl/3i5tnlatk/PY23t0/E5fpquTobxmn+9a+/2W/3292eya9fveIibt71Xb8YNmfrqfrTYTru6uVNf3Z52Xdlmi0MZ5bORqJd6asIPT1sp+NUuLt53p+fr6zOTPHwuPVa+07W6+XH27v3797VWs/Oh8VC1pPevn2/WPSH/XEep3D67KevP3v9WV8WX/zg2asXN99+9+Hj3eO42x4O++uX1y9fP9tv5/cfdu/f3V1eb373u7d/+Oa7rhQRnXbHaRo3IrRYbMfp7OIy3N33u8MIergozKwWXotK9nFFECRvc/3TX37137y8+tVvf3Xz2U+W51cUOo7jMPBs49PTo/Td5nxRa33z5uPN88tq8/Hh8PR0tlp3pStn/fm728eLqwul6mHrRRm66HF8IjmMsUcmqsn6mSXQZvRGw0XyWI2JCqIwTMxDln8aMMnD2Q24Lce4p0om/QEclPp+FmYJN6g50iKcsZjouCJmhiTPd1JRZiFJZCM4vxCbzRFUmdKXlwofEpcgJ2KJxHeZP5lvQacR987h0NPmd0l5QoSb4mWZDaIaY3cT9k6YpThFiKMtgnuXhYdQy27JQ5ea2ArfFG6HoIBUT6GwUYmoIE3TASGQ7iRkdZKiCrwXybRRnP4bEe3VnTQy140QkY7jiZxJlBsQxyRvplYLegSMnE1oQCdjQhJzxEGhDMuqwLtBklhGJGndQsyp5wB3U8wsiX4HU4ZPDnQA6AYzsAUzJj4BdaUWJQUIKDpLcnSNNNKcS0GUayFCSVrETKJsd02xSNLY+QMshUZl4l6D8kFJireO5KcD5ScEcJ6o2BpuZMmJSwbS08lbOHdSo8wpKMI7O+QbFiwESU/6L0PdkLmH3kSktIooPEycjIkCM90S8p8ewwDXGpJHIJhaSas0RQRbdk3MMb8qpd0ckNwQNdIrgDdUMtYV15mDcN4D2tSgNroME8CSEac22sI9lNAisnDHXO603LCQZ5huoriongL/xPSgV9HTEA4JxzZBp/FbWagFxSknJkRwT3HHBHxmpDDIsXKhMiOmmo7P1uGhEMFwUlcXR5qLM1QnzGwNVrauSIvrpPwlGlocRGwpJrawcDN8Ck9uvZHQ+JZIDCDCnC0iZg+fHTVSS+QXSnk60CtHRuVGoFoMUNS4PeTpkzhRdigx5ZMVltvOjkc+GMOTiYk8LLCBZnQgZ8sS98rTu5DFrGTjCJ7rdknwpGbTJ4F4uDuriJMpI9fNA1lEGAXFbcAMmhYUFlTkNO6RrPU2BZ87y58gOGVPY7oJhhLPBZTQ67TAjSLIcsKFtlabm2WPFhHr4ezEKS8LbFmw5iRvQU6iqY2inHz5qcmT0rGWThluhF4bk3sISWi4B5O7QeojLM5ukNwE+ABgd2fOIU0ZSRU5BiWcKjZQSxQYEdWS14+A2qoBY6IgMrOwQG1FOOKdzNG6JNDVxCyUeS/kbvgAwk6RCxUuN+acTcfuhk0D1iK3yLE4WN7o9YkgyBVFnnJ1UhbR6i7RXPuByLJc6cQkjmxBVJPCGpFaNaSowv/EYFuyfkEPrjWlquPKEVouZrAoM6ItPcjcMP/CI1So4kHBgeiVrDBVdi2FLVjCnXy1LFcXi76Uo1ZiFtXZ3KyylvCRfJ6nY6c+DEMINjBn0X45RJCHFZX1+eaf/dN/UM2PY318fPz6929+86vfH8bx9evnw9AHh8Ws0AsHC7NHneYqotXmXrsQFZN5ru7UDYXMKGg6jsRctLiHilBQEZ3nOTyEyciKaiditZrNEhYqzgiyEFYM9VASdSJ3UoZUmWHUZwYx2JESRed1KqqLXgbx/fbRwoV9qtPh7tD3i6vLM6OZgpaLpRTRopfnm6uLs3G3Ux5K193fPYXLfjcdjsadfHz/4e7Z+XZ3+PbNrdWxKO/3+7ePu2Xni667Or8Qj+OhSrcaZy+dOutivRmULm+Gp/vtNNfVavn+7vYPv/9wcbF88dmz24/3m2F9qPbm/f315ers4mw8Hu8fHoXjcKi7/bFTv7y8/Ptf/ebu/uNqPazOVtuHBxE+W2/q7CLlt7/6evfkX331gy+/fPXuw/3Xv39fhnXfx+p8/fCwmyrPkw/D8Pr1s37RbR93XPrKwUU2F+d6PB62uzIMrDodJ+1kGqc6VxZZrZbrzXpYLLzOxNz1HcbnsYdZsBtTiMh/9V/80//t//7/tn28qz4tl2d3t3fTeFht1mH69t37rpSzs7P7Pzx4Pbv57Gzcz4+Pe9GlkbPocrE87Pf7w7hZrTfrQWKP4d65O0IREgqNByWd4Uwgaz3VfHjQ6aTgDmH0tFJBDJTrjT48tQ4pH++cM0NkyeUGswazkxDeG6knzCAEjQFLM/+dGwsULWTrVOMzc6VWJ6R9Mzy7EA4rGufBALdWY+7Cw63ifU5UAaUDJrOJMBCAmVRwrkaD8FE4XIUjjMhdWEPbXo0TncFktxqgoVwiTJVJnRQ6qREsypEOSSkJfZKkI5QGAC4aOMeYLElcrzi/QaOzoy8TEuFmAiZIuVBqOCi5Wfw23gm57RKpODg1cVp0O2wh7as4pWwoEnArOwuEwJF+R48gDYKbm4JLrX4Kp8vtHTTM92KzPU0AVFueI0HzjY/LEKIJcwUnitOVmSolnge2CwpUkYEuVTDufeRIXCbMa8iJqcBPKGkiogLKAywkcmImYsMDCe4dInmMuFGMtyB3V06FS+bY4YITaP8gEOiR6ADYMRUe7sTsHLjIDlGKU6hEhGCpkEfSwZLmSZQy4LLz5iqRQTgfJxmDMId4Un5g9/D4UwQTzKeR/xvEjMl2iOlognVRXLs2Pgm9QrxLRKj4yRhtAIcONQoQH+XaCGZSFFSJXhtkZfcwQbVxMgMwAmcoIoQZZgOAGxAAGfSF13FCkRQerIEyunEYjs0B05KyX9AGtGVd18aFNbwSgmG+6T/BPYjMUGnTRiDDQBVyUp1HNqksReGB+ENqnLXDJ4EFgjYTxHwtuCA49XkMYMkSZhQRyhSkHJEu3uzUEwAQRZijywrvDQog8KZZc0oy98LsJ+o6t2uo1CLLU8qdBMGRudJAyyfvzi6krf3jbtg5kD5llNq5MBhfGJw/uBhIfVDeEcPsqhSR4+MIVYlye/qEk2zHknOnwKR4yv6fB5FlKgHuaVYJOHqa6wIkBc4yxioylI7JROUMNXbL5hr2IRKOFLkIxPTETdACXSv2AvAZ+AYpxydidxLyzLMMdmZ3g+iP3C1miImYWZRrraqKDoOIMrFyxfUMnIGoHZvwplqWBrMZhxg8R+FmhraNuRFBIIoDlSJOpQsHpJbYfyKqWbUkUzQkhJm9wm4u4FmEnD1qjqXjTB7N12TFEHrzqBYRZDOKFYNLzoWExA0e/xCLFL/imCc1AJAg0DXozguLKDkJ1wiBTiBDSCicwrmUMDJ2FG7YuyHnYyaLMCeYpquHGc01PNjczGOyHGuADyrtcaxuyoVIhaF0YmcyDmVH2wh1Z8e+7GPou77WKUiIQ9SJlKN6JZvJaxTNgXMsHmJBi9KZVYrq7n/2Z7/46kdfmEm3qPdPD9523uNx8vDD/jgeJ/xdKRJBHlytFnhVJFkuVVXlYejrPNW5dqVLaWkIBc11MiF20kJd6SOmiKi11jpHROkUNiwEOROxqEYw0rCW6wXWmOJZE6FgYtGixGpzZe6GxbBZLw+7/W63lV7do86jEvdKnPLUrlr0Gl3pKIeULUpZurOWQhSbi8XnPzzb7qZf/fu/D+XHx/3Xf/gWs4mZ5G67W3U69IO5/vCHr89L//Hu8fF+++LHr6rVb7/5+OMfvTg7WzH5eJgncxEaZ68mt7ePu/2xlHJ1eVbnKt1iPOwp/Obmaq7T/Ns3x+M0+jjNs5By6fe74+X12pienrZ6nH7xxz9n7T++fdjtDmG+24+12v3d9m53+9UPbphIy7KO9uLlVSm8WC456Pxscf7s4te//ebh40cpujlb10qby2vR8nj3cZx2zJ1q3xUNioiaeDQcE2iIBbS6eQ3m2erPf/rlz3/y2bdv/v6rxx9vNuuzs+X93X65HEYf3Ww87Ffr5XE8Pj1s7dX1sNTdbjzsu2E5FCXyen11Pu6flS7Oz4jkidyIPcgatiMiz9GRfDqhklUxzj0ivmfQpMgxqagTsAWaW3bdAUfS70ecqCAN/foJzXtg3gsgPhNhbDV7SlDYhB1RlmhWg7ZDg9CTnQbxg7yQZm0kJkrhNsp+zyqgNQ/JwxIuutcghquK8xu5Z7xxIiggU/CZ4ZUplNhV1S0aT4Tjsj08jf9EKic3l6nnm4J8xFkmwiwZqChJZBvBzCjI38ooddifM7GBKKeNsZhCwGThrGk7dvYAACAASURBVKzO7sIUXB34xIlYRU+SrghihLd4umKDkTT/SfGBD5vtgXY2ZR+ChUg8jHMEFNTs5OQgLd3JXZLpb3Wg/md/+U88Ja/oFrRAi5bM4Bg006y1HlErNu3MYvRoNQxomzwDwzPCIhtTCSsiAvAxwSE6E1giRpRYL3Dv4AF3A9WeIS0c1K4ZJYue75EcHzpH+fveADVOGQBBrDVocFqToAFAgnAH4DPNrX7CykI5j4AbK8lErVjIhow3qpGabb+VLAgfJHSiiFqjDvCeOB+SRERkQcgP9/zsdkrFQVUDZQp+Exwy3j9hQhsBwEkR4CFMPx0RlmBCM+hAsKfnf6XuBdKEIDy73PIZP1Ua+QijsiPKnhQzCSOzpR2F4awknEiWiEShvrIWRcz8qfBrFwR3NtBuSsl/Gw2a2yKDLgbEd9x3xFIZn74I2Fh2t0hg5ZbESf6HgXxAT8jJEq96crDpQwaORRcWrwxOW1JIBPjnJxo/DHIxlOjJCbMzp8JFQUzkiqHk+4WxCwQht55Omppc1YQbgiuQ+ghKXXtbQHDVJixHj4Mo8hHPxyZtxtgwjNNBTHmyJGVClKbPyCwHd5aU5FFuX5bzyPLDwlGd6fJQMTnynTw9G2aGB5nSoeXhLqdeByfRjwnxUJgwN9Y5UgLYerihzFD3f9qPsoxGCY6nOy8O+iFh1Gj4lPwglTM+qfPxLDJ2sjRFYMqj54rCr7JWNzOLMKpeazWsY0fwvrtnFFCkqInQG0wPGLeivVb4rvJBdyezqObmBk+OZTxoiBaRko8dqjN3JjavYan5wuYTTmEWERxczdyiVpun2cwgVqNGfQRafMHEnNFVzNZKY48IpO545CWiaBU0tlHBTp07D3YDJnQ5cltxjIjhal5rGLS8EeZUzat5dZvM5orvmo4JIrb8PMrJZwQLgu9CoUHKAA1hRWYJTXN882F/+7iXstB+Ze7uRu4+H8lmLRxRvc6iJayGR9cVLcXrFDYuBv/X/+U/f3bzTISrzQ+Pu9uPj7XWy4vzfujXm6vpON7fvjezfuiFpVotpSB7hIkQsVpEnHLIIEUU1YiYrDrxcljUWs1mYlItIopToGk3EvIJKZaaaCelBBfRItqxFGIxDxGtRpaVHqt0SFkrpe9LEaqFZb/dK1tR4XCJSj4VIaumpSxXm2EYXr589pOffHF9dblcLL/64cvrq83r189+/JPXXZGnh4eL8/Vxf7y8Pifi3/zmD/cP94f99njcT9PxeByHnjmizj7PtV8Om/WqK0Xcrp9dbtari4sV1dr1ZblcHPfT+uJi9/S03+2HYWCRw2Ec94fVclnnidyGoatzFaLlZuERd3cftrt96WUc9x/evhfyUjoSnabZndbry81q88WXn//8j76apzqN09XN5vLm6sWzi83ZxmqsVt00jk9PxzffvVft6zy+efvhm6+/ebi7H/fb8Gp1Gg/HYbGs86wSfSeH/ZPNh8vL4ac/fL5e9GbGYRwZSeJmDAkOhZTCHJeXZ/+v/+6vmBcvn78kkqjMTF1XrNrj/cOwXHCQirrbYtWv12fjWIXp4mpD7If9ses03J5fRE9PUSdyYyguk5cGDUVo+zJTaysiFIECeS2cRGMSxY48bwiIMpubwtCwBXnPQoyIM2JhUiKM7kK8DFEQO8ZmCYUol9S1o8tICASF4FyR6BMNzgVAc+4CQB4p9YwG1dqJlfqG8EZmekSEtZMX7qqoHm4JLmuQh8FnZZiEAlMVR5hXTDeXxMqe4Ji4CBdBlwvDs7gIM4UyKeZ5MQuRqmKMljKE8gzxPQwPJCQY4i2qRRnzubQNV20NAaFQ+AQ4s0FyIJKwwFysLci/FOxTmpMWJEcQ5GixKCqlKOctEy2sbQ5AKYpIoq7T0oliHJgg9V9UuXSl67QoYwRbwZg6VVEpqkVUmES5VHO4wzzC8l8NGbeajcJR/SQZCxWFGLtUSHsYefoAtQ1+pOaEGAN0OClYIYsQV22DwCxCRBzJqhTuCddSLH4CxYi4a35XCnP0hxoJH2BDKTzYMgiTknkKDAZIgNyU8FlQEwQ+SSWz4lXYjUmFDe1rIqZg5+Aw8XBxlGu4ToI+NtSdTBEZfOTsGVMUtZn2mtWCWv8dxQWnai64NhzKQMLpWoikNDG1J09toVOjhjnYKUg+/RgiUpzpmazoOXcKL52lSeAjUCK4yFIdDD0Ug0KWgJg1pV/oEaWaj0Df4n9ZBAZichVGbUrQiQOjeTBLGBPXkGTXcS+S5CasoQYpIZ2PYEd/JZjCEfRJ9gkBo0g4SU4SLOJcJYgM/BOWwRr3BohBz3pk9gIZOWcWKuAZCRMZZYfBiMk5SMHbk9QsD5JQSDOKmXAGWKUaIpunHGTKbIEJLCl/iyAVjrQ4Jn7+RHlEtCKTGqCNJvJIlgUPWmphANGY4lOxzh7ZMRCGPC3SgxVJ/1hTeQkYenIR8uxyJvp0J6aZmSMShFHz12QPOCvyXIm4uFhkFsEOtVxOzYZrv60M2ANQJHJbn+nSaQYQ9vYWCX1ZWokLHRSxEzS7rXgP8nBJn6rBe0OnUoiCyM0J3WZU0e1ZQMXDzqxp4YH2pCAgwylgTYgw4jCU5ygRLDwqRgI7RTBAvOcFxPVyoRLZ8qNU+BGbTRQMxW8rWs0dc8RZRJMcgBwoEKiPgKpTL41ax5PsJGqMCAo3jN0NoxCGVFfxAJpVZynGQWQSykzCjinXeEqzIQeaRjyMjU9zAjwYHgKEa7uZEJHO4SAfJdwxCQCfLWsJIowAiwjDKGBvRaElMZKdMlAzsCKaOSGNRwIKIRgJZwuLxbB4dnV+fnbWfdyFdGY0HkYpguINmbZhxkQaPNUqUrrFymut4yHMfvmzr3745avd/qhFf/fN27/6t3//7u2b92/fzlN9/tnrxTAchLQrNCsSljpVIWdMhIAeLExwdKCOjqhz5SJ9N1RPAwY0oU4sHKJKMbunsx/bknZS+r4eKxOzwEBcpPTE7DW0U6w0UXUjEhUtRCIssOP1Iu6hKp32h/HIwizKGlOtvXR96V9/9pKle/365ovPrtl16PuXzy/M/TDOu6fj7fvH+4+7u/tfW4jNdbcbO9XLi7P720PYTKQiHO7cc6jupvn3v3+3XK/ON5vSLc42w2JZVLwfFstF/3C/f3rcR9cR0WLox3Gejsc61W69nMPPliufx7n6mzcP42HslzLPNs0xLBbjuHePrh8+frw/vzwv3XA+rHZP435zeP36FRM9uzm7fzi8fXf3+euby+vrx48f18vl9dXq5tnF8TD96tfffrx9PB6n1ULnw+HibFF0uv94sHoUGfa7h+1+t1puuuLTcd/3pU6lItEjSSdPkYqb1xlpFma1EFOnX748/yd/8eP/4d//3YsXL87Pbr779vGzz14WLX2ni2FpUy1Ki4V4taIdCx2nmfdyM9vN9cXhMNZalaWOeyqV3bHtMxHUaDgBM7EN9jLwGtT6myoEutGbNS6a0AdA45PQlBhOsxyLEoka6IQf0CX2pCNEMjA8gjjjFSBBlcb6MwlHRFK2kSEqYHJhwMt9NaXWTGhtCwk+b6B9wRlykWKTlvABwInB536qiBGCFD57DWkghz2ISIjhy+NwEtJTFoI4BUh/TmADLQ8GWopyOzmBRNDgTLE9roxAjy6Rs+GZKeAOSHUUyPrksQKFlYVLeI7VbaD2k1+DFPUaU3YKQI4icZ04MM8JucZBIJ5TLQW6Ax9DRRGdpMxunsPYglUVO2brH1HuuZZAAk2MUutM6CI5CMPTIUFEkrICt0ACHDF4MQ4mC4b3PAX0IG2bx4sjg2qYiVKAHhFMdhohS+Sa1atnahy5I5iJg6KiCQLtMhF7G5TrLYmaWgxMdkyiovjjQCmA0TaWfhMozpnBwgc3fg8CfU4CHpychzOpmAXnqQapVdRINIuOKymJsxPoQWLPTMBocxwAW1N01/pLEdx4cedoTbLWvgiYIMNSggIRELCpN5CV3TnocSXpQnJhBLYQFkvKfSTz5ImhlUFjj4lDiD11GanJCEjNCcIGYQ4BkINupQ0gypYLkToHpfMVTHhwksds+BxNtUUWLSuGOUVzJBTQQriIto9HeU/wWAKkEwlj/DdLBCYInQAOtNqAkZzlRGCsEQc5h1ROahcxidCAJB9uQSe4hqtKhM+OmUORFmMNRl4pA6QirwC6KHMRYuVmB2VnEhNldgnCTcGOFhIhaNtnu4VDVdtTkWUW5A5EWTvgAOBGmCBPKxzo39vz5tSqdmrlDaFWa3VJtsCS4YXQSiPrZCIyR0kH1SO5chBsKizVa9FQqC+hHpLgDJJjt0TQzJK9mwDQTUCOZRS5SwLWwYJP2fshb32wtFY3qRj6UIgv4nCo7yOCEWcWYZHToYKFs8sX6cFuvTrAw3RgJROFnc9agyl3b0jwqXVd8dQaM7FR8uMCf3Ybx0UVNY9nfyBRq6GSJ+SOcdvAcENTeUJQs6Mhn1UNiihIMak1Gtyx1JwreXElRSsXq14iQnKEb/NpIespXIgxaRg/89axqFYlyNUZFlPhYGYPVg8GKqXqDVEgidmgeM9DUwRlBytGhBkJqYWzSiP6gjinEeN7wHvl5h6ItQ2nqJVqRauZs+UWYZaHMjiFbN2kXYhheCsgJyNy+VjgS7tIVe775XLo2EtIXz1Ie1Wv80hmXOAnhLwhRIWFPXyajh7zctD/4i//8c3lxc703ZsPt3f7P/z+zfbhw7h92u6OL16+0lKcvBQtpev6gYI9rM7Vqglr1y9dUmulndTZzSzQIbMYp2MpUn0SKVo66BCmsXYll2me9VpCQ5BD2YGZEhUh6UhKUZljFmKbZ+2EWUlEtIuQsIieJFykrFdrt3mcR3N62O36vl8Ni27ozens/Ory8mI5LC8uL14/f77QYbFZ3jy7GPeHUsrN9ebdm1szHob+MO/fvHk3jjMTL4aFSlEZ+mGY5+N62MzjgcX244NRLdodxqkr3cc6lUGvrs43y84HDZOhK8+en9/eH1aLhbtP88RC5vH+3d3uMM3TPB2O19cXThzM9/e7+/tdNyy++c078vF8sz7sd32/YSr7w+hEF6vN2dnq/PJi+zj/1V//bnN+MVv89rffLt4/DUU+vr8Xljffvfv8i5cvP7syiv1uq32vhdarPmh9+/7DXKfjeNhcXB4Pttqcb9aL42754cPorH1ZLLpBRfNITEsYd6JGzNyJRHiVSirxl//4l3/3m//2V3/zb3/68z/zoHmeS6+X15eLVX18fCqFNmdrzOlS5VL46enpmzf+xec3XREKWi+GOr6NmBILeQPKfjrukw4N8Mzwz7qbOxLAiSzYmCA/PemEAD3acHG05HAwwGgHNNxi+ui0aTBnqUDOwQ36g03XhJ2QYHhtORctkCEhLTMoIAgqnFp7AuC3snE0n3E72pK8SfdXUloQDWY2gHl4bZOR2onhgRjcUInAdG23WZlY1EVZgsgcBAfgchLt+S3wTySdQRgCyZ+iHTL3X5gQvslJP4sKc8ZtIuY8Ea3nDkdBmLLKefhxBLnBvokVFWFBLMLicZK14xsY6g98ToBz1bRKEIWIBpSfFHAoU6aMaOPKcMYwMSZyguB2dilFQbkwE7MUcndyJ6QyYyP1oAhM+mxwJiLcRZgwfjRvAGPvxb0jT0LIpZ2bWFgUBmlxqoCYQeUJZdMgDNbKvLNRUqsfFG6oBfNKZD5HG3aaTaScx4uwCGlN7Tlw8dqz4GRCqipJpif7Qg6Y285/Yspg1Wi5/lVCQyRyIqoLk7MKwKOAF3PcAm0yXbCCDYwSYEo+ihQoKila3Syw4UI2k5Zn6OCZyCvh2GYHZGLOL88h5JLT5kCwUbYcINBnycZgCv7bzCM+wX3wwQjjZyxOai1FYUYoUOa6s0CslQGKQUEu2epL0JlxXhTeJg2IpHCHiBTFOOoPjwxyAZJiiqDMgU17KHHKpgmvHJKVIBACVhPBV4o12/hhKBmy68TkHnB/o4XqBlmFUaPVcd/NokEbz2eaiVtnk5NIJuxH5CSFRbhaSD512EoMGyDQJouSBXOaVEDQeISSYFSACQo2TmabiFDqgHOi1FRgj0JvIgDSoejBVhvOIhRClEnz6QXCtTZwytheOCnvdG8z45zBMwFvOJGn7jharR5mjlEcYE6JImMhItL9ImyoCSI8x6WxUasKKEuGaLp2aoer/Ic+ZCIXRp4j5W0AHnYX0nSQE2HcRkQwUjIsZwxgLCJqeSQhAzGibA7KLkGKM4ki61VJ9gkFAwYASMp1KJDEAjMAynakJIlQ0xUyo+fp1RwaKEFN5lZR2TDmAiMyILCz4ojCruPkuSCTtAB/5l4tJIJxmEWIELlFFOx6zhEkhZOvdMlaMoIxtpLCsohKYI1MUvNqIRQdM5Czs6vidrBTjqtG85CEhRn2tnCStJmjBA1V7MGJNKgobh4TsbBZZEhQvjt2TLZw97AgM0ceM7IIAiM2yLOyhaAo02lZVVikMBNRUSmqzMTChYUh0AwiKPCZmXwxaOmHMdiJS99bPZibiJYM9i4SBGlxNxSzuc57Jf7jP/nhz3/6A1XtqATx0C+urp9/94dvd7tpc362XK2I4ng4MBfn2SxKUSWd50O1uXTiSNmiiCDJeQ0WEipsHIjtZCEiV5VW8OV5yMx1qm45gx6WMnTrvNZutanGEexB1aKwaumNnFlU2M1CuPRKFFKkY7bxaNVL6d3qoltpp90wnC03Qfyzn//sfL1eL5Y/+PLVl18877pOilxdX3949x7iiggr6sNQHp5s97QHVVfn8el4nOvY94v16kz7bhIf57o/znU6Xl6fE9O33367WfQW8XC7n6f646+ed1eF1a9vzsbJqs3TVMP4889efvfdh93+8P7t7Wo1mPnbd7fhcbZZ3j3cr1ZLs9GqHw/jdH8gjdXy3Gafpi2zDMtlNRuPx9dfvjo/WxOJPz+nGr/9+u1q0LvbO+0GDh6Wi1rt6WG3Wi+0H+7unx7u7k/9Vo956IpVsvEQQ7ferD7c8uFwmMbDPB55VQrLhL1TlBKRh5KodG5TR+5BXRf/4j/+xf/pv/nrt9/94fL5F4fxeH551S/K4XC/WPQvXt2IyId3T5uz9bObi05VytU4j0G0WuhWZOh0YOXIaUMotU/hOw0yANQDzDkksiyccRUJtoncGkeXGJCxXeZmTkEVIZPYeYmQ1OU5CCZEFJwlDACIvsgmwAlUhlsLs4jEw245mTT7l4wGBB5r4Prc8ShpEc45ZtilLTsFyVhxkCcIzhdlTwOAgbkBQy8RUkTNmShSOGPmzJU9lIOEFFs9mEmmSJ2MpIWCU8DP7mHhSskosWD/saIqLAR/FAMmkburKEAicRBnxBEJ7GXSzpAk9N1NoCgoeb5ixlNgexYKVxZKbp3EXYiiUXKAZYhnEFRKaNGIaEbUgwFStGZwfTKz0t1DCqQZ7oLmswRHJmtwgR/N0C8Mrm6tfw/DOM4qgL2UgyStj7EFkScVnMg5vxp1H9FJBRpYI+ifI2oKaMwzUANMsBOJRNjcSodE7wgEMXw/pzQvtnqo6bIBCmuekIlZKXOWCJYItGsiIkhA50pQWG3MG9i4sGAhBmgUZ1QGkpn62Z3iEJcck4P1RBRt/DWwVji6sdFgN65nmgKgyaPglFBwhDtnJ6y9ChTqmCVr7QmMoMDkJ0p+lnE7gsJx0XNohgM+UuTs6Ehzmkei1ewlEgWkPLDbE+TXSU4GKyd8QbnUPEPEaazJ18Hn5RwAhCOfLDI4h5QajqUgUpTdiRTJiciMEwS2YpSZDGAemmzPH6UKJ1dmg7Loi7mfXFMt+gaohxzq2rQAAAd+Mqp4VPLAZFakGGS5ym0uLz4Ch4hIRHoIOMha+5UYjqtUq6faBuk+ngPY6cS+c3ZQMj6IJL+XuSMGjsSjUtYyiRrxxaLmmkK8kvPJwp5cOjGlVpxS0cVEZtmE5Ma7ZKsItWNkczm+19TzgAcxuz6RLXESXH4JJaImc0P/KrkMTtQLHsETeXN2sYPxyIfD+gMvSqsPI4IT/uBvUYrdshrh7Gk4/FRCyiiNm/4aNTKf9q52DkRiV2qricPBfUBzh8qVUqLm4Z6ZR+FziAKGkYhwtmdQbHDWqlkAELGHm5Hn6xIF4308I4ooE9s487nRwGUC9YfNLNpbkAZ5jWZEcaIO6V1NP8gQR4kKK9xTdOqgBZdMBSUNZmTR5NHCFEGzEROJNsbuk6BLAheYBGIpisDx4SkoZGNLEWK4Mru4O7OT4QgVFlLP8DHMBmcVxfOWTRZwOnDT5NJjTBMSQYoBGBJSUSHRotmCF1YREUJmtiBQlznIIbFl4k717Gy1WC7329Hd3apbFSnO1cOpVjLqFv04HiGaJztyJ+tF98//yZ8E0ez0cP/gTrvDUYbu5uVnw6q/vjq7fnZTx2meJjMrWiAixgOt6N76xKJC0CAHMZe+n8ZxqlPpu77rrNb0LpEz+vtFgqLa3EnmJIiIB7EWIu2ko74wFydRVS6dVWOWOSo5k6oHiRRhLlqK8DwfJVSKBodq+fzV57vtQZUXZ/1+t18Oy64ML58/uz4/e/X86rOX1zbP9TgtV/324f7maq0it3dPy2Vhsu127Dt5+eLqsNvuD4fjPMV8XC/79Wo5j3OdbLFaLpmGo1fDSKFKRvcP+8Wqn+fJ/xCrzXK5XCy6EvO8XHR1XgxdfZzn6Xjoe7242HT9NM51vertWPeHw9jLixfXj7ueuH71oy/evfvu7i4mmyJknCcpenV59aOf/njoy9N2N9m7mz/9eVf6j7cPV+ebP/2zn7/55puHR/7JTz9fb5aP909zpS9/8Jm73d7eH2czi7EeSi9c+mB/vH/fD5u+53k+enDXDavVZrU+67uB3CWiwzBRm9kdDlaWFLu4zZ2KM/3yxy9+/ds3v/32D8NqTavy7rt3v/iTn+gLvb19nI6H62dXm7MhPMZxPj9fDYvh7bvwUVaL1dmaBjqcSxdHFfIgElU4GM0QyvKJG4YbAWcgdCfwKoVbpNQgWr+aRSQ4jE4OMiMlZuJMxcwiOaiGh6BFyC5wtvLpj7T64/SfceJU0IJ1w2z6zChOHj2TJtGJz+wzamAlUPUnIkKgEREF0Ckx5l2SI20pgok1uQIULZxZcyLRk1YOlyAXFyvG5jELBXT4BARQ0LNA1ZDuU07DLWdkHedFzlw5DUisGNWQsBCFgO6FCh2Hco5eRb8ziIoyOLn06uGXjBMjsouPYWYUDTabnwBh0nNExBnsnjwmN16YCb+PRBEGfUaBdgG2zwSPTGiZKwpFcXIVZD1G2sGlVDfKjnVEMHsj6qBzII8E7YHCQViTMwVnnFeQk4nHWZ1gEMQ7GtMkYcGNWCJXj2B3VsqUQcpwR49TyFFqWSPCkSEoUASZG1M6uGEbaS0Db6tKkk87kc2JGhgD68BHMXhlYITUlVqcwBwBWkVwloxujgox0OgIMmMVd1Zi2GmFctcnyeidxjwm659uXAK37hSigV4QB0FxS6cZpLBBJ/ICXqZTo83bZYftIqE5+hLElI+/IlYysghMlAydIdBXvkSuWgaiRDS6I44mYSsqZux9gB0ogh0ilBYKk+giC3XKB4M5vELWJsz4gIUznx71FIVKMOqcrElIg4jIwp0D9GMrck/dquwbZfXlEUJk4QFmlLIlF2Qn5AfXNVN4mGXMY60GujWYDOndICCFRIBDoU3ybBGgTkPRj2xjSNmjBD6J4vELOPnYg5L2YO6QjaDZcHFW8mCqTEIszsnMU1jTE1G7rd447ORggOfZkYaAoFEWCiHAWTTagogcPjb0UbD+qbWNKLARZ6fUSdPM4jlg16MFeDmFk0jbvMERJInOER7GKRaLCCNmViE3CXFO12h2VTCVObjNCaFgh9st08A+7W2RM0nCmABAI+KTfAg1K74rFgRiENq2ygRlDqhncjI0HNmpBV7j5ZpmNaJZVvGI4oxrdTnKDGYPKWiJpK7GrTrejwNPosGdQS2/isHJIVga1Ztm1AMKRpYQYhOkAxAxiwp6UxA6ETFZuESJYDODySyVjQiookyzswCGYMrQfFKWKiIuSQ6hIy2tYuMsrpBik+RNxut94vCASkQ4Io1fkK23gXbk5lo4iQdwibmtOQm3oxY/Qo8BK55wRSJQvFIRRmq5FmEKNO8Lrhd3RZiZVbjrCjOTUJGC9+9KYSJzo6hDJ6Li4V5nm2vXSZBiTTL5MHQi0nWFpUgYeQ2u/+DPf/aTn7zuFquuG66uusWmPpm/u3sw1sPMj0/TbF3H1KlKZsbrPI8ocouKmaH3wkyqUs3mcWRCcq2Wopjee4oMY5as/dQZKmtRqsZFydhII8SIF6WX0ldjISXmpjkjJxIqcG+qltIVm2cKUEvUD8vPX7z+xS9+Mo/14+3d2cXy/dtbId1sNmfL1eX5arUaRISKSoSq2DR9+/798TA+7ccI2T4+vX3zoe/7dV94KEKdMg3Cy2FYb5bds6sIre7C3C+X+/2BmEiljtP9x9vxOGpXxvnwm998++Hd/asXl198dt2XohSHcapz/fjh8eblTbdcPW33tx/vt4/z82eXwdx3/XJZtvujuc6VlqvVdr+nWnBSMenhMP/3//2/uzg7u3p2w6X+7uu3j7dPj49P6+Xi/Obq49vb3dN42O0vLzYWdDiODw+P682mlK4r/eR+GKfVYljKMpyenp6GvgrR+mxzPIxFhn5YmTmdOrIRRXXOh0txrhEzi8J30/e9uP3Lv/wH/4f/+v+9ffhQymI6xHg4kop2ev+wu3727ObZ9XS0aYpxrtrJcd5//d3TDz6/5D6mwz50LuVkN8NZfBpb2tiadvbD9ORQv0STR0cD2Am+EiQA/SeBxA6RewKTbEFFaEpNmLInz0KR8TvMEQEljUgQ2EVIqXEsgS8ToCaYerJznJLngJoW2wdCFowqpd28GAAAIABJREFUoqk/fUaKHJb+aauEKSooPPlVVDXgbQRlM36vQCXrRpVNgrTrQCeJt5fPzZfyJoL+VwnyQiIsxGnWZ1ZwX/mWnHlAeIWSWm4NTnyoykSCyBBCsBDBYZZDYE6j5NFnoACaZjSOlSkk1EDiEtoLcSJoksfnlpqaDLLg0EMwJUeyzLgnnq5XQpgiKaFZDWjk5FHQnEXHtaRWn7J9HpFIh4kIadi58lhQXzaRP6XXocFAEGE5RRRmQ3KcGJ4bnYdLFiqIiYcqJjwyyZsiGnOMy5QfJCD2Z4fAE2SeJbUHyIhzxUA0Va4oezlIFEgbzwYzS55MWBCR0lKmsJxWHJLDmSwos9URko86kUXA5UmICLuzcDCJCoWQIIcDtxtPFeTkzJBDBzXwlgAqWnnNymJQlisxqhcmBv8e7CfBReN4cydAkcCYHUYqOVYSD7+EJNWJvSLYlTkwVxttDjox7o0UjGwVhMHxg3/AUUSkZiMFfCh1JOEWqENqmg5uzyCjN0mp4oKEPgUF6BYE3j5yzyODaq09hnhmE5a1yVZO2UBIcTzWMHNRwrzUEBRLyXlC4eHVjCEBMRDQQKaOyH6oTZoUijws7wUJ0Fvwqf0UnlFI0sw75NVIQoJNWIydQ1s0mzexFJxBhP0XA0ARCcrGFE1lkzV0EJNJRG0bkyfj60TM0eacZNVFzK1Plc8pEAZKNOIWhIvyoeFdQp8CHSACTkaqlJMLByv6PxBpkbij1KVQo9C8DpYnVQqMUKecarXcDDOViLMr0HpilA2Sdq+zF5zIFmPlc0ZVBAljPBynRJbYm6EIHEikly6aqCYIjv5oWWdNk4WcVs/tl8G+oO9NSZ9kKRvkrJmEB8tBc1C3IR2AuXGi6ZhFJVAicm7JyGpMEpElUyaIiEnR7qLSdSD1MgYUkbqKyCNuyhpBF5iZtZw4k8Y7RDhxYU2LFGZtsgeFslRiJsz6zaRpIs5WA0sTvYKFkvaEgywLNCw0NzBSlaZwzN3Js/8g4NigfQ0q2U0jInIS4op75TjgoS4mZw9SykhXEcVCRaxPwURcJc0GvHa4eqqqdNL2JuwQ6bV0/erqonRdsblSOFMVKdWq1apkHOFWiaLrB1Gth2348XxT/vl//EeXZ2vyOGx3LsPj/fbx4zZqUNg82Vi4LNbjcT9NM6vQVOtsQWFWMQ8D7XkKCmG3CsgmgnFLPE9zenmYiUl1qPNMEXOdeumcaJ6rMJd+0JxEJSIdkZB2xIWLhPlxmqrNoiraT9Ns8yxdCHfMIbBVdt1yuR6K/vCzz//iz/74+cvnLPrN799N8/H5L54th/78YrNa98+fXSnHw8Nue38fyWaFT8fj8SjCwzCcLbrjWV+6fn84rrR0XX+5WNY6f/H5yyDnbrFar8bZl8thuVw9bnfv3t3tjsfF9dmyU49y+/5htz1ghNnHh+27D/d/8suvlgsp3bL05enx0NpYvlkv7+7mP3z9vpSu1vmzV5fzNGu3mGbZ7UlkmKZteH356tVuv2fWi8urd2/evnv7oZT+u+/ePdw+Xj+7Lsu+H/SP//RnX3/93TT5dlvfv9+SCj/tx6l2nWzOVnf3Zbo7zPuH5WIQ5qGTvpPt7jFKWa2WomQ2bff8uNter8/7XioJM5WTr7AJ0kLEtfdalbiU4eZm+E//kz/+r/8v//Y42sXlF7UeN+fni8XNNNa7+8fzi02w7A9H1qrFw2K7n27vd10/1FonPpSibEyU2aNMouY4hriRlBGZ6JC9OAo01UikTbvy+JSbTugDELlm7HQIs6ieaooc604tQDlbcrm/MDOnIv605wWJY94i+AKB7BfoOefNnDZ2Ok3OQt5Iw41giXPrjhbSkBlu1OqXZOcpxJMmoNxhQ6VjdkIkejC8v0HOIppUaJPKSBZGfKLMWGHOFIGzSNoBpMFUlIVBISK5JHNb0OINDJ4nIvfTBgiuhZUInVeNcBWKIAUka/wbE6lwUNfgLJi+II4QEk9WtSRhhDoQgek5GxcMu0QasUUFUgV0znFXw6lJanAccIRrCLMYRK/WMDoHUSCdDTFr6JLn4Q0RJSX7DKzMxCmqyNMg/8+9kYo48HEiUrTygJL3SQqNIJu3xiMGE6VVEBVGVmwcGf+XANSbVaQtGqgTuNnRYbhLz2TzvmN6FZAFLg/gOIFMZifClFDgoyRDPdjZBZ0dY7h9nbC/RhCTGXMhUILBpAJ3c7gKimxodIxgwYUKAyMp2rGHmi39sQE5ELRaRCQi7gZTICtrsBuZ20lP37pjgYEKKNdUgb+4OJOgleEeYFSRNuNeMaoAplvweeBGIR4AvykiOSFJMAQ4PcrBjAEd4FpRxBKMOJyLiMiReNU6f1gy2aZ0ZTwnEe6URzYgdRqEQ8L9E4TkUKgEgkKYLacIWiTze2pMcBBJtPKDGhuM5HgmrHQ3k7SBEqUvNRMfPQztO4bKoxVb0LxE21YVBTgxstWomWSoFasK/i8LffBFFlniJmFDzAUtnryakeL7hMvJbTPDhU2R+iFPr2mgTYf2GKBzY2q5NXoopU1MIpFjUPBgcGttRaIyRk+JIkBHEzhsSg7XHXRC/mdzzFOrR4B7sbV7y67GScARjqi6ZJSyuG+q0mw8BKYBwrctnKeOqBCFhZ2YmMy7g5A+F46IqGe3JBoQzv2JggUthogIUhbi8BxzI4oyHPQsKbO4GS4OdjVB6mWQIBgD7QimCJyj33u8QdkAADqZR8G0pnRECGNVgHMQZSJlQiydZDuHmRxzbIzJuWMk9jsFRSGYYYXMWfC8MDOXIsQkQrnqIIIJlwhVlQgz0DFujDNWxEClFw9EnJEKa1GAcJFQzSuIsDgPY1FFllUEiRJLGGXhyY5KB98CKYEn3pGwOeazDCuviGTTnNHnlmxYCUshcoripCItQo0KFxUqRYuyFi4iDDmQailFmFSFBWLSnBNaui6Eu747P5OuL8zcdeogwjjMTIsK01TrUEiUp+OTjduup//8n/+jz1+/ZBmCouu73ejv3t7+9ldff/fNW7Hx+rxfbM5E9PHxcayzqIq4G0oqitSZeZ0m0Y4ozBP94/tLYSLp+q7ahHpOlT04amhRFhZWqxUCCp9Mu449mFW5Zxm0G0op01gHoYVqEInI0tichGOxGCLqul8VYRJ+9fzF9dn69bOrq+srVb26Omf3rit1mup4fPHswmyu43i3PXzzzbcxjV7rOE33d/eXF+uulFXfzeP89PREaq++eLnb7+pcO70cFkP16fnNNVFwt1Tl9fmFuYjEq1eX5+eLu4+Pt3ePX37x+uFxtzvu61yZSIW2T/t/9+2bcTr+xZ/+aBiK9r1omWd7uH0ksR9++Zmq/t3f/HqerWjZPu1LJxz0/OWL7Xbf93Zzvfz2zXeH0XbH+fx80S+Wz18+Vy2H4/G7t+9Xy9Xzz56tFt37d3fTcSKi1z/8TLh7/eWr9x9vtw8P3z48XlxebPdbsunlzc3u6eHu/v3j40PXdxYmMt7dbX/6858Ss83VfeOyCCElES1kpiqYqRmI0wqhwhLE2lE42i+/+NHz3/78xf/9//P7aY6vv7788fKXZ5uuG2SudX842uwUPs/DejWsV8NUfX+s533f9aUxek4E3VsW36ANsa9gp8WfjBokwc4BfiWJHAa/AODYNiQSbkpx5sIQSwZofQzzCnciFxHmAjEjNVTNlJrvbESCE5Js4VHGAFLCmwCgbqmASVFmZxhzVANsJTguKBOE4L8KaowXUTRKhIhhM2ZMQHNIFAsgfBCRkrsjI5BcMQwKKlMPbImcgzIlQPckr8/MOSVVIgyNSs8AtQhhFUxzBcMjkEMgMYgJYYREORAmP6p7sHKOjwQRkPa9CBL4CjnRtZBgWqpysFGbIRAhJJEjEwGfFZks+FwFpRMxNu2UkTKoHBziUEhmXyVrFzQhClPNpgalD5lK7svQIQUO36TtPAemov9LOAZTHYQbCrkjey4xdOBxyDQkz3k3oW8C8eec3y75/kyhz6ERcmL9A4OOiMgQruZ5GhKRM/SwTEHuFTfUyckZIAeDjIORl4gOMqpLmBWaWA7dAU58FGiAQQnc5BIcohKU7DPWHzNbBBsRsSrqt2oq6hpcyM0lFEykk3Mo+t15RxouZw6yZs8HKxkhiJDDycFhCPPKYPR05OCTec6dJSZ3y+oUOMgNT24QA7wyJEzZOEDaPcA5dAKRF4K88fHGZIG4E47UjTFxuHPwyVTg4eHZEeQgFgUBRx7umECMzYJaO8eJOKpkXqrlYCWsBycSuO2TjvCMOcMCYY7ggBWBkgUX1qSsOZ0sXpuDJcTdUjFJ2fYhR3+cIuZwcsxOB4SLBC5EMAYISUkyNAs3QdYf6mSKVrxC5wAVBXtWxIlB3V04TAnhbsxQOCCiNWV8xGEURbA8QG1TazYzoe3wvbJGYM2E6C2aaQfaQApvfUBwAJSshYG2z0ZzthBBzocwcLsIs7eNMvw0cNVhycJSwipicvL4RLtiuAel4SPpnjzNnFhTkQ6ACDcFtqrckCnIgThhIWFQyE4FYrEIkRASy4GSjWmGzdyZcxYgAvwErEGirEjegl1E3FHVWBBFS79TRPc6Q9qGbbsVW0GK1Gu21lAVIpIgBDJQcGAUXcfhYhZFRFjCqzJzX8LYzVlV4ZZjaFpYmIVVlJhJSV2RyOwqHsKVRVTm2dmMmGq1giwyYu1I2IoozGidaqSjlImoiAYFOwfmiTvmO2cBUEqpZixJLBSVDokkzF0pRUlZmZmbItiz8xGqxI3rCiGJkiovEeEQFlFR1FWaK52FNWsytKlglaMQSzWoaBiFY6BjsArNempKqyoTZz43RafS9arZOGERKUVPh7pQMCv8BFI4iLpCi547CSbrRatSrXOhkL6Q1WpeRBeLwevk09M8j3/xpz/6Z//0j66urrphsz+M24f9u4/Hx8e9cgnS+/u9lHh5ebFcLaSwlLI/HN3NzYjdyRBH5BZF+6JKxFOtVHD8cd8pBU1zre6s6hS1TnUeSyl96dNyzkGaNdxUZ6qVuCNW0T6oBMs013Hc2+yly6mMNnpZLEtXpskW/aLveybvu+H62c2qCEl58+Z9WOhPPl/02g+9d+VAfnv78HD/uN0fdofp6fGx4+p1POwPs9XD7n6xXK0WPYdKF8ftofzhD+tVvzk7c5d5GvvF8Pi0PxzHly+X1Uby8DnefXx/tlmcrZeb1erm8jzYz86HfiBivbpYnZ2fTfvx9vj0u1/9hr3++Z/97Gw91BpdqcNC99vJ5tmt1nkOstVmZW4f3tydX55tzlZf/uCLu9uP3VCG9VqlDMvNw8PD09Nx0ZenxweVbrNcbve7f/dv/8ery8uPH25vri619L/697+/fnlFzDdXFzvl1Xr59s2b3WGrUg67R3MjIlEppeOgzXp1PNLhcBiGxfnF+TTPD9ujv+gLh6p4mIpiHpIWMadgVxUz7SRVDkrBhf7yP/mj+8fj77+bnh7ebO+fn58NZ+fLoeu2j9NyPdw8P/v4/uF3v3vz4uXlbJNoNwyDRKeVhJ2VEfkQcHolTgPZTiIYUxgE0GjEgnLBPVBhngryEOe2zRGL4ykmItakUCSBNxOxFKVoGgyO5sgkSDsY5jX0RAU9QQ6SyJEF2G9SFK9BjrQ0akZYI6IKkbgKU3b2oVcMqOwjKMTFOZQSwrVgjDSIQZnuzkysjKgFlAhK5K5pYG2IKoKIS36qYE8yW4KNsXczN/MUPmsHNaoS3jTyUM6MHSHCfHEiDhUKIkWiR57OUPIKCO0gRHEKAHVQnhERgQPZcg4MFzAuQYwGgFkyjiyEbYyoKWKyfwED52l7zlqAQ1mRieGayooiHJSzYan9C6GiiJIDvZcFADjpbM6gK9FYSMpuTTRKPqhxeicKMagJ1yKzIJwC8NXdg2DHIEK7QbiIQsjLbkzsYNHwxqnfz+4QZc2QDXnHXKWTNDoi5WA5lywoL2dQwjRUQVCqBjOzQx7kIoQymomCJBBjR5RteM6aJggknGf7iSC6CCYJZ2RzmUs4qWhl8ojCTBLiEOBzaDRM5G7oSCX1yYKnxk4KcW95USnkEPYgdTxqJk34JFkdo8oOgiQAQjTAyUQv7BQaBppZUnGRRJ6dbPm56RDRp/+k9PlFerOFnEI92u4ASsKlIUwmIUIYGZwVaBE27QR4c3x5AH2FyotIACtbBWBGkkQqcTbv0I6Ee9IpFNp1Zj/VDejREXRKTC5GocyhTM7uHGQEqjSKU0Urq0FqLHKolSI91sDm6Gmm6of4k9SOEJffmksiUCchMIBSTAbOhkhyr8U3CcsdI7J9CDJEiJAMxM2GRYxOFiHOhvJ38Y+G5HL6Xp8STIcj7jmS8kdDg4XUw/GxU/KS/AcoioRqIqzNy+NMkpFoVETQgVEVIqEw4sxTE+KQ0ByLgSg18lYXIfkpnJkKw/NCyGZO1VGWgtj5WXKPRmOJ4VxNWYuIErFGNh6xA0aWrZSlCLVJtJlLwyLKUYycIlOCiASNJdxYbC7uEWFO3UnyEsk8GQcJoh6wlTehkpA2No0j3Fw8jSAEgkpFWTSCQ9FHxfaueOpxyhTNLgBWlef8KzKuxKHeEVd2YtNgdgtjZ9FSGGNiVElFigqzSmGM3RaRZgQSI3MzCzILMTLh6EtPPteCaB3FoB8RFemKwJaAEVvtfoCUQb40o+yHBoHpJCoODBKiCC3SqbKEMmP0DJQM1HYYoeBe3UNIJRwx0KIi5qCgzCUiEO3DTB1G+OAXqspSVFVYtYgEcxERDg529iDuVCGGkH7oV93UF6EgN+Mgn02bXt4p+iJCk8+7IPrxj57/r//lPz7bnAVLmC2GLlar1S5unl1Ht+bNxc2XX5BNQvL48Bi1cpCZKYt2Za5TkY7IK8+Q8cOCBnkcEYn8/6n6s55LsmRLDFtmtt3P8M0RkZmVmVW3+s49sFtqSATY3RQEkq2BDwIaEvQiQD9QehMEPUuEoAdSJAV2kw1136FuDTnF9I1ncPe9zfSwbPuXykJVZUZGnM+P+3azZcuWLWNVE1q4CKjMrUXMYOknqL4sbdGicOgwhISqq6gOA8yaiFkBIuZFasvhxIi2tFabLVWstLbMgakMrbZlXO4/fV7228f7+199/fVuM4j4fr+dzstf/e3vp2l6fHopgtP5+PT0DMBiQZvHUrbDXuR4Or2cjxiG8eJiAHyZZ2w3f/jd96WMHnh+frayubm9vbh4+aNvvzycXkTK5eUoii+/fBdRl6v9Tz99GFQu96PY8O7dzdfffHWx3dTl+Xh4/P1vv/ujX32922wOL4elLm/eXl3u9+fT2QK7/f7HH3+czvP2YmzeDsfTt99+sczz3d0fD0N5/+FTSDw+PB2OZyA+f7xX8bKx83Q+vjy1ZW5e3767Xk7nudaQeIvb+8+P9x/vPdru8urh6TFQr6/3FxdfHg/3x/NzmQczmjm2i+vL7W60YTOfPz/c3//2dz/9g19eDKN6a0bWXMQKLBuvqjaIzKQG4D4UVNebm4t/9Z//T/5P/5f/9tPHn6A2bstmf7Xd2o/fH+oyv/3yquw2L0/njw9P94+ni6vLu2m+KKrcEKtinSxOPzxJ8YKDLUpPDg7a4EGaiT3XzNnMAqGFxHB28Xo7FUKCBwQM2VRlvSGZ5VZRDGdzlFheUslJuYMAxKDpUJccTg6LEtM60IuKCGhwcrQh2Axj1DYaYEpkJoeGNjjHEAGuc0X0dV6K7F6jj+9SZ5m7hizVnhxJzPTKqAAh6Wwg19gd/tJ1KUX9/A0Ua7ChoskpwYugO+ckLBZI/n6moWB7U+Ck5N3UEI1kOLJKSul1eE8h3uXRoqHqfYKDqh4WIRG0T5EuTCWhQk+K/FwWfuSkUIQBpwN7/rI3d+PdBHKHgkhxTzVERuf0OUlolCL/JG6DSlvEqyNHCBCct/QcPZB8Mhn5AkKbzn52hEu7+u/i/YisMQJsySfmj3CJHNrMX0fQ+S67BNQEUQqRrTMy7XRuCofyGnMSQcU8MjeyWJV8oLlaIAUVKhWujYVWNDaohaVMwDldrUleOmdUqSwQ0bAQqHhV5e5FoViOqrM05wrar0o65xCd9IqfD9TRBXemKEo7R61ZG1JaAHb1UjjFW4vkEbwhD4l0o0+k3x7NPqiXigCZvITCEdzKzDaOp3YcaSYrKlmQhErkplGeywDQ6MYnOcoDIIzzjvneEfAFJ2siu/zicNNE1IrwHLthF4x1NZFGvgHOcj4iWncHBcQoJBI0t4hQtCaSXxXr3rpUT0VYNhI9DxQnJSVPkeT4a1q2ciInLxiuKrKankae8IwpWZdRINYNGkIDlJyJmViyohH5UQJR997fy85bUun8VcmJjwxBmsozCuB4kkIRqmq9eczO4lpQKChg4qAVWoQE1MTCyPRweXsAKgZBSfDHIK7FRCVhfwRXCRZWqpxEZYWnZkC4a3a6PBuUVGjmyqsI1nORqhIgCszNCimufO58z9W6kD2rFtoT8DYw6kee1yTrOeEECoCgEWLiiCbI1ets1KB7AYiAE0Q098l6lGUBx2Fzstl7g90BiBiCSE8j6F0TS8TA5iasSUCkkQ2hfJCCATUInSCd+N+KcceoqzVUKFzRqPmDcjBeoFVZtsBUxo0NRVV0U0bRMAFMBYYcBEm3URNpJqhNRUIsxMUlXDejLdXE3YoMQylmJqIGA0xVjXtuoCxO2PxLk4Cs+SPA/EIuQwFRmBYrSh0ZUyn3RlAIkLNVBOqeSxQKNCBenW0ZGXWAJT8HWNFSBpMYTAcr1ll/UR2LJfVWDB4iRdY8lu9tjMX3u7LdljZNbalcU8J5AUeN5djacjpNX/3i4v/4v/uP/97f+3qzuxhUx0GmKeqybDZ2c335MrU2H18ePhyen3/5q1/fXO6f7iPQuMkVwV0oqfIbh9GGoXozkXG0tqR5hHvjZbs3EopqBvfmLYRGHGIobhHsfRiKqOjQRDebQUdDtLlVK9YQc50hRdW2+60Nw7K03X5zcXEpITqUoeh5Oh1fDm9vLmrUqeJ33/2422w/PRz/9je/V/N5OqvXl6eXw/lQhmFvshtt0J1KRKsiePfm7fXtzU8fvp/nJvHy8cP766vr1trpeNpf7IdhvLq6PBymjx+ejvNJTa9vLotgOrxc7Mfxorx5c3HtGIo8v0yn5+Pp5eXmen+xv3p6egm09+8f7m6v9/vd41NzlxbhAtsULeXi6vq773+4nsYQaU+nh4eH3XZ/dWl3t2+WKvcPj7v9xbe//PUffvs7BMpYDtMEKcNmN8/TdNLTtDuf29ffvnt5evk3//rfvX17s9mW5+fD/f2CiDq3l+fD8fg5fBmHcnt1c39/r4GAvvvqajof92VPDuxwqvMS13uLbldNF6Dmbhz8UREpHPxQFW/NhgGQL95e/C//k7/8P/9f/5uPH3/67g+//dO//If7fdnsRVQ/fHh8eJxKKTpjWpaXHz7uN7j4ogzjqHWGc9dbombPZrT0efsQ5W4wUlTS6F/ZQI094R9ULZU5hJuAwPqYj7EZFwI1oBsGkCQiRAmj45f0DCLwNMGLjnWDur0eISVFpYRPuSBe0tVLWN8GUVJToQ0anRk9mnBfV/4feUjhlKAkRifHAO4Didw4lJhOEs93dMJtQAoL78ZIcC1CobKm3d0KRKW7cDIDEe2v5gsQsWxQUP5NcEQDCGKb1Ppzmix/Dx32Le3ZjRdMzCiqQhxAYjGgpiEIaQG45wpl4gIlz+REzqmISB9BFY/Gpi0Ath46p5hDa6mtwauUQFVTEdPHDD2iOFarVg7N+qrliASTROYdATsiK75sTmGV8Sac7mxuInPJfrxHKsooC+74juVgdKGke6hRhEPFjQhrlD5BGeRukePFnvMYkfSygBbMnQXPJj6LFYeoNBJ8HADlZGdDSHMI1xGgBihPqAjuaCZDjwh1dVMlpx/a9zQjVKIuLk3NWNuyNuW+t9C06Mh6jc4NKY1J7bI4mtOFks+aBD6vn9qWVJqYWrTut0RxjnvwVQjJKkZFYHDqp9daUNT6QDta4xykIJ8qhU+piQLv7grBAe5hEI3GAp3xI3FzAtRAGgdHx2zI6UX3PlqQY5RFWTZbVyyKqkTfYFtEuHk21IFIltu1RkOayKopaLKSJHoknx8BDBZhAVRtDTmEECrmrdZeag5FmwvXqZgE03h/QtnCEHAkUruMvYNdNkJ54gTUKqQ6nf1N8MuSslcREXO4qZqmeRcEmhxxMg6mAgJY2oEpPat6byagAkrzJcS9GVSKkLznG0hzyexQiXgomJ+CC1UyivFoeuR4ejY8kGWUd3I9m4zZg+Za8uj/hj8FqqZq4S6WCD07Pcr5r0Dq/l1FkSsH2boTAVEz1Spg001VBYbmYsyyndhiFlPpTvIBQbJmiHA2hXlgM2zjlacQj0CY5IA0IprHkEovjnKFBrjEkg0RNWjA6Q4LNkKkANTNW+c/Cn3u3EOgTUgsdOJFDSI5ACuDh0c4xwlkvbcqpjKYwIoD3ryoBNCaaGtSm4hqxeLNW2mOpTUPDINtilnBYCzMhGsjMyoH61XmZHNX0RbuXkPUUR1F2nawJRAtV8ebqIqZDoxdirEUNRU2aANcdakAVKI56Sl3NA9i2QQXIqJgDcB7b8YOScZfEw02K100RCFmaC1cpQW4rJvdEr4QVij0jyJWVMugm1J46tjzUS3Zo2OFwnREqknKoLOpR6sAvM2tzmqmBq91OT1ZTHMp795c/Kv/9f/0z/74m832IiLO07wsmKd2PC+fPj781d9+9z/827/5+OmD1xlSxj/9s/NyPrwcW/VitrTFvVWfW2ukTt2LOFc/KBCtpvuuKpp7natrbAfRNAqzlTHjbMQwWAAq6oW+Gzput2UzLvNca20+07NcVM2gEFOYRBmwGc3b3OY2jJv95c35dN7tL4ZN+emnj6qDFf3xx7PzAAAgAElEQVT0+el0miJ8txuO53M7n47H56UuDpfm7gVYpupRn7fb7TwtT0+Px+PJMMpWL/Yb1ViW8/X1xdXVherm62/fXd683RT//Fk+37+cXiYdVMRqnUsprXlt+OrLt9vd6fHh+eHz01dfvvvii7fvPz6KxsvLcZomU7u7uxo2m/c/fRIrl/vtr371izKU9x8+L8uy2ZbD/PL4VN++xcdPD09Pj7/8o6/vbi6nZTz98Gma28WmnA6n4/E8TdObu7vbN7eQOLxM33z7q/3FRSnj3/zVX91cb6zA0T5+ery7uR43G0H9+HISn4fRztN8eX2tGsfnl5fd07jfHw/Hl6cjJGwopAc5waxC18jO56RDICXgIsr4Ig4sEX/y6zf/m3/5T/7v/9Xv3//0Y6v+p3/xly3q9ZvreY7P98/jdvzw6VQ2RcquNiSLJAGBcRdsZnYiYYtU2nQGivydikRJMQDVJez4axfugNJcVRE1EwAK65pDJjfqAfIPaXeaYVGAjE5wkj7gSBv6vyAbFYyDXL+rOZLHUK3QFs51wiRSpE9/drJSG1W0LEAiavNsWRCxJh9JQAQLjfBQJgi2IHNpQTa/XcRCXIVtReaF1CqvVilcqEIyTHpDhe3M1VQHniJ23nJPFSxzJauEnusi+aFI7jQpNgl48oeah4aOBqlRdA2RaK6mEQFmMZfsCFAWFBHhwtmxpBPziwJBNx1iSGN6YfMUXIGQ36+l5QcFPBqIftpApXwBd0Imtxj+qhticz6zJSnHXk6QymRuTgZOjG2K1+lAJrfkR3vB4AF40xAPTQU9E3XmdfHmraUGnFCWLYp8ZgEPeDLnacfSXz1AXCijCdd0LVWh0iOA3KAW7ghx1d7laNFvUVgvbURLCooQLXKzjqiEOyKMCNvRovO2aWdHfBMtlEbOAFwUHqrFo6kKXNI1VrKopDEJsPZU2EUIsK7wMOsUm4t4SCDMIhq864j4xlEnl3hVI1wFHnCamtEsvqXLJBAqCGms+XojUaT3YfKVAsIp+OMYC9Ro4gnhHD3SyRSCCH69/Coy6KoZD0tmwoh+2HPsKis6eIQ3aD9V9C1BeNavQCBUtBm6FYzTsqYDQFll8qKeDslRtDSV1lqEkKudVayFN28ebkb6jQKyWjk9yRc6+wDsEVMQRQ+YDugDkFKoaMlxKFHljjuBScrXIArVkqeqy2w0wxE14KTVjZy4qWX1FrltJHphTaFwREA0wvgvKNJhvUg4L/kAlM2O/jTJHkECYpadtBzczxLOtHh4i8Y8wpqTA1ICMkmhViRc0A3s1djSyYzB5U2aVaVFLljlZYcH1LLeoOcVAEvXajoa8WZgMPYtRPI3Q8A2I1YtScYyz5PUzx3fVU2iIdjNXWfIhBEJUkDxqAvU2TFI3xmCSPYSNYLzfyKwZPZz8QE32kjQg8LpBF+rBZflApIBUER0gJhTmrgWahBRVZOiaqak093cm3lbhKWBormYVavwAncUl+YoxYZBx1KsWBGhHQ4iQkhqCLqRX98RUZpUlyoqasWsQbRJARTSStFxGE3AkQI6vpZikDAbJJnJTEIKNt0JcaXHZkvzVmMVx8chCqhyzBcwepuGcBbb2FKM6ioWcDSP5kJDwLT5N1XRImJqQ7FSbOAosJVSCsK0i3QlbaaUdFMjHWh6dbm5vhhVJaKawsOLqaItp6eoxyXw9bvL/8P/9p/943/0x5vtRqUuiwesicVo09Py/vPDd394//HDh+PhaRiKDsPpVK04EK1WmhpXIqFSBNKqu7vPVVVDDZH8saYVGKgAq61GcxENoeJqkGgCiZCiGxe0VqUMpjZsd+N+5yLL0sZBYtHTNJugqEZEKcbRgmgS1WE2jmW3KwI/T8eAP8l0f/90c/3m4vr6+/ffR20XF5fbTQn3ZTl7LBGorUatrS6IMjpG+FLr4Xw4TdgOW4hD6tXV+P79435/gWhwv/vyupj97V/93d3N7ur26ps/urm+2kLa8/PhcJqursZhNGkBXzZFRFyjXV1t/v5ffHta2uPL4fruahjoclS96vk0ffj4tN1t1XQo4267/fTx4fD90+5iv0z16cGPh1PReHd886d/8u3G7O3t3WbQ8+ERsfzw/vPj08NmW/b7/TTXZbab27vbm8sff/rh7u3t5/uH1pavfvHFcQ5IO7w8WZFxo+dDffp0v7+43F2O0Xye68PD4xf7XRlGEZ3PjdMyLSCm0gJdC2LU1Ic2tGhpopWVsRT4UqxAh3/6T/5o3Oz+b/+P//77H87hXnVTNjJsLq/vxurx/R8+vv3qdjdszvO5NnfU5C4RqpquY3TWMWYiETc2TLtgR7hUxIhzSHN2bS4XFikyiKtxqZywxafcYk5xDbnwjPMWRBGS+QKyyhYpQEnuifLLxKBk3lQMmnIBoLOKCArHAaGHPkR7AzbYFPPwgKqnLTUsWVKmkk7qBECdCRsBws2yxFexCiusSDLaVCg19y6hygdIeROQtQOQtm/JISIzv0lWKxHe76OuLCjCVYusSsjshKy5SplWUv/aXdECaXHRGydwgnZNOlhUnPm9V1EIixyVFiJ0kmYeIuGiJEaVv11f+yWREh+JTKIQkDen7iFLkwiXksTpKwamARPWe0GVVADi8TpkR0jmEItsB6NXiLyNmlL0liz1eoNz65IAznFESh5aDveGIwhlAW/N3ZOR4+12NgwkUs0MhQW4oRIhgeYsymlHJ+nqmFJs90b5iOdNof6GFHeQKSY/TX8hEc7Io5fGROjuqtKotk6it7kboGbNm3hgyDXd0iDqqiVYvHTiXilTRQobEtKueAapNNeIBlfAuiQCBtHWmpM9JVYRVcBFQiEmUO22SAgqB/I1Jz7wxEgseT2tK/L0sLZfBbsa4uosMFLHlBZHkvA78rYI20NiVB6SJ2bE4qtDJp0dDAnOJ1pOz/K3WhEGpayCowVyzyc40+kwy/MaESwFI6UmkkBHADRvLaoHG43izTwQ4bVhGKSF1uoe8NaqG3I/sPvQRWCR+gF4qBrEVa1YUa6+E88JIRGzgXmdB0pFHN0CCNHPzSuLT72HpI6G4BAArBQ2NoSvDtE41nJdspQVpJGWlGwFp7DRJEDXFMap3uaMZEoESJ9W3mKqB7NY7xouE5G8y5ka+OA0V8GbAZw3auneAJioFbZv2fNMo1HPaiSLgiBJEqWPggoEJQfy+9UyfApHN0jCqwRU1MWDxXReF78GlwMoKTqWtRnw+LJ4CsnIkzlbZGyV8M42cOuwByIMfVlVJDHBkom+CgV0tCCsF5DcQUgE9xZrc0cVZKYsYEudhaCmLSakUA3I82U2sBp8VVA1hKHWMA0HakOr0cSKKbGlNGkOM5QiwyiDmZqZ5LY93tRU99GkgcsIBvUoHqgVLUTNIqxRwiYoxUYT7eifXS9+qogIVXwiXL/MN5YBTdgfTyFWpkoWN9npSwPRIDFJDoGoIHdNu1p4Calpca8R0rIAEM3OhJRiRctQdBisFKPrETefQaAmiOK+MD5GhIS30GEz7pvcXgzFWsO82ciopVjU82GwalH+6Fd3//t/9R/+gz/79uJyN262dWm2LZBRbbvAtru5WNluxzdfvJlrfXx++urrN1BZlqWUwUQX+v/k0KA5pze4o1TUTJdpQkQphYqoeVqMU4ASyY0KwiP79oAKptbKMJDi2mx2m+2ICK8L0Fqriy+iiFCAMxtmZsvcNsNmHIuqudd5mo7H6fH5cbsZP32op/McZXv79ovddl9UhmE8T9Ph5Wk6PkU4tLiLe4vWTMOGcYllOc1Dsc04bvd7HcrT48P5oGWzfXg6vP9w/803X2kZjse63d1d3dxttsMwDjdXlw+Pj7c3N8+Ph7YsZjFuht1uY4fzDz/Vp8fDfK5XNxdffXHHro+L3F5f1qV+fjh8fnh5Op4+fL4vRY+nGSoRuttu6jSdzyeJ8/7iwr1++vTerP7q669vLsZvvnr38YMcDve7TfkwTa3F5E03u2+/+cWHD58//Pj988tjMQDtYr+bz/Plbji9vMCXaGriIrWoH56ezoeXy5uLzTBqGbbjMC/+9HKYptPjw3Fa2jhe+DJDSPeL9A4owlWk6JDymUTpGFQdjS/1P/rLd0X/wf/zv/nd8/OPDy91np+07LeX17VhbsfHB9hms92+HUbTAGqYigNiMNdAE6irUw5LOrpl21/cUxUrzSESpv1dRA/b/H8mnhBxzlSJQJN8ioCrajfF77guC/yO6RCq2XpIpMZdK5mThHbcRAVCcI/Uc9BhLGdpw3ufHpzxpP26KC3XEagQwm6qVjwJwi4/UZFQ7z4iAqcrkcLdoGGeDWkl/gXngSx72/RkFHCZaxL5OT2hClqSsQsHWYuFJGnz7ndUrFQI8Kvm/oMEQJl+wlUjOG3BmBhpI5RmZxBYwEnQgQ1MgswCRHpS5jg4OiQLk+wN5K5XdnXyh3PKMNiJEU0qVNKMj7kebOXwbwntIkpETv+mlWy6bwPoG477fG76FkmO1uYVJvzMrhT5R0GyzpDkI7MuYIfWuaSk0V/Def1IVZQjolLTjEZ/lli78sgJvEBwAlVQqY/iNZNrSFK4D432noUZxCn8TTE2u2eSpSDhI+iK4+nnKYEwdagFOAkQCg6oobXaF7wFgAZEqyWkqaNaQCyipHTNI6rkbLQoBFmCiADSAXjWF3DNSW6IoETnB8CJzQae8+RUU95lkEBTdHEWAmg0ARHxfkSj/2+8Fr3y6rWa1R4Pv0CDDDXjCXpM6OsNCLa78QhTf4ANDFEOE7HHl+cJ/DSyeiT0CVaELTMWNHTYIcIGe1bkriGhnA/u2FeE0j2AtXL8rHnnoSzQucaZ28bdvXk0r7V582jNvFH65B7BhYppsgwg6N2rIWQatRTiPyI/xkcCHpYAFKVAIM1bCqAoUSIdLChqXJug6X/gxKsdbIFaoGKCzhhGOMR6LyDo2PM6N513QfqkOdYCjGcfAXrhRHI+DDVUmvKgSEq5iVNBAQazCSVJJlygp5kbFKqqa/vWaEzD86ziyjNmQa+Kfq/SEzQkJAz9vTH0trdwPIntYzoxiygnmEMskIRpf017AzuXQqQPBnocBoCyLu5xU/HQtSAly4bC0IVAy5Zj5gF09tyYXHkryGHlHlwLhndWoR7BHSDWBGHgzkumMcUgJSE6x1+ir2xLTVywM6Yi3HivFt7g0UoMdUGtrTaXpXoWmbCiQ8FQxDRM3HJfLmUkDVBY1jju7gwcHhFFtXmDQTFaM6ZEN5NS1EDpvxhnnpUglkPtaibgcFO2YCJggAN034tkgUQk0uBIOv8kSFFccJMPIkeKgSiqLcnIAHVvKImGdVBL3YLZIGomYzGOTQtMraiomEA0IK3yBSSlVgZRERmGuLmIjUVYeJvacm6tTafDdpT/+X/y9//zf/lP797sxjKOo87nUymjQ+elzqfDx0+Hv/m7999//1DG4fLmcv/8vN3tri4vr6/2p+NRVELhNVrzWl1VPFprs3BGTqQtS611GIuYqhUI5qmBFZ+Lt8VbQGsZNwgJb8UgWoZxH7AylDJsJGyz31qR5TxJ81haeFOF1wDCup4SEWay3RUzneZJxerSamuDCucTxs3m9u3bqS673U5FIHY6PbwcD/CqghaLRtNoUMzLjLPuB91dXJyrB+rjdz/s9tvtdj/XqWzb6Xw8vhzn+c7DP3z4dHU33r25vnpzdXd3eXezr61u9rvru7unT5+LxOeHl804/uLLt6fT/Phw/PHHz2Jyfb07TsvDw9PHD0/XlxfDYJvtdrPZqJ1Pp+Xm5uL2ejfPcTrPHpvpdJRx8Hl6eTnWpvefPh1eDg/3h5ur3fXV7VC2v/9DLeXlzds7KB4fnm2YajO0ut1gv98Oxabzebu7fvP25vP9w+f3HzziNE8mMs1VS1mmA9TmkxwOn4dxOwyyubq7vLwQ1N3FrpQxAFGYGGUChAgmynHEotpaJdXlURU5YtuWCWVA+J/+vbu3d5f/5q9/+qvfPZ3q6eXzs8rSYG/fbWpgHHCxL4ijmRsxHSOYdaYdBQpGkc5nQlzNQAojhLYbyUNHmimTotZVZi0iakJNORVnqjmboznMxKahdRiW5FH+fZdKJLTIUSvh+967BEihCCmBlRgUjv9pajCymy+Z6ajYiGC/Q4PSHdK9BEOKkNxHSesd/lFSx8LxWE/skQQ2c58aEWPH8aD7RVcrtwgVKeDkcIpK+nWBUIOSZ34l4qBA7imRrlXI/Z/9NuValN4I4XfIRM5tSdlY4SAFgQEhGCk6F4SF9oKjb1agE2hEFxWHQpLhyTvB9JjATtJ0J+0wONVHZMw5Q4JAhZRU10SmRFA75hBVY9OmP/+gt5QEUWbkli52iCRW91fpdvZ5/JikU7kAyhUiqGCJDsGzVcQCxyvV/+Ek8FtriBDKpbIFldoQkxTqsKvhnIHjdCl6JzqzOufN8whzLRcPLJJdjMQS7HM0jgjyW3gjynMW5MHJR5oP1b48V6CyxFLCVLU1upRCJMl+Fesg2RGNnUNC7ayaIRBQBpHLBDxEUCyTaguJ1oiKY12mBKFtt3D6gxCN6GKNDmh8R4sYBzIAsJaQ1dSkAz4+Fp55W8nrDAfKCBgRNDClMUuWDSv5yl8R4ZY11qFq5PIjeV2aX6jQ0BZoEWnpiehzuwAA5wOmDhsIQfNgi8ZY2BPjd7EgQItY9gpzq19rlVHJW6vVmnurrZoL9UKOFm1p2RckEuHB7k0KKGeCRBE133/ab1HT7M2Sx4VHDKEUpelaQGkAriTaKfiBCwYeVJoG8tuqaekS04iAGMRMLbts3gJB1IPXYg/rvIGIssLIPls0eIgWZG/DM+bwVvYopamig2SZzUipEpIaKKTrkbL+oNSD+k3q1nL2TAw5BM6JrhTQQ71zADlOFOAylxybyf+yglKsPahOKzOXBJqIuXPFIQQtoBr8B+nAlIxXROPILSJTaiAsSR24qJI6gMDTbzgE5uyRKc24NPiCsffCF85hZoJwb+gefAxqglLZgYUEzFXJWAwZiUTEmHEpnUqdqQTNSOgCvERoU+6ii4hiUpdWq88W0aLlaJSUIuNoClGRoZQUFCLrUwENAk1MgpsLXQMoNrZWZ20Qaw1svnC7lnKvLf0TKOrPYQWjERAtG9RyVs4hKhzqxmuaCHi0wVI11cNCgZK2cG+uEFDqwIqNgIKBScQggCjEVBVhqsotYFBKgBQYtKiyTlExZQ+7DAPIzUBctHmwufHH37z5p3/xi999//Hz54/H2bcj/vzXX/2n/7N/+E//R3+y221VYCp1Pm83Wy1Wm52nejosz4/n56f58fn8w3fff//d96fDy831xX67vdjuo7nAzIoNzHtwR2vNPUqx6j6qhMqyNCsDglbLVoYiClPUynsQpTBUpgdU0WJqoYOoljLkdAjcfanLYoaFm7U3pdimlM3cloCESzETtRY+jBsFTi9HDw9v5/k0bsbN7lLK+Hw41GUethuz4qIeripLnQJePUYVN0NghuxsM52ON1eX+13Zmoc66ul0eKztAITocn//4csv313fXl5cb/aXY9R6Ohz+5I+/3OzG2rBUH9T3u9Iinu+fdkO5vtguU5vn6enpZbPbf/317d3N5qcf7j98/Pz29lK8nafp+eWwLFVF56W2CLFyfJpqncdx89PHT9uhTPPDbrOpy/zp8+fnw/inu+vrm6ubw111fz6f9/txOk/LUn/84Q+/+tWvHPVwPLfaasXxNNvzaRh3w2b7cP8p4Je3l7UuDw/3Wi5u311eXO4uzvXTx4cP799/VUa1GLfjsNmEavVWkNJ5D6UAWLgfCAF4MQt0H2vpU2+KukwAhnH48ovdP7v8+n/8H/z63/z1p9/89l5H9ZC3X78NlKKD1oPFWaQFQtUocpAehh2RkFXYhKattSPoHJz+28Fdn041mSU7z/SPxHWFzbVMywKBaQh9PRkE1Ujwd5Rmq5pbKf1LmqZzjhGq9jN8lxYsSasK5SGaCbvXJ11DkFfIJSuqnHNIRbEkOYAg1IOyfdh/MiBJeOSV8deVub6RGWR6JqoDibIoZMMdiZWp36OcnGptMmOsTSBRqG8JrLOTXPWUIY2XEogShpzFFM6XanbYRaQ1rvmkgyOzDREf94VmqcMP1A79O6rVnGDNXneQImX1xf2wIki7eSST2ingRJVp2JnNFBELPhT+gSIdVLFbHH0mSVJq75pgn42VoC8U0hwKAiLpPpBAgVeOYPEjwTdEmP2zuZO7rBJq8akE+IKxwdSaN0+NTlrHc5yTzySfgANobM8lZ5kbFLRINLR0vldEtGiEcorgqWmN3vm6dieihaoG2xeESSKNi0s5AyIq0kKaNy2WXkQmRjlsiERTL2iVDr3e0CSKqAk0CrGGkZPl2h4AJhKizu2kysaWkLVWQxNtmR3Z8iMNnBICmHg0FUkiVaVrapA3WJNaY9kmvXmVbEZW7a6wnBpcOxEGyT5TtqrB3B9i/380sghrgCwIVTkO6ywlgrofzSsTuIuw+agkLLUXDFjVZdHFKcSCdBuLJt0/yj08OOgpRsGF5PmiqwHVi6tRTCBq467vaIqm4lFi8OpB7j9Cal3GtXmU/gnhEbQ7U/QRXSBQSIELlVqigHiY0Hf9Z9S7iYpq8xoAiMsZfo0BhdNMxqEnZcE6UDQRwuJLkhuQVPZJaK6gCoiI5eIVT7lksuapzQgApoVcENcOBNQjJMLEGIO8R9b8fA6DUbIg2RdTEdFBhIcNYCsZabEmXeuXsxxATx65miqyy8DGSVb6IbDI3ViOMN7znDxYc4+YmnBnQs5c06NLeIojGK0p9ck+UtLrIVTv09yfkbmnIrq/Kaj+gZgWTvUCAAwiUGlNJIL8ThZy2cjst6Uoa+0Ib601hxUT51RwsHBxcG493w0RI8JmT0lDjNsfBOGU60txcTUoaH4gUBvUbNFaaq3qwcbeMKCYm/A/waSXPTSn6pdJyhyiXjlZZeoLHcelLA2IKKpWsqJRoaeOqopSnpSvPwFOy7Iwq8u8YTStS3cSpLZQV9mP9OKuD0D3cKvBwNS4+Q8CCx4YzylpRBQz9iWGYkWslGLguDIdQflwjKe695qiiogqW15ffXHxn/3zP/ntH/Z/+MFuLn71l3/+zS+/vb28vNhtNtGitqU1t3HkGHVAllanet7sx5s3l+/vXw6Tn+eYqx/Pp1tEa5jmZfEKNZXFm2/KsCxV1GCqZoOKKOpcTVCnyUwjRERLKa1OdWlWhhHKLS7RvEUTGYdxa2UwG5pLdE/zZVpqzKMpBnHHHBDAtBQdBxtbi6W2jRXVwWxoUYvq6eUwboeXp8PpdHKvkLi83gh0OtRh2NxcXU+1IbwMVudznRe1CF9aw1xjU8ZwFd2VMpRi3tp2vyvFPn78MGzs/U8/AV7KMJ+Gv/vb3zjsj/74T3719e3T4fC7vzsiYtgMN7dXF5d7083N5QXCPr2/3+/2S23uD8fD88XV6FF2V/bFm6vT82m/3bTaTsfzdJ7VdDpPD4+PgjKfl/12ePxc21Snqe63m7ubq5fD6eXlsNvvj6fP11e3329+fPvmOrx9+83Xi9e6LAWHh/nhze2bDz/8frsb3755d386IeLzh58ePv9YHVeXmy/e3p6nY1umm9ubYdh8/PS0LLCy3+2w2S3boRwOT8OmjKOdj8fz8aRvr4tAJMLDTFsTFZZzgBaGEQSHgAxeedyLWKg0D0PYWK5UrxT/0X/w5o+/ufzu/fT+8/lmF1ZsVL/dnjY2FYDpJUJS4CEA6GUGYzoRLvMUVaMEg/bqJl2G4SEU1pCEZTeWsbyPt6pyJ6wIVOFplAm4sJJI8J5cC0cNkoShbISFdggUJimtyOo9uWVkYPVVkpvaT2QQdM8RyADTZ5qS8BuDY5WJYNF3SL3iFQVWNyQRDQ131xz1DXcOxiOhRtJJKbokSCiQ1rVETi+RzNcc+U3YQSYsWwbo40+8N5JRRpTwhrN7CQ6QGqGENFwhJfjZ11ppN8gKGJKMs071Q/OHdpKa0hnyfcLYuI7rImi5EFDPVRHS1Z0JWtDo4MymSqf7HSX3K+XFUzzEOJ6EflA11Xd2Ienq9Nwg/w/eIj4eOidmQ7etHBsJZLqASLe+5DriSKCP6IbnHlF93fQVXHdEPQmAXKEcaSWecEjh0azLMfjBvbYK8FpM+z8kW5YeTe6vM7nsSSHpLBVuWeVjERW2O0I0WrZ0EOaAeAt24N0d4a6iRubd6Rhaa7OiySYjPMXFij52EYDCJTxU0fikRCSEDi4OUVcxjz4oEt5b8ILIoUwWBpJvr/RpU+kVbJa3vdll5Oy0V4kqJQAIgVTOr+RcMWfSgxO6olp4shO1C1lfzXulUDFP4xpa6gIBFBGqHdJgEFmRUUAI13QNC2H9zWomAGqNg7GY3y9Y8yWfzb9S0FQyRrKuDFczwDgS3VolDHWPloMmGExaKAdlNMntcHd2kfp63Hy9RbhmnLIrheV6DMoeggoVGoRBBra5pD8NytwTn0n2B1gDGVvBOR2opIeTtEFEk1DXfOdDYDJIlzBKRi3TnkSQ092qBgcKAwOECYxetRIikmPwbPKmgD+lmSKUaqdQpZuSEbIGIl3YqFfLgs59ya4mcTTLdNbsnjJF9jq78YKogEw9zyrXuQoEwdVgCfEzqYVzXRd5HN4f9wq2xtaQJLlorJFHS8oiJNxh3ZgAK/WzziI4+Pq7FgnQYk0ZwnK5Nt9U5LoEPjGIS4PAlmhWIkJcQ+ESZmKqlu2yEDUVVVVulOZyHspZg4YaGkNEayYaaBVq7i1QRaVoQavslWkpNpb105CbOyN9dXvNbNTsqkaLFvCmkGaCYZEQOOjfb1zhFaowlWLpbsZNBb2Hlbr1ZL7EvHHpD99h0pBgcxTRx8e1228QPNAbRyIaDQCygxmiHrH6HIq5wLKpqkzZrEAAACAASURBVBzE12LFVNVQ1FRMJQuAYIjiVkQxAbkeDZHm7q22Nn/1xe5XX/+JlT+5vBitoLY2jLsCr3URs1EHiNFaY2vbOx2Gsnse/enpvBnL3e1FW26PB8zHl+NxejkdDqfjeZqWOnurtc208uTpt1JCvU4N7mkx2NSKAVKnpS2LaLQKbxEQM64VUbNSyliGsQd9c29eF1MpCh3UJ8yterDHLcYpDdFiMFMrMg7leFrO55fwBqThGMOmyjCfl2Ec3t1dbbbD0Pw9qg3aWjgq/RfnZTKFaMipPemy22zh9c3dm3lpHz58nKYX0+Y+z3XGpK0uD8+PLTDNU9Tz/vL28/3L49PD5eX+z/78V9vt5uXlab/db3cXYnh6eJqmqRjKIKYxjPrbv/3ODPN5evPuMlCG7bDZbebP92pRayuq03mel/PmYl/n6enx4c3bq7lOp+Mx4KK4vrl6eXn6/vv26eMwz/P2Yrfdbp+PS6th0KfHj0VrVF/mw83Nvs11Mm9ep8NpWVCXSbx9/vS5jLbZ7t+8vVFgOp6fnw7neVpOx/3l5d2b6+k0qUsuV0JTg2fPMJuqYgYmdrAFKB7dNIV8konRQ3iZRKTVdrkfLi723365f3ypoVt3qPh+N5ucmU1cXBBKZ2GhuoO2lZHMdAgkNJT0oAZybSw8PKS3kJMvAjS1EpLAgJ084hmkEb10ahMcixUUsYi0Ro6U8ni2YwPR27wIKkeo0uCAbb7m2SJAI6sRQTiYnFoytytD0ueaExGrpdMDyR4F0rgBJPwFXJbDVOGAFE1mJyC5ljels8wuXRaA6COX7DGu8DChA1s3HpEAEyt+yg5DGv+Q/VZuBZCeAWijmCsZWE1RTKKd/SCqUc579uqCF0ITP0S37JF8iGqM58k7dS1RQgJ0Aw9NBBRE9MAKt4H0dsEK3Z2MZcq7vATzKW8+UQCAlAw7APXOCfPJ8yLckd2IRFhZpVj3iBcBBz1DkI2lADjWGrxjlYeLHVKIhNIGM8dSU+XD7VlccJMXwjkK4adwiVpGum4xFWiN4jSIqvdRbrYoHK55i9y0eMrJkxFPNMTkxOVgOe1LXbIoBy49wJaCavXIlQwtCics1U3UXSGNvLgExEIaMo26sDiQfFvyDQxYzkXqzxVtydWWMA9ZfZDSiCu5X35OzvcLcwQFdGiMTR5RREWo3A3awQqUoUvzQtUhgLkgvPEzjIwes3lKF5hh4eHWpTxpFJXQSpCrFQTR2MeXkOhzhSJScpUFfwh5WVrKrAIzrF+NPloR/FRCkGwFsVTjC5vkogii08jh+Y0oQxuiVvNWaRtsrg5yxNHcmldA6VcY7kmrQoTLSPpMqXTcCRr1iAZcUHg/IRGtBYLG7EloZ0+SoziCgHDKhBVr0EKFaFR6Dycd8dOCIta6fh0AkJ+1U5O7YDQQlQjN9qFzbTh3awU3OgonzEE2iIcvjx4XkWdzJhWW0FwgkHSN9tvCitajheQrpmbUlvK5BpLyofkpGYzsa2TgJeORFYwQEnbip6+lQdIePAkkkHo8RohZSYvnWAmNFIYqclo3Y6BzfmHoPIGKRL5QwRT4OtqWMhWHcjJBUgonou4BVIVKaJgHNyyER6F7FVkYMSkiBdT3B3LvkJoaN3nqoFTaMdwx5ao3dA1cRKhKE7VwlSaLSLirlu1QzIqYFrWukgLto9CluKpQaCPbF+HeVMXVgCpQsxLuZjqUoVeaUA2Wu6aWR5sIm7UZUrULETcWZsmeNDftrWsBVLW7p3Y1WADGZSaUpCVRRfZHsjfM/yrLcINQojOUYqaD5eKm1U2YZYbT94P7R4VTgYEQhW5GeXuzv7q8FGkeVU1a+CASvsyxRHgpA6AN5oHwWJbz89Pxxx+f/u73D//uNz/81d98f3h+XuZpPj/XZRlKGcfRoErVh+lgtrRmRQOY5mU7jGgabSll4Pi1w82jqEb4UEaI1FYdMBMtA2ektQwQkWK5QkZlnmczGOCtHg5oDQotRcUGkVKG4oGhDKH0RxojZGmtlMGsnOd5aU0HXRrcsdlu9/udbodxtPC2GcbL3TAfagnfFESbEG0sQGt1PhQZzi+nugznw/Pp+Hh1eenTuahP5+MyzxGYlyWiQV4U+vQ8vP+plE8fTvM8nd5fXl9gfn95eX18OU5Le/vF17v9/uX5ENE2F9t3b2+2g233m/O0fPrwHsDbtzff/PKLm+226IfH+8NmGBw4z/Nuv3n46T4El1eXnz98qov7UqfzfDi9AH59fTNuNlM973cFiuPh+PD4uNlcXF3fXl1ffX747MvxeHzans+nh4dlnnbbvQ7jdre9f/g0qpzOZ1F1R231fDpdXV5JSBnG691ut92cTtPLy7m2xaPVaEQLtUXPg2SyKRx3+vOrcHlV478Whaq5c/sVeXBXi5CmioudbccSESHSlhk2S1R4TR4ip+kNHfOp0v4F6NmUfVCLDuEBjT6Vw3zZp/JJdlo6QCQ4YKe8d9c6Z5+sZAZZqkzRqUpCLL6mWe8HXVrIAmEd2gUae8J5JXzt+XdJMfc2sDMJ9J+CV1LWM3EHqQfPgM50n5CmXzNX70ayus7mSUqJmGxcqMziNSQvT/rulY1nXqS/RkiaoXTOKiCa9LBA+uofkiwd2QoTKEgypbUekt1DsEnD+icVRNTSdJUVb6Qkd4WUBkVQXM5bLp2/JRhVdEMo7RVPn06UZPd7JQaOBvf7lokwtWHRp0AiOIyaXY/+DLhzjRt9mwAtCAU01SIRaYkNBKo7tR+C2kjYs0wMAAqnqCIi86qHi3qAYk3xRmcrj9QFRYS37uhKoi3NoNxKjhx3UW6+Bmw+5OyrCDRZOnfIWhh2mthTTt6fLloEIJYbxAAJZbUT9Ljj3YlGWXIwBiBH4dnDr1GVPpce/Bc1XGLhws7wFgTOAglxV9MG9HY3n4SYQBxGuyRWVyLGoqpl+8zSStYjAPUm2ntfFACoaCpG+JwMCRWNBS6ggIpoC89qloZSEgayxgiKbCnEy6Zi1vBqEC0q4sj12mv8EeKrHDoiCDPB6k+fNIW8VgIEfvx0oS/BqsHiUiegN2Uiye5sG2WD03qhEAFEa+urKSIihZ3KFtHCEVasLhUIuHvjmgbWQyHuRtqMTDMHsGT1GlQNz60rQWW4DMgOq3L3LXsaOfDPz83As6pqTBTU4Gad1BUlVCCm7TR4Fjn/wVuSoUfVEBw6AcdWeickBys5JU6+JV4DPt/5zsiI0iELGV4kO4+as0nZ8fMsQfJ5dBOYldNANwVb436Qr0rBDgIF6bUlPM0gy8tTwyUV61rfvvs9SS+IanG0VweeVCEiVWbE9ryHmuErMq0I87azc5RNM+EAPtU7nmNVEHUgBYuqEmGOUOE2F0WKXYX90hCP0GJs1amEeChgLZpYKBCZDURhqhZQUQ0pKlFyK09+/YGuUBqR6+URXI4OC0WNUJUINBVzTRdREYdRoWPaXZh6nZrzOSEIcYWpuDtLKIG4Kr0o3IQNuggtXPslRSSnNoqqCor1Ae3UvwnSOkFBWyfJAtKTz+vm3Gh8vy1b1OZUgWZQXJdTpkqVPeds1kvArRuShJqaWkGhN5GJpp8OTVLzqrSTDpFBVKFcwVNwpbvLjehQWqB6AM3rQhrEI9jaE5QI84h5bqen+eX5NE91tx1/+fW7gH74cH//8cP7l4doDeHishmHzWZwn92V8EiTgVLurCmlqGBuTdTGosXUW0PAijo0wg3OYeaARJjaYOPGSpmnGiJemy9zUYNKq1GrlzJ4gEcpgBYOYBiHpToCg5V5mRGhWry15iGmS62B2O12Y5H9TsWH25vL68vL33/3e2undryXNm3VlzqXogAWr0AsyxymkGFu58PpeZ6PF+NgJealnufJygaqx/NpKLobt/Pp6afv/+7LX3yjjg8/fvrh99N3fzPsNlsJaCm3d3+4url7Pp50kG9/+atffPkOMtbarMTiZ3Wcjgdp78K81bCyeXl+3O03KnZxub8+XXy6/zifD9v9+HI4XlzsNvvtNJ9Pp+M4jHWpGPbDuB024/l8nh5PCj+fjzc3+2+++eL+4w+78fbx6XleTvPxNBSdTofbN3dDgWrsNmMIpum8TJNK2Q/D0+G821004PL6SofTdD5DdH+5GzdjMN0JDV0RCDRSXwQa3sUZmjBDXEIMkep2aj+US1dqa40Of4FJtaDU7L0Lpz8Z3TPJukdiSJo5k0ph8GsKg+X6HzA1SSSjh6RJXFNJ32EuMbyyMUQmB5Y6fentOdL4ySOSg5LoiwiQn5YQ3TuL00M/scmqEHbO3SYSB63d+tixdNae5qXJwYaAU1NpEkC1FUI6w9GJf/KjSHNdEZPgotueYgAV8SgiQUThUOlDtPmjZSX6A8ksanQWSuDekE3M/ofSbh4BZP3S711CbQ5Sv1YWAlY7CffRSY4eLyjIIGmS+C3cg09J+laATv0zc1u/g3yoLa2GpLOhgR4FO+OYaT/lqnl1IkAUfnJ0c87VsKmztLLeLYRTGSLhferV42f+DwKENyo6ukAjSewu8Y/mOdoY7PzQRZpjVB4u4Y7OunljZ0DEI73yV8q31YA4d3QrC8Ro3oXmEfDWci4ysljOXbNpjZclbh86oP6dNytqVEJS735N8FWWANq2SX+hEI3DsKw3QJgV5hHSqlhBeLCMby2CCy1EKLeGE0eaZE9CYKTqc6YFCNekXaPDJUgEdfAQo72X9ZotDxzUhXvDJICBT7IF9/Hw1dLg2lOXzCqg3EU7RAfdRwPBPEvms1jHsQA0CgTZ4EgljyoXhypEk6vOWlayJFEBwE1BzV3SgiDfA0r7S8qpBABMordW6bykfQwFwQEDySKWCjahHiDZcskuoq5b1UREhCSysp3C48gdD8HtB3nJus4TdV0bqEgzEdUieXIIbwtnSyKiaErK2cSSdOckWtEMpfnlGH+1B4yw/hjiZ295Mj+9r9mHlsgQlCRCGLhk/f/wjB7JHyCHTFKOoQER087AZliO1OmQ+HfNjRmE+SqGrjANmuoGIFJg2frgvQh0CTr5+Nf977l0vcv0VbOiZOkqnDoJdD6atahwQ1460QbvTZT+Cia+FGTRJUh5JsmS0tsw7gKE5UYWTk+RmNF0qWGodwkUSGq4skvnHroySbm6EsYyUblOTkKRkUVyyoBkAEj59zpNVAs5deWiQeUjACLbG6oaAq3hOrgvKqgObSJQpSM4RNU5L24qairpkB0IIQcZAvcwiRDV4LiLBB25VWt1uvMXFeV0D12Aeim57jhKo3ORSGI+up4r5zBowKT+OtdL3VZEjkWaWHjjoRDv5nnpn6HNVYVLizjg4Ot2UlPakhL9Q5ODhWk3ZmduZ3RERHIX9CFh3S1NorUFcEQFahnoElYBD0hzV2mtYp6W89RCVSXGLXZVdnUUxNPD58f7j6fjY4v4/PD4+fHzMEAVrda6LLUuaF7hKjJsLFDVzFTq3BRaShmGEYLWahmLDdamagHVgeMVzgUCOgakLg0SVmw5nduyzF7FaA3FJltoOllzAFIEMNFSyna7OZ4mb15RIeJN+MDNFOLFrEBqnYeC3XaIepoPH4qfPCYJH4u32pJta6jhdW4t5an2/PKwDMMwFKbMiqjR5uVUK4qqt6rA48P949PD6XS8ub1yx8dP50Hk6vraY5nmA1TlLI8fd7/9zeb2yy+Kt9P5/PJ8vLu9NpO5LrLEdjd+9fWb3/z7B4gMownaH//665vL7Y8//vCrb7747W+/h8i4Gd++ezdNU4S9efeLRYbDcfKo280oatP07FV3Y7ERu3FzXCpiKRbbm8uxqLfl+eHTxX7X5qmVdjqfhiLb3e58qtXr9c3NsNn++MOPpwH7y8sCzJPcXd1e7C4CaB7jxlxaEivFe55tsQ7MKYSkYTiUY4hIJW40YcePlLk7pJmKx2KaFAoycrP5xwjqRPUO79Qcdwwi3z3S1BprjuESmI4p+W56Tx+huXqDF5wUtYiGvm7/6hkYtJLMqp4ELKIjVUbMACLWvADp2TX3yeMVs/Z4qcTxq9ZdmASSI+5N21AB7VAD0a1yCI7JRgQQLgKa8WS1kx73xqeQUwX5ncAxMLFCRixRezfFSeaQeTzlPe75QGxlzdDrKs0Vnbp+MYohMgcRtTm1JryflJ9kfUAgkUOcvfZIwjGBdCZ3QU8vTP+8hF7Q5bX2P0vKvBcSiH7b4dlJkI7OU16UbZSIwm/luVEJmbs1mxg5X4iVA+w6A3ZaxSS3fAZRhfTqR0ADz4TJfESenRDv3KR7pWIe3Q+Kx4+2pNnB8PDcEpAblZOb50Bq4vJ+0vl9hXwqQMo38QTyreyItHdp1kfJMy6IcJKsvHdMxjz3moEXvWIIOAdRA2trqndbKFCyFMDRYVNFxNFU1KRIWuOz1Q9mc0BUst4RQAaJFJfxdacYKiLgwTkDRhAkSeBcLrlKKljzsTyxPAtJYxItk/MEcl6X0uEEeZCWX0oUIZQLJ9nGM5A8tvGVNTH+6N7eyyMKoANENRG+6SKgNkWTxgBbBBJZUSFve461CstxKGjOmOPMlrS3wT27VxLsorZ0KghOyZJCQZh4e62E3cODlrOc+s+HRweYLv3PTXmiStSdxUGv+bCS7HQt6t6qGXQQa8HfT10W4T8j1DUdmEQ5ssqbJvCMTyLpAZprWBU0nhNh+w/uaqU/L2pI06qLbGh/i0NyJbjQ5QVifR8KX9r1nIix8udBDfS/I+5L8l7yVnQd1hrFQuCNYV0gwW5EdHMy5KvXGfEg2SVd0Un0TTWiWp4VHgaSPByxlQwwfJrc/0WCyXtMXG+JZeiXfot4Pf2qI42zaL8VRM49IKll/oxI/zAacQDwULTWFGJMbYFi1AuLioSmcw75CVU1LQEQ0Vo2wpSvKeBoNYBoIRYCE1IZPtOCR1r6YpnlLlwzy2ERvtgiPVhSFclDTibOIqS1FjVQNGgIzRYIvf9VhS3IFJlTHEjRoJKwSFIsAr0/n0JfRcsti0FFWi4pIuum6s5JOgtINAeXhwWASrZAckiGWxBTxiACTgRHRmj+Pd9J7yt70Gf+NMMM0NcSEVW18MZiswUQ1WNxDwkL8QURkGHUEHEfztP0/OH0//2rH//qNz/+3d/+3fPjPdp50DAMEljmKTzO51NEa60pUAE4xKLWWjajL3UJLMuCCJjJ0spgZRxyG2DQ6MtaC9Z/ooVSOx0MkNYWSIzj5nyeLMQdm+24tFqrbzajRmgpAvXcpWxm6q22tpRBl7kidDXJW+Z50dNyPnut2+32Yn95OLx8+u6v/Pyx6Ok0HUTh7qfTvCyt1iZq42Yvaq01NV3muaqIj7WVYjLVql7DUZdZ1JZlqcDS6m9+/P7h6X4s5c3z7XYoRePN1dXT4/PLcRrvP202uzc3b07Pn/7w25MUebO9GMfRbPSKYRyixrDRaG2ZTlbkNJ032+Hp6YUV9Fzbjx/vl+bLqb55c3t7fV1bCPTduy/uD/Pp6UGlTHNokXqex2F7OD7jJJtBp6Xxdm0327lVqE7no6rWReZpOU/n7Wbc7vaX1xd1rsN2gKAMej4erNjz84MKaj0tfooyooXDjQiQvHNfHcXowvU+wkiV+S5lguBofgQZd7IlvurhkswMDq5I9/r8+WdrJKjQ0OSowf6igr361OVEerJYclQZ7iSNDHuXtudkCvpUyb4KIie+KIPJahOR+EoyDjP6hRODZ4LLEiNW/OVEc9k00FTwIFv2QobWsXI8qX1mMzBvG+U2CbOQw8pBSYaLQHLnSMfscIlIy5JX+2Vk/M++OkRIqtN0q4P/IEIhYQKkqNzzUULg0dms6FVKCLjTJCjrz0oh1v56rIi4p5kc4WUNlO1OYmTJ8Q7WjRylbLl+OIM5svBjtYd0E8raMafzWEBIHs70kIxUKq0/A11ExbtUAJFci8s6Ilv0Cao6DhAAzA7RBCYdKYiIeo6f5jNnryXrMHceWocIE7anzzqFAuBWWQR7EEBrjdxtOCIF+bzREo1NkbDeW/YWZnDw2KcrJ086EQF7DJKTVYTrITnlmb/SUpJNBbYArqpmxpoboV2QIXkvNG+zkh4bckODKERMcycpjH9PIqWkBF57ew4J/EJNVcRy+SbrKwcF27zBSUYHwqj5QcrQ1qociRo5TBwKAR1veMj6EnNBNOdUTgAqJZTcBZciRLqLeIiZpJ0Yq3hR6iI6WmOfIhna7hCY4vZkYAMopkIYFblLhEOoPH1ce57zxB0bs57VXrMkdMsxXB547bcu1TgmiEhYmn70VP8gIuhQD+lGex75VlZt7hEQ9zCDRSmhACoX0UWoWPSDC3GRsrIA3AWIkJIDVTwT0gsKMr7ae2dslrJPpfI6UhOeZzAxFAR0xc/CTwUOUz4jvjsUOwdMrTdnUkbE+1XKGlUjGZFcYs0Cn32mSF1OCuYyDqp00IxXmilZLIGCK760174i2c/pWYVRmT1xTkTwt/ACIndp0paTDUBmCYjksKd03qhTCZqnJfch5ieGIKgyQ9pTeGQu055G+HZ6ZyoAQNjOy2+WyxQIylPUjhzHEHekhs8F1KAxVDCcakju7wuq1LlTWaGh3M8cociNVE5EDrhKsv7G3TPpoJumxDnCERIhjTI4UXETdy1KJaRkPUdJLqWYIZorZ7TX3Ukjwtwbev1SBk7Jau9mCEFnsK8iUpRqOlFW39zRozy0KYlN5SuTmkmu+ozk9B1hrhoehcZPoqHRra8CaCItGktTdlPYKVb6gWVpqFnveWoYkm7kLzJ2IJD+BNLjRAYZR/oaQ1r0k+dpxRABdkEykRcdELbAw71oWep8ns5Pn++/+/Hpr/72p+9/fDq8nE8vL63W6TRthlFExs1oSZ4xUcOGYfRYONTeWnjUWgezYqV68/Dq1dzKWCoXMZitBIOJbsYdtABQldqHqk21SdgwaBlr89mhWopSoVrENq1FbW2zG4zHyEYpTR2llFAZTdvpEB51mXW/L4No0WmZHp+fT08/zKcfBOe6nOblJEDzNk/zPNfzvDRvw3DaXVyPgw1Fy2DRfG5Vog1Rwt2leXVEjONgYjaWP/zw/cfHhwKfyjDP86YM+6G02XdXl3GeFbXoWOf55mZbJ2xseHP7NrCZz+enx+eXp9PXX5arq8tx/Gg2lFJC/XB4GWx4fHia6iI2tPNpM26HAZvd1eXVu/Ps281mGLc3w/Xzw9M0n798d3dq87DDdjOixna3nafjxdXFsszn+ew+l00R03GzqV4DLkPEuc3n+fP7h3F7vH98uLl9s9tfXu7HZYn5dBDE9fXNF1/cXVzshqJinuw20aKQFwz0ni2C+zAi0jIkAWUgpzRFxeG0ZaZxNXsBNFfmmU56uUO7IE/MFJFkMtuVTgxC3XP3dEavir0n7CQ4hM7T0ZFcMqwrYO8DptkTbhl+O2WSy3wjkKs7fWXho0/28K3tDEySW5SMaEplE6bjlYjl2E4GFaL57C9Qo5DYh1KRV7qMX5RKIraUM15I/ieSVZIcTAqnSMjJFgXd2ZiNmIOQ3zXjDNZufudTM9VlSZeLe/qAoiK3vyQ3BiB5HA1JKpDCsFStojf7iYogQTfDBOoUKISsRwt531gCZH2IflCyH5DZPzUBiTpWvJ8KoF6tJahJagRFE7FT85r/KotCcki63nymLuEIK+l3Dc60RjIwUDRPKsfXmky5oD4yzQIuFGJkYs+6RcM9t2HQbx+ciFcVtAAnmKXLvjhlyO3IgAgVLAkk0GciQU6UZ4hrfbIYlqw8hxXfv3ZBpHADqQBifGugnZGEKrFJR68JhEVMOQYKBUwliTnaCJsUUdWSRiBG3b/QwSqnQXmrJOVE4Vy8qRHdThUQtV4AhLOui3VdgwhCRDy8pGsK+iQkpH9B9stIkEmPHxHoqykL4P2RkpxIpp8nlHPtatqH73tZpErhGimPBnraZEkpiRo1a7PVEZMfKVARdxeEIEwKkKJDF88al0L9DCOafdHIdokaIWFW2XnSJJmWFkC4hBpf4QDSlhfVW3L1QVtMCW/sM3g3KAjQd3klO3i8khQnQHFQeyD0t+nlC3uBLV9zg6CI5PtuWTv8rCZMkJWxAkbO2EFHFoA3QbqjaKzWE9GyJM3egfItp6jFI4wXw8AQXYCfr04OgyOCmhAay6rwJ2dM5DlkpumlJhOPdXJi7VsAnqWRsorIPJUCJMJQ5JPK6XNRgPsjkWIWZajl7xcPxkUT8YAkUyFZfKNXvqTbyIAYcjXGmmOVKdOxrpRnpUtrAlEqZaTHWRgV7RoKDmkL5SXI0prvEUUuEhVuIVx7DAjdAfke0AQf6YgDE9rz0HVHLT+AHc6Fbxld1TiZpaZFCiKW5gGXcIiaknIwQVgadgYASxM+QJSsAIUEjPrSYIqhFA+nF40KV0qZsQKQzg+aKujauVaanvrB/Hh4wHn2khihrTbjUEjqDJKnUnKaDSJokouABWGR89WKVIYSBeeZhTe2ZJE1FwBIkzBEUkIAyVJLEZqT0PGcm3Fv0RAt0KiRgsYQRXT05uKuZhFxPJ0fHx/PZ728uHj79vbTw7I/Xb37xS+Pp+Pj/UNbTtE8op3Ox912a1paY99DUMy9ipoNtiwksGgWmUNfAo/qgRaCIgMUJlaaiA1j2SzeAq5a5vN5HEZTndskIVZUB3VRM9Hw5r7M07jZJ1UkMZhE82FTDHBvtS1qMs9NNIZB6hRseiBai6rFvvv9b+eX30hMkWZ8Coc7pJR2rrVFq1jmY3N/e/dFXVoZShlK9YXb6Qp51NaKqURsxwLB4/NjEfHFDcsSzZdZsXs+HZrJMF60VovWy8P48PD05S+umst22Nxc1m+++cJbLB7n2i4c2+0GELhfX+8l8P6nT2WzhWO/vXh5etqMA8REx9DdxU4vLnbF/M3N7Xx+Nm0qmOr54w8f66jFdNzY0/PTYHJ7d3t9ffHbx1YQiAAAIABJREFU3/zm5f7zeWl3d7dPz8/u8zLPX777stXWqn/3w+/CcXlxPY7j4WWaTpOIjNuy3427rWzHUG1oIUXhLaIFQoycR3g09Jkvjo8lkAzW8ZIaeQn3FjkcmlwJa2fqjdFhMFFQDv2StcpSM0dnCOfIwTOMCHKrYM9L+Q8iFHyubuHUKQAkEAl5JTOZJGWVET2idfQuvf3Adj84BSpCBT4pas1/m+YL6aXQszy/YKT5Tl4W8VmfMchpTAr/EmCRp2ac6eNNicBTtZ0/kteWWhXpDLkkFxfJRVIykb/bV1IbXKckvHHk5FO2sn7x9dGkyEIIs0LEZW1/MMqn6JFiZOXyp0g7QE+NQ6bBde9mNkqT++KdRaCfIUS2bh05D7pC8Z9pbXjWnE0V7X2AlT+GdATIW9m1PTzGhRrDoDdPCo2Towp3Q6SzUo5BwtQEaKTJpR9hwhuSfXluJEiKJNiiNitb43TNbzVpM4rRBdGaKsS9hqAUjgpzViuMFS15ZAnO5hi312QX21TFuOJEkBYk2V4PpXEERIybMnlnQhL1ZmtISAfClc1nUdUUbbCq6k186mCaSFKnlG2pKDX5GhAVM6Tfn6gVMbVi6tTpwlVsoLMMBe0ikGA6h4aqhKOvL4KYhqOAqnrnSGis84ncNO3c9kUFOdHxqv6N7sKFnB6OqN4tUxJBsduW48596ysLv+4pIOxY5FNIgTzFwmkYy7HdnCeGRkA1uy58FprnKbuiFBRJINQUEVlc9TqeGifJ9zkbO4yrkoMTvCS+tsQnHZenK6HyhHEuhYvczC116dq7leidhEjOxLIp2RJaInLERwSc003tn0K6o2t+ZxekxxLDBpXQkCzMszLJMCP9k5OHkT770Mf+JeNnys5CJJWZ+YuQSB2UBNIKLaDB2dlQDWGjLt+g6JQCeuXKMOa1F5T5tofm1UXGGu3d1eRmFeLdmiEfCokjbowVgMQrZ9LJCyW9JSrUaASZL6ROxBjZcoEbe3eA5IisCyTn5qwnqL5NWRN2I2sPGnFGrHlIICTENCxyh4MIAHWJTACJrgDAggvR+B/NtMKimhGUN07o9xjB6sG0z+0wbEIth4AhEuA2wJwgV6ELZ1arCMJi0WiNLytfMXYB3Zspd/gV3qt8Lsqq3PNTBGoUpRgiDGgKR4NyBMdTyAWoFdZCqlKEMTKPZG4A69ksp+Gz8JaurVKlObHz36YVZ6RZiAQ44QfVbrEBUZPmLhrcKsACSzLT8nC4RPZoc+AlAU7zoMTNAQNaz888WAjJ7dC9AUhOPgIe0YjSAg4NC0OuM2kNAffj+XSapho+7spmV76JmwrTzcaG8vDwKN4e7xcb/PDy+PDw2e7u+CIljwe3UlSl1TqotlbrUjm6ov2BuERrcbHbhat7NStuIqLNa62ziFIXGvBavXqoSinD1JpCl3Oj8IubCgApxdSULnnFrCFacxUVVW+LRYtaTTCOpopW58eH+/1maNP7+XQ/12VZ2lL9YntZ6zyd5/O5znPzmjTTcjpM2+3l23dzcyuiIa225hWQ7WZTo5J92wzy+PQs7vAQj7bMtYWGuleV8KiXF2paisnxdDwcj61FKZvnl6f7+8+ff3p/eH75+hdvlml5eT4i5HK/H4dyPp132+HrX37904+fxdQK2rJEwZu3b+a5tOrb3W63255OT58+fVa1i/3m4/uf2nm+vLicjo8X4+58Or55+/b4/DgdTudi47hp24ulPZ/P0+7isrUzmrSmw3asp8PVzZsv3nzx/Hh6eTyYmbsDDbBxN44jVJzEKMLFBA6ER+NbnONmqYPo+Kx5HnLoykcHSY1kOAi+FT8zb1iZueisTHSGvPORTL7BaJ6HnaswSW2QirGgXCe6rBIQTyoj8bazBiA8DwEJguCgcg438P9WXVOCTaZQSDoISvZWG99TdzZv0d28+3CoduEgKzxQORPUJbh3pSutHEljphqqJyfu9emwON/tvriAQhFGbYSkk+ZK+iRtHiyG5BVAZ5//teORLPxaTXR4TRbc87PWUQEupEJyEuh96J4VXu2VQCKKpRVLFKRAmldOfZL3NgxSACmxDmxEBFLYmcVn/mOPfb0hH6kj+FmtEr2YJJPX/+qMnaBsh+LhzcOo2ucPUUQIrEtHgC7JpoJbC4QDAK/FiKRdfWiqpXshpiwpvLmTX/SggpsNh8i7ra05ogEIM4Q4uI9Lw0lT9BTHdjBEVK1QPCdcOkOU5KBRpfYOF0Q5V9E04VHpryPfIALBUCsCC2kkobo6V+nCnxIPFQGKlgRx0gdiVYFmbEFomBj9y62XJqaFT6WocCSQ6vcsYMyool6xHlEr8WC+YBbchR39agLs9YtQi+JJzFH/le04yvu74oneBCw4h8z2uqq5yBCjF3uSgMcN/XWTEIVJroomgqLVZVejgRk7d1ho7yUAIp5+OZ3dl07+8+XhI06VimSJz8pqLch/JgVJ/lCIQ1JqGb3QJsbsS8EARQlBdI9ZsSR9jdEbVKWQYpFcuwANCaGz7mpd0HUvlCJ1RkgzAOXrRaAsbL95wFKdnMFIEhZgjax97CefP/DqJKb5gznGnA+Kxw9dVCVdA5ZajbypCYnZk6CoO3ophRBF1igpmcpC0NAp+t5FSwAN9IalEJqnkDOSNk7mlc8rmZiVJVpTSZ5fyQIiI6UAOQid/+v54xm1ZC3fMt5Ipi8kBs7xYJqW5gEPleiKW4SDlqZrEoOI9Ml+vlI5YsEIG/1eSe8zIEjipt1z/nsmS3cP7h6P2jqzRtBmnW2SPqASELre5yufSzvFBdEgqtJAz+F1iN5VOKHggEbjFEhjSafSRNYTGby5qQMSRTTyOVn7cQpcPDw8XMOUu9Ykjd3yD0sWa5LiA1aumQU8nUCp0WpMk+FZNkququAty14Asp6TNHNgkuMzkJA0h2giilddGmIVCCMcQQ1XUMyl/LWftceNzY7gP4EWb+G9m8l3cXVRr1GX6jC16q2YXe13onF4bh8/PP71b97/+7/98Ic//PT+p/fLdPY6oTlMzTZtmeZlmeelJb3pEQFHq9V5q5sbPcRy9563VtXG7bi1MkLUZ+ZRFcC9qiLcz9NJTVv1cRyLq0OaYyhFGuZl0cHCW2veWpNWh8FMh7q0YdyilLY0sVJrSItixVtrywyvRcXrEl4FcX75eLr/cZ6eyOaYjWqm7pAZ8JCmwgF0N7NlWVoLVWvVVSwgi1eoNq570lg8WsT9y4MgmrsWrc0l0ESitnlZdpstYkFIa6UVP5zOc2tqep6m83Sq83y1Hy93Y52mo8jLy6EtcyljrcvhZbJSh82w3e/Op2MgBh2m03xxc3X39m63303H09Pz9OHzk0k9HXSeFzXs91szuLdal+txOA6j1zq3en1zNc/TdjcCuL27Wequ6Pj4eH97ezWUzX5rl1cXsHL/8f7uzc3t7dXLy7MVub3ZX1wMYhGoagJT9xrRumI5dRaZzQICC9S+dgYh3jXjDWv2CsloIUL/5Y7UGIyJTTMXdxqePyY3e8Sq48gIqGSIel8cnXAhxZjIlsEnfzbbd32TTOfIqb+jijxC+9sa3qljOhFCZB3MBEK4uokJKrAaEIGWXpl4Qx2IPo6T9ysAIy/Uux2smPr2+kj7y5RkJEZjLNasQPI3Zo3U66OsexBrd6NTI/yEjIgeES1ZK2aXrDvSRK3DjU4wrIFszWSBLlF9VRYxf7/WT8iP6t4Gif0RHX3Lz+iL14fRZcod1GPl9j1bB1ny5T1hxJfXkYdMTP6aiLMQjbUokkTmUQZTp8ckjKaIWfT0L8tszP2u2k0t8kEJaOtO8z6w/5HmNcLw7C0opQ0OgeXDERG4qwPeojnpfBnCIldfoLqrkzZOU/BszvystOKjGI1gGkKD3giwJ86txiF0BDGx5FY915dCxdJSHADhqYYqSV3J/EdZLd+6SPdpArYkybUPwnN1fTCh00Y9DWtE2U0Xg6kpiXTNdS6K3LOEbghqkkIbwpQA5bZAzs0L1mn71F1IBA0b+xvBe6VkviEEoIFGFSzrWNqxhvTippPTHZlzegVNuhQ4RTzZr19pWLYCQro+CAJPbjMHdbMzSWlBz/0qncEmkuPzzOYVp4eUCmn0+rUPtpBP5uehdyoth0wBQdJpr5wz/5JexiNIUYs3p9o/Is2B+cpmuZ7xDXAFewX5OaxQUrqAzhLwvXEAYeuzUI4JkecW1vpZKfFPWEYmrLUQRwjA4584iK2B/lMykURvBYqwZZTgKyTLYhZC7BjwEK8hFb2IaPxXuYqyd2fW/nR3RyMa5J5ulqsafYJWJCsk9JSSt7t/VDbt0K84vBPo6H3kHmqlcxDIleqBlIusKRHu3fy650Os7EVnb9AjeXiGwRDnor2sRZxRMtOI58xAAkUSM/IargOMxTwt0j9ZEPS/dEF4hCNEGtb7J82TM+foVGvhyEEImJGUC9qIRTJ0DHTRh+UkxCXdJoTp05gUBCoh7KBSU8YO9WvoD4gjXI07TZCxXSQU0qQPTWu+eILeWAvKliQxNHLULJ9j8lUBhGt0jM7sk4R8Ptz8EhlkO5kiCYxCAkr9rJNDy7xFS+uMT2g0IHIJgXMbUp+zdzRiMiQtGHwgvWDrDqSQ9Lqz5HTc4WpD86VOs2Bfl+n508sPPx0//HT+8funh8+Horodynz01lwlWquFEszAZr8LtLOc2tKa540rnOrQUDM42jyLqo3WEKhtHLbRQgcZh61Yac1F4UtFk+ZNNcwMYtvNLsbd+XQOTiJpU4N7rbVVR0HbjMVbMy1IJ+bW6lKszO1MedWyLJIyzmbq7ss8ndr5sc1HU2uzz1OFRF2quGqUcA4dYhDrbhxtqXWzv/Y6RTSPiNaaY0Z1d5Nx3Oxse3FapuqLS6gO4upw8ZCiyxytRbi7LJvt7uJit99dvv3iG1j5/Olza7W2uhm3tdbbm6vbN3efX+r2uHz51bsPH+8P99O4G5Z5ivBxLH/+Z396ejk+Pr2czx/GzQ4x78bt1eXFw9MTvC3TIghV8YZh2Ej4+enp08dPAXf356cH8ebNi9jhND09PF1e31xel8Pz89PjoztE9LvfHy+ur8tmOJ3Ol5fDuNlsNhdv7+7ubi5ME/Jx/s0TT1NEtgYZgcA5P5fifkaiQG9FJ4ua5oERcEa1rNYVK15NhpMgUnv8TW74Z+8UEuRwqioD46ooEkG4ZlciY0DOybOhKas6nVHKk44BZ7wii4P+efyI/rZ3nNdff/BuSEifv4x8HRk12/oZ+b4mhvCMDtKDNCsrwoLoH/IaRlib+Aq1u5ooi5W80Yg+C5CREki5Rwbr7NmlRLj/sfhZgbZ+B2QpFclQMZuh3xF+oEb0kU7xBPnpXcp8mZ1d4wKA9V5mlwNrXlufR6+5EqH0I5KKAeaovP9ZKLF2ayvqQyevMlehP6ie+hHoYt0ybI14vEWEGz0rJV45Vl5i+sprZzUTHvMThQyoR9IhETm97XBveSnu3rpBK5BWxgHy+8qT4GjN0dzBRdtO+7k8SiwfVJIvA+f+hIshQT1PV1RHH42m24yK0acwi+7cqCTZxRBEwBLTQwONrYOQMPQtTACEWttOlfWOkva99UpphCCn6bgmSiVn/FQKVUpE+Urin0xaCFwp6F2n5njlESFp9wiaD7PC6TqfLi7UFCmGIP18EJyi4LWRO2gIkwxVnPAPEVEO5yF3TeUBTaCrdNHsZqD9kUtODEqCOkGIqxqk0xkIkbQLEEgHhaS0NXlW4tys90UAdjaRZEl/A6RFR2qv8JJ6u2wq9J8R4FFA9EZkjxNJR/eYjDWmd/6FBxcoHk3FMgoQrBqbP5LRCYj4+exqItasaAJBHVXa30tXlTDQ9LCFfjn5DBloNNSlE+C9EgdBY3dg7nIKMTZbYn0s1K4hZTAMuAFR49eJPivufGfziRpoKi29sNe1H8thZX5b8jhJ+QTDQv/xygjVDwiEFlw9nXFrowAkC0KQSzYQgYZ1ryXLBSTBsk7BOUuJn0v6Q+paLxDpIe+Mrx0kZhNvGZhFEe5rcMU6++CJtHVdaSMRzalFyaLREZpOZZSaZL3p4HLH8Bbegk1NukyKcJ12PoRccaL9/AAVnM5Al55mdqhAC85KRYOHAk2o0HDATRCKdDNKdj4CodyywtkseHjtjzgkTRaCwzbZ787XMviNkjRLGaqQLZSfsZRg/zB6jZ5YPyQ80GhG7JnHe54mM5eDb/n6JqoPjuoFugGcMI7Ag55I3LqAcFEJdw4bh4nAXZD7qiMJfgpy8v0C0Dzc4aItaBSatyWAiKjNHaoRtdZmpuFYJjTX29srb5vTonOz5+OEcbfoh/nlaZqevC3VfVlq82ZmOpRSh2Wu1avGuv4E0SjVUCmWw3XNG/w0ncpQ9ptrtWHlS2vMHq2ooFi4mw3kO8zG5lGj1cVzqACtjEafKm/RUNUUaI5o3urSaqt8ubw2g8zLQie+Whc1OS71+PJSZCmwYRilVYgcp+PhdJjmE4cQ6JPugsWjNS+KsPAWKlI9WtSiZShlGOzq4ubq8sZRYKUtraBAGqOoN6kap3lxPW2H8avtdpDd7Ztvf/X3/qLWpVVf2jKO43Y/evPdbhy3wzDaMp/NUKzsdhehbSi21OXp4eHLL97Nmyby1MKX03xWWc7Hl+cjfJnPh6GIt7rZbVv44XD66st342gvLy+1+uHlZZmO261tt1uP7Xnyl8eX/X43bnZffvPNw/3Hp08fj6fT1eVVGXdfvPuiejsdn59fjiiqUrmMYSgFiNoW456QDBRIoAkBd/1oVgGaKTqBWG918Q0McCNn5qqsE7i/SAKh0RpHLhmlQes5ilSzm8rXUNZaASK5txb0wAMJ59d+Q6e/lZY5HY5nqkqguwpaVtxLh/B03Owwu4PUWKX8QCYASYzeewVJ+aUmwRG5/j1SsZKMkHu/PZkPO6rMxNVp/FcYDqiu3pie4T+N9tGxnOefJxLOYV/5WSnVWWxkJCaWyspLaIHkQVMRsqPok5bo0DoAiKcbBbL/nRULgVUKJ3rKkJ6mM7TlThes6L7DzPwmpNNBgVC/AXyAq8HrOtIBEZq8SJaUwvXEGXc72daLuEzgUba7gaTwSB0r0NUbSBlIiCNUxYTQtgvYsutKZONk7gXWSWUeBoki/TJpRA2EwANDEJ15sE3AQ2iN/tXC7ODhXeOVKyyCi6A5k8AvRg6eLxb36vRnIcmDdkQiAuuWOPkmJBdlHdKqh3tYutKoGDRLFUCU8FXYiSLYowymE8V8gen6lw0ty0E95Pp2CREYl9oHNy9JTgSDbuu5exVc2WrolHGq1hT2+jB/pnmVtaXVFWLkdAUuya9Hkg+5h07Td8xD+ww57/T6totCkBJ/fi5/AucY8yUUInZCCc91AH2WtXeobH0busY9m3kkj4lWFRrGdpVT5ZU1D9G7do5WutQvIUU+arIeosj+iOWW6K5BSAUmuoRRk5vUDD0JHCEUPSfIESg3PTOs9Y0tOT6SrGenGXSV/0d02/IQ5EIxASR609MzFvKP9qqAo5P8en2cPquXSKzz+hDyCKjQ6KD7kUGSrw+PzrCwLurfPcWfkrtjAOFdptAzhzN7QSCMOznTBniI5UI07v1WRbQVuUua3iVFJBkHI6KytxLicA0WdQx2UZGy0wwdjHKkfLyXZut73f+3g2seaI+MjGkMhJ6OAjmNRSsBXhWlrJl8uYycU0vJt4AdMpfeL+Af78UVs2nQXh/NGe38dQwuIkNmIFcDJy0TAY6tg8g7iRtmJN4Ol4jGkR6JkEapK8Q7JY9AKBbAwNdBBMGF3wlwARE0dw7zYMUODnLhjQ0WviraF5F6NLh0sVh0ComPtKN2RI7MZIGeKqmI2ldo5LxJTzboFF32BwRozJX9CMu6IC6pBCQA6W68IRGoLsYyivanRPasQFbRFtvkQXmQcNOfJ64ID4Qjl1pyuyXUvOF4PsOwu9q0l+niZvgHd7/85tdffvfT01/95sfT6fzp9LTUiojjdHh6edxcXFxe32gcAFcJ+AyoxjZUqzcpVkqp84KIiOaVU5+xTOeIoW6XYRzNBg1vy1LUltpc3ERQ1Iq26rVW0UI/f24gr9N5XuYSwzBiXlptbqXYoONmO5RxntoinnbVETbYcq7MtefzdD6di8lud/nU9Hg6DYbmCzfhHE+Hw/Q0e7P1jhkCKlbERkYaHTAvBHNogKo6ZLvZffnu29uLt8vc6vKytEoaPtGWuy7zIiK2LdvbP/7zf/xn//AfH87P3k5f/9Evf/rp+XiY3nzxdrPdQuTwfHp+fG51vrrYtut9q8u430zTAvdR9XQ8Px0OTbWo7fbl6enR2zKMg5kPxcNxnqbzPN3d3t692U9LqyE67sSrWWwvN58+fZqn0/Xtm8urCxcJj9PxRU0vLnfzeX91fb0dxufn48vmcdhtEL7Zbm+vry8vN+7t5Xgy2wym6u5wwCFOONbzbA/uJDWYMRlt0gAI0gG1AlhTWfLflOR4vhrkUzIkp0tZpOEHh7Zfa2/RHjVExNOqP39edhCTJgmS752wJyUkumqZ1uRAQOGdEOe2pwhANdxTI5DLSgTwloMGHHJfoStfesoB0icuUVZE5wb52kaCUcZpCiF6L4FXED1YmwiVMSxmElfEmjOpRxVB6nFAGJDhi2hImJR7NFwBNda/PONRD5fC2b1kLrxzqABV68mhUxrU8ygvLxncXmx0HN5/Fss5bo7JbkdWJeKJ1KTHzH7IkkYji62Z+9BJvfwr7z8hc4+vmcuSLcYKrzUQUbbj8Lr1Fkj/vp6y+TsRIpbSWghMNbFIZPQl9GtkjolKPSLco3W4o3Rb58lM3qfTmRHaWuN1O/uICSayi8VLAKQjOek+gKRBOc8VJkpjIHqHSB8ho88pMgVa3phsavfxRXSJV2RJkRynaLdmlK6hJuToup0+qJ5HfK0HlEppVRHts7M8GKJiHBbu30U7mk5bd0FX24qsk6e9W6bCOTyPwLoSWvLtjP4mar7uknMIfK1Nw3sbLVL6JWH5OmY+FRMVPk9CcIYuJHPR4T76qaS6CYJoktaNHesIvRmTxWa/XxIJeIiLWHZY+/wNmTwgXKXP3oYgHIwNLFQ41897zfMV6MP1gYqkmPNAvzolEOKlUyA7SsgPTLKityJ1fZ89aR0AcM2LRNZnifT4nqZaSDrIz3jSMT7yvHHRVp9/IsNK5sFb5AxAcha8bxl4iMJzDkX6REziMgVWry2CfUZemp0i546SCyH1S2CUQkJ+VO6ey8eUxTilvRFIsinS6yCkwtPFARRfQzKk0vNdk2yAIFj9e86ziecIHU9TPx0EpJ33yTFP0v+1e2orEGjRsj2Wv92TaBFP6sU9m6k9LEcPkpTVUJfJT/A1f+aZXm9Fjwz9yfYW7utQM/NZz9P5acY/DMRqlBDeIMhKWCI0PJomMlYRWgmCdgzZIEevb7teIDvxbBoyNdGBKhyQJkHDIkgIrAN35ARZKnAiV90BIY3EOLVOSfdnMBMEjVTJUa3W2enfGuQJQzxaP+3i2tFMrNhCAq8lVe+LZQzJO+gONldIQAjCvS+kjpAICY/qUThCIPxG0gSCcHUNeCi0Nz4iKZBo3kACKpD0bcbUTCbFBq7m3WyjXO120ygKUW/V/GH66bs/vP/Dd+enT75MiFiWWcym8+k8nTbzhYSgNVXfDKPGyLupvH6otxBYUQ6B1oB4cxsHjbBioiqhdZrDIVYgDapEG9WraREx12oSInp8PiO8iEo0RGt1GctWIZuyLVqWeZ6W82maqZFwr/N8jgiozVNrS4tWo7bWxGWvVs/T03E6SsQyz7Ut0aToIKyx1CO0lHGzudhu9sVQw9OMkupElVrroHIxDn/xZ3/m7v/F/+u/iMDL4eU8VWbsYdhsNpt3d1/cXN/9w7//j//Tf/m/srL77e9+c//h92/e3Xzx9Teb3WjD0CqsDK3hPC/zuY5lvNzvXp7O4zhux6IQM7u4uLh/fGpPz8VGU314up/PZxN9ObxMy2m3GS4vLhx4en46ns4icrG/ur7aT+fTj4/3dTodp8Px+dGXC3fdX16563ixDW8//OHHy5vdOG7C22k61TYfn1/2CIFf7fdfffX27mY/jEUgNpRSgNq8i2Z41L2/2hGV0SVTiXSCIfLdlOxlSWhSEuTx5JXRzhDe0zbxT1ZcHfv1JrWk8IFpkiKSWLOMZJHb40YivldYGyspQ3rZk9BMpBh4zW0cRta1noi1f5Bgof+R/IPBpnKIdL6Uy709ID1Tda6DS0nQ/yjQyQCGONLYaz86S4GfdbqDlCgShUovCrzH+WQqmRyIzxhWkABuhebUWbKD0XG0e/5+SDJWfKdfW9bQ5Hg8azMEIdKKAHvzgfC+O0ryj+TD5iNsWJF5xtlMV+QQwb0FbAYxPjK6JldLyoijT/045V3MCT3nOWnxs+clQLp2lnFr9NmOlKJE/ykByGr3AUTHpFk9aBrU9QQu2qKSYmpOOCIeRvSSObrl6hymAtDejxfr5gg0D5EWnlPwmXuQUh7v7XmE0hS6E6Kd2oUax4K9N0JIRqt1cQ6PCj3ztFdp0nMVif/GeQDpZ5wnL1sEbCbkGrkVuJtkrbjiNmrb2SSgWVgvSjTrKVlvaBeXIHIvE0RU08wuwH2/oWR0WSFIRFdIWGdipUMQsqB869llSaaTbfOsE7oOcKWTvXe/CBd53esbmtBLYlWB9T+drGi4pjcO+i8l5FqVhfn28ozR1tWlKwqdBD8pBA9AuqwNgVQS6zq7n8RkREeka4eN10TOgv/NNlt+l6ykU4+W0C4ShqG/ZRTxIEV6HY71mYSc8ndE7kJkoYLkedcgud5eRoisUfo4aOJ7FrKBEE2PS+lFb3ftQroMoN+IoH2Lv5JRHboK0vc4eg0gIO+JEALb6NUWb7j01Tbog0IBJ5BCDzuaHLrwJ4mLAAAgAElEQVT234kMcBxZiLXypNN8eITT/EwoZ4msXtLdIn979DhLCS055YyTPIRZnAUApcq+j/ZLCAXeyCsOSJDaBVAkOZuVYvfOsjBXtFg3lKyJDb0dzf/VQL8f68Bx5BfJajjTqQRXqwn3wkQIB3l5R3hu8jy6RBpDiIgjLBtIQGhI81SQIuP7muwlIhpIBSAvWhAubhG5EaEL7uFoWtm4YTuaqY5PITHwOkWUPg1J/YWoB0wl77SoaKYfNleQIxne2fr+avfWxFp3rbeV1aXTak6QC9zWw88/Rb2ArsQpRNaE63SacedLItq3t7u7iaUxNrj3kTvSOfruKTOKyDKWr68719pENO6aGa2o4zTJ54+n33338Py4fPjw8Lvf/OHT9z8s81TnUxG17Xaw0dTg4a2ZaTETjNECrh4+z2crA0JqNFFFcw9p7uPIHXYaHnWeh21VLXVZJKLWKqKhqKcFpYylMII1n7n1vIuodRi3dVmKqnOLqHBZjZynaVmW8KZiaNGWZTA0mCC0FA2HRK2TqIz7q2YSHluU8/GlxRKiw3CxiaHpUmVp3lSGy4vry+3lpmjUibo7pRJBsxFnwG7Um8v9/+I/+5cvL/N/9d/+l9vN03w+HM4nABeXV3dXt//wL//Rv/gX/8k//4//+X47/nf/n//69Pi74+Fh3G4/fXq6vL56c3dTVM/nWfVchs24Hc73jy8He/P2DnZ8PDyfjufNZmdm281WI4ZhU4qJyHa3OU/LaToOBar29PTy/PIwT+fNuDUrtVXASGiO4/j4+f1UzzrL6XwyVd3sQ2Q6L8viH366v31zubRa3VvE8TyFSSnQYWsqzZft5mIzXhYNQ7jJCmNiDSnSBwHc+5uVoQJomfIhbC3mG+7JbEJWgifZ3+iTjp4tAnHhTtpMuonOId2hBoLX+QGAqwpa79JljMq5gPwhCfUlIfgKuxOdS0BFw+EayInTXsf0gNMpBbYgso/RWBpoLy+y9EFCa4m2IgGmNZUcU05oSUrfX8cO0GsqrIEkI4L0NNPTngO58CW54cy3WK02EZ1oIF6Mn/29eDDmkPGI4DYXVmygHEhCQyLn1CTrBxIy2gffIlIK0R9s1huZIaKjAe+PS0Czs0DousYeklMdsX7RvI+sf4jatcMa9KCez6f/nOiTi/JzkJcH62f3RiOijKVA1pKG+J8XlEL7VE1lwhPS/5IBnXZypNTCUfh9+15hGl1RcmoIkcGdJzXQxV8aEd7Wr2ii4ohweHjL3QorIA6YhrvDi5Yswtht0pwANcrxE+NKZmfppZxwZtkh/Dt2mejeodm7kOiscZZaHUAEWwDSG+2sGvn0S+pBWudnUyCfQvEuIFcVjzABB4SFVRW/AATRvfj5H0tnEw6by2sFxzMffXKYkSA8GgW6RLcSgFHm2xVmSEEH0ZKR0uzzjkQC5EIF3L4nsqIN1uGRMxa93M0YkgsY6LGeTh/5rwJMvQA4fhkhDa9lU3/NLUlDyaV9GRvSxpQdKekyuyy1ie143KOrDhqyU/RaBCFvY4HEKvheqY4I5Ox/F2mg+7v1QiOXLbLh5CmkSsmckP8OWT1OsA7hBES0l+rRIoPVaxjrwQ6a4TxDofQJVBggquKt8TUPHvkISIt0BhTPzSiduiCe4guN3jheM0Xe494XSVqfHHqLlhAzgFCKigXZi6OhfCa/NNx0Vmod64Uk4czrcO0okzKbHqVycIr/xG5ERJJo6JdLnBrJZqVQnP+GtyijFpFgIIhRBH1AIH7O1mRWEuRH9V/MwJ6M2VrSZlz3HIrOAsu5iwSI1Nl6hFBoFd03g8OskrqpcI9Q7rGT7pIQVBIye+aYAeCQ6ljYsO6W3ZWvj3vztiCdx/NROhSx5Hg+Sy2+qtmIoStn9GMTqWRACMLSBIqTvtJPVgics1FCpA4A3SsXK9Rv0XVTIsjatkMFVp7ZfBILNP4hz5kQfiKXBrNm8FXSkE/ttWomFkn3Kaf7OAKF/gaa6p9cjcSj5OiWF9EPnLN7A4GknoFNkSxW3OelHl/Oj4/zdG5jsf0ubq4v7+7uHp9enp982Azz4Tho6S+on87HsQBqUcM95nri2xQNYmhLGwcLYGl1GEeBOrwU89am83nYTsOwDW+CVgqa1yJaFabizQUhahExlIHmUmZFBwxl2Gx83GzOtS51qRZ736qLt1TGiaChRVQo2rIgMJQRbV6W88vLQykbtaFpsXGzseJNxIZADaiEqU+IZQR2m+3t1ZuL7S5iPp2mJBCdSjw0d1oVvRyeP73//W6//xf/7J/94hdfffz0/tOn9z9+eN8CX7z94s//9M/+/l/+46vr27/+d//e54f//n/41/dPjzdvvthdXp3mKi/T0+PLdreD2LxUqAqat9paCDBu7cquN9vN+/efj4fDt7/84ttffrNM9fHpOaocXo5lLDaM59NLnePzw4eXw+PF9qLYi5VBRHbbobV2eXn54fnDeZoB7C534TpNJwv5/NG32/Hu7c0P3/04HScRjJtxGEZWU7e3N2rDfjdudyMEc52HYUhCCsEk6bR47iFdJH1pIinBZBc0dyk1QNlNDg5oI/qea8/J3FcEnvjfEwum2uFn2YqYKrpFZmeXk2329b1hJd6xAX2s11o8E2hCiugBHSuS7JxY/mP0rNQ/Nl8drP0E8hodqEkC6V6oeLaFU5USPbO/5ltZP8UjR647spP8SpH7jvvFcT4BazpZbSJSEgVBn+bqgCYbBjld/YoP0HkNV5XOP3Y1NZ2gI3MzyVSWxKkMzSy9XlZPpYnjwTAvsR4XRmQ+wf4ImWM6O8lisjvw9T/m0m1U1+oKxANrqdDLDXShMgFJf3yEI/1ak38p45iSmPwdEMnd8PR27bx1Sjekb4V0yUZYwhwqMvNA9K4RnK6wxakuDSUpHh6teWpxQ4JuPVxlQBN5j+otXheV9q60cJKkr1Nd2fIc9+PfRqCZlGxyWaGUIFX7EEiJbM8BohJFugte3tL1kPZSl8UZgYasTDEkF+YGLCu4ktQ/YUwOCRBz0RJIKNpVWhRlraBqJFmapGG8cKS5Xw3FDLH+CiBGOrcTzo7g6I9BUtsTOZQZ+cy4YCFI7tNY1fqrF4XEQK5PQPrkMGt2qlqAAJskfdaHzyCnTiB0WQlRk0BwEU8WqTW1cusJhHA/AETWqR1GwkQUBE9oSByZ+AzUrAABy5dLojuICLnrXvSxqQUPh3rz5GgijUsiqXggmhPL9pjKUaPo9VCK0wF4NEkZqCe/kAsYPZzkKBU3mpzQajeWUa0BfYFwdPRKVinZWXpPeG/ZVohwuJtzqhLSdd49QAFIfTqbFpRjsaaLNVagy6lZBEBaNncylTApZTGTtUijmWGC1fiZ6Kk/DNCNJYf9JWNE5wggeL2nHhXdlc3zevIk/Owfu18cK/t1bWuIyDoK/DNty6qIzA7fyrhkJ1P7uDnEZc1g6cyGXAMszgYuKQ8OK6XJWC+FCOkjC+o+WZdNZ1J06FNJYllgJUwXyd0j2dTI/iXnWNzFqdFl4AI8oiVY77SYMyp7egf15psy/EEdnK/oAjvt3rYifWJI4M1DnHpdFWlKMjmAtM9PfkMD0kKsR9igVKBvzFCPdZMkD8Pr5rtYk3m/aVmE9IKXp4t5TbTDhOxwI7Ngn/0XeaVYVCXgbHslvJEQCeVcE7tLgqhNOs7o1WK203qSZCDllJdFhLdWaztOy+Rxcb27vLu+fTz+/vefPz6cno/nWtvh5VDrNKi2pYXNy3Su81nHYmU/DOWEw1QVTSNiHCw8ltaslAj3cBUxM4/w1qDFvXoDAlYGG2pEi2UyznO7h9fzNI9lFEBk2GyHZa7LUre7UootSxWBWpHZoaHwaT61eqqLi8BbXRBAFRNfmgIirireYjofjy+P293VdrcZ1F/mg6DuLvaD71XQop2nCWGD6CBysRtur65N6+F0gi+ckFZVusaGtCY+oX64//iv//X/W9G++OrX/+E/+Yvbt//R+8/Pv/v+g0q5vr789ptfCPzf/uv/7unz96fp6ffffyzby9sv9sP20sUqfHe532y3N3fX9/dPtS3LspTNBqpWpJguz4cyjuN2I+F3d292+4vz6VQ2pYybh8ft6XyuCnWvtUFtu78CcDwdbq4un58+my0X+93+ciuGcWM4m4WN2/3bd18ezvPj4/P1zcWpTVc3W4l6eDm+2727vrtprZ6mab/f/vLbr//er+/2e5zOTyqLmRvaOHRnGuoLcxNfF7Y7RINAF2y6sVvYoyQzBZSLcaOLUIT8MQ88CQnWkJlUe/7oI2O9HGBuZFcQnbJI1Es6CwljgP6mIPIiwVjur+03p0Fxb+iSMuhoPXG/r8wIPzkbGdrtaFasntpAZfNe1r0xa48TeQPZ2IhOyGvW7syjKZFfI0mnL3svNwsh76A+CwH2ltfcIPhZPApSrbHySikPzVQD6Xwi0g05q6psHkjEuqIrn19KmxR4rc+8m0ZwrUynHzoEQtYD0VuvEQINjW49mopWCBDeqwJQGRwrNELkZEisJOYqGVgrkWx6B6NpJN/VC4osagIo41i6MKKPA2YiR2/Wiyhs1UQLeHIFHijrAQRyL0mHdoznvG466IZ4HuNwWEHfnJADxZmlggYPKFD3zt9LysB7wVjA7C0dMnJWitA8FQu8AbmhC5zBfX30EX3aout6Egoxk/c6TLRLKXQthcTyNnRvzhz9XctGkc4pRpLo4fxNNGnJvM3LjZT0Q1sk6E8Lln6CJCXmkWBR0zKln4ek9Dpfz22CXOglWftSCqC9AFcAloGm15u5kC0LRR4yAf+UR5arutaba+WB7tiRkY5YwHN4mWIJybc7lbm9HnbkYpscnOWdJ9ainolLZ/Jsxyp71FQCeyCBYJocsFOa1qOG8C4Sp1i5SkaTiC6S56cS5bacfs3IEr5+IwFp9Iya3oOXBuNERt6k9nntWMMzFBS3sb+X40jI0sokk4c0BBCVG10CkFf1i0Q+KVkfYp6J16Zv9E+tBmNBkaokzZsE7oQVFbpv9XOcCqpAj7sc6WXKl5WPCHhDdlvyXSeal9cI1iMQf3h/q7FGJgJjDm29xm72IHVVI4XEyowl9uZN50nkIU1zvlQVZdDvMLQnrCT+2QrNx8NIK/RY9TUD9MKih+D+ljKSZEzt+4A1W//5YSRbBIp+ZNPbg1VZsiQh0X2zWogH113JmtvWK+AdbP02ByLgTRRphINOJrl3I89gK4c/O1uyEfnuetJG+dUAsPtsa8Gbhwfq7EEGGvWdqUxASNRE8X01T8/D0Yu1yJJo/UECeHbkeKdSVNpAn5HEJZwTYrGTpbJkbng9NjnW5HBRjViYgdwBQ28errRe0vG8COKXTPARwraU0n9CQsqw0etSzsOyNDuf2u++f/9f/td//Te/+el4eHm6f5jrLMlW0YgplnnWWmurpgrTYkMt8BZAqIVG24xDq9Wbi6K5u0cZBrPSGks77tXRpXkZx4DP0+RtUYQVa+HqbRwGapfGQVtEKQZondsyt2KDo5nIMp3r4qGGtPlaOJLP7y+IotIGE5Vap+PRr65uh3HY7Xbn0zy3yUoRGcdhLIOI6sbGrZr41JbnBdMynziGrnBBsBvNMrU6zsv8w08/3P3dv0ebLy+vt2O72u/+/p//+niaW13Ozz9+/vDjx/d//fh4XyM22+0Xv/jm4urORNu82Ha8uNpJeFum8GWJOE7Ty/Oxnpary927t7e7/f68tOeXkwHf/eHH4+kEEXc5T88Kr3Mbht05pov9VtHOx+dpOmxGXeaXCBxfMJje3O1vbm9enj7VVj89fVrmj1HEY6wuP3z/QWK5vL4QaadptmFQ09Ygsqk1RJvoUgbsL0bNMxPMfr4iYWJi8gDJCAigEi34ajMk57gPgp7FCVXTND59ngngRF8DE+Cei/QyFzP0Ms2nm3N0moqFBNxzhFI6qGWSA9wzZCUuYRzo6DvfMyK35KTTHSvlPSLhqNHb6CvoCCZS7b9LEuDnz4xObxPsr4F2FWVkwsiCowUgTRIBr4kkBBRCu2rvBaAnLJIGEj3pZMYM6Yi/y5fZtJHmLh2JgPgp5TUBOmWv+YKfTVFpiiy4tdB7tIx+xzL+kwFiAiXC5YPNxO1rZwQJcyQxL73BO6pCv0Mg3eQgEb+CSnKvvCj31fpCXvVXeVo6BJVexOEVwDMaElGXUjRRD3W6AvVcj7ribc0TxUKJQ6USbqsHoAtALZPqiuUSFQIQNURE6dto+eXU09QyCx4qRLnjCxn1PXsZGf0zGeeRy154viUqdLOR3K2VIMn774qVVo+I7qBHjMpirde8iTx60kYgbawS5vOhIrIxLlBQFs+T228VRHJFQEBQiOGsb9kAQrUgAhbUgPJo9leVmzwztLAwdYkW+bNFer2uGQ9yACEfffQXk43GtXpMVi0b31nHrt+b3vv5dq0/mLCGAURehfbRp3t6GNPEBOLdfbO/DPlCkinOQKMBkXBPQpHBg0gnybuksdFIoJL6YOOvpfBvBdGCrhl3pF5DojL+iEh0zXECoYjW70lSzd1sQXIglNapOViQqS86QaMZoiLRo7xiYXTbx3wbOwHhdHbjW59ghe+oe8bTru2T8Mbb3Nbk0OkfSTS2PiAOgMrPSWlAGlo+JH5eAkvCM+g6MPGadvJ7I8cakIgw+41dLR6OiNbdnbI65RXxcTlvf2PR27mOELAclSDsIvv9ajvGWnQlh7mE6jXQ8k52CyvhvVeE2ropu4c+AuOgDy63xnvX6+WzWI2Kia5XMiYLru7L06e4AHDchjtAaHvTR26Y7iJzSe9EhQc7bdlVcGncD7K++YSyosmrAzyS2aGi2Qh5Gs8ytfWEnb8nWzAaDm72hYnV4GW19QYy67bXUQmh0ZN7Q+9KKd1RGVQcTdw69yXI72ocwMgChXUkADT0Aejk1sDiOg9TUNmvPOM54RYiBs4Lr6/Xz++4CIRiKs+MIwKk4RQjtufaxDzX2qvfrDk7mpEsY9HnxTsR16S1FhFqOpQyInCcpsPL+fHp+OHj+bvffW5VRhtnG6FGh2XuWrdBELFMSxzPu+1uGEppLlpUG8K9hUB2m52oNhG17HGaqolxSFGtDGbh1WOJqKRlxMO4OIbrNFuD+bC1YdBabJ6WVlu4qmgxhUhgUJHKpcHSXqbZiom38zxJeJ0XwEeDqIXD21InCZnC6267D9UybjyW83IyrdbKbihqNpgWtHk6tbYsdWpLa+6iEqq+tNZaQMwUApc21fo81X/713/7+eHpZne5/Xf/7hff/nJ3fffwdKx1Cp+//+G7p8OxuQ9l84tf/urbX/5ayt4j7j/e395e77Y7qJ2nhVMzRcqXX949fLp/+PT05p1tRillfHNzrSK//cPv3V3FlnlR0zIMpRxPpyNQjy+Huhzn6cWXc+g4+WKi81kPajdXV9eXbz4MP57iZRhsWernT5/e/OKXG9g0x/Pj/bxMv/6jX+JODsepNjeVsrneX16oyTSd5hoe6l63wzAWymtroEW48MVMfX5SCbS37OQJ+7eJZekTyMK1NwlUIgNFnu/IJNA7ZAhSLwludA3OjLgMyMLIjq6dw1qW8K3t18I81XWDsvbZkNRRJE5GR3NUbicQ9Wi8WJCd+3n678SDSvRef/5SL9+jX1efR8taoWNZ3pjQVSeTBkYkMRHS3e29w5fEpGsBkSBhlQMxEcaalIDeSkePUkjCT3usAcQbFLTmzEzdM/frzc2A9v8j6896bUmW9EDsM3OPiDXs+cyZeSdWkSX2QLD50K8NNbohQA/6CxJZkn6fXvQkNCRAggRCoJrdYBeLrLp1h5zOtOc1RYS7WT+YmcfOVtZw856z91oR7jZ89tnkwRNinBCiJQThLtyykrvgiE/8FSxcsE3RXpwdKyacf9aI0fzGfeZPEPfkngswvGbhBGlMctfowrRpGGb3aDmQ+CoooLnrHKPGgBATCQKsZIdifRNiLrltfVJKgHs/g2oWPQACTX4uhlR8pJxwo2maY7ULIyIREus5ccRMYFT11WE+2ZstWWy35rDHOWWCNV0ZO05kVSiqSNbmrurAjQlep2ESB0bsGbM+OgfA7DsP7NBVVdlLo2w2LnmThLrmMhTWf8weY6mFJQ6FASSQbSqI7jqQOp8IWKUxOAqAwn3F8bqLFO+SVFWtaiU/jhoi4rH6KIroUn03s8moeFGL59tMQcGR1kOLvdXrpCkYDlWj2yhAilP3aGg9Aku20SYao7GsGI9CCy1Ej7ZOuwsHXhKP0gqFIuaFkoLqi3E+ZjvI2V6bDBORtGuma44b5qrg1oOOhcaw1Qfi1A4xfJimtPVmEvovRJY5sHDIydnIGEI9ZeHW1M9GkwUJIohaZLd/RnNrvJItj6KY9gaJLmny6Z7khsapGP9qs+B48eou6w2QqUXYfm3ktL5plcURjjLd6tvIi8gyGNdiLk4IyRgqEFiV3Rz+cg6ZakwkDmLIPhxis2taV72HSN6KYMaNGFHPE9BSmBIZvU3x8qbJcQduJwPpawRnrdmaTTVUERkg8YOniEKskdY9qPMnEW+EtyOz1sb4RJGp005sMwxUYXVTwl5aI6oqVC3LEWGKqHjSUqGwXRuww9eqlTxDYy9r5sIlUEg8cPOpgeZ0bGgoIG28twZ2NoCsZlNsz0ucpAYhEyJunbXm5gxZRLYccOOMcNIaIYG9s2EVd4hESyTuymjhv3rqhlwPtKpH5xzTz/0zkmWqwlg5rSQAEUcVgwYVaoSEMXEs1hcQD+flitG3LGRtG5SIaplnhU447Ov+eTodZMj527evum6du/Uf/vhjet5zHpmhUqjUUuZxPHTDGqLzNA1dZua+60sRqWOZS99BledpAlREprnknnPuBVKmWmsdUgJDpPQpa7eZp1OZJqoCElHRJKoqFR1zorWKMmG1GsaxSpUup6HjWViVTqdxnmcboJagCZhr1Sq5SzVpTn3OqUzjXIqSJp7BUC1lPonUvu8ybzhRnSfICdTNInUmBo2nfalznzNx9jHcIORO6wwV4qSkCtmfxqng8fn56bD/7u17uZVDmdfbL8+ng0pdn21u98/7w3x9dc28Wg/n282ZgIbNZlNxeD5enp+XInOdnnf7593x8+fHzcVFFRnn+fOXh9V2dXN9KTIfD8eU8tkmT/Nciq43/eF0+vDu7WmcyzR+/PGHTz99UTrNp+fH+2m7PdtsNvcPh0nO0x2Np50wRLvrs4urs6wpbddb6er5+er5/uPT4/7jzznnbn+cmdL2+npzdnl1dQWqd4+PNT08HVY3l5vVqq8SdQtMXh9rmXJmY+QMh1s+UUQpwcNd81y+vNEhsA+vIXG23lpt4dl7L9oUBNoNmETwoe6kyknlRW0kSbgzcttGzSKaa1RIsMrBpjT+ClDve4wy19pUitzJWKIYcJbD/JyZJrPY3v7jMMtpZygCL1hhsH+A+rAvz0sSoFrbyiui5b3JzIDVITsvHDlXWhC6ex04d+gPu5TJLrS8e23L3RquiaaiZWZikEIt4e+W0UcTIMqfw2laDBIEkNUP+by6lg0N3K1hleG4nQjRR7WEDkHbO7S0AMmLR1t1ggbsa3BDiSKmadjPCy4caKC5gSWuyTkle6ackuM9mCOwkax+I9wazmMHgWExzhFTAGIDC5KneVQbAAQMHhv8c1lSSGuaJFVWmxwOVTGG0udpwACoo3ShTF7pI1DYgHbj0YgSk6hPLiL2XZIGJQhEqQVs2R7R2r8XD9dASwTKuogFADUhSPaVpm+2Eojsj/xpATTsYD9GNtTO0D2Y2evy26oFQ9TMvonMP7lNwXBHCo/nXTPVC4UNNXIooOfrwiu6lFD7Iz9+u0QXiehOt0P2FCaHttt6SAeYlssMmwPmGM7klLCDJ0gIIYikjS1ErDhxaW1Yws7Wy5CC2IiiRsPdtqCt5VAQF0PU5gcsaUIXsZdX4SBFIm608Sfk02a9EFw91+iKLwTfAeBrf/1xzUx6U7ivMXJFNLYmMm6+k8Cxpgd+IEXlVg3YzFM8v8LHriu/0F/EqsmYXo8mbm770SRTYzGhBmSLdmQBibSFgu0SgrGAuZcwR3D1N932qNSURUGCavNuCUt7sBnqJgye+vUxzEImWdyslhMUWKykYTt2BI5gveMpCT5tUcJFAUhoNHDECWhpPT8EOw7rrrKzj8SyhBlfvsxti8ZzqTmOltV1X24errk1tno4Fs+wRW8cAHiPvFrem8kiBr9Wn9ugUrWKFuvrZLtU9nkc3vq8WHmlxCgqIGWCii+QJg0L7yLg45BVlUE1gpsF1nvnoYNy5vY7Zk0EAqlObQSad1tt7tMoHngey9qITc5NWSIqtgMWWE7AUjFG9kARXYOA+uA7hIKYu2QlterSSNS4qRU4mpDwEyzW+EPWKQKApLo7MjdMlKpVNtUC7jfrbepSN0y7Z93tT+M4jeOJqGy3vZY8H+dSRESK1InGucwdkaqe5jkxK3hYDUSiIpyoiIpoN+QyFxXpeDX0KyI+lCMRuq7zKcu1VplKGY/joZYxd6nWmlLqu3VKnDKmeSLOoNx1Xa0TUJlImfthdTqUWjWlXMsoUtS2fTFvt6taK6eUUxJR1drljlSmWrhCqFBiqfOszECiBCKRqpRkHucqiZMWAVQLqpYiM4iSskqFFhFVKZwSlGqtpRz7zIc5P59m1fKH73+qdS6QzXart2mc5Wx7vt6ev3/74d37dxeX248fv94/3P/qt7/dPx+P+12/Wq2G1TQyztb7wzSOc2KapgPmurnY7g6H0zheXV6ean163JW59P36sD/1QybF7vFpt3+Yy9x3vch4miYVOe53iVQUMg9SpO82m/U5LlBqGXrenJ3tdzup8vrm8s3bt59vbw/jtKJ8eXlNlEBZlJ4eHo/78cOH1c3F9cXZcLVJiXwkjPlxseyujXlzt8EAACAASURBVGZyEAkNTl1hrKP7fdvyZP+95aBVDV+qWzM0kYdnqAztmDqYlvvInMgs1wq3P0ZERjxOqj43b3EXLdPbrHmARy8rcQehGtlsgJYaWH96I9GIvaDUrVkY1uCLtZEn0YwP90HO2JCZPsf65tcQ0UsLTPzZW6QSuW//CSbAhgpoeNyAEAizFk4aS4jgGwncusR7v4QZhPamVnAaFSFu/AN1mN1zIicchMEaUvdaFiVQsK6Iqs4AzvZAMQstbtntklHUBsaIbMigRMyEpDYVow2X9kdk74H2Kmu7Qq/9sEnNIQXLcRExcs7sFLoZTmUlG4LpQsExv852LVhzmPPX4skenweEZHCNw7QnTQoVVoCS7bFvpdcimgnOHRqplmwbqY+u9NkDAHl3m/UIG+gkVaRA5xT/4aygZ76I7Hksf9UOmhKYLOYjggcJAKlN7jHpU2vjhC868uyLet+dRoEZexLGvr0l6rzZwBsBAWOVNUILFx6mluixv/BSDgj7zlWrzDa/aBRoTOJUm6Trj2W39yIbYwnA6rGkR/qWaGtz+Sk8sDnYiOcbXol/FGo3799mFX3RX6IB+ELOKXAewUMepx7DxrleeNhFgVuDG7XQxMXZdT8+aHkid/Tksui5s1/oqKU7iC0NBi8St2SRUxwGAUWDIAiaNWwPgKTkCZ6oGUEzrogSsLTwOAj2QN3qwAdDe/EUwcrDHTrB0kQxvwcOpLzT3iNdZwSaebQjY0SPNpzqVVYO7AcNE61CqrRM6rTmVwOhEukd0sDH7ob8u2wQfCRMPfEb52xYLOpDW/Tg0RasckxdHA3KBu4HyNVFw1hra1anlyS9ReTi/iM+MUZjODSMoljzN6Ck5n3c5mukN819sbMadkk2xS8EABGNGzcX+rAU8Cwrgd2c+sAoT5uQrUm09iCz2ykStfYB1U0vW12BCSHIxuKQxPS9qJY1is+HUQSn4sOZ1ZqVXXCcbND4Ve+Ldf6PtJr8cnR1W6aA1H8iepYtPoL4fjdLipnbkkgeCLz0P+JAdx8We3psoB7Z+IXbgXlYpqRcVezSyVXWDtOCDhcJRJWhx9PUAIGbDx/xJOFvYWG/O8lQ1MAZ5AJj8JcoCykzJc7gVX3G/ePD3//90x//9PVPP3y5u3s6HQ91Po37g0glAjEnaEppnufTad/3Xdf3lpHNTDWlYehrrQTJXdYqAHLKNgK62oZL0mk6zdPYD/08HY/7J6lTnU+kRWdKQN+t+6RV6lxLZxBK5DhOClkPXZHarwZBtz89CWriNNeJAU4ppTyNo/oMCJ5LQZkSo+uHWqfEKRGq1NPhKFS47+daE7FSKtXqmxMlLp7C8q4JqQoGd1yK1KoKLVWSbWhMNq4Uc8GXu1tmXa02q3WfOD3tDsdJVpvzzWZ1PFI3bKjrnvZP8zyXSW6/3K5Wm1ILTxML96kbVnkqcnd3uH51waSPT6evX7+uN5uu709lTinfvH718Pj89LDfnq9rmZ4fn+bpuHu8n+ZxKsenu5+Pz7cq2nVZynhxdUNah5y328v9w36z5ar1sN/p/jDW+nD3QDrmxJv1ulRdr9e57wl8cfn68uri4e6nr/d3h8N6t5NXN9vf/Obi6nJ+9XpghkhtjDdU2NbpRO4KRlU67FU2AoCUnfT0rLNloFtEK059hDf1UAIO0iNNRzFPpv0fjOgwsEjuXzS8I7zA0kv72l+oGQD3otJg7xKHREbQpjhINOwCAaSNfyEv8DE4HiMfsdTX28uReVpV8hmluvApzQEDkSLUcNwg77xzltxAgfdb2sA0BFvRzIaD13gyBxqwuzHLiUA65l6E4PvRAkyTQJiZomshaAt4kOXAr4H6hhqo+ftl4twCKJwpDsvq7R7Kwb8EBItPjWsAWiobrYK/RSpRK0FRtuLRpVloUDR8WvBF3ldKsNtoZlFzSj5h0ZLHJoeOq+Aja6ygFcYK2cxBAgCx6ajklyXqpRSOVCNA0CabGjcA+JY5vLgz+OJ586i2MkCMGbdI1ydBUaiKgUUO7B8IwYtHjV6PLtOILB0rxmE7Eg4qz2Gfa+tLtOpVGWBXUTsgdbwHnxDqqNEGDhFDlCipP7qDLQRRhnbjQEqktkbUobnndOLgPBQyWdKoDwyuNUC0pyPgKXB2h+i4VBEzP5vQuYL5v1nkSi6EUE9QkMubSZcpKkc9GEKylSi6/m0ts08o0rAasACRXDYc8/qMFGlAmKw/Q9Ubur1aThW+rpjhkemynNtAAyLYWoaQNkgXFcTwcNp7Lx39u6kACIlJJAgPN0mBUDS2ACzxhkNMDnzdLKDbR1XDg27FrLpQRNtIhohzGnMRd2LX5FZLlYxT4mBNXec06lj8iSjyhAgcxzY9zFOsEUPAIaYSYLwyAljFPTcUB2ebTAoWTdYwFtpuBIjYzj7XQmHrGiW3Z35bGkhTo1QxPtaPoXFNQTG19JdfVTWd9Yw5vcSfJneII5QIrghQ0eoBgJKhZBOXF31vQBSYtBP2GXNqULYKCbwc1L6aQfGXiiiXp5gmbNcT22qb/1HLV9rvVuueQRSGweoG0J7PMoeiot62REE3uSfVdgTkUNfMKru2m3WXIKJA0ZciIS1RskSxSZnsZgFQVSKQIAC+f517D4qoAa4Unnsz1GDdH4H/DbsrESG1B/aIgaMMyC25uyoFYvskw7LQJh2u69HVaAM3XV/gEmARAnz7CitpUhBR5lSBUxlPx+dSjs+P49PzadWtv/vm3Wkqh8PxcKjHwyFlZlFVdEoqWQWn8YCuU0ECQ7DZDFKL1EqJ6kFSSkQ8zVPKiXOyjBuAxEkVc6lzKXUuZZ4hNaGgnLRO01xy7qpKVaV+3XV93w+Jh1mlllIUucsd5W7odoeRqaSsVeYu5Xma6lRn1H5gVem6LFKn05SYU5eqFD9r5rmOIrXPPE9z33WJqVbm3Je5Uq3K0FqrFEVSTyIxlKrPsMtV5gIoKOVuOk0pkUKnuUiZpWKqtD+ezs7OqnLu+utXNzc3N1rT19vnw1Euztcq9TiV7jR2/Xa93nLOpdKX2/urV1erYTWsShkldfmwl8N42u2n9fbs7Zuzz59vh9Wqz13qktYKweHwOI7PwwDVIvPz4fnzfnfHSLw9f34uq+1qe3aWMlctq7P1549PF5dXV6v1Ybe7v/206llkur194m7YrDdd353Gue9XidPx+enh/vPueKgzcu7X634cj0V4nDSxr7d0LsKhisf/FNSEx+eOFmOa2QvcuVjzZvqN3hfHyOShgptC8sZTn1kccMUZPrL55Z7LRzDu/vkUza8B+8Jcu7s2f+E2MjwWebUQqgGq1vlOzpkQVG3yZcQAjTBoH+smAOT5AnP47Q9BWNpazWFoYHu3dq1WvTm/tiDAfk/cMKMdGWB9lKp+NoRAs26h4178XYnVGlDNIXpLERuu8J8KPjeYKY2VXO7evXUj3iSmY/jfArTYMru4dmLqUc/LfxqRLJYvMvDp6KnhU4d17pz8ozzaAbW3VE+OI7hS9Vkt/tfmLlSQrS2VQPB1ug1FG37yIltzUwoVaDI0R8tMGAtCGbDZL4KaInvr/jEy5sZjQhU22sa9uTE2KpogUfnj+XTLjvtqCn8eYuJE3hhnc3Pg5Kuol2y4rNlXWD2/f7NDW3MSFChPfV08E9sughcXRHEUNrn3F3JEBBEkIhtmpRTOl8SmA/uFWW27hS42Vcwgu4gT6u7BPOMo7YUJZAusCdqKyG23lhb1DhoiUk3+fi8mDVNDTMaNBVy0wBJNNyMs8PlJLio+/96hBEctesBf8n5UJni3vIUZYlmu4KaB6FbxpJ8JBJiXmmL/WHsKbikk0oYI7JScyaaWtfGGdVP16nMQLerwDcMIUtT4eCuYWK7W3k9jYFmgGYWnXJ2I9YH46oWL7HSjGy+oxo1ard4Lo+4Kxzb10Fl0J3EXO0dgK11GGOOwPv7DoEqWSzPdNqtv6hwBoT0zNQLCUyScpNEMJrgakoiGe6l9YBACaJ03qi0Lrp7O8UIUsxLaHECMqI76a7SqJRPYZpKigUaDTXDJigihWU/zpvHT4XA8SHbLoy4D9pARIcPwuBCsoNx7lEEWVYbiUxwIYCk9cSNF8fCCyOGCIPBQ0tyNhV2qotEaDotRfTOEWWZjD0QJycxBe0bYNAR/AHKz7BjfOusNMyMFerbP5HBTPqULRnkTbL6NWEMSufdrrIcitdBIIkvkiRdvrbMBqfDsZ4TfIGKyBWb2tCrCix441ojJR/FjhNafp80FwEdXuMh5/sEHrLNN5/E5geE4PCgGbHAEYsI66EWAEyflbZYOOCx54bO2LMJCJU5Ks0gVLaVM04y6pgqqUJ1Ox+PTw2MpJ3gSiQGptSoAIU1VCSI6jtP+cBjW/dB3yil1fZ1m0MyJqkiFkg2hU5pLzYkzp6lUqw8b5xkqiXSaxlpOkHIapzzNc5k19cMqC1BViZCTrWtHEe1y6tNaxmeWMk3TNNcup8y5lBlUU+5Fa53r6XhkViaCgClZxpgJKREp55xVC0iYUs65SC06Z061VLWZStAiJREScUW1LgxmkDCAlCinNJOKzLnLRbQSpY73p1PXdYPqarP98P7denumSuvt5v27V+NUHu4e37y7OZ3G1dBN03Q4nsDp9ZvX+vHrTz/djuP8zbffiMyZ06vX6S+vLz5/ffz86W4/5G++fSeKz1/uj6fT7nlcDV1KBNFXF9fH3N2XPw6kJ3ApVWrdDAPqXLWM01E5Dev15avXRLTdnD8+3pf5MCdi2var/PT0nHNeVbk4u9yevz4eDp8//qHr5dtv3/zVP33/629XmzVdXnTn50Pfma7Ptl3C7acZqiCJzeB7gszk0JKS6tOrYPlOpzCjmIfc1JnGQb1NmALsOrMBxNhHBFCy4kWICPtUE8Nuy1pEWDWSuUoJ6p3a31sREQdCcw9ixkUd9DUiKJTPwx8KfiNIrRdbOAlwDteK79RJqVBRMi1lHywGJ+QDtzrQ9bocq6oxtBsVoRTQRi0RG99qpbvJMxtLqsNJY/Pv1CwtaDksdTNqfl6UyXKIwY4GgHKE7o4j0iPxd45BoN5AReEEmBOpSDhE+3ZyC/cy/gojaXU4/nNOg8INNnsOVK3KhyE1IFpLD/kVxNu3vkGiiC6t8AEAMiWylVitjtkCCn9NApCCzhFbo2WZJxIo2ah+/4UFGxi8QCta8YJmeO2N0UgRzprrEKt49WDLkjQ1EIDXzicQk3jPNVmvsS3YMa6MAWQm7xS2m2BKbsJNSMjcfHLAZAopBLJR/vZtQgwD+wovOCIn01LMLlG2IX5Q4uRYFMkKjKOzwaPbiGhT8IOea3DbEbiGvP6kTZvyruhQhJcy5ooivjwhDIXEOziKU12akhuqD4DroVcAY1MV55ENR4RoBx4KTs4VVggeVwXhGwjIgR15Kc/ymkCwuS0MJj90BCDzsUAR9gpTJAEUaJtevVlcbcFKzAF3iYv91w6lFbB+NkLQBuo5Pgc+/gHaeJsWoiuUVKzTghxlqaU1IntlpsIjFiccGs3jCNdsqicryByCmTBLUFj1ikOhBmjQ7IJC1Sbk+lAuDRRvCNku2Kc4hzi4ZKtFn/AA2A1Q64+IehI4xhaNgZKOUMnGLRqj03Ju1E4qGGsPzd1kkhrWMe0RBXNqNgmtdIa9N5ci7Aka3wIuSBNLiI3NjYcPEfZmU1UVH4OPGDeGUEGq5oV8HB8rQSuiC0IAr3C0/WKe7XtplxHpDTUawNJ6zgsImrW0Y1frj07qw3xYEdkjV3Wjn1RUk9cLRXbANSWCC8BWMjsBY6FZIg++TR4iDkMElQEiWuUSwSq5yK28vb+HDqCQDfWVKYRKoEi2wBVbRWvk3czJqpDPN4q42cJjOxsvywFQWwevIR0NBtFsgdVHNlNhWuqvwOReT8OdOXODaMTRBgs83oP63gAHJC18syespPZqzJRS7tIwqTw+nf7459vf//nL8xMe7sbDKKJ5Os6qKNNIhOi1JBFJue9yn1JiaAKmuSgRc8es69V6HI/TPHEiKEtRRV31PQFVitXVjuMpMZMW1Vlr6RIdTvN0OhXiVepSXiXOqno87fuO1usVs1bRlDsQlXk6HvfTeCqlEmfiNM4zmPpVN82nMs1dnztOAilV8pBIpO87Yp3Ho0rNnEQUkHkqq9VWkaHHvksoEK7OogkpZrGNPM2kaiItiVJiS27Qql+paBr6MsvucFxvNsNmfRzLapM4rV6/efvtd99+/Pnr7f3d2zfvnx6en58P33737fsP7xT5/mH/6cvX592uCHLm01Hu7+//0//kH42neT9+zQnffnj9zbtXonKays+f73eHw2rVbS4vdo9f9vunMo5zx7PMRedxnvs+K+bDcbde95y4Fk28uji72T0/v7o5u7i8fLz/en15/fz4+fHxy9APlAbu+px7RU55td2e33/9frd72pytmOdEJyAX7Q+nEVTXq67vKUHQxI0k6ikMjTvTRW1qgRldBwoci7u8EdasWfBSYXeVIp+IUEbLjKtD5ujLcpIxnKkBBaMslqC60Y2NAHaCmlz3xY23kCLYHvP74t460pXu9tzYEuCdSeYCSdUJCQo1bEYMgcUjwWh2/sVAo6a+WAxNhDoEeGIvVoGELbNCV1rogGA0qP1MS4uQ0yCqPiJCEZbDzrjNYfbZKfC9iGGBBPE2fsKqbclgIPe4dFWvttbFB9rFUbhHs72KWDPjOVN6EZ8FuEPUi0A9nqQW21gQZedknLQ2kYg/Nv4Lcb+L642CJIVCMmWbOEneb+ul6U72+WmS+Y1kZ2JRgDKRN/wqOQ+soQj2DawKBitYUE2KuCUxVJZiXCuBgZOrHmnbDDO1ZjIFJdWqQEr+K97hywQlyq535JeeCKKU7BwT4DoQpBOcjWbnQS3MNVWLbRamEC0xZXGrcZ4RgbjYtjwaN/ltfjY0UwFSdt6Xwg7YoI+4mYi6xPFim0ELiw7EdellfA5/co3OG4mIEss7qagyeSmEurY510CRQnI9B2ipiiFZ0lYLEHONNV7AqsPsPuEZBEWQBq1Kx2B4nD8jAKtVWrHXEfjLue662jusQogjKP7IZBjCrTgZIuIGCRoGUd30BK8QOKIR5W2gm3+8RuxraCxGWZFrt7fbWCeGP5QECA4QRNEyFWdMNsXevhEalR6qVsbtTYs2pgWRD3L/G01BZqodi7JCbJsqawSbdkjRU2l4HiA3517MQvDSiWZaEEIBly6L+4jFW4JtsJM9TTubEEUnW9uoUzd2FNEXxdQICTRt32MQ22OmJrMtAmCCNuWMXmJ4ZaphOjGuxavtPYBRN9tuGDWwtT2IbzyIIaseT1umTpun8zjYfkUtQDO1N+urofzsI+LR7LPP4lO1osqYqKdmmpSMLqu2xpecm1eAhcV3qseYD9K4JgCxOQwEohQsnTmSoBgoVNT1y0I/G+jvs5fcZCpFnhXWwewuJSJUQBGDQdrgB2KuamvblYiMRxLyBjv1Oa3GQ4Q0UnjWJp2EFnQgsg7iQ/ol3MIibSaVDFJUjZxXNcrOxrwa1RrKokshrF9vUKBmGDkRESeQ1lqm4/y8G/e74zz3VxeXv/tu9enzHjhOSA9P+6qUU6epqtZEuaqKVgJlZEZn66BqJSF0A6tol1IlSSWvmUTrPM++/DIltQ7yzBCdp0Nd9awyzTNB5nmupRCBc+rWm35YdV031ypFiU51pHGewSkPPVE6Hk+qoqpFJJHUqpyYiKQUqXNOkFqmaUyJUmZOiVISLVoKEbq+J2gpU61TYprqPM/zaTwN3dD1XRmLVCOytII6JiaaKwmYOREnzj2nXLSmnDn1p3GEwFaW5KEXRZllvd2utud398+XN3MtNRFzpq7Hr373Yfd0VOTK+fry7DjNN9eX63796ubs6fn09Li7u3t6fHochgGkDw/PKffX15dvXl18uX34u3843n99WK24ZoCwWm8T0dPzw27a3Z92d7vHVdd1fV/mchqn0zgOG1Dqplk08+l0mO7np7uvBOlSFpG7u4f12VWfVzl1Q7d69erN6bR/evp69eri6s35zeuh3+Dq6uLm5jLpIWVhVqUiUiOiFit7dx5EFdZd09JpDWM54jC5lwhEHSNHY2HAB3MJ5j+tMEUqgt2Hm1WnDS1cUB/SGBrgONWEXACvnkAYUW2YEQE1XcvNJRtQaRX/UYfiPxysFBmH4qXE5vr804LZMTPs6MByfZEbiR/R5s3j6xoCa0SGeXgE9gUF+JDFrZM/nnqTZQAPPw07FmePHElbk8ySvfVHMCfKDRNAX+S4FY0zjzMJA6YKWUaQaJwkXtrhX/hWetGADHez5M+GsJt+FhHcOciPw1WvlKQGhsLjLcGl8yAU0BKBWQLwGGtJ6f/81/9bqxsH28IvY20dj5IR7OzzK82HpRhub6kD/wHnlqJq3Igppkb42owbj3PIsDX7ptzkGW3bkmOGnBj2nfEl5P/KiA9jYorh/JxibqfNUyYibg8dOWS293FQZt9iDXjmoYS8/RL2HSHHAOCLsVoDhV2YiRkzNfisS8xOLzWD3Cs1iAbyYNpFIsJ6Mj30tldVx92qqAj8Ts2jhpxJOFkNhW0JrBcYHC+kMV7NBoDHe/qgG1LblQOrWHIe4YUehpYgbJcrr0dNZD1I0S+DSCo54KPAUIQgKQTwUpc4HyyFxNq+CYuNDQ5c26+7jhlbEyYABvB5MQ+/+Mcgvr+UtPKXiPabWWuwSNGaPSLQCFW023TJgLQjcm/QPtexpkcC/qILFeJ/42/V4HnLoqjCsI96d64lAlqgry5sCoUIw1JuCKy5cK0R2KnnNCzaUf85t/7xmnE1zXm4cST/Sz8LC+7IX5peCM4LGWz2Lma5GIQkx3TetBPRelSU2dFqM/xqYBaWjGlK5UkuDyjR7DApfMaqCwqHI4H67KRQTreYlvnzHIKJ8BLHEnmVKUeLA7PNfVe3S3YwTGBNZAwUxWeot85ShPQehhmYbTn71inh0m/G09XantJmO0W4Z2L8wsUaHSUUl2Cm2WWNzVDYBy+3rGJFcm66m6d5IQLkp22xrVddtiAtYA8tYwEU4OBN3NE1vsRMh+giaS498AejiChdw00o1SOyxmqQDYWzU1IrNNAXKQUiMrKhQqe5Ho6TCuWUz7bbi4uL7WbNKRHlYbU5Frl/2tcy1XmcS1EIh38mSl1aC7FA+q7LuSsimZOK+OIaTk6gcFKFcXTMrIqcM0QJstlsUk7z8ahSjrv96Xgiou351ebiplttcur7tM5dlziJoFsNmTsCD6vNsDobx7EIapF+WA9D13XDXCqTErTMs4oMq7WNsYbKNJ2g6PvEpPM8kTlKkKjUKlXEpryJVNv1K4pqVXPVPDxnJKDOWrvUb4YVMUSqlFLmshp6G4+gql03XFxevXr95mJ7kVM3n+a+S/vd4XgY7+4et5uVKhWhTx+/FinTNPa5H8dyfrHNiTfb7cfPd8w4Hk+7U/3jH348HE6nMj3tducX2/vn03Ecry/PV+vN3d397e1t16+YUsqrjrln6kAAdbnLnNeb85u331xcvDmcjvvjSSlxZqIynvaPj3fmZM7Pzi8vL68ur8/Ors6229P4PJXdN79+87/6p79ab1OX5Wy7kVmkTkxQrSBt7H50TLkWaFhDa8fFC231n4F7RgrnBISMBwCncBJuGE0/3V2G5WoAsDmJFzXlLfZA/LR105lBbo8blRCLKya0Spfl850T0ngkbtYH3hqHMNfxtRI/gCBemqlg9iidXthktIMzsp1fvNwvTu/FYZKX3794snaasjz+wk+571mCjfbdDkIivxXsjE/808BhbgA5XGTF8pj+KhKpWbM5caoUbXhoTE1QYwjXbOVTDfM77eiusXnoBTx4kYTGX4p/dARE7Vc0IKavf45+Tadt3Fbas2W2AkpRMhDpCyy90rVJnzk4jWa4iLNsvGZUdAHq2Xf3EOTthaQqHPcZvsXRkzj+FWa1FWRq4SsRqi/DUvchzu16wBRFsEqOW8h3g1k1vodFDNs3xSBUEWLl0FJVJWmXqstyWyyxoVOvVqRqaknhfpTUhn219kF/uOUyVKNQ2kptbMaHB/qmEtQkxOi6gKnStFsokmji+7cD+8e0nKZOi4RSIFQ4YwdCC3zbcmiXKWuJN18KQwUtpxTa5j9NTF5xpeHu0WxfwFN78kgfvGiVscsmESvnCOYyhN3OjGylGxAcSUQ1ofVVFwhOsGYovyqyT2UErx/Wz99UHVUZ07iYkHhDiysIsR69BeoNoOvCfzTjFJct8RPaKqjakzmnrQCkqsJE0o2RArbwGcEe+SR2k2ErXiSrzREHR6QvzlzIa2/swMVL/Fw4nBFSWFJKVGPfl6vxYmsN5VUF0aLUbgtVPd7wqlSF53wU3jySiCHeomrYzXlntviIXAjJ4ksv1iMi1ej9BjzU8TwgOetCQUzAt4NYgULw9YhMsNs7IhigDMqI4KmC5pws5qGITU39fESFaEQgahkAACTi8F1aZzjDdqGE9nl4IUTWEl/Nf8DLhe3rKSy4M3fhKSyQ8zS5Faka2Wgmj521UIshfSa+lw419Whez9WBIjR05VzUEPDAQaMlCirkaUZPKob+M0Gj2jBMjEbU7vqBZvvUFbY9lwH/NrwOvnQhAJDFAwaaQ4uAyHNbOjTMWbyKdaPZ63JyIbEoR7xPTxDMhvtysKjPwRXoMPRd6nLqjqdyOE2Ph/npcKqUxlL3J5SaxwmnWZFSpqQiJJJTr5RSYmuUFSRRqrVWUSJwYkGGlloFQpmoWKKE0HV5nsdpmhMIkONxnzmVMs+n0zRNBGXw0A0AjadDptSv+rlUTdr1OSccj+PQAVLTwCnlvhtkRUwkRUopCZS7fNidQNx1uV8NZSq5A6SUcgQRUS6iqpoISUmErAq21GJdqFUqE3FKlWYpFUrMHbSIwA8qQAAAIABJREFU6owy6VRFu9R33VDGsj+cUtcPQ1dsTZQSlDeb9es3by4vLt+//abv+3/z//ufbl5dbLY95+7u/rA/zkRd1np795i6rsvddpuOh5G6nHO/348PT7vU4fLqYrefxnlek+6eD6f96d3bV99+9+rzx49d5rOzTd93HeP57mvXp+N4Gob1h2++/fpJnp4e5yK1SkppPWz6fng6HB4fnt++/fZ8s7l9eloNw9XllZQZRG/evBbJXX92efn648efvt7+KDLu9w+3n2/7Pr15e7F/+Hh9s373dvUmbQaGivgOIrOvbciEqrmZ/4WPMWftPlEdHoc9WuZReqkvKKrBm7apJVRB7vidE3WfbTZIKXRZ2pQ179eilnUj18Jgo8Un7jcDaYrCy0wK9fSEj7WM2FpjjoI6HadBcTbnrwvotf+0nKO5GULyJC5aqiKCm4XMjJgBKhTF7rRk6O3TCTblhCgYqgpE5UODIb4kDS9+Mb64TcSB0z9BlUYdUHyM+BbapRk4LgJukXSBVPABec67KeKqBU7PmoMm8plQDsVt2Jw/e+saVloCqYBeVn/gXlw55p+pcydk1QMUD+nwgYhRwzVZJsj9DxEU6f/0r/43Nvkl5Ce8sJeXqIN/apGN2jsFZlIvv/bLiop0btgz+Dm7L/J/Anp56QSBlkE6QbbpEoP5F0Rc7H9uFJ19KtST+Ir20QrzAa5UC6zVCJSci4a2xj5xctVZtAaDnVFqRJiKFyK7KFtKJBAnhSarP9GS7zPNb/+uDnMjUtXoD3U6FapCUeFAcX8IhB/3gkAV/pCglrWDyyYAKL9wo3YSDhLg8M9OAy6BbcUHua5qFOMqtXJEA3UIyYovM2mLLro4Cn/zAIN26ORfIdIuCD6133NIgRtoEUmNm7Q7cIqe/KAIcKrTbKw2cQ3dCktFcRYmhfD3bt/Z1Ck4+BdRezMWFI1J/hRueRGagpcn4+KjtvvO3xPBjqpKm/u22LDIBYdhh2pwM67dLs/+ZfFP8EMUMYvEmTX8ry+OwB80GiQQaBHwbAhiMyAFyoN/gc2ERVMRFYUtufZH5mhxt+cnjX6BsAGI1FGE4kwkbOSDP5+GdTIh57jpuAfrZyG0p4vrC7Nt92zvSM3BIczaIhDx72b+uS2aQMDdF/8spw6ALWlgk3NJl7yWggiJzb3L8rst1aItPUEOp70vYPF98XbtSsPtUby/LqbNrY3dXkPi2l4tDAjHTS43HoVhC4JvNa/+gKQt6WSUhmMh+yOOFjdpCZugO5obgAsFfKeZ4RkmgJJ5bH8/ai4nQnMw4i/defnxmwZarGgktgcJ8HwriJlyHhInqbPUIspS6HgsSl1O6+dd+dMPD3/84+e7rw+n44GhIsKqpFJ9BxArJHHu+lWfB8tSi1Qi4pSM8amlkKpIVaDrbBMIRJG7nDlJlWkqgLBUSC3zmBh9P/SbszJLTnm9WYsq58wpA6hVmfN6s1FVcN4fDtM0m6hLrYBApUxVCSlRYsy1WIJ8Gg+lTB3nzXrtI0vKPM1jl3M/DMw01bnMhYlSIiIS2DZjzalnzrPWiuqzHJk6TlbSBk5zKeM09X2X+74fhs1mc7bZvn73frvdzuOk0FLqerN6fnoSYLU+3z3v7+4fvvv23dXr1x3lnBOEhOSnnz/dPTxvLjbdujsejj//8HlYr+fjab3u3729Oh5EtarW5/vHp/unflhN02HV8WH3fDzuOOnT4+P52bpL9PT4MJdptR4uLm8ur951q36eTrWMzMhM83HPqFrL6fTcd6nr1qDh8urNerO5/fzn20/fPz7ei9TD4ZS4/+7XH37967epk7N1Ptts+oFzImBuKQCK/7C5bMsfhYmlULPgaH5pKegFy8zcnKNy43YNrURgH5YHRL4oNIwfaPFZzeNYDUbzJy9Ke91Tu3duAUeYOwmX7WamJR6tH9Y5mwgdXnpOx9BukxRuaN3lcpgabtArTGXzzCQxpYWIgq4xs+w8BpoBUzcmzlXZTzZ2vRl0d1ZEZhSXrK2BUvN6IiAn4rVd4BIPOF6JG3f2pvlZA8t+ssGaUth650H0hU+h8KJxKQurCIrEc3glR11u2sxB+NnFJ4hNLG2sHMWXg15cgZ+WNm8RHl9B6f/4r/5bm+aD+DKBvChfoCXSdBxp6ETj/ZctUKqirSHNwJY3a8fnq5OZTj+aMhg85oU/tVcWqEa1FvGLewlvGiDBywwW3TMMH48PQnTZRZVVhMUNPBCFx5Xw664kroResxFTp21CPxZW0uu5iaIW3vGS/bSGlpgaeC2J2w4ETonshn1d09FQXm1EQvxWCINGxEeRf/HrWJBchE8IEhQeg/kkmOg/xMt/7ClbgBzWIN4I8J0Qy98Z8R2q5ql6tJAdRC8eOwyF++3Gk/sYIoMxGsZPHWA3iOkxld8Xe3pRHAYbtjMx9NxaoJvAkHbCHp/5iAZEfI1YYNUwVsQycTa0aIi2ZIrFY80mCFyqXYDjIiP8c0UW7xqy8F6gGveoaIETAT5ZAUtEFLfq/6Y1DKEnOjjGXDJ78Bjs6mIv47cjj+ny4a9HKZrIaREzbXaZdelyoCAPjGowuSTfbf2LEm2bhhpl6Vau5ebeyXqAiMGRvYQl98w0+JaNeKLgzduVkjE3NuKiRSkvGr/Mw1AsutNQBqBdHnljjHWGW+3h8h2gIKf8A+243FuElQFAHJMEXCmb4XWT5fDBAtVWZ9u8Xfh6txamEC5C4pZiIYVCOJyggq8ujajChnUhhBxNdlwcLeZrRlbd8C15UT//0CRtBB6FKkRsCDdovwhB2+9SWLUXHICH+UA4dBcHskR2M9z2LX5q4eNZPc1rltxPTik8vzfDixIl5kTM7Fsvc6KcOkJmpNWwhaSHu9OnL/uvd7txmlTmMo+1zGpMN5SIEicACilaqhQwK9NUbRiHJGImliKiWoqknOwaiEgUXUqqqFKneco5d5lQ6zyNCu2HLXcDgVPXp9znbtX1nSiUEyh1w8oGkPX9VkRP+4OK5i5DrOhIKVPKqdQqIjknBUgrIIm5yykx1yrTeBQptpCZmFREqhJR3+daZS4VqikxIafEVDHJDKaE3oY+J+pSzgI5zZOoZubc9bnrMuXr66uuX/X96nA4fP7p83rdIaXHx6fz87N3H77ph6GUev/18Ztv3r3/8E2dSr/qH56fT+N4+/hYqjw+PE/jcTqVi/PtxeXZYbe7fnXVD/1+N8osCprm8Xg4jrVeX52dTqfHu/uLs+79N6/KOEI1cVKSWmfO6frmfTecHU/75+e7881mHCfVWqbTbvd0OO4ERYS7bjNsroH+y8cfbj/+8Xja7Q+H42naj5VT3p6l83UmqoQiOgtq14UBC2iLVn7QjLCnwcIZmieAt5s3gW5WcMGxntGPuSFN6QkU0wYaqjQxCjTf2mvNltiTsc+sxAtqxFUstgzY/4S5N7WOSWSC4BTbgH9/Li/pdbrQvUK4BLVCJg0yFIRlnAW//LvGndnkMOcaAjVKfGa4/6iZp4Vz4YjpabFFzhuYqyW3EYYW7EmoWTBog3nLB0S6YMlYBD6l5h/cFak2WpncqmIxXs03h+Mh9yYN1msj1t2PvjDGFgdAowDXMYebSfvZ8GbUWFQ3eU1C7YclAG24ungzs/M+kiIrWWeVkrdftQusSkSO1a2BMPJRdn0qMDwhQl4Ga4hbHQAARN4+1sZncayrggdt5oA16h7aebXd0QoHYwj61n7HgE2cS6tSD7AbOmngypRWSGNAEZF1zlksGELnT2HcleeURZwCMflkah+JeDLvhovxtoBXJFNLG1IMAWcKLfdnsqfmlCIYfIGuGlPr2QnEAFyll3V5bWxM4Blt5Uyh6dTaINXwhr0UuYRxDcagqZmjJSiA4oCU/LsaviRXazc4gMb4woBcftcRMTqgp5cJ/QhTwxo17bHpe24BY+iP3/kSPRicsGoKjdgqvljiN9EAfmAwNXIijEpLFJnCSyD7yOzBNkBRDI1BiF9QAg3JWFoQlhr3EgRLhjaoZO3Y8KdvgZ7Gg7gOsr85xX24hoXixLJfVFvtFUeECL2pvbJ42locI3k2QVwX7GMp2sYQlpPRCt/UryjYCbZRafYgbBu4xO2ljZCOFvaI4dxTWj8xN4QMgLRUYg4djhCal3d3YoetAs4ugkxViducbBdNr4uDKpSZ2+4d+1d3Vv6HIYPUYOmLAlj1Dd5WMObC5zXx8Z0UH+LHQi5aHoALmk0mAFqD+V4WA5vUBenlr98ARChO5OQsPGMbxSbhWH3FmZlDN+KEFG8Z5s92XJhmSxCW/m0tfvCXJxNb38/uwU4Y2XZyQhrkBZqLM5Ws/jHkew1b8YMFKPbUzZuYppIoovvEu/oifgmvuCQiavtNhw2tNE+FXP6UvKGCBdBaBaVLPQsA5NyR6niaS61T0afn49fb+vHL093zsYJy33V9nk8oRjZ4NCJVp64baqmcKlHK3EESZ4IN5OmoTyl1uUohJhGbIs+lFoiGylCttVaVlKjLlDlhtbm4mKuKVKZaptNqWCVwkcrcAcqpkhJUSj1Bap/TVMt8GqvWxMyJq0hKqRSQcmKa56mgdolLRS3zDJmmib0XROfTia0MSjQxlVogwgh3SaSKrssZuWolQu7Wp/EgzKoopYoIOAGpzLpaJTMLzDiMhz4l6vjheVcKnZ9fn13dpLxen5+VOmwvZH/Userd7rA9Pyvcf7y9+/T5Ybs5I9J+6MfTLNC7P+y6rvvp41398e76+ubd9eXv/+H7w/6u6/nx6W6Vzz98ePv8+DXLcya8e3sNkT/8w58uL65FZgH36w0ljOOxTLOs6zTVvl9z109Svtw/Xp6vL86uLq/fbzbXT0/7L58/7Q+7Knx28Wp7sXn/63dvXq9+993F69d5u+3P1nx+vk6dpMyE6lSOh/fqZp7anG3yFt/QHIR3MPEMw6zN86kbV/NQPi7DRg4KbF+3NuNsBswgv9mg9kEBYkwDxZVEA8K62/U/hHnj2ELmYMM/nwikouIu0321Mw8+mlCpgWsEcg0v6m7XiwTMqkIR0x8imIm9P14WiTZIrBHxuoDa5UHaEQa9EnYAFmf5Q9nItYCHZh2smNKsrL+vGoR1B6OqaPtB/cj8TMAQUnjK1qMALz/wO3IQRAFm/L0JImCXEHJqjqihYf/HoJxVdyuramRSX5g9BFMSsCfigrDudkjRqYaIBgInGjxCYAh3AQDSv/rr/8Zdnkc5RliGGIek+7Nbc1C4OI8H7L2ZlB1NR7NG8xLB3tjRh4ddutQ90ImPbajX6TO1HVDtvwSmbkfT+MwlSeVhS7iqaHTzzHVTQI9CXF9CCzw8hkKJm0TZbKNwlhThHMFPLoClFX3GEjV1CM4RhkaNis9ygec3jMP2dyPv8LdXW4TTEJI3U3OEqHCj4CpkMRQxGdeJ1kVnUmImLODPsmOu6XKrhiJqAXBEfhYJEpYwxuAIYjxjqGjohD8DwvyZ4DWaMvRXI9RBCADpy4oCsmnfGuXOaiNHbARRYNpY3kAOloVi0NRSHo9FWQmRGAQtQuXxxYJzncwmClRsnVSG7xxaOoyJ+/VAJXquQq68vtJem53OjwYor2wxQQ5NaXjLIjinYJwdtYtwWCRA9KnZ8C2fGaqhARpGFC5yFPdFYe0FMZUpiB1HcL8kmJ0fDwrCSnYQXIX5nICzDtzDeL14nmCkzZpzM3BRe9aS4H5RGh/qII+ZTdWabJvQm4OOmIqNgw9RtC9YHiV2aaHpMvw7/D894nKb+AvbGYIXBo6o9X3Yj7VcvFofM8FH+sZL4f/vZFrY7vceLKA9pH1I6LuTbebuTULi8uxZfOwPFrKyUeh+XK7Asd6jPYo9GHnuLH7VTyfUvkU15DtAIiJqjIC/PxHYpvs3btJ+whcaRGykv3gwai71xTlziirPF3fod2I8CBtqEvEjVuOtlHxQEDWDQFBJtdLuMI1TIV09P9fTKR/r8PWxfvp89/z8NB73WmdREakE+E5nUiIWEU4p5z5xh5QEagOimUGMOs+kVKVIqYnBCfM8l3nKOaWUSq1zLUwixKSYpinnvNpsSplz4rPtJnNS1WE9GJwv40TEXdeDEqc8zdPpeMyZx2kcpyklnmsRrauhn05jlVrKDNB61QFayzx0CTKXae6HTqraWHLrAur6PE9lHOeUOBHVKrNUEZuewQIVlT73fR6YOacsilJr7ruUe6ZEjFevbvp+JRXEdHv7KLWcX16eX1ys1udd10stibrf/ObX59ttl7q+yx8/fRFUTt1ud7y6PDvbroj5558+DV3KCdNcvv/hy/XVJec8V0o5A/Lp85fT4ZkgF+fb16/Pjsenw+6+luPf/s2/f3r4OgwEIqnlcDimNOR+mKcTiIly3/fTLCLSdfn68uz27mmz2Vxfvvnw7e+22/P726/7/UORWlS3l2evXl39xV9+s+pxOuwVSLnre059JhKtkw/Thjm6FzoQpbnU9IFIl7I0V3/LOPqoCY9IF6hof9gsbrQ8OTm+lHmGy/fPbB7L/L7/iNvDMC9hkZxPde1xgB5hOzzoJgBi0DjszIt/ooDCcbpysy0LnmxI0Yv0tKEAb/NlIt9yRWYwvTfUgZBjHn+m9rEgtNEV3L7R3ggaAI+h1njabFUY/Ob//dxf8I9hcoJQJ5+DET7EoelS/NEYZr8xjf+152nMXgiJaqwCpYYUwue541O1DEYCm68NvsVkA1H/am4ljHVjw+0u3U8HEIx7DQPJ3ve5uFkiAtK/+pf/9QsX1FaseUHzcr1Bqi1jotxMt7L92O3SRqfGARvIsSdyyrBBVXYeKJCOuIi15Lh13wQKRHO9yz8UtXAaZwWEiQeI26hXk80YFb5AQQ5wFrfo4z4p0jzROBiQyauCHVcte4zMXxsYjcIQv3TzkMsE3RCFl0ykGhJ+UTZgiEQdaPqUf7tQT7nR8g2qNh+cHA+HoYBDMWoXCt8z0UCXf5S9jpU02GG9QG/+Rg0+EWBha8xNb+DIIzG4enjRLloI3K7GvyUGXzqsb0jMn9BzDvDiNP+vzJ4OsRNdRNiBnplaz9s4eWBREXxiQzsUsW6RKJZCSxGBKAXedtEL/O1o2LQikKpJ4ct0TICiUGMbc+h42m2gCUQEHkLQpRZDmwzAQpoAYmrzA9DIm8Xc2ME6bcux0DhE2y4lQLYoi+uOqgaSE+e1XTvsv0RjSrtp00umX24FIGphYxg9eNW/R7bUfoYCvPl8L9dJdx6pSYgF9rQ0wETU6yujdAlrw7zYl2gLScMCkwcYkdFvSUu36xEskLtqOCX/MiyxkE3cODlANQsXpXut7sVtY/gd9+8tzmxMv7+OPyIcf7eIg4gioeKmnihk1gbztaYNMxyNg0NcfBPbRthTVFEuDiDchRFXzm4gOILweI2hb6Sc21YPlDxfSs3/kO/bjoKuYBgjqlPHTIJwJggYQNq23Ueox553cOF34AFzotVGbPnpRfelhM9RIlat03iqAuZe0BH3XT4T6Z+e5cuTfn7gP/308OXrw3Q6kYxlPhE0gZipS4nAibPURhuBOVPOnEiqJPapTtWGakhrlkOVklLqhx6aiLLMcy1Cyl2Xui5tVhvO2VYJZOYud7XU1WooAiCllES0FkmElLqUe5mLSgVpSiBgLlOX8ng6Hg67YbUy3KyqiZCZMnOt1VbYpdStVgMBKkLEc4lugTqbGBcpqpXBxbYAAIkTp2693pSiTDwMPcCbzXlO3fnZ+Wq1HqeqKpuzTdd3tczHw/ju/Ye5yq+++9X7D2+OuxMUKefzy8tVnz9/fbq+utqebbs8QGvfr4b1+e3XByJ69fo1peFpd2JOH755/6tffzjuD8y0Phu0nI67Z6ZSy3g8PB13n+fx6c9/+oeHu89TOc6lrNdrJV11G5A+Pz+I6tl2qygEXa/zPJfLi3MFX13erLqLzfpymseHu89zmUqZu2GYyqyQruec8eHD9W9+8/rV6812zV2nq1XHmZkth9ScjXukgDlt+yyaeXJdA4UWOIJy/4yofAmP8cKwhkcPaqOtGfeYGs6+hBmk9iH+y25s3BxYSlG8hDiYNQ8H4Ght8TbhF8OcWNk2GZZyjjVQgcbLuuFbzEkDAGZq4hmdtLHPafOFAZvQaNGUPwPiMymARURLAKGt6DOzFXDGsUNsmXFTYtbJyaZ2vn5UYVatNysKQrh1VBskIDv0ts/W4AV8e647Lb9SioE9INisSzOWfvttmVd7ZBBRTMxxA0mtZKCJFfsFUJi3KBKgFnsSEbSGVffwlNG2AzQwR0RgEWSIraJ0ABBIS2NRkQmTeBGOELF5MGX1YVVKDIj4dB/7byZa7q1tEEjrfXaUZB5I2vzKpX7coKCvltRQEyM53a0QqO31hNhOAg6pC99n/+OtLXHzCIAUcAFA1Go7hvAI2MNmBTX1hq9rWjwte34MUCKOlJL5Mq/zCMxErYo48J07eJMyUfUyNi+1amGwxhhfCl2HtxQ3rtYXBTtFDoYX/ZiUUgwxd7jp5ouakNqt+Wmw37v/hUMs27dFULECIu+xDgOn6jDdYSki8CTH7eYZo5YLvjfaMV1MUnCMEjAO8BYTXf6EFphiigiHBKqkAXcNWgFqG08IFBkW7zO1BAt8jJVT4xTVFwZYWR3Cx6FRPIQblVYUpwARL3EQAIV4cYtJKXyBPFHD5m4c3XTFxagRoyE0IceGagBoVSW2hIsKlC0mwuJyos6fItcV2R51sXQuagnmwgI1rkkXEbDLJ7fRQbW7Ctt3wAtrzMuASUUoNg16HO9qbkO5jEeF7bBzAOlhJ3s5JhHFAC4bZxaLbcijGxJUC6SIGrP8y0wF4AVcBKOdCDHPngAReIAYjJELoFXBQqCtYN79kAbTE2lUhMw3Q2fCFkSIOkVPJFKZ3fF7qtcLroIA0HC/8dHNeZkYqGhVH5GvomZnQ4krCExcl5lR5MsXHKmHdIQJevGV7j5a7uml5aHGfriqt9EadriyfBQRAKGYrbqcp4a3i/8LN2B67PE8kQsLhb3W2DhnzyUtepT2dWYE2UudwkvavrOg1bR9O0FFplFySsQdwKI8TlJmHPan3S7/w8/lf/z75y+3493doYpURQJ3XTeNVQlUdUaVWiEK5JxzFal1qqV0oqgAQyqGIU/TJFqHVYdEZSrQyomy9iA5TeM8zin1VarMkyr6YQWi1PfKKKex6/Pj/ddhWG+2Fw+3n9Gv+/VZKZVTUhlzviBSEj2eDvPpmIcMYJonAqRWKTUB0ErMWmaZwJtBweM0MVE3rBnoOq5SpmkCkAjTcU4J/dDVqQhR33eJs4jnMMtcmblIZapTOVUtpZZ1twZTN3TrzWazWh8Pp2+//aZK3e136812OLu4u3u+vXv85pvvzi7Pv/3um757OD+/fP3m5u5h9/HH26fHZ9Xy61W33p69fff2cDj++PELc3d2fvHu2/fKOa3Pzobh8vLs7dvrruO7u7vT835/OgnRVCSN4+ef/vDz939PoGke94f98JBX57w9v+j61cPtQ79a5a4vgv1pzgln51evXr3d7Y+Pz8+c8/bq5ubifZdWx/uPVebH53uFvHn1enOxvn61+Wf/ybfv32xrecT8PKTrs3XKGSmxMNUyOyBXoQDyrLaMBRaDw2dYhMjajiozPGayVBSaaOGQX1AqpvACbWN6RNS9sHhNrzg2cZeovrJKfEWiwuuandiyBQFukZyG99FhpmJi4BWNV4GTWs0KWORsf+k8rLl6I8KcbX8R8AR0IRFEJa5IWFCPGowUiM0JEjE8eQsCwUDQEsKEpafFernbIacgxV2dmyclsqis5dw5wG3MtlObl4K2gY28UDpwuLt+4wONPYetp12iE/eHat24DIJ6PbwoqLFnhnT1BRHbXDJJdOqxOnDxknP/GULzKPZtIgsB5A/iw2f8RBns486MGlMyd+zrJzUgNgCkv/7r/9pvL8qvEMGDvbwqVJUJ9IsEFFx24j4WrxK+xa7PG4o1/JkfaRB7FPx++5dgMe3Y/ZNNTsw7qOEJdeYIAc1AHo+SP4+/jkaE7X9lrCFFKGgw0suOyRNg4fMsekLgdQ6m0JBrAxNLo3vL7wMeEZnwxrEGl4UXBVER0TkMU7TbbX7UcaFDHHs39mtXiz3RPLf77hZbN/9noQqhJQ5d8VqEohG2BTK056EXmMAv2Nsp4sqJgzX3w2+TxtUDLrQrahF3TFAjR01oWNXr0DT+zkVhIfKplasTfE68scoKBQcHzcyO1OFUrOO0oE4ckZLH6JakaJAsgJ1Lj0WdLR9gpZEUBtxv0287UIvvbiNFVCiRKi1LikMgTHJVrNzMNTRCAjMT0GXRs1UPSaQYlnAwjCUtdtuvttkb23XYTJdH+9EgZtFeKGcwxBGYNbmkxtOowtcaWGyhS/r4xXsgzsM9jEBjbIy/uL9EQGaE3XbESNQE0Ibs2FvGqlJtcLBJfPv3Fi5iMetqkwm02TtxjGukDBFJQ/Uv/5Nekm7SoDriud2A+hg49vgxnEp7vkDhZKyAiS+i45noZbIukuqhPn7BJurUlJna7zo16DWE2t7ZDZffelBLFLzcIismvX4KbVgRmiA1vQeiwC+MGMNnPr3YlwLTTXCEHyF5LkItrohXXEKf9kxx5PSLS3bp9BENHjiqtkheNYagE8BQTjklzgKkPJSC/a72/dk0d99/rv/hT/Lv/uH0xx8enp+ex9N4ODyPx+M07qSMKtUGz/ppEHNKKXUp9f2w6vtVyr1oDQNqj5HM6dpgyr7vS5kFOo0nqHZdn1NHqlUKExNr6jIItZYyT4fnp91ht91uVbVLKa82RTTnrBBU5dyrktSqUpnoNI7EvBr6nLiKgKgfOmbIXJhIZBYpKiXnVEtlxbBajYdDzlTnWmZb5S5d16kqqkoRSjQMK6KsQN93Qzeo6GroL7ZbUchcZylnZ5to+W8XAAAgAElEQVSUOwVx6vt+ff3q6uzscr0+e/X29XazORwODw9Pm+3mbLsuU/n06XYYVu+/eUeku93z3cPtdBpz6vthtd8/dx2nLg3DoMREiZDKVL5+/gqmi/PN8XC4/Xr793//p7lMZxdniVBOTz/+6T/s94+cUql1GqfNenN1/ers7EKQnna7w/GwHrbgrGDmnoWrSJV6nKbV9urt2++2Zzc/fP/j3dfP42n3008/Pu+eIDJP09fbr19uHx8fj897+fTl+LSrc+XTXEqpCsmskOpssPGibk6aj1q0AsHOBwkHs+PEzfHqQuDhF9DLXbk6rDG6o7ndZjnCGDT1CHNlnAU5eAsw5FbFV7B6VGyt9W2ULmKJE0LN/cOjfPqFNXXjT84csLtJbR8hDTSYz6Sl8IIclJFTFY6wyI2bkwCLO/L39FW1gYFANk7FDaCBsPjH39ZXRJlzpXhr8me09VLKUX0avFz8PAJ82zMt/qBZ5MZOuB0LXOXvyVY+7kFJoqhw8lKTl17F3JiNQrMnNGut7XAi9rFKT7s1vLCSRPFZzX0H5Wsxnb+uIW63yQKkf/XX/2uFxrwQanjVshYIfOkBH0fCwgG6FXEiIJ1SwCrrytAGbxaRtR4ObbJs1jq2KaC9l/1/m3rlXhUgr+kWVQVDVNp4FdM7hOT613kI5r0zILQWzjbvp+0NdfhrTij8fCvoIH9DhcKf2BUwKmhJG8AJh8w+9McXjDlDSDHL3atvKVT0BQsXnpZ8oZBP41igqyl0K8ZuShkYnh0mhVzGmbheuWFwOqFlGRDyYZ/iabEWycQkVNCiLO7nQxuUKdkTROVPgDO3dQ1COIQhwPBW9Fkq4LvEXnYbuZKqT9QxFfrFamePDcy42B9q6HL8p5u/qKZsi+kAAjFHctNQBLsRsGmnsTXEu6KUEDkkf39DTULqiQ7SkOmQ/1g84JtriaxSXzREj2CJUSAabClMpt9dgGIKvOEpXaM8m6dB2KZwH3YdGjMp2sf5OTXBc6PtsNt/JBbCBih3asr3GLQbMs5FqPmMl9/knwm7H6JApk7z0wKmiRdvE/9HaPU2YVLY1Ybbi6KF9iGMi3OTUHzXALEcspvNZc4MDEu6Xjdn2KZbuRDGJ5E/LQerEzNAW1o/eCdqbsKsj+oyfjsqYUOcQgHNK5iG23uZ/Ed7taK9Z0TRhGD9mosw8XcCKII0128TdvEPezFszXJEIdneuOBSb6jEzFEE34uVNNn3ZyS0Xid7I/3FnMLgHtGCoGD+wlzEUcftLxG3PTMjEFMciHp618RDFaSUWFkrKYgzz7OOJzqdWEr/8FQ/f8UfPvLvf5g+fTk87XZWoZW5koxlOpCMTAQSqJBSMgxFsDCAOVHqlKlWgZZSS1yrljJPp4mYUuJ5nqdpZiKpFYqUO2YutUqZUmbOSaSWUru+m8dpHk8A+n41dBn1lCjl9VnuetQ6zVNOnLs+5VTLpFVWm435gVqqVBlWfT/kTGmeR4ishoFYrQFjmqaUed0P03xi4HicuqEbhgyCiJS5pkTE1HVd13VJuR+6s+1m3Xc9p/P1+uryTIquhlWf6fWbm6vzy8eHp81qfX51KUWZtU5y8+qaEn3+fMfEb95c11IeHh4+frrvh2G1Wt/eP/zw/Z/v7h62myHlPGt5vH/cHfYPdw/Ken+/Oxymrku3n24fHh/X603OdHv79Xjcj+N4cX724d370+75D3/3b/cPt6/fvCGk+/vHLvHZZn159WpzfrHf74+HYyml7/JUysX5xaub14f988P9nZKcn1+shrPrm7d9t/qH3//D7ZcfL866oWfRCq3zeHy8f/r45Wl3qpy6PvPVxeqbd1dn6zT01HXcdYmMmyFQDOOwwQ6q6vosoQCuy2paQiBrQXcbBWoKo6guub5NpFkW88QOLAiMiB7MLcY2IwpMZNkDS8NCEQPj3AYvqMGVjcJZvoByTU+XGUf2t0tthRkR/zwvi3TIqPBibaJAhM2IG8MWL5dAZKSbx8sLvc1oLEUrlGH2kTUOyv1DWzNYcCwBsGOopS+ZbQGG/zkvmDiOOUylfUfMFnNP7//qM1QS+YUgueXzzgUKf5AI5NW08bFwMGHdQ/GTtEwz8tsRG5jE/iRq5CQ7C90Wp2gz7gybe0g+0c4+R6KlkgwgUazIicJQuM8mqGYf1WDTKbi5eEOt7p3gaRN1ChIE6IL9g/Qz8sn7pQWL3MTdK0Xu36sWdGGIg3hfCqkabtVl1UWEVxY1tNVdVlkBGKnMLQgzybBksvsz8Vme9EtwEzxaqCmwjPqJ10PE2s5aGQ6xn2cbRMNGTSNm11lMG/AqEkwN7UVGz5u3vagq0JYLvEUq4pA0siMEOAvO3jhiJiiCV1d7q2kxiVJPWyLWGrZ2fzs5d+3OnhFDxeunxEU1IhP7ZEKgCReZMC1BWUT8oUFwRJeFtmrp4NNDThwctBSMt4HaF7krV39Q0ghxQ33RDGZgbwMI3OYUAIAFY45iAJuIx207CEiV/UEtUiVuyFMVlRRKrFLVDYlGCZl6n1ejM8jTjP6ynnP1NxapbYOGHQ4JiWM99waqsFkCbtiXfygyfobaX6BwQKTFfm73zUsBTEo+YDe4VPJFJFGt4hMllhIyGC7zv2y40o5DHDeTzXIP0Ig4S0Rs1sCqPSAB1W+h0boRt5qkNrnyv4qMh8FmRWTQRRFEW3zF8tYSM70CCNs1WjJESY1B0Ag0W5RpkqxKRGLUspj50heixuYEoSAkZQnH217V9ZRbIjQK2kyJYjwRvF3bBJZUnQZzYYxgzBVKFQKOQNw9uSmHawz54Wl7XQf+NQ5AQaysKr7fp+ERhYrE4gLbHxdq3KTLcI31ZcTQY/b8uarX0nrFZzRDQBHzwYyZtP1jdmI+agls2qNieTNunIKbADOEUNv76WNW3M4A8I460wBz5FWEbLwGqSadZ6kHOU789Iy7B63CX+7mzw8HSecVab0Zzqbz591+WCXWfmL0mQh5mkaphYjIqvoZTIkh0FrKnPvK6n6fNBGleS6KolpVlcGl1jqXnDvRokpD30G93JOUVWSeaVjlpGDVBCZwKeNxvztbrcb9/rg/nX9Y8dkghNx1KbHUsev69dl29/Q0dEnRjacjMZi5znNKmoHNZqWlbFbreeSpTpv1mkn7vhvn0zjOmaTvU+6IGDIpEVdRkPZ9l7uOlSjR2XadE3Wcu+22yiR13m7X/Wp4et733EE5Kd6/e7u9fH376bOUend3zz2fX17evPu2jMf19uzx8fDq+vrNmw1Bv//+h8+fv3adbrbD7rCbajnXqczy/X/48TTXD998IOKzs1UZn4tMr95cjdN4++XrT9//2HV11eWkoqXsHz/+8Me/HdbbMmM6jfunx5xpeH1DKU/z6Xh8ZlJmPh7HsaLrnq9v3q7Ozk/TlCm/ffO+78/KOKvsLy674y6P0+7majvOh93+kcDDsBou1t9+e/1P/+r9+5v1dkPbdeoGpFRS4lqLpbna2i+3ovbv5pUbzcKtECcMq4RlNEOook6B+KziJX5dLCdTC/0JFKVBEeWiAbQ2hkh9w2TYfXe0otE4K6j0AjQH1tHoymmElllWrep5btgWUyJo1B2ifUlwCS3L6p/pXf4OTmwJjFe3BxDzDRmIXyZ2U0wOzIIM8LN1RtLQrfs4omRlilqX7iIzXmpTr17MAInXpSrKYEHbimNRvhlz/+gIjgJusZtSBVuZLgRg9uWuvIxAdqgQPKQHMk6c2AMuj/QCy9mcD/ubhFYhHJWRRp9ELPWC4CFIVaiYWbIntE+RxmoLKQlRciTgxf2UzRsJx8JoclQW0w+XmCG4R/vSyHaEszVBURKt5BkaCw4QItLy9A3dROBjj2ClEob04/8FNLDQUER9KwVeMFyLCAYZb0Jjb6Ea4Zjfie2bXFZjtXeC02Hh48mnVxnusSP3Yb3+2g1V2l2HK9UA//Hw9pkKYiePPbvmbpSUoRUm+2opBHk56NPFxPJ3QUxKAHunBhG1BB6GE6BECSoawy4pTIyxcq013XYAu1wxwRYfInI7ykH9eSe5K6eqqgQktM259nhi5ZHNXLV/aEGDjo9TsM+OiuJeKd4b8Mm+4nZPKVlPg6WSxAjRsKGwF1Crp3EZijSHfRhaFpG9b8e12hI/tr0QlnH0+3NzbSLcxom6Ujg8cXSCaLb323sxGm6p2LaCvEC3nhKL4zLe1wKrUEAVB8DQ5ObDwJyIUKifRWq2Qsn8UIv4YHEkQ8Fi1ZlCthu4QfiIVNTIaXcQgYMjJ8th2BrnG2rgVV/J6mk8yFI45FMoxzoPrU3JoinCHIUXB1UPNO0gLONnGqQuWX6rCk9dxRkyx7paPzar7vNcuAZ6F5u252roy89B6gW+0U8UbtnW+rLa1HRv/HHltP6HOAuhmKPqZdTcpAa0DKNzR0Gu7xFxOVkTVtCk2oeC+sJ2gjXfVLGN6a5lEV17HsIejuDXbm6cVYUXG7dMwHO90zayFKESbdsJqdiAKAIJE8TX6ajzVl7x8wIbEGIXp+sYEZNIRVAmrhEhJKoVhaK038+G3M+pYwqiCIbgFKAdIKDRCBKMIiPZpVcBlDh1RMqJdvPIvHo+1L/5+/0PX55PMx2OM+fn/WEm4nmu43iYZR4Pj8f9DrWSVNsPmiiJlVArQYlzB+vKVxFoTr35nzIX0goSMLqcZJ4rdL1aCXDaj4nTMKxEZZolpUx9X8uoIutNl0BSbHFYP59O8+k0dD2vNs9PT8fbz936ql+dz8fTPE4pae7X6+2mlno8HFGk46Sg1GGcShnnvEqlzH1mFR3Hk0JyTmfbs1rneZ4EZRKcnZ8dj4f10NW+q6UO/ZAT5ZRKqX3fdYmHLjPJqsu56zJ3ojKfyul0yITD4Qg9zeOpA71/85ZrPR6eVkP++vn27OLqd7/79dPD4+XVzWZ78fSw//Dhw/XN5TxOVMvjbrfebjJxyjyPB6lQTKfj0+F4NuTVpx9+Or+4qHN98+tvD4fx9usXYLq+vpCSTof58/d//z/8m/9XTnm/2//++Y+rVc/MzJS6YbXefPz08+75aZplLjr0Xd9lEp1Ox6vrm9evXpeTbPrNr//Rr4+n+vOPHwEZT8enp8+s5ThNpY5v396cX19f3lzMMv/p+09fbrvrq/V+PJ2f8fl5Pjvr10PKXnsoQuozl13cYCUuMRLd83DqbIW3GDpaMkMTpLGEyrrqWEravUOYYW3gXEMZCaR1QTBOOzWsGejf6CnWoBQUtlvYAIkE9mentyPGkKaiZiKrr91dDJ1E2UN4rRc5ycjBhu5Tw4/OLsGXK6oCxAwVtAFdwZ7EICUmVY1GUXOTVrOrKsvkdB/v7lYtXC/IzSZBLTvinUZeJqkAxyRlB+TiiDYcBWzzrbjHgEKJmcSmIwcuAykRK8M5UzNQ7YCi+XK5HSVCtd81CydWEYvIZnrzEhFEhJXAvuGoRUsEqDksVbRAytxtpDWswtavkkBgEWUmQvLTV+RmU92wKRCLmE0kPcvvIAULSHA34b5/seXWh+JbJFotTbP0iMSs+XHrENVIGHjEF2ehkUfwwg4nkU3CXGfiul3ylkoNtbfkiDs0MISTYy2p3OaZ29158BdSbPSvJ+hcscioPq8/MplUD1Qt38fhiCWgh52sYREjqAJHsKcooiah8bPagEKAGvv5mLPquEyhy5YfF6FQDVl+xAFxg0EazhQRbrkypRao+tuJOseoIaOQYLr9mK2js52IRPDs5sDZ1EVompOPMLg9hMb9u72x8QXm3TlwClFk8VTVUIUjIetol5eqAMRMfgdI3jduYu98NJBe5J40rCqEnOyGsi4EkPcemaBZ37AJmDYl9oyYnzLF0TvwfKHu8BbVSFcZB9pksCkQxCgo32vkxlJ8+qPdl/rJe0jNZtVMOOzrJawxKwW7q3ZlbcZi4Hr7cqKAqgb57LQtVg3qGC0f5O4vSuzEmXJf7WETByJ+9EOx9ALE7KDdbiA718rgftjyLOEhDQX+LwJcO1IltSwzh3kylwBIpGHttsJ2eD6uBYj+JRHoVw2gLS/3sSGOnaj9N/8zqiSkjcT3REVoFihQeLyj+zMxX+Va7L7fp6+pqhs+gaiQOP3DXl8aQWOgC9NBEoMYFvU11+UtLIqq1RTFu0TgkYrCf1VcA6PMDH6/llOCeAOfCaJFJhGzLXKksfjghfjbOTQ2yUQzjs/kp7rt86IHPy2mwF4ahkMILG7ZSazEvoqIlErzYZyFc1rtn2Wc5mkkXq8w1NsvX5USJjkeJwL3Xb9ebcfDM2teDdtSx6KUUmZSZhDRPM8KSC0KTolz4loL1ZpBUIbUOo+cmVPPmaFS5ZRzD2KtknOXk4k9c9Kee3TpeCoKLgUidb3qpErNqe+TSi21MnfzLPJ0vzk+bW/eZ+J6OvRdqtOY+yHllAizKrNO84kUoMJMxJlZT+NxxKQ6UaaKueu5HKBSu5SKFBCt12tI7bueOkBI5rLeDiJlO2zO1itFvbrY5NxP05xz3u+fT/t9meda9eLy8tXNVae66dPrm4vD49fnh/H9+5sffrxPpOuh+3m3n0+n3/7ud+OhlKk+Phxev7l6/923Hz99vLy8/PHPP5JiOk1AfjrUnNd3Xx/63E8zXb1+/9tvXver/v7L7ePdwzBgPEzb7UVe1//vv/7/PD5+Xa/WT8/PY5muLq9Sl1bDaru9Po3jYb/rU6oCYdpenOc0dCnP4+nh7vGf/fN/fnNx/dOfP5VZbl6d394/lKpFdLc/1XLsVyum/PRwmCc9266uby7O1sO3v3pzcTZs+2m96pikiJYyo7MyNJ9dYKaGyap4RbyMjkSMSyHHEsbxgVUg1H4TROGUjMOIYXrN+Tth3OzxEuQvzsJdQ1TLRI27W2SoD3JShO93DYMBA1vD4QSG+qMiDDzaEBMA0SXpoLDFGxSgyF6egqEMrQ/aDoBXOBjcjc9dmDsKLi56ht0Nu7ZL4EcDM+GkwiZ7DTkasG30I/nANkRmGWqbIgkOJWCRvB+Ovx1i8n9La4RDq+LGO77JPR41cOoNUfBxS2Hwl3IL9j9HQCNWL78JpGRfJUZGscUTHj4Zwez0CMhGvqSgnZoFbXgOREkVlNDOihr+o4x2mHFoJjnWpufsjGVdKdkTLl7P0tVsNcvsgYYnc1Ad8lWfLR5nhhBeal7UeR9t1Z+2YrSVHEVCAhZrm9/2NFvg28BZ4b8R3tMDUgmsY8eyaIN41Ei/uH3DlsTkFOmy+i9wGWsIPVQ1IjoXdYDV134pnKa0z7U5Ql7KyjGgByCmRGy1hF7mrhHVx4YKwKvQWv6jUerOaZNH3VAn7qGerfFCc9uf5JF2aE1TY46kERnhTyqQ9tENtweybTVypvcx011tOIISgZkdM8LgiFP7JuQ2sQMt7ieCudGI+Fvay+K3yG2F7rWHARxp2iwlbYYsmP8gSFvI5Zqg3OyIxhx813lr4rS7ZG0xryo4EYlPfDBxZYhjdoaNfxDfScxePGKbyiQobWqxl6cINFYEReDqaiZNXcOnmLBTCLFF8NomKUEiNwqoSGv8D6Qex+yCHxlXs5Qhl6bdEUaa87CClyUFZV/NLW71RIl4ARWRV+hZVR45MGyCbIV5oZCew3HCi6NDxyZHkXsw83sw+KsESpbn8P7sBX6bbbfEKwMgTogYXwK/OhMfizUltEqVl/kcDMOTEPWKJfIqKhKINYdp2C3zmm6CCQDF0nSmSHS6eWnuJLpdAFSLSi0R6EEpHKNLGFe/xPg3ioo9UEQQ/sDw3XiRQLZLFKoq6kNVQS08tWtxcOIW1n5NgmuIHX8w3WGfxKcKzwIQxHxbW5lExid6JO5YQNX02ad4QKCoFLZZ45Qc7TvxRFxd1Ak2AcujaDMPSzrH2BtKRFQhIM1dT6kb98fDfgbJXNYzhpkEGHf7/VjpsD/0fX9+fllrJU3TVADm1BWQgG1BlhIEs4I5daqAgFICMeVMnIvUIrPMNRMUnLuNEleZS5mZkkLGebYHY6KqVGpNKTFUQCl1VUqtquAqoMQActfXIofjibRywtn5tsMop+ez86u57wh6eD6siEjR9UllUpXVqj8ej6uhG4b+efcsIillrVhvtqfTodSiFeN46lM/bHMps4qoai01M1LuUqKx1nXfbbbnZZy6zMSZONUi9w/3KrJ72n36evvNh/dn66HWcn25lWkCFCybVT+fxmfoVGqpNIvs9s9Dt/rTn74/v7goZdrdHtfbQUSYabVePx2eb28fX719fX2zvXl1Xady9/i82Qzf/OY3bz58u131x8Mj6bga6MN378bd1On8hz/+293Dj8x6tl7NpdBERSdWWm8uury6fbw/7g/9qieg7zJYU0pv3r+/urp5fjz98Q9/vvjn57/6x7+7+/p0PJTd477rh9fv3xxPz48Plbv1anVR6zxs169enf/uH71dr9JqS31fb16fbbeZpOROuFOCKPtoP3G0i9hcS6DqZEOwCuyoxeW/pdvNEju6ROUXBEFgRTM4iy0LFwECVYnOVzRPiFYU7H/STISVShs8VvMIYE5uyj3HaPa5ZYDN4/tAM7MMQay3ogcf86GRfnN6llhiMF7YQJD7Jo2HtYhFNCoY8KIQiuz1YcseY++ZWdmXhJNl4a272J2Powr/BBafMBEukt0INVsXNQt2fOJM3wtcRZ6GMLOjLfZQJl9w6xydknPPfgg2b6ilGcypWcmwwiu2OQrHBKBoZvaYhPwFQQGZzMGF82vO1zyWF5IYAHO5tIuMnQEaPxzV7xEqkaR/+S//K/sLRDhGrcgI7XIIgeu99XUh4wMXUiPx7NJ9Yh1AusB3eFVWK29xxNFuxQAWI+IYB/GBsv3O4uLjL9DqKyJmVSIStGKcALj2Sqa95HpFHKto3EhHcOU/7h8ZJ9nwNwXgjxthz/WQt58DrTbWcIP63iE2rE3t/SlKuQ2eGSRKkXsxsbUfMmEiq0HzIyW0xuP4OEcvlqQwxr7hx7BB9oSMsEvwb4FGF2ZoO1oewt/KfzYk0B67dUk2qEpkpWdxtGGwQu8pLsX1yKGtR4LUDn2J6tGCl4AtqmbMRCMggDq50r7tF99ODZZRQxHxky3v1cy1nYH3mYZMqA8Wp3ZqwaS3w2pQ1VGPKwVFs5efgX87RTU5bPZR4HXD9jAyoqmTW3jH3UY3xFWFXVGPdpbnMg/SyAXniiM8bur08iUjsRu3QxwFJB79+VphIgKqlzxGj+QiVu1iAPLSSeUmNxYMOwhu1t5eljlC7ECPITJ+om5I4opDj6mVrvtvUnAjFnggpM4OvLEBAIxIdn9KVrUf6kBWxMd2SRZfM3nxieFtiiuLbAQhzBtFMOXPG2x7CwWXOrX4CRO8FjLZwhIotUkG5vJiHYWEXgdHE+65yZu/OCL7gsjSRY7FLIg5bPs7DkNpasftXeKr3CSp61FoJAHWYhQ/F8cfshC/2Aw8lmQBu0aE8iHurT13hFi+oWfJNpoPZNssYYNlRDnxsN3cjFP+/kv5/ffHnz6P09zXmkU4gct4ItFpHA+73Wk8jKdjnQ5l2tdyIim1FiIVUREXcmZOKdmSeOJEiWudoJU457xiTnWeqFaowFduwSkP0mka51IISImHvgfz6XhkcMpuEFTqPJ5qnblfXV5e9T0Pq40K3VxuORH32wrNOUNUpfY5qc4qJWXKzFBRqX3XJVCdy2YzSCld159tN1Jk3WXR2lHKq+5w2HeZU6Khy6q6GlZn59vt2SbnztJP8zQ+Ptz9+OOnP3//p7u726en3f64X/d5vR7uvtxpqdbXcna2/f3f/sd5PvarjrtO5tPd1y/j4XB9df70cHd3d5szBOXp8eH+7qGW/eFwSkxQ6ro0j6fcrV+/fnvY7c/Pzt+9+3azXo+Hx08//PHh7m419JvVduiHn/7uv//j7/+HqZTpVF5dXr17+1qLHg7HYTVcXb9bbS9u777uDzsmrFbDaSz9sO7zers5z916fzg+Pj4eDsfr16+lUJfT8TT9+Q9/5lS22/5se7Y5v3j97tWrm+1q3fVD97w7jONpGFbTfOo7Ui2UQCQxX9potMZLustq9tbYI3H2QaHul4zPCaoK7qQdypvhZlBUi9ivmk40E25WyFx0jNUMTW8sDi8jWQAgRV0Fu2VqZsA9RpRdOHEAS5kiUnJBBvGCBWiBUgZ3EYmORu6RUV0UrtDK982gtiQ7iKyDP4ZPu+oLxRj0F2jCKXVHoE33ESwFBTXQwp6XBt4Tpsu5eHMbqKGK8ObUMtZA+Ary7jbyHuf4ZCY/Fhv/yTaLvtnmuFqF82EIu2gYnXShVAJLOSEW1rAVv5CbwSiK9OIFXVACADYL7rW3DllszITPOgnEYajM4p2sRDarnBwWh892/+XNZk6FUiQ1GlPuTYUuD0RRiQpCJMuogZw4da+kIAAQFV+NQCw+D9Dt5YIMlyDBT9C0zrqjhbxazkldX7BoP+DFzg4fImCgZpDt7ImshC9cJbmAUKPYQkgsOraVWzFkzjFGyGY0SCz4UE2PW7ktjEBswU/YBSzPEAk4UJNH/37hQEeWwgtk7LM4A/AApIkaP+EqYdxcdFoCqAomp77dL/NL2BiVvw4BvLqErEfl5YY0jot3DMfBTSgAIQ5mnUFeh9/IZFMahZIuOScoC1kY5+yvBTWquigtgnxe8muIIS5+8goBJVKyIg4jGkzthOD8dKwmZ4UbIDeJ/vjqIm+GS0XYIyfjgGpUJVmbb1sRqFY25PwGiCHVsLaRrU4XeVJUvYQiLH+kM160FohKQ2iuTib2oSLqz9SGz9icIc85wfJL5N1MYaMExCBWFYlsqYugFbC6WPIC4ExR2SIhsuSfx0rO1IuClUTBkZsNe4zopSW2EkZ7ichf2FEyKLFNTo4etqhV1SbPiK5qI5+sth/iz+jqrQrEfg6o9Rm8jEkXjfUU8WLlEXif+4sAACAASURBVPrpgSKchbDQySop26818EpYlGfhjRzctSyUK0QQ+z6LOkTY7f8iyeSGKiJTas8kVTnZoAa3a0ao+zdbjsv8RYvvxE2bt7j5PgIgbmE5GQ0CPx5Lnc1rDCTcK1tdlDZB1OVhl5+MQ7Icoc0x91NoMcYSB0n8qQu4y5AQGJxURKGth93mcljaSkVUwJxBdDyNj0/Hqiui4ftP4+//dPz998/Pz9PQb5S6036fidd9FpRayzgec+q63E0TiajWmpiZWKVSYt8HDEuNSoVqrTKdssowbLp+RZSrlnk8saDv+yJ1FkmcoJKYa7UpQch9V0WqlKKspP1qZSJWVVmFuBPK4zyu5nlzdn7/aUco16+311dnP/7wQzqvefuq0oESjof9MKQus0oq88yEWmfU2nWdlJKYoLXrGEwipUpJOZUyz1IGWvVdtxqG1ZAzp3ma+34FaJnr8+PdadzfXL26/fL5xx9/zLk7lbHOc5fzLPrz59vHp/0812meN6vVuv/6/Hj/cPvw6u3Vxx/u8ma7un49jQVabm9/lhm5z58+/yySUsoi2g/p9evu/v7r9uxqvd4ejs8pqcrp7Zvr87PzeXz++//4faLpdNwlzqv12fPzbnr8+fan36NiyJvdPJPIth/O+s2DPm9WZ69ff0BORSoSz7V0qqpJZ1y9v1mvzh4ennb7hyr14f7x65f7TP3d18N3v/7wd3+T/u5v/u67X706X/df7x6/PN1P4/75eBxW61evzv/JX7379tv69vVFh3Hbd9vtGlxLOUkSiIpWRsMi7k8osEJ17+K42ejOxktrhOWhTo6BrIaOvLQjImY3YmYYEN2oeAGB1C0TwRo87QdIQ1+tNJ6Cqwe8W86+0A3aL2iHyFFHuejiw8kIeWosfCsjAEDsM0T8/eB9e2YP1JeXKKBCPm0D2ko3yLo73VbYR8QvoIUQ5F15Tv471WKv4CmFhaoIo0PeeCVYWG0KdIvmzkgt+a2idhdhhww/tvSNArS0BRssDvbdvVPcmCqR+l5bUfWZ7azGBKs4LxwH74jAkgN2RbQ8H+iFP4/yfCsvUQJ76wMtDyeqRJzI/jaIXSiUvW4TBAaJpv/9/+G/ajAUCyLWONZfGO+FIfTTjBMNpIjGBNmfkZfBkAeufrtN4Ny5NfvuoLkFQPrCxwAtpmsv76F0IxHDTbnc+KilRpcTWvs82V94O6tHBx7T2D+2r8g1NOJxlwKL/Br92MCFl/bHuzScYRAsYt1leKV/oCJGC6uPskDUogSJpvHFAUsoLmJB99Ft0nB1DJ419Qk1pBYTqLZFrvTihBXE1nliq+c8ZEacuSPoFm1wOwIH/A0tOcrgiP602aEwcX7kltdA+wOFxOe+yBkY3oJvJiR280W6mFKnVT22CgvmNsVsEphthaMSs4TA+CfaXRsY8xggWAsr1vGiED+NgLZG6CjBZ+H4S2i7/BBwf5ewlG4mQaTRoUDMrPEriiC9wyA4ia6ATy1Vm0IEJkscUhPodktNWhDI34Q1rj4wYgxSi5u1G/WNgOTxYohIQ4Bu8sMrxrFQ+14CWVtDqIOxVioavicyyF5JhlbZ7Qh5Icb8W73bxS2VS7giSHiNW3khANBoUXESJt6SQ+2aJgDKjTyL23Ly5cVLG90MWxFqf+XPGxZOo3XBzOpizlzB8eJ+lrgmZCQ0u91e4OkwmQr1tXHNBrVxcz7Y1GKe5gTawH1zF/BlYYHw4w3iEZqyO0zwuCCUuR2tyYM9p3vaUO4YSQtvm4unCi6hBReupH5VTuUbd6UUz+BW3KMhKHzMn1P+Nmw7AQxiEVLkaU77vd4/569P9OlW7x7w6dPj6TQ/P+2fnnb7w2EaJ4iM06gqRB1xUq1aTglV50mlqMkug4kSMTNDPfpQ1bkWprxeb1PeEKcqM1RSYkos3u7CICplllKZExGIudbad5k5WcG4itRSupwJKKWISq2Fu35zdgmR66vz0zRX4cR6+/F7AQ/rM1URKVJHQlWgzrOUCkKXiUhqmVQk59z3vdY6T2NOAJSJtdaceNV161W/6ofVMJDKfBofH25vP3/5+vnz09Pjer3e7Z7vHx+gKCJahZmEWRWnaRLCOJ2O4+F0mh4fngA5jqe5FCm17ztRSaQgPh0OWutuf5hK2Z5v+y5Np3Gex9N0mse6Xq+Op8Ncp5RoPQxSx8Px+fPHn2s9na9XXe4vLy/vvv+7+vjxL3/1m1XaYE5vX928urnMQ759fHwaTzc3b9598+vpND4+PZ7GUylalZlW6+3V2zfvu/Xq/v4+ZdzcvF6vL//qH/+T3/7mV1+/PIrWzdnqhz/+/u72bi5lnMec0+X12fXNxdnl9sOHV999czM+P5IIZCZW1Qry+X4mfdHBGxG7FQWZeTC8ZcDLQaMpfTBlxqY3DEHLX7rHDDNvHUkm7LpYHLjxgscFYdQtcgiOypQ3WAcAzMQvjZf7W2qPRWFmjF/y94wqGXu4xWmHZ6HGYfl8ELN+3Iy/2yZKZpHYB37FjEyHWv555BUzFF0E9ncc0OTF1wbmJKRWp9mAovFBjcaM7wiTr85+u4ED2tfBp6HEKJ5AJLoYJvs8bisTLNOohnGUYNuHNP7QPDrsBqhhk+VV/PwJyx5OJY26DBhGayAhnBYRc+BEez0fm26f7BsR2OujqFlMigMnJit4yO05vK89vsDwuuMPc22kvkbO6weopWLQKs/VvbEEMmqnJgsGscjGxM0nxoBgrGWMY7SETMhWHI3fvirYRupZf0TjwONoFYiiNkNyMUPVv6fpBqXWlOOoxeM3MHsEgBAvDxwQbndJqxlkRoQh9hdeJYJWTucfwFaha99vb7y41ahHoHCN4WUDWDfT4U4UBGayWsTIhTdoab/j23ATlIgSRd2iaCT8AtMBUbNmPHHrS2kQ2KoGIda2Ejei8fytatzeVw2begWkkQvGA9j18y/GCUA1aHX2fWxNTJquqIDZyuagCuKWb3Lu0YwhNXNJHA0+gaf9i8geJP6KIn9pdIZDGYV6G7BhDfsaAzJMCrKu/4iRNAzOsgfJMJk3RQQ/aldsheiWLaXGcAtUJLJUC1jyZnY2i0xhZZ1BsU+DRmtyw8sgi/qJ4OQ/2oPZ54UCx+gbuwrxAzEMSE09jX4wMjkUh912KIFE1PtXxBlntrSuGtJhAM50wusuEUpGEXTAZquwhc0EWP+c0+x2c+HLrGCwTccBouGXYH1ECx1O7iCjzNJNgoRsB7HtNsaHFQdfYdoV0q0Ro/gidbh+w/LzlkNSYvYRIJZIisSSeVZ4gO95JL8j9+kLYvBePbwQdNVqfR3eYvMignqhjjbqgTwF/4JBUFVASMKcWODlhb6B+o1ftNfV1qu3oHXLD/hrS/wXPyTfCi8VlPy07LkjzGSzbfaaccnErs4aszkAsu6NGmMAHP7EXBBy22XFjjYurFriKB320ziXceruHvkffth/ut8dDkK8uby6Ppv1/un57u5hnopylYLTOPbdKvW9QgHu0opXgvlYTmMVZYrqCoVqgaLvu1IhIpxS6pIAczkSbBqMKWlt+VcpZZ7HxElFkUildDkxMSsrYz2sTlILFYM8DJKqwzCg1qnQ9vxCSI+nw4eL7XRAl7tPf/jb1fCfbS+uZWbqhuNhpFpLGbUqSDmzVGVmAuo87cfTZjMo6jTXxJTAiRNDmUR1rqI6lcf7u88/f57nkYinqcwyf/z54zidKBExd7BlFNZWLZxYVZFYSJ6P+5S7SjI+P65W6+urOj7fnV9cXFxeg9c/H06n8TSOUx60TPtZUOdy2D/1w1oxfvz4I0hSyixlTM91nnLihOPN9ubq7Hx/mH7+j/9mdbr9b/+b/92HD7/69//T3/7x7/7hm19dpUHv9rvb+8PDXM+uLgrGp/3tWI6H8bTu18OwUQzD6nwulOc69Oth1X/33W/q3F9cXL1+d3N2efk3/+5v3n5zfXZ9vfvh9u7+0A/DNMv24qzr01zm0yj3D+P1xSqvthdXq66XlDoizgYLzJi4jWr1/zY4zo26mQbHzdGMZv+m7gsX8xPDKcjz/RplNe7OfXvti/jch9hETxABXrCHhnyia8+hJqmPTuRlmHMrXjA/7ZPG4EZaxJwwaWyvRQPdblPM3kahicEDw9Vmna1cVL2U3WEToKq+w8CtrxoWIkLMPRBt/BrBs4ALBRNVA4ZhbZu7WagWFaDBGffG6qxlo4UCyTloWNINUHDEBGgfZT/TeM/w/84BKxGQnOaL+TcOAols7nbQce0Q4CLAzXHYqCMPRwAgmYOj8MjMVjexkJPAEob4T1IM7zQJMnPi+ytiKpuVekIVEOW8jHuP+NDBTIzbiyjFJcxwk09Gt3NezHt8N7DMEZX4tuZAouDZpxTZXTRF8EN2uMntt9SLKF4gFhKfV9QYMVKOGv5IjsEzWB4daKw0MB0zfGu+WHWB2eYDI1fkAZR4uOV/ZYxvcowUDls9FU7MrLT0TnI7UXP8Ji0e21DTEn89Qx5Wu0dKvgYhikZce2jxuPH8IXeqXhbFamwC1ApIAIs1JXYKhNkI5XbhJ7MkAb+psRwgtUoZs0ZmyQQAhMH6MgR7cVVO1TX5V0dRcFUK3AK0J4DRzuSVcorG85tIaNg+H8sYxd0aL0HOnnCLV918xLWHSVYPeDyk87SCU77q7VrqnITLvU0QDhsrCCLauku94EmtPq5KkBquLvaErY/SGCN7K4FfEzUbBECJY4lYCFAUbSDqqaA+m5HU+vUjynJoFrEEsBSDSDBOFtxYOoTgnUr0Yqp9eAGrDHfuyE7SZ8KKViiIamu+Wg4dZPPnRMQNrg9ZaqG7y6+duoih9mDAPEgXVWSP+ZoWeHCqi/D6TWkMkvaQyeVboE2aXhgtu3Jt4mxDiRlRDus/qGbl7TxZbM5nSG6YCog6DqzuZ6BeEG+Ojl9QB2rhi8Ia9EyA3QcFeRSBMKlEPYGVnbrrMiftahsXE3EvxWA0y+PYZGS0lICE3XFt8UgWHpIJoh+xiaNl9SIx7q4IqkTC4GrnZGYjRoC6EgWl6EZ3CSpsxoiVIolFTYAq2CqOmLx20c/McYsSMTOrKomYnYNCqgogkG5YH0c87enh1N89608/35dZlauoKqVpltXmUrCfxyNDMnMpRamkLufUUe7GwzTXqdTiTyvmMgunBJCN6OGUZq21luNxD0bi1KcVc1KRgkpKIM7cVVFGUugoUwL3uWdQmUXSRBBNnFNSSaXMTJS73Pe9VFXRaZ5Wq82pHD98+3616h6+Tqw95vJ3//Zff/sXf/Xq/TfH46nrhy7pOJ3mOjFFzSAJZ6qlDF1Xa6ml9h1boQQnzcyAdtyV03j/9f5w2E+n01xnq+Aj5vE0pkTb1VpKBTGYpJJWm/rMXe67nIHKvSTORQsxaZl3j7tN6vJme9EPh6kknfoEHdYpp93jvTk0qXoqE6dOAWJNm02dy/P9ab3O3TBcb4dttzrf9F9++Nvy6e//y//iv/xn/+JfvPrVd5evbj68ev3h3ea4290fj58+jcP21ZsPb+dapJSO03a97rt+mqfLy5u+70/jSebjajVM0zwex6E/H2d5uH0EGOj+4T/+aR51rjKs029/+5tpnpBlczasNhfvXl++fbd5fdVdXKTtlrdnvUhh1loreylNDXygDYhzNLWKBBiNbUDgqIlw+QEcM/i/O07RcLu/oNQ0IHvYUtc3DrLV4o1gPtGgoAcdFqWrIQlJUfAQPbcEblwPuaERkLcCsBIxC/nkCjEShtDS2Spiw529kdgr+nw6ohgjrWgIWBssNzhmA0qNfzF2RkHsvY8aiMx6n1pGO2C9uy37L/55xk/5b5kNdTPnv2AZmmTGMNhPLzCN3IZ5CcUSIiliw4jZNnWixEsP3Or7NAg3f+pdxh45ES/5Vj87h0VWGsRazezaX6cWYhHE8aJGEOOEH7WMgvElBI0aZvvKQHeU1DL37DXmFN4nMbJGgy6pc3xRzaSKNqaDGnljVbbLMP4oUQnk6d6ACUocZGWQSva14rbb+TZ/DQsy4OGZeiwsDs4NaUV4Qwuot8On8OaNwQ5c397NVcKFxqbdu2t3YjKwn38wWe03xfi5BlYMBmoLv+x8pN2qwyWPbiSU2S8klDhq4IQCa7p2LRDWr9J/VwnwJT32AAhi2g5LgvlE8/dhVpwSp0BzEWV5+Bxv4QOPEKgpFMIfyW5FLbPleSF41aACiSNOpoCYlmgJL+85TW2n5s3yLYIwKOxmNOwgkZcwaLvQePkIHk1DSQwswC6c4snjyBsvLv4Byysa+vKpZxbeebmCtDjBHg9uny3D6J9isNATiKHeZvM9aQCTe1oQfai/a4w9pQY5rPBZLGTmGM7seghvX+ErR+MS/VTjWf0mI2qwzzDGhlpsqy32chkPMmeJ3EStI1MiOFOzR3Ce1hoVYnS/43purHH7MI9SAFK1GUrMjCg2BYlWxNhsZ67sb6IvhhzVtpHHfkUx1ZLCUNn/F0CqRs0/EWAPaY6BVWssZSSXzAiPm6+lmMGk9FJpEKWDyj6QFREWAoiZwiEK4R8a7eFnIMvfmzcxU+mRAi131gI5iO8vANrtGvXttAHF14YJNTHQJfhrHsRNhGcNowDKYyDPiUDh2VdR5cD7AFknO8cEKX3pPOF+jsic3i9zZ16uFMGPETrc1D2eyJkZ86BW54qGkqKcEMGXK1FkeDVxppymovOJwOvdCT9+Of3xp9NuzJI20zQ/3O1UdRrnUqZuWI3jOB6OJGXo+lJplmNPm8wkKgKtKhUE0UykVruhxF0PIpUKRpmLGTJWrUWRmbuUuKsoVSaCAkkEtRQ30j75napK1YmFMnOy/cJIIOHEnKiTvsx1Op2Ikfvt893T9NPn56cjinZdFoGK/Id/99//ar9/992vFRkom2E4qcxlqpNQwqrPp9PUJcqJIZr7ruuozLXrOK26zDyexvFwfH583O92xAROxhglAqtmTkZ5MyWjGhLnWmZFIRVfS6tElMEsIgyMU2Hw8/NR5k9StF93XSp93mxo+Hz76fL8skiRWki1FhWec+7P1pvtKk/TyDpuutWqH1b5jFH+9O//9fNPf/zH12++efer/anc9Dh7e3X59ebu4ef/8Dd/Ow91Nz1eXG5y1ufdvs5zYnQpZe66bs1M6/Uqp44S7h+f+2HzvJsvvt0w0mE3rTfry+vt93/698R0cfnq8Py4fzz2K76+vPzn/+If50EZ48VZd3W93p51XS4pEecsWlNqZp9FRFE1SLCYgttGoZtbDMMbeh6zHzyq5sU2B+/k9ff+x+ErKBBdgBlBtfWFcO7ffsLr9tXBMBG5xaaFAvAmM/PL3l9EHh80/Y2JPxBSdl4A7YPVTblld/2/OTHrc/wNUJMzXgogtdfxP6WwAcv0Eom5bIHdwZSk1aV4XnnJmDZK2i2eRnG8RxjeyhVzmxDV1O4Cw1/6xzbEZhxe68e1sAZoYxw9OiEj5BE+Wkkb6PUnMBOqQRGRYx94uMYx7BsaQ6TtlI20twCvPbYlG2whTRhLdnfuODogCrd0h12YM8BkozcALPtiFZTD1QNBaUbehhyfmuNVMFpVqVIr6g6Bj8mVhqP9g6I4x6/a01oEWzQVNQweXsACRQTl5ufr8tcAmGFyi4DQFnM5qrZ7DBn3lIL6h7jnbC/84s88L9B4OYrYEVHEJst9MGKGFaxSgXSJNOGn5bRfoHQDTtGlqwqfFeXo2iI41sbWanD+aiwyk4/M9K1pntOBrQ9zSttXX3mvBcWlutNljcn1fsISGcx21A1ax+9bmbZN1hQNgG5H1HhEDxXdDMJkEy+W0RpIMdpQHS9VUqBNivIjd4PXhpZxS/XbNeuLoZhGdxPBaovajbqpMhPhcUWTHY9F7MmMxHe0E6RrhGehFErqkyJdvH3ufqD5Rsu32NJPLhKxZMGCOBGkrjuRl4TjGkd1FsD7zjtodG4E+xOKGeQIYKek7J1ZxDbLnygWGDRw3AJwR1ZWB6VQJSRTVD8f9wo+RdpI4jab2X6mKmDzMhvqjHhGFahSTS05QJoqXv6P3ak4CxVYHj45mZWh4lNi46C8YKiZHIAIYgMMyNKYShFRoAFxsU8nIOYTKCtVvwL49hYjki2IYTt+z0yT0fIJVmUpXmsTA3Mj0Hd7oyS0DLH1QjMfRBEpcru6cIMv3t/jiwC+wcLAA7fEvt1OIpQld0sWJylFSaTlF6UllqwMiOLBPcBxUSciaTMkTBwDtqhP//WxoRXeE+QEgauO0UYuze7Wm4dvuEcpUWjoy8ydwxAKcxOwoZles27+Gd6MQrYNOSWGLfKGJ2ZqFaV8GuXPPxy+Pp2+PvDdrvvx85FydxzL4+P+cDgRSLSo1v3TY6mzaoHWSiUNa3Dquqy1lloVnHLPUioUKCqSUuryYJJaKqTMUDBnBmutlJg5MUGlMqOKX/hcJoUgJSJlSlK1zqJUVQsSKygpw1sXzLikYb2pUlOap3Gq1E86HHfPw2rz9vXrnIenp93dYwWmP/z93x5OT3/xj/7TqdRpnFarIc86T1Pfca26WfWAQCqDNuu16JwJfeKUkhZ92u3rXKdxFkWZ58S0TllUbOuTZ7mtT90ksoJQgZKIM4RkUgIjMWOeqypU5qnU/ShVZvlU1+vh7es37969myHH3eeetB+6cZ5rVbCO5UiQRENWAXRzcb4dup5pHp8/ffnzp+9/f0PD+9/crPpu6Or9p0/3nx9VT7vHx8NpPtVCCRV1FHk6PR+mY+r708Oec15127PzVypEXdofD2ORft2/e/fdd999+O7bN3ef7tervs7z0+PXKuNf/u63p8Pz/rj/9PH29vbp9c3l5av1qq8yHmuZpJyPeZ43tNkMRKgQReWoXdEGPpXIjWPAyAAV2ggDzxC2gB6GMg0lqgBsOW4OR6DxmxQjbhHelsG2m4NIq7d6tfABgYfV/EKMC+I2R7uBKSRKClWfl8cRVZOEtpFXDkR3A1jhFSXu2HwmpBflmAf0tsvYZa5BCiGgo8WZZL9tYIUMFlKz0S2BGIDTSaBEHPkMM2riAN7ezJKPDoY0uoOQ4GySOIg11oQaSxmLAuBpBd/pRMIKG9XiqIKCYGlbyu1s47ndtDoH43hfgxdtQVSghYV59TsnGyIUgJVI0F5V4Qfmn+LBGIgc/zvXq1G6How8eRFohHJ2fQokItFM7kojk+4zj5rQvvS5/nr+PjEeNKaeWLevDZWNBHSYcGWISGPYySSBjLsKIBn1JC1SjB1G9t3+7VCGb/N1J2UscJC7EZPZkzme4RdxDiBq7br68qPD37t+O0TRmH1CkewQ2CPE8bDrvclRa4XxkMVBrRJIAh067vIyPlbP5cEmaYv7WxeEJlzSsmT+LnZsXq4FoVbS7wIZrLkD1ajjbyg6Qje0agkXJJ9MT36napAyIsrITwSzEf/P4HQU4zVSmZaIohlIUjJA1fCkibeHMLGGVuCD0R2xWxGAZ34WVGBiRhTD/R1Kk48ockghLf3mtGLoIyCIfm/nXkU1WkMtXxUGiKyvn0QcVEr7KI0pSFYd47kNdnlzNWUYUG1VmnZlIpG1JYKCIZo4riEwMy3MrFn5tsAiKvlZ9MVwB7QBis6cmoFqZZsGNWN+gKXlABBEqMV5GqsRXXI0PolEX0QFCB7fdLo1AFkAYsXm5EXzfn3iYSqrbzG0cV6eKIxAzGMoCxZ8rS8tIQCbOOsLxAyFSLUGaVJU+zRewlyv1GTmwMC+nsBTLfZqEdFAybJ7sTguAl4L94IBUedrImGPpgIcO90CNxgf5/GrBj1AFrFFJgw+i5msuUJixIbZBV+ClZgVkavjZINIyWeSginZ26mHB6qa1Fw9KSCilZAoubBIc+VMMXTOFE9FkYRByUdKEWtias0HyuTOlaJCzqyEkiaCxiI/L7HjGHBmJf9aTWyM4wpb4Z4r7DEBomx9dI5LkxEdRCRaVSlRSrmvFeMEle5sO8xCd/d7Kdp1w1Q154HokFM/ng5ax1pOc5lFhAwlK6tMlLrc9UgyHZMqMzrlxDnXUqTWCkAhWgnESEipVmFAyiRAXq1IaZ6LyJxSSrkDca2j1BnGGSqXWk2AbHth5qRFlZVYu8zEyTYCiIBTN6zODk/PX/Ptut+mfirTPI5Tmbmorjbb+90+pfz140+H5/2vfv0Xw2rddcgJmWmaZ04JKony4XDcDEOtc99x7lOdSxmn6VjG00hIhJyoVpGciYAqpXKCqggSNBFTRhFlUspcaxGRjrpESbm6N6jCAgZSygCqlKnq4cS16MDPV5un7fn2zcVFFcxVKWVNNHNJUEpEUutp7kjWmH739l05Tf+P/+f/+2k8vrl8dT7xP/nL3756ffmbX10fij7X6f0319g9ffz0PHRyPeHEVFJSpZTz6TQRJdGacgfWj18/9UNHlG5uPrx7/d03H95/8+HV9fXZ7ef7u7vn268Pcy1lOn29ffjVr9+ujun12+vDWI7Hcvj561/8xdtf//Z1SqVjvbk+z50QSRESs4pVVZWTFVoYGGg13gS02n/AaVzTLA1YahCGG+NLBJ9t4+7DWEF2mCBhDKQVl1hS2ojPRA2+uG1zXGDIz9d8IQVdGlDAuDrn6xNb/YDP59Nk3ovZiAtKGYjJcWa+4GQlIp7g1mfnGNMAPS/zPKmZdGLrktXARW69KRkKsdbOaoNSWK2syBavkA+SCJDPzqtbYGRJKVTnbr2YP2gWbzhDwBqz5S+DLTKoE0UyFjY5ZoKQER/tTiMhTJFdUfL2PLvyCJXUmCtQVENphGIOE9CmTJBhlZhFbpLS/txOLSCb2q+xqPiesGDVKJYmmfGnYOa0YTOn/p2ezxQunBP56pjAGHa37tyCHjSPFfUOC9SmePnGNnoARDFIUC0x35y7QXVyUkqgqGCOqc4L1JX4WLsCw+OwCMCTReTs6zKPZsH7W27HwwAAIABJREFU7mwCr4bDbmmKBVwt2evIoKMlV2yopUFcFT/CKH8iQFFBAGxdjXNiQEvoNeDUMKr9d3UY4/uhBGrThwJwB5wFFBq7cJSN/6cA9DXA/DKCSBe0G2405H9J9zk/KBGhUmQ+HPYF+IKFAbXRsdLiB5OpGC4Su0kR8uLpNAvcjbhwuONZCHtsh9sxa6ZtIaFmagQAfPCpt9rFuQDstsFluxUeLIIU8azbQHjLrEHikAx1oWVCjWpl0kBlFFoR4hJEjyqSUeYLOe0pgsUsOhNiyL2VK8Lbez22Y8fozCAx7VZV2Oy0pmouc7zUadnzVxc4aZ36dtwkbGSOcdkRscKTv37OohLyYKdmWqWq1jDqZsEiQJVGGVA0wwSc9QsO2h1LEY9HOEqAEPsQIBdhr7Kx1zFjLeJNN/ZfHYo7YAbBm+9i4AMUEFTPZUCtd8RTVF6guiiC71N0v2jg10JpJ0w09qooIxlERnUo+4JjoBeabTLBZJNPq9lhN7oaORZ2ks4YOnXRIhCzipBh7Phwm5RK2Yp3FMqaQpSaN/T4gmwAuemJWVwIm7A64RHUkprBsZtigfoUP2KxLWFQUGRFQlLdYKgVapEqiMngu//Zi3Itd2AQZYIwcwKSagViBRsAtTmgJFC1LZNeFdnYBo2w2A+amAHyhTZgAFKr8Y5CVGeqkh6fxrkkwYq7vJ+nP/10+7CvT7tdmaZSJlQ6HnY6HyFz1QpRJk2J63TSBAaPpy6nDpyUEkBQYdLiCwu1TnOVmZhzNyQkgEopKSWv9RYtOoM5J6vqgZSiCkYCW0Rk9ZMVRIm5ikJqASinft0xJ4vrRJVSB5BMo4jm1fl4Oj7tnvr12ZvX169evX54+rIZVs+7567D4enh7/7mf/ynf/Wfr9fnhzLlLu2Px9WQSTHP06pLUidUbFbXiXk3Vyqp53RxdjHNc2ZNUEgB1PqDFVpEKir5MBEkUWv4nHOmMifmbDPiOJHbS/auTwZZhkFonspu9/znP81v3r4626xz7kSx2x/HcTzfbtavX81TWeX07urqL3/3m//sv/gX/+gf/5P/+//1//Lf/d/+u+16+9v3373lYXt5TolkPNbH/f33f/r2P/+OBn4qEw/Dm+/ef3q4n6ax7zpGdzwdXt28unn1/jTzathcXfRvXl/Xym9effObX//2t999uDpfH/djqcoZRU7TNAH10+efv959ffPh9Xa9fnh8Wm/y+eX65x/vVwNevVoziuK03XbDkLuek3aCotWMUNhCJEBFLD3vGJ0sXwsEcU4K4UhSW+m2eMdXsB0O6411YTWm3ayioX6OAENABt+JwrUZzx1Rs9MM7H6BrMjPYYFo5Ou8ocH/08wwocXU5juVshkuZMCwuNpo0SCXEaQ1ERFTVTVMp2heU9neDlHY54hZGh2COCurK3UaqfEi6pbGj9Otd7N9DlIgRBAGWw0qOX2wYEkGbHDHUsMQhHuQDETtAF6Wm/s2KZuy56leJmskIFYWCjjkkVhQrZZmbh9mjxzdBTYilqJG3u1sPFmDER48ea7FMVzLZQdp6MM2fTJLjfyCY8yAogE+228pKDeIKkFrGQ7zB/HUssmhRsrJsY0fMZqpFqhWrdRgI8UY6Za1DtNOEpNj3bcYmrBqU3h47QylVUJog+wLyLev9zUGMbnEP8+XYEX1KTQqd0L34IlxCicuqjG0VhSkvk8gmm/Eq4CZYRVr1qBgnQLB8qlnAEyl/GsSkfqIHIVGTTfgX0RW9AEwEbe1rfoiH2gf2OCnxWDu9h3hmtM09YFHg+oEnT+ntSxSG7+CmHFr1TuOaVzTVJ3+VCBKnU2MIyx26KQOMBARU9QbIACJCY9VBJsHDPuAiO1cnyPMavXvCqRIMfnjmV74D0GhJCrOQwYdb+SHLLV1Dh8jNI6PEi8zitBabHNnvCas/iXCWfEkgc82AhhaETyEBt6EF7t5GswqTRwie7yhDYTWMNJ2xcFpxycA8AIQsrDP6u796VtCDcu2ClJnsp2TdneCF2t+7cV86oBCEUaXlBTse48RPUzaOt5Jk0WQVntlhx+Qzl+CQh3dmvjtug2xM1g24Fj7tEbTURQdqCps77hrEKwVh4xDa4FE2NsWu9mYFdsI3SyV9yRQFKfDc6oxDMqqu63hhzwRaandiIjtvNUgtQUJoSy0WCSTEKvl0OrlLOHzrI5OSUmb13VnG76HmNXK/BHBFYsA7CEiiVriQmxylJIzy/Cmi/TimL0FWEXZcu5QgQ2bUD9IhpVQOYpJtAz1EAsRnGkKc0kmWqKRGkrmM+1Hzf23PaMggqToB3ILZt+dwheZOhCTiHd+GFYWi19MYO2I/SiJuXNtNkECmFkpj6Xudqc690+79MPPz3/8/PB06r//dLh9GHfHcb/ba53ZfLIIoCmn/5mq/2ySJEmyBEEGIqpqwEHAjEhYVV1VDaZ7a+ZmZ2nuiPbXL9HR3R6a3ZnG1YkzMiMDubsBBSLMfB+YRS26QVVmhLuZAhHh9x4zP4aqPooVzapUsAXTYCKKzClztyn1LJWkimmLuOhZfyIEMUFCStkMGNnENIm4rg+kZpErIFJxFdCz/qgmTAzGVZdaliq1wwwF2OuHyYsbQQA2+43pUgAnRZ3L6Tx/lrfb7e79u9dgKmVJnJGIQX5+9R3BV3/627+9eXzz4e5O6/TTD9/N51OXuSw15eH50xdaLcPx4XAAAjSq9SBUAJCZay2GmCgbGqAQJoxSDTNCMQUATsyWmBkJAZg5o6mZELOpISMyEnKXhkQJZSGDZZkOh9OLq5tnTz5hkNP2NE/j9aOrDQ/b3P3xj7/7w3/4u0//+Fe0vzW1F59+/tvPPluUnvT977/84sWXX9aUXn376uHnd+O7D9/8Y319f5yBDvfj4831adGff3n//sP7h9M41zqWqsSbzWY6z0+fffLJy+d1pv3m5vr6uoi+eX/69uufj6fjr29fj+PxydObh7s6zedlXJblSe5qVR3H5eWnj2+v8idPHt3cZoO67XUzJCB1Yk4AxkhAqp7TQgAzAUYkIG1KW1P+12mTgLGzEEz9cGFzuLvSa2u62Bro4omiQevCxQjDSGsoaUdTI/VmUZyCXvHtIKB15q76zjr4FD46vWKIa3OEhsC/ThSCdLhEBbBa0CE0TwTwwBdSSrB3oNYW0J4GIOAqKBuuNcDUZOHA2WaXGndYz4EVwjbJsklrjjwQ0dOUECmAwHeOwnV9wE0bBIC1/ApWGuWWIiF0EaIBA0SzAkcFqEVcDMQFrU5rPeE8q29rbAIQAkagiHersuxIaA3EiN5gS9Tyqf++wwrsI3sebFVAYBagvcXcSDL46jAEBl+s66sxvydL1lwOA9LFUoTGaBsRcljYlDYCj6xNZIz7aJrbJSCDz7jAy/D2IG4fPXZY0Spqk27R32BLhMUXm/tKxJ+sgbm9VFv/vYmz4Lgs/sZRaRPXG0hzVBbFXtiWZyPzEC2pjVVgBMC14B0a3TGBEMfR3Swslkn8R2tnaRS+MVo3IFQzJ0UAZtbWYNNWI5gDrG9EPQHkL8A38ZqyMGiphoDaxoBq6HU67UkEHzNoFTDgkt36eSsIBkR3h4g928qlG9yOVd8SgQ1AhrbeKPGFtWA0xETC09QTH4E/3AI0JEwgEH/YGNNL2u/HgE1fq80nyBTA87R4yaH5oRSI1CKH0FgmGqopAapTRRU/TuNVuYDdXnpoGO2h+JH5EUlDDWm8pTjc8dIvHuKQCtk6ytssJhLEPtZGbv0n2zPWlnRqjRvgvMGPFjP29RHcAbDtq1YGJXG6WmhTbacArFPPGsINPh3o1/MsLdqsJm3czgPneAhmqN6J0JIBQUYsjk73x2jd0VEwFjMTImBFKAzCZEZeE2Lhn6PoGZKWp0UAa9ViDuUROMT68DMKwh7mqY7EL/EWPJiGaB6vlVqT1UfZgnUJAwD7L7X0xnp0+u0yEiElNbP4wca4sKkyQIggvpYjv0pAhsSsXgsWvdCBuYn9AjzuE7NoNUUCQMYoV23Gr1Hti2Cuo5DXHeIa1SMe+n+qAjKiGphR8njjRvUeRUwxIGAEwqCuCAConr1oLAxj7Nv60D3SuFuA2/qguFu1RlMTu37Uxi0QEYKqOtkztIiBsCoO6P/j4oyAIQkoJ+bUiyhDyimNI8518+HEr369f5jm8VxVFFRRjQFNtZQFtZiJVSEQNVGxogIMuU9d6jJ1hokIKW2MeoNkxowMzGYCqszZzFRUpBInJnL9Q010GTF1jbKAlAVUmUhN0Ke1+S2CooFqVasACpjQSIsCLN2QfXfm1PtpKeWEoLePPjnK+OH92+/S1588fzIvCkCbzTYxAOBpnABP82R/+tN/+eT5U+54Ot7/j//P/+uf//nvN8N2s39iPGTAZZnnkzBMYkXFQMxEmajjgTH5XnWFJvlYNVBP9pNi0cKIiQZOPRJ0mBJ1iosBJySRCFyJU0eZzLquv95e9V1OlLL2VggTXA+bzfXVs9v908eP/vo//unRV7/V/gZ3V2mzOR/v83b/eLedRr3dDc+ePX2Y0/NPPxVMX//zq5S6r//t13uRPHS9pvNY3r49nA6jVitLvbl68sknL7tue3+YylKG8fzm7d3V/tmjp0+6TT6ep1rh51/eVx2//f7bIuM8T4D8/OkLJEKkm9vd737z7OWLm663/QZvb/qb69QNO9AJoCIxmDaTAzIUIlIvhaeWrF9L/cAPGQy5xhGZH0IeGjHkHmzKbAv20IJobDnyCANewu6J1pCOIbZw4CtHHwjQOqDI92ZsHoystgeQSFUFbHFU7dDVHK2DASIHLAU393G+0yCrH6QRp5qgAi4EBOq0+P4VFGOggSYBQosr2CJAgCxEA2ONGlkH8OG13RCeWXNCwVW8ay0EHiRjvlHkTdRaLU87zKEplGbmil+A0naqx40ZgIXxZNhER2NEgxUQ/bQRIcgrjd3ZJ1SxZlTudxPdIn7mtfsLZUO9Jy4CmCG5JARrGIIA1w6HDMLWG1exeT0kTZHoUlQC68ON/15jESUDiBF0Tl3aqmroZ8Ui6uHM1ts2QLSoJru0fGI4ea6JHWiZiFZD63AM42UYErmWs7InWvcFNC/9VpSwpisieBuYy9oBaGwld7Y+MIvA3uKwq8xmrSwr9m1ot1H64c/Z1dZ45tRwrCPHeCn+ONQafvNX1oTzgEmuvVvjOxb1sqhirTcAIz9hjQ0HRY6/1MYa4xkYKrbFAk3UphWoWPtTB33kOSqvY/Q1oFEe0LZE/EqDriGUB1EOaN64X5vXC2rqDmixGS34X1tG6JCzzbVYh6S0R2jYnid68ie+0x9b26GtDhDMKxLQjTLXN2Arx4IowgyJ1kAV3EcrrNT9EAvc7sff5Rtry32gvzuKkxut7WD4qL3EYitYnLHY+BBgw3ux7WF9KyGkarBiP/zil/zdKQJbMJ+4rLaSL2cTgoFEOk6j6t4sUhKhIPvVwkcbw1eURwz01KeiBoTExhz9DjVcYiPbHSDSvLc7okscLq3szgDcl9lr7sjAYsFZvHrwjHYj86vadcldGEb1VxAfa8sGDQzNpF18O1TJ4b+fJZEZx3aWgxqg97pBNLK7aIIAhpjiUiLx2ryhXIHVlp31LUPRWd+qxQwBJM5GH5dnfkIiMAIyE5jPNV9L9UIdwwbmQ7Mhd4L11YxhaNt2hYG5rOq5HJ9RiYQpSpUU2rkIyIZsKk7B417Ak/yISCKChICsJohkgOu8mJYXZS92QjQF9W2tBmQEIUoTtP45aI8YLJa4udIJjX6iIZKq1+6uNW6gkQECaHnmEBghtgc2WYgRnQHGZnczQDUzoNQBo9RqikUUTOcFznP//p6//v786tfp1dvlw9FqNVWYl6XMS2IkYzWsWqosIEWsoopFOFdTSARMpGClzIAIVscyhRaJJCKEiJhSTirqCbQqtVTJqcvDRszMhMyoTWczACIECtopip6EBDDQRaWqCSAzqqgAahHjnhQ4cc59V4sWWTpmnedKu2mp9x9+Lcv8u9988fjp87vDQ0rJtACyAACxmhweHh4/2h3ux3evX43Hw25/8/lXf3zxxV+9+umXej5283EZp3GaPnyYa5HMvZlVLYYYxREECgKWCCghKKgBJExFxIoWyETVwACIqUvIBh0nNkAmEKtmlqg3RWLoUpdz3m53SAxAyzSP8/z09uqzx08+f3Hz4ssvbl++3Dx+cpzKdD74pDFI3aPt7qTzb7764jjbT9+83nz2/Prpo0//8rf1eHj736eff/zhYEBXm7vz6ZdXr4eepdQuJRRc5io2zvOSu14FNsPNy2fPP//y+dXV/u79+Xw676/yhw8f7t+9f//w6/3d+8yU5zQMm+Pd/fV19+zx7vpm8+WXtx3rMh/GsTO0TMrsRzv74Hs19/5v41XN17yZKRG7maPHRQPHXy1LGdGfIocWUMCa+hHtqmbR5eRACgzYU58GgJbMFPyIDTGC0KyNa1pdRZwcBJhiz+pq+4IWawygKeyBq0ypdeUCghk36dKamNdUySjxgQifhtCiIrXMnIMpJGf0ugreLvQEZ7LWU62G7gRmtAbcyF6o4oqRvYYisscudcRAz4arAAzAFYxLB9xajeph2COJl2QhhrlanJfUPgnMQSBGqAOXxVoIRmilMNHICGatmxlaosVbtTzxEFZELoxeks62SqMBQv3T0SmOtdKUhjoBwsoz5ElsiCDOR4OWGGEiR/iRXlAFJIpabGqEBwwwoZOa+JOVtq2COwGEFYtF4b8GE2yEcF3PcbS1PwwMg65fYsOShkbmRQSrd2JEg5D/bZXXAv3iygLMR3rFLD5fq2xoH30FuvMfBBVoOMwJHFhL/TQrFmh8DrxswKDRZA94TYuD9uHWak90dUlY1cB18QTyswbCvbx3fcNxL4HRcMX2sdpa9G5cJ9AO+pugltyPdYURv9tXOc4J7IcreYQ2vWzdFxC5D1ozEnFUqZM9cAXYK4L9Sl37tDXB0PIlrkK26/DPii5aXd8frBhePwK9aG1/NleiQBFxqea1BeCPxV9PkDV3Hwa1NV8FFx6gjYK1bt72uNs7AWulNwD60Vts6MnWtxcld77IEVTVD4CgFZEOCXAe3cZNGmjdQhAIqG01nwYXPqEYz2y1nDUFk/UpQ8NVDSZZrOTLi4+fUZ9H6CvPjzkKNh00xr3tmy7lWVXycxYMGpv2ZwvOURDQrSmxDWjy2bfrue9Bcc28OcOO0xMMjNTRqkFzqHL4GTNQAQFbXRgSkqEhe500AgBRWO8Q+8GpXpDmBbEXwX5d5rG+DbhtS195GCEL43HBJVliZui+Qy5LQUtsA2rzyTZw6EqAAGEGHskLBTdLBzBQMUtALmgQoYiC+YkMGvanoD7mLIC4xRqCiMER5UhNQh0g4GiEMLGWC0f38XDWA4qIAgq2TqUBU3GwLmbm4SisugEQgNEfa6u3JfKLwUiDQDSoGYI4Wwg7UFCAVpQApHjpXLZLZtZvDaNtAAEsBnd7VCAmMA1dzeVjr9IFNPPcpoq4IMHMbESEpKaJMwCXovNk54UOD/bmA7y7S7+8XY4THk767u5wf/8gqtMylVLn8WxSAazILGWSukAbmG2ARMjEVQwJpYKJGasZbTdXlrOcD6qLaBVbkLwOFUutIrUpYkAoYFWlIiFyIq8FouoEz1RFjJOHWOGUpVYQH+IrvsEVdJnG3GdTqKKZsgMl7nLGhFKX+chdj7zZbrZkZV6W3e4GATdDNsyn85S6TgB+fvvmX/7162e327c/v7v/8G6Zpe+vn3z6h93ty+79JJMsy7EIqFExw5RAUC0puiefMlqmjloIIAK3602coSwKWMu5mhICMSmpIRN1RCkKYo0QeOCOCFL2+hU0gD73fdcP3cA0/OHLL/7iN89vr3O/3RAzqDHgPE27q11P/W9ePPurv/iy4+5v/y9/M/P+KLnv8zjKsy8+O9/db39+f3ueju8P58Vyl4dNdzweStXcDUbdVASlcM5E9Pj2yctPXnzx5Se7TT/P9f27u+N4Os8P33337Xk6j+dJzeb5/GCSEvZDJqLvvv3l559e/+f/+S8++3T/7Om23+aqhRESEYKICBF9NETHVpUyhCcjz1ACwnrs4cdHDbTGKm3MP5A5wqVFtDGG9fx0JOLICtFAoBl4hAsJNgbhR2pzR4zm2rZ9Lz1xftJqaFy+20OON27oA8BLIaPJsokfYKudaCRhsUmVhBc1DAOZYlM8LQ4Cx/dOZzz1S+oJPdKYB4qrp1zgFk8pc8SuplX42R9lKBj2khG8MeJIi+xoTfZuHMEfVcPOXk0ZirbhOkprTQ1HYBHwPlL0bp54CghgZM3/Nd5ESI7RLtbEi4v55or+/CU18HABP03XB0Pgj8puPnrNoX/7w24FisEkg/JoPGCANfmCLhNeck4ACRF1zQoFWW3PO+Y2R0iNLBT+O8IH+NGdNegX2ITa6ndNznVHa9EJHXq7CBcYEVe0GCkuxebM4hqFtpJmW0EyRPe4L9zYfSt5awyrifa4NnqHSOm321aueue5v12Py42PBbxVf38RhDXamtcl780ObpqugZ8IVgPQqL+z9o2h+8YTMSRYsbGtRfiRXWn3dxHnAcBijoO3oGlYMwU4jw5I9ITH6oAFH1tXXbBn/GK0OAfXwVX1jyuKleatLBe+00pT7JKCUe/KWKFy2yjOOBWbJ6mpfTzsNM4b/QhLKPhbacTBD1sFH1VIgbjRd56jZLAmdzQDe2xAHczWJ2UQsM+flBF4EwtCA2UaNCj2iIlZ9MB7eU2st7gEtRjvpc6Y20EGDX/Hv6A/IHBK13ocGhp1VGmKwFFkR+tL9wXbDgxra9RRu7NOUDA/wDg2dkN97TwKicg3t5m1JmzXJgia9BDHqFeAOfcN0Zouv+1L0VYIxxCFQYBI/jYbIjQAjhuKKyYfdtlsGRCBEDnSCA1gIyYCsEal1B0q2g6I3/JH4hVWAC0T0BKH3luDH2tc2IZvgrloIBw6GazKHbUgiK2cKoK879Y4XlujkqkCIbMLSb5vmKPnTU3MgAxBABDYZ8Ob18EZAHhBjjexKRKCMDC1tnj0UgRDQ2AidvjokQoJTcWQL0Ps/YEqegUReBLGz1vy4quwAnAu7UmPsAj1Ij9o20LDxc/A0AjcFMRcV3K2kKCd7G5t/dHkCoZGjQnjHAJCRI7twACAzC3SWshiCDHhmLjPaWDOdSlLqaVYNX5/J9++Ov/0evpwj0vp7x90qbAUqVpzlxeRaraUej6O83xSkcQkUqSOVmcpCwFx+IuBaDWtSJRzT3kQUDTj1FHqqhbgZEwVRFTJjMlv0xzLMLMb/KvM81w5dSlvDOqilWwBIlKr3tJtqZ2DqqJQlYh82B6YWVUFpSJEPJ3n2hvhjpMxk6qUIvV8d/XkSbe5PT+8Pp7f/eM///dPP/v9o0ePpukOADmpWhnHkqj+H//j//zk0b4D6/u82w7Pn758/tmXx6M8nJYy12WRZSplWRKTqCkapdxRLqUYzN72YUDMCEIOQggFABKjQZ4TsULHPRMDiaAQJUU1qEwpp0EVGVNiIKIh55wGBErIfeKbYfuo37x8+uTRi09Bp/F0xuMp3UoeBk4ZqglMD2/e3ux2NzePzPJv//gbvrl9/+bw6te5v9m9enj77n198dVXc//mX1/9XKxUgLnWYbMbiyRKBtgP26vr24T55vbJyxfPrva7t+8fTkf589c/jsvxzZtffvzxp8PhLjH1PMxVTG0cz1e3j0udhi4lSncfTvt9fvJ4O3QdUyflQaX4OE8X8Bij9tmr90KdBW/xDp3MoVpkd9sR3SRxr0qNkgiKqaUQP2LmGxNRwTgObgJTQXOlo/UaI4FGXGu4xwONIia0gClhBQAArYylATFoB1fgj/jdlbzEzSEjeHu9O7F8hL0b9o/yTFpldgONSiLD9tHeuQ+AHqBDekWwMEGAQNuhKASmNxc4IHR08bPezb/iWMO1TynuElyyjHoPjBaEpq42AAPo2pCtauEapxFbUnutw3Yexs33CKLX1hro0VBIXZQx8FNegp8ElHMGGBbMDYU4/vckbTC55qrQQqRDbW3M0lrz1arioK1BztirRDEACaKtbRQr44AAqU7YzZLz9AAgTasJpoghZK6YBQM4NCjR8hnYFpVeos/6mau67QDbP8lTEthaJWIde2EdhHjuCyrSFbE92opd3Y5cMXcgh+sSbku8ldnBZck3ZBuRhqDFVwCL0iCHuf5LuvZZxKMJHHepQvG1bNaonRgQ0uVNr4VlHxHx1duo7fxQ7DSgYlwAxpww0I9wv98BWrPQAW8HiHPFlwdAdJujeabC5xGG2uoPzt/zv0Os7S4cNxtE3Y1voY+8QPyVrlmW1r1u60LS1kqC6zlwqdvW2CkAAGv9wfpsW6NKg9YA6P5XMVLarD3M9QbAO3Mjm2IETptaliOaauPhXRb5Ctz9ixRc6YxDBJtFS/u+thG8oF8Jwz3VV+rFKmAt40dT9y6MbQcfm1ECAIJ6HHFYq84eI0Igr4fmuvrB/LCMnAs2+Xi1B/W10Ww1MVwLwgXXp0rr2nQELV8YvIh8U/nD8VoI3z/RQ9w0AwPgSLYYhXsQIiHp2iKhYauKCLamYi0+PqIBUSBKhDYTEIzWokYyBlev3F/E/NQItQwirWlt64K1TBVhZNERrSXCwfFvOxUiqUfoVCf6JojB64OIUhUzVU6JFI00EqGE7fGE6Q0gEyCkqJ01NhFJ3LnwH3GFKRGpiqkagjr/Yk3IiVBM3N/UBRMCHzgiqkA5ohI2ol1V0JSYiVhQRKuaMiciiJm5XbQR+dRRRibixlV998faYkRDcpYNgIgEDGZG8dZaSDLvYQnLcKU2SdRCiGonq+cWvHQUL5HcvHQyltdaJhe0jbkdh9T8vZ0bIHECxDoXlVwqHRb75U0MiXmwAAAgAElEQVT5+oe7N+/l4ZjePeiHw3w6FVPY7a+YyYhT19VZT+M8zRO6HWVd0AzRai1mi0khRCSuZTITk8VEU85GDBr+UiKLUUpMpQpiSpu9lQfOWSujmornK4XIK0MNGUEZfGiYqLKaFUBKwCJVVJGQFKWW1GVTq6UwImVSdXPJ2uXO1JiJEEXURIi5LIupEickspSHLifU62efnB/eZKzLONZqT559/ur7h2rVVDvuoAqj3D/c/W//j//3n/7DH692wyR4vbm5fvRoXh5y11ufq2KtNAx7TDzOsywlM0KVhHP1xC9TlQpGTOx9DZiyiBADAzJPOZUh7ZjSDGcggoSExNRn3jBmACNDAutT7lPfpa5jYBVelr7M29TfPnr06Pd/U+f78ft/2PaMZNyzIC5aH94+/Pnv/+XHr19/9dv+21/+6QE2z76o794cxtO8e7F7+nj75e8+7Z7s//XnN6ex6sCW03C1rUutVTe7fn91fRrn87g8f/L82eNnqvDr+9MP37+d5uXd3fvXv/78cHivoMO2Z+hht3t4IKtLrfBwdySbH3/17ItPP/nyq6dX1wSynO5l2OQ+kyKjxaJ2EdEaOzVAn7USGo3ju0s0i+PRDWzwYwwRiKGVXYeiCYS2JuGCX0TuESLRZ36aRmjkUDadRnrUiTzCahrTaHUchhG12/Wi4eWAQQ4h3b+qBRQDbDbOfiBoa+yDhuUo0LuL563oPRqOvUTKY46tcSqukNbchu8m/6s4MFpEi//iVkwZzjDN8QwjnvjhpU3EWNlaKytoyXZAbW6RLYyG2NdEbCBryZzoIiDQqPdomNKQIAqr/EgP6O/yu7rpHCCAEaC0WQoO7Pw/iBC8G9yiVcwbQyIEx4OieHteqBuarCF6KneVxRxxexceBvWBFeNgUFB/S6GIBYlIoMAIQNxwcvwCgjhhhIjDAUf8uhqGMFivOIAVATYGEN9qH3eGNNzmkGK9KGeTuJLQBh9DKvYXCRiMGRWiJitWUHx967VvYCn6ohUCtbdJ2BiAMhLdFuMWmpppgStb9bibitha1AKhL9sKVQMJtmeAYQ0DTfddHxaYorbnb9gqx2ylBHEJLhZdjgxnJ1E0hLC2NthKKX2Popl51ihAfOPIEDI8gpcxUCvYAq81wQbfg3h5BstXiS9sCK/GuJHwwXRJw4F3W2MWGjYAoJE7aMTBZuAqucNUU6C1iC6IWJwPgfExPg+aPhyvKxIhDVu6/X38eCNLhqoSSm6gXbPGJ+NRQajrH73zC5lpVAEN2+uFVbGAsBhCBD952oHR1Hyw9YBtZe1mbYgLtaJGXx9EiB+5syKiesVLnIlmFIK/2zeiWdTpI/r8PLwkOJyPWRN21mzBqlxgI4OXs6bl2QL0xRJ0ghXPnX3peBcXUvvGxrchjpXwmPHKo3jonqRi7wH1mWgOqdscYP8GWc99AvLJh05i3Hzi0vQD4Szna/2yS4Bbssavp5mZRXtEHAlqGlsCyT2mwg0KV46bU0qARECuyKsU8H+jBIBSa8LeCGqtmLLTfYOqKkS9WtJqYECciFBE1AiJicG0roxSzUTMsyZesqmi1RQItZpTJAJQBeZsqgCa0EvyCYyYFEwSAzOTWUpUpRqomipa8veu6ItItRoAsRkCow+OAwBSUUADcunI58VDywq1XsZWsUdMa2cLuBNDAjUylVVZjEk9H78rxzFttfhOZia3pjZTAC9OZVUjyoRJqnW8UYU3796/ej1+/3p8/U7eftB376fzWAxRFIhSSlmcDKch90PXdQJ0GN/P07TM53E8qxYiRONpntWEjAwECMgzDpBMq1FmZiQWNS0jMvfMzCRSUyJOydIG06A4molaNVFmZGIvM82501rFjDDFOsEuJyZMBkVMM2ZjNNXwhHAiFV0ViMjIJFpMwQqUUlPHssyaGFIyVQPlBEPPsxzPY//Jy9/YuT/cv/m3P//9y89/A6kv51FqAVSZKwzd6Xz6qb558cnz7ebT43l5bHQ8n3QpN7vh/szLLClvEEkFCgCYqSkm4rQB2xHiogXsyDHl1AA4JUIk0ERgCVCIE+acegCkDIkZFXPqEmVTYSKGhAoEGY3BCEol0MH4Uepf3Fw/evli8+K52WM4vrZllKWel/vNZouA9Xy6e/324X4c5/rl734z7Hfv3t5N9/eHd/fvr3E8LUTlcDjfPn36BeKfv/vmzbuHJzfbMsuyLMeHQ60ANDDDJ8+effLiqTKO57nbpKkcVZfj6f7+/m7bkUk9zWNKzMTc90SWO7q62r58+XQp5/v7h8+//PJ6h0OnCBJuTG5s0HoVW5EJNmiFhsxO4d1WywMXtdFDiM0bo52sioiE7ODU66EhGiyDTDOAoafGiaARAUBEbnJyyG8RYkwZwQhTk7vRGs1gJvfYiPBFLfOuEPA2cEwYFK/1w+vtAJhHSWxge7VW9PqCQNCrUIGRgncjfUNPFHidjO94ixJCRBSfV+gohrztBMF1cWoh2XFyVKWBsfl4r7DG9/od8cPLq12a1Ob/jgaAPkd9xdLOZPwAcdcBf0vMTYtvT8ERtb+rQA9BXwDQ1JjBrPltwKWJoT1ucDENQ7AMGB0OB1E9Q+CIyKuvAqF4QWpdi11ahYNr/JfpZYEu4rD12B9Vsu0Fx880mOf/YgCQVqUWG/pzFIDYUhje/uHdV40WrnjBV8+qa15SXo6uW8X/BYK5QLpSQYoCJscF/oysPS2IlWVhwgqqGvUPzn0akIhVh0C6gmFoVeArpAzEY74O/Xc0sHvU90WFDzVH8gaIbC17sraInVaGhuaFULZ6HTl6dI0YDGLPrQjSQl2/eNJED0NYYLekjAGQRdFRs54MF4z1EfknqhkAkZmzHE+jxZs3M0Ntzcbov76+91Dzo+MhHn38Z6jofoHWjoMLN1VT9NKeNi5wZTa+rnX9ombWChbaehRFNrkaWnWff4qFeZNFiiIKGSNRGC+p8Q8DiEVm/uUSflsAgOEIQ+1WDQyMyLNRUcaI62Zs/YiwFis0O6IAkQgcablVD4+35aD8QpTXQyCIzuW4Rk/u+GvGgEsYIm7zgmp2NLH9OQw6VgZi3NYZeX02WCxfixuK/EwcGdi2M8BFJSFrvDk2EWiMkkJ/pA5YLA6p4PP+JRiul+E50UrlgdzOXNVvthEWbLQkDhYXM5qjKHqZe6QCgnOQPxanCeKMyrUt78aL9CY0lhdJwCbCWWQSEQmVgYkR0YigmlYiZuoVGUSQ0YyQWKWWupgAp+wMtxZhROJsYArh4GSKza+J1KSUpYpW8WJArrUUKQTU5czMDqYS+81AlcIp5b43szKdqixEKTMD5lqXpSzEnBL1fW8mpsbEpZ5VDZEIOzMROQNA4pQSA4FBSYjMCloNKnPqcrLEpoqoRQwVCLqUSA0IjSgzWtVqisymaokTEquGL7VoNagERECEJKH5uWSltdYQbMjALVcTOT+JQyi6pjBwBcQJFAHSW3sBTBzfJM5dlztTkKlWofNiHz7Mh/P09oP+69cPP72e3rw7z3Nl7gDB5zKKwrDZ7PbXAATMonge693D8Xx8uH94J8skdallkrqoGFEC0ERMhmagapwTAhgLZFWpoFbrAoSqNWNPW+w6nks1B1xEJkaeTiUuoS4ZmKqqqXqWXaoCKqIRJyQTKUiQiFXVAHJOAGCqiUlEVUQBEJkAy1IdbVepZlalSpXEbED90GfmpZqYqYy7/TbR9u789s37D6fxPm33f/qP/9ev/+UfXv/0/bKMKaFqPZ3GpcB3v7y+3t9sr6731zdqWnViKFrmhFABalWpampM4E0mSITKgGhSUtqYqhehoQERJzAjZAQaM1nVJEql501KCVCQMHEmRNUCVVJiyl3mnJhAjFO6TsPzzeY3nzz64m9+v//8E0URSHX79M2//PdtSen2Sc/U5a4cHnJKuyePjkpfPn+yf7z/5cdf3n7//df/9O1yeP/kyy8M+NX3v2x2w3/60x/ffHhX5np4OIAScTaUnPjq9ul//p//62+//HRZ5LvvXk/nCaCUMh6Pd9PpaHU5TlNZxnkeU877q+1+t81Jmfn4cPr6zz89f/H09S8POX37+cv9l795PPTIzKaCcDlTPToCkol6ijbOM/CxghgeIIRrZHHZ3hNcEIJ30zkskpCwhiqwlmfUwK4AoVNGvLAmIDSNzBCiSqVlD/ygxxgXBl7iSkCXvwSAmCcShlsh4RB5KUAExQucBjBwyhJ+ANayIuA5DlFH+47yCdlt85zugK2ioBmuMxH8Otd+eb8CZF0Vqzg/0I94MCNqSWpreiggAMMFUDp4D6m/qVP+vR55DULs4aa2BuIMFSSwNfpYggaWKUKq+ce3iucGWXxxIEVXYpNJG70KTnApAwhNxKsGHHARklLLzRggUniuZu84ozYX2NcQcavhbNjbLR2cZfh8lZAZ0WLZQdPiIIKmURsEpg6z21pslfeXnAW4LOkKPDRMB4iMlyJrCCAO0OwyAJp9S7CLiB2+CfSCVyDgiEI0W6/l3rRSmBhEisg+9a0hV4BIG0RSyFFXVCO07eu8Ev+dHwxAPO2WvVkvIYBXkB6L24h1FtUybWa2pyN81/puiAotr+ghIFRVix779oC9dCREMgBPkwUW9vkC/jMaK9JXra+j1jITQDJ+3XE1Wbt//4Zo5GgJDbKW5/JmyqBm/sRDOG+rDTzZCbDa6rtIYEFt4KN37ggvuovi0uLCMCgINom6efBQQO7G0axdSfuExnstQMW/W6J+JDS5ohEXawIFRimINiHeHZrhkodrbVlezwJ0UeDjWzGuxk8KQwjlGw0kql/ssubXN+tkDbGdzuYHlG8EbA9a/fCLjYVAoLK2rjROvyZFQxkAb2x1mnkpd28/GizE6Qw0stDcGyx2TxT4OwYnz0JczhA/blsc8imXLfjROn3CmXw7nqnxWERcw2RTfzxCsJqnu9ooK4uJKwnJxQx2iNZIWuMMcU/x4Y2QUZzvHukavbmkGhWAGbHJAEScI9eCiWhAlLJUMQbqpEqpExKn3I0neX9/Jt50GQ6HaZyWUkqX+77rljqJItIwz3KalqUIWZdStxQ5jPM41yrW8RasjtM010pGiZiTbTd9SoyggDUzdxlySpln4DTNyziPAMxABhnBRMRg3vTdZotIUKUw4iI210KYMpnUMk0nhTp0m+3QGVqppcuIIF3G3Tb3qTItiQmgGpTcdR33iMqsTKnKyLQkTkToUA0BtYIaMHfMZCqJOoSm4jmLD+CjpsLEpoZuGtgSsECmqq7OhQIYC9HXp9cGhfcZOO9HIE5atSwiUpcZ375ffvz59PbO3n6Qn34ePzyUMquozEuZl4WTdcO26wfAxGIpdWbY9xtI6Xye5mma53Ecz2VZpM5SZpEiS1GpnkexliAjkFoKoqGISrVagLuc0qIlcepTQjWQgloNyQxLWUqZFYRB46QzUwFgVFFSo0Rei0ZoWgVpAUu1CqAxUani9ujMpFUNjSnaRIqIirLXi4sBKDFWFQaqi6rNTMTbzLmnRB1ghoV5T9QB8Lbfne7evXr1a79/cn/656t9x8DdZluEx6p//u4nFfrbv/nrzX47DN2HZTp8eFency3z4Xic53OpyyJCBojZEMRUYQZVI8y0UVPQwoQJqeNEicysqHVpU6QamZBsMjMnBUQkRlJRxtRlZqA+JWYGtZ7zi93Vb5/efvXpk2e/+7L/7AX0gxkiGd2+MPin/PAezM7j8WGp5cO7P/xPf/HXw9/++ObA+w2CfvN//P2//re/x5TVPnv34eEwMjIfD8cf3r795dWvbi2z3fZYBKkXSM+ff3ZzfX08zf/0L9+8evVrTlh1vL/7cHw4TvMpJ1yK5sSgnagc7u7r1D96vCOm/fXWQA3q46f7q+uhG/LhcGLq+pRSymZiCqjiOecoikZkLw9uZ7Q3iId2ERCrtdL70Rph24AIVTAwTYBjjBC9xjwEYlur16HRTgK8GDQEZAr5ylooxJitbk621eM4tOBrRBjebdaA0EobALldf8ieEAqg72Navxk8hoVo7DqW2zdHpALyXFcIc9AiE7KnfsNCOxpAQ2nFaNNqcHmVjuGClhozAmt19gYGxu1zCM1jLq3QAps2uRayIqzzEAzc8c+DOa6JDmrwHdbyAEe/rehZYzRre1oAEK0Ja+SK/GkcoRh8L4CkeWHrGvUpZH9o6i74VBjvV0KkZmgSGRNrOFv/3S26Tta8Sn32UfsOp4q4llVYaqG7AaKoiGhLM95zhPo2Fgx8SfjDQDKVSOu0B4FrN3BLAcez9Mdwwb0flY3EH7Va/pbEMVNA9qqFSJEpaFv2Df1CW/IApuGzaJd1jQZGrQYeVoylYs64IJiBf6ut1LBh8LYgYx2EUtsWratfcFlvly0VPNjvOZil1wVhoMz4e9/d4BkSr+NtSRb4+Kt9O7RsALZr9U8C94FR+Oha9KPvbrPLDHFtPWy3DOgF+a3CBuIS8HJXSNo0XI+mseFbXi3uG1elPZ72mkyDgIMQ1V4xodpTJOrCu677CaMIpC0d35DrTvWfudSarfpGS15FvvQjRgTtAfoBFR/vVS3m3vPxggLrR/EiOvRVjBlFQQbp4u4VDVrrUY2A6I4p8aQUtNmff5TiCsLvYkCjN4S0Nn63cxPavfumc4d8B/NN6UcDZYywgu09+5IO54pgCmjuHO+1K/SRr2d7upFh8nuIkIPqCWnfAa3eLgIAERJwZBAtDuIglMBekxjZER+UAf4GMHZtVP+7FoXQnGV9wejFUgnAi1+RI59HREauXRkSIRmoGBAxIwNYNQXgWnERmYp3fKKqlgWnpaREWuHhWIgAEe4fypt3gGYp1cPZ3r1fxnHuMgBOtRYDSkmXYqfzdBhPhHnbXyHicTovZTGD7aB9StM8LstilMAgp9T1NSEj0CITAWw3OzQVqWnYTPN0nk4mQsRdv0ECRJQqXUYmyB0vpYouhLxIQavMFczqoouUbd91vajWucwGiqC7zeZ6h5nAbElMiQ1Jrra46Wmps6F0nKrMwrobhut932dinJi0z5Qzdh3nzES27buhS4C+4AVTl5gQscpCBMwkqqBCCMgApo1jOUQRNUMVQrWL1sLObyEWO7eeHTpOy4f75f6wfPPN6Zd35cdfDvOMSGlerBQRMSPM/UYxJc5LUTXpu34YNkzeGGfTeXx4eDicT6ay1Flk1ioePxCJKCGIaCETUQBVsCXyqCqoQkhMWEUQfNOZSBlP90jcpwHzhjbX0/JQdNZaVIpZc2UUYybzsT0OYgigita62Bk5K4Cl5LFP3CfaxBSqGjH6rkImE60+x5AgYU5ICDCXJQHwsqS+v7q9VqnLeJoPb3lIkDZdfwM6miz//M//++3jL56//AtZHtDEKKNhLWUzbM/j+Xg8odrANB9P8+l0Pj3c37+flrlqMVSDOs8LIlJKkACACajLPQATINomJUyAgBLjgcuUc09lIuTMXeJEiUAgpZSQDYRBu5RQDEQRsafulrrfPX32n/7r3z397ac6DHXoISWrttQFN8Ojr363fPtP9z99yNdXlPIvP77tb2+fPXrCx3r3+u3pxx9f/flrBPn8N3+xf/H8YcHvf3x1VDyBffPTz+8/3O3317c3w+l42m9vga9ffPrb3f72x59eD8N2HKcPH34Fq+fxfp4mKWImmElNQKuYVClEuL/effr5k6urbrfrnzy9vrrOPeuTx92nL67NSiJ/s+Zjb8JeDQBazV6gYdf70JXxCKMR9xs2jHi6mhNa1C24DNJQu6MZbN6Rl9HrFAqcBcBCACIQDXAKTV0nN7PztLu2bzcALxL1MtWGLpvUhujVB34nK9qNCNh8UsAve1VwPa1xgW+h2DT50KVnFy3d6cuwPRpqwAwxZtKvQMdztm6NRjFzyJUdv4A2mDxQhsc2R1NtCzYpy3/eZdj45Hh52NCupzsBmnVSQMmVp4AXsDad05oOtoY8tBiVrtbqhcBRNAWTC76HbvQQ1k8uaWsTrOCj2hK/Bg/QTc2KZhOLINwIol1kOwCgZhYJ4Mqaeqd0S7B7j5WnQAFgFeQBIMFaleSatuPbENkCA+MKsZ2VAEITyB2YNn1TGz5rA6ri6hqItQAHYm3s0yoXNS7WgHFLmK3QBNYPxCjatwv6BfDqY10JtK1cZJXbm8WQYxRrDNflTFvHU4DDwXUDW/DUhjkBGiqN1YktVYKGagKu/TaI5w3PiBBlMiptzpL/iWI0jITNDEJrcMG2PFqfitN8J3orC2scCQFa+Xc00nraGqLFsFWy26oGg5cCUYhjFja8bdu06195kW94XwxNBQiu1lZxy3laA/qK62IAbE0UBuFFEq/ukrW4JNgpel0AWrl9W7t+KrqDoNMl81lKhKAhIrdMAa32NmuiYEW3vlqDsGAj357ZDXE9GA4hACbzswoEgn2BxJMiwEuyDRAA2A8Sah1CjQ+6cIBt6AFF1inyrimWi0tCXukelCgq8ePRx7Xh5Qh2L8eWLWs9uP4wzcwxBzS+gq1v2qkvNboAkY31NxU0bvVnWBmWN++0QfWRKeHWpBaW/xA5odiKAO474MkmCG/71tXfvj82sq+vxoj8H6JjzpAQmZEjXDlpUDJICLBoCe9IzbXIvCzTXNWGZcbDeXoYTRaeFjid5yodYZqW01JsmcQEmel4rMeJVRR4UpVa6XQWg+M8T4A2dBvAKRFZ1UUQSZZlYuZaQYGReVq01qIKagkgbbcbJjYtmBJT1lJnqdUqURajMp1NFkDueAC04yS1zMQp5c5S0kWwaF2mKst2uFLrx2ks5UhofR6AN8ep6FgQiDlPy3lZyl2mX5MSYq1LJkYwJEzdkhPWOk91vOqugJLYkrP0aQFawCoRPNoNu02itOQMm562vW46SFmu98N2YObKrP2Qhi512TgjQgZSJGMEYhYtVaofIkwpgQHVarWWGksTSEy1MUcwKFN5OJa7Y/rx9fLz63I+86tfzu8+PBzOxyqUU78ZdrnbmtrxfMrGm2GXuiEVoZS7lHe7npkNrFab57HKolKmeTyeHmoZ2dC0ahUFYGJw3I+EDGqipTJSOBwZA2JZKqVMCc1kmc9puAJVLfNivNlsues59ZWSRkQn895rZD+uFDDlBOQ9LGqmpopsaFhrSYm9vVKkhh+qWhX1648TyVpkNWkShXaZVK1UKUVFNHE6Ht/ZWAWvcXs1vX8gKmDL4e2vf/0f/tfzePf6p3+e5nNdKtO2zz0Yfvf9Tz98/1PCNB3u63IYT3fjfFiqaREiAwVC9uYEEs6pJ4BEicKEBfrc5cRFzgmYGKqWnKnrupy6xDnnjMTJC7NFkZCR0azLucP8aHP12e3j3/3ms7/9v/2nl3/5ZVVV0243gFopcy2lv9rtPv3sw+uf5e79bhj2T55MvPvmx1/h3bFL8D/+7//t1+9+XOblr/72j9effvrJl1/w3fTkxXx6ezeeR8x2ddWPU+HU5Wy3j1/+h7/7L1Xgh59eHQ+HoRvO5wOYmEHizBvGDZyOh3k+i1bQSmCI1HV9P2SpZei2W05Zyu++/LRLgrIk0s12R2S1TBgCjjJcBEdPTlqUOCJiVGY4B4AWtMHa4C4/AA2Q2EwhTKfBJ5wAuBcWXDJmaGgcEDxmYMUYIm0hXwMwRVhGMNVAVO2jHAsaABsChZ2dEjec4X2j6jHACUkT7rBFHHdqblFtTQZ4IUQTnhAcaMYGD/gTAjJ+hGgt0FVcpYcKa01mH0VriAIPNYvJjSvwD4fij+BhAOFmANh0sbD/a6EMmcAkQgpaS0+HYIWtYBaaIOUX4dWMLXUOBoDa6jL8YTcAjCvbcLyyEgIAMyCOxEKrUQBojXvR+A3tFgNLYLskcL21YagAw7ZWVgCsz7sh0uCOBuHIFM9fYz1QS7aAKqRWha8ttxKNL/EPF1pEgBCjALzS3ADAz3VrEJ3CYm/FpgH6wdGJC5rNH9XLygFawsTzDraObXOnSCAIq9X2qoKIB6oPpte64C8gsbX92UcsAQLotrcTdK6p5HENcRsQawhWDAKAAgYWRdJB2MKbFBBjVq1FDQ+sEMUUwAyZ3OwFLWZqr/upVTRgmxiGa3LBte0oQVq3Rlu50M6g4EmeZIlSr6ApgICXYb/ena8N1K3P4aP/dvTlolU7IXyBxdp0vhZXhNBSLY2dxuuJghcISB6ZwnCSxxW6+uow9VL7pv22Q8cbX2N5t63m1T0UVY5x8EYDeuOSvpiQCTXM+dfN1b4lgC+5Q4wfbxqkJgSZ1n99uV9ENAkuHUvc/xYQgsWZWaBrY0S3X6EwPFJDRDb2de8DJWNacLjhpGYM5OuA8CM62cKA18/ESe8Hl7VrCEpkSERm4k9KP8oUxBPzjREeur6LY9wNts1rHyVZvKBQYhq9mWLzJiOXVWJvut4QY7CRI+3g2TdryoqTLGwHoT8tP398fIwF1AcCYGQiYguq61lwwoSy1FllEalSE2ZQPJzn81SKdlLn0wRv3pcPdxNUQO0Oo53naoLzouM8AdfdcDPOejocTJWIh26A6GewZRxFhQiAMyL2xEO/AaBxOkx12eTt9W47lqnUmrnPKdUqiKwqi5Schu2mW0SRO0QSA+r3iXM20lKRODET2nw6ceq6rnPEtcwzGCImAFqK9P3Q5X5BxBkJOkMDLKZT0YVTHvKulBnQEDszYEqcoYqO5wN1mcysIwKrS6nnueuKWi1aGTRlLpVPc/UxT9M8ppweTn0iLWVGhL7riUstU8749FG/HYwR1OarXXp0nfq+bvf25Hqz22BK49Dztu+JNeGiUsk9GlClLKhMlKwVjSJy7rAsqoqnyb75Xv9//+Ptr29tnmma6nka53kZp3lWQyJdxKBSGeeq1cCsJk4M9Ojxbd8PtZRuMyyLHk+HWouZipSlzNM8ihRRie0NRpQ8tiGyYfN+ZvJMtietwEqt64EAACAASURBVMDzG4ZIlLquY1PAXMpEfaWESpw2+2U52jIigmgFg5wyEmstBqZmVQSA1N1ziA1Atfj0KKmFSLtuAHCR1EwFFTUCrsf0mCGhJgbIRIw0Lwuica7zOO53A3d8rFPX2/7xk9vb3U8y3r39IaEVuf/mm//+7OWXAmke7zP3CDBP05llnMcPd8fPX4jUScqciH/78svjYb67P8yymFSFxchy6jklFe2YmRlROBEREzJnZN50aUgpGXZlqXWpXbchIuLMiDE22lQVGJEMstGj3P2Hz1785//6Xz75n/4yPdrpJlOVgREyeR+MEdR5KWIy7K8+4XT76G6u6Wr37NOnKCOc7rKWZa5X149ffPXV0u0VUlnq7Se3P53nr//HPyGVx7e7n39+2+Xu8VdffP7l7/qcxmma5wmwfPhwfP3qB2N7fPs0UT7PJynLNJ3O0wHNTMvQ5dxxNzChbjb9py8fPX961SUo43z9eHj+8pGByjJBh5SiiNBPVISEYJ69DNDhNbQRoNEFjQCR5tYOLdY1hOQDA9bwgvGPDUpEDG499BY6txmuruIeyhhjUslaleamCi0ANM3WnUSMDL3wJ8A7NDCEaAjUHAQBQQz858RvwjzQWlPxnAiZ2iqmX8BUi+lh843QegEt0nXuptraEVRW4SyQ4nphauZ2Ra5AfWRWHu46Pj/R1FQAmo6HDdIhRokpYEwXcUpAa8k4BlxAVG0zIhu+Cct2aLp+hDdoWrYH30ZposraIhEROOdSkRACWzsH1wofREB3QfaiG9BmwK1rvXlEdyc+gYqDnkSZAqhFEzmgBSlrDdXOT1TR4axP3aJVRPRFnJoUHrInell2oG0w96JocnmYT4ZzniGS+GSHEIQ18Gwga11rQRTBLT9dSFwdrWxdQdoeF8QLCnh8Ke6A9uIaXmjZAgc3gf8VbDWvab9laxVxcDzAVv3hC7vZEHo/ul9x++0GvC04TPw9tYMBWjt2bNcmrVuj4eszaY8erUE6aNAYAYG8haTV7/nANgLwARSBPddVimtpVlt0bfO4EO67olWZt95/a1sU1pIMi1myaB8p9I1WrHg6FlE8Q7PLG/LX1ZxAXasAo0YEnBq5FBwVe467ZZUqDMyMkX3IUXOYR2yoH9uG89lY7ZyLpmWvqyOLBtzGVmBdV55JcF5lvl4s+jFcjnZUGpYFbgfgPTletR8P15V0IEQJEh8ub7EVojpu7XRwl+/IYxgYGLmL5SWHE7VctGZggaJ9x5eGg/Lmqe5P27cqrfRrvdFow408pVNmJ7DhgxB8C3Dlj7i+G1xfPGCzt/cjjYhBDVANvaWdfem2GSGIrWME0SkEeCPxR5uW3OfMwKJJzi+E2gaLUxoQEyIbAJEREjIjoirHaF7DpUotpYgYkgGdx3IYy7v7eapKAGXCX98t7z7M4zzXkmvl42k6judM06bbGaphyRkQcik0n8e6ZEAFTGoVFItUVcy577peEOs8jdMIRt126Da7zebWal1khqpIZEhE3OXEnHNOheV0ejidH7rU4ZC409RvluWsdSEAkcrc5X672e5KmaqKmSaiUhedNXE2MCK62V8jUqk1hvWaMqbCdBofqmqppVYFrcs0mSX3/s/DcD6f5uWU+4FT58NKc9cBWAUzZmbkjhMww3austSCjCnnvt8SppyzSPFXmIYNIwmAqC5i50XnciKQzbAFgL7XH1+rQqUkz25pv+GKuuvhk0d6tavDxq6G3HfGXLsuASCyJU9todVSa1Gr6dd34/evy3e/6NffnH766byMMxMg4mkuiER5q/N5yJsuJ1UkoJzTth/6nExknkatst3v+n5z93Aex2mcxipzLcs4nU7jUYoSMAODSuhCqlWKlQm0IlnVgqakIKIGgoLEjEhMZIamSMyqMs1HmImB0IzSkHvVOnIaXFdRVSLGlNC86gfBwMQQBQ0555S6UpYqBbSm3HkPsdSCnGpZgDATUyJvBG7qq884syYOASBIVSSZz0etC+guJa5ip/s3RdPto8+67ZUAFC1WxtNPf3+ej/v9437It1f7+7vz4eGuz/vd1WMEy4zL+bRM03/9X/7X6+7263/4p1c//3KS5e58Ph7uRBWJiAk4E1BiRquExuRGR8aJUuIu5W2/OXebbh6HbuDECblLlFMyEUNIlHaboRe7Zv7Nyxd/+5/+9PKvf99f7YkIZynTTEMeumRoxKCaqEvT2ZRTf9V3m3z385vD3fn1L2//4f/795+/uP7DX//+2cvPOXWb6+vTQf7pH3/8+e3hzTR99/b+l9fvtR52u+3xUPbXKef9Tz/++s300+l4Hqex1OlwPBeZQezD3TtmPp0PVmcT6fPABFo6KSMktQpvfnlHpo8e7a9uhsdPr2+uB4JalqnrE3UMiAAiAbvXXl1s6r7D5ygdR/fQbRmBGAIVQK1VHDSN9qNkbuT3EexS87NKO2BobUrfKrBGYQq0LKsX9SN43AhhLexPMFyFQkNz7Z3iX1bxcf00jJknYF5CYC3KqoaPn9cXROdbiH7kIAoJDS1M0y9RGxqUb1AHVofSgHkWzY0W8xbi7yz2BsZnrN5LAY/WGlJQvMQRal/YYmSroIno5pw7ol5IjBy6OhooEKAGiIv4FZVFqDFK0XDFnQ1wgjUA2Bjc2mIRxp5IUdQVZcyABBQQltrjosBHiq2+HQOuoDVF1SIjH92Q2JoOWrfhSifBDXNQrVVaICgqhXGGofNQsKQanQVREKHRZ72mOUBcAzaIgmhoXxGYYzXCiTYXDM/VVYFuK74xtBCjoVVpIbQSpnXFBpZUozaeuRVxWPycr5YAcgZw+TrPUDRfnQtgak04LpUyxDpyRXRdQxjVLN4ZYOiAUX11KawCJkCUkiCSp3zi4YT7dZvdFNyqMc4L7MKWJmt/5o8pGCoDmLvQWnRDulKEBmCyPsOmcwdqj12y/nvLTQVvglbg4ycYOdvASDvASp0RwVuVXDuLYnkOauOw2K2wkS7pMERsY7rjwZshegesp5CswVPwoso1cQKRcKCP9lPrhQica44koaUNGcHHn5kZejV+O02h9TgEqvakB8U/GbTRp0o+DMolfOeU0aodPMuLapwZeLsDoJvRhnFk4/60CjQQCa3gCAH2fdOmGA+BazngevwTUZBzgpbOJEBlMEMjz5t5sq7pBqs2H5k7V1WaHxMjG/hQ2FiIFJVfhvHendeGTS7AWnXpObom0Zu/L3ep/qghKCQb9P4ciqQXhGofNMPNBFzAapsdSU0JEDmMC6ixJqKOKKvGaEFVKypVoQqcTvNS8DzKu/vxeK6meVpgnPF0tPuDHg4zoNVK0zifpnGpJeU+p05FRazrABkT5aJgppy6fkAxYM6lTpy6nAZKrCBkWCoWXbSK1NLnhERaC+au1qIyD3nAvheRKiV3vSpRStM85pz9RS5lxpyXh3G35y6nbhjQcFmmpZxFKud+M2yY+1qXTZ9rTYfjUQD7rq+IQz8QICFWsWU+L2qZUy1lrpOJMud+d6VzLjKP5/MwbGspDGdGMIWeu5x7IayqYDAvM2Xqu74fdirCqMD9DCcTRc2sgCaJmbphGlVVEYVSAs4EVuvUb7eJeymLilY1TqxMSlgKTFMxmN894GmaAKjvJCfZDvji8c3jK7ve8+M9p67kDMPAhDaOp2nObz7Un9/KNz/Lv/1wevfuYRlP83nMKTHivCycUuJsAHvaDX2/3fTzVOYiLDKfHpQTZjLFod8wMnNmlaJaRWvVcZqWpZj40FYq1AEIsNY6q0nMSkEENQLixCYFgBgITEAVTFXRAJUMEQhRypRyb5iWMqeldN0wnjsFzv1GUTABmEpVQgQidHQklVMCBq2lmIqK1UrEJlUUAUlnpaRxlPgELkwCoioIIiBkbGZiQmBWCXM2Q9OCSKY6jePV7W1/tVnuP2g5gdXrx8/vPvzc0bKM86bfLUW/+OwTKWUaD0gVVNWYU78UXZallHl/vf39H/4wfZieXV/NDw9XuBlSf+7zXGSa56IlcULA5BkMVGZGRgRhpo4wkfU59X1PE6XEXe4TYibsEBURKT/e7Z5fXb28ufnysxdXj276XXf86afzz6/3N3vuWQDKvs/9Y+pynHymiFLL/OGXN8vy6sPbu3/75x+E6M3PHx7d7rrN7vn1s5dfvpjFfvhv341Fz5C+++Xhl/sPV49u6kRm8OjZ0+310/NY5nkex+M8LVpLynR1sz1+mGudl3ksUilSspByrmXhhNNYRLTv+9vH10j49b/+PJ0nsJcp3W6yTcU4GTJzuD96gDP3gfS42Kz6GoBv0c/WtLW5xhexNuJ8nLMcsox3uBkAONxuGl7Ief6lrSbMz2eEJs1+JJ3GmJnA7/FXzkO81xYNAFTF0HPmLfEaxcCAoGJIQBDzbaDptmbNmxoRrRXogkF0FMJFVAuOQqYaPtiXG3JK0kiPmjSOABCKskYgBeMmQkKLIQrqzYctSeB4xPVYn+nd0tgBvLA5TUbw8utrH0CAcIHqa3es15oAGWhI6w3hQmvPdq6ijpJXsua6baiMwaYwMK1hq3FtNcoYIdI5ojdONbCAYSuCRBzpFNfV3MJgrQUIxARNUXOsewGrGKDAVx+uzxkA2zBNC/BtkBpGbTo+4qUxFInMPdajsOujqvz2Ppvy643KBmAStBUDb1rQNmucDVahNN4BUBvw5ncb6TW/coCWnQoCDeYQyMLnyN9XAzoIiORszhEcRPcoeQY2SEeAVoqCfoRwYVQAcomaLAT4BlIxOu7btaz6Ozoa90lxauIIzLMxsdLRIS411LXuY2xUoqFXjAfkbC8ST5f7c1nfZSNPp8TO8cJN70hrhWbYTq52CevbAmwlexiE1XeyWWtWaYXyK2GBdtZFagDAVejojnBlwNYDI3Zw/Ka4t1K8Or+pRmq1aeAIgMguGYCPg4U1E9AuAMEbrjzLiW06BwIH//WFhnHmeJ6OKKiwtZTguhEQCIEvGx5WemYaVuXm+QFc21fBr1+prUxn8v6OfEnGgYxepeTckTF6GsAAGJNFqgebL5oXEBGubpjeS9AmbXgpBcJFy1ADJCbzPQtmPsAzWHbYn8bji6CFSF6YEe8VSFFclbLYn+SOuRhVP36NFz9k3z5MKfJnXrcXMRAt/MhaMxIyoHeWs5/UTgUIgRATd0SshmpGxFVpWqQsUo1V8XgaH07jeaFx4vcf5nd35XjQdx+mw3Fh7JZSAbjvBwMuxeblQMAppa7bMGVMOeceAXvAWqa51Nx1m81+KdM4nXPur64e97k/HHWaZkwMZpkYc1dNRHQax9PpfjcM22G7gJwP9zOfwGrXbQxAtVSRVDdGnBIQsyrut1dDl87ns0jdb7ebYSjzgyEm2nRdmuVhLmesE4Hut3sUqXUhho7zVMoktYpSmZmoiIqUarUjItlIlUyJOZeygFRgsmpgFbTsNhtmJmQzLUthxJSww52v/3EeEYApO5appYBJv+2vhkfjeJyXs5SZqO/6K2IqZTydTonnnDpEtQopZUoMuc/cjeU8nZehSwRd0XpcytBl4EGqPpznWmdO6TD119sNAnQkj266/Uaudpi7/O5Ofnq7vPpVfvzp9fFwVLR5nvpuIMwiZS7zaTwhdaYTMuZEJsvh4X0pigbVwABTN2zg6ur6ZjtsmFIty1JLqUuRWqosc0HAxElqESlSRhVhn9mrimbEqIZQgQhNxFQJjZFVAVDByEDExKqjLk25Z5RS1cqSEu82O5h2YxqUMlICEQMyEyBgZqZUqhiimLlVV12kneIq65GHamJGaELEZGC1FkDIxMSdqqmBWokdTmSiAoAGtSwAJmNJ/ZA6TCmjlun87vrRsz/89X8+v3919/bXeZkVl19/+XZ39eTt+8OHt/dd18+lfv3tdy9e/rTfX72/+7AdusWUWJlxv+1HKVJz5qu5lE3XKUji/jSeFIQJkYgTN6coZsTMiTB3ORMQKiXkhJSZMgJTuu7zi6ubv/rDV5999cVus7n/5fXx9bf30wiYnj5/snt8I5mvP3tZr3Z5u3U4LEuph0PWRcbjeDh2nMBkf3P1+7/66ouvXh5O8+F8vnp0c5o0DzvbWB0fTtN8/+Fht+1487SoffLZl+fTuCzl5mZf6vzm1zeIShPMZdEqfZeWUmuZ+653jCciSxkBlDIzps1mc3O73/WpG9LVfjiflnmuTx/vNgOZVREBYMJoT9OY1k6tKNIjnKnqWtOBlzS/rb2zkbk1M9d7FQE0VJy1yhjU6wtadTWDud2z+8dEhGnEABDRyEf8NG7QMG5ogRfA2iB+84EDa38XrYGuJjlaiLLh4DYBNqJ/0IOlNH8WaEKjoeviaCZNHQsaZBY0ISBMVLG7Zk5Ipuo80Pvs1NH2Whqtq97b5GMXu2BtYFxv3Rq2MWsOjiGIO15s1TdR6R3CvAdbDMjgps+RpfBoRj4xKYoAEFpmANFJgEWJBIRofIntzkkcEeAqVvuVYmBAimJ2g4+8ohwzhxjrcMWF7Ytq6RftyQi/Muc8bcIRUqw/XGmiR/oYfb6WVrtOCqktEs8NxLc14BlV/StgbWUt4FQKnPkAAK6sOL7dlT/H66E2NhtMAFDV9mKhMVnwnmoIKqOBT6w1ibQZXmtNhaNLr/6Ii3M3LkADZdejL3kBJ7GIrXA86qIaXPY0Vkjl5k+nTcBGavkd3xmGLscGJcI29s7fNMeQDmSImpRWH7YuWwubniCrLoO2rgZCcgMZNY2smwUJaBDX3xi3paVk5MuS1k0Dl5/1P4nDKL7EV3nIE+vzj1PBnzIEyrQ2T7bh45aGjNo1W//u8t/WDj/4KKkHTpVavRVcOHpbrxCzz8AbTR3m+6nU/txVE1onCMexE+vIwgAJw9fLs65mwGvJkEEQtraUcD1LEAB9nKA/6nhaGpcLTrz86G9VbwDEGOZIF0LsD6+5fALaR3bLZOucXPTtzv7ULXyhYX2MEMHFS94gjvL2qYDognyzUYh0mUWm6dJlvxJNMG85D8ujCGWM7bRwX6BoNWukHz3P2NJ6huq9yYRu3eNPHJqBDzQ6o6QYNAnjR8LMmFzkYDRWwSJQgQVwnvnhOL97OI0LlYXff1h+eX26e5BxxPNYjqexLJWJw29DRM0QuRtS3++K4HZ/jYgqsrtO43muaohInKtOS5nE1NRqrYnSMk015eV8KlY583Q+IuhuezWf76d63m73Q+pkGExtOp0VVWpZzE7nh6G/6rseUAl5mhdMTDI8efRcFJbp0OVcUpYygVaZx3E8Hg8PiTvOg6nUZVLRZDpwUq33xweQ6rENmMDwcP9huxmIOiu1lBNwqlYrLGDGGUGXUueUEqEmxj5hZhSTw/GBmMDsPC7bvvffkrqYVDVa7IwEjKiagKbF5Ky9aV3qVBUyg+ICiES8TKMxQ6rb7dZEzw+H8zISw26zV6TzNJ5t3m72lPvj6XQ6Y+46BkLu+q5T00nUzkVNS5FfHmwYMpNUnR+Oy/39w8Pdh+l4WJYRmcHYKqjqeDohaJf7qVSibr/f1bpILcuy5K7bbvZEnRp2w3bYXW8329PpPC9TVRunaR7HWkudF9NS6rIss2kxE7NFpKpEL4njLdQSRm1a0cREqxVKGZGQWWtBU6JEACDVkIyIlDLRVT/scrIuHTlVI/PCN9MY48WMBGgVED2NQmpgVcyY2YBcmTMtkBgRTcwQF5WcMnFSUDX1fgBAcKhtpmbqIwJEyzwXUWVK4+G+39Q+9yalju9xd/XFV79/029+/OXnh7tfkQCzncZle7W/tuv97ma74WHiz377B+B0mpcqdhqXG+LE7B4hSLjpEhMlBKWU026RaakFfJiUQSLuUmIkBGWirut3044QQSupUuKBu13ml1fXf/nF57/5i692z55Jrfbw0C3LfDiW46GqPdQFljMNw7LZ9C8eW8jpVO7uzt98B7bsnlwNjx99/W8//+V//Ovj3cPrb1/p8ycL0d376ftv30LfP/vsqTD/+c3DeB5Bym63r2J96t+/vRtPZxXRUqfDmQkQbDqfi5TENJ0XA+pTsrp4CqDI3HfDfr/pUuoS7a6Hx483Hduz5zcvXl4RluNpnKZuM/R9TtAQrJcxR/0stMHvfi479IlqBW2en7CWAvhkUwMza9Ptw2bfz2VrgTLgqdsKoo8riqytNpAJ7YJaPAcykICfa7B1VOdBu+HJhkDhcq0XiI4xN559jtVaMhTKoH+fgoGoN6t6HcjlokLHVUALXgLokYIQ9HKbTaBehV8vsm0PbEW/XgDhUrkhNRzoqjba+vsem5phOwIoKAGurcYI4GPC2mweg6jewUYkGiZp4qujWH+HPtHETJuC6wqktZKNkKL92WvAJLCwYYrrc+k7oFPo9uYc6cIeQtgDv3aEaK+IOWVgDdZGmI1vuVAGh1v+nQ6z0FrjYrtMQASk5oEZmRv/ak1OUShqxAKqr+/Dl0Jwh4aRIIbWxpdebH4aPYQGz02t/aV7dUcXBgYYwAYSV+oBAV69RNhaVsIudWvtB2ClwA2uWcxGRvOqeQJ0txVfAd450ghlDHLzpxGcwBrkc7oSYnarn/Z0k7v/QgPYPso3fsjar1B7INAYVfDvttL9Yi8tzV4B5m3xvjLQ0J3HoiIMWnrACFUC5wEiGrdyQ7bYop5kbCaVbt4Yfjr+W3ZZQM5rYd1bCDFxLyoJ2w8ieo+ILwnPsUX9kp89zUzLO3ZXMrAeEq4yf7RQwVo3ODTtWUFtFSGw5bGQMPhpq4aChr/bogJEdMOEtrfiqCYIu1+LaQIAreQdEXHtrfH37Xkw81JCIIQ2gMnP8cjomVlwJWiSiGkzqnRqpNDMB3B10UF0+87oWghiYKbNWBDBJ3b5+l+fvR9APhZ4zY86yPYsgCKyJ0mDG3wkC6Er7hiejESrNuJaBLasDa4ZYXTuqtElZQBh2BZjTmIpem6tnRDk+o6FTAUQT77tfY+jibwdABGBRXFa6mmqot15Wd6flsM5v3s3//DL4f37aZmxzjDOdZoLIOTU1YrLIsS22e4IE7B1BMhUqojUbrPb7K5UoUxnqcoM0ziWsnTD1bDdS50JLXcp536ep/PpQVS7xP2wScMw3N6qLAy8oJ3Hw9XuerPbEMN4OohYraIqqpJTZ1rLIomx63dqOC2zYJrGs4KWOsoCS60iejify92RSBB5wULL2OVu023BNAHO5ShVc+4EQFWr1un0sIj1iUzLpt+lnHZ5R0AiejrNhAmhAGGRUqskxpz6YbM9j1OVKrXMsxAxZzKTZZkeTu+JYTfsh24/lUmsGHDqtlbL+XiQCTlB7nnTXwPQu8NbBLq+eny1fyTlnBMZEOdUbJY6T3MxsS5vhtyJiEhBdC/QhMDVbOiGTd8dzqfzrLBNAEmxLFVkkvN4eHg4juczYhUpOecuZ0OYx2meznWetZbcMRjcXl+n1G83wzSNh0MBxFLrNJXtrqOEgCBmd8fTtEzzMjoMUpR5GZfxrLJoWXSZDat7kjJ6OZ3Xa6qZEhMASJlR1ZPLpoKGaggirpEyMTGDgUqdz5VTZzLq/MBpy1oSMTBTZTUf12c5oaoWEVUBp8LkttIEKgjEibWqz1qWImZAzA4Uai1ECsxgVkQNlDERs/NqU1WQqNpWk6UoVq2VgMEI1MbzA9GbfnhkvN1evyxVB9ZPHt++e/vBOvvys+d3705Wui++/Ku//ru/+W//z//t7Yd3L569GLo+l8qIaCZVTKpbcTFx1aVKQRAk7XMHoqqFDIaUcmKVwkCIlBl7zttu2G+329Q/2W6+fPrkr/7mr5598TLv912Xp4eD3D8M/TAPw+H+YV4mfW9q9dEnz3QuUC2nZAal6Lt//Me7b77FzRY2HWZUyz3b5qr7qTOGqe9vsBMaBmDcXW3//s/f//jTT7eP++H6k7rUDx/en8ea+13HQAmPxztkS0Tj6VDLQpEipZSzCS61OIjPqe8SEcLxfChlpns+j9efvXh0Po51Gp4+2/UdzmORqw6T13JUMwEVd8K5iIJ2kVFdlVlP8qbRx7iiVhtLIRuCl478uwk6bvftf0PkSYCGGNyFI7LgiK2FHCQKeRvsQPAKoib6RIGAWWidiAbAEGIRILjRNMI6VApWtd0CHZv3/QKuCBkAPgr26yfFYe+xRk0s+IOJuU+EQWsjbTJgC2EOciLcWbSYrSUuTkS8xjjy/+AQpOmYjKatva6BXAcVtCKHaKh1FRGB2viF1SLUbJ1Q0jQ5z3ogNJkSAXy0QHvfQVtapas1FbMNlDdoanEM1YS2WsJiwoJioNGagvAX0UzQG2WBVqSEaNrasm29JLOgE0GKvOzBVAXMO+5XP0hnDnHBrUYJARKGgS20VEKwHXPE3GosEIGAW3inWMf+Y6Fzu8YeADgANIbAG4kLAAMOJf4iobbtAMZw6YVpI0cDWTUVHUPGBLeQD5E5xFeDlXzHDosXievkgPiVmGEKAW8au4tnf2GdeCGUl/93JgkXUTsOguAyBqtMECKq0//Q21taIOrbTV2F9hKxaHlQP0zc1JKcewAE4MSW5Yi1Bw7vjGPGdcBeaMQoWjP8CKDGf2JPWMv3+FIzCJoEFr2dTR239kttG0Mj0BdeZiufvfB0sCCQl1EJgeO9QhEDyYKBC+B+R9HIJFHzZRb9q5HkCM6yIt0YseBUyhcJQFoXZIwG8DfOkcdzMhTkAW0t7nQ3UAQzY2rQGMidJ52SGfo6jq1DFC2/kcm9sHtohL8R7za6ek3uIV7sjBBAMYghBolCtLWYMHoYrK17iusCME/9QTOMhktGEpOBgPG6eyP1Ac2NeD2YIeqxOA4iU/WBIgit5D8WXDvZY8utdG+1L46n3vgLsCVCYAGqoksRIj7P8nCsHw7LONOvb6dvXx3u7uB0LqfzuEwTEjGmUgWZQYmHbtsNuetrLdM09xkJU5XKibXKUpYe+Hw+DsOW3goS4QAAIABJREFUUzo+vC/LZKAdUQJlqMyplhmqMFPHXBhTYp3LYrQsddhkVSm6KMjVfg+qJuo5rqWcVbXrEqWdKpAaaEmZlkUEtNqyLHg+kVg1MKbUcSaijrPkep4Ofe44JVmWOk2WFcwO8zmf07DZGrGB9pvtBpABeB6HLqvI8fzQD5ucsqEVWXLmhF3qOjQb+u35fFhqWU4VgIhR6rLpBwEcp/MyT8s8Prl9vhl4KXNHCdDUaikLGSLmOk9SdK7nxFgKVlYFXJazKfRdv9veYOrHadRpEoM+dZvd9Y4ocSfVTuNYdWEsiAWsbHe7gTYAWEpF4LrQuJxFUcRyolpnNFjm8zgexcCqTeNcl/M255S7jEpoqaNJYRpPS5npdLq9ur5//67WwrknGgSx311v91dVC2BSM8DUdTsDOE9HEZ3O43Q+gc4mAiYAahLly8QMJlqr6gKqoGK6ICL7FjZDY0NUMdGKKIjMlEQKaHVyYIZWK3PqoVx1iEM6DJ3otWYYTyoyipSlKhOCKScGgCKqqn6YJ85gqCLtVCQfJgWGAobExuCjczBkBcTkSQQTVZ/dk5gTJTUxNWIExDKVlHXYbqHP5/Hh3dtXkK6++t3f5N/98cPr7+fTLyhlergfOxjvju8X+OSLP7178+bH778+Hw/XV08qaBGtImqgVawUznnoetEkcwWrmZkpZ0pMIKIZsMfUMwNSos6Ie8BM6WqzvUrdk274T3/8y7/5X/60ef64EPb9MKRcp2U2QiCgTHmwqmJW5pqYu74jREgZOac6Hb/7ZrPZ6HZ3ruX585uXTx/DeP/n//6Pzz67vbrd//j6DfL+2YtHP7x6/fX3v/7y/mEcT29+ff3m3eG3v/2SMHNCTqmUZT6cipTzeSYARE5d5sQilgAS4VRknueUgBAJmAnP42mez8Nm+OqrTz//9PHvf/csJ33yePPZFzd91kSYU3PJU1kzyhBylWN7cXEnSh4i+piZWTCFUM69rAUvo0fbVM8mYlMc4jE/N3AhtmBnYBiDW80AUWNUTkj+DSZdBjk1oW4dINQqNpreteIjc1QQ9UAX8QdWZxOxaC4A9QFCDXg6AlVScLvGBt9sDXgR51wsN4xavI9QngMqJxjqQMWslQKs9hYcHoyAiJcBpAQmwT/W1kcIOSrehgeqVoDQkgeuJDLICgmNvCrVXwlcSosQm8ULNjVyZUEInhmIbwZ3i/EOOE+uY8NJjlgbygt6QRGZ11YL/9aYKUUrYPaPXwdsRTk0QEs2xHLBsBW06O4OnmJh0OeVK2YGEjMHnKeitJQWJPYBskHy2lQE9DwOgKEGUlqrlHWtIYZABo5F1huHppm7go1ugIgQOu66Jlt11KpIo2OaddASIEQZdPShIq41yLEa0X++LYQgtECsbiPlD94vyNwMBwk1/tEfyYW4BFMMbO+r3sxRW6RBEBBy7AZsiLjlfXDlle0PL1orBMAOxtcqNFppuK8F9z6FVRGOR+Xj+bzWxr9Z14XgYIwC+Ld8CKz/Y3GSRNfn+lfWZlgZxiYJi13QOIjA7YEMoS0CT1hYzL5p+aILsbeWGBVYi86jjiQOpVaz74sk9ppjyXZhhBgnn3pBPLakV7RVeSWXUQB7BLdjcyUmjpgYWdtIARKi+8NHZZ6aMVhkdcEt2zxHYICA0sgvfvQyQ65oV+EZf18j/kOB04O5edYRQyJaX51r/E0dCrsA/168ZLPAiZ8RQSQqtKkTXkGJcfY29O3pY2CfxxfN7fGWNThmY8vYMgeAGA5QUaHmt+d1rUHwL4zL2kmLzdYWgxD60jVIlDK5xWHsCPI8HmRArgL3p9M4gwIfp+Xtwb794fDL62keD6eDPBxOSxURq1oIMWFOuc8ZOA9SjblTWUAtEachJe4YeZ6rSunykHMep1FHRaRNP2x314dSGDB33bhMKvPQ9ag2Ho+cetHZZKkGVWaZj0WhO+ecsigiESE8nD8sw5hS2mx2SLzMI5kl5KIlpQyQVIqxTOM0zsdESerCnBJnQ5M65WFgQsScc1ardZwZbS6znB9S7sFklllqgUSJM4ik1JkImEKVnKJrehrPogVMt9udy4GK0DF3XUeMy1Km6czMmTMQMoEhLLUk5LuHhyJjXYqM7wTFCDL3lLrz6Qi29DkDQq1FZytJM3Xbfr8sc0IBLTdXt2owL2cVSZyGvJmmc6mzEhqq8/euw3ku9x8+zJt5d32tBYVts79KtZuXaZEyzWUcj3WetS6qSohlWeZ5grosVuoy1VrqMqmhqIpKFSUptdSE2G/3N08+MSBk2+x2BiwLj+epTodu2DJnMZuWWqaplgpWTarURaqCWaKOEolUj8oGBRGQ2NBULPmukwKEyByGpexHDAGolEXA0+5MnEBmncdkJVvJCNu+F91IgqVWmbWKEAiF+EtAgKoqZqpEgN7oacaJmUhU2dzPSg1MTBgTAYMJEhEhIkdsYaTWReXqv6ipCgGD6Xk6WyJK3PU9gVh9uLl5/PTpy6fPH7/+8dH3/5ZNeZkOy7mACuOwHbpv/+X/BD3tdpsiMs4LT1KX4sPgGZE5YCZIrSqZWRXQlJARKfl5I5rAOkIFTYBbHq7T5ovbR3/3N3/1m7/94/UXn+ZdV8yI2RRx6K3ri9JUDRNvdntGSV3X9T13mXJGkbrg+Obtcnf3+I8v0uMn/OGDHo44ZKnl4Vje3Y27Z7rd7R89eYSJfno//sO3322uOhE5HudxnE/nUQBMYBrnTCCqyzQvy7nvOkRYlpLBXZ4gIRFQ328Sw7yc7h/e7bf7rueuG25vr29v9le7Lmd48mifOzFZ0qZLDIhSFRkAzQgAfdZba/cKb8rwsrYI483PHLTNEloDAoYDTqs4aeqYeqVpE1b8CPVOSYsAEZAZW2TRFqPX/LmFy2d4XSA6WMd28hrIigNwVebWVHX0xTkJNVwLYwEt8GmLSBawMgpyPc4DrLirRTNrixxxDayhHq7ZAwTUdhHWwHmUBwUkwojD0JDFmusgBG/FjPY5LxoPxd2FsxaMMXB340KhRgbBQF3RmytbAT8aw1lLl9yayAuTQuVCCEBrJnYx1cdo3F6/UxtxIAc1YS9v7mrUgjcorK3A2tZMoM8Q4kFNtTWf+/jpoCXg9vgSQzG9Otq7hzBqQRr/8xIGAPfY1lXxS+K9kl7m7r8K5E9QNR5osAeF5rZi7vMDQY5iDbhWG+kei7JfM69lYVc61AQb1mgctiFC85uPugkMStV6JFp9O+Jlgis2A3XHlf6etI2odiyFsf7Dbx7IDHzuZzDU1Z0Ewq3Qb1aDNreNCNBqUbDJ8n5/AZYaaYz91pb2JamHhGatB7ah1aCrTfOFxkGDfjc5OSBhK0bC1giOPkSELr/qB0E7fsDQvOrCcM1LojXGA9Ed2mByY3UaT6wZ060T4nwhtNyJV9tDOPP4EQBtm/m1mOfN2gJrucrgS9BaVoMt+FJyD1NGYlNx5skIhihSPZHpzv3Y2Fp4zyCgtXYna4krJGiN/xTKAgGgoSIBGjVXBAKI+XlgAOxZIQTEsKRpAoGvA/CEDkdIsDU150nK8D6Kbdh0kXhhF8LRDgFzcSIIRJunhzGW2M9ejBK4dgY5OYyDEADIz6T1qGmMHnwr4srxKbwTLlw3XrwnQiKn7Od4KAjrNg2eRTHpQi3uMbIzwEhEjCZFClhzNBeblwrERfB+pDfv5w9H+fP3x1/f1tevD+fzTFbRMFHPXU8JtZAuZapTp7a7uiFMyn6i8G53O51PlGG/3YOhaTmNZ8TUdR2ALcu02WwRLDNLref5vNMtMy/zBLXe3jwptZ7nEwJ2wyBLZVBMbHNJlAgxdUmqAiiyzdOppp4oicwEamqlLKpiRpvt1TiNJOVqf7PpNwRIBCKiqgRoJss0otaUM3Oe5pGJ5/nMnPrNUBahLoMpc6q1KlQDOp8fpmVUFS2GRMOwY0IlREpoZgpMeS5F6iJpyX3XM+Uuk9E8VU651mKi+82QGIgwca4n2mw3CbrjeFeLYMZN6rnrM3d97jBlqYVTBoUidbfpxxG1lrHeSZlz12PuUKeyzMPVVerzh+PBOO/3N303LPMJEfrupusHA+p3OyCmBIY45C0xz9Nc5nkez2U5kYJqRRBE2m83qHx+uBun0YucRY1Sl4crSnXIHShgAkC4u7u7vn7UdQNhnuZSJlUDzFStqkApdV6WZZmwiIloLariSgWASqkqgmgIFQGZM5iUpRKA1GJWAD25ylYrGlB2IG5qoibucUWEpoJgtZzLdJJlyFg3QzdKv6h0mx1gFS1WzcBUjQkIiJGb1YlvWEXCqLpVExVaCTQxInmez0wA2INeDIgkRCMTFZXYmYQVtEtdSqSgpRZKfeI0jeft+H7Tv9h29enzm37zd8vpL+bzw88/fr9/VKsN0/Rw/+YbYnn2yTOsMk6nLXZISAiJuXACBQEpVWqRqkuSzOxtRUqECChSdFHqeuogE++7/je3T/7428/+7k9/98nvvrSeuy4zEqLx0DNyfXQlT2/H8cQPQ6eLyzNdZk3ZOBsnQFTF05s3716/6Z+87BXf/vTTm59+RFNkHJWefvnZWKZxAR37f/z6x3/49udXb+6WH+/npX765YurJ0+m8WwGj58+mUqVZcw1393NOXEtMyHnnKd5zt2GPTyDkA9fhzQMA2fklPbb7ZOnj8Xs2x/e3N2//+MfXnz66VWtdZ6AhtznhN43wgymBOBTGxpac9zShqqulTdNBwlsfqnVbwgMDMznn7aTO1TvJvZCC/IO1aiVvAaaiLy9tVIRCMrYpMUAu8iE2mr0vbLb1C4KL3GkBZrEqYF9QtppQRzdqM3io2ENMK5nGYKBiorH4PV2W4uxRF24mct52MKfgwltodTtKzw+UShr2GQqsDWKu8LkVKWBNWgplUD22ACgP6IGstHlS1pVqtWZDsI2ycBt8aDBJrD2LrGBGEWLeaoXOnBBeyvabA13DrVDsAtCgIFLQSQwLUYpc0N1BhaUDFdttuVRgnZBZGMcbYNfjSM2XcVnNLDIh146kA3NIoMUtTmAaAqJAm+ZoRcQxHSDVsrtuzigBvra1wAkAQ+b0O8fa5GraWI8gLlHuy+HAMOxsvyERMLmWmpgZEHRqC1Ta6O4V/oK8ZhiQ8TKsrUJ/YJl/WmukCWKMS5LRwFwnST10XJvdfzQcoCIrTmmYTmMRnJQctjFAGQW6rG5xSxEhU0U5TjVb70rZu4x2aiUb3n3OIpaC+eAsLKZaPiORdDYsdtxYqvKAgUDJnAG224e2se2V7OK8rHGVqbY+EtU5EdaKxBmtH6uCQ5ohMWXHgWjv9BpaNdKjQxhPGqKMh50VucnW6sxWSWIdT8yYBucR2vLVbCLxtBUPZOB7YP8tjBcdv09AlIcD8bmLgQG1vItoTS08hbnOu5Vqa2Af1126rABoiQxysD8bTYXo3gS0O5dvS9BNZhIyzN6f9bKIe2yhsH9Ny9PNVJvsfRV44liVC9Cy3+4t5W1lxA0H4KAh7IUIB4QUQGC9WFLRMAaqFaS6R0jru8S+Q528yKotRAAGJmaABaBh3EeR1lMTlP++tXyT/92/PVtvXt/FBEtIqKlVkKznCgBEjAkyiBSUqY6z4bleDrnTXd7+6RLw3Z/NY9HM12W+TSPqmUcD+PIS50BYOKMVmupYlW1PjzcpdwjGyI8HA9Symk6INJm2BDnUmUzDFfbG61SylznEYDm5aSGfb/Z5rxIGccDqDLR+TgzW94/YsCrzV61IMLCOI1nRlLQeZwBrUt5qbUK7XDPqes4dynx0KkJQdaNzMu5769VNSlrKYCQkAbmRRUBai3H48P11U2X0lyEmTIRpqTjNC8nlS4xU6JlPmlVML67f8gplWXmnFV0nKbEKfdp02/6frvIpOMky/Qgixp3iR89frLNHXfZ5yWL1sNhGjZXueuJaC5l23UElalHopzqHz7/5PvX6d1pykQdkxKfzmeDlIeO8kZ5I2DL6bTMd4QotRzu3qPWDfOm60QWM64qy3yeF4Rqh+MIoEQIlLabAclqqUvVU5m6lEFRTDbbXGTSCcYqVZVzv9l0p2VWw1LLOI3j+Sxlzr4XODP4fEsCE1EhQvJ9CiZ1NClQSkzPQwCvbNYSJFtFVFzHSZx8bjkgiQqoIttSZjTpc7oinooUEQapyzFU2GoAWlRZEVQZ3MgCzHm0AjKqiZqCkYJE0IjqfvFScSIQASJmpKLiChenZFKtEQo0JEIRVanTOPbDtu/3Y62nw9t3r78ZaO43/f757eG45fTi8ctPiXU8HsfD/c3uesicMx8OJ5Gp22w5YdelanVezJBBzVQQwKoIGsOQcyZQg9oRoygbDpxuthtAeHz75bPH+5efv+wfPaahFy3L6ZQKW2Iirlmx493zR7xMy/kEm8yJ61IQLO132HeUM+bcYYfTWZf53c8/v8i0z/TqfLg7jdil7ZNnN8+u797fn8Ve/fLw59ev7sax6+mHb96NRYoy9cN4XgCZE9tSTsfzPI5eQ1lG6TIlzn2fzABU5zqdp3sV6dMmpVzU6rJoqcs8c+Lnn1xvurTZbplwu8nXN5tkygSugSD4cWkCGkqzGhpgYogmDXPPR7RLD2Qg8VbhYzE/Jdw21BRAzbgNiIGIq9baPgPZeBB3Z8c40/mCElYg6HGbPB0bjm8YTX6uIMGa1HVFGC7JpXbRkcOK8H1R09fwgx+p9eYDL+BSBe+AU6DFnIju0ApnwU0kdU1/B5qO0B7cAcncnRTDxMVRYFyfXzASWgyy9Y9ySOtjziwCXrTBEUTixW1lVn5gkTi4JAh0/QcLzTeoRnuUBqAmIfEHxdEgTXGjANZ+9MJRGo9BwqiA8KohDNIQhUFgTewDFXWrQXCjYPALivJsQ7U2ES1eh5o39ra8ja15A2vgBSGGhracjaNxvcAagNRgJ0bKwlMiBOid3BglAwYNzkM0OWgsSPjYhAQujA0uqQH23taAP6aR0Ao87QALw8XWWUQ8lMjYIGj0uTbLFlrlcE+VBLRqOD7UYV9KcbsM4L4naK6vOa6hBrTjYlbfxHiCiOwYljxFgwgWLTYUJr3KPv8IDA2IUrAGx+2wckeM+q6oHI9RSVFYE9/ePMXcD8bWR+x3hIjuQIfQlF+vsXB2H50vvvDVOao1ohI29S1V1T7XkfIKtBWAIlGFUS8DBusi88cQWR/yDUNhM9pe4drE0eRuL3Nds2xRrRSFKA3EAgJQVPWstDqUPc/eIBgQrdasXoNkEJZr/jt+Qe1DnC9h0GbzNEUoN+1LnMkGw+ZGqzEeS6v+B/BnEBOvAsy7zdnKQ5u2DxhpgUYcGqdvxaCeT1itD8hNFADpo3NSo18B4zj1538pt2sP2Gm1m+9TO3cav7I1S01qCmAfWwzFpo65E2BORsHaYoPIgiKug+gMPckZc0oSIiIFDzUzUzAlSopgJpw75F4qGKbjMn/7ev7h5/LtD+dfXx+ncSzz3G+Grh+S6jxhygyKUupcTon73X5Xatrv9mS01MJcda7zcSg8ZaYis5SioH1OFUFEDHEzDCZqskwn4dTvN5vCVOZCnBRqLQszd11S64tWIsxdGvorMuw3u6UKztyVXE1T5rmUWsvp8GCmmZFT33E39LtpOkCtdR5T13ddzwnA6jjKeF6IEzEjGBH3HS1lLmWBUuZ5nMGur277YVNLFV3MrEu9gtQinPvtcGUAZR6rGKjNyyiiQ5cSp8RoZikhkeyHLtOVimlZEJKKmdrQZSZDQB62KoIAm26LJglxGScGutldP7p5Op1PpS6538zjsczTiGiIWnWa5pw7lcK8IGBVnZaxjON+t7Wq0zz+fBqfXu8+f3p9HpeH01FEE/J+/2icl+N5SUNH4IN6BcGsjuPxYTy+I9Oh6+pynpeJqZNaS5lzZiZ+fH0z16JSRWbQRUopc+3zZr+76vueUrfb77bb3WmcSpFiVVWW8WTIYiAqy1LG82giTKS6lOVsIgSARL6HE5NIFVmszGBCrhESuWGyCJoZMYBWQGIiAGGEKIb0/R48X11qIShDn0BVFHZ9r2oz6kKd5a5agc6qIEi0IiIDeybUJKooTZHchhjM0AxNtVoxVSLyJKJUZSJEUhNEE1Uka/YoBtUMTUmnsxhCP2xMBaSg2m6zI5h//vHrTbbPP//88fXNduCH82m73y/j+cPre9Rpt90SKlPpMtzdv/nd7SddxykTFUyJxC3VTBOhIKIZg3VMUioDbFK62gybLr948eLFFy+uXj7dXu3qwwfm1F/vldAWBZXMCQhqWbz7eri5wWka3r9fTDkxD5tu02+ePeGrreVsxApQplEZ5/PD+aEvpXTbQc4TEb19f5+2b96+Pz3w9Tj0I5x+/9efE+B4uC8GlNKHw3w4zEPfHe4eFrFaS7Ha930tMzGnTKVMSNlEUkpipioGFZn6ftvTYHXiRERIgGTw6Hb7my+f3V6xLosuS9okBFO1xKGBe9o8Dl/yzizwlkf2w1dD39cLVgbESyNonLYYnwBhNBgQEcMRxfUqh2ZGrWeMvMzWF1QU+kPYM6zqJDYtOERCL83Hpg6vGAtgNQfHMJV2s8amorU8L8alRZBwWz6L3lkI3OsB3gvQpanVgUJdD4qab1e4GrdAixbABnna00FCtlYy7KgJ1qjuP6devuBRppEU83HEbtPnM4LdxtBF7SiQuhQxWRPqEd0caG0yiNRDzBy2ZtYkahzAR00xqv9bN4BJVL63ntYYlwywIgIwaE2eaI7Y2vAH1Qjc0cwJZm7uEtSKGpdUCxa2glmDEH41kL9XU61f7zEfmqrbVFJ/IuYd3gG0NQW2DdwbWMUvl6w1p+BqUBNVam4jGHZDDbhDWybxWKEBGW2CcKxaRGDAywWCQitggFDzHe+bAq2jBBpU9BUDarHTENQ9RtZl7zKQJxfC4tVfsz8kglZbgbEGVPx7Gm70xIS5YyE6HV3RlbkVjxmRO2qFDOr1RESkAZiiNtCr/SLHhU6JAfEi6jpLjUYAJ0eeKbZLziPICaIhuwWOVz81HKwaD62Zr6Bq/JPnYlpLqGET3uN/m7FAy+UAtJ54wGiTiKceTzu6vq1B/yDCaEEGLDAkWSTAgpvBvys2sWDHjskNPDu06iKNwkaHUGs4YI50VjwuDK8avRAUxmZX6T/X1qj/YPTc+lFh3oABQdYt0owA6NPRnSyTXdaaEwjyLQ4tsxLrxuI485xCeDdBIyqh/TvNu1TBEYQ0Y9jmczVe5HWYUY7Vtg44lVLVaEwyi9nKbZ2DRThwby+/1GBbum7DSGd6llUivwfxk47y19MEIFIgkSrFmBeIEXoSMwCKGDJxTqZGnAHzVMvxJG8f6J+/t7//83S8t8NhQsOUBuQOkJZlYcDNMCAkyJYzpWUzzfPxdNgO21IECcd5JkiZ8/nhXkEMNRFzSshQa13mklLX9yl3fV3maZo2w5YSGlJixh7mpVQpVU1t1I77YSfj+XQ68LJ0mQipGBF1iNjvroiTSNXjA8BESHWZahUkUipAnFJXtZ7nA9d5g7sBe0RM3CEXVUnMm+1mGsd+s9nudlLrUuelnHPKD8c7Hjsi5ES3Ny+6fpc7I7xBpWWZFqm53yRItUzIRLlD0FJlqbqU2VT7LqfUE2axZS4TLAZuTUVIwojQb7Za5Xw6ba+vQJbD6WgAqYeUKRP3XaZECHm3vzXTpdTNsIWBRGEY+iFv7g6naZkASE2446owTSX1Qz9svv7lfttlSluuVdRyx9z1+27Im70iv/3wvpbKKFqOy3SY5xOzbRJZKfM0AUits6lebQeVZZ4OtcK0zMsyWq1Htb4fkLtERF3G1A/b3bDZ1arzvIhUYM6Jl2USrUjdsszT+aRSEoPWImUxrVoLckdqZrWW2WTxmn9FAAVOmZBBq2pVNURmNCJUjlBpYiISNqmgBipFmRJnRjORpZYJrNQ6k9J+6Dbbx+cxy/wwn+8BM0Lx+n9QbSlEQLSKHkrQTKLOGYAwKagpqlUCIGIjQARV7yytSG1Mp/okbURkgaIiJsgZOHUiAFbn8QgK282ums3j9PqXV9u+A6y1aurT1ZAmse0uY5Eyn673u+1+//Dw+td3v+pXkHpmJgNIOWspgJoZATKqgtnQZQbtU9p2+bMXzz/77OXNJ8+3T29uXjweHl2D2fknsWXhhMwp7TdMWOdCmdTEiCAxD7u0HdJ+Ox9PQtgNXb7apesr3GyQPUNY6zJdPXtMXX88Ht6///D+dC5Wn9w+kanMYPc0fHO3PP6Ud9dXP3z/6w/f/XL/7v75y0d9lxLXzXaoy3I4HKri9e2t3L87n05dl/u+Q7RyPueuE8QyT1okpUFVUtoAcZVKmLabbrvvhm3/5PntF189+eTFzc0V7za033X9QGIVpTqI0Sh+COWWmryL0a7m/+9GOq5FUtR8wCrE+fjY1qoXRRoQqpMBmAXyDUwHLoV6LMI2IrY1X2KLNO5xhaEmmfn02pjD47Jtg8+t/0xxjco+TRJamr+BtihUCePxaI90yB8SNjSkAmvhsFmDUiatQMWDbUhSXiLSPgQ8AK8yMYLjO9fQW0RqPw4ODMJlEQBUL9olNnFVm6Blit4nunYk+AgxDNARdTbYKhrQHJqbual33F+D7QQxu7cFTDP3XQ3h0ileFOC0t9WS9o4CrEn2HPTMwtTIgzmDz7cPUI8GrbPSzMA9XsNwnLzOuNXuRIJHAYDAtM1Fg7bu1sIjc9oJzVHMYgVhrHBATKviGuXEq8G5NdU11hm0Om1fzV7IhdEPje09x4sN7tbQlQG4O5cD3Y/eahjdxueGq0jou4BRs34p0zcLe6Mw1WkzlnBNXiBSg7HxUpqLV2PkDXMjhCxuwGheeAMXyr5m0cgZkyOzBtHMu5UTOpAMA3f0rw23p1DxowU7dPaWzLN1QfpW8ZfpmRJrXppIyJeESJOLKRoTphHJAAAgAElEQVRZoSU4PJSQhR4QvQ0M5LmfaFlvUw0x/s+ZehMI4qcuvk+uThCAeXkrNPEglhhgFKw3oAvhoouueTvmbemVRhpWHNsAvs+btUtSEeI8gIib/mCkHUYY9ACi5dmTE+yZIIjuZIht78UvCG1pOd73y/BjvB10Du79zxuQbrM3nOD7fwU4jn3eth4mRCDU2AztLGs8MPSk2Eho6l3lMcWwEXd3gPjoCfo7xvXiVoKrCF7LQOtJHVQzTr8YD++eWtHAYU0sumgrkZAzCB9rUQQXNRRaVzVAO7O90UK1NZ3HTnZnTzMiNjKXRRgpl2qv35d//PH0T/+2/Pq6HA8TVFDBLndmqqU4h0/ICfupjvN4Skzbbr/t9+N4Op7uqtlmuLraX4Ptp/EsNh8Od/2wGYv2XeaczRRNzsczWkHcEsL+apso17IA6na7qcXEjrvdHhBP5+NSilGt1WNXPT7MaMZ8Tnkg0jPiZrvr8vZqd7V0CcS0T8fzAcBEpVpNzJgYTRBEtRJt0HDTD9LlMi/LPB4PC+WUmJdlms7jZnf16OZJrQtzUrXEvNle5dSdx3s9jdvuaj/cLuX49u5XsJx46BJUXabjIadUpapWJkLE4+lANBN3iJaQOVOp0nVZymJmWuWstt/s9vudkXXd0G82tdp5Gs/TBHrfdwSGiy4JGZHEwGDabPfcdcuyaLHEHec0z4uUqgacusef3IDR3d0dElZjANldXSMnJFxqTZlqHeei4/+fqj9bliRJsgQxZpZFVc3s3utLuEdk5FrZXdNLFfUM9Tw0HoGXAT4EQ4RfxAOIMA9DIBCqu6eqq7KWrlxjD1/uYma6iAgz44FZ9HolZRVlhF+/ZqoqKnLO4cOHz/fX6xW0gBbgglKIpImSUk40L5fz05VA65KkcUzRJjMMwzSdhmE8pDxSGvIwhZRYsYr+8OG+bPU6nwlhPJ1K45CGnIfaGBFZGyCjNqlFpYFiCAMisIhqw17rZkBRJEpiZh4WACUEVW5l80QT0Kaq3Kw+KxAtiiWmECCqQOOmzHVbW+VMKU4jsRYMquM0noZ82qQxM3AhsmBoCIgKIKKJEgRoRZ/3ZyIASBAaACoFIhERVSIijM/eC1EEChhBpbIECillARbF4XDIaWxbqa083d9PY5mGfDzd5BTeffzYWH7e2mEcQLhdr62sUC5f/uSz8/3H+fxY1iKtvn/3nbSSUgyBVJhAETiihIRJQx6GgBhjSKgvbm5/+atf/PTXP7v94lW8uU3HIR0GyolLY8W2FBonShBCBNCyzoGRGzbVOAxKKcQ43N7ouoSAw2GCnGuIKaWGmFRyDAQynI6lymUrf/zmh3QY8xDX5dog/eZPHx7xxaXC5zGG2xc/fP/u/mE9HO9Ko+u7c9H42dtXXMo3334/TlOOGAADaN1Wa9uKw9Rau54fUsAQpqQZY0CMrVUFTcMAIUqViIgM18ftabqMcTod8rxcFdI0RCXqYFZBei4L+Dnie7IN9XVLNxAS90gcRy8d1RFgb98SBe3JEGCQfT8QqR8MaPgU9FkWDKgCBuJskXx6stjhJqAoPdTEYY3X8e0AwW5Nx45En4sQzlaMu8h+dKGdpv4X7awDQVC2EbamZft52Kvi2vFTv0ZyWeqTkgWhNUzaFzJp2+6Ny592Gon9pd5CbW4GeUZufhu8fu0dAowAIu4AchznsMDPXx+MrO41AlD2Mbud1/gx6xUDcX3f5bseY+iqnNrUWjaxzD8NoRdsyLsN7BrUkYMa7KLevdE5EvgDdXzv3EcRgtt0nZyIXbO5wlT60rQ2BWsdwWdCaW1Nz54Fh8bGABUFIhKi+M8BdhXc0JDC7n1SBaRgj9vW1g4GP3EW+2pRs4lRh+V2C10tVSRS6ONPnW0ZP/TYLOwsysmVI2KwCEXsZSJ0QP+sRHongzWJm8aKOzK09nFyToGwly0M9PS2871w11eVaB/ehoBk7YgCFk5EiJ/EkfZ3uttzOptEfH5frV8AUJGNzTuzcUUZ0f6302gbPfOMxHbsu+NaVDAuZJUi6tzWa1nq7/ZeGdq1KfPS2Lc0b75VelyDB3OkYKcCbmbb97dnUTr4F5HuN1FxW7lTZ+cT/wL+OxmVfdqsOmqHna+qg3ElcxniTs6tIuLkm1xJ8NvcS1IAe+HCmV9n8rLLI14B9C0Zntez3T7nLCawP4smPplbEGiH8dBfAGPmKtBvT6d7Vq6wVipfS44P9Lldt1NadySyJTOQjYpkAfLWYuj9gZ02CewlkF4zMgqF5q50pmkTB/xV7ePNEEB6BG33/diK77uGNSaC9V5TIEQBtn0nhASOr1AVgEJTVZZlXX+857/6p/mv/u7+/Q8XrS3igAqNK2EAkVZKHocx5pwmbjUgE0rEYRxP12WuUisXQJkvVUVOp7s0oK4cU4ohTimWupWymlUjBCzrFpCAILBippDytl6fzu1wPB1vbkmxSRmngTmwCKgep1Mpcz6OrWmrdVkeRRlA1205nV4CYIykytu2Auo0HKXwWq6UYgoDEmJQbuXh/h4JRKQxx5RIEaWlnFqTbS1E9OL2Nidat7rVlnM6X67z5fr0dC5tJgw18pyX8/q0lRWwUOCyMGjbai0IMQRAuMxnbm3MI6OGqMIiMYyUS5lbCzEmIoIQGren8zUNARA1QqulqQJAKRshDDAp6LatOIw55hQjywbQxsNRWaUUEGmFp+FmHCQOdHMap/H4/fuHNExIygIppdpdLfNS5LpKa+talmVGUOZVpGprXJdWFuESEGpZa9mIAENg1TSMECJvlVK8ORym8TAdT0QhhGRAf1nqeX4qZWsiDFClLQ8XDDFDiIjbuhIpqPJWuFRpTVViiDHE1mqpK3IBDDFnCKTcYiJg5lK0bcHlS9FWgw25NyOBiEM9ReZiEn5MGclVPaLYapOmnOSQsKgCRRynlA6Hw61I41UUmzpQQrUSqWgzT7AyA9sUPBYmxAZgn6rSrFWBlRgYMdo+GmIkjESRlQFUA2G00FQR5kt9IgAUQAVu2/39hxCzQqB4+NO3PzSGz17dTjlIW4eEL26OoNBY12XbHuY4jtflsbQVABrXRBQQEFIrm7QNRCYIL443n3/x9nR7fPXms9s3L6dXNxwxjnG6neKYmEUCDochlA1U6lpwTCknD8UMCEup3DZQLoUiptMUQzi+vJMUOAZMAQMJIM/XrbRF6evv31Giq9AB6LNXL99fr19fto/lGA5Z6vLb33379s3rn//8y598+QUiX9d6//FxnrfH+w+P9w/Xy6Vt6/XpEYESJQbY1g1AgbnWEhCIpPIFIEXCrc7KbZoGIsqJXn528+tf/+T2bpwSTodhPE6IMuQMCCwKIoANTLUS2cV8g4+AiKhiuyp03OHA1KGPswU/1a1Y6vq71exVhaAbEPoR4OABe+zmrtCwHWX2m7p6148QUQHTenqBHzynSBywQscj9qde1e6gzgD5MybELqjtJlMv6IPPg1Xt+AsNIaiDNCWbMI97vIhhPauEm9PU6sZiNggxc6t53vCZaDiLdoDmFRXt+IcQEJlVkbWL8CbtmV3CSdX+FVDRj1xvAOjmLINLqjaaAUHUei6wH8mqHbP7r2dzhfRKC3WRr4tp4DV9O/TNAmV6qjpQ055PIwIKTI4Szapg8F47j9LnC5AOw3YIskN4L/qDgw7q2NfxTddcvQG3/1pDeEa1ICo71HbLcbBPAcQAYi58VMPVhiKBEKRnKdpkIX9Y+xtggjmC2WW6sOoKOoKFuthdMXxGO9AC2Dup7AeM0ng7gN1cNCcHau8J8ClU5gwB0KCeIduxXYd+nTTrDrWh/0dUCZCQzE6kaviKer8r/gvZHrq7vN8U8AqGNaZYhQRDt23tAM+C5uzFkQ4E0TkAWAo7OJmxv2wtwKa32xxKa/Vl163tYx0J9kKW5ziKdkrg6QWIXe52cQJ2lX+/CCVbBeYdspUeYafovo347rb/W7sw/3TsQrP0alm/h9KxuW07ZJuCbUifgHTwsxTcukL+FbETP2ffaNY71J5MutMXBXP02S4Ku3pO6jE9OylXp2d9+oHvgfvaRO/f9wEKAnuPhd3O4PTKfT4KQP48YO/64O4T9El0oKx9Kgh2EQfAAjnZlhb6kjWDlHR26pzvuYb2XBmQ5zoiWqXRy7t7acp+h1r9TJwGIgUjIb3O4a+jFx6IEMP+UYjeHy/me2gaKCJFJCIMSrpe149P6++/r7/5nf7u9/XDx7ItNSFChG1bQbkJRwpDjG3bMDIBCLda1ggxU0YECJxzSphVSbmVdTlLyymkEKeXb2oVBM0ptloIsXJRZhCYr1eKCLpe6ZzyOA4TBly2uTFHCiFQTgOHYV1WUGRWYayNFamoKrBdVGv18fHdMExjmuweSm2LLBFDKQWUICBGLescKN4cXsRATbiKgmLO+XKZ05ByyuGEtcxtW7QgxhxjSsMB562WtqxzKVvA2AJvvIDg4XCz1FmbkHJEIKKQIiKuW2ksIp6ItiwrUYwxzctm7yy3tnFjkTxMADwvG8Q4iBIEVeVWY0wppRgGIsrTK+amAEUgx3FdNlgLYRzycJwOIm2YjmOO1/W6bus8FwoJCFWUW00hbrUulxVCFOAAWssqbSVZWQpLna+zlMZ1lrqmhKWxKsY8TcNAIZRSl6ZSNgxpzBOmSTDOlcu2juO4il7O89YEUJoWRsQhRxilwTBNaUjbugSSsi68Lso1kAKBMAQAZOVahGugZP05XCpzjUGhbWS9vMrCAthABKyV0DaPvero+ERQA6haqhIGQIKn6/1WlkRJuUFTShIAToeD1rsALLxpKyxMgKyCZmQlk+WkR5WhqnJtmJMhPEJSFnEhUygEADa6AEAYQZVdymEWRArUSivCSDGmpCIpBSIqW3n38cPp5pXoiDT96Ztvt2352Zdvc6uoKBCW9eH6dFnmlRnjoCzt3eOPn4+HmNM4FG6SQi6qCjAM8dXp5vMv3n7+q19Mt6cwpvH2SIkYJUUgZVkFY9DGKkAxKGGrNeYQY64Uy7bGPI1Drltt11m0pSFOr1+2VtM4wJgKaBoz5Siq1w/vPzw8tpAqhfNlXgTvHy//5atvrzr88i//p1f5JTOOh+n3f3y/Xr756U9ev/78s7o9/faffvv9j+9qbYhhmLLSaZ4vXGVIowKUWhEkRGpcVJkIt7IJN6SaUs4p0RBzTszt8WErpaacfomv8SZuW/j44YnuwpTHoEKKOQWAoAoA7GMawN3RsoubPZVdBHxUjjVl+onhSlXXEW1P7uDSfmjPn0EkBfYjFXYR3E5m6mX4gH6qGwa0BYyozxqp/eadguzA3WA27vK2H4f7wrfTWJGNWnR1VaU7g+xEdSUeAUl7Xx10y4o+YyM7Z+z3O98AUUYXxtSFVPsKNq4UXbAUOzk7jnRpEntZ3UAGmz5lR604ifBLlf2i0Gz1Zi5StptCn9Q0sGuQgEBmXNhBbCcP/XD26+s1hQ74TG7sFmbxkzMg9O+004EuKorZldAsRw5HUdFtCLCLjs/X4V2WplUbXjLHhSNkuxbTSkOXRHfJd0c6niwEPVHTHDgIiKrR6J6DOe2LwO3m1uxiovnOcBE8zAccidsdsMXordd7opTdKdrxoruz/QPNo2V646cu524B86dgYejY0Ro5Z3UV1bVbo4u9u9hUWxe8d47bqxlInYC4tQcQAQKhdPiKgEoBvB0a/BcooAvyBndV+7Bum63nYNd7Ue1do15tQI+gNePG/qQ7o1DZrxigw3XsjBuht3nbgiAvG9r3Eg8AJr/hnRtYGg7s0x38mTkw7sjbSRv0kKie8aqgaEKxF4JQAIL1dcCzo8yuyhfkPlHcjFFmkVHsMBURlfuNt0+1Mlnwm+KkyKhvR6gIe2nOahhWR6LOaATUFvHO9/pqNOWdut/LjGv7MvaKwafOP6uF2J312oiVUbywIR4Y5fsi9l3PrwNE+/TBfxFw6u39qD03ABCeyXHvhfGdE/tW43VIWwx7k46tC/sWNvHUeY/vw777O3fcqxigLL1I7AUx7PNL+lBIUVDaOQT0mZaAznfVNg+xdrWAgEpoPXUYqsh8rV//eP0//vny3/5xvX/fuAUSHNIpkAILgSJSyKmUTZW3um1lq9ymYUz5IE22WueP30PUFIdhOIYQmCu3utW1lpZz5lqGYTyfH21/oRS0tZji3fHlx8d3zBU1qJIsq7atgQKEYcwsASGx0uFwA0AxUC0rIdTGChKBYp6m8aQApS21lHFIKdr+l5E0IESKJ7otZVt55toSRSSq21w2jDGp6OV6iUSqUEqRpiy8Lsv1up2Ox3W7R8p5uADBOKXSwhROwlLbSgSvX705TKen+Xx/fhARIbDxUgAxh+H21WlZrq3UmLImmMZDa+s0DBSJpdVSA2XFsqzXFIYqtW1QYro53cSYiAAa1lqlVgQ43L2y8zymPIy5bmtrdVkuRCFEbsyXh3tUJkopBBa41seQxpvbF/mQhRRJ27rVbRORCLVul1KWVtbGVUXqOs+X83HMx8NoE7LzMEyHkZQrNyRMMaYUYsyH46kxnJfrTX4xTFMprep6fzmXWlVZQSAkhZhiUsUpoLQidWt1WS9n5RoDSWXmxiIgxFrKtoaUh2EEAEspTSBQKrdKCDGQihIRCyhJQOXaQBlVXbglCkgqAqwYEFUsAFqZFeF8farbmqYRuWUkhjKO4xJTG4etpBjzAgAiRKhI7PEanluwzy8FL3ojoqe4gyXIPO/wfhoJS4WiwAiRgvWkMgLEkAApxMjcmBv6dD7Ebbng1YBriNPD4yO38vLueHMcE8XLfLk7TsOQmPXmZko5fn//9b/65f+UUyikyttxPHz5+ifHw+Hm9vb29hRzTLdHCJimJCpQGEHCgdtl2WrNtydlqWtJoCHg2rgxY0JMqV6Wtl5RWVtDCowtHqYwZA20tTZgHqbBOK2IXt79cD4/rQB3b+6u79rX8/W7p4cP5/V489N/f/tZTNPDx+vnX7y9LvLwcP7uuw+//f0fl6d37z98FMQGME6nHCdQrkXykJBQuFIggNBaFamExI0DRpuxQKiitWwtpTRNOQUcp2nb9Hqtv/rly7evD4hlnCBHClbaRKt2igsh4lvuriqxmUgcJQr+C9Rt9hgzIZvsKkR+KO940JRW6IBGQQL4WuhAT03cNMOznfGiZs/v2BJBsSfZuSjnwpH3K4jsCN0PxF1lBzBgg0ZcXbczF5H9jJKCYE+LtjfFT2HoTWIAgD7GXsWjNHbTj3bvyz6RdBf5xYv7oHvVxEogBPRsiNmhqFXVFF3dBHXy47cKe+3bAir3c7BjAOl5j6DdlKKu01v4hj2X/jWk/2V1c60TdWdNBqAISPeJRv6o/E8FDMkpWs+Clw8EwX1P2oVndeeLKACZrO5AykEboAeX+7lvhAR6AcP1Rf8BO9oBgShY76ln+SE5g9gdArtiCAAIkWxJ2W00jULFjMDPTZ8miXetu8ce2XPs/Zm6o02HHGLtz70f1/CWrQJ9HkKE8HzLnW55qrwb58m+QYdI/k89uqFDWhO6fYitu4t2kIzQMSJ0IOyPwN09dn+9J1x3LG0f6a417JKy3wUA8DR62IsR9vVNBgBCFesN6CQZnXCakGpTqL0SoZ+s2j73zp6TNdjqJ4vMPrh/bVFAJbJxDi4Be6HD3ke7SpcVAAzudTBpeBSfqwA+xUEM9EHvUgH3YXlni3ct7KvUXlARfq4AKhAhK4J1YXiJxDgcWPHBCRoF1N2F46vL2Qn01AR7bPaV9xIk+FtleXnevuJVj/5nRCD6/OZ4vconpVsNtm/hXQTwt077uvC6IpqtTeH5ddL+UTvncQLukoKot9J6Don669vHjuhOeC2xTPv7bCGC/4Is9mpyf3LWfai6f/leovbX2Yekd1qp3drWXZbPnKPzJmfpOwMDol5m6DZlYxyWW6cEkUKkmAFprvXd4+VPP9bf/L78wz+UDz9eWm0URsSgAGUrKpyIUsyt1cINtDYuUltEnEtlxZhyIGmywmpcfE5DJFTVdnO6WecVBIm0bkui0LiJ8MobhRAxXa9L4xZijDSCCgaKYUTlUjdtqMjCIiRPrbBqjHEcx9a2GAMQXq+LiDSuSgoqOQ8BQylbimHMOeVUygqq0zhFimtblDGnw7Y8zbwFigAxpoG5RcrDOJW61tKu80W55BQBaqA4z9frQsfjIU8HQh3GMRJdzjwMp+XyeFkeAUPAlFImYNugWytEyE1VIQ1jCjFjaFxSyKI4Xy5AMg7TYbh7uD6gQsqHKRGrBMDbm1MIiVstG9fWEEG1cV2JhjyMlXFe17JsOYWc0rqV0pq1tqOqKkNMGIjbNgyHrRReeSkbAJcma2nrMucIKAW1troQaOUqXMdpSCnWWqUxJQJo8+Vpvc4YMOdxGnNtdd7qtrU0HIbppBqm420+6Fa2NJXruiBwzMNWNB8yA1HAdVtQ2jbPrWwiFaG2AsAoSkgh5RFEJahKq9tKBAEUpIE04RYoUqDKHCJhQGqkUpSrqmAPC1NUBGEVEQFUNpsLQCBqZg3WggGnIbeySIOIogXGTCnepCTCpbV122blBqQkKgoiJuoT80auo7QYrPuiCxwEJHZGCmslRKRgVnJpTUkCoEAg601GjSGqgDSfgtJErANIdBN9zOPNNA514wA6z8vT48NhGk7HKUe8PR6QNMWQciDSP373h7/8/F/HGHKKpOntT97+7Be/uH35Ik1DCqmVwqQQIA4JiXjbtJbtQdNpRIXtfKWQciRdAJSGPIacaysSKd0c+bLVa5G6TYdD3RrHJiEK4TjmkIISigqxgPD2dD+MuSm8+3D/T9++/89/+Gop7X/4H/7i5vZnT/fL49PHIY+//vPDX/6HX3/z9ffffvVV47ZFuH15dy3KWwHQdbm0KsfDREFL3dZ55lZDQAopDWMtdZiOkcJ8vSjoui4UAoVcqrz5/ObN69sYcKvt8Wmbl/ri5WkaeIhbDJZO2483O3pELVtNsdsqfIZSL+yrfmp/70YBh2r+V2yH7TKhwSv009a1HCAlLwgjusRmv8pc1Apmv9wBEJK6I6J344Ki5zS43AZdMQKr/Hbkjz3swg5p5yUdS7vmtMuGVoLu4tVuawVFZQdgotK7eh2hsGj3vXTs72V2BAQXm/Zfh/3ktXPsuUtR0e+J/aA9FWUGK8yoepAiqyIIEqCELhA6QVJv4lXypCAlJHWpURyqgJ/IrrtRd/+AI00ABXk215hpaudATv1UEFF6mo3RPdz/2OVU+2smOvegEtlhB/S6ikF7i+xzMmQ/iv2YVsOb0r+mUYreC2ywzNajT3qDrg36f5wNimIM9LwgOj6ggD24UxzbOxwzC6KveA83QsA+agigDxFDwEC0f17HFrpPrnYKuU8L8zuo5OkxHUVhZ577VeywhRBEu27bTTCgFrKuhmUVwEsg6ns+dDCKJMZ1+nMFVcCwUz3jrF4kcNEU0RhK79RAL9M5QexBqEZj1YgBACAZqSJF12V7vpBCr+H4F7PfZA3eqDsytnfQe9rV6kZifhPokBaMQfmzguenbRuE4/jnTg+vFFg9DHxn0r4Y0WMp/2WEk3Mk3Nt73VzXDTu+hBE7wPdCkl+GM49OLxXB1aznLmEBsB6TDknB1zKAWseBY+2u9gsQ7ePVSLHD/17AAwCbH+6g2xQLIOgjPfYV8byJqb/G7hfzd9eW37NUo6re1w9+0Xu/cF+vpMB2DaLyTHPMcUwBfEPwMoQJIaK8E4Q+gLmnOPTtyh+Fkx9bID5HgYCUpCN+n5XYubdlWovugxRcORLor7iCzZyHCAEJgayR+JkukPXdK1BIRKmxLJW/+XD9L//8+Le/nT/8KHxtoCEQEQbmxiy1rgQa84BIjVtp25iGQ5wkFuVGIbSysmwhAiHFmBrzul2aRAIUlm2rqNBYp8MhBSTkEGLjjQVTTAiBCKfxCKg3420aoogAxlZbTrG0LeYMClvZyrVQDKfjzTBO0ziJauXCzMxcW1HhGMO2LNsyx0QbpSGxINbWWllEUYWbtJQytwIAwsyVU0ISCYkQdJvPokwUIwFiSIHKNlduOQ5jPo0pgrKfzGpZRnhdWEQOx1NKgYCnIWxbGVIutTK0ZV2a6BAiixLqEGMacqAEAZlXAKpVCEIMmgISEhKVbXn/4X0kurt5cXd7I6ylNQChmAASUISt3F/OOaScD5Gktqag27JRSCniMAw5j0p6SpSHrIjMlVtpwlutpVSVWtZGwAFFRUstW9lAlADLtinXEAMRlHWRxiEii5RlU6HxOMWIpXLI9PLl22Ec7s/z0+U6rxeLZh/zUAVDxBizKARQ0Latay0lBkAI56VIg5RyjIkiIVHhVVqp25pIA+ZaNt7WGFUAKEYkCkgIrG1t24raUHoSizk2uupkijyAImjoeWUqgkEent7//LMXLFWqyZyQCcM4DMPLWkrZloB6vl66NAEe3gYMACJs5QCWFlBBtLEQEAYrsqpReFFFBnMFYQgpRJMGkaIwgzRuVQUoYM45UlCvwVIVhlJIL5jNR51iSE3g6Wl5eHoac1KGlHCaDjGN0+FQtsc//Pj1r25eYt2Gl3ef/+zL02cvh9ujHTRjzBCDEoQQamsijMptXgk0TAkEY8qb8nJdBqTp7hTSkPIAqUoeOGRlLtxSjpQOgFhq1QCQgiKxANTakKDVej0fX9xECt+fl3/8/sPtqzdfjK8//+LPcj6uG2NMHEhVl2X76vc//On33443wzxDyMOv/tUXHz9+/PjuvTAjWRSO2rNrPkmtImFKqbatMgNoCIlBEeUw5cPNUbXdvRh+/cvPxpG2jVOmj/dPn70MOWJIiVAFqh1tZgIX6N5Z8aj7LjtrtxL0HdnKBQ73oPtafbaua4PyrG2Zwuf5JqQGcAx4YleIcffzWpGbXMvvGzeo7+3oB4P9PKHUQI0AACAASURBVPZgCzuHoZuAOjS0M8hWskiXv7WLbo4en60IDigCdum9C/T9LQFwwbVL+b7BdfTfv9h+bvm30B6xZPqp9+latcWqzbILTyaQW+2lXyU4VcFeqYeOl8gmBKuNQCNERWsN7a5tG/iJrml2edrQifaD3uGHXZK39equHbucZgYQu6mGJSxyxlAfqJUDSK0vsF9BN1E4CTKAAS5WYn++bqYA8qGkSmITmnv0xw5T7ZGJQRuEHTCgczwLmgo2XMC9NP0Hwv/6f/+/dqE1OBNDsC7yPuUHnsmqb5KArp3bECO1gH1CG2wOvZTgKH7XENHdHLuDCTsW78wWPwWR5PgbgJ69Ovuq1O7NIF94+xp/lnMduHmhAvxr407Y7dX5FGaqG0wQrMfTb3TnSHYFuL8C6NsBAZDL6V0E6LcAduTUq8NO11D8Pns1j9DIk2m7vbuh8+ZekiAgj20l8N1FsIvd0X5ot5Dbbey3xH437WrFM7NQpG718IqndsLV2YQDQISAof+jlVaw+23seRP0yB2yRLLuPENwywlCn4VFYRdN9odrN4coBETbO/sr4fdTOwdD9Pvnf0oAEPyqtUNlg8bgMomtFHq+KGc3ewCPr7LeWqTYFZ9nnm1bRd8jdF8AoOKNEL0DoG8ZAH1nQvSRLYDan9VeN/L9ZV8v0Ku74Ps09cXQr9Z25WdPZv+L+5lgj8IMPL2NAfytw16Ixl6x9akSdoWIARHEWtdkLwDazQmJaEBK53X75v3TP3z19P/7x+Vv/v763Tfn7VxAKZA9GJHWgJsKixUORGpbAXXKxxATAQGGZb0W3rZtAeaybrWUxtsynwEpUgghighzE63aqmoz6RpAhpSGOCCCAlPAFBLYVFcQABGujYsqJko2R2YaAoEKizCLCpE03mJOMcZaawwuuMUQh5RaLYWLclNmYVZlEEYVQhBhQBzSEJByToVra1ylPZ0/sHCgeHM6TXlQ0CqKAKfD6e509+rFK+s1VJVat9PNBKoxJlVtorVtAXXKmRREOIZ4mCZuTVWltbUspW7DNI0ptsa1tXlZxjydjsdpykQB1HJlAEUO4+F0PHJj8zgBkSI+ni8pxZyyqAqXPEzjOAYCojCkNB2PQx6GPE2HQ4jJEM3lelmvF5bWQGup3BoixJRUqkq7PD3M54sdE0FxGoeyLszmvcYA1JRFlSifbu7evHn74uXr27tXNze3x8Oplna5zudlXutWpWKglCJSiHE4HE/ruqoIBbRwT0GOKTCzNA7Rum+UYuTWhGurG6jGAG0rrW4xRUoJiBRE6qatEhflglLBSIU8h693MVf9ODMcAogEkSIQicjhcPjFF1+CMKimHFJOIeVASEDrutRSRWHdVpZm0whyjkAqjanXI/3EEkZAot1Uy9jTo71Vyub+oKWSgno3J8YQEYhijCGFGCAQYQghMQAhxhgQFNRm0SRKg2KyoWlbbZf5smwlpHz36sU4pNoqKf/q5dtQ9eXrl2+//OJwOpC2uq7KNRLGaUgpiTAot7KOOYOqsJZty3ng2vhymR+eWHiYxjRmboyEIWVMUUk94SCnOI0KKISUAsUwHCYgWrd2+err3/7N3zw8njGNX3+Y//Hrx88++/xf//m/Ox6PX/7ii3lZQ0rMsNX6eP+kAC9e3/7sz37+5u2rxvzw/uOHd/fbvAIoc2VurZXWKjcJKQizCbHrfEEVIid1MQYACYSsnFNEYFL+sz/77M9//eonb4fDyDlBIB6yhegYFnQogF3z6dKpgpqo1zVQtGB/U9VoLwL3Q9vOK4MchnXMy2yTKpFoj9s26ahDBK/YKpnmCIQUfOv2mA5bWPavXCHcSwYAe7vxfmh6znQ/+HGv6js0gw5UXOjsYP5ZSHxWyOwYV1Ag/Zfwxm9R/1uIiOICFTji268P3MXTuU4nDOhVEa9U7Ff5bI/qJXhDS9QxJCH59Fns12i3lHrh4hPzB3Zbl6vL3S3iOqmHt2onO+JP0e68HZkdn6EjCscF/u/9ptk8M93vnOOQXckzv4n2f+wzAhDRHV8dH9lX7ek2CAAqPXgSAT2IDJ3DdAxgtQdzR+Mzw8MOYBQ10p51a74fE/rNiNMxAnjilWnYHQ6i4m4YBgCPy+wU0RcT+j21UpZ0q4StQd8ioZOinpluo2vVjV9oHbraYVZfu/5bu1zbwc+znWFfQNjrbvjpZ/rbgM8aqy1DA4P+B74qeph7T60CDz90omJ0W41XWQy/fQC5BQ2EIACAeWfMGA/PVKInCLttyYoSCvisH9vLDYioBCpC0lGs8WofItWVfURrE1ay+SP91QY3qFmZxUktgjKotRUgO73tK3Y34Nji8HqMv5Lmu/OFvK8sRLTuEVBFayBW+4NgmoErB7ubvm9NAGhbFxC60oyKplOggnRu5cfqXglVf60AgPvG20PDnE5AZ43U90Df6lQZAAmARax24DMIFQDEHUcKDoW79GH0ExG012D7lC/uWz8AmKvS5RRvA3DhD9R5PEiviNrmpNJXhZ8N6kGfdr/BtQZ0MUQ7B+1VKFX0zDPxoFQgDKhsD6sPW1Pts0VArW3Z85jUjUaoIM13XxeAvFsIMFDILPh0Wb768fIPf7r87e/n777bLg9bbUKQEFTbJlyU/UmxNG5NSYggxEgSams5xTzklAbBrS5lyNMYBtHG0ihkAhzywMyB4uFwZGbmslznEKG2bdsu5+slp3yYTqq6lEUBx5yncWTW63kNCMfDFGMMkEvjrawoTYdBVJnLUtaU0ul0s261lC1gYGYCEmGiOOQUQ0xhbFrO50cwWRaRGxMGotCEuQmThQ1oCDGlpICBXorgOIwpUE7jdDzcWnKTAit/eHqwe7mWosrLti3XuQkHoqattoopvy+rijK3EGIehloKEqVhoBhtu29NgCDncRynQJRzVIUQb8q2cmuKmWIOIRyGw0qtss5rW+tcWxPUuObaGDQeDqeytbKs05jevH61bVcMYZ5XwjgvrTYRUm7bVtYY0pQHlHo9LwBApGUrZZ2BOYQ4nUJKMcYYAZb5XNoWCEA1IAzDSDVuXMfpMB6OIefKogwKQZhZ5N2HDw2BAiFJqSIQIwKRALIwpBydtsek0pZ1421rrESUhhwilbqpFNSGADEE4cqtARLGJAgilZTdiNoKaLPjh4Xt0KAQkBWkAYDnpndjhqggkwYB5RBoXpdSKm+VSGMkFkFoKeeAcoj55e3LPE7LVublXOsKoCzCPpcGWDGEwMx+EKkAuatbEUVEbeRMBzF+QtkNIgDkGLJgMKpgiM6WByIjEsWogKIsTZAwpMBAgiEMp9vpVMu1bFcajk3h6emJaxHmr+W7v4+nP795q01QNaEKc1QNiMKtbFsaM7daykYxMxGkoLXGkIeU1srbZdVSG+C2LDQkFpEVphe36TDG9AJvj/WyrPNCKR0O01oLBaIQIUStTKX88//x13/7m386vnj5b3726zefpz/75frqzcubV6+u54VCYo3v3j8ejtPT0/rjNz+8fH13OBzmpzOXa46SM+QkOQ6tSmmsiK01AEhDSjFdRYaUMCSkoFxFRbmyKEucjofxeGBhBD6MQ2V9eFpub+DN63g6ZECIJKIiUgkdwgAoeCPcsxLum3bHn8Yi8VPQh91AgK6pPIMhRzldQ0EkdF2442t8Lk47GDHkQkAuB9phLApkrgI/WLFzki5U7XDEO2T9mDCAAOrwtgtGupsc3EFi5egd8uPe/ex/+GyCRUTd4+YUnk9XcUFqr6FrZwFmThUX4wyxG7rv3QqWYY09PNBaDCz70lVYwP7bO0brIA+JbFqAGLfG8AkFF4/G3sXRYD0fHRs4c4KOo61f0Hr5BQAFNFgDgcdsOHHr4Ae6oGeIsdMN+/Y+5Ned6r3lm3YwDNoRGHRo0hVxBSQr1jh0tYJJZwodEat/rOx7iapHxjtb7FTFQREAkGIE6ex0dxl05cJ8bL66wWEz7UGKzp4sfFy7h0HhOfTVXwubRuzwQvxmAYANVlMEAPGmaOeWflvt9wiAioVF+dsk2jNZtJeJ7Cujux383ynqM5zbxc+9a7I/tK6fIgTwkd+dRSn2C9f95wEBe4MD+cjq/itV6blOgfvvQCAiT7UlrzLZm4OoaOWh/ve8OufLW3uFq3eV2geiPwu76j0DTAlIEMHada1ICkEAiEhUQJsjRjLa6Kqy0HOKMUHPVlL0AeXgANx7Anzh2avd9XIw84gxMuq7jyeR+dyq7kvb20aeKbPZttA2QHIKIupKhpEi6bV5uyUIoELuj0Td2/pt3KBPibDdcd+OOon3YB97nFaL091S2Zmyds69yw4MiKCW7eEijC9s6Y+/GxCt8mbLRYzL9rvjd4zIPGp9gt2+iTh/9e2W3FrYGap2pUnQyjb9xEEbiPe8dzvVVrQN0YkLCApwQDc9dmbhu8vOjcA9Zf4CiCISUSCKWZg2bk+X+rtv19/8of7hG/r229pWRtZEFEMkVEbYtqKqKYaUxoix0kYAhIJxIASptdYFNalqHtNteo1MKYBCDZRDHFgaBqqtLOu2rFtIgVBTHnIeRPRwGCtrIKy1KEAIQVSX+Wm9PDIECgGVt+sljxNQGQ+ncZrW+bqtBRAoUNtWAr1engBASm1aQPWy8u3h0BoXxHXbFGDIeRyPLK20qqopRGm8bVsIOKZxmsZ5W8tWpsNpyIMoDDGwKhLmGIchE9HD5Ulro5jm9cLCqDHFoWwzEl6vrbWGoCKSh4kIVCWldBhPh2lcy3q9Limn4+HmMI3rtsYYxny4XJ4Kt5AGQgWgy3WrdYOAiUKMOQ+HJiKi52VNw2Ec4jEQUvrw8EAhXC/XgTEOiUtDpJQTKZZSz0+PDHpz82Kajmmtl7XUVph0GhMC1bLM84W0ItCyzGVbsG+frVZghlg3rqrts9cvUbW2CqzLdaGAJAhCouF8bWtZKFRWRVBpvK7bvFwCYZ4mCUNKMaaMqnVdxxRj0Kenx4AaQ9iaaG3CjSioiqpwZV5XLjO3pggQoqhgisGqVbVKa6ASYkDgqs1OAO0dOwgiImD/dUCAKqBkAeoQzKoJqMyPjw+PDw8vjlMMQWqLYxJEbZsyv7g5TNPxUpbr9YogszJrBYBWmw/FEId6Io0QRWSHf/ZNLGPazA1u7LW5jAgBEiiAGmcBVkQIIoGCbzApJYXAwkBRkeZtTYRhOFUuOefTYXq8L2+//Ld/+R//07tv/u6Hr/5525YXdzfyRv9q+ae7X0YS+ng8BpQYCAgCJuBW1xmUmTnnnPJYtoIK0+1Bag15IF63Za7zOg0jqSozCPPWeBoNzhBFHEZsrVnYQMyYIw0Db2W+bu3Dj7/5r//5h3cf/vKnPz+9eP2rm8/+9Fi/+v7D5fohxMh4bhU+/+Lzn/3ybY7jcTqWsk1T/vbry/fffI+k1+t1XVZVjXlIIW+1qCKqAMvaFhEQQJUaIs3rgmrd3UAkzI2IDqdDIq21Ag/37x9uDvXl7Z0KCnCkPQnP/KziGNeqQ59qlLojIeP14q2iiADcQSuaBCMghMG0fhGPWe8niwN6e+B2uqAd5Sbr9thFQgI7AcAN2NSPEAT0mUroG7V01b7DJ/TvYrhczbnrJAHkWeb0qa6IBve9vvHMDWzIrsF87zGwE0bM/6zYY+wMoGJPnnFrE/a/tadx+vnkEFG130TsOSpd7AKBPldYsf8egG4+8e+hFoVtzisDg4LoyX703JGAIkLuKLdL9ntpyTwdIhpiVlXvaCbvhpD++kJndyYFulhnFyVqcN8XEXQRH7wiYbcBvNQBYnMcsMfjuIJtkS8OQVWJbA0hAPamXLMVGx/YicSuidtn694DbUTCII0jVhKVuH/1bmIE7TBkN5Kor6mdFQCgfXG7e258sCXrENmrHepiPrhW60g67AYd8T8x6I8706NnvtLfOS/qqKNPm4S8vz6+x0OXWHvoVAdU6hqprW4L23WUjT2JS3tTrKooqhKGHcd7TcEWLTqMf2ZHrgj05dwvAjCQqi1rdM33WTOwqyJFgGjPwVd9fxIBg1HobvNwnkDGbZ/NhOrkxnMmyKivgthYEFTr6CEvrKgF+1NHj+CHEfWSSM+eQgB3H/qm0cvlqNxLJV6Rwz7OzK5KWCmQvwPRhkf3Fh9DttRXmvaynW2wXkXqMQKO2W2siD8MN74ZUsXduGdcwus9e3KQ6x1GLGzxa2d1sLsN/S87N38mfSoCvchhuzvo87uJe/eJnwTutLE9zdawdTwA+E7ozwoQkH1xht2IiKriMRFgE8NQ0UeleOEO+gYptoXv+UlAiMJ9jjOCqHRbmXaKoHs1z25rD+BCVVYks/6psgIGCGLTFE2Bokg0tCYPT9dvPsy//Y5/89vL199cgYlX0QYhRBUIhNt6BZU8RFHNMXFr23Zl4ekwFS7CklIYcs5AZStDOgQeRwwSQLUiRlXetsvWCsWIgGMeGnNASDmD6HKdh3EQVQraWilrC5EUoErLoITQGl/n7Xg8BqsntAorHMZxGnMrDQlzng7D+HR9EmYiwhh5XVIep5iQKMdQyiYgFGheLyhQylalxZym6a7VFkIlDEMeKWCMMYYQQqi1lFZrXRu3FLNMx63qvJxFCwgEHAq31lYAWnGLhEMcWGUYMiIGCnmY5mVuTQ5TOkzj6XQz/ziraE4xxTTPc+M6z+0J5lLWmIfbQ5qmeL2WGGIMYasFQ0pjLrWe5+uQjiHGum7jZFNeWkppK/V0uEFCyjkgJaIM2rbt+x9+EGoAOn94P03L5Tw3FYoxRlzLWksrW1m32Yo/rIWIEgUiDAQZs+UdNSkpZmZQ4WVZyrZx42k6TtPNeDgejifWFEfcWuPG0rYiBZBzIqJguzgOsfsJdF0vhIJQD+MNC6s04QYQAZFiwIC8Lm25qFSigDEqNwox2OqXpsqRIpKYAQFCQAVh6/wN/gayKCjaNB0H3QyihBooGgo00NYar7wdDq9KXUQkQQbhJjzkRAC1VSnlNB1SgHeyzWvl1kIgFbHmKXsfQ4zMDAF7fIa7SnwHsQDsgCCkCBAgUooxi/j+oCYWADaVIJTTECgQRQCgNJBiUwFSJYiJRjpoq+u6xECH04vPfvLv6nZ5/9Vvt23hegg0zkh/+9Wfbn45LA8P6ylPp7FsFaYx55xD5NZAhHAKIVGooBxiQIR1W+tWIyPFGER5rXAQUeFtK9fLFG5pyLW0tayAMAxDOua1FAXl2hABrk/f/OPfffH25b/+i798/bOfHW5PUNo0TWVjoOWzVy9//vPPfvolffv9w8cfPn7+5Ref/+Tl44dHAX3705+s2/Xx/mMej3chPT09tsYp5uM41rqB1G0rIBCGwMxEylyJwEYnBUJRVqmtcorhy5+8ePv6NOQQAgKGNMRhStxQuUBQt9aID1UFx7yOUQ0/qDtMDCfvoYquLplWie6bsOAXVUDbqGEHI4YR/AAT7UOdoIMTg4oI5LmB5rxQRRMRXSDDjnkMhli5f0/hA8NH2gvXDg6eW/vUf4F/CT8ZYac7z9I5WL9hh6SyN1eKMKB6HV8VISgogPXveR4J7BhJAUn3RHrtUZIi+gmi7R9nrZUdMdrtEcNRO4js7xB2stYP7l6bcL5iEpxnypil3YskHQ37aE1TyNREZEGPpd9rNB4+g6EjPIesnbOArxpCQO8NdbcDdNxpKikpAAp65hH4jqRdPhTnid2z49IA9PsL4MkvqCjmEDFpAXrFSfsAVH+Y4HE+CF5Bwm6/AIxOmSzqBjrN66jQv4IKqiIQEap4KYU6HkFvpPXhQb3j1PFKdzx1PRtc8hQAAunyuzqS8sWtbh43pPcsf/e3Z1+nAJ3ngnYYqJ2monb+AKAIIp+6+qDjXOmcFRFM77VXDjuM64W73XTt+Aphv0N2jWZWsn8gRPFLcBAr4gWA/qK7g8srJmhtHJ3l+NJC6ClEz+036sTRhXSEricIaC/jBQfNarzPV5/F3D2fO7DfBiNOBFbq8gvyJm7fG3qbTX/hIARyauieQex/uvvN7VXE7pRRRUQfdG93QNX6DSyx1atVqojCtuapy9b7K24NOaqwOxj7PuqlL2d4vou7it+5sN1DYwDiy9E3S/QRX/q8Z/l+bM/Y50K6i8D8rvtPire/95Vm4ryIYpcZFWzAiWe1gTWWWeO1AHTho1fi7P8I1VoLRdQ7wsVVeupigl2Vt8MbtdZeGHEWtC8SABstCRbkqeQckIAgmAkZPDoAbSwGoMVLJMBUmT8+Lr/5w/mv/uHpm+/aw/2lrpuwlo0RMASS1mohEOFWY8opjoECxna5bkQhhagxLfO1SpXG2ZPgNFBsTWpbl+WsCkTYWkUCaUkBmUqilIYRVTECFJ3nmVVjCgqkwCraREQwH8cUE5U2jMdSK6su1+tW681RsJac85iHvtsggsZIeTyA0jgMZauBSFoDYuEqIttWCEkEWqkhx4CBm0RK+TgSaIxZpOQYEKjUtpYKoNxqIBSRsm2aoNSylZmIUsBaG4ZYaxnGmNIYQjoNU9NaSiEMAWkahxTiMAzrtqyl1ca3N6dWt6Ws67ogaIoZKAWurcn9w9N1pgDQkFrjKoI1XGZi4dqkFAkhKOi7Dz/enG5SyIrYmA83Ywi0iTSpp7u7Q8QrtKj54fGMpK1wLRWQamtc18ZKqNK2VjeW0ho3blzqNBzjYHw3NKnrsoI0Yb6uT4iE0pAohHQ63k3T4XT7ajqervOGOQw5z9tyuZxbrdsyq7YUQx4zCMVxxICgwq0xVxEG0hiyn4uNy1aGaWIlEOZWy3wFrpSybUsMIrUxV5JGkRAQSUBEhVlaoKjakMENFcq2o6GnJ6uydtnMhSuXlEzWUnl4vM+//AXzulUG5gCEKlG5Co8pvjhNInL/1CKmgBEAPPK2uU5AGMA679WNf4JNuY+1dEwpqIECiqoIgxBIE2RCTJEwBNv+WEVVa2sNWqAWQgi9M4hFpZRGa4hZIBBBzNPT4+Plep6Orw+nz4Y0vv7si9ef/5xE3717/+Pl/dv1pl4Op5shRliWWUUDEEZSDOu1CoNqUcC6FYqkgK1qjklD5daW8zUeJvNE6Nag1jBmHJJw04gYRYEJtRaRrSVs5eHD8ebm//S//C8a8v1lGw6HeEtv3766/fH+7sXNFMcxjzGlb777WDb5+P7p/Hj/9HhWAgrhi599ebg5suDj5ZqOt8v1sm3rujZERAitiWpTRRUWAmZGoBAoxSEMA5IW4ZTS289f//xnL16/HG9O8eYmD1lUeFtkGJPZVBlF2c5fIVOFHJW4saG3Xu6xCiDKDuihi6YGyb3BEpX1Gf7b8WRnkh2++gywPJDap6W6ru1BIL2HTj20ogtz/j9U+2RiQCAx38sncrJ/W7JgF/Mkay9AefL+DnQV9vFSCH2GvVqvSgdzdgx1uXL3R2s/h5A0Enqckv0CUCJXT/v9Umbbi+3UZPuzHvi+y+AiqOitOX7XfNSSPt9EV7Gxy3EI4AO0dsRmD1B6GEa/86Bdje2TnXdKhdbRZ3C2K4KIfQJQp3qI0Aei+VQEr6X790IUAlCLf9zj1U3u3CV2sOhK9MgpW2tE6Euvs6Nn0OkXaQe0ZUj53UCT+nqckeNAQSQ3iFNfq6oKGgE7tnPtHvxmo3NbdKbrvodOHZyqolcEgjvYzEzRrVE7idxLbH2ho8naIGLI2vsmDV3vbTNdMPeOY/VV50Gbn1wtEKIGQ/MO8AEB2O6jaINuFt9vny/1biVCs9HbOaCePgpOefET9u5WJmPn+mwV89fDQaf2uk9vygfvtegMwVtbPUTI4CuhzcDrAoGhftFe3jFUbYnuXuShEEFdpCe06U+2EkFhX8G2qaB1CfYSkZcL7WNA+1G0/xVT94UBAfcGDHieA0IQvHX1k1tJaDRVEcO+u33iIrMmENDnTQM670bg/i70QE/AXrX0aX7+AlBHyQaabTWhddkj2vB08E08QNfs1cbQiXa1oH8EoJodzb9jL8PsoxTBl7XfR93DvpQthdXLCH1dGbHpav/umFMEm3vSm/jVa7jqLwx4AH93fjlhBUTzNvo5oxCeqY+Tgp4YDQAKYu4p8hMHlMBcT+gMvO/jJlWwKvQmNlHvEvAlTBQVwlb5vJy/fTf//Vftb/5x/uMfn6RVbW1dijDHQBQIAUWlLVtMIQQkgCEPKeBW5O7mBbdSShmHMOSk0NblKjFOebrOC3ILAUOgaTq2WkF4PB4p4La1QLEyL2UprVh7gAKlME6nqZXCynkYCJS3EgI2hbqsgIoUQqQhDcfDodYyDmMAZhEFLaWKqojVRpAUtrIM4ziMQ47herk8PNynSBRiTgOzDikchtPhMDIAV15r1W27OZ1aa8u2bluJGJAAVCiEYcgqmtOwLHW+zMOY83BI9lrmNIwnUVHl0rbSSuIs0GJMp9PNkHJpBTG0xq3xss45h3mdD9OkLHE8DHkCgLlsOAylMvsgEmmtikqOuTQW1ZhCGifSYDtaSvH25naajg8PD+M0btvcKmuILPBQ+QwirW0AiCEGzMeh1ppSksrXeVYBVGltEWkibIA4UUgEBHC9LsJFy0YECZEBhVWgRYAhpyGkaTqMh1MpFbCuS4HKtZV5mbd1rXUTaQjACq3pMKRhiMu2adPGtZY1BIuhExFe1xmA0zCknHRrKq3NZ20lDgNSZq4hYkBY1w1aVYqAQbVKaygm4xFz8SY3VZFNhcH65nvN0dp8iAgUCYPtwqwSgAC1Sfnw9OE6n1kai7RaUyRCkNZIGBPc5MiSaxuncVKUebmqAIA0Uj/yERSRYmhNDFwRBQ2GsmycnioIIJNEJIoYQLXxZipPFQVsiKgYLKcDSREDhQigwhso2ah2BrmeH8JwGPOxFs0pAPAyn9++/fznf/4XSds4nQ6nidcr3J7+9rs/8tPj/6x/GTOEYUjDIFx1w7ZhmkZRXa/rMMY8TTEFAICQhwMWkWaH+wAAIABJREFUVG5lvHlRQyprhRxTiqC6rSukGPIQApUm2uTp6WplGVkvT8v5um3DZ19wTLcvTo/rhx9++LgSKcXD8eZ4exqG8bd/fH86jimmnPJ33/347rvv53VGqPcPDy9fni6XpYkuW8k5qShFChq35cptZWazpoaQYggNoGjDgAIt4oSUA0nMKSAu11InHF/nzz+/ibgdj4mwibQACCABoIFLh9r7MkVFBFQZ+1aLfaKsyTb9CCPdvbLPOABURRQiRXBe6cq4n4s7FPH9Xp5RqZe/1ev8dliZ8AboKUNieNvOMaMr4pqnKYG4T8b0L+92VEfF9kl+LPYTxiplvjZVQMEyq7AD8G7Qhn41XTD+pKrljEa7vUN7AaVTHlUbh4W7qaVTcoNz+wxP18RFQEitU9rvOfZRmALmuHGk4b5oc4536gWuqVoeE3TDkldrduDrzEoRkEF6gcdPfb8rqoCiHibT72s/mLvE7Dexe6wVTNi3c9YqRX6B7iAy70CA59aObp7olRL04FJbX+IaoJjn32b6ePHnOeKoh2pCt5+5p8AZnoJA+H/8r/836RdnPZ3QbwsqWFqgYQHpcSxdQgNEb4I3mbcTBCK0QpMvXOjkyGkE4q6qmgICFsxixm1vafGG+U5Z8PnvQl+5e6TP/m+NqTmUUueoltNIVmr2lK9uP1PT263egM+FOvxENTVyCbK/unat/wInO21xiqZ7V7ljfYBekOlL6jnFZX8lEHaWhd2vvlcgFHe1toP45x1EvR7jmN1nD5jUAF2I1/4sAEwN6JTGzUD7ZfSH6S+nscn+o/Y2+y/c735/UEQOWrEXa2yrIQJLm/V1ph1/4/76oQf2oP/2fuN8e+lj1bxc0Y9uJABUAnA/EXajTt+Le4uPekVNdZ8ggbZ92avgZ7DdHegPV22yF/hDAIPI3WEEgCj7K2P/TOQKj5eh+rPvkce+hXZGCc/PnPrixk5y9/+o+Pf3IopRZjVjGAJ0ig7+my0R0gpavqHp3p9mLx2qKgaMhEFAVdn+nskIhERIKcUQEmBYW7s/13/6pvxvf33+67+bf/z+LFxAYFsrAMSAKWVTvmurpRQAAZaA1GohghgwhYAhirIKT3nIIQEBURABotBaaa2kEGMac4pIYau1cB2G4XC4FdW1reu61FZaXbkyhZjzgApEgRAD0ds3bxUwhThN0/FwDCHe3ty+uHsBoC/v7mIIiFgb19osZa3WMkxjCHGrGyARUEopBqq1AGrOGTDEOOQ8TofTMA4pxWk6WdGVWcYxI4IwIwVVIcKYsyoQBWEJIcWUQgqn4ynlgZmJckqJQkSFECLtk+cJhjwOaai1fby/X5dNuFRulaVx3Zbl9nSaDrfMWpkVhEFyDDGGPEwpxlYbxYCItUpKU85jabWyjsPh9vZFzDkNw7qVZS4KeF1WAIqZKARmWdctpiGPQwMZphRTaoWB8OHx4XpdhAIz17pxYwRFlBjjmHOMkUCWZW6lCjeFVrZNRUAAQsjjmGJAEQx5OBxDnoBSHsfT3Ys0DHPZlrq1sjUuhoiHNE7HY0gThSC1LfMVSCN5MhoiNS4sNYSAGMpWhAXqKuVKRCGPtVbhiiK8rSolpByHQZhVDC7bzqo2X4x8miqDekKu9p3RhCEXufzA146QFECP0+nf/vpfkYZam4mSgECoEIBCEJVay+W8xWF4+erFUtbSGgsLQ4ioYgZN7bsWoCqF4OjOSoBos1qAKIAC8/4NDSgZnCJVQFLCECiGmFRBVVpzeiYiAizahjzmw6Exb+uigIL51evXhymPOY9jXi7z/Y/vEmqD+tW7b5en+yOFKQwGnNI4YMAQEFHauiFgyBlTaCyiEBBwK6BCw5BOkyKERNNhoEAYKeTAIq0xcmvL1s5nPn+cP3zXykxDrkhV4Pp0JuR53i5bvW7yVPG7H+/f//ghTMOygUg73hx/+vMvbl6+vHl597Nf/CSmGHPerk9120SZW23bvK5zjLFsW6kFFayoTiFRiCESKLdWlTnGWFiG8fDZ29dv3r764id3P/v8xedvjzljCjKOGrBOh6QiIgw2swWYdlTQxXN7APa/HUY6DvTCMlA3g1vBvRfqwSEnoitosIc+7rDcjwpxHRp3yGAe7R4FCIDq8RIA6oEpdiLsmMCOB/91Dv0Bd8yBO2DF3WDbuUKXTDsKeY6g35GV9gMLbXprV3b9UN6RAjwLjJ3MmPJlspQr9H6Y+cUZfHeHrvGkZ2Rg99la4HZcYZdh8Dh0PwpCP4n7Dzt268mN5lT352LoCrskbQjD706POulAdIdT6NHtVlzfwaELZmp6Hux0ABE948PJGO7Pb58EpNqVvI4+O+6yB9fXQH/eCAjd99GbBw3ZuIPfBE5/9H35AKpJydD5Wic20b5FR5V28Z1FIvVSRW/rdkYTCGW/wwDQn5DhRqNZDkWk33FCJ5JmzlIAC21Eb6z2dlj0K0cXQ+2OiPZER98UybsaHXOLwh6+i6g2g61X4lxu3h1LRn7cDYKkQG7SsL/Czq7AyazYMCPrByWfNIwgij1z0lRdy1I3J5eJN+iy667o2+sQQAX3KasA3Q3vWYu0Q+KdKvQ6iy0mC/ZUkU5RQLQ+I30QYWuEwI7c0f1H6KvGeQmiiiXL9pKKWMKAZQRpf4s+oTaKbpN37rZjVsP0fSO0biVD/8E3Jbf7oa++vrUQeGh9X8i2k3nOsz9/W+h9Nfvb4NjX9I+eEKXehdDfDnUZATvhUQ97UjPciCrtcx/7NqzauwN9hIFVdQwf9/2MELRPK9idbnv9FAHd8whI/lWQ3PPjLRZuPfTZcOA2R8ZOd7qZTvtG402FvkVa+pR3XAdQ9BAk7zC098GrL73jRT4hoYCWSW4XBQABKRAyAqKhgMa8FP723fbf/lj/5p/Xf/rn83K+oIByJQoxZVBF5VYbt2ZQZ0gpRgIGVW1tEaxDGmqtW60UYiRc+JrzoCLzMtfWRJrFHJayUQgstZ8Nsq5LGZu0VuuaUgIApIkZxjSs85VFVLmWDVSm6UAQxiGPw0AU8jDWWgFoGMel1tvTqdY0TTetCaVQ6ka3N9u2pZSPdGhsVCfUsuY0qOrpdKIQ1rWEGFtr21pWldY+qkJtDVQf7zeiAER5GMfj0TzF9w/3y7YhAnI7HE6neMCAT+ezsggCi2rdUhxuxhNLTHVjZVOUZ7lWbsqigbZSGivGnCgOh9xYtsvlfL0ySwwYQpKAIabW6uN8PR4PMabayjTlYTgIQJ5GpTClYcxZVv3w8NCYAw0pBWGhjIg4r3OtfHf7MsUAgDENj08fSlnWtSBR2TZmRoTaqraWU4hISBG01rq0UklVVCgoKdam0zjmFGrj1ipvQjE0xtNxmqab8XADRBvr4/lymZeHp4dSVyLKOYsAaAgpIYZWy/Wy9rE4zMIIkKcRKJTKoppzLmUR5SGFsm6qSim3xtpKDFFa5VqQQkhJRYUbMANhiAFAtNkrQ2iVWuv086jiHpyiQIQiitbXRIAYgAiRlAVBH5+e/vTNH758/aa2lSCFPKJqKy3kHIiCyhTjy9N4xAlSOF+utbV6KYqWRyuWlKpEwA2hixlgm8zeUKh+bBpb10BAO+1HUFUmCqCoqrUWLiXGEGOyuGTbEFVaCmGK8ZBHUNRAItrqmYJGzAKVMulCFBNleLro7ZvXvzm//8P/+//579789N/89M/e/PwXp89eUxowhWEcCEE32M6wnJWb5sMhIgkXrny+3t9IkxAiHeqicUzQpJyX67yp6JGgfPz+mz/897XNh9efv/r5L3E85FgBVOt6fXyMeTjFvF70Mi/jzfH+/v53f/+H8e7lkDJXiGlgiOen+Xx///h4XmtqOmFUUhggMlfWGVRTCo1jigkVtrIQISKWukqtISRUVtVIFFMKSDnFMae3n09vP8sq6zjBkAJRKav9RWIRy1VUYetza1ZZ9a3W6+0KFr1gnnkbHKYg+0aroCR9DJE9aujpFKSI6EZNFjN6m+eUXXDyc4TdHayg3rauAKKGN1RVWFxSstAdF8ihH3S4VwzsUN9D3Qj9POrg004Wx8S7uqbuz8ae0u+O2Z0i7MexC5TojgkBt9EQikeFAohI39DVHctqwThAHvAHHXh2T0eHjKaPg6UlmWHJbaPoCq2dimZCNzghRLR3ePrdw87ovZe3u3TchaIq7kaGPgpZAYCNAlAHUSYga0fmhkvc1gLeIOAFDH+UXuvfsbs4XnSn2SeKs8F+81HQng9ucKpLhfZJfbIBuHHAf6Z3N3Wq54Sw8wOwFl33M/kXAgSVKP2S7NC1z3I+0FtTjBR4lQKt/9ev32syPbRJwT0Enywp6JHL0NeXdhYHgDa1yCoZz+gO9hgucm7kZQvC7iby1BZbJQZ5WIHUU42cRoKqa6X0CYa0kp50mMh9ZbqK7rjLd2/threuMQM4WvcpEDblwQtj/mIA7PdaOskx7wnqMw52tdjgEiACW7zAzpAAQYB9kWjwV0Kw5ybZ6nXAqYC2QWGPl3D824sQVk9zqO4dEfby8K5LqAcFCEDoXbO4ryLoS75XCgxMu1VLbbdwS5xyp6D+xEk7I7NvTYCIyvb6qH8DBDsLtfcLP28DXj8DJFDW/SEbuYSecIC9wtljfrqY4O8Suv7dWbBb3sG2YKOX6lupvZp2EKOHethdgk9W0y5K+LV6zaA3y4BIDzB1HQj7QiPYS1aWl+zcxM6eoODzNewDrai7Y3oABWSz9/TvRkgBgS0qLtgwJVCwOqJ/TQBA84kSgCoDAFAiIpUqACFQUwKgZV7efVy++pF/8xX/5p/n+4/zel64NIAAotb+2pqoKsvWVFIIQxoIUYVpoOt8XrfrwMMUx0ikkba6hRRDHhV0ymPdNkqgEFotzG3b1jRkUhVhVQBCDUGk5jEPOE7DQQQF4Tgd67ZmDCEmIrycz5Fgni/DeKQg1+vTkA/T4VSrXOYn5bqUSihDzDenG1ZRpLCRcFvXpdbtdLqJMWCIAbGpxhQoHta1EBILb2VtdYshCmitnGKcxrHVNgyJKABgrZUDonJjUdQQcUqT7b0EPOWpDjmOR1Fd51mRBXTZZid/qqUUJKq1THkY7k7btjHHnPB4vItEp+OkzKWptHp783IcswBo3USAmw7DiBQv1wUBbl+dxnHYWhVQjGGMWMtSy4qop9N0Or2QJudlLbXq2lKeUmiRsJVt2RYMubXWhEOE1hoGVMFaqigH0q1cZ26RAoKgiIoAYQywbkVbCzG2pqK1liLMkSJzvrl5dfviFWKYrzNgmLfCCK1WJAgxogpoCzHlPE7jRIASQspxWxekIMIm6w6SIgVpnGMSZgXJkbb5zNumFBVSK3OOyQQdiIlyQoTKW2stk70OAqxSCwgDqoCItGcDhlrbnCk3Lib1DYhMjTKoJApLXb764ftffPGTaRxF2HbTmCIRojSt7ZD09PZ2btQwfB/f5ZCmaZqvM6jYdtSqUjCU+ezr62963zhYRVskAnIbgBEXCpEwiAqLqAAhhkiRKIdoBVDE4MARQ6BEqiAyjSOGvM1zhHZ+eKci8/npMI1SSxgyB8HpUKDUnC95+faPf/f//e9/9+ef/+KXb7588+rl7e3tq7dvpsNRCdPh2LZKFHQcz9fr+f1HqQ1jKI/vS61xGhEwD1FVt61sZfnu+2/X7en9w4d49/o//V/+z4Xx3eP1KHp7M4nCw9N1ma9vfvWLmBM1GY708XffjsehlKaqty+ODx+u8+++vWy6rY/vv/s6pgRx+tWvfnnd5m3dPn58uFzPGMfKkNN0Oh4CIlJDrMu6qjARhBy3bRNpiCmk1FhSSre3t9oqc0ljPh3GFFiBc4oALK1hCAjCIObAVgDtWTja67noY6UQzVdsCJv7BAfroANU0GDbOXaJzQUhEBRwS4qZ32V3yWs/WnUnEugZcQKgyuqYwwUmd7z0QfB2XDiut/qUWlumO2vQ8muUu7HGYLT2xBVQm+Wl+zFlib2KXeVV9PPYIZU73cHGwiIACiCwAZ+eTQNu1zEnkQJ08dCTg2CX86VDBIVPJ49aJKP22Z60u3HRNXXot0o787GSkE/z3V9i1D4QR3shxO+W6t6i4ce69ikASOLlf3Wx2MFpP+5ZdhrgY5o/edwKCuJOAR8U2hmUPennp0M+WMkdUQJdBO6iqqd0OMZUTzBEUI9e7KGG+1xTz1AyF4DDP38Ehv3Ey5II0QBkd4vZlsi6b0FmozJQuneAogsXHUMZqusuZAUxV3SH7LYKnrGgPzx/ln3SmbpGaRjFkQ6CiCnBBAE649ot8e4ds+Au0ICglqrUeSLs1gknlLhX6MQXaPeVq+Xlu09anNr0Z+DrHhB3GutGMKfh9maCZc4LdEO6XcRekPZNAfqTsiXu76ipzh7pozt6VrVXtmM3ULAiHDl6NBMTPE8Otuhae5gialXIPf/LPhtpB+3kvc8ogKg2jnm3b6ntPF6YsfehO0qeyQV4E7mPRu+3zrcDgOcCkPQinyefYudpbjOzdY39YHSGBYjktQWvYdir7bREu2cStJMA6ON+AW0Io/XpdmGko3in7N7bs7+9XRzcd4lPslYdRfcqopUvvNKie+kBAdUSjftWhv0VxZ2UkL8h6Ft932UUAJFURXxNIYjHHYEpG8agnE0AgCUEOI21zi6/GAshsu2EnL/ajkhG6wU6KQMSQEwjb20+r9+8W//Lfz//45/qDz/Wx8eZCxOEPBxUkXDIMXCrwMJVWhNFRozCjCGwNLsl03QYY0bQaRgGyENrW1mv10sp5TgdIoWgSDGsGAgJBNOQcorLsghoiDGlISLFEE4xb9uSYuDGrVCMiUBiwEgp3b7YSsGyphRSTsywtfLd999MhwMh5GF89foL5SXnYd0WUU15uDudPtx/nKabUrb7+4+lSMr57uYuD0MpS4hhnmcCPd3ciKTrzDHEUtrt6TalRAFjCMytlO38dF23hdsh5Xy5zMM4jHkgguPxThgA9TpvrdUmtbEocCtta7WUMh1GZmVlBBrSMOSBlbmWtVRRvDlOqlpb2UokkWWpL168HMYDxaigS23MjIHG6VBbOd7cICol3Gp9uFzWbQ1pItVEKACHaQoxqkjKhzc3r+brBZRbK5fLosuFaxPQy/mhSlPkxszMyoJIMWItDUlFlFtT4ECYY4g5BRThlmMQVIpU1lbKtq0zEQ7HlzGPYRiH4aiAZdvqtjauABCAg+haS0AkIFFmktIEQWMgIBvtVJk559iEGXi9PtZSD8eDMKM0FZGtKAagJDZoGpHrxtxCGkIgRI3NRglIjkGktq2oNnTZgwEY0N4pqzjaRErpU2YUFAMiYLCTyUM6FBGptHY8HFn06fGhpZBjTIEEpG02gQ5bK9jodPPqp59/UXktPy4RTSCyQa8MCDElbqwsim0HJr4bISowor+uAgwgqCQAyorJM4Nd6RAJ3i4oTUVly3EMgUShqVyXq8Y83b4UxTxMtW1/+uPvhmk8TEcJQSWGjGmg0xDX+w9xOExjfiS8zNv/5/vf/+9//M1nefjsePfycHoxHjKlPEw5hZiiKJ3PT+frJeQ0DEGrLOvCSjEhqLDyu8ePH9cl3L387Itf/If/+D/f3r1aGct6uXyYY0yv37wSxPNaH+da3j8+rQXHu62AVGVtKdK7jx9++tO3n3/x2eVp/fbH725u0i/+9S/e/fDhT3/8Wq4TRIA0vnrzejodHh/u58syjtPT4/m8nGPCSEpAlSshNC4AnPOoQKJwPN68/cmbl68Or25wOqQYIEXMObTSRDgQUETmiiEoK7s7VOG5YC2eKQ5eE9duQ7AsBZBeB0f1KAqXTnWHfK5eiou7+6lOfUe388CRu1s+unNC+6e5v+ITAOS2gf7Prue78mmHKSj4WfGJdYVV9swdw2vqGERMvnLl0E9EYNeHEdBy+MROMO2nvSFFUkXqkbYIKmwNefa5hnkBel8ddBbce6s70+hXZ44Vj7uxH9h9rYzgjuLdrKQ7lwJUAx/20YYSrRVTuh7mgmwH9Y7pexugODVy9AH7mapqUUqiO2wzntfBh4ExMdbTO/x28P1sqwhduDd41XsaXRV2F4ZYIUO8VOjvvzgw8woOWkaTVVN8tbkGbnkDnfCA13WsZdUWMqpG7EBZuk1FAX32mXasI89Pq/eUkpmO7PGiuhqN0Omlcxprxt7XlHOwvd/FjF87HjaCgR0iOQe3Dgfa74L6G6XsvTpoBNV+wKkECFhGkiIKyCfRRrvS48dAX0CdtvWSjrXt2s2i/r4Z/TWq7EmjHfN9qgE7l9/jcexpk60ur6epM277a7aMBFUEMIAihK4Oi1uRlBHRKyDan7GRNgS0wlKPMYVu1AH0AlqXwXFvRN5vByKqdYL2GpkvLMUdrBqQ1m5O3y0vaL4S7YT/kxKQPcc+S0BMAHea+tyLb68cgUXmWK+tOl7t6w39n+xpWGSvvyyO0O3F8IJYf8rGiETBqyVoW7sP7SIfDufFE7Sfe14nvpGqk66+E3cBD7zHyf69oGLrfUN9bXklrBNvvyUmYVhFyV8mVZNQoL9EvaLmCj322Qn9fbE4VOmeHhvAHfYDwTUPc2d7UZRERQAC+IIGaQqBiEhAQFQwxBwoM+Blmf/pm/Zff1v/6Q/6cF/KdZXaAlJMSRTMpr6UuW4LAaY4DWlsvClwYQ4KQTSEeBwmIR1CpJDmbWaRnIYY81KrCG9lCxhiDFtZU0qIVCrXVmrZuNWQIgAs8xMhqGDKaauLcMp5qqXdvLgVbW1bHsvlMB1zHl+8eLmV7fZ0+/azsa4ViM6XJcagbePG45DLtp4vW+GSKb+4fbFthVJMQ0ZQpBoxttYIc2u6nM+oGnL44fsfXrx4cXO8vS6LNoYsirqsi7IAhRziy5cvGW6n6YCUh3ERaTFgKWWer63yOB0fHu6btDFnQNnWDQBFNA2ZWUIMQzy02lIaY87rNte1xjSMw2jvVwgRlJrocByHYVq37fr0NEzHw+FmXZZANAzD4XQggMfLY21VGh0OhzTkUiUSTdPIgkjSGjeRbbngurSyxoDn89Pl+qQKpIohzPNWpWE0a48EQkXgUrluTRpzHcYEKtJYBKRJlbYtM5EGijGEnAMBxWmMefrs9dvhdHs83g7TNC/bstVt22pdua5bWZZSBaRBCIebaRopBFBMKSNwKyuqBFJhCSEOeQQBtCGupdRtQ5G6zohCIWAM0kqOUWppbY15DDlxK7xtChyGaMUN3gQxEAVFRpQg2hTV6o32ThK5uuYlY+kHnZo4q6gRIwOAwv3D5Yd374+HSUGliSBrcEcwKqowabgdh2W53A7pze2L+/fvC5E26T+EpAAhKaqS+B7ZC7P2+eZOUhEAJSLfDlRFuZQ1hoSAKCTAFLSJahMk26MRkLmpKAfCBiitoPI4HBvXJu3h+6/ubl4MX4T1WrXVim2bJQCIbpGgFNEw4BDbxAs2zfiBz9uHH8p1BkZSCgQ5RcV4XufHeU4xHcaJQLm2xpJiIJRxSuPh9nT32f/4H/9TSsdZYP3w/qtvv5qX+XCcTjc3X314vMyVKYUc2+PXb7786eu7F794Od5fz+++b8vlery529b685+9fXmH502//eoPIZSb4/T5T97W+b7NpcH8cK/H06nUOi/rui7DNKQ8IAhCY9FxnEQKV7QIrGGYDnevYs4I8Plnp1///HB7xzlxKxsARkKKQbhZYLz6zELvxwUU6KmIfRK8dOUOlQWxK0cGghG7txPd39KFRyRzkEN3VjsOdH6n/XgxduBEAwzs6fM5YP/aBWkrie8+jn4qAar2ZrNuYu2ZMs++EAAAt+W4Mm0qmLSuBPVcDUPfoLtI1OOy7dzdO2FBFQUEQUB9yF2fz6SsAIbgXIH0w9CudE+iQPR5Bei4VoxluJm1cxc3VktwD5CNq9Wujdk5rh28uzqvwg5SYTcVeJsxuUiu4oYS8zy4WN31SVcQXJWVbgEitxqbjQlcVe/VeC99YAf1dhsM96JPQ+jmDekdryY0WqSIdiTZrTgInWGqqbVsyxKg0we/c116x/1irUhD1IVlc/QrqELsiwu7d0FRIRABePi8QgeyhkwdHfXn1itg2j+pg2FfbLIjbOOgNoPW1Wy7RDaMKYAOYFFInUY6iKW+DlyH125064wPpRNFMJbcu58VRXtLiENGVBF8ft9tnKwLt31uKzy7xHplB3TnOOhJNeYRQse6go4ZuwAuvVLG9oDEApd6XWF/e9Dvv/NcAMvM97Nof8CenU8i3Ae+mftuL7g4zPTCDDilRXwmLbYZeB3GdhI1+cJTPx3w686V7Uj0n+9k8pnQY49J097zCs8lDiP6CMLqs818koB/jD1d++3Yp/TsDdr+yaZM2AJUb0PvUoGtB6MMvprsp4w0+6bAtmM5u0XZS0/P1NNZGvaP0B4RwDvNsptj16O+7P1O9OT+rvj07d63D0Qgm5ntu7Q9fDS+49J9AAS1ICTCXbfwl/1T66Fvxc+mUQRANFUGfRwHQCBSQURvMyBvHFFVsRRWRQhI1j0dKCgFisOy1e/eLX/9u+v//tcP3/2wrNcZGUGEWRC1bNdWmzATgGhT2RpiUDydXrSWRIsqg2AONKSkCpswEtZaoV/x8TBBwJIzgtTaikgTBAUQaXVb6wKiKSbiElthZlEe8nC5LMM4hpjHYYIpiAogxXF6ebxhZgUozE3hw8f7w3iYl3k6HZ/O19sXJyRsAvOHx0B4PEw8r0A1JLy5ufn+x+8BIRCFEG9uDgJYto1Q7+5eClcWubsL0zimMec86KmmGOd1kxiEsJUmkVLMMYRWS+UKSALyeL6AMBGKyPq4UgjZZnojCkirmvMwHQ5bqUMeKKSURYSrSIjD4XhXSstDPoyTAi7zfJnnmOJA+Wm+qAZIw1q2eZ7HcQLlJsxVudTLeX3iy3E8KEgVVgjD6WbIMaSMFFpr5/NjITSVAAAgAElEQVT58emyrNshkdmdEaNCY1AEHg5JK9QmoIqEpZXG3EoFFZVmnTjAPCQE0a0UbkWEGzNR28raahtzTnkcT7f5OKQUtlreP/7w8HS9zjOhBlIum0gDEKKQ45hjOuTUFCgEBWzM3CyaU1Bb29raJIaYYgBtPYyVVYViIIqtFeXCQCINY8KQRJhroYAp561s13WNiGkYTOnQBq6rACFGJVYVIgvl9+NF9mNTFaEpEiqYy4swAMLHp6e/+tv/9h///V8gUpOWMGAgBQ2ZmCVCiCku61zXmoZhDCmFlPNQW2NmIgRSFpGyMXMkJExsIMuKfwqAECCCK2bCqopKGAhj2Hd1QlGmEGOIYGooUSQKXov1UYuIqsi1bkVonAaKeDwehyG8/+GbQDBELGVFkOM4Srmuy0wqY4whkIzDmCMFSITzubEAs6iIogK3VurKrcTQQjAdQRAhBMj55nQ4nm5fvn6LEN89fizbu999i3kY371/uszzm7evf/7zL1Tpx/dPl6X8+l/9dN0Ijm9uvxzvn661lo8fH/70+2+++MUvf/vPX5dNxvEwHiZB+vHr94gsCJkkD9NhnEqprbW72xcpTdsypxxxGLhtOakozPOZa4kBW1Uk5kEQiZSuT+vHj+efvI15rTnR8TRRgFZX3gqhxSKbuYpQjfuJNb2pFehdo+/nhLXTKQQCgB7baRqVWzS0K0gK6Pu7PVjD8GS5MKSWvtwbFuGTelA/+UB9GLsTU+Te4QY+G7arfaJdxe/YzEAmKoqiwQ6zznZVq9cPnIF4XQzMr6EOCc1l4WURRz4O7aXL0HaqgIiLaDYlFbpuJorIfVhO99lCJxWmp+0f2iG33TrnwC5Xu5buMYlOfwQBFGnPT9rRu/ZxbtodIbsRyD/AGBZ7T6Aro6qqSL1duOu9jnUU0e0SPRLQYp4QwcGEi5eG3a2wQvu4NHDDgrluXXjUnmJkd94mpsoumCt4OqUq7NIx2HbmcT/kdRtlYY+qcRGTqHfPOnuwaxJ1WRXBY0AdP+Eu3hqW2zljx5FgNdH9XbAnCm7fUN9CBUTVR1Sp9ife3RpghgpQ7W2b9kAVLTEW+7hk69a1O/EJc1PsxHS3bvUJbX6/fDof9OESiH2EgoFq5L07A3bvR39NzTQkYOJKV+9tuewcknSHwrsQjwRBvS4gzzfDpB913uSk2wOAHJaSDdQAMHldu6zQf3tvVkPbDmkvyHVBwJcC9AB37HVK+64ASDuY73zaLiVYL41tXfZUbG2QI89+nd05As5Zsb+a5Jtdf7p72qpfiL3R5v4XsBxSVeluMX+jrCTX24t2qmZfFcSv1P4fqKkttO90dufsPbUdSD2uyKWSvYfLuJbZAXcDH3T2YKU/a4LwrbCzhk+eNzyzNS8E4t7QgP2ekQ3Qon3Z2trtQgY40+6cwRq6EFDFn7Z/uO65AurbhZ8PRqRBgag3e6igBjIWK36z8fmTPBwKxeoF2PPFIMSMSFut13n5+p38b3/z+Fd/d3737rEtizTOcQwIhNDapirbVi0giCCWggKssKUyKxseiJQCEkIIgRCWgpBOh1FgLCLMUpnHnCvXWpkIK+s4DcAi2lQ0h1ShlLoSRWa4OZ1STojhoBBSGMZJhXMKYxoEFIlyygjKtc7LGpAYsXJLKV3OF0W+nB9zjPGQKVIK+PR4X3lrCO/5HVEIGGorLAUhrPN6e3NqijGEQPDi5q7U+nS9lFq3UohwW+cmnOMo2pZlwxAohE2XdV3WbUl5DDGp8rpcyUNskgLFEARoKyXlMA7HfDOUyrW22ri2uUkrtbx+8SanlHKepmmSJq2lFEURMU5TKNtaW6lbZamiWlsTZYpREer5aRpGYIkhhhwK123b5qUcjseyLe/mswIBBiRaS2kioEopq7ZhHLXytq5IzMqEpIVVuXFzMUM5p4AYpKKClHUJoAiprmXIiUIswjkmZgHSkCLGmA7H490dUHo6z4q5sIhwTBlQuCyAhCFEDJTykA6H49Eq6QjMwq2uZZ1ROJISWo47xBBCILF4UW21FlXGEFQFlFFEuFEKAFGElYu9P2Ut3GoiQoVS1hiCSuVWlVsIRETehgWuznTRwJz6jhIQ0LMEVRWEiBAQklbQ0+1Nq1utm1jXF5FKAwAMoTET6mEKGunzV6fL/Pn9evnx3fvz+aLCVrgEwEiIihSCCrCKzVK0ajUhqgBh/zcKCsIAwQaB9N0JVYlcJSGAgAQKjSuoBqIYRlGYl2tjPd6l8XDHQOtaLpfzNs/jgJBgnhdAKVvUUqQ1QDkzDClSgEihLOsU46qEw4SCdVtLqaoQI6HiaUpEJA1qZaKsMaWbExymmaKsq1T+OF+BQmM9vXz1sF7P67y+g5bSi9sbykOb+fHKt68/P7x6++P95W///r8v62WY0qs3d5+9eTXk6e7lHTMkhP/wP/7F/c8+35bL/cPT0/0Pjx8f6sNTjHB+vIhqSGnMmRBqKa0u5bpstaRAMSREwhYAIYSBBSnS8WZcrvXxYTtk0AO1VkiUCMRaR8V7sbVv/iyWOPk8HUsNyHarh+vK2oH5LvyYywQJmbtPH4StE3Afuejyn7ICsZ8L1hOMCqq7/KedkrpBGmxEIwipgljXnn/yji7V9TX7gtD9Dei+DYbeWulJ1M+nvp1EAkgWeoSEbvCwcCOXqzBQhx2w0yLBLtZZWaQLoQZGusvU7EvdHiU7vlSbrKAuEZIEJJtWaeF3Jl5jh4L+eaogQm6IAFEVVOpqG3Skb7G7bp4xwdzeuG5hdz3ZNSh/mP3mepCq9k/uqEbVuxa68mj2ZFBA6plRIOC+LJ/d4OAIsOeX+s1DAADjlN2Gvz/SjlqATT40T5TJ8t0xrNzV3Q7LuxVIrTccUBkAbYx0x6pdageMbhfZQaQiKImyyZNdnnDRFS1GwcmLs6uOaLE3eyg804yevbknElqlVaxJPHRNU73TUjTY8DxvWLGMNFUbbdLRqHujXWJ3cRZ95JL4UnSZ12CUdkam5qKk7rXvuNXwHFBnmn6n+q0E0F44AXVoqDsw3n+T2uFBzhnJPKb+NktPfAA3oKktVB96Zo1GPWnT/9Td3h34Qk8aop1OGsLf1eKdfvqnerCutwrbiEqwRhtFn/DtdSbbAH3SvPEzRQAQUQrmgBK1RKDgBkNf2j16V/vrAaIYUHzKnxWyfd8wuuH6Bgh2g5T/NQUG7wZAy/HVzjqd7XiQgZvmnRkY6dyte/uwPnBe39uBjK5b0RfUOoDIWZO/w3s7FfTy3d424atBOjNFr8P6nmLnRB/gYRfttkVfXTYeZT9ISMlvBgDY+F3fXMX3ELTIMO1yIXQOgP37Od/zY0VsaaE/cAUIFIyC+jVhIKP6GIICAaJgaNv27bvHv/9T+a+/5X/+/fV8WbSyaEh5yHmAtnozmmCMQ4whpaiqo0gISVFaq8o1pVQbRSIGXq9L5YpBaDzY/sQCjDSkAQBiqAGQpZWybEuzN3/I4zhO12VmqUgQQz7d3KaYWq0YsDKvy8ysMWQOvG1VlC8q3GqrtbQqgi9ffZZjBpX7hwdGbqWRouAlZyVRUIwpsvByXYDgeDzlIavKkIbL+Wmtax6PAHCZy7Y2hbZuS2kFAFPK0uC6XIeXkzZNY0xhaLVyExWWVjDGshQFiiE1VUJipdub2xRJhU+nUwhUSwXEKkuMGePItQXQaTre3d7FlJdlfnh8jIFijNd1W5a1bhuitNrK0zWmBBSQMI9Dq7xs2zyvOYbDOKYcQ07rVpRrHk4xy+E4JeWmtGxVoaWc8hiHkEGB10WkzaVUhsZMEWrldZtrqxgohABVEC1tXozRgQohjMNQtxZjGIcsElNMgfC6zK2uFEKejkB5K9pqEwHFqoAYQyBta2FuhAKoFAJREOBS1pzSdDjM6woh5EzCWJbSKqMKUcg5xYAqLLW2WhEhhABM3BoSKTNKxZiQkraGICkNwpXrynWLMRJqqy3E5JKeCIVARKIVACKRKkpraqOKHEf1vj9FxEiBlFkVGAQsdC2GrZXrttwdjq1uW62xJQqgLCigrYFyIA2EDOX2OL59/VIfw9N5vswLs6gwWcM+kaqwsKqIMHn8mll9BUQ1BFUhAMTgG6EwQFDwg15AStkUBClSSFwZSFgaIoV8BA0K0mpDXMp22ZYD5SMXDhHHaRwipMyvpuPD49P1eo1+N4ASCrJC2Ep7erq8ef2ZxqGUTVU5hBKYKB6GUealqSSKcRrSMVAAhTALA2vZFppX4XZzczydblNOTeR4d3rz5een4+3Dx2seb8fD8OanLz774vV4fPHZT99+/c27v//NPwmvp5uJRX/3+6///b//N2lIPPMff//V289fMDOF8NnrN9MQW6MPH+9vx3HKw8eHB5UGjFyZAgxhvJZVWqNINmSRMcaYpuPteDz85MuXv/j5y1c3MYCUSutchwFDRgDBoMwNrPYMXaxUdZ+1+zvFD3gXWRyhq6pyN9YCqJg7dy9xu7YFAMBOKNkKgYawvaPVJrf0XhNwORdAxFwVJouCmu5ttWIfikld0dR+2ED/on5O+am7T82xUwydVqh3N9t/Px2apSqqoXcL9gYCO7BAGBzBOmN2G62fiI6vvSUWdD/ZDTujozE0EAiu+e/WClCFYF/TnbvQI/tVPQ5GtWvsIKq0/35XcF0iI8891C4fax+IatDaGhANH9qwsR1BdX8Oqu7Kt40JQupKvz7LrwjgpmSDBujFEacrriqo678oZoayC0dvV0CHJYBqxn1Fb0rqfMDRBQA8A0r/loCoKO6B6rfDLdECXZvtqwWU+pAkAACI3AMiyfGOZ7UoKvZaRUcYqkBkmyq4qQxAAZCdPXboCbrjbzYzE+2DnxyNiQKKIBJJF51NVQZ/Ruj6rV2pFSZc4Tamwiy031lf3XYPvFbkgAk7eQNQKzJ0Qdd5g/oXdvD6iTcbrFPCffGqCJYo15Vh3W0p3SYkOxFD9DVkCVm4f7kO1wx1en3L3sT9BQUQFAIQr2P5F+lsQ0R2kxtYdcUGG6m/XkLqOQDdeGefzWD8Tzz5SvdFCmQzan0RkdNiQgSbc+V8vhue0JpshQitA1ho57QoATr3BgBhH2LlpQLdkTv0Z4zwyR8aF1JCexmg0wrtP+ZFTzfA2UQU6D+gvQMLOk3z2bvmqkLVZ1ruIc3g/GT/VuB7Dem+geyvs6gq2y/0ndMHBzxHHThwF6/o230gW/s+F8SbQ7yvxb8nqPT2f1+m4pSZoDcz9E0TrGGjE0yvm32itlgfPSaCQBQAg6hYCySGIKiWqiasrdVvf2z/r/+y/NXfXedZ2lYiIMYxBn9+ddvKuqScAeQwjSFGkcKlIIi0ItxaKyKt1aoMIcaUYgigrdS13a9rQAIKQAFDqCFKa1UKS6tbSSkqYEyJEFOMCjwMYwjHccyVy7LNteZxGChQzLnVSiGEEChQSvTDux9bZSJqZYvDQBgsdUFVTtPxPD8Nw/D65Yt5Y+Etx5xjZBZm5dZCigEjIVCgGCPGdL1er0sZx0NKw2U5z8tlHEcCHIYhxIQZMWFjbqxNdL1eDsfTYRrWdR7HURQHDAhAOdn9VNBEwUpRy7qK6jovqjoM+XS8UY16kOt1SSlelytfn1iklRpjCJjGw3Cdr5frOacYIIaUhxglUFNtTWrTcTi8enXMMSDqdV0RojQeU7bUcwB9enrKKeYhKhAQlFKablxLWzcECESMQQFLhbK2yhUIQ0it1mU7B0UKJNKEq0GYQLCuCwCdTqdhGq7ny1Y3AGmtuPaESRi3jWPEWmvOtNZSttJKadtqqkFI0egvEVAIKScBOZ4mRNy2kkJYhVEthFgCogpLq8ItxoAh1FpYa84JBYswhBhzViAQGaaJQtyu91y3QISCpW5IGGKUVlQtRUcbV9VGlteCvUxqbgUKfkTYKUMmCgM6+AJErLV9eHr45rtvXv35v00pcysqXEqLVtswG7EyUCTVNi+HFF6ejvfTod1t5/NT3RiJoDUWQQpG1MlyFGx7IAQmIBBhUFUiG1BMAoCBlVVsOgd6OAlFcgArpIAYQhwQaSuzqoaUWqmPj+8p5MNtmsbDeMiq7fz4MaY45bQtj6WhktbSxuOgwCsXaA0Ap8M4rzMLqwgLj8N0GqZ1Xbdaq2Kp3KTmIeQhFWk5p8M4jCnLstWtxjHP0qjWY5oePj69eft2GMeXb96k9PrLX/7qdLjJU/7ZL3/64Wm9v39Y1nPK/O2fvpsOX37508/PM22lfnz/KAwx4Ve//9PhlI5D+OHDhxQwphhiyENctxoTBQjLPC/nQjEcpxERWKoyHQ83QDTEPI5THo8px7vb48vb9OolHSY8nghCtfOWa7FxE4wSgKQLV2LRlGp9bZb57Se6A37X9nZ4aAeW5TQICAQ0YwuBNZywEhAQoscDCSCJKfDCCAoEJvwggPdS+g9aWAuEgOQ7u7iNx87KrpKJWn4RUJ9640q2a1ddXwbtSi64kuY9xT2B04C3oSuxbERw+wC5W8XBmhnwTSK3Gdf+tburxQ0tKh0No4CgS/ooAORGCjMricecmBJsSNDRGAAgibJRDeiWAwfmZpmB/dhWE6rcKOSYy2EgdxaEaIjFGL+jNxQX9j5x8BtgtpmmXjIwWqHi45bQ2/CsHq87jAOXCUHtZ0BVRBWFlJw2mAyKjjhVAaxSiARih71Sj7oUABBkEXta2Dt396RDZiNEYDIgkBIGe7iOL1zZBlMpzXEvqNEAmOMOw+nGaIK3JLiTB3zZi3VPkEvAPtnXaIwzxp6OufvDET4ZiPAJZQO/lSg7RldRIEJDsdBrC13a7nUy2CNQHEM6V3fWC/5lOvfpf9t5a39SoGAeMHC7hUF+g2LaSyO9/NQpAYAFR7gRRi01V6VP+eg2kR78YtN90b1SgIDiPvjeDmHgWqwZ3HVotAFTu20MnteWug/HLsnZqM3AhV7StKQxRPC41L4sfWsRd7mAv4Kf8GpCj/S118CMLF29tyWL5j90JkaICEK2z5DjXwVBLzb6fQCvezzvmhZlJHv5yv/PQvPdwgh+TfZVBbwL38oKHUj337lzbrTyX9+p/WDvuoF6swJZNqw6ZdBnHoif/Cx309enFSP1bXHP5LdQQURCMsKDSL1O4s/Bnib5iyKmN/rHob+DSLafClAAFex1j+447ORE+4vhI6VsDrWCEkLyCh1QCIGVmqgqivBWGhKGiDxvoEoxCMv90/aHH+A///36D79bL08rEmAIISYSxda2+VrLpq0EohhCpEioynVb59ZKXYu5znJKVqdAUm5VGyoqt8pqY2IrA7AKAOY4DkPmslWRFCMixiGfjrcBg4gs21yFYxqmYcySN1qGNOY05JxZGKexFm6tfrx/aq2oCiIdDwc4Hln1cDgsy/Jw/zDklIdRgSJhpjDe3X68/yEPOYU8uJ4KohJjejpftrUh0eVyDjEjal3ny/kpogwx3hxOOcdSS6ltnq+ltmnIFANpyMdhyDGFlG5uh5wu12ttMg1TzMPlelGClPLN7a2Ifvj4YSuFiA7HAwI2hnlZ5+WchkmBtIJAaa0Swu3piICltsvl8bquMeU8JBQ9HMZpGNZWl8tVlIbhJqaIIOfL05WQWxOmGDBKrMznea7bllC3soUcKURurdRSm6JqDDGElHJU0WXdSmNWpRgUgZlrLdoqpkxA/3+u/rRJluXIDgR1MTP3WDLv9hYAhQJBNDnspoxMy8iI9NehzC9pVv/f4bBZC1kLCttb75ZLRLi7manqfFA1zzsDoB5Q92ZGuNt69OjRo2LgFKZpd7IOCdd1Wdel961vG4IAEuc5pRmRc87T8dRb6yLtWpvU1jeVZiCZyMRAgYAICAFzSplzyrn2rcm2XBcVSSmjChGIGDEzcDMh5FQmBa3rQgQEWFtTFUrZDEQ6ZzbCti3bekUw5KQigJhSZhp2yAgqYiqhoYVuGjbJCK7jgSBrd/w09j8iMjMAGhAifXp6VtW2bl0qAeTEfmWKirSWc0pEarLebhnL169OS33HSbdt2W4L+9UMRtGfA4iIGN1uxn0aKHKKFNSgiehI2YEyT6PzOmVKZqbSKBHxYSoHAxPdVJtBIrVuCqrSl0TdKOd5Oh5flTnX5enxqU6H04RQlwdiQsLWuzvvQpd1uSFSmbMhIHO33rfeuvCU+mab9K23b1/dIeHnT89Il1//21/XLh/ef3795vV897qJ4nTgcofMZb5L0z3S6e713OGI0+Hu/u661E+P1//29//y+dP723LZWv3+ux/m+ZDmd/VW18d1rTIfp5Xo4cMTfX3/i7/61cP7H1vteSpbrXVbCWHbFkyQBHuvT88bmYBZ29bG5f7N14pMeRKjZLAtq/Wp5HL/upwOyExGrTVD8vSOAprs5i9+MAcnGnySRm520F4BK3ZcgQBqqOL1twbdAohDZHDMyNSIjUK8oS8fTqHOCerJ5Uh+2rtKwqOFqIh0He2g/xwV7IW6XwAbg/7CUGLYycjOj/oNJpHzGPJtGEzgnmw3A0M1c/LWVRlRY+wQycGrc+4jAAlEERX1HkZ7QOE3p+tSQ24AQ3M+gFk4loANgZBLKALtApK3VXKgZRZmKGaD9cP4MIgwYhfEh3P9AJ2yE8Dj/3btDoILkMIKyAedvqyINqc9ug1vxhAYWFRXQ4CKcBfDmGDvQOCtmsPhZ+i1xmghAoJKTMceYRl80SIZIDxpApB4gOXP5ZQvuCQ6SNJBF/oXe3DqwwcABiliUXWzFlFkGLzjDlEGWCaFWBxu2BIAfQRqELM6BPUuOwiQojEruq/BCOVcJDKWXFCtocsc3DZ4EEoBDaNHmOzI1hCjWMWGHAZGlDxGAPbESUySFzZbqFp8/sDAkEB19G4Fn3mfVdMRjAR7jxrLUA2AIuoc4agvA7PwxRoltmMjAJEhYvQgQPBcyKi7Bvd4GbA9RHo2Yi2kXRojg/UGMvTVEHNspkBmRhj9n30hWuhLNOCkxRjgKL33wN9ihwp5q2AgC34b0EYSxEwlzChg9Nm26H226/JNPXqP/FyMO+4bWC2Mbv0JxV62Bdqw5vKB8FWrIyFAHgu+HH5mCCr71h7SGE+i+6Iwv2FjcZKagmo0YyMaa9hFRwqIDLRLjIAgNrIpAEfiEmNlAaCEm4Bv5SE4GzdBrDr4Ii9jvp33WigBBDaOI2P8uoohRUfCWAhqSDSSvNhEECiljMBd+lalta5KvdNtbbVjUxQxQCYElW5ghOnhmf7hj9s//bE+Pm/bsniokwB7663Xtm4mLRF3w25Nri2V6cCl95YIiVkJEiekXPJsJiJt6UtKNJcjqPbUAUx755w7mmqfpvk0nzNPtW7NOpBt23Y43r++u8+ptF7TjbvJIZfTfOie4THrsmlVVd3WpWnftu10PE/z4Xy6R6DeGiWsvT09PU6p3N+fSs6U0jSXrW232+Wr0+vz8VBr3doGYF2bSO8GKp0pM/PEfD6fcsqGsG3r8Xys65KIPz88lIS3ZfM00flwXpZLvVRAvrs/XW7Lslznw3y5SlcBRRUtCtflJiqw3ZZtKXlOBHPJau1yfVRDTuV2ux6mSVXv7l4B4LrBlEvJaWJ+vFxab10Njed8eH13X9sKAJfLbdkqEpyPx1wyUVKV8/n+dn0kYiScD7NKn2lKbCR2Ps8G2lSJkwDo1ghgnudpKr120a7uqdlWNZRBYmirKeWckqmWnFLOrTdRVO3uuQkm2jqBAxlKuWA5TvMp5QmRt1rXum6tiba2LSWnRAlzMrVOomakPU+n4zQlVOtbldpRt21jwiD3THs3Jlput8QZ0QS0901Fvci+1WoiqcyUs9RqKlyKqUhbmZHzCQkVNFFBxN42bU1dZoo4gAABIJoQDZ9rBDNTEwRCYIsaJhym2thFGZmZDeQv73/48f2PX79+c71pN5sSm1pTTcSGnSkjEwHOZUqAeU53zA9KM091mlvrTAQKXuQ2Whs58FQyQKbhERK0JaqX9itzImJ3vesigKRNiAA5pzxxSqLVoxA146Tgdkmcl+tT2+ovf/c/v3r7dcn4+fOnlI+cCxZS1bpdet+gt23rZUqEWHsVg6mk2rVurcxZTZdaE2elRBOiNhB7vNzuX7/lMq+324cPz7/45qv5eJ6Pp9P59VROmfL5+PrXv7z/6pu3b7/66utffQ04//DDA/H84fH2p//2Q0Orsl2W9Xg+vf36TVv6H//4/et39Jvf3P3ir76uSzNDRCrP5cNPH55v1dZnRFmvS7OakvXWylyQcF1vqo2Zck5EZ9GGxG1Tm/Jhvnv77iui9urN6etvX795x4hLl5Znv6SUENX7Y0J4LUNgPoVomWpoIBamc57HcoJz8I5+zQQ5ZYFWPFZDF3C6agWcJA7y3OFPCEocaQZS8uyCmfi1YkqIBOp8roUQ1TGAAwin7iRQv1iA7TCQCLQRgNOJTO89EHRkKN5GMhyCZhyXPxK54nvn5MmLBMarmrliNparmD+lZ0Bcbw272sNZxACmqCM8ibDGX2jcbeAi1ZgAgOF15XykK3EwamzNsUfMimf1Bq7ECBscB3poQQFPRgGe/7rS6OrqYxsfMXINTsvibhzqXXXM1IyQXauFgIYhXIEQ/chL2AM7NkZ0IlAD7Dq+CUTlmacwP/ryn3uQuD9lIBxwNGLjQxAUCEMjD0EeAwIIDqlzrAxDM0vxsUOljya+aMVRJfL+A/704Do2H0wc3+2Icw8+YpH6PjJE8xWBERo5yYrOMgdQi3hHozX7PvIvYcFgjoP6BovcEoQHEY0cR1gywejybg63MZ5JXkbY59jX3EgGRaKCxuCHQieGXGlkb2BkCJ0JRhyPp2Lx5WFNFFtsZMVgsPIqQMHu7ItMzCjCs7HjQ1xiO3Ud9eAQ8SAMDtnCjd5xukN5wReHLFPrDlQtZKceyEcu0NVqYCAjjjQXjHlWKnotBDQGE/RRs7G/QAUyq+gAACAASURBVAHR7Wg9KQihLETP8VgIoXDo9AaZwjv54Fn3UT8TK8A1LQOYo3nQ63WusfpjuMH5BDN1LSJZJL7iIPL4z5cNhFaPkZT2wQOLNzcCMiAa5RyRjRqnPiIHrfBySvhbaMimLDI5fmJFXAmR7/UpGoVQw8fB4b4fqyCjjmUP//wxzIbwUcM4GlVjKNvaa2+XW3163q5Xu636eGnPi9VKXVkE16W6j0jt2iU9L/j5ua61MqbpcAhyqTXtIrX2viU3H8+ZAbW3xOwAsdZqYNM0IwBzMgTpBkCoOJ+m8+lEyN6RZl1uXbVJP0zZACjRPE2vXr1+eHwQlKkc83Ro3bosvW/MnDCXcthaW3vbtmqmrW+tSUqJAIiocD7OByRUETWovV0ermom0uwIzOnp+ckM05Tnw3Fi+unnD5y7OtXX9fny2KQTMwPSREisJsfjvK0bIk5TNkNCSjkdkRPBPB8MgAiq2HZpnJIBc04zJRXdtnq9PTHzlOet9apaGMvpVNv2dH2ubVvW9TzfEfM8HWttRHR/uj/MswKCCfFUymEqidGmkmi5ZUxvTvdALiXqAFymedElz0BMBv12u5xPr9jweHentSFCVymcmgIC3L1909vqd3MhY8ytTypGAHMuHW2Rdr3dluVWUpQaqQbmJCJC672atz/kbKDEhFwSg9RmgMRpuV2IgFOmPHGaDKh3JUIBa73nMh3yaQUyFSYTEWMzFDNrXQ7dqBBzbKS+VelCiL117Z0QMkFKaV0qsjHTTPPj0wMRIJGKogkgACcNs2bqYqhNtXOekLm31qswERJo6yrCiT0FaMBOnHn2Mi7yuHLFRbg4LEFHz3owVXdlBuRaN1X4+PTw29/88nJ96NVkYgYEYkAjzoZQa0c2ga5Gfb2+uT9el7vH662KGVwNDcXLmlQ91z3ktF42BKSeKSNT9I5gCGAgTbCQaHcqmhDRsEynlEvTrW1XUGNkQC6JDEx6zeWeSur1RqBk2+3ysKImhKlMrWEqB+kdUznOE7PVtknVrrKtlZBa677mrbduWEpRIwNQ0cwZTHvTV29eK9icSlsFMX31i1+ejufbCof5sFUQs7t396uk85t3h9Np3bSp/vTxY57Sv/zpT89PnzinpoSUuqCC3t+dQWVb2tPn59NxRrB/85tfbNv2+d356ba2vHEhmtLy+Pj543vGKMlALvNU6u2KCJxLxnmaJ+k0T4fXr9++fvNmLnI6mUgjSmWaECoREIB07WpeLOUIdfDRQoT7baxBNZk3UAnC1W3NyXyR2LiCnKly2GBdkDg4awoZirO+ELpzHL8ehZOesHI+Mu5jQjMTZ08RojmUM2IWMe1w4FPYa+UUEQVt1+8GZQgDCVmYr0R5nvplh4Mxjb/UHWdSPDJgwM1w1LahLAjQHsmOuAvVwGhESvBCYAMM4jUuW7BQRmh8FQzCGoea1S9cAxtiazXzwkd/fx3Ev4GrLeKKxaGIsf3vIXRPA37A4LbjPxa13jhIXk/QREwS70PB83ra4qXkFqKM3P/GSUqvPcYozgakKOT1wTTEQYgjqBqpgbuAahRgg6Exwj4uPlIK0XTLlUAuFRsW4T4waiiG4RaALt+2YW4AESCBGaQ94nKVse7igoDhii8hRzdif4wxL+YYyKFeQGTQ4YgZOaD4QgjBiDMxiCEeGxypja5mNgRxeyJBgDhomWBxXVhPA60ZREhr6KA1NC4GkUFSB5AYeb7AjCPTghiRjQ0QbJGMgz3hRD73QcNHhsq1PY6+zRAjCBlVBJ6SiU0S/0GAKOWGIK2dDhhrHNRMCMjDBz9fQqxqI0UFYNHntkdCIFTigf+RPJXsB1bg9T3LMiJ9P0R8Q4Q2h7y9zGApIrkEoorhYIq+hXVsrSht8qdSFQhGzUZSJYCwn5GR48LA5QoCFr44LsWK3USuGNP9AUc/8Vi5kQeBEcUBqAnuLAaiy2X9V8h7AEbAPET2ELGUxUb2mdtBOHnLdxX0yHCkXBAM46nIRToKIxkSi8UZvLEdBJT8xCEEAQFFMIo1TlEW7veAACCokaF4FbCPFoBbY4GCa0Q92UUA2KU3gS5miusml9v26fP66bE9XbTX+elZvvvh4fF5EWFOBZGXrZvR6XzWIXqstTXtVAoY9l57rSDAmBiJibQ3QjocDkyw3J5V++Xa0a2GIHGCujWBnhKd7+4IYG7zNKGqdhV/vZSnXvvEec6ZEhLa0+3Bnj7P811ODGCI8Hx94kTau7jOAVPdltt6WZc1EbW2rdtWSkmpHI9HMH28PEhTBJvnMpU0f/V6WWqXvtxuZno6nk1NVD5//nQs0+n85tPnDyLt1f39V+/eHI7l6fK0bbWUAkC9tsvydDqdzVBMcuKtyd3pcDwcam3bcqOMpZR1Xczw9eu3nEhVE9HT02PJmQBB9HK7tbmX6ZCkGcF20yadoSSiKWdD6F1zKSlNvXdEvN6eAamU4zRnA7ter6ZtLtPpeNbeD2USQEggApzTcT4fD8en29PD8wNTmvMR1WqvTz89k0EuGRA/ff5MaTodDlttzLSuS6tb7+0wHWvt0gQTPd+ut21trfUuqta6dumGCExASN6r2hTMErH2vvUbUvJdUNfWtwqopiK6qVLKM1FBSNoICalg4sTTobZlvTzXtoG0zcJ4AJFTSlM+TCn33pss0zQBJUQiwlaraVftYoqZRGSeSypFepPeEnEqpdcVzEQ7KHA5glprkjIz6PBzQxMxFWTiRFArEaZyAFDpm4n4jaa9mwr6CemnPjiWQaLk8lZEUnXZbzBPYJgSqSUm+fN3P/zum28TFZW1bw04ZSQFTZTQrPeKHUoqYmZmb14dzq9/I4z1zz/2LlvdwExEmZA5q4qCuDpYcGSPEQcfJ1EGigQEKupHCBJzypkzIUrdVDYkBqIoRUJS7ZwTIfV1W6/POk0PH39qdUmIZZqen7bW5c3rO6L++s27w5zrurZqt9vFkCAxEWlTVClzVlHO1EWRQLuoaZkyF75/9eo//Md/99NPj3/55z999c03P/388/3rd//23/+H2mi7yus333TjX/z6rwxs7fj7P77/4Yf3f/zX73Kxcjj+/OHzj3/67zyn0/2392++Wm52e3o+HQ9398XYMNHd+fT48PjT9+/N7Lvvvju/ebtc2s8//ZDmWaQZmIE+PT3mqeSSRCSXufeu0FIq5XCayqEDkSlIR2kJs3bdlltJjAjr5UpkObOqRPcZk4E0AMENq21YxAxdsO6FwgMYq1Pko3g0ftwp6riZjAzED2wMq0cFAKX4LFd3uIM+iima4N7/FJxfNAju37nBUCk7fvJugzbQ7I4e0Ixp4KT9ghxppcGoGViojzw57T6Jg21y2tXGdUcDKAMSknvDiP/oAMng0Y2aIYh4ssCinFURvMLNwr3ayU2/OVFtdDXdBc+RAQBFZ9P8L0IcrObdRQNF4/9fK4AQWJnF37gXB0W7zT1/s3chNQjIaUFIgoNJlz4SkTqx77kFooB/EcqEA7i/mjuU4CjI9sgn6gNUIqxRVTMiZOBALkGg+7PIwGgD4ez07fiTiIqMXqJPeHn4AJsY6CGkYxrVu+4pAuPplTCFRjvKNsCFPzSkVT4ZrvvwEyZAaKw3F1/oDhoHzocRNvm4icZA7YBJDWhAKbDIQGE0t43T1ysfxobAcMCJeBAxwjlwy1HydBFF7tSH0CL8jY0SAcWoePHdoEYjYxe/AyM/4PGUD72N/zdeM0Zh330Uga15XOaWu0jseUOvZsWBYCGsW4d3c+QcI/0LEdf6WjFvVhG11xZtY6M7847JUSKU8j2guCt6fEGFIaUNrYzLboYfgUmsMUWgZKoIIdUxE1TwbtV7KnCQhjDOnBERB/PtglKPowAAFGQfPyfTdSwPUxVyZVwY945ANnR/BrvjMboGUvf4alRMWDAevsBd2mNebeNbfM9DepV0oPUB9kd2KFIxSBiaQmfYoz0JIpKCoseie2xmOAgDNPDWf7anuTDauQsa6khPmYK6NS9GDY9YVDLZGB8LuiciGTRCZKcNBVHUVLHW9nzbPj0v16tuFR4f28eH/vFj/fR53TYDm6RDdTW2IqGWwylN55xLnmYDFbPaOiYqdHR9xbbd0KSkNKWcbcJNISWiBKatNhVFNCZmTmvftuVWcqKcELmL3Jbr+XCcpxnRuvXL9UmsiwkhF56P82nOCXN6vnxu2jNnsbbctlbXLgqIpUw55ynNtdXb9bHWtm2VAAmYKU8TMXMpMxc+H45PlysnYKTr7aqigESUbutCzL239XYrc04JOU1a+6eP7xVURB8eHm+XpUnfai3TfP/qThTX23YgEpDDfNpaLVN+/faeVTghEJ7O88Pj5fHpSXpfa+eUcplU+nK7nk8nJpLeEfnu7pWoqsFaO5nlkojwr77+1pCW7dpFOU1Myc/1Dx8/GJCKqVoulI1XSL127yg6H+4UddnW221xGPDMV0JUosPxbpqmu8P9tmzX9Xrb1rvTKU8FDE+nU+vdDLrIp8+fat1EKiESUO/ae1Olrr21KiqYOHOR3kvKhgDEXbvvXTBlZjBTk+ROoKDSmrX60lObEqeSy4E5qwLnpE6ASLdeZVvW7VmkI2BCdrP9NHHOU0lsJmCdE+eUUknrJgqkicwwUdbeFQxRcp5FxNCAYDrMvXepzVQIkZIfnur1KCIdVJCot86cORUC076Bdgdcvfe+NQR1zQ+YElp4IyMxUVTl+h3MZqKiomrkp4XjKVRTFDVp/aePDz/8/OG3v/6rra61S86zqzCUjBER0Z2R1aCrQN3SVA6Ep1zaNGsXy6m1CmbSWpiEkcsinIsycBOxSPu6Pssl5QqKmJCIVOoiG7fEmHIuBtildwAiIxPKecoFrPe6AhAYPnx8/+n9Dwz4+u3XNJ0pH/J0TtAk0bptT0+t5GMqotpSSky46MJT5kRbXwkTZzXhbVkM8dW719pMkX7+6fPnh9un5+df/OavltrxecllevfN19/94cO3f/0r4nw6n5+eb3/6y88G25//8of3H/78+cNPb//qd+V4d7g/XZ8+vb/+cZrmb3/x7UPJBPT0+Onx4XL6n/9jPsy//frN+x8fvvv+x7q27//8Q6Z6f//qulzyhG/f3a+3a5dtWxdM2QATZVQDaV22um6cZkPQbgT85s3hq6+n+ShATUByJhUzkODEfIxVNYAEAACIAsIu7h43/rhmzPz8B3CBTFButhuHBDYYri0DXYaDekCjULRoWDj4b4CBMXqvepe/ABgg24uefsenQb3BIN7RO9zpoICdlLURGquOzFYUxTjZPwIaQ4jkmuNrjbsXfEkPrKeRiI9fC/QZEpr4bYdKL//bww2LrJcN7xKXFRF+ySU7kvNoQZ0HU4ZByDr8GCmN4AhxV8eYhqHfeAUaQV0AoOjC4A+Fo7E2jDLNfXQHMwiEIDZicqcJcdRogtv5RBsPCGdCLx5H2IszBusYI2SxzQNNaKBhBSDyeYQRXHhNt8XTBMwcEehoG+zt2/zRQ6hF7FynSx4GN2wux/YFE3MfyMeM//P/8Z/8CxzED2Z0rA4kRCAY/ZecGQ4cPbIfGPOMsO8CGyXUQwAD9sWqw4HebaRTbIfUHhWGuNmDBj9VXQWCA0aNZRFktf9+5K7MQrlvoaLH+JhYpuiGCoOEjdzv2O5eyArxKDpiNBhRjY/3YId8q+DLCvKNEnF6yD38zV1sA2EeY3GyBM0esbgnHGL/OXZ1zQ+Etg7GoYNEgKN6O4YwRjwSZ6jDE9Yi1aAhFhsZK58P9XaHOvC27SvYBS3u2T/G2TyoHvGhqo2WbEHhe9jimiNFi/jQl5iv+Rc540tsgtFh2KcW9k+DcT7uyp8QDdJ42ti+Y35epmWIlQC8n26cAxCDOs4d2jMJsTRjTXl5M436AiAEwv3U99t6zJQBuvsnAJBh5Hn3I3uEIb6uaEQ2Izf5/xNboh8sRKEyAjMQhLX1W2ufL/Xnz9f3n7fvf77+818e//GP13/4p+f//k/P//r79Q9/uP7pz88//7w+PGzXW11rr9Xcw0AUcznNx9PhfH84nYlz7VJbUwMk8kIsQ2vSAFSkE7tdOXDKxJnQVCpnKpmZUKW1rTIn6bWuW++99/W2PdW61rZty7VLW64XBGMiQkPsra19u46FoyZ6u12v18fb7Xnd1pyyqNattdZ7b+tyMekYZi0wz8fz+S5nZqLlujiFLWraxMCAOFG+uzufz+dpysfDsZRSa73ebtZEu67b2vtqpr2Lip3P55SzqNa11toS8TSVtW7TlFMiE53niYla61ury3rrIqWkw+GAiUU0EZvBcZ5f3Z9ULZV8fz6naeZUmNPx7i7nDAg5p5Jz4gzA3UTMaq1mlpi7CDId5kOZMoIhKLM7ZKI7FF2Wy9Pz47ot6/Z8vV1F7Xw6i8q2bcttA/HsmaSUDodCvt1EtnVZl2utm3ThVKa5THMBVETjzF1EuiJiyszMSCi9eU5Pez/MM6GRafJyP6mMYIgi0lsFca7GUC0l5lTKdJqOZ85TKsXj3Nbqtt3atkhbVZtzMimXTAkQUyqHw2GaS5kTIaWUyUxFtra12sCMmXNiLwSX7kps672KNGnS66baiZ0BQvSKBFMAa9sKDNoV0YsdK6pi70ym1iycPoDJ67w04n5CMwlhsioaJk6eGYagAGI7IgBhIiI3nzKAlHCey2//+lec0lZ7ZmIiUyUwonAsU8RcCiJu28qAmRNyAuSn54sLUEMvit6ngSDMTFyi9HIYISARGwARcWZCTHky56yAmNmRh+8GJF9GlHJOiVut0lvJk5iB+yDVTVpNKU+HU5mm1pQyfXr4vNZ2Op1P5zs1ur87GaJ2MTVVS4lV1TAx53ZbD8fD6fXraT5yKh8+PL/7xS/m8/HtN1/Nx9PxcD6d7qbD+batZpiPcwf9H//4xz/96U/f//CHf/mnv7s+/9zrzcx+/Zt/19a1bc/r7QoAX3/7i/l4PhzmV6/Oz5fb7brNJW9LBdBS+PWr+08Pny/Pn4lUpP/080+uVOi9Jc7M6XQ6T4fD/f1rVUhcUp5KmVOaTQHUzqfyy2+OyHWrF2I4HDgXMhRTBVR3cVMfUNjP6wA6tqfJwQtlcaAhQHTp/g7onbh3Ci0Up+huUwM1xadHR94X/hjQOcsBTncXkMAgISAeFyJoVC3Go1mUz/hNNPQEfme5hsYvkLheovQUvB5N44/9PRxrqnO+tF9K0T4ysNQgD3ddhL0gDIi8yMi2o+Nyj32io0DgKKcboh+NDwzBzo+aWVBjCAPLuBAgPnOfJ8PhqTkGZICKYCp3gf3YVVEXQGHoifsTDHBoL817DIL1hhGmOeEJewUk7HjGx9iCaR5ijoFlIk7ZQw0MQtEng5DiS8Ne0GHdIARNX/TLTn0Hq+jf4Y1KFcBbNyC4wDzyNgFS9/apgADRwtjnQhNGwcgQ3wREd/APITcPGZvPtgvnTFUjReOULuDAwQONwW4v5QqhsTAopgLM1HXUNMbLg6t9qZir7MhARpDs4QyAeEg2glOXnQGil2yDqXlL1H0jO8Y0L2aHqCAYFcO2b/zAajAauPlaHfDXzXMoVHdD2IfjuVEjFI71uzP/e/AD4qCYMOS3GhbCNpIhMTm0HxoQ4hhPYo/hDWtOD40jkAH1bIg/KJgNTyBPtZiCvITcGhA0Ai1SVBqf5svZ0JBIvXhp5MzMfcvAXXxHKLofMAaBrFXVp8IA0MiNLU3FvqhOMY/pcWz7WFwRegG8REoWp6MBmSp4d4R4GIDh1QNxWo1x2bc10M7n7NUF5kMa1fT+fF5mjkMS7N11fWVAFGaNeDzOJouY3PeW4mj67NVG8R3jOInCZ4hinaATYFdQGYARMQKZkSE2a1ut29aWqp+ft6eLfHyoHz7V6wWuF/n0uDw/t95IuoGaqqgacy7paAibNiDENPk/Tnd35Xgs8wkgXZ6f12VVsKlkTtS61m1V7aBgwDlnEdl6a9LAsOQjQTM1w66i0ntvrfdapgNmUpNtW5jodLo3UUDIZQKz0+lYUs65PF4ftu22blshOvTWREWFEYgSgAFR4snACExUt3UDAmbIOSnismw5ZbNem7a65VRO5/O6LWZ2mA93h3OXflk3Zqp1E+3E6Xw6HU/3z7fn/ukjGE5Tzod5qwsoJE6J+M2bt2JiCH3rtbV1rW3pZvDw9JRT6lt9vl7vTnfX6/PaNm19Ph45kZkBl5QYQImUmD5+fkDFnJjOtC5byjNz8uuROYnow+PnulU16NHmJ5VcYJ4Sc906skltONHT81PKiZmR4HJ5BtCt1qkcDtPcJE3ZKE1dRKRfb9uUs3ZpcZzp9fm59XVbNoZ8PBwT8yZa5vl0vjdtl9vT7XojIyS63FYVYUZEFOldu++xxGnrUm/LKHuD1huYlkwGttUViAlJpKMp++WRkhHVphMTcVq3m3c+qXU1rQRKlhCVUuKUE1ImMiLVJmasxZDYUMzWelu2mwst3ZZMehfrmbN7XBASAHepIMKMOZftslAiJhQV6Y0JAIQpd9KUs5lZvYEZmPbWDSwxARqxX5hiCMRkpiaGxswIgKJGoarVsVWdcREz4pQIWUQFe+IMxN3qd58+vn/89O7+zbre0EwllUTiPRpViTKogimZoRpKz2Tfvjk9Pt8Oh9O1XrdaEwInQrWuo48PBfNFiq4FdBwHhgyg4QeEjMacEBiJEFRUkARc6uvoDZHBWqt1vYFhxw5Ex2nuvSr0LnK9Pnz48HFd/uruzbe//NVv6ta/egXrtr56++r+9avb81MqJXO+XS6i/XSYu/ZlbYkTnE+bKOdjKWlKpbWn+1fnd1+/W9Z6PJ+Wa/v8dH31S7z76g3n/M///Pu713efP37/84/fmV5+/unPU4LzfHj++GG5XHkql9u1TES2vf/px29++ZvMiGi/+91f//zT45/+/Mfz+Q0RnQ9lrRVL6tDXzZZlqVudmZFpyiWVyQAIaVmuifBwvjdDAZuPp9P9G+kdEJ4enz980G++SZy5VWubIpiIGnT0m08VQGkHljgg7y5IJTTFyMJ7LABeO+aBJLnxeyiE9vo2ChJ1+JfsDCXTuOccbTkJHlVuvgD8ksHwxwlVNAHu7bIwLg9VtWhrFWBmXKLqPTzgBZCpAYpFNtmZZtVBKQI6ZQcUvrNxgYZeR0M0P8p/B6UbmG1AfnVS1NRLf9EG/FQEVAEwUJfQAMSAuWAmnlFeygl8wBzoowF4N+7xLy/QgSFMUtc+7BjSpdK2VxCPrIuDbdip3HB8gdBFhdCEXBlhA0NF4AW21zFgJPdH2DV0xE7MvJCkO9LwtpwBKwIm447vAuVHoSx9EZcNGlbR0GhEpF6PEkaNDrdUVAGBgzX1UsuR1gBEiGL0Aat3JZGBURoF1rQDZTMl3MsV3fdkT7YAAEp06bJhyvpFsgUi2WH71yOa0W4z5HMrYKMa0kWOA/OZAbqCJQAuKIF3CgjduG8Kn1fSl+0UEau+zEyEpBgapuhQGx8TQfkAiy/KS19/e6jm4ZCG1skwPLEMPIGA0XA2XJEM0QB5IGgAjhG3gXCRoguG+DRHR6+BBcf2BlcPegCrGG8T8NYGkx4RLaJ5KcyAyhJWrPYyaT4o+859WaA2RFl7rgKCo4oiZ41yetwTI1GvE9mIcPiyURcwdg2CKYgXFKKEQ6gBRKFzEN42EihxypANEgEBzN23dvxsoGHZFu+CBGLDv80Veb4RIB7S4rDwc8TGUh8MPI4dDAAIhLZnAGMj2EswPMSFXxyrTv58wa+4v4DHb2NNwBhAg1H4/1Ib44c2RV1fkCHIVFvbujw+3y63/vBUv//++uP7+vmTfn7YLs9dhVuXZd26GgGXnNBQ1cRUQacpTbmAVgViKsfTMU1pOh84T9u6mbRMqSVWa6piVbrIul5774Cc8gSGTZblelNz3xKry5VRmdl3MScCSOu6IAOmdMACRqnMJioiTbr0Zu7Jj4Vo7n1BTofTHQAzKhjlnI/Tfcrp4+OHdVuXtpWcc5pEe0qZOC1rU7NpKvM8r+tW20aAplUURKW2lRPPc0nlbq513VaVznzwgpTL5bn29c3r1+B+XgBvXr8Cs95bTgUA1/V2vd0AqJSpTEm6IKXr5Vl6ncqcE7e2Su+99lJSStR7V0OyPs/H9XYjpmmaT6c7QLpdL9u6qoGfWs8PT0yYKC3LJraJ9FwmQiLOp7u73nRpXaQb4La1nFOPe0nq1rp0BBOzaTrenV8fyrFp671tauu2bq0dz8f704kM1nW9XC5EgKDLck08lXmeDoe1SpOtqJkYEnsmX1QSwt35tLS1t6YqTldzJgWUXlW6iaBByQwWYLKJmSkREycVFVHUDpQoZQVKXObjHRG1VrtKYpMmTEicTUVBABlA2rpYKdaAp0JAEzIgz6kQg4FgA1MgwCYCZqoitRIRJhZVlZ4KD1dcSwS1dsxMRL23xCxIpj2VSQ25HJmp3p4dOWtXJE7IgKIiGE1/jUMEbIhInAxVVbxEs4dQgU2FnF3wqBRATEU6AXfrCKiKD4+3H99//Ob1u1evXm/L0ltjLKDqFtoMipxUmjbJQOttAcKv373bupQjf/fzhx/rqtq1G5LbfIMgkrH7JyAgMXssbRagKwAeQK+bACAkFAJQIhIRIkO/c4KDCgsEJupSCYto77211jNMdanb7fbw8Xti3NavpjzP03S9rGWeEOfnpwtiBkrH813rm98up9czajod5tvW81SI8eHhkUvqVj989/79+4evv317eV7LfN5q//6Pfzwcz2tTsevP3//jd3/4g0k1ade1opji+pfv/8AlX26381yW9Xpdvp9Pr169egMKTNZFRJrC+v6nzz92OZ5PoP1wnC8PH4gwJax9Y55zOQBTSRMgPV8vtVYuRy7zXDKU+Xj/CtGO8/TunnPemPF0mKdiTRp3EzM1yQndEXggf3bWDYS4KAAAIABJREFUGb1NpBpF2RwioJhaj97riBjNkDDk0eEa7hW/yf/bzEZvHIekBIQEagIGphTql+AU0aUIOJQANnw+kQNux81MGFHA8KT0ErIXxg4J8IWTV1MCt19xgKMDz/ql6KjChuLI2dao2RzBCBKIF9qgqgEHe2wDQDml5TB8ZOYdGQRjh2M/gRmQKniP4cAeAGDegUgUxcQvYudbo0+pgtLIQjhG2al4r86IMAHi24bhZAiLv8B7+8uH9CGEW/ZFcAU4ql4dng3S2Z9UEcBTdl/8a8g3BhMdgEIt+HRS3AOnkZrwoVMwBQ3r1AEG0FCwm9oLDnV1tvnB7hqYgVIIRnkkqSnhXqJMA+u636jjGl8Epu5OgwhgaaDKgYRHd9JRi6uDMVUzBAVgBkA/vAG83nioqAec9lkKWx8b9saBmRxHg4LxGItd9wYRdzi2CqXJYGd9wiGqSJDU+fdAzep6MtPAHl5E6ygcEGAYJgKMxk1oO/ca8XcIRWIpgYHXZAxtRwA2GKmcYNk1rB8HeRwusq5zwlE94DHpcJr2P0N0aadXwAwiegwTOoKNpeg6d8SRG3G+GXyinDMIj/xolR2UhJ8/3qjABfAIo7c8RkLFQEkiyzbyRRYQHhnQH9HXN3pnt0g0oHPjno9Cr+yA0PqBB2kWrUt0D3gN4pzx5TKg7yihju3myhx/CItwOCYx0qxqKupSKL8lw3DBP9d1NPvaxkHG77E8QlQOYThv48vT+d7y40HF1cA+90hujBU5TdwjBXSFpJHnpayHvGiknwzQVGmU4Pifo/cLQDJMHjnflnXb+tNS33++/fSxfn6Aj+/bD989ffx8s469GyCUcjBBAEaGlKbEmQC6NFJLOc05IxE0MBM8Qj5MeSIzW683EcspdxOAzgxq0qpt69pbBzIzMe2tSVtWE8tMrW1tu0FvkHJKmZgpQWKurSk2Tlym0ramva/LzbQTYrs1LIlZt3ZNnO5Pd6fjhIQ5pS7WelfpCn1rt2XVui3bsszToYm0vpghI5lJOUyujBYVbyOGYGK6PD/WuvW+bevSt/ru7TdNesnpeDgeDkcDWJZluV3bVhNzSmld69bkw8dPU84pM8Jyu15v65U4Hw/Htl6JUEyfnx6dJ9nW7fWbN9YNkaep5ExEkHLZ1q3qBoCUcJrK+XgmTtfbRcWIuMyUmG631czmeVYBTCQbTNPpdL4rmQ0IS2n9ptowQYaEzADW6paYAUxFU5rv7+/MQKQjwa1e16Vt23pZt5Lg7u5VyZlMl2XZtmpgIsDMKR+O82GeD70LJ7qb70rJhLYuy3q9bq2hqahlImZqXkKJBgCti1lvbTMVJkYyM+LEk+v+ezchYlYR7Q1MDAkoIRWkVPKMnAkRQFKZrDeDXjKx4do3VWViUWNKTAxshDDn6VDmUiZVM5RWq6EdD7MCsNq6rESJDmTiUTQyJzTr2ypdmRmZ0CoTb+sGQC6Z8sODUlGRVpe+LSmxKRIppwSosjXnaBKhCpp4B97AcFEE5dQGIHAyHYkpCEIOzItuDQB77zknBRKTP/3w4be/+lVO/NwbMM1YKCeRjsTdsBCTCiY0gK5AiLYt7+5ms/788PSYymVtzhk6UYOGSEyhNsVxM1BwBYQgRoyIoApoqtaYGSERsVo3U0R2g1MEEFUTt7k0kQ7E63Jd1xspTPPBDA+nOwT78P2/aH0u88ksv/3m6+fHZwAjzq/evf35ux9AdZoPzw8Px+Px7u3rn//yw9u7A03z48eHwyEvdVHj2229XW+PHz+b6Luv3v3yl18T0g/ffdd7//qXv/rb/8+/tPXD54fvVe0wTYD4cHlIadZeT8fzcTpv64U5327rx5++P0zHN6/fPT99vl1XMvj2F9NzpmVdnh+Wzw9Pz0+fVbfz/d08z6CGlHiec54ppeV2zSknTCaImc1mE35+up3vjqnMiIo8mTYiLBNMBdVuzCUxmTb08l8E7cZshOxYOC5gr+pTBQVv+RQJXzNnjyiYJQjkE9cHEnkiHCGMeUDNSNFQXa/hLKErboLJDFAbN11kv+MWc8AA0V3AdsAyOLNxsYVylwzNzcRByW/Jl5pjMBO18FOP/PXLF44ySIiAgQwM+he3nA3z0cB6Dv9gtykMnKho4XHk13JoNwIjWXCxg1gnDyJMR4NhR6TqG9UQhiB8lDQAKgYHauamlI6m3XFJ/efH16Hr9QEAMRzG3R/EnQH3gtDBfUSQEdoBQy+2DhCGQxIVmRgFY0BUVERn3gcIdtVT8NqO13BUEGCgqyGHhtHBzfMeGCjSiwRi18cjBj71VUghWYiuvL4kTR0HeSFH6Hvshf8G4ACRBKZk/L//7//JgctehztUGWEU5ajI1eYWChmITIhPbKjHdi3MC4O6/y9PeozSbe9QudfaBpO65xJGLiuSLfsfAQx1VYhmfP06jzvIaBqyjZEJGGy+BcIeeH/feSGNi++MmCTiFw+yI1jFF4BuI9NnEAm62JLjlWxoWXxGHaB7sOgJXx+IMXijmfBwCAULxTyEWsRbt0YUG3p52GMFGlHFWL/6omWyiE1sIPIReQd/v0fiIwL0lWb40grBQocYHz42EUaUFBzKyxMMKeNIGXi8YRArOjAwDqhsgPBFhDGWMxiYdzEc36W2Vxf4X0YEsr+jbyJyET2O6pOXZYYvE/zFa8O+cPfFGKncyPMM7ygPn8DwpZxneIf6wRVJ2/G7I1Ik8DqTcdL49xMSAzAgG1ATfV5uj0/rdz8//dMfHv/pX2//5b89/e0/PP/pD/XDh229ybapW5XnPDEXAwBgQi55Tql4PhQQmLN5eJ5KOcznV3fnV2cgqrW3Jqa6rrd1uSJh7622qrVp74Aq0rV36wLSCFz+a2gERMfD8XQ8AaZpPhzmYykZ0ea5BKkBtq1Xj8DR7Hw4zmUWbc+3ZwDzblAm7fn5wVRQYduWx8unZXnW3hkh56nkqbdqZimV8+kEgEyUMk/FoZTUutVtld6nPKVpOpzujscjAyLS1hdV7V3WdWvSlttNxbr0x6fL9XoR6+vatG9bW/1krm3rpqaCwCLdmQVmTLm8enWfUmGmr756Nx2mXLJI39YtceKSTCUzE9M8TyVlA9i2lRiX9bZttW2bqh7mOTFtvXGaS5nPd/clF0RYlufL5UKMrW3rtjJjzllaX5dqoiI2Hc6H0+lwPJrxYT4stV4uF/e7fvPVW0bV2q7X5eHzp5JzSWU+HaacEehwmI/zdD4dam+mXVUAZF1vta6cmDNjFLJY23pvDbycVVRVu3RCTCmBmYp0aZE07R1UVVqrm1n3OJnTlBID0nw4lmkmStr7uq2tbmRgUtu2mHQTpUTMDOQLUnNOU8nHcjBPUaFsy623bmYqbVtr7813ZqaMjIhamEvO1ppKM7Qyz2rSawVtaJqnmdz1tQsY8VS0ddluKSGlZKDahZiQAFVUlRjVTw5Rr7EEIiRGJlQBUPd0ZGLPRnsYDEgIRJSBQEWiNoC966FclyWRvrs/ISdRQcScR2dAZEIwE06USvaShfV2KznlVNa1UUlLreZECznfoF7QheBsq+HgxowglKJmYErAqk5XcE6Jhu5fQRA4ccZQW0c6UNRymjhh3zaiNM1zmqe3335ze3qst2vvdWvbw4efW709Pz0hwrouh2NJTNfny9dff7Xc1vv7V8y5bXUudHlelsu1tqU3vVzW5bqcTwcTyGk+HebXb96c799994d/ev78ftva+/ef2vKpSyWDacrSLRGD0enVV6fz/fX5AUxb08PxNOVJRFNO3/7iXZ4O5/vXjw9POR2O53NtNees2qW3ttW61pySKbatppSYEVTO5xNARmTkfPfm7fH86nCcT+dX03TYlltrS8kguhHK8chEzTTWHqJ5ndHACYS4qxTQr6q4xCiuDDNXUDs2cWLQLxWMcPRFebHfqICAxBgAHN1bkAIZ0iDbXIwc8nLvUeDZfQzWMoT5fqVgwJP9FsNAYmBAFJomfw4dSlgz99GMS/8LWIQWTjr+QV9cpRCoAwJlOQ2HFtQrjvHbHT9DEOEZ0eEaEtIAgNAbRGNLG4AvvghgGB6OoAoBwdTV0uM1AxoGvt0xEPqBE68REcy47qPhxi6G2fXx+BKMxafgF/rtkWZwwEueYvGoDv2wADe8dGitQR36TROiCQdMA+2FTN/9AvyjFQOa6ZfuQTAwkIZ6KFDOWF/+/fHgO2QfaN/G3BgCEoVB2D7DsYqQzCz5INJLVDdE7Y4gCdG1dTxWxf4Jg1H3XMbAfsNlOUAW7FHLi556gGEbgSfwC3+Oo9YrMPULroWdcgbYHVcHYIPdLUt92EeFMg+fuFH3HWt4JNx8XUf2dV/3QGZDpuXqeSBzD9NAgeFSBYDR9MIjAot4bwS5LykqdclShE1jTTpvw4ZmKmZAwDS0O+pNvihWikUkFpgSFLzjNSpFhiQCCrM9kjcjZA9AolICPHx+kcH4gOpoVDdsLY2BiDAsEihYd7fWGZ/j862GQCBqroQKosJHUhUQNGwGYcT9sZZtV8mFNxXG9GowB7Hn4xl3FO8npUY0AwBuVhgSmvBKIk9a6kjf+NY38/h4TyrBEGxCaMwQYNS6RPSII+gxAIgR9zQIGkaCDdG1lZG8CK3lftwlc47DgykVADZCQu5qvW7Pz7fnW/3wuf/wfv3p5/7jj7fHR7k8r7UpYCq5EKbT+WDixK3ULr22lDIQmfa1V5Fe0oTEotbNpsLH4ylNZTocEk+9t9Y2MGhd1roxJ6LUar1cL6wAhl113daSkoIkBHHzMgAkPB/P2CsT1q1WMxPpsonKPBdCWtZFtJtZ4szMJppyWVt9fn5Wldv1CU/3a+3SRLSdVcBSb7VuKxPnueSc1GDrcjgec5q69K1tplZND3RQlNvtertdxLSkKXGZyqTIOfOr+7vM1LtihcvlCraC2fnuzJxSZmIkprqtmbJSn+/umHm5bdL1dD6fABBpW9rp7vj0+LjVNk0ZAJ+engEJ7Pj89MwMBHg8nqZUHh6fPz88poLHw8HMPn769O7N25QzIEjT1q33mjifT/Nat6dLy3litvkwG2DtIlLVyKzWTUQFgaTr5ekZEXu3+XRyEbqovP/wkyG8Or9NeS6zcC69b6reKjDf358I+5RL7X27LSnl2joblzT9/PGziIpoN22tZk7TXJBMqmxr81t8Wa6lZETQ3hXR1QF5SozQqxKlnNgMeu+qiipmQoQpZRVU2RgJMbmhPgD32kw7qjD4AqzamzIBQe+VmAmTMaJ3FwDKmZnwtq4EzEgAcls3UwUwZmRO29q29SIqp8PBTJbrar2nnAWt9k6IpeR6uZoaldmbpCInQ3b7kkQJWES1N8HEQORCaC6ZOUlbVDo6CwXma9vN31WAEqgCkiI5JcGmEr07TEAJGcHA1HrvJTFwUu3ffXj4v/zu357vjz/++FNryvnklinShYIc9tSumUJK6XjI5zxt9U2e6elyecStbhXBmBgMTVVMKW7JwS+amQYa8St5MAuApCINQVzbqNIhgTVVgZSYEZspegcxTqqdCPNEW72eTvdgKNvKmNe1wdYA4PHTB2lyKMDl8OGH763L++8/ThPnzMt1waWa6rbW9z//dDofczoYpv54rWlFEUa4f33Xmnz/xx/vXv+mtvr09PHj0zOms1YmQSICsd5qORwUaKu35fZsCKLURVQhZdzaTQEB0zSlZasG6ef3nw4TS21ffftuW58vT4aI7756c747r7ftti5b3Uop03SQ3rhMvUHCJA35fvrqm2/fvHnFBG2l2/OPj88N0aSvTP10rIYtJ2RiiSo4ZWIAFIl4wABcFT/O/12bEYW9XrJpUfE3vOn1hfYcTCIQkoQgAJgMOMrnzIB4sO/7RRmCavS73xkidz3BSMfvEcDAmF5AHFWNikSDBUXZdT3OJvpCEoewABxqgSjt9bZd0fUGRZXcR1vHjRoLj9TMlUSDJHaJNahDVRuycAuE5vctmpNojpYRDNSMg04LtBVkkif5NZAXALrGPbS5ZmZGAIpI6PXPrqIBgGy4FzY42RZW7uZ6LsNRgeAsnUWrpqjfwBHn4Ci4QBsqMDNFiypbAyMAd0Yh5LAWADUbWisKaGMvYDFYxYCHoQhHAOOBpnVgu5g7h/K6o/xIafiijNJmBAwBhCNMQiInK32VOitHRAMje9uzAW3NwIz/89/8J9hxq6+8YM+jWhRHimTXL8EOjwZ8HHFo5C/NbNjqfJEFGX+yNwPwwY2oxpn94DHHSHlASnuN/RchL0TAwSNacS7ZvGABfChhfxkYAc6IoZzxtz0xQt6HESIB4x85cgEOrc3Ge/hA7QEn4ogZx6DZF9F6jOSIh8bjR8xGsL9cfKtXmnrOQyPjYS8phZ0LD3kQjqgMbTz3PrbDxAbcNcy/di+lCKooRlQD+pMNKO7Dg0gh00HnoF8iGDW0KMMPyO+6Rt2PjjEVIx8w0p1B/O9hbQgPXwLukEfGX+0iIBdE6T6N9nJs7mQKmEpMZDAF+4qKzeZ5LQL0NK8nNWGPUQfXAy+cxZeZwhGDj3hjhA9+8BAS8PAOikPbMyoABOSljWpoyMtWL7ft48Pyr395+tv/fvmvf/f89/9w+cufb58/120VAwTgeT6V6QjIAEm6iMlyu2mX2lYVAYTem4ER8+Fw5JSJCuc8zXOeDjwVStibPF+X5bb01mutAt0AW5Pbcl3XBaRvrfbWI5moBgDSJZeSc9qWlROj1F4rp7Qtty5NVUR7l74tq3SRJgzW6rqtN86kaqqgqIfD4e3rr+7O50M5plxev3kNTL0LUiHOx8OBKbXem7SU8zSfmdO2LZfbZV1vra3StdXWe6PEJU/351d3pxMzN+11W5blJk0eny639XY+33319u3r16+2uvXeVEHVOCVEfHp4UpBPnz6u21prVdGt3j58+gCqagpIKeXj6WhmTFRSab3d3d/1Wm+327ouprJ1meZpmsvpeCpTJsTMKackzqAnJk6n4wEQgJhzccOY1mptq/R+vV6eHx+ZsLXepRJzIibkxIkTz/PpdHfOeTrMc6KUp6yy3Zbl6fFpyjMx1+W2rPV0vp+Ok0if52nZ6rqsRKgqQEicAK2LbOstlwSgvXVVqa2pWGtCCZFQRacpq3QzSymxP0NKpqLSmImJUmIRF/+IkTESp0yYRbVrE7Wc52k6QCruB8CIQCptlV61N0Az7a2tRBRkqmLJ+XA45pzUuoCaKhMxkRMHKZGo9NZaayoGKGjAnERMpfut1ETLXNBU2lqXGyLwdBQRREg5A6KJ9nVx0kRbI0KOHjMNiJgZTGXbTLqn84yIS6Gw0tjb9bgIBw0EVAARXYWvgt5JzI3coyG4IdjW2v3xeHfIgEl6I1A0S0zePDkxAzKaoQKomJqCcsq/+OtfydafHm9Lk+u2MXMokRHBhbRqRGRgqjpy4ghITMkdWgHAFBBI/aYHdgaEKfldTW5uI8rMnBIyiVQVZaJu8M1v/v2nn37QdpsPh2623rZSynGayKzVDQHrtm632+1ynQ9TTvn9jz8/Pz/1um3LbbldT3dnQ86pmEIibm1dFvn2V78R0Vb1ePfun//x/7w8fVjW7Xi6a8u1tRuqIVqXxkQp5TwfwKAtt1LK6e5eRbZtmXKej+e7893PP/78808/Ho8HTtzbUrg/PD69fftGVPNUat2enm+5zCnl091pres8n+bjSRHOd6/Or98e7+7n892b168Z6Xp5JtRpTucj5NyQW8poUA2E0F1T2OlRP8OjM08UgAINhjiue6f8/ULxYjFwHYOLARD9MkEEb9ri1/v4X9FXNK59IgQcFXFxN3mHYhjhnjdccmQSBnOjRixAwG5eF7cXukO9DbJ/Z8dHJn8gNn+vcGmEKAxwRncwoGFI8pJbwB3R+A94ix6I3LiG2tzMgLzybmQR/Odx11dg5NcHNIs/NKMBB4YaeuBLG/8CM2+UG/gxenQO8nuMDoSh0QtnaGAUuYr9nncE4ngdKEKA+CeilyXAIIj3j0M/K8I60kZ0iKrgMVKgIBdIRHYhcDPQEF7FrA/r2BA+g0bddwxc6A2QhvMLjtlFCm1DjGTEmjiKIJ3ExMFHW4Qu7gs9HmGYqqYYNw+W0I2Dx0Yg2AWJTpFH/2obChMNAGtD2IZ7QsxjRhCDkWoLYEeDUo/QcSDuUPkTERgiQcTUMWn72A/fK18PIwk0nDpdZgNDpkWA4vAZAGLXoavCdsY/luYoMhjQcQ9odsG474n9414C/j1bhO5f4TIVAcRYpM5XKwyHqcgWxO8LmNeJmIeVNvBk7ADYw0VPjekeOGO40KDDWNj1eOA9ygh2O9zICo4CClBQ0ijfVQ9SAd0913crAaCit+lCr8UZp0VssngGU4tsByjhi1drdAtTz82ZjaoRU1+LFkcnoBflqFr8ZATDI5jxK9dPCoIA96q+i8w7WODYIhZ5fPDaIdoVRzbUO+OcG3/q3LyfyZ6UjOZpOzGgke7bz7HIQqCRcxWxXiEOBojOfIjE7KUuZoZAyGQGy7attd/W/tP7y8ODvv9s3/3l9sNPy+Vat60DUOI0TZOIAnoHBkBi6f263kybqhgpmGx1q9bmcj4d75hZAXKZVSxNEyUGJkV4uqxd+m1r1jqI+EiKbE6WEkAXMTXmrL3W2sp8yClP0wRgqsoFm7TWNRGD2jTPOTEg3pbbtt5q78xpOpS+rQxECcxQehWzQ55TopzScl0ULJey1fZ8vZrq2/tvTnxalxsYzOUoAL332+2ird3Wq2hPnDklk9bFUk6lTCkVJtrqcltutQkjiKmsjUshhNvtcn1+MsC1bYjAkKcybevSZCPEvtj9/T0hlTLV3nrvd69enabT69evf37/3jv7lpIVhICOOD89fC55yiW7s/TpVDilpvXT54e70xnRqnTY6Ol2Y07n43E+n9dtZeYyFeY0T1Or1XrrKiKgYDzlTbsiMk+IvNZOZOfz2QCWvm6PFRGZ+FAOxNg6rOstlZIKGNvp7tURYNturRkRPT4/IyCAckqH0+F6XXtft7Uv68aM9bnWWkX1eDiZaeuSEovZui2iQoa9bq5nBzTpwozaG5gCK5j1trXWzTCn7MaXtdfeF+nVTHMqzCnn0gwws6ltnl+ozaQ5kQYGZIlTAkRCSlMhTk1EQRNhQTLDdd3ATLQJqJpQLqXMqgqgqGqm2oXMgGkquXU5pNR76+sibUMwJrIuKWdrzRBMFEATg3YhRjEgZjRDa8RZEQXUajURIiJCBaSUmUiaaPcEKGLAfzJVVbFQPFK0ZPXjV5VSBlJ1chSgtf5f/uEfJ7K3r9+0LosKzaUTgapyErNCpUszaSVxEyXip4enJvjV/d2//+0v5w8TfK/X27K2DgCcEmEPTYTLPwN/MjAQMSGKqqlRIvC6AuAvdBKmpomTl0aoiiEiJ85JRGqrbNREzm+/TczX54+sfeMqXfJUwEy0o4E1IeTlVh8+vifk9z++v3t1XpbFrD/W9vbV6fWbtyUfPnx4QLyCcZkYrLz56q8fPj/1+vz2q2+7tN6k5AwAva7MrGpdW6acSqm9ATVTM+icMGea5pwzMc+m+Pz48fnuLk/TYSrXp09393d3p3uTlpt8/vz5ttzMhJlYLSVIuTx+euy9keB0PBuhmL69u5tOr7etbpuI4OPDpa8Ph6OefpXefDsfTzwdzGorxUopCKrWVbwZMJgqM0Nop4HAjBHV/dhDboGMfpOTO1v7uH/JcRnA0N/buLjBDIlf4A9AWCaGnAEBEJNLZNFEPWeP4NhBhwh+KHWRougTR1dSAO9SGerhgWK871LcitEwCXEIJJz53GUkalEvaQBABIZAZqqOCPdiWYdcMJTrO7Eq8U1qYF1geJM7dnT1bPDoe2ZroAeK4SOD8NAIKGgjH+CaOrUxwhQ0qPuWJRoQzMSQidwY1fUDYWweXxJ9AtzLaPQmAwAgUUsD/QdwNYModAwm14ICdrCMOuC442BT2YEnRMzn6MpNPAfx7s1UQ/rsONB1GDLCMxpfGKATEY2DDIWhcoiu0MGfmoKhOjzWsRgRhkN6lDMBAKo33AIEY8dQkFTcm9Zbjbr8R196fnm06F9GFKg/ArVRCLpXkw7KlcKkMlw0B5yOVUGAuPu+Ykh3QjIBAGC0S1qigNtGHOIxgXlDYPK6hpefdeQXpP7QDxm4wxGhqvf3MIuidhuhI7284oiqDQZ7u3O7PmHqbTwCQqpX+4+KVsVBCRgiaQB9z40hogkAgpGoEclILuJ4Yh/bIWXzflIW1dy4B8XgRTyGsePUkBTcYVMH1I8IY2xDjZvCXtIWhmKAhvvO35WmkaIZ0RF4S7J9ewQBYegNfQFHJVDE6hB2pDthoSMtszMeY4XCSJTt/7/nFnz/u5eFn1seLXps5UvPVBSBvZ4JAIaMMXJfhgC4l1DZHtwDAFJ8r0bBM8FLnsC3F8agRHwVtdPxHGq+HHRsCo9hcATNAG7nFXQHgAEqoJj0dbtu7fPD7acP6/sP/ff/+vzTz7LcbKtiYoaUMCuSGmw9nH23VkkkYdrWm8u0cikppdqSdTEESmmeJ8R025at1mk6zsdzNwGmWtu2VmIyAzEEs967gYEKMVJiJaiiSJiIV+k5cU6EYIkZCZr0Y5q7gKiaWW0tJSqYunRimul4ODAzgppxut2uyLIs15SSSK2NzOzz5/cp53k6pkTaTbvUvl0uj4ggIGjkKtGtLiYdRBFwno8pJRU5nu7mMlWVdVlF+21pdavH46mkRAgGHYlTSWLQW0fVddsMzVRzKYkYpzlDmktpaufTEQzA6Hi6E+0psTUVUQVdnp/aI2SmhCai0zS1bSXQrSlyki6m82E+MvD5dHR28P7VfW9ysMM0TaKt9QqqXeXzsnXpTKhNKZGIUirzfHDJ7/W2oNqybvPhmKYMiVCNCXvvANRJtr5lmnoTYjbQh8v9IuW6AAAgAElEQVSjGhGwihAokmk3MDgcD01F69KsS5feeu8tZ0IkUVPjaZoosUcC6201NGAkBmmdOAFBWzdkJAToyoQGJE3AhMI4AUSl9sZE3ZpJY06Z55SOZZrBkAClt97EtNetQhfPMiMCWkqppExqYmomApRzTow058yUGjTp4qm33jqYmTa1CogpJzDULtZbytM0zaiqpqIqvfVWnYHtgAw2M29btSaUWLoqGDCKKrFnvTGVya00td7MhBgBcLAI5GyDcyTjmEMYHEPQSACAPMoqkJiADMCDBCMmIL5s9cPT9a9/9VecysOHh67ECgiQOZmA9OaHF+fEhXprpNrWy+H+1Vd3B6DXl8v1c0oPl2vbOiMokIUvjQICE2moEvdUhSAR+vE0ntxA4kISYUAzJcKci3sPmoFqQ8VpLrW1Uo6ff/ozWU9T7qKApL2riQoi4PVyvXvzdUqZCI+nowHcrs+35VZS7k3W2remt3V9vtxKKoRcG/72t3/99t23//Q//sucLU3lK+2JmYB72453mfJ9W6+XyzOWRJi6Gae0bZVonXKSrrXJ8XhGyuvSL5fr7Xab57vz+fXt+vnTz9+bainleHdMJIep9NaeLo+tNtWWUyHKTLpuiyHOp/u2bJfrxfiQOREqM5WprNf68Pl2zPN8wK9IpmMCNkgJU0Jt5sWdzg+D+8lZlL66u4p5NiaqQ4ewRAHBu4HZoPE1zvwBDDT4Zb+tIUj18QHOt2FUaBoqBhjDESGgme0VkhHmRXAo42eGHgECiriLStzcquTuMw4idgrWnPuzl14/EM1Tv4heLG7qQJHdEIP3s6EvRlRV96zc4WAEOGZfcJDeU9R2VGJ7O0xya0sFRTemdwEPRAFhmHNYOCyNiCAA+viT3WovuPKRN/BpjC8GUwOGXefiJGl8EpCKEHGUYQyRnQ20haP1g4kogltHYfDnBkA6EItD3/Gke6YhYj0jCBcy/1jjwSZHFmVEdF65TSMdETBkhEt7hmBM/Rf/hWYc1ggAeyACGM/hLzQwcxS4giYFTyLaIB98PIf4CSho0QhEbSRwIMYJwf2xxnvvAYwvp+EgOlaiTwwyoEU/A/BY7KWuEkK9FgFSHMYIKA5PEfccnHdeDWAMOw6Hfa1gdG5Sb8ER6Tr/20CkEYd4ZAuRhXvJH0Hw/2BjJUcpNAR/BGYjjUM4+s0NF1MLhhp8nnVEdS9724EqjGgeUHz49uFAMAedQ9VmaoIRjbquZYDZL44D+AKPjtHR2KAhb4yX8R8aNIZvXA0jrmhp8kIa4BefNvAyhTe+jQsUI9RABHfiCl+0fUW/JGViqzvBHvE17rIsA/B8n8UfRARMI1SCfcV6t12EeG4PnUf6jiKA9oPDBZWePvDt4R/2Ir+NGCbatAMgsy8qV15hHDViBkyxLD0qiwMP0S8SjbjVlm27rNunz5effr799BH++Kfl/U/18WHb1gaIlBIAI6FaB0BVIDJk8rZBZMCYtrYh0DxNiTlxPpTTpupVIrV1s157JwQudlsrJVLt0jshtNa2dSNkE2i1cyKiBCC9t95VEDIScZ7nk/kbejpNQHuT1rqh9U16UzVYrfe8bisiTvmArCqmvU1T4UStVUI8lGyYt21rtYPR/ekVAKzr0puYKjOZ9Cq9SSVIRNxVujQ1SSlTLphS70rm6TqQ1lUFTI/z6e39V4fjYavr8+Up5cM0H56eL6pQciKFUk6P14sB1F71KtNcmFPrQlN5fHxMnHvv5/M9MYng+e789PQ4TWWe5pQzqvau2ts0zYfjAQnX7VZbv7u/61t///MHRZwPEyDlTLW2ZdnUlBOpteunGwKpdANe65oTTaUQTdJk21ZlNBNRQ8TbsllXPcwAcLuu0jsglZK7yHJZu7U5TyXn1gWdGyDotd2eb+e7g3URtePhkAop5bb12/rsEYioN8tQBT4cEzM3qWXKuZTnpydRNdTevb7IQAGJc2LXiYAZMUBC6cqJvRtD7x1UqigCJs7MGSgzFxGxhJyytkrkdzMQE0MC66ot+lhQSiW33r2+raSUOU1lMpGuMM8lMTdpxCQitXaRDqAi0msVaYkyziS9S2+EpNrbtrhvmQESc85ZRQCMUjYAZu6AaSraauIk26qqislUpG7WNlPxgzOX4r09VRVMmWg3FonbZpQtmgTT6S7PSAhIwXghqXY04sQi8s/fff/X3765O5669euyAJSpZDdWkl6TlwOLIPTeW8mp1fXyIPf398Z4n8r8qhDAAyy9NzA3oulOFwE4+PH7Wkc3dJMuSBREdSKHIQmZmcxQpfdu2aybAhhrIkIkFJHpcKetXp5+BrD1VilnImIiRNUurfVW1+W25lKgq1ei3y5Xrc0o55LWraKBadcGVJiZ8vTq3/0v//c//MvfL5fPOJdMdD7N00TP0qVv6/XxeDirWUqcE6tCLhPnrNa27TalOzGbeDZFNSklv3rzrta6LB9ymr/66qs//svn9fZwuy6c0+l07F1vywJqJaW2LN2W1+++wcNpuW7MiZjv7t5O84mI37x7K7WaLZnxeJx/+vHzn79bu0wm6f6uMFGrDUQzU0qkYGoa1KZfZgwYYm7asSeMmi4mZ0pDAfPCDu6AFAYE2u8gDAgX14+Lo8NTf4DtqC+wKFiLq9351gFGh9bDL/hgfodEyWGYQ+xAQoOXtCDWJRDAcOxBV8Xu3+gnjkP9wZcZgAT3RwP5I4B5T3rdHUcDiTgZGC31jBBUiAgRRQUdgIEPi4GR6aAERwRkIyNigx7fh8/1IKrqFkbsaXeE6DUUeRodI63xyDp6LGiUF4c6gQhBFcnGYwOimoKYCwZeEMNI8qC3ft6lLIHXQu6Bgc2CezUXTY8owEUbAWgs6FOIpAx53UEEf6jmfk+hpYk1EuRk8PdoLmUYxuRe4hsNxYLfBv+TETNhuNiqojeHsiBV+W/+j/+XI83QhgD6InUZE41K2IgnRlwSuoqYA4+JxvyGbY6PyAgoAKPfsWvaIh4M0BmCq4FnLWpmMeKq+Kv42S+wudkA5/FPABg91cJhP4bQb1Qcxbk+ZJFXiK+xESLuWNWfOLC4k7z+DB6lxtUxtDweWgCM7RoF955hMN9tMWdeu7EDVcfVIbEJ/TyNF/Vn8RnyrFYcAxSHBI0VChFTQkD26NoWMHd8HZj7WoJL9QPSj6AtKkMibLeBxyF8sgE1REHBpqt3OovTzV9evRuaxxmmGEa/pGA2HHht74mIPoSxB0bBM3gWMpYcYZQnj4hWQzjke4IAvd+CL3qfIoxgAiPw29kS1Tj+RgDoKdoXEBCtHdA/DfYkFvLerw5fHH8N/eRxYR2AoKEn7Q1AwGqX5+vtx5+f//L98o+/X//r313//u9v3/3l8fK8mFIuE0BCSmvdWq+tdUbKXBhZRLe2qXQEUtBuypSmeSIiQuZUmsjWKgG11ru0xORlwR1QTGtrALb27bpcqzSVrtoxuoKaqkkX0Z6YORW1LrKJiDnr2nXdrltdwcxEEQSIiMr5dCIwYmBGUzVV6VVVmEnFEqe5lKkU5JTSpArTVLr0tbZ13VRNoWs3UKjSxNTFl2KgClRSmubECQEK59f3dzknVSPk0+GICMxprev1dl3XxcxEZFnW221jxFJyqw0JE+d5nl6/ukuZWm/SW8T+vakIom51Q8TldlvXpYmcz3eZycBdI80AeuuEWLcKhimRAirYNE1IsLW11S5d6tpaqwiG5PvWAAiJp/nw6tXrlDKn1FqrtRNzykVVVTUlTsSplDJPAAACqpDIm3Ubp5RSORxnEWGmeZrAHNQrJ85TFsDz/flwPCZOaEDM9/fnutXelEou0+T66lwyEyBYmlJvrYu0XnsTX8RMBGLlkIlApfsEmiigUmZiFpHWmonENafIXIgn8CknnudD4mxmZtLrKrKZNg+SVcXhJDCqKqY8z8dSJs8mmapa901We11vi6q2rUsXRVND6SLSiLjkAgbuLasmUpuoppQSkqqAIRGaKifKpYh0WVc04JwAQaSpaJoK5YIm2hZtGzGaIedEOQN4K+sOfqioEpEiuuQpeEU1UCNADLAG3rAXVEXU2z8BACOpyLJuBPhvf/3Lw+ncakULm3AE84aTBgiqJoIIZrrVBgjI/O7Nm+Nh4ozP12sT7SK9d69CjgwjAhLgyIabAhmSq9ABbG/OAkEeRbpEBVCbdENlSvPhmHMWhVxyyuny+BlUVH25zmbWW2Nm7++X8vzm62/z4fjp5x9TLlim5brUrRri4XzXm6goGk5lur87tI7/0//1f1Op77//18vl0UwPh7tf/vI3f/nzv6y3S609lYkw1baadUIE4KkcS55TzohKRCUVNbg7nZmoSWdIp9P9fDgYYGv9/tU9gnZpr16/Fm1b78xJRO7v74mTquVpKtOcypTLdHf/+u7V2/tX71I5nM+H8/lYMjw/fUaQ1hsjzWValg2JDWSacJ4SoYrXjw92D9HLPVwwgcEPmcXdYs6/ej6PhgzbaECHuBZ8xsNV2qHIKDM1/1ENNa296Gn3EHTPRFvosCP8g4G8DAY69y+kQE6jXMTEYbUDBgokjW4SGg/pgDHClNDimiG+6MNfUMmOKpy2c62En1khFjBDEx3u3f64Ntqh+itrtFEbeYIYXS/fs3j9QZpHKZ8rdwkMNZxJbNC0DgniA2igVmdKQ1IRAH3ULgfWHPWCGK44iIxfSvrBAJGD8Rwj4SXBulPM+44bICPGInBZ1DhEf6gX2O8AI7Q2HmuNWY+pHBEHxWuOXIHPSmhx/PcGWexLDI0RCRkGMguohkRI3mIoFko44u8oBgAs2Rc1ExFM2iiMHtjdRpcKZASvjgpmGF6Y7Mh3gCcGwiM/cHGAbBjBZziX7nUq/tUa4qsvdHWxb/YoLFaKBaeM5iZuhh66Bl/+5TyNtAaOc3SQwASmYwF59awrRob4Gxzg7i9qA/GBR9UvuNx/0DCwJZgpOlDybTwEfAaj8Xvs7Cii8BXrShoahr7o9j+IBm50PwK73WPHdxca7i0ObGcEBnI388pdx/URi/obEXtJvw0b0cj4jSAoMh/DlSve0b8Av9C7QZwfFoeKjhUW+VA/aBTUO2Mgvqxe/2Wfp8gyxPwGuhoBF+4v6Mo2b/cwfoAQ0Nt9xtEZ5AXtCZoIXHSnKiLcGqzG4FzAAPHFgcB3nIGYAHkjlPHe6I7+GL67HMMXkiAiA9xqvdy2p0v7w58f//H3Dz983z997MtVau9b3VR1njJ7a+h4FGMixIyYEJBMGYg4TWUGMmi15KLWa9eccFseFYWJp6kA0bos27YmpMN8CEmKiFlba62tE1NvnZGYsNVGzCCgBsyJmRGhi9atoUFOBGYqsrVFVSDnnGbnQBNTymw0ayczYWZi3LbVwGoTIjgdDwx0W2+cuEsz6F1BRER0nufEk6J4u7JlrZySGTYVpjyfDoZ9a71bNzMrsLUNGm3b2rXnnBFpWW9bq71ux8M5MffWpauBLddKhPd351LK9bpelitqb71TLmLYtlVtO5RyOB5LmTjzulZkqq0b6qdP7xMzIrStLdsKaqVMfdu2uhET5bTVLefpfL4TlVIm6SJbE7Wp5DRlFVvXFRFFBBN121ih9Q3EkDgX5sQI3n+X120xVeZJl5t0VYFSJlHuvXUzRMpl2tZNu6Scrpeldz0cDvOUkc0QSZMq1tZ7b8tyM7N0xd4MADJQb11ab70RIRGJtPrcEAyQe28IQJyI2Fo3MxwGHUzEKRkYkPTe29Z67yZKhCmzWRYBhz9EnDCVdCDMBiYmtW1NNlVBM9Wec05pdpcwIvNfcX65aQdkDPwsXUyliYiaSa0dbD6cuoqKQGJTExEGJEZV096Jac4HU+3boh04s5n51Sa9o1hitowKZEbaOzJiKqpi0q13IjBRIDYglTgAARDQujSIBupoqKpmokDgNUsOngL6aPda28hrOjhCQkhq2z/++cff/Ztf/vLtG2aotabMGZKaqEECzAXNBBE4kTQ5Hg5N9Pr0lBS/uj+KrL/7xdvT6fbn958eepcmyEzEQVgQSus0WLNh5gdmSINujrtTvVcTMZOYupaBDFS6AqtpE+lyBRXOGYFTySmx9GoAvXc/fXLKYnp3d3c4HZlpOp2Ox7u//P6fpfV3r16v8/z50+fTYWbE1vV3//H/sdX6p9//V11vZZp6b7XJhw/vHx8et9bVCDlhzojcVbX3nEhRFezV8X5rV0AmymDYWj+c36Tc19sFX726u7t7flxSnojMgBPyh59/wgSX6/r67bs3X71ab7fj4VSmGZmXZRWx+1dvVel6XfJUj29eJc7nu9N2u5jp4+Nz3dphTpwhJ2itXy59nrgknTIQJfOuX/qFM94uN4lbz8AobLZVyfAL3diuBh5wSsNbHhDMotGOqLmylt2oMOxigr0GNKQUrD35yh7QS4drpO3ugk7zG5hG8bc5iUov3tNOkRsgu0yC3PUnshnjU8FVAwLg/nyEwzHecTqZRuUbkrvl7my8/1sDZTn9ZcLIZuLYwOUcLpax4d8DgZTU4bZ/CAAiMOwSmmGFRAMyx43u+caIYHSAENdXRG+0gTwJBgXpqX6KnEAwjNFtKsDingBUNCZg8DBIdMAEdC7eQmDlkNbVLEGiI7t8y5Gc7Xkax8tOdEIoiwaWhCEOGuy8J1p2rh7Gr5hj/IGhfTkOYDwMZAKqOH3sJAEbyODhRyZhiOmjJgPBi4T5P//Nf9rDBZ8kXwmEjEzgcqQYcQ+KEQB5x/0vRDsCoHmdgL687SDaARFjvyC7DmgA/BeMTkFshB/8HssNaVZ0Uh3+PiPSi9jRudoIW4LXRxw40SMwHeGXGbljFe0OlPYSmAXNQzTKPHewizai1j08jmhhFxTFTMIwKx2ZQX9Fpf289iVAZhrl7Ts6hcg8en4wIi1UHPtifNNL5DleFwFBd2I/ZGmmYVIZu3YMfqB7BBrEOUQ6M4JBRkQKC4MIZszAK9pHkKeGYKqxvWOhxlBB5CAQvpidPdMQSyhyKBoaIxgyx6EYi/zpS3oykgQYfADQyA+Q15B7zMpIri6E6PnzMkBjC8UW8zW2LzU/00aK1seZIvYMab4PZfw0mvcqZ2aPOmrvD8/P3/348Ie/3P7p9/X//Lvb//nfPn7/3cPtspoIEjMlfzS1jgBEmTghEKekZmKiokSQOB+n86GcSspzKaaqXltu1HtDxNPhVPJsiA2VU6ZSOuJWRUx7q6IqIgSUKJEhM4FZa2JgnNhzQSmxqUqryckdURd2uvqv5PLq/s1hmjglM611NdPE6VCOidCd+BXUoBtoyblWMbDa2tKaDyMhTVPJJZecuzYTO+SZMzdVJERGUWEmBFS1lBIlv3G01SraxFqtVaoT1WZmrdUuCoCJkZjneT4d5sPxeHc6HQ7HVquZ1l4JOWUuiZlQrda6LttNpbW61ros6/V2u6y3a3e3nLW2Lrmk4+mYSnI+GIDO93dEjGYmdltuatCkYSJDar3drrd1XYi596pgba29tZRyl55SSiWpWVdprfXeiImYEQgpgWHilGbmxAaYyzSVaVk2BkyZ69oV6Xy+OxxPpZQucrncVLT1XlJqTbZtURAiAiBmrq2aaXShEW21qUgiTIlEOxOUXCgRASQf5y4mQoiZGcgLFE16RzAm7GHsgGYkBopY5rlMB+KMxGq2ta3WTXpnRGYm8AJKyjmhKQIwMVMyMALiRMw0l4IIIq33hkNTAQhcEufiQ1RyQkATnUpGAutde0+Z1cQMal3b8oyJp2lW66qaU5bWANQvBSLW1kx7ygWZQCpYNxHDbgrEGTkTEDGLdEQUE1EhJk4ZAYFNVSKhB24XKK5RNusARpQJydkTC24Jc05+cD1dnn791evT8Vi7gEIiyBmRSFSZ0bzkBtjAOCc0K6UwmoG9ff2m935bqpitW/NQhTlFEtJ7uTqDh+wujThkzU6ykLdmRQMEJCL2R4KSMgK13npvZJgIUaUbHO9ORARmiUhUVDuYdRUmmnNWs29+9W/Wy+NyfV6W5Re//je3ZXt6vuScW225zPOxJMLf/Yf/21/99j/8/d/+v6+Xj6nkKXHm9PUv/o2Z/vFf/7uYNmmpzAjQ2momTJinSUCnab47fw2WAIlSrt2I+e7udZNeUuIEnz9+ujw9AvSScVtvCPb49GjSEfX54cG0Lpfn2/V63RYRO53vy3wqh9Ph/KbMB0r5cDoxI/auBsv19vjwKad0OE7ffH33P/327jd/dUzciDdiYLLQ/cTlu9+goSuPUXWWe1BUOw+okcnfRbEDGwdZ6Po6xxwAe3oaonIsWDRHO/HF/n+0M404uEwmICJTHdZABggurRnQw/8ZoYlfVBTbzAb0icfA0bXLbGBNAgq5UehTXOKEoUoHhKhFBlX3wfbIZCBiC3Y4aEPctQZEQJxcRU8EQN5ZBuIDBgjxKvwopvMRiF8ItIDRhwFp9BAKS3czIkaMFL8P6I7AfNsM3GkIoEMt5eAFo73bbiYe1cJmMlC6hRkqYTgxBoYKJBUgDffHG5DepwQNkcgf0QE7OnNACEg8ihXHiUIvaY6dEnUVhY0cQAhLcCQGBmUqtHc4CMcfegF14IKPAfoGt+uzl0IT412GnWwA2hfgC5tM5uUaA34hflECg2P+yUMr734Va3VHzzvfP5q3uc0lRHNiJPCSVDD3GhpNsQKa+cKVmNRAuS82RP5viqhHnSiCIcgbvA+hG7YJgIJHOBFc2B5sG/n6gEGEg0GQ5PKSpwgA7pQwDiC5v2SEPeD1BxaKsKFKswHoMcDsyIEhqK8EHM0JIOrEXSM3eu4ihI7QNBSM/vH+g4Q2yKLxSH6zoY0YY0+44R6EQKBr/0k08nvaLZE9jRS2BF+OqA9EZCu8BsJZCX8Ld9mPWgefUPU9gkbgstfBbgCoych3OvqPLAl6MA0Rj+EIfD0jC3tbYwDYkzqqhuJZLxUB8zQZQKRBwI2TDdBMycgPilE8Z0yspgAyzgfbuwRER7Zh2OeOSh50bK2t2/r5cfnLD5d//P3z7/+0fv6oz0+323WR3okzMRkQMycDRHKms7VuQMxeylmJmBOJ6ZRSSujMChqB0jyd17q03nMqscuYoUNOpzyXqlpVgaC1qt0bgxN4KZb3U0FFEMaMACKtbjewrGoIJiZdZCo5ITFjb6S9mumyrmTS+2ZgxAwgUvt1W2u9MYEaNOlgwpyvemXO8zQDkZgt2y0hpDTN09R6q7JtbUmUOXGBqaNtrapY69VMVCDljIZm0kWAUm/NZRcez03lCAwr3ra6TinN86F10d5q3VTautV1bcfjdDpOYKX3fr1ec0qqfZom6a1utXVp08yJu4h0AYOcCzO13hDpMM2UsbfmFlJE3m3gflm2ta6IgB2JIc9HUSEkEDgejwCzEUx4UIDeJSEyMyAaI6dEENqO1vrEB0RSVUIhYiDUrh1EOmQiU0tIp9Op94anXKaJkIhMxFQhpcTMRKamhHQ6nLrWum1IOXE+ltzqioRE07ZtvS6ZCImlde8TQohdxMZYcmJK3LdWpWv38gFxQG8EeSpegtWaGvM0HzlNnLIhNzPoXgvCObk5ZjXGZgZotW3qKyFxTtmAFVEFp5wZGRA7VAP0CA9k6yq9iapOx2MmquvmWMsF6WiWMk1TaYt0FZHqW09BtHfrTRH9OFEw7cIlqfbEOU/HVtfeJDMpAQooAKVMKZuoqYa+1h22/MpDHewAgAkQm4gNPwhCRmLTbpyIorG9qKl1Spkomeqn5+UPP376X//Dvzt3/Pmnn+nuRJRzQlHtqozUBZBQALV2ZssMJr2rvH37+q+//fr7v3z46ny3VlvrJwBQETVIpYgIEon0cYwbACCRuT8YEiKICLj3IqKoiXWEkNsCo7bwl+yqpeQJuTXtreUpiepWK4BSytQAFERke348nu/zfNg+fqhyu1we3377NaZEiXXbiBmU0nz39S9/96d//UeTDYHb2jBDmU5f/+LX73/6CxOuS2PMiM6GgIEhZUJ2i2SD2nWprZU5H+cZgZ4eH9Zaf/ObXzPn+cTvf/zp6fOnx0/v3717o9pPb75qdXn++POrV3fPj5/vX93XtfatmZjdvy1TytN89+pNOZ6222LaT6fXclsut8vPP3+4LYuZHM9ff//jp0SW58PpSK/uz5xJ2rX3jgAKnd0BLtI7EDSck13oZTOhhBhXdLiEort0h3lK/E7UcsKQyyJ5Fl4t3BMx0A0AYDR9wxcy1Jz3B/egAXchZJ93C/Z3vw39kh0VggOcBss3aDuIq9LfAd3kx/vZYFyjjvDABEdpAxgwDkQT7tagNNT1Q/3vanIkRCL3jjFzuLMzjcEnmzeVRDQ1MeChZDAQQGefLDCArxnz93IOnjTwkRG5aQfiS/cx/zQApBEVjBcPxtFfP2oiRyRnYEROfDtT75+FwX/G5ziFOwDmLmwxU9y/LiQfYBAaCQfBYzmBAZpjUU8ZBCQnABvkpY0wMFTeBsN6yfSL6g5DdWmEmTvajC8IiEfopwHtxPDQbwVmRYgK40Fl8t/85/8UgA+G69kAdsGsB2uLuJvkaOjcDNC8gyuO4GNEpHtg6jENka8AJ7Q90B6JnIhJRpjnT8kRGOsw+MSwVXGcbn7+R5s6GJx2DE18zGjJDZFBjXDd3zGCNc8zBSk+1Fe7kmfsBZfQ75XnUXwTkD/Cqgjch8rfQe5eH6AjIWI7tWwmEBEpwItonWBodojQ22gAajSa9iVKGBHWF/GuhwXDNRKHEy2AeSbBTaP3Oujw8Rw731R1DG3o77yYg4xheEtxSOciVbrvl+D2fd1GGOqh48sQW+j/Yuj9XBgZTgAAGn5HHnYSuOkavKxDT8pGgBFnG3kQYy/BZVATiAo6apTMPPCKJ/F4xAz2oo7BSESWzVW4bt+gg3QxMcUIpn3F+PHBAARIIna9LR8+P/3w0/WP32rz99IAACAASURBVPW/+4ftv/3d4/ffPV+fV1IjSrmUqRxyKoTU2mZiTEnBWu+1VdUmKqCY0uHu9OowHQBBQdX61ltt67athsbErYuapTSpWWtb7dtWKxBhKk1V1Vqr0pUGvyBdeqto2ntT6YlTzpmYzFoiNBWR0EaknMxs21YinqdjmTIzMiVTYaKUC3Ny2rmqtFYTJ2IiYlNQUaaUpklE5uNkAMtlySm7WJaBvCdrSkm6tlZbqyK6risBgInPRe9dRMwdNBG7dFVj5pKn8/05p1mtl1SIICXOKcXpn8i6Lsvt+fa0rmvrvXVhot4bESZKKRcD5JIOhzMid+2GVKa5TCWlxCmraZdea63rtq5LyiVn3tpyu92QeTpkA9jqVreaEBOnuqwinRDXbVvXNZecpwkBatu2tfYu0uu21WW99dYNAJgtGsaw16aBAaeUOCERmIAaEmpr0psvrG2r67Kst2trNeVUJjaV7bqaWS6p1wZIp+P5MB8T8bJdm2ymVtdq1pVUeu3SAUDBeqsGpuImvzDwhRJRb4s28f4AyIhM0ruphBMFc0nzVAoidu0IkCipatfa2iZ9Fd20VzNBUBFR7X4eiad3iHMpid2YUkU6gvXepXcV7dIRiZn7sm2XxcxKzoAqraFAmrzX8mZqpRSpVUWAEgCCdHY/MENM1OtGzOVw7OuNKCFAXy8pZzTR3sQ6AadSEJOogiolBNNh7uwM0UsNn5sGQmgf2ESJiJDESV1F5mFAEUgFVYQIn5+fXx/L+TCrXxyqRqhiPE5oRK8kAEbQ1sEIjJbr9XQ6vvvmq1SYiB6fntW8Q0WQvuM83Tk0s7jhkYijsG8wKFEFqIrmryiu3BXpgJZylm61VVMwld6bmU3TjIpqCoa9NxX55te/W9fnx4cPiVJb68cP76cy/eKbr6+3G/Ra8vy//K//2/Pl8fPHP1vfHj5/Vu2H43E6v/32V7/907/8j+12BeCUkiGKtN4qcTLwYDuXfCDORFTS/PrVu2k63d+/ef3um622kgunfDgWa5WwPX/6/Pj5U20rJ1ci2Kt3byilZdnMrGubpoMqlPk0zedU5jdv3715+3aeyqtX95mx9bZcF+0rYE9M93cHsDVzy4VS7iLNQJFdCqrmgtJxbzu8HoyY3zZRb+Z0MY4LZ9CyAHsqJqCfa3Pj4wJh+2UfSy6qEKObcICgIJIRwUz8IiMGiMw4ATgCCwrUIDRhATkssG3gq4B8UQnqvxa4yHVsUcY5SjMBHKbift/DTuaFRpkoAbh0J9QTGH1miWKVhmv4/qG+PhGHi7ZGlgAk8Gg8x2CVA30OJMcIu5rBP4tpl4lQCHQ8H0LotaRxk/t/Amw6JT7eMmAzEXg0Eaw5okt9NPjLmN0oEVdTVQkQCCNCdEXGFwAIvyBowSM6+BKouTX77hyJwWl6rgDQTxuP1mIsRjWsucInxhUDjAHtFSLjw0eBK6BGH1Kil6bIuJO8Hm7w3/zN/zNW9gsZ7U3bbED0PTZyOAXDuHKX/vhEDNQfjHPYS1EAXwA/u0Zk5lslyGFPVfm+GLA1gBruSY+IQ2CXFNlgiX1Rmn0hlwokD5FagfFctq+72KvjqYe9vkvwJSzyY8P4hbEfAh5dhEBlmL+P+HVHqPvhMOQu4D0UQGwcBxChgO8aPwnQHbCIXj4gRm9E0z7IGLm2OHTcPRhiWPegNybDB9a/0Mdax3x5xP6yYn3K0AN7CFz80vDaDWuj90dsuEhWu+DJjwSMSuLxxH4gjS3iybcw0HS8TpG1GLmt2MauvXNQT5FxsiEHQ9wjA78yYR8dGMUeI8ZCgv142gMXD1Cias+jbVAEz9qZQXymy7OYOEJHADBCCtXgJn3btofn2x+/f/yHf378r3/79Ld/e/vjH5+ePl9a3XLKiWciBqUpFwNqrUlr/hRb3WpfVTqANWlqME3z6XAGgNqqAgBx3datVgNp2lpXQ1ZEM1DRZVvXdd16U8rGqIa1ttYaIiRmpytUpLeqpmoi2ksuKZGJmnpU0E0NDae5pMSZGQlTSpkLEEhvaEYESJymKefsZZrTNKeUp3KY5jmlAmCcc56naZo4l3W5Lctlq5uCesaKc2ZKHfrWauvNDM2gtY3IW8W6zbl4kOllr6ZgRDknA2RCVWitS5Muer3d1tvSRWurQDalxCnV3uq29V7BgFPJOSNhnvLd+XXiRJkJSaURweFwyCn13vu21brlnKYpl6mAB1yAuWTvFZVLEZNlXZbrsjzfzNRMl+fFXf8dQ+ZSnJxvTWqr0sW3dutiBjmXnAsyIyAopZyk99armU3eapWTIvTe1mXtvQOTqPQu0ptI770aiKpJ722trfWUGVRULeU0TSVTIgSF3nrbtgXMkFGloxkaMmc1FZGEKSU2Qy4ZicwEVKw1UyOmlKb/L1X/2ixLklyHYsvdI7Kq9uu8+j3oGQiCKIr3miS7smsmM5rs6odIImn6nTJJH/XhkgIJkASBAebV093nffajqjLDH/rgHnVaMwb0dPfZtbMyIyOWL19reZqV3EzdYJmPyGBpbRERFikpaITbGNvRbcAsQrlinT3cG4vIknMApMluv++tE5HaZq7hHh6qVjQqMQmJNGYh4bZ0d1czCicR6TvpYu7Lbgk3XVew9GWBKRMoPBzcW1+WsW35sHRd+7KM9cgcve90PelYmYhJpHeAbFhqVE2VACJmEUcUM20AGELJwNU565GU2SQNkOnTTLkVZP9Rwu3hdDqeTn/5q2++/OrVh4f7EkrmJ3G2UhkBzs1FWhJbpubwr796Ocb5fD4SLcFxPm9mGTfqaUlIHXLYDHuYZmWvEaO5k3Mgv0amBRYT4uER3toC0NiMiEQiwsAkrZGTmroqMUkTaU36/nx+ijGW3X637D59+ojQsHi6/3g+bXcvvpHef/j9P9o4f3z/4Xw+X9/cXN88//4v/6VH/MN//g86NiLZ73aPpyNck3Y57K9aW4J5txxImki/u33B3KTv7l6+vLp+9vTw8OHd+1dfPH96ePzxjz+s50fEyOmED/cfH96/JffT8biuawDbtpl5a51IEO3uxVd3z15EUA4IPx6fjo9P7g7oh/c/qm53NzeN+Zuvbp8/52Wn1zey2zV3jdAow3WCImBOoM1T1cvbSu6W6JAqGT5QOlEQOMLyZ/MkRUwOkgqzFp5FQS6qxiwAns7PwqD1Mfgl5irWPU+ioswmHLpUKMVyU+HznChXxy7zXDbViQeYGCz5vUE0PZYIZLI5TX50GlDIwQXFikPgSxgIJuUWVTtUvXFBeemu9rhIGwoPUwpkiC5a7PRN85TIx0X6UiiOCw361OICcE6IOzEiFcc+zax52TTp2LxHc2ZbAnaat7xIfGT8C8+qLD6jRgby3Z+lQV5fIo/LA/8McTEBMOob/wIx/6LyqKopgWTh7CkBYybiGvOUf3baiEsBkkmbVFvNpKWz3vPZKeAZaYMJrhOWtVyU0x2RD9ITQFF4UEvqoWRMVc+kjdWIy5mRHZJLtVZFz2RrAVSC/8xayS4zCeoNm1VBNlhLiFbJL1WzuEdFVhVa/3yPU5sGgMqKTABF/kOP6ROPWV5e+mwIRKa7IWdNz8itauBEfZv6alFO2onL61HP9lq1Dma5A1Dp+tMMH+Ec5LMysHQM/aK3iyDA6kIjjKpeCWRaFYOyDoEFE8hDExoz0sdUBzQyUHfuMRFBEFAO5opyrzjlXF/QbLx/rq4iChznLU8KnGdo0FxeOX8gUEV9oFYFl0Yqa/TS3aWGZ+4s0w7AlOmbjABZjaDOLsV8ClW9OZBKIeZQy+o7gX5g7qG17ZbLJ4VO+QaCmS7DWxBRSRup2woo0AgUYYhwKtLO624huYZUxWWJk2JuEG2qD+fzh48fX384/fzG/vjH9Xe/e3zz+qiriTATdtLD/axP0rtHQAmgoVuEItw0EgEINUIzPzq2zbeznutVcrfVbUvzt3gEWLi1oWM7b2RqOsBou8Oy24m0oQqEMJnpcGdgs5FJmkwkLIEYOizM1DonqWHEFKowqUowMLbNto3Iww3LFQPn9aznp13rV7srbk1IeDlo2NhWIuwO+3U9j/Wo25oR2vA4HPYixNQRPsa29AMsxtjcjKmbRZMW8IqNcxumS9/lOWeqRNRIWhcbZm7r8WHpvffG0dSlSWfi03lsusUIaW2ztbVl11q4j3FCX4CI4DE04Ov56XQ+hVPv3dzD6bDfMx/GdibE8emxtQag7xY2P52O23piycaOmynCd1eduQEsB7q+viai6PXGHNdzmEoXcWZ2LmM4QRZqc4wOy7J0IhZiUjCz6nYxmjBBhJiFENtqRHq4uiJGdBljAyLMI9CW5XA4BEJE17E+PnwSZgJtuuo2hAGODHkhRGsSaQvtnakFIlps2wgLhruqm8kive80nJTCcpBWOoMbc2vLYbccWu/mlrUXgsbQcKMwYQYJkcEsAktvAeJMC+LYLfv9clhaI4FFMDOHmNvIoCEn4whz5s7CaBIA3N1MWtvvdsTNbRMmN9vOx6DobRmbESBMpo7cDsOYufemZsthR0DEIN4FS/LkPFWEQLTectM2jzQwAJyRaGER4cICEs18+ATWU4xv6a4TjkDuHxEI8nC0zkILM717OP3uh5//uvHS+vm4Nm5Ozr2llUvVKTSEAYZIMERIoq3H45uffvzy+QsGDXsrnY/HNU4bMQ3XsNRdGzzKCcpUZBQZPEDs5kmfBIN4YpuEggFEkJO7s0djCU/NUECNmowYZsYkrS0E6svuw9vXj5/e9aXf3F713aF/3Jn7w+N9X3ZXt1fffP+bj29f21hbbw45HG6/+vKbthy++vrL3//+99tQItotiwZau9rtxHRTRz/c9r7Y0DTA7PoirQGkw5g4AldXt7veH+8fufPtq2fn0/3x3cPx6XTF1223bB8/rtvJ1EF89/w59UV6v755vizX6zY+fHh/uHnuQc9fvPAgVX14eLq63r14+ezDu2c//fTHDx/fj21/fHHrLxMctCaBkDG0tNGXUz5hCXueTnXiFdXpCHJzABIcVFn6dQQzgCCrGJCU3tGF90QNhSoQneqTOlKlcAddeFOv1BmPdFgRlTRussh8wVjF8U/CD0FEnmmG1deayppkFm1C6fDSLfOcYIlA+XERNXkYVT8AFRWfSFIIuf5ybCcElU3oVAkAUTmTpQtOwcCk+SZSw4RjPPFywuBI2EQECAN544srnORmEdlAlAggDJCKVZq2z1mtOCL1GxmlGwWFyIOEUWQhczhkssKZe1IlR1G0TFSRnRRRMIcuHC8VHkyEWjZr8OWLpuRjYtZLaFQVKBEwsogKtEmBlntw3X8ipFucJg1PE65jGg+ys4BsSsjcAYQ+/0ipP8rOWCu8JZ8Qn8FURp1HJNYJA0vdIxTFXKKcrIcnCU0ouUQhsFkNeJYyUUbMKXsPJ0KKLRLggjJnM68kr9+pzNapKUsdGNHUnQPuTp/r63yW4MjXFUzJAzsRz5IBn/3amADb4nNCLi47Aihp5DDk+z21QTFZeZoXW4XBJQpp/nxkMxERlrK76n8k0+yTcq8Wh3tQMDnqzgRlTpkD4IAGEGG5NQUJEBFOKBd2hFFI3YOM0KSpnEsNXf0XIInQKlsAwKwW6P/fLIMylwWqUQ7KlpBfGorTLw7MGdYXhj2zz+argVok0+RfPhOuVYXqcBOqacNUdu96wUoYJDO7Vz2CEByt5D10mSbis0SlSfMHsVAQoTkZ0lw0r8prQsRl+QcBFkopQEIgk4tEAnDzfKjhGDa2oR/un958Wv/w59N/+cf7H3739Ond01gHOYglY0iAIKEA1B2g83YuSZw0i4B55FtExGh7uQpGJybAzM7n47auAvJIhyU34YUaSGCr6gofZkPkwP0AFjN3NY/Mx3EmUnMbGm5JXDKzWagqO1jIXNdtQ7bfmNbtTLXEVXrrfUfoh6ub3e6Gw68WC/LeGwKZOSFEpn59dVC1Dx/fbePUhE3NjG7ubjr1dduEGwKbqvpY1zODzRSEdZyEW6CZjfCsBHjpu31bpHcjVx0AhCUXqI4xxnAbZ0D6QtKXZb/rTYQjQJAxNmG5vbk57PZPTw/vPryXiCAJ8gf6KEwaJm3pvbW2RESQgawvO24HH/aoZ7OtNVmHWlKmRL7Way6NweRu27odDofW+mk7qioTc5OIUDUw62rbNlhY07MhOyIyDXDOmYaqETtFCDcgLNzGGkDf9bAkFF1XdceyX8zV1TIVB24ZB7lIO+tqGsJhQzVMCOY2hhEBcwBXdpndzetvFhKMbQAuQHDY8AgiERIxt9N6bNJaW2ysAQ9qRERpZqAwGwDGUMAp2N0yXSd3L1eHe3J3ETAMMxyu9r1xBsYJd46W/9LhROi9BwNqwcLU1MzMyN11RZgOH9QAi1CmpmN1d+GF2xLbY98t5DbcCbEIDTXdtt1+7xYM8jECEiyezqHeOT/RgxhNesDd7HJQQoiCpS9uBhs+s8GYuTYlipT8peg56VCRpra6K7fm6uaQRcjDXP/2n363X/j7b749Hk/vP3262++6yAJiYdUtI+YdUhk+7B7ehNzG+9evv/72m/v786dPDy+ubwin01gXbqtbqkEynY0miZvi8xxOi5YWXw8YoYSuZTUjF24iDUC4mSlAy9KA8KpsgwLcmzs8YuGmPiKCSJ6O52EQ2YUp4Or6xZffvH/786cPb20cr9udqrz44tnzZ8+H8+sf37z+6afqlLq11qRLIEDCTYL5vG1LW5bdXqQ5Sds1QtONxFkoemtjpdW2JeC6IeL5F6/u7//46dPjr37zHZF/ePe+Cc7ryVx7O2w6NtXl0JfrHbdYdsvV9RVs7HdLb88+vv041jX2y+5w1Za+dA7zP/zh9Zdfvnr+Yvf0tIb7fs+99SR9gmaITp1VBHhFBEad5biIPSoVpDg7h1GAo47sCY/yRL+ADEzusj7uYmCs/T8POktlTqZwUMbjR57CF0I9CevPwZoo7USSwwibIvRklT2PXEtZS0H2WtnVpSBGlSdJ0ErCMdS/Lc76ckZWLVFTboI5omBJcehEHGRJ74GZSjSTVDlRugAqnIcKK3NJUGKKbiiD/hERwbNFj5TyhhTyng0MIIejxgUXBgU5T/7zQhYXLV4DhJIarj7D/BwS4lTOgGvqEkBC5BdmfxZ9VOgokkt2OJUXhAkclzwmDyrnQd7Mzzk7dY8jwCAvxUwuDiYpxm9KFoTkgkyz2JtwihAVhp6LMMsPqoSStBBMFUzdtnzsIIT8u//7/3kS3SlfnLcrYjZ9kiCuJ3/BvtUiudRBc4VerrGw9AV4I28WYxo5ozzRc01OJ0SJTDyZ4gkx5ztKmPz8dIHgc1DuZ/KDCqoQCA63irLKRV6au5iQ+LIQigFHUITBCZOJ96n/qfSeqDcmeSgkNXOB0TlSxqsw9HA4Q9KanHeihm/P9sLcHAoER03rCiA4DcRRXQ6gzAcRmKZ3mrR6zIvkeVhEiZLI5wVXK7vG7hU055lhOj/ay5/A0xVElBuIV7ORKS7tvOr0TFNd7jXVPESJe8rawCmZStN6YBpd8q2l6rjNJnz84snwvPszmTX/c5EDzm9ONF+RFPPyZev1uUnOcqP6V2XbqjYaYBEgp8uIX5+uIBIwj7Cn8/rm48M//3j/d//06e/+6/Hv/tPT73778Pb1x/PpKcwjzMzVPNMke18ymShAbiatL23vAQM3dOEWtKkpRePepBEIZqY61tN56HmERjC3BmLpjZjd/Xxe1/UUrh5E+xs5XCuReai7uuW0FGHWoW5Wc1yI3CJMky4y1dQuI2JdNzPrrTNAHk14WfY3V896XyJc3cd6Om8nZjDxeXt6Oj0+np629bTZioCrBjkJhXkqOkC8qhKTqQ0d67Zuuokwgx20jS27zG7u5gQWaY2FqYGp7p2Zp44cMPMwc4CECbT0/dXhwJkcRKW4Ux/ndQ0P04hkAJiJw4N670x9f7i5urpmEfIYYx3nbeh23tbTcU3pkdtYt1FMhVATFiEWcrMgcgsL7HadBeyw4WrqbmMb67aljSxnuiEiPFpr+RIwtdaWJrs6HJ0sZ9ACYerhmbi3nbewYOYgyNKJMcY6ttXd3by1bu7ETJ23sW7ramoeYW4RPraRw3oiRwdnw93mXsHEIDcf6xYeTORwZm5Ll5Zj4CP78Gampu7KxK3vQI2F5zElDHJyNfUxhLNDGWl+E+n1mhJ6kyZtWRoY5hYUQkwIVdt0qBoTQ9zVwhHmNnTbRoS6qalK4yYLLFRVGrsO960tC/c9XOGDCbquYSpcuCQvxgPCrOuJGa3vYINcqfLWIG0BqO2amnG6oSmk9QrMAIWpmSZfQ8TCglQ1mTEzc8tOekR2/nI/FKb0CVQLMlsbDvr1N19eX12tQ5fWc28XpghnCmEQBZh7F1DYUHMLj/N5nM/nL754+fXXrzzcwrdtEJGpIR2Ul959EMjhxNn9IS7FelgdoXWSpDyFCBwEU3WPtLYzsVuMsQXSQJyMSDBBw4RBAWFRt/PTKcx6Z3OVfrXb3f78w5+27Xg4HADuV9cvXz5/eHgQaa3zh9c/Abqt59Z4v+tjtS6NWyMwS1+Wq+fPnhPz3e0LG2aqd8/urg63jw8Py265vt0/PDwxGYW+f/vm6eGxNepLU9Pj6elwtYAYxMJyOh6ZhbjBSdoexPvD1d3d85ur66WJh23bqtu2buvDp0+6bQ8Pn7bz8e7mqjX58qubb77b9wMRG0FxQd64PFP2IEQw05xiVHh6op6JBD6fIpe/TO6w+OA5D2eqnguCBedxxjlhNc8yXBA+VaRHHpAXmUiQVw5JsXRJis7AmAsXmQcfqgYoHJZsbl5MctzMPFM6YtKApeK+tOFJmBmCMhMSoUZTExX9nv8iPaCMi94pFUUF7ahqmhRKpzKbAMrtVZiZGRDhNjsASZdQgmGa0TlSup75p8oyWgw6z+fEVTPNh0MAiKdG/5KNU6qgfFiSlknBvG1116iwZ37fWf/XbyEQizA4MVJSykRg4vk9s2dRsn6G8LzAahrVXZzxj0FMJQmjzDkmKn60ZNHJ9ZOwMAip9yt9f/J4eX1Bl4yg7DXNKi6rkFwEPKGS/Jt/9z9VuslFbPIZZc7at+5NlRb1rkxBGQqlovhRzNDUCza/vD9ApdzXf0o8XzmYE5bXBpbjzzGNn2G1jiNAn83BxQ5zYfF6T+erGbgMvguO4AtzNZs1dcuI5uSuUiBNxvxyQUE0xyxTzFVG4RcEz0GwCIsUExWhQKAgm506XCB3zHKl3v8Z3DPd8DFlcJWFkxsMRY2sivx/Scgng1wofT6iWeCkNidbUSlQBLm7Z52V4pKqsWaVmteYr2/ksuFS4uUMkHyUNXZv5uJdQD9dOn2l8ameEbPMXiPjwpXwL8rGPIwJ2aCCwyNDYDLDJptScy3mLhyeb5dXMVS6J8Jni0E6uAllCeKkTIjSPZybLiFdJB6Udi6hSb+ACGiADPfj+fzu/vT7Hx/+8z/e/89/8+E//+39P//204e3j+fTCRFhEW7r2Mxt6bvWem9CTGrB3CL5WYS5m+uqZ6bGzErD3UiEWBzhqqrjvK5mioCHBxFxW/o+QKuO9Xxat6dw703Q9v3meetLRqzXS8VECB0aHixCzO7GIPJoIsLhbqHGQgHSkfmPTAhhyc3isNv13nWsp/XpeHxw24Zt7oXLI1wT0ZmGgVnMzd1JqAk7Yt1GZtJHkOrmYela9DAzhaGMXABLExCCuDEzu2u+zES1X+qmrk4RJE0aZ8qXha7b6XQ+msXYxvF8JMZu2RFgunno/urQl6ZDCbzsdtu6hftZt7GOsa5ulhvZNhI6k48RbjrSmMZEZGYZ/TbU3IyIMwpG183VmQXhbuauBRbNa+YK0Xz5qZS20vK9NwsmmUeJswgTm7mbuRqB3AxM4IBZbjDCIpm1CWTkZqin4y2mVS9tFE2E3FGlRQDIp8lC4UERTTixJhFJl3y3pXEE8gLMRoCDu3BrfQE3zsKssVBjbu5makwsJMuyy5d86UtrmVnEIsKSRVZWda1LX/rCIHiidDczU93OA/BQ023I0si9giIC4RBJZTA8LAhNdqam24mIKKDb2hpRxNhWkS4SNoYsuzD17UxEbdm7belWH9vq6txbEGWzQkTcjJhF+kWBabahzH4g4tbFi230JL8upAvXOwIizlSXjIpmZhg87PF4Ot4/fvvlixfP7t5/vAeiC2XJJ0JNQMzuIcLuwUJCpGrSlk11G/rly1thRzi3zr2tq45ty1lDTMIsxNlJFcmpYeaXzGICpduvyhjhqJPAPUMgiAKRhTeAyxMzs9bENNqyuGm4n48n6Z0iA14ZQZA9e4ztaTks7iTLbjlcNab1dLq+Ohwfn47HB7NtDBdphOYkLK0vO3Nv0m8ONzfPXmzbiHCWCA/GstsflmX36d2HZy9vNtND595i284///Tzel5laQRaz9vp4f708EDgvt9t68bA4epGuLe+u7p5vj/c7Hq/3h+ePXsRxD/9+CeiYKbtvCI0fDShV188O5/O47j+5vubVy8W8xNzMHWqjm5KY2rS/CRJEwugOskXfiiP1wR8EeDJMuYBmi6BynRPsMmYxtE0JhIoHcOFQ6ewObm8yW7Vo0t1/BSE5/JMSwou+vGg4MgxtSXILkqWpPB9/bYCpjnILNF/fkkWlrwOSntLAes8BDMqp2qDrB5mkcEFcngiqUTuEwWDiELqq/MUxhBQhtdCuhAq/y6IuJEwtbTOpLo/6TwuZFEQlojlImJI8pNoEnoT6H6uoqpqmXeoIA+XdTB/efVwPpcQVDe1Auon0xqzGsxuUbYziuvM+iprhMgEFyqTQ7Y4Iu9x+mgdyTlNsJ23KB3NNNEhEzdqVROlRbjI3qhKKQkvEFNUUmr2LaswYmZcqkGuVZCoL5rP6MwseYjTgxplurisp1zRNm1J1wAAIABJREFUtYZzkWdJSBUGNf9oCT1QzYjwNFIVfPtlKyn9lU6lE0OEw5nYcQnYSmULRRHv+XBSYZJ4tF6dovtTvOQBZo+gcGLyCoOJIDIPnqOqLuS1RQAh+Rn1EoKCfhHuVdwLAp79/erJBpiiAj4NyBl5ZLU+Mo4h8gKYcncu8E9e1odaM0lBuztTneKgasd4icWmNwagqIkj5Z+ICCsjdpZy7iCa82kDhEwQrMJmNnk8F+SlAYgS0YDSR3CpOVMaA8/3OyhKWHehH3IfwmxoEJGAajRJvZ+1m1CgyiYqkj+3KMpG36QrkuiI+oTImZxhQEQ6r7MrMruEMIRZ7mjCBFIYWdYGbTqTLjUySr2Wkk/Pfgty7eXeLUSWg9+JADKz0zi//nD/w+unH1/bD38eP/1wev/64XhaXT0ihDtRTeMUcOPlan8trffGT+uTbhvl1NVQDw4fm60Bp/3hsL9li5MfuYl5wMx1ZQp1sLTedhkNQ4BIVxtjPY1t3ca5tw7eL9e3+8PBLcKcJXuWzOBhhshYfTFTU4MHM4mQm5FpE/aIgAszp5DA1UIp0ERUdR9oLFd93w7X59PTOlZ3VY0AzJyEd31HTXZtJ8TuYyh6b3A0FuXRADNFUlcIIdZteKinHFzYHb0vBHEdEWY6m9QsYWpI9UXkBkyNI8AkRq5udlxbk9yJpFOvA40jVHXECFPtux1T4x6m2hoHORRMksRU9q93+0PuD8TNjQO67BZu/XQ+BzMJRUTrnG8sC/lABEgwdFXT3J3djRBpsWImBIeIW7TeuS3pIATYEERojTTIdaRmTk0DJMLSwSC1iM8vmwuzCIvwtm1q1mnJLgEzqanZQIXPObxYGjUnr2ca7iziau4uTOpuYa01YlIdlIOfTDX96JTS9CbUALKI3W4R6kxwG5utoWRq5O6h6m6bAepqC7Ug9zCEMQPUQGSuHK0zi4iZhmWYPbsNdzX1Zdfdw4Fd79HEwRHOIjbG0ruN4Z6BwNjtrobZGKuNLdEkGO6eowzACHB6SHQ9E8NMxZVyiHL1I6uIJ6FQqI/kxCACVcQc/wgId4OFhVvMk1Mmq14hjJGbRzI2bpf9yBxtWWwLD//h0/1fvH//v/719014VT3su1C4OYQBcg9VzRC71gRE0hpJsxExto+v33z1/O76+mr819+b2ulqCVcN21aN2lwRANwNU85QtlHMvdVSJuJgYQ6HwzIB2XyAhJxK1BoIp2EKwDTAJK2bYozBrW3rdri6Ph9PRFh2NzfPXj1+fOfhT8et765e3d09Hs9vPrz76suXx9PT8exZxhCUQs5jqNrzF9/vdtc/v/4zs/TdHiTc+t3zl66xnU9EcnVzDcjx4fzzn988e/lse7r3MQhxdbV7/fr9Mx8kMlzDVnd7Oh0PTNe3d0S8v7omuXYISPru5nD9DAyiIKFsmp03PW1nETnc3JnJV9++/PVvnn148+79u/P1lbSlJXkE5Kif9KjSjPuk8MjI6MmiEiZVSXSRIyPIBQyJPCxTEZ2SksklJoS66JZprp0i8AqLTsEMUkXMlKHfXEJtn6CXL4ZGnk8+X9wqURLRFz2cMLHcCH4ZrFkUY5naivJDcdopK3BEquMn2c7J93Immmabvi64KEPnTBLnmBIXIgQsVSqpwqd5A6jmSKU9LwMfpyKIISGRCdA5WQxO5FmXBNzDpz6YgKBCl3SBCnnvsx6K6ZtNhXCRxqWdmPxs4hTxiowpwOcBn7R9dTZSFzizUOthFxnPJSiMkHyghMljJtNZ0pLi1Ce/TAwQl/KBwZdVFIi0K4RnqyYDw7nufVAURI6pa8hFypjce/oW07BMk0iPcORqqRuB9nk4bFHjaSSZVxTFkOab4B7ZusoM5kxPLcI4ShNSi6MgfbpMZlslal1c/Kmo187cS6pQP/b5cqksqjMOpjj5+IVyIxPRzVIkUA85DHNFxJxMNjU46QHlwoMB5BufOJ9oUiqXet8nks3SAkmqsEw9SeQ1zEdSAUpZ+2RxRAVpa3JdqWk81fDzy8UkD7Iqi7oTuFDskVgf1dTK7Ps0q6dbd+L3nKFAxSoUIzCvNZ9cLUIAztSQ2YSoq8hfJOBElJe+BV9oiCI5cgZhPnMqEVvdjdlDoapKaiVWv4RA5GEUiDmOwZF+oWRJqp05n0QkiXUh5TOjIenPiFmf0WwYpciKc6wRTZknNRJzRxA35AS/6jYlhcZMTGbqCGEJsFmcx/n9h/sf35//+YftH//56d1P2/FhOx/XbR3mDm6tLUKsek6WrvWlUZtyRmqygNZ1e4J6UHDrgtapQ2hhdt+Y6OpwbeaAD9tsOxEjWDgAEkJko9RMdZzGerShTA6maIssu7xPTTrINzUmsFADGRPg26bhvgjCcq8zNfOwKY4gYnKL1ri1HRBX+0MTHrotrbf9bqxnCHqjft71HZ9Ox6Heezf40veBUN02DzDv+rKNMXRkBE2Trq7qmq98sqlZsJFA3SNAUIkwH02asES4g8It94jwiJq8lCmSPkBNPocOA7yN4TFytMK2rhEbETVm93E+O3OD2rqO/a4DISz7fT+vPkzHNiJcmujqZrrf7UTEPdzdt9UBFt7U4BbmLOQRZk4EbqJuqupw4Za7ATnUTSS5Ko45OFOoGQgwyhE+HMQQJ2IJdVN3R1uYwj2cWMAg8sZMREOdG5lvRMJMC3diuEf48KzOU4nsQSAhqGspAnMaVMTYBqlJb33pgRAn6q33zuD1fHYPHWvUvNsgCqYG4mBSDcltkYIgphhaGT7uW4RKZFklInv3sFhFcLVcOUfjHLXhrS1dloQ3GtbbQghX90BrLasIJJ0eTo22LXxbmdOL7yJMS/NEIjYivLXeWt/GOdwBSy47bExyMZhBDmpNmNH60GGq9Q5RDvNhg0WEiIxxFhYGjxjs85yQ9A9GAOY2WwJA5SyECJtf6PaSAkdEa2LD1DX/5Or2H//bP7+8PvzVX33/z7//02ldY+nsLk5kgGuYQwIUpg6wA2TnxnzYtRHj6eH+9tmLX72820ac1nE8bYk01d3DhYQl9c4w10nLlgEywh0mOVzWcWnYpuvB3ZwiS1vKnqeUNNPG6IeDRKip+5C2a9QYQRxmsd9fHR/ubWzEbWz28uVhv/S3P7++OeyOx8d1dWoHtUBYXwSC8/GJQDa2J8VQO+z3InLYLTq2r7786uef3u53Xcf56rDvu8Pp6fjzn//4u3/+7ddfP/Ntfff23ZdffpEDeYjizdvX33zzReP+4cPH9XyS69alj1Wvn+9WRYB3u/233/5qW++dLIJfvXz1+vXrdVuXZfnmuy/fvPnx/dvHt28//Y//h+9fvbK+cwsclk6AuQ9VAAwJIg6LQubI3fdCLtKs/bgOE0QdnlzdcC576JwxkzOIClCmzL7kEyJuXlQ6QMIlIqAL1kx6KzlAoskJUMXSYUL8LCMusuwZZldSlKIwwdlydAZntCNLxX8mLGWanbf8EaII4wkfp9wfs/shJJ/H6ATn/hPBWeG0qipRWYpIPTpzRpPkpyYXUNCLpHoLRcwEAGZhsDO4ohgdlZmfnGu2F2LKhxOGZOpg6vNQzGjVbZVfcwETVPe+Hh3qjLlwyPmCk5CU7BuFjksQn4EplbJTMJ+KNZWJwBgUXDYGzI5M/dUjCFNAM1sfxQfnVeev4Kn0Qv08ClBx3nmUOZrK8pkPPxBwqV2vAE5aLmOulYlmmdjk3/67/2lGAE28mxtbdqfoF1OoswiKks9UT7Q4OprouTajUlVEpHT3Up4B1XGri8tuQsGEWapMNwhVEP+FFaZIVdSsVi7vAqq5Unqoqg8LwgcukHIW4nGBpLPJR/kE8xsVMpykNuYSiRq5mY9icse11idSz85QVnwZrs+O8pdhcvgEeEo7p8ELSc+XsSHqrU81f2V6JYqNy6Y/G25BRQBUnXV59p8JeoSTu5eVpb5NiX2QDHx+A5oNS9B8nYCpDUsNUcyg2UvERtbTORSEMniYKDx5Ebq0UaqMmXUJ6p/U32dXqt7V2ScKz2ReivmEQbVgQLObkq/vZ74P4JmFV+ss5oqh3IhRLo3qjNcyYVSDLd/obYxPD08/vH74u386/oe/Pf63vz///MfHh49nHZbpDS0ZWmYbqjYY1PvSZQ/CZud1HM3dNNbz49g2BjE3EAv1xi2jKpkxbFvXc46jH+tRdYswBLMseYWpxhy2rccHHWdhN7O2HJbDs9Z3k81TDx/birAwr+H2+dXNw82hxOHm4ZpQLH0fhAjPskF2y+6wPwiLk5utqkOEVe3Zs1s4yALAed0O+7207iPU/Wl9OK+PwzTc1Oy8PQ09m3sg3G0MzTPLzS+D4ik1osSNOUzdLJeEuQEhIsxwS7M7A2BmAlhaOJka3EBwcx2bh2WhgAhH+YaZxYZFZGwWIgJwG+Y6zuc1mJa+ZGHh6m6eavJlt+PWtvOmZq0LEamq5EFXCfohTXLJCrecgRCAB7G0VHpWW76xtE7EEczZd+HGjQlwHTaypWnBib7I3IXEtk269N5MNdQjglue8NGXRiAzjQgdw90yJkKEU4zg4eBgIQbDPcyEqDdBCl3cEG4RLBThpqbnMcaIOdTTzYUasTjgoKXv9n0HouwdcVBEmCo0O3DO3DJbU1jM1X1b2iLSzDRM3b31tqT1hZwYrTWezcawyEFXkOwPx3baQlXHYGECbAzX6IsQyCzU1HQNt94XYdZt1W1rInAz095azr5tvdu2ckDavvW960YENSV3uLfWM8VHVXMzd1ORzsxqGzM8LIAmXW1jotaW7JQSCB4sFAhXTYKJaBLxQY1bwJJjFG4sTRrb0HVohH/x7Oa6Lw8PT27GFL1RpPsnF3W2h80lj0gfhKBgt9iG3t09213tjudx/3Q6nTdLYsc9RWHAFIvXqRt1NsM5Un+RQ5cm0xbFxOR4uYQy0hpLc0vJGu8PByas2xOCdrtDuG7nEwKvXn0V5k8f3zPz9d2dDt11uf/w4cO7d7udjG0MjZdfvDK3bV2vr6+3bWNu19d3vV1f3z7bH67d4/r65tVX3/gYT09P11cv7p6/sG37+P5elh1C9gt/993XH16//+qLl7c3hx9++PHVFy/G2Mb5eH19OD2eIguacGG52t9Kk/O2ffnlr77+5vuxbW2R/WHvFuP0tK2npbNu54/v3qg+7Zb+8sXd+3fvrvb0xReydL25psBqurbeEZWUlCdqSlDyNGauM7vkI7V3JQrkyXUREWVcz4SSSKVxrog8FsvsyempIRZm5tYEGdqUKcuUEo6UwtUv4FmZZkkhzFynd6pcSrMWdfblqcVFsqc0iGgCNVw+uZJjkrueQqIaIkHElKicc3L2nDlMDEjS9UxMgvlbGEEZ5cxChRsS1iM/qbyBYBZiEuH8+EaX/x2g0qOxkBAkwSmTgKSR5D2aZ3tMnQwSAedjqboCPCFB/skyGRR4pxIl5wNLbQ+oqhKmIh0n5CuMTFNoVCQqPs+Nnpr4QmKJaJillAkZLcmTX09Kluf1fgY/QQV9Ev5iguELhQtQ+nxmoyTRcP7SpNSnNCxvO9XpWdi16ONCYpPgpSBA/u2/+z8VEq/DMj8vvQVZo+BSXk70ScXRJxE/Lx0TTxbSreuZ9DFRqkgKo3JVq5PPi7lXYdYUEy4UZq5bPVf0RTdV+3E9OiJChQumxrtqlbo2JiKft3bWK7i845hjXvOfOFn2/xONQqJoltp1C6mms7kI++m6KKIoMis2wo1mCM6sSGezpnJw4wK6L9sNM6OCfal2oyptYopjMLE6VfsG84yqhE5QDriZZHfePMfF9Et1P7LSL5iOy442S5ZZiZY5B58fS75bn1WC9eh+AekvH80ESV4qGSt3r/IZye5HPdlaOp73jVLemvsdppeaODJystA7phz2UgfNCihfgFL0hodlMEj+CDldvh9ADtGw43b+4edPf/uP7//mv6x//1/WP//h+P7Nw3reMrc+IsIsX6ZkMdW3QBB3aT3gQweBKeJ8ftq2k3Db7a4c7OEg5tZFukgbOo7nR3NnCtPNNgPMiYQ7yQKQgxC+6TrOj+t6plAzpd7316/64ZapNRYPHzZUt7r3HsyU03OyWnICc4QrPKc1Zoidm2m4UU3V9lEKDT2dzu7Wpe0Oh/3Vfj0ex9hOp6feG0t3p740dQvCOtYAmMIszNVNg4VBlvPFCC11IG6utluWoDDLMMdGgFswU2vi4UG+tNZ7N7UUrPXWc9NlYfcINRHmNnfyCCJIE2E2N3PtvIgs+fivbg6JC1tjD7TWwUwifdfzz+sYc0o7MfMwtQxR7RmWukmqyQBP2oxZxzBLv0NNCVGzIPS+EDchFhFwnXkReRa0PBuZBICZMnEQuHFrnAhQRITFQdxELWBovYPhZhZGxGZhNsw0Y5Fm3/2yO3IWA8xCQZ63V4Sb1DE/3/y0G7hpUEgjEfGIocPNPSxAFsHETZbeume8AQcRhzscnVvrTRozQoSY2GwDRe+LQMzVfPMYEU7CEcRMvS0i4qZqY11XXYd59NZ7Xy67U2tiAWp88St3YTCbeZNuoWGaJ5PpsLGls8LcGM5NqHWEgch1Ux0sGLq5Dum9JqQiHQmdEO4a4a21gDXp0x7DY6xEwtzhCuearBsI2OymRoEr0KWHywnJIlNrIdLCPBtBw+Lj4+nx4eEvvnp1e3f7dDztd50iG24ZktMiLDK1owkLZ7a5OZni6bQNCxY+retqrhbmRpS9S87nGK4BzxZ9JqXURgZOPGkeyNmzKCtWoo5wMDNzJ2HzMLNlWQAmag5XM5YufQdg6ODWieTp8Z6F+75vY4Bl13hs23k9Lb3dvXhxPJ6fv3rRpJ+ejkIyzFoTQPZXV89ePGdpEdx3V1//6vunxyc3f/ni1Tff/cXd7U2X9pd//VdvX3/49O7diy/3nz6+e//+DXd5eDp66OPDp6enh7GeCWSu67q5GpyX3dXh5plBXrz85tkX3zjcHDe3z5bl6vHhw8P9xxdfPDueT6fz8fHTw+6w9AW6nm8O7bCz/WKM7fZ6CeRmCIQhnPMUjgusz2ROokivN6h07oUMBImeaZKNRCjPNRWoTIRXJLQwJ9hlIrlA8WmT5RLIgqfEnarPieRBUgjEE9yhfghTOkL1H3AyrxPoJWwh5oqFlCYTK+e2V7+/CgKULYFZJjJOIpmYavZoxckDHAXSEULBzJLNkc8fKI1/Aa6EmSCMhPhEIMllWmVLFhdlfmXivEty0a//QhmPWfYUAKHC+lkDU4EhEKfBdxoVSGTaaQup06zkkG/EhXbMeoVLcnIBtMVOF/DnKLvapYSYxUj9tzTZxFLLZ34WEcfl63BZIiMdYpK6oBL7zwgWeNk40+QQJZxmutyBibyyhEtpEoGYC+nGBJzJYtcyCMi/+bf/usBfpJxxYqvEmzUEumDcZ0YcCEwBd1VOF+w/y4L45T+5oOWk92dIzYXESONB1ShVdNCF0p3LtuqKynHLa5hoNCYTPbtbqWqJmGmhqCDLuq7sfU99XpkDpkQoKDt/NXIiABTQzC101uWIVFR5cfQ0VVBxiSgiUE0VpCBqWX9Wm4mryEclMQSRVLGaJw2cwXFZtNUKYKrE2BlpWeuOZqVKuPyvuCz42sDi0myojQKXn6k6B/O1uDStUnRI9RxQeDolB5efrQVd4CRn3c1KIhdvDicI+sWcRYCqpgYuJodLkVXtTFSfqBYPHG6R34JysFqVp0kUlWYp3HMqeQQM8IwfA2bOF5B5ZEjfizTmpkGPp+PPbz/+9oeHv/n70//339//0z88fnjztJ63iMidWtetSW2poRZu4eru6poNUXMwCbuP7agxWNqyu2lt5zBzFWmN2F0jLIaGGzjGtpk6IRzO0ln23JZwizA2h5uOkQuUiPr+7vDsVV/2kaJIV/MRCGmcrAMTpdMxItTM3SIszBiAh7lTkxTlMLOwUHp1bHBAWERo12W3W0IHCG46dOOWtLd4eN3rMIA8bOgwHaje8YXeAIG5STIWjdm83qDiJ7KmZnaPPF6yGRNuLNR7byLZocikhITWTlCLjJ509yz8UprY2671xkx9ae7BzL21MdRVRVrrKU93U3UdTMh0V1UdY4RpHrpmllVi0nWlUCPopnnqyjxywiwQLMy1gIIAFq6vUbYdMqi7U44cZa+kIzfXsG3ke5QDj6UJAb01amw2chG7BwWyTsjXgoSbEABVhdWeFO7J/XN28/IUJzKtvcrdk7QhrqownIZuHkGttWXH1NqyLK23vhAxHGoaAXfbttXGVvtaDFs3H8PU4F7xpW5Dz8K8yCJL721pfeltt8ynr7oSREhyMvG6rYGgytuhyH43wVWphrxQb0tb+hgDRIC4KeWJwcKUSkhiwM1ZJDxCFe4kDTNZyrKFtY1aiSyuyiLSupm6OZDFvCOcpTNLwJkoiDycOOflKWjmfswIYa/hzTVDnYiYGxxuRiJ96SAOxNn0xd3+my+em8bxeCLmpTfmlnvl1CmEuxEJkQxj4kbcUhG7ruokzu3pvJ63lVt6OuFqAZ2+zFRoFBnIxdLyBAg0ySB3r5bLzJMjIkH5mOsRmCoDbkYQ1QGKpe9M1XRcX19/+PiRWyNu2/k0dAi325ub67u749O2nc7buj48PBBjv9+pKrN8+dVXp+N5v9tfX1/vd3tpnaiZnnQ737746u7uxcPH99e3O2ldx/j4/t2mx9Pp6cP9x/vHe3M77PeNl5vbZ2rh4MPNzc3N7bZt59O6Pzx7fveqL4ebZ89Y+m5/aMQipOvxzevXjenTp0+np2OEkcjt7eHFs+tXz5bG68tXy82NmI5llzfZC7NV3DqFJ+wVmqiaq2wKTH5L5BIik9tDav9CmBpLAVC6GDAl6wEmYWLhlg2fDNdK3J16iyLLCzuWSiEtBEGzOUD52C4bLQJlj61SItv5eagWRc+XkqNO8MTo8/ciMGMD828Kes7xsdnBiFz9lx59fTlIRUcUic5SFQvTBPpcsF44lXr1t60yeVBMHVNm15FwF8qpKEzlkKxOxS94PfwCbSfYz8Ve9QOVoJ6zrOIk+xOHZLlDJBP/5N+XFqAEAYkUPxOfcyHkpfxSaEIX8DNhFGfke8IyrhqkeMiovoTMnKdMg6peN0etCIRfsHEVKLlPXkq7eTH1KxM0UnG5nsGgXOisStgiBHNGatWazSoPlWbWf4GpKORX/oEEfQlbJ24vPJnU7QVKJrM75eIxedUqV6tHlDC0NBylmoEwoiI9AxOLTwo/nwZmaQ7AEBE5SaS4bc/6OB9bEkzlsakuJ8GtIPzE6yWsB1kNmAIhgVimChF4muzowlCXVmw+8vpIzx9NU3NchgI75y7T8pSG59SJhKlERI6LUmi2EusgAijntJd+3+GAC3WAcjIJMVnk2CqqcIEK9CTKblfm45czZ+pCJyvoNV4aPHVXEY4gFyLi2eqoyssqoBhIg2z1oKceDR4lWML8Ul6NHnAEnCgijcc+C6OLlswjBLP14W5576Z87tId8IAlIPQw+WXNAp/RC7NF5BVGNr9TpEUmyIk5y0IAxBJpEiA6bdv98fTjzw9/9w+ffvcHffPn8enDMTyIuwfMDO699aVLF3LIGG6w1BKxSOqSh28xDK7w1WwEc9vtqTJDvPed8N5M13EfPog6sZi6aoVyBjzcWgsmbHHW9WTI2Bc390ZMfS/7K5HmpmZhkWUSMSFUEbzsmoDWzYHgiCakkWs69UBBIiLlXhcWsIRb+CBQkLmt0uR4Pq7bY5gzt6W3dRv5ophFgBozKogLsNBtC/cmHB7ZTUk2JdzN4el4JfIw4YQdAIKpEcPdAPS++HzVo/gwcgDuqsEULJTlb4QIsbkLUetLEJhpWZaMuNm2QcJQA2G/7IYqcZCwmUJEN1VVhEsTkQZBBILFzUjI3dSDRSKImUt0ESk7ZABCxCxuXo311jpTEMI0mG0YhJtcvp0wNWZRABzuiiCBWFiye7CgSJosD1xogl2icMsj24brGL03buJuOZg26Qyiy5kW+YJFDgNsddxHIMxBaL3O3NO6VoUVDnPy5A+kLTsIh6FJY2nuGnCipckChpqBQS0Qw9RV1zzjE12WMpAIQY0XkR7FmobHGGZuGmFEjQnK7mrpWhBmNfV81SmIyDbn0g5zMuJhKty49bGtOhKZ5OQDc3ehHHzgfb9TM3MnIrfs1JY1yc2FRZq4xXAtfx1IuLkbSw7Tywggydz1hAhuvpPFJCws3Y25DU3bFpkpEc89kBBGJG3XAzE8h/bS2eg//Lc/hupf/cWvLOx8OmfYLRAii5BoaLb7zcx8RBDRIqJNQhoIftX42eGw6zsEfLNwKxCW+CIyhT0pPaSw2OERLrigtazV85Ex1FO7FQELY6I06EvvS1/W0+Ow7bA7MPH5vGacz9C19bauW06F07HaOBGIZBmur1+/XXVQ+DaGqz1/fnc6rk+Px6++vu1Nzifd7w/3H+9vn7WdyE+vf/zmu5e+nT68/vnmr/7Fsy++ef3HH5z5y6+e//DTiPunq8OVCL3+8Sds5+uXXwBx9/w59/7p0z25HW6ujo+yjqHbuj9cPzw8HB4+Xd+9fPHsOWycj08f3r0d6/F8vDrs+nmfLVY9n00Ch9ub/bIKo3dSNXdu0tJmGtMwwSCSS589iof3GguV7BSD2BNp1+AeykOeUMIq4gvdSdOfEjMAvYB2Uq3VXSoimahGdSLV+xmVlyrq5KkYqHFwmUwfESHFSZbcwC+5enksSEr4nVCxeBPF1Xyii8wbpW/4zLmSFOufsDgRZER9efAc31RGUc9IlmApUEQISZ9dMfLVJEk0fBGOF67jma+VF1TRSQnwMmk9e53UuIw64Vwi8TLuZK5dmqPyDifUqaFDOeOYkuR2Qmq8ymxZGoVgEkSAwZmbzpnEH9V7qNkAWSV4lYgXIrM0P5SmogyTzW5wseb5DLMOQCBQkiHgAAAgAElEQVQgiZqYPH4hXiL+TK3MkjCh8PwrV4mSVpSKBsJMC558Mc3JW4m/UVOPqBRrCADyf/03/xpTIkilPypvslOp4WPeotmfolRnzz9Nsx5CTDQ/bw0uv2k+aKJLvZrrhBilVZzEdcHWMm1/HvEwfyFhyoAyJDO/ajUVMJsUVZkF4vMTjkmVzK+VlZ/nLhpwQtEydcVMdSpwwk/Pd6bc+EQofFONiCRcPncIMLtIhU2pvB6Q8tg4zamhVNECVpVJJGbOtV4CfBSoB1A9JDBPa4TQfH8rIBABEJdSH1bQ3a0I/doCCooH8izhws9VxiGA8PLdpMgoMIvbSwGOCA8mSSnU7PzEBcETg7mCE2iutapuC8PkMk2lU2L3eqxVJrHX7QtDOCyLr9ytkwYryUu+p0R0aUDMt2JGMM5XNvLcb0Qw99MYP775+B//6/u/+S+nv//79ecfjseHM8KX1iJiXdd8pEvnZelwmFlAWaS4EGIQN2nmPrYnHedwBbMRM3cidjurDyZh7qrbtj2YDZBUfe1WCCOCuDde4D7GOWyjMISpGYGk7/jqbrl6jtY8SjoKUyo/R0i2MsPHGLpt7p5bFnkN905dJQiemCMZSLOkVN3ULaUfiNB1PY111bGN83lsm7uNMbZ1hTjC121VHWMMd4sI10AA7swctZeEEDG1cHdTEWpLI4e5h0drwsQGFxFpHRGeY7g8DRwUEZ4R9wS4qxkRCbXUN0spajE5Ec/9FwRmal1Ux3Zet3VNVYybmjsomKWJBLmbmVp4qpbCLAggYaK5uQEsJCzVQy2Kl6UxS3Cx1hGMzl36Iq01Foe7O8kiTYgFQQg3HREREeZOmRpJRE1IxALM4kPNLHeahBS+KcL7IrkuKPI1yjFAtX00YpjCI70oJMStkUhYhBlRSGssBApVA0nOhHJNiEqBiMbUFjd3BHNzc1CIEDcRknCsY3XdwtR0ozrkOLt9EWCmJqnM6pmL7aQsst/tRZLyBDHnDGDTUW8ok3uYlukwvLwNqbeQtkjrEZ7z0M2GriPGaEVfebgB3qRSy4jF3XMOZbZKWhM1ZRCL2FAWCYSa9t7dvS97IGzTZMQApwjmxkQ+tjrRDNI6BSKUiC5TdvNPEkmdJBlOgHBzMFPjcjgk6QJ/PK7buv36uy9fvrgD8zaGD1sau1UzUM2dQiTLY/FQ9yGcGXLhRKvaaR2bx9ChqnVCAgQusw0G4MKNwMHZG7nQM0kPzGM4QAipPl6Modk2RFBrnVhO6xPNpG4P3+33YwyinEONV198BY/z6ZHMmEXdm7R124bablmeP39mQw+HW3BX1ecvbtUhsnz7q189HU9fvHp2enpaz9tXXz0/PX768Obnr7/59suvv/rdP/7dn37/29vnz65fvDze3z9++tDFx+lJt+366sAiH+8fv/vVr8Lw9HA8HPbcl3a4ur17ttw8b/vrXVt63x/2h9tn14Dff/xwuN5dXV/dP9xfXd9c315bOAUe7x+/enX97Bnp9nB3s+yvmsCBEDCmCoSCmdCYW61ZKtIaqeqdWnmeyplkFJMQLOBKk/3gJGWngp6EmKnl4UhETJKkLmeLgFJBCyKGBV8U6oUGkz4n5FUhlYsXT2h13quPUeKiPE9jSlOyleCfMVyJxUEQUBIc/gtsl3ULzf21ekRI4F8SH3BifapROVNKVEIernFnRXMX7c0iIg0zATR7INwEyVIka8mXBkuBvvCpmMk/M+N1ioDlVvqflOgheXQhouAZkB+Yj7DqA1yAYn3L7BnkH2GSVMzRlAk5InsGoKh/wzJpdCLiGdxaOPaCuqczIXX6IWDKsalTUHiBk1PmDWQnoLBLRrDTTNnhmDsApkF3wlEpIwfyhEzgl3KbaR2YOD4rFCDa1LKDEO7ElK1qzNqtblF+QhTudpTyB5iImkrV4XV7Y+4+E+RXwZj1ls9cHaLL96Ecjz0vL6+YeB7GVQQGhdRVZbpIHv51LZ+7DCim3oo9Jspg0Nw6EWkRTDYt0lmQzMpnhb+j5t7mFefLVgiXZ2civfiXEq0Y+Hyx0qYjqMjFEi9T1oiJhCW4huFGxEwo/Sxvi4tyPq3hIMACjsvY6nrApbiaT6Fux+VyPefbl//DY/6i3CncPWuhWbBNu3xuMhTk8XlZIy7+M5/GYUyZIUUE+SWEKPc7IracgDL1SPmDFIS8FdXQKukOPhe9gYiUyDGQubKITIuvd61KHp+XRRweXEP4HCxSmXfuSVtQSeBAYGY1W7fx+v39j2/HH36wv/svx9c/PJ2PK8LdQpjhq4OXZRFpIBIm82FmAfS2p2CV2Nazupk7LMKUPESEiHP4DgPwYTocPmKorTpOSaVEACGNecWWllwPYmHzCB/IMKKhuWxYRHbX+6tnsiweBERjIaKham6Z2p4ckg1127J6IhIKT2CU7VgHzN1gxCCYu4WhtyZgD1cbIrLfHcAuJB6+a30zPx2Pqc5vjW1sI3yokmTYBcyi5SEYEhbzORJxBhJSUZ9JbLin0qA4bYK7W2rT52mIqLQJuTBF5Ss3HUogWbqHuYGCmN3dmYlhZqGU060jZb6puAs3YSYRC19twC3Us+ecetLWJBhuyAa7gAunutLMMctgTiKYurkJcTCEyi2nvmnOlRdhIYfBwNSEG3HWKMlDBShkJ5knxpQ6ZJ9fNtx0O68wIwLzosOEmbsUZyiIMBvDN3VmIoa0trTIOFUbocwAM1Hvbm4apmrm0jusdDseKfZaciBXHsc2fNntRMhhagZzc2czgoDMHNGidcm+WlsaAxHWiBDYdOgIMuIm3uCWQ8152R083OBwld45KBhm5qopXhGI6iBuwgFukko8zehbsrBUN/VlF7oxI7yWXBBsKAXgFnARCdW0mLAckm7MgHHdNmpSStsU4mdjqqZmZnOVmwhEwoxaZ6Fcq0iQhCxK3dyZQ4hCBMkLqabIAhEMchKEIUh6Mw1z//P96f/5//lP/8O/+M2L589PJwsdzGgcvbXyw1BDoEvLHOGMQgvYNpT64bBbbu+uf/50n8UxE5la64s04TGI2UPCVbgDYW4EYb5M2yQmLrNXkEcQNw+EapJsjUtbqWM15kAW3yTCO96bWkQIy1A9HBYKe3z8NNZT7zshHraeT+dlf3Uem3kc9stp1/ZX+69ffiWNdsvu4fEpYhXGt99+wYH9VbdNdGzn0/n0+OH92z8th92m9v7dT7s/7n/1V//q6ub63c/49P7+6rCLiIfHx9uXr8jjfB5XV7fHw+njx+Pdi+eNdoa2qX3x4vk333wrsl+Wvlva48fNNc7n836/B9rDw+M3Ny9vrw8cAxse7x//8vtbt3Y+r7tdAzgn3jMAagib5tBgInjyhjHBvUXkGeskBCdHEKcj0Kjuc/FyxEIAeVy8kVQ61tyLhIodZMApkXfUkU0E5paf5B4TtxWupNkQL7EKBV80trk6E4llagYTQSYlSOHAVKWkwIE5KGMlfSq5a+41x4yBnJQi+czGoQt5mqiUgIAwZfj+Z1Cd1x4ERNqfEIFwYuGaZWQIAhOFlBQQBLKAEDUQUW6OEQRnkskqe8DBJE5ekU11V6RgGgMAR263VVNl4B2DwNlwLstmVSeUgKrKn6rek1atnkVMfweIA4xKXS8inzBl5ZT0ackteAZxoLyZhWvyhxgzT6Zo96Bgy5VVgmikomV2UcCQyejDQVzriC6cMEAIp2JdS6RSYbJ5AyK8VC95ZdQIyIxESyTMnAKJusbE8QyCh0tyuqkem7x+tTcCs/GVWbbxCz33Z8Z+zvaq75xJ+4mx42KvTjSPWgF5RwswR0RQzRZLzc2Ux2SdGFlqTkVuzo2tq0IEyq1bZcKsVHIZI9saQBhCvJbB7D2Urjcy+DJncV9cIABRi+SuOVFqwZ/stWTDqDD5rNGDrJ5/CTkTkhOnNl0aIc15efOqowAwUTpZIZ992sl7ZwUQk0NF5KxyyIS9kRVDlFk5X4sgm/KZ3Hckl7Ujw5A9c3mnryO1JKVIw+wXUJAATFTpqyBEBaJGzlesUIqo54jsh02rxKX6qoKtNqXci4LK8OCo3O16yfJXSDpe53bAFciI0gCSp9oszzomYmEDucW2be/eP/z0bvv9D+ff/vb45mf7+OFpW9exjkKNQpGFO0vlzaiPsQ3bwGxmRGyB1bahZ3dHhECWfgCTh0rMzrJxNnZhGrSabhHO1CreOJyZ4AhHYwmI2QCcYOROJOBGZG13WK6f7a5uXTg8k90cZoEMYgdTZ4lQi9hyT8pRi8Llgch2c7jBR8s+qXmYEhGhCVGAuWG3W5bdTghLbwQXbksgQOf1ydbBDItwtxyhAoZbamYsp/l5xNSIVKXmplmmurmpSxQvQxSeii4CC+cbHZdt2aI0Y9l886oMWRju5ppl8WwBRTlZ3dwgIqAgIa7HTyI9wkMiLJgAmc3+zBAicjciNjdBo1KPYAZYEBGZR2XIOsDURTh4QJ3MXSnIQ5mkt4XaAukeqp5HhUR4pstLayBwr32InNJ8zL2xhHuYZqsM3CTFkpXVaQbKCJ1MP9Igp5YpF6E2ckflCAsLEjdjIQIXP8ehY3VVImqtkRA1tuKlKjuqLWkMxWYW4eSgiIzZARbqJA3mputGQHhOjY2tOgKelFiX5bD0cFvXaK2xWMpSWIRDEFi383ZeLSyLLGm9BQlLgGDapHmgNe5NdAw4ETXpTkTbduaZWxqBMDC3cFNXB7W+8wiYMvN2PLb9Tlh0rJRj2sAQMXNmclOK7BJC3dwsN2U4mDnjhTOXx2EpdFYbSaQmDRaMYsWT+pCkbmhsFvAgclVqvS17acKEP3483v7w0/9wfbPrTTlO23a1XzpzkDM3MxdiYqhbTj9YbW39QNy3zYebRBz2u+NuaY3C4WQZRN57V0DQXGmMDUzuaI3h6c9JwoYiIOnntPIEBwVDEJqNkbBosrhpmFETakJEPgwch6t91lCH3X5bt3DrvffeA9y4Mbfrq9uhj67j04eP2zaub55fXd+a8t2zu2348Wl99+7D4eqODH/5179u/S0Ij0/6tJ7/9IffbbG7fxzweP2nPzXppuPbb7/4598+cGPnMTbb3rzbX92F67MXL9317dt3uvlyvXt+9wq0bCeF43DVTw8P1wdaFvrii5cfPzG35XhezVZb16fHT8/ubn79v/jucL3d3u36covxiJrl0yqnsAB80vbh2V1PXVo1zpOOSLVehjhyqVwxCcRJsFaXGRcBam4heeJ9ZlELUsaEWTH/3SQ/ieAWkuV2lI6jhOp5LZEzby6S3vxon910CC6p/VQMWl1k/pVSa8JcpPJcGyluSQSVp2qmRMaUVvCsKsiBGXCYErzc2WsLF2oeVujtshyzIYGcHsWzgkkcJAzJ5tVF7XKhJqMi+3KCMSGxcY2gCgCUR0FwhGfYfVBwFPqOCnmi8HzK+eSSaQphJ0zcS4xIv1pMP2Yx9cVq5vOb95SI3StdcOLhHKjlqWdNuBv1lYGIvOce8RljuweSuEwNRUSmmyKVWNnmyajTWQBmZTE52LSxF1U165F6bJ5lWNUmBdVBESH/l//bv55Kj3w41cmq+0YlrSjMPbtAJbHMT/GJkytxBBW6WUgQBQfzJUo8TLXiE0BS/UwWiblQJq1ekpIp7siHASp9fZSYiqjq6OkWmVgVxCT1pNN0kqK4Sa6n8iw/Ke9Biaql6qX6cxGz6z1fAi4nT7ZaqhKIADI2Dh5RY5qRVSxllwmE+sefXR3VWPR8DSq7qp5ElCw6u1R5A/IhZOoIgVqq22mGSdHMcCVQFb8p00sxK8+KioSnDdkTf9ebItkHvmi7iKVK7Wp5oQYGImd6ZLHBVLHTs+jCrG5T0AGiGf0RQMZHZbApPIIaZs1VKyHlSSS50QQlDzHrqmCweADVIWXMkcbE5c5jru+ek9HK1cRiHqfz9nhc//jjp//0nz/++7+9/+0/rj/87tP7d5/GGGbhTl1a7yLcpMm2qfkY47SeTxLeagd0M1/tvG0nU/OxRVgAVNNbGzFn1k528zOPs26JrRFKvLS2C5jHFq5wIwJEgBCGULgP042Ygskhy82r5ep5W3pV5dLcY9Mt3KUtvS+BhEOa75y0TmgBmGuEI0xV3dxNzTVfWzfPyjfXWorXApES56XvRfqwbehYx9ZaC4K6m5uH97bMnSq7aZGTjwFiFhC5urkRIv1WXK6aIIKINNmVaayCK6RaAe5MJCLhkY1peECYWfIF760REBYpys8fdfcpnkEA0iotMZ1ArTXpMlQnq5WLOTPovIzrtTURE8Lch3LpPoC6jqDWlqXXJhnMkn0XEarZsczC3NPKHyBhTouqmWXVsSxLyvQJzCxhlupFFnELi+jMzNxEMu9obJoapOHDVNOIAsDh3Ho6m2uFg0DMkkbwUM3VmBZGcjMzJ6a2NBEZ5sO89d6XJYLMDcxI9pFJqOVgClS9roBF2o4RvQmLMIWnKAtcE+WaEKH31ntDgFlS5RXhYDa1bTvrupll3mvb7XfE8ICqws3NdF3DQ3qjNALVHpIozXWM1jqzhA83I5asA3KgxbLszDQVlQCs5r7DTIkS0Uvb7XJkXkRVUCmOZBZpTXULt8xadHdqlH5Z5ua+ASTMc6oqAgivwMcMhWKWiKhAd0YjdnNOiRNczW07f/ns5ttvv/z0eDwdzy39N41tKDHSHBFW42Ja7+axmZ10DOfH1UyNmM3CPCxM1UXaeduW/b7v9sBUmaNISM4O+QW05WDLIA8XaQHPUwweQtx6b8sCx35/cNAYQ8d2fX219L6txkKn03HbBoGX3liajSHSb+6e3dw9v7555rqdjg+t7//V//5/3FZ/vH9wh9pQHc+fvTDvZs5t+/GHP/UuaByub968O1zdfPvrb58e7o8PH86nR1vXw801M+92i5qv66kxmrT9/so93O369u5w+3y3XN3evbh9/mq/XN09u7s67F6/fd+ED4fuHg+nU7/at2VpIufjw8On+xcvbr78+lkXe/kcV1dj3z278Dn9lqpPWXZYmbIfguQpXSKeUpjyVG0Uf5HH90XET8yCRkREJEQZokVFnGcdTknzMxfW4mL35rFeMhqalHxuTfUr5v4Eipkymv+6ev9U+1tZmgtezRyXAtJ5HmcVMen5xOE0NQUTu1UjPmnfSpzKf5RomCeIKzoOyJSi/O1FwCOmliYBUF0y4bLzU047SZlQYQz3XKJV+NTvze8SQeAc9pptBprO5gQ3mcQadT+AFHYmYUl0ycO8fOXyatTdQ93VKJhXj4kpJjiuKNKZelKHW8lvLsASkUqnzygxoT8K19Esb2Kec5dcqcJdeSPnX4o1i3QkkKRx/II/y41EM5AIn78jUV5AFqpZQuS2gBZzAFRVRAXC8lhBFlnw+fFZc3g5dSNA5EST+FP73FXxNFhwuWRmuL4HcVh6UhOcobytnwVKlQORNs2k8IBM27XweffS0lHtgbSJUCHK9FPmtTITPEiIHPNJFqtPAODVUAiAaFpPE3OQFcUdDNRhUK2bqF91KXAA83K4ZvM1Sh4WzkTMPZLlhKRy2105PzFA3JgY4M6efYyp8836xbwG2s1KvaiEfLs4s408kysIKYThz1UXCFZ0BHLeMWr4azEVqWKqR0AknI+OCDlyWIhynFmyobPQoQDJfP2CKTJ8xz5LiZip6mqfD5ez0s8woIBTzi9jImg9VI4ApXglAkLFikzZUq7rVAwGccs6xcOyxOBknMMZ6WVGcTwBaQKSYfbwsL75dPz5nf/TH+y3/zD+/MPjdl7HOgAWFg9uHbu+sHAEjbG6KRI8sbAIMZOpJEGiJhUldODWnOGuAVMYgc1NbZC7cctxhsLsbh7GNXlOATMb4T6lgsKpCnNwRGaGDw/aXcly3Ze9WrgbgQOWveq59YDgtm358IQbWDQ0zG043LIACjP1YeHMHBZUJgsJt2jgxgiE2eZKiLGuoHDXYWPbzsguHJyYwtjcymof6E0gjYXcrHUQsVkEFEhxSx6PWbmgM5O0lH83aWZDfTD53Kg8ItTNLEfDpYSWiTAitfyWDjCLQHixz8ShFhxLb1nCZ+0rzAEyM1dzNVC1nhH12IQ5X5e0y2d+ArUMoqN8nUM4x4oHPOurMZSJAk1YwsLSUANKK10gGrj1Zq7mBlDLiV/ZCAB0aBXJyYMxKLx1EWfXNcrXVSMIwBxmfenk0DGIMMxSSjyGCUvn5sxBkY5pUwOR9MatI0hNk3boXYLgULPB0vZNbGxjmDnQW2tdOhPQmId5pBQqzM1DlWApzCrpjFn2HdB4mPZdJQeqh6qOzYilCZm5CHrbba7mx6EDljqUJiJj28YY7sHENgwUfbdvS3Md1WGMYE66O2KoMIs0HasOZWJubJsTUbhJa8jGtaurO1FrLYDWu6sCGvOMW5ZDUhCcEf4clq5vylaBsQjc3KK1zlTaaI9oKVVw8xQmRDALgkgIpsjwHAIA4d5JglyHSa78kE8n/U9/+Bketze7RVp0Vwv4WV2ERT0XcqVLtKx+ww5X+xh42jbbNlNdetPhLh4kfbfsD/vmuy6yrePq6mo7b6YnR06npgl/ijtzcjfLuWjuzuBUzsG97Xdm3qN55oeuY9u2w9WBmM7Hc98tOZt7+IrgpR/GeXOPL775amg8Pp1/85ffv/35D6bjxcsXcL3/+Ob5y7vW+P27N4d9P356K3u7vX25P9z5+sfrpX3//V9//Pjq7/7m706ffm7fvrp7/vz1n//p+fPrcV4f3r9f9u3pSW+vr7fzSZi/+errQH9+c2uBj/fH73/963Vgt3/x8sXXBLq7vdrtln1vH9+9f3qU22fP9jc3V4eD6bY+6KEvo/XT8WTDTHB8GDcHHK66MGwMJmI0h6akl5IjShUHX+QfVJpjCg7KWtOBPLZAwpdOUIa4AJwjr5jAIQUoPImsnEY3QV1UmsrEaeFecClxURlOHZO0A3mVtzyHlk5AEIHUKc0mw2wwZmgwh5SsF1OEHJOAmy5Fy0iZVEnEJeOEOK3A+edSw2iFA0qKkQoXCvZEkQnXUsqfbYnErCCYZw4EJmiesiQiqrG7PJlbQoCT1ka6cp3IM8C6mMK8rsAU/xcao4uCPb8cee4kuBDQ8+NzlKpgQgzOUiPZS24VDRQ0000wyfPcQ6Q40+obZTEi1b/wVEYFslbJAG6k7ClKk5CA3yM8rZxOTtVnQKlXZm57FSd53yIITnTJ7ClLJ3+W3yeViwuthdkhL4SfhkB4i1KxR93GmLoWvlQi7JEyoNRhR4GwoAgDU+b0ZUFAySWmSIaqHZB2qNIFR3jemrykKkWQ+yyXuT7tXMDnFkKKPSoaMi25eUXFcme9B0T4LF2q/+GRNwepgC7YHOnkiPrVxSblALZUqsyxC6h8JffZOaOimJm4Io/gltFBFAQJeBoyhBsTu+XK8aAO92GmbMhZC+CU6QSTR8z3G8KdolkYyOq3JfnNjKDIoqLmbSFK3Mmfb1k9CzdUR+7i280wTBGOFOrXJD/OTPLsV3jmXXKCnotkKL9U8Q1UxRVHyQ2LcshvmqipCghKdlZykTCV08Ep5w5VT7QeLyipzNxVGVX+lehuutqTXMcMws1393J+ouRaVRIzyAA1M9jxfPr4MP78Zvz9Pz797k+ntz+fjg+ncT4PM2IRaq7lT3X4djyrDncV5tYXyg2eXM1WGxQQLIKmcQ6Ppe97WzY3IpJODlV1CwvkSkM9WvfwUa9imNsGAZjC0qubfqacwaThKiwRzP2KD3dt2QcABweJQG0QqEmzMcxOahqUrCRlkQe3MHWvV5yRV+NNpEVzRIi7VmHuIDcD1B2NiSWeTjmSjBo1hM/YloxBY42aSFWavMRqZl6qJ89OK6iYNjN38jwpgplCR9rdXczcXEkAEgEZCGaqCaTJ4AKu9z/HHyIIjMZp1o1A2vMzZMsyFktdiFkaE6eANYDeMoy/ZGZh4RSuRM0v6TNgGebCwou4aqrpCEEi9Sa4AyQ5hStcFeEhQkTSWu/SI6lBZg42UObVzOY3RYSNgRr9W628HCbFgWGWEjY3HzoiPIjOx2NbOhmZmZMzMaeQ2C6T98ABregs4vZZdOsWEQFh2UlKXdIyq0Nt2yJgAVAjR3JmOizIc+otEXuWh0zcFuEWMWAWER5GwrtDY8hqawk+I5beW+sk0peldwG4NUFEjBFmTYR6Q7A7hqqp+jAwz4G1SXCwk3FAeooqgxg02IAgWECH5rQ4qqIrm4UaplRJPhFuoN4bb9tGwHAPd2nhStK7DXOYLHJ+OktjkZ5Ih1lE4O6tiXtuI8k1ElFqaIgkG7V1YVHgINsC7u7EvI2tuF7OmP/Wmbb1bOF//9O7q+vdv/j+m+urL374848n9R0TiMHuARYRiA0NsyBqjSwsVMOViRozHLulsbRlt0vI2aifjqfj8SmXY192xLFtcLXkRIQbVYxGABBmYikzAcjdRMTMW1vubu8+fdIxHCAWUnMLXw57Edm2EyhyQklAxjjd3t18/5vvP31cA6TjyXXty363v/7pj3/88Pbdyy++uLk9NFn6stst7d2bH/7iu29fPn/+7bffHB9Ob979w3e//uJwWITsw09/fv/mjWsAYbq+f3d69fWXsdnQ9fbqcNgfvnj1YlM6PZ6++vbr4+Nwte//4vuHe23QZ8+fs8e71290nJ6eHtvYy34Pj9Pj09P9w+nh4erl4XC9d6dwuro5sOjp/LRfYjnsdOQekBkYCXcZ4BRB8YVri6kgTDZKsliYR1Z4pMsiuykJ3Qq0MIV5Cnaj+Nggn1qfgq6lxyjIUk2HwrZFRbeJbbOzmq32CsDz7ICj5itNiUY647k0DYyISJa4EFokEXupHFAi99TLRkK5bBpE5UtFZGTQpPZSCOfhnCs9CipGEuf5f9MpiYwWoXyVSs8TyQ1eIFlByiRVs9FfAehMHnFpwcwI8+IR37cAACAASURBVPpUMHISXyqAQcQewRnlnHx9TcPLP+Kgy1YMpzqVi5CnJGMCkW9Kobtk6QnpG8WssbICTK9tFtl5TRdfBwkHZVj2bPMwgcKpmqsFWQvEeNHNRHOsFKJyUj1KOEZVG+RVVXsvcgkgwXdEMnrlR0jXnYE54UHmdlKRW2jxeRWVGifCHcTOgcqsSaSXx271mmcl5F4S3lzmk8mPIAjkUsREVQ6RopesRFLOefFdUF0KzVevHlVeRlHORNOIXHx1bm0EEqoFHmGgVi8XTR9qVVHZcUhmZEIXRCmJg7O2Sk08z2EXs6ws+F/YMl+ubLPOF5iIKVqGrEVgDCeEmo/zCDAJ67BNTYdljybCRJYmjcg0PCLcnIUOuy5i5GbhIrzrQk0ilDSYG2C5gvPJVVctx4XFLPuEYImUZzl1KSBpLiUqiVxWVcggLU/6lKtVQMl4AMThTo6aM5df12YZFV6Duqouz1vi6TxD1gGZmVBVuGfyPLNMjV6UlmRyGhQMrvhq+oVXI8LJeVY6+Y2Dsxlk2eOigFD6sULMY9vWh6fTw3H8+Ob4j39Y//TH8eNP64f3H8e6durCYIi7OzbdDIE1OAtU1QHEfne93+0D8Ni2san5ZqNxG3523cw2h5HBwsyduGMAiDCd2aQcxOSubsHuasi9nAjMcBdwafQtWBo5Ev0HzCIWvm5Xd3y46X0nLKnXMDO45Ug7sw1wc2XpLEJE7hpmFJF32C07WD59RwymjPGknAyauiSt+QwWaV7wYedE0UvbOyxFQ5zuNwoz51RDuZkOtAbkJhnmlp3ODG0hg6lLEyEK4tw3PCAsljGg0rN5656p/sRIGwxraUwjAiKZ9EbZG2Rh15ElPmX/yU1H5vMwCG42ZXWRivM8UUJduLkpIidPlfQlt66UBXJQ5bNnPMZsVBIIxEKs7jnGjjmnVTaSDhILpQCHE4JBmY4KhJuldz+Lf27kSIU9BeXkZurMYDg8zFtjojbG1htzhK1O5NJE3VgonHI4aASrG5wipxpTWJT0BWytdzIEm6mChIVCQ7fNVaVlP5CkdWpLykpSj8yIyCYgCzdmiMPcNncL2+CFidzDfDOyBhpbKmm6mQZxR5OMblUfuulYWdqy7FXH+by6OhM1am3fg9nhzkGAm5sqLCwi2IjChosQAxYuIpgkp0e4GiJyTqib6XYmadR66AYL39yT1CHnJrY5EcxGnmRmRkHpuO2dh5q5giW31MhoFhb3jGjaSd+iUuAiJ54aNmHJJk7KnII4KBWxDncgQ67CN5UmxE2YV6L/+IefxtD/3V//5np39WE8gjsxCbeEoSRowpsNuDG18/m8abTWbq72IF6HqiuR79vOiU7np2V3WHZZCvo6NhCJtKVjtXOyQtIWUKiOdLBn7RoUTowglp7ngvSe3hYhPlxfPTw8PLu9+/LVizevPwTR/nB1fHritt/WdXHb7ZZltz8d9f7+1BsoXKjdvfz627/47k//9E83t7fmuP/49OHD483trQYdnz6+/fPvutDx9HRa19/+w2+D13Xb1vUTyO9u9udnN+YwptY5TPeH3bN2xdSev3h+9ez5x/sTnE/H9e7584V3QruXL+6++ebrbRvSl2h0PB2ZWYQ+vr+/fXF9Pp56P9y9erG/6fYgqjY2fXb37O4Owuf1/GnpkmlaCU5K7ZEoUQREOXapIHICo8I7mP1vTN6SMOUm1WVKUXZZCaTwGyZtihKEU0q0EoUikjTO/yOmsBQ0UlQbJyl6ujQuE8dfMg4TPSOcqpPhxdRV+9wq630qeKZMmuq7ERWqT1V+ltHZgytRUX4xINvpqFZVqm0qn7kweAqXKuvTw6JilKlY7ODSgtdsM1ASOZx8ccbWefLOCVJAFGGfoeC8usl/Ti1UoWQmCsjn6UnkUd8MAZ78YHGDwUFZ/dEFZCeNzTMEpXKEgMQZWQ4hBL8w606dC0XU/brYTQuj4iKnolkWTZY/StUDurRu6sgpdrP+VJWBHrO1V6KdarrMn/GUDF/yIiPKH1Iiipi0KVFQy95ENn8SfdarUL87qatyBJQxJk/jgvv5XDAhfv0ogTKBi4qqKfZ/lpN53lGF66LukAfInHKOCaG4YIe5Xdy21epJrUfegiwkoshuEHNkn2teS8H5ci7ka0gIj5TFJ99P6UxJX1DWte64xOXNxRhBsEhxiWdGsIDBkgHn7jE2jyC1MIWqDtXTeWxq6mzBQrvjUd3BwevYmtDNdQtyHZr8QO90dYU6Fhm73bLvAlq5scBZTBqJkJcejTJTNFhrW8ja11M6kUm5ifsBBITcYe48jQFRhhcmylfaiT7XW+XJqKXACGQGoc+KPC07FBRElXGejbzJhFCIh0dkxlNYudSBdLVbviFkRZPkFsORWZ/pGiaJkrOWwizH9BCyB1JOpARWmbqVj9GddGyPT9v94/bT2/X3P2z//PvTD3/4+Hh/VrWhW6NO0nSo+8iM/Mi5s6bmBmJh7stuWfbEcHcLDHWwMMfQs6uFR8Ap2N0DI8Buq1rykgUBqywNCnc1zY3O3Tnbm2HZQ6QUfrgP1+qkuPe+yP62729l2TFJpCCPqtg207Q3EHjZX1FWfhFG4T5YCCoAgd01J1ElReAgWGyIIJYGEWoB87FldkM4UFmZ+9aktaVJN2PX04iNLdMt0VunoFFqFg8zZgqQq+e2XN3S7MdmM7YiNbOLRz4jC9IcY+EBTdYrkGGRuXNzhAtz6iTybad8+2KSNMHSUndEJDk9PszgPpgIkAC55WBlTFmnBEJaqwEsRADMLsd7INWImVoKkiZJoni4swAkLEAwc2tLbX0ce75CzgOaNosMwzSQjo2CiQUCiyosWCScPDRCU9pUhJF7zgFM52sT4taCuZrJzGHpgUMoXTg4UIQbDCLS2+LInUlYRMfQ89nUTJVbY+kGI4O0ztLcTEQiwBJssKBtPWcBLEzwYboSE/xzyFHimOv99bJrburESZq0pUlranAd7sqNZGnCHBGh8x2laK2rw1XdnVDgNDP+mbkxRaoqPcZ6ctPWd6AIGBE4+9LZMmWmgKsKS+u7oQPw0E03IUn/A0nr+XwyIYFyrEf2qi0ix3lxNZM4d0Tq6h6mPcmIYoMz14s8Z3KLRHhvbRhEepAjjOHFKzIRSFXDHWEOPp+3k+vf2Vsi+v7VyxfP7t5/etyEDhbELEGtsaX0laBDCRJhFgr2m9vDTp1YTqc1LILJhBFhjv3+isK2bazruhF2u13ruzDMoTpBIHVblv1uuTqdT8Jhqsv+4KZAWJATPR4/jXFuy6Jj7A9Xu93+6eF8Puvhph0fT4zou2Zj6+xffPnFeaXr6+fbEPbjevxwffPs+fMvfGyH/e7Xv/n1Nuzj+7e7w+JEnx4f3n/8IH/87et37//lv/rvj5t9/auvP7z/+PTwcH2QsZ5s2NW+q6o0lgCr7ndXt3d35HF9uPnv/uV//+bdh4enwdLffzo+f/m1DpIW+/1VxHnZLSRtW7e7u+ub2+uf3nza96vRXW0Qi0i/urm5OuyX/dV+v1v2tmvXY31SsxQHoMSCmcQAokyToQsCuwDgyfw5aMKpAlhUp9Jk16qV5Y5pJ5juWxR0ukCzPLe49EQIJKWSsyboF3RanbHZAM2NNCjgnPOCEnqlJqMoweJz65hNwjohrzuTkEiVMUSISN4zQRjTBHklcqYC2pXgwgRip8rmo4viJNlWZBw2gCmGKmkG0QQGCQeT1yt4W/MemVpt5snF0y+2YaovEYhIhVuy+1Q1F6qGCZQrOWaWaNYVfGGKMfnSRMuBihyPnO07i5jyIkOQjbypfSjd1nRZ5N/mLEgQOcjcAhmJniYKKSdmPc9cABygS3ZlVmM+AWsktZ6uysrL9Mg7XPVJ3dR5u6oPk7qdpP7dk2UuI0ek0TK7ItkSjEBEyyeULubcDymo/HbVmrp4QQpmhdfRmIQZuBoCkXVb1QeFAQNFw1cAUHWrpoHDY5YbZPO7E/lnn0aWSXTZvVNPzKlT+1xWZzsinCEyzaCp9f/Fg68bRKjpDBmZdIm4zIeTiThRNUFdnKc8pipoCjfnKowrJibYQ2z4uum6+boNcyH04+N4fDqtG8bA09GOm8HWbbNwtL4QS28stIlQa8umA8ytM5MvO3ELorg+2PVBCCQdh2UJ0aXTbpHeojXvXVhE4VK9QrvYwBLq5b5WLaJLAzLRitdBxVlmzX2H6NJzQ/UVqJ4ikVz6j9W6TFFGJhBhVtD11KqIQu6IeVsxuftcvFUget5K9/nM6bMvJmYjqrp8s8jMR08sCREZTBCCaPgYYzM/ncebt48/vV5/fhd//mF7/dPp8eG0Pq22DRZZ2iEcYTbGGW4sSa/Aw0qZnRAsxlnDVx1qjbtAsqe2jkERRI2pS3WgGoJGbGYjYDBmloB5MODMnWzaOdLUSpku6+6DAiw9cSo7RMgUxEL9wIfrtuyEe4RFwH2IUJe2BSiM82YxS2sRkUmCEtRkF0QhaqpELNIS6dR5gGBiCyU3BpttGe1TJBFAAiLe81VfGhN74Dy2bRsOdQTMAPQUZYV67c85VK4q85w4Vhac9KinSCKhfCayVR4uzFUguZ+LcACG4HB1B5EIOeCW5mYCwCIRoWrSuJHkx2bxxtJAZGYJfKSlezgbHRAS5zA3M0XGTjJHhJsCHESmRmATEEmTFjALsHNrQqCsBVg45/CJtNoMLXLOdZfGJAHSDP0BcYppgiOMsu4hcgdzzhQOVw0PHVsgKXwJd1M121JgknNJW6cszjgo1ODGJBHBHK01UHBA1SKoSXMgZVfmEUwtpx6MlIQ5L13awtJ8KLGTxzbOvXfUEQA1D4eaEwXc9LzVkBJigMGi6k2oN0qRVbh7hJoFUzu01mhyeMHCvbXz2HRbw6HrcHUIsfAwNU1BVATU3TO0qrVGzGoe4SSC8GACdSfY2AACi0gbpy3laFln1TnAxVyIiOoG5yYC08YNgCKaLOpKxDljCBbOGcBvtbQQCBcSQo6p5gibyI7AEuVlp6BgIXJRt+yoh1kmsNbJ4k7MvTcWRrQIZ1oceDL/bz9/eDqd/4//23/xkm7ffLqnYF9139lXDXVpLUCqbiUgpcN+BzCHmtvtrrWw233rL16wLG+f1vdPx6d1vXl2Kw8YqkTUe9vGCN3O5r21pS+2biy7V199/fNPf7ZtQ4DhfemPT+e7589M3cJ676q2CP3mL79/fDg/Ph6/+/V3hnE8Pu1au7662s7n/U7g/tXXv/ruV98+3X94+/rHq6vD7bMv1+P53fHhf/lX/6vvvvvu//3/+H8tC/67f/nX3/3m13/77//nu5vrcX7UoceH92H9m2++/Pju9ekTbq6vf/7zjw7/7tsv7x+P5+N2+/J24baeTn/56//Nfnf1/t3jw4fj7c2z8/hE1J+9eNGW5e7Zs+PT+ubN29vbKyAeP33cL01g5Pqbv/j67buH27vrTvb2549Xu/7yy1dXO364f/v0FPayoeHq6kBk7tOwR4zpU6TCOTRp3hLIFPFIBY8jPIUi7pzSX9SJGwihlMcIqmlAoBn1ksflPMAiGfBkILMkSFBZBERxYSV7+AWLnDoQkuQvisnkQFg58goRMTgqPS939URM5aOdFLWXizBHjn9GlFzVCRcbmCxfaRkx/UCYQBQkaJMkzZvoF7owrzjvYQqE68aAnIpU4UANWytdFApZVtbSLK+SLwIRZXgnRSDhYBQYp0oxKvBHkwn36XpIQ0USUVnMUSagVMAP1ZTMylUIDs60+DLa1cDWCMwYy8nag6ZmhAgxreE1JiEhUsy+TgTcKNWiBbBQJAQiw+ijkFAhzfmF8gY5ldo3b0fhI5/9Gaqmdd3py+VFgOAclI6NlgPNE/yBSwWUUK1KjHwvAlOpXcqgQI6UgoQgi+PMizX3HG1Dn+EewlOw4A5wcKQtlSussroIuUYuXZCsXLyeP0UpTRGl846EMVWhVvBZycKmyrGqYKcayVagMXstKMYaE9uXldgT/qdlO8X6lecZoFmJgS7LwDTU9LyO02YPD9v5ZKct1i30LPf3+v7jw3YK0F4Nm8W2GQDzYDoS0W45IKj3fnV1BQZIuTEFlh5Dh4UdljgsvvS4vt4frjpk3e/ler8w627vreXm4a2hSTTh3dKZwsNq+iBZRpgJZcpsMHl9nRTsXZp9dRvqm1aETtUKpSikYpRSzp/UP2YhGNPfRClAzD+fTIGDc00maCRKuGyX3bPYjmovGZC8Xtl7MghEQqqGZaJgZsnF70UA8Da249Px4aifTvp45Hcf7fd/PP3w+/uP78fp4TS24WEUYLSwMNvCA2Twcmxn3m3GC3SBR4Sp6jDXcI+AmQ/3XCBMJNKEGsBLa+lgMKBIXIjB3bcywFADFPDMMGssqXhDEkpOjSg8NFbOzcGCiNtykOvnvOzbsqvITnju3mZqOsJdqINCI30lMDN3J4CdIsLchioBOT3LnXI0QYSZR2SjjeBQJpZKtiZDkA2IsDQiHjZUVzfrrQ+9FPjkAZgSEXudRghIZ2Yy9XJPerFbuXlkw62UiJnow+xhHjo5Fp4UTURuEFTbIUpcChAH57xrz5yMCLjV5EU3C0QNI8umEMHd1QaCMmFGKEMuswqOmOlsqMAKZxJMUWIWF+TEYNNU5hAQBkdYvn5ERCQEMTOX1YMDEFqIediW1bWpIpyoZYCpUKtWSMTUuQlC3d004JAM6KhYJQqiCLURjFArCTeKTLEMSsjhyuHFn3nSkAQwJGAAegv2FLdUfqZgDCNuRM3UHKRmcGOWJogxbAwiastSd99cqBltEQFImA/XDW5msvRd7zA/P57pgCatd5Ympuaq7LkYcs5UhFM4mWmSTZ5yMqB14SY6XFqTJtv5ZK7cmpsBEBFzh6nB4JoRTGZazUBOxEARYWbBFBokjYCxnqU3BLbzCZIEknB33zzU0Umke3ieYuFBUjLeHAlE3Ny2lhEeLO7I4N2svTnHy1NF1hJykCW5GUwpFWWtmQ6AXel8Gj+fzo9Px6urP/zld19889WXP/z5TSNuLO5KFK7GjaWzRcaioKX0SIBYr5e4Et/JdrU/uOk318vHo//hfdw771rfxtjWowV6X3i/czdi7m3py8FJHE5CL1+9otbtfGy9mdF33357/+nx6f7DVV+2sBfP7379q1/96Y8/vXj+7OUXd7/7/e/HeT3cXZ1O56vDAdEe7k/Xd9B1O96///D2rb766i/++stxfDzdn26f34JwOp2enk63L79Yz8dQZfVnL64/fHh4/eOfIDfPn30LVyY/H4/msa6nD+8/LVc33359+1d//Zv79/fHh/WLr17+5jd/+c///NPx6M+ubvXN/YeP729ffjMs2rK/XW7W47ZtGGP78O6Rm/z5T3++vbv+7jfXTw+Pslv6bi/LfigR8dJYl0VIXMdGT7Sz/SI6NgaJtBw6n1b7tGdiCvwp/1Py1l+gXZ5TiXJ4WFSINgE0OWZJITgsPYEJvMv5FRGwKNq1Th5c5CdZJFTdUYQ1onjPqgTKgEdRkvsaNATiFPNHbtF0+SJcUy24BgiFTyZ57ntJoAPTZ3kZ4RtAJm0lgGXkVpTJhIVH84MoC5liBade6EKuegEoOHnlmBe5Dk97XIR5XhwspSMEToV5kOVmPSMnCRe9T35POCS30yrHMsi1Silyqkqi1FxUoUaovJNE2JAsnNJGHIGcyYXLcDZCBDFKVCT1nIRKxTSlXHlfuHzDVTIQpV9rusYrLoUzlsd80uxIg24aB2eqqs/yJDsFMdlUuvyazGEqujSP11RbEaIqj8gJ8dmYJuJgtAJxFXaUJDg7ccriY9K8sx0eUTqleWqmDaCqm2QrIjmSek2QSvlLzg+F5/CMLCyqTxBTFpJrLrOvyadSDjRLD59Vcd6MCDdi9vrwfJNqnkB1clKHVAuLwpkZkd4F1DsQERFWeuaqbvI9MVA6dypEqEwyJBlMdd62Mex8HsdzPD5un+716ZN9+LgeTzieY9Ouqz8cz2NshCfh3vs+Ikj62FZzZ8baAaYm+vi09aXvDvvWIdLGZp0ZwOoYYxDxp6dt2cV+x7tlOex2zMRdr/Y9aAPLsnAX7Pd0tSzMFtiIo7ecDmfZX2fiyO4djABITAWUgaKs/MyU+bzMmSxXKITr6EY40sqe+bSomuDyWtZiyFYT4EwIr/KNuErAfFBMCAZcEv5zqcNzU8v9L0/14OCYl0TVjQPxMDPn87ptI1Tj/nF7/fr45p3eP+DNm+39B7v/+Hh6OJpqmJvn5HNK6Ta5JevCXTzc1Jt0WSTMuaE3HpuiJ75MJb1tdsymE7M0Ofz/qPqzZluuJE0M+9x9rYjYwxnuiAsgkQAykUNVZVUXyaaaTXZLJpNZy4zPehLbjH9DP0ePlJme9CYZrShKoklNdjerq7qrKrNyqEwkgHtxpzPsIWKt5e568BUHSaRlIi9w7j377B2xwv0bY8ZKjCxcWqtamzbAk2S1BqvmJjJIGmEGGEONPLEwsVpTLUTs1uDEnNUboVmYm5lFhrx9PG4fy7hhkn7XOFzNoBJtuCkzxOGkzawhrmZz81a7cFAjLNa1cT9pzF3NWnyu8XElyexQNMBMG0dXKHvRM+amrmqFIKYaf2oseXA1KNx6qFR/5DgQ6Z7ZTNG887Qe6IgwiZCoL0HZrNymEaVg7OLwFSEwaWD7sK5N8p6Y6w4zuLupulpE3SdJxKymbt519KYOJEnUERlGpPTS+mQEogL5AW5IWUzdrJJRdUjkTackKbsa91peOGCm2mgYNizSE7oCinMnQCS7k6lh3YQlJYrLuYVLAe5sruGCCOKk1dCZI5Jk4+BrWp0sc6qNBGqGxI7w7WuEz7CZewMxewwdWVLm1tyC0DKUUlJK3tlaslYZPIwDpeTRbssJBK1KDmJyrajFVFmEc8zZFWYiUssZDmbRopLITR2aJDOktebAOGVOSR0sDPNWqxBTJnNpsCENahbyJYFwYieoLcyiWud5FhEQE7Q1aK0knMepzot7M4e21QwgQkRg9gYQoZknQxIwiUgMV0as67LUtAVElmQgYq0ukoiqm8eSE6MSRKKUzd0iylmhgKu2lAY4mVlU9VA8Y5i0RWOgR6kr4nHhkJysNnLUpUp2grm7UKLMzDKr/tUvv3r35v2f/ujzUWTWei60mwYiL7WOYCEaiBeoaKPWEtf9KMi6SxiZmNX1ZE7L0UayHz/JZ9787u351Q2mi2uHLlW3F9tlru9ubpRSzrmcTnfv3nlr728O//E/+U///m/+9u727vLqGgC0OWy7Gx89ufzwow+W03zz9v2Pfvr5NOabNzebcRhzvjsc3Gy6GqrjB198ZnUhXXbbcb+/8tbeffttjJdf/e5L00rCdSlvX78/nsvV08fHw63CSz1f7x///stXQouIDzmVujBhPh1zHjaPL5ZFvQ3DwNaIZZC8IWmPrp9c3zbIdrx4dHt/PBzqoycXx/u5tmKGYTPNS5GNHJfD16++Hfe7pjaXedxsa6v3d8cPHj3dDNdZlKnBay1zojFxN8BEbxdWayp1AUUfQ1aCexUAxxBg4q4W0d5IBqUV4qCHCX7FMM0b9ZO2uaPHfnRQJGYq6sOoh7fQu7rWO/72HQuxTlC8Rj52bB0gih4Ydu/IS2wqIZ6JDWQ16vsD/g189+f6iv0H/Nxn+Q48cwSj9BUHMDcBwx4y6B3eWzpjL0KEvpBHt+EfcCm2rjnUM9ZjJPQeOuNOYDc4e8f3ATeQgxzaJSgx7mMlLGAUigPv38lgAuk9xA/0RbckU8h+gIisZHOPAB1a15YOWT8IFjoyyv31EaGT1bL+IPH1Ie4heBS0sfetpg828Up7pEuP9kfHu23dQVxbvNAIG+AQKrk7waKDnYj+wN7QSY31NOo4tq8TW1cIPCgmYmCPQJcwVCeseD71n0ZiqI+LKz5sAjFTQGXeLxyPD4WMrCNNRIiQtwh14PgjInFsvaRj4TQ4hKUvK/0lPjwou4E0dktewf+O5QedYXG94eE3Ptw9MegTMRGTszPBHp71K03TjTfxwZmaA65q7L1VhwGjMJLHmquhRHASsqid91abNr87nO7vyu3dfFrSzW15/ep0PlBIfZpSMxcMBDclwGVg4eTgqs5pFPiYEogkpZiCkiThpM3dIUjDuGGGozWzUvVwPvP5vJumIREwc4IQLvfjOE2AuSlYJWO3RSJXR06csw0jXew2wwBuNQmGnIgJpoB6F+JoSL5iYCSmiK9CoPmhWQgLOVsQhSIpHPyRPcpgCsQUMJhF5xmYKRYzdeqUQUhfLJx2UAeLkFu4odIqEgs1HkAc8FsAJnHZqLambm5lUXeeix5mO81+ONPbd/O7N+XmTb15X0+nej6V42nuuhFzlpxlyEncrNrcs8wApxjC4sAybQI3ZtemnCjnwd3Px4J4o0AQSjIYhCkTQbwZ/FSWZotadYrLB2xE7MEtJOIGBNgId5cVZQpoAm7W1DqepBbc2CjTLm32adiABjVXa+7OIIE0a2q6Hqjm7kySRAwOa07cnBB1yJx65pKb1kbuLNxaNTchUTR3dTzk5QdlwwAZWEsxeHNFoAi+dIckAsjoizGzhP87bhez746BQLsID1I/7qYf6iyee42UCuGUh2QOV3Vr5sqUBKKAuQpIRKqZaiVHkgiy0C5mihhN6jNbf25bi9he9l4dlyQRU8/hdHc3kQSHfqf5c4e7duOBw6DuOSVO1GkKT4mJPQZu4ixJhpTBkfwjDQY3kZEpgUVNzYw4EdytEVZ/DhFLF3+pWq/aAbkbEbFka0rRh+PO1NVtzb2bEfreHXsGmFiYVYPgJhEGgP4IgpoTkapCiIaszdwqQ4iIOeysrmpOELg7IpPeWrOywJWFQGJqWmtE7zCQcyKiRElrNfMkKa732PqHYZDEtdRxM3mYxlgkSejqmFMpVcP/DU2ZWusTEAAAIABJREFUzdWdU86mCicZU6QkN1VyZ8mx1LXWkripSkpEcCsi2UwZ5OYpiyW2pmaKyBJGI48gv6hQTwHMhfszZenUVxJtjZkkiam2pSRhB4IEABQkiHWOWzzym1VYV0iSGTiD5UGAEEBdsPAiySLvwt2aMVy1di4VrG73Rd+e28u3b3/w6cfbi2e//u0rXcrIMqQ0TmObSzOt88KOHcs4ONvC5MKUhkTIgJelnus55UHbcmznH7149PTx/pdf3zUn2OH+/SENuVWbz4eUs5eZYEz46Hsfb8dpt9999OIx5enlt2+1tWmzbyq00H53lURSyi+/fpXH4Xws281weXVxc3vPoPv7w+Xlo6Usv//1l6+/fQcWprQdx+U8k+nhcEvQ73364fE8L8XVS07Dbp+/+ebrnOFtubjYvP/d18+eXQyDjAn7/TgN+WKzFcnTMNx++363e/qTn36x3W4cabvZXz3ec4JZHad8sR+T8Pl8+rv/8HrKfL1/Ud3JtDW92G1rmcV1SCQDZ9osherc5nMpddnkNo3Y77I2atrUOFOKSEt8p9LnmCFWZD3giJDNrHMW4K3T3f0C4EAOQyrjERmLiBRmitnSuzk8hNYPbIHhQXKCOKJdIBHZQX1WXQfHFVYP71JnRd1CvUE9QlFWcYrDXYTNrEuf/WFC76nzHCWaHirbGGAD6ANFAAZ17UQ4Rrn3sT9wse7cI7aB2D064B9TqLu4N+qYSAS3eGcIVhKkvxF9kl1Hd+qgHACDxoYRj8QeB995t/7uBJhP6/C4+oO7doC6UsgeQlU7Tgz3h3e2P5C67iU+idh9iOOt1a5jIPfVvR3G5p5CSdYnys4Zxj/2hxKprgQKxJPYvaNvHTYi90iSiCQXdLqFOM7x/qXAakuP7qUekRSBsBYN0+BeAsMgxBmIKFdFz42wfhpG5AYbpW7z8Mje6BtfKJUCYot3pzWNp3Zfh+KCjTM1EDHtapCIpolOXTYycqiRrfumr2dklwY3t+Btfc1OCj1X/yLtF2dfW82dV9Iq7hD/zkhuEdzjiIFTehVHoJ5xlRsI0BCkOKlrjBBhpnQTJRNhcxCT8IAwoVnITBEf6nyupenpVE5nvb1p374+v32zvHlbzwvP51KWSMsSM1tcB6EhbYhF2FttJyzDtDX4dtoNKSWGCKdhZOJaq1lsGqy1GdH5jJwkTZkgWQYDNV1aBXsrdVa13e7iJCgV5lpK0z6+z1k4xOksmDZpv+f9liX5kNrFdtyMDCzmxqzMJDL0igsYB31ELiTeL2hHIPmxQwkhap2YrZeIB9IfskILYU9I6I0iTwFwEuoraJw0HNVQQah42DH7Cmuu8Qx1Ilc006Zaq6qjmZ8XvT+Ww6GUhUvh+czvbpZ3N2U5y+Fuubs/1bPWpgwQU2auSHBo1NYa4qo29Iw85qQetURCTDklVWfO6qV6HdJQtZlW1aW1moY0DiPxIDK0bhIQEJd6anVuupj7kEeQqKpZdesCNfMCiqD2WF21wUwt3J0aOLZVYXHkuJnTsMvbKxm3IfBIgDVjMpGMjsI49d4KQ2i9zPGQQhDxdCJBsLo1dGubx34tIBKxBidXWCRnMrPwiH7HgJHcm1rFA5QSx17nXuPaQDgkGevjDK4lhP6r2pPgPcifzMlQW2wvnSxSJiaRWHJgwfIpCTklIeYAzkE54hglqaq5rgH+q5EK3qwFLJBEwCFhJ3KKIbuHV8X64mrGWpUIxGAhc18JU2dikgxyZSWCWSNwyqln9aoSK0vOPAgJQIoWRDIDSu4wZlI3MwWj11G5cbCX5iKsalBlEUcUYaC1uCCJ+kOXTNXUOEJV1QyupcEM0oOSUkpu5k2beneRoTVLTZ1N2F1VRbrhWZuWpbh6azoMYc5wAqlaPOi0qTZNmb01tSrcO4C1VjeIsLCQWZtL3g7MHEGlDKhySiQpD+MkKaecJIurM5GbNjfJYmR1blqsNtNmkqgvvuZqLVIAIzhWWLQUgzpUWHLmspi5cRI3BcKAgVqVYcJQrSwsKaM1V4dq5LeQspuGQFhyMndtjdxzHtzg1dSaWZPEUQdhrrw294izucE6yBcPLrAYzNQg3NOAyNWaV2dKENem5J6IIHBz1Qa4u8LDC+qqq/wZTs7xPH57LL97e388/vxnP/n048e7+3mpp1bVZzQhcnV4TW7EeSLhBFdLoVYyMMBOQxqWVo8LfXt/+0/+7NMPn+7+9svxr7+sv/na5rnsN9vHXzy+u7uz1qbhaVlmVfuzn/1QJG8zri+3Mmxd/XB/cLNPP/t8v7/84Y8+0TKfTsfrx7tf//KrR48eDwPNp/np06uylPlcLi/2rZzPh5vPf/Dpm3f3n/7gk2HI148uri+35Xz41c9/9+mPPj0djsS22ciBW1nqxX4DtCHh/vbNdjM+f/b8t//wm0M5X17tP3z+zEodUvrRF5+9e3e6vLx+8dGzUu3l69PpZPtsF5vx8fOnb97euvOT589lmP7m3/9i2gxzKU64vNrPy4llSBOePH/8/t3y/JPH83l++fLw2WefvHv95nQsslMzhBkeRoCqRRdyx+E7jBry/ZBwRqZdjJ3Wi6PJSaHdHMjdlCbMAYoAHtWPASx1gKejlBanJR5G3z9UPK7TnTtxJCgHxWpYg036iyP0RGFQD8heNdN9Gu8IcT+K4ycLmUuPcXTX0Kms0u7A1PsQTiQg5i7yMGJf/coRhEkGWbNLVxQLiEiXoOHchdBR8ZBsRMRq77g1D4LA+zsT8pL+s3cmwIMmWWf0jlt39Dj8uAjAl1bt/3eDaHy9E4Ln74RcT4Im9Hb5tdYqRteOxa9+2xXnj9GT+2MOTv0s7zMs/eHXgp0UBmj8OjYH79+n0x9doahd1hOuTHY38mZQidPG/8AkTrRip9z3t76lxNC7inaoW5Cp/8/qUOj+h3WmFzLzLumIGdmRLOh3CVqFZP1xDRoXAXcTRcTUdzEOyNW9m/8Ad29mHId4yIBA5N5gAK31A303pf4d8OApjv2mL0yu6PzWQysy+jVh3jG09Q11PMz8cYn0YKZQs3gURsC9Q5DMQmQc8TIhCuhvsj+4kdcPViMZiVtTc6pqalpbXWadz/U0t9u78vU3hzev29s3y/mM89yqqhDDOSVKLESegaiobVpPcx2GLK3VWodhtFpkkP1uO03bZkrM45CqNk5jK0Xr3NTacgTLWMecJ5gnQR4mBrszKCWGFb73mbkJk5mxpGZ+KktiAklZqpuNY95sx90mySB5wOU2TUNc9Z4yphH7Td5kca6AsniSPq0ZKOJjE6SThq4ghKUyjijxvih3mMEZDnLh3kYXSeecLGKH3d3cICydH3Bziv2vm0WbalFtqqZelc5LPRzPp0VLwbJgWXB/0Pc35fa2HI9ezqaVl0VLLTCYealVAyYQITUysLkw55xyzr2cUlsLY7Iwp8yeIxe7aQV0zKMBrsyUJaW6LK0sZlXRGAnEOWUH1GozY2bU2uqsuhAh8yCUiWixuekiJImzcFK0qoVsbSxD8xW3MXW14rEEMwNmaiLTsLmcdpcuQvCg2ZI4eVSluCB4RHIYIobYvGhVK7EDdmmCA3ARVrBrpfUojwcPTJnMQEmSN2VOK8lprS3kPEpOmBaDiCtUI10S7iB1jcged8caphv6MYQDoevkfSXaqD8z+61qiSan4tDIJAXQTE2NieKByiS9WRnk8GqtuzRbdXfhePyG74lYmMBVq9UaPRkI4z6zqzGLO5jYAoAPzFvh7pI4RR6ONTMLGSXEJaWgtk3jPGY4mzZ1d3iCxDIDmKG2WsFpQAQQ9HMYALN0JxKIhb0anCDSy3NjDxYic1UL8CduTE5iZpGHE5UXZj0bx9enXjhlzRAPEsBJGCB1l8zM8FpNLUCVlAbueU2c80gMiyBUA0t2InU4SIZRrVFcl+ZKkJR4YKKw4ykATmzurqqluLVIU3Aa8jg4mWprVqWmJKmclzymYRidoLW4giGpF69bWUrMBCIpUm8kD25aS4FpTjnW55AjMXNr5mH+NgMzMUdcQzRcAKTqQmBOzWsgXhGIoNo4MSUhbTAiYhevrUAAs6YqRO5kVXtZDwmlMIQZgVhEWzV1AjQUZcFMMtwaw9UNbCKpNQ8MMtQjEQbNnNyhqsSrwjKUCE7MSeFV7Vcv372ZMudvPv3g0YsPPviHm29I0sSjWnO2IYc5D6YKchG4mytKKeSQNDJLO5XTQhf77fNn+1ruf/b59OkH8ndff/Dzr+rdqU3b6fHV7nR/WOZC5pX0699+eX88ayu//+3vedgM4+Z8f2QSV3365OKrf/jq9ub2zZu3Ina8OyXwZ599dPP+3cXV9utv3pznN/P59PO//tvdbvPp5x8/+cCeP3v8N3/1N+9fv97vPvjmq6+X8zEnurjcgxK8EOHm5j5xmjZDSvnu5v7Fx99LCbvdfibfjEMWXD+9/v73nj95/GS/f8xJSp231x98/atv39+cP9lebmd5+vxpUcqbrRDevX7XltPli+v729vddru5vHzy7NnXX/5DrYUdz188JdDpcDwc71Qf7ffbR9fb7Xhoer9UT9yYCdocEiH9USjaAye837CMFDrgmOF79UOQtM7O1r3iKyTMoNUIAOLVyoqOY8YwSxDBKlJB/G7ueR2BaHvs8HE3O4cWvA/5feTusGjfJXjFrMNzZ9I1nsTCZj22P9Q3RJE88+CP9agPMTUn7a++LxPxmkJJ3oM3ujQppi6QR7xzH5z7MrEOpgEbdpMXCAZb5T2GrtfpwpmOcIck48EaG8WyERBHEltKJ0mCBgkLQzcOU58MaY1A6soi8x66TPawGyD8eJHE2omTYLypr2zxoOg7YRzRhHXp6BshUT9H4p/3+9ndung9WsNAJH0k6sN8fBSICPMYOMOcwUQp1DC9joZo7ShYjQyr7Jb7Ixyd4fhulQqLBdHKzJB36Xu3qQAWUfAkcHXEm+opiIku/1nf3xiqg8vAd1sR+mLYYxfgjtDDwOAwBXXdJDgGhQc5PrN0lYGDCUxQc6GOycYa9KBdgzsg1kkX7+P/Kj+Iy6YjyX0J6QxNz6xZseT1eu7MjAQOg/D3doyZHAwWHgDT6u7BukdfsdWqS6lL1dO5VKW7w/nu/Xw++bv35f4Wb94u94elVm2LMgtAxsFaVGMIJ4C8ektVtRGbqrnZebmbNnlMWUgZnnOGm0VmP3MihLiORYo219ZqzsmEUEoZhoFF6rIsbWGiVpVV1JdMaTNtwBgkicSDismhVY+lHu5P99OGJYEwZtpsur0kDbLbyX4jm8EpEbGnpOOAIbXMlDOzUBZGIoleIydGcidKCYBqI4oEawonvCKGv0QWZdw9kB4uHQdF6zlRhshXbKZqCqem3tSX0o7LcjzO85nmQodDu7k53x6tznQ+WVt4OenxVI6nc1XtGjSHqg05pyRZhpS4tSZErTXXykFfOltrlBIbZxlk4qLFrFUrSfI4bmtdGiocROs8G4INN7innLJPKQ9M4tClVm0OolJOrs10dkfinDkzi7vJqiYmpLhPWHvYbghBAvcwd3M11U72mTs1pjxMl2mzJ8khtRHTUExLqNHciJwkkbs2JydTczdtrX9TYaE+nxN3TEi7AM9MCYBZc/emhaLAMmBVAN7UmjVldiNx06DI3YygPb40ILJOgTL1fNbgmvsy1z1mIQwLwClmUQ8LNwgmJNp7tngFDkDELBKWqmaN0Nv04ghjg7kRExtqU8BEksGD8Y5Wio7tEITE3KJ0VjV4D28WOmyyRABgrjWyDCJjKehUaGtkUKudY1VrWsOh0o9tZ2cL8FxkDA0JIMQ55UkoqfnSCjxuE8CMhQlheNVOJz6Yj9VExN2aKYCUQHARULwzII8+gYDxWExbBFiRg0VA5OoWOGUwQKUJcU5SY0aHg1bnP7s2tabDOIhkHofWmqozs9Zay9LvmpwpsVeFkJubN4J51YAVQ9w3DIOtvkZV1ebubUjJskliGUjNqKqal1pdwexs3tRbUxClLCxiZqUoCblB6wKtzAmcRDKBalkC6CIOrY6EGV9EVJtWzdMEsxZR3mwRKOhmSZKuco1SS6wZzCh1lpxjsAKRNyNJZuauDpLEwcmBIw+K4NIBzS7ZdQCmzsJVIyAVrk6JGcnRVpQT3SK54paETCLwEg9ZNocjp4FJXemo/le/e/vu9vhHpzKmYXG9O867MecxkyRtLQl501aryKBOS1NzmcZRzc/zcij19oR/+uMPx9HT/pFq2er9P/rB7oOnV9+8XZYmr17fjpvdt4f5YrPjLFrqxW7z29+9HobUTtascabttHn1zVebSX73q28urvf3h0P9bWlq05ShmpDv3p3LSS8uL51wdzimzMu53L0/DONgrV4/vqylnE/zo2eXx/tDorzdb159+2Y3pVEubt7cbPNmmjb73faLz168+ubb92/ebjbT9eX1R0+vPn508Uc//eFvfv01zry9vry/uzsvsKYX+401evXy3UefPBeiw9t3V1cXYvXqcjvkRNDbm/eb3WYzTRfXj37+d18N0/bFx5c37263m/FivzveHpLwZnP17NHFdnLh2bEID2qzm7GzhYAxFI4eQ2eXs3ZsMBJmtG/AgHc/7QqmwC2SCpzsITawD7K2jsTURzfvDIMBJB3QjAsr6IY+qfeqMYCJrRMG8Wq4L5cEeNDvgZwHK8sdDg6BSky2MScF9tNlLAGfrwxHWCEerJgBgjqIBIQO6a78BrpYJLBl7vUXETcUXTPooyrCOWHrYsMIt0DUlXZ2xFzJuWuMO8hg6zLUFd0PY15HmrtYPZYEMqwJgkTk6C1GtApmyPAQoERdVQTquREgi9bdCIH4bpWy9S7vjIp1NF7j+5NzXw664ilijDTwHGL27v/uyll0CoENEUxnHfkO6M46E7J+U+6inv5XiCP6204d1MfD3L+Ox9StzMzouxMRJYc+bA6xs/bGGYTQnZwekpviSuSOnPd8Ent42/rA7XGbwMzc15aH0Li5kUGDpTJyU3143yOT391NwUIakR1xC8U4EGl1vUiKeupjfAZdWPmHl263nZCbeihyKZp2epQzRSTIytas1pwICQX3eAx37pusujtp9aVoqZE+58Te1Ez9NJfT7Hd356Xwu7fHr18dbt7W+0M1ZTfWaszCnFWVkzRV9SaUnCtB1SsCGM7k8QJc1er5WBqzaoMLp3nInFMCuJyPhcuYaZo2hkSFa61Ny3yuicWYl6ImaFpbq6qmZpIop1xdmYRVhBOBE2/MvbTKnOuyuFshBVup6nbcjMMwJDOotTSARaeE7S4zDzwsLDZm3U+y3TCRpdRyLnnwKck4jjkJsTdtwokoOcEUnMgMruoBLYMjVcwIkWweLbMaU2qDqpamqgzQPC/HeVmKlkamfDy3m5vz3WGZj5iPdDro4ViPp1pr02b9kFKLR7TC4OxOIlnySEBrJcLj4cYpgZAym3upi6mPSZJISkI0zEuGwLwBPoyjuo4YE7NqUy21zW7mls01pcSUskyB3ZlXIRihtcXqOUQ9BIazkaq20KeH9E2xREavUIarN40x1yLJ2D3w8gcazUjydLm9eDJttpQHJ3a1LlTz7qtqrTJTsoijN28ajFqg4MSsHv5YRy8ciP0ScXSruasS3FyD8nNvrRoRibCbQXtzbWvV1ChM8N5zrR3u1ZwpkRg0ZLC8zrItfi4YcaQ2OBOHDJ0QmXL9EaZhdza4IFrDQiDLoTczglnEPcZTkCjKXx09M8ickCRLilRWq6pRjEriag0QwNnFed0zQUPKRARX7xOdYAXR3J2FGOIc6Hv8DuSc4NS8BUbGTCLCnEP3SM6Q3JPI3CHhtI8Y08ZrvHYCNyLVxoTAtDqJTaTaaq2ubdW/OSEkYi0QO9Vue48htYMbxuYNoDxkCjo5aioUrhCJdJyoLo4GKiJ3zkwkZqDERMnIydVbK03dULWSGeLDEgHMSoU2K+qGPCaPkoU4tKP5TMjYu0a/VCfknDhxFmFBgI4w96ZMxJkN6u6SBeyqHnxBwFl1qeTm2ohZcg561rRxuISBBDKupjU8J60UePCGsVQ6w71pLHUwuDh62VOQP+pEZpElwgxWaxIfuSQhUmhr1R94bkRShNeQvTExUxeVxcwlScSIjF1jyU4pm8eKrowEdm8W/EykyBFc0gCtnDhcRxIJfpzN6qm2r+4rffXmJ997+v1PP/zm1c0MkjRaKYELEiyJMEhVYZ4TBxXAnBevIvNPP70kajmP5/t7peFf/dXv/sOv3714/vSjp892ssiwLxdT3u4pMwPffvt+v9s7Yb/dtFrOp1ZrzdPw8vdflVZKyc+fP3n1zWuDTKO8/Prbw125ur4chs394bDd5+vrYbPd/PVf/bypyQAZadT0+69fEmQYp+NcfvObX//gh5++fvXtZpLPvv+szPW8tMP920dP/ObN6+PdDcMeX178+Z/+6IcfPbkcaLTybJ+3iR4/3X356vSrr17fnXR7cfXq5evPv/jMwDmn+XxKyZl5yvL65au48V+9fPPFT398WR8lGc/ncn9/UNfrq8vNZjOXZTcOOek4+jh2UFlyspZUq/S0/K5/6QNWz4ahHv3ex+0ILuMujiGm7kLsWfN9EAyE8TuAkYXWARwUCL/3jBkihLokdsQe9dIjN4liECZETmKfuqkP4AHMd6E899G8RxgRuZqj1wNgFdpEy6ERSEJT2FWdtgpEeB05DbDuZe84NGilMNAd0j0hbSUFyOM7dwrE+4juqx01vtwiVsVp3YlCw9r3aoAoxDBukcPTf5yuAWHv3VAPEDGvWhhax3F4/1D8QSfjvnpgw/8fChQ2d2L0t+jBoRDPUcdqz+isARzCXb8QLzsw5PXNX8d1X7Fy751Gka5uvrIX3dMcH6e5GXXFJyikQ30Vize7uyU6QrS+0tVOEErT9cKDMzGvOxN1jAaxcZp38zQID8mcTL3fNXXiwwGPGCnxbuL0rp7hh6U01lf3noKlsZJESoeaBbQZrzcqtmFGzjGdEwFMak7sbHCJoT48JH0Lo7iQ41vFZWdduRDJNP1PDyqnO08czlEJxEQufREwdzPtnps/oOi6JgECQN2swRyl2vFUjnM9HspxrgZqtZnCwaf7cj7r7V29v6uHe729bcfTrK06JKUJnFTd3GqrUSNhqi5IlN2WYsXdLPnEIwlnyUlGVC91ZvPj4dQqL9VyTtvNJudE5ForIU1jJmAatynr6Xw3L8vamFtzSsxwleivqcUSJzc7zXMeRiZrSyEWEGqt3W6rWuoxDdkczFRaVW2uJsNwPtnhfMhZ9scdE2q1qiWJ7Ta03yGnZFRJljz65XZ7sWEZLHETsWnwzZg5GbOJMJEyIXEyuMGae9MmfWGV2vRcltK0VpSG4/F0mou2bI1Pp3o4zveHZZ7RmszndjjW06Foqa4w06VWc67a4DQkdtNmCrCZS+rACYVSOYnkoZZKBBIWJiRJwmq2kTQOA4uUpcRiuNnkPA1zW5bz8bwcCdhvLhLJ/fk2xiaRFH5lSpkhiVOzqlaGPLpjaSfTxbWFwDqAIe8wclSKBcz/EAiu7iFSFgbIiNmj8DTUeA4jTsO4y/vrYXuZ865aa9YIUOvaAnMlgogwuZNpSEKJVBsJM2esDwr23o6kEQHjJiQgcXgzJUH4IBC0lSHU8W4G6+1B/UEkSJDwvKZ4zLB7SsLd8uTdm0/UTfMr3QdXMyLpJAa5u4c0JjZhV7g6iwBQ7bgIM7P04wJEAwsLVdWqCgvjKhGRJCISU5PUj4o4Zd1NUZKFktI8FLTmBiROPf9GHb0cL+S2QfV4sxqBIAI2DX8tiSSOTH210Kj5+nyuTd2c0kCqzgSJZGLqvC9axETmnFUrg7NndxMi4qTmkWxB4d8Vss46Elgiu0irORnlHIEzHlEKAmEmFmeLOo7APpo2wNIgVk0thAUd+xvGgYRbUzNrFUNOBDd1pgC23Z0EqVrRUhlIiRVorXKrBCNXmBOxqbk5gTmJhPcAWpsCBFP00AUHkIhzZnO36kngbpKFmUut5aRqAUV5q10tzZLcybRmpthd1JSaSZZYfLRVEFlTBqW8cXOQNWMCcWYQadNMFLCNJFFrBHUnTgnCNM/BCbAIiL1Fq5uRsztEsoOq1vBDE6coNWAH4MwQ5tainok51mwOUZB2BTR16Z56F4trc7BL7MtmRuAUgCAD3lpL6FFRVSu7k7AbO/Hc2vs6/vr1zX6/ud5tzhW3d8uYZJNzK7PXBSQx9qU09KqznL21c20/++Lpkyfj4VzPpzew9pe/fPdvfn4zL4vWl348EqX93j54tqdhe5zL6XB49Gj/gx9/djieXn71MnF+8miz2Y537+8Pt+XFJx9//sX3v/r9V05yXvTDj692U3qT7//oz36chvT//u//9YsPn3/8yXOt9ve/+PKjj5+fy+nl11+Nw7iZxjdv3zE9/slPPrnY7w0yTDt4vT/USv76/Ws2uri6ur29+/CD56PkH3367PMXTya3+5dvtk/3P/7h968/+nwYE/3bX/yrv/qt8XBxvRs2OY08jENrfnl9+frVN+D04sUHx3N58/qtaT0dzm/fvp+m8er6esjy5Omj+TQf72Ztut/vhyyDEKHC9SFAmUEsKTB4ElJVDutvuJ+0CaeY6dz69mahzu8TqEdy5YrdortwiVflTyc2CWbUc9PcOtz7UA1JTIhev55rHphAjLsIsQ87exjaYuZUIxbEuAwAWKNLiXogRE/a61YBWNgxKeQO3Ygb43J/zQ9ZQ96zCEKrvnrZOfYZoxWnX793j1t0R2A7XSkeyJb1WR9rR5d2Yf4DIh5apVgmyNwZPca9Z7StKiLv0HzsTCvg73F+x4IVdqOVgO7nftybxO7G3LMFHdQjncJvvJb1xkLj8UFGtHRXn3QNvK+8RAAMFNk4ndeO/YrXQTW6qpw4vgeBuzwAUd30AAAgAElEQVQp5EOrTh/sPeiwx2v2wJ8QaXXmsEu+PC6WWLJWOD9ULt7FPD2nPnarP8ja7oaNwC3CddDx9FgcU+h36GGjClMiIL2SAP2lWMdfyQ2R1IdVEuRmXQbg6C6L+J5uALuSSzztQrUZy3Rcs2H66O99Fy4x4vkNrBcQ27p+9cwgc0T/bUwqrjGtENGDMi2ECrEOunXngEAd7GA11KpLKUvVsrS52Hmxw7Hd3pSb2/l0Wo6n0gq1hrK0+azWMBcrS6OQ0EGyZECEZLFa2tK0krZxGLNkNzSr5k1NPQoKLE3jlqiHGCbJIpmI1fR0Olzst0vheT6OY95sdtO0ZUFOWUTY7WKTS13U7Xha6lKL1WkcU0oRB5LTJvMAhqq1YuatLCfTJiLE4s7u7AaDoemYc85D0yaSIUgpJTPa7KrW87GEEfm8VIbeUWMuYxrMtdgM9s3ou43nDOKWBp+mNiYZR8pZOdGQaRhy5mbeqnqLfbY1AhPSvLTDvJyW2irrInfH8/3hvMxWF9RFW9XStFWL86HVspQl0lipgwgiMb6Zq/abYkg5JwFDWwsaT5CSZMoE8jwIQKUsDuQ8DDnvpok43flN0waC5ESSfamqyEJMqLUqWzOTBLM0pJRSRp3jGJv1bK1O44ZEynKq7exWI8SZOn4RgJRDDYgO4FhQVc3UawAN0TLGzLyStU69QSvJOAyXabyQNFrgC7DgbpkE4qaNgm0I2rr3i5AJMydisthZV4AkUHBFi9I9io0g5j8hiJCpmQtxEgY8IrEj6k6yuIcgNh5X7GTuUdrqZtw/GbhCmYTBTkxkofRvXaYfqFGwsR3khve4XaMVU4mBlIl47WANd1GsAmohtydy4pQ4WxCQcNUeSpFIRKRqNdfIlo7wMQJArKYGJ2KvamaSOB4uZmruSQT94UZgM0fKQpQd5K5Ni2oz88w9S5SJnZASgViImSiobOZgMx1uzJyEIeLu6IFEFPRjADVm0jnVVQvkwhJLmLpHXi07EUQYHu5UEmY1j083bg+zjoxEtadpcwcokQgnJhKFmnotTasJiao2bSmwCBHvNpRmrYV7yZnRjFQ5MoNjURFBInEhM0Z05xXqnjhjFmHkxKpu6q01qmLk0zSmPBJDhEurOhcQmHOEk4AQvRPmbk2HcYRZUMvaWuIUb2dTA4tVbbUQETi1Vskt4rTdmXJKIrDmPVmPCaSAqzEZG8xdWAhw9Zxz02JqLMwMFtJmIU5spRHHh5rcG2Kq6Difw4yTPGTJreR7T8cjgnWffTwa4BbiuIjxMzNPSQwetdDegc8YxxiAJPHmrbZ3d/c3Bzoc2/evdx88uzKld3f1ap+3iSiJQThzojS3ptaGzabWag6n+rMfPxq2zE2ann//7fHf/O27IY9WT/sxX2/zZrub56We2+nu/qhOQtP2UjifjuVwP2fOm+04DcP+kw9u3t7/4IcfX1zt/vJffRslr6e5/PiPf/To6fHJk0dqNKXt/d2h1SfHu2MSuj/ct7IcDzMueCktDVMt1Wq72O+HaX+9vxbyd+/efvhivNjuLncX3/vo2enu5oPHu+8/v/jTH390MdTz+5vnT68++cEPrz76dHr8Inl9+uSlOas10np5tbl8cvHy63dfff326bOL++MMyAcvfNwN+k27fHohx/bt1y+fffjBMIxjlt12SFlevTzP5/bk6cBmbsbAkCUz1VZVGyciUMyEMcEojLvd09n7dLf+x8AcEuuIpMED8BxCbu/QCEIwGsGb3aHtPS6mQ/79F5FhDDyAzh4e40499WGUGQ9AekzDRKtUBavt19bpTqOd10EAs0S8MkJE1Cdpo1ABPeDoWH8Zy4dHlEw/lbDqh2j9nh1XXwfhjmUjxv5gFdA5gxCQAMEtBJrO32HyDugq50a4Sq3Lp0InFf8nXoRFZNE6Fa/vWBzHsfl4DLXRFd9x6xCNuLu7YsX2V0qE0Kn79Qilh1F3/RxAjJ4o0N+I0M/3dQgO7nlBnS+AQ9c/H6uaKWBoNlsVScCaGdXt1+4W+HjI74njAuyXJvojpv8fONChf+7MlTvF1bZyIcBDAYKHRktYiFgjvozYycgjQQTJOz3iamA0lkTkZuxdjhYYayxd9nA5PBgAwIHThyHOaA2s4J50GntwyN26XLRHzMNU49XQ2hNKiMd8tyr0O6x3UgAeIoQH006HHx0R1uD9kg39RdzN2geJvtEqUVN386ZWqt0ey7ub0837ejzr+eink97ezofb+XQq57nUZqoeTZMBGKp9d/M2daDAOCJD2Q1wMst5aGSmVUiE2WCu2riZCxEYmodhyKNQDqf5bjdOm4GFaiF31bL4OKm3cUjjmKbEKV001VLKIMcD7stSW1kq11ZrEtlNO3dXa2ZaVd10KTMzbafLLIOpqXur7TyfyVWJxpTZ2Qwpy3baCHPVdnu4L9VEUs5JcmvL7PDaVB1NvVRS8/k4v7XDOEwiqWpVr2Max3EgXzjTOOQhD05NGLXWpu5EWiuxkEkpelqWuTRTgspSlrks2oqpqjosWC8bZABAiiw5fHiqTd2306Yj2XCtKZpck0hKSRjVEZ9ytbbMLSfZbTabcXLwIslMCTxO07TZEfx4FslpnMbTsixlEZYpD1aXeAPVoW5DmlLUOyfONDFRYq61NidVK/WobYZroCRmQOSdw91VrQZBSw/GCDOzCmiXfayFYmtGMyxifDhL3vqwTXnq4W7uqk3NQDKwWCR5miZJg4vBiaMoKycS9DlT+83s1kxT0IkWa7lRg5u5NhAxs5DU4sTOFHJEYolMJohQBPq7u1pp2oPquyVWEKeDmbUwMqBPtvHKQZR6VF0X23WmOTz/HhlNLOLUzeEMOIsIi2kj9OKc6FR31ZxyRCdpq1AWIWGRRKoxkIIfEpn7qer9VGph6UAi4rCDRJSrMMCttjChMSUmuAc+rQlDaH+bumr13sEkQhITgFE1osQizBSVziHzysl7nZC5qYdRIIYJZ05JhNxdmzLY3bU1DyInhk1FRC0zA9Jhp1ZraFQcDnYJ2J65qTF5SNTN3JsbnMBpzCknM9dmxO7RGxG6AYKawlXyJqcM8la11WJO7uYiECZA3FPOgFopqgrmlEMWVSNK1Vq8JywioaIhgjZt7iwsWSTFLtVKdUkEZFMVJiOq2ogZQMrsalqttUYkmbNDGOpaiTqeFmxtiIqFpeMBsZMABKhaAomwlnM/ot1IhF0BuCpAJMIkBqeHADw3b81EWJjYokGSuIfhWtXwUPZIA+oEXVxS3r3aEfboDFF4grgqp9WAKaPWQgALuzHAkQkW+gqJvNU+NUXwFBFcmJETixvw5c2pVN1dbq8vpoHT6Ti3LJe7zEStLZtJJpGmYq5lmQ8mn330+MMPLo6npZ1PpeLf/vLmcLY8lt324vvf/+CHz6/evT/W5Uggmvh00vvDfHM/X14etPoXP/g8Mb9//34+latxl+jw7Vev794c2eqnP/z496/ez8fjr/7mF+/e37x+9WK3u9xf7vZb+u0/fL2cyvd/+P2bd8da2wcffTSMqTW9uX03L6f/9r/9i+tHT7///Z/89MdfbIbx7uXNk2cfXnz2w+vLDez867ffspULSVc+j80uv/e9T376p5vHTzzl43zc6TKQDqMgj7f3h3yal6XmKW922zxth83ufDy/fv3+6tkjT6LG05Tvb45u9cmzx/Ph8P7d7W5/sd1taSQAtdWysKkl7nI/ogeXB0Bu2kCCmAJjqGRax3z2FXCOnS8kitr7R117GVzgph2YXPXqwe0SMQd6gh6TH2oI6ks83LG6QTtcHtMT1oQSNrfeYRWuZIpmrADFub/Q0Ab5d+O5h6gIhjWBYS3MBcWUbR16tj6I8iq0FlPraD71jYJiLnZ2N1Bo52NgpnXb6TMsQgwEeCDI3oH3QL4NznDqqs7+YtdJs6vH0Qc5sHUB+8pHrzqo+Ck7zdENTu6dOwjbcmwdhl6MxYixN5a1NUTZO5j98CLIunMCfU7vn1ivDoqYolj+OfaCPrUGjrMGbncbKbCuK2EUIQnI27utoFMMYZIlBtSsUx20Ujtd1QRjXiPxVyFUfBswiIThHTT7TiUVLuz4EoTuhUEPV6fFmxQMgAUT5DFxi/RaDAAwjWEffaZRdYO6B9sFciZocE/g1YBhcO6oLThAee7KnU4ZRat0rFWxKvStqyfzol9YEYUdIuD1A+gXv8G5O7qp68aAvnmZU4qtndyJIETs7qreqp2XejyV49nf3cyvvj2+fzff3ZV51vnczsfFlWDQarUubqAcmXdu5sSp1epA06Zt7qsHWGFOBoNaq1TVteqSwINshMi8qLXTcmJWEpvydsy7WPTHMV1dXm3GiZjqMLtrLW1ezkzGzO7O05TH8WKzhSKzDCkdDqeqpdQiRLXU43xwVzNlTkMe1QiyE5LNsB3HqbXFobWQuQ1DhtXTfHSHM+/THoRhnAZzJ74/nRNRzjlNruMglFsIV6zt6bqpwkqtRTgTUTufW2lWapmNo7FeKrBoK+OUodbUq3lk1Zs6zGttRauRwzIDphSdvCxCkgRpqccASkUkfDYAM0tOtJ327latEqADSlvQ5qqN4BUeh2POkxGaaRKehmkatw4MOatpXQpAaiYMIq61EJFWS0S1LW2Z4cYQJnYyh2QZJOE039fznPIw5V2iwXWu0Ka6zGfz5s4QgnuvmjIIADcmppCjxdQLM2jIgdhdEYu2C0kPm/cQJHDK2zRdjNv9MA5wKJp3ewpSHDHWABcOkTkcTsZEMFUSabUGhiMRDtC8GUIOFzBNAN4aBsU+7cYdGIiGA0LE2u9vhtWONpibNSaxhoCzYsRFFxuCwCShquyYjJqG+dhjFofn6OfyLlhcN3cxV1IjiDPr/1Ik6vBwLQkzIrInHl6mnDKgprD+9CM1NRgxD2mMulQRjWAoN2dhd6itbdTkqqHngHAiEghxr0uGupuqeaQeOyGMCNnhzSpDmIlYhJw5M6eYE0USwA/nDDt35ImQJbkZehusqCm0WXO11rRmTi5IYIvMSlgwIRYJSP0xTw60qqQehAB61gN6fEaUx4BNXBLb+kjS2kI/5oFVsySChgmbSIOaACVJGLK5sbm1xjBYRPFCcvbw+xFcYa0ZMRHGIaWUwBKJIqYKdhYZpg2LRK6qNjN3loGJYWilmbqIOEGbmcWoLUPagIhF1GqoPlMSYjQtzBnmYGMQSVY1VeOU4bXjaiQUu5MpQN2zxyQ5a6txObGkWG3Nm2pLQ3a11qqrVS+xbBBJwK7R2BLUG0my1tQcIonFnZilqUo8cU2DVwKIJVzscDcocxZzamqhFwJ6jIha1+b20JTwIYYt0jW8kkQMM4e/L+3nX7354sXFDz5+Wi6mb759+/pmHodxv5GcMyk1q/NSj82/fnPzX/6zHyxLJfJpyH/7m7dzkRcvrnYXF++//fbq8vpwbIRhzFWBifkoOLGfTqfTUcpS2WwYchpH9/z7V+9+9MUnrXhZ9Hvf//S3v/399uLiOB9/95vfDNP44YePHPLlb0+/fX3rhPk0m/s0XXz0ySc//8XfHc7H7W770y9+8M1X37x68363n3eb4eMXz7//0ZMn2ymP01xPr776arPD97/3LJd5OwzbcfvRFz+VRy/So8cyUDncv/71r29Pd//2L397X9uQUjvb8vtX1x98MEzjsxfXh+Nxu9+VeVHTR9dXZvT2zTsRH8f87vXbcb8Z91uSsTkRy3az2UzsjGlKSvfnZR6SDznXVt0aU1qHMwAWk1JXcRK5Q6JgW5h691QfV10g3ke3DveGMDBgwg7EslukrsRk96D9XpeEPnAikGpaS8lWp2znJcKyGmN8j1mICa3nyAQ63qHSOBYI1vMZguJYJzJQ1IQpurAEQb5RxO33sS1WA+6e6HXCc7D0uZSgvKL+8bUgZyOHaZzPvP5gIb/shxhAwqAOZaP/yxCeYhUSwXrWQ7ylq4U45mx2WguXI+ugV83w6inugfVmwd1hDefpM/+6Z4SJlYLZViBMo9T1m0zo4doh3THqCJf0XQVwUqyMSH+rEH7f/i2xfpgPDblEzhS6+Ad6wR+2u77AOcDEHk97jnRo6+ONU2hue3uY9zE/LglnQpQ30AOnE6J99zVWKn4znCJsIc5ZAKBE62j/cJXDmbvGieMl9kWq/2hhdXfvTufgoGIrix+LmW296jqPQ0SrSBZuihVc6R0cvN443RIvgbIARkYACYWoDh6iKwAwjlRFJ5iBJWzEHim2sYGRc0Q8evgMUFs7Fz2c6vu75fa+vX8/v79ZDvfz+dxqsVoLUeOcmDJnoSU+W2mtNdPW1J088i5KMW+mjTgxDeZgAVNSa60cSaBawhWfJJsraa12gml2rsiCupk2zi3S50VGsKERc4bo0paLab/fXJkth8NhKXUa5ymPtbbNuAHF/UbHw/H+cFeWpVlh4Opi2m33S6nuyENyh9mSE9Roe7nbX14c7o9uQI2OSjvNt8yUWIiFyaY8bHJmodNcxnEy9ymNMR0Ow7jM1W3hlFvTuZSdpGnaImTF8I0ICOfzjDzVamScUl60pTy4mbXmpJLGBFY3yTlEhSybsL4wMkEMOpdZIv7clSRNeWARZg8hX2JhluRYyrnVlpgIomZJJA/jOGwMTIxpTNvNjplP80mbknDV5oSa6mleWmvLUhxOTmpa20yCVptBNuPEZs2raTV39dK0CIlKNei5nEs7t9aWtrg3XqEOZoEjzHyAs4eyXx0ENWJQ6Os686mrb8cUHrZmZuY0Dbur6eJ6s9tHdmSwtcIMd2anCIwaBneXzO6mVSP2IQZhYkiXzzMBamQaOTmdtCUmNYvjgpiaO8FjtEY/wpqFbocT3EyNJWBpizBoIo8jQTV4A4pqhVgImqtaE+J+dCvCD6RwYcDJzTXSNtiJiVlMTR2JKYn4Sn+bWS+P6sdDd1wR0cCy1GbkptX6ASzEYmqAgY2R4KxurRYSYWa1hm6o4mhKDsI4hDYiyQnq1YrDkVOyZmbaHxTRhwNmZyE4XNmof9QuLEzi6sa1GQZLQx5A1LQZjI3hMNckKctg1tc8d3czpii4o8xJJDN7UycS8+b9aWKOqNsDK2ttRBRFb12Lz8Y5h3fBIgpWhAJ5B7WlMhM7tVr74zMLg5llrYEP17Sxg4QhwmatNKuVKbh2hSGl5OTatJ7P7JAUDxgnBjGlJFWtLpUASVmSMLOrVldtTdIgg4xDZuFS2jIXVeXMKcuyVHayZk7gxABra+fT7NUkcQ+tM845mzFJD2ZVc3VNKcPJSnF1nsZ+XdViZimPlHKdDxQNREQRNEeIxzsc3rSxZGIxXySJpKHWEuEkvjoO3TVGOeFk3qBKzBH6CUrMAIgURJ5EchrmdtQwiMLVHKxxZ1Fsz27BEomItSXmqdjICQawuQsRkzRVOCKI3b0q8NXt6e50Gsb0eKJPXlwfZrx6+85oTKkt51kyn4/zfU3Pn15+9smj03zz6GLzzbfn33x51KKfff7cSZ7vPlKd7w8zmw+M1lpbln3KZRiBsdZqWu9v3u02w/bqysDTlA7HQ07jj/7kh+R+d26ffvHZ/c3dzevXn//wk69+//Vyqj/+6afn5fzVNy/PEx9Od9ePr//0Zz998vjqL/7i/7F5cnl9dUUuZvTZ9z6U5Xz71T9gZ//8P/5B3mxu7m7+zeHt+fxOl8Pzp5c//fEXH/3Jn/Puubrh/u3p+GZ5/fr0q1+/XZZv3uPm/vTJ9cXlZb69L2++/Xa3v9hf7N5/+2ac8jAKWL/5+itn2W6Huizvb28cNLbTk0ePk/g4prrI/f05U37x+PrFs5FQmY5VzxSKYlrxa4AYbr6aMdeZKtbf/quQ1IcYOQapXnnUdTQPSL73GdzRUVfqEg0z/24DCHB6lfyY99TQVc7SfxV+qTgMQmgSlqqHAYzQT+Q+QDMLXKlj4GEijdH7YeQGKFR/6wjvCB0mHCZxMsbbYivQDDgLUU/U7+N8/wkiXjkctF0Vbr6K0eNCJyEyctjarcUSY2M3cPZNZD3++2gXKzN6InxA7aCoXu5DH4gY8RBZMygCsKf134ZXFSs1EutBB6CpezsoGv16a6/Fh8KyYuSGiMKk9f3rmt54Zxza5UGhZu8/DEhAHeS3ro2KTTPEtbT+Oiio0NZgXShWWMdXidia/EQPR0f4B8glqNQgSUEUTXYeoatMFJVKcYUCYIZF+TFZvxgdcPmv/ut/+tAsTcS9EaC/ngeB88OT2JziJzPVvkl0SI+/yyQi7tsLi/Tm42DECJ29ZSZwNMgSEa/eX3YIR8hzhLN29sl7YUbcKEQRqdhJFqe1G3kNa+1YJHmsAZFiFCOILcVUfVZTR6lNreWcx914dbV5/GR3dT1dPRp3G9lfjpvNMI45DwmuarXVqqbk7q2Ztl5xhHgZAQmAQgoXdBEF7lyJYlSzMQ9JBqYULy4llpSbodhS27m1UrWdllNT320upmFys3mux/l0nk+n83EpRjJcXl4BziKttZRyHiYATNy0muu5nA+ne7iVVpZW8jhsNlfLUppVOERku91dbC+IyKAX+y1A5+U0L0uSgUyF3d1Mq7ky8+XFRc4Z7iSch5THSVjULSXebfciJMI5591+t9tsASFwKQ0ESUkkMWMzbZOMvsaWB8/j1hLLNExjmgbOksS9VS1JZDvthQVCwzCkYQJoqedTOS9tNrNSS9MWqPBmMw15YEnDMIowCHmYchqJiHOubT7NB3XbTDuS1LTUUlpdylIcPk6jm6fEQ07qWrUQQSQgfSUCzJa2iAg8adNS53k+mNVWZuLo621OnihhLRsJHUYzdVX0szBYQ++DgJlBsZ5g3QEMIso8XIxXT/eXj4Y8mmHNv3d3ksRE0FbdrXfWC1sw0zHcwcwshRgDEr+ttua9fwhB44QQJQnHwbniReQU8UGkqiHqIOausjCYVQAkWTjFg7FnTbCklC0mVYs1ocKN4z5eOVs4sTA5EdauXoDIo7zWgwyR1V5rRo5oZc6cEguYYQQiN2IhB5lDJGL3KKaqcMT31QQSbwcAgE2dVmtaPzZAMb67IyjZAGrcTOKTcidwBFBS4v5Ycs/DwELhaeYQlXQox42cJGUZc56YRFHNTEgCn+OHbLgIY7J+ASASbEDm2lqz1lpTMoBMkpBwJ5FaFBeAU5Ikf/i0TUksODru9BXgrq7NJVLv1QAXEQcxi4NabQSIiIgQqKmaO0tiGtRhVYmdE4WPzc1MK6zBQIQk3S0Y7QokCYjaZkNInYRVm5mJ5HGcSFJKKQ3J1WupDnBKKYu5aa3aFHDKDJCpWateKxycWK2VUiISuTZl5jRkBVprJESUtC5az0wgGVlYWyVbCM55YGGrBW6uLQ2JkIiJkvTnPjVyF8kkYq25OzGpNiJmySCHeU4pxr4kGUSmYTyImyKOdBLJbq1pIWJwamWWni5FbuquxJkksVl/dndIsN8RxOQPo2VoorsZ0YglsqZEhKA5UYG8vivDkJ8/vsgwchzn5f50zsN4cblb1N+dyh//0ccfPU2372+12L/7+Ztff3VYWt1kP92+++zjx5n4dLgdEu+mKTHMkfM2MVur+812k7Owq5faqpOdl/tXX38dtReH23sZtilvCfLiww8vn1z+5f/8N69evvnwey/2l7um+u3LV0tZhpGv91f/u3/xL9zq1y+/ItP5fE5uz55d6vkGd99+/3r63gePXdvTR9vrrfjp5vHl9id//CfPP//Ro+cfn99/q69+6a///t3f/7v7Ny+JdJbhl3f+zb2W4vurq/OicF4Ox92GDrdvN0k3G1HFq9d3m/3eSTL81ctvh1H2Vzttag2Shchvbu4JLXO72uk0FrM74iVHpHAcDIj9vk9zKzEW4hDzKNWlmFw62N/dr6HrDKV2SCk6JurrqBIzbp9H3K0TRB02DZmIdx1NALQepreYBwMh67Nhd9HG2LjK+dElLnigINBdw1h/3QezCFTo/EQMdByKIsTkCnTBYX8xfRl5+LWvCpsV/aX1BXRqGn1rCRV0UF7or9n7H+l/MFU+YOl4UMLRukt1AYyvYThr2FGMsV0ETzF10apz7/qduJ2i3+C710C9JKv/k5ge0Rt1+jMpxrh4SmG9INbqMAqbfz/w16/vyqJYVXrHAgXURB55mF2rs9pz8fABEwLh6tIt9K2yEzPrphK/i/8X7t6+ykUqWQQMBpsoEPrusos/c13V+rwdsRjBpNv66jw56MF/sZI7nUrwiPler1CiEIH1T40JYdQNWY6ZBZ3xEKNKgJs31x52tl4HTCwk4NixY5cLItYJq9ApBJII2ZZx10ph3Zq7ks3jquN+SXI8zsNUTszC0UPAxO5QODMNmRX+KG/HqeYRF5cSg8I4DELUalHTMtdlxjz77fvl/r68S5Ukw30pFc1cPCOZuhGDSCDuVFsxVrix0JAHB6VEZi2WH4IlGTZpYh6dxDmEdJJ4KO1c1bbTtBk3OQ9D3ixLPS9nYRqGLGmiRYWplEJC5e52Ph8p9ZgBZoaTUG4wZl50ORwPqqp1HsZNkuHIZ6HBTE/LmY2SwDMz56vt9dYm4QHwnIU4j8PGvdzevBdmdRvGiQhmJoxi8zIv0ziNMskwbqfhcLybhq1uhlqqWtAs7epyX9TBPJeTqg7T1qFwyoOos3BOMrRWSymKAsCagc0pjADFrA55HIeRxmlQJXJTK1pbqc1aFjFXgKvWIeXEeRpHAiWDWin13MwmhiA1LebNoUIwa62chXIrtdaSE49DliSttWp2udkTuUgGmMgSkVaT1VszpXycz2PODiulmGl4zRNlDxi7n36NiTWgf49GlX5dd7Eb3LRZHPrapdiubm5ERJxk2Obd9WZ3mdPgDtVmpnB2DmcRu3srBW7ISXIObJo41VrcIy3ezaxHi8IjdjN6St2atT79E1MkkRFcyNXU1rm4M1yQEqwAACAASURBVJiBRXEYlcjJGOwheCGQgoUASGj2zUlB7uS6cs0ck66ZRdU8EVszd89sTNGOEJgGQC4RxLF6DUIdQYglVJWgqnCowd0yZ2LKYw4O11S1OWAQodDiMzx8RUGYqoEpp1RrJbPA7N1dOKEXFHb2AwYGm0NdE0uclgHnECcRMlPVSkREgu4wSpzgViExGAuLBHjCKgCTM8FHGR1mESxB6O05anVp7p6SmEGbxugJc8TbXLSpS+JIyej+NHJzjYc3E1uzsiwU0ZPdv4xWGkwTiztKMWaM26EpkjtJbqWCSbKsNlmPIg5xOBTNmIWF3Ko1t9rC3QtCrH5M7rC21DSk6NEkAKrkzim5kKoLJ2ESZjA7UTWXGs9QzoM0N1dri2ozdcvDYORaKxyCkPslYk6cEw+cmFjGMX83JERPnlatM5lRnsDCFKlHyYm9GwA4rhlxdoepD4nKUohqDAa1lmhq9HCKM1trMcKptiQChIwicplCwGNKzKBWlXMi7i4fB8icWUJuQSF9JY4r0DjSXeLK1H4sCLmZMJk6JzEHqcbTVjhBpA+D4eY3W0qpTf/V38+39+dPr8b9Zv/k+vGp1qWVd7enpcnl5cWf/fmf2/xbq/X3b8tXb2xRt6YvX99+/PxqylKdNsOQWYRYhgzgWJaJ25MNILxUiOGwYJ7r/f3b8zKLUJnf//rnN6q6KFRls9l++tnHZpdX11siv7u5bbUsp/L0yePbu3e7iVxnBv7lv/yX/+H/9O//4be/SiC3rOX6e4+3/9GnL/70p59eXmze3p8oX3z+kx9e7Jh42Gwukp7rr/7H+R9+cXjztYws4x55d5jxi9+9tnr5o2cXl5vp+RUuX1w8e36RbPnwRSqfP9tmaMPc+P1xe+fyd78/3SGPF9fThi+udoeb8zev3iDxdjsNg+z3W7WytGZscDFHbZUi7XCVlahql7/Tw7zaVRkPcumoPQn5JsJPReRhBjTviZUR79/PfKzMAHWFZRQWAqYWcz/39SL+6mVKxgHPEgCoWd834CD36B0REDScxX256NO1uzsFddzF/CG3MfewdoWDqUPLDz5exM9GPbumz3199uw/6Dp/omvE+8xKKw+L/n1iDtTIt3gI3USA+NplSt633a7EX/UkHUYllsiXiWl/FcwgJJG+Wl+x/sAxxHOs1mFz7jsEPVAYxtGd3u/N+DHgMbVTeHxiGA8Phj+wMPFd+n817PrrUuQUZnGAehdj3xl7ROgatB+gUn+tDocmECBrNma8VjLqK2I3nARnDDyM0uvag5VJijUtZnvuMAPZSmOiY4Sh9nFY5yO6Hwzc44uSGaSTCt0IHL5ACvla91117KnjUm6rgMdgzsxq7q6deFpHco490gnCa/BQB8b738AejA13uj9Ub33VJfK4cHzdu/o7he/2GICIg6vvlq6Q1PU67rjAEMEpkZKexHMuS2kDy3YY/WpcUzuyqQITEdVmNzenw31NyYYB243c3JXb9+e7+9N8LDZXliQsGoXCYJEUhVQB0A7DQIB7y3no8z/RIMIrjx9Ka7Nt52TAkWfPlC+3F3M+uddpSsOQWYZ9zTmRu78/HI/LfV182myWpdamrdallCRpM+Zp2khOTENdKry1pks5lbYcTyeKadMhifx0yGncDHu14o7NtBnHiQnH8ymx8ZCjzPV4nplaXZYkEfidYWzaErkwLnaXkoZaZlVtWjfbi5S41nI+LW03pewC5DRCSNVrbe485NHh89mYM7NbVfU2LycRiTqUi92Vq7vV5uHtZFPLRJan7DZITnlsVorqfrMfc66t3d6+A3vTmZlEcqsLJ7AbOw/DRKzn8+l8vG+q5/nEwrvN5eX2Qpir6d3hkLIQcZIsnFRnV6VMtdRS56WdVVvK2bwZXK1aa4D2IB0n4QSv7p4kiCs3U1cl8jXnQAlBfkU2kPUktUjBWnUAxFmmy2F3KcPwED7s5pTIwebuVWHN1cFEvTtCCRJafuEgryUAKeqafhATGxs0vFaJsxMi5t9bM9PgQd0QZtWYw00VZCRMTFZXgpTYwmpr3XbggJqRwcw5cRyiYtI7s8iZpO/m3XYJQJqrm0uEmJI1VULkx8BW3MNcE4mnDJiZSvdlNpFMLMGMaouObmY4JQKcxMlRq/KaamcgJ2V2DkMzgYhbUU7s2szQM/6TIJzJRBZipiyubqpEYVMWIlIzawp2iaeMK4OZEieJ2qAo3WuuslK5BiURFnHv0avWjAimFu+JdzbaUhZyNG8iAHurrY8mHlUqRixBWph6SlnVCWQaG13S2tQ8Am+5Z2E4gaK8u1lrzeOtg1mijo155IANSTQRvNbSWgORN/NWXKubEzNx6NPbiiiSMBMkjB21NmtVEoMUJl0aweLk6gbwIJKHzMyFUeqirY3DFiDVFlXKMG9aYxcREQo0J4FJTJsTchZrSoQYmpnINIjl7MLaCnfSPbW25EQs7CRGEuU5IqKuIKHIvIgUEq2xTQTTzkzECU6cyJ2XpXAS4fi+zlGEBCLVKIBgIlU1awDIDGI9Yih2YAeFlMJWKDfw3Jgso7M+yGhXD6Sf2K2FNCsxM4tpA7kubswEakVV+N9/fff6Vv7pT3afPLu+P+s//PbLhfXm7D/78x/99M/+sdvP/qfX/9cvf/F37w51e31JpgN7A93c3V9tLjY5wZxgIokGLr6UUi6m3FrZ7bYX27GCvn57R0udD4fD/YFVLy+vHaUsx/lcyba/++X7rwc+FzOzd2/0l39/u7vYp0zaSjnPrq3U+cUHH/7zf/6//b/8N//n3W5IxPe39542z683281wPp7Oh+PzT7+Qgafd5f2Xvzy9+fLw7e/2A8m4Lc19vP7hj36WLq5/8+W3f/bse39i+erp4+dPH4G5GabNlHNP7a9l1lp32900yf37+3/8Pfn513d/seTX8zifl7mc7u9Pj877y6sd3Am02+8SGxFSygAZTCiCMr27Xx0cCpfObRFC7OMhtHciAsPdYgo3OJN1tjIGOEdPe41EZbcY+xNIzfHAD6Pr+APp6DqaVdwe50HfLeBd3dEHzYh1jOmreRRRMa2SiNAedAFLR2BhrmuQEeAruEMxjHT418JzQk5BR69wvWuXjliXuJCssL/22RlmZtzFSNHi2pNSvQe4BdrhkdqIde2Ihw76mkEIdwGCFCNiaIAliBWMVlWVR39ogFXUfwxyiuL5gOw6gfDA1qzmC+P4qPtiwGG0fvgNjtV0ShTyqBhRO023biAxdJK3+KE7I8IU7tuY/chieQhdVrz6MF9HVxl7YGdARCd7//zCLWAe4bAUKkxfk0kfAn4eeHVYxN13IiYSEp2D/2GYAjDqXYfwXkfgPb0f1gVWBsDk//gv//MHsqZfL71WYGWwAIswnu9kYd373U0JsQI+NE8QcbcKck+O5SAugj/vft/ETCRRPbZmMKGT9CGa6RuuOjmRCAvRGnVErtZTPoPkkbUAOPJoqRtp4joIk1eKxzkRmHkYZBrzJqftlK/2m+00bLNsp2m3GZNwEiJXiAImiaZNFiHVBjdTrdrcDSQARQI3YImJWRJJSpmFmJBSSimnlJPkxGEiUXNVU9UW96KpNl/c1c1qO8/zuWp1t4v9/mJ/NY6Dem1tNjORjYLP81lEhrwbxmlezvO81FoIfnF5MW0mkGQZzDgUpaf5OC+npZQ2l1YUbq0tp/ncWr0/3N3evz+fDk2tVr0/HubTiUhE+DyfwJQkv3v3/nQ6zKWWqg6c5pO6tqZzWVqzUuv5fCitbqZNK7VqVW3TNG2nUcifPn6y2WyFaRzzZpoudvtpmFLGkHnMecxDkpBR6H57sdvsBZzBYKu2HOfDsszErKpqjcglCREN42juw5jHcSD3ZnVZTqWeWyuJ8zRs4JRTzpJadSc0rbUstcxzOZY6p5Svdvv9dmduKYuaNy21nlurYx722+005GkaAC61HOdDbQ1A01LKAtemxdAcZupJAg+NrvLkiCAR9a6572BtpzF1FXPGmRFYLyJPWcbto83Vs2F7lWRQD0eNO7MkMUDV3VoXnTILccSZ83c7sDvgauYK98wjkaipWosYONMGgJOwpBhJHjZnEeGUSDgouYCfiSVqdz2G4L6ze+cFKACgtYwwTiVicgaxu6k1VYM+HCMgBnOKlT/SKmP5t06LmzAzR/ovSCKLJXxnItG3teJYTdVMqecqaUrCTOZRphy94dH05A8c6kqSR+U4i5B5516EAyFeVbMp1JlkqtaixYSMLMBBFgyxzBPiNgcxiEVSP+Q4haMAtsb2dRNE5yXQlAjm6uQsiSURh0aIGtRggGvk8IHcTGt1jaYYZuEOSLmvaQgU0HVIdWNLd0foyNOQWSL0DcysRqotRC+BO3ISzoklx4UYCRfQBq0IdQBxHhLMtdZ+dDuEmFlkSJISM2mtfSiIaCiJfDaWlDmxjGnIg4i4eRgAUhIR0WZLnc3MzFopiKcewdy0VRJy1QAvo5yamVlSK7VHrGt1c05ZvXmriYk4oFhwAtytFjjCkggHerBhzOEmg8QyDqKgDxInENZCD3JAJJOQttoBpyCWKdKlORSwCKMIgSn4kXgUdzgMIHMSEVUNco0e4jgi0pABMEuKz9ojrL0ng7lZDe0AYpFzBpBEDtW/ubnzVnYDP360o3G6Oc3/xT/78f56evzhZ3/8j//ps4+f/f2vfrWUsr+8ipILVJ3EE7mpJoq8OgFQtZg1MzdKj598hAZuLRNtpzzlxEY6t1KrCK4u9m5OTq2ez+W0nM/wQmgQv7u/NffNNGzG/c/+/GePrh5/+OKT/8//678fxbJQdn2c8MOPrp8+e07D/vLq0bC9BLydDu+//PXdy6+vP/j0xY/+k6vv//Hwwedy/dHw6KM6Xshu+vTTj68eP0qbzeWz5z5sFTLudpITiGXc1NacOE2j53QopE7/6EfPPtrrly9vF9lbXWqpQx4vr/ZwS4muL6fdUMa8TKOLVGIz80h76jgue7RYrqM0+tBPHQOO88FWVhcEU7jrg6ex47SrzzcW+z6rwZnCAdBVOl1YAUFPokEfut3Rr7H4OiLuqnT0XLn1KxH6+VDKxCzMDwoIorASh4wzLkteD/E+ZffRmLoGHWumVlxxHTGO8Yl7IFf88A/KFe2qenRZ0x8oPvqfiPXPiK+K9yVeAq/sQz/GJELhGNIneSZG9HSFn4J4ZT4DWnIzwpoxzb0ZY5XWcNfYxe28iqP6xhCoBmKQpHXgJYRwKP4TfGd/3+Odjvo379GdZA9anfimoQbqFImvyvA+s8dDgPuF0nuSPZLHViC//y22hi7RR+i5QsdLD1+0rgKEtXgHcHto7vpOfoDvyIP+MfiDxeNBnASC/Ff/9T+NDZfj6f8g0SEiX9VakcMK64l38VfYrYlC58BrMpQIp87K9NWKQ60iQt9h/X1Ej9fCzBI/FIGRmNaPgjxmfiHpH+ODDsgfPkRELEeYsOOLmIghtIbHxcLMHR51Jk6SE7MQsrAwpQgYlyQi7iaMJJKTTFOopt21utkonHMmAnOK3ReAcKwYBEdILqqW2GHMvJYSlfKt6tyW0mY1JaREG7jXdlzq2ZwZudVyOB/O87HVltM4pi1AS53v7u+Op2Nttp1245BzGrabfWvtPJ+ZUkrhHTQQ3t+8W+ZTzITuDoMwjXlkiGojcnGkNKh6a+18OpvrsiylzPeH21bmMQ85sySypqWUeT6VUgg0n07zfDZrrWpOY236/v270/HueDyez/M0bpnlNB8dpE2XeQbRkAZiqaXUuhDxNG4INM/zkKckg5kSjFMiQso5DobalnM5NW3jOArTZhrzGEkjmMuirTqZUAKotXY6HVopqsXcxnGc0uQsHpOA6XE+Hs53SznXWuCqTZPkq4ur7XbLSd7f3pi6KUop5+Wo1nbbMUmaxtEUpdTD6e48n8zV3UxbkIymzVwBEkkMmDUzNZjB3JpaEwC99a+bhvo9GP4yM3dPwo5+H8GZZBovnm4uH4/Tjjl3rmDNR29qZkZuxJxSSikkDCy9Ki8SI62rfHQhkHAGmWr9LpaXkJJw4tAIrSs8pyShXglwKBw+1PlEeCTSMMXpSv1J4j0HPeQ0RCGBDSl/cCDkq0+AyL2GZt57BT1A8ZKcuUfgEZF0SFXjaDEzC+wonMhmESQcU1PEwxssoH0HtBk5wmdJDoNG/wCLuHtgSPFDSwolt8fNYvAuH2QGkRHWGkpIcCBu/ScKyp5J3atrYklpAAEcjQmClHMeRDIcUfTbR2GR0AkHTsEEFk4pMafE/WBXNVNDL0xjZjJ1rZWJiMFZRFI8FOO1MUcwA8zcXIWTDAzpkLlkkZSIWM0cnljgFGk8Q0osZNpySpIlwo60NjMzVa+ztUpmJCkKVgAjNVJLSQKsynmgnIm5WdNlgSoLxf0Y7YTmypzSOEjOachJkqu3qlDPowBorZxPZ601QJDgYbwPAwzz7oAHSITDHURu1bQ1hmstFCkCLOvyQzB7gMhCjLqup0bMOQ/uHr11bi4pUw8UjkI9dkNwS+vEL32pi8s9AuiYmYRFYvpkTm6NPF6tAyLDEBAZwo4n2d2ZUxc4OJiESAIJ6GtzzDdRXhlCAiciMXfV9tCG2Xl4JzID9FT1y/fH+9PxxeOrm+OcRv2jH1/fvP3dbjzspvbBx8/+s//8z//kZ58fz8e3b94lEiv6ZDdZqed5qa4pjYShlNm8EqEolrLMZf74o+//2R//eC/p0cSPJrnajJf7nbWipYrb491lSiKkTLId8ySymcaA0Vzt+ZPr/fbqsy+++Oijj588fvLq5dfffPXbLITWclt+8PGzDz54cf3BR9vLKwyb02nebcbL6yeXLz5/8umfPPviz2h/fbR2+cHTRx8+h6S72zt2jJfXm+3OQaaNqQlqO9/Nt2/0fCi3b+fbb225r8f3m5GGKTfZDKQ/eD5++er06t15t5muLvcppTSm/W7cDmx6n/KShibQJDBrIHdrbq0nLQZ7w1080RML1/HN104iC4y2f5WveGVs5b6OJiD00BHQOrBF2SnFLud9HFlns+9EKei4UPyjSNh5gGA9MBLEhRKYSb+O0AHrhwT9dfjsTAH1iZDXbaOP/uh59qtWBJ2WxMNawn3gD+GHIpi0iCXtE3e/2Thk2L7mua9DKHHHcjlCph82q3UqI4o4a+makweoKM6EeKB2XY/3PccfVqS+yaDrKDoa3V9YfK+HJJ7YLPraFPLpEEOF+pQjWQ3hTe1zJogEa6EX+oISX+VrDJM9TOYhfRcOK0BfYmj1WXQepBMcvTimb6EUQi5yrHnD8acxs8uDS5jWhSKWDeJ10egAfCdMOsWyDumwHlLQ/12f4LtZJNEfbD8gJjLCOkwzw6PxTqj/kUzk37mi43oEehJmVN0QUzeuxyJN8faui2w3k/VlD6EdppgOCPFc7IgXI7otiPpRGys3w10Fa8rSilEGPIdgGaTDcN1OYEDP1Q7KgCm2A+8hVECv+XbLwkmYKYnIbjNtx/H+cCZ2AzJzHgZ1dz77WVtTJmegBSfQiRtSNTevVIO5Z5foRnUCMxlbpaZZc2ZiJREQlBvQrFSXpaDd3pJrzTkZWTNr2pKWpjPc1drxdFfmZbfdktPt8S5hcMM817pUkbSZmBi7vJuGTavzuNm9v3l3qEcUH4fhMl/vpj0c+/Fy1pIykyPngVxbm9+9P26GiVNqtey227pU4gT3pZx322tyPR7vj6fD3eHWyTfDfhqnw92B2Js1+IklLcvZ3OdTNXbXWrWZ3SUaiXB3vE+eJFHVYrWO0y7lobY6zzPBWWi33SSWcdgGT6SqkuQ816XWPMTHCjDasgh7U6tqMMp5TCy3p3umNI6783LSVondlBLxdrsb0rjf7Z4/f+aemuu02aou8zIDKobLi8tNnnLOKaeb2/vj6b6WGd4QopqgZKNVikQoCeWmi2qJcN84/yV8Y65q5u5MwgKo9bYZt8jdj56mYLiEB95c5s2FyLgel9Tc3UnYNaZ/WMyRYVitra74oza1fvQ5c7ADxOZVrUUiEOBkrurO4OArbJWEdtozWsm029LcIn4fIZrL0dQdP70Gw8yrpTH4RAaw9rzAICDq/Wbk2hBlAwzVBxtXD5AhpoDQQARYT38IgKXnMseuHiA7e3SrsUj0LcSzjhADcZz6ahocvgi3poAPIu4WUVFOMPZELCm12pwhRAxS87ACs1uzhpBCEpupaQPImdVoPXuY2Zk5IqINRMKSBkpDvOEOVXWhxJTAgIUrdKWJ1CVJQMHe1FzJnZmcolm2xbnsqiBIEkqsqghPYvNu407J4SnLsigRK6kXZ/GcZc2LIzCSsFuGetVmrpIy5+RR7yXiTrCm1cBEaq4LhyU9Zcri2sJ5564isNooR2uhk1fX3rPOiTglN0oD8sCShS0xJxBUfYrSxWBVEqu32lotCzFSSqFWZXRyPqUEF4vnfLSlEnW9gcHhecjWSvBgxBJ1CSkPgSHClBymGtEIJAJSs5byyJJ79oUkNhCJpGTNEWugc7MlLsOIwWbyspzzmDkJ4O4mTFVbTiNAkZ2ecm6tOCEPQ1lqGNcjiSvGviRUzaFNgCRj9SUAQmav2hURIHI4c4qo33j2IuDckGyRhwrB3aN3Q4jRqrn/8tXN++PfP3/y6F/8s4/JTu/e3H2Tz8dv/8blYri8+uzzH//JP/o/HN4f/ud//df/+v/7V4fTfJVIGmvzMzWxUmsNeXpOiRhajy9//zcjffonP/vRo0f/q9cvX928f/fymy/Hn7443J+tzo+urqrb+XhnaQAxYO9u7/72d69lvMzsGT6kRASDp5H/+f/6n/2b/99/17QC/vjp9TKfdT4e724f7S/ev3nTWn384bXYtdMo293hXI+nszXdpDQkp41vJ7q/eVPKeTPa8eb2m99/fToe4OV8Pr55++Y0W9GylJIlj4KPPnrx7NnTDz/9cR63j3bjf/aT/Vdv79O0vbzeHk/L4f2y//6zabvZycU0KdCqVmInItWKbrCxPlI+DKx9Hu9hnB4DcAAS7iCPsOLQxmHN1OqMH/oIEZocj44+ly7FiKHNQ0C3BtM8/N0jPp60V/z1uEPyyJNwrC+W3Ikjl8j7tyCQG8Wa0a+vPighUlssDn4OfVAszFGO1Olaj3IjfwDr45X1s73/1b1ivqL8IZJZWRMn8tXg/iA36iNg/90sgTP1dd0BB1PiqAaI3CLq8jl0hiVwmnVXgjPcwLBwKIV6v0dN9kHQQgfZbboeMnN0SVVA0nFfEQmicrHLZeJjY2KKcbD/7EzStT19N4pMyVDHM4WKXWOB6dNxJFEG+8EEs3VRs876IBx+LVQ2EdfT2SiykIDG8gRYt6TAHUaWOjruGsuodZZgFTytH1z8rxD7Q8oQXN0QJ8m6eCYQGIjsIwIxDyA4EdQZQqwOCDlDzExdySkRg92graeMMxtcPLp/1hndaB37ASZO7t4zQtAXqKC3V4kXwJELFBbXvskJsZkbSMiiTyDuFo5co9Afcy8tJuLISY/LzpwDDGPyWECdPKJCQsDUr5pQBPY1t8dJCXuWTAMTyN1Oczkd5/OJs/luP8y1mdJ5burN3Gsr1kscICkR2M2MzKy1VtdVJ5DckUWrF7VzbWkcpmRD1WPTI1yHNGTO3vT+7uZ4vE3DyDwyWITE5ShHApeyEGRIIwgsfOEX8/k4DOlwOk3jNObRYZL6I2Satsw8DsMV9g6ehpGZiRvMd7vxIu8kJ3ISSvN8R4xzMUlp3OxYOOcBW9wf5jykoeWLy0sA87w01yEP2932yfWT3ZiL4v7u3ps1a8l9mjbCQpTe377dT9vduCHy5aSlnDeDQJlgyCmNE8lGhuFwfxBSTjwkIXCStBmnzW7jjuPpqGpJ/PLiWls9nw/LPKc0xp0+TFNRMzUhMbJhGNgZpmU5m+uQR2JM4zBMg7lvN+M0jEuzcqpJ8nw+zMtBmLfT7mq33e8v44QyrcfD3TwfatNIXDA3RuRVthWQ6NSmQaHKlBhB4LfYSANTiqJDMzerADGzuqkZjIxJwGmcxv3lNO2GIau5oQJMTgpA3bs5FnHbm4G775+Z2ACz1o01RCklUQF51RKQOdYgOzCZRvUud6hA4MbxDGJD0yivjCwLrCYeJyeNhsI+7wdkEz87hyErHEIkMc7ZqshzcufE8UjRZrRKnjpF6GZmatZ5P0A4E1mPyjNnUncEMO9wU+thQ0BTTyxE0oM1+p1OBiNCt+JyApvDDWZrPKZCtUt8SVyMPIJ6QKZNQcYkieP8jVhABmcmT5Kcyc2YxEFDeEy1hp+I4HDl4ArYCZ6TEGTd3+I8dCZzIXMt1cTFAZipNnMjh6trU9IwfjgzS1Rcq5v7IAyDcyODpIAvJMJVJbGrV1MnswZtas1lTDEZR/xOUEAQMm+RG+aO1qquOKBqYTeSlJKQiLNTc2HW2jj1XYWEhJM1Bcybcgp6F6bVjDixu1Z1QFhQWhOwOaWcycyEmEmr1dIczGTKgJKqR4iQJHbTSErNQ5YxmxonrlXNWkoJRGpqXSRBMNNWmCil7O6t1migI6ecxFoLxMmZnaCuDoM6iziHu4OIJXQSSKHmjtJuiamG4bUsm+1GTV09jckDMTZdZwxyilqO4KphbsKs0ZMtDCJ3rdqEhRN7cfWaKAd5Y7bOIEQe6abmyBKP7gh//05F4R2aDW2FpAGtEHC/4GI+XmzafD5vNsPpNB9v394evn59e/7ke7/45Affu3p8+Z/8k8/+9//l/+b//t/83/7H/+5/uNhdJ5ayzOSz6aJRnEPiDm1txuHvfvHvfv3rv/7xT372xRd/+sMXH/7wj7748PmzTZavfvUfcp0XbeX0rig++OzTxOlwf/x//g//01/8/OvmdH+4f9aqlcLetpvhx1/88NnTx2/fvaVaTXAo8+l8u7Uj6XHLy93x/cvffAXku6ezxQAAIABJREFUMtdH/EEp53cvXyaZD+3m7//y9/eHu9+//PbN6zckcrh729Te3Rxv7g673YYZzaxUVZA5Sm1MtP2Hr1tZRuF//B/90X/xn/6TZ5tPLgZ+c6wp3ZVqL1++u77evHi2Hcac8yBc1NDMQCE6C8AwnJvdB9orGeDRLBrlDex9rKdu742xDt4T+Q3xux42hLipGeQe6/sD4k6BKjsiEMDNKfLYPAbDAPUZsVhEy/AKbcbhSF37Ho8hJmI3fZCLuCEkcRScgsUoxySxZOjqEsJDo2kQAd7FPDGqhJG0n/UPhdgBpoexmbrfLLI213mrb7Xeszex8sluTGv6fEyfnffreH9H1uNZF5oasxDvrUqjmIb7o5c6ldBhJXcDJN6k4ALdHmJMmVZ43LxDYFi/Y2RsU7yGSHNyZpFVegTtH2Afp+NTdAvKaJ1Qo7YySIno7qGeCdqVZN4xfn/AwUCRruHeEM9Lj3+7bgcxC1v4sENfE+26Eo3TASE+rHNE0iMx+QHjl+77Xd+ooBUiIyEw97joU+9BIWZOFMUuMTQEJuHEMQYRCTs7x8Mr5P+JwwnvknpuXV8iickl9sxQMDnzHyy6ttI/TJHTF8FGMZ2LuHYuTeIzlBDDifQ1GmH7BSh1mVzX4MBJujgHBAqSJygFig+S2fqVTgQWcoOpNmaOTh+Eqtg10gkBwpBbTdeXm1K0NpA0xdjUCXMtzU3rXIJJDAyAjCS+i1lYW9wNUIf0u6xLwc3UodlhnABXTtK05twVPqWeTVUEwiygu9u7w/GQ8jikAbQcT3eqOuS0m3ZQm5eZCEMahjQ2b462lBMxWaOE/OTxE23XqjpO0/3hHnAR50S7/RZurbYspiIQ2qeU84aYchrcmKy5Vc58eXkxDRtJnFO+urqqZd5uds+ePTUtp7mel3MaR2G0tkzbzWbcR6rwlEYSr7VYbvN8nMtytXs6JLk735+WWnUeJY88eFIZxKwyE5MsZXaomt/e35u5O1lruixWKzMJe8rbZtWBq4vLUpYxcxDuWmupZ9XFzZA3m3FL4vO5prSRPN0cDqfT6XA8DnlY5mVZ5jwMKafNNG2maV6Wm7v3d8f743xorQhCRONmFg9p9DW/mIY+2MwU3vtGCK69CcXZiQjmSg6s2fOmpmEOYyImSSlP2zzuhmEQYtPm7iQQJq1NwSm6KYMvdYdbiOKdYT2i0UhCm937TldAoqMlak6ELLmhhlQI5gQXFhdoa7WWDngDCo590uBaFVGkbVBrHcT1NYSY+jNSCK4acwRJZ3o7W2zdG+QWaAkg6+kJNI0m4OATrGpLnMypmVLPFjPqJLdb4N4AnM2UKXKbBYj6X1Y3d48c2HhEtlpCE+lRyNibQtxdKysM7iacAhAwramLxzTMbnHap5SJ0LwBTs4Gbq2pq5hkEcCJknBiTkLSVyvv2aLRO+vqwlmImzc4SSKA2J2JtUUAU+TOgkyjzVEkQaBq5G7m0m9DuGticskEmMOaWmvuVpq7ehok5axF4SSDDDmBqBXV9v9n6k96bcuSM0HsM7O19j7n3vs676MhgxFBMkuVDVSZVZA0UEpCQQJUgAaCfpigoYb6BZoIglQoqFCCmhQqhWRmMVNMkkkGg9G5+3v+3rvNafYys08DW/t6kBzQ3W9z7jl7r232tWPqE1D9kwly2y6mpqoxriyohSWyagGQEecLI1NSlKYKQROFmA9HhkwL8YCguN4JliVGxtKXpS80aX1RQY7UnfEPz8LqR2R6CuexP+cWRiatrSItcoxtg6PpYk0jgulan2/xAjGEYdoEFn72cW7WtTUIPVKbqWqOaxMTIsO7aeQQ1pOGEVHqM89NpdfHFx6i0lQio+ySPqKvh3G9jqhZB0ioGpKZoRBrNsaI8KWv6RGZYq1Y+EpurwYTJ1Or9BDbdqXAmmaycgOToSo0Ycy6OlD0eXpEGYgrTSgIMSphZI4tfvqHr9ebZfM89Ha9DJPDv/rvfvd3f3//2evTl5/+/eu7/OGP3rz+7LPf/M1vlgZJSXdkBKNw6ExGXkWkizOpwNjGX/y7/+6v/+Lfvbx7+aMf/fjwn/yzT/7451/+5E8+fvjwxz/7E/rDw+Xp9uWn33797U9/8lKa/tmv/08Pbx8V/TpOH95/aF0yx92LF59/8ubdt7+2pZ3G9a9+9esffPm63d3Zmky++93fr8eeuv71n/+7u5t1MP/mr//2w8Pbvix///W3p4ujLYRR23Z9WJe1W/MAqZfrJSP7ui5teXg8pXtfl+v5cr6Od8P/y//Xn/3iV7/5L/4X/8U//OnP/h9/eSG0Le316xfW2na9bn0DKuy4iXqGV+XGs4gek36RzF3MLVXPPGnU+qR2EUTN/lnzcNbwvo/Sc0YtVFhCZlNvZRuWZ1QJMIJSkH0JH6seu2Q+u7B/TrdzAp/JPpxCkF3oixIZipTlaFcTsZhVmSMXsFsUWExXMpJZdDRk2tLqBJ0KRrCyg8swMQmS8vkLiV0iLqjI6KICysWqO5M3daVl05VdkDRbCvaJbxe8QKr6UBNZ6h8gc2r3srrpUXRJQk13coL1sJol9BVfoLbveCjPhaBer3JP8f9epIQ55lbe8WS5ubPkuxW3HKgVMilQQXB6elR1JxCmVJWgTDEqtey8TAhCdrVL5VbXp0JGzeylH9Edy6+ci/n8L6Km2h0guyapiWRVu81F6NlrgPolZSrXubLsay9YnnQI0FS7ialWxLUZ5JlW+p6JyRTB91FFsif3iIFJ0Kbql+TugppyaNv1lDOJCgWjzi6cig36PgYUdX9Y1S4+/2G1jajQWBGmUjBaUQEhEK36AtkJAuD31FKttuxpRmRgLjdJqFLMCm0RMw3qiA14Fj+ILh24qUiQdV2++fYc8dQeszceb9o2xnaFqrYmmRBoM4NYRoDs1hVr5AaJJmq2mBlULE2tmwq6UcT6otDWVNYCrdcbufFxlxIJRlyvHoy4nrbbm7tovm1XMYjgsj0+PT5k8nh705Z+uV49uK7HdTn25qYa6WMLVc3G1nW4qy69WVva8XgjyPP1fD4/+dD1ePDrZq0NP1/GZtpU+/XpPoQj0Vr/9ttvb26Pd7e3h2OXtY+Q+8cnhIfY3e2LpbfwcTx+kkyP+O7jd/fny0M+DT+PMXJIxjXgZ3k6QU7jtF0vCV4TXVpAbtZ2WA7WliLSt3E9X67n8yUYl+smkcLw9Bfr7e3t3ZZA9st2dnETXC7XbTtTwYjhXuAxyaSurWfE0ruaBfP+/v7xdDKTsZ0JWZdjWWMfT6f3H97fP97fP3yM6gSAIn2kS0XuMzCncAmOpAO0FDHlBGui8pCJKoWrY/Q5AwfzYp0qPrHlqMtt66ualcjYIPVzRNCMAhMYEcWiJRh1lrqXA8tMmxnUhm8hLkhDqfgMRHBgNnNERjBzjAERFTUqI6t92ERgSHr4Vs79DJ8xwwnKBqGpamplns3dYoqEhFYaw+o5mERjxZiJwFSZxcfW+ae7RkLr+BPVmAWuQqbN0JnMGYhZa8Y8MUMi6wgWZHgAmkg6gmLCanySCT8IpBR9kYl0VBcJlVGofAH3yQxEiGizFizTRwFTO2cSEoBEMqP4ClNd+xKV1J2sh5pqoyoUsxQB7jG4c/3hkaynnvRuTHqZp6Ce6X4VSO+9SmeGeyFSKmBGDC9/LUSZ7hkxoj7HtvSxhRiTrKaw3lRbmzUIGdpURcYYOVwg2qxBdD32pbmHaHH46sFmGhlQhG/0rQYOE4vM9FSraI+EE11bbzEGUw+tVwZ2Ij0g2tV6xdsi3dybKaEUxBYEDuua4WMMZvS25JTy7kkarbD0jCho3WofZkbBekERaJDQZqZaLGsO06atFUtkBpLhG8NF1bRHBFRFm2dFfFZEBmGqsAw3a2ISwYhQswLoWm/aFvdQawQzKVafbqiCjEhvrRMJMsKRZIbaYl1KOdZ7BxDpGQNMMxGkqMYYJbypj6lpq1dUPm+1mdJblAh2GceE8XbSnNrX1v6jn312vLnZBt+/e9/Vzxf99oGu/bsPW898gZt3f3f+7le/RcrL4xuGDsmCLVRV0EQiOQq4UrW12YYhogP49v7+77/5V3/2b//8szdvXt8e/vAPf3T3cvnhDz9/+ekXX//2twc8/voXv/pv/sV/S8/Xdzd3t4fz032Mp8f333Xti7VXr14a3BSP5/N6q3/1269/9e784ra/enHz3f3Tn/73//Gvf/3r/+P/5b9888krWn88X95/eHt3uG1rF+ube4TDBmrNlzzerJtfrdlgXE9P2jZAaaLdemtJGb4R8jffvv+//t//b//J//iHd7fLzc3dJaKv2+GwJu2yjRFu4YJIj2QokpkFe07FTJ3ZSWIff7LSQqcaUb6fjechR2iBv8ks8UK5oeYisGv0y+gPImdl7i4xKhwW3892RUxEplAqWUpUJZ9lONTdUQDs6wljisBnLsTz8IMCbXQGUbH8CNiVNaBMRScn7yAyBU37v6kZOCdGxImY7isTuVsFZAb9YHo6a+qq2bE0H4ac2MfeB5PAXBNQzwIFZvM5Z/iEEvUOs5yzMimJUpwUTwJSYLVVTAimYKcpnpncRgH8IhXDVblGnPpZAircfQIqdSjOt0/EsnB2rVQPUFAqnSSRiDINK3d7aexO2BrICTo5Aeg5e88tplaJGln1mdeYBMFcCFim4xnAURudgpEipdKHVPQe9l2uSCgmOKN+IBDMTIvfu2yEWZXu0poupraXNOncy/Y6aNQOO9NVk2bJobCkco/Emg9+BItsqYYDEaFCcm5StQmWIWoKEhRMloJZJk9Wz77itsrtV968SSkVt4JnegwKRD2vpcKZ6yWYThpVxVhqtVn1A0hlLWdCKqi1PsHaOKqKugMNJMQykMilmRyXtrRmqzsu1+301DJo9bil54APjlHbduJ5Y5Ga91dINlVtrZWlrx/6cvDM1kwhTSBq63Loa1dlMDK5DW+LFlIRERGugm1sw7ksx+NxZY7EGNfNTNf1QEFyc7+2vpgebo93pEdE+uPD02NmtEXCwYBK206bWDPw/PRYXYDuIyK27ZqRp+vFmuXA7aEvZiOz/L6e2fsaydiuD6eLiNwcltu7V0ZczqdtG54EuG3X89PDuI7zdbtcT0I2HiLG2Z8yjAmHN7GmCkt3j4TZLa2ft/Axtu16OT3V/fR4vh/uvbVuti5L7wdti/j1cn6MdBODyfnyeLme27JUyvq6Hk2XzLxcz8e1LauB/nD/ncfYtkv4yEyPrdmhL8f1cPt02SLGh/v78+kh4iKgSQ/fks5wAAgvUlXVdnhHWMJi0dLR14JbnFWWb5Q5u8BoKnOwYGm0tbf1th9ul+VQN3Qt+unD0ymqMHAarpRFVAkjBLbTtvXEEHoKJJK6M39FTCJrGSBBM0vAWqcU2oG9ObIJBJrpSMKSZCiVSmESGchmpjDqlK4qDECVqKiQadSMRFMrCY9kWYpbHeLU5wxfUxHOxs1iyur+FUgrw5VK8XJ1NguqtHzu8TDRSjIoiEs5b//SD4aHtQqkLAZfSiZE5lQXWmMEKWatFq1gAKnWVFtkBgKAapvAAkIBa4v7ANha6TqaWhNTLXsFHCmGFWQihdplxoY2NWZkemTMLXB6NWRkeR7Eh4vC2iIC0xbhEV5tYwBqbSstL5NJZ6a7V5A/VDNTrZyLKhBEpKhApuekqSliali1WaMIRKy1evaD6sOrpGx4igojJBKq2nSS1k7RyheiNUOTakUueWW6B0PMmlkoKDLcpfdurYQL1pqti49gEguQlXNuIq1U01WlWU5sAZBeeelqzVpDKfYJT/fNI9jU1DgVZIxZaNk6E0n0pTNZRL+oqTVrnZDMNG1R7RgwNQ13g4m29FMMr3ZnEUREPcgZKm1qQkU1ORZboPDNnwG4opWsNaS6X601s57ucy6ypsS2bdBRo05kCY2aSEuJjIJBRaRZ/VFIk4oHUmYWd63QxB4YIlOHrNa++vTFD798rdqJcd62drBf/Pb0q68/Htblehk/++HLN69ebWMYuphcty0YUBFToXLCbdVCQcDoISLQBgVjNOuHwyLavru//urrd3/2V7/4b/6//+YHnx5+/Ac/Pj8+vn337pe/e3e6yovjS2wXKqRh284Pj4/ab3745RdvXr0+rAszQLu5e3V/yb/4D395e1j+wc9//HQdbz6c/uoXv+Dh8O4cnmNsl77etHVNoElGBkUys5tmxtWvzWTEVbMbSOT1cu3rYW3L+fSUy6Ktr8eby2W42F/8h1+++dHfxfjjQPZDHx/58eP9Jy9ek7qN6H0sZlNfz+m7nOclIRkTh0Tt6qX6qZFyx1hrOKn8UBEVTB/WtCySokxUYe0MQCGYCa0IUbDWOEBKJT7VJxJTZzLlyM8QtcxZFao1luruDyhfe+6grtboLnj2FdSYhH1zKPS6rs0Z6FimU86xe8evUHkvu160/LskoVkXpOy5MDO2crqnJzSkKoViy7O9Ye5BIkIRw9SnPo/JU1Yz6RWhUOvCn/9VBKpWRgbI7r7ap1nZ5TqFMc2xuYSV9bgrxwH338VntU7FEe209n5/FXPS5gZVr2myQzN6qPaXeStm0kQpFW6BuYVBhMKikwU6EyekWq123qFyTQkpvRkRMjcETt8/drZhgvqyW4kMMvnQ4kWQQlSrT84cujoovn/vYdBnIwQkU7X2xFaaWhUBpalBRCmiFYtRl76oth0ADEmZ4q65ZzROm2CrTabUcJWODGjWw31vk56PJJn5QKjmX5m6MCnze8WZ1kSOrGmI+3urYBnBCzrUQgV34kbNnh32Uh8/BEjTegeBJJPTOTjZMsE0G6TtwGk1AUEJiqnSukrKnUUcRWJdl3ffXT68P3vEGCM0RDJSthH0q9DEmkgGh4AUNetUGekOdrOuKfCb9ba3tTWNGNfxuMV1HYdkqkprq0nzICB+2UhamqjGCLHSJtjt8Xbp3Q8xYhyXw4iQrj7Gdj2/u15ujrcAL5dz5PD0pa+9H9PHx/cfau97eDy9uD08Pd33tqi2h4eTj0jfbm/uXt7dPZ4+DvexHRgK4OH+aT0cRHC9XiJWZD4+3Tc7HNf1dD5fLk/ny2XbRmY0WxCpIn7O2NyYEPbWmvb708fH8eFwPPRlPS43QBJx5uimvm2X7Tzcx7herlvGOKwLI5W6WD8ebw99adKYfLo8bb71tnbY2M5jG8yBCEMDsvd2XO5M18v1KeBjO8eAicKitbYcmmeGX4EMDo8YHufT6Xw5pY/L9bRdLxkOycAYcRUxRfN6ABdszDrTCiZJBgMUkSjlKAWqyMrWF1KyMGyz78XH0OV4bOuNtRXQpIPIVIoHIpkKZhQS6qaKAl24F9z+3hETGd16t76FV1BBDgoHkx6uTc0ap7sLVgq3as2d0GtMklhmtIVQoFEnBFQaFhOrbbQeDjMdbbKIRT+XntCglZU+oSOydqPIDJHKiIRHqEzAhFP7nHX4lM40Jxmq4JyAxdSn/n6qHbO0q1mGOFg3YVKSjKjjuhS94ZVOVGsapl1YTVtGzp52tCZNIOAmkIp/YSIzh2fsgJs1UwVTKEjkiFFuDDNrtpjapIpBgZWDuXb44kJM1cTm0x3AVHNikt8oWZTHGDKnilSIqrgAsYfLwEBpfXnG2zwcTJkNb/XBCMFmLRklZRzb5h6mXbtGkjKFaklW9KcoJRX1cbhLsvJnSzaFmdIs7kOayIw30Loae+v0EI8RZbaCSG/SSAmPZaF2m7eJoGI+K+upHxYkRm6iyoD7Vlr/CqcV1WrJMdEKQNg3kCxDl7tnbF0LtKmW36KPLJhMotpxqg7SGv0yj3pqVtpjMoVNFdBEiFdgLlvvKuCIuG5gWutZxzo1B82aiHqmabEiVIrKIsowNWspKEuYzeSQLLxJRAsMzGkYmBuhqkaEmVUWhokWstXqxDIvZTc4h7m681TA1E9e9GapYj7Ox2Nflv7N/cNpw2Gx2xWf3DUxOdjt6fFcaSdMVMRst+ZV9yG0itaQliojk05rQrIZ18Pqw1Vxd7NeNv34cP7w8P6vfvPd9bzd3tych6yLjnEx6BdffvXkPJ9PAG5uj+7U1gzovYfn5ozH8+P1YiLVfP7tN+//zZ/9+wier09bZFOxjm3bPJNxhTZKQnQ4rK0pEsMvw3tKhqup9gWaqtZl8fRwd2fviyiOh8OD98t1bN99/OTLLw6H9fHhEfz0cDyM8V1mSqOYZSgUUs0q2M+9EquwCt/0WSABsAZc7BntKkirSKA5w8oeZVJynRqGRWe3is7ZUlDGXoWigtJ0VgHTrBIEys2IOXtiKriLo5E5tU6F0oS0ayBmWQ8wofTCmjOj/JW7bqkGflG1KqwSUtQqciglM0NFUEks5QLFNLVil9IrmswfKSjAFyQEzD3XcqcTZL4JzMKF64SUZFaijNafqILMXRi9M12ThSDnog1RjSDgE8Mq82fN8CClXL+YdbGYSth9TNxl6VLQ7IzAF8nqipKslzOnQSQpLrtaXdQmYQISM+Z73oe5N+/Mwx/f67JIVZ1HLJ6fa/uJj5S63OZgT04QP+fLmNj9LmyfSxxVmuw+PNm/GwIokBVLYUDpoIr6wNQuQUSkunpFAO6yVeTsu68YvWqWfTYRV4XKTkkoIEFRzaQQqWLCOdPnTlkkY2f6pwxnRlepWX3oE7rT50tEdknA7hCer6gEdjW07Ht7BWNNymdeunsibFkI5o8VADoBy7o2WPwDpqBoKgChZWXkfNMIlsi5bNYVtSgqq7aIhGwv71a1dry5Hm+X3pC5ZfrD+1OQsmXZDTKTHJEqGgRNWqv++VBVa6oyK5YjfCN1286Pl48U7Xpjoq3put601v1pQ8vr+aSiBhPK8Xh7OZ+S7usFSo/Duhy36+X+3VvSQcSI8/Xivh3WGzM7bdfh58N68+K25Thffftw/374pfel9Zvtcmja12VRM0tuI2AC4eFwaIs9PjyMywC193Z3d2tq1vo28nx6zBxjsDX9eP9ASYBmiyA/3r/P9G6m0Kezd+tqQuYlz4bWrataM2XGZZxrlz6sh94PY9vK86DEai3Kd0K2tojozXLsy4rEw/n+4/17FV3acfh5y0cDmvbee7e+gNTI3ILueRkjFkjmcPfXn7y+u/1kPUTyw+lxhIeq+radnp4guF4u2/Xpcn70uGoikCXgUxiLSiNRwS0TXCheskDxCQnUNYbc71kBZkH31LzBVQTWlt6OqgfVDtFKEoqMaYSpgRwSSJhC4TkQRVumewBQ05TMIoibCko7LrkNhbg7Gda0t1ayfwZZ8/YMJaQ1ZWbSa2lx9/AaOjNG1HaugogimCfFZ2oQoWS5ZHTeZsWWZ/WzZElgREHN6f6tXlirx2EwVSGUEuUTNJM9dW2CWNrKkTVfLWZIgkKVyYjQZvWomQmhok1NTX2ElDJJSKYWeCJWAvyittOddcSKqur0d3qICI2MiCpxr5AGhoJVck7ArBfUFIlm2m1Vbah4NdFMAEFR9+r7ctMGoi8NlKBEZDJ9DPeBWRQ1MStmIBn0jICJtZ7BjDBtolO3WN1eEe4xn08qyogK9bcuSA13zzIoC5KWkgIzlvJVxEy0RMPNTBq34SSX3tIjIlB2iM1LkWKq00SRoaFqBohvQwS9t94kUsc2WjOzLq1Ztwk4QUjx4a2JNWNGEgXPU+geGe4+NMXUpo1sQvSlC0ikiSEzktl7E7Pr1bcxTEzFRFvElpGtdWRqU6UxBQQitWnSkug6f4QzVVu3xXGNGGZmIoGEGt0FWTLQJMUsOVpvEU7C+hJ7omvEQD2nRU1axhA1UUOM8qJgXPaHrkCC29a0LNRZlXZlp1MwSDMTsZKSy4R7a17Uue+XNLsyoObjuJ5eyNhue1xP597bzaEdDy+vZzxc5Xi8GRE/+MGrz968CE/MWZaqXcltBKQROT3rmSq6NA20EoqYhYpsmefhDZYZhqtmHgwgVZfN49hXeljG5fRIyHr72Yvbu3i8+uVEvyyq23Y5XS/X62W5Pabw3f3Hlzerak/w7bu3t68+v17j4eHj3d1tsGmK5oaMvnawX/2iZBcZOVTkenKBUQJJ37amEmNTbek4badmPYnz5RTQuxdmcemHP8bxB6stTW1ZerP2dIrhWNtR251IhD+pUc1AwHZlTcn1RbTuyR08FIhUbk4p4K3UOAkRo6TVADnn2B26fc58LGF6nWclt4CIsAQ9qPCD+lW6ZweqzuOufuikc4sSncN/rexTZTPP3lnoin0U30UelHIfRnk850w0MYh6QpX1tMBu1cwKoZZpTBaIcWc+sNOyWk7KMgPVisvpeOX85dxXVt1Vr1O/UahVFVly+iPluUqN+zAv3LH74mJAlui/njnzZ00vZ+6/sGzY8vwXTusyBcJph6hP1YrswGTCoTI/Nk5pPDTDsavtkcgEAntG3hzGAeDZhpzPI+j0DOj3wD+jfu+82ITTlibff1x19GTVcyn2zRCTPpH5KypHeALWmOD+FG5xJ0QCCqnE2nkF7bur1sVan8TkP0TadOLWAxaqMukk7Itg/fr5gwQVrCbMckVV0CjmRVOXqD4LpgVSdai1fgFUVaXNKCjOi2NX49meVDsVbSaAWCQrGglTf1HiBpfZRFD9m1nUwVTJFTOuM/p/WlwKa51CCM7Prm6yRF0lNb6LkBXNLTFfECgG1WZqh563h+XFzfritr161V+9Of72V+8/vLuQUB0CjT24iwRgJk1EK6IEhFCEOryqedJg4Z4xPD0kj8u6pZxOjyoiraQPYFYjJT0cKn1p58vT0/lp7ccx8rw9+bbNpsyRl8v5vJ0OhxuzMne0xW4RetpO58s9cwhjuz5tl8uirw+3r5feb25vw8PvIjia4nhYH08ezlRZehcTExW1jNxi5PDT6Wmkq9qy9Izs1pLwzTEoah6xbafrCLXbY7/pXR7PT9fewyv5AAAgAElEQVSxLW29uTn6dh7c4KMt9vLuxdpXUK7X0+Xy1NRMe6SPcVVja0trlaoe7tfLdr5ez0pqxHm7v/qJOg7LwayPjEnUUp+uTyNGxlDpxFFEoVSVMcJj+PU8rtdFO8QKz/WMEdv58njZTqXfBSSYi1oyI0fkANXMIn0yZUWZcjrGcu/jkCmwrLOXyqlKy4n61REt2g79uK6HhSLV6mQ6JZEKRgaoZqpkxiADka31yFpL2tzPRUw106lU1WAUnQ+oGE3VVNO9KksBKYeKkBEuU4pKk4opRVPTQkx3NgyEiGeOmqDFWlEdE7lIElBTzbJbUGdU82QICkbQAmVQPTsqRKHqGTmtTTUWAVndz6CakJoMJataq1wYphOvNjMzGwxmyZ/mac5ac0jVws1ZcBpnGN5EgeqrVZtaqzDTyKjJeP5RLHtTUwGSkS7SIRKgQpp0wtXUWqeKy4igopssRS9GRnAQM5+UpSMWYYwID4+MyIymatY9srL9JrGcCRWtPcddRcwqR3UGCwIMd0C0DvO9LFlUmJKRCkkr8VRddlN2AhiTrS8mGnTCmy2RmdwSEY4Yju+xGJvygxIQp4uItlaLnahabzDZIjLSVK211hftazCv21nFdFkIyYA2nVCdiKp6ajXdMaNZh2RsXpIqiDRpUItw6013VKj1RsLdBdl0XyI9M7P4CZiV86tM+WYqDATEbK9DEmZgD6iFSD1OAMJU05jOkKUvYyotJTysaTIjXZuVGl9NxrX8JCKqdDKziQzfTCUZKN8kBYyybZr1KhKpmyUjZ955opYH1WBZOK1ljiq8UZHIOcWQmAkXhIJJRyqkv3p5u6xL782vT3e3y1/+9v27tw8CPT09Hte7vixitg3YskQ4YAQREiQzWNqy8tZZQ+S4DkID7K1GCQ4fjDHcb5Z1Pdz0pY+41vHkng3dum68OC/v3n083L728+Pjh29PD19oO5yePnpuzZaHy3Z79+r1m1cqx3F6/Hi6LK/sl3//9920Wzvxern60rKbnK+eog4uItaXxMHHBUBMz2VfrEEQvuU2CplOD6glta/99ii3L358+Oqff/0u2B7l5sZjS/rT6fHrd28/e/3qs0/X3g9Ms4rrECCjENS5WU1+ZabxlEgZO1VaT20IKmq/slYkgSoMqFuFO8o95eVA3TAUsqZsFspTkyVB5aw4Qek6aqTLHTwltcTYz0DvDi1xf/jM1zhZXCvZDZ9xzAKZuaOnRTGh2nklQWRKeVYrLbRGN4qYSmWWlGxjSvQKmlZoAQqC6YHLWZNXgfgVn4qZNjOlLDrH+hJMyRwIS0UyqXNM4cVcVSYVjDKJ1T/OGBVgRiZRaKpIYSUv1Rqt8nsynx2g39/YuUjNt/15SCvEmihqAFNhBCAnApiVr4NCqohqqYFORnfKEbXue2URKzLlRRP3rg8GiZkeXmbFAuznFSgEzAo54z4JT9EUWfNFXaqUrEfqFAbUAsNAtd9MT+xkLgjdgXUBqMp61CfZWsXmFNOQ82bQHbffX2mnABJWAjFoXYDYg6lMJXO6PCD7hVKUZdFAhFkFLZvKPItl3he1MtVYX8EStRfkvkgKRUtvBoWWGAo6GSAxoRBRp+Tck2k7hpgi0BQ+b1Nzn5rrnOwd9vNdLe+R7+SR6Dw9S5kDM5VDk9Yua7fbQ3t1u7y87XdHe/vm9Pbb9f7D+fTk2zW2LVAYbfkl4B7Vca2eQGg9M4RMKDPGdo7kui7jegmkx5Xg8XjTZV3aSkGKN4FZs2okSgS3h/Mlwx9Pj00t1UZccyvxyHWTMG0BvLh9fT0/vo8tuZ1Op6bSmyXV2srIbdtO5wdoLm1RMDNGDJAILq1FyPANwS7tOrbD8XYbV98czN5a+OlxYwT70se4nk6PMfLF7ctlPZi2wxq9t5d3Nzfr7bocnk4PEbF0yZDOeiAF3Qdk267hFzUScd38dD6Tcbvc3dzcmFpEmDaSTczHpsggNz+LYF1evjjetW55gvtIZtMltm3EWQStdYIpua7H8Hx//802rk9PTwq2vmZqN4vwx8vj09PDGJeK4qk1H4FgQjLCa+8lohCaDGdF607PrlWDVD0rZmYZawimoEIShftsZ8tNv7ldD0eIZJZRO9W6dXUfiYwMMwg0Mpmp1RG0n1IeLox2WBXoYhBxuqBFhe0nYGJ9VWREunumNzUKvAJ5Cn+YGIBkgHVWkBGUCRvVnYbJ3qZArWJkiEKJ6nRjJMr1UM57EZSVWa1F3WHJ6fQhues8GchMUagaZuBygkxEkmYGMukCq152JspiLEwrb4BKk8ydcp0HUdLMyFnVlu6FANQEPgOXq6y1TpFIESYdotbKPbqrFOsoSYmIOtYFOmIwQ7TJzONARfIIsmsXs5wFJZREEyuwoJQ29W+rf0oETVtvrarKGBOLqSmhW/Er1GZiZhAfUYkC0jQTpk0MqINfTEQyJaIUHpPrZQZSI1wlA2BGZH1DQJVRlOe0qAjBdFFRa4WFVU5rXxqQYBBQlXQPZq1h1pVMHxtE1IxVwByRGdbE2rKsi2q33qSZ+xgxhAFo9TQLSokRJFOztwWiPjcQaWoKaSoeLiJJIUOgpuoxYgxS+9J9wDR889aatRaZFWVVrG0Z3JRefnlyE0ZkiEC10yoNKPrSgwrXjMg2NR9t7TGcEDJ4vdrx2MWKrVJTwMh03wCKKdSqQTO2q6qxPArF+GuroZ9keakzU6fgJybuN+c5mlnkBHQnuSZa4Sf74sqAEGpqArO23Bz6+Xq5nk+Z+svffv3NN28/f/P60PXh6frh8bK0zrS+HmO7RIJMMcAzEQTdaRCW9hZj7fq3H7e/eHu/qP78s+MPX9yqaFv7FWdqG1H65pbhzCHk3c2b6/DwcGxvP/z6hy+Pp6f8u7/5669+/KO7F59s2+V4PB7vbh36+aeve++w8XHz9c0bWW7+9u/+PHndRmNma+V4asOHSWb6lSliDs2xq9rBIC7hqox0kCDXZRGVbYzD2g9t3Nz+4Q/+yf/G15/o48evv/nw8BSHu1evXr8O977eivbIoDQREyv0AXtmWg11heeYiHJ+NAVRamYqSsdQyGY9DUQkUdkh+ix1UElkhQvXACP7DDhhEVoBpKIiWrloNZPsqgaBCCV2PB9JNjw7nuZ+MFGFSR2WagMiCitO9RnanmGgu5xJghMIn6Mv59BatHbBnDkFP6pgfbmIzU2oFK172YVoxV9TzTzKx8w55kHnXFirSW1JtZqIVK5YfbYEYPNZWi74GRQ0EyN3Bc8UwkiN/hPvmeB7coqu5kCfTEGbSafYk7v3I1uIMolmzoR9mavcBMz3W1Jm6OuzCG/ueUVNZO04hShNrqcm8+kiKbtxifFj/hnkrjrZI+MBoIoP6r0AAcmc0SJTPjSn1nptRYsDgZRpAJgrzE4szCneJi8kogakYOp0amOYm6YQrdAnoXJyS5CdRyl2AZyUBwlRi0gRMW1k7H+RsLaK+fbuuq5aiUkRg01yaO8b0/ni63fNbwNS5r0EiuqO3Uv1awayWBrJ1H2fmbBr6ZONcz1GiswHa+X618HBSfBxfkcC+7TD3QygVQ0pUtuBqMyq3SpwB0Ttdj0clrw55M2h367Lm9cv3n95+fa709u3p3dvH9+9e3z4eLpuo0Qd6ZGYgesqlo5pAEeaWkQiaWbroTXrIJtOnLTbsdtSWK/1ZWmHIE/X+8t2KlXxdr1ex8WgJvTracRQiJnc2rH3yi+HSXo8nh7dw5suh+V2WY+RcXN8kYzH6+lpnPjh7dIWZUUPOIB1vVnaWnfK9Xq5jMvT4+ObN7VHsakxRkJ772NcL6exxXXbrl2VcmWa0bRZlfxmQmTp7UZtezqfrj6adiHP18vYhppqa5+8fHNz/OTx8fH99i4Q3draj6Y9wtdl6a0/PD54XLdxNSTEtPW1r8d+03UlvXXr63K5nMf1sl0enVu3ozbbfEuM1g6CfrrcPz3dp4/ebJx9Pd5dr5fIGOPi40wOIirsBSIJZjqZlepbhbkiAkn3BFn7YU2B87zf5X3c8RIlxApZh5gYpffDenPTlrX1nmJ+He6XSJgRaNu4pjtUGTLCVWEitDIEppkhKoFe63dVPkRkkhsJU3HZoRGoSKiK6mIijlSWxzHFVEUy0zcvpXRVbCSz1WDo4bNWBDpT6hjw8NFUq6VIxVQQzIhhEzbKTMnCj6tDpV5L7kwlAU6Aqs6lZlYOpsyou5+Zk6guP2tNn1X3jrlukYEBJE01C6ehMkJUxBpZ5cFVgFA9AIX/p4pW2Edt/u7XpaJ+S/pKkmnaYfSIJJXarMgvAdmbWReAkRHJJks3cUhTK7K9SM9CwwrTpwiaxfTip1QnjACCqo2oNqLMqP/T3ZWmomUDCdiOI7AineeVl6FSaLr0tZvZ9XJNwASqOq6ZMTCng9wJTAMyc5TcJmX4iOlUf7bxkSAzXYSmHVR3rw8rc4hCbEmPcb5AIyMhWt29fr4sq1hf6kiHPj9HU0Ra6xkyYquavDIkYl+IZiYhIzyXvlS5QviAJJhT/iJ0d0bI5IgSoGhrLa03NXV3U4kREEXxJnsig6lOHJNkpomydFAMsvd+SGwuHumR2ZbFkwKTBni1fQTVfBu1rorMOBJREVFnlIUCRCXpFWun1uq9nLheRul7mckINUt63cCmSq/ua5pYICtUQAQSpeCVuYNlQjSFTfiv//LXf/qTm88/Oyy963L4x//gj9yPf/vL9/cP8tdfn98+ff2Hnx5//NlLRngSalH1t5hDtRTrzqKHRCTe3z85V9H2b3/z4cUfHV7fWpKEekFygoSirRLRtbXG7Xr98Zdf2U3/5dvvPB4/nuR0uT+f76Ft+HlZVHN7caPHo25+3uJCzX77Qpp+993bo9kYHuMcTOvHbYuxbUAAAZPTuAZFZhm5qpUqk5Fwv4ro8XDQtrRmvcfdcf3Bz//xff9nv3n/5s2nl+XYaf14c3M5OyE/+uEPJFxtEcnM04I2tS9J2SfnChmZHtnIOhLmvVCAvc5BZqo+RSvbpK6redAVsl0p6dqz5A6aSgSnJkVVFPuMVc6pGSKtk1so/X8BInN92NNM5gE6D1LZ0UqZbsbCmCfETACGaR1/tmVKic3k2QlaU2PuVoa5bz3D17KLtEvyNoFmCqqMqXFqnCKB6jnFHGIr/YWAKJCiRWUUIg+oacEPnIR4rS8yw+6ArKiIYGVvqM54HO5AGFFoDSGYCiLZ84ymrEZrr6uSypmrVlzM7huY1l6gCgpyQuzPZoI5kkpxI5KayKJ+6nszBTufjCKni/8m50eWWovl/vjj97qdSTdUb1B14WAf4gGtp+AUrlcYVjGX9QFLZdoX+SLfL0O1f4BVbVZXUcr+cTDL2m3UQvpLlCCtwn+ksn9E5vIKJOvq37FHzntkLivC6X3JZyvD82Im+3a3L4E6OYWszaeWG9VZy1CbTo3WtWNPdzlmfhAMu5WbIhVkA0q5XgBUv5xOzkPKJgzMOxM7C1JrAOdVytmjMH/q96tPRtTqT7CaR/dipiJjUP2s3axpdpXV+ssb/+SVf/bm8vbTx3df3Lx9d/P+w+n+w+Vy9rHl6erb1XVkeDDctCOjRAmRDqJyD8RJvZota1sglpnWuqeP60UFva1jbCPj6XQ/tmu3BiI8MjcTW9bDiC2lShNsWTohkdl6J7H0VawtpLV1acf1eMuMRGzb9en86DkiRrfedSUZOczseLhb+sEZ2m1dlrY0vZW4jiQTcY3RWunpbi2j9+XF7fHcD2M7++WaymW9fXn7wpqOcXl3/ubj4yNDDq1t2/W8nVBNPMT18hTkYT10WUyWzESiqTWzTL9czh5pak1zxDidzuEBhTbpdrOsh6UdIq/39x8gtJubkX663G/bKRl9PZg2zMpGv14u47qNcbVKcBbJiKdtUyFzwDfBUGYiBSYsOQxYVP7kxeqKCEZAWHTXfqnNzT+hpR9TE0Y9Y4RCUTRVUevr2tZj7wcGkg7OgYiA+8ioObggT85jPymSLEM+RSDNVKpDIt3UlBI5mi1qmhTC59qOFBNAIsuzAGvCvXUXhFkTYU7oVLWVqCSkMhYBFGBaPFiBqrqf7UCirM91UMwbrZhYepKpVrwrpeLsJLIygimC0t+z7JjarI7xSkNhEQxmngNkydlTVFsTMd9GRjQ1tJ4xSFhJDkWyHK4ZxfTOuX6Kz/N5iqpfoLVwAAhaxUpPm/A8cPes5cktiEDVRBVZshuJpPVWnc8kIti07RruACVTgtFM1ExGTDOoaoLhIaJqxuSMasUMFTeImjKr29hNtPUWmQxHRAVv1kbUeiM0I2O4lJeQ6SMBWG8Vl5MUU22ta2vFrGaGSvMxiIRScro8ClkD2HpDRI5w9/SwJqkizay1TJKeMdRmsWECmWytqcnm1yarqYIyyyoiIWlN3MOHM5Ge8woEzCRCYwTAZK59BXm5bqq69JWQsiVYM79eMzwZzRrIiDTTqVHyuLq33sFMbNrMWh8jVTLDhSnSq1IHahl1F8lOFIMpsC4+RKc2RE2dsVhnklaFUJtYE2v0raBT5GzhQIZMXLaAqnqw1tyW7lGZ5XUxmrVagUCItnBXCksFLkpAmmATFUmpwHIhKabwgFU8Rl3G/NXb6//h//zv/+kff/Kf/aMvPnlz+OzTuz/+4y8fHi6//Pv3/+2/+fVf/P3Dr/768qPvTv/g85svX97Regqk9Un+CxnI8sGkJtur27uf/nC5/839ZfjNYSUwxlCVpk3B9GuNB8itUt+v2+nmrv38p39wCX773cfTw4duK3G9jg2Xp9hOli7Emxe3kuP+/Yfz/anBDmt///bbxSwgdF9X4cC6mqMFUkjGuEasTcdwZHbTZsasV2Ikl37Q1l68uD106ao3L1+P9U/tx//T5jfb/f02tvuHk4p+8urlelzfv/3QxRnjeu2Pcj6suhxvIacu7l5Zaqpac2SCEpwZ+cyU1sjUiR7KjqrOvQ/kjGuaK27lM0r5YOu9ql0Lc4MTlCRjuv9rF6jRpz5jLV3aRPUBU/GcZSbMrMrEqWHblQyZOYXcdUnNgLipkCckMdf7ZBYTiudEHMxsUqbXvFhi+8kh1iA3Ax7m/lJBpnOQfUb3U0ocnSjoR57JAqmiqTkookApgZZERZ/RWObe+Yi9Rr7o8wmsCaemXEUCkhkzaHHHcfetqizTMs/RuS9k8Q97nUz99B2aft7s+OwmAAEtEQ1rUQGmS3xGfmIm2ks1q9SIPM1cSS10QmpJgMwtY46ZhU7LTmygYu3nqFoZT9xBU8gM+inEpwqtFGr83miU+x4H7rx1Ids1hE9US6a5YnoWJBOJWWLEJqwc0oLe5XsmQubGMueFCaBUkR7rL6/bVjGZoV1bjLk5kqL7eJ3Fc7WSCOhkGepq2dexfXeapFlJB0CVJiKZVLVEqSJYH8sUHcwnis77acoba1/RuYtqMhEzBVcgjJzq27khFC+40/QyozUUKLah1VfE80RIAVOFazdVmMmhtzcvb//gq/H+/unjw/nt+6fvPj7eP2wPH6/XS16vcX26Xi5buluDQCMyY9I2EU5W4Bsv6QIlVHLUDDQiT6dHgmNsYxsqcmaATIYghda2CxvW9Y7SohYW0cvmN7bcHG8Oh+MNDEBkXsf59OFEDhOrlsy1rcvxDoHLuCbHCCd5uZ5HODOPeueRzOER59NpxIBSwGYmkMfTycTefPIppInZ4+V0Pl1vb29SZfXjysU3nM9PT4+PIE+Rw7dALH3py0HFtsgtRmSOpIluY6OniUricjmptZvjS6Y8XE7X7XK+ns1sXWy4WGsivI7TlltC1taeLk9Pp48+ThCvydyMKhiZY1ycJkTTxnCoQnDdTp7RRBFjjC14KTV20jNAOuh1YzJJc3KKjKXKI0VQIcc6gxfr6DUzLU+NMsvtJY0M663ZYodV2gIKEpER4aLNdKoCVNTMyIyoJK9SsEi4eAbANn0phROTajWCMOb6CM4SOgGoBinA0YcPpSokIjKpptrUMsNnlg7qTJbQpgKtwnVF248uNLHMSmArY3yABKztg1g519QqIpnzriQyUk1NGwmxeQwxHclK4+m9TUlKxIjQoIg027OEJ1NHUTUx055KAcSadauClZw5M1mHZGtt1hMQ2B80c4MTqQSwMrqVzgtgMMrXIPAy/1QQa6FtpiaizO169b4UJFhRqdm0N2tl+LHyc4iKaWl2tHwAUlAw050Cay0jdOkSM+2MeyvvpG+bqJTMGBSmMiKAzOH12SeJBmsGNUmJqoRTmKmPTPe+dDQLH+mRpXPQSvmwcIa7tV6LBzb3sZn1zNnMYK3VEy7SVWiHXilBqgJG+oaIZTlM0lXMI0hp61rLBYmMlJG2QCdkx/Bwdwi79sQgQusCDFE1xnRusCqVIlTVerPMhEFsAntQMVAoocu6+BjMsNaC8zHpYwORWmR1mBpSEzHGJcfAYuWXZ3rBZKpaYZ+xbTWeKZCbS7PK5wEB1dLzqIpZixiZqa2ZNWs9oBXn3ayVwbOJSj3doNY0fJNW3GAUHUiIWGNGMyMLP0XBNOWyENNdfaCQmPtG6Sh2VQKZS8fj2f+rf/nbf/Hnv/1Hf/LpP/7TL3/+009a888+7//L//yP/2dj+etfvv+v/8Xf/tf//ut//g+PP3jZJbaQTkCEwQrFC+t9ePTjsd29+tntq7vbu6en081h8XFJUUgIqSLuwwxUNQWlO0U0X75eLuP+dAls174aNB8e7k9P58PNazIysrd+d3fYMi7XsR4Omdienr757a/KGqWGly/f3BBEbptvQhEV9kgs1jOoIoe1q1rXDsVxWUTbZbuuSzscZF3k/vry5gf/cx5+8tt3W/B0//Hx5ec/fdmW0+8+pPBwXKXZ4+Pl9euby2VTjNPperPCVJOi1hTCjHI1zriXic8W6vjsUSSIygrfAXYCFP29FKBKNic5e1FTKiCxNArT68+ZaihQznCbKSrJ1EpBIKZXmJkzDFTmYFOKNgSTU0UCikIFMRvKWPo6VoJMGZfJzNQ2J5rnaZsEWN6wZNm1RFHVZAwQ1O+FTZx8o1TuS52rFBIxPdCcYNUshcT8N3NJgBV3tX/lHkJarculHK8Jc3rpTJAky1Qz2wV22cacRHfQOCNF56YiVbY2/QUyH1zznyaunaXjrYdD7oyCoNz53NnnmUpRac2ziGCq8iHcuYva/3eWhIDOXoHJMhW/QaBEPjUFTzVUrVQly5nRw9M3suP5v7drhKA08AmoIGYKE6fEbGpTWA8wBZHVM1AvrpjpmS/C8m3XR1T5UW1i9DOBB9xrEebIP7WuBOf7JhPhV4RIgfbgVCqpIqNe+q57mo72+VcXcUBOIH+GfkoZzCd9UNR55tyAskTJqjID5fb1dHIS9VNrtZ6TPCn6XKAwNU+Y6OTkYjj/NGYZKchKp8IUDkFtLpkEBJVHCikWr46BZIWyVm2xmi0r0+Gx3h37m1fHN68P7+7X83mcrnE++fmU9x8f33338fRwGoMcch3JLWLLuuwSEWRsV/dUtLKaJegjCAoj6YxQWTCrQodqJZ3Q6aseD8tda81zAKnQ28NNa81jO1/n1jZiXLZz+EZw7UdBC4TlcdGbkb7lU4YvfVFpIjqRVMi2DaZn5Bhj2y5QuT0ekBg+hvtxvSkBrUJUl8PRyDxfnkRg0iQxrhvHuGyXSI+Mw+FGtVnroFhbNBgbN14C7sOPy7IsN631yFDo5XQa3CK3EQOCprK0wzzdMCJdHEZ5enoitrFdwFRtiuV4uG2qHjHSrSsQCY8MYemvIjzA9Ixtu0RuE/yTJhTnNTOQLmrPbBgqkiDzOYOMlAxWudCeKlfYduUMqGphxgJpzUzUlvXY1oNWjxHY2NB6VZlkqPUDwGAyIt1p0ji1GXX9iVntuNMekz4yPIPJ9IBmsz7PhiJXUzA8B59/hloTSa1ubZFKvp5+fqujtK7uFBExK0C9FgRTA3M6pERRwX6Z2q1KkDnH7LIAUaxKEg0ASyRq9firA69UrGCQrFhPGgyAVUNuFI1gwIzdd2Yqcx5ncPeMqs8SmOWeA1EPLRFMYQnq9myVwDKHM5UiRayBZIyQai4jM9NaE4AGJtSQkZFOmVUrrbeClVp50lJSyIQVyclaqlAZxlIwdoUoTCmx9KWrSopHBvP5qVbPFckKfpogk5a+nxFaR1ITTdkHF9T0IBk50l1I1odCZ46AoJtZswKyWKC4kRxgakS6q6ktzSAxhu6hgqgDRsUWo/sYQ1SEwYi2LNYPlW+oalF5KhliS1tWigV5WJq2RqqqZdaBLmZdRTKWbWzMjBiiYtQEPQKEipFsS2/aGDXf6NiGdelmhnXbLpkhkaI9kdYESglC1CPdA8TSS2pfOFoIlDHU1NTEIGh+dQrVWkYwXfoC02LwBMggg7ZoDDezLOEcQM154SkLBupiCbiH5CjTfibprtTe2/zUqE3V3St5JkkIm+IyvFWfQ07fCzNVNWITUQRVG6DOaR2co5SIqGVEPbrDRzPZNvuXf/7+z/7y/sdf3Pzo8+WP/uDVH/zgxetX+Of/6Y/+45+8+Zf/9lf/9m/e/fVvt//4h5998mI9XzY1kwTISCAxxjDD09P90vrrJi9fHNPkvlrQgzk8zbQA1MzSu5+3q7S23tz99ttvHh4HmZ+/ef324fRwOtN4uL0p7jQ9FLKdLmO7Avri7lX6+Oabb3qzcR2J9nQaFCHH+Xwy60JZb9ZbvYng7Yt16Ta2jYpXtwdter48EXFc0v204avjD/8HGn9wL599+vrl60UuF//dNx9++YvffPbFG/d4+813auqRD/dPr9+8CFmgWpi4dui2eQkXZ+i+Ag1CbXNAK3FUMtus48JO7NSdOpUyzwmJ3IcbzBlypghiH0MnnEhoDUtVA1g+2lJ07LILTOmDFCY6c+FM+awUL5vlFC4UfJFZrTPCmf/xcskAACAASURBVMUpqLlvUgXVMyNC0QCtCs7KyjU3hxL8zHDFAonrr0qGwgoWLi0Kdj0nZ9Zk8QXTO7GrUbjHUNa3CiR27H2qazjTP3PGtkz5TbGyuRtpKIAkIAapCFGoanIaCyrwudB/UUOWR3t+IkTJeObOlhCpzDEBSmlVDHtiEvmM0hWq2FRhAYAW8vf9HrKD3Nw5oPLK1o+YWH/t60xW7Cgm+K4TvMP+uNzfcU62fF8yCFV7Ti0VwfN6ZFYaoAQUymlYrpWsdqN6JblnMO1UlCDT54zM+eaTaDOQk7P3jt/7pOeHVyT63GVUk1HKh2lmn7RnXXxZuoWpk8ydPYDuEDsVAmtSuKqWSEJ3BgLz24tWKE5ElSQQopqZzO9/aF3GOjH83NXPAkFWWolAmIJyoO0SyOeLFCRCa5qJuZ2CCZ1rD+ZHrIHiejClHijwvbZDqIhY66KERAv3aG1dF3txu3z65jYCY/jD0+X+8fL+Y/v8fnk6Xy+XPD3F/f3T0/35enXfUmA+YouRETEI3ZTWVJPw4WNcZXI01WNmmdHaYmZNe22KS1tNGOnX66OPa7Nu7SCbWO9IDG6SGZHhDuFhOQz0zK1yG5+uJoKlt+PNi7WtBDd3a4uIjM0TnjGEomUxba03i6CJ2dKt6ceHj+vlHL4ZYNa27Txi27ZNkRmMEZt7pifZrB36erPeZjI5tnFNxtIaIYxnOXWpNlt4Dm6PTx9bbyZGZUSeT6cI3L64W/vRuW2xhZ+3y0NwpIcApkaVTN/GOQu+CE+PbTtvfmnQ1rpBk8jk8DHiynQVUZiqRGYyMl2YlXcAPj8CiHLHa+WlkZXJLiJqAqMKgqYiYgGaNoGSrmqm7XB7uxxW9J6QwfAIkdbVCISPIoI8Y45Ls5qD5XAp230ZEpgGrdbJrMPNiuyAmIhnpHsyNQ0UBmSqeKdPgcnqnpxaKCDojBTpzKRHIEvuwsrfZAggYvMkoaBI3MpTTsSIQnVmrEAG6mkyl5WSGaWIMCQyMudrIpDBYM7KEOyivrqvMlRb/eHuYcUoG5DSliZqEVESySI+JTnl1h7Ybc0ArOns6XSZlI5kDbcQBZRIsWxqEM2oxBtJFmhfYQasRBrTZmaTGDcT7TLtxxTsyK1k/YRmJipekclEs9asxRgZhKYPggz3mvPNJuSChAclY5KgFemWhMBMmU6gwunN5hEX7nUqikBFtLWIrExwo5ppcdlakl1QVMd10J3jigyxplpqF02PCM6nc61zERmJTIVCVZqprgTCPSGC0DZbb+u9orJcuSmIjOGp+19DugeDLopuHaMi/T3GRrLZWraNIueHXwRqZhUMl+7hrimwTgGYrRmZftkAmkGttb5M/SsCYLpDoCoRqaowy0hTCSaC2lTN0kNziLXSZLamAc+c+E6amJkKPRwpiNRmZWEf4yTGpDbVDPVtoDUpcVCEWnMPH5uIqHRwtoMJmUHHZiomlpI5NeQJoKkOF3JUSCtmjB0yqKZkFmg6N3Coao8MaybILeKXv3v6218//j//9dtPX8g//JNP/of/9Kefvuj/k3/6g3/y80/+33/2i9/ef7RleXVzw/CKGtrOm7sH4+PD2c6nxdZqrrDeFBRR2JoeIwJwZPSugp5kMEX7cvt6XPjhcvnk9sVXX33+zce/7QuaZV9E4OvarZvq4uGnJ7+9WV++fP34dF57vzket7b5iAQvp8vNzfF4vD0ui5i5j8iE5Bau1pdDA+My7hW3IUuwyeH18fXPt/ajePEnd3159+2379/lZ1988uLNm8+++PzDt999G2+h9uHDx9dvXqmKmT0+Xp9u291NW/qtx2PLihACkbpbgKcNkWVAFDFhzPBnThkGplwBO94N6Cw6/T7hZ942yJI3FoubThHq/DExRSEFzeYcfvEM6SJL64mqKC4Ksq4cBklrba4igl1anoxpJpjlHrOgrJTtJbBgTmOJRmYNehMsnRbKrKT0qd5I2f8sQkKk1INl1qxRNXaMnYCSXjDGLEKenGeC2VQ5QzanK2dqpISMTEmlTYvDnIlnz45AsCdo75sJ61G88w5ZwFgtVAUo7WN7znjPCauz7Eoqz15VgXDvDOa+w1WI/JzRc0qpZj/Xs/YHlIL/5TlSY06vmPO8TgFvsSkAisasq6sWtecloJ7xk/WYRoaCxGyukyjGhvs4r1P6TwacqAfOtDSLsM0EKsl6iwA+L12Suu86JWgWYRPWpyVljakpmilWFSsz6rTAKakPeX4eJvsyg90SkDUu1buCAuW5K5BKniZWl7SiREuqZQDg/EzmCL9fS0UCyBTAQUoQjanLEqvcpdpWp/IHO2UBLcGrAVJCWylp1/w7Uue6XltqJrEXG9feJch6p7AjADOsPaa6qUC9eu0qoBoapPW2LEYeXkZumwfjzd3h+savX70+X7frNS9bfny8vPtw/+G78+PD9fH+fL3E6eJPTxfffFOPCIkIJoOZXkoHIVQl0slBaLOjmS3LQbXXNHbZTsPHtp2FdGyQy2E5auLq14hrMIMhSbN1WIw8mZo0Q1MxNO2LHm8PL5upx3nE2MYFyKfTU50dvR9a71aiF6qotS4jxuW6Xcelt1bSCECvp6uZMvC0PT1/IhCVyLa0ppYIpz89PZyfTipqy0Gtq7Tjuh4Pq5l65jbGddu2cVFAg1tcqZk5Ns+mzUdT0W27DN9O28Pl+lTqraU3qIji6mfo2mxpKWNsvg3Pckg3MK/jMsYgGTkyBpkilpo5gpp7dxayar5qN0Td36RIE0skddZklOSnrgbpplLp7dBmGc5EX9qLly9ef/Kadvd0tdIREEqKR2LSWOE5ChJWWrMGJDLGGEA2bSnliSpDTesiyYxwsxlqFgkvS3ApPRmV6iwmCGA6fVlljIAGZueXiWYTFS1kUEVUDao1/OkOMWQBe5EF20y6bjY3QWcUUsXJtMmycucXVQSSTC84XKV8L5OfJSJTONU3z9xaZSaWTwZFTENS5gGYdJKeQ0S6tXoZdWdPCqsaLCdJnBFeJr1KL8qpLQ1Aqh61+PGJdHvUsz8iKxWzWRNIeIrUic1It6olYqkGSECLNiqnq1CUmVNslBH1lIwRDIpARTcv+X7VKeyP8G5FBQlRkhJ3D2bJSFqD2iKUsY16dyEwBYHYAtWL3lt4IjwiKnxKVN3DllY1aowBoZnRlGQMlzQQjpAJAIlUWs52ERLWoa1JU5UIjwwtyROxbWnSxEREmzbTFh40Wlk7hGqQQCaSLqYmCMbYgpG6S90iw30A6GZFvjNTxRQa7uGbENobTMIzIgTCUck8VklEogK0TI6xNWvuo3URMSbRO8AYo62LQgkvAJEcPoa2RdsS21abkpgEQ1qzZr65qbTes9Ku05gQE9MOiErvbRlx8hxaQbGqAngwGJBEs5Fj+HVZDhNDyFEaNFKSXudoegBCW8QaPDI9ZX8S1/QhApiJehBqmQiBiWlrYl0yBVsCrQO0tx/jv/oXb/8/f3H/R1/d/MOfff5qyX/wh2+ONy/+8m+//tV395+/fEkJMT3erk+P7N0u1yD4cD4tvTcRDq7rMfIaTJMgQsDWl4QIe1ddm/70Jz99+eruF19/d4VxXUfqzfFwe7O6X05PTyby6vULML/78Hh/f2UzO756PG2PT4+ff/r5cenDx8htjHHoYtYNEjnOT4/N+u3NjYg+XYYdXoQdHIdXbz599yFxfPXisx+9v89XP/7Z9ePD/Yf3Lz970w83I/Tf/uu//tl/9PPjenxocnp4+OJHXzXJr3/z25effnp7e5vg9bqNja0fCNu2Qv3meFvaD+ySfnBHQTlFhaIVDBqiphUbI2XRKSBY6wvmmFerw5Rj1wVTGn9Uc/z0UU3IXMCcRqM9c0VAzIiH+okV90sKEJOtrR8tohPzoBDlGyeQtSiICuuBNOc/zJETgYCkE3v3lQhnHtGcmabTGc9QtdWDp5zuFddZ59KcClEPlsR0DkttMrWpVpVH8S0s1PZ5f5n/G0yUkAGQ4rw4g2ee2ZMCSLAvBjNSTQSA1R9bSQKlrkmy1VNASc4W5bkacDdB1CoyDaUslcdc/eejLb2yv4QCRua0VH/Pg5QYh1MrVDPpnHbmwMw55ZIV5F7l7HUsEsmKWJCoa6Xi7KZUaioBa7vY1TkCMhH17XNsRyRZU4ulhHZQKmq7MHhJYMZiVD0ykIGJCKIFY07FhfjndH548R5TbiAFm829pUZ+zEl7viPzX5H7c71MCjIJkWKE6mOsBD/JAIzPvkLWM5RTxIW6A1MIxHw+SyrT9wxPzhs4dS4M866s9QszMquyUWPfGgTlISl1lWiICitZRebGBMyI1bl4SnWPEs00GTO0EMLySNZ9hwScnIhAUwC6djssFu556IAk1UduW16u4/G63X/y4uNnp/f3p+/ePX734enhYTseegbPp+162ca2jZFREiwB0LjXpVFUYGaNkMt2FXETbc1ihoukguGhmpfIy3YCskBoE7XWRIykNTksR+u99S6KQG7jvPkVzG172sbWrJEI1swpkRGDw0dvJpIRksGIVKkBiM2MItvFWzMhfIzSRYhqzIjuBsrw7Tyu4S5C6z09t3CO6K2pLAJtvV9PJx/uY2Pk0pqPMeJMFYYLVJRjXLZxGVUptA0xA12kYN3awVs5Ujx9+Ha9PiXCxER7+Nj8ssW1Ms9UlcHJYsJLSFHPBqmh20whWRmYv3fNV4VeEfRVjKK9TWa5FIZga7Ysh9efvvjs05cvX786bTfXt+O6eYSrzowkEWFkMrJm6Lo3SR8DUs2mCCWyUghBRNF99CRgoqY2Zrx3oVZp3YQa7gJEMEUlRYEmRmRRAcnMSLMGLRc9KKzyV5hm7jW6lWRUc2wJWakgM1yboTJVMsMdzHLRzny5uZanlBspQyAKoXYxQFJVkTtHW3923faYB/L0cmUComYiorObaoqnRWBq3M/vTCaoavUMkDrj6iyIUmGqkGI2pZgyke9wycySkgdR4Zm1CGU4sgzTZWpOYwM0ydrykhDRKLyNYEXBzCeNeGw1pGZkDfpJzYxC9EEaJRCZBPjsEE3GBAQrP0NFVTNDVctD5j6KPk4GRLSrqjIyDWaqJknCR3pY66iQ8ZmCngxmFPaoyUSqwiSitOuVK2HWGJHXswgVoDZrSx3Xvm0ATdDURAGxdA/jMiP8DKrBkpstotlqM7ledvQEIYytaJ9SXVQMBwVo3Wp8MBExE7GMSN8EKa1Ls7rMe++M3CZBo2ot3DOiJrOSNIs1ETIjIF0aCZPGrKdcZfVZwW1QaOtoiAwC4dEOayU4A05S0DOHNsFu7DDrCoUJGfUYNtXwQUCbTUxoF1roRHkF1a2mNt1GkaxmWKnXpJUiZdaA2vyMYMG3M/U2U8woM9Y7IVlDqB0IF0VrahYyxnaN/9/f3P/FL+7XJp++XD59fTDl/cP5d++e/vDL16/u9HhzFHC7GpTbFkvpvkzTx8hRtElK9YaLpC59ieGty91qf/DFazE29MDhl99+fPnZwyefvFayQqWZ2+G45khPDVBaG+5PT2fSez/0pZ9PJ5I3x1fvxynC1O7Wl59gDdflsd8eXn0xzpHrnS6Hx/tzv3vdVnn/7berN9hlu3y0xuvl+vHh9OmXXwrx8HD/u998fXd3+9UPPv/u22/XhuXV7eP9MFtP19OnN69vb1+KSgzKoZV2DhRrRklJoLrOE+Ut4h4EXasAaixKBnw35kyj4BSQTEUFq3V011hXtEyNJfV1rCU9Sw0IV2okFVBT7K3hgdJEzsCVEsfnjNSvFJhq0i08uKb9avBipYHmfDGlqYmElBix+mjK2oCJRNeDctK0At3h4mcT5Zxkiz7AJMOnG5jVMEOJmgdru8hpCN6HxYlws4bOeosyZNotQ6dkR1KzdIdlY53bR+0vCtR4jH0SntVdQnzf6xCsGU0Lbk5SjDuBD+6/o+iFQr5kYvBzB5MEZ1dxbVAEAiDLECZ76cNkTeY7OgNEaxrVKaahZAUL1XcUaYmdVQAqeXVSRhXyNk0JpVGddMmkPFiXYGba77+hc40qxqCWpdyd0M9o1JwH6gtUQInpWaxmAzaW+XFO2fViQyp9eRc0FT2Q821DrWFFuU+sFJQqjaj3Zm4sJeZPPPMwYVbRTJgIO5OuqbUjzYl732bBZKjYvM9A7v4G1KpbaxxT+cwJcbIN+/vE+rmI561Sn+kCsLJSg9Bi2YtCmuGDWcEnMteCgg45Yx9V6nV4EoCaVTJT7kOMzIM+rKtZZ84GDu3N13xsp9ZxWOSw6vFo3SgW60HPt0sMXM7Xxwd7euBFfKM3NQYiSVh6mnUQFMt0Iqu7iroIuojk2BjXUZy7atAzUkSXWgDMlrZ4pDQ9rrfLcqPS1MCk+/l0fdrGJSIZIdDWupgdltvWjmBEMiOOy6F3y4htnD2Cnt36uhx6Xzjfomu6AxjbJlaZaWoKbSYprWn4GBElHUv3Yrgo2tcVsAxeLtt2vYZ7aUVGuHN4jrUdMyuXL0ZsYwzVBtKETVu4aFc1G75B06QlMbbz8C1zRG5QEV32FisiKQgS8/Rl7bt16swtX0QENU3W1cwd3uBc8/V5IRbVypKZKuoiVW9f3Hzx5esf//DNVz/8BNJ/+etQhIqmsvoBIEqBD2dtq3UZF+eTXkFDFDRRhwNQyIgkh8CCSaZIN7UACleEVggx8Lx0d5EgSJtgz/4sQM3DUeeal9PLhALJKCDCtFLYJvbQtFMKtQLKg1anKyBiak1MBJJR+UENM9MQhJAu2mBapHASgig1YyYJtopIJ0BGJJq0CjyQuWgU0tbQiifh3DeesRDNDCgiU9lMBToVWgqkwJqVg6eQAkbQpGR9rVmG73DrhNDUmopQughFG0SCoaZqXaYuke7D0vq6SsUciFbrAsgaHxRqDZFQqvSmqAAnopoaMmCy2BIR5bSDzrm8DqOI3GKoqZi13ubuWbp/FRC+DUnClvCYlonKFR0R7tpUeyM0Mty3ZgooIxXQ1sqKLqQgS7BUAQBKul+QA+nSO6yZdfcAtDqWoTRp0BmRYW2xvrR1IWDNItIsc17PvHoI2bS5eJJIoYeYGjSYPjyIdV2Vtf6yNalbuzfxbWNczFTait5ijNg2FatgVRMT0daWDLh7a0YAktqsOqHVeiB7W6GWPlNWpbUcg5S+9vBzUVBju7amBATKcHpqE49NgQwih7UGMjxsXZG1QqeJeGzhW+UjWWtFGpMJZ1t7sAwQ1ctn2/UiKtCCVCEQ00VVPd3UyFBVShONGNuEO6Fi4mNMY6qqVDCdiLaGKKVFiJhp86i833r6hSjcx/XMhxP//uuLCAU43uSv3n/7w8/ufvDy9LKjib26u7kGIxDpzGSuHuNgoqYRtRdrBNO9afj16XCzXp4e3n14+Pj+aTuPy9jY23KQGNFbP91/8G0ThW9jXe+Wdhh+lYxlvbl/Gt89DDve0n5yfPEmX75pny/vv3s4n68Na3tz9/L1y7/7q199+eLl79793d0r+8FnX3z3cL6/v//Dn/z0269/9fabr28/eTMivn738en9h7Z+PJ/Ody/vbu+O3/723eOHjz/44eet9W+++bAeDpdL3AK3ty8fHy8PD4ebw80Y3nQBW3X8EaHSQsHwamxkTl14HVf7pJ6B6hF6VhlOgL70g6VHSILwOgg5oXKZqYNFjFJKcMLSiajOoPpaM3avce0SO4iM+Z9IIGIeMJIFV2a5O+kRnKhrZbJkkukxQxqlcO0JrEzkSCbWWqGLpaPJuVJOnJ370lrSFCnVKEQ4RarM2Rs2c3aIslM4o0Qazw1mszwGxIziqSm8HA6luEmkpCQxa0Bm0sOMJEWFRGDCQ3uMnUB3MQgTgpyHJicjX5S17o9rEXLaEnYmo2C+edtXJXNMKJ/ElLVyvn+cOnapwXbO5oXTpO4Dr4pS4lm5P0dz1DooUiNkDc4ZJYnfyeP6U6fcpZB4QJKB4M5/VJfDHDtqNN17Bn6PesD0m02tVdYaK7VFTn66MDJkI8iZjQhkCqfklKSVOH+C8zNKSWp9K2HP/scVMaGypxbXJiyoCPN6rE2/c33mkrOprIgP2ryJqjp0CjA4ocFn2qC2AJmXVwWACGSP1f+enjCpFaXknNyNCrWa10KRlFrDUoGcjBP3uSn3cmfLrK0DFGZuNZHN5VxY9hMymTEDg/etq5QFu3OZrbWkAmxmN7r0VW9jPaxt6Xo42N2L5eFp3N9fnx7H48laE8IhoBSBAXiGM6uCCiC84G/McMPNo5EIH1Qm0qRBKnS3tdbNrA41gtaWpS+kXK4ngDaa+/DY3LcRVwZEbD0cCtsmM3xE+vV6VhGV1bNnWTDpIhDtEGNgxBCQGWO7mFphGsMz6UtvEe4jjnoozH4GYJqpNm2zedRzjMtYerOm5/MGpvuWCIg3a0c9bOpbXomMCPfRFmSMzK2bqaK1Tme6i6k0Rvrml+GVME1Jo9BlixwZvu+LyUqGnJpHSKJUkjU8B2ksnI+qUzsIEZVpjqo7QlTNjCmiCUFVMLdVP/n89g9+8vrnf/T5F198ev+Yv/n647Z5QcJz2ajg8L0fg5Il5wumqlQRdG8qwhyDSqqxtO/NjEYKVLzcPGact2L6GKUVIlNy3kpJjfCIrVuTwpFEgcyIJExNraVfy72nFW43H3f1JTQVU61+mOKFkJEzyxSyn7UiVbTlc0cgi2k1FffyZWQBJpxEXao21RYZdWgmOP86zJTseXMSCWQldkKtmVZvYqZAaE2bRtQ5I5X+OVGuOvBnQ0GCaU2btQQZFZhg3GE0CCDVJDiRk9ngrWbNtJmYRtRgpxAj59hXH2JkRJQSa3rXaneJaQ231nqOIAIqqmWuKNMtBCYVqDH1mGEmYuU9YLm4rMrCgITY0jiCkZEpgq4SHnAnw7rZugYRY5iqkKriHmTOhVxVnEiMbahWRxKlSPjckNn6mjBBQ5kX691DttqKo8iPFO1aPS1MJNfD0pdVajcL8TFM5blVg9PdECPDY4iqVFJhOpPJ9EKBMgFkXtXMliNEI7cIFwUzPBJgb62JiJpvY1lW6+oe1200MUH2dYFojNHaomohqa1HDgF2q2CR9NEathERNBVGCpDuArGmEI1wNcscDT0iG5TIjCHWYcbYqCLWAG2tuXuMYetitrR2MOHYtnJ5Fo5goglExgz0bG36eUzCo/emvdUDy1QpbfJ0hOyeU6lAPJlo4Zw1gfLDqBhVwsS0l7Ogt4gIkL2bj3g6XZ/O+vbD9d+Abxb96pPbL9/cvLhZhdFNe2+rNUiqJAjPyOR180LCVMHUNy/utpPff3zw8/nQjm25O/QeMVqz1vov/+Y/nB4fP3t1R6XE5fZ4+/Zj+6t3D1fNx6HnkYfl8tUPvvzZmz9G74jsN/Tk48PHHv7DH725ubXHj9+dnh7bssa4fvHVJwYL0tbDm5evPj5uY3x48eIuxvXDh8f1Y4fg5uVNv7lpIt999/HVm5fLHZ7uT0+Pj2/G9uVXn739+u0vf/Xrp/Pxpt29eNkOSxOaKSJrR61sTAgkEDM/beopUsx2mlBA5XxMFaCBORhOxoDTPyzgdCrK7INhsQSaDCkicfLIqXv0iSiQSERRRvJ7flnSZyRkuVhhRCEmIDLJRLAg/6lX3gOE2i6sZ2RSMfV4c66fgpw6bHdJyfTU7lMvwBqB59G7Fypxn+B3XKwGufkmlD9VAaDa0+vXqNoMPyJyD30vDjP2kXZuEVr/WLtBTaycGTSF9Nf+Mee6qRQChBk1ttkskJ448/R4fP+FUv+oVH7/nswEfZ1vQLKC6jG3JaUINGtMCKJiQwuAkioTqMkyUTngdbdSM1KMJQqd3MukQrl3YZVsf7LWc4EsZFlKUJCV2TEZqtKNTadBxVrWZaPTIL6zA1MkpSo0VQ14/QzsFQIJtIjgVADUVDyJexYQKWz1CK4RvFp1qkCItXqVRgry/LyczmQUaVD8SzESz+uzgJz6oIIjS9eGCrMtjgGZKFq8tq18PuiKa59slxTwWYxC7eUVDjK5nfr5SUSpx0hOhr34BNFMqKSaJaPeVupcd5NZVTTJKB4j6l3IGuaztKoyrQklZ0hoE0GkC3WWZFQMnyopFFdDo6ThRlvKoR/s9uZ4umwPj9f7+9PT6fj+2I/Hdnoa9w/n62VcxzYG4hrmEZ5Zn9guvPMp9o6CASrwkaAYrHWRbrYIJLk1ne6bzbcR182fQJgsGRkMM6kVHOilgUPG5teM8xgDQhN7etoKba2hl+Bwj3wkM3IrhffwWNtBYKzyM8HgtZS+1+3CyMvlnMJmTRim7LpaM9DHJQBx5+bX6+mk0mAScW59WWX14Z5n9ytCzLRr820b42KSzkiK2qJopr10a2raRL3Sk7wydzliRAwy0gcEYoAH50VYCQSzf3qXdREiVop5QLWyuAosTFMTVVMlFIaIEDFbrTddD+3lm+NP/uiTn/300z/+6VdtXR9O9zHITBUd7qKaUDpLUSBZx4FSPNOFaialhdPWENmtV6thb710RhFQqHtEDiJ7X3VHmFREgW3ziGGtT8ixDhQ1Fc0MZ9SeDKESGQO1ISZrX6//qCrJCj+pKK4ZmhZR6ggRZUYIpnGmdvGMgNBoWqVPqk1MqMi5srLOBpEdDVWSESGCVuuUWUHCCrESqwBM0l0IbQq1XeqHiEyySnxARITt5GQJgWYz4XxkqMwOY1UgNBmoMV1FtFuBNjNUeMfCtEziohGBCG1LM83an9ik9N+qHhEMRgKa8BmUYdBgEJEJRvlZRSSSMUYzqwUgUlSjfo4qKsO/TtbhQ4gcDqEu3cySoWREisC61jhID26DQmmLVpbRNuK6ofW2LiVCVYiuTVTHZSszu5qKSHjE5s0Kc0nRru1gUDJMka2F59hGK/MG2FqjSqrAJODh1L4ejje6dIq2vpDYttH7crmcfIRCU5IVdRwEK9peX2+DYwAAIABJREFUGRHbqEnFmiqQpmoWMZr2fjgS3K4XQapIeFCtdMERrmJCqkGAivRaWgOjngLBsFbvIEVVm/nlSoRZI5kJVcuMDDcxqpk1dDDTrBEc16Fi1peIiLH12956JzLTRU3NkC6lxYfAlJl0762R1RKKDJq2ejTG2FRaX9aseXzfGLPiiUVUAplMl/nA0vQQEROdWHSmWhNak0qEQgYzQ0UpCWhfOiE+6gKkqC39AOGs1U2HZgXyZqRHfjvy66cP/bcPx7Wvpocmr18cXt0sLw7abRxMl2YmtWWhqarg1SdvVHDz6Rf/+E/+Sf6rf/Prr7+9eXmX1+1yfnj5hy+R/s1vfnW5+rjydMlvHx5++/D0i+9OF9fjwszL2vuhK8clw48vX+Dq6/GgiK+//bDSf/3rtwF59eLFZ9C3b9/+h7/+xc9//ifL7d31PM6n7af/7Ocfn/zf//m/G8mvfvhj9g8f3319fnj4wz/+6e2hKfD2d982TW2HL7/8/Ac//IGiX86baHvx8g2A1l7muAyJm7UKD1GlEMoZbi7C5xwW1kTCJNBgJY0ApexJxf0WkPEMM04yscBYzHFuH/Emmpigzs0+fm9MK/yEJKaoIjOB+ozn2LvHktbMmeUJqIu4sncn1lz4SwKQmEr1So6glAKnhqQ6laoypQT+07a8f3vFgE6Rk8k+e1U+ZCEWSUdMlSVFFBmprC+L1Elk1LJTE1WRyZypL9iRcDWpmVBQR8NUXhR0uiPtRT8wn98sVqTpxG0nAFzoNpkqIik6IezZ80XORCSdq1ztA+XFyD2+D4JKQ8sS6qOCZwTUnXMAApDy1M5ro3zbAnLO90VdFE4IpBa2MjUFFYXLYoMzZqjoRLk55SyofE/I3K+k9Fdg5cJqytTuCKQ8ejM0dQcXsRPglekzoy0EmXuHL7N5OGSiXlN4VOwSk6ygt1LWUMWQjArmfF6EgWCZp6ZQuN6saR3YP6rKTK/bYl72kSL192hJl6zoMIBAZa5zX0bKzl6uwb27jvsKO79LprOnhEgxY5L2O0xVp0h66vCwswI1F2itsDJvKkEFoeTk1uoizNLQFmshwkIPibk0F3RFGH1GZKFETJzEDEfxCQIEvDRwN8d16W0ceHOzvnpxfHp5/Pjx6W5tn75+ef94/fjhdP94enq6bBvPl+1y3s7nayuqik60yBTRyEimoqw55cRcl35QbVVvBIihI3m5nBI0Uc/NfYB08USKdtO1WzdR97yMC4llWSTSfWSGmWZExPDcoHI83PV2M9wLz3cOIDNTVVfrNUNkJFBtioAg4HDmmNqaQDKuw1U0DnYINzNj8nq9XLdTMt29Irpi+LCx+eV0vRe1Yz8qmqhs2xWge6iG6mpmInQfoEgOSnj1oRZfJPQc1VFdi5uQ4YkkdadVICR1BkPPkRYsJ6nMEbpw+wqfMjMzUWGGqCy99d5fvjwcj/3ubvnhH7z+2R+9+dEPP/nyqzfbYIyPY1DVPEtgv1N8mZJ0H0IR7SQzaCpmpg3bCB+bgBkZiNYwS0YjkJiBJdUglgwpM4GnhxOIkKI2ylrLqJPPo+6DiSiaWkSkB6xcLkpmRIqJik2MJFmFByWOzF1oV/9RIZWOWhH7JUwHZHhEuMqz1iiLscWeBoxdGYsd1lB9drQVqBwQihjQBC6o8LAqKCgkCMVOqIhMDgTWZNbyTE2lVh1zPY1NrQB1mdABtYukjjGws6dJRHE+KpMuFoVZeXthKtCcoFjZhVAW5WQi06ypSoyIOuWquBIQiEcx4tbUElSlSjWbiGAqiWUe3mNijaSKlQZLsEuVN0YGwd6sNYtEjMjNpXYYEfcN7pEppmZSW5+Ub2oiLVCBNFW0yPTt2pppbgmK9dZWVUkPEWZ6JNxdALE2oUaBWsvJYzWp7SgpQYDjes2asjzSvXJ7ADtvQ4jMjHAmm5otje7WtFIsRLWisTKGtTXDt3FGpmpn1PCk2iFRLC4BUWj4yAggqRSkNosRQfbWYjhAqHqMzFAhM6QtJprRgOHuANfDKlCkimlKhShpRjYTRFZMk6iAwfRajSMcpKgl0My28wVImEWGmI0Yma5mOQYSy7IwqNpyDCGs94ysfoCKstBmSCqmERzFW6moiaUBkSaJtCruKaizyhNma0BmpmdGhKhRaM0oMJFElSe36rXNSJEG9a5wdzBPl+tZZIv49cenprY0awozLFYNb1iX1hUjxpu7m89ul//R//qf/af/+f/qv/ef/ev//f/uf6s61oVNF2vcrk//4Ze/+eu34y++ff/xvD0M1exku12Ww9Ium4vqerwVO0TgeHv3/uHd11+/f/FyPd7efvf+nk1e3L14Ol19RLgL+Xh/fz5vOYZfxq9++btXX35xvDl+eHf/+Rdf3d4eF76KbXt8//7x6bysbT20483h3bsPNzd3P/jxm3BZbl4s683b3/3dhePDff/0tRK+dC6LaiIYVfWIiUoXtJHfCz2YKPegmGBqR/L3LLZTHCJzUJ+s0gTI57eLaLWRzAR6KQAbIkowMwqGmBoOMsp4WmHqAlE82xLIyjTcVSVzmjLA9wwZClinWjJ3YFYhOq3M1fEiNcDUyy3jaZaPrc5PIHezcgG4pSSa3zBzU+agWVtPYuJmZFmY6qglUM5nQWYUGCs64Vqmz71m/tpp0NR6j0SAJHWCV6JKrbFbVGrYmeB8Pcxq3SnPJLMqtku5IjNnY76HIjorRepdwvylz49E7Gg0nz/gSSHXdMiUwl7L57zP4DrFVUBVu0CebcKTI55D9oSycoZkPP/55XhjVieFPmdR1rxUUpy57tRXcqY9PUfJTo3CbvCe4wrAjLlVsES5ue9mbOVYqDVDptQn+PxZVthJkQYlusosbkoEYjXmlpxoCqLqO2V+JEUTZInc5ssr4mLC/s/dpDKn8NxlWqVcTklGXUhECIz12kWI2XFcny3TKbMzo2w6jpR9NeTOqD3bdDD/hwQls7bzWgchFBgzaq2od09Vat4XUBC73b9+RAqkVnImEwpAxESUEvCoCQxoKOkRIYqmLYPNKlQwFcnI44pxa63d3p7ZuvWmbW2Hm8PT05UfYHVqRPgWizRmbptXXIZM92itQrZYb2hF02VukxRhRoxMj+dVX5R0UWu2dDs06yrCvIRH/aUm9EwwfAyZqzZNTWjhTt8yRyIZo1kTmoUuvY0Ye8+aMrhFapOIIVkfvpguBhs56r7y4aSnaYRfr2ePi0qDaPho3VRa5GBGk95sBdV9y3QyECBTtPdlsb7m2FrBu4T7NsaV6TOyhh5ZV1xmet0Ye/LVvq/WUTsF8nWBqz5XDVKygheJrlURCiC1IBjYzXG9fXn44vO7129ubm/spz/5/Kc/+eyTT14d1345n06n8fjg4TFGqmoCZjOSzBGTZmVQ0lodvREpksUVlOKvV7gmyIiIzNIQG6nSStUHpuZOMquqNFWt0jEVm8QdYKrIMn8UcFJqLKtbrwhNrYZGaK3EmYrJvEJNpAhSpqqoThmM7m9wEawKTZiYmml6CmFtmTaKEsMLGky01eOs7pKIehj4LFkEptwfezWLVNp9aQ6nJBoyT/DCs+vgweTLU1SQSAmRWVsc4VXHu1d7lDawzsoC6CWDpjCFWre5WisKrCeFvTXjjoBV73JNdGoqVhp5zJAmcaD8mv2awfQtisOQ0nVaK3Zp4lSF+SUkmHvZcHWQZaTHQDUkiEK1sOdMd4JtXaDqw+kBQVs61FQFSkM3bdJsbKO0QBAJDwh9uJohB1NVlWKqxkxWmIRHmurUIi0BZ3pkhIs0M1U1ifkEVGuriKS7Lta1kWlNZ7ONtt47Mp1ZqLmYzWZ3EIJt896BJqS05QDSvcK7+nRxUAVqYsOvwMR0IKWBdrXG8BQYm/uw1lVt8FpkxbyQevPAqmqmEZbWRMER4W7WRLQdDtvljEqYVaioWUsyInXtgqkNbia+eTOjIhgILxE/VNy9NxOp/0eSLhWiKgh3pKuaSlcbnq7WM0Nbz2T4VaRSnNqMYRIpVMWTopVLMynYepBKbZgy7xqAak3VxKTUQ2oG0fBovWdFUQmlWXMhEibb5qLZIF0t05Nw0qGRSQmt7kEMgIO8eWg/+2q5P51PV7t99WVrdnd3+MEPP/344Z7k+3dv/+pXH399b5cRYuvNeryerwRsWbNpl9vMuI54+enN8eUL9H775jW+/QbSX7z+1PpxbJfj8bis/fyIb76Jh4/3P/7qBw9P963bn/6jn91/PMl391/84Ee3N68f70/9eHBd+9qkL+3A3339u88+e/3w+NiW/qtf/TrJ9eZlP/nt3VoKhW+/e/rRly+WY3O/dpuw6m5hmhN11kSOfXitw4W5J08qkWQqbR9yUNdt4ZIyy8134cMcOIlSHKBBEoUuQGgVLKW62xpZ3iSSkoQGh8JKIV9jIivqceo9pnB5UqOs1guwKkSQzBQpSLtWApmkqO6RNTMah6hstF1FUTPbPrBKVocruWPmJXcsxF5m2g9ZnAHKfGJzoJ3aSdmXiwpmmL+UeM5WZaTs6Fv1xuwTsaAw1fJxFaFiRTtrSEqgMMJ6kVKdtjuuPw8HkzrZZU5q8vzzq6+dc2UqIJu6B6BWFZ5w0jJTD1syfVCe40RlDrf1EAExO0X4jN5jhifFbNna/Qoz6Vtm/NAU7NjE14piUmslJa0vmCKWedFZGRAUgC2culxOGgPGQrafU3ZUGSkQqfwDBIk2OR1GfdQkIkOeIVEgciqVUMS2lXosVYQ7nq2YWRx7omtCUKEWlMr0l1LsVxZr7VGqRCWV70OJ4Jl6gmgleQcpuyOnLnehUPcNFXP/q2VNIxPTCVX3wS6UjF1XWn9V7R7TDgPqzqRh36mEklSVIvJA+jQjQCo6bF8P51VRL293CU8osbZTRMWGgCH76k+mSINU3w2TqcZlAUVuuAhijNFXPXi7jUVahfTeXa9DmlzPm6tv26BLa21sQ0zM7PkkAuHhgRRRM0umj3IMZ8nZzRQp1rpSUsS0L2paIWUsRRYWa0q6bxFb+BYZzUzEVNTQMnyLsW1nQKyZiCkNjOFX5nCOBEy7QkGGX6txfAoyUBk9pbSSiPQ4UwRbkDnGBnAieQKDiQgjVXTRVWmRPnIjRmSAKRSlqrQIRoSW+liwbVEQHZHJlFSraMY6o7M2T2qFNmMapObhP3M2So6Y82xTBZNSUhARk/S6j7H23pq9en188+ndZ5/ffPb53aevD3/wo1eff/Li9u5l5tiu19NTPj1t2/BmfUSqmqLGx6g+9iJWy2ouwjF2Snd2S4lYq7M6IyJSCskGoW3C4ZzLsojQmlasAcgKEYQEg4SZzSszi2/F/5+qP1uWZUmyA7G1VM3cI2JPZ7pzVmYVCkMT3WBThBQ+UYRCfgiFJIQfx39ptpBNaQANVKGycrrjmfcQ4WaqygdV3zdZD7fynH12DO7mZqpr0gy7zGzgAERUgDndMNLLu3t1Io2wCA0EnjPvRCRgZnNE1+JFq4vImiivX9aI+wNiMZnPhDBgmb6a4jsoEpBT1GjDsBp4mdM6shPN4AGlerXuXpg8OG3SEeGtN2R4R3ueU5xRHll22l6eCakpngOjaUskyKYV5gJ6uFawFaHSWlt0sbCUFHo5Klwo6cNIYFhId7PMMINAKSY5eRdI5MGtJvhQVN2tcB9VdaebuUnubqJueUmpTcc0MAIc583m1K5oEkIbw2xWE9tarfa5iXbRpiKXICity5wzq1gRWDaheXqLhIfNTUhljrVChlxEZAkrTXskTk71nMfbel+OQZgNFVVtFgaPpn27PI05RSWCNjY3Y0o5bSbLMXMkmaqojmGtd/eqX4UNMRnhkQCtZfZOULQ3N8+MRRUV4ZjR+pohJH3JfGShNojYHARIycEjZdOQpgIT2JxInwrJTBfo3cLMLAJsCoaqzjkDwRARlRBpPUGV8Am6aENQ0RSdIk0WWMpAZc7Z+mLbZja19Yx1b7KkqEG0u20WLhEICfFM/2kq7k4FAJWmpLBNmLI5wmxYWNcWgcpUyWorp3OnMlQ0hieUkcp3QgXMQHRV6Yu6DVUh6S5S6fQUbVVoRJlCJRjUnz9uf/jLH/7386ePH36YtnlIuFyGn276x4+ff3z7pG3ReRF20UNbNQLOvp1Ha209nJbjKdgenyalv3hx9d3f/O78cD/np+PVsS1N+/r27bub6/Xu5a05P3y+/3h/Pq7rb3/3HaQp9XT7Qtrx6eHx+vXNnx/vf/jzj19+9YUoEXb/+fNl87//1/+6L+fPD4/niZtrXC4PN1fXl/Pnh0u8+zSubwnltPlMC+J58qkHkD7stIgMlFoDQk8tcWK2OYAlfxTuxRskgbVnxLn7LjFGni2UVA0nuAxGlKSyquCqe6XYHYtSH/7VMEokVeGsEiR/yZNcRRhEKuMN8MiRw/WrycKTTmgVK/nnFDgnjZe1YDadZUPIhiNIupeU/5kXyP8aImD051T4bIqKfSijMbPSSemRVJfEjOup4Bovg0DWvaneyUOA1THk8AFKgSPlTnACBS9LKevrCATDA76PaoCDaabJYjrPkpSh7rNumNVfNRAlWndETORq4fPtw67JSqhbdqFOyK4TKAQcZSsLNEF4LhJJu2/m0QGghRcRhJopiXIyZMR4lSaBCqgsudaOqAfByOzWrLHSQZcMBwhxuAQoaomPlts8Wrqla85YopCo6mAPOxGkWqcawH01EnnkMm/IHsCUnUyqehwZAlgYXjAcksU4mRxcJJADwGNqZv4kmue/VmX70krO3wMMWBiemwAiP194hO40TlS0aRR1g5B9Ml217ww4JTHjdCxH0dDZU0fI3v+2Emzl9QTTcMPdOxp7Ey2UDCgKmkA8zJFCvXyikFGJAMynRXJnoo0WxggNrouGyzQ4YDYft5CLHZYWDiVV5JM8PCIaw2VC65k1S9diPrXusfmURiEWMk/auQtP6WbaGhBGZxLu4eGXnIplGSHr5pDLOLtZuKfKzN1UF3Pf5lPGniobo2WVM2xMv2wekrNu4XmKu00RIBTKCai0QIx5tnCGwrQt3c2nbR7D3UUUDke0pgTdbWLklPJpW8icc2MxPQ64h21zOyyHw+n08HCJOSlwWEoGs2jbnwwfuZMxByDmDpZIpGNaysaEXhoPJoJCkNnaNW3aqtdqTQgnYl3b7d3Nl1/evfnq5vZGX96t33318psv31xfn1QZ0kB5uvgwMy8rVHYpEW5m9UTlWULkuCCRANKgKbLkwBM3JBBNKRWKm0dgf6jNageANDLSEirRmuR8eu4x8Qzv2lyVHhameJ5VomSmTAJ0wd6dMpXxpVX0zIArkajBkiJ1FUprYR6YtfdUjVtKSfO563+yTaBSaqJveHJDKkCF1jIsfOb9mpm/6ClnTAJXImxmyZPet2chbkQG8pf+TAMQ+jN3nbXjNHeHULWT0mpOMCGE6LT0SAgYTZXaPLagQ4QqraloD4bFDPemAic14weoIpapzhFmFuZwD2DGHD4d0NbNzMNSf5LnZlN1s1JzkolFhjvMJ0xUPdhUlDJtzAlp2hrDYK4ItqVH1iLwpWWpSvhkABlxpW4+7AJGSFfYNLgoyJhjMJTS2LJ8sEBCxYRXeiWZU40vpCzLUajmvo3Z0XJooKqKNJvTfLbDGuTlfJEwmodTmgLYtqeYJgInWmvFhBOhhKgKpbfGeiLa2pRqc7MxGZn4LQ7zmCRbawHENGH5/OacfT2o9rGdD8ua0FzTxqAHEdTWs/UBMMcGIJVvbA2BsGHGtnZRQclzs+WnCj18zpHdrkoD2JZVtU/flqWN7cmnyaKgqK5N+5hjXU6X8xNd+rps28jeHQFqZb+oNPcQhaTvJmaiF2FAWH7y3ACFaCSoIFRFRJKraqJ18vfGysNIJpBMlij9l2EXcwLaWzboDhMoIYqZKD+RGmLxKgT360pmKC4Ex8NRFvl//7/+w1cv/59jzr/5zZubF6df3r17eLrcXC5/fve0mSijaWuHE6WZ27o2So8gJNbD4fb2RUZoEBDgtC4r1h/++Hba9ub1FzdXN//wH/4zXp+UAP141IHjz3/+4ff/Rf/+v/nXP/34+erFq2Hbh/fvnsbj669f3z9+fvvLL3ev7774+mu7jMvl8vbnd1999935YWv98PL13Y9//tO9c9oY0z7dt8uI49qdUyGMTmYYS2oKYrcTpsyF4bMGoJe7MH7Fr7NWC1C0is9MEktpsUcKgLJ2zfDj2Cut5HgSSs4aea9P861rNBULyNkVPwUQB8IZrYQLUcx+IqaMLLhr4kCSA5kFmfFs+RLZBtd5KL73A5IgFEmIAqkTRUX+7AN0d+UEiy3A3paElUuBxZ9DSrKUtWxy1xmbEkxFVRXbpUfKJ646HdalKBYgI21SS7qXghmps8PiyfIzI1iIPaWHlbyZOFh4fkgPVmINAKbyLo9FAJkDmvi4SxITpbLZv3x2OaRUPGr2hxrhZSQRrVygok4AthZwhkZ4CpBY1W3U6ciAlV4fOZciW5vCxzPLjkg9baqPmFmdJIE93Yip+WUAlhMI93d5lgmlvD+R6zbdSgRR2HakzjGeZURRXEnyN57xoKR5jkmCE4rIlPBUBeQ5XFL6XCG7CDaQEX6Rcd6BqLDzJE4Ee3le8VcoPo2lI8sWhJEPY1TztRvR3WsD3dsCZggKuC99kdJY1upGMnKVMZhtojzbgTwVgMKAVSR7JPlUrVCZ/1M4UY1xkl8EYvoko6wbeb0hnq6FDFZFXUKPCLgI13VZmvTFe9fDQVuPvuL+2Obg+WwP95f7h3Mys5dtjsskaMO2YXOb4bBpSdqL7I2MD/NwdwGgGbgUe1MYzJ6eNHjM4UkkezRp08Z0cVZ/lWcJ6kCaERMeKtp1jchcxjl8IKhUuLSmkQH7MREGpwvMwmFNFldM2yKiV5w+w8x9OKyGRnlEhEozmvmMmCriETMG3UVUmDHO08OmX8QVnmgbJwJzw9yISEtTendg0xiRDY0HSE25HempWCpFIbXt3nIP1dIApLg9Jeypqk54tzXevbz98svrl6+PX399e3fT727XN29u717cHpfDGAHxbeD+89yGAQihomsTn14FAXdeTROUdneHiM+0lidPm7tmJcYJ1BE2ZyC1Cr8Kzce4kCTEZ4Ca4jdzCwsbWyDMRlNSVKkzZg6lSm+Xe2b//EpSgiC11I4BsmmIwcyHUrIKdHgXSa5g2JbOtQhozckgdrLOPccMhxDQhoDBps2AL9pEmXPOPCR3ifAd6XBP64RqD4OZS6PPJButsWfEr0CQUH1TMm/4XsC4e5hCUyMEANkkCUW0pL9S23xmGylZqe6/0g5U7UyFD8uip2zC5hGwEGkk85lC8kxhIRAqAnNO93JqmQ3SlXRH3r7kRROnKGTQwqaR0aQnueckJCiagPwcZjZTMDzHyHyYloEtiPCAAwZCylROcUDEbYw5x7hcmrZ0EopWfjQhKt1ik76INJjP7aLsZBMVdxftQZnu7kOlqTbRNpPMFvFQVaioj7lndYR0UcrlfE7XhkjTXiAIyL40A+i0afPxIsp1WcyCER7T5wwPUakFmZw8aT5tzBgmXXVpQMSUiJhjc5uqanOC0Cbb00UOR8njTVS1becLAiLKNPs1iTnhnu+iotuYElO02TQIIM3nRnftS2gnMS9P2pq7zHFZlrWJTkG4SVNwjvE0fFIQGICNMZb1kOO9Q4TSMCfzgZbITBR3U22ARExWRc5fgTdIUAHMMbR3kuZOUbq75YzYvL+ZzZA1KTxizgFGhGcSSCJ6ohKWljgLOAUOT0Vj+qWQMmg4HU2UqkFqaDCWdfn+3cM//tf/heGqvfflh18+3lwfp/F//A9/HtObsq8ryQjvy0KVw+F4WA8Pl6cIevDli5cvXrw8Ha4+fz7PyyBj6f18vheNMS83twcL19Yvj08fP3xYru6Op/Xh88OHD5+fHh//83/4j19+++XN3fHt20++jdevXvyynWOO65dvlpftcn7aphONklurqfDx4fFyOS9rH/Ou91U09dBOVboZLCuA/Mq7n7Y0zFHB/6nGKOHVc3mS14tIA75XrFmCotj1ISWWQYk9ZOcTE7dNfL1q8AhPAleyNmVFCOUfUqUQpFBybkp6vwkKPBUZIYRlwVRC+QCR6b0lBIHjOUgS2dfUbODKSEiCNIUxJU3JOoUFAMfeBfxVRyAF1OdrVqkXVURWkj/cU1eZsGklO3tkE5Vfkv//2DZKdmPlbyypOlmfVp41BTsUmP3DM35NQKKYGqfnTp4DcR1M+Cs7vn0KPVgIc+7IhQEJ0uax09BEnQjZD2RBva+NoISne6O+jCClN1H5oBoZYWOkWFpSAwiKtCohAUIhRE133lfTftmJ55FHBEUgUZKglJ4QtJ32AUCal+YLdRaTAnibbntHCJY5sRQxKXstt0GSZUicsCpeipCaOOtecmvUTa0hmFklkwyLkGBJ+SOiwvgrVCYKn8trQdnnWSNLplxTeF5kmV7uno2bEulTzCc7EKneSOMufx3xl+W8z6g2omodZAhA9mHPsURlmk6ruT934dlMkRlcGgTo/kzGeObEhKeepqhCinnBpIg9Czzven66mKqionS6UoVdoqlpX69O+vgwzxd/fBj3R7m+bjc3y+UcD4/b09MYl23M6R7bNs9P43Ke3btlCEk4HGYzywJRLfjAXVprTZP1EQD0lC9mozWZdFvArbdm4UIRoZsz3GJkadK0IWLaCNiwjXkXSviXwZFZyhrFPZIVMvONCqWQodKb9LC5+TbnZhiqXWUhMDEZEW4hnDZKJJyqjkzBy2VOElDRtXdgzjHmtrlNRQQMMRGgiO1LFJZsaZTHJ4q7i1SzCNypu4ooh5nnoMQsAzNvRDW5Ta6HDuL6evn2Ny+++82Lu9vlzRenu+vj7c3hxe3t8XBs2hD+NJ/uH7bP52k7lK+5AAAgAElEQVSgSKuRg4ZsX5oKXCsq2UqtzlSjNqhoZB5/0/TLh/uwSQmRBqE4JUee1PMIxcJaqTPCIuDGMA8Pac1tAh6uUZnHQUm4JuVD7qS0ZD8STdw3DfNkRQPO8HDT3kXUY9JL22fh0wYclJwSG2nUotaOR1bEgDbdY6SNRLLtRkqEJO1sObY9azKU199L3ypCOnKigv0aPBBeaU6WWEhrjSI5CZBKhmbwW9F22dukoTsmQTNDpuJEiFBUGZjh5g6aUEMkO7+gW0wFNXcSc4spOT0qz7ps7Ijo6nNjRSQYfEao+0ynWNc+NNVoTIGeUlS7+bQ53Z15avmEi5tL76oqHcN8TGNEb4v5hIdAKJHqrjktAF0y8clVRVVn5PhYXMa0aT5NksewMoGAnGOLOX1RjxCLCLexAa5CDwOxHI5CnTY83WkqIQHlYTlpX1MsFJAx985WY142ojzKMDRpIko6IwdOuJsTtGkJlKh0N/NtWtOu6hG992wlncQswDQcZLRFAbfLRZp6uI0pZFuaiM7Lk2qb25DWKOrpbwYyA4MU7ToueeIygq3pNPNt0yZV6TCkaexdWRYHkbolQhkRJqohcEA17RZ62Z4o2lqzsHDX1iwioOHTo05lh4u2hDbacpo23Edvi1kEJhiizSwLbwg0tzpjuEMpSJkG3CITqJU5BwOU1jzCtpkAlac/XhSgsJlPj2ClbtC9ylb36YxyzD/rCgBVIVuKQERle3o6i//pAf/4x+O/+RevLpf5/tP9ts3L03j3Wf/DP/0i0rbh60HN/XA4nZZ1G4NUXVcdNmYsy9WLF69vr2+vr67O2/j5h5/vXq0h0ZpcHp+0Pwybr7/4Yhjacnh6euKcX3zz5ae3H378/pfbF3efPvz89Plw++KFLssPf/heV/TDYW4XH+f3n8e6tof7p74sx8PVu1/e/fj9L09P47Qu67E/PV3uP29Pn3l70KbN7BJhHnUWZF1S5VxKRqsI/VWtV6VH2osS98aObzwDiClmSMI/Gd5IxRV21PjZMLRPVAm4mfQEfTNsotSceQ7tqY8JcUut/OdgAjDjKVPLTkQj8wbvjECaex0hETk3PHsOAUBJoreCLrxYB69SFcwpjgT3iQJVgwYcoVWfFYQcSL9BNliJnOZiY8K9jNxxn7HbPOpgqfpIxphkDieIvdXYm5AC+wXPxve6Kcl0IMjw52vtCIm8N3UnmDVp4o2xS1QipB6o6aSmKCbKAoGqUOHVAVTfx2ycWISFR+72kelxvs/0rU4w+bRaK9wVAOZeAUOZJEMh2HZceW8cq/KpxFLu14RwhBANe3OQOCH2QFCrD5m/ENTGqBA25goAhWwlXvUURTiQExFI1GyAxBWyVqwWR+i/epN9D7zNLSOfhEj9cbmH9w07DGWxQH2woqaDma2aooyoIruesVpk+4LM5JMkyqkSIWWTT6z6V8qsFw7CZwaNoBJhKuIwtz2aqK4IIxyRNALTogPA3LI/LvnQ7vApBzCf/fLVWNUzkhwWfI+0zRgPFEPoHpa9C8yljCZdlD5BQBeu69IWHoYzdL6Mj/cPHz88nE6wcZqbnod9+PR0/+nyeL48PZ0vw8bFRM7CmZu4T9+mXbaZwRHJwxklmAWOFpAQAGNsQ1WoGvDpAGJMU9Vne5AX3hEehhGhO7Mk9BgRQagiZftmPtkkb/wYMziUotIQFCfRF3aFqCyqHcAldUfhKtLYcr5VuBGYc6YSX6s+SOdiqincfSBCoI1ri5bpZyoy3W2aewrMkKE0gXC3XMgiNNcEZSNN+QggUNhEAS4a9GhN1SMDjkCk8F5FdDkux6uldXn95urbb25+9zcvllVur/uLF1dXx+PpeOytR0C7jsf54dPlw8envOkRCJteTGgU/7U3tpJ6pSiS0NxjB/5RFboRruzFQCLMzMXCoSIh0pp6lvuiM8eZJ6OvSjDcGNUwQAp6AHaQvHzmFNXEweacsJBa0clVCRlNWyByuHiTni26QIRKldS3Ik3xETGDqHj1fOamGZ7f+6/+9QxXJpAcQIV3qTaLtLeFhVV6flJ/IXTTyt8MYE9rQEBUpLnHjKmiKD0NNMlx1u7AhB9U67O6ISh5SuXATI8ZodSWyCupFu6hSormc2HIhp8eYe4Mz9jNKOxEp00Pn5aHberKtGtDmayzmMiTBhKYln5NqmqEE+KOvrR8C4AiAg1Qpnt4ICV3ERFh0yPQVAWSiiCKpp9X1MIAC8whjYRkyEE/rE3pDiFN3MOkKRxjjLBJkUzAzOgd45xjI0R0UU2NMkVoNt0vy3IMtzFHE1HVnGwa5jbM3fuysLU5zj5na0uE25he5j/Car92s0z5nzajsBoZ2+buc2xCpjMITN7XeuuOsLlJU0oTkTmHqKbIrq2rtr7NcwSS/NsVxqJNzaZot2nTvfU2xwSld53TJKAqiS1O87WJRyQm0PtqYQKqdA1uZr0vZHNEhCh7qjFS26qiZIxxMZ+6HHJR5Mcbc9N+gM9w076McQG8YgpjIlrkMHbCwsNzfjZdHMkluad3ORDu0VTdbUwXkXxYuaeJN2WAlrPlVcOmqphDRd1z52FuMxASKtrcN4fDZmtNewd1bHbZpmj/n//hw3o4Xa/26dNTW2/+p39895/+9EfqYpdNlpOKpv1qbkbluq7rcjqfH9elL325vr4F8P7De2nt5sXth/c/u8Fc7h+eTi/urq9Pc9pli1evv7i18U+//+er33734s0rQs/nbTo+vPv8dPH/9f/238Hx/v27EL7/5e0Yl6++/ebTxwdA7j8/fPX118erq/tPn54en+Dti5u7x8fHX37+5eefb1/c9n6lifkGLdyeg++jNDLIsCRkreoswUDZoJjMFGqnTmS/hU2Unr0A86Lh954gHUIQVUhOYVHm1Lasysny5Rb4gudyM0pskkgwIhyRA3dL/CGNACxPN0/smA6IMjNvqqSEkKKNUV1IFe+SGymwa76ZUonqcpIeZuUlVBUOZCuUtsxCcbO+rX1IIMIWz68AT6ikciyyWg+mCZqofAVUdV0iMWcgTEiKVIpmIXIoegU7cJnpOlnTM1LwX2mtFpFTbfLf13fNUm3vbVgVXNCqOiYBLdSqIPlAthA5WTmyrShLW9UPSPYoP19tawFPhrdYDkru/0iyOZHtJFjqwa8QSQErL5ZVAxf7WSoOUhQGo+fw8PylBPBFtBrSvVpPK4+IZleWjEYTJZHR+SlgcqsgU5b/PEUAiZJkDpV56kuyFsgPl3r3LJojBVQoBgcMD7E8dONX4Jb5RrG3cNU6kwEvfsWrr0snfpQoqNRBGdKdtkeAlPIcpMkVe6BXNhJE6sOqRCCUmiOSkH0ySuXA2hssMjEL6R4OeEPxY1acXNI7JAVhrMzv/EnaKbmLrqrETAx772gwJcezkkBIPrKNQpkz3G1d+nERm9jGDOudp8vFz5eYQx6etmkbXNbj6erm+PBwvv90bq0fD9vYphvco1sj6Ytu29lzblGWf1BITLin89vo4XSEO+hJiIHVps9tq6pvb3dFgp6XaJSCIkhImIPGmDa9sefzHTD3kFwtDId3acwMb1UwLKbHDJ8qEp5Ya0SYEElPuxldQ8XdzCeQGnY1H+4T4cIW8M03bFvLgmxGAQHZebqVvwfBNFhm91pkUw4kzhtE1owScu8Zd1TDI8DWtElfurZ2OPXjsb94dfrtb19++dXN3e1hXdr19XpzfVz7YelL8gsBfzyfPz7My/RpkaOkXBOmDYG4G9yAUJWZAZ5jn5gYELb0zWdnRs2OU7su5mFuApaoPyNzAiDcYs6pKkIxWtKgkkxx5ouFq1JVxphmjjBtQlKrk7ackiNUoUCMxeUydmApItw9U/Jar6G/4d6kIWRP2g2EIDfJbI6RGwFE5ZlTdXOaZaR7QkUWbpxqJDsgNsyDCFdtEKTiMPmFJp2iFkjhaqJa5rZbLEIoTTRHb5pZRkKJCqICF5yzwnzL54DMhfPK/m95jggkc7zDDdIAutsz9hGoZCdHUKW3TuicPn3kAWI2zYZSdh2xBHPO1DZtSssvjxlZ6hkJaXlqVFqQJBEaAQtzNzNJKHjWbMMZUzQD6tCaWEZtIlpTwNxc2RKjwTSfLtq16/QQCcDnVnaUtnTpGhZOF4ZLX5aF4OWyhQMLx7bBfVkWarNwhUhrEQJKX5a+dFqYozUlYBcoVbuezaUplx5jjvMgYtplbNaWLuS2beHSlx4SgItKU3EnpWwuc5poE7WANqZaIgiP6b11ergNSXgRCEeTZjbDc46ykCaAUFtfIqbbaF1hA+FKNpJNYh/owmmpom4ibubhy7JKIlBmEa7oSnVHEzFMc2+qKho23VwoTbt50DeW1ANhFtOYwyvmELL1xbcLQrKUEu0zMk5e6TW4AlRp2K27MrbZ+kpheIEakL0OCLTem2rWVCR8eqk2RAmks4uItjSbI0PgS6HCTJ2vCIiI5+pHzIe23vsirYk2m7Gsp6ubm227/I//5WPjXLpu2P7y00efowEU7V0tkdAmtsV23nob1ye9u315PJ5evfyiaV8Ph8v2wI7lsOADEXzzxZuff/zl3U9vj1fHx4en+4ftdH27LL1Le/jw4cXLN1C5vbuZc7z9+f1hu/z5n/7ZbY5tsOHNF6/e/fz9D3/582//9l+NyZhjbuer0/ri9ou3v/RtnC+X83Fpx9Oi0i+b9X6OmNINEZBww57Gu5P6qXem53C/srnXlUlLGHY1xq6fRB7iKPurlIjLqjxGIhYqqtTwutQlrUnpRlXWhbN7Fnw+JN1ghVjsGGImWWemEIPB3EJ8F3R4jrlSjQAzV7RK3Tzl9rptn4Pm9eqBdMQW5F4CBqK6mxwbzIJg04kcrDii2D0UlVEFQiIKvU4kIoI5Apa/Vo816nGHfbPSy1j9RKYDKZrPyknc4vl8ZMEuaWI07ujss/8CAWe60Tz28NOqH/MVRPZ7aXv9nTXg3h6hYljLf6yZyJIVJvbVAiCA2Af55jUplCIcFs8pcPWbkb1Zimpy9SDybkgOB9wlCtg7rmfFSZblxE5vOFylVmEl/8ozUFTUVor9snMoZ0cwoP+X/+v/gUmaV4Ee++LYiZfYr08qDAXIuaG1zn9VFmVg014RVy2Sf4nnxhF7UkdRDHxuMxMQjIg0pWeAq4hoHuvCvUkIBnOvT300i6nIvVOqxZLd1LRD8pXTSuzCsf2t92ci20IpD8Le1THLQfnrwUC7WozVr+W0YyZZkvMDs88VFakV5uCeo5E8IPNByeSmcGdJhh2eumSypf0IkBAxYLgP90sKf9xEu7QlNU2999a7NmETUXFGihvMzcyaJOuIgoETu2XE/uCW5hMiGTchmiCJTUuIOfVMGfSOXf4mLd3abrDpm9kAQygWZmNMnxFGYdNFtLmb2yYiIZhz5mTz7LnNd1KdWVcFYGZmtiUckGDq8/OV4uDpQwiKhnDGcLcICZ9jDsY+XjCpq8zjLcIt96bI/ZWs3AQmUEYKRetGB3J6RjhFWte1t+PNaT32ZW2H6+V0s3zzzc3vfvfqb7579eLu6ubqeHt7fTyuXXtrLUJEmyN+evfhP/6Xj3/446NPSb9pevUiIKL57UToHh7m7hSqaHUiIhlS4xEZkxLI+QOLwadN1d5az9FanthVMOU6JHJmasDn2OZ8MreWOe5RHWokrJiy+P1M2zvt2mJUNKMbsGMVZRPKSZQEqQY3m4jUnmWaXrZh9UDX8MM0c2lt/Ih4zrfYFbae2ZaGqcyI0cYUiwOtVSAaq5/3cJi7u+dUKe6URs5nIGv+oiTAFqCktQwiTbRG2wZBadkAqEgT5X5gpvKSoulcd0wle+uJm1JEqZHWY5EgLCx/P6aNmbPSIEI3m3Oo6rODvLY6d6EqRZqClUKz78KsiS0UNgVgEZpVPyTgDWLbnGMqNbOjWmttaWBIV2Rav6AcLGVaFZvD5gyHtFa7bjyfpgGRfugIju0iDGkq0iJijjnH6F1FS0SgrUMkgtIOy3KENOm9r0dEWAxRijBsXh4eEZYTKqWJjW1cnrwSeUkhRdzcp+WU5b628GDQp48xl6W13oDkBDLZO9MaZ4Z7q2RMbbTepPW81W1Zwt3sQlJaFza3adtGkdaSGXYR8XCfW55tKaFWEZAanGNQZOlrPo9tWbexCSRqpnJry0FE9x6YzOGPNrV1ULS1cBvbpfWWdqamzcz6cup9sZjSOrX5OEuT1g82N21qFdGmEaCkFqwTujeo2WL1hAdU1c3yL2uRigbFn1VzCCJUW4SnpdOrzU49j3rOiPKIZCoqyzL5MI3YJXyQ3vuccbq+Pl3dfvn1d4fj9Zg2jN//8nh/kceLq3sXmSOub25U2uWyiXaKauvLcsiRkSLy+uWrl6+/duPV9dU333ypbWWTTx/f//zTz9RY1n45b9rb+fJ0OC5LXw7Hm96X+w/vPny8F22nm9P58el4PF7fXv/x9/+8rAtU3v/885s3LxTx9PCgfb2+vRvDPrz7+Hj/eLpaL5fLNp7ev/twOB6+eHlzdxPLuh2P1tTgY//ez2cxf619d2UAI11qqSkGAFHJCoQ7YFRgH3acHDn8RkSkVC+oF1YRkZbYSsUUZD6GpkMjAUL30l0HytmUeHydgkXU1OdNkXvqD6zE0vlTEZSKCBSRNK2hFkc970DU3EimPgA78r8TEL7n8KQ+tFB3RMVCSZZWzyIWpC0z3SZ1JT010jngcC+u6yiu7Px62f0/3DOgIxUAQRKizFCHYCKQ4Xyu1gIp3ude02d38FwyF+6SVU5SCtAdet/NCkVSFNBcugBUh7crWksvkIulUN6K3ve85lVkEEjN4K/QcKa9ASGW0orng6/wRj4TcVkK1krE3sznlcoJjjUIPH69mICyS91E7tUlisJieOVRZKwLA9F8gpKtWMJ7dR54BGmVPVClbRZSmVe08+dRuqeUxWsUquAEEBLCRDAIJq5ROazZzPg+SqF60LTOZz5qvqeUDwEakjI9hSLXBllrR5LGkCJRiqzY2xdQRQPMlf583GVdmZ7YCCn7OBEJh2eF+Ny3Z5GY/wqKVPRib0dqebGJhlcflotUmQMd8okQwPON1B3U9BCb748UaQwpdWbdUQsPwZibm5vNMS7mTokucnEzn9u2gVmlmTCUvPgUxqQFh9BbV6uB4kmTABa9EZYGlOpPPC1aolJ5WghYYCv4iYSmAsFlV3a5MXNFPWZ4zvisAXWWOV9gY+9tjXBL60V4WhQITkt99RY2QaUCbmEzPZeImV1U3ikRhOgYU8mIMJ8CEioVYFq32OrZyAI2M96SC5sOTwy19ssSTe7lmOcfJS9G5uEA0C4xIxCiul4d7l6cVGnw66vlm9+8/tu/ff23v/ny6y9vNUD6cVl6WxKTV+2qGOcxNlw2hIWKdOnbHGabUJu0iOcSMd/bYncqAeHuS1tEkkY0R2SIkIdPG2HRpUEcsGz7iSmZA8tI1YdHiCjDhfrsTw2RmBmzFGFIH6JnvFbAA3lB3S39wbFjANVjJAUb7u4ZWJYgbXkJqq61VNJlm8XqGz3CqA1lESkak1ICw0KPssRkT5jAbEo+gmAGHyECLobpdK09FxZeTywpoFIDsIgIy0+gJfcHkeN/nrcIlvs1HAhl86SJCUYOz5Rl6SrN3FREteXlMhgMXIS+791Ktgw9DpeQPBuFOVx2aYuIUGjuMS0P4dZaOYLyNQwebmPk35j7jjOUiUcyn8ac4LRg095UMg/VwsaYlv4/L7uJSj7GIiTczNNT25ZVVMY4s3absLyJTedmbuZjUHvOEPM5wky1qXZDmIe0rk3QVLUvy8qMyxeFTQ8fl+1wXOmeSTsQYSOCcbF5Hj6R+A1AhSJces9bMcdQhY/poLamKuExzcIsSThENFUblgbn5JIAiFLa6nNGhDaZ2zbH5m7LcpC+jm2TmDnWjYSN2bRFuNt0j76srS9znkUFQs2xTVrtaWt92mZjdl1yF89wJbgJ1SwftMpuolC0Q3wbF/eRCvDCLsN7W7S3cA/ztnR3n2bKTsLdmvSY3rTlsygq2ts0C0C1Ibw3tZzklo7EcJ9D2tLawgI2xKaxIRBuE+4UgTK2mSXPnmJREjvz6K0FLbsDFQY8vO1UmAdA6RE+5jyersl2fXX9zbffPj6eP7z/ZDZOhzUsx5XKeZhqH+a9tWnu2ET74XphxByDx+P19c3LV198+5vf/Pzj+6enSwQ/vP/44d3bN2/u7j++WI9LwD+8/bDZ9vDw+M03X13fXs1t+81v/4UK/vynf3r77v0lJDMN+rp88fUXc9tuX77yOUXbm6+/fXoan9//cry6ae1I8vP9x/M/flqW1tYmwvPDw+OljyEBxJztKGPW+aCiJGoGM4kMTqeE2T7/CSkHEGiEl5gFBToW3ltl6Y7nsjQ21ESGEcz5gDlPvD2fPJHcWRrBhWLjeaZWtgxelXcOI0vlfPxVYS1MMU1mjQikBme1CE8UiZJYX8XLAM/Jiyj3Y1X7BdHsBT7rXyCyQK6dtzyVYFV96aIESlIs8leHakAye4dkKYoLSa/0z+eac1fSRJWvjpQ18td6mjnFUIJWyS5SjmsKaWRjeAXk7KVzjSDYSZ2ASuyCIkHsCTJVKSOynnkeC5ZwNqERE2nj2gvu6sEQkUmCUUV43jwD9ox3oKz80z1EouWxl6uGkNRO28iYqICUMZEQiLntAVGozBmklidTrxO/zk+beHKK8P35LAZARKWYAilwQh7r4a1augwAiwDV9q8mJOipMKsOJWtxAkVgaJLexZxUD4yIgubropMZth5BoUbOoC40MfmaCEi2tqjnJu9cRUflRcyYpbxyLDs9sq1kfsfqiFNB5AiHUCNbvuqkKto/2QcByq6dIG+Cy4kVhmcaNpnNdHYOlJZeeU8RQTJ+Cf8/i0fCUweKnCiUC5+ZKJlh8iAzRFQhRIxcLrkIK/4pLDOIcjigaLQuN1eH3mQMjoFP7WnYeZr1LgJ58oHY0gbk00CEm6isV2v38AkVgcgcNoZFmM2ZCHQaToyRPPCYFm4Zse82PDwZZFAJsfCc0sw8lihjmvmUvPkRHlY55skYShbrWwBN+7PQW5s2NnOzueV6lv0SJ4w7xwhkzqunml/IcIM4qZkw6Wl7hQiFKeek2T7Hq6RlSbAkQItsS1Bbt+SEil0UCGHL7CpGTqUgzEPJ6ErK8Wpd195XFcZxWd58efrtdy/+7rdffvn67uqwwmfAmubtVpFFtTfl9Kef3336+P7B3MIF4iBVW0EsHjNcKoDeBHRoSbPcI0cGV7NefbgHzT04VFTb6j5nWIry6UDmqkvB5E1bXj0CKmLh5pawa81JzOd3HyIeEeJRfpscUQ56hIepptEw8UdKZjLUMSB0y0Y4BwWKiO45sDtPZkkGuCQpMfNx9B3tJndjv0edjsIZJgTYNcQjBnL2qvxKUgiFKYgOuk83JrA2gcwGFTrcYTmfMmM4PMzpEgksoVpCsGkje8CAENEq9yMMppGMLpkJs4RQVXvmsYbbmJu4SOsQZqpyGoTNLdyF1GWJiMu41GwyEIjIJCM3Cbd9Xy9fmuyslDamNSFrcd8Pb0AomRxUByehTTxg5nPM1jQC4eY22Zowg0wgIgYX1YWrbSOKzAlVpYhbSDhUe1shzeasJ62pw+fFRKiqEHq4uCK1lL4p1GFuCX8yZ/2qalub2WVsW0xzy/F0nGOKsDVapf8h5aju0ZYWHiIeEDMLn3DvPZO4GDNlm1HHk9KDHjG3S8zZjt3nCJ8II8UpCgmf0tT3sJfeupT0X6maUUmpK1DImCEq2rvZuFwu6+lKEO4hIh6YNlWXQJgNt001b/fcy75AGImI6T7ZEkoSptGztYBfnh5I6evx/HRvNqX1adPTxSGt925zDM/ofhWGAzNmWUQhj0+X0/XRYvjcAlRpqYEUVJxul2a+ISq6GzlsqhDJxMoIR4SpQEQN9PlIBLiUCzkyGYcWvsqytLYu69/89ndzYl0OV8f16uraI/7rP/7Xm+sTBG/ffWiqY9p6czycTu6xHFabM8K2sZ2W46Svy3o8XmtfHHj95RtVXY5HkD99/4vIYxN++PnT6y/ujoeDwdzG50+fT6fPc5N/829fa8Pn+09jXh4+ffjq668f759++umX/9W/+2/+8I9/Ws4XUUGILkdZj9v5QVSub2/Jftl+vL9/d319fbxa7+5O54fHyzZbv1t0czyYbSRy1ls+iSoNdE9zUgAp4N7rHknHiSSet5d5KPwfAYbsxUDUKybDnc5CcUTZX+GRNXIIyJaPXpZcRTGZoSygWZOCESKp/M+pKJ4odyCkoG5m3glq34mUOedsAimhRIZNeTJGtdOWRMRi10YkLOMxA+FVsxc1sit7Sp8DBHO0mTA3NI9d1J3kuYHiASjzDEbBKjlXWMroAOzS8KwYoKwiGFX6hVddQBLIOcMCps5lV6g84+Y7ol8H3A7+I9yhCUUVEpo0hTZqjgvOHIyoqhTY6SDugW9APAd4SoBgidXDvHy+ZcwADVTAg8ryIick2VLNkvh8pvcwAHXuOJvXxLnwsDBHJmp47nyWzE4iVsmoZEAGCuucUozILjxjuLnHTDCahefl/4gmlKg8G6lmhAi6RCqLE5/cm5vEkLF//kRZpUKZIiz71Mhx5ZIemZp3MZ+Nx4E9PRdVpWUVAVKykoSAKlKRSnXsIigNZapD9SSBkGcFXgKIEahHimmTK1VA7P0siRAJBEN2wZGUgXkHJQFojTvQnYJhsoGpriAy5rI+dpJZe4XPfRX5r+xJROnTEusUDaYd2CAUV5beLldfsuDpdwlEHA9L1wB4XA9P53ne5nm79EXaELcIc9JOxz67CaFyNd3m6FQRFZEGw5w2zZ4eL03p0MsZM9wtqFlQBiPSFhrmQXcfuy4I2jJ8IDtFBoMqgXIdwp/NLjbT9swIcxVN1peR3C4AACAASURBVMksVLtIi2HmYWGEeFIRbgqoaGHJMVMa7m5BZ26cbkTGNKQ7BR6Oyjw3R2uk+Zj5K07JKehMC1EiH8ysWs+SF/u9ROSMuaaKgGrudV4GHcrh2FUkEOtpvXlx6ov0zgh79ebmd7999d23N1+/ubk6LIFJsaX13teEDzVzU80ul+39p6e37x/cHOQ2N4tC45g999jMYZ46q3yUFYIwJ2GXsWsFob2nCSmc3pwO+kzBFd1mxBwjlWZRYCediFGlvdvMZrYAb6/pThEeYVEDYzFt7LuTYu+AJfFYiMfMKTFNNEvXnMlncDgkxTPuaZCzcDxnYEQIEKmBTkS+GoIUs7JSqtJo4kYKtUkgO2HuQMczbsSsZDVhNCFUmzC0dD4RiFBR0RbwaSO4U975e6KG/RB/xsjQSugpyLSWLDYx4Z0JOtQpIkwq30aqpsN8EhrScqpBzgvzOXPMZbiPOanRe7PpHu42Y09IUGl5DIRlOiOkiQM5tzXmyI6itV6CtCQHKUH6dEYQoiuFmNPda98U0uZ0m6oSpCMSHmJnZ0O4bXNsm6qGJE0qFh42JVxaE3LOIeEQ6QspsGlN0XqX1saMgKN5hKz9wNalKYgLZuv9MrYYWxdBF4tp28iB2cJI4wHJ1tXNbDMwpGlbGoExhg2Ikio+p2pTXeihquHDpyUDTe2EQWR6uEXG4kPDtouNrbcWcO3rsq5uI3yG0yJ663OO3hfVdrmcW1MyZ6s1FfUwtgUj/Ws0894aIXMbASzHk49BUe1LuFnMbWxHVZHFp+vSEMzrk5VW+iZV1Nzy1HEE5gS89RaA2SaqvbUxR9dGiGiwdbfBpanqNrbw6Etv1Ozi0r3sbmGThLZG1TFnZpd6GJtCxDeUMjcg1ZV5JmKJNnhMH0D0tqr08LNqzhaCqJoPc1OqAJR2dTwe1mPvhy+++fbtT798/vT5L3/+093LL//l3//9+18+fHj/k3Y6QqjX19dNmmo/j4dtXNa2unO7bDenm6PQ3NuyausWuLm+6pTHTw/r2gH78OH97e3t0ZtBr2+uPn1+/+WXr8LbzfXNzz+++8sf//jt3/3d3/6r//b3//l/AsZhbWu7+/Dh47sffzmeDnA8fX78/O79N7/9bllPh6affnmvPLZl9bkd13b/8b3Z+fb26jLG/afHt+/bV1/00/E451YDCxkCLZA1IBoC2rSSC8NzvFopC3bQl5IjtGqcnUATwEvlwV4RZTYMUbEqWVwLahy773xzjkyq5JhCaKMq8Sw2pUDGUiekhlLSR1QfaAemU2OfVhZKuuAlCGn1eokvMsNbIvaiP+UdjvwS2TiE5O4IkIpKSvpVzsJqQLIXbwnS1YcpMdAzeQw8//8yDyfzHDlmk1VLgtCqIfPDZgeLEueiqOJ9okEeHDUfFl6pFpmaQNE8eHKsBRnhkp1cKsqFKHNFJNlAiaoW0ok6Y/+0pUAG9sCijJSIvCAspT4iwn1m6pZASs6900XJtJMFQGepywp1CMmSQJBaPXfzbEVFyk2JHdRGhEp2VSV0KDA9tWrVO6a9rhwWBIJW8f7Iajb5/CZNwvbiGFB5Nl5UPU0mXSIkMt8eVcrnXWSWuklXJT0k2QGU5N0iGBJqqJoMFGT2NLDn0P8Vb1YAY5bLybtV1wZ4lsUR+b0lxOkixO5fz+eGJVZjVVm/NjI755CNulsNfyOCeOYtAIZPCYRooZN1dYtqzZIqq4+cQFmNaOSqJqOlEb0uAgCEZLgWLIFLJL9nkTKjiAh6shnVwLdsLtK3r2sFgTdGeIyb6wY53d3J5eL3D08PD9gu5tZfvOiRIi9zKLUvoG7n8fh4fnw8k9hkPj1dlqYIXmx4ePaxwoTBwqUgeUQwQlqXKlD2aq06uxwvEKoNZuYWcKVEC9i+o4AWBRiExfBt+MUQ4fAJBZQQCIIORH6YCAcsiy8zapJoacaR8GGI50GnpbzLzHAEPBT0xKEFwgKY4Rn3BqWmNqaMIQLZJ85Jya6coktvgViObVm69i6U46mfbtd1kbUJxb/99sXffPvi69e3V8dlaerhKm3pCymRYDkC4dt8/Hj/4cPn83bxgFF0THOL1g4E3C0Vlu5zzi1j4z0EKSrPDOJdjdL7auWmDQkKBOIWIwxWm1z6rWmesoGqALD3qG4zLSlmHmE+TVRVCKjnEEGvqIgAVDXojiAUEZnrCvr0YTYlO2HziBD3SUPO0X1GTuAeNQw4nv9QNAwqSMExw3I+d4j43CfHJ4FT8/Rq/xUEVVMIFHVk0IFhJnBQVYsPiFLKegJNMBJIwD1KZ5iQqDIcyNTTZuk+z1oNFDQNTkZ6gUWl6QJi2AAkw38io2+GAyakqjRdhLyYNW2izTNvbFS6bl5Yd4T7tJmRr+7eVJjbJkor5TXWkCAjHL6vbh9NFSpuHqA2maNsTaEAZU7zOUsTl9R8GIVU3UePRYQLJMJ8mz69LwuU4ZhjZNqBKCW0ioc58zGTZ30lCWBMD6P2Lq2JRMARZmPOOY0q2tyciJR90l2I4TYvAypjunv0ZQnzOfMxpkfMObP/YURrXalDha211ugxLk/b+byjVeZuKgyET6NqpuBPmz5G0y5NEdF7CxvzclaqE9K0hD3hNpPhTJqSIuqtxwxEaFtsu8TzOHlLOzvMpqgAJpLVGkVSDm6iaRdXVNSgUUTRRDQzLbQpQPMQCe0tAmNu4dakZ4p/60v41rTZNB85UcDcZmIUqZvM1d26ln80QrQB8BhAW5eGCSdgDoeoOtG0BazOFIg0ISVoQQgUkQ6xKZHgCIyWfNiyHNaljc3+xd/93TC8f/f56WkL8P7+4+314cWL69P16e7Vq/P502Vc1t5FxZ3a1u0ybAxGLH0NWTywLn2YRsQcU7isx5u7F3eXx4cf/vTTZpfDsf/yy/nH7++/+93fH49Xnz/88v6Xt3/z228en8af/vL91dXN/f2nn398u6x3V3fffnj3x/Ond8fbV6erw4ePD7/53TfbeTusy9vPH9/+9PblF19enh7On+8ZY164Xc6HAzzm+7e/mA8V3j/G/UN/eJyX8+wi2gU5qjdYAsTkekBWXkjstT+LS3GAiQJk+oK6QfZTX0AnqxdglnpVNlKoSZ8WVe47nI0U1VT9ztSRESJujjRpAGTPf1oISO6zLNA7Cg2liDJ2MBVGIR1gT/g+Kx8hAsFknRN9T7KcQWniHmZZne8lIAtPQcAzjwAgwr2Q5pKUBH4FZaElA2HWwchPKUzOONUtKZuqz1BEGblTKhlIUaoqhiaRUoFKzHbI/wrXlRp/naUERVQSb03yI8UgeTcLakz7EPY5O4nMSkTG2xi8vk3yGQgFLR/nvOyeB1nW4IWG7nOYM+8pL9yeX5lkgrmzvASR1AYQdfIW3pTHvEcpfRCesRApjM4rTVYoVfaZQdVi2rP0ZRMR99qZfQ/RqZScasJAoGUwZLqdWaRJAg3cG8oWkQtXGAmdCnbhfgaJgruUHHt7iNIFMYMvErfJxiKPzjIE1AO2W63zT6KZXRbFM7BAvSh5Wd3y/ZB8Tl0tvm7PbM5EKjDVuckVVCpoHqrVQGej61WY7u1pfYPsdVEJmhFRZ3US0tiT3WlZgFSD4YFKmmt7Ox9kqNA9SyuUzEE1tXzBSKcR80HXrGaYg/+arAKY2TbnQpxEl8PpdMLYYpvzdGVPj5EJiks7iMic8XS+UJs5Hs/j8UGeHh98WoQ5rPc0Eob2bMcoQiSTHdFTdJ4JA0BrCwAK06QaKZND9qIekcJ6m3NjTagMRLRkRUgGxeGI6efAAKOzr+3ArASLE4T7jIhn502yVXAoarIAKGEzyQUIlBpBbYuKCmNMS3dQwDP53R3UUqujlJo5Bj1xAc95jAEVLQrJfY9xE3RtL15c50S/q+sjiOOhv3x1Oq7N5tOXrw9fvL5+8/JmaSKsMN9kWlV701bGZRGHPF142eac0XQ39koKv11VgotdcmQfLcXBCQk0ZZY6CA2E58iF7Kt76o9dYs6pkugFeuup85lmKe5yG+lfY0Cko3ZYD3MRRFgOCEfALVPiRVTNU4zo9ZC50y0ge4xXwjO5L2aej4MUzSF3eaYmqC/imO613yEk5TdhYcp9IMNzVprHr/4wDwsbFA0LcJJNm6SyP0drI5IV8kQCLtulN82JxZayNklqYy66tPQ5IDvrmejsvgrgnkyuBOFhyta0QUTDcgIuBWZTl9YopZ/Ks892mVmK+VTy6AHh4WYWniphe4Y9zLbICFFtWXu6GcymuTZl6xoOs4pXEgIKWkx3hEDGtjFgY7Kp6CJKbc0yamSzvCbaxMKpCjqN2uhm0y6qPXeynMpBggo0MGBj8+l9OWTrwRDRNuYMUFrbxuY2m3aztIy3ANhaX9cQBTWJiIwT6Esr9Ketughm2Pkc5uMyKKJL59xi85iZ/kmoJL/h0xwugDSZc8zpy/W19radzxIIN20KuDTQZYzIsXyi0EYbU5Vdu1EE4uFNZIyLUrp2dp0zILFt5wgcjqvNmb75JsyBtSTNTDu0tbldAGrreXoIaR6YpksPhM1LclCqbdrFXZfDMfetvh7HdplzOxwPER3kuJwD7NrntECo6JgWBN2CaCrDvPcl3Oe4HE5LZowK1QusFVJbazGjyDFKOKnqBojW0G7hmFtK+C5jI0SXRVURMS6O3Ooy7MkrfJwiQaavQrSHe8S0QLir6Losh8N69/IK2o7LOm/58uXLm+P6+d3bT+8/fv/HP7ojfHr4x4+fDqcjPOYYSmrX7B+kNYeG+WXbDqervh5fv359PKx22T6//3D36iRdHj8/Mti1ne8/ff+H3//u7/7F8bAuS3/39u31i9fbdumvXv704w/L8fDi1Te//dt/JeLz6d3btz+9ePWlf7psl22agfLtb7798OHD0/l8vHk1rY2LtYNcv7ghJx8fSNnGePPq5d3V4dXLF8KnMceysmh6L4g7PHljCXMBvaT/DDKnNRe4wb2czWkw3AdrMlHISviQv5K1eG6yVUwAkfscGYSXJEOY7iYKYbvs2MMke4csk5+B8dojo/4+Yfg87ZLi20U7VFFo/sMKW4CTmc+b6eZWladHaglj1/mkbts9pHzOJntRFonlkgmg5SCrXeye/QzAUCorhwUJ5Bf9myw0YqctCKTcLVCVZb5j6SFQhV41QPmjQMHSHrNg6GoL8kuISMDpISW9CWRoQQk4slqsQrdiWJ3TY3qqVauYTRxLwIq0QEXNV1uTxUWK5tI2LwILKFJaWFc+j5s9gTr/0rNC3REuiUz3yn4l4ChXW94Pr6BJByTcIq+RlJeOAcLpGbssEN37wzQh50rPxqe6Bg/A0eqyFZhfPyiRWHLr3IdTZK3uqY+GIxhaUv+iy6uoS6VpJhdUw4pq+hJUzheUiHKcVB9YGTmyz+qsHrlkR0L3CFdQcpBJ3Rd5ZiCi4HuyAL+EF7MjroYXKDQrPKt8ViwQAqDBmN0SGsJR0aOpxd1/kqM6JRDpySn/fjJviNTruUDSgVeC6ry16fGGEjlem5qNSBd3t+dJx0nkpDG2aXon4AGN3pS9r+sSIWNgG9vlfLk+XvurOzeGSDgv23x8OLvL05gPj+P9+/vz0xybeXhbNBPK5vR1s210ERmXkSPDtHl32UeG2dg2d6Ztm4hZTJintqM2Hg+bE5HKwtRvBLJIykciS2F380mGsjVZurQM8tP0hBS9lf1f0LEHLUC0WTWyObzDi8oRIDSD+yhMbxUQc44crhk59xO5jpmDEJ+ZoLopQCZjprs9qzdpXHprS7u6PkLieFoO62LOq+t+c304NB6O/esvb+5uTuthEUdrGo5hZj4ovTdhRrpLTLOnsY1hqr03zQAJQD1Cm6gLJLGCLiBigg5BzDD3rkpgImAeYG4wOWNVcp40tYlAvPclI12TEYkIkYxucjq0KcyHRTbFHjZ9QnIuKG0aguFoTRMryI63FHFp8EDUMC6ESFPCYyIAUbqgpIIFYjiQJtsIVJy/z2dX826WQtqD1Am2bFrcLAnAZ/WCY0phAoDCLVysZdxwqc7K2eYWRG17QbL6BLgPFj6QhLj4M3wUqdslIBMJ2S7MRH9p5S0Q1SIns1UKoVI4xqSqMl130VRbW9zcGZJYFAPudAixnNZt23b4MGw6UvGdlraUGoj2zHcSeI0koqCeCLcA2VvbN87Q3lRVKMaYnrMK0skSuqzsVIH7BAUtidOpQFP1gmxmHgNsCsoYM19ZJHfnFGZGgG3tuuiqMS5pLprUnmOntDWIsDXpDZRtbMuyQOlwGhPvG9vWlMN9DkMTClqjs/lW8jNRusPnyC2+tzbn9Mj0VSJsbNPnCHfNyKaApter5nI7hG4ZkCXaxC7u8KX1MUb4jNbb2h0MbAizOVW79jbmyJk4gKiISCXilxFDKIHWtEZxqxCuTZfl8LhtaCX6J+AW0lRVL2Nzn7039623JtrNokBBkaTYl3WZl0tE9MMhJQ1ptzqcDufHT5Z1R2FzktwvRT2JbNVkXJdlsTGmRWsqrQ3PgQmYcyx9GdsEoF2hncLt6UlULKL1RVS3bYYNUaG0TE11UtnyQXDLwLHovW3bdnNz9/qLr373u+/O5/PSl9Px8GA+pjfFn/705/efLl9++/Xp0zXff/RwTHu8//zU2t3dS1CD4qA5rq9uX758JW1t/fjmq29e3r25unv56e3bh4fPT9vT4bSC1z/+1I5XV5fLZczt+sWd/LB8+Ph2M9y8eJ3CsJcvTu9//vOLl1//d//9/+4f/tP/9+HHP37++PH9+3ci9u23v8kJvK21eb5vNy9ff/Xd519+edo+LKseD42i1zfX03y7bJcm8Hk6al+UsmVtoKRkvSCC8ISlI5wFDeeQeEhKXjNcNVGB+FV9/1zbZzamlmuuSuoEH6NuJCuIwEt2ABUYSnmAtANzmqNULFkfZwp+QD0svAoSMF88y5/0ZkqETwAppCFUKgMjBMmTq6Y3PE2JaaXDPj4l6iy0HHmQvsZU6YgSAT6PRq+KjlAt9bJHuLMFQBgqY0eqwN+VPygygCkZivzOILJkjyAKUau3cpcSJOUdiULmPZGr7IzyyUnOgAjWDIxUlO+QLtFSLglm8E1jehFykqak7XbXlzCHoxa/wfqPRKVXRha1EVYq8VwDnpYONxJuqW+wcEbaTRQ7op38doY87HKh/GZpYvTUWoN1v8uDCiI5BWEAhh1DL6FUMtsAKtr92awRpSvQBP49I0GJVu7nbHWY6zOpo/rfcEIksdqEZgUo8AY7vYGU6KcRpfRfEtU2uGdKpte9I1mBSekEYPVIuRujgk8FO3EO7n21Yo/rb9iLfImAJ6PA536DOaKv1koW4GUZRa0IpeQZVOsTLlQqPJQlIChFfn3o/R5rduQM0WyDs0/JwC8BSg5Rb/Er41JzqRLXzziKCJbwhCmeymovhWqJ2v7ai+bsZwbWZZFY3GLjZW16PNzYpDufLtt5s7ONp8v27sPD09P4+PFpmj89Tpu+Lr2pmNsYszyELjAxt/v7+/PTsNkiH0AVD/fNp2XN7IJIWwAEzLwg8ZKWwUEPD1XJ9B9RraMvHG4Kza5JGe5oGaEID9r0TXM+TU4IzzM1EJrSlaCIE/7rlHXLn1eak4Qk4mH50PNZCIS62TnFV3OTE2F6VRjMcRiazxmjzCeM1uVwPJ6O/er6sKx9+nj54jrdVq9eXi8dpwO/+/b2qzcvj+uaI9aL1QUdaJTsfEAn9Xx5+vDpYbuYSBdekAn3PkR67ppjTrN82sM9WtNgQGv2ZGqmo6uKWIS0FMGIZ++kjaJNe7Ii4eE0Q9gYlOitk2JwDTipoHtoIwTKnn0UA011zi399jZr1mH2/+4Rc0YJVSuNrjIK4QETtHJpI8Ld3CqzKzyDrdwMeaqUdswlYi/BQYoBgaRrbN/VRYUIZJYRwtnrkLUwCfjzyNgM5t05aBEFfHoReqIt7bQiPSl7FTrT9aZzmtNyQlbOugYkh4UlXSgiY14IoqmQOSJlYDQRbQtB96nSoRQ2UMxtDnNY00Uy7E5LquRuQTMLUtyGe4Q5JQilGcJVVUWdmD7dps2wOTXlPxk7nXCZe+pPW1eAqu1yGR7eVNlUXdwveaa4I4bNsVEgzmnWly4iYdMMNqaqus269rDWirCAWzZb2nogWmu66BgbPVTb5XKRJsthmdOl1QTltiytt2kugqY0Yo5JRGcDAXMzj2mi0mVBmM/YLsPDl3XZSRJXacwp2Lp0qLamIjbGvAwwOSLJyNkk/s0GcnR3mFDpLpS5XeaAeQhhcGQWATBtzGFEWMxkpcZ2Dp+Sgp6wOWdrnGNIy+Avz2c4Wd3Wm8UM85wJoLqoyGXck+jLcdoQEXfPqa7uE6QuC4CxnbsKyL6s4W5mMPE5dVm0t8vTU3LXmglzPkQb2dwnHdLK5ZKDDoIJjmVjZkFvTZUyt7Euq3bdtktri1KneBNtvUOxnS+qDI/WVZcuIcSAqApyzID7UF1CLMKDIgIVddCmn25P/+bf/tvPnw26fv3dyz/+/n843lxNi8+PD6eDnK7ufvz5+8PtFZuKxLyc55jLsoKxXc6ia+vd3I6Hq7vbqzlnQ4+mhF627cXaIP7Dn/4C4rI95eTKD+/e397d/uH3/3i6ur66vpl2CZ+f3789Xd8c18P7tz8Tcnn6fDx89d/9u//+cDg+fH7r5uH+w/d/efXFVzC/vb09P31+/Pjz6W453Nx9fv/zzz++Ox3l6emp35zML3NS9Ph0fpxTm4qoRuxpFe4QocBnJi5UMcxsAjxzvEoqWihqMDRLE6CEqIG0PtZ0I2TJUlOYSpazA88F4kfUkNnEqZKhSQhRk9WLCNJTAu9e0yMTX6/MS7QUZ5dAv3QKLiShgo4QhIlElFCCQgU0QJUwQLPfkXB4aVqilNip8a/2opgO2WHrDhgiCVGkVMGLHUaWLtk+VAFWNXrWixqlq6iDOxc7S0kFiV1lHqnKry4iduwXpa2HhUdY1mN5CHI/g5IazuOp1BWkZBWF0ieUQASZUZnUQf4butvOcmd1WprPzMvwUhX4c+1bZEw6P6WkqhFB/1VZ41nG/Wp8SGkIhOo+wWweIjvDGkZbZMPeAiSP4SlvSrFfe2bNi78RFJBPKbZqJ6mkIj2YTRMkJw8XGcJsP/emqo7SAMgIioWJMDuMFMQXUlHPRNVgu+U8l2ouU80cLFTbAHMQLkirSnUVqdAAITmREm131z4vn1QHcZ+dnNUfSHFYfVKvyi8AgVAscfp6wHaFjuD5wS0BSkgKs0SJcgfXdfqrNkIiXNCYt5I764SdeaglmgQUdiEEa2CTV4VRTwiTSUHqfAOBjAoAPTVGqKRzD5aSTCJFA51Qii29zdDmauTTZTA4tu3zx4enRxub0XFcujMO6zKm9d4J387b9DRgiM/wGU+PY4zeVMf0YWbDPMLntLC+KDOW08UDTTKDklQRYbiZR6V/1mbBXBlpXmRxGBmylqEWVNUgtnlOkUOAZp6coblJ27cMOIMRbs70Wjg8zVXZh6JyUlQBMpTiNqd77CPKKxaedTtVqF0iw9EtiVknvFNEqb25u+iyLPrmixsVOZ6Ww2lF76/fXM9hQnnx8hg2bm7kxcv16uqw9kUI6ZqiNtXW0jkXiAglZ9jT08W9j8nz+Tyni7AykmgW8OLnPCzMRs1jE7qHRFhMZVBVRRERNltfSHW36SMo0mA5wM9Hro5swHJ3E4q7W5hPBwpaMTid7hZu7i6ejYEJALQEWd1gsVuXCmxNGAOSQ2YjJACKm0WCXmFw23dJuO99fW0lWQdPUoKa+lfPzj0CMDfmiG4SOQ7ScypGEBpMXSZc057mI8Oy90COZPfUw6elp6KLSpg5nJQMqUVyK7KfaggEtGt617LfEGYDIwFEzEyZECFV6W5eoijPIKxpOUqAlDlnpetZBB0iIj334Tndps+RUxFm2uVr3FqO6TWfhCEgYmOGOcFWHm5x9/ybYIhKkx4pqHTfto3AKurucwzJndKBiBjTbWaAKQgRzQB48/BkhODuHnDpyqbjMiM8SIqYhRAqsitVu4/RlNOGezpDRASi2rQbNUK2abYNKrc5KaLadtzNEK6M6EKRx8czLBAOj74sEPgMGzOrl7kNiGCG9n7ZnpRUZwD9sAAxL1vpAUDALBzhu51RU9QOlQgTJenTNlj0vlK7uQVGLkHpTVvPV9Em23ZR1RhGdmkChLY+5lTV6tUjpltOJzR3Uei6+ra5WVsOIFUWUfFA02423GeGBYV7ToBZ1jUQdrkQEVNURChzzHAnY4xLW/rT4wcElr4K6QhtveRpPpt2NgXoMIpmHxju2vqyrvb42Jd1jC3mdBX21rC0pV22waisyggLdIDn7SKiqoS7xwh36gqKqM7pUqH9zeeAyOs3X/y7/81/++e/fD6d2l/+/Mftsv3048/f/ebb169ens+fH88P9w+fP378BYjL5QERGTEvbaGou2vrVPalt2VR6ct67H159+HTa2nv33+ImP0o3//p+/e/vL25WW9urs+vXtrl8XK5nJ/uZVk0x5nPsKez3xx/+uldzHG6Ph+vT4fD7d3Lrz99+nQ4LAi467q0n376cH06TMjn9++Ot1+dbl5+/vj+eDqcjl20nS9Pnz9/Oh4Oy+G4HK6ALUuRlEKloEXCwgDfi7XnR4mes2eznHyuRDxJfBT6k6k8ZM5xA51RI5rKPBDp8YtSo2d0XSrGPQCP0gQk71pxkJ4QgBuoHqCHV1VWcHDB3ZEtSVRSDYGkw2gFL1f1V8GDRGY7iADIXCFDCmNENNHiDA5yLyod8lcAaFTJnhLoPO9kpzBUsXcZqdnGXscnT4IElqvCRwKKkPoS+3Ye5UVJ02FJ7FPsuU/ezaPFSmT/VzQDuHvZpAQv+ZXrU8MTP6wXydMmofjEm379kOGec7MBeMAgiiiI1t1ZiYHiOS/eAHPC+QAAIABJREFU6+IWXIts1jIkM+BhQqkB9AAsvchV3xcwrXusSoruM+00zQCadbXDxVM5EAXW59WrKtxALYkPgzvjTYiAlrHt4b6rLSJc/2//9/8jhbqHLKXlN33MOS9dk7JiVltNSjJTAyZ26QWrzwWIvWNLn0Ne0QLJM91JgRySwVyCScQTyGBRqgpaJW2USqeEDaiPqL9e57yL8esKjUh5Q3VDWQJyz/rYm/b88Mpy2MceuJMHczakAHeZUHIRUQTerwo7Mkc1ZcufH+FXYiGbXMRz8kyWvAVSMnlHqaonW4FMuIwoxRy4e8cpFAmqrMJOIeggFE3QImIb2+P50R0ZfdSbHA791cvT7e3x9vZ4dWp3d6ebq3VZZF1awg7T7TKGTVuXA5u6eTCW1npTQroIhNMs3FLdo4laRwgiuGtJ8zK7M4NBn/k5CVKo0poiKCKqml2X09xGXveuEgFR5vxeT5CrclVzQ0ryyBMtydyvMNccnBTV7SNHDYZRtAn29rrYMRJ96a2rqohKDtDJt1CV9bDk/nU6nd68uXnzxR3gx1O7uTt8+eXtF69vwv2wtqtjWxb5+qubL17f3N3e9J4Og8RapGknM2o8759Nt/efP/7XP3/8p396ePvLEwIsYQPAnLMjXptSpSmlUipnWxfzE46AuXlt2WHTAfZ1pWhOJYygNAFEc8OJohKHbQhXtExzSGrTPWiOyGAFzYdIWytAxR1wKEQFAhXVvvObtWUbGUw3JVPGleanlHPrjgsIIvMN0miJ4M7pMmJPwJCUuhX0smdu++4DQXoSRPbdBlEoeJel96XyCpKhCNOCJ7SpZisqWo00pbmDjH2AYboNpAj/8OzF60AtilUKCgu4u4i03rWx6ELzJApyiTInZag07ZL5mDlCzirE1vfEsMZ8btlbd7fpxufTLyL3LggC7og5zdz7okmFBRgWMQ1FYATC57a5R186tQUjbEYEBVQ64JmVLyKqQaGqtJqLl935nDankei9izag5HGSmeVw+LTLluekaKNSpLW2BER0gTZJcFAxx3CgiV7OZwrXpvnxhLxcNjeXEuJCNN2GEyVugahI0yjaEJKaH1CXJTyEWFrPeLA8N8JNRESaZD5puEgUdTRHYJJclkNAbG4iMBvpYdOmNk1FKTQzZG3gIdrmNlQVFJin3Yg5eM6ttTZ9ZviBj42k9j63Icp0yUvTmGOOocvRgd4aA2Ns2hc3M7u01iDiENHmY0oTwG2b2jO0pIn2CLNt9t4pYnNPm6OotqLaAcBVWlsO4anWhY3h01uv4Tit9SQzw+fcNoqsy0n6YmMoKdT0awE4rlcepVkQEdWm5NVxXY63v/ntv/ruN3/zz//1e3A+3n8Ot8PVzRdffCXanu4fW28fPz5khMLH9+/Keioi1L4cxjZPh+NyOJ5ON+t6ejrP69ub29uXva1ffv1lRPz8ww/u4/sf/zLnedr26fPn85gTvLl7BWAYX7165Q5YbHNev3j99W+++/mnX+7vH6b5+Wm8fP2FR7cIVYoKtV0u/vhwbk0l3Od2dX3UXLrhy6JupqK9NxF9ebd88UauTib0Pd0HRFaoGYFsKYYPMkPkfPeGJXZYdrEI7Nh41m4s+JQs6UPtYdyriohyQKJAE0oO9CWjmo98Q3hYgRYorAt774u9SIv9z1msVv1QcHKCNk1y7Nh+EOY77wE1FKggzVe7zCGPJjBx4XyniITONUP5owoV7F+xvn2+feb/7pqIPYosT/0dT0rxW2GgCVUxQx33Y1tih9NTXwCkvggpsMnKCGkhiJRVJz2AetOoaVPJOAQyVDRKkS7UOoiwX7zCdqq9ztPkOXIHVcCn08GfaRqReL4Ge/RocP88aQ7YoVEvGjxFVkw39LO4JKKcx7urIwohjrwf0Cp2C2FOHKEkgqyWUEgqGp9zf5IRQnlvXVjT5VhURO6jDaU/kfqNIiVSj5H5OtzvM3ciUmoZVArQr76RdHU8e7WlZkNU+Q/fZRp5iSiawjUEaA5lqaRl/0DMWqGuQ1TEbHJQBCRBt3KasP5RLty9OSYyrFZ21iKkwkZFquQgQxOolGTb69GuYiHr1iCqgS4mLy+7SHpa3JEoWlb9u3WjmpN0Ska+iD8rqtMJUMOxEQWiV9lfxm1Ui8hquSPVlR5h1TwwaNZ7XF0fjobTFa7GjAT43ShyPo8x14Ceny5mk+B5G1k6n05djweb0Z/ysLtC4OnhSYLemz9dmgqBJuru23kKKV23maG/EICqTMOnqmfjCxCyNPFqJPvExj1TxhCOEG1deoaZSN1NzRMuEJTwYPhs7BF02P74RdIqSlWRTO+pFtBq25banEhKWECNAhFZVm19cQvS4T5GIrUAMuHb17WtB729u9KufZHXr64P1/3Nq9Nx1XvOdVkOB15fHe7ujjdXx66SIVxCobZwUPUZVinJnUjI8vHz+PTxnoRIYu2ifUHQEOYQwtzzpwbGTPGPpywqUOdR4rjP2nCVpUGcqV1alA6JUSH4DIsYM8ODyQ4i3KFs2tym+ySewUSQ6LqqKDzO44L9mJhuBDSVdYlaE+Ez8S53izQKZ8z/PjQtylUxlekTiqAkyoTsPjyrf1Aji/fabxAeVGqEeSQ+HaLqMX1zbY0Vap7SwNR+zUBoQhYRkXQiIjjnNORWb/ltLLcrS9Qm0jmcL5Qth7BJ1QFCgE2V4AhEKlsjcnVmclETSmvKHGgySbSmGfyX2VPDzYeZD6+Ue4poJocE3OHwmHCqtNh3SKFZ+hELJmKqJEVF1ODIitBDGCKclipXihb5RNANIFTVPcJHIl+anaKKTyMBsyxqMxbbxoCHdAVjzOEWh8OR2pZ1GdNsjHBj731d2sw4PMtL7Ya2yNI7Q0T6nJvDO4Gy0tDCt/OAedS08UyWTp2lp6AommRoVW7ZAG2airTWI6Kt66Jt8zLRCTArPUGA5j7nuGhTFbqN0rKGJ/clTcynGZdlnZcnBCmqFRhH7ermqj0Am7OpiDCl2wq4cGwDYNfVzYFkjEFV26bHoGjGi2Uwq2oT4eZGUlsXh0BdpocJaWYRdApDl1UpMua2aLtsUzvNTFSFLU8Ej1R+BzkrYSQKrwa5bU9KaO+qPD8NKVTQVEWluWcargZRkrS0sTTNmTOqmGMQtPCGysuaZoSoLhTanK2t/XBz+/rV8e6mr2rjPLfL9fXxaZvXN7cPD0+PT9t61JubawIItr6svU3zaZNshKh2qnz+fH883VC6Ck6n63443L16qcG7L1/+8M+///j58/lymdvTZJzP8+Hh87/61/9ymI3tvH36dPPbby5PZx7Wy9lPx348nr74+quff/rp08efj8f1x+//tB6v//5f/ps//f6f7j+///TL2y++/sYchjh//vDh7Q82t6++/u3DuPzy0w83d6dlaetpgeDpfPn0+fF8bj6thpFnv58looflyBQWKYkdWncP1cpNKZAZCevXDigJe+RsIgm357kQyAjHNHcid4Nc6YlohqeYzQARWgo58wB4tu3S6fLr2RZlHItdOrDLbpg4RVKmMSekyK4qtpkpiLoLMTLeh7T8cyQikPnY1anQJN2MJGLf5bHD3PirxqQgUyWtkCI4qprK95GCtAotTmBX830ja86UnGQHVrixBGNPT6o2g0RlhdssSDmHWrJUMiI7T5F1FiyZhYKDq1jPChQljs/njCJw8+k+ws3DIUGHIdwsY+kjGxGSaHl3dzAiV5QwR1phL1IzDDZjY8JABvKUj2zvct/j8zWjBGBz5KkpkMRXuevKnkdXFLRNMlklaTlVKk3mlYkKJZMkmGlMqKuaVX5A//2//z/V7KVSrjBKUyt1hzOLoCrT9HTvJXfJY3ZYvfBq1ofjc9+XQsd0gWRyDvdmUH9tTIVCJSWXYPrtqoEFUFbtajkAVGI2bC+yKVXny47Fi1CZZEMlzbPmqu6XJ7+aYCdASqVWLFhi9Vlo5cKV6m2zvMpmWmtBshZt0nNarudayFm+B/Ygmky1yoPFd+s1sXcuFR+AMucBUalXAByG7GSlq/bEPVV4PByOh+Oy9t6WZVl77/Bp4e4+xjifx+PD0/l82bbRe+8qy7qsiwJhc4hwPazHw8LA49N5zJmXsi9tPTRtAhG3YCvRqjYRQaMkVth6k9YCCLg0Wde+tEV7X5ZVmqRWiIjUDim1ty4QC8/0+K4qIlEYQMa1RoIHe99e+U3ShEW7EAFVDeQYklCUnSVRAOk9zUVr1+NhPV1frcfOIi9hZnnPl2VZjosIbl9fvX59dXW1Wsw3b27evDm9eX3z4sXBbUb47e3hdGqvX1/dnNrV6bBoT6VEEwFp7h5Gadpa8lpCuZj98Pbjf/qHd//8+w/jHIKWk32blGpIpIWH+wafjS03QaW6VyuY6V2qSoi0xpodQenqEQ4bvqVOIAgbMywrQlI1HQK5sbntUW1eufueYEM91m7TrAKe4pkPzNAn5KPADGmdWatPH+6ulVyRHhYJ1JSx8tQnkE8XwMw9O5nwNNtITrBy39kPCujMcdGe4JnkYSKRoSgIJOJOaHYTuc17TsbxCKfHRI0qc3fPk9gszDYIItdhFkohyJStkosyAiGSz7S05gDYsq2BQISqIgyzkPKaoDdVkV0Quis1PZK7m3PmD7jzvm6Ivbsj6cNyTBhQ2ikgA1J3WCsFtgg392l5UUPEwRlpA6U0ERV3s8uAh6rEnG6V86dNVJvlr5daN3wahG1dVNWmUSjaQTWP1tdlXdxDRG3McbkspwNUIrCNi/kUaXCB9n48tGX1wDQTMCVgunZ3Q4CBcbkALsS2Xdyj9cZkrBlwV5WcTjDnKEHGtFw3hUWm/8Fs286wHGHnjMj0nioEBCqccyNSHxaqChdR6UsxBgyb22zrotqAMDMhm+rl/JTpbxSqsCwIy5rJkGNuIFVb5rOzCUjtyxyPYbMtCxik92Wx6eFuNm1urfW2HEXFfY5x1r5IxNwurfdMAl0Oh1SQRVjMIdLcfFkP0yJbZjgAm3PMbVPVvLsAHFiWJWogGknMKOuzjXk4nPqyuMvVzW2Qvm1m7gYqoQIqQk/H45yDgdb7tJlA23TrvanKcljP54uI/OZ3vzld3b7+6uuYY9Fx//Hdn//w/d/9i+8eHsfxdP3p/tM//f4fL9t5WZerq9Pj/YMKj8fD5TKGxbKuqr0v/dXrV3PG0g53L1/O4VdXt6/evPnyqy8vj09kzHn+/PHj8dQ/vH33+sWtje3h86PbdvfiRRN5fLg/P3x++ebN3YsXb39+98uPb2/uXl3f3f7lj384HJZXL2/N7eH+sbV2vL4i9eP7D2OzV198ddns84f36yr3nz8HAMHT0/39/Wcw+tIpXA/r11/dfPf1cnMT7mfSEpZMttGLe86TFaWxySppr6NzN2CUejjFipKIZIHiLCI392Ig4EFPhU5E0naWWRp7YbNrfiL2nF4vICZK7OG/xvowqxqhlNgAzFCMjAFIADfVE+RefgAkVRrTiV9ahcSec30HAhRN0iBp8yQkf4XaScFu06vPU3CnoLQMsoP7IkJo1lJCljr4GUYWJZuyCVVCC+ikamlasiSUujr532Ls93tSsNEzXo3qqYoAyWya1A6llMhYCn48F5TFzlQo0P5VwwMePhPNSdVNwnBE5u/W/JjicopjgO7XNapakZ0AYn2J2tKrTny+iakIyZnBIoxC37O1y6EOyZQoKawhNKkRVQFEhAlfSCNEggAyP4poShJweILnydtkjmW2R5XvXtPjHL8SNaXiKjgbO8WUAiBEGYbryuym9J0fi2zrKggoIJRibkon5fk2HqTM1HVlsV0SGWauCwIOz5aJu7+YmVaSTHeEJuNQvc4O1NXrZbO3x4IypVNFCkRJpzIoKmo3SJqvsQyOu3gt+7bqDYpw2r9t9i8IQ4U35X6Q2VKZlpmqjvp8+Xe5DplWbjAiZWhERkRRScIM0BpKIgbR3Je4by50I9lVFQokBj9Mh9nwOUVE3RsFBh9zXTqFZz1HMMiT9mHeFEtXM8wRj+d53oYDbdF1XXtTaYzwx8fx8LCJ6LiM3hXRgbA5t/Oozp0M0oeLaO+9NVEVQCOwjSEiQq+hd6pCVdGcMFrNUTFfjkBub2myiIjAJFtrLXJkRPo+IgBKV82UeipnRHiiX1Q0aaLNfbbQ0/Xh6rguxwNUxnY/bVIs6WNVOR6Xw9XBY3755fUXb27OF7s5HH7z3Yt14d2Lw7LQDTd36+31ejr2u5u1d/beciMmCCgiNwUwjGgFkYOPjw+/vP/49v3ncXGGeJgm7g2az8yfDJ8+Bz0MYXMzNw/JGiWy71SoajgrT8BGkDShipu7mTSJgE+b7rpXWAkO27Rpk04wPdsuIkL1OTNIk13g0xN24s5mlDwm9eNJZ6VaY0ZA2ALZMEMgQU81cwqBygAdddrlubBPuozy1EdiVZ4WgtTGZuZOuCMmAmRPmjs1lBZW8cYuLcMtPEQp1ATt8syJjBWVKrjzrVJ/QxG6u3lpMQltPSG0FE5kLg8Dqi2LAjePcFVJNWjSwhQ0oWinzUxU1ATeQG3NCbP4a5BCQCqnDfOBGU16BJ0WNQEQGuKBuU0QTZl0awb5p1s9zCMddoT2puQMp6M3ZXju0fMyRSGkNJqZuQvJEDTkeZY9RVoPhS1UjBbEtBkKuIR5UEWbMNdVjMvFp7Wm+TA+nR9h1tuivYdrX7r2xRKvCx9zNj30VQOx2VDSLKcpI8YEQkWaCohxmXNuZURmzG0ohUKLwZy9zBY28/5pwGA5DCAihI5ghDlCO92FkzZHKnAQQYWqqgoYbja2LXdQkRwZEAh3cwrmHMiIDZ+kqLbpAzCKmG1U9r7aHASWpdnYCEIVEXDL2K4MdbBpZrP3zmxHgTm3dV2ezhc3W/rq00jt68HDAzEum7s3beYbm9o0aQpnuKt2m6Psp1mgiKg2KjO0tGm/7PjdnHNZupvNywZkZbkcr649/HJ+mudLP6yuLq1DRLX31vuilzOhqXaXVOu1pplZfHtz69MOa7+6Ot2++Foo//H/8x9/+7u783n7y08f/t16PN7y7buP7z58hODTp0+ver///PH9+0/rQgooTZtmjROO0+nUl6ur6xfr8SRcDutpXQ4U3Sy+/4c/2Pbx5+//1Jf4+uuvBHF1c73Ny4f3H65v70K5HJZp8/HxCdrauqy9hW+PDzzd3Ant/v5DYL2+ufv5hx+/+93vtC83ty8soi9r+Jmh6+F0OW8fPvyyHk+tU9hsbNulATwsh9YaKTZMxIwF2SMil2vpTwNsoLhbqRdC0h0rhZJWdZ6MU0xISzIgfJ84lAi1RRGyqVq1yG0Xe5mZkXQJt1eZXZBxWG7/pSIq4Nq5Q5WKHQ6ssPRnQVLWBSp1StKtpsqUMTUCELEwwnwfj5OtDz123UIC6YFsaXKuOWEZ50eHI7uOgEkIRNJH7LGz3wV8yC5kySpJAGeC8QX/Z+mAEiUxGFbRH/DAr5FkSRs8NyCZlO9ppi20HymfttgH5ebmV5FCMDqQMRJRMSJA+dPyYlLMLWHXrFPN3VnW3RIt1TuKIN0IVSkjMhWT2A3dKprhGOmMS5BIJPsqQ7rgdvmMsK5K0n2MYE1PDoq4+V6N57IjRRJbyRR+spJgq5yCCFttI2TJmTKZZu8vUd4CNJYzzol0plThXfbd5Ei4c6BZ+hLPjVRdyF3xsr8r9vYMggZRZt5nQexB6SQROaJL86CvpbDTIWWfp7gbJXL6XaUFBXJmcy3bKIBcNCe0MVPYUVKjbF9KIYCa1MVqFKQU2Ki0rKzlwRrvUYNnmHog3wXeCBWVor1YJpVsEvBXjaoh6IyitLJz4C4d3MmkIISKMAYsN5uSXqWCYlfmRfbHERWqmKWRQqTBovrccLMRMVRCadLY2O1iS2/r0oNy2bbPGnP6YdF1OUyPp3O7fzw/3J/HNrv06+tD64ywpbd09NjkvMQTxnrsx0Nvggx5uVyYCRhzWBpdRGU99Kvr07JoeFy2eTlfWkOTNoaFBXUn4hmgL70nUhFmwzzDycqrg10IzlCpiKjeNIGSaeEeCkyz1iUgjOInHeii7bBEBNmayNX18eb6CJUxp+cTBpGO1tvxtN7eHUgcr05/97dvlkU+fHz87tuXX319BchhoWrgqpnjcGo31+t6WI7rqtpq1RcQEMkmJQiedvZp9nTZHi9us4Fqbj6jNY3AMEspTHrNFeqYllmHYCCUEm7maF3dfcYgxGf03ptqCOEeHl2aaGZ3hUpbe4QZ9iAycwdDRUXE4dMmEZrhQsxUY2jeyH2ePAB3m74ppesBRPo4U+uDQlByzK2G+fAh+XuJy1IFMdwiZobTkULPbGNHUdeWJqoIRB0k2GkZdzipAs2kLI9ZjXR124lUBXeXUrmZU0sq2TWGQCtXviz44mQFUYUVTgUKM/0EOUVBmAZx45xsTQhRtWmIYuOorTWN/eIGKU1VG0hRITVxrQyOT2mhSssBdwo1m8hMih04Kt1sE5mhrYGhKhE5AjtaUyeQE+8i27Uk8IlRwx98TqKncYZs6Mjp2nQQmHPkczMwhRJOaSLSUSwPLCwp12lmkL42uIDh7toackK58Px0QbiC0IWtUQTS2VrkcDpz8wGBYdjm7uZuVEHMZek0ixZzTKZlPMLnzIsfiDCIKCTNhqkw0NwStaWHBAS0NWRJBFAYXju+26RGWKi2CIRzWXKEthFIPsHdABddKAhzc0OkrdxEIUrbELmhjSkq4ZZHhrsLNcy1i4cTresSDJEmjU0P9LGN7AYAwmDJ3qrQ5oZwbU1Ubc6+Hvt6umxPYzv3Lsu6usd2ubR1cdt6Owxz1Yagm4mIW4hoSv4sQoM2p7Q2fWoTFdI5p8e0OS6NVG02Zz9IxHh6eFBxXXXGDIa7NVmWfoiYyeuq0sZs0kRVKw4Ztze3d69ezWFffPWS7XCZ29PPP/7pT3989XoZARP+w3/5w2Z8efdCNLXYsGmQvqz98f6+LUddjho8Xh3dweA27OrqdlkXgqfT1Xo4fnh/f317d313ev/xw+n2ej22n3/8y+nq6ubm5pef315dL5fTamYfP3wkomlzGz/98PM2B2K8f/vjN3/zd3/z29++++XnOfHw+PHq+vT48Onp/uXd3cvDunz/p7+Ej6uT9i9e3N9/evH6q3fv3vW+Ll0/f3zvboelefD8cHn4+DS3ozYVkYhheZZmiZnIqXsAtNxtSv5f9QWM2VnnEV5p6eIRZi6Zp5DjqDJMNiC05Eg9wsOAsJj7tBnmmFhJUM+RCCMoURXNrqDOtj3y/C/hOQpmLddqcqjCX9204cGc++37bpkpDfD8mkbP1jGzesjCnAoUrQpwfxtkSmWBxMlOzEgBi2e0nhEJ1Fahyh2s25NGE47NeKAkpMkKMyIE0Mxa8vCUTkS27OlygxvBLPlTPVFYOSj0XU7hyIzKLK72Ue9JDMCnQYlMcM+SVlNskOnX4Qw3H9noebrlvYDJlLB4wa9MLX7eROS3cIhqETKJNEOCLmRQvGQqSnfRBmh+9kBkZGexGRHM6MK9h2FQRQt6LnybBX7njRNFkC452iUJA0ICFhUknUWuRwlPfDcURYD67/8f/+eSWACqSceU2CwFGR5RFmGUwaMUVIBHDVMGtBibwE46ZatZnDrSZ1DMi5SChsEcxZALJg+meHaAVnpS8ULcX7Tep2y1pT7aWa+digMjqJkomMVI8vI1Q7vaFxbNtH9sEntzSCDf+jlyaCew6hpLDq4DGJYKvzIy7v8XcLeouGCkRI2onjjKaADzyFYiy4x47rPqV7CbJZPZ01RoKDtJy7gkwiITo3zGMB8EeutLW0VIZVM9HBZtBKORp8P66u7m7vbYu3hgbL6dLcIOx2VZu0icTuurVzd3d8vSY5qfL+4WFLx8dX1zdViWPswI6UsToZmHoy+tL+3m5vrqar2+OVxfH0RkjCkIbbr3Q9KXXjseo7V2c3O1LI0qZmZzaBZRAvegMh0TvaUSWHtv0iRpPUuxo0rA10NHBIWtpVlD1sOii7TG66vj7c3V7d3pdLW6+Pn+ycakIKa3pbW+nE7L7e1Rmr5+c/jqq1sRvrg7fvP11e3t2kRv747L2iN4Oq53t8fr07Ku7bAeVPIxSVJJUTb4HWAhAhjTPjw8/unH+z/+6fHjuydkG6wKEQSVSinpurnPOTxmtoWeSzyorYG0sOwCIyyhNt9XiIoKJVOqC6PIxtmmDyMljSj5eQKeETfcSUgRUFukA0EzXTQszMNUtEmPfUnn2u7SyNpqEWFw0ntbGzWwm+EiPDyD1VPTwlSsReZLprbHkzzPPadUgqDT3KeySVJbeeQISge4O5Qko7HyCXM3M8kHPwCitaZNnTAzaTkBh4Ba5XuAGRJGImCR5SASnN596iWDhLmo9CXjF0oFhIy+k10QTIl0n///mPrTJsmRJEsQfMwsAkBV7fIj7szsymqqadrZpdn//zOGtmeqhrq668qMjMPdw90OVQVEmN9+YIFFVRJVRkZ4uJsqAAHzO5OJVhOT3oOEe+RCGkNHIIxwp3dHvoMSKhjjewz2MQYlo5AIBgmlmlqpaUNKsYBlbICImtSppPjTo2f8gyaHyBAVQky1TkWr5Sds29q2VibTYt68t06ITTPEendCap0A9JRLmZDwHiRg2aQrgio6lWWudXKPlGVlfJgAxYThpmqqvfVwz+vjHiISMaIGw3OAwr6t5R0UWfExT7NZiXB3L2YAM4YpwrMiN6JH1kiLQKXo2P+99/y3krulqo5iZMiuVYMiyFJU1Ly7DGVV1Gn25INM+9rUTK1aqVn7IGbervRmWjxrQHvA0vg+zDBmk9XatmZW8uwO9wzvatsqgKjVacpH3MNba3WaSUzLwujpiiZYSqU7TMO7WREtgjDV6JuqbZuXWiI66LVONK11UUHb1ohmtXhPKFAEcjzdHU6Rqd/TAAAgAElEQVT3Hn1bz635VAoEFJlKhSoipjJ9/8dv3331/tOnLwIu8/IP/+2/9rb95d//7eVyIS1EpzpdXq7ffPtuXc+/ffxID7Vaar1eriRPt/eU6Xi6nafl4d2bMh2Pp/vr2qPjdLrpIe/ff90aW3fvXqfa29W9Xa7PH/7279u2qk4vL2czO52OdZqmOv38ywdTLXMttQq0wEi/vb+rdS7T9PGXj49PjxG+tr61vm7Xy8tVSyFdhD/+9eebu9s6H9XK4Vh7X725VgNxOJ2+++bh22/0dLwCXQbdPyhAYSSsnmdLkIwIjPMukc8hVcgjUcZfD8GK7rbNpEPz4Ens10mEM2LkAiQGnMhCLh7DzrhrIJD/pZZ6CRUxfU3+J8gMds5DMBUNuyZgx1CHAysHBxkiCAw3SUQiMhy5oum63C2z+ePlkjFguFQ2Rc65uULsVC/ZIbn8jhFfJfGxwWpk++wYzlSHbzWB50z1GdqR/MIcJDNQlJl3PfQBsqP9zC8ZjCSZSeGAZnPyimCSJ+O4xOvX5jLmLgKR4j8Mmde+a8gQypDMSP4kNAaMPMzZufqVHP1j75MpKVAGVW0gz8gXy7hA5JCx5tt5DNPjuiR5gl0ihOSAxIqpCYpkLkdmQAnzWBsD9fil8ip6US2y7yq5pnGsQjHs53nXAGUoWYb2f5Qh5F1FzcT0V9fEIGLykRmRtMN64iolE5HGa3a813V4aImd0cjLnuG6zM+eiT3M6oAkV4QZXyV4/ZpG/pMHBY4RhzrEILuEf79VkhNJOkmz4X6wJArl6JYVU2R+CZnCKBD7UzDkO5Gpd0zz8qtuX0cAfe60kuvjvvnsnz+YAiBNRUTuj/lEYehb8swYiy4guzFzn/d3eBRDcyIiGeqYimVRRUFQISwS7gUiZUIxuoQO+WE9zGtrxXhYimkVKeF8vpy/vFyeXy4q+nB7gB22ra3rNteynI43yxzefvx5fX6+tBXTpKfTfDjM3vHysloOeBGhairTaT4c52Web+8PqlDlZfXr1VUIM3oUM1ssKKXOW2tqTpFlqqfTwd3X67qeoxTJLHszUbM8ABWYpjoti5qC9Ijz0xmCWhWitU61Wqll27br+QJVOMtUTrdLmUv3dnuzvLk93d6eOr0/bkIvBWjEJNM8WbG72+XubikVf/zDG1MJ79+8f3i4q8tU3XioxYPNyrLY/c1xMk31cE7aKddDPhe5uZMiGhER9N621h+fLueXSxC1Frr1oDvH9hjRGT16b410z/CW7KUpKiFFC5VBVCmZfdAjilXs2IlHFwoQTldBapGF9OZ5oLq3oX9TNa30NsIsM5RAYKCllAhUwlRUqqqaSIuN4YBUzZh8jMdjB4QIFrUcnbpv8LEVp9FyqJwR0TNuH8kV0ETU3D1y8UgYDLllc2zNZD78mUoe4Tm5ZR5AyEB5X1/WzBdYwmNkgBIhpPQg0D1EQ0jZ29KZQg6KFaNmXIpDbVdF92gxTZNUjREhLR5uor13U6mqRGRyGRBI838Cc3RhUZXovhsueiCGcUa19Y2gqVHEPeAhxN6BkFZXmQ6TZyCCOwg1E0F4RI/Xd241DXCaht6MAWeUWti9tZZ+mzoVqGTQDkXdSYFECKQUCW/t6gorqj2E3cUMhKKHm2oFqMLoG3tk1gJgJiUbE8pUhdq2FuG16rZ131yMZZoYLh5aakT0tqnAijDXIToRdarbes2B3HtPNMZ20MP7ZqqtbQhE9PBoEia5Gygzcg/py7RUWimk947s1c64MDCEtUyR8i2i9y4RZapZ3KKq9CA3Nam1eHcMB5Hm7SsmpVR3trYGfalH2NTWFwIuXchwaArX1KJ3lWJz7dvG3hW2HJbr5ULvotH6msGPgKsgvK+XrcylNxfJgCmYSdu6WeltBSFzYoeWBkLbg0dI9O5igqLm4gGYLfMcLVpbwwPU3unh8zznrZLBlNFadM9YJkakZ5zEssyH5dAuoTI/vHnfLs9zOfzDn/9ugf7T4dC2fnNX3tzfv3v30PsvHz/8ejk/H2pdHu5fnq8y83g6vTz6et2Op9M33379y0+fGOX+zY03ztP0/Pjypz//eVlOnTzcnKbJnr58mY71+enz33788XA4lsnOT7+W+c3b9987Wcu8vXw+X89//NMfPn74cGnrV9/9sV+3x+dHK0X15/u3bw+n+zfvvlqOS7Gp1iWE/dpu7pfzy+eXp5evv357PC2xNVE9vzy/fLmcTsvN6ZSY8Zt3dzd3i8qV6GoizNrOMdAoB8CaqGwmERCUEX0HcKj6E//GrlBUIAbzGyJiiUuP2T8EdPaBV/Rs+fOcKxNIRrgIFZpyv1QUjKicACVUDYRA88/CwHF7KlD21s4YP5+IZv6YSEqJU3iTqc0qBpEBwQwlbU5QwcGNJ7aSlWUjnW1IcfKPGaN2xlsCO4QfwwyqytdZWXJKGaN9+hFkeDozW0ls7OSZKJgZqjluOz2i5Tg0Rv+0TpGZnk3JlJ7hqMoJC3uM3ECCcw1LVxYHfR3MrmJVkRjhzpScjDNKf19cXoFpaPw+GI6fw8Z8b2akDruppF40d0JREda8xQSO/PMiS7TG5R9XJxUikRifjA2OATUdR2NyHYNeCULTjkqqWi5EAmJQ6jHkafkrk5TRHQAjd7u1kFESFwExqHZEupiTl1DNol0M6mewV3kWgURGUoy/hx2xT0IXI7Q6vzIEBoI43ubYN7NB64z9cXxFgDgAd5JqOlo49h+CRGQiTnJVkNTK7AwAs3psgKWCSLuAyLi9BvYK21mkfZbH0MTlEsuxuwDMXL6xhyoF9DRTj4koqGrIzp6MW8p9Z6DfQjpllI2LKt3Hgpvq/xRRBKm5Awwp3b5HDZRKxMlh3VSIWMkq4XzEsiO2mgLqiuZrrZmhL1YLZFLUcF7Wde3b1ptAbg6TqrTWi9W16OmYyeYazS/nvl0wT/PNDSeFat0619621upU6mQUbGvTyQ7LfDjUN7fL3f3RwS+PL5drN9F5mS4vF1GxYhBTqNZSTA+nKoblUABeXnqGMDIkJEzLdJgEsJK3Imot01zFyrauYlJn83BFrXU6npZprlvv6/VqpaiGih5vppv7mYhJ6u19PZ3KfNDJ2ZZ6War3QMVkdZqn083yzTe3h4MejuXh4XS9bg/3N2/fTnPV41JJFUXrrRSc5ilPsFoKo6fWRUARU/UAgy1CBRZKhCtMy7Q5Xs6tb24mDPcePSBaVCSie7B7i3AxahRowD0FUk4HNdjDRwVvnlnVipqFxDiKAYPJTqnu7EGai/Lx1+ESo5ioi1LcREAbunIyehMRhaXl3sPh7L3RGcKixkiH4yZahi+AEsgIVoL0aGlfgeSPIFtvwtRPpkgsXycaCR3tpQR50u26v1SDQqDUICJE9qIApho+oXtwcM8mSNVNjxCEwphQW98B4PD0k0aPYqpQlyRSCkkzFR1kgipgoKbVwUud9teVeCK7ms7tEFjSgunNzbeGiCYFquklHHXuOQEwawNTBKWmCqpIfw2azKlCKCKdUUoJFUAjmxrCqxQScKfTEguPLDhTkt4zI9Yz9JPd6ZHKy3GmhZOyRidVS8kZspQMKkUpern21qOWSRW1mhqUUJG5Tr23ICNnhu6JEwGipahaOv0M6L371lXESilTQWhnWJnW6zPJNK0BFKWZwrSvW2+eTXyiCiWDqiIMT4hOFIBHL2VkB0M0A+wJaK1meFUESGRqh6f2tWhlePdmlvkdEb0TeVKKmvQ+avhilHASoAi6d5hKrSbat3V/EzvDk48Guqkl3WNa6ZuImhYr5bpt07RApLWrhpVyeM3sYn68VAxoFVUPL7WAEb2ZmUiE07vTabVIV7FX4UOYJekJd+TRHHQttZZp3a4espSpd9/O56mUusw9GO611hxaPUhg2y7beg1nKsFBqqmo9rXd3Z/ePbx7+/7rd+/eC+V4/OGnv3z8p3/8X7/87a/btn3z/VdEPP72/P0P71Tw+ePn3z5/VOE01+eX53qYRQ2iZno4Tje3909P7h2m+vT0+PU37/o8red2/+Z4vH2odVkWXp4//viXv63nT7/9+tfldPP1t3/867/84/ryqd+9+eb7P1yvlwjfXs6PqbWl1lr+9u8/Ptwe1u3l6T+ew/nx428Epioffvnwhz/9+eX88unDTze3S3cU848ffppq/fz541TrtCxtLaZK99Z9OR4R3tt56733XobzlUBwDP2CUba1jyYYo2se/khVQoxVgMOaO9JRgj2duAOnBIKOfcLB4BkG9pLOugBUDEKP8PzrHIOk5PQy4mL2mFJAIrXJmqkkAdUh68njWKiiHpkZlWqFjBoKRCegI4qXuZxkbEpqQwI+VAdMOdOY+3MmSVQ+6Gka2F0Bkpan6Gn2pUnJn0c4CMsMAAVTx65J9WmKgtQEJmpJUO+aFABw+v6V5Xye83deoiz/SiJidCMYNITI9yZ2YgEiHAp2euiwFLoi3WXo4WB6QZPU8V0yBTKS1x3LUGLzKhoyGjEznAcDpc5EaFIFFkYRwh0hlnAVGJSAqxiZanbZ3zACsfRUQMYBi8Gou+4aqf9kOc0ZNlUzOpS2Ml6TybxoomZ5kCaPkbeCdxFI6spCIGYiZcRrpEE1m7jGFzKuy9jgXomQAVnnHpcptgpKiEKywCtfadgR8gEfvs74qhh+4NcFFPkOHAu4hAD0tFUld8sk4HyfCJKgG4PDDsFJZLl0OHJ2po3nj7kDyO50ifHj5Z0LEVHkJdf8g6gSmeOUTHLCrkjaD8gAgcC+J+42CBWLsdqkAOCVESRyox66n9wK8/px+NZzzMks4GwDgIOWC4YaNCUTQw6RBfXYl0gyaGKiSFOkGotAtEA1vAvMXVvzQI9YgTbPeGunvvWtXbvbNE2Q2SMu1/X5abuc+9Y4L+Xt27fQrfe4rnJZL917mbINQlRlsnJzOp5O5fam3t0etJQR77Z2Bkx0XmYAYhIOgdZpqvf14f5Qq0nxjx++dO992wC3KmpVtYjJcpiPc3XvpYiZlFKvzadqFO2riROQ42G6uZlDEA5VTLPRUWZ9+/50f39o3Q/H5e5+MWEtEKm3oo9fLlY7XA7HOk317cP8/u2BWN+9vymGw1K+/+bt3alM1Uq1trkoiqmZHQ7LXKspzFSGpFIiQqQHxhIou/0/qAH0Fudzu74Em5TQrXUPq2UKKiBBae3qET6MXVQtGfUVBN1T3+Xohhr5OjQbLRxiIvDowIjHESILwTSNfTYFOyJ/oXiIRnT0iE0hahZOIMIj6IPODooK6QyXDJNQVq2ZSANKsap7ep1oRtkLBD4MRvk4B3ueFJ7U9hj9kBGer8QaMhR3WGcoQR8vUg4JJyUjhChDqznqBZNSSx2QiJpoQEylZHxvgO5jnoschVXMspMhuodEqXO2TTI8Y4Uh8IjMHVbsXRN5k2VKl4iZgh5g81as6tBfMgPiimX1IqwWegRCLek+qGq4N4ZHl9gxPxKkmQ0cxZUMUa3VUhTEID0kqAz3rNsUq6pq4QGNcBZBW0NGxj8FYHeQpRTJkkURXzvdzUpQVMtUJsCLTAJ6WyPgSphWrWaFgVKnCG/h1TwDrggpGZeK7sHeQ0oVGQFYvfXuwegUmDKdtu16de8z58lKty4ibWsm0pt79xxLi5VBnAVzJmYw3YyqljVKYmKlJvvq3gl4RDEbci+CQjMZU5GoAN67gAOp9ZRBkYJaTCDB6L2HRzFE6yn2ppKiiEBQMqINweA0TU52b2YipsHoayuluIdpATTcrSgYvXvrTWuVEKjaZAB7D9EiIr1dTat7n6Zpu67pvKQ7IkqWiDmQBY+1qpnTq84w86CQdSrZAwkfZLNQGcHeCZRlKXV+efqNEWJarFy3DdBlqe1yVVUrE0PXdkkFcKkzQKJFRN/idLr9/vvvnj+fHz89/X/+v//H3e2pql+fvHe7rLHM9Ztvv/78ebu7l98+/Pb4+OXmdDsvh9bOQc7Hw7p1MKh2ON32Ftct3n711ZdPnxTFSqnzsay6btEawvXxcrle2ratL58/P7xZTsflfH48fvfdzcN3P/3lf/mP/w6VaTq8e/91gsjP7eXl+dnX85s3d/M0v//q7edPT09Pj6JyONxcr+vx5s6BTizH44cPv9ycTqe7+21dL5fzPNUyld5dSynTzfn8Mh2OoAhxf7OcTk316tEUDPFXB1/GAGC8tSEiahkXLq+LgApdnJ4jDT1CNSCKDOVMzfKrNzRHMwhUGQlBQpXuQgrZk3doBBBCpYZSh/0f472uMjDYJJkTuRcUSdVgjPE0pxEGqdn+lUWmoYpR15gpBuIJY9IzcMxyeBPmxJxCxTCN3WaAyEMup244KO4kncPHiPSkqBhFu3bbFSBC7mlKY9F6Pf+HjoYQiFIDTjLG5MKgpzrCwwmSzuiSimt5Zd0lsaP4HbSVLBjGAF9zvARGrHKu1OmkCvP0173yFCQ7AcAzPyeFhSBkN87miwsqRhExyTTVpFeZLzpNIlOz91aJxGkgwoBUcLdJ50RvOuRXyME7qXd5HZp3URYkCNPIDJrBHBmEojZENCLCCN1XzXH3jXtxMDKDcxBLPfnomdAShKlAxJ2qXaXELkS3PY1gP1NTTp9JzEhyHFQdkbRMxU+i8mPVSFULUvWbD5kOxRrGtYJEuvrIfCvn8j0EeWMsEEjydQgSPZuMMhoSA+tKwpMSFFgWv+X+IzrEQhiSHoJKDaR/A+lhB5m+43DPsPnYl9AMZITmNI9dbZ0fdSB4yGVLQnZkgUOPkEtkfhsqSK9Q5GKiY+0B9i1oqCxk8GaUfNgErpmzz7z2u+J7eCGoAUfko7ejGpBqfN14Mj4v2OYJZaqgdI/1KicpYozul9VjpTf0FlawGB/eHB7ubp9e1k+/nbH1OpWHqiJ2Xdt2bWblME03b46nQ61FrJanp5eXl3PfOsAy2VyXoIsqm7fNtdo8lds3p8NSAF6v27r2tnVnHA5FxHqnmOlUbu6PVUVZb0+LGq7bFmDUup3XOteDLQTnY5Wq23m7XleG13kKwelmXmZZZjss+vD2dDodvLdaZdv6WV0Nh+MMxM3dsRbcv6n3d9Y2u1lsXsp8qHf3y2GuNVNXq27R5qkU1anW37ulRHayjxxKSn9F4CFQUXde1uvzy/nx88vL0zm6akL5kkC5CR0MRBjEw7uHR0t5ct6i6bf1lAmqZrSls+0P7mvGLKJHjPE99dAmIFygUDcgLfYiFMtYaFExRxeIFDFVDXrvnQE1I4NBhcBGK2GMmjalDqFFRti83q+pbcwXJHvPcqXMJxPBsH5CwkFGspFECIIuqW8h8bu3IDqyNoO5SIiEiCEoGuoMCMyqUCnRBxShBQai9c4IFbg7STGBkL5RoFKEIAMewRaRhxKg4gAQQY3IeiCJYCJrZppZoiJFVCTEzAzw3j0dU9RRYu1dRNJTwVS1Z0XYiP0YsBYhCInoiTNpWgAieu9KVU3ZkGaIp4l06FAESOpeeoq3ShXVHVoumlnZuTeqqUf6h/nKIA0MU0JE4Mx/BDMfAFj07pk22YPFqijaenYPK8Wdjh4EYFZLnWcUC0pE9B6WrlBJqDLW8yXV8O7NezPV3p0uoSxVB1UWKcwhQHYnw5ISQfZ6AqCIWRGAzs6QEfKTqrateb+aGSILcAcMlvVJWcQMMSh7W03N1JJyUZFiRSToHj0kLUcKNu9b24MdvW+9r9fpcEB0AKbFPRihgImGxzRPKeODcFuvZT6pKSTQB5Tjrc8zTaV5eON8O4d7MWui7mGm6/VcTM3q2Jx1wFQQurNU7aOZQdQsWldonSbv3rdW5mpmmcI1TZO3LdpW6qJWW49U4CWWRedcK+nhvdZJRM2kbVctZS6TQNdtC2JeDm/evytlOj99vDz+9ubdm//6D3/308//sbX+4ePn1sqf/u4PP/77v9Zi77569+X5y5cPL3cPD6qld69V58PNNM/rNfravv/TH9bLdrmsy+F4PJ4iKkRenrY374zE85dfTfnp1w9qd2WZ198+rNfz13/4888//ge4Pn7+UOvx7u5Px+NpvW5v3h684+m3z7f3b9Tqw9t3EdOHX3+tVvvkvFzV7HS6sTJ9bqs7Pfz8cnbw+Xw5HhYNATRCWneqTdOyzOV4sxxmnauZGtFiKIizeo8c8QTC0eaSU53sIpbhFpahCshYvxSjeL5gKTsuCooM8Y1ggCZM1hUqCoQnEBspF9A9L3IIrxM9p6hlROEIKh8cBMfaKiAiRupx6oJcQwc3yC5pKxglVZETCKOn6SZxYiCEyCyU/DSC8FSKqiArqOiePTvhA3plQE0gSumy07oSEhKSQTvM2T6NTbIbZwGJ2D+qZKBz2gc0RQ7OLiMW3bMlISIVqhzynx1ETZYhnWH5hsv5J8avkUT6MWJpRt0KAIS7hLhm1IpheKaGtipG0X0uGCkogoSwcEeBEYBGGicEgIlAVIuIISV7ggjl8DMooGBP5b5iNA+aaBpHcrwFVGWnDQWCERMrIs7ORPcwRC1i+wszX+gIz2mamZhpKbz3FJ8MQT9eE2AJUi0n4iJIofq4UQMO7gM6d/mVABHjZ82nQfU/3bfpDHmtOc6Z1sYHEYEjdARl6S61kbGTvAprRhgs8x3F16eJSHRobAbCNInn0JHofJqGk+UImA7P9nAFpABp59RyUwj6HgGWyaD5WfXVr573oOzSsRG8M2YehscoPU2pVm4/dKY5FYTu2VJJ1SSRMW5VQOAeORGSI4ho5FUl7BYxlExjsgIFEWEj5lVycxwfXZSI16Y8KEXSzJgwbxdoMSHZ1YuizJOTvTsRx4OWqUbE49NzREQPA+/vJjWqhlnZtu356bKu3QR3N4day7qF4nI61MOhHo/Tze1B1frWz9f1emnuUQynm2o2aZ0Sg9vWdjxgOc110uPNvG3X56eX7cJ2aUXlcLC5VgmRUpebxWoppm29nI7L+3e3BB+/nD24rg7Y7f08T5UR02LX1dfrSiB9MvM8ffX+5s3bgxYpIm/ulmkuxSZq/Pbpyfs2TzbNpRQ7HOc3D4fvvjsssyDqm/ujSNzfL4e5TLUKvTUvpbRtm2opWmz39yqKyphZEySSIAfNieTlMspTtFBKc8mIqUgtiESxyh6j7Deb3wHQ8zCVIsq0+xjByWycyAgEtGgQpDui2IQsPIKoFSAic0gierg3txEwNXIjEovyiOgrALGSphYIhFpMqpmPE7onYpQqkXysBPDuAjAy1b9JRkaSZIik7QmerCmFMIGEt3zTYI85kLR4I5LByifSRCRZy0GLq2Tx4+jJYARNSgJwgzbIsHlV2wGyIX7N6CyRdJGQDHEZVdsRPbbYYEpIKYi2QqBFTatGiDQSWqpAWutGoKa5C2YQkcC+TCV9yOH+hgyTXpC9j9AKspdiCPToJuNXMDwQauYkw92FDDUpKADZ0yAUamKm7t07rezCAaZn2qQQHlvbpFjmY/oWEpk85ISqGYRwF8msVZ8Os4tnZG24g25FOKKQUzSMYspgNStm6ZYrxURLb1ePBli1UkQFmvVrYHpTHUHAUg8QHlOtlFivZwEoBQgxjBoy4Lqumq1yiYmoEzRToQhljFPj4NasFABVgq1twjCJzTcRITPKNty7qA6eFxwOZrqp0mo+nB5hNpInGAhPgQR676NATThPNYKiWeihHq11t1IiQhRiKgp3z1QLeiik9xaOqqKlhrfwmMrMgJn2aN07vZeiaSq/Xi8enOrU2xUCKnpvRZd8eBmuZr31Wkudph5eVD2bbhgBmJb8NZLLDAMi3jYnap3mea7TfLlcfWtlnrfrRczmaZrm6eV8LqalFLDTfa4HKG5uTo+fn6dp8c6txXKafvvy6f/+7//P/W09dbr75Xppffvwy6cyHS+X559+/Mv1cv7D3/1ZYZNZLTBFhBQtNw8P83Jg9Hmqrfv9w120i7u3rd3e3969+frL560uy9PjL//xv/75+x8e3n5998vPfyPX6/n67//8T9/88e9P9w9+ebw91c+/Pf368y/Hm8PlfPnmjz8EeP7y+PGXX+4e3j1++vL85fHu5vDp4+fo1z/++b98/O368vyFwbZt93e3j0+f5ynmZa4F6/VZ5Xhzc/98fonoN6fj5XI9He9rKdfrum3baUmM3CE6PPwBNYkeQ8I8BhfFeEKy4Td1NJ5/T8RgmSwbCoam3iC7PrmjeSMVbEQSKhQS1JT6DoBRiFCMoMQEJfT3cXngs9n3qcihN6WeqoRIhpXmkRkkIhNJxqiWIEHuN0JRekIO4ZoURypUekP+aslk4SG52afVSFg+hiSo7yu/uuTxHySMVCtkx7CiBkJCXJyqOga/8D2FTTX10mmezEVImGb/Hdn8fagNcuDpmbO5C0xSqpfYcQ6WiXmLjHzUhHFFXwUpaQcAowVLzppjrE/hhejwftvg9BNvHQqlBGc110bDmNHze1Jhun3zB7QQBj0iI0Fl3z+oMBpEFPuqQaVliMhYL/IOyLJMVbVBuCAzfwhgkP9DZ7Jz4qNtJzkN7iwOd4R5zKNDkyMQYUlVVtonsLNfiUpwaM9ytGSoSCb2ZNhUji4pkBrhGtwvC+X1/h5/I7mgjGDKQToVMLtIB2OFUBm82z5YDznXYAxS0aQ7oQSJYHIzY5aSIWgadlpR8jW/P8aILHDhaD3bffCq4hF5F+5jTyq/hr8638GG8cp/jX2NwbCMBSVd7Z5WRsm1iiM8TNKZTwxzgO7EQewOk2FAGoxLJhum5J8pj8gsEoHYkKiJJsmWe79Sk5Vz9kQOVHVEoYOT1mmpEewepjLBSO8e7mHQql6Ouiz1cKyi2rZ2ubTzSxPxWrxM02FeTMt189PRllnmucyzaa1ti97g3SG4vTvOsxDqrltjXepUytbaXG1ZyjTp1rZL6wzZrtsyW72feqspUDzdL7f3x1Lqem3lbjodrVp0pyqnohqCBMAAACAASURBVAi1W52rQuRwM4mhbV6roRZRnI7z7e305uFwe7socHs7394WMzvdna7X9fn5akWPN1OplZRl0TdvpvvbQ+vrYVnmpUwFx2M1oUl4hBnMYpnrXGdVy/NbB6MlpEd0QgwlchVVQYZtjVVUA9w2b81F4IADWtTEGAjvfbuG+3DKMgTU4e9MWhbZ1KMi4Y2ixWpAAUudS96CWVqaVp18vGR/5CyBIjDzbfrYsscZpjARjd48OkfMhHrQo0V0FUNGIweg44FlZBxAkoevDe8EHBEw2VV5o19Wwl8TDXIehhC0XN/hMiIzGOGR6vn8NgRKU8Cy9lApyT1DYyQwi0g2m6UEXVTI5o7I4P4EesJ7H6XMJBAtNjoJSgSpMPVG0Uzcn2rRQGcIiB5Qy5QAMlyKWjEfTLmQrpiKFWfocJ5lkTeCoaSpQeiMDDfzNCurJnzlyVeUCkdQQsIkyVy2nvTIgHggAdMqqf+VaM5MY7M8fKBGTTNxi9jc8ogpOlDJcAxvsaqIN5c6hTsDcJZqIMQsPAKgFqh4Cu3F0shAhakFEZ6cONKN0voVlGmawx0RvW3eNw9O80FVbdZqej5vZZrpjdGtVjFp1xbdET0L/Fq2j2VfkEgmJI73cAZkaWq3SIFCMz5JVIOQUkF6dFFmMYJ7eHSQWX7Xo3tvgymrRXeIRpzb1iMl+DlyuJvSSmFYbw6VqqIqHaSHYJRnW60AvHd2L2aqej0/m6mwIlzVlDqUw4RoSR9KQqrJPqeHxzREw/umUobUVTKJq3u41RqxJZ/I6KblFeFi5qgFSqkq8N7Sh7her/NUxeS6rgHJFT28JxBQ6pwbXa1Ti9bDc1Cap8PqcTotp9PtYTn07fK3v/7c++r+6DxNB/vy9PjjX/4mIoebw+Pj+uHDL+fz83VbP374BFVRbuvVSpkPi6K6U6XOc5kPh3mee9ta327vbgLl5v7N7cObUvrT04sUfPn04fHTv929v49+FWk3d6dYzz/++/883r65tsvnx99Knfr6Uh8erlt7/O3LcjxdzueDlWWuL0+Pl6cnuT8Ws21rz49Pp+PNLz/+5Xg8VqPO06Ef5+nY2qaAqM213t3fT/P0dD7Tfarz8/P69cNpJKshFKluFtGS125giNQ8DwVJ9Y/g/byDTPeTKGT3IiFVYwjQRiLN6zOcZ5gIQnNaCGQmyMhhISN2QG9UoA6SeRzpzOpDUpEYtw4lgw4dqgok8qHHDi7us567ywDD6QHC0furR5FI3DjnB4qKR1BCKaYKFYaGdBlQVUSEw/GKlNPzDwoi6JYze99UVTW9RnC0pAeKFGbSuZQx5sFdNmqRkcISTg94JvEP4D6NZERGtKfMI3MiI9HtIX7BANCRfaMDfX7NXQFk2J7/04TrDBvW2ZB9co2U8qbex9Mcy5zDZEDkEBllDIQYjAiBmiiHS00FwtFArwJmsrIIZedGiFAppI4kpBFDk/EGkD3nJxKGS7wMJvtgzIE3Yxf3EBzCFrzGRDCCuWqNPYHjF2PH+kdyUMFgX1KTPl5UYAy2PhkEgJajqQcEkR9/LFSgy2C7kT9zytJS/JPmhiCBIYPIBWOk6arllZFc7fabN6kw9kC+2fiq6iI0BrTO/BQDPsQuic8fAICQlrXYTNgWY7P8vWcznxwNyp7XF7l7jF1ipxCwExAYfEVSBT4WqlQXjIvx2gqAZN9TQZVKiZQ4Q/Gajpp1HKH7spvN87mRDKUPB6E2IH8NiKbxfOiHMv5cQiiiHrFju3my5M4YIiIGiLg4JIqUYLgDjFCfZ7VS02WIYr71UJQitejNaTkc62GZVK33uL9fpummToO03LYId7Kr8uZUlmW5XuvnL2cHbw/Lw9sbX3vrdjjWZSoevn3eBPC1AX7/MJViTy+xod/dHd68OWqRw1zWKqfbwzJp7+23Dy/rdatFwlmmMs11nuzmpp5fLrWW03F5Or+c7o5fvz9889VdyvQPk717e5omADjN2jcpagous81TCeLd2+PbN8dpMtH5/uGk6sebw1wtacnUfYOsVotOpil4DIDu0GIqtu9zUKrTw0NkHPUiYPhlXc/na99aTr9WRnQQgu4e7uk3pUd6xRLtZh8p57/f1eMvKcKIDNPcVascmWnOLlbUDNnbC8CSFVIKTMySbY6girEAGdAZmYqjqsKR52NWTCzgkkZWoQ3fSyoKGdGhsFIUsq3bYHshWUwGpYnCFB5EmCjT6y4pvwxC5fduAQ4nUC7xTB9Ynu65F0mackBG2kNVEVnJMbIAhOGRTIqrKkx33eGww9IJBaPL0AuOnIfRuehBEc+Xn4rZHPToIaVIQKGtd41iai28iFLp0UotQst9QpMsFwiE3qNzxLVkfClSkzXK7EFk2qpZTqCjCsHMZLQlBoIG9egChEQWv9M0kT1GFxpT1wvCQwmba9qZVLW1LelBCMXQmWojUU12hRTxTpp4a949IFqLmakWIjPIMxhFgh7RRSTLaEUUploWK0u+K9Sst1ykQiRE4K1fN5Co8wy3vq5ExOZCFhUnXqOpzeCtIUOsohczZB2mlGmaGATDxsX3CBeVWidHKCvdNQwS3psqMhATu6+c0RL7Klay+CJRoO4OCTV1pox7LOum6uxmJkUVbK1FhJZ5qoJo3nuZqvcuGSkoSdqYCKM7TAWcao1AsDM4z/N6vbK5FoozpXzp0pTgtl1JlrqUWr2tAcx1io62NlX38Fx9epK9CAgiHHQRRG9WajCCMeR8qmYlW4UDLMXcGdFJ1ulE6uX5udRqc+3eiWjdb06LWplEv/7+/tMv58u5v3339uXl8unT52B8/PDx8eJSD2oCClS37n/569+smuFwXrmu2+Z+fjq/++r7w+GkUt9981Xf4vJ8eX58uXsTd/d3//rTz9d1e//ND799/HJ7/9VymOnXvq1lLv/2P/7l7fru02+PAp6OFcLr5XE53h3v3r48/urFW4/7/vbdu3c//vXHH/7u76Zpefzy2c7T269OMpXj3R3Ken46b821sG3b6atvnq9nTyJkWaQqr/Jyfnp8eeanD6bW2vbcPWh396fTqb5/fzwtLmyiYloHvG+DZM2hXDI3NvnEVIblLP+7PEMF0qILOrKMLzeGAKXnvWdaZEz5eap5bnOC9O9HyqVVZODlgDJTO9OrytwrpKiMyi1AmK2oiTlnTWPiRxja7mQHMq3eBSG6N4Ih0+5Dssw80aZwM0v1QqSdnsNiLGm3SkwycabEV/A6Jil3fJYjuJECZRYw8RVuJoDew6wqbHgjRQkGGiPSPQR60IOJiBHJEIxOeCRHMtJoxvgKJocshkEfINMccp5KwDe9qmNi45gvOfIbSXURGwj30BeNjUl25Xq+mvN7TQmWiopY+sccUVSNqlpS85SdV6P1ZAyyjNxMxnlTAIGUdDftbyUIRlRd2n09PM8NSopvwl5dZzlRMjlwSkhgf6Ni/88YVi3yTUnJWGnZc/tVJHX7RV+FNBgS91xolcH9Hs2x2IXuVLMEEhOUGBz4UG6+YpMARszpAPB1mCUASn6xu6qGCW6M2QZgEjcCppRYhttk/waHUzt/YjJ1V/mXzNZTINJHTIBUMSEzT31Xkb1q8jBWProkD5IEWG5zaeoHh0Q5464gKr/XTYxPP9gFplgnsBe3Ysi+0ik8BFwquchK6go1oVF0guy74McEmfiuuQsJASjEZFcm/p69pMCwnOS6LylCHq9x9F27jpAU88U4l5hYm1otx1JFbWutRTC4XlvvAWI52s3NXKqMk050WkqdZpLeeuuxri3Cp0WOx6NAL5d2JbTo25vp4c2tqMSCeTqWIpeXq7fertt67YAsB5uXejlv0zy9eXN7d3e4uZuWpQikb1GmQvq68rr2eZnBgMTN/W3Qp0oR770Vo9BPh8PX395+/f5wc1p6w+3NcndTlonHY51q6cjISF9qsalAMFX77uvbd+9OQZyK3NwsZFsOU8bCSI4nHlArVkZsk1reaAAdDpZU3sl+z+bOSqhHJpWjba1tbbKyzHjuGyjevVhHtkoyVKBqncMLCSILdUfQlgnds95BwRBCiqjUMolYY+/RmD5gy8FPHBrR8y0SDKoS6HkVBfmeMLCDyUzmjj9Ai8SKRw6YiFgC1kL08LSHJdKVVFhEUpXMT0HuyRmp6CTHSB49uOfSpA0AHelww37K9xjHt6gg8kUaA/odZzggAd97bsLDc6322BSW2dwqUtSc9HAFitTOFtEj9lNnnAeNEKGr1JT3eiOji5qWAulM4agnDjZQgXTfiikkPALd81E3aATcXQGx0sODUUoGa+QRWEzVe3fvOegHvfXGHDhEzDSCvXu4S9FENUKgMO/d6bBhZsJ4QclIpFAwQvLiK1pP7jJMLby7dwWpSgkpUkvxAISlKCCtrQbzHtFdSlVBRPT1WufFSnWPPCQSD9Ns1uUgk5MH6941Ba+QUmpER0TvDhGrk1mJiPVyNkipFnR2unswUkFnRSBoLUSzB0DUzKOHh5X0IXdEqEDNmK1/VpzhscHzkKd7t5HHJaVUj+ju3keqWFLQzd3bVmpRWIoViGibWzEyaplI7x1EqNVt66Wi9w5BXYp3b61xYIpSpuW8PU3VsmAhMjNCy2CKRHsjo0dQUm6fC7oWCMKj1BImCaBBqKW4N3ioBJGuaJX0/5A6dERJKCJ6oCCbJIjIIpW2XVWtuzNYygShR6b+ILuDul+FcXd/q2U6X57pwXAViR4yGdzUpj/+6Q9mOi/LZbv8/MuH58fH+tKn+Qj6tCy//vKRuoTHNJW5mJoeDoe2HprLtCzXa1eJh/uHj59e/vRfv/v0y+eXp5fj7eHmzd31fJ3m6Xrh45cv0eLd+/uH++lwnO/v758eP3tv1+sqWNIydH7+8u6b7wIFDii+PD7Oh5u7h7vter2cu2mNkPPzBYKnz8/L6WZe/HK9Pr1cQH16ebmsl5vTvK395fk8z+X+4eF8foLw8fG3ZV6s1OPhELT7+9tlqbVwrgFxyTTeHHoyT1ORFSOJ9ZkUMckXfUQucntRl1bSTWJkrEoOb8xTVsQzoF1gQ8uWpXJIayeFAdHEpgeKJiAjQkyppiNzJrHhHWgaIYZgmqtSI6ciroKMBAVynCU8GHnuJSe8fybmwZxbTFAia9eRriXmvsO0+jLjH1NXxHiV0QBAJKrS6ULxfClIpuETGOns+QQmtmyJb2Zl2MgHIqmQ1I4bkS6eEd8ylFWp1YHkmyg7Y4bpOdc2YN+MEvQQgYb0gEvqokDJr3oH0RjpFBIk7IvhBFHNwJhXNXy+MXW8FROISsUSYUPcTkRY7sqvxQ/Ds58hQq9wdoZGByk2UjuTYJIxFw4KInYViY3rBhIBTW+rYyAcybd72i64j/2BjGjKqRu77UGFmcwz5lkO2mp8fSVzMUd868jkUxvrEJG7XcrXE45/5fQTKH2tcfhdRRSAJWCIseVwEF7kuIpJW2AIdQGOxFqO0gEdybI5TXDMV1DTlAmMP18E48prCeaWmNK3AAEzRNAkcRskmPIaAUQM6DWpi6xplkGugOlXTtguhvsaqekRUdD3P52DKCIy6DBpkuztUJHRL5AcTR42JmpaxxqVSa6gKRnpAs1Qr7GdJBM5nneQESmd0ryIIzGAAiOdO8EjguG95lhpPe+naHvGU/qus97HIsKdRcW0nC/XqZqZFe/HYy2llGIga62qEmD33jfv0dvWrutqhofD4s1bk611q/LN+9u7m3k5Lc4opbStt62pxLa29doFXE51mhd2+CKH4/Tu/e3t3eF0nEx5fn4+HSZTeT57dKraMleRuBVVQ7rcPHya5vVynmc93c5//3dv3t4fL1esbPcPp3f3UylcZgPkctn6ts5Tub+/7T2mKnen+uZ+OS61BW7vTyZe63KYzVszARgGRVEVUbPUXe93UI6ePRTDr5J0UBpOoB5jkCXCezeVh4fTly/PshaEqRmhrXf3FgiFchgGMtsWZDPJkSaLgMcdwBBTUwVUhuIIkhcuyIBb6kFbZjMwDzL3jtfOrHRHRR+l1wqBmqbYw5lGs2RAEYSLIOjZn+T+Cnu94jpIBkwtk8/EqSJStTQ2pxuKinb2fEwSsRAT9aRlkUf8cIIqGIMtS+AqzweJkdJtapZvCPaIqhJIVe5gKzMQU1Q1UtAWHqD3NgCdfA+phDsY2TtrOpSWiBCj6hSJuSCjaKswGM2b1mVSqyowk1ILhO69tR6MYiU9IOJwEaiLoE4mIuy9k9EzxkCBjOMYHrqcpK2qiERADb03uHt0kqLWfVMVZjo46b4JVdW0SGTBczFR9RTdBxiRJVQQxtZidTERUyrMjEFHmJUIDEW7WjqUadBSqQVZo74TtDHgjqzkKxEOUjXvIrcCJcJbALUoIVvfuoeUatM0HWZf11g3dpdaVPS6tlibTaVopWb4fW9bq7WImYiDEdHDBzrTttVCrBZn3/W3QpHoK6PngRnewx3m3jrdwZIZLppCKMtcBxGGadVEcFKp5WFWTC0lZ+5u1aqVtrVMubWiVtS9tdbAWA5LeGenVSulFitbXxFMM2YpALz7qlpERE0imrd1mg8CcXYTA4pK9+6Zc2ulABLhvm1QjYi2bnU5EtLzHk4K0CpKIoQixUSVAZqoGt2juUCLarQOhM2T95bHvtVJZWJs6/Vaytyc3rrqZBaQ7Xg8ruft/u7+dLz94Ye//8Mff/jv/+f/7+np5eH93eW6ns/n96fDX//6r0+ffvvhj98u8zwdbz5vj3enm2vTN2/f/K9/+rFt2+Huzc3N3Zd+ef/Vu8+/nf/0x//y5u09o7z/+t2HD58g5R/+239bV/n2u7eHm8PPf/3xf/zff1lmf3n81Laz+LYUdOkGvqxr97ZevrT13bTcfvn0y7JIKeXx8xeGL4e59/Xh7v7L50/07Zvvvv311w+n0+E416enx9PppjfSN2/b50/n4+lm29r15bKuL2pSiomU92+/enw5txZabDnMpWiwOVtVMbMUJshA+4wRoKtCYLvFEKZCGuDwgAx38EA2gWI1RzGOjMkxl4uM17/IHtuSQSN78HxGSaSFF0MZkKiLvK4FCbepFqFCx29ToGlXxfgDx0SYgQ3Yf7gEBoOM3nNrCFAzl2Q3KAgk3/sDPk3z6MDGPaFVGZlkXVJW/Xr6i+ZEOqAjUtQyR8hEiPFbyCs+xgh0JJ4AdVJRhmh6/HQSfE2lyxZEuLcEMoOOYFHTUiV0l+QjwsN7Zh4LTSCjCv1VS5N/ZDIHlAEmaxnqq3hVyyONvfK70mNA86qSfrwc+0TEpIiYUiBCjbyBIp90UU1ADxyIU4rzk8OGiQxRP3dZrOz3EikeIYjkNIY/nYANIVl+D/vYy90yJ0oVtdGrsBujCewu4hEXmazJGAWwQ/hAGWRfXq1de4BdvQJI5lXtX+vA98d4nBc4PxISl48Y3EIM+FrGtjQwLHp6tvKNntE1SI3KDm4l6SuvzILsDprkrrCvHLkojC7RXKfGcC8CD1qaEj1Es9OChEOVHMF/6X8YDyqQA1TksjIgVKRJLvducH/SuT812J2UIlnGgX1T4PjHjqF5Eh0EELgv5yBHuWDuV2YeLlmkOp5jkEQuDzvinytBPtLjJk8NhZoMvl8AGsQJ0tMGNwxl7MCYABIx21lICWcphYjjUkWzDbTVWkU0nGZVVboPd8Pq7bq2devzZKasVc8R3uJ4mpalvL09mQlUodKc15eXtvnT8/Xx8VqmarPUuTIYnXdvTvdvDg9vbubJNOhte/futpqsW396WQnc3BzmRaai4S7AfJrO1+1y5rZtJN6+v/n+6+N372e10twf7h++fnc0a4d5Oh7r8/Ml6PNcxYradr2sb9+cHm7r6TDVIuI+F1gppkKyFKul0jN9LEwV7Hu/eMmDT0VU970w1181ib0LKoZqJY+/+/vl/Vfy1x9fAHq4pO8+3yyRb4JwNI9uaf+iSDE18/AU9GW42CgKhwLoTmGP8JLFzuEQRV52xhiAwMy5jOiqUsR67+x9LLMCFYUa8Vos1Z1Q0WLmkVH9EFURZj6bqKlqyi6VmlQTwxNFCHbnRhaFBqkBVIlklySGg0ykQqjBTtHUPicD1xnJgw2NkYxtWkRUEidHMrABpksfFBhgsAyZT/VuQNKaIWaQrAGhqlIxcr0SPg8ImSaN3lu2KSZtHfDCsCKgWC2iNnyB6FnfGEEwwzS8FC2qQYeMBT7JCk8BZCSOlTwkRfcWlt69pyFVrUwiEq152+CZvR3DrFZS5EQmQO35/mV3qopZrutNRGx0gYmIwEScETmpSwhSqeZ0EQbcAz2oRRTo3qFQWqlTHkFlqiLSe/PWVbXUQrJ7eBACM7FpGneGFcKAYFYEBxCwWmlWprlft+3laapTnQqA6/WiIAtGiEj3dF6lCbBtKzwUEt6Tj4qghIiplaLQSJMm0b1ZKqjFezRVMS2MnnQ6w8M9YdRSK0QA676ZSpmMHilSjXTxDrWeBJnGZm9OYp5rjmcpmpbAsLKFq0rzVqYSpG9bmSfANEBGVrKKDMwnveGkt7a5r+JarNQybdtqRRlepzkb8sQIQTC0FBHztnq4ipmazgtEVDW6t95KKSBKmWVYPEJEymRMqkpUSFPNYsZal7628K2Ylamu11VrffNw8+W3fvPuzem4rOdrrfX7H/64TJOE//LTr923b//01duHNxZNIdfLdVmOAvW2mZRta09P7f79d7XYtjWK3tzelam++/qmToenp0upNk9z9P7pw6fDYb5eusj88HAstR5mu7tb/u1/fphKi7iu15cvT19u7+5MxERvbu6enj93b9frl5etBfq1nV+ez8vxuF0ux8NyPJ1+/dsHK2W9rtfz9Xi6B0rr18v5cnt3B3Bt2+F0enp8upzPVsyKTsdpOR2LlOt1XdfrMldnpt/wdFxubnopmbi9xxoPOWcK8BKNICDiFCsDMdUB3OXmlkeoiRGeqF8mWUk6mxIMBUerlIyoPwchNJUI26+jqFq2ng6wYviWkl82ExsBIikLGOOcJadEwBOmDxeRFCVimBJ3XiPHEUVWcA+LLPNPRwyVKWVki+dpFQwhnBoSGXecdGDaYQFKKUpylyXkqzDtRbFHJ49lJD9Opquk2nMkWoor1LQqNN1bJMhQGWMYBB7dB+IfIqQaXuVM44M6h/s2By9mBFkCdByoPDmSjkiPPMCR01p+27ovDBkply9QGddA9pE4H7o0yO10iux1YMO6aRIxNOcUtde8o0Ak5Z3Q2UBk8dp9NqD5DMcngAzXTlF3jDk+aZj8sLvZO+VnQ7WSgiUlOURryRflV5Zrnu1zfjrVRRRFRwHBQOJljLTj2g3dWk6fCZvtod9JXXA4Jzi0bMPDOwQxHKD6YKDGO5IjtyOXu4HhIx3TYqJjfRrT9Egy1R0vHyEc+U0FAI7QQLz+e86czgYXN5zwo5IiH4tXz7MMWVkybPltpcGGhFAVSF6CKnTH670mnt8NI/H9oYh4/d0yz4TkKI1AInoiMBnWAMPIDs6ZvATDUuuftlL9/XbfL+cwpKR304OaX+VIk0smimoITwrGgx4e+31ANURkUStBFiuJiapgMosehM7HQ1aFq0yZR9k8RCwRR1LcvXcwVFWXWqwIyXkuVnhYlnkuy3JQoIe/XK4KEbWX8/l6bVq4zNNyOk1z6aub4HQ3v39/X0pp143db+9Pd/fz+fny8nT1Fog43NTjoUZvtw83EZuYbSu2yxoey9G++/b2z//l4eY0vZzbw2356t3pdKoCm2Y1EzVOk93eHT593orJYba3bw7v7k9aUIosS5lKxjZAIaYKz/mTwWgCG2ev7qe6vVpERC3Sjes+RM14bR11NT1M9TAX0WumE5oWiKQS17R0RF4a7i0QojI02kEd4AU4bDiIgKiDtlNzWZQYQWopmllSImKG4JAE5xMrIqb7MSIBmFqZSm45wi7QGBoLjQwnBZggcNoCEh5gEFSoqgIhoCO9H3S2iK6mgJYM00/iUCJvvIxCTubSSobpRuQXzdyURVWM8CG6lH2b3wMxxoHvDCUFKgE1E3o0DyumpZJZHmZiwsiUH2gRQbTwBLq0JPID711ZzCAQDx84keSLxyHe2VA8wFpnuquZQLw5EFaLmQnQPRNCw0SnWlIrlaWftVgGNEW6z0J668nLlHEksXcXofeNQas1SHiMu0nVGdFcbYQuiOmrkYnb6BAsc018qZEKZguYgjpNOVOLSLibaDHdtkaoJT7Ug+IkpmkuRa/XlRTS1rVPc63TRJHwXsyIcEa1klY2qFotAqY/aWud7kWLmhGYpgWtx/VcoFZr7817m0vp4RJweimDJM9T1Nfs0jJvHTCrGkR4lFJU4N7EajFd+1rUTGuEK9wJCYnoJAaRREJDUbw3M0EWApiVUoaEVbWUuvaWoQhmJpCAeHRVCffOVkvVov26mpmoxtpIihZRdec4jHv03oY+RNX7OihnHcrMpNfFikfffC2lCFRIVat1FoVpKVY9S52DMKZmrHtb2zWIeZ5FUKS2dhXViE1AoZiWkXYdm2qBpFpbUYqQ3btAzdRsUtHhxSwTJJ6fPn3z/XfeL8fj8u133z1++XK5Xql6ua6/ffpik94/3NdFry8rPOZaLi/r/d2D9949RO3t2ze//lRfXj7X5XLzsM3HZa7HcKl16W6lHiLWoqWHWplLKfN8+v6HN/PhRMrPf/tRNQ6nSaV9+fzrvHhKBl9ezgiI2lRMpB4OlU3++Ic///TX/zgux61BNj+/XOtvj9MyH29ODD5+/nBdr9D58vLsHhCcz+eixeM6TcUK+xa12hpNWnzzzffbit6fnh6f5tPxcLiZlmP0mKstNdSMrswgHo5IGQy8UscAQKqavE6xySESHLghIBQzd7g0TQxmgKbjFkhIdEzMMhDfrDJUo4iFN9kbmjKbahc0pO/XFJamvQFJwwBkD20MfwAAIABJREFUWVguIdlfixGVZqmm68MgKUDqIQojhfs+agqCKhqp40n8UahRZK9Rz59GdO/YoqlpBEP6ELNwZLMPwf+umRFQxXTIRTC4aAgomRCZgeUpuBcGxYQFTGLSfQfbBiVOya0jIeH0Tgk8p0VPxAbcMzdz3h+jMhjIZCWRbNBIpoEcuTlC5te8f+JkMgYDkAOYEMUSX+YuC0EwTCTgkKKi6WrA/nrzcGj2LIxhfkhZx4Sf8j8EPMfkiOA+HI4BOSUv0Z0uOr4cSTA8UoWA/JJ2wpzOLPdMnW2qaV1z9kZRocBjeE7yNUfSs5cCYFGx8f0iJEUxCT7uU7JA8uYTjJz/wTBkQA1SGZffG1RsBEul9IevzBR3IZlIyufH75x6GklyBOG0wv1K5o0+pCtDb5f+RmaDUmRN47iikFHujT2BZHyYcIogq+6GJy71XfLq/QXA4cpNv2xO0qp5qfIccI2hpxsrVsrpdzYi9fpCyaCifOZTDpj/IDN+MfZSpVCFMGqyRoAiHLscQjmqg2RormUnH/Mjq4ZH5hJJBmrtLM9Oy+V/hIw9EuQ/bXjsKpblBlKQJiWpImO/0xRZMNgjiqozGF0NvffWupnc3Eyis6lqsXXdpjmKlalMAVqBBC7rGsHr1s/XLqKHw7QcynKqNzcnRjRBrXJ/P5+OBcGylLnOtYLRHh+fn5+vCp5OdVomEWgpd/fzuvL5eV2vV5CH0/L1Vzd//uP9u7fHCMyVNzfH29tK9lqtaFIfUouJhdCn2W7enh7uDje3c48+V6vVRBnQUopCkBq03ogUeGP4sDLdeGfGCEItUYa8q8eumqpFNUjR0GlZ5vm69Ud3gDDREABerAaoWtIIzB0ZCDphAZCdHsU0s20DYkWL1YQ3KDJ85BCzUiA9Mpctz1qNaMmcCkTVIqL1BtCmOjBPMIU4QpjlXaqEgRHdw3tSpulS2C01DPEIV1FHj4hBgjCPa6oVQ1Y7GeGpo6RzCIAEQXrPDnkKc4hDHicjbnm47vN+H6tDYjKaHxzUwVQNS0x0dt8EMC3wBGok8nyNDG5PF03uxiaaGmhYKeyeRiGnizsRKcsrVjTUu4d0sAhAmcqkCqhpRBelSKhZZJYWM+Q0T4i0uFHNkuyL7pAU0RvJ1reET0qpTjIi93CRyKqvTNOGarHSeteaXKkmOZ2AYbh7uAClFgZbbFQzMdLZByGuVoSev2lAenRxiEh4SIHCnNRSRNTqFBG9e7GSNzyZ9g+6R9/aOFItPAQ5PjO27VrrIZlOLVZK3doqaga27cW9l2mhlkCvtUZkobDUqRKhJhD21sFQM6rlKAbJZgC1YhGM1upUwluEiJOa0bTDlhjBrbd0fUAQ3c2qJCma3UPR1UERj94JUwNb9BbRQ0oe7723XJ8iQkRFdV0vbWvz4SB7KUAObIxu1USl9x6ZxaRQoMOyLK1opTJ6C+/TNCPQR7pSybh3tbJtW8p/e2ulzPn6LGUavnYBEn5Q691FNahm1b0Dppr2ElGDdxd2EYxognCzMk1z33pr4ejaWkS3aVEra2tlmr33p6enuR6Xw93lsh2Ww83N4cvL80///tPd25vl9tD79tPffvGIjx8+T0ud5vqytQ8ffzssN8f7eyulNb+u67atNzc3DHbXdY0I+eGPX22rrle/fdC6zPf3d+56Oa/v35/efvX+8fHxf/zj/3V/Xx6//PTl0y+18HI9Z5uhKp4eP90+3Ld2XZb5y+Nv0+3t+6++evzty+H28Pz8VKb68vR0Ob/83d/9vaj061M1FavzYVHgenl5fHwy1du7h+fnl8PpePHrum7TVM/P58fp8XRzf3N7V5eDmq6tOS/vHt5u7by2bao0KZH4XYSrVFiMmMNX1DqB61zGJaMDRYQuWiwYdBeYWmgUZ6dQUi0/xm8dySt77B+ZRbgcgQEiapXeSc/5ZsSqISBVJaf/lP2rSY7WwswRZeSYgyFEgKqlLGZIWYZuOAOD9r4YMdAZHWPJSedZxv6k0jBjagSRofVII7Sm4h196JYgOw/Qk57NPPQMQknKWvDqwBz5uZJf4fh2dswNoHjAhnQCA1IjdrECOMhNMRAZDZ3ipXQPiKhAGRD+Du2PTLxBDWThN8ZwqjGmKLgSw243DvAcJPVVhJK+ZhtsgGXwvQyTgES4jRjQ5G8UgKNbGFRIdwfGopJjhI/pO4+xJBv2jFWIKqXvKn9mFUJvScHbGDYStE9APCSZnT1WCIBCg0G4wmJc4hjUpNjYb+MVOx9zfkntrCAz70ffytCs5FbCrJXf/8WkNfK9yhCxkncAh5cmdf0hMUT8YxsAX//3rgbKYTYjjfefKmHucR/si0HKN1M9rCmMH2XIeTdHMkH7rQlNc8b4AwOJOebUPzaZQW3I2Nl1+EH2tk7IeE4BwFRDwKDCqK6DwPN8tNORM3iQV3pgjD4cG0EKA7NBGhgioqEnBKDBnj+PpVtBUwYnGW0luRFnh9vY5GTQHLkhQxMmlsFIvC7fEMqIpMuwJ0dqP0Ql4IyRH5oPgoRAAjAzjPCbNEcwQFoVBjRsmmizRJIbViOi1sWKMuiNpkq269bIqLU8v2y1aLk9tLYdDuV0s0TEduXNw3J7nJfjbCbBnqGiIK9rX5sfjsu8MEKgMh/qMokKtp7iATneHo7if/77hz9892Yqtm19Ur29nadZveuyWPfm3aci6zXoLorb4/zt13f3t0vG3EzFRGA2GviY2bJCH9dGTAxOpvMiL2w2egCAeAZRyi6pQgb15/UMMrJcb710b8mnprJrYrC7M3ry0JbJwUnCJu8ES4tS+kDMhvN7YCEiAqOGWilaEEL0CB/4TXSAxaojK1oFEDNLkitrX0yUEZ4lR7IrWzB4YrNCwr1BSRt2rizUymxbCCmjFSbD8EwNqqIa0Zu3cTrkq4mDeS7FSLqn1yjZjXzPqiqGsCe90dxrdgMie1tJuKhQNCQ1emalMIJ0tRkplxeJNBCFg6LpqB2nf77YlYjs1PFojHCOLhcVh6MnzywaxUNQJWCzsPeGFj5NVYqAuTOEqqgpxBJO7j08QiUTlzxCSZhq8y7ehVTTqtWbqlj3SEAjMSAGVUPESpla30ylw5G13plVL3Bm5RhtKlKyWFSCNKsItm2jd0aIqlYbSUupLS6iXkZ0jA0+FAKV4oHtsoqYqRZT7+nr5dZbqUVVIiQYKUsgUOaDlgVaaiki6tEBCXDdriRNtV9ffF3r4WDLgaQCJtqdVjX9En3rkW8GDysqpRJofhnRHxGihRGSGwHo7nSqmpm5BxTuNJFQKbWmDAygqFJia41BSs+4NCrdXVTVoNDeNoJWimqNiN42k0z0JyC1VJBtXUXUWwtxgahKKSZOEZvq3FvLBEMIFVjXs0Bhs7dORymToEE0oueBnZVkAgl661vvXYrm8l6LpQLZ6iJq3jfVoiqCwmD0huMyzGiEqFq11jsDKBX/yern3iEw1d476aROpfp6tWIEtnXr4cu8PD89rpfLXJdlmd+/exvXpz/88HXr809//fj45cvnDx8+fvj0/puvj7fln//5/NXNQ9vWy/lyczwE8dvHz9u2HY6H9199/duHTyr+8OYroJjV+Xg4TOXPf/8n39anx8fT6XC5XL759of3X9WX55ebu5t/+G//G9j/+r/+z2re+znVyC+Pj2/ePqjq+fmlrauobG09HpdffvrLt99/Uya09dnM5mm6vb17+vz54y+/fPfHP9e6kPL23ZsvXz5vl4sq709355dLBAtxfr6o8nK5zsvd6eb28cun5/Pzm3ffl/mgxcoSk8mbNzd3t/UwdzMbCg72PPUSLxgb8oAhEsV2ReZbiiVyOdQfGSzSETl2D4cJERwadEt8XjKyBYJsiRTbJfLJf6a3zCAxpMWBEcuc2eZjNTRVU7EUtRBK6qu1K1H5SG/BCGUR7DOVCCIEIpbZvjDkjym7QfU/8c0yhkioGkZ+SaYxZ7Kb4XW4UIUUo+fvl8N2/lUwB62EX4eXMdOGs5hGIdCyy1o8MWAIxDE8qh7ZkpD+NIONWZA6eBjdU38gAkW2tiPN87ErRMgUDb/qO8aPTYh42msThdqJnsgZbqAtAeHwvaV2KWcqApavQfGRS5GpnckvwCU7e0YLlDM0UxoHuF9kF8PnvDWuY0oJ1dz7CKAe5hBHSOiQMAUpgREWTUii/L9nnTKhslSgxR7LCVp6kBMnHsPeIE+95JyYsRWZH5KryWDeI+NlOBB6SQoJI+Wao/kgNfDYFVqJyGMf3HML+J1M2Uf8xD0S+Bc1FRPLXWosNanD0dH1OAYGRF6LLFbL+ELsT+cA85EbpyqZIOYujN5XNgwFQopqkBqasd/kmuvIch4i4XclOFJ7JCt38jF6JdwokXJAJmaf4YsiqQJE0mrj30jVc05+uRSmzHDsEjHuQ8ndRV4vaV4hK3mohKhmHNUQMQ5maN+woqfiWcFc7wJIRiyR1AiX7E+IHKLyq8ppE/HK9yBU1Ypu3UVYF7MyBGLupIeqTlVV0Bg2wyO8R60WLn3zqU4Pd+W6Xk/H5XAwVZpUXea52mGpKtRi5VhLrRH++cvz49N1mafl9vD4dAVQZzndTio4v7wcDtN68XL241TffzV/9/XN8TCbiopPx8M0GYVT1VqEwdAoRT06Gafj/O7heHczHZbMPJFqmgpg7NzgsBrBU4UlOqKXdXRnE2DeK57YRv6qfGzyZpdhJuqt5fnTW8SrMRtQ0S22iJ6Oq1rN+5addAI4oXCFiGXQWCoPKVkJFREIWJR6UC06qKwgu5oBmpB7SX+nI6zl5pl3aO89vJPdVMUZcDMTkXBGeDTuZ4RSHdBiSgHpmamc7KmOQb9lKCeRcrbcjnuWy9gYwmMEd+bTMU7wGH7jVBYJxQQQ565PGzDHoNHFkxwlhZJQUj6MhEcPdyullup0utRigER3jIgCimqm7ohZhEeE2pj5dl8YGF3EoJYPXXShbdFVzYTVkpOXAMM780sPxjRVEQ0lA969O0qxIeQCguhbywidIsUUItxaz88UdBXNmDo4911KNeMloJT0JTBJBh0bJV166vIZ6QSmmALw7nA30SjDfRgZHxcZSQrvDgYjZJr3+UIQjh6lFjGju/feA6VWIGFvA6gawhKAicpUzEoq8oVBbt7CRD0aQDNDb+EdatAS7tvlihzeiyqm8O5b65fViknArFg1QFtv6AGoiUR2iuXU0be2hprqVJhm8OwUD3Z2MZgYRiRhJJWiZkz2WahqQVqpYpo6thgnsBLsvUOhJqbqPeZaKdiuF03lRvhQ5qqQCO/FColofSrTtW0x5pQg8xWk3Vst1q1a0WCAamIuJhRIZ8CFVksqPcxK7xsYZAs6mzPisMxtLUPvlhpwVdWRfEgwMvtiIGk+EEBRSQU7EYF5qt5796ZqCLZthRog7lGtnE6nvvXLy1WB5y8v77/56n//P/73Tx//9uHDp/VyUeXz00st883d7ZfHi5guywKUvnWBlTov8/z4+BKQ4+nu6fFlqnZcjtFiOtlUbupkWuzLX38G/N1X7x+/fPn826/Hu7uH928+/nL7H//6Typs21qXaZ4n01KnetHL+Xox1d634/GhNIXDtLQWU7GIZtUONzcMqfNh7RFxua7n56fH68uTFr17uHt56eFelvL88jjVskwFwdZ7rdXJ9XoOFYre392VUujbUk0VMVSX4tkuNWQOO/aYLqqkpDI4MsOTIxg0y5qdAVamHMhzNMxRcB9LBQlyM2Xi3KUgHDNxMLGGwdQpUuxv5XXvG3PMUPuCiB1dpIyigH3kSbA8YmD9ZAyUJTMDMATn+XFEc/iIrHgZuZb5CgRkuHiHLIbY8UURzVHBd5SRslO6Mvwvw9A8FLEYqUBgINPN0+c8RAq5inSXDMZChHMo/nNASVw7vaGxD5makopMPM9qBcnMGIxhn4m6AwjmOzoFD7uCP0tmRwprorH50+S7B4qxZr2GKP0uZQ/dnSNgODuDVEMMcn6c1Tnxgkljx0DvfHjAU1KsBjLCRQtESOcoh+7u+8TYm+dGlyt/XngkbpEfleP6sKVXcESyZoY/hhJrhPYP9Dc5B6arzsFCT44jb7jhlZX8TaiUDEIkc1hNmFryPs42iv88Oifn9bpgjAE6ByWlBJGk+T5pjguAYesembWSVYs5Zwchpom6JE2lmvSaUkRzis07TzS/VjqZ9TkDuhT8PoRJ3rJE3mQJwKdYPyPumDFVOfuqYHj7pUDHRxIgc6NIqKRHTTA0J5LyzPx90427+8+ZCHs+AvtZnhId0d1qMUYmpVBjH/SRndoYLslQyYrYTJ0fyrqUAQ32LS/USJDUkeUOASPj8ISSIcGCEB24RH7csZvmrhJDGYegqw5tQ1dGd8Bsf7DURCjTZN47QSm19c2jFysPd5OHH7qWAlEKVSnFynEpU7WiqiZmFsDL89p71KmoWmt9Mrm5m+tB5qV688Ph7svnM8njoX733d13397c3Sy1zvRurMtUrUgPlGJgTHUSwXXrKlpNbo7Tm4fj6bhkcRBZLJWOopKZvQJHgC6KPTt88Ib5Nk7kNO8x7uDB0HYmLZAELzLyxYRtWxuDqlqLQKaeeb27YSifudi/cKZ1h4jWVEyLeHAMIhn8gzCo6thKnekFVOyVId56KDvdCI8QSqkWzu7D76GqpBGDZiLhHtlEZqagWpEeA1PMWbWIUZyphcjxWewVLOjoiaD07pbHsmTeDkOY6IDasBPrLu3MZNNBvUWuORk1BojksMOEN7BzcONUGgy7Jk2m2bftEQEUzwUq34ypExE1VXpkTS4j7WIWsXEc45HwDTmkpUEKuqAoKz1a2yiQadICSvje1gGn5GkbQc+vK0BsW6+lYEjyRmpEMHtbI7GMhD90pA6xVhOxITHIujVJO0LGQ+3DAkfwqoBwZtsBAuGRB1+Zqo/sOQg87+Sx7jNUhVbUihVTlba27iFFxdAjuruI1TrBhB6lFLNybQ0ZTqtap0mtMkIyIdAsPNTEVGIjGEIJ7zAr00IhvBeV7epXtGkpQrZrAzhy+Qk6M5U8/RWQrK+CWnacSYSpapknmDKdAb1n7iJ9aIFIujcEzUxV1IxD0hlWSgoLMNSaYaZZQ6MCmjIiyLVd1YqHRzidUgwQRtQiSUl17yrq4b6OPgQz6x69uzefp2Wu09ad9NZXb20+TOu6TXNh91KraHXfApAupRbSw8MmhZTw1UoVsexejQizSbXE0Lqq0AiqlSn3MQ4RGhGMSBSzTBOQbo0qKmRsrSnkcLwjpDe3Ms/LzPNqKLXU//jLT5eXR9++/Pb0j/+v//f88Obuer1032BcO8/XKPOi9aCKhze3l/PjdV3rrX/17ffPjx9DTOv8zTff3b15h3L0Lse7tzafvvn+T7/++Ovz0/ntVw8MfP74Zdvw8vzy+dPP58vl/s0txdfWvLs3Xq5Ph2Xets2mCapba/N8aNcV4OF0Y7qoBMOX4/Hxt8+X58vxuHz+9Nu6vSzHQ1FcLxczXQ5HGJ5fzk5x4OV6Pd3e9a0db07TPN8vh+vz+eX8srUecA8eS62n4+Vl7X3C6DbthAvERmoGBJnQmhahxOCHABQuLh2AMDL9Vzh0yTkJqtouz1XCAI+hR5cUkgCqmf5OJGk24O/hgMwkE2LMTZRE9cAxawwHZ47/wzYAydAHioDugmyKoSpztYAQ4ari48SheJ7WEkLPGLoM9QMIzQ+i+3GbW0xuO4LMG0wg5lXAMCT4oyghv0XdN4bEpTNAMkmEPX9ml68UAX2XTAUTnA4bUdwxliBKkKZiqvmi8CEdz4sWAwYbQT0gUl7D/E5z+sLuNFUow5NvSQTZMTqfKPH61UKQSh0i8LvqiRhIWObtAKFER35/IKkJ0mtC8/TkSCHi9PyudpOneoRkMxp1lODQJb8MZhZwOFwkOL5vAUTVdFycbAmhCslwegIfI6EGWRiZkSQAOMAvJzS3ox77uFGA1/5dCiw77xKLDniq2bGvhHnfJV4eoKDIkPCkYGEM2PsSmG932SHARAEHfzn+X94bUjCcDsys2PFJOTzlACyzZmUM6uOOyplVdEhxxtCb7oGcxiQnZ9nNNOlqzb0p79R8ULOTDKYaGPsGMo4cYwCGpOJImMrAIQDOhzFlb4KhZRbk3J0W4zGqZYqnjOeEgO5KiFxoU3Qz9sf0XScalLlwg+tQTbFBshwqVLGRHytDUh5jNSQ1IcbcSvP/svYwRsASAqNIIR/9vMtdsqrDiTE8ZYC3JA5RiDDt3cEwy9BrjLetikQRCF2mqeb3PFU9HBbRIYjyHkuth8M0WYEmtEB23wLTMluT5342lcNdub2fl6U62UUFXNdYluXtg3zzzfHt/e1UawKhZlZUna7ZjBOuUpQAXIvNM2+P82GyWgyZFQsK03crMFVhKCVCIk17KrpvdSKAMN+uefBHZMHenrwmwQ5Iul9y7ypqOSqJFlWDeNa6eXMGdi1gRHiP1n0zWspGY7wwkg+FUKlgUJlcRJUhIYv8HUZRRfjwF1GC4dF6XwEpmtbYPH1SyLeP38D+ckLRCfH7MTMyjeCZFJmhzGrmaRaOlmwA6cn+pWaUu6QneWDQNbFk1XwbRhCirydS7jyROWav+qYd1BjMWD5Vjp2C9VxOwwMIqeo9UKhqeSMHPPOtSOkBi3CI2NCFe5qsgQxpzQ19ML/uIqJmOVoaLGuYm5+jeTUTc4ioaS0Tu0syKjJeMCOZVXKK6KWYqdbJSM1g+uYdiCHZhAjTuRGJBEm6+QGtpaq0bevhkqtAkfQviWmavhVQK/mw9h4A5mny3vNeLMVMpG1rJnkPHtXEATOJka1tiY3J6NDMK8IMsEtAzKMvyxyM7XrtPigeaoYVll2zLONtlR4OgZZqU72cz8tUy1y89XlZnD2611qDvbWeCVkg92SCMFP3iE41DYj3BmctBtMeZN8iopaynA699bZ6rSW8RaciFCo2YJaUfiVj63kg0iMb0xgETOlBSsJMEjGQ1x6tb11FVaS716yeHG5sUZPtutW5IsJj662bFYhmJTAAUD1ibRtMRrBLmZqvqpOabT3KtHhzM20t+4AMaqBCDJm0CHe6iBara2tWJkLNKGo9LoMzp6hZRFeIahETRmut11IB9NZSBMhwmDnZ3W2aVLit1yBU5cvj8/f/9fvvfnj/r//P/zUvy3k9X39++fDzr+5xXdv12t68fRvRXl7W+bjcPtz2vkLju2+/CX/7L5fzr798rHWpdarT8eHhcDjegXI5b88v6/m8Hef5er5+9fVDnWaAh9v5+vHzrz//+PPfrjcnvbk9PT1eI/r6cr29Ob68XAJ0b8u8hLPWOXq7f/dOrTx9+ihavvnhe+9YV/d+gejnXz9kLNXnL083N0cyN3PPeV2Bm8Px4+XTennZ2vbNzf1V1+V0X+fpuMy/fvzlfLnc3t28fXu/LFrKFt4DrorXvpLx7pSMBU4hiMCZo0TOAYl1MnwkGyJUxCmRsuTUSOeg4CA8Nd8DWRYwd1cZIN+YPkbSOIYsj7AdW+EIF+eOwuf0zBzNgiAUcDBULCkIUX2dqCWL4IXI/J48TlUk28ZUJI9GsYSCE61VKQmM7AKhxA6qkJJBQL5nNO/q8NRuDGWJUCEZVSliUHiQ6umQtuwoEMEYfnuOyki8+FVkmyJ+JgunMvB7OGkjLY7Jz+soPRjhnUOQkXIKEEzrQRoBBv45LJvMMejVM5y//JVsGWL3gBh0GBbyV4MMCekxML+ASkQjuMdWDMwhBs2dAU8yMu5Hc5omCmZiTkp0EU3wcV8kMnV5rFgDAEyDVJILMW6blL3kThW7pEsgIzSSuWpKRJhoTuKpHoxgimYBFhkdwmPF2YU63A/RfY4fkfbJnykEmnqIHE4SXmdmIgxoT8fqwP0Wjn3epUBzwgaYSafpfpYUn6mkQoWSIr0k/cdiN5J29mi9DNoO992oEAIgYyk4CCBSNDPeB0U2JO+7Mn6sLSP5M4nW/CL3mB0SGYKUTuP8IMlDmOQUmPFhCsmggN8RTBl/pu+uB9n5h1dJuWpuzELs4d8xeCwlfN8Ecu3NHXSQNkEGemqZPTwfyh01IBmU+M8x70kpJ6eW97WNRSOUaSXSXR7l44tx7gLIvQ4XFKIIQqkq2YwWEUEnocLWME0TGauvc5XsjgOg0KKmk9ZpqmXYowmC0Vs3EZvmL5eLid3dT7XKcigqVkTo8vR8NZ2++Wq+vy83p3k5HIwa0SOiWFJTI/9bVQPJ3JRa4lDLzWmepmoiwywKzej0kQOgKhKGIcPPa51fu2TML/dWO5DwNAL+p4Mjlb0hoiLGYHgXkVKnGDO9Rnd3YdC9hXsqWcId4SZqqsidg57qlAhXLVas58MjSjrZPVilqiqDuwAxuoeqjHaZFKdPu+YTUYuK5jsj2tbh9HwYSDJ5NiO8s6HnNgx3zzsyrQK7Ak/cnd7SQJLKNXdKQBjRQzXblqhASJrILdHeNApzL1fPszf3jaGGfR3y8/WnrzGYHCImpgVIKAhvYmAUtSqQ3t0MSern3g3E2NiS7R0fCxF0+pBMhqiZp093dzZoyR+pM9YQIwEz5pWLDpfMIOvRt20LlclKZhIEo6iVyZAhgZZnTbj3cM+XOD2kqJk6adAekCS+I6JTirV1d1AIxxoVgGThQxhMEjTzJipWS6llwHI2FJniQdEIpIY43BUD8whyxCjTTeAeTtcILTNAVQkyWhe1WitUW+9JYtQqgLTWobJMc0Rkg9K2rcoMhc1TNyBo61ZFJHxdG5SiXF9WEWHvAdRpyv0yNcXrdUMMRh3FpCjcFaKQLDIrlipTetuESopCqliYCJqy5DAU7GB4eAZyWikRgejh3fKtKzDRrOseAJvCshG7OeHpuIeiiomgbS4itc7uzsZSqmltfvVGK8l6Uoo1es1tBmNc0RRX+dr7RaiGyvAUYcLWswFYAAAgAElEQVR7UTYxM4NpsCOiEC1YrKjI2tILIcVqbB3Caa6lTm3bSqnsjRFFpUMAiQiBmJoMmEJMhN5FWFTDmxDLXK/ni6gcp/r8+GI60T280ePN/c1X797867/8y9PTp2L25u1Xl+cXkXJ3f/vrL78eb+499PnxPC+Hbd1yhri/f7uu/f72birzT7/+/P79d3/4L//lf/7Tv1noH/74ww/fvfnw8dfz09PlfLWDf/313eX8Yar+8aeffvv5+cvj01zElLenw/V6ub9/c/vw5ucf/3Z7unHi+nJh9C+fP3393Z+m+eB9u5yfoby7v/3w8y/3Dzd/+Y//Oc3z3/39f1O9pFG7qMIxl6mU4n55evlcqwFyeX5+fno8Hu8g+PLl46S4vbkjok51rqUIGV32mWofTsa8OvLP8lIGokdYniRjzPodP8h4cYxxCvmPE19hWowGwTjY40gNl1oZEX/75JLQKDwoe5a6CpPzT0I1EBI7xpFT2h7VAwFJH71Ikvgb6ZDhDtAMsBq4SiKPmgeuWtEQGa5YlQhN1jdPQ8HAp0VMJUbt+Jg1OTRIu1wkInWfCbaPqQsDzx0g485wCGKY6kAwZIQ+UgiDjrVdUlMPHYBVEr/hqVJN4QZfXyCago6EF7ljmfuwBAKqRaJH8uL0DDdJoDzVMPu/h30wpJgNnH18za/1DSAwpnpSQz3RkzQPD6V8ROYSjeEmuXpEcPhUs4Nl9EBT4DrKP5BSVWQu35Cf2HiNEenyYvQgFZrfqmBkuSR6FuMrzFWA4/UtEcO+QSIhYc8fp6ikgySV9WMazi91eBqhJia55iIw4ktz9sjMY6FICNULECrALr0SQCSjcxL3z5sid96UnoytZuwvGB4GFfGsGk0tesZPwfK/8n3+O8aFcWmG8gVJfhXIiK7TPUVH80s35fhjcn3nWHgZQbX9KYCoFQxvLbMIY+ygQ8wFBD3P/+QGYmCt+8QuImMtGch+9gBI3q07Up+sFwcnmBcpD6b8IRWj5zlynRHZ9zUZah2YBF328yGJjcg5YvzpyN47YFgCINm1NjSHyVAMZXQ+RZldk97W8e2GjvWCqWUzDkFa0EVE1JThHcUw1al7TFOxSdm3YJiailaoWSmW4QFC0t2v6xWU4+Fw3Xqt5bTUZTarmKfqASfWrfcmD3fHu1s7HurxsFQz9BBVLSWHDyB0UD3Zah4ApslOc11qEYEwTMfATpWInuqvlG1jNPyZgzG6ZtOGle3ZO8kxxP4A6AP31tfDKG/vrIxtHt1HEW9++ypQSY0iGU52ASFqWgKg9wFtpLhZkbmeAWhIJ51RtagVBRwhYLGyZWwRtKrljp2e2teowbyhJdzpSs0TCVlgCBWxwRZhz6dI3FOz/IYpB0qjDjzYk6AKj2C4cLfsyNiDqRihWyl3yfsVjN1kr6oRI0lM9VX9xIE5JcKEPZtrgBBpYDFJ+vX3OzWN6mJm2JsoZTjEOJLjKOEUhI08LhBKnQZXN1jIRJBDFGaFQcembjR1VdELVhZMIRoDOqKaIbL5XbKHM3pQwnvMUxWzCAJUBFREx/9MHlUDFJZS3F1Az9KJGGl56S3OErFw10yQyCK/jBvJ88CddECiU0QkA7QjwK4qWqp7lyDD1RK1CBGY5nHsuWtB061kmSkVPSCakhpszcOLZrwTVCCiIVHrwYHYtnx1FjMIe/PurbRVbfLmeZUJ9t6QYtbWdKqism1dwovKtoX37uRUihY1Cknv3VQBZqi/ZtJKDwcjNLyH9zU2DHSriGn0LCqAjcadTEOOCJoWyzTDfF1lPbOoZwsB0z5ALcUT2RWJGI4PNeOuspumTG2SQTwTpBMhah79enlJG+5Up2LaRcJ9h7GiTpNqcWyelhGV7tnNRFGKQTydKgzxQB+8wbaVqTDYexsva5AeZgaws9G7e0IZISGlaGtNVYuVbKwqpbjH9XI5HQ7FbJqmm9vj3/7ylzdvbwX9y+ePNt9et9a2Nayelvnxt8da1Yoty2FepufHc+98d/MwL8uvv3yCzN9++82PP/66dn51e28fH+t0WJbD4TiDWOa59X66vTu/nH/6299ubk7z8f2Hn395efp8OOh69Xa5YtJaFWIR2+XyfLi9U9Hz+XL39uH88rxurUKXxdapqnSDTMWOpzJN8vz8dFjm88vzdb3cP9w9Pz+paG+utcy1ap2sFO/99uH99bpKi/O1zUeYlYC+nJ/KPJtoa9v18nK5krGqRngWhAuwq7ETYh3TYIzCZkb6lgaPyRigRnQVTaR/vITHWeccDkUhuIc3jBVBwXBPPplpgxJNeGTgvUPbj0DuBCGqSQRXjLEgoWuEUwB4jtyi+yeILMHN7UaGMiHx2GQUaYGQ5BAlHeoM0EpitWKplEkLcfZI+u8ScJVCOsUV4tlamvliMlaXCKiUHD9UlNF2VJoiQ5S3z/D5OEHEAp5vVQXHOyJ1ERF5RbDLN4K96gQRhkfWrcqY+UyNESbjwUt2aHAtjBgZQcRI0hfJLgW+pr6IUOVVw5MMTfj+3sc+AlBASmT3c5hmhXCqQZQZ2xqZXpKsSkZlBKhkiClDhhJ89F8GnJEv8XyDOzK5JtKNPXyiIkhGHFDSRbOGArFLZmXIygWgu5vlmCgD9UVyRwz2AdWjC7R49riMrTEZppR8DSYJCX5DJBJMGsy36MjUSWGHQkJsl52/Vhkj37KDk4Bi2E1ijENjvBpi/zH7hnR9pRQGt5EJSolW7/tnygsCrzqdMS3ovrGPX77bj3ftUALPMTDdnPbz1+ctoMWgYqlO2Nc+AqK2KwVzcKFCY+whhIzo3NSYYFA+HAxuHgdJHyLh2sQnmVq2wTaOn3z/TZCixNzgg8NXbuktyR8sBBK+L715wwAYQVlB2R+2ocwSS4JCMKrQB7otY02JMQYOB42kK94jihRgV+OlslyQKr1XH7VHqNLMAJ1qRZoSNXFHCSdUypQZOQnLeScJ0aK9U4iH21OdoAIzmEm/tG11VVsW3N/NNwfTxA3CkRiYIkIV6N1FRk2SUFTTmVmmuZhZcq0qgmwvzytBH0agHNwTBZEYyAXAcQPlgZU7taimw2rPQ+ZQtw+Bt4Qgtt4vl42BWqdt7UTm8TvzXHF3z2JYCeniCAicWidQGAH2UI/Y8opRzKxARVGEArHA1YPBLRjuXZUOmBWP7u4ICtHdBUADI3pvECps5JWlfXJ4bygqJcvOEgMxhZB9wNA7Rk8ZmUjwjM4c3J6mk1xEeu9DFwGJ1NVkLg4DzEKAPA6GsCj5rORcUtvHGHDqKwU2PPfIszkAqCkziRW5pu/riyPVuRGdQDXNI30w2ir0MDWqRW8p+ky0RCGm4ul3GgUIIQWpN+rb1elqWuZDUWscrysMEi166yoSqpoObFXDOJ0hglz5nY4u3RvDw4sVCJiSupChUS2Jh0X4YHVSiZR3poRAXZIvxEAVTfMQoKdqXtVjeLIJSBGBiYhAvG91LqYWvRkscoNdO5UQk1rooSJlqirw3gUopagqVYJCpagScDKcCpiJijB6/k2zMs+1e6ixzktrjUxnhzZ3LSXI9bqxeSnaW2e41VJVBLy2FRATaJFIvaOomjrZWwvGSCoDplqZubd0sksPRJgCNCC8tzRjgJHiZI+QoVYSMctX4fCaO8MDHKCkiLEP45qqQrX1BgjoRu2bg1Roa90mE8K7L8c5m7XrZOul6WKgMiCmEbDJ8u2oagFNq7LVmnQE69Sbt9ZINTVVpWhgXFBJYSQBWJls6GNVo9NBpytgmqkSSmBrWy3FPYpOPQSiTg9vYkTJ+Cw5X9vDw4NJWZuff/uih2crUxAPd3f/8A9//4///Z9bj8/PLy+fv5xujlCFWHd/ebp8+8MP23qty7Eup+fn6+PjejrdMqI3f/v+q+Px7tOHD7d3x/u3D0/PT8fb07/967+Enp+en3777cvNUTxY51oK27p5YJpKd79eL8tpuV7Ol/OVgqXM0Hj68lud5ojt8/+fqj/rsSxLugOxZWb73MHdY47Ioaq+iWSz1QIEveqFgKBH/Yum0IKg3ylADxKkBilSoJpkk99Xc2XG6MO952yzpYdlx7OaJMCszAj3e8/Zg9ma7NPH4+lcuZE8n4/LODw8PHHy6ekp53z16tX16XL/+LQthzcvj4R9+/r5Zm63Ny8iljL78vnj3d3L0+mGeWVhMpFxd/vy9mbG2IT0sQsOh1lbZ5odb+54vw1b7tiJfITSw6VTFKq4i4L0I5UeI0KhNR/hDdOBBcow5K2n1U27ayiKcvgIGRQyBQBbXiW3BhRDMKXo783fOPmEEng6QQi74jwTQJmyrN3kdQ+jt8yFfQMrf63rcihFMgBoFG7RhkWhJzhGE+LeD4qtQe+Uwi6Y9RXYQSSq1uuXSgWCbcR8gQA7cx0myKwlUB1bVKCn9zPDDle76jyCEsb3I0VZoJqi0WBmNukMKrtelS1ZZDRc39hy6dbQOGMXZ9E9ktJerYXEek4qH6UYryaHFLkN5fmU0eFu5sWJpHmomlWfWZA4sFdmr4mu+01IUvcMLUqHJisTu/4UQc2X7fTXLKXa7vUtnyXle08jm+MwWvsXbVeIWNc+ytxQeS6r746fSmQCZX7IqGC2twuNhe6GkTa47ahN35ve7hA+r37B1bqSpXR2QRym/WhUL9UkgjmyI2+bm9G0hUoaEW6SujRj1QTarto0WDeEEBuk4aSAge7YNXhyHOtMaOdDZ3fCslkFYpfzomN01MrqHOmNoFeUpAbgEWQmnMr61CYxR0vImoNRjKuaLBdksPNUO0qPbnfQ6bXqbbQGU7vIle7abWSzEbrvII0YTBxiGa3+lx3vvhDLqWHKSmO3yuc/IthA33r/FWL30i3M6OZLHGRf82FjhJu33GsvrpfFk+7Gm9NhjHDnzGlhZgrc5Pk44rycz7GMwSKqfITikHdCDREM27miquFuwwYVjLO3rRzVcv4+APbNFc0EKmzYHHusg/LXaidSXLtPSLIBbkXU3PslY2VuMzfV4ZmQkkrTuPqMd9ZUvatfmbmrmXVKDmct8iLMXKsYcXDTlIAqlthS0Z6EeQyWLEfMnFmFQjKB8giHZRYN4cN3l5DmWQAytjWNhpowKo046AqpUFhyGTGzO0mZZzslhaQc4YCme8gD3cetSBTutKkQL8BgI5C54+LaPZBdtdRz0uRF6XBoale1hhDMPuqQLI2sVPC9DPy7KItWhUpGeCEtpGMsmIW7jVHbysp9g3qRnGUgw1FpXQ5MR+VyzG2aR1aawc3HMgwobtg/lxYfzGDlYZpYpAdIk87EzY2M5mEKnDoESXeYRGJUMLbMP6qHcyuSEaNNFjR3r23CGGE1uzkrOUTR/ih4XxmZmztqThvT0DEgTEYEDAnDzCsqlqObrZdLzVzGQceTWjwAHsPMc26pSI+iO3KKzprH01FUsztrbiSX5WjgnPN8eyZsbjMLPvaXae5hlaUkHSqOam7u4TFgoQOvkB6h5OURER7luU6YW81UjGDNel5BYaYUcTevLBiCxqrMQozhg5wRwRJbYuaw4cEAMaGVABprpo8AkJU5i1VtvG6skZlVmZV1WBbQxlg6ICQChEWQMI+sa4AjFrOa16fleK4kbQqUnfMavmSF+8EtBCVXTYuYOQ8REXD3JBM1/FgsTYHomD6m1gxkXqu8rus4HGLxmnNbV8n4rtd5vW7Hs3/48Yfr9fJ4uRIVS/zmN7/6/OffHpbDty8PbuPXf/M3nz5//PLzny7Xp/Pp5cs3r0nPrOHj7vbmD7/70+F4ezzeHk4HeoQvbnY4nkjevXxtFlzn+Xj+Z//y737+429/91//cW6Xx6f7bc31+ricxungm8e3r49P1+14WB7vv93evXrx5t225eWynl+e1vXy5eOfP/z4Dz4Pc82np8v86afL5fF8Ph1O57fvfojDYXv6Kko8jgueni5P19zydHtzvrnN3LbrI2CYWeDj/eOWcxl2c3fMLZ+eHi/Xe3gkS66dHReorr8pEFLnm+p/dDkCqUBbLcyismobXpQouZq3587yGReShRLM2ThOwWy/YzUytqT4FP5LFJNuvghpVhQLQFSZlSNk3NH5rRmG8scasyqJ7Jwc3V8a6cv9WArxCd6whwUtG0lEKLIWcohFkGVFF6taBDnc1CfJzAR4SqsuawSkqHiWRFmLkSiYzBtWBGHQiC6Vraqmwn+p/PU0sTdk6vyJMhstDmeX/wYPj26eSCPMvDyf/5ZqsDCXKDK56vbTT9b1O7O6xYC8jrZ/AxVZhRKl72SWpUl33WkrpYar7w4kUA6XaINQLAPChpuZLdbvTCaCXQTbtZao6LagOFwHtUp20FtpXNS8UaDCh0EhobpwtYzKBJzrvmSyox5p1Y3r88MBObAn4nXdat5W16blO+VHLEM3XPQe2mYAA97WEN2j6nTrl0odlbOryb1CFZ5YNd2dCIlooGWkipSATCqgGJa90SxDi9XhvbpUeQEAKJluq7q6E9ynjxXhNCrZl951gsqPHVNHuUlQrNZTQ8HoHlR0sxYm+1qvRkabJYCKeQV2daaddZ8DFNPLywWOtq+4doudFl6x3ERqGLoYVdesRbDb9vaGp7ecI9rG7QSVdKi8C6tuM/bEJFF2QhK9GyNqppvvQUfek9KszRaWxb1/VMcYGNTut8CunAPg8ITmlcM9QVi5B+BBugVCgUEU8oIsTbkMboUDl2UZ5jO3iHBgpuIyOUYcj4cx3FjmdA9zR2aiyTiAwwJuTZ/oextjKKm99NSqZmlmcxOB0pOpdGq437qA6k61ezJVyW7V/ge1H4CcsrKxkJOpRzUzcyp1CyNslm0zM1O59ynhI2z42DJlS8yZFgwLjygScFCcCdAndxBJyl9soUhclOJJ3NzhzKJEex5F9gkYDi5b5cxpGi4Y7rQ5i6iqAqjw06oieoRt5jRI9GyVk01V7VJBAuYsDQdQOVIe1lYVoRaclbOzzLC7d/osUedbDfFDE79AyVI06dJ+6XNN8Ziys5AshsnZOQxoNZYZXApMksiaYyzhzpqghdR38vmidOQM99wNdj6UH0AqrLQ0jgbmNsbBCWbmNmH0EW6RNZUg3vy1g5zwway12GlRuyRRKaGZJepdziEk0qYEabEECz0Sh4wRqhwi3Mzntu3glWVmAVEKfmjP3RgBt3mZVXPxofDjKpp7uLlFzgkUpx46abDFSStYEWMJHdjrttU2PQb2dKxlxKxaloP6RYuY2TdrVsYS4cGrJGxZcxvLksxxWNxqu25uCB9zy+1yDXfl9rgRmqtVFYvHsPmUZHp0ZlbOOcbw8KwemQmm2ZJVhczcrBGxqXMnQuFUnqyAmQ0+40gkSQuHW1Wt2xaGBt1dwY5ct6kL0MOLlZluI4bPbeoISJa0jofTMWxMbhqit83r7c3NvE4JSZ4eHw1mY6ByLEvNDeSIyG1bxmH1dTkctsnKirHUvLpZjJHbKkGFIQo2L5fj+SYTOTfSzQfXi/UwhEQlWj1rWVTKn8bDgzgsh3E43xzOj+u9M2Dx+HS5Pcft3e3LF+dXb1/+1//yKatub8/Hw6kKZr4cj1m4e/XicBjXy8PN+fjw7cra3n34MOIwZ338+WeLePnqnIz1en39+uXNixef/vzx8dvDq7dvHx+vL1+fcr1u63Z5fJx1ff329nf/9Y/APC6onKg510k/bdvqA7d3r58e7h/vv51uXxpwvD3VX3Isy+F48/Xzn78c//zhhx9//svHw+FweXq8vbv5+ae/fL+cbl/cfvv6eTksn37+4oxXb17fvXjx7f7xy+dPWXk+394/fDmebDm+eLo+nY8nH4ftuo0REUv4cj4dDwcXQmigkqBJhjcDIJVLp4Y0NEh580rh/mZ7DoiB/st9rxA2JZ7ZMCkBBQ1LK6+d3ldIlz/6KeohJGlUObYvWJUDPX0MNAWclRVL4RMo65RJAEhQOTP7L+mQTG8MNFRpm5lb7XKR5xLbDeZhaEUHGniGJPICYzSRygBzsxIBDmOo9iBp5iLZDQJ6TAKqsMU04lCHL8Kd7s1mSCweHmRlqRSTk0KI8+yEaMtGLfsFwWCOcPOAZOTW3IvBywtJr1CIT1ed+syx3/idHV8FN8WFkpUOfVS1GR2/ZizDMIXioL1k5B5yqvoBTqtdIyOHYQuLXFNymhhxs4EWZe2lqwDfXiUybPXDsn1GYINgjfJqJIPePXfwl5rA0Khsc1mpqHe1oZo7qVLZoUzzGrvIoV90uJfo9r0CUg4SKtmSEaAJFxhhYagBS2WT4Xm1uwyU0ug2CCj0sJJdfwPdjimJiV2OAixYSCifMq1w5+Wa3aHL0cuWrisBVexqdxCUI4LRgqOQYKm7H0HbrmQhof97GyfjgVoK65J/39MWYnpoyqejgh8EIZS1UUYHhXrFkLs3UTDJ86QN6LeG3ZQNQlSkJFL1y8tlq6Rt33f6N6KH7LnISM0W2GmUtDBLJYBquATcRov+O0nJoU/Qca5633rFzbmHGcqcIWu7vrrDJC/ohkgiDWqXDo/h+xhCM2rWlraaiMZeU4aJssCIqInpOfQfwTHCwMwZhpvzceb0iGWM8K7Co3ewxCIcwysrQvYtqUicc5pQFLi7Ze5WPy2CjuPx8FGyDHc7pPcdYEesFrNT3Vz6wp4m2KZ8kcmNJxnKymomtm0jEcpeDFRWtnG7C8eqGkqyzMYvRUEWlDnoGAQ8YtGCKqSOkjKG5YhD2JjYclYV3Ye5JeeaW9YcPsw9UzERZoaqzsiH9WAD9ctgi9CkJgsH6JWah1bdC8NM+iiaFUrJD9KVs4lYVDZAIM16n8aj1JKrONfxnkZIWAp4GJ5Zp9KvYaOaJlJwv61Ec0ljx4A9n4luQ8GcLkdJzV04aDCdgQnzMQaVFeQunk8fQU20Jorsr1IVp67nsoias7brHEMRtkyncnKz3ODL0byx99DE3OFCI7I2QW2N7leJ4JxboXTpkZlVIq+GKCA3z1nhHGPs0IaBBXMQMoFwljJAQO8svmKEqTdmYs614TJYVTKnLRpMa1CgtccsZpYcQQ7mXBc/+jJC2lNlRtlhCUv4GAsAG6P2WO51e8rMMcbhdKg51TVXph9GVW4za50+bFuv23UuY8ieTSs9LmN7ALdt026FWc65ZTqQVmaL3HHuDo+qkk9j+ALI3BJNFdKYmZXDrTtNGLx6r+sLqhDRn9aUPXM3n7XBBJOOMJ+VxYzAtm01MzzmnIKHaazMQuZ6Dbec0zqgowhss9w09znUk4FwLuNwvK7r3C4OGnw4CVsOy7w8GSxibNsM7Ho2DxhixLqux+MxZxpgMSxXAGCFe5WnoldVd45hVet6AQLBp8vD5Oa0sYynpyf3OJ8W8yVXXu+vr25f3tzcHMcC8OHxcrls28rMeTgsnz7f//n3f6z5dLq922Z99/37h6/3c13fvvvh6eHh2/3juw9v3RaQqHr95s35fHM8HK6XiweOL07OuWX+h3/3Py1+ybr+4Xf/9PD0cHtewuzp8T6Kh2XJ9Zrb5eb25tvXz6jMKxaz2/N5W7e7V3cRh6evn+/PLy0ixuF8u5xPhy+f7q/bFWN5enp8c3p9c3NYt+ucdd3S3c83J3N/eHzIpMNf3t29ff9DocZY/NOoqoKztuP5dDrdul3EToM2YhSEtcHM1T26oZkBCzLbhMkmirr6102sHG7ZdnXTuRmDSMPcIegWCrc9eK+b9L//quih9IsC2gnOwhhDyaGy9cm/RBa17Vm7+wmAUpd3q4HKal1m7qjUWJm2F7ZJxqFSwdx7Ui5akh0Co2rXn2AXmOz6hP7QDISFVU0YVN+3gkhopQmMDLMwccVddxBG9242CjruzcSHkLDOPzIz5yhZDqixiLFXwQqk7jhHGNCeY0V2VgCSKMRu8FSmTZtRzYGwTqXh3gdBGnG0HBM98gx6VaWsOgsjy6zrAdVmogY1FkhQFeyv5+Cq/IZgrZDCBDQLMfpmVPY4ZbnAc63HfikNzrPn0e3fG9Ieg2wxTD9jFgVyNYMtfUr1TLheqpSxz4bvX5+EN4K3TySWiK3Y7ndq4iggrRCbQds7kb5wW7i2W8TReJ8Q0jb/dbPzi3t9x6AbaO3Lx61sh//16k15OyW8RB0DCCvTuJU2JWibAaFagab8Eb1TrYy97BHJYkDtEUZgVYVhN+waVBBgJ0UgyCWzZP/cA3zk8FG7IP18wbAbzgAY04pF742tsFsrPTMZz82kbjKRT1WtvIEXkxJfsPHjcOm2d6hUe4oweH8l98zd2wCQCpbUB3btjVDvs9fGjXjhr96qmYXVrhpBEPvN3Wad7uPM3UFXpVjIcIa5W9CElHdUq3lL2gb21OLhAG0syDKzMNsUpDMEQsRyOJqyeYxdvjb02f7x0F43K3LmLADRwrbeKO38J8xsODPZmjHt0r15BUkUSs2EedqOBu3ngUCJAkPmcUqGJP5WqZAu0f7YZmYWaZrMkmXSB5WkhTYAUCptevZIO3enhck4o5k+hSJLA+JFMBkTPqDZURYmsp8Js9Aw7qLSLcvZrFTRKA5ZPyWRKR+8vj1nOSxnNrNzWHR15NyspflVz+ov6R360pyqyyshgpkpMuaZzdQja6y9ehaP+mYHlPGlAwF7T6nTCwLh9Zxlz+ozxlhMgBFKoKoI6YUEDAhsKDNEhCAss8jczGAYyFIAlppTOfAIDepRDrf5cCZBzG1FuEecDmeYz5ojFgnsq/eozZpWVpxjWQTKmMMZOZW/ncWccxsxIoyFQtkwp5WN2lascyxwC1uCCWRSM7zcfQwPbyMi9lyMmm4+t1m0w/FgMiAFjF7FlFhLuUlVDmI4wWTmrGUM0KB4okx3Y87KMj9YjBiD5IIhM2vVjFiytpxubtvDUxwOpFdWbpuaSTdb1/VwOImBjGXkljWnDwOMyTE8IsiqjQ42YzbTAM4ycaXhPlxFk6U1fIgAACAASURBVGjpda5hIfeUMjTczH0YPPPKKmGcNTXiEYvkhaCrUycBT83OFMNmCDeAM2dNjmVoFHO11WVaDW1nMfjm4RE5pznKKovhXpllWJbjNqepPQivmT7q2clJsOYsePiQsnvbriX7TxUA99PhcNSE6BmzYOHLWEa17jZiLDC3COrgEpFb6RGVyWJu63I4Zk1OuEXVnhZRM3DSvRmxLGPZtrksy/nuhVmY+ZvXb9b1cnm8f/nq7nB7s2Zuc/o4Xp7WLWvE8ub9e/iJFt++Xlj27vsPf/o9Xx9eXK/54uXx5sXd++9+/Pzz19u7F+fb86s3d7/77R8PL463N+fvv3/3H/4tPn/+uK5Plet2fbqvDXPzGLEcYWZjLMeb082Lx6f16elyc3t3veab1+/mup7PJ3/34S9/+AOqlhFfPv90Ot+aIRavqtPpfP/tnhbjcFwfL4k6nk5zbk+Xh6Nl+Hjz+tXj4/XTz39++90oWs08n2+ul6dvX++NdXt+musL76vezEZWhsde7Ho4evunkZLLB7oBbk18wxAwk5kp9hxDMzGQ/lelSLcEcHbCp5p466TdBvkbUFWzQGn7+iLGZA1f9thoVCWMWdmjY0jlkRR/iSt111B0VE3zRR9UeDXMgTSaiwctJxA02kFAlrs7Qjym5AhSlqDQNRwqUWbVOnDVyxZgOuCSxKN1BUCTys3hloQEUmZX1/xAsCMiugaDGdqqAJo5w3ZNLiTv7HhDg9oYQEFJZt4idGOPXiE1YdKeC5k0eePUaUmZRbqbLjUVua67sa92RZtYCwNtl9K7WJNBSkrQN5nehGyTGjmnEA9rN6mQVySIEvZljQWz3GIfI6uVxG5MxHXuOJXoUAMM0Vp9C2OSJbyZZBeBxmfBrwZYuLlFBFzgZpEGjJ1XR9tWDLtPBWbWiiR2H9j4eesmWnFqf1WKk8AuNKrSfAo3FmRk6qUliHxf6Q16hXrsqh6aTM7q1Bb1uipBZJPYcUFypjzsKkiaK2ntu5n9tdFQnmPryE4zJ9OaEYMFSlU3gR6EJqlWCSsXwm3sykaWl18QefxiZ2BnmGQBo79Xj6Db07hMAgPBC7Cd+THNL1YN1ZSbBHaaOaQN0G2cm3gGymkG/lKvw6MzgeX9F5/RLAkJczlbzJ4H1YFFNZhmRJglJrsR1IYvN69uX7tMc9t93TQIePBhvlC1YNu+BftLnUIXIt3Ke5WeNlnhwx3trKCFoxCS4o3hZsNgwGbexIVW3r5IVe70w5dIMJnmnbmiYFZ2K6XOjASTZbDoH763jYIwENKLh7Nk3Sdjn+2giBaaW5hhj2nKJmXC/Xg4jvG4HI6w65yzlMkD2p7R4L64ebKzpF1bxdn4vO1dcMF9OAJwtwiLpM3SMKRtyxWVhkG3RIJclqXSgKrmAayQdBWp0qWkUN9m06yHDleZbipRbRZuSiCglGiIcFUmaGYvuyHWepBVrmAYdMBKlFer6w2wMs0t6Bkk3tQW7Zn3+2Wr9rpS782AZdGtyGHPDbx3Lw7d3Sln34Roba/+XZJhmRNp3WREeBClqWdwuo1wzQpI/WXxh0XSAjrK5qxibZuLaODmIwwYwykqZDICDqttlptHLO4rpyhshxltGUfowq6UVNKcKLjFGJAxlb2DHTNZjFhiOOg5Z1YyswBHqZKVINcMGnmWW8JsiZjVwVNKbQoPK0uWwT0sRlDa9qrwAYIz4RGHw3JYuiR2hntWkrmtLB8RWRlFBlhz3a4XMH2cluVwvTyM48GMObNgXDcWI4YbZqbmhBRTJ2xWLRxmMXPqqB9hCRNtQ33srFkbARsHgJUGIAEFKepYKGb4GDFyzqoJQokumUWUj1HF4sxsXa/pzVqp3ImDCwkrTtc0EHDbVhLmKicAWuYs1OILXHdPNYoCY9ZhOYIIj0S6+VbTi0bOuVoolSfEHuuWK3KMwwjXgwK4zTUrhy9KgjQyxmDBLeZ1esQ4HKpY69q4FkmURtf1DtJhmGXuVeVxNIv1egmP43Ks4nrF7aub21evXr19PR7i97+rr18eb17MyvV0uvvxVz/+5U9/iai7N+9iWR7unwqxPj26x82L118+ffn86dvr1++Oty8+fvpmxsf7y4t//uL+y8PD/Tdg/fAPP/6Xy5U3x8enp9vbw/sPry7f4svHr7mtt+fTNvOybsfTwWI8Pjzm3I43vKwZy/F4OH7/4w+//+1fAFwfV1++vXn7/vHxYWLOa+V2+Xp9unnx5u7uxeXpCeD7D+/dfG4ra871WrQlYm6b+vzz6dbjsM388vEjfLl7+fp4PpLlY8zL0+P95enxwbgsY1TacC8dYmCR4W7mKgQsXBeIt1qm0PQ8refwiJQrZ/TlLboQTMPG2aRlQ2mee7liDTCnOAj5SDWPbIdFutYLFQDJ1M3FIrzPx2czIDu/fa/LlOMpJlAlAcTRlpGC3nYRg+3Xm9wCplSBvbqVewaavG6q/icUKlh8/oOqjcKj4DpiocwiAaXwMMX5q2S3zpuAw9xySoEgnZ5yivZBQ6aTXSPGd0iooWWDu3vYcA00aGTPHOEejQUCblEgqWkM7lBGya5s74bI+pe3XqS1/KZH16GZuoieQ7ppsAgreuvlMTxid11TJK24zZby0CPMza2kPgLJUIOJUKaFNXndd6l82kqTqirQEegC65eiGbqeW3UPNGvOZ3cuzEwEM/qGFs/S61KVK4ihVjXgJSFHCrW2fTSnVouqS2pemOYd7bVr5ySStbsQ0Pc5u+DEL/h09wCKS8HeIQZ2QF9J+3oLFjBF+AnhlmTdBRC1yqqP6SaqqHxSyDoIfUd9A9f7ZosDWEVP1eK223vcrGwUS0xE5mY+1Olyn0LQ6U7sLnInlUy9o16QOqBE9UeT5pXRQL00g2hun+Tz0qf67dyXHaw0YKxIpCq27vVbVQGINUb3Vo5dMyFOmwkB8IZuPWQSsPBOPn7WV5SZGsBddSTEgjR1Pt5Bpx1covJOxl/SIkA4wxE6NT1CJmb05ad2xaMJBqnG6R4lMsKdxbDoYPXdyTeGWxkr4TpBrPlV2N47icKSbIvKYNhpU2sIwNAWeehp7oGqcDDVDkc/UdcLNBO7INcuyIIH0XcBGq1p70z1H3NHLCNy3TK3FpMIbRAkkAnjiCgerKyqtrkJxUiJ9d2r4WgyWfAwn/PqHgIqCHezsDFiyV1NBsDdCK/KJApbbenq+JI2MHxsBgvVTuayXvXeZMNgwBLDzGa/fZLmKYpzSNBTRWnscu17qJi2T5hBitFjTaIpJZV0pcO5rNy92FkAgs7dmkIy97Cg2rk+xTyhCU0hZKBHociQ3je205DZ2S/y5ESTo5L2ZsIRZYUaBoZ7ZBKOzELBx6EPJTdjqDqEMQvqOoDQcKltvVj4wSqWY8ip0MCQwwiJfSs1IBvApgre4R7JspB8FpnZwSNZlDi0JzqmeHk43D2t4GQLf3X7GWwwp1mQZWMx92EeZjPlrg4J4VhpYcOimDtNKiGDcdacmmwgXI+0Wg5HxLGMOSeAOScsqwqOiGUmzJwWyTqejlU110sMLwbML5dLZi2Lb9eZOcfheBjH6+WSWXCNa0fOjTnJjLAxDmRySrzu5CRbTBiwbV2PY/jizHIPM89ZbZsAVNzrc8NQc05mQz+73kLnvQDzoiZSWAsvHEhJI/pwmzU9IhAw1tz6spGUYA+wjnAJPsO9SGaGOeaMGNZ5PRZYzsfbfEzQ9jgyjxHbuo5t02YI82UsZOUsH8tYDtv1MudGYCzLen3MbXV3ZGEPrnC37fHRne5BFFDVIVQwxszyGLEs87LpLsltHg5LVlbV8TCu29y27c2rd//wz/7h93/4+Pjv/r/f//ju3Zu3j/ePAP79v/n3TPyrf/W/e//2zf/n3/77+XQ6juBhcTjmfPz06f3b7z7/9OX+y8Py9vDxn3738s3bdx/e/eG3v3vz/vXLF29ev3ypoKO//2e/Pp9P//k//uc//uH329xuXp6XxckMj9zWdV2XJcZhuYmX1/u6Pj2+vns1/O7xy6ePf/79YRxu715+/ssfbOB8e7PO5Lcvh9PtOBy2+3uvAu3m5sXNcvz67dvpxc2HDz/GOOa60ex0PNZYxuEE90Qtp9sffvXr0+nu27fHnHZ5mtssOJbj8Xw+Ho5Hcs2Z9hwWq3/QPE2YAA5rAFeP3wxBBQwIykgjTRG98DYpKdahdUSNK8urv0trd1BDN1opt88qM2WektzX3LIYMO7u36wp0NMo2U/tWgXQSgG/fQuP4a061i8yaLi2m0rD1m2YS+4vRX23GzYcpIHYdFu3qdGfCa0g9u65Jw/Y7hcsh4J8JIxy07iSZtvlvKTZaMBe2JkZLAHBu6ZxMV0CkTBL9Jx1kcxdwKpu8SGXpluoHxoqLQAACWHh1rWQYPzaeixY58tXa3lb+/ss5de1Xl3yCvwS2KDrrDRz0MPS3FpHySCrNOvzOT7Q9vRSlhNu4Xv0vNI9WzRO6W7aLm3yLjYQSatOcGv5lCpwgGR4NKRBybr61BIopwB0Zj0nYQq2JpCVHpIzwWgsDrMdtG+Kaq/fw2QlkfxRV10Z9z/SbZTqgHbRA9CkGkUQubGSu9bNvYWq6EyDsYdgoUB50Hab7V7GivD2aG0X9tR/sFtKGtrVZ7+QSIL1lJrfqHh3LzvKqC1uVSmxnIpZirmDegcV/EX0KCO0QFklMIukdwaUSInufHdBtcueQHBnTHZdlO3l67P+2faHDpjvDZu+WclbKcNPq6ia3VD97ZrerO1PkRCUIs+rhnmfHegfmvun/MV40G2eYX+YoCHoWiS0MvUkZZ1yqkZdJjIbz+KlnubcjttngqBFGZCMr8/Bbl4ESIQvOltAels19s5MeUFqCFqnBdDCB2GE4rWfm2Gj00oBQp4isPqBCgAN1QdalLo0DTRzZSqqLbAmcBq8qQ7Rrf0YR+MrELbX2EDBlAEWMYaH+ZhbgYgIus3W/aDchzEtszZy7jFy5T7MjJnWsvzWbxQqPOTf2nJTmtjMje4+wrkIRg8LkDO3yo2iRVOpIZg+qyrGGBEF9641yWwrjKDZZ6kqvJPBJE4zbzaxiuz40nTvkAHsyYvosye137qOln/dDOgUlV9cIH9lWOpOtAu5PnHBZ4pUF06AhCwl3QMYgKpJ0m2YB3Lud61i0mXILyuHuyHMLWkzVw/6GFZ00wg41kwS4qUhkkY+b06zQdac07c1xsFi81gae7dIpAWGDwfMYuowrBru7i4Cz92yqmpjltrbKkb8MswwzN0GWVmiWREjijS3OTfJn1QLjDEqKV9ZATVnwozIOd2R5KaIXlY6YnjOOcV4ewgt1h05jkOj3xCLZAzuhxGWWYqFi2WYGSKGW+6jc8mqOQF4xGFE5kRxOQxnsVJTI+Zcc84xFj94rdQ4XnbGLqo2RWUtxyMNlqxMF+hufjyejDOrSBse+qcRA2ZVJTEP3LxvJnKb5tbyTX8e2Veb4hQQAR8Ryco5a5YZFRPiEUXEWFqgZvAY7LcOo6YxlkIwcs655jgOVVtEbcwRw91qzof1OsbIuZFm0RIAo1mJdMYYfgUjIgEWxziYj7ltZIYPQ0S4bjnHYpFVlUwDxoh122gocBmDFtuTZttYiWMJn9ualUPhkZWTaRsOh4OPZV4ec67hltMvT+vpFJ9//unbx0+355vc8uZ8uj5ec9te3L1g2fXyeHd7DF7evHqx3d785U9//PDjrz/86sdxOMbx9PXrn169ff/27fvc0hgvX9zd3h5Y0328enMDYt14/7h++/r18fFxOcQSNnM9DMPNGVUz51hut5mn0/Hx4f50vj2ebnPD6faw5TWrFrevXz6fbs5z5vl4XN0vj0/b3MZyzLz+9POft63Ot7fH01nH6KsXt3MWh929evv67buff/o4cz49PmTy+vRILi9e3T1d5nXdlmWRB6yDLHQUMYubEAi55HQKZUlvHrscWZWPTqagAVmS1uzpZLpF/gqXpWoPJQ0UUhB5a4hokt3N2ufJFOnArLQ9Tw+wVqqDhQk3V7VogOCbdpES4R1k3QVs56F01dhgvMofcwtvEMhN/9C1LUhJlWLPg5MqSfdjdWVS1oB8FwYwNAzU7ZLsvPbszipzVxaOyit5MR3Wyc3W6IlbNHxrij5MB8K8Qr/ZJGenhfgKlQ2lawrhfarsNSp0VWpACF1mgSyLtjVCV3opGkVyeYIJuHuoTYKon332lUs1E10lEW49xiCa3+6rzZzGvjq5R8x0cIVqPk0pDYGGe8Wv8t8MKFh/Ko37ZXGaDTRxjM4vtFbUQyHxJi3DTsx436m/sO/djlQni7RExWEYql10Qeur6S+6deqZMOOSLLwAAaygtGFmrh6Z0KehCrX206lFab5KOX1qcTTtgW0PdyTKNKxMzAHd0FMwRBLopiyk+c5GqK/tP2P79jYVw2SbYquqRQyik6p7YbJkTOiwJfIXxH0vR0S2CUqstlztRRJZbbZAN67q86OD+nyXpxOWlR1si/1XE8UCGR47FyAFGLjriDQvieoaTVNroK2mRWd7U96eW5KAQ4J6PWJXR6sYgzAUXUOnRRtV9+PY9S1sXc1+dhBAWTkdgTAXlU/fqXo2cy8uphkdNp0DV5AC+7d59AT2TOtDTvu/sNOsMgWEB5z7hAB0ww7d/M9VOEA3eETNlHOoCU5foNHZUECkg8ia3tosa6y2E9OlohgOL808dIOUhdSBomFvDES0gkcNnzp8JQo3pyBNQXMDCR1vErRVoQoJZbMAVYkqUB4fOubMZU9wYzuZZbTwiCWrevxHK6TL4SMWlM/MbdvGcFY5LcYJPrN7NAvQRygyIrtTlRLWlf1C8Z9afg5foggry1zJKTqxSPGymEmmFEkoCLsQ9m5SIcJCHHbvoP0qUSOkw1P1HRmiXJzW9nddNvJTOY2eoQGZkPYB1RpUQDpRHWtmPZBF17mSyrQomzGDsThzxpBBDkya+RgHd99yEy6DsZCJPZuXJbMo5L6oyszatgstR7iGhI9wF5RgjUEr5mD4QIR7MJm5/1fo4cchTPH22zaz0iWMM5BRSJWe4kKlTw14ZW3b5kt4WCwhYK8yFx/hvm4bvKdGkrRf+Dkr0kNagFIZots7k5U0jzhY0ZBl7fRzIBWQQqK2yiw/HA+HZcuaWyqOzMzmlrnlGM6sbU4S47D4MlRLH86HzFnMcHN4ZhaTc2NO05DBnDr/Z+ZYwszmtrLopvS0uqxbRJhHsjg1tVrHSU1UgUP6y6pJZbTVGItKJ1kaG/ExpW7EEhTG4XDzCOk5a27r5gYfS7iXkbk5BuAjvExqsHR/Hk+3+yFG6B4GWMxtrtrLNWvEEh5ZjGXJbauayxgS8c/ctjlv7l75iG2rqPIl5jYrczksiLBEjNjWOYxVwAhX1EClKFUHTGjKYXHaum1CyGpLc6+a4MQYRqxXTWOoov3wmx8+f/rjn376cnd3l8Y4nH/48OP952/3j+u2Xt68+3D78ua//udPl8ss1L/87/5X/8//+//t6/29xfHhcX3z3fL6/bv7L9/C/e7u7s9//NObVy8/vL1Zr/70eHn/7vb+4f7u9vTm7ev/8p+vf/7TR8IeHi5gnW5OB3LOuj48vPjxw8PhUMz14d59nI6nh/uvx9MxLW7vbmmWycPpsM3Hx8enN2+/uz5ej8fjpy8/Hc+nm/N5Gf7HP/z+dL59/frVdrnCcHP74uvXb3Obs3A+v4jwp8fLw8NjbWU2Mq/mtmZeLg/bslzXJeIIQNO4zIpMiz6x5PY3jxHqk1FKhOzsZtDbmAfQgjRUTvNhIgGSjWIDYZ1DqZqinMadyAfCRjFlXqIZpQtWAB9L4QqAqWKD+nYVCmT4gpa9tI2rUqB5ug+pJoTXKtqjqxozt9BP2oMuVGpyZ81EqbHEsjYfZ50ewXaU9ilEFW17ReVhYHiwxRgCjJysiCHVtFQQ2VYztF5EYUbM4ZK+WTdZDhRtV2a0sgFNEaDBN7F6VqVBB/q12dydkvJajORQ4bXncmoCgHuw9uuVaeHVchE39qhKN6Pnc1nRj0r9UscIimNoJjoQgGyV1boDuAsAoBSOVqRbqPdSNHvP7lTEgFuH46l+sH0R2WzVTssZOq5JYHJVZgsSIO5X9YaQZY1ikbHabGjiCZ/hWdTov2hyWJerszLCVTQoQ9M1VFM65mpPHsgabnRFzkunTqLMWg7doU6N2e+1j55ppfzNBYLuuvt3LVQD912gJS3hQ7WEWj3r6H2nyeqnstBZm8FsWgtqDD26wUzKk51sUeXrhlIYqFaGNSrcTS2LCCdTfYjsi2QpFUv2F/XmevpGZFXgGfkWRs6ud0B28O9u92C1/qvV7Eo/kbKj9VQEdgZGtIFGHBTMS0Psu9sXEKHvoG5bC57PwCrZ7VEHinQWlWRIzQlCjlKqo+vGpgmH5/bZTFGzrXraSTrir4LEdE91M9N7yAQMiNwQNtFaup0F2cEW4R2mEfdQT6d17MS2Q8a5051K0NfZ1aImh9FaaImd0qtKrZ3qzVXFRCdgVTELsGpvgeg/PUSg+Z8+mDXmg04qgz1sPzGzUAnQMytTQiHMzKqkIbdU9cJKh3scABQqp2ZUIeBMFizcTEI8s0wtFLd2tdiwg05Wdwwf5UBPHxQnG+BUv7jjmpFVtSVQuxpSQLSUBcJnSaBmsuhlcq14WNWkfDNTV0VgT3Exl9QrS66pXqYm7kLYCUaYeeW0nTW2COZUCQuraJ19tT7DrIqlSVjWxIAgsZQvRJaFnUU1w67yYMNf1p0HqU5TtmljaTBU7QvEAfcxOkjfEW6ZAt+YNVEptE8VOQ2WiZzGgeKslbCQhTA5M71BsTLzJCphmjBjYSBzmvjwMBpY6lIRMSzCwpmlhEcYuU0mc64RIfU5gFjcZeIiObOICINbsuC2xAJKvRNwH4dhAbLGMnJOrlOgClqB5WbuBxiRMy08xqj96AiXfL9krtMGqUymHU4nFD08RsxZxDRTSqx5DHhkFTJhltss8jCW69PjnBsqmVuEW4n7pHu47l19wcazfBwWGrExjMtYaFZZHCovYI2i0enhY8Shx35nwuhuNXsKuJLLs3IijXDz/QawIrHNygwz1jQz8yHCd26a8ls9B9SMkHfCLbyyUtPHDkOT11qAa+Y+IHJtbhExDoe8XoFa1xnhESOz3BlmM6e7zayceQhhq5po5ua8rNdlnIYh59QcD3ZRxbldWelmWbOIyvId1NbEVvflMI4Aq7anp83dRhy/fP3y5euXN+/eXh8uRZ7v7h6/PRp8LMv57u7T54fj6Xzz4qWHnc4vw3JuF4vTzd2b3//T71+++7vrVuu6nW9uj8vhul7HcjCPL98ev95f7m5Pf/rDJzMcz3Y4L+MUNuJyvaxPj9p+c04zX45HcyzL4dWrD18//8Uthtk2t3WdlVWoWJbrNsfhZL6gzA1jOR6Od5Xr9brGiMenh5vjS7fD4/3leD7F4OPl6XQ+vng1zOPLp6+vXr99cffCzB+fruv18vj4kOTdzW09PT1t1zXXbc51BYG08krJfDXmogcUssTbSF3sofaLDlRbYwEDRiXoimJEVaMVLQNo56TEEaCG2MC7B+0082rlHRREAeXC6yDxXe0hmYCZApsJlgeidkxK4BRRIo4k3VY6usAo1x0NIxnGaoFNX9D62WVlPcSzoy1V1Qii3sUIraQQNGO0cMAt5bBVcpAF+5h223V4fFZpKIWsjEr/UJKB6oTWxCRAs1GkMophkPmh3Cv3+59VMgErzk2TWlkqWOXSlEEJVfs84efsdgqg2pUVLumWGYQHKc1cAS1QQiZMYndhQGzuuu0SYQpObdOChryay2zXbVfszzxZDoRCaUoynd2lKnKl1Q1OEMyiwdof0BqfXyY2gPSqNCeZBA3V8f36ap6sFLwsD+SOQlshDSyGQTICQ1n8X/8v/8e9N5PRgKoysVef6AMOrRju0p+7wZPPXRAJIlHJljB2eBCZ4tJLS9Z8z+Cn6reuzvafvPdiKiurqCWARsRZFLurQrL2NqkLRVWd9A4pb3N0l5ddaFszd13Wd4XKxnP2DFD3du80xN/FfotkWLb7srtm1cFhz9p07Zh2r5DMX5rUfkDG3cq+Vy0AunnoKlrPWixNv+OWHsA6HQz7h4Q7XFtM6Rb6WD2wQ3+uC3dXvWz7sAkPpWNHQNFd1nVcU4qitPXV+ke52kgdn2LG9lAEUWP+jMA2MS9sA89Ni5jWLgpNuKVWsWgQ61YBrsXQoQpKXpNkgEi0RE38yf4k9Vi7emdTGaQV2wUkeiR3TwdopSoXKKmb+iSznR5qjmVfwL1ai0B0zm8DrrCY5X/+OP/pt1+/fb2QSM0qMs/MfYy5DV9Yut/LR3gEss0PgHzYwLOcABYxwkZVhYdbzJmZ090lZ2eVwFTJe3o/sqVAmeW18xX98ptGbrBeYuZCppyozZVI/WNuNquqRCKr29KQi52NlKFEwLPD21RHj3B3uQlmsXYDlXoo5amN6G7X6d5zlkHNdDc9H5OAkOaN1sAt3MO8ITPNtGIfv92pqmdFf9Ru2rD/BRCJDPcsps5lKfhgffKpARRRNQL0HZkz9zDDWA6BAVhmZfaMmJnp7ssYEW4R2Gd7VSWIGAs1EMCff46TVVltJQdtBFmdqBVBZRJY44JZaRqH0kTxzggCw8NIs4ixjMNSSp3ZJpLPbYwO5hheBhbckNdpcFsW2FiWxa2lSVkVy2LmmTOzZnEsAWBErNeVWbG4OTwgb3SMBTBupUPBw1lzW1cjYlhV59hmJt3NPZaDh5E1hm/rNIOPETEsLOdWc3Nk5bZdrg49P4U+jb/2QLlAM9tT5ypZZe4xIhoWiojRpxDZsbB9IfRQC/cRi1sEaCxa3x1w7+VrEZDbirAqhB8OR1iAtm2ruY1xGGNUE0A1RsBjW1eD+4g4HNbL6j5umY0wowAAIABJREFUbu5qphmOx9vr9QLWcjwWCVjVqvEL69PX5XjyCM4JuEfMWh0eYXOulUkqVpgAOMtobl4Fwk+HIyuOx8P1es05zfx4WGjx/ocfh/unn/50Pp/fvXv/9fOnm/Ph5d3t4suW8/L4+PbNm7sXLz7++Y+Xh89PT/mbv/3vjgf79PMfltPd9z/+5ng4PDxe3717/atffffnP3384Vff/+Gffmdj/OZvPpzOx4fHy8O3+/W65XatfPr08x8fvn5cFt/WK6siAuCsurt7Y3F8uv/CIsyX083t7e22Xh++3Z9vzsw8HA9kLcMrJ5UmTJ5Pt7ldQS7jCPOsqprLcoR75qyay3Ig8+nxgYXj8fy4zlmYE1va4TBubu5uz+cl/PXdePdq3t1OcktsrJlVLXCECYXGbucTcBCuePjSJSpMCVDEMcyCVK+oKwsQvUn2nHnDjgSrSKqsWVk7TbiX3Gjg32Buw8zDgw35O8zdQpndJDq+QreXLlfrLHk2D2+tvTCTVr56KFMfhbtHQV9652efVZjWF5z1qFyVNew0TZHS6JtOhKtH6IDsIaF9ZZZu5vZMShjRv0g1Lq2rjq7MSj2S6e+ovnN/TqzW/9RDcmOVW0SIeQgNFFM9UkByNsMh3NH7VFd4KMylwgco3HtvMJokMZQhYCjOvoEN1m/B9msuGp8UVMeAfAjGfahC/0GhQuIzVDA06m9VVv3wd0sp9jZMRSzc4FFNJairCAjMQusddnjXdhVCFguWex3N5pHMurg2GjS1ASCGt9KjHCpfvERPVIMlbCun0EKJbQpV7i4cC4SSMdCjADox0cjsWgvpOqT7f+5qYH2o0in9/PUdgHulQmz26pzJrsUUJli149NFCPjcEfCmaxTLmepgVHSgAC9KPS4+gYCy0q1203RfLhr8nVAPaD2wuhUaGqXbhVbR3LXAunHXxunkvpZztW9GUpZnX4C2YAu/GsR0d8o7rF1nYw/UqT2E210xNSJudluDK4VWPIP8R/1y2ClGrcvv6sbUeHk7yvcRfTq5lIAUe7qUdSpLV9Ptd6l8Ntj0gleaFJ57IHXPO8C/L0mY735bJDRusBuJKhTMIuyZfdOu0fM0ZbtQaX3p5uXee2bP5tmrWsPu33AzWjwXCiIUeueARAVHXwCtRCru8xPUrAAu6MUhmUjtPmMrGAruRpkWNO4hc9vWOTfj0HUCMrDQkl5MKKapp4PtofoqaZmaQs5iLyrWBMsCkFWmNqjGYs7rOjMdUe5gZSYh5TYKCrKkxtFH6CP7zK1Sx0eDSyNcw3EM9BCVapVVmd3eagAWRFuXhT2X1G6h3AXs27JxEmE8ACjOTOPpjMnaNCJKU3kaSgJ8h2ta3rafExqdi/34be1ov5oi3OjysZn1S+yQiaK0i4qXSkMYwzyMNnMFmLZFBCuKFMyrcVkjIg37uB3l7njQcq5kReBwOrvRw7bcCjVCc3d0I8KCmZMpfkO3lxcZYZZysO7e39I4ZnoTGYke2IcCKjNGYARA5TL31S0eTmdS+RQ0PRxVbgPkNhOVTlQhzOBWSZNe3kXlZ66T7pp6kVuWbe4eFsquGTCz2NYLqvxwaCVCbus6MbNk5t+FngUbw3PqzjKLoUY6zOJ02OaaWU6wMsZA2BijMue6ojYbTSUCyDlrnaxpMLNAZVi4LUAVUtW4x5hMq1k5BQwJWChW+BDIyawJznX1saiQkZEAhFfKMJAzYKWFkoXaLpqqByi3UJggw62KmWmZPXCPtdUMiR7NxrIQvq5rFVmbWYxl6FTI2txxiBsez+Y2s4g047Zd3cyXo2tgnzEkNEaN5eDANqewk2UsM1eY8t+VIl1gBZxZSVtGkK0PTMxtvcIOKI2Wr8xZGDnry89/mbkex+uny7xc1tfv3j49XW/uXh3hf/nTTz/++ng63zCWbw+XF69eLkv8+jd/9+/+7b+N05fbFzev37x5uP/9y5d3x8M4Hw/r5en29uanP/388ecPdy9OPvD4NLfalsM4nYeBM9dtXVnmw8z9ellh/Pb147LczcTt+QSz7XJ5+eHt47fpxmVEHo7rdT2ew8O39bpdHw/LDcOeHq/H0+1pORVrzry5vcm5ms3TWLbK5XBaYsz5NK/bvfjkcXh5d3P67rtt5ro+KTJo27bL1VO6DXO5mBoFZ1VhmLs7weJmFiSqJhM77mnQvEGi73ruJxrAmjqzzAbgsKz6xeG6l69MoJiOIl3yG71fUwyCSVcAp8v8GdH8J1i04YZkJSTv6QkGKFO7q3vdFO68yxG62KJ0w53KLO8BmJ1zQ++UNPOsKSmJUrAExZsvVpNdO5mKrnZdujTyVpJom2clwOGDO9RvbjX12Njwps7w9peVPqvTiOaEzaLl6Gjlqb6v8FphgyPCd2uF1Cs7HDxl6iMsOaEc7efZXtLk6yoJ9fNtwN47GlOCiZ7YX02wFBvQfZaOvI47NYMybKoms1URHfOoQpXlNDknDLmDDr1DKWCIMNM1IHwWgMswa8JT9pCfzuYB2totL2mDk8XkbinXB9HICOmFhYy2D1OKeaPGYbi1tEQ9kbT4wh+hSrnUoXWbqUTx1pmBmLM8TMkMYL+XQoIlOy5IykkqATQkj2FBGn3jrB2NlpSuf5TiGoRiAqW3Lq5W3at1nSBomIHR8G/r6VVMeKdG0qTnAXdkGHtNviOvkNIGzUV0HjzYYOm+p6gNqHrfuyiRJmsvXNUIddXiHlkpVDks+t5SfFYzO1JD02AOpPTkcBBhiqGYkjuAPVuOTZ8QXVrJo8FuarWaFL+qr+T7Z9Uf1fYxZY0B+/AvBfnDxA+0y1s1ubG8nPtgA0jD+2w5Yph0WAo50zFnJTS2SZx+uWk2DCSmFG9lJJUkDC+QpcTQHd6gBY0bocyxbndl1vKy6nqzshJFGwspsNMdLlmgmRk0Zb2LWjNFyFv/IgsjW2OSNN8D3tjqSvGyKd5SL7z5lmkY8bzqWOt23WaGj2U5ql3IdbIqwnJDA5csQLZA/e80M1iM8DSrmuYeiEq26gwcWFwiZuVEbUxIwqTupmIsMYabudk2V++wVUXzoIQ7OM18KA1C3AY1VgGCumXTqEwk3czCixktMEe4IxFGQaowwJ2lUN1dWaNjs2eQd2NnMosD1ikszCSqfJiHIEygyKxn7D4rjR5LMKmjUOWXXFiUTl4zE6jxHUbfGb/OCCAL7JsLe58eUFPnzEKExThQbpAIErIM5+wzXJ/LsmjljTSwKnOu5sOHWfkYnlvN6+rmVTk3DB+6F3wIUhiWkqswGiwDgZzZlCZrVuVMohTGb0pjs0iNu1IOiJh1ELARIyxQ8AmMIVlXJR2oyfYYm1loCKqZacykTnWGB61DhkAux0NEPHfGHpZzRW0ei4+lcpYCiKrGcdnmrMoAUBjLiDHGGDU3DeqGYW51va4R7vQ56ePgmMg27RSnBhTEWEqiIo9wW4sw97HArIzuhxFRJTkqMmfNdN9cYiYwM21nUM08IliVoC2BsuU43E2craphtwgfJqnvsnPcBc0PtkGzhtxotYe1qmzaA0kMJkVeMCvdY4xl3ea2bR5hsRgIIrcc8neR63qZ27YclpxVnLlty+FMVNXEyuPN3czMJrcNsKyKEeScuQ4uYFaVcdtrC8oAo1gBxBDoaz1usemgGMu8XLL4/ocP27p+/fSn4/Hwm7/7uy+fvh1vju+//+Gf/vPvacPMLte5rfNwRtFiOUTEnOv73/z93/7dP//4+eP18rCud+ebw7Zur16+/PnF/VjGi7u7n/789fFpvX1x83D/uF633PKf/uc/fPrpK3MeDwu5rmvMxGCYL0OByfB3739cLw/X9TqOS8F9WeJws5xvfclPnz7fHg7Lcliv2K48n5fC4eX7l98+f4nlkFU+Fh9jOSyXNd++e4vLenN+cb67uSn79OkTUMX11c2rbb3MGDnn08O3bVsPw2KEuyeqUKO1ggXzJItpYBlSNh6CSBWAScRQoGQTwgIWSCgYRNAx2YJW86SGk1SZqREe8vLJESyFbAn50bWNckYpsRoLi7Y4FKLpMpMEpCt0U5K6RPniJjzaMwaWewDMKg/fLbqonM2l17PqdxckqDwHDcHSYABhl6FFyMaLBdga4W1dIPtu18XtZrAkgJRglqbaNsomMqk7rvFas3QP0FwPZf8BJOF77EwWzRWC1uK3HaAE4COG2RAoXDktUuNzUOqppCNo9r7jR0UvCKt+xpCIMis6pWo16EpTHWSC44yQjFoeXN0N5tBoKwHRAYDV9Y7sloJ5ASYVUQ22fxfcEypVUBAsM6tOzbZWFqlx6MHN+vOhUVPWqmlB7ukeMGOPAtuVaBJwWxqMCN8v1EJ512Yq92yYRt10edtBE7oq5SZpNyp7VgL3aCHua3ivcYXv9PAFGSlUJ+l8LmFXYlHbWcU9P6RR/k4UbUV+0yhuQWVHquJv0QiwL2UF1rLYOFIrmarl0kjfOQlDz/EF9v6hwe3dBGlBsP80AMhLGb+g0yqZm1sijfGL2df3rwIL1/jPJtLsFwbAtMuMVkGSnI2nG2WZBaEsCmHriBZI6LUNsd900FhTmmlatFQFiYYIJeNTrVpqhc2eAQ1oVbo3H8aebytfi2wz1k0irJr7yEbk9YmNexHMnZnTAi+gel3uJunMMphbyHRvcEPuds99bQgVUbPcMvvKTEUSg5VgU4ncz1IlAbhF0ze2syJ7AlD3cI0zhw/AaLNqVk94iGjoWMsURbWQBXjuKNAvU49bAiX2RJC5FVRpCzIsFjPnnHMs43A4XJ42ohLK9tjIMjIiWF4mYqmxUolsilasrBlzSPZfUEbEAnOgwuHu5qOQOWtZpELZX40ZUZNc88qy4YsFylCzyjI6OyalaXe3OYuViOHm5tBI5JwCKnpCISnYuOa2RngMl6yrM3nMvGxKwC/riOaDOHb9JPicKQa6mY9BZmEqEU1eJTQ21oNmm5cWs/UcUEFEDNhQ39dWe6ccHqoCpSg3ePhAFbTFSO7TT54bXU0iziyC4WLRJDIp6GKkTChVzNpt/5a5bRvG4oWerw7LKguPw7GqUKjUuxLPQnevglmMxbd1q6yeYqbGPWCGmu250qFr0RmaVbkcFrZBqEARDU5qgBoD5sMJethcq2kZ95IG0ixZgMWyIFk5RzRAaMPmLBjGcii9H7fKmmv2eLW8VqbHIdndV3hsNSnRmvm8XiIYvhQ4ty3nZobcOJbFzcay2BDYSDcTqMHr6jAb4e5z8zJlXluxWFYsecgzN7JHR9iOtgnZd1s0TLEIH6MdkGTo/utbY6TcLcLs9ssszHyMrFnbFNwkFlhGxIKsG6a6H9KziUWPETGqcm4TtoyxSHVagcu29pngcCALVTgezjO3yQKwrTNznsZpzty2qXSsrIwxWOketa0aEnc6HNYnABzLkmReH3PmnLNyhsHNi7KOyNe2B0AzxM9WlnvMpJu7h0fIbfb4+OXbl093b96/ePnqerne3t2s1/z08duvfvM3Fvybv/3hsPjHP/+0XurN2/c3p9svHz9ef/j12+9/eLw+fPrLT3OLgD/eX/7jf/rt49P2D//w7u3bO7fl9cu7zPr487eqPN+OWdvPP/9UlU9Pa8RYDli3muXwGMcjicenhx9+/M23z7hs13Xdvnz+apaH02lus7gdRhzH8fb0crHl549/mXOuc76/vbuM5brO0/l8d3d7/3T//u47MJ7uH8r928OX67z+6jd/77F8/vJlXfPp8vDt69fx7St8vHj10h7teIjz+Xg6B/FQSJ3PkupWNW04c7KnDlGQtnmYmcp8GTSZtRs/mwUXrUiFM5qGnOsKCu/VakoeQ3EPTNDV0n+R3M9/D1gfGbBo3UbIMEvfoeedSZdnOaSjBuAxAM3XZGUPKVfxppNOBZbKJKGZTYMLB5VoWnoV06dqjiL3DVJQu6tj+bloL+kYdVY7rDRfBVYpwWEhiOfwUGGj8ss2XAaCZbUrnI3exlsBrU6HGTF1B7k5qpPohcsnNwO8DrabLsWqundRJbxTdCtYbtGWP7lbu6a2nQ6SGNT2ENA+aISzFmrImqzzuYpwcEpIAbNdtCBZBkTysNPkLNQDNh1N6Df12zGzcHeZoeBSAMMjvGUwaj1Uu+uikII2KHE93VocKztVyi7lrQQyM0O5KBetJgAjq9R4oXoGGxue1/4oWhUniNpHA/R3k6O0EdOeu7gPCrXMlJ5GUwqk6mqBXc9dbGRth7D1ByRsrd49eF74/SwBhMKBTCGd1pwEzHv4brElWWwUcTdQ4/mFiNJocMwqSa9ebph68yrTvRuOdBPbxcbq9cEKpjbKTIWKolsgTBUOQhkm0tDsjgBKluDuLCa8kMIlwdLX6D0mpoH6JeVuWtMBvXiWDQPhMdoAsVf38KE+S2E4hux9YL88TAGBVMC71Ehu1sgm/Hm3thpPXgLu70x1C3cswUQk6PxzoEx9o45BtYIC6hT8ZAATDDFfQCspHcoNQDd/ylFDpY4nWMdimgeKz7wn2KzFrG1vucoVHF4pK6rtrTX6I1qHZbHrfnS71tEDfbZ3n9lMiFmU7YZCiIYyj8WqYAKZqzetx/l4OC0LcKmqbZtVlZVzZtXUOg0LQVBoPS91NBVZRMQYcZiTGzd3cx9unSC2LAc9dCG1pfRjpNHgzkrNsIuQN0neM1uOy0xnqiwpSJ9vI2xgjHCrPZ9+uAuOigEEcpZHMFmZEjLtxpJyuAo37CLaKoZZVprVsiyEzZnNdnu25BYRmsWTMF1hIkHcwlAt/UfbDNoo1VUZ3NwXZYCRfTkZx07gqlWmka7jKs1gir4SA1hbxjEgIzNEBWo/HqMpSgN1uId5DFM9uhqT6iASc05eLm5jWQ4GFmtOTRADMzMr3LY1PcLH2Dl4lkaN9Z1KEJOTZh6DVTGUngHDEExBGfVgzMxZmRWjW4Y5S7NvyEJ0cmwmWGVOd2ZukIowvBFKs7KMfWaOc3h3eUsVx/FoAGa128Yx17Xm9DHoBk6jD4uam8S7KAPLCMOARU0ZKnE4HEjftmslLYKZ6+VbzWm+DHeakKeqTHl3ZTDR/zOmgblNGAOQBC/XNcZihhGjmO4eY1CFesumI2vraWHKlIApL79qNptBHxFh7mYaqaYrn9z59GybXWM5il4EsqZZCLeacxK1LEfS3Ma6XftELxV12QmJoA2HO6dVapGqXJhzXc0sYuQ2CY6wdWZWAj6WEVKnwJRSYmbLYTFnROS6drYahbAQ1ePhUXKfWedYuG85D8ej4Mbz3ctt2x4+/vzy5YtXb94Zxu9/97tXL25Y9t33P7z/8OG//tM/Zs7Decn79e7lG2YcbxZyW+d2e/t6LOdXr87vv3tlFTc3N+fbm69ffv7jHz7eno+/+tUHz0TYd9+/+fiXTw/fvr7/7vUf/zHAPB4O9w/f7l7cnrO+fXs8jsNxGeZ2fbz38NP5+PCtaDXcnx6/xTlOhxcP99dDLIdhP/3ld+NAIt391d3t5fH+9nw22NN6mduY22WJ43q53l/vX77+cHPz4tv91z/8/rc3L968efPu6fq4lb18/c7Jx8slJ+EjWU/Xx8vliIpcZ/mT2TRapqSkZpbmQeSkYU6tRO8R48qxqZpGOFLJxH0iZZGV5rbjyppSB0XTtK4bsD1kAgoaZ5oxK6XEzslwryI8w41VMQzwmtNgs5W4ZkSEbzlRtJAE222n9UqIvcKiJBsJmiOzWunbFWxrUrALhAmCkwhls6HKBaGZ1IlJ0oBizUp2Q2DeVkdn0UqZ996CRvVMBu0+Nw2k3+HpIsz32XxtbMgOy5fYhVVb3/UQU1MKVkXLmq2KitjDLsgRTNCDl6R3YPumdvHMXgZ2B2LtStA2b8rZ3bycYUGpK/taL1jHffcJb2YtxDcaplSYaszEVJgli7rWDUR6Q+RqTn4RmbTWsM/n6BuPJIjhyisLG60Vb9Kpr76wkFgZkG7XJD6Wsrx6FgEauyalQ7EO8m94bbBntpKhr1QEq+ZOiGiCaV/ABNukvL9kgGQaXcaXVnOpUu44J+wMA6t3HMDukktfVZJeGZa1okXwhlqMKlmTtawIshRGajsoq38u1dYph0e/b9Vp+1d2c0uF33R1R0nRCs2vIxQDyKAknsKVCinqo3FmoGVWLAoMNrQYDTv0X2UdL9XPACScpuatxEb0GRRmezENlwzNLciSLlrtAWXLJHbJPUk6SQXr0ronJHbSUn+0CTGXih0GlFs0ku9etOGum9l3h4Cep9qZMjBLQIF01bbnOXkbOqg2udkQgJoD3WhHGaEsA4It099HooC7QQMzq0eM7eOL6M8zGulNtXaHKnZ+EcRfu5apZDHzaBGiCMC98Kxdijeis6uETNNVTUpPp7NA21zPMZGgsqJ7NK8VikkFEYA9CF48J4lwXxbX6DBRI8xn5Iiz0sFZUyN13bzjzAwGZOefLt15KUoIUWDVFRZeoVOpanMLj3gGj1CSzSCGjTgK6Ukv72XInHOIGjIStW1XFs1HVVXOOdPcEFGzGkwQ2AwTT00SKRVpF0kzkzM9QtSR674zunUb2PRuwOGVZW7V0Ulwj9ij0PSh4ECFThn3aHdcCyIblwJ0+XR7sKMZbNpPdCWNnkyGK7kblik7n4dUXxJYCubRsi41/HNOHcI66SwOIiDYexmVxW3CgrXmHG5LcQ8PqqxK6yrUqpLTlDMoBBfW/b8i81NjAbaKZTRfpxmQEguZxRimtrl4WIYNr3YL6ydAEAzQvAFg7kNJzx4RISwGJDBpVNg4q5jMdVbEmDnhbjOtbCwHmEdokv30cF+OE6hZR6X+w8yRc26XrdWEDDNbllHFMcKI7XqpzBgDZltuKrKFXBvEA+2w/36KuaPm1pCN4JR9fnBApmTOuSr+b5tzZi4xItzglcUseJmFj2YkUXCPTihAGcLN19xmpk5J2j5JFUoE3ZS4W6lLqmeaWJhGgaqkCR+AM+d63QgOPwDm4ev1CWSEb1mxjCIvT49zbmZ2OBxm6ag29zgsx/W60jnG0vhy5TiMnKFBwh6+zTW8s/4qV1WYBfWfkjhr9h92gs6Fi1EKbs3UI7NyLEfnHAazuP92Wdd5PI6b27uZ9sOvf/Xuw/v/9//4bz5//Ondu7fv3799/e7Nf/z3/+7x/pJvr0v4P/sXf39dH//w2z+8evPdu3fva/LV67tvD9e//Pnz6zcvXr8um8yHSyzhw5++rLldn54ej4fx6tWrx4fH8Mis6HvCfSws3j98NVRyhi/mvoxDZiLCxyE5acs4Hq5Pj2/f/nA639Xc3rx9t67b1y9fPJakvXzz/dOVJO4fH+5evDmeb5abW8LGctzmWjPfvH/3+tWbp8vT+TrNbcRyf//p6fHz9WqZMTODk9jcATosVCQkJkgnihVaPpmwsSsLGqKp9ola7VHqQvFFIMcuddVsyZ2xo0ne6RIDZWUaCEcn0YBJAhyUI7asaXVCEKHDy8KjcpKcuUW4W2v6G3jKnhMKIzKTm2OYY9Z0M6tQaJuLVajqIDJWny3O3DPNSZM9glXF1MTZqmwPQNEjgFCNpEqNTbtDmg8bXnOygz2eC1fs0cYiT7xPLxhpiRTzUrtzIdwBd3rhGT2VyrxEUVNFIdhZJULtGpNrNQCw5/5Bda5gawUcCftJs6BVgtLPwcZeLu5YrxtgVdMj9lOMgMt91Xf2DmRBXQGgZk/dV6uMPanZoLpvGkZHwA2dL1Sc1oqMClvCD0pOB2hhlamiJvdcUXHdpA2PKmEQ6tzKG8wUzaSzxM2HDhW1pQCG3roZqmRipJopgWMdQLk3W4BlYq+da1elAR3TsZMgndkiHF2vuX4xG2jBwBquoSrpforWwhPTqW1mZO5umEaFTeg8J9mGASNTP86cxqwJd6I6KkYrXkU6LIQQieOQRsZ2sTk6BFx8QLUAS3TXTkV386C4G4MZmzoTDi1Y3PqjdcHaCYHWQKbIjg6dMhstWnPXrw9NyPL/RdeDnWgAOhUDPRXCevaDPpyqVGOh0Ebbsc85obdOzhW953sr0VId3YZKIZDuhQTTGIAuMWtYg1JYWVaKliibrc/666KEJVwqWVZNkULKKpQlFXUiBaKEAG0wUvyyQ4o3/cr++rMpOVUV1GmqRlSiFmofwqgR1+o8RXEi3LhvAJLKFlCiE7vHozENZlTESlULR/qEEK3FdrcUiVCckVmYa0xSDBIrgjECSLWAEh6bKCGj+5AbCcU+vFnbVj4602YyiXLD8CUiZk2S6XSBnzDz0TkRCMfAQtSs1WionFq3mdK5qoyqQwwzL69ZczYOKkDH3YJYYTQo/XPnk7gPDlPtWzWGklj2vm9v3qUfkqehoGkEtD7caG7jMExDeSpbzy9hg2llVZaGt+u16F/lGEM3EvpmZEsEtVN3Vafih7IjMLoTUUVJBytkAkMYlZaM3rCKlSRsUhMDgID3UBsKNTAMaoAU+gRH5bqu5nY+DYsxFb6mnja8qRIic0a4B/ROc+aIkdEMc1ZWznAzQ85KlhsqU8QG8FeL38VXd7xg01zh1JVDhKHMIzTyilV1HMPcnIUKotLTdbmouaFFhEd4RJmbYVncHTPLDbltbkuM4ctSs2DZQ4U12WCdcpLEGDZiznk8n2tu4TGva25bLIuHmyGne4ySyRVetSkkJ8uWsexoHHJukk6YOzyE7YPELBVW1Q2DOwah9EW1ahrJQ912WZksEiOGmyFCHYbtB7uPYeZkAmxcwqQMFIVqCrLLSg3mqi1tmBWmKglzQ2XHKoZFaP+MOGBwbmU9py91vS0e6WaMWTkEeVqMcSzieDivl8eaNLOIwxiHnAWDx1KZrQQwU2w9zXNuRiIC3WGaw9hOgIKN3Y0KM2RWVZ5O59P58PnTR2ZO1k0cXry4OR3iw3cfni7T7LLOdVsvY8RhLOu6vv3w9nw6u8XT49N/+v/9l3/4l/8m1ipnAAAgAElEQVTi9as3H//08+Xb08Phcntz++nj18v1kuCWthxvJi+Hw+GPv//jWA4vXr76+PPl4Sn//Ocvx4N7HIjD7d1Ztqu5lUV6xOcvX+5uXwCDxbu7l0/gerly5vF08+Xy8enyYO4Ry1yvp1cv7y/z8vR4++Iu6+bp8bpueTzHCEvz25vb6/Xx/v7TmzffjdON+TLXwZxP374eiKfr9dv9Q4zl7ft3h7HE+eZwWB4f72dtMayqqsoQ8jlW48L1XLchae6cEG47FS1WADBNieUNh6p/FBCqUlDgcO5jyEnx9QhYqrYyJrmnesgS2RhGVhmMlkXu2R1AiWrWZNyd4W6po+qAkiiiEdkqcxRnbSRzwtRFu0eiKgVqdo1DZmOwO9A7q4YHBdT1BRcaiW3Nm/fHKmLs9FlZqLdvYtq7M5ImfXLXDsnqh4RVFApucIkF3BH7A4WZQpStIWbF9oQyEsTGo+Ft6JAsTimKafq/ZthlSkb9WgUAJeDJ/WmhFDBCVQhee1qrwOX27ILJGuqw2X+vS9vWFcjoKpWqV0fM6EWjmCwEmuNUlEtrMbryLIMHlr0Io3u4j/BFcUOpWAh5IsxppqSKwq40YmvPu0jbi+rWsMCGj+oS+xlkMVbG//n/9H8Q/dFwPgBkge3bJq0xuN1z3C6D6iq3S622gjaxwDJIr2San9bVmAdcPL/tf5pdH6sM1dQ0dKHcAH8TxKGex/biQPtAT1JU2+43FHJKwerqTVWXqo9QVd52zz4yu4/D3hqooaPtKfUNrmht7kos9hQxPaSAh+1xXaYaO4yukroVM9Z0obwR0V9uSDgU4ca2KYbL574TB/3hDbLKtNNfLGLsm6bZKbAK2QRIP66wXVTtFvJXmDsQUp7pJ7pBUhM9aLceiQLJKVQdd9STddtGFXPqK6u1Qeo/mETCrFDt/oVSlKSQNPFgmsKYc0qXJVlhUyrWFBD6XHnuts1MxAb3I4ByUuqv6FHAUDVhZR6O4abwJW+5CPksWDKntWCKMlnoZO/Uml1KXCU03lo4qePGzMP2VdjBlnP61wf+8Y8Pn75cty1zMrPcvKYS/Khsk5LhxbzJwAj10W3YcJpH+GJuEdE0YcQyFoVgBgL2LMijDJd6jDOzWdiZrJR2XHs5K5MZI8xtnzxeprx/0L0EK8xMRf1oixkUXF1mPkY0VQdDlYeBQDVFQNDDQUaEBOm72SPcg7IqpOaeGMxadKfeSmC1Wb8HQlomin8C3IeuwaGZTb0Ye9EZlBbQLa41yETdmOpM3MI8tG6sT1vrv0wDrSojQgEvNCVs9C3NbijU+5RS8Jdx6HjtPtLZNgndjsCI4dGN+UyN+mUHvhZAxFhqVoHDQ3eSwX2R3LTxRTMUi8QyFh+KISVlxNb8xmLNrarcB0SHudes3Ga/FH0JDYZSTLZbxFCnd1gOMQ5TPTByXTfIINN8ZasTc1ZN9QvwGHCPMY7Hg0dkpWXlupr5cjwTnOsmtQ91xM+smYqbIDJa5AiDZ87uMNm5hSjklDQrfsHe1Eh7KDpDMJXSRX0XYDDp7odxSDLnZJXb8HgOSInqLLXWxz4XP6ZM6VJj6O5DijjlOHHvuYW6wsN9Mc09aLUsWDidToBFjKxsYZXFnGnkGNGwGljF5XCEmRNjHEiXxNxikBhjwCzXjIhMZXEl9Qg4Wz5dMEeSGkcgplr9AJMRSyEjzGJ5eniIGHOtv/mH//Z8c/43/6//x/vvf/Puu7/JWT7wu3/87Yh49+OPH396yMovn7/evjhm5dOljucXJNfczOOnnz6/fff65auXmeYxPnz3Jrft3buXh+OYVZy1XVdYPT18/vjn318vl/PNnccyt9y29XA85TbNcDwfho/vf/jN9eHbcRkvX73M4rIccuaa27ZtHhh+MPe5PoF89er1Tz99ur290SZlb7qszNev393c3G2Xh/uHp+Px9nxzuxyO2+Xp08dPl4eHL59/Wtdrcq7bKiaS8+mH78a7D+m4Fjed7zqCyEkWOLVTYISDVPItCzU3QY2y85Iy9aZio7sQtw6p7PprrzmoS7tYxcxKWrYKpVMWKSUxBJI2PdVHSWUpnKErse4wJHsUZMh+JqSY6pxTROnMTYGlHeHngCslhlro1iqN5qyTudPX1TdrAz79rRsKgjiHDhabqVY8dL9o+3TqCyi+45fmASaVATVnAIbnkQZstPQXIx9lJJPDamd+5Rfj7vVq3Ed9S1bV/kD7pNa9CLCvWRNrJjaOxo7m1Iieboikj7L94wA0WQHZ+YOGoiUEwVhhn8cmOBKVOsFsr0r17/vRWnKySEc3lF2r6v4QtePuETbCFrPhNkyJieZqIQzD3YslFKcUK1570yEjExTmHKqTwsPCd/EHBVrr48b/8D/879n3FFhJ6n0JkzS0pofV5S9TKeaqnkm99P1lsP3yYNs1uogzFZt72yYtSE+Ja5hc/9+uUdcZqpXhPX/BZVfVZ2WHhsg4bO0F7HpeefwRFoZdwiXcsKVQRDsRJFKyvYPfaQgAUCpf/zqJ1B2uN6FuhfuO8Ga193bFu+lwU3lt+0rVFvb+/KDHEMxsaNhTgL6uGhP+3WU8wsL79+j+VeUpy3qfDWjQUnVFqUwXDYCmS6w/jv6Lqs3n06rvEuy9Q/977oFY3PeU7Y2T1OSNYVBciJNWluTc/33q26jjViNOY6ALfWKPmdJRo6/zV5uS7OxXAu4hu0JzLHBXsVjWtJYMFXqLTHMbNnp2AvQIQ6WtAW7DwwJ7eM1ONrkeFfYFoSPF+o38FdpTz+vK3MKjyCTWlZ8+rb/7w8PHj4/btWYqqZ9zzm2uINwHNXtYh6PyfUEQuSWsLSJa4axf1u8SEWP0DC8yM/t8MZIVYyCaphC9Y+7jcPBQZbmbJJ1uVjNzm1bKIU2wNAhH4sUxhjJVuCb2ellop8Hnlky26YTFTMXWE5TyRCbFmgVAcc89/zyzY/SUZoXWKpJlpUm05j3m21xGWBtVWVZuHnEoa7+QjqERS7vc+o2gD5a93y+yvcx6e6La1IjvHI6bmYUZRgwAFjphJSMxhSO1soxmirtC0bjrTJyAm0UH4KiOdlaZmwf6hGCLfIjWM0W4IkoEfke4KgX0ueDP2QaCUUaEbBeVKUJpjCWkUF8n2tduvgwdJpXTCtrWYpJBhLmaAOu6gzA/LIuFIm1GgREuwsFgs+ayLGo713Ud5mMoxwwiEWrmnLWMAWbNOp7P1JDjLcNJL3Mgi5UePpYRbrltZmClABWQ7lbM8CF20Jw6uQAyueXcMRqL8PCo4ljGcjgqXxXG8PB+1t74A6AHnjLfw6p2FWqzPUUW9sIDO/AUY7g7LGIMpaC4h4IO1bbGGB4BazUIK90tliBtWY4On9umWLesGuAyPFlmiIj1+hQRYyyVk8U1p8EjfM7tcDrV3HKbyzK2dV3GIJlzA2mczA071Y2qHpwSC/ryxWE5mkeM5XQ6r9enzJpZc1tvzkc3/7t/8d/+42//53/8T//T3/z9f/O//t/8b79+/Pjb//pfHr49vH77Ogs//+Xzr/7mh8r5+HD/+Ph4c3c3Tqc//vGPxfz7f/4vaLEsi7mdT+fjYbm7ObovuW5v39zd3S0s/Mf/8E+Z23p93Nb7yu3199/dvHizPl236/VwOj9eLj7Gq1evtuv88Td/93h/f326n1mTePX6FWCxLJU4nU9Zdjgev339nKwXr94eb15s1zUrt8nD8RhjgLZt6+F4fvf2QxJZdRjHb1+/bJnv3n843d4RWM43bz78cDzdbjMTdb1ezkd//xqvX18PY5alLgFm0SqzgfBUqVBdv0516InMKlTPDWidSyrrQsV93zXNWlUxlfsiWBQw9aLJSZSqNogeb0lk7SBfmVvONLOq3h3V0uT9vqvdqkdNvNVBqaujHSH6T9yne7l7ZXbB1JJJQiGEKogbqsduv+xKTKZYgAVFwSQloTVv9TJ6lmhWKyxpeowqDZEznw9i6t7HPomI3eubmRyE/acgsBRZU09A8XH6iMqWFL7cREMD8ho7oBK3Gg5vpKblmbrNe+z6XpIWOgBS+L3hr0+CRumzQLfMdAPh3LsayN0tO3Wj3DpQtCQMzYjsqIYbC4mpYpGNV6piNDMOHwAcHnaQJ0GlbCdEQ1eQ7B6lBocKErXmpFqxY8PacrzX3VTn1mawrnKNYzJDaGYHnqhFI2Dheq4qJoU/KYaWKig7RN+1Jhpn2y0r3dPtsK/uu8Y/2oNr+k97+LekTQKjXd0hpPb2MvgwkepeTLaai4Ju+8d2up++9i9yFJhxr3u7E+zXq7KmizxCDmaqvuh3VzvavP8MVy3acrm9AbXnbSRR2r74vHfmsw/B9q7PpN3opyxPK71tD+pR9+UIs9EAD8xVBzuEu6pVpXRe/VrYLWwAcqR4f0CR+GgNXWkume9f1I3Wbn11/0avNphTjYBo9KIyDwrQUMTeigBZXpZos7TQtSk2gb887dJ/0yBlL5mnUUVZ8oUm7FhHO/MKKfe8AR24pBl+sGK6LMiK5pIroyjsv1caoK6DZh17KhZW5lPQSVruOlr5P8By9ZM0N0tjq9ZoGTaagDWXz1jYh1iRbbteL481J7i7ypmZc8tVlaVlAgmkkW6BStIyN+/PJyj9lwqpKm0f1DW8dKTAhrk5oqyKZSFbYM6cKGZurKqAYzArZ5riqYczwSwrOugRJNmVDXOymD4Gg3Nutc3c5rNPEx6A1ZSgj20ON9C8WE63Jmq7y7ewtiZCskLr9i+EmtKUO8lUlobE57DG6HUlNaVZzeI8a6hgUueEQB/1zs99mugFpvKFFecwe8eI6gkjfVYCE7YEDJbpZiGbKt3CyhEw5cwoe8FRmXQYR9W2rWvAF7MYB8PImm4ewylLlC4Rs194U4OFWTKLEIrrNivdzc3ntmVOfZeaRePo+TO2tZKfaIdAE7BVjAgQz7y3SUiTOifDoodieg8LtcxMUknDiHAEYDPncjySnDkN/RL2+T9VyGELUIQilWxuiVhCKmpgCYth2yyNUJ01PXw5n2CFzS+P9yiah4XRYm7X1H50UMsdXgoPMZrbVMq+Tr+S0M+epyBrVt2c01S+JQEby/BomVRyZmWoS9lm1abLYDKB8hhm5tIwxLE4IQ+f7j5OeIvftMENFj7MPHMTK+gdDUQmrSWmbmFzZixBaz4zfNDcqnyMmRPhHgM6dN3hPreVOWmBUT6Ovm55Xee2WRFVHlFSDKSCYp3mRQsEOYHmKliwsExNha9t3Q7nW7VNmTzd3J2Pdzenw7eH/HZ/rW199+G70+nm2+fPmet2vc45T6fD9Wm9OS1h8+Xd2fFq2+rp8ULO5bD8/NNPRnz//fvHb48ovnhx+sMffo4Prw/n8fEvX2bm9z+8uLsbb969/Pr168vXb2N5ueHz3YtXr95/d//py3Z6Ot3dfLl//PL54bvvvnvz5vj0+OixFKuSI+IwDk/5RNb5dDyOE3I6/Hi6yXm9//b1cHpxXOJ0e/vl2+V6vb55/fZ08+rh4eF6WbfM0/nWl9rmzLl9+uPvnr58Od7e1rYdTrcvX7wp2ljuc16v5OXy9HTFzEnsgE3t3GAo9IwSU82aoyWyTDXjhUwMt3LJ9Cd3ZXB1bj2yOADFUxb3ahtmZsWt2T6iYJpCYO7WA8NEyAHIcMh7JerLNANbtYWP4YNECce3nlmpYwpmqZYAnDkB+LAmGY1MRVAWI2TzNdh+YxmqBzQJKu1Eva6cq5iuIRSl9CT0VJaOgaPYKfdQGeIdEsPU8d6SUNshEP3v2tNIQYoe9C71SFiVWQNSzqJZakqjVZXisN2SYoNV7XdCN8g2SBUZriL4lzIqq9zCOom8AN+H6apK9u7KdDCTCCezmKzZOm9iD+kglFLtJOClg0fpPtXdyjP8+Rwfh+o8y+r50CjQUU1uSI3mxBCN7TFUeDbeq27suYT3EUQiVc5zdy0J9FNPZ67wQIDGyq5kTUZLshj/+l//q+6tVNOK0VDFwtr5GdFGs8kmyYEaNYd7yMvc1l3CWq7TOLZrRJxYj+cuAM3eszs02xOrsK+M/udd6OvmXpUweSv6SRRKxYV1yiW8+8W9f8OOd9twSNOgTsXQfaSpGwbwHOO0EwP9drRCrCkVwlQWi0WDY/8qOyEoo6/aOuxME1SF9h+2iGie3vckHHNHz6azRt+1eqs969IM9hfFL//wTFtoD6hvVZOhSYH9vLnLmqtJifDO2FRTTNOYGYH36korp55LIlV4NZku27fJ9SLHjwA7of27cMHEpSjzdFfM9RSF2psitpTFgC4pBf31hpNUiGxtnLeMx1WsVzYtnkUP34kUaeF2caNJEd7CsGJ2nK+7a26VDPqW/QUgh4UkbPqwyX6jeoMaS6wQtFbIyWUP+tMlf/60/fnn9f5+blttW1XV3GZS69cAOuA6haljgFJlwF04TMf+jOgzl/TRqa8K5grNnDI3WFbpxM9t0wQvzQeGgVAEtrEqFGI20zXK2iw8KHOC+vw53d2GVyarXNbFEYhecxJQEqVXwUpWhXriZ1Zsp4ladead6AxZFsxUYupgwd7Ou9sezoUqiwgdNg69JQPpMWDPwJP9wrixF5aOMnMPH01eqdYvuU3oIJEFRoyAXOMMuEyrHVtrBbiPpec0ce/BgJZNqX5FgRyhNF2Ivt3xFppbhMMYBsVbKDTHgcxiVpgXn9lHoBqL0pRJXWTWTU1jRr4jEW6QyP75IcAtxrDRS8RIJGllEnURfxVESCM7vESqxcYloliKH9gyoXFysJmbDoeqqsxlLDlZsGVZmhdEwW1ZlgLDHOC2TZK5rbmtXmRW31Ekta5cjLdevRko1asRrDJDD8nZ14O+CIGaGmjYUkO3kAulpQol4YRIRea2CdQ8LAcNaPNYtAC3jjMa+0GjT9ERjRALoRPbADcWl3FklynwcDmL+u25wZx0JV/l3EjEcpSZIyLYL8pZxdKaXua86rCPcWCRqdaMy2HMShQKzLnBwJxmYE3O2bUZBQ2E71RWKHMAfjydMvNyvZr5i1dva1tB+nL34tX79f7zd9/96ld/+8/+/OdPXz5/sojT7ctf/c2v//LzJyLevX97ON2cbm5hUWWn84u377/nxu9//OFv/v7X918fX7x6sRyWz58fRvjxtHz9ev/weGVOyVVmzfPpcLw53n+9f3x4/M1v/u7zxy+P91/fvn9Xxfuv3yTcj7HEcrw8PRzPt2XjfHu3bTPGcrlOj0H44Xg6n2/Wy7UKb99/d//127IcXr5+c7lMTh6O59PpXKjwePnq9fn2RYxlHI53dy+2bYVHzdzWuq5rBFjMuc35dHP0Hz/Em7eXEVcA2rLWcZKYmSr/qorOPiBUytdUSah/odco06qAPdtTW0QhW/NLKdDNrKqYVbCalZlVmtiwixczu45urQsBD9VZEgoCpnRAE1ROIyshtcbUKSpAfZtXIXTP0ACpU6ABudbTQMPvtLfQDYkkFJLuCg1lJqeaiKyanMU2zbToQKoCstijP6QNYSeq7KrdRhPCbeySWu6Erbxq2ZS9ozVsOijsmeI2d52HekQJtcga4oO9U6vStPnm7AW8UUBeP1Bp3Xf1CNtNyGaOOxjQaBZVDQWyJdDWuUR4htQbkvcwoKESDW/ds/xbe5IUWxt6KxIq6eIydqFhbQWG2RDmZD5gunD0HYv4Zf6VGrLai6TnglepaNIReXMIrquCSF1LDTEDtIr//l//q5bpol8njRpmauLCSq6q5h3paMCeCvKxnfpvn2zzKC2BsuiyqzUcqmvFLQusEyXmcHPFK6pLBKzjViR06QKXBaDDdvZPrb2n49u8R2OED+imVHeposZsRzJ3ANJ3ckJ2YVXHLQkw2xkMNm5ge2/SVherHZbv0ldCva68nz0EhLEHNvlzY2S0/fjWbxPd09VwF7/9D13HClZ8/nO+4xBolsWK9IDqIwmGROIb8OxNkETRVfsrsYUFjYcQlaiwMhEBwikbz23ysPvmvQLDzu+Fx17Nazwnm4Yp2/ebvnqbJZWhZj17Aty/t2HvFLuIt13Sp2KnH2H3RmxFsjp4qExAofXtu17KtetU/QvqILW0xO9A4dAt+JZFa18C1MkIwBElsFAdtrmF92uwMPRc9Men+dOnhz//5enrw7quua6bcABmGuga7yQocT9HTRGC5tqDYwTcNXDIgETBYsRRlHEyl7FELEQ7JGZOJlvSUB2GZKHh4TCNQCkaNBy5pDzbZpIpbcvcOpxRJG2yIDDJXeiyECHrWNpEwN108oqg1DRNGTKVCmpuNobBks9mic6OUD+s3kBvop3E6piF+LLPxv4/HW8CG250ebWMbt6uNijeXus+nufDO4mqcpOeO0vnsQVoU6UVzN2gEhNwC5IeER7ZnanRUvqav2q7zQQquO74Fm5VZriGMcs/VzukoEPLQET4WIYqV1k9hLH5YtDRC4sYmoct8RjaO+ggEd4MpkuFpENumHumCm5PVizRwtnKZQx1a6aLTYSP0cYyDiPNUAhlodPCQ18/NBkSBFxjkaUStbAxhgfImjXHcnD33CYnk+VjsbCsjTbDh8FZOXOCHO5S/jGzcstNalqU2IeZhxH+TJr2ASt2plATxIhWmqkvH8MjhlvHgxK0cBsOlpuNECir/hARiq6abhjLoofoEapI1NIjRj0nFTpotDA3jxhmLq3bWI7CFNXGGGBEjBExSh53C/copodDsWMqQiqL8noGU6nZcTwcxeUbrCrHOMw5hajktpnRwTnXytTcCqL+Kp/D1T0CVsRYFner3Ay+HI+3dy++ffmWlafbt7/+2998+/zxcL798P0Pf/rDn3/81YfD+fDxpy/vPrydxcPxNCceH6aZ//Yff//rv/nNy1dv33/4/sOHD+GjyMt148Tlcv3bv/0VsgJ5Pi6//vX3l8enz5/vLQ6Z88vXh8NxuTkfv335/M//m39+eVr/8Ps/mfnrt2/Xp4flcPx2//ji5cvlcL7/9mUsy+tX7wGw6ocff/3529P5fLxc1nfv3r199/7bt6fT6bQcT2P4us0P3//q3Ycfvn398vX+89f7L2Qp+vXp4XI63Xz/468vl3m8ffXmww/f//gr85E5PfDly+eny4O73Z6P797amzdPIy7d9qrkN5P4XZcKSXdLEXS6KbCDZ9ZILZx7LIQOHe6Xf9muHVXtLbMvwZLEKDUOff+bRjPbo/ag0SVK2m7QAYqeaz9V7wh3tFa+WBXhkOGPVZXqkwFoBoh+r6qjBm3Vs5pJxqQuBvsHQpfVSVbmTGblJKUd3cWuoL5mtT/QPZyloZzMSuliG5UGSXpo6p7tbfAzEN1FlobBZCYNpaHJAlgriymtMpuKTxUTWWWC8EkzJKcceqrHekpq+/SsSnNtfO/Vuh1gg+kmFE6PTtaiHaXeSdxGJBt+rx1SjP5sYIssACBMkW7dH6HF1QHu2FULUvxZi9M3XVlEqIJXoUemOd16jmH/crFJOkmaX1eBxPDhFhJdLzF0rfqu2pY3NiWPdAAW//q//1ddXe2cFbrNKTXCqnefZVXsSkmoN3ZwKtQ+t60GtkesQPUKu02Rxqh2hr67Z2kw6OYWBDyaJFU3Ezb07/UFmlmH75ewbr7olWRuJmGNQp9jH77VAT4tirKmBkqodlcKz9SG7fCSRPV4riT0orqW6kAp93DFknpDauFNw4sfUrMsV6EeUK+GvjlcY6nNvcOn1Yl2bU02NW3cNWF4ZgB2msF2HyTYUWWqhZuK2QHwXVphMLOWoOkosb2RZDchbLtg9aijBnir14ZIRI9eyvIzU2+TbedTiYzneq8aygXMQVapU/+l35Kz1zTUsBsAwtSlqc14rhzNlAtGlPfAVA8bra8Wxk6qE7Pnh6WikOVhamPcYud34G0nEOq9i3D6QGglj6BQ99FNgn7LCKfvuTgF+NPT9c8fH//408OXL9t2zZqVc9ZMVjITsDCNv80shVyZuYIjqKUPssAR4T5AzNp01hU0w4vuS8SA3CzdbJUadhbpjBH9ibORjmZHHDEMjqlZvzE8XEXJGJKmOWRF0LBJgUboNsdN5zJ9RLJyTS9BNjkO0WurW7IGimxne/ZvxnhOd/XOxe3tLY+4OjwyLMz1xE3cAfucCXfr+ZveIUwAegJPc6FQ0RfuuiqGxxhDyI2bQXpxEV8mWixgYQIU3ECGD9kBh++b1Yzu7P4NunIqnwfIQLXpiFAPOXNat/Ds1scgZX8HXBlGhLln1Y5OQKJ8j8jUXcNi04XVTK5aJarMrZrbNjucMKXmo7lHBCC0u54diWLniB774CNmsYpLjKJtyfCIiBFL1VzXLecMj8pKyTaWJVlmHkOWbrrb8Rjres1t+ggJ63LbKicM23bdLlcw3GiOmtPMVJ+YeYxlLINq5UCLEBLu4Qgv8Yx8TvVuh1K4FZOlzRKZapCtqlQohPmIoSvgcFhEIe/8lBk0UlCfIcx95pZzmnksETFaPN0c2RJumrmWs8IifHhEZsIFThlRMQ7L4WaMA5NhLgHPGLEcFiZA27Z0D3UIFuN8czcv1zGGGEWgxhgo1kwBRSr9YZzzOkL0i0Ygk50ioU0hh3S1O2L4NjcLjFhijKo5r+uLl6/uXn8YYQ/3D7cv3xTz25f7H398v4zlj7/9083NyZynZdzd3X75fP/u/euH+4fDEt++XdzHi9e3f/rTH7a13rx98/b9m+2yHY4+3MKXMcbrl6cP7199+fT0tM6722MsI5bl08+frOx8c143sujw25ubn//yh7sXL+5evfn686fD4XS+ub083p9vXpzPd25cluPrt29vzqfHL9+2bV2O8eLlSzG8v/7Vj0+X9eH+/nxzgvvj44P7ePXq7Y8//MrjMBPn8/n25dsXr16CeHi4BLBdntx4OCzJvL05VU7My/vX+d33c8TVjKPFFS349UBVmWDpAmBZXWHrjGXNRO4AACAASURBVMdueYQrHkeqDi0mZciJtto3utCzmjCfimTqtlBaB0bohJQEtyQJKWq4AEh0joJkrt6yVbYeUrixFrNQkypmIXVswqjPb859fNN+QqqcbTIBtVOvmrTDPaxXNbAShNEGgJ0BbpRcv1qJDD3BCi2j5w7PStkPwCR+UxlpaHRtvyDUaLmyiXcgUNVIw7vJahxVZTy6YS9WZxrLG7MXr2rYsOPj+g/elXrrDhpF3LHExuCrPdaCmdl+A+vWSWilAXLtwPRIrS+jv7IO6pu5lUaYaas2XN2T4rrt7PaChnCpd9wBRwh2TX0MsDo/tFJ3PEBTxluJ4tU38vBwd8EujgHsRaeFNFEU0wUYMHati6m41+3eK1j5iZ3Z0xrerv3UiFR/WykUYWPvMwkoci5UWGOva6E7lL8EkYaH0Awn99ZBr8QhQtkcxcCuizYz0b5QDuaO7wr9g+gTECkR/PM4BF2A5sDsA1RFF6WDn7nTZy0zNqt+Xg6v0uXTpYOwZJg/zy3STzPvGpU7r+SAkE2LLhjxi0YChiw607hDp3sMyj5dT1RjQ4d0uhsK0OyInT3vh9xCe/0X8WkiRn7ZA93WVM+mYxf+ihIrA8wXFf7JIkpx/m4sUU7tIu2GpNP1dZBhRzmfnUnmfSJQmoqdCSh6NDDb8IPE0FBHqBMjYIRwOEVfVRF0tol6/4VqjhHqQGBm+lFWWpPdk3fD1xOzXR6mbnWk5dknWWiySZ+Ve3AbgHbctUqLVmA/xT7jqIzjVNAP4XEgvUljzXfrTDEUChaKmehLQG/3udWMPb9GmpbUq4EZjRYxoLdWk9YN6xieM0gpZegIGXfk/uq1SRZLXSqyAsMWF0Wt/nyryR4wVKiKxV3DiQoV2jIATd61/z9Vf7YlS5ZciYFbRI6qmZuZz3eMITOBBLKqyMXuHyC72J9SBfTfcvUDH5pkAQlkZsx38tnNTPWISD9sUb/FAB4iI+K6m6meQWRPggx4l2VyIonVlJBYLqo6ZJydKHjEiCb1o6pBGRLqeEnacKTmYNfJSPmT0A1HltRAIQwvR/p7VQ2VyrHQ6yqSWokAKWkpqKRYCBe8qpkOmQHMRY8J3ENExUxUIhcvIOdaSEgyvSYhjMHJ6B2ZmHPOAzJsNbZhbG3Vo8/ZC+kRIYE+2NC7U2zgwaXBNBBXEe/BLMg6JRAqWtUJSU5K7yo2KngeURMvmaTAOLos0hMRLpncP4MKPGJRlkUBHy+tfUa2VIVZMzUTDe+ZIZLKwCiFeJqYmIpnhh8PzwIdxlEFfe5AjqumqrO79w7HaKvIuedBDa2poM19GsYmqn7smqnN1EaHz32W6IBYG0h9UPRpkhYkghwIazbPnbuT6ARd0Rwp0ueuItpsaCvj6ULjTQCJee5Da8zbKBgWYNAvW2sbLD1658CPbDaoCqwl0PtMKtaGBgig83wERLWpDeEzskHNw+d54tL03jNlWK8jvHuayjCMaKqqA1ZkUgpPyJznWa3Z0GKaE2hD696JPQ1tlR6ZTt+fZAhKh0o9KJDu3syqMIJk97ZeBZqoTfOsTWy1ury6/vTxw7hZ3X75tF7bem1Pz5OaadPt2XY6HH/8689//Mfd09N+szt58+bycOyquLu72Z6N43q1Pln3eVbBejMiZbVZP949Pz09X1ydbixXG+s2IOfNdrvdjnevX+2fnn/99dPd3UMbh+12vV6vx3EXcwzrIZFI35yeC+bt6TYc+/3BhpPX765ubz+Nm5V3v7t5ODu/auM6RW5u79Ynq/u7+/svN5evX7dhfXv7xdTG1bA5W6+PcnpxOa7Gmy9fvnz8tJ/6ww026xGC3o8iebJePz893D7fT/Om2dDMBHNFSIhoZo8OhHFSNdSzV5oMy09n8e8LZeY8TvkeVBORIpyC3jwzQ172e6T77JGpInRq9pjVTBdQLpxic8Ey2FBEPCoNMVLKISbo4ZpaNkikaROte7Zkj1zUET2dIklPpx6PQVUmtMgjObYcS3+rUiL2FNbydENUUinZw1wo5UadukOoHRaHI2hucc7hjWDgGondRH2aWaDJWVrEftmkgEVlMAghwosvEVh9PCotEUB0iKp4ASieLqqB9PD0LhA1ztZwODloHrK64DxEB9EjVLJpy+Jnspxl4YxtKf6BTHoJc+vuKZBOWM+W4mMBFYTQHsVXpR0ggJHIJN2XEf6iyyhVvGqmRHaVFnBIUwQSXnN1C7ZAvWs2PJG0MaDQVt4kqA5EVIeXK5e/mvVY0J5e0oawf/7n/4z8+htUlv8ay19LSbf8D16gQuuJ/HduW6Cw+EzerE2lYalQCFQssAoKiuTySKpPKBBuxXMVvmHVx1EIRXkBFpwMAELNCG9X8B7/f+mqcplRIJzTxR6dL4tfuerDBW0We+lTSnzAN68vSh8BmEq7fOn6VUtbSfyZAhoBqs1uZYHn4VLZtFUeSrBG94zkAHC6Z9xDvzbU1e2woUpGj/AmIPPFvxM26QCEKRpkI+OlGOe6K79OcTu+sDSJLHGUsAfgI6xOIesnyKJ9e1EwsS1aOlpygAITIzdSXQxJVNVyjGQuVneLck1qzawQQaaJLbO6QSdnvRCSG4xXQxbVA0IpDurR+BoyUkJYX6vK0kNiiUDhANEi+CIhUhnhQvtjwRsFFaSpNIEmnMBnFWUsUYuwych2PMbN3fzbh/3d/dR79tnnubv7QmS8HAYJcB4r3YQI9xTOAVigp1IwME0G0KrPGDgAIfvE6ESIqL9MvuslXlCz1lRUA3B3U0Nm9lCIu+NlSYWnwJpRk6TkD2tIDNQ4TSYkQwRimhI87MmrCevyrARaQjXCnpkrhD2sVMsQHkqvnUdSlQMgQ+kYDyZhlwVnYbEky+RTn9HMRI0CXTXLCGFIVBFILyYXnlNajqoQAGYGVbVWRXDhEljUgCCULxlaKbHeX1aLiurXE1eSRrpYkoebmoUkIpu1ZcgXj9h0D1VVVXaUyet97tmdIUxqzZpGhKgwIoiDXZbtLy+lvKlWIajSbDCz5ML38F5DaNW08uDSaTiRkiWiUK20ANSsDaPYwHTLRIURpYqpekRNBQrMh6P3WRTu3sYVZwmI6jCMYsbznlmcTYcMdO8RziaDtUT3nultXIkOUMno6lHhVSnwAKJPk/dOdqXQzoRnmjWFIooN5ikUL7Ef3NPdg4KhPrtHuPP522BCWZM2mDYzj6IlhfEvkvxpJjXbIhKpjEgw5T2jBcupKkgipLc2ig4e3fvM8zAyVdV06N6BbGazz20YfJr6NJlKT5iEtdZ710YxuvXpSIZLBPgauMcGoJfcDy6Vq8GguQSKA/fuas3D15uttWE6HkxFRLe7i/X29OnpfrdbPT3sI/Pk5PTq1etxHH/82w8BScjx0C+vr9cnu9PdycPjw/P+8Pb9u5ubx8vLq3FYXZxfHY7H9Xplbfzl50+r0cJ9mmLyWI/amtqw/vzx9v7uebvbXF2fHw+zqHz8+Hl3ujndnb56/WY+9sPhsFpvM/H48PjdH36/Pzyp6tn5VUbu94dhvUokJBwh2lTaers72Zx++Xij1tYnm9svd+Mwjqv1qg3Pz08Zvn86HObp6ekZ4dvtmBkX1+fzYdqdbWRojw8Pfe7h4R5j0+/ebd688WE4dp8FyJTM/qJqgBS0LgzWY61M4cOizgQvalmQqiKtQ7B4hzK4xANlHvDspaNPjsEhC8qZp1WLRCQU8d/hdaqKVNNGCpSgGIuPCGc+V5aaIanXz4wI9+h1/fIxVkUCIaVAhJDYpaL4tBI2yXKVUH/HeSpkpDpoVOYNXuwsUBd2liyE1D+TsqvJruOW8AKfXGCRMSCoW5JCawCRDGdDW3DHIkZIYQ0T8mJagASoeY3IXr4vSgtQJ+3yR7KSfDM4VpPQmhbu5DXXQcQWWRLX4XKhi4iqWbkWCKZLzb3CwjcDVZ7wrgp8lb0kQNVzQacsQklrv6y9KFdAxoJpZRCpWUqGililLMq9S/mtnVVKM6tUSdUmZtp474oo9ZQpvOiieBtkRjayweXbhlR0DEUnlGkVn+X8roBGgiKJap6qWhNeiQBUv0LDys0jhZ72Jb9wYU6BLPc0bykRVsmJYDMRRNvr69MFF8Frjm06RSSqarrkgWjK4nUovU2ocPIehyKVoUNAB3FWKHVGFrJcyoUSwFNfT50FP9ECrFernEiU9KpVTBMV+QExE8alVD+YhMRF8H9jMMiLk8TmMbhwEUmuI9O98/wIkQw3Y8vDci8X1Vnwl1Srky+EsXMVVZWWCJdARQXzNOJX1DIFKoLh3PyMJYyLgBgUtnBCwjxPEvUvytSyZItANJfx4AEKpil/gJpEQlUiA1kzpBf7g6hWwlPSa6WG5HyRhGTAK5aFO14CsPJ0pZcuvrBSjpeq7EgBUGOA2ByWbKnagWSjjIXWSWYgLDVoDZtQaGiISnPQWUWWNiIFNqhk+uFwPE4zhHKF6O7hLtRXRnmGpRwY/Mgsx4Wdn2c0HbhITFrZsxICzmNSmkEHayESDvdjJsyapqZBPV0h7sx/nMNV0JqpDBIgMOyaOcDMJMX7zAMpyPxwgdL3mQmj4pPcQkLAjBqSfQIvTV8uBpoXTEAXYI0BL4So6aUHQw04dySl7FPgsBiAFJHQ+yTQwjsII8ECHEjRRA3JmWkCMCI26rvwdklBZtMW9YaTgJcsHlyIqjZkurhkqDYxje6uadlq16iotehTFk+K4LSfOvkFmTBIeHhPn/okMMpDE+HMjVPB8jeFy7s7d7oAlVUbTU3ZxgNIaJ8dELGyesvXhRgQK+qQll5TiU4ZbhmpTCAhCXKJZmpinn0+dj4KEYGGmmlrKdl9HojVW+vuylagjHmwpu7ssdWGBuPNldFjGFuPDo4SB5gzi4RpU6tx3QJIo5p1smFs49B7jz7H5K0NQEiEpMqggHsaU0nn7h5hqshYBGFJ+J9Au2SataypyZmePXoiBgxYTFPNbBxHqEzzzGWnovSuiIHzm1VNMDDAgE1Vd4/wVlCQFmDgIZBmDYoI6TmrqDZLT06LbzYARDnQ3SOk2ZAIEaMWKMO1bazpfERVlIskjPO2VRAeNoy9P/nkqYHeURopBnggShLuwUxaIKtM1HG9TuR8mExkMLu5v389jIPldNjf3fTb26frN2+f9n0cVw93Ny8BNe6zQleDvnv35sPHj6qSKuuTdZ982J5cv7666KdIrFbr7ebkcJi2J6v1Cn/72+fVMJyfjifr9vrt1Z//5cfffr3LnI5TvHv/7vHhYT2awHZnF3/3H/6T/19y/fbq4Xb97//y58Pz8flx8jm++ebvmurPP//0eP9weXVx3M+qvtttDo/Tcb9/8+4bFdvvH9abk+PkX25ut1NP4HA83N3k2fnZ/vnpePTtum3WTSRuvtyL2tPTfjzZbk5PP3/6dHh+guFyN04e+6OPgxg7d8QcjkjRRg2KaeNSAMJUkDY7tz6djcH9SyhTBIIihQOErrsRl0xhDJBodidKolQYqWl4QmvOFxQ1jW4RRCRgzeCiqk3NGOdS0mdNhJo1td47742pTwtUhdk9+RkS3buYiBj3IOtQIfBXNZsKJEoEqSbGUCnhx+dEXuVsWXYftBJJCivvBFKgHSwXIqWsViJlVFjSdbAUxSyYuqdqKCIAhyCcfp5EVJCNqmjT6HUv9+gQJ1/hAMC/SWT2QhZCAIR7EpS2EvLUpeQJFViW/43de+slX5dIlwDgWOyniopzhEjNXUchGKhWqaRZgUr/K+tzZFSRwiI3s+KBWFDDC4xHYee84KMQ2SSm2admgyI9xD1Uk7A6/11Q7pWBkEiPKOU5kupesRpLhDJAZ0cEKa94gcdRyqLGcFPWuknfMn2QEtV+xaJ/WqpHQCUlqgusK1CIhwlZBFlcEywF8eIgMVUPV1GRBkA0kODQI9VW8Jvxxs+X3oW1tsDIs4R6hJOZYcQQiptIqSQifgXhzNTSFC2lKQo7KeN2RNX+FMKR8Hj5Yl7gkyySk1hQfpDaIv6r0KSPNjm7EotFWySwGG90kR4ZMgzL9NRMMXI+yICLa/ICj2ouloNGI2of8Z3k0noluYNZ2JlEFb6U1oiqBBOvuCzKAlRy/rL0oao5eCUboFjmpZar8SEkOthgo4jUQHJnEhtgHVeDVwUc+2FIXrfFCfBPDhwZK5bw8PLQixQILUQd+Cqw6IAggvRw5WNJiDDj6iuQz2dNAKcuRtQ428o9NYXSKsx4IvY//uLzol6JHxsJKBStPji7FkkuNHAHqojARMPRSbXAMiQD3SMiPBKqHt79CGng4V88IVprmSgRHYVOSLPG5BjlrQ+jMocBNFl+5SrQBCIIRIc7FoAUyvM6oKBhwL3DIcLcSzfTzPCjpyeDhMRSTcI5aBuJlCYiloAwd0RARzuY/0k4RcqeIMnxxBmBSJjAVQArrpkHbnc1UdM+d6hkphbekszlINssOkiWCI16GGpKubUlKPQieEEFEMANIMbEG1I30QNI1bYo+7JiyVQExiTqYWgc4AKFCKNRxb33aSJYHh6DDk0HrRkuKZDwXChNasp7umROoQpr9GCkd0/VZgSMJTWz9+6aoNCFgmJtCpUUzZly4WXvq4giPJoMUdd2iqkGUhjMRwpNAU2HU6yoMnunbSUjFCpizQhxFHZSIAbvnSIX3NRUI/o8py9ZbhGeZqKiPXqfZ2utjasU8T5NfhxsXJ2ctKa9T8gUg6YM1ub5OPvB50ivzL0+zxwbZybhfnx+yh40zorK3AkPQlWbKVNUZp9DYIOBp0TvOkgbB2SbZ2dFtdxbFkElKlpTG0xctCnbcg937wK4d0GqtfSezD7uhSM1XSXUo/OmjehqwzAMkahAraKBLSQ9Q1ytqevQVKfec+4iactwANWhxxTRV+uNZkzTgaP3wudhGCMjpkmb+tTBFalQq7GZYtojmpmaeKapTXFAppgmRXKgBi/r2FRNSCg9o6k6zHPf74/rYdNWo0Nd9bdfP4zjcJjmHv3q+vLi+tvd6ebu9sOwtldvXv3wl789P+3fffNq/5TPT4fdbvvx48fnh6frV69ev371t7/+8v7dm++/f/f8fNg/H169efW3f/vrcXt49+7NzWG+e3x+eHh8dX2x3Zx8+831/eNTs9PR2uPDx91ue3LSfvjrL1Pg7ds3pnZ/8/ni4vz61ZWJ787Onh8eIvPtN98/HQ59mkxgreUzhqZxoopAxvWrs8+fjtPhsD09DfeH25vt6dnl9VUTdD8OrYm0L7/9Nu2Pm/Pz6L3ZcNgfDz12J6v1OJoNQEBydo9AU82Q3ntmpgTSBICapgRcwFyOxvzNYWg1cGjB+zisk2W7KisLpqUgtarfTE0waqeQ38iEFRxZCQekcPFSw2TCSemTjxpEVeDRmzVVxuVKQsqii2QqIzw6QqqPzEDMXiKL9PCkSxUJhNegew9Xa4uY0lQaSiVD7jghYqouiRAzlE6B17lmQZ8iiZjdVVTMPAW9l3xahEzvQqGTgE8ilELQPZ2utfI7o0yepgYliVI3OasiRyZcxSQLdMmkgTsgWTke9GZrI6AslIQqyAWKpKimUGktsBpJVqwjwiNhpRdZCk6oSKVsCrcoC3kKBGTRjKPoX+aOBPugXOgVZCGgYAhU4VkaUFYamulQgjtdsmVEz7nYfcB9NmK6gYiZ4LxnOIeEQ9gDBCIDJotGYim/BBydRJyXyUmUIguAlmT0QRqRxAt/hHEGgIqg5vMISYfyUjmzqTIyjW0DhEp4WiUWlgxIaKX6ayZrEtWvmypEjQIelDRPq+ys+1iYB0cqnxw3yxC68Fh5VqQXqQnRxYVMXLkMkkgG07LAVQjCHUKUVrIA5gAneLDBeZEFLSIolUXYIJqGiM7Qk1odSMlUVadFUeCZRrcx9Sq8qFnVSjWV1KaTZKwcwQxJqRl1UmBpDTqQTC6ewiCKZMqXSj0z0gFxWobAIVRBmo1vLwiqcug8BM5OgydHVPKWKKfcla9XjIMvFiiK0OkSFk7Ft/K/kRd7/iKS65QNKYpKq6+fggzQWqN1QJTRjz8xwWHtQE32KTyG6w9GQVJkoqasIjMMRuFEfvVmSWaGwijJIqC9iBUXNw/ZLMqTOFuKztyuabmsADZ9SUka9wXL2Aypg0wJlCcQSYOFNLV57pkATEFZWRoEEA1nl51JaZKTtsqIzD5HNGkUH1SKJoRBhGomhUIESSivQQ1Sm67ShUXNsnKEWVuDPER4IiJ6NFFRjT6j+qk6PNQ0NDMkuzOfMdOlkUoNkdIhSRm6pUhzdigRC4lLZm0BzrOrNo94EaihMTs/EbAa/1i2E/omBdHTmdQjxboS7SEmUEwReGhm5aYXx8qe1EDVlJpGMYdqpoIXlOvlSCqfmAAq/I4RSJ/S2mAqTh92lnmwvHCZC0KE7O5tsrCARMYAVbGoybgC8hOq1izdK0DUkCLRI8K1DhkEEHATa+OQCRGGd4uzlsnK4rBmpe1Ra20Ule7dAwYsM1oE7O2yZ2REJ4KVmcrK3kNyVlvXGjPtHjo0NWWqT1MNEYUOo0prPT26h88ApEEzQOME6qDINBHPmBmY0cy4Cqiu9nBUAA5Ezcx87oMphkZk1HuP2ROZEqqW3b2HCTJTQ717RHovdVizIZjmGkJ/SwT65DE7RNsAyeTCIVQZmZz2BBUmiheUopZVrQVBtQhOfApRmA2ANDP3zvaytaYymEeiZ3ZtJuCU4oyIthow62o17Dbb/f45IcO4Oh72DJYZdTUdptbWYZnHvloNadp7JBDexT28hxYVVj6y7EDx35rQFOe5lxGOcqQLfOo5NDUB3IawNr5/9w0i7u/u3r5/u46MbpvNdrM5ubt9+Lc//5tCttuT3enu8DStVuvV+mSe++Pj8fn5eDz0YVhtTk884+dfPm1PT8Y2fP5wtz3beODXHz8dDt3H9c2Xu/3T899++vyPf/fd4+Ozz7Hb2jicqfrNzd3T0+Pj46OHnV1cXL5+d3/zK0RbGx5vb0+2u4eb28+/fTw9e7Xd7GLsm+354Rj3fjcd53Q5vTifZ98/PJysx/v7h3Xa6eVlQqbnp93ZFiHT0ad+6HNvbTzO8/3T4+X169OzzSk2dw+PT08Paq0NzC+YTEQkMkMUGuiR4OCR1AgOfNb0uW4H0Qg3HVzSvTcasCrLIEo7IKyyGGPMypjmSZo1SkNXO7B0/dDGcYsCSIMtTrUObSABG6jpgymCrMiHBWgVFep8KJXxutlYSrMbFAhj44Ii+kyn/j6ji5qGSIOKKWrsFHPvaiIjp/KIahoEkwiKIotFYEfxIa8YQoja5Gu0JofRYGk9yGxEHbJZpaMoTwpREY5BI3mfmREQiegUwziiYP5GoaZmFToOYQRfVkFTlYcXth4SpHPAUWtqIjWsTBC9i3KqIyr7WBcxT5ZuveT50ojVFs1GLQXl5NXXEJ61LAkpIlPLfJFFVjL1cGkQKRGxXCKPiilG9xQJhWWYAOESdcnOTCshYh0RHj0zVKzpmCnhqaLSxNPhoWitjSyhpCTWkfB06qJlSVgW+y//9X9hPQd50ctS6UOFmzA4XJa3ldWhLn5WvlWhBoKCQ1H5CiolWyKhigILw1OPT6rGaCILxE7BLkoHREgX+fIfJzedVkyQVAsmkDJBQERZ/7HL0UUpD1BJFgSaio8C9b8l22enUJUwAUUktIgx/kYshy1euAmIlLh+UfLx//nBM1MiIdCXwEp++yiXCaI4pDJ2EK6mkg+sjwmIqy0CeR4p0oi4k35CLh0zludO8279zOV5VvAluF9ZdMsijwmaA8CIkEgmyFAcxB8tiz6mKiTFiyettFEK2g8hBKeXDoX4ZRk22N7GUrdlLqwL5VIZS6sF0qMVMVm/nl/mxW5d9deSHVilIS38RRCWQQ5MDsmFhsusnM2lZKQW0VTM0KpP4TMvolXICfBsXV4mTQWB0gjr89E/3c6/fdw/PXZ3TMc+lxZUln6DpACVm12xRDYlBcdc99HRWSWV7hMuUoeCNosMnu8RZEjBOUoEiYzzEsg+qQpSqz4T7w6QzRVkGkRNM6L3LiKVwybUZHhSakWlvgC6SOh6KIp6qSTKXPZMlv9FrfSurKK4nimRQ+mYEvUsq04NeXHBcgPXRnfO5ZWG5SWJqGgrAl3YFNG+a2DOPQ8cSRFtZmrGsr1gMMDUqpEuW2iWiCUBQWNqkrxQmJ4QbTX6SggF1RDH2rE02QUCSGoNUH298ThWwEQ9ekRSs6q6JEk7s0qVl3b3DhVrTRmzXYeU0AyKTPASFTSrc8B7h6RoE1ETFYGVPITFOd9LjdLMhDPmlV4IVZFB1HIJ7TWzZqIAR25Za0ksJN3nyWoCu1kzazK0VmZj0XD2oo4aXJMZ7vMcvQ+rQUxVLJweTGUuXp+m9B599j4z7sSUMW41eBGRImJmNcNOVCrU1Ty8u3vvQ2uAWAF1gozWzCPoOujHo0d4YlydpGgbV9aGFGO4ZwWNv3TIsqgrs8xq3h0i47iiJLLipFJEbGgDqZge2YYhxYZhHLS5+zgOqjZPUxsHpXU4cxiGFOvhps3Ueg9rKybdeZ+JypgNxIA4o6pHT3fhSRu9JNgoEJvghWpLpFobx43pkCruB+9ydvn6+Xnvs//hj/9wf7/fbk9/93d/gI7Px+OXz592u90f//EfHu4fh/Hk8upqnnJ1st7vn+8f787Ozpvo4+Pjw9PzNM1v373Znu6eHg+rkxVUPn6+m1NuHg8qPqzs4XG6vX8ERKytx0FU5zlF7Tgfb2++9Dkurq/Pz89uPn95uL9LUbE299jsTiLyZHdxdn7pMyJyWFlKjDYenqZpmhz9/uFutT5RG32ae4/T80uHPD89T4fpcDhG5sXlxdn56TAOGXF+uru/u+nHaZ4md38+PB+OT6po2l9dtbdvfLeeEp0dvRVQCKXNQ7VeOW0camKqao0C6zqkrYWeWQAAIABJREFUKGy3ZZwcc0+CrS/rKE8ah5fKvEwmxF1YtJqItJeULqHmr3YokBJcg0bAjiO0VRUIEfiizhdiFaSvo+x8hDjZkCj9DKxfkFqBgyI0DSlXvmodzTXmqJQCMKN+O52QYoSLaFNTrVF5EZQFlIQSGVoa55RM428ily71USmDYfBB0KH0ktPOCkXwVXicrJE8EUr2mHr1xf8gKAEJ0lNEWdeJCAVBZWeVAk1BJxYJ4CqUlryvCqrQ5U6PcNaiCkM2wp1ZxVaqKokHQEQ4wUQiOZesFIaodiYqs7WUxuwSaihvVuGBOtGzzv8MznKu6FhmFhK3ioyenVKiFEQPkVZCDxPOmAPYWoDTxzPh7sFYp9KxpEdGeMvCxY0vPUFJV8HKWelWWhREFiTL2ndRxRSSzwUhCaNhJkXUAk5FnCSj9Rbr66KzhIDWq3IDE3xViKTnYoIWyOJ2EihhWRUDAgZLritRsSUphb2EJHVcpL2rfWXwCB84qYmqTTMDEpQqa41NJtgcEFEzgUn1JACy5rciFcb2NQr8rl/PQgKZ7q6WL4FENXicVCL3Z9ln6bVn6UOQma/Lq6z6GoCY6RFwtjdSyBskqwUK9MgkOSklNpeSuiwfkmdcJB0WImIZEeni4cLkrxDLpedKLBG2y/MrJBy1milIqjyfzEqJElF2DFkbPotbSa/eUYpVS6BsJHzymYL4GtNZeh8250tfwT7Hw5rVZ0Th0MVcREYETDjZt9Ztda8G0ZpfJeChjxpYlqYNAuFEUjEyMszRYcObPGCRBQWlJ9JEMnN/PE4HnydPR41RIeBog/dDpmbNxdJEenSIlOIb5LVaiksdhsS/gaSAlOSEpoh7uCREkenRFRyDndoGuompdunejVx1yfA4mjGb6dwduRgR0jNdmopaRgqdtM7PivRgBUYTe3THcrJUoEGRocqyMCNLqaIaBbtGeApnLSdn3i1MjwIi3oOh8hk8jhZMfrlF1ZgIPPRw9oxSZb9Y3R3EKKAKNBbcgQxrhjRtxs5BKgh5Tlt6WuiyhoVsZPXvmbS3BkTQJRJI7+FZQZxCPpM8LIWRueS+KXxw6QoDvM+e1hrzNpBkclTJPyGRjGGFNSvDYIaaoAGS7t57X4L/RSBCMZ6KSHOq4bMmb9QqXigvRku5p0kapJPwZKsWXcSsMVjERfmrOwMKzTSiTzNinvs8t6GptPScjkfGzcSyaXgtefTefRjGpm1On6aDpIgYxMM9EU3Nh8LfPKgVk9aah/feoQU6ISpQVcjg1XpAG8y7J1JVI0gBF30nwNBGmJiqw3mb2KCc5s1qRkVlGEXUs6uaZ/Zpz4ZO1FTZ3h5VxzaMHt0jbBhMWkKaISLNkp2SJJoOmZ3HqZlWq+rZ2rBabdw7061UWiaeD8/H436720oRtBai0edxHFQwTcdAd58OU1+tt9YGzxCYqfkcak3NM3pdYCriGnSKS9FNAhEYRCPF0yVjmg673UVq3t/f5Xp1stscDoerV9dQ22xPN7vt43NfrXx3erbbbq+uL/bPc8NweX0WaeF+cXX28fNm2k/N8ubL5+vX17vN0DsO++lxfB7G4e7+cbPbXL6+ur19+unnD/16c315kppfbh6fH9v52cXJyfj6+nya/P7ueHZ2dXF5OR/n8JA2bk6vZp/W5oH88vH++vXFMAx9Pp69e78/HH/427+2lt98+93hcUpYn/c//vC3333//f3dw8Xl9frk9Pbm9vHhbnOytbPzw+P9/tOnzEDs5nmaJheRf/3zvwJp2tp6++btm93pNsOPx6NENh3NjpEpqk2GcGLJKYKhDb2nO6lXhhlqiqYHsxMzAHWJEGa4pTuIFDBQRQsYBzg0t9lLIgkY8S2Aaksw6H0x7zM8ITVNFtuLdqeBkCp51UJhCytRFeO47tRSVYDKUMo+Nd3FVKFOOFLFqIeFiFggWeq5d9OBKD0PQNZCKgptgipuTJxhiyYaEvbCui7djXK+NzGGEp/oor39ukorsYQxm8ikDhzqXgE17MGkoofAdOjuc2aKCdKqqGL4UlEVkUpEhI61qoLgjsbPqEmfA89OBNW0mVUO8Rqvvg8iuaTs8nIpAUvS/lAguLQFzRZwpj0vQo4CxwKzZFKvnALnJG+lBooepsxMh5lCdIk4ANG1kqwQVKWeIyIjPZ3oe1apVTepNGJnmdEBSESaRgR4kkdEoM80DYPLtwoSAPZf/+v/LCWW5Z0XWoT68gmqGVMgo6L+2Mpo/fPSwyxQrbxYJIRPuWbqFfBZELggPUM0RZUCATZTDHcnNLsQIwVx8K8E6r9R8FORRGZhSk0VJLHktBa6LV9V83xdqFAV3peKZevKErAACKyQfVXWK1x4Wpg0J3aSPISwRKoaXwQQ51cgcFt2QIqRUCkBvNEX7qyg00y2HAUGqBSETdjcWGckluKP/4ovjjZJDjuVQsFcQAk+Adoyf2SWRQYpJkoaZRHlJR0gkaELCMbPpsqROLJEOYkuSmHQeEH4sr4Q35uxUkAxF1qMRDJiq0QjtYSqgOcuog2aREEkPJe1IyJg2Fk9hvquidq5tTDYOuoLFszsFhFwYpeRC8tlWAGPFoGAw4upQBKKhbg7a47YQmhAIKbWdFiAbyDzOOfnu+nnX54/fT7s93GceveOjPCOhLblQQhboVAxGHPi1JrVQ2RWEkRrArwjRZpJMx711gzlinB3py5IrGD2LHlXABo94OF9hnA5ZWSl/bCsT2YlmWgzsllqQvjWdBnxAbLFEAg8wIKXu8sWTJ48XJnIQ4lvCwDpzAtioFuk1TgIWljLPq6L/bqcL8shwpMGUEBNW4+QDLXWOP4J7PkZuqLLUlyONBVrbWiMRxBV08b5yRAJZzI3tA1qIsnXqSqqkZ5SnzNKaFfGOIiRqStCsGCJ2hbFC4pmpscMSLPGyyQzozuBC2pk3T0rw0fN1COicxYvr1RjOyAi9sL+lbw4DYvKNovsgtI0ERku6dZMtEWmzy4ZoPmv4O3gYlUI+1NVE2Mc0DAMYwWlZ7qHDiqqatqnOXtXyZmjpmmNJTYCQDC0QY3iGZ7hPdwJsLm7Q2w1AKnVJ9aBoZBhsDbo7J0QfGb28pM0Hg/hrmKmCsnoXtScLY4BSI+I6H0+cvX0eYq5o4AVAtPGm3yej9GPkmjta8AXo68rVErF1NrAhx+iAKI1FRXvQUY0Ik2bmWYEyw4VZqi27hHTfDK21erk+s0r730+zmptOh7SnYs0I4exicj++cmsDathOh6MY9i8K9RWayZiuXcTSNlOyKx8tTtJkc2qxiGM9W9Wq81g8vS8f/Xuu5NhHFbr7e70/vZhHNr1m9fI8erqejo83t9+fv/23ex6PPQ//Y//4eNvN32OzebEIx5uP59dbOfJHx/333z/zcPdfhxXETKshr/828+HwwHI+/u7YbV6vP1y9/nj/ngU7+PYep+Px/7q6ux0N5pqRLSGcWwROD73i8uzm0+/7Q9P79++RepxvxeR8/Pz/fPzenfi80ECV5dvj0e/v/+yOx2nyVVysHY8TNvtZrU9ebz7Mu333377vZq2YTWMq2k6uuv5xfXcvQ2r77773Wp90ppGYBiG9Xp9PBxini7P8u1734wzlvR6oYCdPT8AaCZMlFkCrQ3CVHVpWhZzapWToLjqUgpQUMxkTNbpskxEgYmZgi4ga9bMRCjyAVRMv4LyVQjUPaU09SsEpqoqZDp5yVGn0d0jmSnsIEgWDkkryg+lMReBUIZHQYNkRDMzsRRkhQkPqKMXS76RLCEzlWzK0QUqzGHWF8yVe8jUyIcsvG6q0UDrID7Dw4t8RWYGJc3LwG0VLmQiqVK5GlVl8BpSiFkrNSnVzy+LnjVN1BlZg6GAEm4Q+UHV+MJaHtUHLNWdmQjSpQqapZ1JMMRctZkMKIWwiIilLgVfJjxLbUC8rhO/ANJjZsrzC1BOIGcpeLQqUxbQLwg275F0ZHpEIqbodN+VziNBwlOlKUzFSthY68cAU7FA9OiRc+/d6Rxj7aSZiCYKgWYEINIgdJrD+IgKiE4QbVHRiuBZlmLdTlpg9bKRaG7kRchAHgaeFj9UWTsFImNpMziXh2F8nFSQyxuWpZ1EZiaca6bOdiwFPkRoKgXLSlEVpyeSH1naS/au1I4KSYXAo6tA1Fg9lDYGAH2W9O5wXEUuVlii5ixfKmIITr8b4x5onhAvoL8GWAuUKTWsgJssZWUAKdQCefaeAia+czOzPM0M1Wah4O6tEO9aLbXPEqYaIQuAjaWRlU6ZI/dvsiCiQTk8QxIGhYHBcCOMuDETJ5rRyLhMu1Y2P4uLN7WEhswZrIq6xvKqabXaS+ZuYunMWDjSDF0/gQUyhVck3YrorCVOHERA8khAJXotU5YgkovOZzkaWaQZB05wIdcakmUTl2GkdCEqQb+XLQ0hRNLKs1U0E4+TYJ6RifbwiOjTPLsLoCYqMEiAkpL0Ge4OxvGaNLMMCkhErZLUWEGS0UoUDpoNRYpKVpVNIketNU0PoLtLDf5FikLF+rHDWaM4pHl07wkgI9RMQrK4TlKyER5KiCY8EdJQT040olfno5o92HEmH0VW5I6WfzqD/VnUjLmmjIdhdGKR1iiKIMjwhXMcsihqisfCu7Drg5TXiqRWLRzSTimhpvJVJ6bCLCP2miCX2CApqog0yZkbTkIk1UTUyNUUHbroxROeATNDGnWTkFTUSDmoeJ/FCkDhZYQQ756xl6ZQHceWqTUAbplfS1IdqQmfvK/HVQA5dyarZSKcPKcW3E2ZFuCzR3RNCUltBtXkJHViMxx2Gx3I3lMV6akmpqaZPgOZFLYD0GaZognPBVfTNg4rFRU1iW5NMjOiK9CnKbxbM4EkuohE9ggMzTyDNXOqdHd3H4ahRyJn6ZoiYk1tFLjHHNNBAInsc5elNO8e7JDNWtPm7ktPXxdjs5GPIMPFFuxRRbVl9EzO49bBNizKAaq+1NqgyoQiSZ8RLyFT0obBgeguquM4MtIhMjI6PD26qA1t4OVEZsa0mY2JMLNhWO8PB2hGuKlFoLVx7jlP/WRoZtZW47vX7x7vH5u1uU+qEiU9Muh8nPp2czIM65P1iVoT2QsgplQJDqozos8T0qd5MoNqy5gBNRuCqlIVIfa5OLu02bg+aTaq5uH5cPX6+2bjpw8f/u5P/+Hpabp+fSmQw/NhGFdXr8//7V8+fPr44d37by6vrmIbq3EUkYurDdRPxvVmtT3u98PqxJ+iNRPFcerT7f3+l/3t0/PPv/y6PV3dP9yvN2fTcT+OGofj4XiffXrz7jsbNl++PL5+vT0/P7WmN18+TMfp8uo85pj74fXrt7/8PPWeZ5cXD/eYpp7wu7svdnj6/d/9492HX1fj6uLt+PnzT9P+eHq+PTw+nZ+eWVt9/u3X97///cX168PTw08//vX87Hx7utnkWWuDqu33h7v7u4uLK+99u90ejpO2Fr3fPd3f3t9tT8RLWWLcF8X1EZQLR4hZix4Cbdq4IYY2QBa8VhLp9JloTSVxESNUSvl0JBSuUGYCJMCJXwUQAwYKZsxMI4sSolBbRRVHbhaPwv6UWWkkukQkwfgTRwRchOoSHo4JL/lASVGVVyl4RZd2Q5CppiKIzC458IihvFAr8DRo9oNKFdCo+YNJiU3lYlRhgVKvkFDjXKoUKyEDMhmxpTWRspMDALB0F0zUInoVEG1WCV2p4kmwCVTZmTWh/ynBp0tYOXpqFrpBvLzaClXG0mWlGMpisCo8v+gMFMyzYLYl3lCBIzOCAqEsLWIyiCwLOU2mpEV29/4yb5CAUUpgUSYQelPKrITBP5aBZcpU1WkM+IeoaHikitJGvqD+DmgkmhiTS1M0ifwKmkKE2HQjVl/Kn0gOmiRbpMukBvunf/rPLOPY9ryUkaqWTCqtl7zo3yRYMGayW6CSpC0i5pf4J1bIXHFAKATV2S3ELIo9Xzq9asmYnQdZ+JBF5/GVqyESzCpQxGQZu7sE5/E903GfrGA9arR7LJtuaU5KCyYvPEMNwFhSKUFVgDJTn4VI5UJp1X/8jRQRRzo/vFTLgcwOZkktlU8F94Yn0x/ZviLLM47IRc4iqgmYmIqBjEewG2aWTpSwPbhuZWlPWaSUn0YEhZ0rEBIIBupRNUY1m5Zvm+oXLTSLBJUS5xZTa5REiKqpyTBYQ0mCOB/LKOQi84R86buE00/4olNJC1WvLqqCxgSmAhhkQbik3Hpsxqu1JrRfhSING4KlwdelKhToAvPzRb+8DixhMlIYzLIOXv6IsaWu30jJhDK6MzyQXkwPV0xWurJQchYy93g69PuH+HJzeHo6Ho99nqfoXl1lBogN8DirwSsoxadAeLwVwUUfD78Y60uFJicziUiKmLamTVW6e43WMiSHvfXIgDVbAJaIqTPDTQWIjN6pE+ICjHTpqchcmFmuSW5xZpSRJQqU4H7ZT1LdgAAl6CzZehadXgC2qRE5LrADAHgjvXwdo4P/hfRK1HRDgp2mFM9KqCQI0kdGmJqaIMXaoiDKDAJ1VLMKRIFw4WiISNoDeKZZ47J1lJ+HWnlhJQoaqbG4BURUkZGy5E8z5CdQ6RbsPEWgpgnhbGAqdDNSTLWxJagCrjXOduDLEoUyMILflmBFBnvdyOSw4cYvQElBOO2DJiJRw0qD9KsgVCUiejBViXAyrQfgAcsu2lobxyESM90g6QFPn909PETE1Obwoa1WbRURCh3b2qwJbBwGYSpoAECEz8fJTM1GZgPNx2f0GR6qwoF01gZuiIx0ouPMiFU1axnpvYugDU2HFpxiYZaq1kyyHgiRkxcXZnQXTjXus0fMPh+Pz9F7+Cy1kFpC2zAmME9dW2vNMjLcw7vPx4xAgo420cbcQA9A1JRDgpGO8DzOk/vctFlrY2ur1ZjuKri4OO/dTzYbz7i/f+Bhigxrw2azfby7N9FhGDi2ZFiNysFhPNDDoRmC6DMrFI5zEyCiR7iKleBEuENRoc6qrY2bzXlEHPYPJ7vT7//hP/zy41+3293Vq3fH43x2ujk8T9vdxebk7Lvvv/nzv/z7X/7yF2nj2dn57vT87Ori88eb128ud6enu92pqD48Puq4vv3ysNluhtbevHurJp8/fobI54+/jes2rob91Pt0mJ6f22ocW8vA4ehtvQ7vh2kaxuHhcf/zj788PT2+efd6Psbbt6+3u23vHomzy8vIfH58Gtfr6XD8/NvHb95/Z2Z/+eu/7s7Ozs8u+uG42Z0eDpM1u3r79nA8/PLzh93ZKVKOx+P+8PT8+PS0329WqzY2IJvq5y+fnh7v5+Px6enp6enpZL0eTSP9/Ozs3Zvdm9d9d9IhDury2Thx5h81HTaYGZRqQ8YsGO0oSkcStyT/66TitooVlTJBqXF6B8mtF/DCONZ90GGwVuNlCivlnWV1JhYck1rlaRa0LBISC+QX7kHJ+cuF6S9ZN+B9yBpeOK2ErXTBdqZmzSNFrElLSF0oqmCwgQn1k3VjCuGwDsJUlERQHAGB0BSW8iKm51G74GoBCC2xSGQwRobHpYgMbVRtqs2kpZiJmjQryXcWYEyrFP+lVIlpaqqmYjwlWf8AklnTaagmEuo16zEupXgBx4x7Ye1YOFPds9UsJZiDliGiwo4AvuCKnENapofwzjqFSv3IDHjUAcd/EskGqeDMZL0UyXx0WfpAK26VEmVSL5wEXxZZkjUoSW79lbSkIyFizCORJS0qy4zsHjUWiUCZ/Zf/8v+qF19VVRHaVjwOClxfvhnIWBcOqCJ0ytA7zIaI1SQrp9KbZkFZwsOK2mzjyB6hQE5UTcHxt7n0TFFnPOGN+oQpS9wDf5eoKGUq9W4jYxlvlADg6aDOoCRABECdY+AKIqw+TiCaiSwzzEuqETuTsrXzeagaW5gAIjwjkpTcglolkBIh4cGZLqylwpMWycXDmh7MB4+iAcrpKiIJs5cGqc6jYqwYPFOdQi5cGemYDAlhn1ZPk1SNKe9LEU6KJt3BXcB3x3JcF8UVuzgVUR1MyqUqomZNtZFHSFbhKVrTnMtPmVxoQqyFGglmhLE+SvKHUs6cxSqUyRlrJlbWIn5IIbUqIk1FI2VRcOeydXnAqUAqUbj+PcUPKgu/JqKBNJoI2dcKADQZBGYyKKx+IwcIwOpEIAlRuVkvo5ZFFsKuzpRsxylv7o4fPu33R+9zzLNTPBDuvXcnCF9W9WLRRO2FE/EsPQxTIeSr96yptlwOHwgncMG0RaSnC7S1xjyqmJ1Ubb2F4q6zmTZrycR6SGNqp7vWvDykIE20qCluvjSFcMxjAc0JRqH10hGxepHSBSnpmqrvq45PRDLdyFTxItMiAKPVDopIBhKpBm2DiKaI2YA6h6jRZ/sBAK1xdTGqko+VtWsXieVOouyFtNUiw4wuyWGqKUaOm4+Vn8rTfWhaAKsUImGCNgq7fro+GF3HkzJKHuJK0U6CUqhhGFLVu4Ne/oHHbFlxbDDqRqX8eZaSatZaC6SqlXCq+/KHUFQDtWFqGei9A27aWmtY1rRChXOlFpxKFTy2q+UC0gMKtSbCwWPGA9fUIh3uNbITaabdY+6dEN3kPcNFZdEN8EwrMSaPbbWWSO/HmPZaATuSNAK2xkfEg9GGqrSm49GKwaf4UJiepwIz9eg0zYtpRe8vh2Vdu4hmxml3AMwG06ZGs3IbbGBG/zCMKubZqQryPimp/hQdRmuj2mDWVC298J1xtVJlqZPjOPLsGkxbMxVprUXM8zxfXb/anpyky/WbN4/743F/PL/YTtN03B9EbHd28Xx3tz4ZiEDPc1+txt7niDClTylV0KNnuIlGhiQy3JR5IWwaK5mPQWJFi4nZ6mSzOXt+unXvb7/7Y5+Pn3/76eTk7Oz6+tWbV5hznuPv/vQPZ9vTt+9ePdw/RfqbN2/evnvvbt/+7pun+8fj4fD4OG12OzN7fHo+v7ocVuOvP/12eXnx/LR/dX31+HQ8HPYZfb9/7tPBRluvdNpP3WNcrVfr9dPT8+3tQ0bvs59dbI7TnN6P+/vnw2E+9tV6fXl+8bx/Hsy++ebd7f3tq6u37vH+2/d3t5+Ruru+/uGHv86Hp1dv3nrvz4e+251++fBhWA2b09OPH359ergD5ORke7o9QcT9w8Nvv/1iYmbqPe4fn1aDmsjT0/64329O1tZMFav1cH2h79745iRMFzCcFJ40Fs0QGVpTbQIhq/CCEBNX06XoesnpWupGSLJ5JV6oHJOKpRwSwMyaWtNhsFG0oDXe7KatfOsEVzIUxUKHJNRITEFKQszpxLTYKYO+SrJObbfAKc9jVGAGI/8gKlBpNaNCmogt4S0qYlLIMyfvEiOgMo5yivBgEZzItGUIUcnCkchQLTS2wCxi5Wq6zIhk3IqKKKlxYVXfkGKpqgOrf0KMS8lJTEhfWqaqJVSbNmqGVIzqVCmARk2b6pCihKqkqthSd2eSPiwylhAldKGfq0JEokp/ICSV6n8VIJ2h6oJUYp4CyezuRaMjkIzYoyQiEk5GXaEvgo1MjgWQwmFYxqTW3IYISfLnSeO4wkSqzfSqQyEpHg4EKfbS7YOxkx6YgSRjsITNRF3lSAD2X/7r/yIvKgjeP6L6EnmSL3WlVresIsXlK2MIl/KJag+wIZNqJKSUa1LwrZOdWewLrHv4flSbLI0RMkCcuMy7EKXcOV/6EpaLpC/Kv1eVWC7NCET4vgOSvGaCLtso0PLlXXzFwTjgjAmSBQNhkZ0x2DeLXVrqX9QcJ2RGYZY08i1DDFgIMXORPYqo5iJsyCznONWlbPBSGJeKxkZW1GwwVmSyYAos2UWJTVVzJFXdQESl6fJ16VYkeqVSEHYBlVwwlOywyl/gclFRqKSamDUTaUUBgCuSGEamRDFqPAmK/eMkr0LLM0K+CrWEKEKtfSTqDiMNhrKL8OCAiBISrkUpi8WehRCXIP8IXgw6ooBERCmNwY6NFf8gle0kWJisOkfEJL+iOwmgghRrpRf+kstChchLYJWImkFk8n7/ePj0Zfr4ef90mOfZj8fZ5x7e5z579OI9jc4T5gRAJAXpHqXiQFI/ncBLt6vWAPHsGaB6tfaYI3qP6LzaIiPnXu4cQYIzUNnC1gR4RorZWOE93O+MnU2TVBLjgUxxTXettS5g2ngN9kV4ZdoV82NayRhJmhjV9mHJm0LSsYCXhj4zF7SMsE2UCKziMhGiYtxEzaxct1Y3rbYiAAuWEKlEJoklqSGTDIRyuGNkzct0WmKq7q2srcgkRh6yMECljmGOqgR5D4oIjel+oAw3a11WOKCGOzK0mZklywhTNVMz7xHe3ROEMzKFP79SuMiyciJccBCRNaOrD0tMCcWeTctK1qwN41jAVbioprsI1KwCLYBGLDPrFGPVrs08k40EUlrT1gZViT67h5kObQhInzsQZq0NQ0Z4n+sSHKw1q4tWNaHO3SkS3qfjcxwPAlhrkdmdPCck0+femrVWJVXv3fssoq01uE/TJC+sYIpPc4YjnCVydG9m2oaaqgZNrcsYCA+HmrYG5nJKhnufJ/eeEbN3FjEZoRywKMkuOlVtaAmJcPfu3U1N1KASiQwhzuMRKdaGYWhtnkNVe++9e2vt7PTs7vPNm3fv/v4f/hjp4f38bPXpw2dT3Z5dnJ7ujvuniH54PpxfnltrATw8PFprMgwZOR2Prdk4jv04M8wpejfV7h0INTISC5om5YJszcyGYdwOTZ8evownu9Ozy9uPvwyq51dvv/nuu5jmX3/65fWbt3/6H/7T7eeH43F/dXUmGddXl1dXrx6epvOLzdPd3f3drcjq4vpiNbR/+9e/nJy0s7Ptl4+fQ+TX374M6/bLr799+fxls2nPj4/3d3e99/WowzgM6/V2szk7O93tTkT0T3/8/elufXlxul6t5unw6y8/nJ1t3717czzMbWxPD899Ojw8PG632zdvXv/4ww+J3GzVsm4fAAAgAElEQVROpv39uDoZx9VvP/7N2vDq3Tf3D/eX11cZ888//qDDsN3t+nQcVIfVaK1ttjtt7XS39X6M9NXYxnFsDSZydnYuTQ7zwZrqYJHH68v2/bdtNXaPjlRTq/isCBAU14HT+zQrnaeiacr6iK9xZflybyaj+cxaoaIE6MpOaYVXqVEjZNqajipNkiVwW3h4W+q/LNmblAlKifIUpEYrUd2SAm3KBHOWtcRm3KzwZH6kTG4heqjExJbrVRMLHJClRE+JWPK7gsOnGbFQyciiBfgSWxQsYEMGuVYOHZdyg0JMBxZmCaD+hTU1oUZPVKU1WzU11VaBkBBwtIsa0ZvMLFNZPWAioctobiYIFkKkpqpWPCoqp62sqazuINTP8B1a4U5JwVOVu9RUUKsqWSQDr5eoeNGamptFFaRHR0YgCjOK5OKK8lUm2LChOhv/WgxJVrZk2epQyUul7NCi4KtzDTAYBstUq0rSZ9+lpon09JTI6AkBx4VkML27cHEoMpuWa5D9oRQHIBxkoJAGVupaoGqmgGZp4tC17kJEHKGQrEEQUgVC1RZ1LzLHOiIhkh5oVCJQSNUjKUVjmindXFJTqSGVLFlellBV6kYhg3DS3gs3wpoSGV6pUAzlT0HC6dOQNIV4DbuNzCD8R3Vu4ZIS9Dqiyk8hpBnJmJy2cIgwVfYA9cWz/KXsp5efWB8sqYNeqm6WOi98WVVjGWImQCAlo3IAkxmCIcrxj0Z5YMlaib0vsHTBe2IBbhHCY+RLIiNEbek9l75BSg+XwnCD0jmLUmcNUyschNaRYiabZEJCECQyMp1tF82mUX2RJGeCLRVKZq1CEw3mJNYHqCUT6RyAwKclC/QcFanMkp8EJ3O9adwtMWDhqwutZ19FQYDZS+yxvOD4y+5D/TbmJ2SghuJFBGc4RD0XkXQiLYqvl4J3n/s89T73Pk99njt5Nw7h0JREgRm06rKJWTgf/hhiySlNl1BDZg5FsK80niXGTtUg5brMjJ5i1XAC4SnaTLWiewCZu4uJWIopZ9SGe2RaUdKRPQFHgvJFYfCWuzDNE0BLHrvJLH8SXgAgpsouX0ylLx0ZFsGjlJuFjp+Qktkr478E3sMYqwDwxiJtRwRYVIXJz5kCado4kBBM3ymylH5Zj7kwmOCRZSN1qBFMgk8RS2RFxWWNSKOYUwtJ6J4JNFgz441OyIexVOX34hKjxFQkoZbwohYBz9R5Onq2cTWs15GR89TcSK2ppoqE93Ecw4NNgru/APYi6McpE20YbBh4GmuFX0eGpgLpiGDItYd79D7NVqgX/3ukSMxupkgvBeYLD81zMkV0ECTCRSwDjjnS3eeXIORKWxCLyB6zUG4LNLXRhjm6wJAIr2iUDM+YxZ3uBTCou8w94b03CEPKy/EVKdpUDaqAqwkT0TN6+pzuArGhERAqxgkxe2/WrDGqrxWSWsduCnr4sVkr8ByRNYnDVVMyo8+SgLUQWBts0Ahi7SmAmq5ONhDrMUVEJoZhrc0yOmGJcTWMq4FzVqbj/O6bt6vWPv32m6o8Px+e7p81/eFufzKuxnHYXV083933eT8O+tSPh/0zxCLCTNpg0jQDqgiPtIAJFKaWQ+vHSVTTJZBiDREq5h6iEGmSDijU5j4/3j0DONnsPn/4dRjw/d//AdithvXt0+Hp6SjQ7797v7+bbNTu+7vbm9WwXq23V9ft8fHxl19/PhlX03QcWluvx2E1HB4fxkHn4+HLlzvY8NPPv/70ww/rcbiZ7tx9HHT/+JzTYbvbnV9er8ZRU042pycnw8l6fPfu6vh8yH7M6MMwPj896Wu5vL4yw9NhOhym/fPzdrf55rvfXVxfZcb777796S//7Yd//T/e/+5Pp2fXP//4t1fXbzeb3e3N7fW790/Ph0+//vTd735/8bt/6H2au+sw3D08fPlyc3Z+djzMx9s7ZOhq83h3MzZ7/e47QhXjMI7rdZ/3NVgdZjKmBXE2jqAVEZUGKW+/mYaHSHJGljaJ7i+AJiFoJpkptI6LF8TMLCMVASpveEeJBAEiiARHvpZRUAvnqmolRE3To6czmiU9nKYvoDI4IAz+KiSQZFdw8qKoybDc6lzqDHIDJMVQbJYKEt29NY6VCpcU1l10vqfDfUlwdhWONgAVp4oMgtkiHj16MLfCs0ATCgHFVKVV7CUBGuVcwiYCkWD6CALWrIlxnq8wTxMpYjUsVVIsST+oDbzFqJ/gHNgUZ32jiEw3qfkYeLmZGY68OFmJVmVQMKBLXfTSxSHTRCQ8AaEYkPmeSikgkoIVATKdvtpEqkokWedUHaSpxOzoKFEo5+lQd8FZEss5DAEcSRK6ioAFpc8URGLgmhHQwFZ9m1lNK5Dy2IkIglbSkBSRlhDPHumZHUJbYQhgKoDa/+ef/9+slkvJxk+ENBWKS/lPvmL5JJ7l639LioQftVqhLBhmUajIMrh+aWqwhDMo2zsRSFIBL4igVY1iV88MqNDnzpcDAr6JQAq3kKqQr6pOCxlRWZGUkFHmXkplJk2IlIAfWcJ96uMzE2QHltqzAIGSalAZsqjGyu9Mq5wgPJdBcQikCJa5a/yL+jzO5iiXj4J19vJMihrQQvtJf5giy+jH7c3NDlYKQpZjkXAUsF6WjMxQAYeQvSRbaWkD2fUt/g0U61P0O3s8VHVb40wXxmaR6EGXSsWj85RK9pHsNkSk2g6CxFoYrZCLsCq4lwdUphLIQvcE8X4k9frVJnF7iIgV9wcsIT+gg2YZN8FnaExUgBojXASyGG2oYOEPMR2Wgx4Lq8DICEk4IwKKUyr7B7iu6vdDwjNCH/f47ePx46f98Rjz7PMcrFqp3c1EzfxE+Z1r22RyLjr53wR0CXLn1FhkSiosVdVstLZCsT2Lt1ZEVLhaIbDW2PUiIty1mq8l9KqzUo3qjox8FAFXlshMahGjzAaSkTVJkTwDIxSklh5ZifTITCkdYBJy6O6iyzNbYGyuwzIkcM3y/5alopVjbazwTFSsWk0zYv88l+KFzCM8jIjwHtEl05qy7WS6BzIjGK6sXor1NDFbDnH20EvyaTnWTMS0vCPhtSbrI5dGN6FSdyfAdGuO8WZIrupAEzxLBTXjGV4IlOo8u6SA5L6Q4tSMrMPaSmTM8BLwoC8fQpYTquwCED4bI3ZB+W/t6kRwcfW5ZzEeSIAidqgN41q1BdB9HgZV1SDeDZFMawamjkSBU21ctaZqmhx41wYlBiea7ukuqjoMoKINMbZx4KpOF9VM6R7GykrIqKX3CbUAEO7hhJag1mxonuEJa81aE2t1cURGzOldA9m9+5zevU/I1CyrGEQAN5Mmmhl9ntyjtSaNkoQaWi+wJg0IhwPJRBcmVzBTSsR674fjUZHrceVzX7Xx/Ozi++9///7t67u7e9Xh7bv3t7cP6R7uh/1hv3/ene6A4fj81CwOx6l3H8d1OMx0Oh4oHVutN+49MxEhktPhcHJyAtBGKQmPiMXvLYkcxzVPkKGNZi3SkbO21eX16/v7u9Pzc7X10/28Pb94vHvoHn/6j//p+vXrm08P24vt0+PTX//813fvv/37f/xTG8Y//8u///rTz+eXp49Pef32TRv0//r//bfbTx92F7vPn+6envYR8/Nhb4qH+7vV0Lr39Xo9rDcKQahne/fubfa+Wa+ttePzvRjGQR/v71ebcf90e397G67jycnpydC9Q6TP0+PD48l6e3p2+sNff7q8uvKIzx9/9eyv33776eNHd7988/bh7katXb1++/z0ND1NJ5stWapvvvnu9OwsRY+HA1QSsVqN2tr++dFUIhA+mbXNyek4niDj3fXm/dtYDb0ZE35anWTlyh1L2Jj0GqWqVBpZXVmZFfqZAvF0ZqQDbozpKSJOl6oJC7AEgYlog1kbm5Aq1iLhCvlhtUAyCgU/qjC9OuEiMG3WDFkaa4pejIElitSCRaRyKQoLlxIplC+LkHmz1syEIlRtEK3gOwmBRM7uc9CaswxUyUJni44u7JBkLwJIM1mGHHMsSSy3iVT1WEVxSQwZUKTQZkOTJmgv6pIkb0yFj1ZppGomzWzgBxY1xcCU8ApJ4jxtNmkciS30fxlAUZDV42ZypDZl3VWMspF2qEs0FxhKkj0Jf3jpxhVkdciDkP1W9lX13nVhZmr6wcs9KXWNouAjqKpJQASm9qIfJ3Yj8t/JcIjDaAAoPXbhp2g2mDX+En5KU1PQ5h6BDqF/jwubS1oE4HQ1dl4qBW1CWSexhZABcBFxFmGqsdywLM74vIGEIhURLoSkqUUpsfYCfgOqEiEJgSY8ejJ1h55viexcOlE25Rpt2jNY6IMxNASRpVy7tFGy7Kak1cO/el8KmmNnZiVRhzBNKFCTGgKaJPZrboFU18ncba5OYV9pqrb81vTIauy4cpIDnliRcKVLJkQbu+3U+ggUQYjC0pxAJWNql5B4VrMRIRE0xUiB2kivzKceIaijhL9RRSBNpAJ6QEuAsviKjLDGZhEQqXAWaUC5WVOAVMA12E/Gi1oAGWDaT/19WgnAW0XwyotCOdMgUUr9It4CTEDk4aI6KINAVZJC44yIkGasDBnjQtqxtp68CN1EWml1TBokkEyv6UrlFFoiTJechOSgaA6ZQFWuEEGDkfai2K7w/xekEsE/JBKqMJZ3JSsRXYzv6u6qApXw3j367HN3VWL5WE509r5ZPSHZKdNc8iASyYkiWOJiaKHp7kxe0PrQtojuK0gWUpmzFLWHRyTHBiFEcu6qoqoukZ4c74pMwCOdOFawXc8U1N4qX4wCyforTUWaRV8my9WxQcgCkQlnHBJxF3ZViVgGemRGzFkhczRCu72cJchhXImzgGYhTPZOyoJD/xoiOVBPCaMQyUlkOLJRERfObi0r1TdF0uPo9LxRXBWhMiBj9slCEyYDLc+RgvTMDFXVbJGeORFFQpWxQcNu8XrLGhUhpWcZDNj3DA0PDh9xn6RD1MaxiUpETwilATGHz6Gq1gaB0Caiqq01ni2tWQ/nP2QDA5E2tql7kZMBj2ymNJiROKeAMsQRqaLZicI4JLwnxbgvbnxWNjwXHYGQwYahmXLYSMR87JGIqWszUc3o0TtsgKb3WRThROMiAO8uKbPPnkGSWRDz8RDRoyVUHSHS2mAeLvPisRNBSu9Or25kZnfJRMAFOgxqTVRbswjnoJKQzg5LBZxy2b16TqGb0AZp8HREqrWMlu5HP/K1qQ5iBkHMvKcixQvhyFCRZg0ZfT5CVG1o43iyXmfkPPnYxouLi+3m5Obm4frN27//49893D4fD/uz88u3779X08NhDk0TOz29dEe47M7XPg+fPhyl2WZ7ljAdx7Oz3f7pcRjHHhrFw8g8z+M4qvX5OE3zERnKUXdCGZil8xSEiU2HQ7MT0QH9cJim1WZ8eLiN6GeXl7efnvrcdqebef8MNLXGOeNnZ2c3nz5tTs5EmyAuL3d97sfD4fR0l5KQ/vB4gKSOeXf75fnpwca194nqh/1+v1q17W7zcP/w6v13lqvVape2Hter77+/Rs/N6fnF2erHH37+8HjTmuyfDyIGRXf/219+OfnTt63pOAw2rLbb9vT42Mbh3fffPz4e17uL8+vr25tP2/OLP/zxH377+YfNze75cHx83P/dH//w7e/+/pe//uXf//J/zPNR2uZ4mM8vL5G0vGNcrU5P1/f3+2+/e9fnrjaObbWfD19uPw6P95uTFrmKdCTVA6ovYxEJJBJkQcXjUjRS4kQE2+ZI8HQJZFPpLAVlUYDCiuVWJWZJNDcCHinO6F9OjhAskkIhqpHxVf8sC6boyckyrPVVVEIUUDG0pD6QfX33MDGxYsxVMjBXzqYg08tzFaHWjNG6PFHNTBUpnp6d35Gkn/O7eO9tMI+I7Co1TkZMVVv27u4q0qR5upf5ERWF+FUxytmK1PE3iUxJK7xYRNK0VZmuGhEQaEBVWQuVkZHH/4JIeThjnzMTcHoCLat86xQjkbWkr1le5rVkfXeoQBNKYFWqfpJMem14mzJVhudJ3eGMN9FC2FJEQ6gRQniHWGstk05fF1VNgxXyrQrOjkDpnSlmXlA3lFGb8nhUAAtLNYUIdeUqapIQIRfRCOMKIM5IkqW2V4EUGsWOp2lNixPmCAsE9k//5X+mZILaJ5qoVYpjAGhUMebALj0tVzDbQT68Yh+k5OyskMoQx2b4RXvEReLUGAjltcJwKyxxNuGF5cuieqBwphormvqY1E634TK+Uqofq6iGFy1HsRDc8iXnyWBwhrAsXWBoNv1msnxbsgWlFOM/ScWCN4rQT+x0+PJXL8v7pZtlm15vnbi6lLV1ERRKtcrEgymxIyZRPRafFf0D9VSX30hyLVO40V+qpqryl8AuVBNmFdxdRpzl/ifYLAJZuh3+jiAyykepNVUkGMT7gqEIQ3VZgCQbhQWPTwgG00oLp06JnZFpI5FHEeMihVMh7q5NUhY4n2C2iEDVFGrWVEyZ/06QD4WOmDZFKwxFispgZjil05BsJQlskoyPVwrvlGYBOo9Z10qtKAgSnpKaQgsR7Ula+zYz0z2eHqdPt4cPnw83d4fHx+N87N3DvXvvrLJFQASobOXlctYltfJF/le1dSLL/6Q8eSAkBJCANBM1DY/s89LJRobz/cXcGUkREX2q9Jt0tybWNEu2LhFBWxDJn9IK6tIU8m2TuurFNBDIlppvJwUhlC9fg9aXKqVyOWEziWGrsbs3LZCcfBHFOS9r24yWNdE28Aowg5oMzUYzBXrMnHRRNwGRoHAhJh9h5UFgXA/t7eoRCqhoRD0oXYTkEEnPzOzeI0NCPecUV1o0EILs3hEUO1IXR9Y7ZHlHtlA6dZVk9ZdC/StRMK2emg0RgGaN0X2998w0ZT5sUH5Qw7uyyEY4UOzi4kOouCakRyJIIyOBml/n0buULTlFMtJVkIiIaMqhxTUFsZlBpTXJ9D5PPs8ZEe4p0KbQiMh+PCagw2A28DJpA8F9g8igBqTPU0okExD6nOkCVwWyh/s4Ni42G4f04Bim9LBxaENLksDdjRktrakqInLu7E5JZyFhDA9qw9BWjANOiJmpqA1NVDw8fBakphaZwHUIhUj0cHeImppImskwtLIVtVb3roiN693Zee8+Hw7TPPd5PjnZfPftN+/ffrPbnf8P/9P/OAzDX/7138/Odn//pz9eXV883z2vR3t6fLz9fPfNt+8eHx/ff/N2sz55vL2fDofzy/Onp3m1Prm8vNo/PT7cfDndnW3PzvdPz9NhPzTLDEIBIuh9ipiZVOPeOcrCzPo097mv1hsxRWB3dnrc72G2HlfPT0/T3K+vX/eel69eXV6ezbO/ef/tq1evMtPGlancfv4yDO367bvd6Yn3+d//9d/m4/7dt6+3m83u9OSHv/z4y08/Hp9vvtzcrYb16fnu6e72uN8nAunH4zwMw253ejjOb9++vbx4dXP3NAx2eXZytlt/+fxF1H/79dcvn79sT08en44//fjT7e2ns8sLoH3++Ntmu7KmkXF6etLn/X4/X1xcPN7f9ePUxtXz48Ph6fHN2/dvXr2Cte++++7L58+fPn549epqPFlNx6frq+vvvv87dMnIw+H5cNxP03TcH29vvrTWDk/3EXj/zTfdXbWd7c7a2LYnm++/OX3/PtcjjLBXOfuF7lxUNItoqUSz4EapM9hskdpHZHZkgLrq5P3RVJWSfdGm0KYmytB6UAzcGP4DUbXgrMkXZEMUZDupypTkqqYNUiseSxNo0oyMIal3OAR110NUxKx+IkS0hpHzsi3HrYoJDfjaCCQj1d1BQ2pGUCiEyHRFRsUls2kh9c4TDzzqhfh8GwSiKRFLEUhTHGCiTQaFoTIrpClDlmhjapJG7Z8sXi4qB6JGwdb9uGR+UhNrVsLZqtuo/ClArAjW1sxo7ctlWIosolXGFuhLYkGmqgnlplks9OJbhhoVQQyh5kz6rzWRNgamRzEJi2mDdbZWogiFKLbQscwwYvob14EhKcZQAX0jjRE7ZfvPl9tTmExtNvCg4qcyUerkCZalZGbNfVd6KqQSFxiFooIWJUJg7cwJPAS8FzFNOESYx117gQQk7VYFg9EtLhQ2JZAVlcjv7RxnoyKSyjFWmZ1kdiJZA3gm8066e4XO8taklk0QgpIURaINmiEqGZ4qWplHAN0ImckZ81qZmODI1UznCmBnoVlafMlyANagTjL1AHt0VQMiQl/yczP4dhXaGbWYNNFCxAK90HRZOAuWjukiyomtosK+ECQ4FtC0IkA56YsdV6X5kjz4OlRNpbQ5qCguTqSBfHXxMkwlAWgqo/YyISruThN/UitF0amSUJHyPJVqi8rrjAhVZM08ZvHkKKEIaQsISXs23YkCURApYsIXFAvj2YoYLSYoiyLgSlZlOotIS8sML4+/ioNG6sgM6v+qDBUBdUV4qTVZF0KQnEiOVEMDqGUpPXJkqFhGYgm9TVFAA6IpmmnSQjThWIoGyVSzBGVY7IhCYjEQBOaes2dA5j7zVSQWbLmIhVTVxRkiWoQtgxJcedNkiDQUWVE9ZLo7urURgYCLiimHSvRFAxZUJQrqz9bZ495np7KqTx0ZYcnWLyM8PCOlGQMgRJDkX0T4opXm9cACS2RGMAYU9F+wmgaP/WoLi54gNhtRjSYpUSDLLFWSFU6ASUnPNChUEdRKQUyHpsE3rCrKS5EcRTmieImaUjPbm+hgy/iRrIOJXYE75SugYoQL2KM70GRoalCEu6dLSMQMDTD2eZlEi5DQl5hUpKc0UUYAkUKhFih6kp3L9EAixD1wzAljM7WWDF8Nb9oYb62AaA6jBdIrGyyGKkODNDcQooZIhj9TmkPPmiJjJi/ZQ2WQkcq7VAG0CVEQp7KSZr7qzVRE4MnBNunerbXwzPA+T713FWNSoI0SIX6cTDRbs2EkrLMsBg2ImiAypxRtFug5R3RTNJgbMj26Cyw8osc89WFszknJTTHAozyX8zSrqIeTtk1EZrbBeNF49whXHUJDDZEuSWRXEzqY0cULAeBtaKw5jkfnNe8EWgLpYYOqSUYPj+h96rOYmQ5wEbM22Gq11jb69Oz9KBmmw/psd3l5uVmvt9vdm/ffnazX/+f//r8b4tXr69XY7m+f/vaXH968OzfI5mTTBrt+9ao1++WXXz98/NiaKJph3G23z/cPcB+Hoc9TPD3GvF+vB66lPk0QDG3s/ZBJTfTg4fQMiKiNzbv3mNcn6+ie4W3cNPR5PiK76XA87A12dro+7g+AXl2dxexn5+fD6uTp4WGe+7e/e3t+eSrQu9vbx8ebca1fbm4HnTZnu6eH+82J3R785uPd2Zn/9unjajBHHh7mcb0ahpO727uhjbvzi1evrtfr7bP7OLbNZrNer07P4pe//TCOul63TF+v2zCOKtKno/v8cHdzebXTtjo873uT33//7ulp/uW337799vX97ePTAZDV7e3nP//L//mHv//Hizdvpv3+/bevf/vp519+/Onq9fW43k5TbLeb8Ie7u0+JvL6+nI7Trz/94tP+qJiPB9Hp559/Oj+7GFfjahwSUCa7QU2aqYWUtqAsYawqFsYRSYV0LrNcM0tkH5DghRw+c+ItFT3CJEIsaKyIECUUSUjjDC2kSKoqZ8ZEZMm8GWfCP8OjkGEqLGiSKIlwTAx1lsiAxKBWc9aFo8jFvXv0rI3M0HeomJhJZrOBJ+5gpjDUl4sUMcZspEc4r0dC+iKIntpEpUWVeaGwzDClxhqilqU8zd7dypEoweGPQm3LiKgUGllmNqYgui8BbEiQ5uqEcavA4K2KRIaYkpeWgqSBhJmle2RVJWXaCwdbHdjCcHok6zxlDVdV86KcEKSkZzipSPdIuNaVT51qltiEIl7NTKpCgcTSJaUjhJ48iKS2XMLazSJUEk0sdQFsUFVTaYmJiItGVs8DaZyMrkp/HnkVnohqsLoCpeC1RrysEKdIFEjv3jM90yVCLDPDGC3zT//8n6k8yVwA73yxJPLLCdG/0quTKaYahTBXZpZEhp0UKBgt/FqSkUmlgVg2W+GFvJTTa5OxuKWLkEKGEvaQUYhlKaQsKjS2yLwwFjolMmteGsk0+fpfVFPGFZq0bi2qlZSC9NggcmcWrcCHkXW1a/VCZU4vQBvs1YuAqZ1qjepkVeX9ZFK6Mb4wVbN61ix3MkvgSRUQXjDZYjY4WFel8gszliVMWKABFR2UiRTPojuoOXrx0oqy62LzxiAfkRcSAjRsLH+MfZyKJbSa5uSqYPfBii8XtaEIxKS1SmwkvvFCTZSkR5fGuHIjRVRNSXAJH9yoMjRVgRmaSatRiwD7bF0G+tqiihRKNJBVFy2PmUYP/hG+n+qb8fKuIct0iqXSLXaCtRFVFmxJ6+VCM7PBaLlI2mtE5h5zyuMxPt8d7h/63DHP7rNHIr17D6k8hUXHJhURlRkIhC99Jh3etZ04nyUz3aypjizZGJkvgnhJlJdyQJb7nLUUlqjEgmD42oAUTgCgotK0geNpctmiTUUlJUmHMXGhOk7K1QkBUVuGxYK+cGxYSDSmahGAEm5nM5JFhKYIg2Uiw+mINx1ERDStqWkbmmmjkpJpVuy1mJ3bw10FjSJuiQgvG45HBCtyguW0CtSCC/eeXVJM691zZK+KRFSer8BqUGaJYJ06P1Q+VZ1/bGIiytKQUvpXLvCXQ4FzxaypKQfeQc2QycYGtAuwjfBEdfmAShsMie6+HFXkQnUhYjKczYOK0HJTw03dI9yFmVM1UCY5P9dMTcS7l0aqDhxh4g1KfhsRaMYiCYyo8u7ZPYF2sqKPPAG1tlqtWXMoLD07wzrTonelQYAKPy/0JDKhaOR2VIHosydgaoh4QclMjKhBdz6l7L1nBOlQukMAmaaJDKPTPu89I6L3zAx3JIfI+TzPrY2wptoixfsc7kRuo/eMLkgbWmuN7/Xk5GRoK01YW8AAACAASURBVO+9z4fpeJjnGbDd2dnrV28eHw5I0zZo4vbm03Q8fvuHb1PaT3/76NO8Xrfvvn+7Wq2tDa/fvfbUZuOXm5tp2p+fnw3Dzsb1drd+enzenO0IEntimubt9qy7A/A+l6NUZO4TMlQb86LGcRRBIsyGZkNG7B+f5jmu3353sjnp03MCved6sxOxYVjvzq+///vf/+k//sOvP325OL+YpxkZ8/Hw7u2rNpx8+Xj/53/79883vwX84XH/22+fd2e75/3T4/2X+5vbp6fD0AYXE7MUbE52z0/Hk83J69dv58M8jie73en2dOeQ9bjSzHG1enp+NpPpMLHdunhzNU/Hu5svGfHm3bvD4fnpef+73//BrP3www/z7OvN7unheXuyubq+nLpvT8+H1n795Zcvt3faxsPzo0lrtn64u+PQ6v3TfpqO0ae7u5v9/vnh/n41rIahOcIDlxdXonqYYxzXEZV+roi3b9dvX+d6SGiKQOCZFfGcyEX/RkSM8SbByTnJGaRU6VSV4iXkLkEaVAfjxlGVxTX/tYQqLX5ymnUCzZTZb1ollgZ6IiDMXBmWg0NFVFlfQxsZbDFCHcZLkyeqLMVsQiQrFoY4r9nQhmaDiSkwtLHpqCrK8YdqKoMSPI2lCpQSdSNpPW6orIzCZJV0MEs/4ZmfFchhRv8ykGptHFa1j3lBqzZtpoOoMEVGpYkWll/YMfuxQulLuFDXujAioBEvX+TJWSWvyDJiWdWGhZDRpTiUgnlTihEhU/tiSQ1nGmOmV5RiKSKMhYBRb6MCFdXGcoaFWXEK9EuWhpAch758cib5MKZISqEuRJFUWxZjUy2nijGwvfQYZUipWqHZsExh1uqeMhOhUsmcVm+Aynd4dsIqvLIhqkxZ+ud/+l9ZwNG1J1k0fdTXQIkgRGE1lLJ0CImEF5YHkGhgrVrBsJmsLINI3WLpy2qQ2RsLa3hPD1Lv7lmNrzP5A/XpWDMFqoJTPhcUM0JRSkZ4oDsFkmxBICCRtFgRSotUxs0URU3UiPi6sfkRaXl5AQaWTkSkSs1SsdEkUP+wTJJWha9UspgOahxvUbJ7VmxNB5FGdVMBwqzmiyjiFV/fFOAIcXr9vmK0bKAp1lKYSiNVFrIMZxXNCE+vLohBKBQvIQHIwq4BpDO8dG+l5qa6t7oRFXoP2VeVbZqwO83mRUTw2GR3wWBjMQGQYuAXX7CC6gp0SbsxgzUZKnCWG4PZ/Cqi2tRMmlDCxPG5AqPVUjgQkG1OuWF4tvBQqi6UVldU01PSt6poTRbiA8vI6vBOa4dyqFRAapQ82w8iQFn0qLXno3+8me7v+/O+T8c+zUefO1cQd0JESJawqk7tKobNjCkoSIpjJKnRYxNuHL+gLD1WhepKJEeAsf2de9SnrXKZegr6ycyIDjCDh4QpAAlwEEWIwp3pS+yqCCJLkUlVmHLXL6PsiAZVg1nKxnqEWQwYnxYnbanawuotMU7V/XJmnEE5Nkva2JoODNajcVoLZIusRFGuPVGz6BGe8JBFEc61IxBPz0gzBvsTJeJsjhTmg6qaaorA4T3m6AkGT0gFW2XyqKUqLOs+mUkF8aA0ozAlSEURowBVOKhlRyBfVCWkymr3jFDVzPTuwdBVw9d5Jlq1CSo9GapGOoMyoeRXzoCqGprYcjE5yKoD4e49BFmMXkAUTUVMM6UNTWyMTA9KpIWLOSUV2tPDXVv9HGtq40rbYKJ8cK01iPFEKPUt5356SCLhfZ6k4glCX+7y1kQtwtmR1Aqn5C4CgnBiSeLeUVpI8T6/XGLWGsDWy1prhIzUNBOKHIahtaY21EmObGMr9DFcJVVtWA02aGREBL+I2uAB964yjOsTnyafJ44ssHE8Ozt/8+6Noa1X67dvX11dXdze3IjE7uzsd3/4/uH+KB2vXp9b06fHw8cPt1dvr7ebrcBev37d+/HwvFddbc/PL19dhft0nC+uLlfr3fE4wdB7aGsqcnq6PRzneZ761Ic2MqFtfzisV5voDMhwDwe0tVUim0obV5dvvt3vnw/P9xCBtNPT3fb8sg3r9++/OT07lxweHqbf/eHb09OT69dnN58+R8jVq1dfvny+vf346eNvKnI4Tof9YVy32y9f/vaXv8zTIQLrdXveH0/PTh3abGTK0+Xl5WZ3vt6cSiBVT8/O37y6jp5A+DyvVno4Pm+2m7v7fRvb7e3NzefP0f39999Mx+n+/v761eXV9au//u2nLx8/THMf1uvbL7fr1Tj3/Pb7b9TsZLP1aX5+eog+nZ9f7C7O2jh0h6pExucPn1SyR8x9uvn8KSHrzbjdbc8uL3an58PqZFgN4zju95OInmxPzk831xfj2zeyHskLUTANZlVnRYW5u/O28yWiB8hkgAEZ9sxCNjOXo0tF1HRguU/NDYETlrRJikAXsTZPz6C2lTxwAYt1V1b2JafcGoNrRm2isJIUUIPOWJTyxCWjbwFqjIUagyrXRGBNBtWhEuVFINa0SWpjPbrANZVdUrnkye1NZKlsxFIgM7zI6wws8Z36MjyB89RpMpYq9IWXZmMdDJHyXVRF6awcNFDBPGxqeFZQpimcOViPOWLJqisQcvHHZ6WR1hBRK9AHpSchNEatP2EnMgxVxrAyE0WitEy5lKBaZaEUikScvpoTXuUq5DfYvL0gKZKJSq7mxSjCM99KeCFG3yY0loqTyOICH7GcTFaczWxRSykjywj8lwp3AfNR1697OeuWQlwadc/2X//5f13A0EDRYEmDhIqWpqpucFRzVSgswyfLyZoZVQvy1ypbEs8qbTnzbNGmVN0eInTMZDI/FXyH8RUiL7JmebogIkZtybJis35FakaB2chFHSKAwz16zWuly5HDvkD0jEhkRDpqPAK7DpIe1fcSoU/4S3/w8tbJQtDRUX862Zor/cJSI6+IiDP+xatPpQetlmdIOOM8ZPGLo5JrWaPq/60aBgAxW0pZrjaoSqPMRQERhmzX3BBAqstfTjG+/Pp1+aKUSAnOKlPRxftBaVtBuNwY6dXglX22ZGpUJbDZSKmaIFhqsiITAUUfxRGgkFkz+iL5b0Uzvb7XgjWbmCwjwKX+m5J5VRPOBf3CWGntECQyXWteRVEEi4SxhNGVpUIclT1d9V6kcdiSKTirlFtdmooWUGIDgOM8fXl8/u3L/sOnh4fHo099mqbwQARjZzy8x0SL6mLI5yksokYygmxNZOlrzGgyVzELOLRqTWZwkTHLzATcPRBW6kcL9+ilZyQ4BEiGi8AGS7JcxKOj+GuUJERUxaiSY6oPKM94ab2lmgCBLMyLLguE/09yoChp1eURJLWhRQCYQUSc5iCRFGuWmaI5tmGwsdnA25ELiLkPEHSfM2EiRHlFpPcuCBX13pmqGchmCpE5eOgbJ4l0T1B3GJGVDqciNe0StE8lFAMbXCHJIahB1gx0o0zsBSshOYbSktWXyQDHd6stQ55FhKIhvvKkAJ3LOIKJ/FZuteXUDe9RP6cOn+LGkMhQhRhtDHwZEZEKWBvqxlq+gmqkh5haa5LRfe49KJjn+hlaW63Wao0HHaNUqc5sarQ4t2E9rldIhcc8z5FpOmZi7vPYhjYMqjZ779NMLzUUKTCTDId7765m1lpP8aTQX7Ou0fDZu3dSIqz2rFkbBhGx1shAEZgyswyoNYa6g7lepEJURaT3OTJVywNZYlJBePQ+ZwY94d2DIi1wP8ICCmu2GhHR5+N6NY6rQUR3p7vVuPLJfcJ333/z//h//qexDXc3t6vVoFiv1xuzdnq6++bb189Ph59+/G1zevqHv//u9ub+x7/++N33bx7v7/dPx0i5vL54vH/YPz3dfbm5uLjcnZ1//vBr5rw+We+224ebz2Zm1lQxTQc10daA0IjtbgdBnycIn6j2cEnZnqznjt3ltaQ/3HwehmEcV+v1ycP98/nZ9T/+p/+oaE8P+/fv3v3xT989Pjx9/vT5y6f7cXWyO9s+Pz58+OUvP/3448XZ6e+//+7+5na7XX/85ZfM6bB/Du9XV5ePj/vd+Vmk7p+O52fn03F2z9XJydn55dn5rrUGtMuz3cX59vJi+7w/fv7wYbc9uXp18dMPvx4PT6vN+HR//3B3N45ja8Nh/3T7+Usb1qtxvb+/NZU3777Z7tZ9mvaHydpwdnmWobd3N+dnW2RMk2+327ZaIcXDr67Ot2eXu5P1entyerYbh7HHPO/30efj4TDPHWjDsOlztHF9ujsZmmzWw7dvd99928xmmlwFKWhL7eaZjLaEiGW6cNZHeiAggJeeljUEgIzFSgxRbSqtFPZgcJgU7ypGGZ6UJifBX4FkkH0CtAQUPymphIRRVTn7BRUCYRQiVBzzAv2XYrgHZ3VRyKvajECkSmuswkVbMwSgOjRDShND3XKJJZmGziji5MSqWfYxet/U+GFYJicAJuJwIrm9DC+nwzA1tWAX1qZqUtMLWGMR/EwB3HuI0xcHJRH/krakHOXJPIgXUKuEVqz3REQ0FrmJFORXQiwIooYbeCYluJV4EVnPTRQoGVfhNPFS0FLGUrc1RFjqLDMWWc0qYyJMks+KKC7qXYs2jmCmDryQXYOINmO6kUn1fhABxed8NlXNV/1M/JgzzkzKYVws1gtH8FVSEz176WJAPXuxx4lsZLZFCSrE0tiIhHZ0FRE0lNoEhRmCHSxEzCQ51pTQemZm9Mq/4ebhvKdFLbMUmLlUkiVSYT9XcrdQ0nDcZqIaxXszhg8enpoI13rKtYvVy9mTCU2I8SF5RqR4ZDNqF/gxX5gl/ujqrcPpF0wVJMMnuNbLDsKHH1ia1CSyKEvpRHQXyp6YurowtaR5HzVHLGAQJ7YaSwdVBXgWophEkwEnWkAMXSyL2ZFizAJZTp8CLDK95ojlKKIJ5iFqZkpKT5haaqY7dMH02TPx1RfYSzsLUKwfIBJwScwk/RiLzV6QU+5kySjIBk0io8LxIGDEWAoamy5IQk1R8DzbasAsVWA8XTQTFU6JmibIiHTWnItqp0ocWRgKMGIFEhaZ4qmwZYyJBJdKlmyZFXEVuaGidB8XdwY+XFOkcU3UTEbyG+URo7idoC+Y2oREuNfMI6ElKXrvEbOna7A/y0AOyJTGHjAD7h45C6BqopqQBk5X0cxep5ik4iXftzc01eZe8Vmlz5L6St4jw5sO/OrRoQMP4urVCM0H9ZdVk2cuSn1whkQFxgAoeIktfyrBLRCRlNK1pIgkB2EgkBmeotIYYEIRTiYHXytlqRDPhBOnIYeT1YiZpESiR6aCE149ENmpZsdMm6xIRJhBM+f5EJ48Gdo4sj2I3lWQ2U1b9gzvyo49kqMYTEVCnA0nZ+VxzGO9Vqg2IttBbZUkp3T78hUjEt1FzdKgaNoS4XVzSAoy6LDy6OiSmCcbhmFcN1U1O/QuHlIT0zNDxIqkK1eFQLQ8WnyOdZiSaMjkQEwReM8Mz6YFxpMdEvGUCBAA5FOZu5Mih3M0dHDGZ7LZQyJEFaIaCfcePRIW8GnOmEJS3F0hCIjkUFm7Gt3DU0RAJbOLifV5jrmrWBsEJjpYHmd4jMMQjG3t3gazUcVhauxcVeDRkRKdOSNF/ahazh3WLCOAPrkJVC36PPeuZs3Mw4cmw2DznH12HpiRMLPWhoS7R4RnD0bK8lZqq9XYRoGET6K5OT/TxNS9DeN6WJsO6/V2XJ989+37Pvlf//y346FvN7tMvHv/ZjxZPd8/758e9k+HYRxfv746WZ/Mh/n6+nKe5+N+Oh7nd999Ox2fnx+e20p3F+eb7WYOHKcZmMfVZr1enWxP0vvZ+dXHDwfaEqy1TDEbvXe1hLE70pNxNXsej/tjn9ebnan0fmzN3L2Neng+2LiBahvHdVtNx9hsV+PQ7u8e//wvfzlMXVebTx8+/3//t//t5svPH3779WS9Ors4fX56+PVHn+dDM+Fo+8PhcH39ejpGpqxPTobV+sx0HDaCNh33fVpdX11tTk9X69Y0N5vVdrf55Rfx1NVqNY7Ne/fngw2ttdWvP39+992bafKH/d0wrN9/+7v+/e98evrtt1//8R9+vz8c2ok93e+Hoa02q/PL6+P+cXeyPh6Pv/7yy+vXb8Lz6W7vx8Pq9OrL5y83Xz6cnp4NJ2uNWUMTctg/3z3cX5y9+ub3bza7s3k+Di0fbm4tI+I80ZDLOUf5tjCCAInk0Y7ozFxKJqYwhi2IcKkqGHejogiI6csVwDjUzFQbkZGhRd4WjcpaX0VImWgUPCYqzTFDoNpKS5O1KUVUJJCGhAljakuaAiASqtq98zgqFQBYMrKYlUVjZFrYrYamQSWVFIYuOHdJ4+tqkCYNms7R79D6N5w5kEySlkxvrSXLSk5zQYDB+Snuk2JQHVVaTRcWMJMmvOBIzrKghHX56p4QU+0RYNvFLNSEmUXWzUbNYulNFlK3tCoiFc+uCPeEmSpFD1UcCkeULhE1orzoFwxUExUqX9noCCxY5gI9K7u1zFziCISsi9KTkZoZKiJp9TMtkWGc640o9iPBUQeqKlCFBcSjS+X/CICQQMk0CcTzDHSFZkaPQMLd1VSauM9JwRIzqdIDDg9e8USfvlqnE/ZP//S/Kr82K9BILDEcAnZ/TUSRkmDSSynDEaW6yYL6+dMzRDw80ROewfi/QpwTJU4VmnJkYHktiZoVtcCKmZRERmWrsDpkXQ/GJGGx1zJmlRm1qWImjTUi2f1AZjqyCDpW+7mE9cgyYXaJr5FMqA6cq1bUPv3dlPMWDm40MVCGrKXkKH7COIlaltu3RLWi2ircHwX7vdStuZAKIkZR/oK5V+ujak1FUdh5dQzh/FkLPSS1C+pRavU0UgCeswtkQC8o/pHMIOLOkpoyRwL/IlrWAOXq8cxK/uErwiLRq/JdwEWsSpVQJKCLbYAWfXmRVHEoGCs9EVbfxndY0w0lixzT0gLV75bSa6oW+UmVGl5afySkGKcC8DPA8DGJUqhk4SlQAsA0KSxMQT2dBaSGcxnURjcA0galJOLrA89IRPjkefc0//rpcHc3T3NOhyl6ZmTvc0Q30DecUelNA4HnJTg2eNKVrAskcRSLRIuulSYrFcv0iG7apA7xUG2yECsIyXAlUFqwNILzmD0EYJfEHbjwcnixJFQ7yBNHeeiUN4JrZXELJON+S7e9uI9KRVpCmGX7FxNV01goO6yNUD5sGjqolRVjWo4EpwEah08nqPDmIvTe3WeBMs8dGVOfkbEaR08ngVYj0E1aY6srpCb5uPmxXyg6mIhoAf+qWTI0SQaGiEVGhBdyBYYEEv1hZyllySBfxPa2RAOo/AUyJppipsrYuK4qkdKMnDCfI5oNhKnU6sxyjlkAKsGvXhaHeVGBw9MFpStIZ38OIW2rpvWSIjqPGc/QRZmqkEjxhDt9cimC9Ex3d89MHcY2DOlBmB9iq/UqRd19HIcCVpYRconI6NED6dE7F32otMG6d7gPQ6PyLDNEtTUl8sq7v8+TimRmn2cBINqGpsIZvIOYDMNAI68KK5jISMLnAg3CtFJmidZaqZsSkeHzLIAHzfQmqsj0uUMwqM5z92lSxXE/zx3rk93Z+aU7Tje788ur3fn5YX94uHs+zvkP/+EfVuN6s91FxvG5j6vh8fF5//R8sl0P4/h4/zhFXr2+Oh72Hz9+sTa+fvvq44ebzOiI7fZEXEXbfv/ofU4P+rju7+5W65Peuwm6z21oZoN7TMe9mJiurA1+7ANzXBSDScqQIcfnB6RTSff89Lw9Pfv+D3+/3Z5Ph35xcfH6zfX++fDf/ttf7+9u375/PaxWH3/76W///t8eHm485ejT7c3Nze2tqD7vn0Xk6XFq69Ej22oX2S6v32zPzjebbRvHYTzZbE9/97vfTfs5PYbVcH66Ot+tmunn2/vb24fnp/12M7YmHz5+mfusmqv1mKLnl2dt1cz09vPnSHzz3e8C+eG3D2ba2mqzO7n5cjMdDtvddlydqLb7h8fj8/7w/DxN+9VqMGuH/XF1shX4HNM8H+dp2u/37jEOq6fj8+H5cT5O3nO9Ppn2ez8e1+vV6W7z+nq8vJiHNkv2zFCKaBKBHtTahZPr++8V/6KZpda3oGizRAe8LLib2Y/V4LoELy9hrS+0h7HnUGG8u4rRUyWMfid6XQzVyyh0Mov8WxO1OklQv4G/Zak8OP68biSzhhTOS6+DywYrGL1qEKsojsL4VFS0VRuBBXMvjbkImM1rZDbLd4cyOlrVr6Jqpmo6ULJgOmhrNI2yfEWKmAmkbDxEiMJjCWClQCdTSGsXzV+iGJZZFSdBD2ey4C5H31fT8EthVQXHi0JHytHFD1M1iYg2Dn8eAF2qGT7rmh+vKlIeNuL6DkrIqihXBf2cWnzJsk5QAnoC/CDBIOWAxCLWasRGyW5yXZlpZJnigkNtMzMdhsgoD/rX18dGpf43LynePTX7RaWEl9pQuqVoIpK8iCOIJlcRVD0SoOyCybPQ8BiRARN4Qcasn4pFZR9RlArFP5nKni0jg1MIFFZXooiYogd7Xg8nkloGfKnOkN4PWQC5ZC2EZVAOlujIXDKqwC2uKGeGsKAneRGEIYsDeJGh1P9a+vUULeUMy9b/zuUq4WQJF7JfaeasimqRAApksHrh1eHWmkhOombjlVITu1IFvcKLaJAwYYUlCSAQCDAhvsRaLwGsfKP1P5XyRUE6siYqcE6zmlQlV9/XxAwGannBGJkQleqOeYQFSwBJcOAgUfIUsYq0pwACSoFNlnCsZnVVqqskIB6uZsw2iqCAr5yNqP0a1FfTprz8FRmZZqKlwEoSJZKSoiD8zh+Q0KbLPEPR+rNUw1cpoIJIjujL5chkb1/HD9h0c5y4lKGk2koxlUiKZ0TEInrCl6ZZIDL3eX84HKfJWdpI9nRn2E4ux3lYqJg1AtUspgtoNjrJ+H1o30g2HYiAugkNnBborbUmzaNHzPCELbhSZoaLQ5oR6hWR1kxgZiWIj3AzS88MFyPtJqJ1L6Ys7aAEx92zbRS+M4GaunM2qbMxI2zBUH+egh5hXI+elGdlz4yQnilK8Vot5UDl81mrJa0oEgYwk3DQKCqG6JHoSHj39C6JzC4wM4uoRezegcjo7ssg52Q9igVAN0/vERwtSw2/qGU6LC21R2YPMVNICF9lU7H0TiKue6TPAJoopHGcAq9iurMAsTbGfKTTVFTqukN1wtHdpUszmvqH1kShsN4dKtkT7eVoFYhR7UVcPLzTZGFNwyOR2WEjUmCDIg2ZPSIiQNtGpvcIdx0bIAmnET08rDXJ5FAILCVOa0oQHTH3PkUPSGV9CseLZkIqHlEUw2q0ZvP/n6o/bbItS67EsOXu+5x7b8zDGzOzsiqrgKpGN5oUzSgzUjRK1B8hm+j+mTKTyUxfRJFGazUaQwE15PjGmCPudLa768PyEwmiG+guZNV7Efees7f7Gr1HF9NBIWqjIPfdMz1Jzg4jFGNrGa6ZzcRp0yQUahaZ0V2zGkxlHPkLA8LyHu9TVXOGR2Ic1RMZHUCPjN5bG6w1WiaWq4OiiN3VEAEV9ZzghdVYU4pYExLdKepVYLfdNBsZr7nfTa9eX7x5+3q5Orq+ehiWq3G5PDw6HRQnx4erw8NhWN31u8OjFcQ+fbr63Ytf+uTDavV4c7M8OFKzs9M2DHr9cbMYl2cXl4vlQhWHx0eeHrv9pu/Pj04Ojg4ytia62252uz3EkG6GbUxETIfBcpB9AJ4R/eDk/OTkdP/02Heb6C6HC2s2jLp58sjY73ai/MXi/uZx+hIHy+H29vHicrNYtMHi7Pzkxcuzu7v1u5++f3y8OT45fNxs72/vr/bb1eHJevOkSO9DayMg291u8+nDq7ffBDBtdpeXL0Tb493j6enZ+eV5Mzs7Oby9eYjzw+PXJx55/flmv9uZ2WbXd/vJwxOx3uwODsadt4fH9eQ4Oj/79PHT9ef342L84quv0pYfv//++vP9L//iV+PBwdWHT0/r9ero6OXrl5cvTp9ubj9dX6v23jeHx6eiutvvzs/PD44Op9326uoqN9tMF+lfffFWzTZPT/v95vPHn1Ts+Gh1eLBQTZrSBCnWtCQm8fO5ncGsR/7LfA4mdmowC70K3vDKVEAtibiHqiHAEKzMrIgah5mRFxXBbPxnogOhRgWMMtcUSAaHnDZAxRCeWZbIkjaX5j4KqCXtqSoSPakCDBGIqak5RaSepqrSzExQt5aKSsKsZe3jlrnjsK8OpKcxfMYGa5mVCZKkl1MaSl7fzKzcXEjjMD2YKN0IY2t0K4gqJEgTxxzfF9k1xRniLBERnk6Hcwa8T2ZKpxw9C5ne3U0HzPFxAcI4GS7GhKTC8oPDgwfUmkTRARkJJXuPRAcSJtkLJ0xgFtdI8h+FAi5ZKn7MC4UagQ2FQEFFRklLXFMoEChlqKZAs9EsCzEOLcjnhFnlxKk6SCrjV5upR69/Y2ZmzFFVsyWRAltncVYoDKqBVFglYyABUuI6g1TOud6DYdkcaNP+5j/8XwXJugCOQFygyuNd6xStghwdI9zB7MEsqwjHepmh2RKIPzeZMXmktAUp3B0FRYuj7nhOqSos/Q16WzjX6byVAlbgEup/IJzLGV3thflKmZ2zNEFV88aJ258FYzOdwWazpH1DbAa/qZrlUKQzm1Z8HxXVFL3MUAEUCoiVZcUEZtpMjTKYeoBm9zH/7hThBwVyjggIrIgCNfrO5xf/mRYoTZTUgqlqkrWBGzs1yugz4wOlhEPxEsQ7Kbjnxi5mOpRvQctVDhGocFfmT+/hITM0QulYJY5pcRAlUxSDNWn036QmCvdoggotBlOEqeqq7SBFUq3ps89E+G6paP2xxYeUHKU4GU7O/LWYXlyBPeCfy3WE0QmGeshRPMqszpwfqYAm88B+fsBn5g0Z/LmSVIfzfxWY9WEp6Yi9x8eb9XfvH69v19vNlKlI7HuvuHu+vWB3QnoEXe3XUAAAIABJREFUVJKNW/MPyi9LUH4FwsaZYmaifCoGhUZOKqKpPfreOz9Yd+eB6SxXyoKe+UCEe/SgSQngNpykrCpjl7snNwA+nvRVgAuqpCMVJeJnG6Aqg3q1qUhV4hWMICLzLtNMRQ3hZGFACxSjbLldaCqkNSNA1pqpGRksWs9U0fvEAppyn3j3yTkED80S6b1HD4/s7qowaeGemRJkHQ1cAzKbWo+I3rV+zyTGRbjJPYRADr8JSUBNm/uMCEIAtdYieyLIz9Gq0dTMWGIv4OcvAG0AlNhmqJboLjNU0FqLBCT7bocMd88IMWEiWtmVoBRrAtnMKPvzaoArUVtrQ1DUFFVnhnQzq1tBoKrDUE240TsytZEsZsirmS1Yl9HGgXG3FCObaYq0xagq7hVPDgYIAqK2WCx2+21GqA6R4eimQhcJU2WhpEkkI9E9px7BTjctZEwlInlHO1XIataGOY0RfB/5cmQ4lwCFWBva0PheUysYESqKzKl3j/C+2+92mWG0rCFEYNbmWDjxmNowjMuDNgzLxeDdReARk+fx6elysdit11efboD24sXltN093W+b4fBg4VP+8++/22zWZ2cHT0+PJydHn96/v/pwdfn6wqwNJvA4Pju6+XjztN6eXpweHh3++O0PAvnlr7+Oab/drL/55uthtfz86SpistF2u/24WgxtmPrUd9vlajn1LpCI3oaxux+ujsx0s9ksj84Wq9Vus1aRl69fH52cPj2tVWI/7TebjWQsF6txdXp2/vqbv/jm9PwkUo9OFu+//3G73qTH6ujg7//27//4T393d/NRNe/u7ne79eHBarB2cnScHo8P6+OTs4uXrz5/vjk6O4EuhsXBMIze4+XrL07PXky7aTUOb99cvP3iYrfdn5+tLi+Ppx4/vbsyE8+IiP00TdN+v9tLysXlydN6t1yM91e3rWG1Gnebx4ebm+Xh0enZhUAytqvV8Mtf/cIaHu5uHx+eIParX36ZqZ8+Xd3e3sQ+V8uD5cFi26f7m4+fP33q6SdnZ1Ddrp+22+3Uu6CpDNIWmXJ0fGSDdJ/OT1dfvT14eSlmPgwlQ/Agiy7zcEUhSFWRUN4/r5+KdOW6UBLnZ/6ew9Hz7Kh1kwgKhOTsxkeNAAzFCAS5SEcxc4ZvmoiUAxievc7o5FBZnUX0WpFdyKBegOdtM2sqKtaQoKG8tTLdmgwKMzOFmSiSkvpGhc+M0oOAsVRuhzB5QtVmgC0UxUioqEKb8SCvTh4Rm0X+1FEoBFkBN7ReSDDLuxbxCK9osCydACBwd6ZvK+VN+eyzzBLf1KCfWVw0r82601GihgYo0+15waZ4SggLH0swLlRE8ueNjECUO4tjhZoQry0TAL9ysJqj2H8gs/OvIAukUr2T83gCEfFw1jjSWtlYQC+q0pguWSMlgWpk94lEDx8uPjrzuGGcAhHPk6FkZGTMVAl7KgpAxbOiAvIcsdCE6R/8z5BaDlrJeB9BuLGqz09HqDJRLcSM2djIRLqYIUi4C52Xnq5saY1yW2AezrOm56xHrr42AFCIlzDgefeon42WslnGn4JqyXM4N+gURHYRmFpQcmYzkhxlZpRZM1aosYBjnIoKJelZhkyP8vNpTUDzICTBvwuqUtV1LiGJQCCZwccxKoPDM4OQ+CswLcXTZT5Bggq5mjVruOW/OxNAJMe1wstNi/tXQQRgyKDuL2VexDJn6z0yUmeVgqaHG5pmwObPIkW1adX1ilTpgdbYzwueFsxUyRCYPA/WRO60AVAodZQmqjKQgUgkoSgWoCXC6IDRkimAG30mj5g6jglFZ2pFGVhCgsnJlpEhs8KAPE2K0mBYRuV0iEDTk5xgyXSIRIKiitqjKKnKMvwoEij6TBqhCRormc5oKA4J3lQa41TmbUWQ6H3a7LdPm210jG2xWJpIeMA2ew47IYRr+ZKDEqSmlgw/gDDGmEewmmWmajLCuEkLdJeU3CcGSUR2l/ToJtLUkOHC4AAW4kadjFSz94jeodK0UYBUGj6JEHXMI5bk/C2Al8y8tSRAbF9FaYLJ+YoQdwIBEIgYCC39C9kWTSP7BOPr83ldV5GIDPZpqWVqanLgp8szyTemeCTTAiKizkhPnnNDIhOTT7vdVpJfVrRsUt8nbBhI4ZhYZkDSIJbpyvcqAQbrMwCDBTQQCH0MpLydULqOfdqRPROYwkTC0SnyzMy0KLYwE2ra2J7BLoVkz6XQEdi7oMEckhkhniLw3pmbxytZTRlrUIGGKilNB/XuEUHcTiJVM5ERXRIZMm/d2dqoKtPUY7Y9TdMehN1FbdDwjHTTAbSaAFSNJ9ILmHOecwokfJoyJhdViGdg13cBWxwMfeqRaWat2UR2gqc9JHpVwWS476eSJwMz+g/OClYlOAkJM03kfnJyAplQxn0Y/bwohURpUTsCzgK1QUj1hDuP/Yi0co6nT/sIF9VEum/TQ6C2XDQbAPQ+9d1ujViMy7Y8WLSWIYvFOC4WQxueNveXJ0cXl2ebh8fru/XB4fn9ze3B0fHhyfL0eLz68OH6+vHwZDW0dn1za6NZW/TIp4f7k/NDG9rq8ODVmxe+79ba2dGBCa4+XGmL3W5/8uLk5Oz0Pvfb7dP93f3li8tMkbTtenNgB0cnx5unjaT4foK2yDw6OdpdX199evf1L//i+OLV7cefHu8fdTF9+vR+tbRhaGbWrI0Lu7g4+fIXb1bLxfd/+uHg+PjuVvvUzy5Ptzu/ub67+vzh5uZT9Onh/nGz2Yjo2enR/e3906Ocnr208ejo7HyznsbFYRuXU9+3ZueXL5FtuToIj3XK5cXZwcEg6Senh6eXp0/r7c3N4+Pj49u35621P//p3fufftIh99vddr+9ufaDw1XfbjZPTzdXn4/PVrvtdmjjT99/9/nT3S9//Uv33dXnG6idnJ8Ni+H68/2H9x/PT1epWB4tbXw56vD4cIPHcFtln7aP19vNsN9uIHlyeXF2fLLf766urjTk5OxSbViuVseHK5/6l2/fvrxciN7ST+WQTFcRofCD7HykgYdMamMgchQiwrOQSFXxxJjn8ESie282lKhAFKC+rkAoTg3hHQDERDMRohaRwXZfDnTK6A0jXBjhEK0yH40Uj/AopUuFbDUVwFJCYMb+nDquxYYhgRnzM4FS3Thf8iTJIIgIFzb3VfYm6dswUTXNgIoGoNyb2ahVmAkdW5aZCs1G6bTxhxdQSpCRCc9UqrWR2TnURaSpRHjEFCy9S/FMLj9B8bLIFMnA+0wG8DWluRUcY5PegGRremlGumozVcYzZqGlGdnTu0gIMrxnplrj/le9zWBworC9PjOUPg81SZp8hWbYimlL1xpQoxK7xQJF4QvF5wpl6SSo2VaqaWbguFFCbipJJYNwrCP8Dwg8g5eBluYjIhLiDGbyCE3zcCntKCUewapHwATgoccoCAboIUU07W/+/f+QFXEedL0UYqVS0zog1XxMXSd/qMpfBZIoLjUkqF+vAoFiHiGqgJd/rmjJRZR6qFqqa2GkhobbcRFvWduTEMSFzF9y7SQidFKkCOAzeorkai0l98+SlPEzSC7yWSn0kBLN1oaE2hYrR2rW+HMrof21c4mQEgFhDsTk/mpcbLTSkJC1cXpKBhO7arzXlJljkzlOkEM1GZUZQ+WWh0gTm9XKNIoIvRHIFOPb71Tp8S2X+QMpF052Ru7NRKVoJcpTu0uaSWhIr9ivyhngGFoZROzT4ZymYmV7KAGBNDDE06NU4FZkCcraDs4GWYsfAUDiyPUDF7LIf1spQlADZkTGLNviU1Of/FzaFPXxcscnsC6NYnX+okmTCd8zPvwVm18VJHxiS2XIMKM6XwrwFo2fhV0iItnTH9eP14+bHz8+vvu87iGZtusxTX2aJu8R3pHewxMuzyV/JZAL0nPJB21+yPmEe2UCWEICLqpNB6DG+yQo31oquWJq8FgLjhR6iLiAsu8r5xoaRGU38UaQZAATkyh+JsgRkXN2m4C5o70Xia7Ca1IpgOEWUYrCILeDZxpFkuvr3IlIxV21SpAzFcVgDKgmrsZVk/lJjkrHcQVyln9asybmfZomHwa2XaI143YtQBsbwYxhGD2ye29oLAckgsfLhTMo7/tMQFoCkFRrIpqiaiZiXEUS/JcQMV7NyUbhoqpEVUk40+AgjBmpbVFQwFRdxgEneQ2ZjdReuZ8eGe7he3dXs2Es6aaiDpXoc8avJJ0/yhuf3wSkT3tkEpfzqYfP8V2MKysUXviccxTXcubAu4OuxqYqre+7sfkyIrxnoo1DG1etDa21cRhFmVoqHtF77xOjeFSQ4a5I0TQtIRnfKDNtZjQCCWel6D6H80ilixRqC/qqkmCbJrIzt6T3xqPINCHpHdkjGTrSIOLU/ZuJiHuYmtmQBS4JHOhdUxdtHBYj2RmEnxyfvHz16vLly3GxOL84ffniLDM98v5+PQ6r7W53en764af36/vN0fHR5auLh/vHs7PzF29eHhwuWXg89Sl6f3jYtmG8v729+nT71S9fP9zde9+Py+V2h7/47V+K5Hb9JIL14+PBwerg4PTNV19effxgKh5prbWh9amrDu7evWtr4Tt3f/nqbe++HAZRm3a7xWIYWhNgbCvTwezgl7/6y+Xi8Obu8fzFyfsf3/UJL96+WizGzx8/v/v+zx6bw4PBJ5+mCekqstvvkLl5Wj+tN8O4asNidXBkNm63+9PT8xcvXz49bFT0xYuLo6PD05MlMO13026fktn7Xqztdn1sYk0/vLseBhOTYTEulsvFMCTsYDWcnh+tn7bL1WKxWETKvk8Pj/fhcfHilbXx6f7h9vpudbBqbdxutnc3t09Pj5vtbhgXBwer7frx9vrT6uBwOQ6icHd0n/bbm5srSC7Gxd3N9X63FgDw9fpxNBWRk8Px5UtdrvbA3iSBiPCUlDRQjy7iPknlXzqptmdgdJZGcKSpXZb8e/hcl6mc2sn8Vcgh8d8IZ1RI1qU17xM/c/OMVEzTJqD8lWhHD15MdZlR251z9yhf1dK3z4QqTVVckM3MMrOZmQzIismn9D0TaQUnoyhAruIgpp9JgUCbSfLnBUfEShCLmpyVf7/M/4yITxb+jeLmFVofIitJemT5u1IIjHKurBs5xGerADzyGbuthDyU2UyQ6VFaeQqEVGaMreaaRDKjPDVNS3siqiqtgr+1iRjP1RmtIThfIL+KpLRCZaqlOBKhas/jBydMSZAKLoCUO2KUiHj2cKeAlgSRKtzhOFQkBoQN05KRiYqiDjD7IkAUnIdweGRQiszcBk/PyrQspwQq2ojKcAbxqUHtb/79/yDz90Pgcx5huUsqV4CYx0cPB/OrQ+eRmHOzsqWMAznj7mbXJARS9as1YVPlokWFJLhl8h6uXaI+iNCqbChkmyMmHxQaOqRWCH7xlZbFea7yNNJrn2OxDepR4w+EfyEH4t5Q6wTZnJlNAYOARJIy+CL2soZUCphQywVXf24V+bNyJ+lgLKCOsDNRgaL2UiuniJIaBSSFCmYxZW+uMEkAUrKqhES4qnFpK8CiQnpm+hFIREhIheaKgD4B6v5zXr1IfwgTqVDR+5YZAQ90RdOCPBWYGaUa0vlNFHkiNXAGnxtlSwFsXnKoC5Cfj5wCijUlRfmaOdjrWi80Hy7nnlqmc0jAOfBzvc4Msrr8Lx4/Hl1LaoQEXHJ+Sj2o6hHJTHY8BjJTM+FZRpYAXUpO3ibqiCXmCpiwBzCQk/fd5I/76W4dmy26q4fu977Z7Pt+n50/ISiRNBjvDM5BHkHuF9y+qI0RQa1/SQNDIFOyaVMZAHj2nNno1OyUUZIljJQeGYgeTltqgpR0d4cwoY6MFv/8zEK4QGdPzgtwIBTKgZuwS4FW+dx+KSYpIiHEvBSRCZfCmriRSUpWugW93wltjfsFlygzEw1TGaypiMN770BQKTTtp/AJ0GYa0TlA996RMlDlki4hjNS0ps1s8p6Jar1C2NAI1O27G4zwm0gjGkPdkUDcoxSJagIt57vUqxfBp07UVBp1buKRaly6kckMtzrfkphIJjIUSSFQYv4GVJOx/Altc31ISu8eHkziShGEg94QNmjuJ7gLMt1RWmZprTGerHR8WuAHInt2UWlmEvCp06DMphVVutczk2VtQ2vNI81GZbIqLUwCgXhHAsPYEhk9vIcIyScdx8HM6opLacOCPhNJmTtegnVgykCCydHYggjqfft+yqmL8IHJ7G7NaAcHhOYSERnHMZG9T5E+jENRb5mq0oaGgPuUniKwgWnX4t3N1NrQhoWZuqexBEkBh5owsApINdVmPWK33jzdrwcbzIY2LO9u7g4Olk+Pm88fPn76cL1cHSzG5avX59bs/nE9bfYnJ8enF6fHJ0d3N0/nF6e/+1e/3m92j09PP737PIzjxw9XbRxPL06m3X43bcfF+Iff/+HN21ebfdqw+PrrN9efru9u7s8uLq4/f0LG4dHpN3/xlzfXV33aPD4+HRweHRweuvfdFMuD5W67mXofbFDkzfXt8uDIRnNxiuKmaT9oa8N4/7geloff/OZ3h8cnCd9uNtuH3esvXr19+3I1DO8/fLh/unm4u97v1rtpatbM5OnpfrlcJDK8P613Bycni4OD9dPm4PB4GFeXl5enZ6fjaiXaFouVAA+3d+eXx8M4XF89Hh6szo4PT04PKJRopu55fLJ6fHraPO1fvrlcHS7/+M8/Hh4Ow8LSZbf384vTx4f1l19/BcTj/e0wLN588cXy6ODq4+enh42anpwe73dbIDZPm/u7e9VYLJdm9tOHq6HpwdHRuDwcxmWET7uNxF5Em7XFONiwODk9RiAjFuM4KC5f5MuLpuKoig+CTYU/ZE1ZPtPsMSOSSZqSOvBIZ/q8klfG8wBRZdymxn2ej3ACqgh4MKQfVoLoFFTevxZPoMKaHyJTZLd73wdZTpFkQbkIAxtzFirUIlJ5o3V+q5gSm9WG4iooK1LME02wcitJP9a4wmNaJCmXVbGSB1KDy1GfEzfcaOWLOtNUwGsrI4RxOBkZMQ8qqdTXhod7xBQZ7p3wKHtZaoIqhK/QcLpDuVpo8v5g0uo8G0IzHcjUFDxzy5W2mcF0ouy5Z8uYzBiMSjMxhYg2ocVZLLMGm0ymudPO6/M8IVaKgixM/JkTmke9zMxnd27h94WdB5uGFZIloRRpKs20PQ9gmR7pEv/CpIoMRMQUMUVNa8Y/vqC2dIgnwBbdQA+NWU4RhM6BoPckJLSutrS/+ff/96L7C/8vyU2A+17hi7RxBqKG5vkflZ8ZmJWi5WPg3cww26ycDamRWFShxoWx9D0gIqgqWlnzGhkpIZKlgi+wt1gRpoumloaBQ5SpocwqlDOX+szDM925Q2dgxspUtbBz8hT1VuRcTM2riqJhaqMi5xePq2jChdAkfQv8uNkfWMg3T4pa8IU7YERlmJRdo/4sSWFrxnNtHrd0YQQvigfhOyHC3jqR2d4qJbXQnP+Ldyu4+/IvKB5BIU1r8p5XKP5RCrOmMMnGL5f/gQSHN5O0/8NSB3n+v3yngq+izDo/gdV7WwKtFJY31c9bjI5yezAUBSoRCYPXECkcwIJvGkUgLI5I8egkvCKdCWpZzxV3E0ItUYUPHBYQXsWsIZK0XiS5MdK+ih6REi58I3ukVySmYFYbPz87oFZw6r1nPu7i7n5/fbt9fJqmKbZbn/Y9uvM1qduFLg1WYc2fH19YEREDaxn5ZPizb0SQAmNZlgoC4Z2vaJ3Tgjn7P2Lv0UOQ9HhTLeFE0Ovg8MzwyQn0Znk1Z9aIthbj96hSqxspKcCq80JEmynSg9yMcn3VegFFE1Jpa7Xi6XwhibZmjfdTeeepHjOzOS8v6BpXFUREnzycpfcZAS/Xpg1tGFuGx1Q6ukCnaSA8ItDIU6lYayLCBaxZY0q/wAQKg0lEEA1BUW+wiuQ1k4QYUzWc+xifdsJ/AjFTeCV51CcupozALSdboLq9iHG5qqbAKVgTifBM5b6MgJq2cQAkmbbJYy4yumd4OLvkLOvvMTUjDiGaIuiTm1przUoDjDLKKZrp/MYhemR3INSaWiOnJ9qEgtxMszSjk507UhOD73tERHcePjaOQ2tcrEVsGEZVdXcT7T717lS3FVRAW7OpjWN0r9w+j6bWFgZVqIQjVRNg9BA5RMw6UmaNNBsE6O4MQmJSmU/OTlaZvV3u0YahDS0i9vsdKM1Nsio9Mljul/NwM3lXs8VyuVwtv/z6y9XR8acPH3fT3trweP+0W2+7++XLy9Ozo4PDxfrpqfcYmh0eLj38n/7h29Pz8y+/frMYhrv79adPn733ixdnm/X+/OXJ+enRp0/Xoe3dT+/vb65/9etfvX3z5cFqOYzDf/7bv7u7ufrVr75ZP22Xg2bK2cXr6L7fPkj6fu8nZ+fL5dJ7tFEh6N21DUOzmHamauPi7vZmMbb9btf3u8VyOXVXba9efym6vLt9evXm/ObTzeXlxRdfvn16eHr33fs0fPr04afv/3x/c3t2ebZcLe5uPrdmCuvTXszauGqLhQeiR/c4O7u4ePny4e7p6OiYqa9HB8fjoOn9/uZhXIwHy/FwNaxWi48fbj5+/HSwXNzfr1++OLq9u7u/Wy8W48uL073LzafPmdNqtdxudhcXpxm5fnp68+bVtNs/PTxYs29+8ytV2W023fP88nhcLc4vz3p3SHx6/84Mr1+/GVdHw6DuaYsDa3Z0cnZ0dArX7Wa9ODhdHpzqYrVaHb94+Uoyfd/fvj796q2enUkzTkuhdYEJYcQMh2T3SaptqiII9PmCrYD8KD+oFCkgZpkSZL9V6GMBMuAcCHnvUOOgpezUZ5STYBmlziaaEt6ZXhBequCgQON5VvYSEYcIe4YqMJrIDeb6raaDWkOF9KtYUx0ITYqqihI3ZiBKljiEOIhKDR4KBYJm5Si1hmLujfkZa6M7OOseo/qYoRfOU0TAolaBwnuP7AHHrMJHRp+HKxA2r5tVrPj/Zm3k9yUi1JQoGFDJ2zGcrIupwFTNZGDcDGcwAucE+nitGsP5Ic1Gk6ZqUSuMgrFNJfgXwvT8LrheoVJTibuXWMAj5tUFQmnTLECY00Ce9xmyJipQa0uTQee/K5H8vgFPZCB6lkFiLrliFhM1IErLHbWgWl3vFP/InB0obBsjMERiirMRBPbv/8P/ra7M8HlWhzDsFc8KEsyatxm7VULI/MoVSoeL1dicqcUcUMtbQDj4t9Lbyn2StnrODiXfBqB1C1euuZYTkfmsM1jMdTUQUn1snI8LWkOJpZRkTRXLAbRJkPjmTS+12z5zVTL/DVpcjaYgZ10AP2jJoF2AVEOyTYiYaX3TZiKYY3kkRbyWrCjCMQt3QCbBfYEGYNoUtYF4JjTmsov5v/P5/5TVsgZyvv3U6WGWRLFrJJNh8kjKqFSlKCAIjxKOCCpU4yd75nR+D0NFa3itJQcVdFLjjxZCCnru+apECsM6dV6tkt9XwS7CxHHCFkHvaKYLQKok4PwKMcMwmRHOsLxabznai0A0qaMpAypIG3CS5Wtf2WqdKeVwgtURjANi6GxEdmc2CZyvd9QvAhRvJxGupqhgmQx0CCJjiv39+unz7fbH9w+frjfrjU89drtpt9tLIpyeHg5Dz9uTynNlBP+GUoGAy3gAKq0qwvkRi0Ey09NZ+FBnLq8yiMTUGfmuEB01NZChCXBSmi3dQHWfl8fFo1a+orMAlbSEGVIQVXctVlZOqgXJ9WTyYvJ6XvhYkt+u+GeUukdmFUypOpQUMCDWmlaqnCUSWtuWiUa496l3nylHmb/oMsCZctNwjwi42TC0pkK/BQAb2sC2SoFMvadk08EjAmKMg6HdwAtASkC0RSI8zIyTsdiQjDnOMBn4zCmRdo/nkDBQOyuYE7JEwO155p4glV3Hp8hdyWWRf2SlUFMIXcvqHlpMq7p7ZijEM9tgNjSy7iqVEGqDURtH+wqRS/fepwh3NTFJcmvunu6+77TEWRshWvcWSPYW5d73XUUSwdSA3mOaJs5HiLChjYsxHe6h0lozr6atNN7QCCVuVqYtfv/KYjyZERw1pKL3KTrlyCkGyhAJs5GsozhbRNPJfqcoe82AgInY0Kx6LpBczPjNI1LSmvY+sQFA58XUmrZGo0ABncvVwsx2u+n+7qH3/Ve/eLVaLV++ennx4vLyxcvV8kAi//yH768+3WhrSF8eLH7xzS/VxtdfvHr58uW7Hz8/rjf7/X61lHFcDG34t/+n33589+n7796dXpzt1k/7zdOXX3/x+s2r89OTx6fd1eerRZMvv/rFwfHJ9vHu/MWZu5q2zx9+2qwfA4mQRH94epx222FoGZimaTEOiHh4eFqMi91+u99tzWh5jP1u14ZxWJ4cnZ2r4euvXh6sDs9fvliMy9ubm5ub6wnT99/96fOHH5vp0enp48P99aeP47DoU99uN9PUzYZp2m7X2+Ojo8Pj0/1uysTT/VMb7Pzi5eX5mUc/OWzL5bKZmum02y0Phsenpx9//PTTjx++/OrtYhzWD0/L1SJExtaWo9li8XD3sH58tDbs99O4GI/PTtJVJN9++db30+bxaT+FmD0+bNZP68XBwWLU689X9/d32/Vmt1nf3tzc3t7tw32/zuic0g6WB8cnZ0fHx73vj08vbFxsd1PTtlwut5v77W57cWbffD2enKpmeE6QKN2ySLoDGc6wLJ21yRDVOZ2tzju68QshKIDDshh7rSW7bgTmvJAwnIXEYP7NjD+LISGYpeFUtFBeEr37BM3M6H3/PIw5lUuoxD2ejiqMEg5nUJqqapu7ycaZ2BXTgep8imlngUDO2CTNBcg56buQbWaOKU2GnIEYBDNHjgox0xIa8AABOXPW2IcDzyHvTPydEp6ajFBPrjvpIZn0eJHB4GVERPIZACU6n0hS6Jhzacg8E3KVOWx9hlxLEszvBawzkJKga2ORacyUAAAgAElEQVTSPbd/3u+zYAH199Y0UkuXIJ6JmhSA9rf051+E+1HlF4EaHibJYhZT1eBEC5lKE3DBSH9WrtRcmch0d5qaFdaszRxGadmESLs2etaJYqhKaVJQzyFVFOFe35SaQOzf/c1/x7+Ls2+xDXgeTjl/1+THA1+YFVHPsT1PMTTnll8WAbDdVErXJKFqksocBn7DpVapyYyXo9UYBCSCMJyAb4twaQ5QhcH/fGrWsV0/MRM8pYR+M8FH+iFnmgazeEdEbJ6vOYDmDP7Nk74WZCcl6GJiUCUzBQA4Uc4K5kdxSCUbnKmVzPQSlyMiE85bNsEm8Fo4jYcDEIIQR2SJ4rn6UIJS7gS+kEFDHSCgP7VAUKparKTgQlOBmBhpdTI4KIGJqBidMsYdQeZ3pDgfLdUg6bxZjV/boMgsIyr5YbFEIkiJ5EYttb/MwnnVVh8XoZC5VIWdpoQltEz/NJGTFAqqRSBgfGBZolD8Dv+orKc+maRLySGxCI711FliVnN5hKdn8QNOKR+ZE+5R5GvMNOfI+sJukFCJzH3f7X16fNzdPfXH9T7CIvThaT9N6D2Ivve+996LIwYivbtz80+PBCEXUaFDmWurVbF5MkhmEKFiJlkXgAo9mJfAPs1yKpVBodJ7l2S7IGNg6SiAGKrniZ6rtLrcpEw59J+JVLS1ZqpVLo6aolondYa7isMCpPSpBX0ASiqN1puoDE4z00GyejzM1FjGpKLNMnqGG/WBlD/2iROtGQpoiaB00MzUlGk/nq6qi3HUyvNBuKvqMA5Fr0RGhoo2GzwzeqhCW8EBEGEbS4iZtYr7MTHTEOOj3/uUgGljSVdTk9k2zYEATcSaiPFK0nIsiJbIfs71EFUtxQ7olhN4uFlT2twScDE1WL3z7imADa2kkGbeZ6ede3ggvVhSr0eL0bneHYA1Tjfp4b7vpGcjAUMbhnGxnO9+zTQbGoFz+u6Zs5aJ6BHdM6O1gYn7wzCYjazXUjOxlqBhS4FwqtEAz3CfIvq0nxCuZunRmgHC78gZiOyQFDOIaIYz1su7p85SaI82jCVNpF1eReiAVEmV3qfWhtaKqx/GEYKMzpuXB7JmtmYi0toAWHTvU/foQCIiu0fvpgPELi/PFotx87hb3+9/8c03b7/8xTgMV58+uE9q7cWrs7/8q9+0RTPg9vbh6eFpHIdM0WaXL07u7+53T9s2Lk9Oj64+3nz/7fuLN29OT4/eff8jVH/xzTc3nx8ODw+kLdT04GBcP04v33x58/nT3f3Nbjt99fUvINhN6+1ugmB1eCCt7Xf7cB+HJfNdhuUwjItwz/BIjx6qutv3VCyWq19+89vLV68e7u+uPnx8vN+fnl4cnxx63717/3692f7z7//z3e3VYrk6ODj8/OmjKlaLBbO9hma9+8Fq2dqIzB6yGJYHRyeL1ers7FR1GMdla/rV28uPH2+7iygF420/TfuOq6vrw+Pj169e9h673ZSib754/eLl2bg62qx3SPGQNi4+fbg+Oj4dlwfDYnlz9XR1fbvbb/f76fLF6eHxQSD3uwkCNRysFkcnR6dnZyIWEScnp5qdiOHjw83H9z/eXH3erO8fn+5i2m+e1g8PD0NrTUzhFxcnv/31xddfLY8OB4h334PC2qz7h4go4NSN8F+VcLs07iKFY2UhvnDPoKNJxajaJShJejUhJq1UHeSs2GxJwcgs5Q1EVO91gUvuU4RH9PDM8ECwasSz0nJQmLtxfp19lCj9IURSmo2KVov1zDkgS0rtjAefuXSObUxWgIJIduk4NEXgM6gPQeTk6Qmfy3FRmqFaF+i+o+OxR05EiCL6LG1nPBk19lyFUBJB/pX1OxiLU0sbAgVqW0AmlA1mHJwyKXqdB6Cm7RlKxgyy8pIVsh8zIKDFZ1dYJsUpKux7Ecm5jZmzRIYWNRIqkuj8lbt3pHOmS3bI/gs9OVEzVKMcBQwJkHxlXazxK01wWaLaIrkHBFn9WkgVIqqNpcv0liWCP3CijNIUPigk0zk5Z1nLJN0TDPXmo4IW1LGoIcXJPRCMru0Qz6lXCUArqQoIZtGUZChnMUTRGIYIYeUQIgCvuZEfKr9DZzBuLV1KG0djughATflQqJha0xbokRWWqJQsA0YoEVKqgyQ/xXlRIJKZFEArxBP0tFPhq4OWrIi/pWYNeZVKJ0B6xXlLBju6BSjxfHikGJKQnGeEqpB8yaBHGIJQVVJfsxqNnKDPxBsSmJyicDS1kGiFD4fSNQNlXXApIgQQzfTkqcM/JAB4SiqTTOaIo0CoQtEo0bH82bOB9ERXpJgBpmggHMePWGhIULjXSF/7ofyLvSCqX0jY3kv0xAQS6IWOB0+3Ekly0+AbICb1owvoU0nJpjPPU+8o4CFmcHi6smZAMtEpNRcIa50AiQpG5U9XFOozM5QUDiaVcAQvC71gR2hHkPCNzMgJMJREvsBcWJ2nhZ6ncJ4UEU8PiUCExtHx+DqP9v50vwmzAehDGzaduQVCnq5yuLIWSgk+JGJthJi7Zzqy7PWUT9RVVQ9vyUUBB0MVINRYZ6aqhmCaOiJG09GGmHwOTmVz9dw/jSj030UkUNXaqNWIpixHuFNWlUCwrdbnXVCrM5GSGxH289IYw+OkGE1ucjHHBvBO7R6qUBtmMrMQHTGzUB6gKTNuoZnpHRLdNYXsKp9Gd/cINR0wQMhPSo9AppimZnrPZHUJDGz6To0cTNtgoaIyyCST9EbVX1T2TvkkUF0oJC40oFC6c9QsAildQiMBVXYN8CKj1SlSos4Oo+A2M5AazpWJXQfNQXIV4Y50aJtJvvQ+iagNDVUKE+Q3QM9XRHiYCnOTIhwKEime3aBm8yWEbCoZJtqJEqhBWwPQpykAtUoWUZVGD4CKGrO9xUSnmIZmMh9nnj1cGBnO+9w9oI1Xs/eOCBMNCXUTWIUMikLQhkHKCk7cRyBqTbN3FIeRyGxDg4eNTSDRI1rytJHWBmPeoHlm5N7M6qwBvPeI7L1HxDgMAk149nDvqkwaDXhGTtAW7qJQNYns++ng+PDg8DAxHJ9d7Hqu7/an5y9fv3q1XU9/+IffT9v1h49Xb798u91NZ5fH68fH649Xu6ddSPvrf/u707PT0/OLh8f7o+PlftcfnrZ7PNgw/PkP3716ffnFL17t97vTs4PLV1+Pi8Pbz93GJdbbV69ffP6wu7veHp+cvf3lb/72P/5/3ddAjMtVs8OTM9vv9rdXt8PhUpq6+37yTH1ab1arhWnbbNZgJYekiA7jOG236blYLn27e7i9eUS+uBwuX50eHgwfP26GxWAyikSmr9cPb4YvL84vb2+u2jju1utxHNz7brs7PD5crnSxWmx3u/GiRd+fn70Y2rh5enx5cf7m5WVr9vS0Oz0dU/LLr1/dXz8slqtx4ZvN5g9/+Ha1GA6PDx+3+0XYx/e3L86/efPF0Xa9/uN+f3x2eHR8+NMPH8L74eHR0fFqtTra7ftus0bkhx/eLZYHBv3hux9E5fDkYP309NXXr1fL5WY9nZ2epg17xGp52EVfv3l79fHj9c3V3cMdczuXB6uHbV9vd6cnOD0+PlgtT44Ox1F9mkRh2mY9Yy+Ve4giXUwyCiODTtkZmV3woIiaSYAwXiQqroebQpLumuWghIfQmFGvwbIMUXDYDW1Uc4L15+k9AbMhInow+tM9XefZqruHexRSOrcNlPoawSI//n+IPsLEShCiRkFBKRvqjjBLigln3DaQGa4iER1iTYzAp2dHqmR4DzPNmDjKs4ygUPuEiWaHiFP7AKmFQVJF1BGUUBHnVYLsEs6CnPQU4R4lM/zKmiDu69KAtMzC0BPISkaYNUhUUYCcOcc3TXL09DjVdiGZjOJJps6hYszJEirFNBxWCdWUXy1NpQHh0t37vLEEueuS0KADVlrszBSjBIi6JeJYqioJj54pOgwZrqr88CUF3HNEe3pN2u4JEW3i7NkURKS0pg0KcAfmAhEBlcFaCOeGCHeSXATLaiNRVrAxRiLs3/2H/15oJSZkLLWG8YLkR4GKHYUgINlMK/ddBZjlUs+5M/zoqKlPosZBqJkGN0GaGWcfyoAK3xZqlZh0JFWaS4vGzMhk7YehFK7wykh+eDOEzjVRCqRFFihOE+Os6mNcbaVVZCUCcQfHv2BkMKvwVWHzgtgg8/pKbsg9cgJClH+XhsTsvvOCVMG5KCjp47wamaKVdMQ5TMhqKMdqkxSVZtkq5LPQcEQZ6cs0UydQ2Yj5o6cqf2bLiOeV0JQp+wZJLThQBGrZwNAVkZRKva3fMgGFl6ooCyOpFFctAyqqEo10pKpxnRFTKjBoPtByFKjIHAqUpY8KOHh1q6Woqak1QRNV0BGblcCVUTi9qIhoaXtMRa2kR8Wn0lcw7xJZCIlU6DICXklQCag4F2BEyM9mmHqIUNix8hVIBv2ie8UXINOjq5EoQESEyu3D9OHT+uG+Tzvvvff9NO324S6kkjIgxGNmZz7StOoeE5nJiaSZGPX0pSNn8jE/zBRkD6SatqagMk3r6EeEsEDM0yfPhGiGujXizYF0lM+ADKEIhNytKLRpSfrAiBj24pHHTDii92QJAOZ3RCSlzBiz095RfPf8cYqImbahDaOIRvQIqLLhgN9XlgRK0GOaepeMnDoqzIt6wlSxZpIeytCMcPIMGSFqDdoRfZpK5KsYrKlKn7wecpIBkDYMbP4YxkW9CzamqIdmSEZWKbhIqFobm41lfFYNgVobhwUEEcH0Gf5sUqK6NFT0girFs0HlKaQAxfpMBI01xQCFdCy3aqYyd15KpRQLpTvIDI+hmarGbATngScKa2Zm3r33zlFBm2qi92naT4JoquGd4tFmKgyaAxJpqgwHUlX3Xhc/aTvEMKi15tS/erhnszYOS97dMyoEFRX37C5coUWGZhKKVDIHmZnufTdlBo0NImLNqkfZRFsTbToYqy986tX+kPS1s2dAkOKzQiwzM9xEvHt0j3AzHRcjICwVZoJDGyw8VQWpEeEZ2syaDcMIiA1NbXh8WHeP44vzly9eHh6dXL48Pz0/eLi//vT+R2g/vTw3s2EcD5eLdz983O/8zZevz85OBxvUZXW4HFv7/k8/fvrwcPHq7Pjs4PbqdvO4++VffB09/9P/+p+axm//zb96uO3nZ8d9tzs6GAX5+7/7xx754sWrDM/cP9zfPd5vLl68+PTxZrdZHx6O6d0jmuH48MBMd7s15cF9mgQR6XBftMEMSB+GxenFq2FxuN08rpajJP7yX/2bX33z9Z//8Ke//7t/PDw+/ubXX//93/5vT/f3y9XqYLnYbaezsxNRiZjce/Q4PjoNYLPZrZYHpgtNtGFxefHy5Ph4HMbzy/On9ebDu89tGL94e360sv12P01+dHr04cPNDz/8+O2fvn379ddv37zcbHbLg9V6vXv/7ur88mLa7bcb3zxufvH1F+NiYTr8+Q/vxtZ+91e/OT89Ozm9aDaGe+/9t7/79S9+9cvDowNT88yHu4fdZrdYrkzlcT29fvV6t5v++Kc/TPvt0fHx0fHROK4OD4+f1o8Hx8ev33whCp82JgHxi7N8+cKGEcjO7VUxN9kD4R0KMGXaGs9fE9HWCBMzzljKQSszhEsWVZiAJ3TjSF2CtGnSwquqxpGLF2WKWpPSUyh1wzNEkpLo3j26ID06kWWJ7OHPsYS8ma0sqjqLBtgOPlAcHxmzjGEetYSYVweYVkRohmh9ZJ3w1XovgGmbdTSM4yJwOYv1uR+Eu/fMDPgsd6/8fsKQ3FB4ahMRRmnZiaWRTIhZXdHUjJLk5AEtFJK0OZqsmTWuESF0S4Nt7ZWfoPMkEFkD1Rz9gghBCso3KwnTgRUHRkfqrM1H8osrZltoS6L6OSOixxwbKIIs41fF78ksIqorIBmkWH3PTpg8uXgCgmT7e8y66JiDIWuCjmAWiQjzvWsVrYl4/mrVVNQUbPgpkmOmRKSWK4+MSh2pByZbOUeyc6CLTtJaJXuSKYka6kVSRDFnGFEdkCIOMHLIShJSOmxK1Lh5aGFyWXoekiBZqg88h4InBRtSKuUavBpJW0jxYEQiyQTN0rP0QBp7mRsQXFgIK5sh+DRxsauMHYgqQmbJeM62TKq0ZrgeykVWK4SnxkvvwZhRfn4iGtIpqolK2+TTyWKEZ2brWfFcXF1xIMICoqrLCdCuT6NnilAeS44LUaIdLyosi8/JGsKT0VTUlWSw2a9LqsCQieKxiMOqCGtBWU2QImJQLlRcZtQs0oWkqYrm/CtllNMZmpoGZWJ6RqQ0VUV2ZImzkXMupxMFfY7CZfZ/mo6FrlM9rabSYEFTRCCziaRziRZF9k5RApIad03pQCoLUJiWk06k0N0FYWJewAkyomfPqAwvIEMk4Q6dWSGx8rTMmqYSEUJVPDOzF40A6eli0t3dMSwPWt9M90/T5NNu6n0SM2SYWRvH6OHVsjCYWor0wtJzsCJznfutCFSbGFULqBpyRj24SE2O7qTRkFUZxbxlAVRtEM2InlL5jyEBaI/wKTLCKt8mySRnzNkYYBgkmJbMcHYRLcNAAtRpSgWXSZZWKkyQHnN5JRWTWUuEFO/Nw8o0gYiJ9jlh6UwGHyTmxpAXoiIPwn8RUHXnm9fJijrRloI6whGGcPHuniKijRcMlGgMzeVWtfY5paI1c0GPDmQzYx6MmkVFbogNP9upIFDVZG6MqFqDWOSOCQlmTaKYbQCqFqWrI1QweeZgBrCWNhTwJNGm3jsAMelTVxVTE8mIHvvs6aQtHF2gjQYx0hISqgZPa4OJhk/stEfGtNuGJ1QiutkQPRDBylAAHtGdN0h65DA0UfEQj0ifBhsAeLhaY5mpmHi6AmISwZJrwgjSdIjIRBhEB2XWrTsUYm0USd/vuk8x7ffTxA/Qp33up+yTmJHyhYmITPsJHpQq8Wz0KIVwhKuImgU/C60SIEaRqmIcBvKaAlPtWVdgZvZMWa5WIpn7rULDg9XXyv5D1WGwTPTJMzyR02YSEdPh8erjxx++W46rYRgy3IbFdtvPX1w+PN6cnZ7++i9/8dVXX3zxVewnPzs/3e362fHxYjGOo93fPR4eHr55e3Hx+vjx7uHzzs8vz37x1ZsP7z6sjhbjcrXbiHd585vL737/7Zdfv3r3/kOKLEZZLts//93n0/MXt7d30TeZ+5Pzo8xd71tRk4hp6t4GsWaDJeFgQ2T6NInkftovF8N+v4fGwfFhn9arw8W02b54/auLy5c/fv/Dp08f1pvHF/bq86cP+6fH48PV4dnp/f39brtbrE6f1rvHh3VrCkjPvrBhHEYbR6ANi9HMlqvx9PTU2sLDA6ptOD05Pjk9aBJ3t4/L1bh+2rz7cD11309Pf/rDn/7qr35zeHz88HB/crb6/k8PP35/dXI0np6fq4y7df/6F6+vrh82O1fFdjNZk8sXp2+/eLFdb77703c//vTuzVdfuu9Tp+WqqS72m+1ue6smL1++XS4H78uzi/OI8L2HxPbp8fPVBxHqz8bF2PouIvpyOFyONlozTYQr6BXryZ6ZGugTFgikB4fISMbFQQpm5ERilC47wPgvotliGiLCnPsQZv0E8UVV/jtNNcUiJmiUPDg4SnEe8sk7xDz65JPgWf2WWhYYn6GsYo4zja+kivXngp2EmJQ5UUTVatYvYSj4Xke4IlXDPYHoGSagTRHZ2f40hZg21FlH3QsypY5lJQThgQQmeIaKoiFFUtO7qQqUP6tpE/YkU7cy46ucxUTNo8OBDEkjf0ti1NRUBoE2s0JjwBDz0reQrVaVILzP+QjMvSGCOd9yBZBwsgnAGrE9hHuYZuGREIeLFuGuycmIJIKnROHwpehBRnSfIBSfRHpKU7NBoZnJKAWNVIFHZrraKE3pKOcgyqjDeURkM41kUE6Sgxr9hx6ECFPVIqEwNcuIZ9tkLaiSKekeJg3qiNobIpixCFXNpMkK9j//+/++VE5UpGQmwyjB4AUGt5JUKgbAMEO/FPRwohURpmFWtXomaDpGYf9ZQn0pkdwcScWNueoYiCYHny0KtfGc1EVQUbK+zJLQgUogkWSyeBZYqyUAon4OZUUvyWstUFpVtWD4vZo0lYaKmKcaH+QEVcTKZIJE0fi09CblQ9zfZ5tArU2mjfYgMYFWH0IJUaCQCJd/YaXFzxGBqrTnUI8hHInk2UJKyoJLAk+TSkTn9Do7aoPhFnzLRAt3FHo2DOWjp6jmWdzCFx3BD5sDIU+3+cEAUHlcpK3oQ2bQk86bF+nQYhNkFrTx6zYxY3Eh2O9nrWpKRNowgMY/ogaFY/CZIOmGKH2e5ZySSb0GL3z8jDxk5YtFijYIZSDRk+7eWeVW1EHBJFpNCyRzmQKWND4woJNyWy5fifTKcoUnvOd6M13frT993tw9+H6CBzwSFXScHp4eKjbYIhCeE8UVIhqe7nMNIR/OWeDMKMRSJM4UB0OLqNBICINe+euQ7s0eHlMxFx7pqSgN1JytiCmiSsCj4IEUQQ2szo8e+kxjJjViEJmt/xz3s1SCOZ8m7L4DFW9Z/BD1Z2qqjbeIqFlr4zAwt54qf4FGdOq9RaLqezN6RGQ2EKrBs9gj6jSWlKQQXJnqAlFpDIai4jaRGeEclweDKBEKUUTvzNwMbltMiJ8pkIQwH1PV6vsCJ1eYDiIqaqaWYEUCQSDQwyAFziMiBUl/KkomVKrNNjRGMNPhRjN3dn5CqjrLlZ3AlULD3QUyeczhJCzMClIECPprQQGtqsXkTMFjXKn3UM1hbKpqrZlKeOmtBDnYuFwsE0zqZvNbCW4NzFbysnmLwgzDYNaW46K1QbUxbDm6m2r33mkJ7N19b8iYFY0qIk1VlaQ6vVUFDE5T7z286/MDxWGrtchUETXeoYhISJqqWaOIViSaNUQX0cj0KSTSe+x3OxGINlHR1qCS0XmkR0R27LZbVRsXC2tNIOHdex9Vd/vN6cnBxYvLw6Pjk9Pz5fL49Ozyq6/epGN9v10sli8uL5fD2IZFa1gux08f7z68v9lu1uOiHR4OH3+6Pjg4+tVffBnu3/3px+vPN5eXrxeLk69//frkePz93//w1Tdf/fju4z/9/h/7tP+Lf/27/dan8LdfvX730/uH+wdtdnZ+fHNzu1outA3TfjdNHgiHjzYiAwg1iQiiNhFurVlr4XF7dRO+Pzu//Ku//q/ubh7+6Z/+8/HR+PiwPlwdf/vnP377x7+7fHnx6s3r2+u707PT5eqg92R04/JgOS4OIRratls/uXh5cXF5dHSSgaPDo8W49J7T1FXSp77f7bbr3Xffftjtp7vH9fX1bcTm8fbjer2x8TBTvv3Dj6dnBwerZaadHS8vLo8PDw7ubtYPd08RcnxyhMT1xzvv/vCwmRxffvl2aKNP+2+//+n6+mrabrbr9cP9/dAU4eunh/Xjk0+bg8PlweHxdrc/PT2NTJEYmrpL77FcjqvlqvcYBvvi9eU3vzi+OBeziNimOIQlesIBgH0Ts/+Fxyt4e87SdJ7DYAgyEgoTqFmbI5uL0yber2Ige8yuXRtEGvs+pUBGURgDQ2ZBS1IMM0XPmEKi96l7NYhCBMI4tJK9ZokE5PmkpSpXlNN7lFbbuZiUHNPDPZ3Af0REusM9KzmD4yx/PRrbQMg3vKYejUB6dHeP7MFET/pfWW1U42B4OkMjaaOa0x84+IhoJdMFGzwkvECFnHUiIlRbtkVrg0pTGa2GFmqAqk1An0cMVp9LUfd1KWVV+rgzwTKAEo/wSEuJ2TnISyYg2SvjP5/BbhZC8qqL6DX+ITKjo3uyx4BCGD4qJW2kg5OXQiAY0GQcUINMvtFn4tlZGFvKxwpFTeUFoNbaYIw+Y8azNtUmKpIwks42FzBnFKFP4BBK+ZmaArBmxRQn7N/9zX+H0l2hgqyeRVbBboUUTq/Vn40yfda7kNAQwjeAEFXWehbLnFpC56zJc8b2zRpjtlU0c2bPQAzbIVl/Y4awWCBKTjMPtCQ4ApJWkD7Zi4oYqrmg+g3qJUlhnjqeibyS/RCAknItFAXO6Z8NtRCAHwgXi+piIHZcQ1gClWVJaYW1stJS2YtqSuBPCaO8hBOXJmNJBQwf1cZBi1MRykifszSHh8gcrlRWI1g5TWgA9toGRVv9KlRCkSlqwPMI7z3J7pVnvDgFAGWlFbXa7jKR81v0PPhzHuN+xZUqGMebWaNsZXekWXvW1CS90MrnUhXSrKmY2WBWdh/l68QvgH4HlfAQCShtDHDvQEgVIZSHQUTENGfVWLmzgEx47D1dSIXUKN0TmK3ojEiSBO0M2sRmIxEgnBB5MEZGiBKMzBQLiE+ZaXvH4yZu73b3D/twkdQePbwyaea3ARnT5J3vpkCC9kRrZipipZ2X6lbI2aTKzAeJlHAwLVJN6HYl8UVHUjl+YKbhGVPnX01qGBmZ4Vz8zOZHsyZ7nnPkJfU5y6c+gNREKoXsqVJmLR4KHqFF/EY9q+Tz1ES04ge0KVsOUESpiIrOsb8whfTY017E5oKMydM9vKk2bUp/Ap/C7GqqUC8VECo7v7bnTElVaYzo6ImU1GTgm4j0KdjfmBkiEiE9oTqoWZSFuQz6Zk115OrSPQYbKfAza/zQtZ4lyQjauAVBrxcBiTmqoOhM6tU7DR48SQzJ26PkbXX6Ewtn+Iaamsk8rRTYoWAYB1QketRVFgGVtmgiiojubk3Bn5VqVH3mt0hPWmYXQRtGjuHkGVREgT5N++1GRVuzzAwPFSkzLpAsDTIFnCsuMiRFVCYm7kRE35uSfXOiLqkprKWJRBLfEmualYGRrbXMjHCY2sDeeky9m2lFGvDKQ6rO/86MQZkDZJVaUE6r6O6rg9W4XG6362k/VXQtn6JIidTWFsvlYrVs42KaYr+Lw5Pjt199uVoenp5dXl9vNpt89faL129fffXV69VqcXezub15evP21ctXp/c3jy7qKYgAACAASURBVJ8+XrdB//zHn4Zh2UZ7+9XFZrOLiMeH3TjY6flROD789HFcrl6+ff369ctXLw4+fbid9rI8WFxdX+22D76f0oZ9d/fp9auz9dMk8NurKw5b283TuFgMrUX33vd9mtREFc9LLArCiXB37+E+DKZpb97+6pe/+vX/6//5/2htMhs/f/p0dvH64/vv1/efxnHwHjef71++frXfTTc3j2fn5+Mwnh6fLg8OuovIYnVwevn6re/9/u4J0oJ8uAqs5dSvr+4/fvzce17dXD88Pn7//Y+J/v2f//nh7ip89/7952G1Ssl3P31YLMa72/XBajg/Xx0dLSNC0LbbaRxssbCzi6NXr872+/7+3WeIjItxaO3T1d3Tw0MbTFW2m+3R0XK1Wo7jeHt7u9/vBHJ9fdP7hHCfduHTwfHh0elJAPwB7+4ex4VevDj4xRfD6TFE9pmTikdpafg+zh3otLtUwAtIMdXlOs+YzOIUkbotyI5So6Iq/GsrSJeoAwyFcjMoIDNN6XDlCRWR3b0TSgoPoObpqXdagCJnrh3JBZ4/gZmalegUSC2YDMI2cXG+Vs34dwUEve/r9wWQfR/77pODDisp+FWoYbEZQA8qcOnP8pg8XFjxiQDCo7M/wWkopoa2jHWc/akOqQ4gY5SEVj5YZtLAXuLJMkdLMzMbTJpqk2iqzXRgHkIgWV0smZCsOE6CXjKnAGXBqknLRrJagT+Yz4gVQ83r3ivNxExZlyJLahDMmbiYvXFIZPeJqUfIpLBZyc6LmhhvH7IOiQxkE1a9qFRkZ01wohrZObzM8akcOcwqV0VM2YrSVEdTU/AQhCLMVBA1gGYQPipdC5SoSmTyNwEXAi6Q/+7f/19kVmTPsyXN0zyjC4xWq0iNGl04/rLVRUQFKdU7UMmRAOjszFlgUxAO50kBgS2pESEyqN7it5gCSMz+hsLPakelhqVGVQp2spYCrjBV48W65Pk/U2NXMSQBNFVesVYiYd4jJeDiVwLKwSDPRnu2E8wFnjXNgxNvbRTFIzWOriqc3iCSmhRFsH6CwhP++lniM+ic0SmwmkMhngFg3nTFpKo9VC1hZnPcb9UK6fxLS5FQNepEpjxX9lJkByDFPUvTVjMwv6o6StSeYfVa5qivSyCzkoCgZmSKvAhNfpkDxISh+lLxMCo6txHwWg4RUxlKu8ckcmHwKgFGRaUBRPBv5OZAM0CJUQDxZ06Gk1x9j5F1jrHCSpik4sn2E8CzhEvgf0qLF2pEqqV+QyH3ImnGF7yIkdSEDgL1CI8A07hSN/vtzcPu46f15iE8hDZN9+Cy5NPecwrvPNm1HsVacmqbLaVkcVqVHA2BaQq8T8bUgta4+3tUBHAPFyCC1ZMhKhmIqauIDqYDQZdMCDTTCt2vs064MTPKWCrfrag33j4hSHJhHDrZVlcQAt8Dit/5PfHCK0REUTVzFTCvRXxV1UdKWvXdYfIeHppqSQbH+WEoT9VKrpBARsKYhQwAXrhOcg5NeuBG0wQ8XJKjI6moFh6IMNXdfnKngyZpgBA1L0hHRNKUBdhNpbHnO+nloEyyThikiFaGlaiKtH+xd1JlnzxNBKAlvEIHtWgKKQixmaqmo3CMIleyqVnT7t69i6o1Q9lVUi1FSqKrAkdUkh4YYCBsGYtw791EzFoPZyUCYaSM6N6pSHZG7xAlVWvWWL2xGMfwmKYuSG2ttQFM3LJhtViOi4V3d0+CP2S8tJmp7XfbCI/w8LChDYvGF5xwfrOBrTA0V2ozJEyl+o0hDCDip8ArJHyarwNaBgNFyKgA09S7RxtMjHFhMNPDg8M2LnbbJ0Q0M1NNRicpWmOcovERaDqo2fH56fHJCSI2T1NrS9HF2y+/fPX6ZbhPm11r7fj08OzF6cWLMxH88MO7p/U+YZcvLi5enIoG0j/+dLXb++rg8PT0ZHW0vPp4m6nHJ8f/5t/+dtpO28329nr99W/eLAb985++Wy370+PDforXb1/+9O2P1x8+vHrz5sXrlzfXtwKJjHFhvcd+u6U+IROx75WMl9GGpirdXUWn7j5NzWxoQ8ryv/iv/s+fPvz43Z/+YRjs6uru/u7+m1//+sNPf358/NhE7m7Wq8XRxeXp5YtziIT3nvLy1asMExnPLi7PLl4cHBwdHx8frFZi+vLFi8eHu+vrq4iY9k+ByOxq/nB/+4c//vHu7nPk06eP79ZPtzbkh59+fNo8bbebm+vrg+OD7W7z9LRdHSxjmoahHR4fLsZF9HDX45PDL798ObRxvd3/+P0Pm83jN19/9fYXX07TPqIvF0sVWT89AP3y5cXZxYVpdp9SMO2fPn58t9tsVOTu7n5YtKPD4+1+D2Rr44uX5998/eqrN4uDg+CCz+uAtCqkkhk43zGHWqXVtc5y0QKgogISJZFW0AWVhUo5NzljhkxC0TDXjdFpAxQOwvJwEvWR3vuERKKzvS4lquaGVxYKH1Cro0N5Kus8WBemxGOUKqOgS46+diBSrELtImb0GpHu3udJHaW7Zrjk8xxA/paTJg3EEZFO+TSvkQQNysCsLw56AAhMM1JQjME+jA5HGfQSCFQRYiRAmzUbcFsh3IzlH1RMUoU4mMDTRZNPPo8NjyC8qxCpgMEyTnKAEyVwMVEzWpJ9NegMDz5LHJ4jeyRVmqXVP6qhMqsUkxW8TJsh5WvswxTWdBbTgzoPTdRgJcKonOKc94EZimZNJ2XnUngfkCaqZqpa1cUVO1e0Ci+OZzEwE6JQAiry+xkZM8IMTmhIbU4o0SpovBztHlFfEW93mk6dFlMpLJQT4ay3DghclNsD1TZ1mSKYlELGp+fzaM0N4WdhQQYMKWDPuxjDU2eYvq5icG4UzYzKMvmZAsK8bHEgkUyOZQKoBKFkZlnMpMQ88zPnrlbehEhETCbGv4nLPoQSC+rfaMmgTIEJJt5EYUwxmskSVupq8rmiVEFhz39PUpmkpN5U6RBiKzVBVcGQls+bVakLzNP5MnA0yQLjiy5kpFEwjSt8rhlBKl8Y/lPHrCiEaGHShXhGycGA1MZNm/846Z1SVDKNIJJbeRZeTMhfG48npD33+ikHQ9Xi17JDJNkhUKsl+YXn7U6CJ69mMuhQgihu/SSZVB6GdxGbfztQrhQ91bR6WPgzRJlSucSQMQBFk/xtMlRUkuWGVAglIsWapEn1mBr19iIwaapamyZEBfvYQxHuu+0eibYYdlPnSijIphGsNkvJdFVVXUAweSdAHAVbhyTSk3Uf3Puof8uosi6ylZIqqQHXSBHtkiSC1DLQRTR7uveIFEFrnMsFCVh6XXrgr2OFh9GHJEVfs849Qa5x6l0kLGuhzPlVJ5QhKjYwS6swEVJAPKcBZ2+jGsPsoU1JtPGJE2VfnJAt4VNQ70j9OVwsmIXFlJ5akdgBadIQ2iPZSkB8wlIkJbJPPZqYI3uGDZY9vO+Ta010ylPFGjEehahqqgEOVxHJcO+T6iCiiGwmgsaXiH0neG7WzCSrKyGpkh5QhdN3nkmbvSogZtanKdOrcYcZqKasAdI5OStTWE4vJtSbmQ1Q8d77NA1t4PpMBMtMU2AZzqoR7xCWA1m4T9PEj5XqGpWWQHiGxzPx16dJLBr3fWvEJMwUat17zdyq2gZ3nyIybdE0A30/UbPXbBHhjonauqlPdGkgdMaEJHv23hEpzWzQyCkj2mLITO/Ts6KSOKpyxSX+SqSIuFQqE/hKXap1ag5UClnrHvvtZIZM2+23+8c77z4Mg5qwXYERuNGjqfRp8p1PwFa3qrJ9un+6G/u+L8aDL37x9s0XX47L5fbp8eOHa2ScnZ+3YYjU7XY37aaz89Nfff0akb/59Zd9v//0/sPHd5/bYnV4cHB4cnhxfnBwvHp62B0cHb58ebZobfu0ffH69Gm1e3Fx/Ifff3d/db/bX9/dfBxW4377oJI/fv/t58+f/+q//Ov/4r/+r//5H/7h9u76YNCzk7MPu03vk7KazgQROmj0qAM5k+FX4zCObZj2fnh89Md//sPVhz+Jdp+myWMx6v3D3f3D3Xaz0RSVxRe/+OLVy4sP79+9eXPZe/zzH75fb/3y5VukjQerqVuknJ2d3t09ReDh4erp8UlEJ99sn57Wm93li7Onx/7jD+8TsV7fbTfT9HQ7tLi/u7m/uc3sn1dHfZ/rp6u3v/ji+z9ur68+v3nz6vWrl2K7s5PDs/MXN9eP08Yf76fuUBmaDdefbv7T7h+OL86fHjf3109HxwfSBve4vbnbbPZtdTBt177fLZar7L012+434T0Qn999ODk9gw27fZycHq6Ghcl+bMNoTU16TCiJnqUAkiZw94hUJV+uYsgA128hyky7SaaowRkN1sgQFn6YHFvmgSLBRmHCIAy1jd5F2IyRohpVQQMV9ey0TvF1J4HLc9Wo4KYEtXi/EPC2i/BgIblaywwgTBKqBoYNqqhGQGWGhIyZd1Quh4omGouJML/+CVEYiB9RyKEJaGYaDOqCloSZQ4pLKfUC6eKUeEaBS/4tUEr5WR+Vz5AcLaqqzdozbkLYfT7e+YMlAM+w5IBJt1vkPKcDIaVdB1QlQ1QzInsImYKaBT0iEoGIJprQyG7Roqan1GxZIH+Q9U54bUYJTXG6S3kyF0Nf0phy66oIGgmBZiOiRhQrUyw/ZZAlVlWr+TlJLmSmQoKq0wpvhYrNmS6tlGYFeoekuDO5tcSv2XNOwteszA4qSS0zRBPJJAwTdfuf/qf/lnqrmCN/MhkYghp/IpEwZlio8jcQULLSCI2ivKrzAAk+LlyXUWjZjOPPbtJiVVJqai/6pWZY3vczIB0+b+3CoVZmdXrJE+heJYMudaqj8hyftXiYl7t5SBVmc1NQ3kSQxR4Ef0lK1Xjh8YdX0fwX2aM1uNZIBbGS81OM19SoeDHyQbVFML82wTZFVZF52xKhkxv8N89QvYpRY6UwGvNlXtApJhLU/0Rm8fjKDSME81cjgCpXmpK71JCWCBZOkAAMxqEiY56teInzLSq2dM7VQoIFR4X6cmc0a6pNqMOh4EdQwPyzBCE94QKItJh30kKZOcITlu+emkn/jER4d7hoevYEevZ6nwGIejgXS6cA2pSgBVQ4DTG9i5rpUozPjAVr7MjAoOLWNItSxGxnsGcNR4qLqqghQxAi0kxn5N6etv7pdnd37/tJpn10T4SmZ7p7n3J2Mpg1bRYkeeT5EC6nSLGlIG+jxJyJFZho0a28xuh3hXUJqa4ND++FavGdaJISIqhmR3Ykp8F5nEA0qcpSq1+mYP6sM4uvbN0FhaIT/ALiueqFZzuTo1XKnyKkTWQWfSfSmpkJGTsrijkNCmI5CHbSMuUy3RWmRQgSayJywghnPk6p0kTEEem9XhOoSTMTSQkul5Gd32Yo4HXZk4yGCJq2IW0wMffsHpLarEFF1GwYtQ2iBgTPQp68ZmY29OzReysgsNaXrBkWANIDmoNZaxruhI5UrZmkSkaBbWrq3cOj0e1GRz4iPYwTQNQYIJki0lQ8wrt3d3dvi5HZmLzXh6EVY+cRXg0YBNSpH4rMuo2aFqkJNRmGNlhraCQkOQilQUSlBwNz1T1U0Fprw8LaALVgXlEd2+HekwMTPXZQNvKG9wxvZiSDM4JV2a1ZegJpjQJSeuADQDq90UK+QkSyZ0i0oSxOys7ThAk8I8iEh5vZMLZhGFqr/mAbDGA3ogHSsyKeSZsO42itDUNTlaPDw8XCIH71+fPHnz5snx6///N3d/c3p6eHkLi7uduuN2++fPni9Ql6bnb7q4/X4j29X1/fj8vl8mB8+ebil796m9N08+lht42vfvXFycHyw0/XL99eHB2vvvvu/XY3vXv/4eDo4Ns//+H9j9+Oo/a9nl2cLlfypz/+U/e+7/ve3Ux91x8fN2ndbGg6RpCkcSREpU8TkOnRVMnMAzKuli/efPnT999t1jcXlxf390+/+s03pu3g8OjD+w/77YNIExu/+dWv/uKvfvenf/zTtN8fHizuH9eHq+OLi5cnZ0cReX+3saa77e729qH3adrvFwOeHq5vbz5+fPfdzdUn79sP73746fs/j4u8vvrw4afvHx9vmkJiGgaN6MjJfXt39fn25rPEZv10t52mvfvHTzeAXJ6fKvLFi7PVoh0erJbL5fLw4PLFuap8uv48+f7i8uzk5OTo6GB1cOie+8mpZzczNRweHkGGhB4dHR4erab95H06ODxius3hob04l7cv7XjVoB3uOVfEUF/DQtwZ5k8Fq2er76SUGJUkU3oGmWFJAXIeUmSWJgvlNMlTprQPUh4DOoz5v44Il+yJCO8gJOZdED08fRLJNgua+aawRUStLm/NmrKZNhyJ1nim8n0w9qzzHOc4G+FVcJnOq4GkbGuDMB+NQTJ1ZiUYsq/KJHOlGr3YDopbwr0L7zJq+CAZVVlFnEBgKO3xc86K8tYmyJuVEl+akKwwYqYcNUrTEzWoQaTnzHenA2CQx3P0hGldjkBSiRrumR7ZQ3yeSxlaaVT8UKBPf3PkzO5zqKtJK+oLz0y4IhnmzouNAFhd3mIiktChNYOR2DR+qimc8sge8P/l00QfBX9m0TJR1oempqJNB7CwUkoUTahYVVAlx6QhamILD9GmMAKukBS1mpQAMiIIsf/xb/4bEc6olTfDmRyY1UmZWuQ0H2Mo5gpYLSKAIDhfAEaK8udLDksyx6+rVNkTTyzyU6WogFAKryZz/UEW/8skEG5ZSFT9U1Y6EqgsMR04BM8bkstceCrPLzxHUSFf1kSeiYw0s4KcMhPJECUeCihtTC0PWm86wWbOao5a5up6os+RnI1gFvX+7Dmuda2WktlhFHRhqipDXetDZikvKEhnegm1Lvy4kGKmTZowX1+RiPTg66yllUWpOvh3ZlE2FTeVZZ1JwLMjw4PhfUyGJb5dnh6tFTFBXzJogQJY4MCdTFWrjKNEbYnObVAEzmjUzIhJVFUsMiRSzYKUnGiEc/dn2Ypnz4iggUl6Sk69R3hS/AeRuRbDzGLezZnKyJPCncXjzKup9c7T5+dBmd5pNhsUUG5mM5APJPtqapECOiJKswikz6+imi13U94+7q9up09X28029j33+ykjkIg+9T55dK7Bog1zS4bK89uEpFxPRE1TxAmYCxdtbuczOmqVa0Smz+mshXh0Liwxh72R2ympJACRKEMwn9oSqkaUOs9pIa0FoIB+YyYymaGSWc74TIFX1L5DtEireiVFYVAbzFqlI2uDCV0KQxuEIUDQDJCl5XZdTSjMfkJ6eAnItFixpJ0NqdoEwuucR5dBpRpjUqFMElVowruHoYlKjw6XlDobh3FI0UyxYVRVnyqtNTLFaF0QVb5o6uE9XGnPGsbIzO5AyUXJjEjTStYP6mnTBhtaY/GcNrU21HbHtqy5G4JkKk1HvWRrIah05Ex0yrpEumeBK8J1wiJjv9sjxZpFpqAMvnVkIwTSrFFfFOnPrhzvTlXNMIzWFqIaEVPvEFEdVERhU+/d+zAMwiOLxQg6iDF8sL663vfTtM/ex3EAYr/f8RieeucLVhXWDBsQssU0XYTUoQ8gmbnX1KjO5Wczn8oQqcqB8AjvYjIMTcR6d5amkWpXtWnaTd5hzMVlh5siwgMiNo4DAcWhDS9fvFgcLDN0s+tmi8VitRhWbXn08vXb1198cXJ+MozD43q/2UzueXl5Me12u6ftP/79H97/9HG/2b24PPbo261f3zweHh28fn22Gse+z0x78ebyxeVp3/ftbup9/+13n4fleP35+n//3/6XN29f/u1/+t9++vFP+93T/f3T8cXlbvd4/fm9Sb/+fH1zd9MGnJycrtdPd093TYfRBmq6CJGayhQdmQIdhiaqk3dP9B7W2nbzNC7acrm6u3t88/aLx/ub/eS73XR7/e7k9PT07Fyt/Zt/89emw3fffXd7e3v/+GgCtYZIQKH55Zdf7Dc7aO6nXfbt7fXHTx/f/fDDtxI7lbQWj3dXu92dwKf99PD42febDIcgIna73XazVYn9tN0+PULj04d3Hz99vL9/2Kwf724f7+6eFkM7PTm4v3u6uX1ab90jLy5Oj4+Xn69uHh9vVouxT9Pjen14dLxcHa2Ojjfr/TisIn25HF69uAyPu7u75WI8v7hsQxsWy5OTUzRdLMYv3p796uvly4tcLCAMjmRR7PNzVFF1iUwRigyFzd/J6SPmcitWeWKGOqlqFRGBqT0HyDOpLrMo8iSZyvBojjScACPoRc70ZNcXrzMON5lCFhIimWrsfirlBwACLxDNKhBSyWwsDcyseowCr8hXq4p2j0x4OiJI7FWKhDUTQ0BTtBpci6WcjZpi0hgxQu2Us0y7OHWYGoXpwpxpCGeiymOQGn64aYeISPAgEm0caahbmDNnaAUcVMouRlV1MoiTYz164bvPU0ydgkadN5cumQ/fSDjtkZRwJUiPcAuZUc/MRHUz19DJP5fqdIVUDQuFIhz8+R9WHeiWpQHbdOCdyJUAkQm0oSGJcfm8DSCA7hNKTJ9ZfURCQKRp7VFcvuZ8z2fuO9wncBUpeUqtFvqzDkr48zG2klucQJBi/+O/+294PXBycy/XgNTpCq0EEinAG1A6ryDFaKNMbYKycnAMcIlSyWM+qYVbNp023DpkDpERmZXjfFUgFK/wUIPwqigxgfx8/CNFTdDac0EaB6lqBePPrZUAKgULqlgyY4a/kXKj458JKZsBtwW+61lYNn8SlZTSGKOKjpIMCZV589DPFPLGDCyuKUQ6i16Qxp+Im/fz/kEdD39gcg6c2PLZ7fC8AZqpDqYjJ7HS6gnTMuv3AtJRLn4AFV+aoD26WJeSTkWme3glOIWXk5hyj6QEJbKOtRokwaeOvhMBf9MS6+X8eBAV/DmOABm93qI5OClncg0AEEovUXgljsc+okPCo4fvPXtm8A+xn+OtJHnEABTZzHs2ZTC9ToXKac1AGhNH5VmNxcwTxfxdi3CRFNFWMiiBMQCHlSoZUFSnMeA919v++Xrz4/v156vt42ba7z0CTVqzNv8klJcrIxSkUjXnEyeDQsYIqBlNYUYyMAMipiSdUyrMBJLzT0IHb2QZJQ0Rgc7DNjm8c7CiakKCeqEmPBOgCRCq4K5U03wdLcl3jhlY/KqYVw2ANYKSVa5mdehkeegJoA/NzIjdMF5JtHzhCUx9IkUZ4tTDMOcIASmIJcNJbJdNn59bsCEHVim0QLoIUiFQBNj6qZN3CAzNE0y2JSVjavSUmJk2g5jagMzO+0WEN32t9lIP1NAaEhJBRK8NQ7pnBJ1uxZOCz3yq6WIxZvQS5SNF1UicQlQsIhJOIz25wpyP83pX6E+RjEgVK1mUPl9RrEM3E532k/cuMBssw3v3jGzN6MEWTeMBRZhpjkiirmAONaNxSL333nsj8azKElYzbYvBRNx92k4qqm1MbaoNisgcxsGYRd8nU1XI1D3dVSSETTshyN1mx9yONgz23DlR3yATH4J0nJq0Zt2dSuR6fFQ8w9Qiwt1FhfnfPvVw7z6ZyWJsB0erDGy3u8Uw9MnT4cwCgiQcPBPTvU88ZDNjt5u2W9e2unzxti0OvvmLf/3r3/5uXC4F8uGnH77/8/fT1D3kV7/51Td/+dXbt5fWhs+f7s/PT3/7V9/8l//Vvzo4aA+3m+PT0xevL7744qV4Xn98mHb9+PTg5GR1dnK430+P6/Xt/ePt/d3r18e//7v/+M+//4//5q//+vtv//Hh/j28LxaL7RSSm5vPn9M34fuHh4fteu373W73pI0Xp059MrOhjeEJkWaq2lQ0fIqIcWjeJ0Xk1PlLfv7wqY2LX//2d3/4/d954OLyxfXnn87OTr/48ourTzcP9/dffvn24vJF7zmFf/n2zS9++bWn//DD++OTy+Vi+eLly2HZnh7v764/ed/utw992lva8elqu77/9P79frdWQRua9J0im8p+u014RvS+F3RTsaGxsTnCp74R2SN2t9c3Cdg4qNrR8aEnrm/upt364fb++u725vPH+7s7RDw8PNzd3kZMi9VSBWdnp+5+c/14e33/9PRoomb2+PhAbMIzM/3i/PSv/9Xb3359dHjYTadkVj1F9DQQpbOqUjKYdClgsXddbDSSOcGmrLV0nmpqPmeCACRrKOMfmyXfF2jTVg7KGeDp3vnJlJQlM+sxVgY3k043hWS2Zo3qgrpx03QmZkXVbDAToKlmhDLkMCGQ2YwbkV0LqvbngZcnT03qNAzBGuXjKgVQptbQzwRkjh3kH0EtTQpbjCCS9M0VSl2ZikVyDsSpTAee2Zz4pWzUMkMYnFc5H2qzUbVx/iIZ7lHoYUZZMoQJHwn2y4hwLC86muBVZERIpPNYkwipq0UAWi5Y61vbRbCLhkoW5vBQu8/Tv8Z6kZyFL5jlMNpMBxbXKmNJRKEakUadfsyyg1Jea0qGZI1n8yDN31EEJsXozLMc6mqQYiMyZ06DSVbVp6CzFBz/MmWH0zNTp6k754f73KilphrZCUU3jkXBAs4IihRSU6N2rWCONBkH8mQ1M0UZPAt7tOd7kxI4KsBNwjMllDsKoAxVIXyWcwilZjrneYrE+LNSRx7gTC0IZKvE1Yzy2pZWgEg2hdhUMcAq1Ib6OmQ6ZXC08yUyoMakQpnfu5LS8YmK2hU98vkL02IzKOJR6nzpr35O+WceYgMgs34wCn4USu2E5suMND4oCWEzKB2qSBoieVJVVim/Da9vKmeqqgJHerhHpoSa5WiZdKh5cLgVs0y6+h3pAa/TEalId9dm89OGcN6aswYtOrXi8zuZ1sYEOhm0QCAoUPn5ghePiO6d+H6KmbVIYuIW6WqEcsPdPRyKiI7ogKfBc2K4Z4X/ACkaLqmhUIZtclvslJUnt+0SDMq/mIIViIxK64VA0vm0114eKhrpcBE1kRBnXhOye8RkQI9Q1QajeVFSp2nf9973/WG9mzpNvz/vPQAAIABJREFUhjG0UVzAusJSKCXAb11V4OhkEcSU2nhEYk4WK3lYeiREs7oH6eJWUQwZHhJSZXctcidNINKdBzT7lHmZqfCrJ3bI1J4QUQ3uRPMcNOvvvF58io4wnyqSEPFwRAY8OUkVOiUyAx8o2qJWgMzqzRbR9BBTCCNfgnXdAk/n/wYqXeVn5WQdcKTBGT2Qwth6iEhIVmxSmjYPz4RLNBgfcoa9pSd86ojU8OwZqabMtqBFZ+o5rswhVaPYqAcYioSEAZqsTciKa0sPEZn2W2QOQ4P5NDl/RKiwJbwNCjj9waRuS5+aKU2sGWT0zrmXFu0QAUwb6TWmsXF6EEWGiaWlmiBgbdCheZ/6fieAloAwGczHSDdt5j2iuxgytU/dCRI2ZhG7T5HFahY8FH2CaAN8miSDoWxmak26d/fgGE7WmiNTa81MMtH7tNtte3SjDyRYNB2CtAYJ8X1XKbtURkyR0aMNGuHaLDxtjprKiPTcRXePVDOzJhKRZqYmyRhljjvUfUEg2ayZ6jR1f3wU2MFqsd9tEJnqYhJeznsxaWLhHRKL5WoYliLWp9judxenx1//8qt37z/8+O0/f/+H3cP9jarsp4hoF69efv3LrxX+4Yd3P23CFgf7vZ+drp7u7/4//+93q4PVfpv/6q+PX704SZfHx+n88vTtm7OUeHjc/flP796/f//7f/zj6uTg4fHp6uO3f/sf/9erzx9ubq/vbj6b6NDa3c1nWx6txoP9br1b74dhQFrkOO0kom+3m9YWujhcLVeb3a57D4l0H8aFe09DpErE1KdMz5D9du0pJ6cHj493U+L+7nG/29r6/sVvf9dT10/b+/uHm9ub27vrf/zH/7xYHJ5evLo8fzvtcXdz38NPz08j5eD48MXl0fR+/XB716f9OGKxHFuz7WZ9/eknhayWzQNT3++m3W7/pIrtbtc9Wo7axmEwIPa7TWz2cnCwODjOlM3T426zvh1vB1tN0+bb7396+9Uv/vXvfnN6dnp6tLq5/Xx/e7debw8ODzVj2jPnp2+z73bbYRw//PSjGo6OD2+uPo2jXrx8AcHV1afHx21TaBvaYgn0oe2XozbLHjtmZUuqmkT0iE5yN6ad6HxfiTez9BrCitekqYmsAWGB5+yEAhvTZMxCnpOzZkoqBkEKnGuDWYuYInsJcipPJuA9wysoDMoCuwT1lkIlklK8CddaLITpLZT38IYOqACW4ii4vmr1pP4yychwm7U6IlaTWkDMCBoqgwVSEi5sMIFWWikg0tz3Mxs5+/dEkuHTKdldrLU5GlVEmrXSQ83eHXcGgmvdNBSAZChQ/YjhmT37lA38STx2dJBFZEQHwlQoIvbo3L64YkU6QDArKoiGuJWYqniv2QSSheFmmhlhsYJ8RDkGMVyH8BUhUyTnVZPQUI2cII05bUCQix2r9K0UQYBY1R1p7S0KFQuOWahUz8zy0EZOFeQjs742KTatlE+izpgLIukYzpSUoKe2FFDeQR/fnKQigsG0wLzMhDSh46LUa/+Sz6jhncKJAqED/LH5VpAryXkpxrOIiYC+S7L1HcgIaidSmHKemcJ+Ft5pxF+nhMFFLCPmXBrMpLDN8yMtDjWoKOdmgUqZA2rXKfwNBY8BJshMQlMGVLZMkQmiOn8okZzxvLSViBRT9RSJbmoRFE0/vw8zeSRM9WhKl5qYirLsjzsLBJIhWQkCKRISTj5odjOTnmuUY0sm0pO69iyNYsEbnZljmRyJnJtSZEcS5BA2DEXfZ4ajMyQwIyBu0QT7+dNJoccREEHERMySAbsOZERzL+asvmZSkWwq8KiWtS7UbhVUrTwMf5Yqa4ZTrJ89pgofED5CnhFMTI6EZlMx5lAFPBMRPbwTsWVceo+IcD4RUGHIDH/aRBTVka7QjGBCDpBRdYBSdv5qG0x+/hkcWrX3qZmpgkZhz2gpqP2LfyQMCglTho0WaRSQ1kboJpBmBD9aCYpM0mn2SDMLlwSR7LTIoLkF2pSGcaBZOQOABkgKsXifwPYLINU0PCQo+MtIur2pIDIEomcyEyYhg6XWKadN+YVyISkCExrIIqkSopbpklrMT7ETzr1SVBLBA4fkdbFPCWsSHp6pFaFGUZ6UTgvO9zUjKNnn1aoiyaZYjumAaDPVYFJP4QH0rhQwwbQjzLwkjwQtRJzPqiSgMJ4EknT7BlCIDjk9PJfmZTXPIyeiOukJtKYm4elZji0D+9RgOshQ1GK98wnXyJ6TZwrblEFjhmIc2m6/TyGiAW0Mu8U0hakNbRmxz5jQncYgEYGopJjywEcC7jFhGge1piIarICduk89PUTNxiEANYT7tO8qAoT3yaceCVPz8DaomHkPCUci63ukq0RMLXukecKzypLNfcoeulwimoQMpp7i1qlrWy4OCUsB6tOu9wkZKq21ppBOIarn1D0BeIpqG5UewGEc99O+sTfI0PcBAkoZEWGjoShHByR6z4SpekYzfSYLsjoiJVPG1disbTc7HpmTTzsPFdjCRBCevefkXRLoyNxBoAr3yNxFEnWKz59+2j5cr9dPg8owjpcvXvzmt79zt8+fb1UE2fo+7q42q4ODV6/Ppu16v91ef36QHN68/eLLv/7y5OwQofd3m8OTgy+/ujw5Wux2/T/+x3/64x++//H7P/30w/uv//KrtrD7qx+f7j+2Zn////vfP338Fu6K7FPcff7+8Vok9pF+c/vYhmExDPe7x3F1YAr3/Xrtoy9TRcSHoQUwTXuIDG2YvHsPsFs6bTftRHF3v+/oJ+MYGd37dvO0XCzevP3q7vO7m9vPR6dHp6erzx8//PTTH2/uPv3yV//6F7/8dURMfbp4cbQ8OLp6/67tt58/Xe+2U2Zu9/vHm6vdbuvTbnV00MaVMl5GbL9fe4iodu+8YEzU1Dx6uItJRt/ttjashmGpBlV47Kf9enV4ut2tv/3xh8Xn65Pjk/PLi8PDxcHx6u7uk6nsd/sLnN7dP0z7KU0zpe+3036bCZPou+nh5iY0JaUNg0+TCIZBh1G19S4bxx4VIx4CcRePSTK7lKpM0rUKRpIKQ2SoyEQMBSi5Y3JpRXiYoHxJAK19nGsQEdFNNRw2GMHtFDZsKK9GqES68DoDIGLNslpQpAcl6goJwu5zPE3UOEF+FPMCLCHaMtOC84QPzWp0qylHAsKOCCBoGmbXTWSleJg1Xog5p45FViongbOMLvyRRFVtvm6I32paZkDUGIxBdbckM4UKswAUQdKCQtD6dRLRRLxphktqDaUqAZeAwZzISA6izX2aVb6RHlQAeploayCEhPsUEWYmyZKCCIS4ioqqdnfmCka4QqXIBJlD7KRnsoixtVGTl0U6ElAj4qupEI0e0FYAPokMilDmITUDrLlkpoJqSWJ4jYuZaCCUjYeZKQ7YbLWVQKokTzfVob5LIOEIySqHZm8xha+RFQILdrx6lJ/dbGBHwhzj7gAaAIVa+X8JAVKPAYhkaBk0ZVZFk1sJsINqHv8R6EJVZY2p84pRlEz0KJt8pNe0HVl9GYiIJKHvmQ1MciyINCuLXJIodhJCJkmn3PIAjUjOF0IXuZSfo95ohIpRKCIAc6xkto2QLEOZWkgAREaIw0bl+qnaouKzEvMonLMEUDhzUhw0K0cyUmYTey1NZbV+hleR2UEMIEszg0rvTJdOdYcRkZZqDuI+DnagKVRMMnufGAYuGU3FwZ0gkJ1p5WKImDI6xCOtejDY/gtTqaXJvRQdqmI2+LMmAKFqxXtQzsQaWEVG52xtsJTs4SajqnVC7eKVnkqcwDMlPPa1OlL0H47kV7NHWnZ3VPeQ5+TOVg7PdM8pM7t7308UUWSiu6iYZ5iNIhHufPcyO7rXI+BpIpE9M8RMkJ6eEdYsnf0s5J060CIZySBITzFEeqqGq0iiF98hEECtAYiINiz4SjeDivaMkskFVJXyUY/o4VmFDxxjAXSoWGjOdhjP1EjTSgId1MAMTjX+rUp9EKGTSDi3TAk8J1BVQAQ8TTXFU1LUEOjeuU1mQCLNNCJDUgFWLLHSV0wzknN1NuGfqibRASeJXMFQWhcT5XwZFWUjSu+QGXkj3pACDR76ojaIWBnuIJLUo6OniKpFiolxjI+o2sLZw5+qmsGztfi9zIpYDeF7FpFokAR69nQ1NA3x4EuqcKRGaxYSEZOKeaB7l9bcewpULHpGitmgxL8sTNMz+uRtsRBBoKeJUdhWVAtvICZvUnioNgyirBZmfF56RvG6jTGiyZrnmCyjm5oZq9C8RxUhZIKtFJEuklG1eB4e0b3N5+zcCZGI+RtCMk0oE6LcM9NAZXwxtCKqcAiRO0NKWnr0EgJIhHcYhtZEsnsXHhda6kwx0bGJtN4hiO4ukSYmimlyIASuZoDlbp/hDE3p0Wl9mXoPj1YsIvibGiUTlGnwOlRhWRgojQ7q/iMyxnHsSDNtw2gqg1k4hnHI7MPQYrOTZioZzLej7sjMWossDfNo5vsptEegDdZMBs399kmB47OXFy9fHxydHx5dZODw8NBMADs7P3v99sXJ6fH19a3aMG2mf/1f/OvXb15TJXF6cnxxdvbDDx+3u83vf//tfrv+6ad3f/+f/8HjMXzz8PR+/bD89KcPd1fvIVOftv/5b/+X3WatGEwmga4fb6dpPy5GSZEMSY+ATzufdjYuoJba9tuwcYzeh3EcF0PuJw9n66aYoC5dF0sJGdqww84jPnz8KSMMvtutX7584/un3TTFhIOjcbudRG3abd6/+9PJ+cmvf/dvfe8ff/q4Xt/98Kfv9+v14enR2cXh8cnZ+3fvuvt6u1XF5eGJT9Nmu87U0/MjG9Secrdbt2ZNRxEIcpr2GVDV1XI59dTomjEuDzQhTTTNBj08Gs9Pj968frl+2q3X680Wu6eHtrTo8vj41BayXDRAloenB0dHzUSR+816v908Pd2n+36z3ew3b774YlgsNttNk3ZydvzNF2/ODgeVtaCbKjTdo4fz9oQipj6PbLXEkwdTUzhQt+7PihI2AAvQo6s2rQzWjJwI6yrgFS7JfTgyc+pdRSOhpd7JSCFzCAVz3Yg4wF0gdP+bDaJk9E1VorsVxl0jRGbvHmNjn2ZoSAKGqBZLJFALf8w+StPGsJVUMbNIiFMtbCDcAATb6LMyH0VE1BRzYmOE8tx3S4GaEcFMSrjVWmvg4Q8TY1myZWSkI1MFKuIiEuneVUwkDQgTjUYBSPROpaQiBBrpzsBAuPfuEVB26vSmlmnhQRqiDKaZkV7FZCGZKNA2vbSTiBm55IGtlfkDrRZlJlZLMzE6KRmIxDZ5aEvaeKO3NmRy/gzvKZJmpjSoSekVEV1lQC2bFBxr0j0lVaAV7mSHsgyrmqxH8GDSCCAZFkLQDYC4V00EO8g8EuLu3Ro1DSyag9S0jgyXIObPqU9S0v6n//m/rWWjooPqS49Zyh8145dJgNNtyYtUKs5RZrUJlRCseEhAkgzx7HZFYqZd+HdlzdzyPIpnhnvB9WTapJ56go8sj+MTKJWHXNoZlCuARB2lYXwLnuNEJSvwgdqKInVqlFAtYD/ptzP6aPljJzI8WYA3U0XF1gOQrNQFcLivgfqZFSluQkRQ6mfyNeFejaezsI6bF2uwhLsLMvVZR8FUdMnUqF2LsHd6ovNTrx9DAxLs+QMY7B2R3hl7IOHZPSY2cEZ6pHs4sic84DlHhbHXA0LZItuhQp/5UaHBm6CdRzqiZ7E3vGt70vNaYYPdfR/ZMzuHTcZ1uNP/5GXhTmducc8pMtz3U/TANPW9++TenaI9dmiXlZC/SD2uc7pDnzkECsk9AgmvLVygUqqMqFmGoHa9flRikOjinw+pSFRRQYaqQagZHUQNab3n47Z/vtn/+PHp4dH3e592nfZpFYsevfeI4HwMhQd/agqvBaLZneese4gIe+VU1MYxRTydKQ388BCEHngrRUTQKhJFC6gNlsqKZIFHRNemsMaykdJzatY7G1lJExQnSVo9xZLkLLwsHATbs0ylJK9+zmIXRs2Y8lAQEWuDDQ3KYklpo1mbLUqUCgk9GiGZrFChlzZQybsqMydJ33MExJIqRK6sDH+t9xVCS5GIo0uSuEmPoPA0MyuPtQwNikyYSmseGe6WtCMDouOworO92ZiA03DMmJ2MZprhYgqTwdRMUAqT0g6aWGZaExue7VWpotaGZoOJGa3+BEUylFJb1n+ByV2p/B2YJ62mIr07j1/inSoKMzNLpPfggcvm6swMDzNrw1DqM0F4lvmoDhCK+iSQ09QjOiJELSU9oTq0NiYzdfH/Z+rPlmVJkitRbC1Vc4+IPZ0pMyszK6sKQ6Mhd+or5Asf+ScUIfmFfOILf4GX0nOj0QAaqDGnM+69I8LNVBcf1PxUN1ogqCHP2TvC3Ux1jbYe1gz1GKA3b21ZZ02PuzJ73/q2TWyPaEaSY7vmqBKJglGDwrIsRkOifDuKBGfYSGQihgRzo3mMcLOMPlcpBcmIcHczWw6HsSVgrTlSo/fL0/V0OizHxd1Hzjd4jK4sRe/UTEaM+bWKIfURbWnufu2j93S/bYeX3/76Xx2P9//8D//00/c/vP7i9bfffvXh/eMP37/X2H7801vD8vjh+url6y/efHV3/+Lh/uXoevFwd3d76D366L/9/W//y3/+u//w7/7tP/3Df/rv//gffdk+vP357dt3T0+P//LP//Tp47vI6+X81PtzMRsSU/vLSUSEmRmUOXZWWyMHyGVdmy1mXgaG5qu3JcbO507FYM0KsS7LYT0cT7fb5UyNtdn50m/uHx4/vr9cnt/++O56uaRGjnz58v58fn56fKIf7m5fjJHPW1+XZsT5/Pz+7bvzp7fPT0+9j+PpeP/w0K/P/XI+HA/r8XS6vbleLv26HU8HgLf3L9bDMYR1WZf12NaDtRV+aG2JjLH1vo2lLYfDOmI8PV/Pz/HNN9/+9V/86os3r/rI7bodju10bE/Pzx8/vHv79ufj4ZCpH/70p2WxFy9eRGAb/Xhzc3/3qq3rNqIt67Icl8Wu/XpY7euvHn7z7fHlvcyDEqtRFFFTgqq6atTp4SSM7raQBdw15Z9FkYAIi6mJmFEXUGk2JtQ5w2oURddXxHvNo5h9L1Ci2mcFmLHUGvV11RE3pX+km5k79lFg4pqcwQtmjvlTNJakm5jEgTdaoznATE1BMibjXeoCNyMbUQ8bzP1/8KGhnPdTJVSBLaXlUyLiM05aYAOkKdqnufusRiuSwZrbbICprGSnhVTLGAVvpTCaPIzPynnCTUL5uHZRBybqmSH1xJwWKqZoArHlGEMd66oLUVLzlpCqwXfyhFOSNKcHsK4SYykj4ajUfcdO/Mz5gGU6cGvlkCZpZg1/zgx07uZPWOVIFqNZDom60CXVp2e1iKLCmP4sF0HhjBkjMeXfqs9nAvVR+poJSM8coYgaW2Ya5VKTLeZFWvO1oh57EEJDZbZKZVsv2YNUQe/KAix3E6hNgwuByQxkKhSahT9QKbimSihRcCZMBoJZdYvls6QBo+Bb9wZZFpk15T5TfvSZYJujHjQqLglz+to1+Zhga037lc0zG0kNbEBtHcgUFZVaW6l8pTggHKheqD00syiIqEgvJeZ1W8ksmuGtEmYHGhIFMBjhXr8npvaBM88VoMypojqyahCMVv0AqSle70NVAMc01aqBNuvcoJJeSCCTdCmm5j/HngRbwQUZ6tIAI0ZNw0XWZWRSqam3wGzAUSW3Rik+aGZo3nwqbRIj5F4VHiaEYJ9xhQJwRwxKQTLDrbX0xKwZKqCt/MOhASgiyhmcsBnmqfBGKRhm7gqMjL1kZAgAYuTIjHKEMgVYc0V1jsIy+md2MqP2gVqTkoWhSfPjUcwFjYB2b+J0yaZsUgIwizJYypR1oi8ylJaJ5iOqtcQpWDaDbdvoV1w3ni9RmnkJEaRVHHIDG1l+HVQ9QYWIEjsOBHBmDMB36w+8NGEx308JCqO7M0YYK7TNXSwnZx0iYnWa02RMzkOH9UUTqDgpMY3KQAA0twqLnLtB8UE5OwPMLDMnSgCKtUxN7YwZSmpXv8p0c2bKfDUXpBJ/WJElWnZ/sDL3VCEQotFhKdGEoJk1V8E8k9DLpHE2Syrrgypmfqp/pB1UUEk4ASano6gQBAER4bRIEbHTf1J2gKnIhBktUxGo/QgR2acjq77STkU6LVNtcRozAiYaDIw67KDDumYMkITT0Crdy7ySKN1gzDAx5Q2ZQzkknwowk1sLBZkymdGStarRpEL9G80th8a2zZNrWVszQVkOODNvLliFAEiVUITihUIjVRSZqrW3NTgWAyNTlu5lKkgzNmffekS6LWV1qHoB45LKbWw1o3/eXZVSzrQ+80XFbQBok2hra4sRmQqq8uYiI0MEq7segsFiBGRtcV+X7bqB9La6uyJ672MMo4cFMMoXOUYweb1uI+KwNkfjOinNbXSTBDVffGlKbP26rOvD7R2g7dIBv71/9b/+m/99bevHj+8/vX/77Tcv3nz19Xpcfv/7P/79f/mHDDu0r3qP+4fj3/zrX/ctv/3um/v7lylet/Xxw6d//ud/+fD+3cjtH/7hv/39f/47t+vhJGvxd//pv46e9y9eHFe8fDh9fHfJodi2w3JoXHrvORPAPAWFii1UArAMVN2b05Wj94sBLMfQyK6LLDV6jqDBvY3smSrNd8Q4rjcP93c//PD97WkJtf/8n/7dr/7qX42+HdbWGrbLRYqb000Kx/VmNe/nj48ffr65u7v261e//vLli+M//P2/PH56n+N6e3fT6EKM7Xr+9Hg4ttPtbcIeP7z/9O6jN4HL+XqN+Hhzc3f/8KoC73uMEXlze9/7MM/L8+V0elhaM3P39bqNP3z/p//j3//HT5ftN999ezoc+82dLbk63O35ciGqqU/m/vH9u8vTpww93N/e3JyW5fTx+ZPd3KzLAozYNggRscVjZTsqwhB/Fiyz4iu3kmRL6XRbWnH4NdaXnENz2E2As6DJYI0ppuRT92FQZESpw6sfwL0RbjC5K6ACDUsdUTM/d/8vJnAKwWeudMEiPlOYmJKKwyKZwBwmZsRZJjRzKQyYCQcyQmDB1xAnqYhkay1t3gKFZRmhrDS/GZeHeT+CKJbMKnTQkIyBMHMDRgQEFdQ8M1hMMjOnLbXQkl6cWxkAimcXodlggOCUN+5KqwoFK8QHI/t0cCmthL45NNFUZmaj3Npnr0ZNJJCQUb/dXCqmNjnNC1KBT1yX85bmwkpJm4BYCaFFKhDNZhdT2aELZHZHZE3FrH8tOGgpkE56FVMO5AxlIWFt1GPA6hxUKrj/LjNEqECiGInytMqMs6ZCEVOSMS23IyMzbE5kZDJpC71IiXoUZXBCWW0z9nn5AVQyZcvMNBVzPeUTodzj8JO7xaHu4CRnHVIVM1VdwrR5IGf8EurTJYUa0WrUjhpyKswDk8li1XRVSUTxD5mqEkdqOjgmtjuBdEkZsadKSaCaVfdGTe75mRKYrunKsq+8yGLjsGd/K1NRMUWeJghIxZAZpi6QmF4Csqxy0/ssVL4pcj9XBGSPtEL0BXdaVoVYOeVRlFnJWgrdrJ0lYhghY2JYydxqrOGu0K9viBm1UJKw6SBXNSfZPloSkT01Ijdpr8uFIJXFApWAoKREtlIAV0BH1kc3RrNgtJhmf4rMMsDMv7Ww9DRNXUNG1AhdFr206YpmmshJKlUfITQyMtTMcoaKmpiIQLiERYvI6EPMCqMhqgsgQUFB0lClGDYDhXfOZUb6ouJiqkl2Hw4RJtu/JtaSZPPRmp0k9f1mZjPPhJSLtTl2giPV/vyFuIO1VJQqLHJkKhIRRjXlGOUSB3oEiQGYtUCX6HAhrcYkzKE2oxxlSbovS+ExGhp9mGyCLrUmEt7MyLQUs3eJjJiotnm6W9FbJmMWqVO2K0MkJTOTw9RQEb2ZpQUz1ONRqI1BAzPXCar61t1Wi6zsRkLlx2D9t0qeVM+2eytcU4qRg/LqKTSar83QlDkopJq3+KzgqoNDmSWZne/9hBn2N3vyZgKyrPmoFpX6DyGbCVN1vOYkRG0vqqnUUSpZ5VlwMDMykBw2ZOl2cDNgNlxLSUfjLJxZ1xY5StOSUHUyk3S3jJnp6yzFWRqQW7CRSJofjkfjolnBQygbkXviV+6ra2QAuS4r1UKd+1mYEr3+N72ZkIlh5TtOhbT1S9NiRIxQpDxjFM/LpTGV6RyjNxcUThr3HJ6UG0zl8Ms+LmYLImgOSNGFZm2hu8qpbwR8aYfW1kvfvBmx9u2JYu89Ipq3qZLITFRtMyJGs2omThjKwgUpRl/W1f7c1VjMntrSckjKvg0U1CqMHjHG0prRbm+OYFllPDNGeTZCGbG0tm2bES4fIypAYkCtbIhSc8PiBmTfYoybm7u7l6+X5fj4/qe3P/70/HyG8Ou/+M35sv3jP/6den/95tW/+tu/evr0zMSHdx85vMeyLI9//P17kW/fvf1v/+UfYNuIx+fz0/d/+v58edf75YvD/eOnT9dtuNlysOs4j36h8vx4BTHVift0lwmvd9WYE8eHBDPPEBjB6VwiKyyCNFuswdfASCWFw7L0AboT2LYOu356fP/p08ccx/W4Efnx/U8vHl6fbm+fn66Xy3ldlpdvXn7x5st3768vX3zRluMffve7m/sX7z98Oj8e3v9kf/j979+9f2eM8/lTSF/94ovr5fIpwrv99Kcf27K2dbm5vVmWJuLhbnE3KXPkNrbL5bnG4g/XH9vhtLS1teV4PJV+8fbuYVlvxfXly5dGPj8+Htb15nZ9enpSxu3t8eHhgcD16SzidFg/vPsplqYcH6/b8XR49ebLp6dPnz49Qnlzf2rU3e3tt9+8+fqLu+ONkoMxxHS3EocQmE5cTD1iQd8GKisguMLogGY5uugK0LKVLw470KuSX086VyrMNGlo3gytNmRaU44pC66rRgEQqu0VAAAgAElEQVQpNQyWSC9hibLm/zrldiBbRocG6bQJKtFtT7ZUKp2prLoxlM42NPY47iaZYghJa5aB8irFVJxy1rXIrI6VZIFTiiF4qgC8AmNTKa/Lvt62fTSaEcOtonjARhT/ULGEBthQGFw1oUxhSKFbLPJvdgmBRmUJBTNtqihCYKLk7JoJ6ZX+R0ljTnmf4TGNGqzdFoo5ApVVYrU8p2u6vepysNmimJ8RKE4NSmI+CtO/IclsrRm1ZErlr6hovkl4G9wXziujljAzs0h5Rb9NbYwqmy9RMUp/jnkyYACZA6ilETXsElmam+olKIF2TZBmi5gqvXH1ptMiQwoGR4hVnyw3VrKnCar2q5zClVKWZ/2a9Vjjz/RLJdNwvzylqM5L7j+jTaqoluzaMAwELPSZ6Ji8eCqRUSBearh7ZaUW5lXLd5Hz9TdIUkZ9mqld3ZOQl4+4AHZOTUxOzYBmk2YxpyzOe7ocytheNcl0TWESamyv/2ukquf+zxzgvqzvFbP1hc34wf3LN0SgzCxU5N5aliHSp9mubniBygzTlN9NLcXnn2NyhLXPJOmVB14GiZAsy2RYDlIpmJHmxaH3qsko5iiwS4knuzLlbIBGZo5NWTqoes2k1MxrgkBFBGigTzk6G2hQlNCkem2BiJxdp5k9ZW4uQMFqodvbr2v7mU2HhRMTLINHqC++jOjTC5FZL2SmRhZ1a0YZzJemqZGoYirztkgpIRTSjJedWHDxGjVaOhmVwYYJ46iWMS9eodiv+gXa3I6K4GGtLpzJ0bNTOUbQD60EaWyX7fJ87rN6ZOuZMNFr1iH28IEMiVLFC09gii7CmN5anfOZaiDMxhjMWaZSVvryvkdFS9Vh5uZeeo8wJljYEEyMkRMQjyy/lMG4l4SMTMsiASXIDMhazFCpaNBOqVK1M5o7c8xFQVNV82fJG6ZfiIDDDFaWu1LtsbV1bdbssCyAjT6QU+Zg9QIAFQNAsMEVIm1YXXJl3anTdeYhTZcP607i3IAhzCXQAEtgZJjcrSgEmRnM5vGCWncsay+lq4qnWzNEZnc/GD1zmDmcY3QaWmverJzuVcXa3IBo1rSo90CmG42JjGVZumgp+gLYoa1tOY1t6zGU6sq9RN7LmielZm5dq6wcDNjawNL0IqAST8UYSrmb080QUEaYewHDOZWHSI0K/KxOPFRriikDUXTHPH9AAqnOTSolXFTATo/h5qsviIpvspJNtqW5cYzNSNIjuy+LV4zo89SZ0SiZMscY0YdGaEFzF9i3UKbTaIqM6JEZyoSlItthjYhQjtDSWvPa95PGRoKWEdBg8yJoahpr67I0Oyxrhq7bVXAaI7Qs67IuI5Y+egWjRvTr81nC4XgkLdKvl3Ho23Z+fnz/088/ffrb/+lfne5fHNbjx0+Pv/zlL7779dfffvtVP/f/+Mef729e/OpX3/3lX/6a1r7/6acY17/793+X6j/++E/3rw6p8V//y39thjGu7nr74/unD2dzotnz5Xp++/j86eNhbZXMslVfeEVctRkDZsVn56zqmEJB53o4phhjq7kExtE7YQjVqlDp8nu6tyFBb+4+Rj8ej0l8+vTRbMnr9acffv/qzavRt4jrp8vzw/2LH/v7h5dfn+7vfv3Xf/nb//Yvl8v5dGrv3v78+PH90vDyxen+7vDjjz/eHA7vfviBdny4fbEel/Pzeevj5nTLPEVsj8+PS1uWZS07TlsOJ/JwPJF+vfTT7T25nC9PvV8w8Pz88XLZbu5ePbz+mmpOP63t/u5weea7nz/++P0PH57ePj09HlqjZMb7u9tl9dvj8fn5+fL8+Onje/30U2Aox/n5cjwsh5f3r18+/PVffPPrb9ppfYS2RDTuAFFBdymaR3Ri3ksxBq3Vra0620txVcKdgiRQ2ccwd7NZM88ZATfDLqrlU7NvtaKWPY2kRo4cUX1ToBlsVGRNCdhn3ponhhFQzHBXAz53WaYSuXAts0zmoM0bhCBhBW1SyhySzeQYLxV+1ijZnG6EeUpWwQlMVaMOIjRUJTFDkWjeyAamiMzKALTUmAQsqgG3kH6SbtYAB7x5iwhFqupVASEyOXIsXHY5SZZS0Akzl6TCGmZPgqL8vROlrcRnW70x3cBABfpUOUOG0lBmAzitVKRuhJXl7bOOlO5eglUrq28mzSlvbCUdBSxj1ARcK4D27JvJlmjMDLO5CQBwwMCwim4Qc7aLttQgygSbKKllRQ7OrYfTfULGiMq7S2aqC6whqlqEtLtqizTP3RRI0IwRUcGQE9stpcyMY08zOi13qqcQZv+//d//L6hqd0wQk6RYkuecyifUDlfYqUGsraiwSgKlXLLK8uTk+MEy5PLz/A3Jqiy2huCcDAOmSEagGX22ZhGq7xI7rjupmqnx3QmmCctPfB1zswHEsvID8++sz4pFitV/AqIeu5LUFDNXv9H/MMeUJor1y8z/mcZz7gOtNFsKCgpgJcZM/q0AnD3zqzCtIgJzShSq2SlTzNL4Fp469WBKIlMjlZk91IWMiiLNzOz7SlDC6Kz4DECln6kHZpo6CCBLWTUHA6lk/ZMgyJgKbwWgEYXBp2YGpE0ZISakPtVfSCB3XVNAQZuB95AiR+6dbrX2pDJjUDm/VOzPgvmMSJJUAUdl5dkB9moCrIKUxkY2Y3OrZ6Zil0rOvW/fdToI3Gvm5m7FGYSPfX3lTguU4K0A44p4J6r51TWzHCRl2aXKoUiwOg63no9P/ecP2+9+ePrjjx/Pz6NvI7vcGn0tYTyhGL00W5/tZYK8zahc7vKrGKkxsEvfm/t8gyZUq8+TYk279DLdIjPrgImRRnrzZJoRQkbW71QsN93LlI35tSbrQqqFhzNNknMyrL+GRZ5FRsbMI2LpRYFqszAz98bPd4PV7UkzLK21pZ2Oh+O6tqVZ5WPYfmhMBadVonyrDIp56AGfreul1KryidrrixP4/I1OTKO+GLMJ3tQLbXtOmM8zZGIGu/UUchJgWjqbuylHpYwn5gsral0PrZkU4Kh0KKfXwz+pL0lKN7bFzbAcViYNtqyrubtXNnZmROQoAWSdgNOGC4FhzdfWPh9W8wSrH9l2pCCLBtREaaaOsayEpQ2di/JOoagAq3roe+8lb6tMDO4liTGFBL60hcSIqFloKFJs7VAgVluaeaMvIsxs9GtEtOYkc4zoo49egEpMYEURncV4jlEr6Nwu69urlXJmqe0vc8idvrgvDcD1vGXEZF456ebIJO14WJTZt15BWGtbD6fbiBy9Rw4ar9fny/kMuJEZ2Xu4+7Isy3o63d6/fPX69v5ujC7l69evX755/d2vvj4cjrcPr169fLP4mgNvv3//w+9/evHyzf/+f/6fv/7mF+b2hz/++Pf/9e9/97v//u7DD9v4JG1vf/7h+eNja+10f7g7LSyFU+rFy1sCGdvoVyObe8TAvDZpNKO7eWRmxmRvouiTqNHBKkT/uqVCOSIGyeZLPXuJjEwiwUCNfJx++oxBGsTFvAxZZj765e3bn3u/no7H1y9fh+w3f/23X/3i63GNH3/44G0BruenJ2X/6YefT6eDN3/747sc6c3P5368vX/1+s3t/d3j41Nb7Hx+Oj8/Xa/PysjoY9vcHea9b+523TYIx9MNUtv5edsen5/fj+3czLbel4Nn9Mfnxw+fPoL+q19++5vvvmyHw+PT49PzI8nXr16+uH/59Pj0+HSRxtuff0ro1Zs3tw/3ZNvG8Nbubm8yYz20Vy/vvvli/eoNjqdNiKK5CAHm5orc8dqaZbgsq9Fmkj29Jri636tSfeKklqC7N6HmhTp4JKTV7EtNHLuAX1gqSrE9RQ9MKcuLBnB3i0o5xez7iVfdT6vbUvphGquCUJwZ9hNztFa+mSJXOdUpDSq3MFHofozImLWwYMUhVk5D1aaMmPhUjk3IyKFiX3c9qRBWWsoMEKOPqHjA+gvo7ou11bhUVjJmRikmNFpH1Rw25h5G7NNPfWaayiOhFLlztlLZ5GbwQ90nqCaVmu8qL1+s5AORrP+7tVZ4RlH+rUb7uiRYGJDKNma05o01RdSPRHPCbU7H5WwoaWN5ocrLAaAMXwDmt29VZRgzKHGuiFrc8FnnW1I+0ri6udtay0BJZRJK9f3hstRQuUXqBylRg9V5j2rAJCym2MFUXYc5lDUbzLF21/ig6gJSaKkwNuwQpGg1+sQ+FKBiZ/Z/bk+jUlAVur4PQ4RsNpyh1ZDX3Ok+D3dwt1xmxtSZEIg9MDJmNImz+mWBMpti3uYAqzegnCHYt0GrEI6J8s5wSZvNMjbTd4yQw8pUOW9SgApACiKLV8BnGd1UGQiKSJQyTLRZtFyz6OeHdU6O5tx1RZJZS1YGJpQBy/lE1ctMsLiIeruSmJFVjOreAqzNXKCqNVAOZk8kpc7KBGSkKiZwjr1FsNCrZy6jdqVaX6PQ0JExM2gZVSVVbV+JZNUh0cGM2Y6HlCkzpxUCbi4UWUCjMub7TCARUGSOZGCwGpvd3GpOszYx/+IVpkRLFY1Uh0Pz6VvasZpagyYI03wZI0S4m89Pkm0mcRKwRKTG7FqYw3qVqkySgQZKI5IOsynwrkexxrr6+vaZvLiwHBpurfqrIusZMex+C2SthtlHv27j8Xn7+Om69YrjyEqyh1j6qsq/cvP9PKPVUVXrniIybSd/6UDRMEA1HCuzEpsrkx3lCgBtmYJP0DJ7Qbk5B+d5NyAhxbQFTxkcq75vGq/IVFmPkIypOitsSwJMxSYUNp05X8s5gGWWswwqdTuAkUEwSnZiLSVrth4Wb344tOaLN88Uzao2NlHW7yzvWfPWaJFJRcQgzY2cHdGqLREE4VXryhnWswMOE60pv3xOBwgsd7mtMtlY6V6ZmCl5rDXapFCIlowY0mIdXDQicizLylnxrnInla9k9M0a0EhrzZeUDHJa86VGi7Z45jAS3kCkIjKv13PGWNriBZil+eJKmRJYWwFjOXxhMlKhNCvaeRclNbPItAkIapZKZ14vV6NnJBdrS4M4+tj3JAJCaCgdnIIbxUjBcmqXM2uRkxTq6lyWtfcrc1ntiLmHyLzRm2DNl8w0W0SO3mOM2PqsZMEO0jgJp9bRr6qcLCtNqpxmjq2nWUUkK3NyPlAtR8zU9fFiyuZG44gAcDweDQzl2PriNRksh+PSbLm5vW3NP3z8cH5+BrJSwCE284iAm7uDyAij9+26XZ+fH61vo7X2/HR+9+PbV1+8OT9tjcevv+P/8r/97cP9iw/vPm7X6//6f/o3zez2/vbt+4//9v/37/7lv//zH//0W4NuXtw8Pb7vW3/+8OH9u0+vvnrz8ouH77//ObZu5qlBriP65flMKxxRFT/Biv4rzW5WclqyUOdSoxSEUbV3JV0AMpJU9M5lZu1iYl50c7Ft0SkVyxuK/vxshB+PIFOx9TMFI57Pzxk6HR9effH6cj3fv3zZ1vVf/vmPrR2v1/Mffv+7F69uv/3uF6fTmhqfPrzfehxvTi9fvZEfrk+fzo/bYbFEni9didpqFMlGMQ8Hy8zoYdaM2p4/9ejIjNiQY6g/P8fx9FJ94ym3y6e3Y7s73P3zP3/fL+eny9a7xqbr8/X9Fm2lLSTifL48X57fffhwuV4eHu7P/XLersg83p/cl3Vdbu/Wuztv61b1Xs2P0JBGxeZZLPNshyC3Av5lgJdiOmnETPQHUaWSKoSDE/SsgWUiC2X/neIWFo4p5SjxqqpP06FSvM74NSMBjwzIpEHzqfRgMzP3taRdmRDmg0pzl4XKpGsuVtBes2bWJJq1PbXMyCYyRyCiwIOMUf9pkRh1gmSGG80wpu58zt1jDGtps+XGgIqsjswofUZoGiBNNFvNVsqN5T+uIR27DqbIhdorAoJx8Zk8MTKrrGCy9ZmjloYqPoCYo14TiyLM+VmiUXMiRLk51FIDUGZgr7GXRoxeCsbqfG9OSaU60kiZ6jQ2Ky1D0TYiEvDJ72jiK3MSqls1IaS574y0sAc0hdIJ5NCOXhYqS3pk1p3RrGXQFtAaSTgjtzmsOw2u4gSRQ4GAMByzFUiU0lBxEXBAIzdgOuCqhzOA2k8EApW6FAA9bUDN3czaSDmieZPqoWbs4Zl1qwoJIqeixjKnT3I6OTjlP/WG1CBRMJ7T6yJJhNNZBQ3cLZgT1A+UxwC0UjAX/qeqYi7Nca01czlkRWaC1QxQPwnqobFWnrG5j8mkLItDKZzKmkxUSJNlKQM0UyMLHcQcPGtBrXDK2VVEVJL7nt8uzcyTWlxBhxVsRjIz6M0mblrhPiicz+hZiHJEFVkJaW4JWRZt4PUg7b/sDl9KyiEgTRFRu0RkcCC8OTk37yieIYU0s+lUntMZmD51EfW/2SbEDlbEb8WwSwrAUOmrReFYmSnnu13+QiSQ5QUtMdbQUCqyk16iRdpi8sihOQzU0KnZM7YLxszaREGcFCPKn2AGAxFMqwI3yMyaLwRJb74Ss5S3ZMOs0Bw0IGMUsK2d3khCBjPViE0v7kVSyJrX2SHsrEtyiI3G6pIuZyJaKlLucEHF4CPGSFx7bkOyBWbrYT0e/HrJ1pGZvY+2HCoDolkbmZPoBDLgSwOFpCNA11xfrTJYpHRvimhLadZLMUYKMapwvjSNQgYFr5BmFIDPPiJjghClR5m9zdw3LJvfipUAxCoCrzCD+W4od5GoKqkTmoaAfZ6WNEJu7oWeJSE2d5h5q5PEnethuX+4P65ruQhGhKGJzNRQElbaVJoQkDBj9eCCnBVduRWvVfqfHTnmbvUpYw+KsK/IXAFUlgI+FKi+hT3VACiHS7E7Ob1oACGNEcAcE0evrTRiGBszrfQo8jK+WKs9LUYM2NJ8SYgyp7N5Hx1WTr40k5lnjnG9MHNsW4nsp76xokYqxYMGlaVWXGRdlLm5MRgYiplzvaeQw231lqGxJQlV2YGkyMWb3JTY+U+iLhAnzTOjtRLiU1Eqt+Zm3lpk9u1KsW/wwyGJzLFt23I4LF415x6ZiqEQSlE0hpStOTIr5KePMUa3MCitWdb+ahZ9VE5uIDPVr9d1XQs9jbKfVGyuDFSO0ThxnYisxyC2PgAAq6+n06n5st4uh+Pxcr0+PX08n58U2czJpuIeEdYWgklDhrsf11XKMXqjHU+HzW1Z19evXvzim29u71+Nbvf3r27v7gCCJliP/OGH7z98/PD+53fXfnn7808f3v94c2NAf/Hy+Pan87q0l69eRPDNF1/cv7p7/9N7pu4eTh8+ntuyOH2MXA9WGsrSBxMIiynZSoMqrkqfaTjJYmRHupevpNBdMzoSiowcdBIeGiQMzbySGBJCM688dSH66CNGjFCOzKT7zel4PNzc3h7Pj89bx9dfv7u/e3h+/jjGR2U3z+t1Ox2PP/3w488//zT6dnd3R+Xz04f1dHs5f9iu15ubmxxwW9ZDMzDVLtcrjOdPT32LpTWErtfnfg6Zjb4d1pPTZVnhkRnX8+P7keJyePHyi7ban37609D1q198+cvvvokcP/5JT5/ev/vwUc7D4XS6e7Gcbi/n89i2p0+P58szqGXh8+Uxhg6HpVl//WAv7w9gIKMaM4EGKiPcPEBDazCSrXkmiCgMuOJESuBQxHHGSOWMaaPPVPF5AlWlJ/eE2gkjCpiybZKwrFYETtfvDjaVfGJ65CqcoKahlPlUQSRLjBsmafp/chKck8r2FoFSYZSyqLTzOUMZPZVGOK2XnpKZUaWzE40bPZNTFAtkjBEjahiPmkIyYWQ1lFA5RukC6s93X8wWcDFbzLxG0soHB5NERFlhhxRlyE0OVrRmIUkEEITl7tWs8GnRmdOArFkSVp0gQbR5C8BoJnEW+AJ1qiVY0gOWHqPWEWjqYUkpk1OSML8bfK4SSJSuoT4TglGJZTDBuJY4ZmKAytnTxJKjVsB9gWQFSaWQI5KsPHpA2SOhVgMICXNjtCavC0huZETfYhYE1MUYVK+IaRLelup+mO4BwlQJ40Y0VPxr/YKZZnUzujnLrAwWyGzVOIq5c9VXIpu3neRUmspDHZluzQXZ/2DFEDIHP8eEAmbN6VSdYOV3yOnQmOFMmFNH8Ro2ZWwZ6c0n6Ljz6JgRdQ6jssRqlTbI4nsm6FHc0GdTLvdPvmiE4tk5FV6fDUCSKLm5RO0ro6Ysav9za44v1H9KCUvLVbSeVSU4OIUhhQlrJ18mpSDa/iTWj1e+DM0pJmvdd/NJa0iSvHQ3ksDJ72ffv6kpV1SmQzIXCktAhcIULCwhlPM3E+mtBE47+4YqOjE63JSjFOoCVKYFlPGXxgWyBJu5wIxIlfivpr1EZqVQhSJCzTNLd1BIqQChcoQEAJaogvUEKpyGQEkhmUKV89VxmmW5yfpS6NaIGoPM2AwGS+VQTjONUcGKbMC+YHhpewA4neYljgvN5FVJk4ogRu8gmu9p2ggmq1gFABBgSeQrqKuWbM/kGErhcFhb8+NqcTT/2AY2UM1bg8MsW4yO6VQv7dPkjhTZzaxe/3m+AxP6oJIqZD0RmUoEIwGZ2VBmpNFRahBOYlBA9ECUS0X1+8QQMECSjbRqUyzerCK4jJ5lH1JScNvJhFrJsQe2Q9yTrjnpskIOrKI0vDXAvDlhCXiz9XS4vT+9fHm/ruu2jevlkpGfdWU2eVEo+96aAsnbgjEyIrI+s0nrWTEPKhJS9e9y391zeo6ievxYTWmod2xXFKWqlmDqEsu40ARUkqa7MsYWy+GQo8tCbA4gRytbntBaQ3ZIzdGcZsiAItho9MqvlMIqqse50Pt1jC0doYx+3XrvOUaPUGI5Hn1ZYgTNlEU0mXmTuzQA2NIUAX5W5PlkyphuJmMoxmSJ6O7WLCepHFwXS5awDWRFs1e0dQMjFRGiNV+MNqLX15mjx0gN0WALjRYRXdfGBcuSyVQ3w7LcFFMBofeLlEtbMpLKER2Qget6GNFhZs7l0DRU4ejebGnFSo22zLyAmAGvlNS3yxi9LUuF2c6TUVyWpTWv+CNae7h/sa7r5XL59PTp6fzxcr5AaVIQI3NpbVlapNxotBl3EKHQyHE5Px1PJ7bl+ayXr754eHGPbL/85V9/eH++u7v56hdftuXwD//t9+6/e/r4ftvO7959/O5X3zyfz49Pj3/4w+9ju7x6/XDdzj/99G7xtXc+vHi46QLz7Y8/Pz89Ls3X42F5vjx+ej5v12VdlsUu1+uIUUXpdUnIrTkzNG02OwtqzUmLSGaS7q3VFWc0pwE+hW89wKAxpS06xlbYl5lNRXs1UxaoxAleWJoB7gR0d3//+HR999MPS+O3v/zyx+//+P3v//Dx8bH36+PLu8vl3PvmJDk+vv95u3T4z+5Nysv5fLl20CL6CN3f39Pbtl3a2m7u77MPME1o3iLzeLp3cuuXzFxaW9upKPLz86PsOXreHO/GeH78+EnwL1+/fP3FFyMuI/vH50+rH5otr1+/uJyv93f3kaHYtp+36Neb0+l4XMbQd9+++e4XN7en0dzIeu8jJ+kLwxjqlSlhXlnsZnASkQEPo9UGkEoVAGb7Xa7p2p/+12k5U0WoTFFDZkV1mbmV0IgkLSJgBKv3MrHH9LDAT4NPag41WyuxtAYxFRlZLHqmlD1F81bzkVWFSEozcbIqrKqcVpDMrWJAyAn81WAa/YL9ch45WLa2WSml2ieKsK/+ZAaNzLLEZqaiaCv3RjTJzJbFD9oZbMBjbKHIHL1fzSiEYtAtEUyNRGY0d879acpvAdX9ruLJ55hPgo2LSCBrerTJe9EwjRdgRUMWzqEKvPfZkVQvAyhUYEmhupjK0jYFhxpT9WSqCSalzG7eLEthlcBUSpdTWdOQj4kYY7cUyyo6OSsMsypcqqKJyFBxMAYam6HsExIPUtWnbGwIBMOKqTFHSSfNvHi2MgsBM8sJkwMs47KnelZ4Qo7Wms+RtkSzJqmBLmmMqJVXUznNqnHGntyC8uSZ1XWfJW6aHE8xEpwuFLHgFiONXhookIEEe2RnwrmUDqaqrdwbiBFZkq4aU0uuV49Csccgq/iKZWhDUcv1T2QN/3UOKlX//RqF5rOjsr+bik+h7RrxnaMGBU78cDp4XDNfd2oIOIfuuX+XyVRThVzZVDYZWzMlAmVar5gsopzsUZGbI4uYm2ZnaDZ8VczQxC1r5mQJFGr7iSi5bS2ONfdkmX6CYIKyYW6W5HS+lhQCYv1cpdivT2BuMkQFZVb+U5FPgDKsMHlYBQ/PTulakCRyLpgCEhg9chejSDTRzTOLtCJL4AsYWyX6aGIg0EwWKIZBTtJ8j8TBFG5x6tcXd4hN5rZAXqxdcxNMAZhlJd0UZTQ/pjrTg3M7mt8Fi0sX6JyGeshtD8okkUBGUUi74rwm9PoeiOnkYe+QbFks87yuur09Pj1dRIwcTC3Naa49lrfWepsW8ypsT2TWNjl5u+kjr39HlbuSOcYYbL4sS9eVmodVsYC9b0Zj5UBTkRGRi/HPa+iutqIDyBRTaXu0T4WxZWSVh02vx8RE6pso4lMlr8+gNAjBSRmIZg21yJUJewYgOFy3N6fXX7y8f7g93Rwh3zJt8YbVZLKIVI6eqhHHoAxhKMv2AFCJyDCUDqnW6EKvBJJehxD3joc6nlmRwhEFxewbXH0CRVy4OHO1LbNQvJaT7tfcgSQ2G9GBNHgl/tVMXLrGRLrRdnqq/BBmZnZYF5i5w2meMZiBwHY9b9cLqL5dr9drZofblnHTmrdWv5t72+Lqi7XDKmKEudTMQt0pbJLYagPKaAvdnbLchAAJM3ijr62PoUiz9jmTJzAg0pkxgGorJjU/+Iptm+F/VcCW8h0OynElzL0ty7yem7v5QnfYTC2bZJFYGBuJiDgclnTzoJt6v8ZIp43ezSjFjK0Am7ex9ZHD3dybTMi0xSMPGhnzsFJrrgQd5hx9ZAYVj09v+7uRka21injfb5YBGsx6H1JyXa59ywwNLUs73ZwyYtZ1fPIAACAASURBVND/4q/+9pvvfnl5Pv/m19+eL9f//B/+4fe/e/fL77798hdvvvrq9e9/98f37//07ucfc2yn083NzQGM02n56e2TOQekHIdltTz8zf/yb5bD8fe//W+PH999fPfT4bAcltYWXp+ft8vl5v7mZMd+uVLSiMIlpaz4cWbhKuLnRL7pixeL8l+WsstHxZ0go/IIUZ2tnhlIuTmajTGm1DIjuKvYgbH1usV6D7MKyrDreXv384d2eDDzH3/44fHTp21sz0+f1uPyi/tXb39+e7k8jX7JDPfD5Xw2HF69fpHGsZ0jso/Rmru3rV+R8XR+asvheHM3YkSObbtGxHpz21rTdQN03S5j9FTCqLhm2mldj4fTVbBmfTt/fP/h7tsXy7JKeb1ufcvT3f2bNHeNbTt/ejocDub86af3p7vj6fb+erbLeRsj3nzx5V/9xZtf/3I93PQRV2I0oupTYIbCm8x9nhUyekHqJrF5FexEIjNSVftTs4pGbeYhn1L7Qvqi1OElMizDk6rxqugbuAC4lIroQEhJcRacJEWZ2eprxNgjVEpSoJGlt01IbOQ0rBb2OJnvEqybl8FfoCq8jbBEEGVuJs1R1bo5gEqWzBxj2gBBCBERZREsbbJqNErlIIjmETNEuBYKZXrVEbCtfqg6TpsBi9iVFUWqKhU5EzzTZLAEUTchaV4xQkVjzimrdDhTAl3eBpYA1xb3GuTFfT1A+TmROZgz8tskVamMoZIahX1kj+xkQYzTFacS1SEKIpmvn4KUFD2isTU7ANg9tFkBxyVMD0XXcLZGF6pUStVPwyrrVTqYoc/+rRRScrhhNVUGd6KECOhMmcXqqwDpWmL3KAE8p+VSCqbJHILRm1mmyr4LEvXLK6bcRkbC0mT1N6tVgnVi1DVYcHilQNWeVOvRdDqDObMIS+tTMxPdjLYIMrjRbYd5jWQ139WKI5ooCyEyM5kl+0EKnJLa2kE5QwpBWdsbFlTVA9DcTopkKVy2aiNI1YK3u25tD/MiitvC/PKqiiuzKrs5YwoxaRRSNn0RpV6tqK/KCwRt/iSTmihrQFb+a2HnRjcYZstYpippoC5RKWP+okp3n1VkKrJrjp1K7rqzBOC0FEaUC79VRAmsIjcL9CzTpiEkpZsbm+B1ck36osRFu7O92BdAibRZnRBg0iwjy15KumhGB12ZxsWbKYXZaTLNMLuuX6TVopWgAjIjPCtASPXAhNFl1eubCZoby9ZSebPWSEtJI6Vqs9dnIsin26QuMierp0OJIKxZE/Z9nLXsue3WEy+9fantZtZnASbIDDeTKUJTQLSzKzunJU4udneNgqGBFLk4vCZpX9rSsS5+Oq3vn/rlOi7Xa0ZQiAyzkTm2cQ11sab/5i1jZCqpTO5ybEwhmjcvKkwDaJ5iMZJeeF49dxM8zBjDzESlBuAJ5Qg3s8YKYq79tSyiblXjXXEz3K35Jo3a6xZ3caIqAKBKGKkopOly/VxiaVPmDbhKNpjVOWB0b+Zgs5v748PLm5cPd74sI9IXj34TY1yvI58v1y3cd0IEFGK6tysZAJZmoCs/v/4MRS3itfrLUJKq+axhSjbqJZLS4KjNDyqn1Dxz6hDJHCMkNqsjW5yAQAbCM6pAJjkyB4O2eGYubQ3r0YdRZAvm0laC2btTBiyHRvJyvnDYtl2UW3Sdr1eJlPrYlBnZNdgWjtFHb7asbWmZydbWxU+3L5ovz+fzKOQYg4iEaXQKQoRIpvlC0Thq1S1B0RhbbhmRUfJJYyLd2xgxIsFamzEytLeWFCtnVKsAdWDEHhzRhzdYOxgYEdKAtbYsvqxJ6733GGZYDwdk9q3qwNJpth5t8dAYYxsxMgLKVMGqMHrvI0eYavDNog0zI8aA0htyms4Fs2Wps8gyMcrJkkBdfEBbmvuiJLLERTCTuxmQxdf3jIiI0cwAjb5dr9df/+Xf/E//y//2L//8j3/645+uz0+X6/Z4+fRXf/Pdy9en//5P//gf/t2//fntzwlctmuO8fDm9M13v/jtP/z2/buPz5fHFy9vcWznx8dffPfd4fQGxH/+D//H0/s/WF4U6VwS2a/x6d2ntvi4jmVtl/5YRF2lURXfWy0+TLDqhQp2QylqZ1er9ne2BpRiTYs2rznGl4VGkCG4T8CalWynigXLydQpyuxeSy7dIxIYr9+8EvT08eOHDx+enx/bYi+/eLEelqePjzk2WlsOJ2/r6Xj38ovX2+g//vEx+kY4zEbE7d1dMxPcvJ0vl+266bIdlnVd167YtjBy2zYzW9ZDifWMtiwroa1vtqyR6W09nO4zeDmf74+HCuq4fHq8Xs7AcLfL+Xo5P7Hx44e3Hz7ID8uLF/cRvbXDF1++eP2SLx7S2DO7K9GstYVsok8imiYkrAECGqFKPakcMCAFF4rKHnXWjciESnk1qgpl1hqisuBICp6ou0yktYl7AWD0GKNrP30SwZjmPakExSP3rgADsrL7ImYqgnumyiRWdHof0ZqDTUCGFlNklNC3SzMYPzKhysFXjkBUjGbmTLAZGTQZJSS1x3iMgnraTEJS7kF+oCPTyh9YCRDuS0S6oSL1KjCvkErSYMw+lQIVFF6gG9wRIiVyhNwqH9Mr3boIaRExKmO+JocSnBitkW5wQFG1xxIz6RaCNMCc53qGJEsTkLCaHaWZXs19iiMbBCAyhjJITKU3KiQtszp0qDQmwmmVNkZAxcarzZAlRtRQSkfOOIc65UjU2I5d3S5ZCmIDnLYQZmAihAKn3Mwj3WxtUI4xtBVXASIVyMoxy8ix2NHgFVUDRlYrK8q+AhiRlBQKb8YaEjIJNSFKOVOVvSWDUIxMVeAGK9oNXs+y+0y5Uf2WxVkRhmJwzOgOl+Qk0axyx7nrcwyCwzKyjzEE0CxTzmZGpD5rzBtM9VbNEI8aYDKiGuxLaGXGsh5Y6WCnsh0qIL+B5k0Jcg8FiixfgWbpJGqfdXqwQOmc81c5Q1DRKJUuOD0i+LMUqHS0NcJi6oqw/+OslcayhIMzamf6YHeByqTbMhOVsm9kMUs12lUmJ+v2U5Q/J5Upc1YoV20iZLp7hYim0EPkMDUzK6bFaNBn4kzi3AJDdbTV51ZTTxED9f88As2tnD1TIa+oxvmhrSD6FCpYrQBiK+1HIoNuRnlFf1YVxV7lhYz5OiBBR0o9w50leCosvHwUZjZFT6JSS2s2JVZT0Fe+H9KJmCEwlfYis1kriEafisxqJkIp5WeoJ4TmzLBypqoIxWm5LMDefUrKwQLYc7hN6eG6HDPbYcFxHW7offQttsuGkW1ZhRaol6SeBu9Z1nMpAlYFCmhuMQJToBigEZaRGWjNy3hWv4s0Kh6EzTJTI0B5M5Hb6EUgkGzLlJzxs5htiot3jbxZZBHIjonZwOtpR6tOyKw8ytpfiwD4bLaxpoJb6m7LSIZbY9W8uJfy77gcH14+vHn98sWLO3Oer31sSbTrtcuen65a18XAzFHvQ/U3f1bPGZt5YghT4uhCUoNZVN6EG6bxwCqqIuvIL2KgWC7US1XSf1FOQTlkjfXAszzZdXKlkEGz7KNjQzOnawSUDXKqb2fFMNq6eowu6nRYxhatNVtWqweeS8YY/RxbXq+XzL6NiBGEjxhSlCuAZkTk2GIxRjvenkg79+vhcDod3qyHY+pj93MJNle3IYt8bOLQRqub2YgSAu36p7lGRircCXlEjm2sa6oyJCpNI2FKOXN6h6JcbomRVY/nFpFSLs0BkZkxtsu5LbDFpFFFtZlBKKKPrYPZx5YxmruAMXoqQgNR4TMAPEbSOEaOGG6sSlBksqwI1dSr0cymVce0NK8rg3W5z92vRQ3Qo/ACnC+Xuj+X1trilp6K6EPS8XDQNGqW/AM9orXDD3/64//n//3/2vr5cDoeDxKzXz/9x3///xWWTMYW3/3mly/fvP7++x+v5/PYrm+//3G7Xr/59su3b5fDsX3/x598uT1fx29/+28v5w/Zrze3R1huY7tZ7OWrV+9+ens5X16cXvQYn94/btfLYWmcqeCpzBLquLxgHMwRJizR2pKfDTkVuwCYNykJdzPJmjcAGTFGZZvMg9G93u5QlNh03hbi7gGFjofjejgeDreH43E7n38+j8Px9Pbnd6cbe/fufL0KRI5xPW/N2/Hw8ObLb87n58fHD9fLkySOfPHwYlkOoD4+Po7rdcCSWA8Hgxa2th6WxSvIePTebo+ey9oWVqx9IMG2ntgsZXc3d+v6cP/w5rtf/fLQFmP+7re/ffvh/c2h6e6Y45KJy/X544e3h+Ph1auHu9v1+fmZgU/v3ltbfvHtq3/9N1/+5tfHw+EyoQMwpUNbKhotDUaXzJKKTRWlQFRK34jyoGdRLKERdTjuqpgcWa26Ca9g/Movj5C513djRoOnOEJE0JiRCUtDKmOMGj7cytw3pHRYHb85wTQSVob9rGau6vzLSsSGFJqF9tPJVVJ9q8Jw5Ui5WQVrJzwzMwPMyA6p4rBQkXOzvQcjRkRMuQB3FjyzYEHtgW7SgHZUBeyRZk20ocCsja1fQcghzpsnlFGCmxncUvYGlSZHQMSoivfK9ph7EgHG3kxQxxndSug/sQMkYVYqC6nqP+ua/GzQyGZV/V6ExKjmDBZMFHD3cgsI5blDolTF5RlOMQwmMdgxIC80OGcB1YyPnJSAGAKM0eREqecBJY10jqgeYgrNrNGa4OXja97mOjBVD80q5DhFmrnZ8Mm8R5Ju8lRMw9ukNjDQNfmboRzl0qSy0vyEEok3M6s9rU23H8u5Cse0lSeCJNwBRmYN+oTI5jSTW+U2c5AusYiSgvpJd1SH4xSxVtJTYCbuAM7SYNc97HI6J85hpBFlog+HZdS9XoOYpWZoGuvxKPQ4grRKbZqdRYLvBUImGi2TYksGYCZkrVmTECpgc4bFFCNWmXxiMQc2ByCULJNTlh2c7kGwCqVYjc4FIZd3lJguDJQkbw+PTcErSX9U3D8g+qJIuBfoXWLurDpXQcmYyf6VlYmMyZlVKBbkmIZthATBi+ZE7rOdQClbKcFgLTNSaX/+8qpFS6Rzyl4M7rIZnlgffhn1S9+VU8pTHTYEqFQzN7SkCOeeQAW4m2WBqjVnEplEBgyGWdMWkYYdCJ+ucwByt3qQaE7zqlKheR9jypNK8JmyCl1SkAS9pI+EoMiY9CgRRiWyNGYxhmC+gMjqGZjULwttR5FSsMLgpyu4xIfJdCIHErDmoC7beP/u6fp0dTLdIYM8qzI7SXLGklWejqGZg1YxVYk0M9Kj59wW3IE0n2FKkjJUR0vWxVBPS90GJDERKU4OM6UxPx1IVKleS9pvbGCO7KyG0cj9cA4qSzaqEt0gJzoElpMAUBE4PaJY7+o6MXfa53RS+eIvXt9//c2bX/3my/vb48enp8jtuB4WP56vY2Q8X66GcZGWsQpZ+qgy/YTiM+YJq9W4zBuAGZps1PPqU2lXvgSgGOxyI2hmWM3cJVQxB43u8xXKklF5QIkB2GItY8DcKliXmRFUOoiIbbvK4GbKLcwr6zMjmI2ZplyXQ2w9ezyP8xjb+fkSW6+4zxGjUKtS8yONYrPW/ACzHkHPpB3WYzOiLbYuSVtPt+vp5ny5CJ0OqDVbW+15yZGRQFtssaVKc7bryG2Qau5qSfPoImxZy/+dzT2HYuTavPJ4reBgspSIxS0C5u7CUFpbDpnRR29WoVkpKiL7CAiL+bWPvm2z/n1ZzLyZsXmOvF6uY2x0WfOaeas4lDJFYt4GkklDIlb3isPd32nVyy7MvLZKdl2Wg1trZc3INGeMYZSZHw5HJbdt28YA6Y1uyOw5AGlth9YslMo8Hg9ra9fL5e7hZj0cfv+HP6zN13V5+/Yj7PQ3f/vXt6ebrW8/fP/9H377hxcPR/P1D79/vDms10v/4suv7l/cH+5ePn16//aH33346fenm2MPfXz/mBFw3y6XyBij3724UwabA3Jzm059uFkxe5ow4Tz0Ujn7ekgk6t6ykn4Xf9UWCOYOYfQhZDmuJGXNFNXenHXpWmir+xbzBXAJ5lwOR1/XLXvT2g43b3/46Sb63Yubw9HuL7ejZ/S89v7i1evT8SaFd+9+VFxjRAz13k+Hm0Q8Pn1q68Hdxhjb9SJgbYdlWd1a0BKI4M3dS0JtXeKY/TqkBGM5tLYsSl9Px7YeXzy8tuX++br9/O7jt7/89ouvf3G9/3SN7e1P33/68OPo1xf393cvbh8ebp6fnp/Pl9635/Pj0tqynI63N99++/q7r29vbtQIJZtbZZqMITAr56Awy5QHvIim1JjB2rUqe4sYoQSw9RHTNlPKEbppXZaSbdI4aquCVSQmaWYOulgu86xExsjoY5TRtMcQubjTEDEyU3AaIKvYe5OZsSyLdMsMRdoEr/OzRjcypsQSmNH1malRMB6WRimRZQAsFnRUI9huM9jlzGnTIghxh1JSLpJIekqhNAoZleGjXR9b5aGBdGWSikFWvLWXqgpAQhGVq1S60MLFi7ee/k/s6SCZgyXQAHb3YglUSyBUXWAzUbUO+cyZJTYF0ZCzML7KD8j60zI3TrGjQolKCgWqPRMSy+WZMLfIiOzlxjTMRHmFwhIxVLPK7MJi2VglSQ5rxtn+Vt4MM0vzataqsWSOaNYASw2SwDp/WSfpMpeCYGsnk6tnsBvT3KZdjk7R2Oio1jNHA31oq8yW3LuPmaxZtyLCSU+CktVqRJIsy7UgWBVfJdxKL1ixuGQmZk973cPzW5m9XbSZg8vm9f93FILlW6SEAjdaMhLhIn0pMjKVtMYJpe9lmBUBnmCmShhdkatstVVP9UrN4pjifKjMTLDqzVNidND2qQbYxz9Kyikxn6LKzwGB2P2eQuX5l3N/n593LNTK5UNi1liaFXLaJjZdH5NZheqytD01ntQfF4V5RWZVT4dVtrYquHZaIaKy3jIqAE71k9M51fZmmguRBMkKDa/2qcqTnkGVDpZKQldORSEotGpHjiAANxZ7M7cj0wjzVraEMjpgUlTVpVWXTQIGYESW3Kt++UZr3qr7LIoH3P+AWlurwFxsoLYxanur85CfLR+Yqvv9IHCjUw7u0cwyCGZNKBUmQM8/N7EW/ItCH+giPDEKZnDzQhqqU2I2ODhSaJrV5QCs0eo7spmSDpDphiYGkKkxhIT1iOfr9vHD84e3T7FtDjdCmZEX87WIt9ptyuGq2mdohKnEo2UmHaI1iTFgnvOxnpT59MZUDrEZCXTBiBxZGSKCNZoYislsVVsa5jJfGPkgHT4PjNhLsDEZNmQlou69A5QDAeXnPaZ6KIR6IKWYKcozoo4cOZqtr9+8+Pqbl19/e//Vl3eHtppjact2GefLGH0gElKMAcgXuprUuTYFEHKDlJkdoLmXQFGSeiplmrHbWQvLbGoAsXuC5spde2mZ2by0XZiRb3BYoWgFDdf0lT3m4USjKcaWkb6uo9IsMAQdD4cRGRltaetx6VuM8+Y0O2WOvF7P1/Nm4Bjj+XKOPrxiH7lLQMs1WMe5uXlzX9zd3XqMJvnSbF2X08n9yG0c16WdrsxuGDnG83MK2QDncaADwxgZRccixxBbjMhEsyWk5dgkNnMI/fzckwKbtd57SmY0MOrTLUCaLIvX6CNNh8MBUh+BDC5Q83G5HNvRzBEyw+W6jRiEmaGth0Bez8+XbTvY0kdlik+GVIUAOTJSMTKizJN1iVojhRyjFMOoCiSAUN+2vTegcvVxhZotNOvbNVPSALG2RnjGiIzo25SCwcYW1z4gtXZohFcCsvH56flitng7P22X8zisN7f3Lw6H47cvXj0/n6+X7f2PPz+fH9/+/I6gxqm1w3Jzf7x/ef/w8Pz0/OP3Pzw+fRj9nOP68OrV5fk8Rtwc15Jg5Oh1KJvr2nsbeHX/4vx4HrGRMMi8OWy7XgoXsqranOylNOs+61x3dycM1BjhDpCjD7OKbsmILFKeqjezPEwFaVcI3+4JY0mkmsNy9LS2beP6fG5r+/IXr5rxhx/e/ny9HG5Or14/fHj/4frpMfr5/PRJZGtm5m1pl/PZW9v6xsePgF0vVzPf+rUt6/3DK2segWVxCjc3p2b+4d2H9bjG2HJkZkRsgg/Bm4/R9RzG5dPjeT26rr0ty2LLga1fn96///jxw+P58fK8ffz46cPt3f1yaB+eHh8fP5DRZix8X5a2Lkk9K5C8OMeOOJKIaSJiK/TOnN44pERmTm1Mvf2KVErUiOgRqUSxtwDogiyc9ETdqBYRZr4TjWUCboApODIzw90FT5mij9p3oT5G7baAMjBSgCcTdchmui8pIMKIyERpOxRTwQ9V8LrBbFmmdpgOq1r4emkEULMPNEOjTu+S5JfaAxnk9JRU8DQ1M0zchFLNwco1H1U1C5VUjZz2shxbNJC1FVFQIrxyjOYVkZJVRxglofqdar4BCFjWZDzVHZo3naUIq/mqMtW3sZkv5jBB2qXgWQCBAUG4MenM3NUciFRkbqV/5/xYGNEJdxuRJYsu9DmLPZByXzQM1RFsNeqNVFaUZMaQEFnJe6ggeOfiaNjD6SOTrLUHxhJxqXr6zJE5jJbRB7z5WgoYB2Gt56UahVv09FGDQ2bAYWlwNLYpCwuJo1lNh6OucCsVPTmwCaLTckb5DMhlglopmgtSLvG7MJpVPoNXZbByyCfAjsLop85EmCmKib2JyWagS81thR5Vw28gVXVnvrdjlKCC04pdf1vVcqEao8Hp0K4YFBBekv/a42sDA0tiXuxVbQWT8dFny6YAwFAdKyVT3lUun62BmoZ3oHBQ1s9XvGloJwLqsS9UnZkqBrzmMvosjZucEKERmnKeAuuthg+ocgiyhMYUIlW65/3HkTJjYv45orwCyMDkBpqB7mImMrOq2UoCIdZAP11fzQS2OeLXr1R5QVBJHiuyivQZFZEQwtBKNGHcxXOcTAgAAkpVihSiSgCm9dJg0wNJr7BJYxVeSlmMUO0hAi0UEVkPEl31ORR1YrV+Kc0bIIUoI73iWwuZr64xwKUQkwYFKt3L4FPvVC46yKyyAVIBZzFCygwDzH16q0TuEV+ClQJLctTbJKvS6opkNqKnpKpNyFRee1w2fnqM6/mKnJZUUgrRl9LelIHPfQE0emo3eKPkdTRFpfrYfFCchsyQQoqkwRevdhqDmlskzEpmNp0bZd3NmZVlcCTEhJnPJ7wqWUxRxUG0MllO11BtRaykHSVSIU6DUH3LswUkVcq2wnLSbHVnzIwpecPNaf3yq5e/+uXrr768v709jq5IZuLx+fr+/dPT8za2aNaOB5oPbpaKgFl6ZKZFOcitHGxTN64CdSrOsrDhukrmq76r74BELXhTpYipowAnmpQRytkkPW+dCkKrUBBXNeuJs4s+hEiAGQHDdt366JkDOlG6btdx6a3ZNpblcBzb9Xw513aqGLM3XXvqnYnSSHnTujY26zoreXt8CWKUG+Cwntbb25uXy3rn7tt2Vl/XZrF9uj49t/U6xibodLqN2NpBqbNycfL58bk179sodbiZ+WJKRGTvlwxFppvRq1U4K38pSRMjVfcpaFO8GUkyR6QyI5qtgDL6cjjCNEZf1pVEaz5iA0hncrpL1mVRKMfIiKlAqY0OUBeQBlmjkclWq16mmjeoHt5yZ4UZ2Twn5W5OMzQJETFyMGrNC8zUZu/Rs0f5f9ra6Ny2LrG1pY7wEX3brim25lOQaG60m7u7f/W3f/P69es//v6HP/zhh+Px8NOffsi+tdVuToe7F/eH4+HTx+dvvvu6Gf/0x99++PnHfnkS8ng8rOvx7dt3h3Y8nGw5HqDsj0/RL+YNhi5dr9cRPWP0foHg63JYDyOij66pbiT2+C/MBQAVgTeh/cjEwI4lUaUMYX2bLNK17PxhFbOQtZznZMuL+U0IsOZO2nbdzJfbm9vL89OHt+8efnXz+PgYcS3359Pj46cP7xARow9gORzb6cXl/PT0fL453dze3G6XayFnmbEe3JbDGHm9PFVx2Xo63dzdbpfHa5AcOTIit+uVbRYEgRZjM6M3H32I19Pt7Ve/+Pqb7747mjL6+fl6vTwfDi1jeR6A8rpdR1ZALNysEaNv5n44rW9eHm9P6W0wt8w+YjNDcy8UXll9C+pT1RMxemiqI4xhVQI/BmgxcqgU4TlNgIWVykfMLEuJbo1mFehdmoHSntQxBRD0qPGBnooxYiArWRilORCihs4iGThP1Cwba6kbpARGRUc4ciTTrJmpDQ5Xq8ySSvz0tmg2byKVRhPFutQl4xyYskrmMow5GWORFbGd5dk1M4ismOG5MJToBaUabSAjNw45bRQvC8tUWvlVVTH/glgWBRg0ZjvhrsJu9JIq7hLVQj/r6pya8AipInTAmR3Jmk80r5/6AuYfkHNoEya4i+GMUryXnhsVU2F1IlMAptnJMqLSSxNpyaR8z9ESQ9lhLHPjfuHMKIrIrfmxFhpJ1focqPKBKiENN6c8yybXZlhR5CgLg2OhNyjFYdaU3eBEcz+UFjrQASVj1sWmDIjqW4NZKSOQUxOrNEsKGdUgBaQlegmiq/+igORZvFBJgOZudKXBFjJRbFQJtxLGxWbGlIS2H1bTzoL55ZFTa27Tn4faXoiSD0s7JBllzpuisgI3p1IG+8Jhs0NmNuJ9zvop3Y3AfXuvtB6WogeAzZ2JFby9W1Zzn1Cwa284YaWyIFZczgz/B+eIo/JPwmShZKmcaj4CCEUVs2tKwsR9E0FJyUKcYiCr5WXmzqRQQe31klgN/SmVrh3UUEQEiDHK1eWZyXL/zXWs9oqK7pp/qCIrMCuKHMnK6mj1Z8tKFwjgcyFvjPqEiihgVi3lRFArOA90m6EgRsUk1JBRahBAyOTalqXQ99rAp74gSjZDWmoIGcwspFmVMChYljaXYIw0n7GtbrbjAvPkTE6da9SjzRqaGTlq0XJrslL/FL44s2H3la+mzwTCtQAAIABJREFU2amg89YYNeWxciLq8bBKMwjAZ+zSNOswSkrCWmoAmUt53frHT9vH95fRw31dZH0kFO513Lj7GhyBsmWaLHIEE+5NnMFEmXKju/de/xpWwVGVrGCeUESYTR4rI90N4Ijyw1RyGMqX1IxGV2gW96nexQoHpFRR+UXyOsGevRCyDCgDJTmKtF1YzrlmoWQ/VfNY6ZrePCe4ZGtzX/zVFze/+u7hr/7yi1evTkQ8PT4/Pj0+PfbrtffRgbg9HWPltoaez1sG19aSkUPVBw956QrRxBASzKS1hkxqBAmZT6NbkPvK9fny4Ny8c55Me6iu77GwmuYBCyU+h0TlFFdqnhJwMnftbIAZI0dEdFGjd6B8grFtI5TuB6XlyEREJpCtUsDIgRwKjQpxGAHzdmjL4fL8AasbWzucQuN4PDVbTN5aW5b17uE+tpuPT49jOx/Wu9sXukYEHoUBojV//eK2rbfvP7zL3tfVj+vt4+NZmiy/g2MMZVKsPrgp17OSQyjHWNrM8KnY8cwAyUBGrL7UnARM1jOngYrmS1sXiCJ9OXJEH9e4nM25rseoBcmtNc8Mc3eob6myHVdKZUmMI0E0I+rztwodJyA/tOjFYmPEDBkR2MeW0d0XCM0azSMHYD0GDRoB90yNSweDZtwTXhIdhrGNZTmKNNp6WO5fPKxteffu/Md//v754/Mff//9+Xq9PsXDi7tP7wdoh5s1x7g8ByL+8N//EdG363M/n5/P59u7F76sAd7evojtAtjp5rBt15Gb01MyumJrRkm9XyW1pSligCP76JvBUXgwKwJiak330BVZCmCgRlUzth2OqeMwJCTSwIhRwE+krGhkFnipuk8B+O4nprH3jRc/nG7Nl3G9/vT9j7338+UxRpzPjebNAKdxPd7cVAnL6eb23pv5cnt753y69OvxeLpct/Pl2porYoSW5eTL0i/XMUad3ofjYYuAQPfjcrTT4TrGtl1ly/F4QpgDj09vr/35sB4fXtwdH+4v1yuNt/c3kB+O6Lmdnx8v2/V2Ob568eLmsLiFMt+9//lyud7dHr/58vRwb83HyBHZiRwoZf1WH2YPkG7WRKh6spUjI3OQchfEzAkNkBzKET1maBhhQitmTCDc3Ev1wxwZlCIJYjVHqSUYSFSQWQBDQkU5KnfDElEWM4Z2BLLsdpEbBqbGwWxEjKhaMUnyyjpYysUTs2rAANC9RXWtYuoJWBE4pWet/RuliM1SC6t6SGcOYy3etW9it6RM+GT/c7VnICahkVLPqj8rLD2HoGuhMLXA2xRlV+xCJhKpZuve9EIh3RoKuVdJs1VOvQm3au7IGcGknJWIlQrO6aAuaIzKkCttViWJqWQ3hbyK5irtxz4A1e2myQjV1xGYdiQ3WwRAo8iNGqpLiVcbSFSFEQhOVNrMMke9rQD2iKcxM+MpIBij/jnZSAaIVLYap0Wnh0mC+bLUp4okPWKzmqmVFeNdU2rUGEerFCDSksrsnNn35cOFMlQROWV1K2i6AhNQmTYQafKJRLg1eSuPFx2fQfDIwmYqs8EqpEnTQF/1wDNPFZU/BNMMUM8o31ttHXVCIetPwJ7II6TZ4lZhL+XbDpKV85EzDBS70hmBsDotE+B0LXOigTUQ1Ms1Ax9BaOTUDVf/WVFWNTrYPinM73hmC82VL3L+W/XQlR8Eo2Dpyd9WIA1nTH1xbxGhzOaWmcVSBHLfGhCZbtXGVWo0pGI+OtNpl6X201QKOljob/kaBaY5xgZNRQMBo8xkmTJzgxOejBrB5yf9mRwu3SHNrRE+iwtgJSsvPFmZgazijT+XOtOLTaKZTO5esYikGSxynng2TawCLWLUO2ZTggGY0dmqVEFMVJDoLDl2tmIMSt4331wiqicwIar3wSldqFwGzoEGM7C2QBdJKUaKSjYnOO1b820o/JhtUqVpNt2/nLtR9TlEJpovShfWGIgxHh8vP/388XLdjocDufSnUMXHgAk0lHcGzuZgFDlU0ejmiTF5FdJL5+dpcNKid3MYiFbCffOFJEaPEQNK0uu087ZQiBEi4ZSyl3K9LGeYmgCCxlYvgpkJcLOqR6hoZZR6IaNuGFZ7vKGcXJnUKCnzzAIyM59J+ARzWdvhdDjer7/4+v7bb45vXh9Px3Y+99S1Lbh/OJ1u1jdv7iI0rvj46fL4fNnU0g5myznO86vh/nYXcwVj7IG6c3//fDdVnNs86gmbqV9iJVmUNEhWfHBSqBqZysouRd9MSZsBwdVxAdFUmVgmDc0CCaGs5BkBR/QtR53D1dDH7XwWGFP2maoV12i0GW4HkGx0ZfTRyXVZDlNH0JoyD8ebly9ev/v49Onp470fIm5v7x6u28gxCJPast71jIxzQGtr69rWUzudD1xXd9+u12VdIoDUiFE079R/V4hGW2oNdkP24eYkI0JIr+OrrjUIhorMz5jm+IBIbtu2LjEBdanHINqyLpWg2MwVGiMTcPPRt4BWs15iy4j5sYOEVXGYkGwNSsUguSwLaVIkMm16pRghMGsIrhx3I+b3mKjtgMqMdV0hoEkxmjWU7wsmsk5OOyzruoIwawA+vnsPIMXnC++0vPnyztr98/n8p99/79Ye7g43t3d//P33p+PheGjXy9N2ud7e3qYW+fHVL758eLj98fvvtZrRt8fcztvT8/O4jvVmsda2y9WawdXHkFQ5eaGM7Tq56kqH5K7aqLkdqjTyKbStlAa6zZfNs/J8iZgSdohyc3J2PO+S0bkGA5rOUTOSCRl0PKxtcUO/f3GTcTo/nTOGA8u6bCOhuFwukeN4OELRr/356fl4OGJJjvFhG8rRezrH8XijzO16UeTpdj3c3rg5xojU3YvbioZptJCO63H1xd1Ea+1wc3q4f3h4enpyo+eSsufHD//0D3+/ffPLv/jLv/307ufR+9Pje8ZAYl1Xy7y7ObrZWXl+elqaWVuXw+nFi+XmeF3aipnJEoCYeVWXYlmOJmQO9xk2AKZbbn1ASWREz/q0ZVH5hphZxvPDg0z77E9NKV9hjQZLpCKkVNBBLmS124WGwVnPnWJeSWaQUmPPJIQyR6SctuzslpiGBmj0rRaZVJpgzemVqkhzVzKQXs0vhDJ21CMgDKgVkrHfRKGoejjSHdinWCkD8Erqw9xOdigFNe8ni+WgxfzLqrJjpAdpEg0OWmZm5lTqIKkWmA6snLp07TFsGNG9RHJDqIA7OgRleSuixLsmm1+KEBBLt4RdUk4b0a0mt2Qms16oYlxZSMe83FimC1QKBAkZl3ol5wEiJoyqxMuWEUKqpnYyJoKGlCLTsGQlCxlHhLunJI0d7iwkeDCzgTEG6K2kjOwpcy7b6LTNbHEig+4OYQ7VaPKDQMOaHCMG9FkGPK8XcVpcKhJOMaZAx0zpTrC1LHcJY5RMRlV6UylTBOFi3VIVrymz4pXmDOXmJf7OCGAnywt6t5mjP90bygExwq25t3IpFqzsRoFloVcWDFee7sokEayK4AMsK3pB8RUgVMlnqNuasPKUTFEwayqv+ZgkkFlm5/ooNU2sSpViB1CWpbA4CpNX8AsLsq55T7M5RajHSahOJiFGhlXzFKZmvgiIqQpiVGouWegNsJ/B0KhNqdgFgmQtueYcEWUiGVHiqUiphNrFD1aDNaw6Vw1QqyTTYKVEKgEm08xRflzCoYr7rj3aFZVeWr+QebmCGDUnm5loFcNIs2KKFAAnl5ElOYLEoBlEb8Wiwa3V74TJXhvQzJ1evfVI7UqoijlLtVZuxqnCr5yzOS0BEWhGifMWS2Sp0UvJyCkCGUibfIt9ph3AFgqNMGTOAqDSd01nL9w1E9vKPQ0aF8xEmHpapvVYaXR3Awz0OtFLjyAYZJe+PT5vT+ft6Xk0s8OJ22aBHpHg/jT5FDrWTFpt89xlalOwVEwDDVIzS9ZPaMWYVkbCDh3NwPBiUwXBWLHRSI5IerF+CiRGmqNae1TqvYo2Kqk8hZpOK1yYWSFR9QKiUpqN9R6XeaYAdcT80adKGXTnsnpb/HA6fP2L13/1l19+/c3D3e2qTLpOt8t6XJutfRsjcvTlx58et/fb8/WiTJd7qZhKlNUWG4HynlU3HMkx5lpbRAb/7KqZXo+S94E1/0yMFJox9zYp5snSmThLcnKO5eDn/0hTTy2I02eACsaDJWu/VWRwEHLaiEGoj54SCpOrK6iaPWJuIAm5z3L0FEbEuprLCTrzsLRDW9a2kvZwd7qcL3m4XM/n1bwRN8dT72dvy/3DC3dcLjweRPbCqV6+fnl+erxsl8PxuG26ZRvRW5XcK+XYttGs8tKgKh42c3OoOjFF2AQuCPeWqYitR5+STrBCF0DZ7PNWRpB+WNeU1taIgw9pxDZiXRZbDlu/ZJcJGjFGB2RmqdllXgXC3jylEeGVzkWOTDPro0MpQiMy09sCWsUQE625j+jXrUsx0zSFRnpbacyIEcHKcZYIC4TZYm6ULc4RW4aATroyR4xlaYfu3//x+x+/f/vw5sUInK/+cNto9i//9LvD8fTi4QVAP758czqs69q38dPbHz68f/vuxx8yuvJ6Op1u70+pAHG6v2tLA7AeFxIbInu4NQFjjKnqUSUiCDPL3LBvtoAxS6xYB5J9NuQASGZwxPj8qO8YbQmW50lb66ZmbAHng18JYZkxcizrMkKPT5d789u7F30Ec2mHh/PT2bFVW/CythHb03PCvHEZ/Xo5P8lwXA6Hw0nS1i9+WNZ1rQKW+5ev7x9ebZfn7akvzZS59ejXsRxOrSGVW79gwPy0LLe9j5/f/wA2wNfD8fWLr9bTHUT307Wn4JEm2Xa9Hg4H9+Pj4+OHdx+8+da35+fnw+Lr8eaLb77+9tv7w7H3MQzzrgJzjJG6mnmJrw2MrCJGixgZMcZWipuyIkFptkx8qQqnleZek3WZK8xkbq26cDCJaDBHdJTUJ/vIehxHMYoxCqlR4YyK7BnT5ciYHSIyKqoNpi6XDIgxJY6sVy1Qw1ghdHBTy1Rzr7A7IzMGZrBPEDRvlWFs3iLCWHkIhWpxwqo24SE3lokxa9wyI+ioxMAgG51KjDHmSAclQiKzGzwEMiAr5hgLOLlTlFNlEgljMgoZXXQpA83N+qjI/4n3F78eGdPIziWn6KE+dBDlQiYgs4bp2CWtIfuUq2fsLVKFMbpXXS5KBVSXOKEyq1KVepF17xfsiFDUdV0XImUgQygNGGAmNzNgtqMYRDNE8DNgjpbo5NRAFiuUGaGeDl/adXTl87oWVLgAIAxqTqK1BJVhtOaFoXqMrR4Js8oHLxEaZTT4NHIa29KkMCIs++g0t3ShwojQjBSKHQDhzZ0Vo1q5jETBBFYu66klnGKgObeULq7SqJJl35wVSyCn8wiS6FaHeOGJNeBDyMqfkyXFikmiTUlvxdI5TF6x8qyPBbMWekbX1RMNSYqYOR8SFGWzBS25a/QNErz0OSBMCiVyEloqjUdOJTAn3Fg9sJppPIg9lmoiedgTfKcoGUplxCCNzpGxEyx0WBgqv10wzdO/1qmZtQKgZCUjU6AZe3Rgvo8ZRcN6AfOLuxCWCbpoyKhS2FnGwIqoIWFuhuBu7jNyMTDrPWLWR11KEqoAM3idEXveXP3GaQmaMlQFAvNRnSbL0tNPZz/dWHWwqMIPGL1890qvs0kzFGzPFKqgBiiCrhScAldDeXooBQvhhTJGzsU3ZFNzFSOdjWYZUQMxqZC8PLMa2r+gqphTZKa5W5G/JYyhWRL17XglJYog3BrAWsDBpR5/ERGjx9h6XC6xNHv5cPN8zZ/eXiKiylNDWpa1PlWSTBMyI1FrnkKQwZp7cT/F9lRWTypsClK8XrMeUfUu7lRUJ4AXl6yM6FHKUezzLGclRfFhnjEwxWyT8tWEgYgK9qkt25e5YUtsRY7GGJsyCFl5FzDVY15VNIChYrB4c3/81V+8+YvfvPnF6xenm0MfYz2sx8Oy9cH0K/XxSR8+Pr3/+Hi5XA7LcXU+5/mcPaND6dbkDCHHwGxygRd6KwgI7BiB9lTmOqTIorBre1V+xs5q3fkfDixiAi3cV3NlGpNVoF6ZWIGsCN2JBaJU7iznBCMhSzfLDBagMkWAQ8lSLkbtAEglQG/mh7akvIcyRmb03n1pkkbE4u3h5aubw8vqCl0aMwa0ecPhsHx83OiH461iXMRoTrfu3I4HX1rAGnU43S7bFs+Xa1CtLRwk4BYjYmYop2Jka01UjFHsLqwt5hRDGQq35mbX6Jly0tnqbYoQC/qKNPrSlvKI1Ddxfv507ZfoXYkYsSwL1RTKkU6bcjS6uzfliJpfQYM5s2vaVsiMNGPEkKY+c3JMraGqgseoWKr6rOs+45QgSIJ6bmMTYWUrBktrVV9hFJsKerMIuC/LwQeChq1fz5frF199cXt/evfx6fWXxy/f3GuM98tyurn71//zvxkjfvu73z8/f3j/00/3D/folw8f3q1Go5np/fsPx5vTdr0YrS02Qmw+4uJkjjDQiOgBpy8+IqcKl0CMeQDalE6URgMmFvBabhRWPVqX9nQKJWdchwBkmQKL2C8MRTMte0qVQTd32gC8+QS0Q4/vP12fzufL9XRz+/LNV+t6/OH73/brdjgcIkZKuQ22XE6HuruMzIjL+dzW0/F4WpzvP35al2VdT2brx3cfLudP58vleDyawdrh9v60LIfm7Xw+E9ZaC3nQR17Hdm3NAD8cbr/65us3b77eet7cnO5f3K4tn68fP37MoWzJ5+v1usXN4TDiygxlbj3bETe3h/sbKS9j2KFVMHe1w241qoyxGZv5Ou0pykrlAktOqeJRACUC8/AsuXEnzOp6HQGlMV2l4nAqs6SzkjJHbGY+bMHIUluNMYionI3KHy/1ORKZYWVJnYbHaeBWTnC7XPiROZ1rEfNuimjWlqUZF8KWZl6gcdV8ylCOvpnRjJqPOVXXcnMkDDRHCGnp8JnaxtLRy9ikNFsm1QnV5Lm7IgGYVJmBRmPEGArAI8PM9gZGruticE3ImSF40tKdlshUh6PG6Qg4zXyCUPzszawJTil1sGVm5mBzz7AylZZCIYOV+goZ3X0xmTFQAAwK+K51xjnNlz4No8VF1L/FBagwkCToZiIyChRMsi30ykfNHDRLkbLmq3LAOMnGkc1RSRTOVqJuk4WGZCUxqhV1xIZMkO6HJDN9yy4dWjvO9pt6XOxADiEQdcntoDZpbfGIjA6ijj/3BWneXKlqhkWO1iBpRJ/9bjRJrVLGNEGC0i3VwrKKhv3rNfpuaJzcUnVi7O/S1JrQVHQqdyiikM4qJKsruKCnBGGzmitLvYJUlaTR6WUwHFUokpBYj2erVUWMekqsotTLpyjNzrkCQ80yUvOTQmPlEqGQrN3YmiXYkgDjlEUX+sKyjZaSKTknC6+oGVQBwU6KUeS0qoteLTn4/C6rFnOzkj9yVkFTn3uUYJW/avOvrPRfutkYG0hDq8RzA22BYfqNjV4qoCnxU/2XSvAsp6fYbKllzIstZv2NamgwT0rZA3KoFME1WafQbJki3Exx0Jd69ct6lkpWzMSuVeUsqTcjWIXBnxmWymXyWt2wb44i2OpE9gryz1qGBM1mNZBsux55wmIkaulLzMrSrIzZavuACYXUQqoQJPkMWoVghSgAWX3vQikvW/EwZTiBYJWzVuPJzMRijOFtcVXMbS2cYKZGkhZh7v7l61tz02PY+005KZMdnpa7RRiIjFTK6DRGjswhmGWVy5RKsiSIZVCWUbIMzSDqz3bsScbNYPSd75+9DVSGtYYR1iojLibNUdlfI2r3a2YjklUhGZBSJvNm0ug9yxOPRHZNwxxphnmDkrRlbaSNHAK8tdP98atvH37964dvv3394sWtwQ7rWmhzPj4/nZ8eH/Pp03j/7uP7nz+OjhgaQ8+X5zGuxsydfaaBpDcXoGrxqATKSCeTpmpYL5hhgqgsgkBZdu7y0qGAhakDlViUWv038ZkVLFUrraKxBArmLCYImE4KX7wWoxIeCVSo+FOkJFeV4FXUFN0MGQikc7allCvJtFAp0hZ3X87j+vj86ba/Pix3h9NtaBz8Lnpezh8/vO+rt2U9xhjny9UWp7fma7ZuhtOhffHmZl3H+8ePOqz3r+/Ol8t1xPPj+XK5jisrQszMDs1HH5sSVZELWRVkhTHrmc/MrFYXJZUDgPti9GJ8ShwhZqWcKdMaxhgxuLRK6iV98cVjCUlj69kHI9Gmtm27Xg9LoR+RvddJG1vUu02zDLk3N6ObxRgxzKmY8FLvHUoHYmqpRaiZZ5HLlZEM7pRdo5mQgkb2uM5MZiObL760iG5mN7eHw3p6evr0fH1yX+5uH463dx8/PDKhuP7pXx6vl83Xm1/+6jcR+S//9A9//MNve78ui724p9tYnYdljbG1tlyuW1s8c/307v3hsB7vHtbT8aeP74OEWVuBRInlMtKt1a+WSNGj6mEr6r98FaUXLmHrBOVKjgIlrCiqYhdLUzplAVPylaV9m3JqpuCElwDaYbASHK7HBfDr05ObkP38+Pin/C0RfbvSy+vm2atMxg/rYfTe2hK1mIuAHj99Wrd2uD0t3g6H4/G4vHv6lNHXthyPx2Ze8ovL+fl4vFkWh7gubZNVK/ZpPT3cvxzS9enTz3/8YfGTt+OnPhT+5tXp7u72xx/rqJ5TVUqKHL0bkQq2dv/idH9LbxAwYqTG1sMstV9SqQ1EmiNV52XpNEhZQUMlMKYpB32p1nl3X7QUyNHoadOeoUy6UxmIov5HZOSQRiF9PTbQ3Zb6Jo1MDMVwGszG6CVcRIFPFcumIcHMh7Jus3mnJzKSBlGtdmBV6+3Up5OFiZS9Er60HCMVzQ4lhafN99d8IYSYTpqcQtFp9y9hidvsk25toRxkMq0EaGTlJhciLDhcGiOnM6DiLCjm4m5m7s3YiFIUgyxglm4NkpEBSCO1C4ErTwWlaVFt96lUHa9TClyzYvGXza0VrjXh6bRdNrrQm3KjpzRqKTDajK0nSCdsz7OukQKZVafrix2gUVY37gF0gGzXyNDLL0qFlrYYl1S1xxoVFfPs9EyIgwRVkSnCDhpX1ylTsrFdz22FiV31ero0tkRbViiUaW4ZVtlBNIvZEVQcNTRzFYXI5m50Ww7NK1Yh3DDiktndbOw9B1SODP9//j/+r3PzLMVG1fdWTJZ5yQ3qHLZdFwph4vDTKVJoWvlmrRQkqNVpXnXQlGpEqvKOK2aiNt+odznL3MJaFJFT0WkVND4nSPNStlVkLyvUQCVJqscDRauhqLl6F63USWbWCiMss0HBuImyRu6weM1Ge9xPbcAAICvLYK1dmIuRAbSdSd8Jvno8S1WnUqQYDWz1oHIqKYj5GyGRPjX0NGvunvOH5+zMpKkCcwmRzZfWWmuLEQarfzFZ5FmFYGbubBSbrzMhwpbyVIDWjOZmcqMVY2WY8WjlBDd4awtpRi8WbA7eQMSYFKXgrRmqhAhGNHM3N5jbatWbRVNqPi+YPb21G+xRTgSstVYiYO2VK+VQ3Q9H2KzIlblRQhk5wIQiA1bjvtjcWOFXFZyQxiTpbpkzgKuPXlL8FCvseT4dZqwjLgc4DSA0ZiUCTHdH6ZGEUhHKMopA0rXjeqXkbVmfLtf3Hy9v316ulz45d7q3pRIai0eOjFrgQKvEPgMrgbgGGgBpBi4lu5jcmrJC8AmaG1IRA7PmR4IKiNUeWVaxkjsJBzY3b+V1n/QAEDXMpkpxXfUW09ui2uBrwg3lJJcLWSzoorXmy9rWtT46N9y/uvvlb774m3/95V/9xes3r+4XKxcPeuTYAonrZeth53Nct07a8XBjbltuktyWw+HQfKWZGPXJ1JNCfn7DBIhURZhJ4WY2tXuaPzTmzl45UfW7EJ/VVnCUb0c0nxic+FnOZ1XLDVRuJovaoKOoPIP20Oj6ZwZ3aUWhCZx29SImKNd8g+q8DhDLcpIhYizLcv/worW1j6vIw+H25nCbzBHj4e5Fay1ibNvlcj6PHmPnxE+3dzRGbKlxOvo3v7i9fWhb7yEcT+4LD8vRvOqNEH1I2bxN4rKSFQR3W9pKzPe0FCmpIP3zid2sLd6CiuglIQyFBF/Xdrix5Wju9UqTjMiqyTTA3XJkxKByXdzcxIyRRbgoM0YXcjotvC3L2lqrtc+9Rcb1ep7p60BKI0al2FUQtRQgIS5tcTck3BuIQAqiVaCuGV2mVNLLYuze7HBYjodD732ma0Wen58O62FZ7778+tu/+Ku/XA/L86ePT0+Pd/f3I3Dz8OLl69fI+P5P//z09P5waJfnR2k8fvr07sO7p+dPdze3t7e3ktZlNWds3U2tNUDmLUYHUCTo5N7qYPcinjNTJVDDPGhr2EbdSpOjI5o152Lu+64qmyiAchZWVeES5ja7c1tzmQbN3H1+yMjs23VZ28vXrw+nU4z/P1P/2itZkmUHYmvtbXb8ce+NV2ZWZlWxi0U2yeFgOJD0VRKgnyKOAP1hATPAcEbikE121zMzIu7D3Y/Z3ksftnkUUSh0dmZUZFz3c8z2Xs855kiCyIyx3/bC/SHNXH2urXmMGTEFNmtP798dTufz45MkM7bWQZ9jjhHztltz74fWesz9dt1vM95/+Ni3ftv3y+vb68vzvt/c2tYP5i1ypsb5tBEQ+f7j+3fvnzL1+vX1l6+ff/7rn16ev5B2Oh760a/Xl8wgkzm92Xe/+vHf/Ovv/+4nezyDGFwG85RmaECVApmRETGqJzIygIgcdCSUCjNfMT6kWyddyhohzFrx1EZvlaNMbG2FlxQjHRmpjIhCsqSMnDOXkSDLPVvQqVvZryuxo7etHHQAM4YWTGlujm+pOxE0c29KGVvrWzMzWLNmpNGrMqJORmsryJmkUmaVXGcEHF4PV2VPr0sBSyvhrXlFLq4xsBW4DsNUZtJp9+YppriyqcsrBGZiRLbWy19EePNuqFnE7a4PECPnAAAgAElEQVQJwdKfRGqCAB1ks+beCklOKDWX2hTlWa5EfwjBEqkIhANyd7fNzUuHYWbdG2gKeVszQF0bhubWjc2tQTQ20JcAiNW8BLD31lcNUR0eNG/Nrbsf3DfzTvayW8LM2JsfHI1szTrvIfPeG+6Q7IxoznvhKlh+WILLviiASazSALI3L/NPQbKpSVUBXJ2tg2TqXhIKedE+peGiNdvctm7d6E5r9KJOnR6hoqEg1azl/+//1/+D66NLAqtp2RoJayvP01hGkRqda7YyLOjdzFpFTKm6FUAWzVtM+zqmiu9QVaKEluC0XNJghnTHfdcgU0+yoaAyW+Q7AFRSXKDEuaXZh+7lzCrhsspDgxV6tfTu3z543sG+urXWaqaaFGlmdwC7fgZwPURcL9b9z8K7pg2EmBVP5ZBWGUYJOm2tCrXA1v1ryJUwJMnY3Ba2UWPx+hSYZs5FDBZB6M1bJa66udPdm8EEmFtRQCXqbebGVhUQZu7WmjdHWykeJb/lUi2VoqZONqcb1q8387aiopy4/5xrSNI6euhGmpvTS9/S6GZe9ihAbgatro45Z2V7YonCnCuMRbjzC7VzJqKeRQLGCsCWUe5lAE9B9HLp1i3HOkPJ9TgKUWGdvq7bTFWhcrBkeMX+Cc2stkR3ipULHTNCoO4ZzBCgCiOiSttRdWz1YYRiMtHHzJfr7Zcvtz/+8e2Xn1/HbRQn6+7m90qMFKpetxosCmOoOk9KkW7uambdbKt98v5E1K4biKVrXNhTTJpVkFHRJCy3hkRkURDrwSqLlSAUy1KEb96x1MwcBaLXql4zd85RikVkLClRUTk1WLhtx6Obp2LEaJ2//s33/+bf/upf//2nn75/OnQn082Q83a9mHnzw5xx2+cvn59zpqmV2GOfw70Z+vFwNLMwRGZESfOz5A1LuwUaV4DGAn+4comWfnTh/ly6cPytUYKFpN2Zpno9RGaRhcuSBCuXGM1RF08xXPexCmhlLV8Pn5Zisa5uiixbciyWdplAqpTOi8dw79t2NO8wGuxwPNH9eDw+nJ+201MkWt/O56eHh6fD4TQyr5dLa12Y3nyM3UgHbuO2bfb0cPz+E9+9axHxdnn99N3D09Pp+vZ6Oh8IXl9vD+cDkJnh3Voz91ZAeDczrj4sQBGz4L01SxhmlhFFc96wFqraqFvfTtv53fnxPbyJbNsWqTGuESPniAgCGQOQN0tp7GNGmHvf3MiIyVLK0szc2ERlzpxz7DcIpswYkNwdKWvWFgBUoGCJtGpOYkSMcVOmFSiAyJjIUMkXvYu533Y3O5/Oh7bNOcc+lTL33g/7iPPDx9/+7u/PT0/Pz5//8R/+4Q//8F+FPJzP77/72LfT6eGUOf/4X//z1y+ft95fX99e3y699zljzkECCgAvr19pvFwub28vJJVxu17HuEWGu1HKUGteuL6VJqd21ljWF2jJxhLpsG+vbX1WRRiuO/WuZqz94I5ZgH87Su+BSYtyBgGn885ttspbo22ns5HXt1car9e9xk2Wk7Yim8nW3Nzqr4+H87Yd9/02xuin44w5rjsU18slIg+H/na99N4eHh8F3Pa99062CW3HbmZzxu162Q7dW4uc9ZNdrteX1+fMhPLLl+fXt9tPP/3qp1//9Pr85evLz8bZyRj7fn0D1EwPD6d3Dw9jXKX8Z7//u//xv//+n/146E1EuEsZ5ojYpSApMVIjRlk5tYLjE5ZLwZAqK25tjL78hixcsHIogMInnVKv9gHCW6MSmTNDCUizgrByqL7NCqrJ5L1to+4AI93o3tzuCd3FgOsbkFWy8oVDWfOS8ZQSzoTWG80WOKs1LXGp3tPdgYUtliqzuoqLoP/W38Jy0lFeRDe//SaFo3tSkbM0HlrBDBUOuoh8rSev7sPmrdXy0L11606vY7Mia1SmYcvKDgThdGc3VsEFbelPhRVFyHvBgt33scXjuq0CKLe6hQxsbosHNq9S1ARWSInRrZhxa2DTWmTMKuaEVnoEaL11lSLt1ry15q2x0brY6kuJKjOBuR/Muq+/X+/rwn/yvgcmIjPuVN0Sh7AyZ5GpJMy9CWheIqKCzrnYH02VXDijHHgspXRNw5I0ISCzeSfobM6FDrfWIThQ/oRCaqJagam2ZF2KexBeIcGO+8RBwMwlCw1UJihREP4dZFjq+8pUSqY03WQywAuJqFNEihkzoAodvQ/eSRgWuVH9niUiohBTyQB9XeQrL9IM8U1aU6L3SM1c6vmEKYQU3DhSrX40pkXZolX2X6y5keZLvgPYwo9RnWh3RUGU5uZbjKJJUKavxiwrzXCJSktzRJS2QlTpiJIizCLv3ufWvt1hoBF+T11SSO5G83UjyCWwYgNZPLitU2FJeqy5SUETZNXaRnCJbOS+ejC9piVVtjnrNy/uzf8mnJDMTSCE5TI2uiy4FjO6qKi3JCqAsgQiObFcQ0jkN4NHGWFyThl6b6GlK6sQekCtNWXALIGq7zVbTFDCzPweJGVYdtA17y9hLxg5qTSzCMlYNQh17WVGAFyVZVOZAjImaN7Nk7GMUQDKZ1xBugXtVittbUfGgluWqqwITbhZhkJBY+ZNiOv19vx8e3m55ohmNvdwlxTQBDwiZwyubbIO/LS1lzIT3npFUtb3U3mnbi1yrAJBuCwqVcPWgV0xxRwoR6ZVd1udQ4n6LCWs4hL3BTzWG5yZyHTzRBTzUv/M7tFSXMt23RqQFxiQbqaMuhEz5pwD4Pn9w69/9+Ff/v79b356eDz33qz1LnhMEHbbxxxz7CP2/XTsbsfh4+X17d27w/HUxw2vl3ndIwdmTGQdPosvvGujy69jSqUFNevBSJOpVQqiIBrNnEC5VbBew4JSv9EEaxcF/pZVVtN8RYnVOqH7mF9W4DoSlpCNS2lhRtJW1BedRER53qAqoIYWj4GlF7xcnzfFth3NN99ObTtsZtI8HP3Dh3f7rK/RTqfTYTuGcD6+Ox9Pn5//8vnrL8fT0RjILNPXuw/n7388Hw7XfT/8+S86bv38eNq/e2q93d6u2+bff/dOqJRAvL2NfugJzAjSQhVOnsUKVN5XwQEC2Yv0y1SWAUZgc3dvpTre52zdQV6v1zFvMXZl5KoWoTWSjkx6JfZ4bRk5Z2b23kqWFzNGXLnM72as4POoRPvMMFrMUckd5p4L1FsZTqXWWrOy0xIKuRd0w1DEnqnw1syYOTKNdG+yfjicz87e97319pe//OHy9vVyeQG89T5nPr4/v3x9e/364laf0vCKaDD+9Nsfb9fb1y9f6OZwSWPcmre3y5vDvEKBYwpobJU2kpkRQVpzy6p1AhyWmLKFLEnKWKFVuRbPNQQSqkpmKQkz2Mq2Ur3m9WSWLOdeoLrC+tZaANqd80ulsXvfrGoV9tvt8nKh28P5vO+7crqzm4+YlTrgbvQOcTueDsfj8/OLqMNxu12uoKWibU1jxBy3OZ4+PMY+9nG5XvdmblQ/tlPfmLnfrm+vb0bOOUoFEbra1bfD8f3TBxjZD+fDE4Q//eOft/bw8vL5r3/4p9aEEDT7Zm429vz6/MWUL2+vYUy8Nn+VthQUoZypSZH0ZqBFjmn0Vgd8RFQfOwFojFE4flR9oa1LcpVyLqA5F0ySmVR3r5nkPkMkHS25jx1IYcwcAEzpLkY224SKliNrOomRhLdqjRXNEqFUs3oj5AvWIA1ZESHK3noubRfoTpbPrQaVKClxhjKnW4syK3NhTLXL8J5HYqtqxxMRlBcCimzw2gdIBw1eoIaAVUUsAQ46TZgRS3TgtZxghsy9+aHAEZqbeZG0xnJWAsaKF0kJidJnaE3NmjNpcmu5XKMC4GaV9ZcAIqoJKsv/islks5r3TDUWGJSrQn6l5lbABgShRmaIoLOi30lAS99VGYXmCkKidacX+E0aFQTMt74ieqzZVv0JksgMxaz32pmjSo4iQ742kAoOGhW7X2adZm3myHRvh5mxz7E1iwijZiSXPoE0aqmSgivCI4sZKOo5C1BMCrTmhqzqLQOj+oBVbV6uisKAWkpl520lokiEZEqjpYRFvtba14TInLyDtfUkRYl6RFU0utQKzF8bYkH9wAq1BFYa5l4wyMwARglRVKdfplm7iwtpbHNGkU1uXj7H8vSVNFKVZUNkptZ/rbxkShOoVHcu3qiuiyrZKIuPUrVOmVd4iMHrseb9T10vjFRuojpKjWbm34JMFzcAs0oLcmvAupPqg9ICMhcGSSbpoenuRfe4+Tr2K57F3OiASzljNrYsRXtWv61jQWdei4TR4YZZ5zsA+yb2LgaAFWxIlsMZhHI6yo0i1B8YKnGIVg+X05z0xUhYYZmYsQNBsHlzbyW4SDIUdUnT3MBQWPniUWnzCajkjKXtcDdVwy48gWZU2QbKOWCWUb4IRaWlgZTMLetXlqfNCKWxhPvQXQupEN20BGdRHS21itaXcE+DZWZOya1gryCxjCXL3+BYLEQ3GpgmKyyhqMXMAG1E3vZI4XrD22Xut7plsfQVQGkQYg2XYtVvZ5pVoFlSJrEEA5HTaJGQitOsYVPIeuoycqjWH8jJ4q6lBKtDzaei3D1Wp2sRvqg8utKzlTdY5eUARbiZGxAzIJkwseI4V7QQVvpR9cvQC7PxckSl8vR4/u3vfvz7f/3d7/7u3ad3D81b8ybxNsa+j0h/ef56vQ4FCTyeT3my/dBkg+xtx8u80TFin/MGpbsd2ee4y5sqh6100SvosywpRcIbkAoza6kql5WBaWDwjriuXNdadrmkKKXmr+yA+9mFhHy5ksxLR87VIF/n3oRQKe+oRNLSAEFrp/gmiylwGAIoWmT15lGIFjvQW9/Ox0PMPByOBs6Rc4zT+d1tv718+WxJgfvtiuLjvLXWxn6N/br1/nA6bgc/PRxOD83dzmdsB5tj3/rx4cTz0+n50+Nf//R12/rjw9nIGbrtkZlw9N4RWU3M7mVUUGTGnGbWtmMi/4Z5kAbEMupYQpnZWnl+mAl3y3DvByBvtwvhUszIMebW2wKeRmZMruSrzEQl+iJSoRW2VSJSR0ayk2XSjJkSLI1e4cXSQtUaUVe7m9Uh46R7QwFsVXVS7I6gyH3uGbKGBDbq+hox5tz35nTa6eF4OBzfLvPTx4/v3j2NMV++fjl0kDoejopG4Hq9bJs/f/0aI47nY+Pxer2Oy5UNt+vt/HCKmGRLpSVOp2NG7ou79943kiXYq768AkEqscG4ZMKVWFF0eEZlnpbsKWXLqFQPaUFstaEvdm4xd1klq/z237XGhirwCwuyyYjL83Pv/XQ63MYYc0SEslxedXWltRYxc4aZ6xoxb2PfT4eNUsQwa4dTd8qaGfH28ty8ZczL9W2/jseHJwBjvBzPj8Z+eng08+PxJOD2dplxoyEijof3j0/vrJ36w4df/fS7d4+PzBmaW2/vP3ww4vXl8+vzNV/nw+MDqettR0y3/uOvf/Wv/sWPTw8+cs+MboLJkvV6CiLMHKl0bpkzNKUswU+hGxV/XHl3AlC2xYLccpHekJBpq3lcc46t3/O9qDlnZFCainowQ4mYHQspX0mFJTVBWqkoalIqDK5SG1JLtlaXUKL+eA4XDKmKgKXd2y2NGeku0WYMVgocEBqZaXe7J8tjkDUbMuvSrbmuBMY122ehYJDYWsWULdmHFeix3HDfZJa1UMHoxnIi19bvqQI13VAvbB3XhSArYln3vUpELUkrLqiMjIU0EkxHRFhmoiRHS/cxkZ5V1MmZQnXaQ1BtQkVW0M0zFlEt1U8KCcamRcxazCgymeulXF0Z9GZwGmOyYk1QSeGkq1mZAKyV0Lrer6nBVLMuKGPUsECZytoxw91Uon7EApRm1Ylh3q6EWfeMPQ0rQa4AkjRvjtKsaa4RJSIUbhYzyotdkEn3jbYJLJdETJnBrKsiF4GM6haisbW8U4P1BBQSNpUa032R5lKKbW2RuRQ6mRGr05piyQthghfxXrhFMSLCxPohaUS6MaN6L7Li95WcEakMVAYTJleMUQMyBYsJeNYaTVWjW6rGyJKy5foElikK37jQWs6qEnTplKqLYWla1giJQgnZzDyUBsooTCRqjA1YgyZQ6h1W5MnKy6JZ/fS6h7uXoqfEdlwpIEYvPL0QbEKR/KZFWMSPiXI414lf0VyccxRdteBzAhX4yGhuGaIbkomJZFnfYoyqji9VSEJMeatn2VU6h0YKmVNS5BTpbSuOiTCau7nozAQTMIJiVuU1SC9jg0GQu7laKpn154O7p3KOvUZLg+3jxiWUAJf7uSQXXLvc+nIUU+Xxx3p0KmmkpFn1GSKtPmq6t/pV7iUbB8mpWQ+Du2KqtGwREmRuy7ENrMM2K8d9JeLPnEXdZC5mM9Ga9ZWeuCjDCgCtoCsbsc+M55f8+ee356/Xsd9ijki2tkVV9a569lj2+SwLXgVASIXWOGvQoQjzuh9q1yVWFW6K1Wppjd4aooHp7kNpTqBDiKxgdVGMOjlTVqOBF80jo0XM+lmw6hGFiv9U0owOjiEVlwSa07wypFUm7eWDV8wRirb173714V/9dz/+/nfvPr47uq/7ImLusRfi0Oxw2BpF9+Pr7fZ6uQ6Btt2uenu9vL5ebpfQHpqzgZOZSqcZLFmGMJDlpGXVt9NaXYXpxe5UTYjXWJQlR199Lly2ujrla51M1KgD090VsI6u2gBLfOdLrEFCBsHS1ugFL1fAOkirtztKLbTsQ6yc3fskYLTCbSMj4zZu3rqElLZ++u7D95fL6+e//vkx1frhtl9/+fKX6+1y3fetHzVvkTtLHI8Ejh8e3/du5wc3v22b3r/bPn166Js9PPa3Z7jmh08Ph5OHRj/4p/NT643O63XybbxeLzFGK6ZEKCov90ibrTXzwgIpM0SWLTI0SWbEnGrbOmHHPnLZwi2QmtUSprEnEW5UZkbcLjcrSB+ImM09InNmca2tWW30KLYsYiU6FGSw8m8tq3SCXpjmcrcg3T1TOWMyKDXvq3zQm1lbylwVXxzWSTOH5ti57/U4+7adHs5m2F/i9PjueHpovv3X//SnHPt2aO8+nV9fLpfn532/ZuaH948asV9vJz88Xy8x9m4tk49PjyButz1nbIfe/XDcjrfbxc22dtj3cC/5Z0YsWhsk5UII9TeRq3ewlMBLalYBoHmX4lajb96RnkLhcB/i1tRWSCgW7gx4AaCVrF3oVULN/fLy+ka5sW1GswhmZJValcIyM81sv+29d6NPTShfX9+OJzsczwBul7febL/uZr4dDoq4Xi9SlIF+ztiOZ2vu4OF4OD2cFLrtccHe2hYZNV0aD5fLuMzX9++vpx++pwZoP/z4q8j84x/+623efNuw2z5GRVp1t344/Pbvfvrtrz/2fpsxEmOZllFxeUwhM9xc66zi6qwkUxO58pRp9zS6Ivudd/U/C3ZQRU3UBEHUaol7fKaUylkoY2WpKxhKZKBFQppsbk6mqtO0sOZkEd3FSNuSm5bOuPeemREjI83cl96gApyjNSfgzphDSYfNnJUERWBGEow088LNSuKtNSAToCIn75k+SydpjCwvoHGFzBjB7p5SxhTDiIwcc5ROvrBRorYpNGtVJONlPKjwE7pyj7gnqotcKYKYmZWF7e4BGWHmRCUMRCl5SYqJRMkOSrZQ0cCZWEJQANTM2dyXR1ySZi4OWanKeoKbr5wPOkp7Unm5FSS4YBu5LVsyCXN4q98z6xMjadwANOsSYF5kkGXIKulQpUWoThIzZwUcZVTvb725oHlrElGs0LhkJvpBezZrBV6XiKPBK0bWLDPSq37ibixQpaJpAb5L44SEzdTSN+jOfkcEEuXyqibnSs1JwLnsJgAqcwruvcT89ZDDXDETS4yMSmKplPB6mer7AlkUj6LoM2UAID0sKpnqHppbgYe5YGchPdf1nGROtl5J6KjvyFZ7X6XxCGKG1gVfM6pBTIVVyid5D0eXWaWp1DpbcPw90VElxan3Es1suftkggxK00qFSmpRSdRdV1C/T40nZpYzYWLVmsUqWjIzWYWnUesTKTeMFqVbeoz1e5CqmW0RPe7NyhWaIRTJ4BBiTKiRDjGz+qyKZECzBolGZVRSmbd+90auIoniN4rAcFsC08Ue1wyoApNkYMXHQuU0dQBF8Lm5oKwwtTR6heMu+MCsi5kZImuSywizwppXtVDhkCVoqa/VvThEZk64N/O74LuUWpRVHXuWKd2tRU15zpkTbMs5wih4UIscsGatMkfJCgGoU5VWpAxt4cGWWcEime6gMSMMdIfJ63ksxYHMJeuNoL1eX57f5tvb7Xbb77JbFudg1jJn8bwzhzKJO/gEbm2D+RxzzFGWbZojAlBiFpbjBtUdAjmWxA5uObJQ7eZbxU1GThHuXUPKmKHmVk0m34Le4UZrVIJxD5pGhsjyJi63DSIXGlOjSFbgmqlKYYyLmDL0Q/vuV+d//ndPP3w4uwEZvrWyfh7R1TjI4+nkt/n5l6/Pl+tMvV1vt537rpfL9fLy9vXrS0yE+mJItJo0mresMnj6tziIWBllDqayYqyYNesJUkbKVz5WhaTWGQiD5X30gtajzSQb7qlBpYRZukCqClZKmRJ3maynkEgz81rptQI0UgKzNVMiUky4uazOumj9sNEj56RMVMTteu3tCtp+O5i10+O7l9e/vl78p8ffnx8+zHl9e/t6eXs+vMPPf73sY7TekUqMfdccx8eHxx++O3//PahdD8ffXvHl7frx8ZG/UmRc9nl+10s88vh0/Pjdu7fr5WHoy+fr5eXaD9vteiNhbiAaPC27HbbtkJHVPFqFKmbWYJKmKMi7le17RhwOxwRv+6j07ky2fmBGWLQ6cJS3mM0XusHGJsPdlEoqZ/UiMaPqJZMOh93PM6854BvGXedIjSq5oiWWW9ZKziAAK/o5c84IW4NIZlkvC9dSGGndDXYZY//6/PHTdx++O3//0/eXr5c//uNfjqfzu5++//jp4fZ2O/Tzz1Pv3n+kG5HWh/W3jD0jD8fTu6fHX375srXtdr2O68VbA6Wcr6/PEdG23npP3mJMlV2tvEmCEZGzfMsVY1QSXIAwNqsEWi3BXg35d0UPABGxZv8laV0HO22R3hkyVW9G1g3LBM3dJMU+AcSc7j5DjOkdYmamL+CoIBgqsW0HIzPmnJGJ4/F0fHxy8xgjZ46YW2/ydjqfauZU6nR+OD+9Px3OAsY+QMy4Ilxhl+t+Oj+1btf9sm39cDxtp4NaXvfr589/dOTHj+9nXL7Gfnl7GfM649qbd+8ZN3Kej0daPr57eHrfDtvwZmbeSsMLifRuxARr4FnSF8ggRyKQZgbFElitPhQA9VIGlbSGqChWplQJ4jH3TD/0SlWLO1Es1tlcM7HRvFkJ7pfEoOwrWJcMK8/IoGrTlHnpdkFaRlZbLMyZ0615KTdUEGGas5klckamZFKAc0xgmtPcMtS6p77Rd/dBSxmZbiYqM4nY5+BdRlogeFtROXBv9cqQntRMBJCxl6a7KuWsHuRSjoNQNV3W283CVlE6CUyBUGaklRPtLgkQiq1ywUuHVX8gl0I768+TKWax/LMk7wBhzmawzGQmaDPD5IBy+a8MZCICNRGKQoNh+SZqHbHMmMqSarTesqKMCj001vGeChira8lbo1fRu0Q6DZDmTqAs73QjWsTIskgA+xjdapwL1nZT7FDhEoXmpiILVTenmduyWMDm9NSU0t3cPO5ZSYJgyhFSQOWTRC2RvrTUBUNR07y5xtIT1j9oi0isAAhMY8u5Ylqzkpdh9QGVgrFuzUzdzXmoRJFVPmwuVjNexVdREFDlFlHZ8KmI8sNTWo1IGYp7sMNqxoKyNE2hoBA5mQaT0pamVvJGCLH+XEla1cInUU3JlFaMVpkGa6QE12Vg3whU3HXYZW6OJV9alMhSelRHeE1CqSwpwL0ooKRFmZE0omzci2CQmOtXgvfdv3xspVGTm8BVzVTIeOVyuZDGrOm0uRLMCoGqPx1XLpBYt4SVnxGWhd+jDq4Kd1y8RAhk0paqQ1naetbIVcJ0Z19OjFVQUhxJKCfvrjSh1LoVM8v1OgJlSBbI6ptPsSwWlZmzks6WG6qO31IQFSJvXIxUJiqMaGH0Zkpm0uBmdHYR6UoYq7+wNCECGx0o3+1CPiSYJcu6X3oNr3QM2uKBvNqRCCNnxh1/AAGjvKIKAEoGvxelV0aVOzlBsI2wl0terjNiJXMvkoalAjLBS4JYMYtlc09jo2gtZyyPdetuFuWu4jeJjklgFgolKZGYs/jUyZBvB4yKEs/KQkZNsJm1a5VmzmQiUYUPRSHXiUFjgtUIARW5X5B15DRWRDsqscCd1QerclyRW9/efTj/5p89/PTD6enxdGykla0ZW2tmuLxdLtfb5Rpz52WOy+1ivjXz67zFmIgd0GHrNwsLeD9kWt/bHEOhGBgRNyE4AVRzB5gr9w5cgyRxB+MhMBGQmy3YmGAJQ1VzAAFkTZBFAFdkzxp3kKiNtbhqwtaGbkBI5u6LsGLpYYLLxdZUdRtmocBybJbsqlS/3g9bC9NNYHZrkXm9vlQyzPPL8+H0OAOXv/7p/cOnj59+3XvbDufjfrtc3iBuvVmxQEJgzriejo/ffeiPRyul24/fv//zf/jFjN9/9/7l5bVv/vk3n15fxtjnhw8PD+f2w3dP/Xj88x+/Pn9+1dSY++LeUV0/cOOIm6GASoeSEQZETdIoZMAAjbm3HoLo7t3HdYjw5swQ0Xt3x9jHvt9iDgmJ6H3zbpm5v10LIY5ZuViYERnDzHtr5Z+rodiMuaKo1ledMSMCZK5kdBcZme7m7pVTZGRWk/EaZcqHxeZObzH2iP3QOs1m5OV2OR6O5l3m5/Px4bANuzjjh9/+6vvvPsx9/PKnL8fj8fHpg/X27uPTH//pH8a4jXGb+41U7PvL61sKt8tNGb31UlJlZJYu6nCy7jPHGMXmKTXrAA1JWbAAACAASURBVE9kxS7Xcwxl9a1lxYUpWcHhK2RvHSCZZdeBUUpbmE2huYvXNimZWcF1hbXVOw8gY6aIUHOPOUpVQgjgnHvO9HvyRDH/MKlOK2lGkNi8EVDE28urlHMMd5jb+XT4+vnL8XhE6rAdt3Y4Hg7X69u47ftttN7MNCe9b33bhBT9fHy43q7Xyy9vb9fz4/vz6el8PG6bG0KT1+v1tt8IdOuZ+fh4lOzl+WKO8/nx03efPr7rpz7dmlaqoiKm+4FmhVO6MxJ1DhRqDoKiVxB5RbxhuX/IrGGAZonqswrQVckiM6W0VGp1fRaOW4LhmpqKeBF0WHJ0lNo5clLY+kZRir/NoHfH6pjp5oDM2NxTcnO1XuZOgTXULhJRO+62kZnQHMpMIJANzbhyLTJBRsKFmDkKwYsckTJizKhD3qwvx/kKBKN547pBKLOSMRotFuRWXSw0azS/55k3K7++Wf3/TiNiRERGLfBS0mLG1D0UqajYTAgyyrwWYFMGDB0HKY1NLZAzM82S8pkBsHFpDcSM2GlOeUmV7qdHXW/KjCXU4fI3YvHwlYBi36KcMGfzbQqK6W6jRl6zKqf/Wz55guYhgkZF6Yqqlgpm1TlX50/WQwUFZvWXYk2RjkREpJA5c03lMca1WRsQAlUz6mYxsIrM0Ur7V4NsQYqgYKQ0Z7in+8oXcqetriwkI2vra24zSiLezEyZEVRtdFwXZUiVuTtGtkYtqZwpZqHaWJvTzDWpLxopA1oFjRMCq+4BIeSYudIwsIrLS44lGRSiIkWjybCuIk8JGTVtmrUK6yYV1U+chpLwKrRu/XulBqv6JImajNfX7V5FTizvSuXPFABfOjFUEuVd0n8HTWqi8PLzl3TQSAXTaSpcuuQcNf5aid2rZgWlDSqmalnptY6JlWhDKkJ0a/V7FTcBS1uYvIwOciKUSb/LA3WHkIs3oMmMECPvKNhd/qoEEawcOq3vhMBqQHVg3mHemvpavZ4zF2ciByCtz7NsDK5SHmWdEl7fJ2H1PJc/oozQEKns3mLGUqtX/EspEZc8otQ49VdaHuwCb1O2cg4cdLJRooXYRM/KZGQDYrU0luEVJqug+GKwZJmVl1QhTCqmKkhQy3oVvLPepGedSIRRVpoliUCuZwlFLY3Yb/v+8nrZb7O1CjScc8rM9lEhyinNzJiZDTnmzWBmm1tzIqWx79Ik6N7JVuxylBsnszQjixJVgFlKYgpMtDoMIiLnksEoJYQCEaTTvCiDiCkmrXMJKSNiQkn3WglL7WqkchSGuvQrFYoXQag5Aa1O5bKAIw+n/pvfffznv3v/46f3T8dzxC2VY+wpkD2g23673l7nZKAdtsZ3j822t+s+rjuO3LbD48Nhv8br7UZ0mu1D18u4XMb1su8cGpbTCK/GByfFFqW3A2iWVVVNA1ZGcoOSi/QoUlFptaovP5itA8SqQXPtzaYCPE3OlspYdeDLOBOhdcKLNNv6NuaIVCjJZu6Wi+AvxUUyy58AybjROTJ6c0vOPSNEdyTNkTku1y/b8fzp40/Xy/PXX/4Ea9u25dwBu932T+8/JOJyezufHpi67deMOB/0eEBvGmPC4/GBxpljPj6dptvxcP71Tx/fXubzy/7+47uPH8+Hdnh+fslPx+ffvH972WfO+XorWlCA9RLcVtpm6YbVaOUBr2IbrnLx2Perb2chMkwZgOY+uyvmHjEhxV5FSXK6N0UKsdIYy1caGUqxLMOJlWzojcohNcMK9AIySqUJsNJX63w2I+leYm23XqG3MbN6LcysUkByqYuEROTIHFvrbdsIpOb33314eHikt8vL9T//4X9//frJeZgz/vBf/+nzn39pvZ0fHgV8fXsd4/Uvf7heLl/crKree/M5R6aePry/vnxVBErhFdm89d4JmzGYI8Ys2xkSq0ZkPST0hRkp0gQUz5e1rq/QwbIUzRIGcPmcdAdPcMecStHBtZZaoU9QRY4aWf9rRyHBDRWLo8wZhSfWOVsvStoMkqwQm1VwagZy27Z+PLSGS9wkhlLBY28SDofz6bA9j1e63/Yrv9Ks5YjD1p7evbtehvcjoIh9v1Y5FyFY98x5PDx8/8PvTuenn378dNray9v4yx8vJFs/jOvrvLxe4kbjfhsR83B6+Pj9w8cnAHtGIK9T6dbMKoZuDXy4G/qNhiami4A8Ec2alBlZoFBKqbHUqUUsozTXM3PFPVOiW1YfJUT4qllQZpYVrsh50ejmlGUKTDerpJ3QdFJVVqgV8RwpEaEArLdela/GbmaZ5clMp0WESaaMGeYes3LfiuFQSg7LDG+lWFhi+GSloqIAOClXbVFBXQqkuTW3JmUE3BvUcuUpSmLdr7P2UCB0H1vWA1z/HrnEexiOhFQwq50nZwRQqVy65VRdwJBbIxspoolMWGRJiJop+9ZyRuRcN7/NGZPMynBBKrAXzWHsrm/CYkIZtUMAYBRFU1HbEXAvaX4YbcYsr+ucUWi9WTlXA9UlFmOZAVLrA8lp6EabEZUIYytKLyhzb5oRMQStzg2AzowBkHmX/KpmpEDx2KVhrowqzhVURUhw35y+lPYZFReOFb5pNCkCZZh0RMbMHWDESFozjxmCQjFiJKbR0Euyj7Zk8siIiq4Pt47i1JGEawWvZGHLNfoUjpoKsWTtKoedkFEN5bVKGu75Hazm0IJ6AhVoKsMKh5V5FN1/F3hBldVupcMNK6kPpaKe1plu9ArkyFxEX70DRope02w5UAqkX//5m9zk27ifoFX5Bpf5CiCi0rBKgEqYecSdDOLCUNeuUJE+Rkit+tDvmZ4AvbJ5rHCt8JL4FLJYoSIF6zBLniSJrCQHGFtpQWVowMjaOluVJFTZROn2Gj1AZZKGHG5IL75GMLhbZsp599SvUmcp1lAbYfTK20IG6KruVEiI0j4q8x64gbIZLZ8HABZNTwGgTQXudr2FwqZY3zYsSq9as0Rh/9ZQnEg14GKp0nmP6HJrd7zXizlXNQwQxpaaEKprFHcIuGiaXPHb5nR2L8KcZrZOKy8nTFRYbbUH4JtB2Yx9xaMs/IwhOd2tgYxIkKF5G9fbbW/NT6ej+SvNjEozIMxlcGWW+m0q10ILRsrMpaHy2ibMG4RS+C1x04pigKJKGGTrCBRZnXTWW5MwSx1EyywJiyoeNIuOLbw/s6KWKrrHCZlb78BSDCgnFtBkBDLSmps75ogYFQlUQjOx6MiZyvP7wz/7/aff/Pju4XykNcaIOUfJKznn1Ii9d/PmCj8dPPNo8Kenw7vHw7jNt+v1ep37Nd7n8XR8jMjLPi+XfL3Mn//65evn131cBRk5lXC38lAS5WmAKUoOSVs3M7BAHtQSUL05WuBPFdgtho9IlQuFdl/MUXzPN/kTE2rmNCugJJUUjF4K/jGnjPUvgDEimzWT0XqdDHVLRcoFN55Oj9b8DW8xSyRp59MHb1vMfcbl/fHTDz/85q9/+oc//uN/PJ8f3r3/vve+j37dw1wVAL5pU+bT+fG7j8fHs/emiJq/26d3j3MIsMOh3WY+PZzO5/Zf/vGXbnw8HT48vP/DP/3BiZev5+d+eP76drvsbdtu+7UdGoHr5eruU+nuDbbf9uJq3Y33yNhjO279OKycjWYwsNm+V8iP05IYMzDlbt5csJgjlRm5HbqhT0xWtfXq6UqtWA9lzozIDK6NGxIqleheaQWzGvpNQs5UhruFYu6jiNVMuZfXUjWi1bw+sav8HMaxxxjDTJs9Xi+3r5//NPfRT6cff/3rd08ff/n85XK5nk8P23E7HPvXL5+txf71q8Ytx2iHQ8w5Yxxi896BrO6jWYChE2ZgOx6OkqbmGKO5RwG9boWShJJ39QQXiArS6bKQ7mLTgp++YaaLcs7M5XdcJjKBmbkI2/X7rV9tdBix2gLTeyk1CBjmvGtLmDlnVFZ83hl5NHdVJmNFAniLOWdMy5b7ZYUK11lKtt6mxvPbC7fj6fEpxry8vbbWtu10PB1v+0z6+6d3x8cHWvvy+fPr60vEJK3xcDq+Px3ftX58fn3pv/DXv/rudDq4E8iPH949HvhPf7yMuI7LfrldHp/e/fjbH377m/c//GDbdiNmrrr5g/tWVnUQ5l4iCUAEm1UINGppMrcsXTeJmsmAGoesdUklK83IUJQ0inf+UZjlrytKPBMx9wTcmnllf4Z7M3hZ2N0qrN9MIiwiYQ5g5DSYCIohbL2ViLFZJ8zYkilEjFHGwzJztubKmHMINMqcc8y6zpQAPANmcGuVcVxxJiNuyziTWlkqK0HDQETKKz2cFNhoJAIrwN7MOadUqvkQIWlqdG53JXNAdHPVw4MlM5JyzpGq9jFmTgGqiJvSUW+ULKXWXEJIW+vuXg+4u2vZseq0iIjyZq0gDTHLr0h3QBEDFdNUJnYhs/K719iqlcmeEWnOZWUmFGnNQM6YZk0aMwAE0Ou0jxhiSnCWa6tA7BAXiycjMJVeMtNu28zRm4pvo5kyEqggkDGjSKDy+xmcFbjPnDMKsKzcZGEk090p5z3tdWkQvDLW3c2nkmaBREXsIBRDaAATGZqhEUovH5LISiooJ+vCKKXUZOnRWEFHJTaKEKqNs7zwJTOqg8jueFedKFXQXraIhevCEsHSwFYDamV/lt+bSylXM/Ay7a8BWUZfcmDmUqbfhbyAKDXzmbM+kSwIv4L8BYILWqGKwheWNB+1ga5hEKqIQyTli/XmtwRAKQNCXRsiiaICgmxuZQsMqXhFs4q7UdZuUI299egVQlNjNDJIs0IZUqIDVERS7j0hv8uy3QwywBKVCFlrtvuKeaaX3XbmLO0BKg1uESEOC2olQpArS7EKxrHqnosbpRfyQwGheltXDWpEwHgPAEnGfYF0z2UzI5KVhljEaKxsxHqqQEDGWn5ktFz5PBU7aaBW7R4Bi0yDKliX1YRQpzmMi96b1WSBuwCp3p9WDc1mqSnWqpj1VMLd6YlZSphGspKmVDmzZndIoIhDpyVl9QShZsSyYRF3ewHlziaYWxwPDw9n2pfXjIFQc5tjZoaR9bkk2OFonBPsxsQ+hxkPPGYEMtjoxahW1B9EQyIDMzMazd2SzojicNwJBp0QY06Y09nokd/CZ1m2/JquQCkyFeakNRaHVHJgt5yBDJOqH82WrCxW9nqGIrDILpUVg5JyprJt9ulXp9/+dPrh3aG7ct5ytWFjaubUDAK5ebfWiaqV8Dk1Qg7stMPm+ZhAGztuI28z9hz9YNuwZmyNh+6ZGjMUK4vL0qscjaw3t6KsCzDNigeoNbJUEEYW8LqkElby68WogwXHkG40ZpYOauWFlXTO/EhSgZgjK/uN2ucgeDw+XG4XWnrzGBKVmhVvT8zIIDMZlMbYjZsFPjx8v/lln2/X62tiJ/J8PGfidn293t4+fvzp4fH7y3VcXr7mjKSH8hrxcD412rhcvLfT4fhwOn3/6eHhvPWWOTd2EXz/7vz88vzjD4/b03Hb9Ze//PXp3Yfz0ffLW7On45YfnrYfvvtxztv/Mb6Y2fnx8PD08PzM69vNmh+Phzmib04HQm6MSCKNLkpUM3ez3hzW3DhuN1vxk9i6M8sTUvEHvF2vgtxbJYHQOfZdmRHTaN58VT3GKMwnyYrzJ10RpDtXdQ0qPoULbTBvEmWqZFgQEVH8ae38qMZ4QJlmaObSPcYVliDMHp4evNFbv133D5++//Srnz58+NBN/9v/8h/64XB6evjrz3+9Xd6M4+X565i3Tskwycv1AnBrG90iImfQX+a4jv1mvpLX5hyXS9ByzJkpb77vu7ImEJdBM4FmtrQ2RsJsyTutk6UKjspgBJf0U+K3fBaQKlzN1ihTFINqz617oICXBEtOoMwMk2YGksrKJYnKY2CJaEvayjKXSdXSWcef0rxBnLeRSEjeWkUVKsfl9VUKuj08nLatvV2vDkWMm2w7nA+nh9Y8kS9ff9lnvDy/uNPkaHZ9e1X69fFrfzn203m/3p6/vGxbfzxv1Pnt9ev19XlzE7sBfrDvfvjVv/wXv/nnv3388OEtldQwE6GZw8hmBszKQJaixqU6KJxlzIEBmVH+ZqVmTiXpFVdDzLtecM2SFAhmpDiHWhqaWaUUsBCi5i2h0uoXNtq8SebGloXWsmqbZgTck3eePhOU2WYl8KG7e2MDDXTGrHMoY5RmKJCYdRdHwTwSAd0tv+5ymjXvokEY2jNGrliLWPimkm6Y9xkNlAoBrFuvcYl0bZFW5VMUYpYjruwETXd1qJEyy4XhCrR6REtmo8Ccs/q8ir4ujVMStzndXXAmzdhKAieZ9/q5zZsA5Y6SJWeAdU8vxaZ7gyoBKRMp3WN1s9bxxoVOllSBXpUIKx1iKZzYjNZKl5WI5JRyjluzzbApU1HLsUYG05p10lFMuyBUiS+ikjgF8yrLUn2C8BaQEFlx+2C5Tdw3g9MaRSFKVuDmM2eJoafysDIaE0rCjXaPTALJ1g6EwSu9sNCUNFG0GWFmyrnP2xjj7iDyij6tKPqawCpYppAt1i5yz1BLWm2NUFXqSTXuK6pFlCsvb4nG4HVWuIoJQqII4loLS91SmvlULJcEWKuAwSq3Z/2tkrLVa1YEj3Jp7gLJQAWnCcbOuqdroGSCRViWtk9rbivZD9YGuZaQJaym04gaB1Sigsg199xbh0nzcnDWr+HqFOCSChTJugqYaJryhoIhy+7MknaAVAWLav0nMkuhmMYGmtOxuBUq6ax4eAOINGtt/eEFzfuyVUaCLCHaBI2OkoUIZl4mxVmfdd0QyXpGzcxW7tjy2geCE4ElNa3O5ootCvOGRVyUCA/LcSLUCmGtqQpuqaiTVuuc0B1/CKTkDqv41IhEAe0rlM1Z6PdqIl8eCkGRCQqmSnY2VJcCay+RAiw9WaTWCOdpoASHZknjDV7n3fp8634lLSwhq0gFYb15qoIzS66lpfYsoE1ls1aP+IzYbzsN/bDtew4MkkKMSPPu7iLNGjAT083MKlAyuneBKrSjPlbSiIxK66sgIc+YxWkg5Y1mjEhvniuyzlD99IaynsO/Fb4tBbwttTyWZL18LzNyv7H+pQ2roBCgs3S0oQBkbhFR7HY5NgS52cPT8YefTt9/bMduzD1FWDRHplMgolUfvLXuR6CNjAxljrdrzJlmW3Nq7hlU5+vt5XK53fZ8ebnOge2wnU6RMtnU9TaTCJWARxmsnb+OC61IMkH1xZbu7k7pcUkQ13NYA9SqfKh8PhJk8m4n4N0kUmRuKoqkJNlB0VKamE57OL83xz73bTtk2lAqQxTZO5sgE4uFiDkvGok4aT48vOcwkfv+us/LbX9j60c8bq1f3l5Avv/up9a315cvM69sZt6vVxyPBxJvb2+Pj6fzmY+P9AYnNzfBI+LTx4c///kzie6uQ5pnzMv7D1uOdFPGrXedzvarn86vb/HXv176Zu3AMa/kWYrLvFn3uhxjRmlb7Y6ndrm7i/Oyv3h/uLy9bAccjt2Wf15OjphjH26Wd+pDAA0NpkQSc073brZYplDOCAnp6+syEo6QrfAO1VhakOuKf1DIWgNo3TuRSgTMTcqkqsC41MZoTtJpYw+ab/1QsOI+wwyN/suXr0/vnn7/r/5+247/6X/7D3/90x+N27/9P/33h+PD8+e/WF5TQ9qhCbZMKtC8g9xaD5Ok1nzc9rHfSssqAjnHnFkqae/NMyLcHH6XIhGsi5jmZbmtg0kjIr/102GhZSWTrMQE1r2QSkXSSFlW2DbXdZ4pszutUHeMhG/rE72AbkTBPAChrO3Ds2x0iXW7mWhWuZVF6VpzlBYgE1LkoFmMOY02h5tt7fHLzz9fnlvGVGIqTg+tQP7r25ty7vtNAC3mzK2dmnk/bjPHly8/+3b6/vHD+4/ftdZm3OCYkS+vl9eXZ2A+no5tO79c3ryZ2a58nnE1TLu7BokIDcrXtKSEwXuLobIpFgTAOh20spiUSQEKTIr01pYkyiigBtA5I1K+iNJMRZObgW7urkw3S6G+igijm0K9taX45/K9pdKMcMvIzIRVibWbNQQI77Y1d9KdXmbG/TYdJVeddQWOjLXiRpglzLeKcGJzbsbWrLt3GcaIFeqvafS0jFkhUqDKVFcVUUlaKNxcWFnh5k0ZVcGQyjr/Q1GB6xUXlFGe8u50LBk5uNiVVEZdpqFEWqYSMljvB2P90yRW38uM6Kz4SWRWxZBihSBJ7BE3M0frylmjYuSYWTuFIiPLwiHX6kS1FEjFCnWxmWgFRAtL6iJNjboOIbS2AVHV12CAStwUlf2Qs9pdVD7pzBlunV6Igynk1oVS4IUipQhkVvOBCNF9A/YRZpaq1YXLL1EDIszMW8wEW2uIyOL5kwkkMtw918xDUSwdBqy5R2ZlHBFKDS7B/ZBizGsozLrRBTo6K7SxgDzFCkZYlbddFYtXB7QyZCXfVy2IM2Kl+tsdjCBmTEPZQ5UMlM6cvqb/NdPX4FlZsKn/Rk92l6AvYLqELiUh5z2wqjKbSilf5qhKrKTMAFUZLb4lXNaeU0O/1aycBZOzTtOUSqNWSh+lZpEQdUgvSwSX9HSJ4colXKEW93TArN8tkVZbAYoRg0kS0UqWULJXAomSJ1Qk3DLJkl68T29OZe0A9TalpQh3U9jyJCQNdLN18FktHiARlNFkjURNbGUhulMQlKqBw0pOa97Ab6ed1few4kxYkvjKeq/XntlaJelWq1eJbt3XdkdQOd1bfXP3LusKE0oFUpFrvRTIUFIt7kTELF5DiMm+VVxpwQlaV6SKjrmX0i5NH2s3wZKJ1dPJVBnYvLIIhFyETKlEVO7RuSp1SuNUZgCVHLzkcDDzzJHeSEipShBjpm4zYgqX/fL169vlcsul/kwzq0jEGSGyo1V6usprEvV/7yZfawDNbMSoHLOVA6iwihajQTUg0eSpsSKEYyY9Q2u/EoFs7mYWmXeJi5WsAouhY2pYSpJ1E5lj1ltT7hWrcWQNDwVYZBbPVbm3LJcYM2Y/tO9+evzNP3v89OF0PBiU1nzGzCm4H/qhfu45K3tpDkVkzn1k6njchrXb2z5GjHF9ebsC7Tbjuu+tHcEKqGElWru5W++OWYiLKrtP0Lc03VJTtqIyC4xYr3Ftq6UpS5RmsdYhIRjUgkmNaGCpIJbY0CCkqpV6ZQumpZLg1o7n8/l6e424nY4PNp203splGVHApJPrSXMhwZbK6/Xm/uq9Hc9Pp8fHy+vncbu+3Z4Zh76dU0mO3u24PR02irpdL7dxsyPN8Pr2ejx1WrZmH973pweCe0RC2WiBfPd4vLz0fVzMDlCej12Md++Pt9t0577fTqd+OPYfvnv3/DLP/2Dbof3448M+rn/+x1tkHh+2/ZoGzdtIooprERIsyx9JZEztt4Bvx60392agb36+Xt/2/ZqCe6tf596kVIzMqNMkM7lwbuzXawJ9a33bSl6YqVJuR6YYTi855YprIxQgLLQGVDMpTEZFgCybptPJ5USMgLWKg5xofjqczFrGvF2vt3333Pa0Eei9/eUPf3j+/MWZn371U4T/+c+f//qX/+AIYl7eXq63W+9bGuHt9NBjBigRMUOCyag89KMkIYxNzq17CfgipyIA+QIFLXO4uXczePWtSvLukIooEou3rkROaaU5o9LclZaoyBnIBNUNoco28qJNUdcaCtdApOoVTrlbQpUAd+fAqy7QnKzSRVb0wH0JViizOEnkvC2ofCKgw7YZLDBN3A7bHHPuN2XK+PDwdL1dod7d9+sF/IzUHKMaIa8juvfj8Xh++ACYrB2O54fz+fr2+vZ6OH/6dHl9G7fnOXcoqwx+zBHBvp1+/ZsffvjutB33GfPcS0XeWz9GznV5Y+06hRG4+VzodJl2c4XawTNTxhyzHphKDKmUhnt+YLXvCPTqp8uUVwJ2K3BaFZXjq0hUVNBQKl0lgVJrIOa+knFC6y4jvbXej0jfNnPz3jZfgYrOnDBu3tJin1OBzAytBq7UcmdVfpGxnbaT29GtW7XHmMF3JM1sH9d9XEtZninjkscU8lWrYUYK1psB9TgBwCxkPbLioSrHtlZNQ2kRjDCjs3AVlj4jqZyZ0gwkwdZaZZIoE3B3DQVAc4sZ7pu15t5mgozej5LMvNGQU0r2LkTkoDXlUrMVoJVExJRFyR5q6M+8B9VX4kk9z7CZWW9f1m1JIzYzkzJjLoTa7wswSCl08/K1EutXZkQikaGw6uaroMImw92UqAkTa5AwRoZWHnpzTaHTGLGCjaPOMjhEp8OmtHBVkJHZzEik5gy4NVqrJ1w1YTaaern1SqA9MWZMohznCVsqYK4ug2auhjX8MlFZmlhTk0yORBqMqMbWojls5V2Wr8hMyBXxKROR1W+1XClMpbEIRUCiucGX1r+STODSXiArWd5FkOkkYHelkWiGVJTdWJoRd9lkxQhhjbaoumk4y9NePbJcN/Bq+1msgnS3yALLkCKlAgq3rsTMRSjXpwIueBkUWdKX2kxSs8LTlQhHZeSXM87kpeZegp8lQIYncw0kK4+yLDVyKxvINLbMaby3DZeohpSbVV0fquBWJS2sdYlQwjFH/ekKncLSfqebleE+lWbroyuBfb0orTVV+OUyYqiifWLEinQy0pqS09Kt1edAZCKQ3QhRldYfMdeJYB6SxsgILcKEmRmVKbT4iV1giomgSkftNCrJytzJqKO25PBCSmtqC81FyMi4JOEJZQWm1g5Zx70qSh9LWqRazlZlc9XyrJnXvUVGSiQykhYUUpERrPnSysE8x4gIjaGxTwBPD+d9t5eX8fa6zzmQsawo5uYOModAuWxtvG40yyy7wmIgyBJmMudATCKYpVcZUFBMVSRWSKGZWhICoRxjZhRiRmSagG5FelmlMoEyKGZZaGKOovyLbsuVT0VHoS/S/G87zAtGL+GeQymwH7dPPz3++MPD43Fzy1JxQ+Fuzb04CqCCjW0mtF8NrR96GzES1XSBrgAAIABJREFU1iI94HB3YUvZUYdTP14vI2/tS0WcjrzcLt90JQHMTEBetroEYhLMO1VV8px7Wnr9vAv01/oBoSjdGYqMxTKoVGI6aeDd/lOkUznIzRooqxg0orf24cN3L8/Y5/V4PvCK55evY8yDO7OPHGIGLRGZ6YpSo1XGV0YiBjQ+ffwx3318/vzXz88/X68vEo5/feid5/P702k7HJ5awy+ff8mvYYB3zJkR47AdHo+HTx/74TSpTI2ZuzXTnAI+fDhcx+t2MCFOR9/nPB0czL415Tgd+7a1L3O+e/Lvf/WwT37//btfPl+/fv6c2fZ9v76+9cOhhziHGRraRJDKmQKQdPcFRxlBzYzimgonobG3LSNJRDBHtmaZGPsO0hrdLMcEac0VUY7YjEAJutZpXKhc6Q5SWgak5RvD4rKUqD8WFyxO0hMYYwQngdZcUtsOgGaMy/VNoZIdnU7b4/lhDvvw7un8cPrLn/7qdvy3/5f/4eHp6T/+f/9/f/zHf3h9+fxw3JTztu+tHx6enkjexsXombpcL9//8N2c+9vlst92d7XW3ZrgMTNniIAD4j6mobpAspQ+rW9G773HDJpvrWVGRKz7ppSukpQOC0WsCNSoG6zim6VSb6+GpuoFg9m62cTSXtbhWIwiKZFzRoWwinePXp0+0Fw63JWYHkgonXdblkMpVdm2k2C7W0OiRsMZ5tz3a98O7XAQkQRSiry+PV/eLqeHx23rMO5vu9O9VI+tjeCYeDw8Prx7P2Z+/vmXy+tr5u3YRET59OfI2+328Pjw6eOH3//+x/fvBnFzjN4OjQZD85aF6ET95EGWQqwuMhkttQC/2jTXSJehUp20prWjNqUMZKVAgHMRIoUry6zRqyOWI3PrrTYnwtLU6TS6W4ZgHnnf4YyQMhKL+mGuFc1aP27uBN36cgzXr8zZ3Gbm1vsNMUcZxrySyWjUhJsjsR3OvZ0b2+HwYGwJJdD8YONS1WDX/ap7iAVBwKGInM17HeYiI4M5AZANUVYpIRWYiMJ1IjSBysxLcy9BZfdW3TJrLsoEMnNMhbReQwnGXiA8Dc0PiVk2ItLdm3lzVvcoS7NAovTf0l5rp1H0HnNP5Yzgkr7AhZL23TtM6wwpOarMHKWLUeFYy87Ksn9kunnfatiYVFihvCX0mKGomp2aElFIeSgUg9y8mcYElTHK1tzdonYhmlcBGUIsNdeKNoFAbw1tbRcA3ecMVmxIpooZINbiAEEB84UGaLW9gubsRIWzFf6fdwMqsCJi12FRZ0QRIs3NsxTuZPE6a1quEJGljUBW1uVC+r9RZxY56pMlcI8fWSNxoedKBGcl2GCVIVeHs2CNQNComQtrq8QROVv3dt9GcG8wYVWTJbKCuY0kwuB5X/WLuydRz5CXY64+C9ja9ipMZelWBKPIzKI9baHyCMELF7EV2LCi0u+mVSjB5gQzkZXNDwGWEaByikRg5sjWe4oloiXZaAmgyiCoavdTrbOVXVWYhUFAMFlpWqUOKf1FLVW1nyuNHbRmnWYJlQgoNEi42wo6zjRvCdVQW6Rv+RfWXly7Tf0loIz7XJQwW8eW7q4dmtFR1WKZqQCZGeaNQMRYpwyYETBldUtS9eStg8A6mDNmhTZU6HjpL3mXskauEuhQVgs3WcbtICt3oXJlUb+JASsAyVKCA1jMmkLBMkLUxpUCFTlmsnHR6wDNvcrksWSwkJRzirltmyisWyAia5qDpm63GxKPx43Q1+eLeSkR4b2Xg8rBlSjFpBA5aHJjSjFnkqTKae7mlV29/P7knGkoHStMVixw615xI2hQZK5tyjIroHeFmFaKFCGzppjl13D6Hnt3IjOrB7Equ4TihQwsQ3wzi3K4ZBUrmmqTB7N6Mc0eHrZf/fT0/ad329aMbO6qUBs4LJHJRUXUaxWRYeC8zfp+I+QexiZuD8fHEXp5vRD88uX5NvbL89vlkik179ZsDkYIM++45/0wquh0apZxlIYygNuab+5BwaRSrUaZcpRV0vwSky2kAKWpRV0jCSmRMxPZN7KmiJX4Pa3Z0+O7n3+5drPvfvvbP/+5/eUvf2zurT1c90sCEGeOhbNSNIsM0qCMfdc+Y8wPH344Ho50vr48u3lcX54//5yRt7kDcTptoTA3GW5jb5spJtgf3rWnD9l6wqgZtHLF7Ckcjvz680tqa70/PBz8hsiEEZo0PD6dtn745dC+/+7p7/5u/H/+lz/T7HhqfWumeHh67N6vb7fizRRplpt1Mxf2mLPEdjMS3DPK6T02HgITUo3rc45KkjCnxN7bjDllTh9z5r6bV15oSDn2IcDcem9zTqDSEoBK+C4pOrJSc92YKuU7SK/OvvoSsSYbKzKvlEdj7K1XzAhdPjMKPdyOh+b2drk9vfv0qx9/bNvx/adfv/v4QXH7j//7f/in//yfMsa7h/O+X8a4tda27dC7Xy+3y9fX3vrxfD4QSF7eZsw8nc/7fg2lW5NQNVGkUsNgzT1ncNkEs7WteYlSQOccO9xonjMyg+7dMGMqsuzmcJhQPZlZXPrS8qwEmgUcGKv+rES7Zvdh5y6GBlTGYnJJBDNirb7FoGOhJVznoVi9LSz9SXIuzSqBMliDC/rKTAg7hzeDsbUm5OX6pgRlt3E7bIfT48MceXm7emvuvXU32MvldWA7v/vudH4car98eT2eTg9PT48Px9v17evPf7xdL7f9to+5j/187N/9+P1PP3388C4/vG/b4YyAGxoZijmHt2ZGC0XEYkBEKaYCQMqQmHPcm3bS3FLVh9uUUCbdCyl1LyECKLB3oPQkXVCDvLB/yKyxKMG6R4TWOqs1b7ENlHHOESj1UOm0qAyyzNhu5kv2Y617Z426cxpdbCZ4jdG00vV66zPrmYA1660TrXt3O/Z2aHZ07yJnzCyYMGA2trbtUzNG8632PZpxppW+dCntcs6ZzOYiXYQZZkrSXCVWoQxfvUmFxJqRWaE7pagGE1HGEosKKSnhiurDlRHKtvmMPRVuzZaNJNGaNwfYfCuYlnTvvu+TZghGhrtTLeNWgnuz0v6bOxucaSrlN1YewH3WMTOHltBfd7iNNFrLnAU+JKYwV/yiEkhYzkxPM5qCZi2JpObMiOwtkIxS6zKaq7VFdRoKajBU5hyZOSqFRpFG99YURmeyzQgtZdcSzFOxtAoU0IujNnpJ4gUaO4Bm3W0rWinrtlbmkrTWMyokbBn/60MwpIrVRiqLoBS0fEhKlKC4IFFRgtNILl0BVo58+VoAlOe7wqdW/o+yjkA0FCZXoLIkRbpRcEjOZq2O63QrzXtxO0Vw1KBf0fgL3K2yZkLGVjxnKJIymK+0Mzd4HbdaB1b9xoJZLLmAlrItzVjRYLC7lJwLkQXNJAamcpYfkDQhWcp+CRLphDKClkU+ZSatQmM1Y3rJWAsdM2dZnelWMamSQ5FJo1uzCpirHDCQZlX+ixTcqyUWlDQLUkjI4LC2puMi1QholpplFC/slsHVXNZSK24za6DHGkFhZrXRlAi11qVM8ZuqRCplVQlhAM5Mt7L3FD2aQEaIDJopMlZud8HGSxacFXQqUIpYCSyqsG5a/eOMaQajG5kzeFdm1btdLU+5didWww0VJBX1fbKcSJmLW8Iqhv1m8q4D2csJ4RWPgOrWQbXmrXXWNDMa1Pxwj8hAsX5Fa5yP7eF8eb2+mc1KM6howsgku5tluX9m+asDygjAW8nVwUL5zXDPnKsZc7Eea54x3rUQK/EjqnyjSD131qhdkjmHGaUMlhsyhjJpvfacisCCsXL9xKlcWzIgrZSrcuEjqSoyBGmtR6ZpGsBm53fbhw/beWvd/Xg8994q21IExFUA4p6RM4csTwdT1AFBTEhp2+G2j9s+A/l62X9+fn1+vv31r6/jpgnbDmy9b1sfe7zE1FIelyV/FGLq3jOjMOmCKoGl+CLqO10GSty1hnX01XasRQ+UO+JeLsACu0upVVVZFCDTVFbB5Bjjy9cv58O5tUNKWz8+vfv48vw89nE8HJpynzvJw3aMOYt0JNisR2ZE3vabXp/7179aa0+PD+/e/bD10/XtNeZt7Leff/7l+BiHo1+ur/u8peL2Fs11OB93JSw+fGrvPoJdQtAqKTgrhMBaPxz77fba/Gnr3Rr3UBLn8+l6oQG9+3efPlz367/4nf/P/+sfnp7e/fpX+Z/+4euP379LYmvb68u23/bPP78E0nvzsumW4xNIYcxpsBhTmQ63JZlSlccIEXOfY68T/7aPyiqOmMhs5iRz5oqE8BogsN/G6kJRqjrWlXSvePFSxoek1cBDZFYscXMrGtDMEsgZMHZ3ZHpvEsbtusQzgJnBmNLlelNi/PwX6/2Hn3572PyP//QPf/wv/3B7+zr3sY/9eD6+XfbVJAy8PD/HmA/nh4yZsSPDezs/PVwvPJ7OZizT1u3tTUQrjf7MqbiLM+lmNK9sLGs+c5CAmzSNfTscMmPfdzhLY1mZXgDmGEAKvBPPKw2jzo6CtFeoW1Y2DdBgNIhzxj23AFIS1rqbc84A5GVljWCVsX0bWrkSSOver4YiOlljk5BKbyZmpDJUV7cR5Wscc9yuF/O29S0USNKO23Gb40J637YZETPSdDid22Hb5/545vv3758+vD+dHw6ut5eX69tX7/bx/O75zb5+vVo/fvfpw6ePn3787vzxAacNZk5uxhFLWw9D1FYCRFncSkGVMQGCAWTZR6u/qfIxkUQ6U2juti24g0s+kBQzyd5Kz5VRBncz+tIpQKJbBavW9E7HRtBMFVJiZrNgyxpZctLMrEvWW29r24DDQDY6SdtYrczNzWhxe1Gqeb9LmxCAIro52Rxu9N4OW38w20h3MyAi9uZIaMwbac03cyc0Iyia163sBCNmSG6y5qQyp1irnyImUJHIJejwYspR+BIBlGRmWLVxcQWYW+UC0QA6mzcqJuG9t4gYcXPrhiIHZChnY13+UgboqAIHDTNmsrW2YiA8HX0qMoPmZl7WVBoyJwJCBS+h0BajlSy8TiQDzRsSuIPrIhUTrshMBFUw/IwcU2U06DQTLZQzMzOgRDXjodRGaqWYmbeZtci5waCK2A4JtQgxQ16JJjXvZUmxF9ucIZRq2lPh64/cmvVYw8uEcWvbEvywLQ+kyxKz4GTQzO/piCsyRgm2inrXjPT/6X/6v5VApfDOMsJSIOXszRpXRkY91KvArbBqAmYVH1vWulKFQQCyXIPFRBppuTA3kvBVBMcsFBrrnKsjssqcuRjdhXI4C4X+hg6XIOieW1AKhaIArBmrOLaijBcJUobHJSMvTHM5Cu52FlapbTFQxfS1OgKw7Ae4B3+uB6imwFLfc9FDqXvysiiwXldzM/dm1pYaeUmvSi8IqdyLFXjJkjt329y60wvQWjjE36YT6FseP9jahnUnrO+i8rEjY72HVppC625aLVRrQi6dYm2HxnuC1/qX8P6dZi4NCdyd+NuTWlhXZmnWMzOlynpa7ghJM6bRQvVz1y1cxwlISzAy3TwDEJt7cT92j1gtm3SpVELVnFh2lfr6AqjNp2K/Eyt5wO7Dn2Yx5FrQVd6jm5eZIIsrrw7JrMS9WgOEtErdF0JlhSwzsZk1lgMm1No2Y7/cLta26/Q//unlyy+XKGNuuntbXYaRmbJy0EH1ira+FZFXBpxyawihjFRkTkC9O4Q5ByT3VkbqzDspLUBo7iSTiyepmVbIEQN1OKXM3ayxVf1wlrasIqUis0yDRmUkM0AoAkpDnaNYYLuXGlsSvOHHv3v3b//Nd7/57t25+3k7dus1h9XZ5JRZYQ8E0Wi99VZ/POTMGHNm5PVyebten1/ffnl+HZP7LY0NynePx4fzdjxtrbdUXvfb5bpL9OZFiHpxF0BWjWwpDe+RW/UZ1+JUKqll+b/ng2AlEX/TC69rU2VKUr07BM3NzMx7P2ynArm9tFuh8+mJxsv1LZW9dTPOsTQbVViz9W0lfsEAluu4ipNS2PeROWjW+/FwOu3jsu+3GVGWpwYYEuu+obv11qz5xw/v/81/9/2/+N3psPkKJ2C5/EWquUPx8vq1tQMrjxz+drmcT6dD3yrtC7LW2/l0+Mc/fT0fTxrx+cvrv/t3//x06te3G83d2hwhoW9dQqjUZSwB7LZtbt76QezWj71t1vzeN5pSzLGnpsqOx1rbQcGLYixROUSz5o1WIYxJrKenDiSzVmHHa25a35qwjmjC2Lx5a6DXybJOsjrygWqBoFlvm7tJ8OakKzJnHI+nh3dP7z98+PzXX/7pH/7h+vaMnG4E8/xwOJ4OmXE4bGYYtysMZh3SPq772LfW397ezOx4OB6Px8wlDUBoxS/HvKtN0s0iMxLuvfkmCS5C5t5bN7N9n9Zq1E7dc2k1SzWxlKvSHUa6X2XEOsUXCsJ1gtd1unIUqiOyXP9YySSF2f/tIqj/ckH/XNLblYFLsbrtK5t7aWgJd6+T1Eka2d3uKZZKuLXT4dRaa60/Prw7HE9jao4w4xy3/fImCamIOXMSOBwfzqfH/bZv7lvv+77v+355ezYmEBljRjj5+PDwr3737tc/tNZu0CCzFh73mvBULn8hUJNXRNTfKQct4UUXL6R/3QjFoFZVsO4mFqd9u0fucSGseIoIczPRDL21RjNji0RrB8BJ80qpAlOqaOByAYNlVUf1abi13g7uHbRunbTmB7de62L1YKiWXugO2qWAmSmku5O+9cPx8HDYHg7bA3jY/ETfao4AfVFSFc0vtTpFahsVSDSrftVBoIRFpKVSOZRzRmQt63czZyGAbutJqAWoXNdYZipFTqg0NOZWNc1eqXPNt2a9bq4kFjtnLTNLuFmnWcGT9fRnjtJOkWXAlYCMrF9TQi6sOaogwgCqOciMhkiKbs1Fr5612lJImtNMOaGof4WQ0ExUx/icGjMGyEJmS1MwxwA0YyI5M5fQDHSzUuZt5epWhY8VAV0UlJHMSHdvfqjHqfxqpeQu12/hXN8S/DbvdbxDyRRgMPPecqpZLxUW1/p/t/THhEl3E0shpyksu3ZCGf7v//3/VffEX5BSYfl/Gyi/USQLPTMv8UyWDsTbN2tBZha2VhHOpSfLzFXJoYqYrQndzUrRboAvgcnSoGFFKK/XcuXL1slVEpkyLbPIuVK3I+7yHLM7sl70B2v/QAXUUNIKhpNCkUW1LOM6C1pp1p2thjZvB9KLtTDenQVg3rXzZm60Ape/+crvWgIs57+5t06YWTOWgTkr9JowZEYGqMZ6Q4yw3rqZuzfjhpK63NuIpJWjWoyte6c3M7f7D1rfgnA32tVBLkF18NXl2lBTDODmoNWLUCC5WXN3lApa0DI1oKSnbg0VUgnJKqCpoKc6plLE2PdqSa0ZDHfUtdzxcU/zrjsKpO6LjRnL1HCfsks2ZE6r9yEzisSvCJpCwdfNVeZoKRARkVFMTwZmzKEUhIysGunaVRbQWAma5qnMShPJ+vs1QdZPRoFcCvc6/SoO18wb0fZ9CC7bfv6y/+GPz6+vc+xRyfRcU2a5bGjlPQjSvDV3L/QCmTFnVM9wZlkmqqsBS1u5lF9VEVLRf+50+xsjs1zgBLPUADAhS1hZkwKNkbHWyDUjl9VBykrvXfIXqwOrRk+W8csKYqnoFneeHrZf//7dv/7773789O7U++F4IltFL0mkmhYuQMiaNdLJBikUbTsfjw81V1vz3ng8nY7b4fF8fv/h6Xzqx6M9vTs+PBxoDCGmYmrspWa4t8mDRRLXjmhWKAOlLNe7recPf7N5Lw0fnF4GDDfmYmxY/W5SIAFarhObMKaSzR9OjwBjDEkw977VQHO7vM0xt+1oMDMTqMwRY47rYevd3c224wGpiBg5vPlxO3rbYGreSevb9vD01PsR4G2MQLof54yYY8yJJEt2TWzH/v33T//qXz/8+GM3S2W6U9V/LmS5tlIzAkaDuxmNc+Sxd9YNoQzIty7l29ubUoft+OXt5fe/+UBDa918++WXlwpp61ul0KG3liFBbuy9r8xcubettVZz5Ri3se9ASOHmbu2wHbr3zGUBYtW3V9ankbbcq9/OKxZ1S4CYEVKaM0KZ879hbBYIVVhhZOEJpRtMliS10qKkVLbWScA4c2ay008PD4fj4/e/+uGn3/z28nq9vr0YZz/69fr29flrndJfv74WJX293i6X58eHs7H5Zvu4xZiCDodtH7O3dr1cU7nvt9vt6ncxUhl5l9jAzdzdvLXu3rx1c+utUexbc+8pIUVfjNxy1MXUSqAXiRK2rd8fy/xZiWH4puYvnL4EgXVVr8+rxmJV7xVieYb17YheIFNpn6v6tGSV36CvtVW5e4rmTlIqcmzBdWvdotHYeie0xzRzbx7i6fHpeDhKcbu8ZiXZ9VPfDs37w/HD+w/ffffDD2yHt9ddMQ+nA51fPv/85fPnrfvD+TwTj09Pv/n1d3//d4/ff0+zPcaLm7Z2qP23efOlWqlTNADMnPschLAaYlRg3H+DeNkdEnaAyMKqvVYe3HEZ3eUIBDLh3t2bW7fmdeiauZlVfr8WWic3M2sSVTnF5eCuckaxEH2z5q15aaTpzRq9QiGzDuPlzcaM9QroruhTs0NvbevH3o9bO/V+3vzgbbPWE3L3+l7m3FdVCt29G9l6K/evLeRc90JV47qBmTGxrvWYOcxgbiU9L2kfAXd3upbkIXVnFXJOMzZ3Cma9WYMM4Na6W69AYRKpWI+uWVkKs8qXJDcKmKPUOIGMepvNKGFrVjigEJmzpDuVLsdvaMHKDYeR3Tf3Q0mArXAeMlOpKISz/KRVWgwwFJkZGVEtwms5rJJmVj/WnFkTYTHLtWY7rDUH6N6bN3OHVctQib3c/S7FqTgqCe73SxJzzNKT7zGz7CsSrWcgazaRaKZyh9LqPC+mzlhi8qDddUS4D0ULmlnxhiV09//nv/+/69tlvWIz/e65VZGKxaeXlIKkqpWNXMUW4PJ63iOMuVDM9etrEm9WDzerFrt0h60dpKCSoCFXbOyC1b06J2EiVRrIVIiqjDXybgLQFFAAvFurKH6ztiTcoq3ccaJkatIqYS6UWrpLo4r6YGtb924rRKi5VTIuHF6ZI6AVBI6K/V8C+YWZlwuzhuruDppba9Yrw97MF9yiEnZQ5TtY36W31slqRzRD5YeiAhxXWipXJwtIN2exNO71oBewalbte0lqlimn7lreFyfWy6iKAnXes/ZzfRrLXV0xCIg1eNBtkWprJ6DBq2oeOVMxZ65bqQCpgqLMmtd8WnRELUj1xtC8Yo/rKjPzBWajOimNWICNwEyEphSCgFhMmUDIl6c5heIIcolTIQGzXE0rQVCZjOqOqIZDLHapXArKeidSqsJkLcZz7RlWWVpIKYptwxgxAvDt+XX/r3/48vNfr2Pn5TJUwfopo7l1qpzKNUZbbxtICCGmcs6dAOlSzLmD4rrGUEJ0IYww8xEjc9bob2RotWsUF7COP1pbuL113yofFsrQBFSRSc2MkOaqufib4hXo7igUIhJQpePXTlfoahURPL4//d2/fPcv/+7j948PvVlrG9n32FNJI+HNertv/lKrHjmy0RrZQxYxlNk2d+PxcHh49673vh03czueD6fzOWa+vLx9/fKqsP2aY+xzTpWV7y7kJGGge9WpmBYEWWIyu4t/6k++vKpm5q3VluNOluHHSsRaj1E9GQtbLwj2cDw9nN9t2xYx9n0X0FqHMeaI6rxPuXmEtkPrre/7LRQOa617b61t/XBMJik3du99O0jovb1/fAB4PJw/ffye2WaOrffz6X3EuO6XiFHAVmZsrR0Ph59+/fD73/f3T14JtmBKI+cglcyYQbl7H7fp3tystUMzP/SD5jTz0+E0ZwDorR9bU47Pv7y13v7P/+5fZoxta63315croRFTyN6buSnl1WtiVcFjpG+ncz+c7kOn18yqOtX/1pc359j3sSujzhCW5DCViTIvFEOrJd2/Fyyuw81nzOKczVisetV3FFYdc1QSX+Eb9eU3d4CRs/e+9eOcc+w3FELk1ts2Z17e3r788uXLLz/frhcynz8/v75emvfem4Sc0Z377Trnfjwc99t+ubyMmCQjBGRrbTsdwXx9fpFK1TJKSFio/5opC77zfjget9YSkKIZnE5g5Jgxqt8m5hCIZMwpZmvde4dTmTGjcj+L1lqICQv6KJ6Nhcq1rXtzAVk+Sm/udeamcTkmouLItAAwrIt6bWX1Iiz0tIZZEuunrm+pvGig0LwrVKd5Kt39sG24/5ahKbFtvW/HrR/eXl9ul7eZ6dZnakQ2P5wfPs7Mn3/589eXF2v29PS+9z5n7vtFim40U8R89/HD//g//Ot/8/sffvzOj9vF7Eakc2H55tYLU2IrSqGsq3NGxpxLRwCUVCtr/jdmYa7F6C9Er3gQd/MCwrEcmTQu0L9UgZXXzwbQ6agUIAGksaGmINa6DbKyNdMqYv9+47u7wcxb88ZE90ZzFHZFmXtF0ygDZln0tSkjrLWaJ42+9eN2fDi0c/Nj60djM+/etsL+cmmFAo7KUiPN4CAj55JTI6t2yb0XCUpqJT9qpuaCnmpmiqy4BUiGVjKBukndTQAU7qVuYK1Ja2BcQGC9pwrNzNkK3QNY0dXlORWkSSAUXHKBOu5LnaqIqXqGmZFjxl4+TlCQDCs511nhdtza5tacbUFY9FQU8V4IbHHErPSru/xXa5apn8zdq9GhUgHJOroizcy0hvrNm5s5vHk398iAkWZciXyoAwHUjFG+Srot52wq5gzFzPXTsdROgUQE5ipFpgOryFS1L6EYQlA0h2JWV1JNolGqCaz63TsgEK3kDaiAtgpqZH2gIhu9prx6Msp1VCwJvLWFOGqJ2rhiSUQ6ENQ32Axe9y6xggZ5V9sqy7aUy4mXlqqQINLM2sxpKDuTVSvPIkCRkrIikI3Qyp1Spnmn2WKWcM/RX/PAfYdRSirq3gjlAAAgAElEQVQ4d+nGJWDdH/ZtfrKtzA4EE56YQtxtFqhDIiO9NZYqIjOXEgN0ryVncyda5SbWHxJgM08yY6aCUnMWWFYSDAdV64vq5ElVjOYyQK+CW8hmTGuVUrx2PHzTTjESAxVEINnfmADRS8phhq0Ss/g3VsNAFFuktR2xKhITdFuCCpJ0hHLlxNLmiOWoVhrcms+oCrlSYtSLtBx6FAnHus7N6FL1PeeiWEnvNc0mK5JOSXJizBgFpKeiLHAkDSW19woyAEsJVWlVdXc1qpjCKt9F4r/xM6RmRNqsUykVRJlM1xcgm8UOKxMNlZYmyc2pSGjeL8axD0s7HA5m6WwyYBbve1ccYRY079VcuIKgpJxWDR/1JrurysklFr2mKlSMrW+sk64gwLoRrBRqWqckxOoUixA0M8p1UCIBrsghwph7ptIFc685uY7tUM6Yxor8XzpAsawgSk1RZnZ+bN99PD49HLbNzSOxq0ZEd0qIK3gkbZmwXKJlljyxS90it7aVJPG4bREua4S9fn6eOV9e3+bw16+Xn//89foWY9d+3e/rcynASqvrRJV4YSKCouDmLAVXxRiEYCLMARoWHb/4eK5tnEXQS1GnVLV3swomkct6A6K3LUvqalDOZo8PH55++fzny/XNb7b14z52lx62h9PhCFNDG2PPxLvzx9Px6XA6jH1e9xdk4S5xu77dro8PD4e//vmP17dLJRRu1iLGoifhhJS3Mcegzt99+PCuH48CgpJbaVVvgDZumFOxE63BDocDJQCau3tunYYDQJh1933uMpzP7dfbxy9f4vU2nr/8cjr4r3/9u//5f/0/3r+3j9997//I15erd397uyas03jD9TKnMkZ0rybCvM2xtYZqW9Mik6vOZs5bjFF0q7ujPDlzabKgddpRi/GG16lR+XEg6kM2ZVHLXFIMLikTU96cxlVQNYdS1ry83Y3WvKkI29YA9uNha63WBm/m0OGwPT09vLy+6Banc2/OiB0KIy6vr6Kat9a3PS+Ru4nn8/vdR5ELc067FxrSfM1cxm07oHARmDndW23RgQxNKRVsXhvQHCMottZK+du6k+369jqE7dCACp9oc+41sCtBx5pj1rxlvW/UygELJYy99bsaZ9HCmcEFY5G4pxMkIHkzyrJIQyVNtKaIRJpM9+oPgBkSc47pZgLnDHqTAmlrSHbfY2bw4fiQc/fDxraR9vL8OfZL89b7A63f4laJuwLRSOutkXO/vn5++NUPHz99//qlHQ/W7f3l+jzmeP/x/elkbXuzlrfxnLw0pJnF3Nma85AxSUXOnMPMYJj7TI06xkNuvjTZbs1IRRg7KRb5guVmtoq39MU/RwZwL5CtMbEgjTKnLT0WlZSvYZoqj2bLHPesQVIWE9YoyVsz84qjXyBtBm1LCpoGh3vOzBjLIaPKyzKjdyMOTeuqJJI0X1CYO5tTjjvJAMAYul3dG3QYsSey960gsBgjkZXpSrSMpFQhg0zB2cTbrEiagdJB0LKasko8alkW9RC33inGnW2PxGE7uPWsaMuFZqK5pzJzuluGK6Mt3lVm5bYcB3cImdPNRtyaN4CltakgdVWIw5iKmTEryxnIzgZlIkFvKwAi3Boqi1rmvmER9xY5p5YgGTBvlhORI2NkzhnZmrsh0us7ouBucwbE1rwuj6Tf9Q81JEEBNISivoh1JavIvZWzWI0KBNPEkKQYM2IAWR5cGJjp7MaeyBH7Wm+j9LuiZqWIqkWzTpUnOJVzxE1S5DAGrNUYALpxgrG4Hql5a5rKqggnJGoZONYwkZpcUvz6eujuIZixqgHoBWFqSbErNXYlTgKkyqvpgmRewLJWMBfTjZITiNQCfVldvChZGLA0o8Jq+gCiLEeV31idJksItiRphebXWsoV/l2K7toSkiQcFgaHV3YKvbk1Zzc44M4Gtoo9M6fc59xH3oohqdybem0r5gVSwScoj+adzTBuZSAzeKnHSmVVavLU1Joyin9AIVxZAaiEuE6I8q8RGdVSHFUkQEtrnMoyi+XyCSjBbN0iorndpTJIQFRkuveVlbG0yVTFQlSETkFwhoxV1QygN5q1UtoDpgxf/6RUQ14vgrGXmeRe5Qs0q+Z0mq24fYBC927ejKgFIBlAaIV+092ljBmEr6+NkZqLuk6RqerXqN7olDiNvk5eLOSGIpJuvuALUMTMMLIiGSREqQRW8WuU2lIS3TIjMi3h1llG7XDUimGdAGGRAumOFjgeDufz2XCdSjQjmBklZ5o5QyNBJ4oWFFTLW8ZeXg5FpvZUtcjhrtrC3GeMWeKyevvNzd1nsbq4c+/F2lWmmCajRPyQzVJiZhmCVSWOxgSMDCOsXqCysBSE6jTYSsHC3dJeywxCFPuhf/rV4/efzu8eDuaYCpt73w6bN5hQqBdnyEMlDF7FfxlViR6UN7K1HpEQfTvcbvuct623y2WMPS9v8/XrnsM1JsWHhwfzGbLrHMJc+YYJdzKVUQBpGOjWTAhNLlCnXABLP3KXTER58ZFRM5ZZAwskJVsqRMOd5E0jYs45b8fj6XA8Xm9bzpGK1u38+Hjd325jjIjX169puL5ccSpHhazxcDjv87ZfLwK2bfv07uPnLzbnDaJPzsivX1/m1ITGHA+PH86np5gzNIA0djc/9Dbn6z52oR03fv9dezgaEXcipGaTiBnfQFkYz9tx7PMumMnA9EObCVhFR0OKtrl3PH7gf/nL7fTwEMIYt3ePh9/8s3fJw89fv8BPD4+nd9fzn//wS2S2foL2y2VHS1oqRswwa1LknAZ672DGkCQkIsIEmqspBcS0CqWkzGzGpO7x9uT/n6k/XbIsSY40QWYR1XNt8y0iNwCFql5n5iHmZYbmcecFhnqqC9VVaGyZGYu7m9m9R0WE54foDTRABEIGRbqb3XuOqizMH9twsFFLhoYJqNtXK6Eq3b27/p7UVDb7SJXtvdqFvoSlRYKyyIz4Tqnn4izlWRFLgA+7rXMel9e365hPn788ruvr+/vXypAqbsvMzHlcJhqAZj4wCM4xANEHgAKOOTqGyHxC1dtEiTC7HNbPX3VmeK5ColTSmWvvQil0+hIRZxBy9/lw3N6u5/UG7F/cDNkXXcvfmgQw6D6N3ulmmc0v7nWctVg59xm6VT1V5Q6xrJXNEVmqqP5hdjZndTQrrFq13FdLE6ILvTumtyZoHFYhlbEqVpqFICOKNebl+fnDw9Pj+/dv63YdY/i8zPlAP3wdMo7xMOecl8uHy9Of/vAfL5fL9f31n//xv71+/cUslSdcr99f39+/P334YMzD5UPHnNCquJlBqVpnC0lVGbmEXIXIWHk2Dd3NnA60xMrdBtHME0zMqNa6mJTc+++qCprDmgnMzOhlSMtcbJM2eo6AVuenpEyzJqxV2WjNJNlCB/g4pBrubQFtDIY5pYzCHDOrZLzvenr8uauhgtugU2JHW0hCZdGxoh4e3OfhtErNabVl3UayWhxWRtjwGbkAoBJFH9OhWFeAFKaNVpR4u+caS6sSS5kolRsrxcrCdCqrGD2vBxXtIBSkkyrz2XPRMQ5nT8qRvtcSZrYijIQ3IBdVmVGyYloih1nHsEqIWiiY2z2xqlIBa+R05w+aQYrkMLLVMl2EuXOaeY9T2yNKcsfxkH11VCHQY/eVtYq1lKlgNTZrLyyy39GemW6NVkNKkLWyartuB01UCkwYq7Zb6f+6QLMOQu2TSyHprLxXIK3A9cZZmpmBWZZVwxwyFWgRS+U2zHrYWsqB1VcVWFkhZSpRWzRBsqTMM6vdQTZ2ldobiJaPYtfRrTNveV9VUdX6tXZsNABmZ4EqNvCniQQSaNO9erQzWoKUZVTLTCJVZT5aLdJj72zukI0eR/fYuJe9veavTqVujbMgZc902jW/5YmyPp7chrbOuuPf2zVVW9lBI0wl7kq318ruPYFVL00nYeAAlUIxxpiKriExnUBH21vdNeiNSNxe0gKtW3eaaD77yG4pRA9pwOmoRBgc93SF3jbdzccFwbnjjjNLiv44qgqcJFPLNMyU7RHotUSf4NqJGGg0LAmNVrx1p1QFdCxSL356PbXVoMgtmWA2qZNGdFB4c0aMgjXdpQ0HtZdZlSJ9TuuSrLIGW7jan1UT/rm9B+jVn+/CsoOge7C35S/VzpOqfkK8kJUhUy8nAJHe2lXA2/Ge7awAx7CG2xTuek+zZuX3GZi7LVTE6mw1GvNuWO4PJlWpxR5t0oeHc0hsOQPJ6WNYQzDPrFwZ/R3sl6k/MaVgzTtrNwoSHFuE5oNxZtSJFiDt76jpG6iKquhnBt7gE3c3SdEk29agtdPPXJFMwRKCuW08SvbP0NZD7KJQaNSyg7mJGNgddBvNiRKUMY+ZbaVGyUDnw/Pxw+8ePnx6PI4D7PoizWq4V1XiJAq0qiiwVpWipKg+NOcYvrKu11tkAUfEOuP67e1tLb6d9de/fH1/0y8/vf3y83fnmJc5jcJMwK9uQ5aoDvKszLXA9lFhiCZT7aOUuC/bSfRfbYa9+UIV28sr7oPGjBCagtv1lXeOwlanqyLnmA+Xp+/2NbEy83Z9zfz08eOnyIgzKvT97e3p+bidt+vtPbIMy92OcQnV67ev58NxGZcPTx+/Xb95wefL2/l+xu38+i7pdnke8/L88mCTgbXOEJClFN3mMS8Pl/nygS8vOTz7BAR6keWRadYasO6LMZ2alpHmVlFZ2Qg+kJc5vcdNeV7X7YfPj8E8LuM4Ll9/+aa8/fFPnxbGh39+ur799Onzl7j5t68jFnK1qKWFnTzP28OR5qYsEj5cJ0NcubxIcnDa/O39at2kZ8rMgRrDs8oaFpvJJlz23NTI6odwS7PMjU6oUb1qXHNb4gljYRuXCg1ZJsyGZ+ZwnzZIhrRWDtPj06PI23kz8dOnz8fDM1R//td/vl6/t1BknUvEnFOK2+3WB/hxeXg8nlrrP8Z4+vD54fHx9evPWZlZKc1hZl610/uG2xgDxqqaZmaGypXltBLOuEFyG+YmVlQyW8sYJfgwOuKWvZJea/WZ0LFGPdMXkVmNN1m1YHp4eHDOJg6XyoyJTe2kG1SRUXdgyj2QEW5Wdynq/R5SqRpY171Mm4LrLmIw63WrmbMTk2hFd5qPOU1+u93er6+0Ya9Yt9eMpE+fjwHEeZIJjOGHzynD7bwOn6H6+Pgc0sj66y8/e9xePh5509vrm83x5dOH3//w9PLhSnvLOo0SlGhNb1RF9z+rFqCVa2NVN+Zgg1DMjOVVcIMPz0wBvSwFQHNVRqwxvKq3BIITWVWRqZaxAC2mYEmqIE2ldulufUHXHNmpOAS69mFCAHw0awDZ+W2t9JcilnsSE/AVsg6y7fhRbEWo+8zKrVt0rFrag1F3On1CrGqCrnxYrJURUlZlSMNd6/SijcsZJ9OMA+6UmbOisI0P92KjyqgekdA6Xy/bZUKbTVKKPBs8HbHmmKXMTDeYPCoPT3LLao3DYBkrM+Bc6zzmSFVmdtWnipIcVhUJz4pV4WaUm4ydbgYlUFIfaK0zzkwOpyEqzFnKqqUaj8cDOXsb3GLjNhsgKyQZChZx0lCo6/U6p6XyjMgKE3JLFAPlc1jeZREtmB9zRtwqi6KZV0Y3V65RVR2VU1E0I2fbSJqU0uq83maDJtXK7KlulobN6aNUhLNfvEnxEpWNYQhdPXdAJW1qAim3Ct0c7sMj18rlfZf1XiUlFd0qo6qcGhz+//5//T9B0lxob0oHMdO4LQa8WxzcnZSyeyFTdRQq1NZvbDV8I669bZ0tAwe5a4o2j9/RLr3523/D/gdNbyAb1WUw7VSSrmDMhcrqgRa8MVSg+154AW7m+0+wu9TpLurSlox0zOeeqHun7fY9Rbr58OE2RsP13fZvBtvu3v3rwM3bDtBaMW7F07a1URw2aMNtmI0uoHfVeZfpNIgT2165rRp3X8HWI2xRsrA5zUR2Rjm978VuY8z2EYPfOkx0/kkf1jK07q2byf3rC3WPPN5YvbtIqsf6uMunGyrCPkm7D9ymidz9GDZHPjengCRZFQLM28ZSW0S/95btBqTtUrRRLpuL3D0ZsCVA6jYQttOzoOws2G1e7v5hC7jMSHPdZWQ9S2z5prbBiN1l1WbAZVWlKlS9ANG9bO/dRkmVKVSvStXo2P1Zs1FRxPBxWSt++vr23/7p27/++e22cH1f2piO3r7A0Okt3tMZ29dy74uyg8P6h3RrxkK3scFdtTvu8lBVCNWVE4GdyQDrTklVZmyRno2BHabWHonOoOlIT/S2Yd9AXTe6VUUrXmw3g2pkppn5cCMKAdMPf3r5n/8fX/72Tx++fHh0SQxzDrNBl6K0Ukm6j5nbwNC80TY4WiRWxlqxllbg6/fXP//116+/vn379v6Xf/31p59f317P6/tZVcfDHNMfHi+put3W9ZbKPd+x/fD0GkRoay+YWJ1SQrW3dNujoNoPH7ZFfZBbbHnfwAGd5N1vlk0/esEFkKL5GGMCqop2s0qa87gcD5lVEcNHisdxzDmr1KPArHIf9BFxAslAVqaWm3/59EeYR8Uc9uAHJDppfrkcoM4IqM647uPR7OPL83/4D4//4e/nhw/jaBhSzwT6hjOvLHaH6ARCiMh0n76jiOVzjuGVRbiBPseK9fh4+c//8M9fPjx9en54erpU1eXB396+/+Wnt3l5eH50ZxhtjON6i2+vt1iBLcLxy/HQF4yZV9UxDqiyVkvausrsxJD+nBMbM1vKjGT3MX2KgpXZ1knuN5yFovc5DW/SotS7WZt+vw4cUKzOV6Eb27OuBlPCzf221u28gTzmlJlSczx9+PD5h9//cd1uf/nzP33/9mucyxy393cBblbVkdt7tkKYuyeyKg3jcnmMzPP21p5gAhu0ZSZgHsNtVKkFwp3XsdaZFcoqZVRWNpOggVHyMSiuMzJOQZVi48vQLXZ7gftEBY0+hts45jGPIeo4Lodf3FyKjKgMCGO0mgL7F2lahFkrWXoKYOyh4H4ttkRo447hbnDfnvj9DtPMW4bhPilGBgePywPNMqISx7x0E7LON1U9Pr58/PI7M1/rzMymA6HYyIDhHmeau7sdl6cx55jTHW+v3x+fDhDzmP/T//Cn//v/8OnTM8DvqrfUTaiqLMVwN/es6LjWUkpRm461fWWw6mSVvWhvrQ5Ft85DiJXV2ncjdqGGJCBkf1P3qRl71sL78lmpHvgYs9Dqjl4jd7kpoUEn7u0G2XQEaAfuSqCZDZf2111ZPc/p1wQQSVX0M/EbolQwN855XOaL2UFYP3INe8hcUWvF9TyvIKTs7F/ryCCjFET2tbo5jX2esIscljLz7OUc5WbcqaY+nY1JRDt3u8BLxcoTJuvlrs0+mds6LDUJT6AiTlhFnW3Yi0wz2v6yrEoro6CoFXl259baAbCDcnD2ZrzupzDZ9NJSZIWo4e4wgJvp4odxbsUVjLTM6KVxKarDd5SRLWW/T+1oe0Lds+oeYvQaoeR79V5V2SoGI/ZvbU2T259p9f8o1f0LAG05DtDLgZ489u7OjXOOMcbBdg6Sdg+qilxqBcP+kRzbURHqOrcJItjpBFs02DkBFaFlINxG7WFz05usd2KtP6GZRN1/7BZwmA/CKjsiV6i+kyhRyNra7t3lmFuprIdFQFWudePgPnVywbyLzR4oU95LGYqwO+nZW7UC3r833kUnaP/BpppqJ1btehNOK/YaTXs82XMykRwFsMResPUXpQQdNJlne6t3mLy24z179CqpszWqqszHoEfz0d3Z25KeboMtbCQdNKOjE8PahqBtMelTQMDmNXSwc+8W99OO+8scd+gwzZAh9Fuhiiozqqu7HqZrs1Yzw4ju61jVf+Z2TtITKCxsYa3Q+JQ9srhLtbgvYsC3hH9vJ/q+ptCUXECgo4ey6tq283RB7jkrd4DF3asqRJ/Jva9s19F2qrF8uKAWegwie16FIu+XYmdL966d+1D/rZuVKiXvVrQHGNmtwWgDk0RwlFavF3YbmjtwulBuTsFtisk7RIp+9DHDAeEg2XfPba3bLc5Ve1xmu/RXNadlklvW3O+bm1WUmFGRtVRZG9JXe5lWwlZOWyUylyrHPARIlf1EO1VMrSqYs2CVq2Mp2kHNzt+oVLumNi2GFTla3d4fmKGy26TsaU3Prqy91GrzZI8VVcAY9uGH4+Ony8NlUIKb++EGtClZKDjMRWvQiNOrULWqAmUV8X4732/XtaLKK+ftdrudZyUzatU6Ln55GvNhOn24r0pzs2lv73HMPG+5hR+qjMAuICEZYWWJFGh9X7WerncZ9ZshaKti2KPixlf5fqK9Y2lbj0gAXfK0xHGt2+39crl8eP5g4PX6XtJ53iC+vb3erteX54+fPrycsZ4eXy6Xh69ff72dt8w8123gwW3cru9aXzsDZM5j4tf59PzyYk/HnGbfXr8SRSRtDM7hyjyNVsrrWsfwx6eHj18uj882hpXSYKBWrZLImeXjmBWoagWq3OS2Qup9spBuzIyI0zjdbLg9Pz/Guv345eHXr9///m9+GJPPT+Nc+ePn5z/+cf3jP//6w+eHz5+//PLz+3/5h79e1/Hw/RJRAB4fLrBLZiT25m0fDsCwiVJoRWVLbOfoU7zaXrZWZFYzJDKyKt28JW1mLAktTXYz+CbuZlYsw4YLkqysRqZ20UIDW13B1mFIkcNnO7UcxcHHy9MYBrgdD3//9//j5eHyX/73/+31+08DNce4VVCc84g4ewIaEfM4un+syMUo1PQ5bGacZ56VOY9RVTAfZu0q6TmGiJ2Vy1orcp0rVmaY7swjoSp3ZZ+klsE7vy5W7nsAbI+KeubcNDprsf1wn25stoi7Z1XWWauFst5r5B7T2bD+e2yjxgpsSEYfsqwqOrZZrigi2wyF3Zhxr6mBsrvitj/tHkGUWSd+1HAbw+M8c92Gu4/p4wDsvL3HOsc8ei5G6+XhGnx8/PB5mGesy2V8evxwvb39+tM1Y7y/vpc4hhvC8D4sQrHiVlhElYKgkEMOybzOtSLXnaBQdFOqMpmww6vkPccBSCulMhuMJpSytnMQkHDfNvUQKCpLNNohQrROeDCBlJEtbqyu6FGSnJad89SzJNBFH2MPE8BSADCzSmUt1uYMNY8O8CErg+CRq78wdKSjifCIBTPjACybDgdkLRSFrmfX0rqebytucw4z76Terq12x91oCmNl3vuHAIuGzDSa+WxPT2pPr7uMsTmGWVu6kEDTeGgdcNk8YriMUASGSla9UnKvzNIqZMRNxOQcPvYt3WnEMKLzI/prXEE7nJmgWUpVEcpCx/EGiYouY9VAMO/OLeVutImy2h4ukiZp1VqxWmoSK7F1Q+XuSlaWYdJV0p0dgrEZ2LtNzs7SIYCKPAPpNkooBTARAcIwnGSlqrVGUQhAzpFVkdX7RuPoZK0moBA+fRJy0ueBiFJOH31fp3VsazVqoJGWmYTlYkDHMFKIDOleqFMAU60yQFFe2UhK7IeRVHcMbNN5CXLzXYN2W2jcchc0jLbAo99/laBys1I1TorqAr99o0blduLSdoQYfssfgTr0GPdBHgmrViLtEXXjpIHh3pkeVarR3QS35ZuNs2l51m7z2l4gY2X1fgC7dPQWBPftrmxPFdsmnVWkVfXPUCoY2MuI4a7KKroNCO7+25dhbj1Idxsd2kU4YCzuyJY+EZpxuc3H6pJ9L2BVlcu9MRcGdYQnOmZPjTCSMsttqAQT+ulSoRJoqzHB7io2UUslDqCFffsDah1XoZhbnG3gaEF/21O6y2MDJjgai95VcibIoo3M7IlK9GHBrn2tFETJS+qGuGqHu5GUaQPROkAe5gYZp3Uzw62B5z4LRteRYp/Q0W/gtgD3V84tyAMNm0CqFlZlVt/LLqvuDltIL5Nl95x9X4P9dTMT1iTUnuoZs3qxkICZLEujaeLm4qDNXLesSNxFMrXPcAJCeQsDaM3iqwgCZSM2lFLdodNQq4RCMiO5Nf/KzuUrsTc26vHMbDAZW/sAdsKGdUeZBfjWMbuhigLdKqsJgu3MB5qvSvWKUBsMuCeOqiwNt2SLrrkZpO7PHx9+/6fPX758GMcobxhOCAC9erOB0WuFnoK3VXvFtUrDHkCNgdHRzAENFcaPx+cIXN9vfhn+8IAOznWvqHWL19e3ta7D4SZiz00NcvMSlJK5UEvZmVS2t2gqVtU2PhtHpTotwTuc0q2/g+1oammDWeap3oIMM7OCd/hhxHlbt5eXl8eXF0m386oV5+1dfbirrtfr84eXi13o9uH54xzHL7/+8vb2LTI+fHhc6X2dZK4SyPr27Zej1odPn55fvrjhPdfb+5uft0vcYMNZPgYSa71Pt+fHxz/+4eOf/ubl6aV7P61YPrgNqcrhc/iDIRUOiCwnfUpRRs9CVmQE22TUCOaSY/hh//N/+vv/9o9/MXfa+PDh09dff/7ydDH82+v31//lP/0vf/jT53/4h38U1vPz8+V4+cd//Mt5O8e0KlTpcjz4eLietzEOo8+RVRlnFErMzDTYGAeoXAGjMpXLrQ1CBcLHnYJAKygzegVaa4k6xuxxj+5zkX5toNYXak+wSKCT3ZN7lo3pBiryRtrhR2XIj09ffvenv/37iNt/+z/+f99+/TcT0mCDj/5we38FOeY8bzcS45g0Ox4f13kVQoiMBR/ieb3dAPicAOkwGzRPZECX8ehjFhPSuU7uThSVmVG0+5Tn3oCn6hgTwh1rWywVAQdT92U6+/Q2t+NyoQ0bcxxzR3p3g67IiNbypaIKLPTR0Uu8huobwQFUXwRF9C1QLv9tU10q67q+Op8RsJ0hI/UUlu4SkoAPO+ah1n/E6WYRZ4sVj8vz88ungKDIWMc85nHQHPTMsjHmfCLHWue5fvn+7VejxYeP3759/fmvf6m8PT89/P5Pf/jTn3740x9ezOvMt6yoKjBBNB4aFQJqZ9yaSboAACAASURBVLNGVUJZAKjK1Symynv3giqkUoZRmZlZULS1E1BxNimR6qFmAxQB0YpA7VioFhVVA+8MrIQ2Z05VpaQfTkEVXWGPMdk5dD2PBNj+2WoBjK8ME6F0b65uJcgkNgiwsOs1y+xw8VTT9GQoK1VkTD/M0FScrFhxjbhWRZzpYzpxZiTKp0WL+czXOn0MdYJ7l3yQE6ozEYSTI1Tl2fNNekdCuGhqQ90WCHnGAkTV7A183WMnsgRvB5wiKoNWzAWlgaU8fFZKlMOizhYijBbSo0hmnltLtBqBUwAKVoXIMmbHiQDoQsPkxmE2IK5Mp1cmmRvt2hwh5FlLlTtugB2KWkbZODJDPQeW1M1Zi5Arm8pXVZXRuCMzsxSFijyxpveig4YqTHJA20JTUCkWUtmWTrMC5JIdfpgTwGVOMzP4XsPNfipGd0foeWBGkVqyLiJppTSRFsrGQCZoWWHowIQetG7LWItebGtvMEpJimViU0F/SxtR564Dlhm9XG3ljxFAprwVUW1bNZi8txvl7m5NbYJkvjnFgsFkquw5N92sWFXDPFOpBNVj/96htN6xLSiw9iVhD6R7viijN5FmG8gKIkbLvNGLmAa5bC3+luJoG8pGDw+5ZUNloBQCvZqiwzQzmdgsvNlfzP1cgNoYncUNoutIvz1VdvNSQoChVqL/C+iu2oZbb8dbztBMs6pKJWDV5O2uZHbz1Z2A1cbW976lpSGJJfNhZtD+tHsqjozteujtbX8InISaitIZFllSz8klNH5nL0PK4OYWa3EjX62ZjkZWLruDEagy2pJFRF8MHYM8RysVGmQ0+vzrIo2io630gOq3eCaxWj2VxQ5AgA2qDNXL7+4Uu9rbSwS3yCSBvT41WdGcBmW5OxqIS2ubclVSRlaLBlqlhCwfBkCsYV7UHdBhRhdEVm8kU2EYzgHkHI9mZ/xfM8ZEFYy+u3pyO3HdoEyVO1fdOV7IXgkNn0aLWNkzUTFzQWVjQB2woh74FbaLuaQBUrKSYKgeZHXKxKJNbAo4abanXX3FtTGwvfIESFR6C40MoHL1A8Bcidk9Uc45vvzu5fe/f3l5fNir6GGU//uf61Y7SAGE+xgtaHvgUxUHjtNPWPh4MpsmROi6sjSi+Ha9ftLH26pM2JzHnK+v15/+/IsPX2de36+V4d54BwKDli0Bd/NEZJ53c5GJRZR6PQ1uQ3mr+Wgcpq2HboGcnKbKGr47quroU4JGhpoWaDsyc14On3OMWap1rjkf53GstVZc1znGMb5+vz1cHj5++ixAyHVblWv69GPEOgvrGud53jQK7zqPWc8fHx6en/IL/QEV1/fvr9frMecxLygdYxzDnp7mpy/z40d/vEyz7DM5dZcmCm6bqTfdrN3y1OHTLEki7XbN8zynT+eEqsyrsOIcY/zu84f/73/5p0gbw6T68OHlFrfffX5+PH69zImlv/v97/7D3/7hn/7l9f9z/vczPnz99frt61tEjjGMqMwsOLDTqSFYuvsYH04uKFun1qQRqMbwKkWdBPfUsG+HkpOX45LZrzwHjehZwB6LtF/PCIljNGKuva5bORmVw8zoFRGZtc4qjctDrGtEfZov43j+h//9P1+///U8zyw+f/oQcX1//ZYrzOx2nj57lkGjnbGe/INfXpZfp/P7a3Vwe1YCRpcT3sxvNgvIL8dlmvemP8/bed5KUSuRSbW4oFep2vFtkiRjUd5ZJTQjimZ0JbKh8Nxxwt1PHb0CpTEUiJRhxQnBaKnonTIacAOBHHNIFhnsuAhpG+RFVbMa2jVXxMZmth0JZCPZ9kZsGxkNsi0bTdSSX1roMmAYx0R4KcfxABgqXt/f3AhzFUoVdS3xcX58fv7sc0I2LheI379+P445HA9Pl/Omh8fHT58+/u0ff/j8nOf5rfRV/DoY013Zp3cnEkTkEoQ9N+ycYDaZ1+E7B4GqXF2u3K43Wg9+Kyp6jTRGi5xl5iLceu+XmdmrLTNVZYgczl1asKt+UdXkeA42c6nDyBUoO45LRxVVD9PVsBFfEYVCocQ5RqHaTwt6R13FisrYY1+gJ4Bs961VJqfRhqfKoSpZM/KRK2+39R55k1TFqCArc5kxT/UvArTVrmTeWoqW6cIw7GAweouPRCs12HZqZC56DbdUuntVuZssqsrByiDnNiACLSIBqtPx3K3gK9UTVRQJzjkiVkFjjEq6UUYJCetZzoqT5qXGMgnQtAlaWnR5YIWNVqW11tXMU0KmzUZaV1rzYAhkd8tboiPRRmtinQ6TqoEZm7xpPjYjw7wl1mZO3XfJPZOsStZ5O0enbbtbNhit3GYPpQVEr0hUqXSzrKTceYzpQA0bHbA150EoMqzol2cgWURsx82w44yIClcT/ByCvN/NvKvIt3Y3K7NamI+2xBswxhg9Y24BYFVR2fYUWe4NJSQoK41ym60arqpWArZN2+gN9ujV7bDRF/9wk4pwIA39lrZpBmaWhHtvaimau0tB11baGzZ2zFyVXVt3uWNdzrcmfA99jYKh3SvcuCGoz6wOijG6GnKG31zOXa734NTAKpRXg0ETAGXt+r7vN2mYoa3r2sF4LHOus3sSIsXpXXUTzYGpkMxMLFRPoBMdYQEzikW2lRn9H7gTQARYlUr76O9eimhRtnifcIeEjNR94NxJXbSBbbNlCz6lZLsRxP3jCoANP3agbyv0aK1PuE/QepTGe54YSmlACW2caGBtc58IOF0qh9kc6guyNi2qda6SCkFQ1ZEoHXOyB3pAZSw3gxlCdGtNFJ1YcDOWb226mQrW4iIU3ap/qNa4s7WtEMx6I7v14EA/wgB7IaDqnm3/SOZ2uO8/BMKWta0slODYK3EU2sdDVa22NCgxYKo6V0KEstUxBq8dHuahZmBZS9fZ6/neGKDc78th9F5HVVW1UFXKYYM7AeNuLM7qcRGFiJVonJP7XT3gnU4u/aZP88Em/KvjfkvJ3At9VUs/BegOG83KOSbFgjpo4+Fx/v4PLz9+uhyUCy4pTlE+vInNDhPLYcbhnL0WcJVxNOLAAB8D5e6XBnsdEd/fbg6C43o7jTijbPRK6Qbq7XWdtzJgXjwSt2U9TkGrFUl0RkxHJdKgHQzch0NbX1vi2EYma91bewm8/VJFt+kTnUQfa7Ncul2nAZU7GEhS4z1MJb/Ml5fPoM5z5bpd398ufITw/e0bzW3w6eX5TV8rVlZG1bRhmJeBW55Zp2ogluKay3735ZP9+If36/t5fVfRzec4hueKHM6Xp4eXj3p6lBn3ZIDMUCsAdxIibJhJNbqLVibSjBIMGGgB22k+9linYDZUdNbzHH/56dc//PDh8eHh5cPHX3796e/+eP6XH7/64MPjZc7Lh4/P37/99+en/F//x9/99Zfbf/2vfz5PSKTX+9sJsDLPWvvip40xlGZcLYIyoW+1XGqWhxo5V01MynbsRFbVag8rGrObJZW4l6z39YW199aHg7Qxaq8FcYz2C4O0qujCzgGO8en3v/v7v/+P//Yv/3p7++uc8/Lw/H5b7+/XON/WuXoGMI+ZEW3sM+fD8fB+fYdwuUypnCMViuxwXfSQZ7qRtqn7w4CVZ+TZUxUfvt6vsVbTSTJ6tFb93EIwWbMWd6qWUSokOtHWyGrdP33M6WMM92FeUqwTyi06FQhFtoBEAAZJMnMrmEublIWSD/cJyvp2Qa09BNsrxsZ+dGNZ0j48i9ZUox5DDJ+91ncbWYGz07Ls8eHx8vD49n4b9Mz1+v2XeTw8Xp7drQXjl+P5ZT4V6ceTHY+Xebk8P//w+7+V8qd/+9eff/rZXGZ4fH56eP7w+n67vn71H47LxWwYRK3c4TAwt41ysfYrEkG4OclMzTlRImv2EglYsXqXUioF2rgp9aSMkFVFJwvX9nqZs3XpIWidy8fs2JvhEOy3SVvzmg3bVtdnUUWNoyeGBTiodsfRekqcNKIYkQQzZT5UlQgSqoAxFJkn2hUASJZVvety2pidAdXrGStUZvuzERlZEXmudQ6fAqSFKh8mcNCzGZCmlTFscBgah2mmKiHNQQthbTYje81Fg/VYC1VSmnGYVYX1J0FSUXXLbStpmyWqQjoBhwYK07wkZY7On7eu2ZKbn8JCJWWwyBpjGGdtWyNAm3uqHWbMVEWWiaO1FdtEBxSMxYxYwBDari+Hq1OSlKVUSdwkXLPtgjMD5M1LhVAd63sfGqNimAPWR3pkpXRb116Wr6V5zFlcSsdqe02bMZW24UbKyrX7bsx5GaR567VbvEuZbFweMyOyK7TqTHqVMMxWoR3Pkcdo7aRSW9zc+p9t/JO6DRjm6LINHESfPokmvvfAozMvYalURY8mmjNOoJAZbR7dMyfrekXVpeAeEQCHj2rrGzbIvKe7qqKTTfFppgME0N1VXip6VcNNOlTL7iJuA6qyOq+4RytpHO7m28DkEsygXL0pVp5mLmzod1V2utSdpQajmaxUjQhg3bCSfsinoGFT1Zgcsf9+ycCAzFEl1SoEDfSWSRbY5WlDNrWdC/27d8CskcaqFJNqm177QridF2JEuI9+RpqUt62xXRg2zQgaLUPcS82CVWnHMQCezY2Bjw5sH6QNg9G8Os1i14VUZqmY3QS3u1zaHjG/y5Pag9ZsDbYRtrsgSapE01JaTbOJBRS5D7jNYpKxiQrIFr30hkloj+pGlbYep10ctbUx1lqpXe/tmV+fsj11M++ffBsHO4RR1g8/uhTIintyphlRkTSNjhzv392c+yUAaNqCfTOHYyuutu8FADnMCsG8SXa9vZ/nuxvdB7TmGC1V76loyVyeksDY+Z1Cyg1eDHBPa7t9T1Us+02c2+GKG6PV4+nte91xeYBUyr0HGT6q0gjM0RGALQ5Wa5xkdBFp1tEhxR6Xc6/KUgKyd4Ad39e7zH4FYHx8HD9+Hp+f5/NlPF7ofXyzKEQlCeVG+h4+Kc+9MYLRqgd1xMBol4hU53kKnDsyvpSa8uMyW3t9fS1lvX27rVUfPj08BLOudk1pNWGaOwa+oADl7AHY/b5qHeDWLuteKHSQvN338Owwd3OnmyrFaqUvzFoAaD6qAoqsFbHe318DNebgCSiJenr68H798Pqq97d33vj0/NIauiDfbleflznG2+3tFuta7x8uTwMzq10ier++/vLVLrfrmI/PL0+PT0+RNY9s49wYDo7jmF++PP3wxcZIZhCVFYSPNiaZDXfUMhvuo9NzACgrcsFdyMzF3cmo03WIdGssAg382z/8+K9//uV3n59X3gCZ8TLtw5OPOZ8ux2l6ff1lnd8/vujH3398/PP1l1+/vX7Lx+eXtZ6u71dVRSybvZR268IdoVzKgMroKmVlrEVjKSGFRNJhwy0LtL3IH8Nl8KiVxeFuYxuPeh+TGch2ZRbZmxkVZHAffTFL6vV3y4sKdTmenx6f/ut//t8qr0/Hw3x4GZfj/S9/0Xlj5mj+sKFWkopaXROSdrkckRlx3q7v9zWqu5nPoRbewUKYIOljTJUQisyqkJIlgxsrLCp6YdXlSTs8aysdSrvtcVZv0kKSzNgoJPdJP3x4B8ejkBEtmSxVZPbwW5Xm3gM+gD77du92t0hrsxbNesyJvcNmSxN3GYeOWAmwzIbvgrX7aLkPg/UVkCXrcNXWjM+HMR/e32/X65sR5mMeD/O4jOOozLVCxqG0YcMv5nPdrsi6PD5f31/d8Pg03S5ff/312y/fHp8e5w/z5fnp48vj03NOj6grlKnz/VYtUa5MUWqufBVoc040MKHkbTrfpXOix3TIjGLPvLRl+z0xCbAzgaOVIQ6zicFJnqfcsdNhkSCHDcJ8+NoJ9Wn3VIsmktqc3rlVAMM4NqyvZzc9dkLfqqZ/X0GzDeASKqPOtVQqJHMPnMzcOIysWsDF3FXtQbhBWCr3mZHKrIoVt5Vn1BrjohJViqR5G1xTlbmyqhxuRxGujRqt6DJguB/cQy4Jcju2eFpKajeeBrUrAvsaY54Fyke3ClkRcVYFBNiFm8uRQCZUFBsz1a2G0HP+4aMEz3QeJIePyMwMSp1U1sZo1h4kVkXjw2heEXSCSoQZpg+gIqOplN64GkNkSafEDJHWhFtJDXo0UP8O1ZLbUJXDhh8E5dVEyuq9nqqyMDwVsqaw0Rw0q57Z0kAYvPFbRo8MI7cmsFU0RZHDpzVniYYOVy4YEIL7KCmj3Aer1EZ/ek/rJBltONvn6HTj6Dm1zmoNpQEoDLT40nyQggyjpSal/lOYrd+52zSzwA7MAUgoC6SIyvhtHuM23N0K6O1p/wHugKJO9dNRzSHvgtYMVkRuGQkQHZ6AvXsnCjJ0nA+c2BmGJrDAArNA59zQ/Mbob82kY+89qL3c6P7EuP/4/bYWtpbCjYiTKtDTwLub864OkplYKiWsiH5Jy5x3BccOEurnppREMzwJ3qX81T8YEwUo2z1j7O9l89ZbPLcTt7fIvf+3lc0t/gFh5FqJhhxWwLykcVebQ8i9S4Db6PEEd3ZoCipVoAjE3a2r/pq3AJ73A0lStV4cAKqHVyhQyjma00c0ogcwIDPhArourL6B6t58AFCiBlVrP32NBwbb6dZqIW5qTmm3hNUR0WL14lqUtegre/fXCjbsK1YiO5qkozR/i7RDW1YQSbPps6IZkUPQcFe/AyrBfExSw6qheyTZgCW/OzfM29Q9xzwuF/E7t155qM5CVprbFKo65RpVWszW0blh04jJzbFFpbV4pcLMaaOY3C9nLx66oKXRUXtflHvPZv21klKZOuHOh1Bm2xGLhhezq1718rK7pNq40y0W2worb1pdkkbXx0/j85fj5Wk+XEZXn6KRdo+Va8ax0ZuXttdyHeNgDkmZAORk5ipV2//HmLd1debTwyGbUYDh7e12/X7+5V++vn6/PT49PD6P72/p31rewI0Qq961bKeOVGpcN7dJpJJVyQ2TMhX2PsRAspGLuaRKqhFkcPdt/tpWs5otKcnKyPfXry7MMeI48O6Zea7ry/j4w48/DlPEGZlVqhXrfEPWw+WhzgTNbcJWZlzj+uBPblOVkErr2/evb+83kO+318fnj+6eqlJNs/M8U+vD8+OnL48fPgxjKhM7nabojoQTvc4CsuI3HqjMaK066RQPY6og7H4QDtqKNedxuVz++IdP//aX//r99fXzeIx1JfR4+H/6ux/+8te//M0fPsxhEF+e5v/tf/0bjPlP//LXjHj+MJ9f8PXrlnytdV7m4T5JFSMRVSfu71SXFgXNy0UohGDMaDoiGgwKo2htfOlm1L1xzG0I6xkzzKwkupPWBoj2MamUiuGHtPoK2LdPLHMzw7/9n/+HkeTQ88fvr9fXf/tzrtuwEkvI3BaerFwNYIOUlcysDErzGJFVKadNP3xMKVMdCrlbWLOK7G12rfMa6xw+pk8jdatC9YlG3HWfpHZkZnep+8AfZmmIaLMTJofIlKa7quJMmtxqrRDVQdRdQNqmxzeXDbgvu7Z0x3wnTGLtvFfBzfaTv6FhKVOvj50m9LS1wXwY05vjoD0eMqe1Gn5VtG0uMy/zMi+Hyh4enyv1/n6N2+ljRknXN4FjPkZdn18+Afl+u779eVWeTjw9XswwjsvtFr/8+vU//Icf/+6PHz69vNkonjrPgDEyohYBDB/oMeAwazYJs0DC3SUYOpYowa6QkBWZaWaZmarM6iQiHwPrBhLjoKrljC0ENIPZKJRNq4iezQEsNqqQwz2qQ0KRmaPH7ESpTDX8ABAV7bQslWj7Eq8E0FXynb5IgpGRGWIBtXJlrczs5csYY+jiNklKSVTmgqGypROZiswsZOR5WyewiKEqU3d9qapsc3oD7gx0rtTDcWx8FuA2UiSqnR7KpDnvyoU2PWaVu1cWehZZ1u1sVrbNbEUBRiuKVSszQDpmqYETMrdUmFEFcHTUUivsYWhBzjymWbuAaOZJq8xtfbViERiEGbT7l20Rm1USA2RVJK4SS7FytfFp22rv8geHET1EZvVdSwy3VBHWAnU3Tpu7SdiqRJLm7pVJN1CZS+4gSvIxfMz2ixrdiZZKVTXQsktZNgeZlpTTbbTwQaB7o8Xq7M/ToXV/o83HWBFGM5uVGoalRaFQWU1gMzdzpxIoHuNoeCrd3TlaJtD+a9G0uaF97zVRCLXHryilqgbbrFvcdXUv01CKZgKNFoJTLU8sVU/Ne2LcN1b/E7ZMRqxdanbhosa83NVjW5241cW1t49VUGmnxKqEcAypxWveFmU6nQ6xUKwEeq8KpMxLIp2q7IXyHpwI2PPghEqZ7sMgqDZ1/DebAAqs33T5jceB34ezIkd3YAVVRJgZvcMgoj/SzGwdR20FaL/8ezcU1WC7zG1F7FmwVeQWz1tjYAmJLc5rfpPR6T1Mjkpnb3/uYXVor3PPN1H34MM9HwV/SzXoRUNjEVUqpVF7RFQAkRHcRPl+IEF1Okn28q4h3qnccFB0+DEJ62TWNt40ZdPm5G51izR2nR47agYUQkaTWanM3ZuqpBDUNm7vi/cuC1NlSA7T/n/VrNIVq9cpe5PXiDsbOJBRqGpoNFymDUul2LY57NOqlAUbSIrpNhrwbBzukx1chy6haZhbx+t7DeXmxUoEZYS7GOuatZS5Itx7+tY9krap/Z7GbMToLQ6tkWK153rqaxjmbqM/c+4ntimq5aQ4E1UpszIOCtnyO2PvoyuLytb+knviDxh9uHYH9fL48PnHx09fLi/Pl8vhtjuFlj4lrdd6XeJkylhLAse0e+M63K199NQxLMvcZnfPHE6b4ozSt7f3t/frT3/5/k///af3t/P5ZX748mRut/N9uE/zhNrqlEoQZs6CzFaspoRupQ7uhSMGTJK3c323tg35vqvv6CzF4HDMZImoDeQZcGj16aVc+fb+Po5LZLkNNpxK+vjyUSvf32/nea3Ik3n7+XYco0rIKsOY/qiHq9ThjqEiy9y7FVkV57ly5fXt7ZiXOedtXR98nGtF5eXx8vHLfHhsPa7cLPbIQCBtTKl35tFQpNp7S7mhNTQSwcoVhMwOOFMnMccgmFkxPL98fvz6fv3xy8vtdr1d30D9/vPT//Gvf5FExLnePr8cwHk8zs8fL58/PRwP4/OX5+vNz3XNXAVFRusVq/B/XeqNab2MmWNq+51a0Vu7NaALVPTegD1r9T45e+dLjjkimgOraqz77lY3BfjfibBoy5hzU/bsmAdKYxyff/j9f/xP/+nt7fUf/vf/zAqyaqNKVbmMELKH3CgZ3Y/jXFelxsY5q6giE6pMg9zd3C8PF4i5VqrO872y4nZWhgHKWG2F7zPnN8HjfbYCcPdkdLFY3hCeXvylGmdo7ka3YcPJ8/bWEONcy4ZJJSVp7VbMrDyXu7ehrif3fXS4dbteff86hiQ6ts5KAtuVkZ35UdWM+/pNFXnPn6O7GTltjDnfr9fjYa6oVK5YPhwq0sflET7BWuca5BxOuI0xfAJ1HPPDy8dxvHz53Y/PT48///LzL3/9KaUff/fpj/PL97fb54/PH559ekxPEAPoL8yIM9fGstDYxAjuZ6B7pDFGFVIRtbos6Z+tr9V1hiCRZ1PYIWeZG2K5D1O3QgXJ4OCY82HVqkozR7aPnhQjO9hHMJdEd7fKkpthkwL7x9M9kJRdklZ/Bya/55AUakA949/doeqMM7RKuWJJ6tpNtfIWl/nkrqyQO1KDF8CkyDyrMjK6RI4dubXti4VNyek6VFtVJ3d2RJK5gzKfdYpmJnc/stTiMqs8hqNjCsx7e980KNG1Z5qZqKlh5qtCJcKqokuQwtpxkgS23KV9mzYwwcZoSKoMdULr4HD3klrDKYYA5SnR2cnOZgwQlGw4OM09haqoFKSFAMZZGXmjVcqzJqGlbFKXWNLqYJ6eEA1O+nAA2U25DZ9Oz0xrAUkvzgpjtBgGpYo4x3YE2fRjcFJ+19hWDwd7oF2qLAgBEBquQWuNz+g+Hk2vEEi287dQkoaPREA19h/cdagjsrW7XbEYvQBFC2P6JGZv8wmOLLq1j4cEvEPFaG5H3x+thlcb4jZmYcsB2fJrteFmd7JzTFGqtLt6l4UNESe8rAnu9+g7c26doXpoX2jNM81gorSyuuzkrqsBiMRw7zmfk1Xpg4V082HewFKYQGQWmk/HgrdbtF2S9zuiOYD7dKTQuuzKCNJ7EGVZuxnpzOxCX/b7H2JDh+6Txd0hVKZ2uVzsPU2hh9j9DuwpOPYIs5kyhHXYrfXSIVtB35PsdkUYK1oKU9xbsC7S+/EkuD3GJDstubL9TBDMzLx9B2lmpUW4pNLa23Vr8mbnERBuioawthqyR+oGQlHyziSGofXEKFQDkQgYuN/8LRbaVudWZaNxnyjbuB1gG3O5f9rtYu6NFWU2HCbLKDOXkhzNSWq7bwuR+pcUtbTQWFRQ7Odt9Txa/cSbQTr84jZSQqfhoBnkLRwQmoRU2ZImGQru2+htkcXuYayaki9prVMQaGet6OphdP4Xe+PbKY8EzFzZ2v+14uTWrKeqNseIVmRvjczdVOYGQy8KsJVT6aNNVGG6m4LZ9RXG1kBnYLHM0JdKAYZSNk/c2bqvBjoTqow2CqEjmcmKIgugz/n5dx9/96ePXz6/PD09+HBUoP1AoFn2+MA43IuSmGa8R0CHFNjab0vgsGEd/g4QTVx9cD/A8fX6et7Ov/709Z//6dv1tn73u8ePn18eXl5+/nqrv76t84yIfnvMfBhVNDAEMRJSlnflp7g/z022bQtQZ81VW1PMhrvJkBkZCzSbvvNNdolpPsZ0XwWrVMbtenWbyRWxWm22zlus6+DLHPOYs5ljgK632/X2bkYfbjGfHp9eHj7++u3bur1JWnHSMf0y/MXHWFKA77dr3a4kj+PRyLPOBuFfnvDhI5+fLmNGQYoS78WuEFEN4TrX7TJp9IhzuFW31RE9UsooZXYbbtZLuNFdEo2Sfvzy8E9//fV6vjy6Lpe5NE4COAAAIABJREFU4n2OZJ0///TTl89PY9Tj09Mv3769f/v2p7/5+Hpa5iLHNSAZ4Zn5fruVcJnT5ygFy3aonnOHVAyrVGY6WQmfo/M5e/EZtXxMH5aR4tprWpJZtuvv5i7TVJsDYR1606MXyyxJ+6GoEOk+LnOOeXl8+PhyHB8+vvzL//nff/rLv5239w/PT/TH6/tbZp2r9cRrVxX3CILL5UlZ19trDHOxiS7mA+4qlNHhZp6RNI7h5/UW54p1a/9W7Ve+thgV6n0bCUUbbXBfMNNH/8JmPScUxvC2otiw47iYeft/ShV59mgsIrJtTa425vU8u6qvcdINBbfZ3XDrzt2N5SiUsZCAOvWrB0Is82mZLdTqm1fm3tgScz/GjAgrn3PC7PHlw8Pjw/X9pKlxyI+PTzbnPC6gSXp4elq324qcl8eHy4MPXo7ncXm53taffv/593/4AyG/eKkUr6/f3sjgvFweZpxff319vTzG5eHWEG63AaQnWz5Oc1qLWYs+jYbaWtCqFnlXk7FLFcpQmtozhoytACqi4hw6OHV3TBp2NoiZygCH+fBYqxnu2h8yulyZx7GXMEqyhk0DxzxgrU4oILPUyQC935PgHDaHutcFMkOthN8TstUD0hVnRvStGVXTlJk3XNsPOdXtGFAPkEmLVhFnVvaRCwspQIdSSOfsarVvdKLRjChFH1yQlCI5/IiMbRQRYRQsaisD+oeEjTtIompDGLwKUTXAypt8OqxUJpq8MqHVRQLLhg/KymiY0i4RxpipdS+bSDiq8UwVee0aqiOnxKkt2BQA8zH8UqXIzg2GpM7MUcWqbLNrKiLDzeVaGW4++wih9dzWORqxapQf3o5Smhfo48K77NZYpiJy+mHGVTncYF7Fy3Ecs+81c5iUWeVuvQYhLWs1lEhUxpJvDU7Wgs3Rm3SzyuwwIrFAocrooKcIhNAxFK4qqv3P3SZkMZ0OadokuaLcYftAxTDzfXl3D9E3ZctzcPQcRjvIWGwlRj/sPZVtfh7rLrYR2aLsZLH6lKGiiu0AaCZgRz1q01vM2nspqHbxTAGVsSVx3QZ2h9PekFT0bFJZNYAeJm+DZrUUpMtsSlWAb+o8+mkyUqYKqR2TNGO1joKVipYtVa6+TuBuzupAWXrLY4jOBurGseVJvWPvHUWHJ4xSZLZXuAnqagVK22haUWnw6jEq27i9xWCqbNQMqoEyLPSB5M0nZaGPEZL7zhvW+2O39lptS1Yvcrt/QqdtWv9NBt5NI70f6D6mJxugssVSW1PV3Ys7uCVO7R4ZhAu5NflKim7tnIaNUVJmtOw+JYXc/U5MI+d2+5taSErQWLW7HVBoa2sLj+CjG4YGWI3fwqKlMqoHElW5l+hVJVNPsEqA4NY5LWYY27rR2xR1qlf/lU37AuhjlDrvGKn0XiIVCA6bhEsm2qpcUZXFEsSeSksdFD7pXQFXqSoyM5TRnJ11nh3PDIPRa8cwdMfVsBCwKpUGIx1t6VNVFYxNwOi3lJuZnGDxbktBt1xFUs3MZgFQZpoBamURBNRqdWa7EQrw4aPHadWwoGGX5/nxD08//OH55cPTmBcSxeLAuD+6qizG8As5qqfO6M4gIm9QbbSIYdjcuzxymLd+d6nOijOuP3/99u319v01/PD/+X/6w+fPH2Q8y379dru+Xyuify7S+xW9x1ZEZtLMzXx3tpt8ywYXlppL9lvIXkXRYLDey7W7ZD8rd5AIUKWVIJ0mW11X5vI5CXN2vGKuFe+3t1u8RZ2rFkXmzgHLqpIdZJynTXOibNDwYB1gYWR5J14D4gAyI0/cJIVhHvMY9vzx8vJhPBwXgqVwWlaUymHerQxYcrIKZcB0a3c5jTIiotTzkFGpzKI7iFAq6WY+Hac9Pj4M/+Xn718vly/H5cGPEe9vnz49/+WXXz5/eph+odnj01NEpeXvf7yo7K8/x/s7bMxclXkaSzWwl8FmNVC1MioWoR6hrcqW64oCxDHP28Kd/CYWsgnUJinOGm4iIgordpynAWJEB2xX4t9fGmsF4Bjmo9TpOibh7e3b9fou4Ke/6HE+Ns0pVXFdr++3AYwxknDtSQXMVtzoyNsvuUI9kgSnHe6jLWcJHeMwd/oYx8w8z/M8zyXUnMd5u0UrzHsS1UOUEqSdiOJQD9YFmAFsbSUb9j9snWseE7SsGmPSJoHMc+WqjBZ6kqgsdixK3q+h3iXuaa4P99rawBatkihwagApqFjgGFJV67fj7HycojoneOv/QfdWNhtJN8/K6+32/PGzzRmqWGseDmDO47g8Pjx+uN7O0BlrTeFhPki8XB4EdNf9+PIse/rl12+PT4/PTw+kXY4jLfI8z5WPwx+Ohw8f8fic4DXjrMyiHDD4MS9gQgGIpkxI5S0PbdB0piqNCCpr9YfaosRNbb8L8VfGcIf3YrlWhF/czGBDPdUS3abErBpmWbDhw7cYpGUgw01ik17NhtGGD/PZSsLWWN23KK3GaobpRjTB2IxmkM06A+TgmacyDChnT1er6szlpOLq7lUrAwXC65jm5ipmz8/VQaUmVOnMTXjcN6Q1ECN3TGeq7tCe7LqQtE7TKaXZ2G2LqqrtC3AHSOOU5OaFrDgrUe1boXYYU6W8+8chupR9zhKgUCIU4FC7+itEH3NChrXMnRxGN3h7GKgeSfYl35KmFBYL5g4ZCqOdX7TMyp3tkysqicwgNccAsfK2p0ENFTODqmBuE2CqHaej/67eQ7bWgerdQFWlsfxOSKdZ8SAd7he/mMw5p0+ilRzdabNLOEuHqYtiA1ABW+ixndY6Ye7DLzLA2zps5kYehAvFfVZKCqJQbjCIGVXM3ubQON3VFkdqF92glMM256sbmWaY0X1USYS1AhtTXVRCVdkEyG0eFXuPD7JDwbJE1DGPVlzQGqdF0TJCKkFb6yXSTVCqrGM0OkGisvPXoB6XtBi+BDlGVflwJArpgHzbvVtqYt5FG6TmFwN32zzUSml1gbn3r6oeE2zBxVaHV2Z2BYySjFmRhTkONP4sqwFEDRjJDHq7ZvvpaO5Q47iqstrk1RuVbD2iNzK1G22T1fYJKLumpuAgG3vf2myjcrmPStlowG4aPVNgdtKCUCi4O2U99XG2vsVbJ2DWsrT2BLD2i6TeGakEBsxorX7OkugwSt1XWT9qJKRM81GZ5g2gLbuL76XtglI/RNV4bm+5citH71InOInUnRY7jG69gN+kRqjfTKoV6mpxtghYNUQIXn1POStFQtnVv6N5oP+ukGHekZuFqhSnO62ADvwiaTacqFwQhw93F2CI/kNK2QP1XlNkm6KNa1UVlFnCmH1wFDtBs99Rki1bqwDKWMEKZW/YWnqbEXAeY0SsBrwGVFXDR2UMN4pSoXp3i92wk52zC+0VVnF7MEBkJtgo0jaHl8HchoRG2qqFO40xM2uQTkrmjAzKwKGENRRV8fA8fvjd0+9/+PB4HEC70kLqxRubKtufMzSSgCLBKStlVtLkFH30z59VoPkYRibVO+6I8/V2vr69vd3Ol5en3/345Tjm0/OHWPEv//br2+t7nWnoh3lvUNyHpKrevbSIrPWN0VuVPXGtcjMIgfb/thnjLsww42BmKJUotzF99zVVRU7nbKFFWKZqKS7uplJ5ZtzW+Xb9/vj09Pj0dHl7OCNv523AsfXB83q+u/tbxPvtzd0TerDLMZ+m8S1er/EdKJtPTw8PP/7uh+v1ttbp7u9vbz5cpZfn5z/96dPL8zCzFLLTX6qyCmYN5FClcZCOgrxJ3q31bk5JYm9CsKmPVT1ZNI42QvkcNvT8dPn12y+///GTSo8PL+eqH+fDP/z3f/z524ePHz7kWZeHC2+5vv/y46fj8vQSeCeuPrTWuTNjO6Tc3PwwzhLPLBvz0qpco5jmjEwJNK+VTBi9h2QhZeQxJ0VU2WgpU7HHK85Ot+zEEzf2avu+DWm0jmKFqbiVQV3PH09Pz6v0cFwOszPq8XGsypVFeLFattbyqk63OebTcbmsOEX4HCTUzG+3qFRhzCEgufXJx3G8xc2HVYDicFcu7U0vVa2ehXlvm/s61m+jGqL3BB0KS5I+vMB5HEPAPbs3dWYule7ZICCsqmQ79dNh6rer9X+5QqmGZ7sTDsnsIC2qiOpSKiPhpJlpr4Chcjool6HaztHOfWt/cIasX4JKpN3e3y6Xw8fMusE8UufKZuo+P388Lh+QoHcUl79dr7yu92t8/PI3Pp+/f/86iO/fXyPXh5fHn97efvn+/fMff/+3f/flP/6dXh6+u725OdKP47HWrVS0iSpyCowqs2FIIVlbEVnI4Vgg1DP6Diksd4vMiDQfbQPuJoepRRxeLeGuXO20kqqU21Cj7M+EEjEMZsN6Ro2WcwP0oa6iOBsj19SGuxGu6W4dr2KozueF9b+iDe9osdX2H0oGXuaM7Dlsmrm5MSviXDfzBwNYtaLeswyqFTegy48aTfxUqsK6sN/BvXKCw7tTyj49e0QNczh2wopBrkqXYK6G1uUibfiD1BaJxv84aV1MZrZjz1TrTA1qcACu8u6JN8kalflO0t2ssmjJbHLjwMX8cYwJ+maKSGSDetKAQYdzrbfWY1fWnJf+mPcSq1r7ZGuFtCmBZo3lINRaUBgHoFhrTLWL0repqhLLjanOFmdWuovwUAwNqJwpyKajxBrDrZAoB91aAuTTOw2LZsPPlcN8RdfBMHKOCcmJiOVCGpk0THoDx7p4caURjhpbI42856x2Gaesc/CozESDBQR6FKaPzkDo8QpImClrVIW5G0ePSEEbdpBIygqhzEQHGKWygEL0vKBrcut+x7ba1Nxb0JhNgWx9DFnyNhV0MFLLB40gG7wl3a1fakTPrIqgOxt75J4sKFtanOvfF9/dpDTRUYYqtdA6M80das01M/rX6wlO64YlFTswyVWZrcwkW4hxx3iyVwgtX+sXGn23gbVLff3GTWsVUP8rUEqVpYRxRdAAMKtAOIdIFs1MUmb1rLF6RNnMNRv0DgiMgiZHI/a7QYExVvmgfvOTkbQJyH2SViWiHeswcyMiomkyYG3cW6FFeN34tAyjJfmEoWqHYOw0VdtSaqDuOD5AxOjvzozblt7O/CqUBJ5r+fBdvLLNe9j7IvRkksMcMvPRCNG2bxq3OMz6GMsac5jBMNo50gIwmqeyN+ChstAwczpU5p5agGxY3KJdsyvCjb1BMKLFBd7WEe2RpZOq3YPsf3djmqX2tvaMTtbnaBVAB0BlD/FQ4Z2x3eZ6kGZaixCp894Mq+BGwiPCdmJCdvLDxhHY4G6Eh8DMENT4vza/sDcStBbQ0WDd4BFqeq9N2gb9Q2gMtvvc38hveoDGMTY+FSbSJzvmB8idrn3Mjx8vX344Xh79crS0dcDojZZVmmg2aDMhaYlR0pCXlhRk9qoCAnigkSsloaeXqFiqM0tr3VT1eDkeHp+O44HuufJc5/V6Pd9jjln5unubLMlqu9W7rGqQqhW2GsnUD/4W38qM0ZpFuW+lE1QmZit0jWbWBo1uuSB5cxOgVlqinELGqgpzsxxrndfrNateHj4cx6P7NdZaGejwCPPHyzMkG3aeebk8OFWZw+fl4dHl7+fb5fHB/Hi4zMr4/OnjOm8l0izOm43x8ePTp09zjA5aLqO1O7Ar+1KNDXmWcbpPVEam9XKhBx6kTBkBIoGQUJwdZmRZYmVree2HL5//8vNP7+e1sp6eXsaYQv3ww6dvr98ul6MyHh6Ox4fLypM2Xz4+//VnB1bm2Szo9klPn9LmpPtO5Em4F4uKOYfR67zVip6E060j7M39Yq7+rJXmE1Rm42PnMIeVhgBWxPCmKSz1cnZniDR/rQ9orvOEH8fx/OHTJxL5+u3b159rnVU554iqlTHHgcqqruS9qq63mxkul0fnyDw7LpJsNmEKTJWNYTZsjmMej4+PeZ7KnGbFYcfl+n49z1VZsAaf95nY9R36eGvn9iYrCGDRzd0b2F+5xpg8ZkqXecnbGbGorMrKaonK3nKRNjvukzRVFc3VI4/cK/fh3tI+Wn8pU0bh3GNpy+ZZlhQrDU1Dt5SGO2RaEBJURFXmpBW08naZD3OO27k8YT447cyCzzkfSIs6zeZlvlzm5fL88vr++u3rz2bjD3/424s9R2Ys3N7ffvz45cuXL8/Pz2fq+utPv369juP4/Z/+8PLp5TL1NHJ6sxaXkJQSLKGPZJqjMfPNG7Ce+1Vr/kgCGuZgDzXk40JlTwnNPLPm8JLV9jqkpIwlsqD6re0TSmWtaDb6mBBHY7XNAMyxN/MpakU/GCrsYbsP63s1s/pJc8tICcNny6tKcNLb6QFEJln9WcKoPHu87GbwKaGymjffuO/GgyKvVUXwdr6nqmoZZG65Q6klaY5LP3CiikX0Ua+sBJe2NrlWBpucgG5Rh81DYFWI0TkzpFnTMMAVi7T2moAOg7QE3lNcnWKWwNWpU85RQtQ1WcMOVOuYXTpL5eHyJHZ4c1WaO62LKJrPWLmiCkqgVHMcBqZ8eBMw0VVKFc1NcQNkZFSZD5qjUlpd7XXdsvIdTB8XiaHTfWADEWuMg7Cs9ifl6ACEXJ16NMeUGAhHmhl9iqNS5nOOozUCdFMtmFXxt02auavCycxkO1S8B5ZsnZiIu7GfoJlNM0UuwqRcGU53Xqpy1coqWr8jOzNuDDewVKVVoTF8cgAOmCqGVJDTtp7LQHMvlTFhGjDeSYjNbqFG9jysR7eNbS5za2j8nqNXxZY9lLBpJunmFKMn0Yb7NLeTubRdv+rRXfRBROzICaOFKjIcbVNWa2Mk0Rri3VrnAu5uS1pPACTRpqEKCeVK7SsfbcQK5hCqlKyxtXAk9yKsuoryZtkoQWEfl+gAl/1/e6/RQv1KtbkNLSLvKi3Rk3LzLr7NRtunbcxIFnLHKAi9k8pUW2GgqszRYVLWLoECIldgjydyjAn1OMwk+u4RSWNVbRhehSi32Qdaew+MQ8wu+gBk5D0aobVK3EJrU+bGe0voQ2dwtMS/nxHI0AYUqTKx94SqiC2aafVQm9n7gzEfZP/VlmiwyW+omlbsEERUG9fcBmHS9k22pYSi2aiKvQoSQDloNlQIrc6woeBltWtjuo+7Htxpw9E2ro0fapNUD41I+JhEmeysskb+a09+UGnla4VKZhLOyqTQm3WOw8dgj5MqpVAmWf0lelcUKp9D2f/T6WmjN3b98ZEzM0OdJMDIaJnlXun1UE7ZQ/jeaaEj6eAwZOb0WX1vIxt7iZ38s7/dit4VJFXgUO2A6qoEqpmBTw/j0+fLpxd7OuzxsMPdOonYIFZV9O1XNBhLwW4vWaXMXFLZHkpDXOT00f37WSkmYkWh02r0/PycZX5czA4JZ50rkeWZdZ7RPKcNIGFrAbPDjhpp2UDTDVTrzE7UXiXdh7GlGjb6H/WUjTAi+xFENZBK1TugHkn4YFVHmrBwnjez9tUBqFus17d392mNmwFhdJMIN3+4PLy+f5/H4/PTw/n+Nt2ucb7dXh8eL3/4/d/RDVXf3q8ofv/16/PDxVS3db48Pr5Tbv7p4/z4hGMaVJ09GUprBUmpUBpily+QeF86gkBlrSj0l0TS3JTh5hvs2FWUS6iS5rg8HpzDbrfb44enStgYrvzh88e//vSXzPVwHMP88eHxxx+1TgK4vep2y1hnVrUINM7baYSP0Q9J0szu8oEAdByX8wy1IQGqVW7Dh1/oWUUbw3iuEEBVoyXVGUtnQOXTG1aXSLT0pWulPrI68lBWqUSIkNMmv3/9KdcJpUJgGnVbZ/dNTUQyjPP6btTl4ThvN7itWutMVIBK1OQYl0vub3bOcYx5PD8/Dzd3OyN//uXndb5vjV103ktRTC+DrLFYRG9FeV9QdiG/VdytYCPHMdetbIyHh8f3dR6X46w8z/cu0qE+pCzV8o1+ZiXJCBt+N2HvgayZb90s0jA6602k2Rg0QFlyEp0lOND6gmKWLFR3Y6LMba04jmO438N5sqrzspI+JTPj08OTOH2YuRsv43hasV5//UWsMR+nP6j8cnl8eDwi6vHx41/+/NPtXH/6058u8+Hjxw/fv/9Mh5l9fH749GRjXMHTLIRTuq2VUqXiPG/OcLfBYUIFjRjWXkWEgnua11orOGZVGkoBEj4GwGMcgFYErGk/vXmP89TwmTV6aqrWsdDch1QExvA5RlVTqnriWZlh7pOWWQavRqUShp6GMwUNxU1KjnF0WVdVvpmt1kMngu4yOypWZHCMeXhUuiETFeHz0UAW6Op9TyeFnWcMt8jIPO+ZmuxoHTcYyXJvLYrVoEd4ZrTWTozKlo/NyCDlhsxccarSfbh16qvDfLTAoVgV3qNMiY2K3KM5ZkQJpBPW+r5hQkczSZY0m2ARAbnsMJsCwAFFT1xGuya6CIyb/xaUc5dGRJxbwwz3FpUAQjmGcxgRrDPDxsgooMY42vMJq8HBbYUvkoTO8zZkY8yuunqtZ+a9NgeMSEqVJzD75BgcGyTEbKKyc8BGUtuhBBBm9KxVVWPY7ZSx+0HrrV4r8Fu/FIFBx3CzAQzA1fs9dtp0jyDOUge/OLMDGbJkZ5wrz+mmktvoECpasU8sTGK2abBYA0iImURxzgmoFALafkqa2UaFDlipQfy1Sej3Y6e1vxCqQqRRBRaLmaBvdn+X98j73NPoVhvX0tPHoR7hkV5oFDfgDbTqqxt7dWBCbk2ldaxGSvT9b7Sm1qvp5rvVAkrK2jqj/vJ7T0TRqtXear9uj553FdCy+E7Z7UiERpFOCpmKyrEdvmoylsFS2VYTWJvh06avLKN6Ox+lSTMOw335Wmnl6hRulfrHq6rKQnWJUlVSNk9AKqJCZWzhmauKHMN6AWdVewjErSoMgNmQAnR4VuuZCMjMoegAWdpGaSZa5mnqL66dBVRVGYw9syWB2AERWW6eu2cSYcWON2BW/Xa1ZaSKc0Ng6eZGg+j9ITfdqd2ZADo1vRIo89aXj0FTN1Qt41KRlEKqVlP292hmWQHIwBR8DEXAzDVU3WO797iCAzJ2XY8uh9oATQBuQxByVRW9wVSQlJkd2FGxoCNWiTieHn1cm3OaDcU0ShldpWVEBSqr5D4Gic1f6FHJKeX+QOhOpCoioOwxv7EjhTuAueuF7Wwd6LrO1WrTqv6Pbp61zDZxAmqjMwqFnZhVrfisSoItn/j3zM9O+zZr18vj8/Hj7x9+/Pz4/NBGjP4jIRS11B2sPHsV4DaI0opcYK08URxyo3cPj84mFDeLik6O4e5FrjzGJA6YzzGidDuVsW7XvF1jrRjzGJMrFihAUBuhsi04bS0xAD3Kl1VmZhjZMqx2j4A9+KiCHCLH1goZGwIGtbjGooJQ9VLVB7OlX6IVgMylyizUOn/5+tdbvvdvpFK08rXqViHLy+Pj8Ef38fThuc7zUpfv5+t5u5Hzy6fP77dr8tIq9tttCZpj3s7rudanD4+/+/Hl5cNxTM5WVFYpO8BOMjRt3xzKymp7MM3gValYERKiFLU97pcxYLPfH9oATdtuosaSfvrwCVRUal1RqcpjzofLeH37+vjw4+G+DRWD3769/fOfv79dI6Xj8hi3U4FirVgmjTn3tZ9EsdM455i368q4Ks8th4XMSEdGVmqt66rODSw7Luxzp9L2YK89lW0b+8275E0/6C64Wsfrw20WOcdQBaWMOObAxUFkLq5lZjY8z5OG43i4HA9S5LqOOWioyoxzjglgRczLMed091V5OR7n5eJmw5l1vr59v72/nut9nSfFPrjUNO12cNl9mtJDEEft6Vf38Wza1vDDbIzjuFwuBss4CblbxA2sylVCZvaLl00W8Psel3ttCqF5l5CZ+zisG/FeVEOVudsx47CmSQIiHGwCUnuBCTqZFaoYY5KHuZesmCtOysyGQqdufhwHj1jrOB7GPAzjeHj6+OWzYOCocB2htdz54fnTxw8fbuuUOTkfH4+31+vLp4/X6/Vf/vmfL5eHc10/f3r8w5/+8PB8/Pjx4nytegVPWlXmqtWk6bVWqarOKJUm+TTnhJCKfnPVpP+egknt+xlCk2rm8MxqyxDJy8NRHXJUyiy3ASIqcF7nPMaYQqp5eta2P7bPdfjg5hUCZsapKhuk5VYEmUFqVqaQ7h7KOWdLvbLLvqrtbXfvoe/YORHnmG5+cCCVQx7mERWpMYdtpTYqzhP0pO+QV8/KwRHMyuroF6IyztH2lQqYoXLlUjWzi6WKyNRZI4/x0C1qRlSVapWqcznNxg7W3JlPKqiRhm5eKBPFniOXeuDdTcM4UJ1AqlavDzP4MBxKkMPpoFc2kHzSJ4Wo02yAQyi0qUq1mrpmW/kCALLI7CscCZoLLh5QVZ3t1BKCNjpnjdZhywXzydkI/1111ALcbAj4Lah065a3iWpAypS5gSZ6EoFVXZ/SzUbBjGiH3k6QzK672i3CwanabMmCxhyRSz2Zg9u40B6qhLSOJI7MkqJWxLnFLGr1voyx6UBVQrWSvg+bUkLI1Bg+/OJ+MXpUmkT6KBUz2rpwJ3N25MiRjB4zZJzWmKYsbV987lIbPWvbVlYBHc3WDWyqjBbKnoU33gdUB/i153WHGpu7HzQnHC006spfykJG9NC9p3iJZC8VUISxkCUzrwpytKxtC7YNIJVJsUOS0PKvVuZ0hdPpWVsTL4DeUBoSkLFjUHpMm+2BLW3lZqegdGF1l9MDlFglFLfeqIR1C4BFmYvu7m4+K8vd2xHpPkMLJcgEZoVtl0v2jLeQWVWVDjeQRlkpo8AKznEI7OhptiCkDcMqdDQc0DA4H1OVMidFN3Gj37Z6vJWHRQBmk0CRSsFcFWpF1/YJFyRYO+Gaa2T96bS2pw2J6LmWzIhd7rWZF2rnSM9wgVbzYhPK9oyrf6LKajBfV6IVtRoBXhU028msFWattO1nspoQIIBGSzOauzLDvN24ph3ahl0wpGR3Pc0dP9Qh2feA6GSWAAAgAElEQVSSundWo7/w4daw7da+21hibMBqo50U7kcr0O+EZzMisvp+7tI5Mw0pbH0ixyCp0Jb1VZq3Dl1GgwwGowhbWRxWpFZ27gTU2qpoOlDVfid3lYt0t6wSeyNr6g1vp9LsL9dJCjLzNsxIIpkZT8+Pn3//9PmHy8uHY47+jKPah99womaestemVEmmqiqd23lBZEssbBDTOnuvykAfh2RnrlxB8MPTM+xSGBIHjStM+fr97dvXV5Rs2NPT5Xra9docdFcGIomt6JIqcwf4EVbqery7+kLjPejZ2pjqQjJVQGfiohuj6suePUVzU6yw1lViiwIiAaWw+//Sup0UjuM4xiVmcp3Uhv+et9shF25v1+8PT5eXp08xUY7zvP3y81/E222V+YPg87hcVwwfbr5iwez5w9Pvvjx/fj6msxStNza6KrKqffvtXWMmTJkCOYcXorBEVu5Ss8EmYxg4pA76I8RUurkqAPiYF+MZt1Id4xhmWUvQ5ZjnuilCkwZkVAlml9frk3TCw4ywEjMq17odtMkW5LnFyBR6dywVKqvmuBS0gqQSWWciEk3KqjBz96NKOht3WzRjoVHVhdrzOzAjG5dB62B7NxswJ9kUyMp1mGfx8vTUGm01q8ousBrkNVbFuq5vMn78+MWtcWt5W1enD7MEvIaEju58enzx4+GY0yghz/M941znGbdE9lyicXmE09UhT2bdNIrbu0sBO1wQ4nCbl2POB/cJkGMeT3Z9Xes8YVq5uo/tKr6fTEow9Qi5l6w9GABEyYebeRNom2/Qbq4mr7UJVaw2NbEpFt74aQBQqipSaaQqc90EgOY+s/kXMKvdOQ6aD1fhzDUfHslxeXh0OzLt8eXl+9dvz08vnx5eHh5f3l5fOR7ev789vBwvn394evrw8Hp+/vJjnGtOg/Jf/ukf//rXn8Yx/+bpx4ejbN5oC6rmOyVE8LZuK1YhTc3qU2ZOH4Kqym2kiuhKoyW5qBaI9XZ/HsLuo+8HM3vaOcaopk3u3SKGLEuxltFtCH2Xt4y5my8Ue/iS6lE6SHOPPfXr9bibWVbnAcPHZJW7dzLYGF7FMVxZPg6pGrMj0HzceVTmg8MqjbHnsAahsgRFnjKS083aIUBSWW0RdlrlCUk2UEu0zCWJbSPryrEUtYSKLDAI0wLRDU/1vWhNX+xpM51usU4zKOUYNtx+c5QVQ79t2vuWJ82rQkwYKZftIDazCbIq1WZUsy53WvJbitTpNOOoypUZtaTKjMgQ2VoLQatqjGPYEBmpnr83zDyqxvHQtxydqjXMcp/dgiErRfiYKqgSo9yn0XwMbzULMd26nyIVudqHcMuzevzkNE3V/nXbtbglebkhoT0ZMHe651olAImsTo6VOMaFfkQZoIZ997Z7RVStjoNomwlUWYkq+ATK3BzeMITMcB+lQtHHYMnk5IgAJlSi2Zwcmac2+cRWrQG4D+ckaXaElSq31EYlBkFZ07RIoJBkW8dhe6XZ6o6mkHXys9oYUApam0GxtQrV+5UxfZofzkEOCaUFZJqXAlVmHWmfIGFeG0FcSqWi3aW9LXJvfa5hxwGVba5Qs65cJVX1GLAZ/K2DLpVV0QfZHI52sJl5x8OUdM/uRZNzcwx3GWCNl9pyJFr+5vdSCJuTVFuKjGEcbj1DZh9FxdSiGcwr1maG5JndikjtFOtVgCTYKAwTK7NYW+aEfWrvgVMtg9Oabi1V0e8jHcl8cqOdu1ymgZGSytB2NqdZTzSQvWRQi8C1v+rN9WvsdFvTqruzJtU0LYpue7l215qg7cjRXui2valkVFWaG60XG7rrr8qHGa1UlWFjeK2SIV0tqK3akQL7vxA0u6eRF+HOMs7qKDCMxr+gFf7k8OF9H4idJrhn9qUqESbzOwird8Nttl53ewsANm28NX4dv1qRUjXVc4zOhGZlQokqGged8IzIWsrYYhYJMMmyxaYdT353wpjc4I3N6c/HfGNSbAwa17oOqNDI2haRIYHhroysZAkGYaO0bAe39EajfzdZ+xqqewDa8KaP0fj86eEPf/vhy+eHh+Fz+hhuJmVAYTW9VZVtneEQMjPZYgupWv/VhVHr/xr7lEnCOQyW4rAJtj7hkBCFKgJ1rvev37798uvr+/XE4HFYZgekGKNUjOzU1NGZ3QWRcbe+EoAV21PR6022AtuavTDMMiuAaAOIwGxOa+81qyQRBXqLJkRDlw7uSGbnxUqUmBmxSE3OXpC5seDFzIx4+3beTjOsuD3+7vPzh49veZWtt+/fzvX96eWTAc+fPz48Pl+vt+vtOlxmU8K8+OOjH2OytltpZRGZ2mdpVSzBKq1HSKq1mkRaQKoluRzetFseRq/i8AG3kohxrmtVmVmvRKCWUrdVxtx9xXXOMYbRTMhzLcrM8f6+fv45pRxjRKxUCmkQ5KrtumpCSpvyc61EomoeD6hCZkHDxjRmZvKObTLzw83GOhdLbS8HkTt71HoEI7bQkqL6n9QZmcF5oGksKIFzDJFjzDlHps7zBKDScRxzPhgLxLpdz9uth0c0X+eCen5uWWFjHDbNlNLhj+YXmkWup8fZO8hjHCdv1GLXldVQn8YmWM8BvdWVBUpjeB/gsZIclDh8Xi5m85iXjn3qZKMxuM44b9dddJIrQwJaANefMZpYsTtt3vkX/QMMdwJVqWosVdHHXrpiF6l0DA7nSCSRsJ5nGVbSdxiMNYB/MFNRsZNCzYZzHAfNVEkYbaTs/Qwb53E8omoMu759s8C8XD798DvaiL/++stfXvPm+N18+fSF9DGsFJ8+vpy3L3/+879dz/Pjy8OPXx4+PJ9uIZ0VrZOu93UzwAzrjFL2WjQjrsrhbmQQKHMf6IccbEB0AcNYVcOtzcmXy5TCbROD2mFiW7nRFM6KXGxFiirCe3XfwjMShbCGVLLr10E3KUEvBWimpkinuy+VKjufbdjFzOmWmWMcgeaAqY1LUTm9U3rYu1iwWJru/UoK8OElyDwy1zodrk6hghkGFEQZDbRkqW0IyN6Ttn6720gkKqvjejqiWIosqHiMo7O93Ef/peYG2V63ZsMrfYzBJucYEScIuWypGDQnKrPSBOs7O+RE6ZbnYaOvumGzKGTpnuRRIjCcutYtVxz2YKasbP5BZChCLfg0DjpYkJwXthJoJ/00tgZS0rZdxGgB+hjul4woJVICMmXW4SRa5/n4NKc7MRr31/hWN1ZG1SqdtcqGkWwNNbEjSrNyZxyyaJszKyk6Y6TrQsB9KqLbz97FFS2LNMsoWmKoA70ErbxVRVQjPxJAqZ8KAoNOVjknzYdfymu4SpklG3MIc1zY1LL9N7oZRiiYRfg8JtWYHcHQyQzNtqEdZIeWVak6sUZq62mSsOm8K3vNvLHuaiIMvI0A2Vlr9I7WYJOIRPNhHLTpNp0DMEjWA4ZqQafotGLWnaBPZi6hW200vSVL7t5r0A5t7g64Ok21na7NSekiSRmprcZXpXY+xbDRiVfgyIp7WYZQoFYoIEBl9KzWnhg3aZjuhHmLj7dpos8cgxWEakl3qVxOF6WMsysR7eMc4j1Mu4X+Qg9p2rcMWmQN33p7Fqtq2ABRlKN1YryX5zBalUDr6bK7AR6SZZu6W75VXSWx3QdsQ+eGQ+7xsURimGUAwM6/691Ub3IIymiF7oUK998ruxeOqmGUCuZu8x552YUo0TEo7a+TthKDMmehnz0TrKKKcfgsRUvzI3qart/eBwKFct9bO+fs1UJt6giE6NXNzlkRC+UYsFGSq4N1YebdPgjdAJiPo7fAmXAzslIFHyhIaWYPl4dxfSO48owVm8xSRVBARm0IF9iRXmBnoWBrl30nIG4upNSur1YxNUurN0woCO2Lalq1SfIxpKQEmfsIZWq/QuZWC3SDMJwwax6pKgUad4vVM3xU3uN9lJF0+vRh+Pjl+Ju/ef7h89Nwm+PS0nsi2UBMm7jzzHwcrRmIagm+VabTt9eRlHaWsXql3KcRzIlJZgGyUKx1ZqmEX79+e327Zsrd3PPl5eGMSBQJM4/siHU3cygblUaaZ8MVBTZo0e6k6jak9Qylu9KRlcXsXZ/DKrMZH/1igFZib7J6k6lMEIzaPhncdwyqWutWIauM7La0QBUVSgh1ShrD//rnf759fPcxf/jhj08Pj7fbt6eHB8kqEtLLy6f/P1N/1i1bciRngiKqZtvdz3DnGBFAIBPgTFYvNqubq7vqrfuv90MtsopjFnNgMhMJIBET4s7H3beZqvSD2omseATWPfdc9z2Yqoh84q3NGDFTia2jWIKPPswo8sAM0G3tZetBZMqZAEfmnNkWtDkXfCxahjU/eGn5buU2lAiNRDZvyt3EZk0ZyDm1u9l2aMHWUnPMGXtkM7r3Zo3vPu5//HFczw+yFpFjzu7uatJMaczhMqjqAa1IAKV60nzOayq7d0PMUVQW6/SppHqlWZs365VEs9gHCxSBR69bJs223jJzRiLDnO6NRcslNz+iILMxR1zn3DOX+Nm3jc59H9fLx96YgDUH8eHDh4pQCOiHQ0EIDGbuoezt0P1AaL88nE5bxNVybs33GVaM6VwdjWv/RxC5oAltlV1uh24EQm3rkCNJh8xJ58JjpLO5t0GZ2d3d7evrR0WAjlXynvUxiuV6rEvAUAO3o36BGupSqdQYg2BrfamaESJFBALJKEZWxsxZhmRr5b2mIspSZrLUvF7PZcDyrDZ0wXu9ju/v7k83z7ydjjd3rz79FGKmvvv+h+PNtvXDm9c/fHz48XT7/N/82//19u729fc/juv50Nr97d3tzfH1H9/+8cc3h/bs/sntiKf3T58+u7v59Nnhxd1RPEZM5FCWXsxEzIwEM6toUPLYUwds7t0CpFwNWfjy8kO2OWcN9E7vTQgzYKa5QwpgUFhrlqhrLI0gZ+RaF4y4eJ0Il92sNmUWOcCsh6G502srgTpJb63NXIbPwBJqCvpkIuxAa42MOVpvtZgxUyhqi4ZKOCcjih3UvPmjfxJuJiFYRYxR5nJxIpOMitt2q5FAM+fmJqVyyj0XIxRORCADM0RlWGVMeBlp9N4OpFcrJwDUIdEwI2iWVUDarATGRk/MTDU3Ws+cAmkN1ooKUI9F0gEOjRjD3Jp3ZYRCs8zXpDOzpMJhsLBIQTGzgtQx3Zy0mVNMJ2DdQPdeMC+zTnNlIhk5zalMBL3aurmJq0WkvCbuLeoQIbo3M0+Y2Jodmx8LvDMeeanCBClkIcdWllLLJxIqeNOyqrg3kGPuIOut1ZrXWpeW7k7T2PchlTyrzOAsRiVBGiMVOWfMMQe4SoQIa260Zn4IzVbr9YzujBip4eZkmNytwTrNTSpgoOACWkr1G0VaM6vFS/WHUkbK4HAKaUipUZN1sEuVkGjVI4qEG1WeikKLLu5koSpZHHqQYGtMwVkR2AYZuXYQNE9M1iE9QH/MUhJGhtaR7ZF8pN5dNRgUe0XCCALmcrZyg4FW+ePMKSyHStHaU6Zlmq3VqTGLyfy4aM0AODWUSVb59CxaW+QCq6KqXlS5kzpWcAU/SNRgELNI/5GqzgWkInajJQEgFGLxsGaBlSpf41xyR8HCYHBW4wkAW7h+KHK2IuQG5K15eWCzwGJ1mFdKBiFR6816fTQ3FE28SBxmNMJUNIXCOhHMFG3txRff8zEoUcyNRJ3mtEgarlTOYnMX+5WApbLDWluwCXor7lPpZVnNtmVSyGnmdTo3awHkzNJbQ6KxuNeoDLLKhpZEKimot8Z11iv3UEWzk6wVPIp2rMjCu4hhcFhZkETzwkGYaLRszcyNvZB7cmUGWE9eiyyUVDQrz/AeEVAaTKbMmYLLARlbM8woL9lQTDMY20xAMrqUVgiumKqkEiuBZmauqcxZSf1F687MvJpbMRxmpqG6v606Jgyond+KhcLMPEWUP7iw0+slvqbk6hMoRRvM3g3QdmjPXxye3Nrt0W8OfWvWzKUJolUiNUf9ObJkBqsdo0Rgws3kVcBRLwmng7Qw995adXlUULRNxXXuIy9jDpAP5zGmrB0Sw5rd3h7mxIeH0vKttAWSSGT1PikrtSwjpUYUA+zRjgZAGVXzB2VWJ3q3luXEqtgK4LW/RdJoYqDS+HMpmlwhIUjGgjgHH0VQiRkxcs4cm28EHea+gSofaWSM/eHho/rx9nT6+a9/9S/OD6+v+4NmvL9em/F48sgW592dh8PNzc3mJavj8eyLrNyzkqJagS5ThM0cKg+TMFNgtt5ESE4194PbsdtWdwXdkxaR3keBbhIJBAA3C6VwNR6qNcG7A8rIOffb41OTny+Xv/9mvP+wpzT3KLNUHdFmrQeHnCeaK0dWCYPc3SPyuu+SKGam6kVn5VXdct/H3DPMvWAGIFhycsVnQVTvngpcAcRcC6nIhKY7YdZ6Jw2wmDFjeGvdt5kB2PFw09smYOghvBd0IBOZ06B1l0HX66W3zbyLmLN24R45mXns26H109E/fHh73S/Xy+W6n8ViPawVDYSKZVWDbw2/7mgHh+CtrUf4gq67xJwpT6Ok3Hqb/bhfL7fbsW2Hy/xIpQFGxlovkuaptGZ0r5O8uQFL2Fo1OzPXQ5uICE9N0Uk2R6LQc6VSppSKCtepzBNUrIRU1pq0PFetu7sbK8Xo+5zbdri7f7Idbpvf//LXv/R++rvf/G6fY4zUx+vN/d3N06cWqXH5yz/7z3/yT/7lzS+//uGb7y7nyx9+/80v/+RPvvz550K+f/+udYP6+TJe//jd5YtNT0gWZHnu+x5F6YlZrIYEKcyEEG6Mx7HdwMhwdsitcrJF16hS1qqXaw5oY53Tr4SiKSUzNnLMkTGL+daI6lxOwHoBJGMibTtoNTkBqMdAEgl5xowId5AYqqyu0wyR7k2WUBo7ZGbOpHuno9GxGVK5nxOswhynqzLEtZqybUQWEMJoM4bRmpmUZqYFsKtMIupl7uykzdKuS+fF4vzPrCGByomcDtK8HqQxRzLo24rbIWKmkd7MWkuAUxSM7t7JphCd7k0pYwitor4oqS7nqj2ACzDzqD2OkdAcRRCKx4PzyDFIJSIwE+aIzp7uOQZAp6eie+vebUoam7WiCxb3cypYhVlrnqhDLdysyMkr9IVRB2OabeiVyawK8Gq+aX40O1CodqWY4YZUmE1EUmY1JoszIzRmJuAAy59Cu7WFW3Snk+i9d285A5lh29RMRNs8Z30eFYiKUCjpzRUIzdSM2CMnVOin3tvB4YYu2gwn3ZwIGaLRRgAWvXWaNza3RufMSRjpLAVgPROEmFGlNmSHio64dB+smojCfXodJerk5ysGCjMHAzBnq6XXckdwKeNmzVkCjwyPSQMSCW/uNCMTqgbbWlqvrSQ9F5IRgAEBypsXUK0CB6LZ6kb1YkzXol2JXB6hOiQ4hNAAokzPhvUmZekyoWR6ARUBo+KxrVnIGTNiVseZaIYgmlXUmCxmU+1hVIxRArSIWBYlQlBENKeIfV6atWUsKkt9JTqQNbYARubMANFoywlYmVWu4tVH/yKB4kdZQovJRZkYhQGHJGSobyvasHA37qkoU6TBapdGc5BV81zeqUrss6pjqyUrVIYbmj/u+JfUnwUhqe2Bg1VFHIuB3KyTKruWGdZbBSu6udp3lDDBLFe6vNVR182VAjRiNrVcaMAaVTJLE7cVhJtz9EaHyGWYqci30bJkHaYV7rEMTsIqQ0BGEWHgALVM8AZzAcaeOdwdVESYWyYY6WxCagyrPLs190kzsSlBy8gVB3XrMlxnFLz78YCjyqq5WfWFSWluVfMcETTAq4+m9tZShR+wdEdQSDdk1slT1WxQFoySlBCpwi2tABFXihhUYdq0vuiSZVA1NIjZ3J/fHz95cXhy0+6O/bQZM5HZ3MEeOWdOIBSz9RNhyqCjJnCngU7L3GdNrWRNKAtTS7Z6Yre2tBRpgiPn3shUxNzNMWaQePH8trm9fnOFrutrNLbNclpqph6vTKXBDEwtpE+hfowULDQhIWXNZZnIgWutJqBIhAJWxsJ6ShDF/P5p/7CE5QUGYDMjLdPAzKzYdNUtGsDIlMoQBXN2O6RwyXGNC4fT+/ff/t3W/fnzZ8fj6Xi6ax8/vnv4+PHDB0KNeR3z7u7Ji6en1tMtJWWMYJgJqiswKoNYjpBIhgykdcuZZfoTDyZjWmtH57HZAWyN3h7DJq33jTOTkQNuUMxxLo95aiZN09YymAYHpMiY2t++e/iLv3n/7sOlHgfNWvdUjGRKc86r2amyaOZs5qry1aQimdp6j4JTLU4EMrHHHmMHsB02GXLsCdfIjEkztoYMJSIFk3mVyFkWZrOGutILrBEWM0lkpLd+Ot6bWVweZs7IwcS+704dDttlv9DseLyd85JzryZ5Cebdty5gzJB1s37YjtuxA3l73MxxuVzmjH1c9zlgyhgSvIGFP/TmJF3mZq0RSMGalSClgTGnZrTeWu8zGSG3VjrunDMj+vHw8P7t2T8ej7f7+bzSQ4UmqUmfMDqbE6yAHAB3L7XLjJkw1K5S681BGNO81QZKUpGpJZh5875w03PMQYCRwZ/WhYVx7pYZ3hrohWBq5tt2aoebhKH5mHgY43T3/MXN9sN3f8gc1+t+e//iy599+ebHNx/evfkv/+E//rN/9X/77Gc/m2P/5vt3f/d3f//VLz65uT1Gnml6evv02fO7r79qx+N55oV6GFlhaG9oI2bzJnLOad7dYDSnquIeyQRabyXalBRvXibleqiTMPdmzcsja0TzFrGPsMgJ1v8CmAcERVasq3YmOWeG0R2TatBaByiz4kamlms1kJF05ky01pWmxX5io0dSCIrNG30jvbGVixqeyjlnQpaa1haQTY8W6+ZdtCjIPd0Nyh456vHevKFexAnl9PI5gl6IF1kzh7fy+kilBAcQxeSOCMhpDouyx84YvXfSCwLjlWRVHg/bmMPg3Rrl7OZGJVK2mP0IwCKjBld6HfNAOgW2BYSIGbBYLXYqIylomLlzGTdy5qhlMVjCVR0n6j1qyAbQaRUXTdROqGbWRjPFNPPuLZXuXUgjZWE1r9GUaLZJsuZuDkfzbt5p3tqhViPdAV1TKNFxzIFYmIeyKlzmlUYDU0zJDDOzGuuMRrB7760T4AZlMVPysl/3HM2s9NsSFkRMRTGrkoqxx9yNAm1rW28H90Njb9ZIL4mgXt3UFAoEU7JdKzsHEu69WcWfnEDLlJtxoWNqLRykkyJTUCt7NWvPupz79TTRguXQrEA4VRwGsklZbQZ1MmTVIEMooDro3sAGmTe6m6QsA9wKdBbZAEijuRVG0qrJSI/eg2ofwJKcVvtJiWUCUcleomzoWjNAxUiBIjGkUpo1WKzNoGBeS3kIqIxjjTGRUxRXvcVwePMc1YEEA9LRWCTd5TuuI7VHZvmei7XSYpRUm6zcaRUXcuYUKuc0I2e9vWplAXPK3BqtuP8kYW7WNuVUJJuVOcDZlu0HdGeZ0WmKmKKlmgmPIQWAYVUZZsRUVShLuVaqECyZ5WqPGrH+r3QIKZ2bVEkMm3OCKyUshVhb/zoFGbJeLmWjL1vRuqyAqu9ipU5HBMl1tvam+lpU8eYaHjByAqvMMKsWV7mMSOWPzAQQOZuxPtKfGAV1FRjMILO+fh36HPuqF03MmO4knYwaZOsf7xAN10iDwQ8okgLktCg15R/SHS2BGeltcypyWKXNI0bELIKQWHZGoWw+VG1AlKtMZgXTa9gJKAs7SjfAskYet1Balm7UhJk5M6etYkys4HXZ4IhqzqpxiKgPLB8/VyXVzCqD1XrLQEYcb44vP7l5/rTdn/zYCzCI8m1DTjOLWpY30apht7mX9iIoFc0tVsOy3NgeVZ9e/i+SbE5LhHIGrpm715plauZ8uI4x8+auH/sRwJu3+/W673tZ7S0zVA/8RVgnBcIzI3PWNgnlH2cpiVnKnECBQ8EQ6a5lvyhwfyIqRpxgtZzVC16EFLVKhOrapcNIi3JaKLzReKjJKtdDJIUwsWkj6MbWDgU0u4yPv/39X799d//JJ19+cXv/8vMv9fr1x4/vx35+uJyNPN30u7vDdiRNsIp0zmX+qr0jK1SRXLIqpbCaWmCEYxCgOVpnMxLZ3LsdNrc9c7IqwWzHatsCk22FwmPukaFqnMgK4yIyI69zxB9fn//udx8fPp4BNG/QePzS14gJhRRMFrB/Rl7H3uk069tBsaTDMgN6JbZDIlsNUUgJDsaid1uBqjMzYnrzdmgAYo4a1FXR3raR9LZZ6/1gc6a38NZubm73ucOs+q/P+8VEa+3mdIy3uLm92y/n8/mt0Q7Ho4jzZZxu7wClsLUDyG07nk6HZtjHeeYV0ts3r22hBNBa21obM7yt7sUMgdhOG60IRqZIJIycI+IqSeYO/KTQ0bujuSLnvI79Ym1ja9fr5fbuST9s4zqqcqmeMtY7So10G3O4G5vDGHuS6Idtzhq9OEbS4Gx1dy+hWjFSToN7ArW3YlEcQaFXwp3sqQJfe2+HMSYbunenh/J8vSJF9r6drkPm9sUnLz9+OP/8T//Rw+X8w7ffZOr+7ua77368XvYnL17dPnn5w7e/n2M8fHj35P7pF1+8evnq0++/f3e9xBjn169/fPnpy6+//tmrF9vzpx/79hHYk3vFQGnu2VrrM8bWXWaRcrCbUdGdBjb2GjJZnfHluFedhlq9vcx6t+Zec5iScrcZw68fZ+7CTA2ym2HMocIiZi5Bn8hM59oQNNvcfMZesbSIjLxAAAx0EXDEnpnjsSSrzxhoG1YuvLat7t4NJQYJSPfDmHshivd9b87QrEhOWWcFEl5dNVD0vll64dWWv1Srp7kuxUIjiPBWB+XaZ0QW2QLJjIKYG1HcP3NbaARfRtu61DPVW7PWzLm1TXLIio6VEfKk2Zh75DRahmprbquJNpVRLEZ3y1SOMHeRe+xG0pkxihRZmmbxLomYuZuMJs3pbs0pSFZd3toAACAASURBVJHWLFUF9ta7j0wu1wgBr41GUUHK4dncBEROSr15ygEqlvjtrZWzq45BvW29ddAjUlLrx5zXnJFohEcONw/kPvc5Yyo0k5D7Vo8j5WTbnNbYzFozN3mjt94ixpy7mMej6WrzejZr1qFFNszIUXgQEGPukNxo3no7bO3YuG390P1Qw2FqudYjEspmXsZpo08Ng3o7cpmuS4dXI7S8swCEUFpOXyb+5KPXq9RJWq30rWDSeMQwmpH0R9wVlOqtZ1J1wNaj7bO8QeaFpaSBCKDXLaqMhEXIV3NN1mzBNCWae+3s64+JScmtlVdG5ZsmoGk0qFP165BlxM8wM1YPF+h0WPmnMUHaMoeoCiXQy4y/0gOPAVgAmXPJ/pnuiwW2Jh/CGstRjkUURWkjMyv2mnXKiwiMvVmrODQbY0YqlFHunhmJXOGBZg2g0bt1mpVxv/QWZYkPJlQrARxu1ggv4sTjz6kkMs1MM6Kxe4tItyUgqFzkK3GsGVenV46hxpJSZOYMLd9+ud5qRIjK9rKekY+R5cJ3ai37a9tffYsFVqoqN0aMcptnTmuNQmC6s37flb8svciRGTXyobZxy3EB1DmOVCRMxuqOEJSUZQasOhyKzGRurTaFVinkOglL5p6QMqjC/shbZnVMlLpEK4mmtVYYvowUjI4pwW073fiHkUL1m0okzejKKDPPHCOh0CRSaWsEAoyI0iAyDCRp1T1uphhmjVAovVT4TKuplotIlTEj4O5Gz/Xx28ph2/ovqlXDmoC5HGVJt3WLlvfx8YwsmrWljjWzuyeHL7588vzJYXP0RjNrXlnrnBlFPYoMYtK6FESDmbESpZwzWODXttRYs8VbI8No9M6EMiJnxCU0jdh8uypmjH3E5Xo9HDfPg3m/XOc+QymvEunV9IufntyPwYdaQFVdaxjL+1RWh0KPqiAeVlkXBOkmSghUNeyKojgNjtTKpi89IBMF3IIkRkpRGIeQcopF4ssZTQs2sC5BhaTWDrc392077DG2fjDg9Y9/HDMi8eLV5621Zr5nMUuzdd3f+P2N06NO/5GTZQGyAglEpdKNCaiZxQwwHUhlApG1uQxDitH8uPmBZCrNrZsnZ1PbZ864BocbrLWIUTPkuA7QW+9zBkj3PucMQO5vz+1yrYwdkEFkzh3GZj2qShD22BdOtx62FzIqx5xjSjmj4o0kNUdYs8OxxyrzznEdVv6HZmymOcc1aCwacNv6mFEsjmqGodC8t8OhjLP72F0OoXkn9OHDuxGztXZ38+T+9onRH84f3cKcP/v6V6fjze9+8xen001kWjtIOhzrdmTdLL0dtr4ZbZ/X3tphM2g+u787nz9mgM0Sdjz2OXLMEZFo3jfSeThsEsY+Y+77dbqVk2qtUSAmHGBrC+XQyKFgxtz3+9Pt6XC4Xi9jv7o7e8yRddAnEfsQovWeEa1uf6J5a6eqA+HMWFx8qyNR2VUEsaZVW0/jkqyXvlgc5+Y2c1aAv6yhALfDga2fLw+HthEccYV4PB63w5PWbw6Hu9u7Z0+fv/z44fL5V5++ff3mt3/91+P8/r26G9/9+M3/+Z//y+df/ep48+r8/sf9+vH9+zd3N4dmh69/8ekf/v57OG9PNw9vz5eP748v75/c4u7WDYz0dK+Kd7BtXh+dbrfDmHtGlmOhGuUFmCwjzcrORKdLE3ATbOWFNjdzGM3a6sDKgzc7cMY58hrr8TrdLHOOnM1c5qCgaF48+HVOKXyNuUaM0ChDpdFzCu5TnJlulrlD9NYzjQGgFWhfQrdFowBbKlMVWkZkUDOVe4yMdOvIVhGYLPXOyq9CKNy8PJ3SfDy/FhS2KmhWjLtCAplTa8lk5VhuffOYAyA1xihHglLeGhiZkxLQuhNAb631DlhmGrt7yTAMazn3rPuRjjlVvrH8qZZUNGRMN1MEKsqckTkyp7cNUsZMpiadhqR5teaouUmqVmKvcljAnZnDzMy70yE4zd1jRgUpElE0zTq9+Cq8x3otqjdzkgPXVJqZc6uXKepdbAajpbF5jrEafckEAU5FZrkvc9coY1pvJjBzum9mjcqp2Lx7q8NN0jzmNKC348irlG5svWsEijqTQ4jImchEZCaQ7gb0Q9s6e2M/+OHQTs23iDkrRVQIWwCxepASlsqtM6DWWkkcmtUgyWareJUGRqQhc41SoTrTY+02wEJqZC7PFlH4mVre1olQNJpcpEqVSGSREgUDJ1TnkjKfCdUhotV7MSOU1ZqxHMmLD167xKz/A6FitlNQzBX5q+hToIwnj/QKIClGRSkSjyAmwKJ+95V8zcwJqCIKY+4Anb2OZILm6tCuWSMEunWshU1loIysZmmQilzp3RqQynhcBwB3h4rvEMQGMvfIjBnTycWfgtw8ahNHU8JZyU175Pinmad8/QVUJLtbyVhYesLQozSYsOV2YjKVzOL41mMLNKDVkSnnhGLa8rrXDJQ5aD0ySz/msuZU+dNu9HpQrFRaHcYpLoZn7ZqzDBihwHJQl+QCg8waDZFTIBRmLkiTcC/PSz4C3JQWGVEYAaogIFxfUw2qVcAk0lZ8nsvQBbC6PEyAWSLq+6lasVCQJZqv5Ym06mVLO0uE/V/X5pKBVe1ZqpPBIjVjkDKzfPyXZtT7IPQIoyzNBSu7pWV9sorqZuGnqmCRUBSktsx0ddFa3R+himJXU0HZ3vIRY+RQrqbBVNQoVYdvlT2GCFgJMRlBN2/GGuIoN7TeMsPM+mZPnh/vn26nUz8cu7sVAdlY7rhZvqIUzHPqaulBNjSAoTAzctNK4TZDZvmMZPQWtbLOEYVNIUdM0GVt7HkNPexjxNw233wzHM47xx5zBJ3uplx+V9WXUPqUKces8C1XwK2AXXXuySXZ87H/GJVMXW9t1BJAVd7nj9bwfCzWsJosVJBbIgLIoHnFTaJ2T5lj7IS6u2UFVVAwhD2vkXGwU+u9HU7jzO1wdzqeHj6+u1zOf/zx+z2jH457pDIjBab1bIfo3aGZOYUZGsqgZGhmppnT1FuDnEzzkl6LQIJCxsOaWUuUk7BQraC11mzEUAwSbhwldBBSjrlnzGYeOelMoXbYCRaq8rLPP/zA82XSoECOWWXqBEorJJuCVw3NS/e+te703vvc98pKaqZy0szrk+7WWwc59z3GcLe6o+m0ZjkVNHMV/0rpGco5IVlvESOmTqdTbToNNiPckHPGjHZqRj/vD+7tcDxKGJo3x23Lw+Xh7d3x6SevvvrN3/65cjffZuZ15OF0alhuakAywL0dj4etd/VmM+M8xxgxxpzKeTxuJPY5zOywbTJgCW6IPSNyv17nCKXgEFDb2Xow1vahmv+UM1fjjJz0xru7WyhGjpubTdP3y4ycrdNolzn74bDv83DaDqfN6OMarbuky2Uk2Po2x9CKAMCaYWrFV1KqEpjqzBCTAXPW8g6A0Psh1x8kQAUu1+uMANC3Dnc+jGM7ffbF59Tx5v7Zr//5P79e5h9+//sXn3xxedh//O77HJf7J9v5YYJ5HQ/ff/Pbl59+8epnv3j48P63v/m7m9unHx8u18v18y9e7GP//rvXNyeau8boNjcfmh9TV0N224B00yQJNPPSKQyamFCIiaC3Vm4yAhFVJ6LIHeY167s52coEY3CDU9UqKVjWI98IJlIxc5ZobQyw+Fi1dSpjEZioqbq3FnMiK7sZSCUbrCnr08rI8odaxgRtzoI+NLgvTV4A64BUUNMJWuTMHODIOd09FJp7wFszs14OQ2RaHT+IVBgXQCdVTQ8ROauDqIrOinxcZwxI3bzmGMAGjDGxCMKaI9iKcBhQVABHiK0fSZq89UPRdpr3Ig1a5tWVY4o0E0PkbF7XF6BEVW5xnQVJK5+nlO4UIjKCUbAveGttEyFImPTy3GNr9QRI8+bGnDRjL0WaTuXUrJNAMDOT9d5BkJtbq/nEZA3lrRIguK99Jp081v4ZQCBaGQLn1CrZTSIj9sgd0MxhbKBVKn55bDOt1VwkSZQJJrbkZGLVyWVGDtDdFJwGglmDWWDPDLCQTFX9DsC27dD9ZPDOrbXebE0v6wOkhaXEArlXD1rmnDmAtjgByKCMTqItl2dMei/lXEIoJJkDtIyguapTWcgZ5TCsB4TRsNLizvpM19sxAQObchKgFxdn6QrurGouCKBlihVCzAAxIgoZOedIiSxRkg4VpG55mksz1TQ21kK1BhGvjGuaEBWU8Sr0BI1iR1gijQrOCp9prZrXpqNqJJKjjC6pnDkyVyC49t2rWLH0OEp1stOEbOkeXEZ4VeFWKQmlSeVCKM853L2gbGVtLwZY+WQeNQe4O91LXbFyN5BrYSPVTrtUEEhTEykzqx6KqVkTvNFiPbIyo9K6ypq/zbG2paximArrADn3aeUR1yyfDUvgAKlorOsHkYqlsZh1z8iZSaSwnD4gstLPq24YU2GkmWVqzuLaQqjxeP2RaiqAwAozRNb9kZha1n8laWDMQSYB0+KxVhNsJQQkOE0o8zISRcREZUBBwQzByBUy9zKMGTLSvRinFYHKClcoJxEkDZkVvfWNVDyeO+uT9kbSM5cEtubJQm/SaE1IYhq9wGzAakiAJE0k3cwpUTOzmWVkSvUmTmXzSq3yp2xAOVwylGO6bylOSUgL0ErFnsWViyq2cgKqOR9F/Q+gmKBIKFvv90+PT5+dnj7Z7u6P/WYLKGKaqo5xriG61gCaSEEBlbsG1SbnQMrpXrQilhglKNRgMmTuRYoov/3Y97R23q8fr/t5zNaO9zfHnHw4x/UyrmMAbPTK/a2/nPZ4f0o5wVQkl4YIwiJX/luq6Hwx41nuiSLLG1Ks1HId+Yo0UOONANJ9MSdNkgJEyLlGgnL9EcQqDKv3mVQkB7CjPVp2JMQY++3dc960m9Pty1effLy9fffuXWsHUe8/vmPvJrTe+9Zu73rbBkzKazJExVpWoHwlspZwy1YxTRE0Qqb1e5NLi3LlzOls4Q5IZmng0DBm1pJ40W4FGWTNu3sDkMAYA5m19iuD749vx//47YfLZRe178OtmRSRvXlkTs26F3PMtGz/sFDrYB42m3Om5L3VVijGJAXamEmxt817E2Neh6ORnLNwgQ5ozijnrdPYmCHAWm8B9eY0Rj2VEpnzeHNz6Nu+7+797skT93a5zLYd9sjrfmU/fvWn/+z9+/fnh7enmye67taxHQ5uDOUcUSvA1q13vzsd3bSPmNcxxnBlBffcfd8DEOlw89aEGDEiUokxx9xnRFVVIMrvWjVntcGtrj1DxKz0MjBat0RkTrH6c9TczvsYc/eOmHHd08xub0+3T+3Vp0+RvJ73vJMoyVIfxz4KQVjLfzPvvaFB+5SK7VYomirkEbMiYHXjOGjVRk8Tqn7a6L3qsxka43I9blvbTofD84cznj3/9OWrT//6z//i/Y9vnj7/9PLx8sN3P8y4vPn+zeU8/uTX/2Tbjvs1z2//ePPrX3321WcPH95++80fbm9v7+4/G3N8+tlzWUQ8KPTkyfHYlXE1g1vLUCvopsLdvR0iJtjAFCMRGWi2GW1Rf7AWeiW4Fao7c4Iow1URi828eSt3g6PSPynknEMqR7DI4gH0BCdz8VBXkthSMSJq2a9adz72HUWOWg+qrIkKWq9yeoIzrs0N2Q1qbsiQryW1YqKK4zVToRX7z5gKZaPMuR40pfeqTMtZM3cBnrO4ZMAsB6/SrHvz1V9Irx2ckK33nFNAZjTQepsRKr+OV5e43IpelVuH0XvvjtZ8M/ZarhFefrA10NJmKmZkDrOVRaOQTAitYLgra5dEAAmkkqGRiMSUZLAZo1W5LlAgAWOj0egS0ax01WZbJaB+eh+ouPuZidA6HGbhUiQY2xrGVE4H1O4YpVrAgIJo0GljTONoTiGwBvMpJJGhEGigUgZ3QvCsVypZdinAvHVzVhmo80BH0EkDWNQmJ5DUDFrG3DOVisx4pL4BK51zJA/w3v2w9UNrmxfhFLPAmljE7YrQFgAmSmoswnpqZoaA1jqgFjnXtaQBkOyovcBC/BevCbXWlmVpSoEsFv5qD1E6CLYCjZtyqvBNE+UYkYWUEWtxjDKeEMqsBgQWlkQIQIArE/u41kABZLIW1WtkVPxU8e31ItdP6/w0QTF3+LLDQqs/lSCEYHBOsKIhdU0siAxBgZEqhk1tsopk/VhXQVfP5aDyGrspKDMIN9YuuZ6pK9eWj8aZ5cvDik1X4/3jIDwjC5oEcn1h5lgBipYSI5pXofEaASikImMa0dhABiuaW1Gj4gqRblhnTiiLFb2mVKxTt5RRnHvIVgW3AtQ67VR6YX1IVnUKiTRPA6L+gfxpf1GahMpEBIkwN++N/wDsrCBCebpgs7amj2bwkWFWb3mxRn+i8uGrCaFUAYjQLP2NVZa8LDQVArF6j6E6r8wq1Euu5ArWOXxZmGruqygCrAxQZfBmy0wYFCsOgrorZ4wRUdNtxDQ6kPu4Xi8XKNqjzz0zuCITQIqIn356jXBuJsMMYZWOhZtl0dgRkYshDEsoFBAsC9pfWQrVRyKAU3Kjt4KsWlJt60rmGLX40QIImhsURVLCY0GJIQ3O3rsbU6Gcx+Phky+evPj0eHffTidzTpgpIqoCi+G0yL2ou85GypjKq6ZnY2Yq0oCqmyqPE6Uq6AkpRzrNV61rjrmPOafmvu8jtSuTfjqcNmsfxvUyL5HY3BVZS9fygyWyWtakSKRmQCXblITTys0PJEv/9ciEWSxhiOQisTw66tcdWzZe1MhaG5CKBcngZilm+SBRqf+CdTWTJcJdACJCrPxPgXR78Xxd7sKhbZ999mrrvby4p+Pt6XR7e/9kzHmd58v5vG39xfMnr16eTqcEd3Cmiu8aK3eOIhKsLhfJZu5Q3RSeOXMVaHFqOpjJjP1wqGx0xgyoWbUrWkDpXOepMs+WlAfRzJtvEQufH1LE+Pb1x99/8+bjx4/eDu7efFWrmrkQM+Wy4CMwSQUD7JxorWfsAlpzQGNIIHtTjvrZhPXDZm6X8x4zzLyyT8XVmSMgoUEh697cg7n1m+sYNHrvSubcae7NQ0bpfD6ndDgdSLtexu3t/ZNnzz+8fnt3d/+wj97bH37/P/rWj7fPtlu8e/eBVSIMQOfruGBiaze3h0N3G+M89osUN6djjuuHy8w5Z6TTjqeNhoeHM+FWJN2ZIyJnKoOsajJWA6mM23bIlNFkcl8Qte3Qt67t0C/nGUByjNjP+6U1yxjjcrXOT17dQ/r44XJzf/zi6xdffvXJ17/84r/9l9+03g5b//a7d7/5m+/rzB9zlu+nbV2JVCBBgyaaVba9bGYHZ+Xji49TQqYlAgl3y1BrlqIZR6RSe14v52u7f/mzn/3yxSc/e3gYn3zxxd//9u+/+8P3X/38y1//6Vf72Jvl8dj/+GacLx+vl4fj4WgaxP77v/vrz7746sUnLz98eLdfL3/48O1XP//s2bPbEUM6nU79s1fHbfuItsNl1gpmQXNI3g4u7dxnwo1bc+g4fTrMHleJ9VYusx8pKmfuj9A+NSJEI+vrMNJqdTV2yUBTnaQUTjRrcovwUD7WXI2sd4CVaQqpOTKMXnk5oRjomuNqNVFV7oDw6iggaMjcjT1jl3VY9S+pWr3qcC6kGefMGbOe+KlIuK+qn3J11k3K7k0C3TMTNhUJQ8w55v64ewyxld/bzFOiodeRzkhYIJVqToAzAKv+zzB3t+LJarVfZnr3tTEwkwg3odGyQvCPi04ZoMyYOyDr3esIWO2NknkbcVXI3SKUqdCox+g/vD5zIiErDbcIq61iT0UdIG3GnkjlaKiHK8myPg4oDV7QzJmjQNdu1mjGppwzrqycvpJkWy/VCSJCbt7YUBeEEWhcpHwBau4j061BtgA+S05qa43C7M176+atXjyyaN5hNiKpWXHnzFBOKKTZms0ZCqUGMmlePbqUFRug27b1Y3nzZSbWGqu22FOWLGTNHG4OjqxOG0fmSNLYst54UIsMMZ1WKx1Ufismzaux8PHVxUCZaLBOM0waEgmlW6uvqhavq92LHBmt91pv13kLBMwKey8WXabOguPxvi2PiYrMGTFJmFeMlMGolfdqOVIWYg1kBeKM3dwziTLDrDRFczpLdjUybVDQNG8CmDs1DU2YkWpeosbyUxB1lfvMWe4ho5tV7tmNdVCqZacMlvVvgmUiavUrmVmdkd1dKUhmXofJjMRKE4Z7uRBWURLIyDQu0wLM62IA6/nNKZWvI5YWQ+qRfWTle3cZi2fCcuPUkhioClh3n3OyUD+glIolDysLWxyZzDJDRghp3h2AucNL0lk6xKKOSZpkuevK81dGcKeToZASM2M4RXGy5hljWpYvn4SsMbHsnjA3ClOVjV9lvZk1ni70et1rbu7FjFpETjZ4JaxMpDvAoLJgcCCSja1qqmm0pAyKMjNpoZhSGuZCEFnXSdGQVqIqYlaHLsbcr5EzIoRm1iwjZ61KC26GVYdrkJAhR8WklUGwFRxXNNvoDUoQc14zw+gsQl+krXK6jAzCGlljEknhEc8FU2rGSHETUlLMchsvcwbMaJN7zCD5yPyyrGeAUZQB/Xh4+fLmyy9uPnt1uDmm+yy3TvMWUCKonw6Ylc7vXHNaXOPS0ImoZwopizRAIbBqlT0TOadoyRBmUtcxZowBxUwlG42+tXY47/v781mBQ/P9POfI62VypTAgVcF8k1LVr5yPLZpANdRJAaXRzIAgWL1etVtbK8/10ThVOt7iezIjqAVBg6VyfXHI5Aq+VJmgDMicykcdquy3M7zOJUhV0lXIjH2/vn79LWg/+/Irb7a93CSdL9cPHz/c3d5er5hjb80+//zuy09PN6dg7KmROYFwApjOKr8J4wZa7SLMGluOOSFKPuagOy0D2kcNz5FzT79CtARsglOx1/7S3F0tIlKBZJ2h2LZi/htsnwNkb82AiG2z21OPQbYmM4/Ym281RzVumWNmCLOk9jJ0Kuv7LbA6xhg06+04xq6MOXNmWNWhBAU73t5srT+cL5ly51SA2rYeEYl09nr+jQxYc7fYcx/X1lo7HMwY1+scE+atdYjX69768f7504w8Ho8vXz2LdG+4OW7S4e7Js3fvPhwP92NeL9edbube4N38uLU5dkuMeYn93JrmyMvlYd+vcw4zenNIYw9I8Ghbyxm1LaqNWDM/HPpqs+lG0bo1a/u+J3Q8nXr3Y5hv6B5b60qk8Ysvnrz+Icc4PXt2Q+p405+/vD0d2od37//0V1/803/5i08+f/Lhwzg/PPzyl68++/z5N9+9/tvf/PFy1SInWMmZvtYKAI2GhGVd8ALMyzRYwLRqMGNCQrg33+z2dPfhw/vL9dparyRMbweZHduTL//0n/+Lf/OvLx8+env/6tPnb36wTz757Bdff/X06c2f/de/ev3H13dPb3ImYprmh4+Xy3m/f37zN3/5lxF5ebg6rG/t9sndfr1er/3Dhwdifvry6asnN5+98uM2Z36InIB82cta5iTQfKNRmG7bYWtdKFN1HTiFuTIh5YQpavdaWFkyyKM3Qx3jy9MTg5CZZWTtR+LxvWpa9OKRWX33tWJbj4jM1aJtzFqV5ZRKc1BKzatZlRAiQ2JE0jFj0PZ9Xmhbs63Y8aC68zKDVAXGI2IOmSPm6L6p+tSLKIxy25b1wWQELHW11qT4KTMnKaasIbI0bZa9s6TBjGEldtJkljmMbL2QkZUMj6hiHGrGOBXZCsqcmXQz867HnRGo5hYFAJdmzErQScq599aTWqUsYWJ1/VatYe28ksiWXerJudzbCsxkb8k0KYHOar+BoeK8IzEJBxtU03RP7UsbR1LN2FVcQsJ9MzBihuWMpNhpBmOite5g5kSzknrLWVWp0tQE6K1JPsBmDZW7ZooxcZ0h42ZGoFmmtaiwllsHFbrO4NTeoqF4vgYXQrtRzZmyCpxrOcuicPDlm7YMp1EJhWSLf5g5YgjaY6Z2YY5xiRxCpqjM6pGQ0hoidjG9HY2WU40kqLRKBCmr/WL1wz2WMk2EOY21y12niDlSjyd7GRzLO2pOkQ4W248wwxyViAQeR9vyxGoFIAHMBY6EF3ArqQpuV0BHqL2u+/LANz5qHYUCzlLZjJUiKJc2YNL6g4C7Ld5T86JN0YwzI+lisMKaIhsf238FhJuZ4EVJEpp5/RsbzGB1CKkAba0DKzxYEwyUtFKXygfuSBW6I6C+dS4fJtzMHDlnfXbFWmUpCZpVOxKKQmmVYl5avxYWaY1uSrl1Kyi4ZKILAjOz+ncXeJOA2foXVsV6lljKzKhuvCJ+zioczQRoXgJYOlQIOZhZMXqIEhgicjlKFkndHrlNdU5PWwzAII3gxF5zXwZqw1RpJTf31hCh4qxFJDTnrOcKjTEjNFnB8daMwCoFZRXlNWxSOaYUkK33mpFOVBfvMsBMVSO3jExjJuoIAhPTQmztEHmtfHPMrJ8aiogxY2mONE/N8xj7mBHhZinETDdLzFzGRy9VYTU1EqmoD6s29OXFDERkOGFwIFE2wly/u2wJlr62RHWqsyr0IAxR3Q8yaOxnpEyP/j7jSrWI0ijvvMG8N9Ie1zkpom/2ySdPvvjyyfNn7cmtnw7WGA43E5CES5w5qSyEaMwZuFLWrCVSOWMOpzuxtWbmCmXuUZBEF60JNc5Gzn3m1Gq0qCvau9OsBw4zYs7R0fqx7Re92a/X84il/NCIWRba4tKuNm5Wr0hWgbuM69FvKVQJhtHWS2qpY6jsnZsDWK2YpaSsTLlQzWqFehqRKwy1AKH1Q4gkue62blTtE0hwWfHdm5gY1/EwH3Jknk6nTz/78vZ00499+/jxmx++/3h+2K+X6/X65Mnps0+2Z896b2leN3zCQDJHwpqsafl1Km+/WOGMrJI1N4sMTE4EzeQ0tXE9W8Ksba3PmHD9ZHOKiIgkm6Glzch0eCvHYyGJrZHdaGOMyzk0XzhkrQAAIABJREFUBbKRE+N6vSrg5tf9um29t7bnjEKLCN5aSEwYrTVTeHUoV3fMnBFjGGDuhaTIOb37trXMuA7RrDcrzEVrnbB9XPphc2vLdCm5m1sb42zuNzd3th0+vH2dmX44mLdtO8QIt3Z3d8vEm7dvXr56dTidHj6c375+/emnn+zTbm5v+3ZzvDm9e//+/fsPGeO0eWJ2attwffgwx5ncb+8akefz9XI5I3XcDt7cG83U3XtA4OV8kXj39CjAPgLqN6dTM8wx6M0PbsTW+/k82vFwd9+fPrm9jt3dnj+/ffX87jLyb/7m+9ub9vXXT9wjqVef3n322f2T++1w4Nj32+PnP/vyk6cv7h8e9m//8OYXP//05u704d3l9799/frHM5bJP2nutFhN8inwsHUwoUBKopcAGAmBbkR9nhDlbK35iLher63f9MPt1tt13w/H48tPPj/ePLt/8iwT//H/+N/f/vDjz7/++fXjAzufffL0f/ztb/72d7/5q7/467he/fj5tp3m5fzhwzs/3Ynx7Tff7Nf53//iQmuHww2af/2nT/fr5fLRC/H/4f2HOSg8AFdnlaTS3TMEqHY6pfgpaX6YMZspyJiDVpKsUMT3xx2NuYCIiMxsHiEPtZnX5dsJgExmzJExnQqmLRjHgnvR4LRgWXsRyeZeerDETGWOGRoRKSwTViXw6K0dCu2pKGl8mrc6fCdG5ogcjII01IA43cGpnAMq+JaRLiCqHcigDFI5xda8WPqZYiaVGUXNY2bknpI7AlFc6cpGc+3OWOWlFQYzmrwZIjNCUyZbFHNEZjEhQKtlnFERQYK1ry08mGZoLu0imWv6lROARcpaAwqsKgaQmTGhcDpcCK7DOrhKKZpVLSUgZLR2KF99yQuwRGZipuQ1ki1HdP2CHghpRkxaI5rBAET1HpgiR21+UkWutizeZEqRthHVkoS0OWwVCNUmM5pzBHprIyIiQjMRIYlVfUjrhacXZUhNXfeYEWFQa755G5HNLWmh8kphc49RbcGhHASrYmkZOQtdiRhxbWV0npm1uM3rjHPGngpgZl5HFDXLjF2ZOS7NnGg1/s2JGKNJkIzSzISHMZYTJGZiWZ8BGsosVcaJMus7TZWdDe1Md1iUXLBsP+nmM4MJA2Ey+oiZkUaVf2ZliyjkqDGxYu2VPYdbtcKrkEZC0WkiBgq++Kg3GKxazWu94WzlEzESsBJorLQdEzIJd98UEMRKYyCENFvWinViz0C9STPNrEK+JjFEd4cp5Y+WnhKoZuS6F+odpiSYM2iUuWF2L4nJijOdmSyeAE0IuusxaVfun8eD43LDRE5v9kgmzcxZH4FQ5ZjlZ/ByRdMBLRswaoLKNDZIM7K6zcHqJkss6onicXifVYZa0VUU4NSgdLq3Xqz3n0CDQJ0bWG1sXFZELDOyGyQ3QCZowyExIqvgQxmjzqcLEiuHJkXFBFgZbrliVpYFNYaBhiCcvRoaaWarn7ySO9Z9LYBIkhX7NtBggBm7GSOmvFbzyyBltMKoSdKcMJKcNbYQoRFZ696UchQFCJyRnT4iz9c5RoWA08SogvGcUBIrpK813cGcSs9Mg9cwSdmK+i5ZViWIYbkgKx9RNsrKbWsppK6aJVSVpc3r8l4Wlnp+LgGv1ByVLkRlEg0o4s3WrPKHh8Pti1c3n31x++yZ3932m2M37jNGa8eYmZZW7RJVppiQcs5rptBPpGM1Iaa1ts9skEMjQwKVmeWWVgqZytxLCIpEyKJi/26NxwyGpjKP27EZL5fLdY8U27ZZm7JYtVNZ/hKr1yCrZZz2SMHR45OsDIzBioKDEz9F6MrPyUSuzUU9yVZgXT/F18papCpof6y4qEyKrVaFogUxZz7aiWztwDJktcDw29OdrF2u52+/+93IcXP75MXz5/TtdLiZsRtxPB4/+ezu05fb7V3rPiT8Q5oEJZL6+uFugJiZgLvFvHozCGNGoXdjzjIHDqn5QSZ40Ew2Y87m3QhGoZGThYOSE1JOeROahJ9UeQkUrvv54/ntx8u7feyA5wjF9HYgaL5WcXzkRUjImY/xl3VBevYZUYF3ZvRtozJilvvKWxtz0JhJd2vd5h5z7CTYtrGPw3bwfpzXXTl7O6TJrHigOJ5uBHt49wbQ7d2TEREzsdnzl08/fnxQyiBoal7ovFw/7vv87LOXlz++Pz9cnz69O+/54tVnLz/58ofvv926Xc9vLpe3eRnAnhjX64cYs7cDqZvbjezHU+tHPX12uDt5TL5+ffnhj2dzePe700ETm9vd3QmgbYy4PH9+/PrrZ0L7zW/fvnt9fnJ3ePnp/X65eDu8eHH8k19+frnEf/hP/+Of/OOX//Qf//y7P3787nv8k3/26T/+J5/94quXP3z7A5Cff/H18XT88O7h4f1Oxr/6l3/y6tXN7/7um7/4b9/+zV/9UKjQjx/PvUoI3KEYc5rTaTBlBCk6Z4mUxYMyR5FPmmXh8rplZIzQvLStp3iOCbp7e/f27eXjHpeH73/47np+v203T54//Yu//LvD8RDj4+9/+/u7J8dt68e7m+PxdHN3y4x9nzdHxBjPn97Eob97++54e7v1u/fv3vz1f//bzz//8pZ88vSOlre33jfNcd55dq+u8SBo7NLUcnl4A+Ve/kzlbG6SE0v7XxVFkWT1ALIeO1BmIOMa5AAiN2TgsR9mzjOwR1wjhzhnTFpwec9IJaXuLSKiLOtaj84gqu5jr9D94nRWlw4USKPkZTU8bF3FrCabgRrUmHOmbU6OOZMxY+ScyixOuyIqktFbcTh3h1GWGsxNvoTOzElLVDAzV+xbMwGMObwxYjcDZTOnL9VTZlW4yVC6WaSkvZDUxeOqlXZZj2ey5p40ldHSEDNmaedSSrMIMaEgRck0KXrrM+V1aIDKXVh0R5a0qrJGh2IvY3ytMsuNRhit2pZWAFQkYybSrVUsVUtjAWaYe1QkjUjtZmqE2bYs41VGn+m1DQUip8vU2oxBuijkhPVUZAzmaGzFCc0YUhSeYM50tqLRlZBcwLe6+gh3a2W/qV3dnDtyzIHZmjdn9gXoeFy8T0oYYFjpdSIySGtuTkh7hpWpdQagIdXlFVRkjOKuULSVWmTswwyEj7kbRJmb5twV2epgzloDa3pWA6ExM3IU4LMMnYWaElQG0KVxV8eUoSSiOl5EVAYCtZLNTHNb2TtvRBZDxr2JrfZO5hSqZxdFUKlT8uNn6t76jMlFsPKZM6WiIzXv1gwJGt03lpEdMlSfc7e2KUCaobEWl6gkWZtzkgbIzGKFbZiqrpPFCmRVpyiV2dpWLNStdYpiJUBi1rlMmKMmImWdPMpaouoVQSLRyBINyRzyZlZeRVtJlRoevFkFSUt7nJqW5rQoMmy97mPOmN09hTn21jsBQxF+l/rpvvLXM2WF+iwMXEZCZs1g0lQZkWqrXW0gJBY3LJdlv9xgCd+ctWVP1Gdj3iTOOb0mRCD1yLhRNG9GFwNk74eY05yTPvLDKOteRCjdeirK8jOnyk9u3uq5kGSsdLggTC0DnMu61wxZfiHGjN67s0lORmCSm9OwxndbB7bM9DXYwqq3dlNk1HFkVTSYlLWcLj/wnBO01IxlXRMk0d36vs8Rc+1pCq2DvjhGgpJl3c6choJ9TKEtW4TVsqgCyQVVZKk2RZ0iHSwKHowmT4gZkVwdP0Cl81URmgJ+s1KQIFZp9GpdKccXjXAZ2+NGTYpUTIqHw/by5d3zF8cnTw5P7tvp2Nxg5lvvmT5iH2PfOgglA1UJAFcSmpIJhqJGeD3qMa6jd0cWOr+K/QKIGdnNSrMgRGtMz5S3TnhocYSO28nq58Q87zvBw9a8e43QZpZAIGkwYQG9atjMBCYE5ag51aAaWRN63CPWX67V9SWkcpl4H+kYAFBEjZoF6kGPmpsXWSwiWeVRWcUL9X5JM7dGJZCMgOJCM1o39dZOieuY8frN67cfP17G5e7u2XXfZ1x765++uP35z27v7tU81v6LrA5EEPQGtjEFmjcHHWY5gkZW2rjczXVVrSWOZiYsgzPY6bXbjH3EjCFolu8mQpKYvZ9OrRMTJlojSM2JmWnb4ebm9umLp/PuVt/lDyjVxpvBZnmgVSyAWdJnJi6XJHE83mhNroqY+9iBPHCzZnNOKGemdyftcDpeLxUDIc0jNOfI0O3trURr7q0ZMGPvW98Op5lz7JdSsQB7+PDWmh9P9/1wfHjzY9+ON7c3BlwfLqeb+9vb0/s3P2rmk/sX14/Xv/rdfz/dnC7XadLd7enju7fn8+Xpyxd/+qufjXF+/f0D0y+Xh9tTuz0dLqePx6M/ebr1Qz+c7u6fHD55eX97dzidDq//+PDv/7e/2wefPn/eWorSzOt1PL+/efL0uB319c+f/vpXn5rZd999+Hf//jfHw+Gf/dtfRexz7ndffvrrf/T57d3Nn/+33/35n/3t//Qvf/2rP/36N7//9u3Dx1//o2e//uUnn3z6fFziy89evHj1dOv+/sO5GZ+8evL06fH16z9+/9373/32x2/+8H6MvF7O1z225k5vzeeIfQ8pDM03N6E7s8zlmi1771tR8yrd43TvbUTul2t1J4HIeYV4vY7jzfH8IUT/+Ve3z5/fvn3TDk9ffPr5l69evXr7+pvL5f3D+z++f/Ndb8+V1g633/3h+1Cwt6n4wzd/2M+XJ09v5j5Sc1yvvJ23p+Pl/DHH9Xo939wff/6zz27aftrGzfHQ+mGMD8JIZaRbayImptckHgH2tYJjQtlbizlqZ6ma7Z0QyxEHzZi70QWOuGidIce00ayPmFCEdmjfx0ezJQlScCAVht68KUcmiGaYc6wH15iDK/9bG34hMZUUWmtJTQ4X/ZEu39lUzYwsT71G7CK1j9Z7ShHjfDmTk2Y59+49EDDLMVMzQ8VfSSWNoR0B0/aTJbfSOxMJqZmx9cwQA8wxdpLWvEgFlmjWqjWlCr8kcGUxY8YwqxIUdt8Ah5lA0a4Zlmyt0HO1MY85CyIfGVNS1mZcoPecMaVEjCk3a1onk8wsMn3MmUqxUsujZTerv5Q0N5h7632jSJgCvXWjhaYkwiIC5pE5xkPzJpBRG+pahXZDvfS8TqaiwWizE6HMZEhxTR38WHoHkrYY4BJGyszkaBEJBcWY0b1n7im6uWVrPAhDCx3sgLlv5pYxjJ6KOaYZU9jn2Oe1944tunUmQ1KsXs6yJQutuB1wAw3lBM6YNkxNyj3OmCrOr1PKbN7q/WWI3rZQyf27C0CrwEiOqLYoAc3q1lGGkok997Ts3QAzjzrGARWOnFhQognW3VUzbJT+Wgf0SuPVZ7YqDExR4/GyA0uCGUMyRoBUyur7a20Vr7IW39Iita/mAVpIU1JSVMTidGSysdGcdIOvwkrAYA2PnQCVmESascHGVKECqsc8c02ZQMXMigryGFwgUraaDlQm+rqavMIMLDOGBGHOjJzWliwwZjTrAm39uyJXeW+CqWQgyXLPpNHMnZlFHBEUyUBilsUQcw5ZudNrUtA+R/UDRU4rmxXLcgxUI7VIa6XX0C1j1B21lsoVysEiNCmjDPCVFq1F/gpAA0ZLFzMD+zozQhDnHGC5mbhyBmVLhLuxWQdlLNYKaMyI1QMwY2oAlklhptBoSFA+ZhQ2JmOJH4TcuI9hVgXGZmh8bJISNTO8vuWkeRNVmE4vOalEJ1VWHhXcKB6++2Ed/xyZ05jFegBL3p2pOSaMbSoNKkhziV3uLdLAZoZmR6PnHKvKiIosG27PsZdJq2LNhhL3MrPOR5MIEe40stDmNY6uiyyjZB5gyXKpGYoMOcyaqWLbZZjUzBCqXjqSwAwZaqYiiUZ7lEasmZfvq+IVrYnA0+c3n3xy9+LZ8fbGnz65u7thxf+KgZeAwJilPAkUWQuATaBUOFsmUKAc0mYG0x4bSGeuOPrMyAmWIiNYZADmbr1vzj5gIy9g9t6kHNeZgXmdbujNIRgKHsll0SmbjhIsvBeVQZMZVSa3rN6GBpUYZHzswBQeRYLqgq8RYi0T4UZVKP7x6SbZT9Y72ipsW1QqIKbMf7p65gYzN8gdnBHKAO1hPBwcZtvhcHt39zSluc83b/4YCpC3dzc//5PPvvzCb24cK1mY1V9XHRSi1fspkiPKBZSZ4lDbeiWYt75JV3O4OK6XLP2dft3DWZCgoDLmFCJgc1yBdPbJacUewxaRqUAUXxmV9TPk+eHD5ZLXy1AmiRnTWZvE6XVzRYn72Wx15BUAztxj6nA87Ts9JoWMnDOKx9q3A41z7tfzRfOxBqhTM5DZnGW3MG8Cr5dza/14ugVtfLxmKpjHm9P58iFzvzm89O304d0bQDc3t3Pfz/s1EDB+9/33Hx/efvjw/vlnP7N2SI3X3/9wunvx/MXz8/V8vowD+Ld/9Zeff/ZiHx+7583t4f52fvqZnj23F89+9vL58dnzZ0K23g7bwbw97PGX//03f/bn35yHvvrq2bNP74Bxezo0zNubw/2Tw7PnN7d3N6fjzd/+9od/959++/Hd+X/+1//o6Y1n4uHsv/j6688++/SbP7779//p767vL/+v/8e/ON60//Cf/+vd3e3/93/5p5+9enK5XGHH7b4/fXLqnddx3RpfPr+9ub378fsfv//m/eu3H3/4UR/Pev3jm4eP58N26H1DWuFcx7gWBHlOubl760ZppKoZLyAuCho1tVcZtqAZaTkDsbUGom3Hw+kJ0O7u70P8q7/4zZD98k9/edi2f/f/+490/+Tz+7c//GFePr57jbunr5jz7evvb548u72/f3j3x7ub0wXx5vvvvW1s/bI/vHv74839k09efnY8tuOxj8v1w7sf7p4fZ85r7OxhjRnlT9mREtIk711zpILNAbjZI7Y/zczbFtOgIYVYm+o6Uw2ijq+Zuc/MLM1qXAY8hcRMDWimJgE9pgKgZJqMmFywF80Zuc8oA94aMFApI0YRIwTSFKIVriiU6ailA0g2d9DdHNKMC9lAHzOUnBqRuxukNGvl0a9naJUSsG2WEMzJjAFUfa43c8Arx0pOMxLNqDS3HBSkmLH3agxkObJFFgmP1YSjHAHFnKV6KNOsrR9lnsKYg7JQhCZgNMvMEYFMsAM5x6zHqpljoDie+7jYZohcjcGpKIvEcl1oZtZuW1AyKCeM9MPhtrVN4ta6wSpcwWRJu8VoeEyiKZRU1E/MDBCG3mxzY73l3fpPsY7eDjn38Bj71ahQXPdL8w7I2TRTFlZN2CxLRyAnQTdLGpTN2pwZgNNb+wnbLRl7P9RBSxUkRS3QY8aMlCHnvO6Ud5CtNKrISKXTmx1mRGkGmfFIYRJyqAzFMBAzr5FhbavlJlHvhEbLsQ83JZcoE9rHNXsX6RmD1khWIxKVwToCWiRNOWFN6bJUID2NWJD9Oq5EJHKtiGPWwr4AzfXiyTBjgVpro5SF8IqIXNZwFP27BGGBbg30xeJUE6ayMsEOpZBcK8p16Gdy7ZsTzVuzlqrQZ6dbRhZwJjQUSVjaYVkAalhVmMGdMSWYe4PCrFXiROBSxcraUwH++svgXq3iRkkzR0We59ircx6PLUuC3M2buWHOAIruGWBbNojIVhFmkoSbxZxON7LcR8XfhCrkGrViVJYJ5afoogNWxaC0pkUyWbBFqwnAvBhnhOhbFU+wQIDKtUXIWRhWFSyy6jYooYqMa3WBTtNaahdNlY+A+TqVyszqu5DkzYxt/Q4wy5xl31omU2t+1GQtImZ9IkXTNXQ6ExFZeKti4ZAwdxJzBIxgmlqNLpU6iDIpAjOGvL64KjWrnRCErMN35TO7b0gaDS2r8SbclIMWLps5MqfRM9KMdfxTtaRKyvlIZYUQNMYcOaebmznrDGom1SJ+WtHHzDIilhOJRHKV2QWWZjJTI6WaNbx8QFhRwjJboThCpNHWM5Ami2INZSbICom7U8FHvjjptCDMBCgnWXM46KxB1r3d3h1fvbh98bR/+uru2Z0fD75tbkyBwsgcBnZsBiamicni5TndTE11VK04P3yt0EVm2S+zLI8yp2KOkMjaMgmZe8Jb35xVAaLmDU0Y87rHed+ve7q3u9vDw/VqzUrwKlfU8ibW+hnLmFrQb6Cqsoyr3sIiBpcQkaxYDGdWc3o5GL0appfBb/V6VFUPnZkIpT+6qip6L1WMrKCJqproXCyC9R9YtZGBuMwzB7ZDGR3Ztpvb29OY1/P+0Jo/e3n4+Zf9xfO2HQyYNBibGBkzo75ImzlIB5gRAmeyeyfUvYmMmSQP7QBomFrbatxEKvax4+pAKy6KZI0pwMQIM28sRviEdXhjRs1DgJpRwj4u18v+279/+/r1RyAjETnJtqZxpZvtRGS0ejP8tFAAI9W3buaZcOvIGZSECTVzQSaZHOvKMINyH4Bac3qLTHNvfcsImLdt2w6nhw8PY4zDzY1oqYBma8fj6YnyGnM/nm4+fHh/7NvpsO0jztf9+vDWYj8dj9/+4Tf/5J//6y9+9vX7P3774c2PP/v6q5c/+9T6N9/8/u/3y8fz+XD//O54iNN2+dM/uf/0k/nyqd0fj60fD6f7UJghY7x9/+bDmx8tP/6//80vPnn10hFqbGZP7u6Ueeg94D+8/vA3v//+b/72L+5ON//r//xPv/r0qYQ3794b2/39/Y9v3/5v//v/+fb95R/9ydf/9Nc///GHb96dL//mX//6T776XDO2bsfjSaiOX6XSgdtjN9jr16//8M33lz2v1/a73/3w+9/+oMDWj26NsPPY9/0Sc9aoOkd04wQ3Zyr5WNUnqRaxxectKy8QjywWUs6+HbZbmLu14+nUDm2MTMXN7c2zZ/fvfngtXO6f3vzuN//93bs3pZyNcU2d5uV6+/ltxvzxh29fffZVM4790rcT6GO/vo93N2/e3j/9ZOwX6cmzFy+e3rWXz29a++P58n7Gu96uc38AEtZGnIHc2sYd3g6rY1GrcypZLUIgYK6YU8aUyNi8ZQzZaixZZhmEcsHfIiZgqRRCEakYSGP5VfCTfXBmgEzljJiRETkzMhRYTO1i7UqodtDIVNC9cN5UJqw5XenmZMHjq2gi55gX0hfiRjJgzN3dm1EZzQu/lrW2So2h2NqBUGCu9YU87aaxsUFzXzseN6WQIXMp3c2sts10mrMpUzHLSV71oBPL9pxRBzybCCp7ca8RkNx6IitrxGVdoJtniEY3nzEgzVk/bNZVhoS1jfVCMy4kRmQizKoGHKvpw8xWO9bp2G+N3a27N4LNO4CYO6GRPq8PmdPYxaCsrY8il5E55ai2gCKVVIeUSOZy23JjC496ahnZm8cEhZxz8kxTQAZTMUOtypVEtkyAEcii02jFzcPh1Ky6AMqaWcaemc5Ip3PLOM9Mg7xhV5VazAVAozXfMiMZUxML6QJFiLGaGLDPMLrNnIXkMRYkF5lR6kM6gwmFckaEtS00r/uZBOVbP9C8LUW7inSXJpW75laXJpHrIA9FFLxnOVzK7RUzVbx8WDY0I1TZOEEFVFmNOlHO3rVXqpdhSXWEuRngoCGr1lFR/+fKsiqU9MX0reCzwXrvGevECfjWtkZfSUkyqgfDUyO8bcnB9HXSjUmTsqgs6XVltMVjrY1XPhpWq7mWtizZddDk8mmUDSoL/dGMI8OdZUH+KRuKQGOFqItHEjDOnNV/mVPF+Hc3615nuurckKrgs1z1MHhKyizqOMWiAlWxvMHdGsSIhNib19VepfQMPCqGaW7lA61VRHHrK9INaUZVVpXtOaLMQnAD4WsKSoiKyOjWy2ughVxERaG5MKasYYHmmY8OvWRKSBp6c1e2a1yVOcYVjx4VIRuQyMrlKGXmZfmqQgOxtq21+FczGlcWNgJoAgbgSrTFCZjleKeQBsCKW+ZuZEOKdFik0q1JNW5kzqK82k8hZ6MHlSGTRVFHIIOV0Jk5t60fjyfwHAoJZFfFMIwFnzFhaBa8tkrsBY1ChaaUKvQAidSsw1ndll6JohRWYOIRfQVFJA05g62S927yZHjd1Z6ca14tzzoBZhbfouwqIBxwY3P75LMnP/vq9tNPjq+eH+9ueHew5tVtXGgdNaPg0qRypYIlGoQK8K+uR1ojW6nVVlcrvSZp7bnau9aR2/eR3ujufXHIpRyUmzuAiYyYl+t1H/P+/mae+o8fMlUA3lK9yu2TyFJL6LSoOIWVOIBSMnNmxGD93qsf93EFVsefRQqAEgqQmmWh4bqHnagFU93huVLGyMdnQirrm9J6w2VmgPRmTgedOTN16oc6r1+uDyN1c//scGrW/Lbfv3x186tf3n75iT+9994050ROUu6cOd0XmzMz3RrdHukAYrPWnDRkWfj1KFSGMAVDhlK9mzEyg81XiUvFzhDJiEx6+wk38Rg5WABp5a40a43ez2eOfTS3EVQqmMCeGeaNhCFbM5dlQjkzohPpfczpdgjR3Dccxg6pNkS1UQlW0SNZtTy5R0YQ2E5Ht+18vvTNocx5dffW2pyBjL71481h7Pt+/rj104vPfjnGfrlcm7kiLh8v969uW2999id3T/748EYR9ze3l/d//LP//H/83/+f/8sP3z7/y//259/94btX+tS3/urTp/todzf91Se3X315OvQ3L+4uv/z8k+dPj26btW0PIM7OmMjTwb7+8rNf/eKriPRml/06I0/HG+c2Iz6cL7//9vW7j5dX98/+1f/nl0fHTP349u3Dx/14ut16+/DxfcT85//4V8/ub8k07M8/efm5NyJP28GOzNg9q+PFkobykQBv37z+/e+/68fT5z97+e33v3/zYXo/9oPGh8ueMXMf15FFLzaD0c29bytvlUjArCEZmgC8WTWnKtzEtrWqx1HKvDd2AnO/XsbbuZ/O5x3g8XQYc/zVn/3Z/nCm6+OH79+8fivl3f3T27un3lrM8fHywR3GTe6tb6PvjfBDu715cnf7dIyRmeeHc0x8vFy/ws+Ovj3bN2wSAAAgAElEQVTcxna/b0cz0z4GF74nZk4z7Znw3mmgKyegqsQ2WgX3kUWeKchFGsnGQnek1c5LKFMlIvJKMIrOY4oZY+xSQto2H4oebWueSM2ERLc9IhIzcqTGzIpHVuxYMW0YzXvVXoA0S9mY6bRmvTVXZO+9tY1YHtd6n5PI6ow3G2PQvVsvVlmyDIDYDi3GrLAPmYEprb9IqihYZB0i3ChH5OoqVv505CVQkNdKfgILt1jxQQkGz+UsrceY5bLNEMqVtTJQjKynQoHnqx5etdAtBxLWIsRp6ewmdu/GhVQuLrWMGQgljY0NbGbd6aa2tUNvh+43Wzu6t+Yd1boZGPLI4abethwqvcWaKYCoo2cWj3QREsHif+SMZm6ohAFjjgg0NhpgykwketFF5xzzTKa3G2VOTJM2b0Wyq/3oApMTypg5QzNT3eBG5LTy7QMkvbnDYg5Q1hwR9fmOGeIkVPKzZcnRac0saPTlBYdUuoRizotcLRuN3pqv5EEQgoYAojrjqx1nhiKmzQQU7tYM8CDYyuDqVS0t+Wr/rTfngKyIF0pmOV9qjFtn34xMAbVxpxUB2uokU6pAEdXnqLZeLySota4qhrBW2Y4SZTLTfEvOmRPlDSpqsbKiZysGl4Xkb4S7W/NSmNvWD8qSwsjmOUNMSjCZhZGZgblc/kZUuZc5QyiQeVF1vLCvK3tbcd5EQu7rA9A/2Ogl1M6xjMgmZ3MpIWztQHpEFXxkxKQ5aTOyDM0yzTm8oseJjGzeFqS+tYxR8wVWXtMFKdLMi3bjboBlgAZvDaIbkc5MJ82sLfnBJdFh4sgxa81pnLW2BIM5x1zMnzEIy4wZMSl6kRbK59AASyEyaFl4ucho3ioiIJVpzldyMjMRJOkm1BlotX0U/QlqUDbniBDVu0XMwESmQVPZ9JP/WkbAPbPQB+zmWf4wWOSkNdJRKdhW2WuZzOjGTgGIyEFzgoog4LbRt5zpLSVRzeBFVqXU6MVTlzKQzXvtj0mstl23rg1gSMo5Z3rr3syb01fmtDYtQBoFmBAAhyS6tYbFnecq9LVSNmP1uC3YFiBT1LdjkaF4ZH3WiXoFxlOTxuoFC9Izg26LykAJWdNblrmpHlneABjZulVUazv0Zy/vP/3s9tPPnnzy6c224XT0bTNQzJi5u3mzA6TJVCCTnY2FaBCotOVUlABjQPDWt7Zl1KEFNIO21mzMXaXqwFKYIZqbW0KWEbqS3d3AohiTRL1ib++O14svONgjmgCsAJXJitMkIAWaAFnEiEiCkY/5YwPdBWlYFu+1Gg3FZBKsXRU9K8hURiMu0lnRf5bhzrwAdosGVKABEUBNHpnlPTDKzLfW3IZ86zodT7C+HQ6Z2OcZH5M+bm5vnz19+qtfPv3F535/F84QarKq8rvFdFRWjMphlpNcvYsug5nnhBuLHgsoc7J1l/Z9nxFkyHYzJq+z5kBjZF73kZA31xhItX5QpjBpGTMAJWXsM0Zktogff3x4/35uHddIyiqlZrSIicyYI2I3VPbGEi1rERFqZkqgmZnv+wDN24ZMIRXrJGfOUFZlvSBSRsYY02ZhEHPO8/nhybNnMWPOB3H2g+/Xc1x3SdZPkfH+3Q/z+qG1TeTx5q71djl/vLt7uvUWM6775f35fQav737z3/7rzf/0b/4t++27Nz988/u/v7nbnj+9ef3jx3fv37789Gaz/vLp4Wef39/db2ZszZKKLMggN+/t5j4ySUXm9RpKdHOkZlxh5s6vPn/x5HhvxMDcY1o/PHvx9MVzuzucQM6I8/k8YyQervvo7A59HMX8HWbWyALUmXd/fBTknDPmk6d3N0/uf/eHt6/fXt+9v14zzjGvMUxYTgPziq4SZu5KsTeqwWDOjEcvii0+r9Lcza0irH7ajq1tGSlmjIvT2LZx2Vvvp9vj8Xi4XmLMS2IflyugQ/fI7cWrTw6Hm8vDGcKTJ/etQbTj4fjh/VuzzXsbl+vs+/HmPqT7p88+//KL63k/X67XfSeOYx/mCez7/t4tbI3p3NpRuZf5dGqwNj/GjKtiJDTmddsaV1BRgqr6NDOLJgSEVa0mt4SNeY3cyQqpz6RizhlDWnonBfksBE09eyNmZqYwyq4h2/eRMJpDUGRSm7uKIulQeWrIMZMeFuU9J2Cgu3cXZ0RqYgXKSMA7pZgFOHFvHlNjxqh9aR3BYw6A3krerUKAsoBGgclRJ+qazUt3VRBui6UISWNehXC6YzN6bfhJNtt2DRrdulK1VK0zhlkVzLMKHROBOlIgM3cDo4zeyyuZNDRrtWaC4Ny4yPcC3Kwlsj6mlDm89aPZZnBja9Y3P3U7OXtj3/xAWEoy9W4aHHMC7t4R09SUQrFZsppPS2dYr7y1PjPzOoKmQG/9MMdo5hGDYm+9Sv8goJsYyMlUaob2IDJ6M5fqZRyZooGxXhLVYlrxJ8KtUrBlKwWc6M3HzJnhRtIlzZwxZl9TVYlTlSXL5o3WH9sMtBl6s8iqMxuwagzMFJr3XhU9qYgpg8xycmTUVTm0937I0IhJcO7uXovpMq+Xt0ILFxJ5hRnCa3ZO80qeR4XeJEWBURFiYauo1Ah6p3tGvRKhWMILjJUZoBhzuruzCWwwmrm5Vrskaeaw3jxDqamYMNVmsfICdYWWzFNjp5u35iysSrBSs3VqJNPdMgchVC+1UUAiI0cqsvrzKl6qdKPBZclASpEFpUbVMZhb6WZS/sMlJdGtlm1bN9Iigp7NmmTeeiJyAl66h2akuCIwJZdkzgoVRk7AsPrPJFYGVMusL3FVXPkyJwhudSMScEhi2Eo2Br2pjF1ksVDMzMARilrIQ2KOyMhAuUBLDczUTGueC6Orf0CbloQaIebmfZ1Ry39otV8PLmeEKSa89tNOt8yK3otgtflGlk1wA9KsZ54NhEehklv55+rADURGc0sziymjp+rcTwnmBoNsZpiXAUPG5mpUNYplpgwqR00ooGnmAyMjTF5lT2QVo2ZWUVdFQZwwVGYICpr37soU29xHITfNIe3UIIcQRvNmq2EuA6VYVDLInEkRJfaBqk5hEu4emahVBqGAN1MoDHqko6DKwGimWrakgWmmrMxBlH7CZl7CR4YbAK8d8SpnMTLp7jNXF5aT1u35J/c//8WLz764f/7idHd/cJ90ZUZiF/aaeGmt9jwoLqN7VYbWS9fK4b3UmGnG5maEW80eLdNKz9j6cbJheokZvXlvXguwgKjw1lOJTHcPAt5b73d3btbPl32f+9wnSBZbKhk0UlEjV0osLLQtT+bjwyPL1Mvyy1dBIiOSAQdVveP1oawk3KIbkIAYEpYTqG7JIoUrCz2xdAZTqf0FLtfKEyi1j9G2QzMrg1HmxPTeN0OO/bqf7fZ0ePIEn7/ii2fsLTL2Cg7NDFjmPg1gazQ8InYsQ0hmqDdAtRGEWa+xjmYhw7wmrW+V90YiBvYWNiCH02oXkMgYMawZMlJDjKp0d3eiKxN00cHY9/j+h/MP333IGWO/zPRTv1E1x9MMhZFZFkpzIwyhkdOte98IjLGHokBnSsScxqz90kR6tU6uieJKM9BnRvPWWwMA0+nmrm/bTHl3zXj//t3xcIzM7ebet/7mzR8e3v1wd3s/Q7d3t9t2e728fXj/1tpRfH+97lvfzufLddft6ebb3/3Vv7t8ePX5z58/v//22w8/fvfjvD1sW799dnd/a7TL7e2pbw7oej2Pa6R7olnbGrkaIJbpsWVcaG7Evl8ANjv0tkHa8wzLw3Y4HO5iEq0rNGMklcrwK5hDAw6ZDQ0DMnUe2ds2QJNt/di7mXlESmFm97d3/bi/fv/uhz/++OObdyPG+eESE94OGJPIzUAyVDXnSigimlrFWkI5czZ4CXSJdHM6Yxaonm4tQnNeZoz9+pGG0/He0Nq2HU6Hh4eHD+/fjT231k83h0RQOh6OaDdA+/jh44f377/8+ZcvXj77+PZ9O90fDzf3T+7fvnto7BGRUu8dsLHHuzdvPv3s8xfdX756+uLZqW0XePgGUfv146HV88ndu7I3W0yH5l2ZoUn3mDPGMEPOJAB3sjUKSmGatfJXGEySWyvXtZMBQWnw1myPEZpVBEYoUm5WpOnVHFP/iWOW+6eSWFXY0GjWtgNy0Nh7a+YZeyiNdLNMXGJk0+lwzBQ4N++ZqgaJGINk31oZZkhI6bDeO5SF09kO29yvqwAAar37I4XenMaKdFphCcx7k2UmLHIWwH147QRgZi6kuUcW8sAAy9Wz41FRSW9AUAan01vfHGbm1dKF5TWFGUdMM5pbFRuteKKCNDOv8GF3wgxZKjhg4iMwA5hANwOZjZuzG5r7RtDZt35obId+MnbSjY7IiaFVwl5OWjZr5cma2lMyeDlCKUSltFJlaVsLV5qxYgyLweNmgSCsW2vW9Via63bc55i5T02z1ppmOhQ/uR6MtngrXGFIqFwhDQqtfqqWMaFpykabZCacxUqaqCM8vHkDI5F0byYlHExTIrzO6pn1RgWVmK0ieIRpKk2aZotEzwIRlR8N8KouihrF6oDGVmHcorLVWzK0OLWQw2QB9y2KliM6rd42lZGHGQuc8viKXAdX1pElBRobqogZIuplOYmkQbLkcvKg6gMkY4fgDFEOsrcqQ7VFGZLLVCnZSnUAbuYwFpvDFJqkzFAc2YK6Yg5vnUvqiMgAQjEzZrl6yhCw0iHpIjInAC6+Joxs3lTHX/Oy1pnB3cV0esUEIbW27hDKE9qjZC4LzShbHnNmlE1/xOitc3WIZIk5kIGsUkCSqm7Ola8IL4GeJjBWK7X7oskm2aBa/S09r7LMqYWBXxBIIjNi1pdU/CJmImaYzFozt6L1u9HcGVBmFaOVarGUx5oPMo0uM6Qvf07AnCJmxgoZR5KNMJJjAV5F2rFvoQS1nVrkPD88gNlbSyliNm9lqKgqN6PS7P/P1L/32JYdR56gmbuvfU48b9xXvihSqpJa1RhMPzADzPf/BgNMN3qgalWpRIqkmMy8ed8RZ6/lbv2H78hqggClJPNmxHms7cvc7GcU6K4WWg25lvnmFsO8IPJZ8aI3uuhX+0qhqKO/KXOaA63n6mCUFnW4Yik4S3InWdIyDWOQQK2sNDO5d2MEgKqKLYzW1DetBYSZZyaUqZLapHVwc9o42QiFtlDlWpV5yBQAuhNDqSrzIzYsyWmHA4AN4TSTpOwPKaz6LlGlVrur4fHqoHI73iFk/wr9r8K6Pp+++/7hh9/e3b/Yrq9jO8f1eRte4Kpa6lVPVa756yvvFiNOq/aqcvOgF5mkDkImu2mqMg0e4+Q8wChk0GHwp6qw0UsjVgmpgkUMs5bZ2nKX2mutbRh9zHnk1Qmz46vbKn5lrlqrJB3kgjbKpNCXKwFFO0Jv7c05fIolEk5b9VyRg05ZdSkJnu+5h7ZfXQ6DTnXzuUqO+eu12giJQAxfLY6UCnKj05aK7m3OMD+tlRLcbMT28uX1b76/evGg85nhHYTImTNVhq7VQy1ZbJKIVkCTdVztQAnp3gQ978IPdIymAWoGmehWvbnMpVqtsh8/djJTkLQuUpnHZie3kTlTM+eqQqb2eXl6+sJaTtVaVQWXquba15wcJ7egDzUmV5lzRyWC6HCh8cAu07Nm1mpPQaFIobBWwToTr5bAU3AfV1c3l6cdtbbtHOP09PVLjBGn7ecPv5xP0Sm9ynX5+nHNJwExnNxub+8/fHh/+fp+5RLr8cuH4TydToIL63TzwlCXLx9+/8/vr2/uLHzuj357uroed/e4ucrXb66uzgSw9iezBa9ewWitNDea2RjN1a8y94MWxVwraaSN4dHK48AwkY7MaimgKqvSjTJorXCr3N2bhtdNNkupGFc2bERIKNYWZn56XHP/+ni5fHGv65vtxYubrx9396OEtB9bTXfpL5JSSc01gXQ/D9+qUQnZ13CvZzufu6vYEMG1FsnTOJuDVo+Xr2fX+nhpasXV6RTb5pt/+vx5cyfszXdvb65Of/7Dv23na8A//vILbDycbylbc43tfNqGanz9skc8vXj1MuL+fL4B+OL++uH+/ObhPPxS+fHr158Nl6y5r+UWMp4QW9wRUKUPb1+FVt+wjdan73JvHAiqlgFmlgUD4KMHUOcAsArh0dgcFC+rNg/zWEu50p05L9Z1uB0eVKELddfc9wkOKXPuEaNR7VucNh8rbYRHDCeNw3SUI/b+UNKqDPaDdgbaj5mqNvGh9bzMWd0tXstoDpu1S3puD9hJG7EdDh/Bbbj5IbzQlPJuo6zVSPFS0WSM7N6r2NAsTYvMZbDwrVRr6qDAL/mBnefYrpxN0XCzINTlw1NVdSFhVqRgrOZoVNava2pz85aBRBFmBhdRbE60o3k0nY6QhW+EgeZmPfdvpytiMzu5b0YnDJFYgiUQJWRbeluPrUxk+53M+rVPdZbQj/tRRwml4ztSKjGzVvTGOVcx+oHSUZjCAlfVnrnU3DwrPI/NQFmVg6smmBao7JmgSrkqI4I0FcEgpdwrFwWnw00562BVOd3JI9kpYfjJnBJmFkvuMWwQtrRKGRbt3Mmaw7H6XKi9P2puDtS+1lyrMNHMGthpRMvOHRmIVVMg1TAQFMAqP4oQJGBHDaPJnp98dVQeouZKKEkFD15n+DNbRtW8wWy9N5lojbjbMAV4pdy3Qvs7HaLTm6YPL8OpasGs+33sqPhrs5y7m5sT7ERBZ9mfUeciUJVVS0io9iUHRD+AU0B2ar5KSlrnEuOALT4HF7LUOh9lWcmqzlizuhWMRtNBG5JUo4HE41D2re88qcQKAa5s0hC6pFjmgpA1u5S65Xn0j8UjFdpm9y6sygNDruP6f7CHSBjAzgZ0SLuQfrxwsvD2JZSst1grV2N7G1nW98PMxFERBfMwa1hHi/oqlMk8rFidVyc4fEACYlWa99URzdghrJ7jqEurVyJtJaKCDCCeT7oxfPMItPcFScAwHi+PqZ61rZeabfrqbGVbJNvEp1qGjpJwZboZ1D3nPeBCVXJIq9dthJVYtWio5GbHma5n4Kly9q2hZZh+w60vHrVIM/dSeYe37ThbvTec2epzqpJBAzv40JVhYDi8N1w1F81WLa3ZDyAcKetOlLHrCByHbiEA2cnpMlKa6j+ctKSq0JgHJYopRW+DyW5SbGpvZ9zaVS9Trt4GQEqPePn2/vvf3H3z9vb+Ju4eztvmYwtyViHb7TNG1SKVKet2bri7S0ZTWPC5CgPWtkVYZ0uVLVJ0bqE/tSiSvsXZbIirQ2BUQABCsMxpzpVLhZrTybvb61X+6fMTWQ7vY8oQ7evpzxtJo3cZh4E8ejpIubnmyj7k0KGuI6PbAb9+IjU57Ve/K37FCzGOsnG0g1rkUVoHoJMMatu6VCaLcApOa/tkIltiWfNyOp1jjDYKkvJhEM7nq9ffvPnuNy9/97u7+xeMraRd2FOVOQUTNeI0rCMhQTdagBgDMK82kQpQttpX7RxVggku1DTiFHHJvX8SSTPn6JjhkXtOWcxarUCYuYorq7Sv3LOSGG7RPMbvvr3/+3+wp/3jx09fKHZNnvqB134nnmvtTtWcppIbzbs/bXObc/Vepqpj2wLpiNTqnJGPyJUti5yuBsr7JrXmhfSXD28fP394/PL44vXVp49fzuftfBofPnz0iIDNtaN0Gqe157g6iXX58kE1t23sX7+4bycft7d3V3f3v//Dj1l28/By2/zmanvan7YtDOeXD+fvv79+ePDXr+3tS785xTaALFrNtdMs/HSUu5JEmMN7rKeqQtglZ7jLDKws8+hNKaEQ3KMKZTnnLJQ79316cFWupfCTx2b9qhb6cd7WXIIO+NjAvLhoeLh/AG//+CP+/Kd5dXVas758flxV3Ti3OgPQ0TjQZUzncMAK2d3rO5aqeqTIqswS0RfOmQtGNzN4QV+/PIJ4+lKn0+l8ur2+f7HPrNw/f/hUq863Lx5ef3//8uGXf//3ebm8fPn68vT49Ph4czdO27a9fvjTv/1xXN354P39bWJ/etzzp09XN+P2xeVOuT/tNfe18vY6r05K2FqotPYwVM3T+boTj9EvTklA9Ieq0Ce8wQTVOoQzOAFTB59gIMK3/l0CtWTOQSQCqYA7BKDcBpU+Os3IrHJDPhM+BTMfmTD3scWB4/CIcLO42cLd3Whi0bMmKtmPV/MC930fPjzc6b9GudxpiDmn2ejPOSALiA2d6yYyG+GNqW7BlBGuBieWE6BVIkh4tA/V6IUKj8xpNgiG0d0dRjSsvSejVVVdpyNxuAuQylgIDA73ETbaDx0+SkIt1qKJUDOy+4kJPtezAwS2EVW1xbADqu7NEaKyMLstNjyajgeZYIYmLvppOztH2Cni3I7HztQB8hiVJViCIFdVh1/rWchGky7o1ZhKyMeAkFVuTfXxw96t7CgC0Ah8pAprtZXIYISjFsxdXllLO93dHX1CrpqVibVqpvLw+bi3dLVWuq2ig0mPnqKhMmcVDEjQjebDrP04NrwtReryXSG32FKkXDJQ1mgmdP9qFWblKhsS5rokym04WKlVVdIqCHALi0FEuxs6Jh3ZOjRlCJh1blEyyI/oBLCqHN2sI6lrLb0JVyg4K1Vu0aYAwqodSOhcgnQ8nQ8jH1jP3DHRHEfTbb9e/dRklq162rartZa0t/v2GK1aqmiDmLlzEHYE+A5nToFaay8UWKtW5Sr3zSuX9Z3tqOuuhMlk6r/3+YFnqHXsd0xAqdzcvGF8y55XbCS9pQXrDGqFwWNrp3DTQdaaSAqdi+gOOeWaLZI2A3eMACAh6HUsbGrlQrXrl6vMqFQJ6WBTw7rjuBcUhIFewjpqhvs2ZB0bElC1QMucKWVnEqsbywrE8Zq65X4wmqxD0e5VVcgektXrBMJtkOx3XDjuyaQdgLNsT1WJoiyrOlbdiKuZF8gB2+LMopm7D4ePzfsxs6+Lx8l9u+xfnKQhU2MEDpo5jym4l4/UoWf2Ixbs9Ew3MeIwp7U20KYp7yUSaVVpBHQWuxfQS4nV+kE243ZVrSxWwsYIB6bkhUqVu6lQWg7Y6KUc9zUP45mRxvZVwEm5mEYTcXTdqqhiHXlr0iF2/YKZ00JS1o6jsagtjHweMvt0FarvRyhVmJuhzGt1gLgpt8+hdQnA6mueVM/koL5gSbq5vfrt795+//2Lh7vT/U2cB41wyshLrXZ+Shbj7NA+08yjaU5Z0ZBmsZDtAmN5VtUqQ9izqJFYNAfgontU44B5UvksudOdWjlr1UIFYmzunpmr0gy9ReXy8HH0hZeOwAnQVrcGUvQ314/ARnPoUSaCbr2ArVQniNsc1GJpHi/Gs4OtHVtLVZkHAADFltkPreEQFKQEi3TSrdht3SUhRcuw6Oz3nKtSGJ3FN2pEtMbLsY3T9c3LN3dv3oy7F4gtViefc81aiayyoPsINwtaGROWqfAuj5C8B6A5V4YRxMx0WUkx4Abz47JqNnTcA8W2L3Zoh6CHB2q1HuFQ7Wvm/ghDqR/epJmVcbMXD5cfvvv6p3+Pn99dXZ66Csm6M3iVRkPb1lRNrSUlzCuTHu7c58osH84uvghHc9tUbYGlobEGQhndYht+ujzOx69fV+bLV69I+/Du3dX1tZmBhczPn/cxNveRVWvV+XTlbo9PF7/G+59/JOa2nb88XsbJnh6/3lxfP355Ol/f/+aH35yurlbmzLKI27h5fPp0db25Z8Tl/vbqt9/fP7zYSmmapT4TZi6eT3nV+AjSLSQ/ElWmwjzYxdU9sNDKvrHNLOMku3gJa82lousyL4lS1soCIwW2e6HTV5uXtHK1f50kRRQ3P1+flLCy/eXL99zU4BE3LqEowtyDzxueyuSILotea88qCQYLj+4/aSS0uRGccze6dXmMsbfFZr5to5LjfPvi9XfuzC9fcmqfevHy5cs3356ubz9/etzGeHj96tvvfvOHf/0vCdD96evnu4cHj6s5y+mXr19v7x6k0xjXWfb4lK9ff/Py4fr1q9NpfN73n93ebVulzD2MXvJgGIZSFm60Dno14rC6lYtaucKARFY6D6OLqgxH12c/InpbR5rbRghYBWxbdBrQWV2O6+PUMeilNSsF1MHjDpq0JmVjnBJFG0Y3t1NEhANyWERkLZSoIGvO3awRIt45XHqTfOnOSsulbTvNPVetqkIzwwOFmvPi7B12f19CWUY6R4P4Rge6APqREDCYzFeuOWdHBCQANnz0p2iLzY5DMrPmWpeVO8NqVYzRT7dgytx928bZvTeSolsY5y5jYTK72QmNLakCzY3SWmlUb2DCwsz7MuYeq3LVRCqrCA7fLJAFInrq3sZGMfzKbWSV98zHY8arnEJm7lWTrIJyrS4HanGbMoNJyQYaKaWKGsatarZJJ/zIFxq9c191pFvLM+E0Y6oh061mHw/UuS6SbTiZsZJtGOuBodtIO3jcTxBJT5en80ZasCMYdPPIXB38C0OupNw6dWB0c8qNcgsD9/2xhB50jbaydUnr5FlWVl5mOX2RW6/7MvecuVAJWAQnKJoN0MMHQyr4ISAVBJl74yjtyNkuR7Si04EAsdow0Ipab0+cVhaFiiqaE8HOAjrNwJrpsL54Hy+ko30ksnbR5lrugyLUuflhMLhoW87VYjnSzF3IHvv5DNch2Sgeo7mHw48FE4+mgsyVOYWS0qoKcgtJPRL2x4bq8nPvBoAjTkhPwf34dIZ7/07Z1mJTScMPGpOHG80tCPTNFTTvuCEWzVwUTTJDrRSAcMtcKljb9gDAek/kUpv1IeXhpGodEn14mfnzZajacZOF6rOsg+6gw6mCys2rizygrJmqwqqaK+dhDJFyPf/SBbqzEU+y425hYHWxharo0UxPOA+PhSg3r5LJIJNacQGKlUVLNpKdLqFy5ZpZF9FlxrTTGCjEFmNsR9ppu/ry9HhuXIlWLxSqROPB9DVfc7nFmqtNjy1iHe3UKEilhS5SKO/PfWkAACAASURBVLohK40k3c1VgNZBz1G2UzuVDUhITSkz15y7kKWZVe5Wmqqe4HsfwFSi+rXwvkw6bbhvI8ZoM7kAU6bR8gBTolmnvU1AP+MP03jj83tRf4gh6yjxOhY7flj3Dttb75RJgIowQWJvFXsZlFhHV+2zfV1AhXmp1j7H6NZ1A+3qfPr2uxe/+c39N6/ubk51NXhymKWrCjpF7LlWFkWAJRuxCfAgax7zWcPJEr75FugqzH5ezXlBMCLMgyZBw6yX1bkkM9KY3ilpl2Vp1qJt8exgccFiWysIHxHOBXHumaneJjsJY65ilbJABg3GI6hzPJ1SjTaolHUBA1DPIKDj/9RRgddHHBvPRdDohlQh1eUdHgRqAgLRFeECCu4Eu4yiC+xyClZjO5mFO8OZa9WqMc5ji2GDYVVJ+NX11dvXp9cPGGOWuFYOo6i5ngoybK1rkda2Bw+H0mBglfWSM5GqWumIiP58d/+GWoWQ1szValerJsOF55h1Ax+BsBC7knPvrGNLBDCZwbCEMotT4Ob8dLU9nk+micd9St5PCLc2v5WBuRbQFF7GiDBDiaWIMLBqas7hLre1UEWjMVCqtRZKW4xMXZ52aiVkhnb8f/jl3TjdvHj9kHPm46WY23baTqenxyepHAeF4Hz9QllfPrw7b74/5fl8E2P78vGTuY0Yf/r9769v7//mb//D54+/APlu/6xaK/fr05vhW+5f3c24rAK56H2/pZrekSutNo+gN5RhrgmWwVZ3ycH29ShgYAuylCY3UlhKyshC1bGrNaPZlmstXSLoAdWsWiowYhXdIjWFqONrsqSk+el0nqvOvr+4zpvrI/BIYeus4VoHx+IYHgFUg3MNdPOZU8YttqzKzHb7eDjAGFZZ3TRfa3byqPdCNs6v37x9evz0849/GT7O17enq9OLF/e5owZyf7K5v3x48c23b//z//G/3dzc+dg+vv9w/+LldnXa93l5mjcP949f97uHm+ub0/3Lbyq3Dx++qi5bXL88Y4slfJlzEho+JLq2q+1Ge9oGA/rITa1eA+y5k5prsbmPULiLKPS2Pg7VhKNUmUttbScO231F9mxbdeWjLKXsKEErLWaWB7K8ZI2RMHOHUIaty4QsxhhbHD1TjTokm3xAJM2jU2Hj5E1oyFpu3qEv9+hcXt/tun4pq7T2duGWVlUN80CbNY6jnT1o9ugKRHRZiFWy18VOu9SC5G6ShW9hYfBgkDbck5qYMKsskBadIDMdkFSz2EZsktNhXm2kTLcqt/DuVa9ML8CglWYhpTWtPWuMUxOQbERPyu6sHgR9dVuWNzOQBzlw+MZClro/dM+nMCuOLiVI5D4vhSpMYaeW0JLuhOAtkqvMmIVCFeTEynKfK30zB32ulUqDE2ayY2SD3CmUPT81206SNXM99cYglUhzmrdTlBzuUIIR5ivroPgQ+5pGM3rVQk3a6IRU+AZ4MfuS3ox1ZcLdaRCc5vTqSdlDq62coPVtXkDn37FafKVK7eOKPfcWSUF3xsp2PMWI8xanY3REF9NYHB8gtI4FqZoHLx/dde8epgJWf9qcjYViB+f7g45j7HW1/8jYxDqWqnYYgy2XFsljuW8eGGwTU/unw6z/Tgkqt5GpcBQWjvMKiZVt/mW0RqcqIUl17xBhVStzHgB7ZbGMKFSiesjt+rmO0qpAuJurr89txYVFg2skmHUHWXumqgowt6AH1b/0KLUtzIJxeJYBIKuKbgeGy8NUJkOuIGH0cMKr5DykABPMXcbZ04n5QXmv1Xl+/XfdlgUplxlZMLi0OmjO5kJWMhfpqoyOwGZ1u91aK5Ut0rc5nugLWGtu6CA2rG0zpLshm8wBNVmkj5uOsIoe3hdSMZVC9V8LubrZ4ziqICAz93mhR8FO41qg+xbb2T2Und7vE7+2cfV0+ZhrmVlKRjHs4KwYGzZMN4BVqz+Cwlzdz33I42XwRp/Lq7+9BorIYh+7s3YwSBzlVP0lQJUya0oyxwGKVMBCrNXYs/XcGMfudUKH+YSMYWaWWn2LqspaecjU/ZeOI7v61W2cQq1sVaBDBcrqWhnCiFp5dAH0KV8o0qwFhOp8Ra6SOeqY++uIWnWXYdvnqJXppRHRBeweGOH3L66//+H+m7c39/dXJ19b1IgSdhzpcmomgeC5+XKEZS6HuYNWQHZRdpOWO3pCrba8wnwpw7TyQgtjd+1VZ2Eqs1eatcyj7WwcLreqmkIRGiPQYTyguyVy1WVfq1B9P5IM6K1zf5oFUW2Cq+PCrMLKkkwH+ZuAYGKScKPSxO5ZwHHfLWutwHqex3POHUQWeZTs6agEhxpF2qFwttmx1Y/inFXW4UWo3L2yqhDbGCOe1qTHw8vzd2+3ly95GqAuUC2sVZOkEYSNsXVsRMjmiNDtcDlQSSmzC5hLnfAzqdA3F1RhZq3qbq1ecyPG2Gqf7m4MsTrJE94pW9PSiDJg1YSk2pVqn0+lnzd/++bqP/7d+vHH+fnjV+USLJW0zd3n2mtevNu6UXQLPxU6R+RdQpK5lEdCv3mCUttzG7Gn8Fi5KjG6FHDtiTLWu1/++vrtd3d39/Py5eunj6haSvPyzP0yxyCYa+6n822cr5++fDAgq+Zc9zd35/N1PazKfLw8Afry5cN++Xp/f/f45YNybudxMiPm/cP967dxdaVcn3NxG6MRKTXLfCNQWct3aNFPKkizqO4rFGrNfV9zrtUwSj9dQVl5KT/hAMvnShnqZPa05hYD8N3ottqXbJ3KAETtaz9tUank7LKfBlylFmmnbexrf/vq9j/+7eWv/3b56ev7zqa0W7KZ1hScpAV7Od8mlnUEtfe8rJXBGOYJ1srKsjH6v3VYtXK7beY+tiHxxz/9Qco5n662cXV7uorrxy+PXz5/+e3f37y8P/3n//2/Ypze/fLRpB9++P5xX+8vXwq1nc4jtuF+urr+8vXr548fX7x8fX93czrd7WvNXV8+f/pyt87ny2mcVgN5kCVZrTbeeqHnHUn72t0cZsdY3wDxXE1/a2GrQMIompbZRlalQPaGtPmBggvawm2mUA5LWfhYNVFYxIhuo5DMVpWZM2yjrSqnxbatzOG+nUYc9XxEZVUVzeC5kpA1sYQqrUwb9NR82nN4rLnMh7nXkm9RM9m0BhyAkqb62OFfwLPlwQ6oZ68xu3Wmkt7Gx+OVorX5MwEf22YwU4SFqce/4SaVcXSUL2mjnbSgVU66wYK2OaOk0uoOUwvHnBHRdHhqVq6gIYKwbCNiVnQ4Fu6+EdZuBgpGH44meG9xBY9+eQ2BZ9DCyqdENpmmBerWHKsJPJpQOV0jMsdK0QcE5J4tZJMWQwU73BzZrPVSeXWXTu65A53YpLgyV9EiziIMbQVemavQwP/J1nxh7ZQ2wYHwLczt4kmB+2U+ZlZ0IYHS3VfmiGjZKTjQTV2dGK3yxjR1fRvYodbmlRxQDwKIbduIrBKTAMMcSgSYFNnyJdH2tlbcZTbOp1GraK5i9cThYHWFqiJVAc88+jBw+KeiH2RVLCWlMJhbZVV7WxlsS79JWQf/DkT7fLSA7mpnNA7i0D+ZNXW4GA6u1FJ6LvoGaeUKb4gk3L3kLpzsnJ6Vu1iwbCBLGy+rlnGjWQEuPAequjJslQo9pHc4CMiucxLb+mJ0Os2dXeLdNgBZHvEp0o1VhBm8yf8W5hbGINvQyQLdwmNr8KaEFhMlVZcWG1U2NYtHr62Q4RExIMDhttGM3RlAFuDm6dFkBmTCbK7d0HOMWCLZN1sJjiikmq1JQjTIGaiFRacdVDD2qmA9cwuyCT8WxupJz1Bwj24PQfWb2WJ/71scBdB+DQATAo3VPjkrTB4veKe+gTQP5pqp1cuqVLOddia37Yowjxg+ILr1l6yM3iwWM6va22wvJStEqbJrbI2S0hEdtXEYlYCrSj2yz0sh2Fab7H3FcPQmlDIrLWii4aa9qgBKmdm1R8087saQtchnkmdvBLuH2o96cXeVLPx8dTL/IsC6PkSmTDzn8QE26sfBImE0D2QTBdp7IgH9t6BwtMv3FEu20b+V7IIKiipCmQsQ3epo6e57HIrATPN+7oMwJXo9DDGGSfIRL19fff/97ZvXN3e3Z+ZTcPX1rqnGzu6niG27MjdWunnFgJWZE5V1cUaYliarcyBlYKnEgixrzTW32NyOOyOAlAa9rFBV0KpeeOiA8Vp2+n24u41KWMRKZUos9LzLLt06kuhYJC2Mh3JWRYow9YsDZCcze7clEW0PUDOjmhRgfVE1mf77CoxmOspPWJ0wkpx2dP1mm4Pw7KtvwJc6+cuu89DB5vII5xYR7j7OW4Rf316PXFd3V3/7u4dvvxn3dwq7VK4icu2JFf2kwbaFG70TvRFt4iWFNScBaHWuAqzMi5n6mp7Pv2Su1XeSo9UYErG6AYPeJeRjDHOv8px7lWgWGIbqXPBcqypHbJTBcL2dvvkmU/5P/+Wn3/+bzN3HuOyKsXU14Yih2luqrD3tVEaDas55GITrqJSZWT2TAphzRzuDGkuyZP0TFkhbc46Tj7Axto/v383HL2OLVMnH1e3146dHSTbOm1/nfhnn7fb+vtbT42eYOSwl3d0/3L949fj5kxvef/i0cv/pp59evnx9d3u7DV7fX794cb46zx++v391by+u1/V5nIYbkT1Qm4+4Ql9ueyOXDakzd2utpYGRbf9RMaWl1TsJTBl9uHdEznGszPl8LeiLJovtZfcIAAkC0R/bGGeyq+XLbA4U6OeT3ry8/PZvHv9/twM/Wpy2/ev0bTNgXVZ4Za5WRqvd0rKVEwkUSwkxzHEsm1scoFZmZofSYoygEcyV+9NXow0bIMZpu6y8ztqfan9c9y9fns+nv/z5D3sBfiXg6v7+zXc//OlPP48rX4Xz1c3Lh5eXp/3l69eMr3/845/+/Mef7u9+OJ1iG/b2m4dvHvy8/WnmR+xfoXxaF0OamNC+LiNOlzVXlZu3WJO15lrzgIjo8HKU5kozRYSqtQY+uwccaBz5kcg7atmtAWYulblcK7MChuH2TBFYa2Vmd1GvlW2ShNlmYxlj+GnrWl9v+qRUM3c1dIIm9Y/d0AglUiK0KpNuUFGsbjJ2p2POCyU6VeURjoG2uBico//A5o+ZNSRdjtFxyX7adAq8mdQklclhEs3dPagYER0OlxFVdJRViaT3MWkRdaz1R6tnTpgxNVlmNlpFUZbIBNwNaoZ18ybAKtJHnMyH2oe46pDWaZvHiLPHCbAGnZNu4GUmUMZNSlo4h/noNPWBGOmnKWh0h0aMQzk+HrkXWJHRiotU4YPm7fk0kUaDIVG501jlrX5Lay65YKMHnI4WdMkMjN7XavexjeGIcHeYKCoq2CBROpApeOdSq2qMQXlmjcNrAxpURaUxSUI5+npIOq2VLRw4E6Kah+Nt6N62TWVumDPdXa4mOWUus/A4G3Ll6rdMAoeBXKvMrEphY2yurJp7qAzuAhv23kmgjgeZ1GtxD5M1S0iqokIs0p2tsHXA2FAyw1HO1BY0MHyrpm9L5ih51aIOkbWxp6WUVubuHv8d6k0OhujlbpVlttYFHMTq+GvnC9qODqHD5+pYRK6a6YR5ZJahrWj99xkgo6f6R2pMdX9OWvnrIOAREuh1SacieKje5jZAby6/UeHe9pLqjtBO16JoxZLMMufMZSagwJIQ3izfJoq2sdbdmVXNrX2O2DK5JIwYqQ5sGbrLqXctFk0FnznVAWMzst8+VC33WLUqCNRlXfqauK+9oA7atN5PM8q6VCFrsQfdwzWowjouEWyhHX3Po5vTUIRYxMpWnUQz4ugjShUDWKval4KEwRmEcr+kX6N31t2dvNLCw2s3iHAb4IIWZZWrWCO2zAV0hQ1VCUe4zTVXN8kZV1W7hmbuYQE3qnrPU5lgzxNSZ1ehldOtR77sHcrc55y7jG5MqFeRiaecScWIoVxCHu4PtNziMlpxxNjGcPPKpWTN6jRMHQl0610WA0Hf11JWzRUWZHMHuq7LeVQaGwl1A3Q2TAmH+arB1U0CALyRQkK/SZ1d4a/fk3omkwgra1iMEVnpbg8PV3/zm7tvXp/ursNZHqhU5nJnZs6aHCfjFu5h1k0PY2wACgktKasucO8ReEEN/ppaonX/d3dHSDl3RYRxq1ymI1eeyGKWpRqJ1kbw0mmcrHm4vfF0EHKThxikWyFhpHtlrcqu43w28BfQbela7J0R61ifPDNRcMRl+GuPsEqH3m/Hf9N3BmOlNYxWqRKj63ABIxBUHmjQVdV5hKC7kYxiSzgSl8XW9IIY43R9dXt3Jxqo2OLt29sfvrt+eIjwx6rdTDRmJpCEh20Gawucmzvp0cvPcrdaymodMKsTdVlrzYndzN16HYlSPbf3gN3eBuTKAAvlpD0zAt3kw1M1K4vphz+N1SWmoKyM5lvc8vrVy/zND9f//F/19GXvpwKpzGx3wsp1GBetrYHt1049j/s8Koc74wJVuXu/8F2LToas/VutarvgN/c3l8evX798ZNXptPk4X93fRAxgP98+3N7dDNP7n3/y7ap9RLfX93GOR3t6fHp6/8u7N9/8jcd88/Zhle375epqu7u7+vTx5+vzfTiuzxHbZa33t3cvf/PtN45HMo1cmakFtcxvbsZGgXUKw6NLKCYW0dlI9N0PWfteCDdDFmGnhgUYzM1Wde9E9nR1tV1BFjQifbs+TMk2mtHe538dBJIYRDFFDPqL29tv39zcvxin8/np6XHbQoKB3JC5CMcRCaNbgFy5lLRCSkGaWx/Rlf3LcOYOVMRIdZQH+/5ECUo/X4/t/HR5zMX7ly/db9bj4839/dvvv708PtbM12+/+8f/9I9rPrn7X3766es+717c55y9ZL+7e/j65enlm7dVroqnyzpdnfbHRyqv3LYNrL3nuTY/mAfK2MuUjtdwVXYjhB4fvz5PnIgI6+h0x78soVZWKXrKCZAhym10c+uR/jRfM91ovhXSLYCS9hHWjKz++jyJESNzeWd6zVIKY1+H3MrpdKtMVcFLa5ohRn/4LWv1c1/AzDmMblZS8ODPuVvm/x38XUi1P4Dskt2IGDwsQKjqE7jcudZiaFgn93qT3YmkvhS0spItfDyHZI9/lBs6wgP1HJw9loBBZIeJm/TfftXVOBw7FcqgVBFltFqzMGdOwh10DvPwGHATDuM3sdA2KWPEFr6Zho+Tu6m3VcQ2fJ9PZk5G2HA7hZ0as9ZymDOAMqcKa83GdWRVYdLlzXwCCJ791FZYs3FA6Q/nLJyWdFWKs6pWJWrBdKE0YTb7hO9jHyoHOl042qbvHnEyWNUC5CFjEeY60dxxlIAZ2YzHcIsYVdmyqswqy9s8gujiJoLugdLKniFJVWOgOtDbQ3djQRoZ0sOLVvXC321keViMGLSRVava/fVkUAzXkdAsISMOkIFWZY8Q7IuPjjpfUG3YFeDsifGQm0vPEMyqduajMVzWL7JXtRO6TYUqTTNm9mRlELPSScEKWZouVvIogW7cC83cZiMg0S+OVc72w5hgjP46NbSolICyjse8oDYZEVlMyMIcsOLsBZGqEpNBqtXJkCnr0iiQvnwZvHOWhxUA1bUE3bJ63GWP2w9mrb57H3lNp62C4OZZO8gwT1Zjc/oW0Mm7jjQRcB/KHRZUrpXuoTn7e++NEhBNicZrwaF2V5VYBFmWkPm5lccO1qGY3VaFvKw9awkAi71I6h+i+8jUXPAG+XRjeOdjlJ2a7aInthYJ4ljQsTpPnEZzuPsID0LIcj8S96HM0ma+5jT3lZd9fpnbNss3O4noZ3/lIjBizPVIs6y1cvUMsuZ+nBwkqKrqog4pKR71raUisnLlEtTbRhpNTi0xyjogcLgwI55Xdca1lo6bN3sBRqqyzD2l0u69KqpE++GFAhysWoCZjcoijiO+bVw5l7ND8MYWNUuJo5yhVkm1cpfKzDqqCi6xG50L3SfbzHioRzdzqyoj3ZkroToS+r3u7o1NwA/cE2pllsxg5o0PsJIKt/c3v/vdqx++v31xH86FQgwuSikbbjLHRkYDmAVEx1DRiSDC2b3OM/dOMOjIJ3dWTQb2A/KZBqACzIfRsuZaEyWDt+gF1L5/buVDSFCrKpxO2AgzAzLnTiStCw6bclj9krasZgcfYTZtlrSjAbk6MFj94DTCDlxz+/epLhElC1Itg0k1m5KlDmAbCFhaKwUA1F+6Y0/QhqDe4xTlvR0iE0sGdAQdVSgP758ozEGNwZtr3d2um+vTiDFzF1JAGJWHWkSUsLrvq1QGgimUUKvmmmnurdewmaClHn2c3hDajpIfNv/WD9pSdkDUjteETTWtNCKIpblUIFcepIfK7FZHCNs4f//N1d/+5hL2qapgMsZa2aCJ1Op40ZyzabVEtrwDxpE87lVawRwpUYfMUJXqWBWtjvcPEeYYNJuXp8vj4whI7tv2cHf15fFJ83Jzd3/94sXcnx6/vE/hdHX//t071z42vzqfK+fjmvt+efz6qNTHj1/vH+4vT18HK/fHUxhZT18/zcmXL0+3d+nxNOfnEcOMpdUDhtEgf17/lvXvAXXjJJSoDI9OfGZmrglyddGgmZSVTwv94A0VOlMEGIqbDfdYq8BUudlodLLFud21PMa7dLCr1s1s5VTmaTu/fnH/zTc3/+WfPlQh3JSYa57O57XjqfqR5zE8xmaG2mcD9jqdwCJpieQwo8/sX9YjBlZe9kundASQJ9qY+1xznc/XP/zutzc3D3/+97/+5nc/KPWHP//44uXD9f2b89X5837JtMy4v7355ofvfvzLv5P59Pj11cu3nz99+Pz56/e//bv2JwC6f3jIzD2fbvh0dX0q7WvmFjHngruZZ5WUB79xlmoKWqtmZuUqlHsU7WQNgwDBrD6T4AaUNfa+24MMA0DiMecOcyLZHuZKWIA2okXPpFlmQrMqtoBYRii8p6DwjWVqDaEASyJIyQXwqLEnVIWDFd/NpA7UWhcfZzNY1/Y1sAYyt8u+AGuP7ghvAGlPeDqM6YIqMysnOGebAJCEWRgalMG2PuiZncHadwULJgta8HjOZaka0kksaJWKDMAl0GBmhy8AHQCuMaJ6P7eWHYG9aYzFfdVMLSKBEdEG8MPczSM9qgaZNPRGgrmFGZuN7ZGVRo3wzHYknozHDQqE08lRVVYsZHliqWp1SalyQTJ0dtw6ENGAmdb+AVF0HHcqaazu1YLU13N1aetELv7a21PP5N9eQwASwsLo6DYDTaAGA3Y2I2yT1q/B+qyKVkRqEWx8fRe+mfszboYN0ZGK5tRC9WEZ5jIedpt2YNKwtBKziZouByl3jzCzNpUYChwejjlTMoy19jEYbs+zBMPNjFwrUxlupAPeDwEcMy6P8JmRZpXytjKXzK1btCS2h0RUqY3obZh1sTouqoD2ZR4hSdlGaElz7aObm5irlgefo9gys6zEKhKU3EK5t5uILTXpmfvSP2DXsuciaB7NYi8DcfRSPMNiV6N2GuLnjP6H+eFOzlbpEzIAFgRUyq41rXBnSWx8k7HteSVprg7LUm3GKiBRCSHcKlU0H64szNk0IpqFjb4Z2/HuQyqnQ9VlfwTHNnRsiimkQQ3LIM3EVC4lHVSL4lXtYzKrwiqBzNXtUVpzKZuYmEozH24OWPN9W7ICKZWbVfsIGxmkgslGJ/is5ZDDIA2o1GYMKzd3tw0wytw8NgI1fBlAR0nDfIWrNGfu88uep03nrTc0bquewLJgXXYwVWXknKspRAlGuEFLy8QuyDLvmo+qSvMNVjpWN1q53K1w5PydTCVyOU5Gg8SDJLP6Ailq5YLWc2h5dgrDzCpNqrRVpa5X7Mu9m3t7MZqQlVh7SrSj0rtXTDAnyKK1hcl6SszsFWrmclpL+M16R9WhMVuvW7Ix7xDNOxzWzcrqNg6gepNT6j5PHameoyuXkLoNvcmkpG3bePHy/M2312/fXN1exXBtIXcINI+secBtlxCwGObu7oeqb8haBIx13IoBgOGx5wWwDpK2caF3L73FzJLZwqKEqX1Vum1qlc2ys1xOevjMCxRjnBuR1E/0tXagMufK2QzezJb4Ow5DkI3fO0JT3bRSpcy+hRz35AMa3KK0impAh1mzIAxQD9ECUsdlX8f+BYfVp+sLu3S0pRNrMvOqDoqq+0K8d2xuDspIhke4GZ0YHi9e3n737c3DPbcNIE1RfbU0Cw5jdShwKTtlweOiUqZaudCtMsouKZuVBsZzhu8go7LUI7WeP6xQJfuJFrH1CqQOCIEFjcZStpm0innU1Ynk8I3mlRXDzfzFLV6+2r58rTXFDrQXpERlW+XaTdA0QzNSFh6gTS0d5UPWRsyuJMqsdXzlrQHuPUUZqtumRIElUuWI7XR13ud8enw6X91anC6fPqx5ub1/eXV1/0k/bdv2+PXRcwHuNm6ur6+vz6rz58+fX93c73PmmjP59pu3uR7pOp/91cvrF7fLba18RHSjC41wg9PG4Nqz2oPQy3Hawuoebkh5hONBJ8sgzX13AyMgJKoRJaqplHGQcPPw4YDkYkll5sYjX9p2/i1O0Uty8+PacWR7V+nydBGZt9c5NtIs1zKLI14Z26iVs4vtJK3K465XuUrAmssZMXxsONIr2k4nb3SyQZlGH6fT6Xyj4lpP+3y6un7x5vu/IfyXdx/u7u9Q+Zc//OXzh0+/+w8/2Lj+9PHLLz//8vrNm22LecH5fE2Oq+vrDx8++HZ++/3Nj3/5JWJc39/+/NMvj1+f3rx+dX3mafwytilccs197uE2YuuU08yL982rIByG9cqqtWal0dNgmRhdRV4JsdgPMqMLrEJlpSpglBF55Kl05Opq1RinMBNcWr1Ob+vHygpPcgAlK6XKmqXiTSN6HpekeuyA0L4mlMpFN3MeZ3JHlQBARhTSZJnLhqGhyZYHCatNkP2O4ag8tyMRoMo9cydlnjP3nHsB5Ek87FF5BgAAIABJREFU9UE1tdSJWKUqVxWFpUmlbZbYvAvkhdTqhsR2tOkwglchSQpGMzAzd3QODzRuhTTKg5nV/qhWbaQWGGTxbFmggYeK2gaalIDNnJX0o0meFlgz+xhQpWodXkoA1JoXH0XbaiWg0Sj+xj13Za0ZmkMKmvk2zoZDngx30uZKa3J0dzKglNkjflYii+jqg+4LkI529xbb2aeYW3ux3dtT1CldD6VVahhZomWiYH5Y0gu2HTaUVcsYhWq/BmAGT6usaoTicG+FRLBV6wi8elRWIYvKzPNwmddcC2XVdNQwQAhyQO62dYx1ZVIWsdXcI7Z+VcXJBJ2iQpW9IjvMTf10MRo34NkUK7lFparWIaYeZV5dvFGiPafTSDKVxnjOqdvhuCjBA7Vgo43az89XFTJrGb04tWQeTeUQejvTkbyu96HafMlkD2EUatEGjv9Jf5W7UQYMN4lk5QIDsKoq9LPQJONBb9egHYdpx/YPZ5woEyoPYvfROereiA8RwRbkyEawk329yaxcOUut96a7ERQBo4++9Qb6PgsK6bTj9RfYMQ1xGyNzqRjDj8anYiqt9dTq3KPa+fDcR3VYoLj3grJ4BDWOeuoOXfO4gWplnbeNMFaPpTCgOYbqXSSLzJYAuk8jLLpVXbCq5cYEaDKxzLfYUAwfznDz5tmbuSI9zI2X/WLgQtkwQZWXtR4zToMuJUpA1nqq3IfzsnLVFCqz3LFto7+Z3po9UEo2y15p7lUJITNJoMnNXXUT3tABIFOraNaOA+ycRTNSe6oBEcnKWoWkqTKrwYcALFBFp5AqjYjwYD8iRITPS7nB7CigAbmvBGrmTjgYqmxiZR8nYVE9MRgrUUhVimLvtQ4Xd8eeWdl29YKMLMNh2SCUmVBFOApYMzOdJrIa/A+ZuwltGCU5XCXd3Iy3396/en1+uD/fXo8tKqKgWvMyojcMcJNJHkanefsaim6mDtZfiPLRPdPd9WFEuDvNMncQgDnobMN8lTjno8Tho3KpVlFzzTzsu61rJvyAYXRHUu+ouyZl5ZylSgrsF4IFI+uAcVUqVUWgMGGOKhwlesfJWljG0KG1QG3EUd/UJLIq2ZDjzr6XjLYycfjiClVIlIou2rEY7ux1221bXqdAwsNB8/DwoNu2nc7n6+vr26L29eRje/PN9W++u7m/O7lpdWWcWbuB2Vt1zdaxHOnmqqlMUpkLVARRmJnHnNC3TXRoEdlOfre+ArWlr8/qvv6QWGsaFxTDo0NKNHMEep4/EElFxubhnQRvfLYB4NtXL777bv7bHycdY2xrWeYXtedMZs1gIYXGUtc6mr9GP1ndHVXJsr7RliC58Xm1u/otqUMVYv9QPnyf+frt29u7+/d//fnp8THG6fb+gRZrfzKLh1ffna6ut9P19bV/+PjVdru5fxVfv+Tcx2lsp6vKCen1m5fr8vXLl8evn794LLecTx+vtvN3r16iPl/FsFZ2na6g0ZC9059rClSVddSE7a3PUnbTWQPMPEyZK9GuxMlyC3fPXGvtgCJwsk1VHgxv1RMFhbtbRIyOvJpzWBcRFiApZ02icVMppYCTn755e/Py1d2Xz7PL6Xg08pnY1aHqlKrRvHytSil8tNCwVjmoElVhxGJRl/0iKcIho1/BTl8/vct1efPtbx7e/vDjn/7EilffvP38+cPTp2VYD29emW0f3n08/+bh7v4lbXn4j//+TlWXp6c3b998ffz6y88//s//y/9LGaft/O13b412edrf/fz+/PZuldymG2DUFihaWGWJZrR2KM1jn+k9XlelyjCoSsbAcV5adaxIXRUpi8jCrHquU4GBe6qquqO2d/YFrcym7Rmid3+qMqJxIZ20z7bymjdCoMmehEhllUFV2USwS6aq6NbDQKkcRiJoJWSuw96Rhz+G0KrlpsxCzzxLdAv0aOgCVq659iNxXnOup1XLiH1x2MUwwoJoUBKgSuXKSdB97PXIZS3shvla2faRVkRSmbVoAUrYAXNuzarONcWpGiM2ugPeMeWV62iyRHtY4QyZgqM3rs+FzFqZdKvSqg5HOdt56KFjmK+qbALHqtUGC61HcEjwmeGlWj1lZe2pVE1ITZwxWIEghsfwIcHJzbfOb6Lmakioq2rW8/Q/99kKJkD3cIuwEFS6CCp0ybtoRroxDiMKokSPk5MlkQi3lWlmQa85kwUTluwo7j2oObImmGDVIjmxC5JLHJ3gagd+B3mzEj04M9fcwQSwqonnIfiqalUmK+kNhAYspCGkmXX3KmJk5SnOwq56qlpdkRPZUDsnYavKu9aQGO7tq/Dj7G3tED4ooG8rq1YzRdnNq9XnTTN2imrgOruV6WDHLlZllei+OiPbFVe1kwwbe6Zpb/bIXBmdP2gMPYRAFjxGR0lhPIKfHQLMxTamdFhVBuvmglpN6CgsTf7q7v0V3c14hucsdZ9oFtnphEVDIVnwOFAkdbiafWkR5oL6ZkHyoC9UVs65zDtwLGt2mUQLD64GPOpXoKkD1Fp0B0nDYPQL5eY+rARvzqdvVmtfdRiYic5vZS01LCYpUWuVI4pdG0xvzb+fn5AqxjBa2KgyIvo86H0Pj7WGpOYmtbMAnZZemcxlz9ODqtBTbLUNKlgwIo4Krv6bQoWBTbOut7Ob7XNJU9YDFmY+Pk2mbQYD9fj0JbGkzJzCEruztNtG+nsuC64l0uKwIgnGQq1MtwFn5oJId5VWTrBQmR4kE1Oro0WU9lkzLMJ95aqCWReklTqd8yzx9VklTYmVR4gcZULfH+gMBcfIMUYzC0BVrU7xAt2iZlI3MLQzVYCSBFwESj5OXXfX5Uipav9Pj95H6po44oWCH2o2MlXNY2sQa5OGzAPlQYo1C07vr7fRjLd3p2+/u3t4cT6d47R112qBJtuWqhk7VLu6iwaa89kSY84Gr5mzVd0iVcosyUkzmBjolTRsbKO3IbNafsyZ+SwXJ1THHaJB/so114jNrKTLkXsp2WH9Yi5mMY9iaQKdfwUMhiiIWZ0sqcJ/n4vZlleKzq7YQaX0PAdTXbSXvZs+3h9j1+MY++FNUx2AH6mtTn7AE/pmRoLoJlcYY7j5USjpEefTdWzj+uru+vp25dPX/LKd/eHBXtzzvBnb6UwZaR6ZuxltG2EW7moUFJ3kXJOHL1GZ6ipgI0uyJhOjJ/AUtGpCvTuwOfPYK7RJIEGBoalVGYqt95GzGVkr0fsS9Fp5uLuRUgW5nc791L+5iturJSxwCAIWAI+opU6LmVmlrAHFWIWyTHnjk7zfiDnLTNsYuVbVet6z5DNLqY0qZuFzn8W6urq5ffHixYsXT49fK3l7/wD66zevPn38NMCCb+Ostc5X53EOs0Hxxf2Lj5UkPvz88w+/+/sXr7/56d//7fPHD6cNxBoep9PYrs83tx6h8+A5brrHy8zllvMrW7AiYmzwaHLDZU1wuZGG7OI/qlRNGp21suiugmVZVU1LIqeyUm6lWuUmYs/dbCsjEm4n5wYts2hmZMuZBJ0bjSVNPWYt5WIlYUFtwx5ejIdXpx//vF0ed3cOj7Gd19xx2QtpDQKXmv+QSJlgcItWj7p0rJXqQvV54Gb08eLVt9vp9PmXv1Lz5be/ffnN9+/++u9rv3zzw9vtfPrj7395f5kPb16+ePHy44dP73/+/B//8R8/7vv5dPry+PTqzUsz7JfP2xhvXn335z/98fL0+P0PP/z5j3/99P7Lixe3oj097vs+nx4fny6fbr3GCEzAJIUgokhmrqyZOVeVaahtmKI5wx2ycM9KFq2FGGJVmjRF5mo7mZpMjZWoORft+JXFJlOp7e60cEZfWUF6jLYMOtv+WEec68je9dVfZrZypUQ28oQxRkm5cq29EzQrzekYXWXMJaFSmGYAkVq5pjX1Bh6xLWEbG3tPRqxcmZmVQFZOcWblmo8RAzaWJtfX8oEqsf/ozC4VFWh0+KoLpqQMRkk4+p9YqYVdpeC1lSUmhAoYLFGqqRK8FZl+O1IUbShnxzo7Jun0XFmH2JCuBCJrVY/TufonE7CN69YwE0BlN68LOWuuvGR1ZV2tmuFBx77WMK9S5iRRc+/QV4sSK4+NLkkIgxFjGIx00MY2mNkxz9xLncxGdXfGUZOHcBvuBmgvR82maWSl0FGZEeZOp2HYsGOXIzvIJ+ocPT2sFhDmZjaa2IdOCzVXMStrwoyCm/nxWO4VYwuRVZqZgrNrobMmVO7W7bfNAQO5KgGlCgsBN47OpuqZD0XYebte+64t5tLKx5L68Aq2GikSDB8jBgAXzZr1A4CJ7GEbLgGzlmfXDtXUVKW7yK0509WRpqyulBKKFq7oW6bTPWytguRhVdE7PKkolS2n76uMcJhIa1gjDJ2qBwmZsxTHHrxg5qky4HD/AupSYQIII0plhswUlqT+1DaKvHlqZN9QZx1WrxQy5yrlnotdW9B3hgL9uKQKycVwl1ILODoBqMqspQPx9GwVULFv8IbMPLBTx9a9cHjUuhxJdkiVTqKY/fN1O1dleouJjUDNFJrWSW8Ogv0af8glgaKkdeR9zCiYySJCxfax9RBPkx25BkPPcjxy1cFIZF9h3RzEWi2DSYzMvSNHEqNsap7GplpHSAGoLCfDRlqmMLzT8TErRXMflOZ8LDwx+m4+AV32J3BJxZJTxyXLpjFAVM5uUOiuBgButjKh6s9At1c3jA2slausHO0yLpmGrMiV2SVrZLTMc9x2GzyGIoICaR4nrSQPSwuNYQOy0hKdNgi6DfBJAJ1A1TqukQDaHtIGEqlIy86gPcPqC9l3sJY6Kw//yVJGL4KrfWP9R6E6Uw03IFMR5mOslX0Ey6zvXrUqVwZtbC6ok07b6XR9e37xcPPwcHV3c4pQIU25zzTbIlylYVGJlmiz0jrAffgQe323OuTU8Ir2wVf2wk1imsE5WoHUUf4FZTUeuJDdOtn+TkoBzLbtqeie+yzs4zQy6T5Iy5VUkqhVObucO03N3JJ3cjRnKftJ3PpT54+Bjth0Irg9S8/3XKGpV27H5aAxgQbLwy3VzFZZKqu7HlnCc1zEzb0ye4HoBKztteDzaCIHgfCIMbbTdcTolXu4v3x5evuat7ceEbTp4Ahv+T8UxTQ7igLNXJCwejWU2W3WNZXolijzduC59fBDGsyUqip1SUY4YQdBgG501BJXCVXWpK6C2bCYyqoFClVRDht8RuyaeQTcUCX32CJe3dntzfnxUdKq0ghvbpKUmWXFKrkhtsjkszdrQWJ0aoRNNp5rYa3MTh53c2I9Z7JBt6wq5XZ1//Ltb9bT/umXn2Kcv/2b72nMXfOyPr1/L1psVzNr//p4dX0HyxcPDzWT0M3di3W5nLa4PD7+7T/8PbQ+vvsLOP/u73738GLQLoXL2PT1y8evX0+nu+u2LqQKq9uOEL5lJlhi036VWks1GF7dn9rmKrni5Neqp8Qla7UhRaicrXXKLGComrUUDHA9TXgM81PYFvSqC2pZbCClBRRIwiFSq3JlzW7raURkmN3dXN/dvvew7RQQ6NhGUDB7NLBHmbYxNP4m1X0VRiAcILLBNQduQGDcv/zmfH2/Xx6fPvz4+OXj/eu/ef3Nd3/6b/+5ct3cvw7Xj3/443x8PI3t+v72xauX//y//dOLh5cf3v00Z337/W/e/fLx5vb2+u7ax7adru5fvP7nf/6ndz//5X/6X/42l0vwcSLx5dPl8pjb25sTLdf0sC3OQsFiZT49PrLNpsqGgKSmhDgkKwJlcVSyFKoRPYUqLfVDkREMyCjAICjz0FGSzT4hrHurDlXOndCUciXoFozFZUfxS8MPKzyeGfO9GKswZIFU0Fb1sQAS7rZqAho+vDsBjE35EbBSJlHY116V/eV0j076uW194vTFuFRCrTWhKcyqdfzQpqwJsLCOIBu0r7068QisTBqpOYXKmmjkbrYRPxNTOw+f6Sm1SpPop16xymRJVk+iv8ZBJVW5cSVKlDRrutuqC0BXLRxWGYE5U0BpT1W72oXYc5LM3M3gZqmZ9bSvx8pVvoFXRstaQbVWC5kzqAw5xDYqSBVmKbN+xKPMnbCIs8cps2R91UkiL2mdXoMduMoqhllYm6IzkeEmjqauFqr1t+a1dOczmywvktmCspMWUXsOhNqWTHPfCqoqbw5MtuJOWpREyDnMrGGrIFQpdREBzbU0m0lzYMoPLbGMMETWSlS7sJckrgjtc5629hHLI4xugtxVqwiOTep+LkTEIM1KXYFjBCoLnV5rEY0Mb0ENz9BpSmtOovtjKFB16eXUIREWaC6Wm/enGQxTytAlzCt3HXuhkuSOzKcqr+ajGdKMxSwL29yiY2HFOmJ/x7WPWQoARKIgZGWJYd7+B7dVcEhubebofG4fbB0XnQexUCHUyn014KUy8wKCzMM4DMqygNkFhI2TOryoqCoSVuh2LQJlqEwI5qODiIeW0CRaKLWaEd8EoGanriwSkDudaq5hSKQLJXPSba05zFNg+CKrFiuzChIthsfKQ9bsdCTDnjOBVSWzbiSBmZsFRalUix5g77naiws3A6NqGonyRkpLTZvC86cm1fVKVQRnt4YpIY62RUHDQxKKY2xMIC2xD3cdbQjWIUX5UehYyLnPRr3WWlnLPcwgphRLqz+dTWZYOdvK4zEiApg0dV6p7c/DvadsJ49UBtGL8SygSbtWSEW3O61qsx968ByRe1I0kL34gzXDsx2WZsNAwglWzrlW5sqsUtFwnAw9bZmrEyvmOPhokBuyx3sKlTkloRIGh6lDh31xOEwlQCWqzM3UUJojhyNV5QTd3MN91TpeWJU67qUjKzPGuLoa9/fb1Zmnk7sf/uyqWtVtoxjD6VtWddi+qmZeotXuBimYZ66qSSslarXdqFtRs+GV3hZ5TnQuGRVeZlar7zmr107HfAcdmNwCaDAePNfAXBeU9+Mv12o3VGNkpKPu2siuhe/HZB1G2v7SHdO6ex9arU1lb8jbF3T8mwaV/Xo+EAVYA4+z0DY+QUYdWCAey2t2A0HXsjDChGLnhECnj9N23k7bGGOcCvp6+XS5XG7vrr/79vbNy9P91djcxcpiuBetSuaRXWKpw7VIsGPrwwJom76YPKIFhf71pb6oVJtZCUlTPRSZZWV/HAmkygZRMIYaAALUnI30NWLmzJWSj7gbPiRVLfcBdeNlVerqdH718nx7/Tj33Fc2NGLumZnWGgTh1ru1S65ZKWPD0q1r2dvHWiq0+6K0cjmbSgAYwiJztdkqzjc+Tu9/+tP7d3999ebt3cPr+4f7dz/+DPnT02OtevXylZ3OWbmNTVVa8/r6tlZd3d6+f/95pr+8udovX+f+9J/+H//D7/8LPr3/q1a+efP26uaR/vjifjzc0jcrR4GrUsiVM6wGw+gyb/DAylVVVEWzdXs/J262JWqtYvskailXulfr6sRcWdiR3Dhg5bV8XDsJVNAsTsPOR3esR/tRi9a11kVjrVk7UUGbmGtOVQkOj9Pmt7cc53Fe56e5C1ia+9yh9ODhkrUI99RjG6arY40qc3dk9b6aBZp5gMPG+PjLj09f3oXbmx/+fi39y//x/92uxvXtPVh//v0f/vxvf7m5Pm3b9c2Lh5//8vPaH+/uvv3p3/9ydXN7c3d9d3u3z/Xf/vm/rsvj+3fv/uEfv/v+h99+/PAe0Jtv7r98mSo95Xz//pfP7/795e35m2+PNYqPo5oX4GmcDtmAbqcNl8tlLalWIexY9QO12vzZp56bUSlcLhdgZuocZ/NBuvqj1mJDpVVVYGM0kYOdi4NlVaHMzRmVs45zAzBEbECqLacwegitRCyirTRGDwq10owWJ6wDPNCEdQFVSK2OZjnYAVBVQocNDzlLHttQTshTS+o2TNM6ZKW5Fo1bnKtkNHdKa4l++JOTEnLKDeV00Ciqaq6aZkFlVQK0MglLRdJsmm2d+s58Iq0RC8O3ALMm+qMEK1Nfog45sn+BnLQA2yvo/aQmkJUAgzbLwiisXE9JCNGuNkkzc86nWZfCbKjiyie3IEelx/Bcu9mpxQL6gV+ZuRdXYfU0mqhx5K7cPGjmMGWZY8+skoNyy1ztCDOYDzcyfBjbDDKNtF5ISl0tRJOTzucRsk9daq1cKjaSNBGOpWW0VvqhNPMqrOxNtXvbeIH2p5HmtqG32Flu/SZq+Em4GHwRWkqVW8BsVS/G2wxvLeH32ZB1UQbdVmmYgWKJVlBSXWe207RFiDQgwiN8EFg5j6ceFG5uJqHJcKsW2NdJL+11BGjaMy4Y1rqQYcMODN9RsiRlyUTlYavvZ21LZTiipSz1HKxOwK5MFTJpHmNzuWomEvBCqUTr2gnUmpS5mY4tIDOXBHcr9HrnQPWLvUaGtXU52bf/iGgDEmmlVcrMpVpiVa5+iFbN1gIaZ+7OYwhrzA9YmQ09qqqFS9ABdNq4efn9RrftcuXEwQxZnTBo65/pV0dBAuwqD5rrKK/qYIJQncnoLH0zDLvjWL9GnQi6WxUBVdeEEHKvtTrhSCI8cDDOHWJnWNlZAll34tLbjtFMvuxa1f4hW0VtLGm3WTWUnl0qztY5EiX3iopUP8UJmOT9NUHJD1N7mpmpCwkW8gjCgsq5yAYorHBLJWmVR3pNplIuJjrRrd54O0tAwiz4zGqMQMHcnzczZbDUvvLIAUBWqOyq294ZtQJWAEXYGGN4EKYqlmBOwmAoZFX3nZZbJSq7NqQZcdaooV7vVCvq0GlE5Zq12HSGgpuFmQTVYiWaHAr1BNTplyJKqSpTE4QOoktJPgLP/hkC1ZapKvWoF8cr7WEQLQji+ub85vXN3e0YwW1z1Z5I91g5CwjbrBmz62Bt1lpLqwH2UlVa3zC9d0reKllTSYAudLEgrJhUuG80N0xvp2wMTahmO6X86F2ffQGkIBxB5pW0feqwQrWfH+0nMevQtbImdGQj8jibG7tRgproV0D0aWUddGuWQBPlmEAX/zXw2VDHPPccjkKnc7PceEzkAMVKBdCXwz4YsqHjoru3PODjsNadrk5oMnPOfX+S9PLNzQ/fn96+2M6nQbZpH8+U3dnPmQ7EZS6YOTd3qhENPpxE2rAFFCOUvRVsFmmGQc0DylUlyYc7BTe4e3gIMB0ptQhfudaajWKF1nBL4bI/VhVtY12UNg5ycOekD73KWVebUDtpW4zLvoBCLbPjru1mq5aqSDiNgWb2UtlMgso0GmTwZ3/KEaiUGr1x5Nn96nw9TucPn97l05ftdPXqzfeS//yXny5PeXt7fX9zw6XXb+7jdPt48e9+ePPf/vmfH149fPjpl48fv16dX1z99vXv/8u/vHv3KUvz//+///0//N3v/vaHy9u7x68f/89/+ueH1/Y//j/f3N367ZW5Z86LIobxuB5LcltrVVO3DkKGnlWAKMrNhBQj19Osp9RMLTeDn3Rsz2bRpNrn8nDNtZ3CPXqgOI+rbVyZbaRDZhzUqGxsIqVauQoyqAEgKa3cZ+6EVA7a7fXNt2+vLD6U4Ai6j7hO1xhD1V3FjaqAJKMN29oidzz8jTqAZaG2KNb+7t//1Tgr7fTwg8f21z/9UwzrqpKPv7yfl/Xw+vbxy+OXywpuH3/+6eHl1dXd9R//8Ff38ctf33368DHO2+Xp8uL+Bemn8/X/+r/+f/7y53/7r//yL998913E6XJZ++NE77bI83Z2S60igypp8bhWC4ixeSotNu+6go6+dDRKrWqJSrI6H5arlYmqzAsu0VMU2q2YKmUuGOcSydO4jjEoOy7DLOIo3gKJXqUhOxupg4bYyzeDypQtGWbBDTVL7Y+0AJ02dsDR//AEsiAajW6yBKFL43bRkb4sdnQqC6rDYNLy5FpdYpBAbKdwuGThbn4g/AHvprCVvdYU5G7uh/WgiE75V80uNz8sIXQQohbTOZhLmqUlLVQl0oi5kjDJ0JIZkGtWzkOoghldRY/N2QvaYmUqZUfTj5FupoKjTHJHQbkyc2buS09ZUyXayZhVy7AYXLO6K0h5ITRzl7TySTYv+VhKHVuPCBvdS+s2CHaIKyXRzOIYw2AlAk3V2zwcKNroOqVhrJrssZTH7GjPGWDVavJ11SSUtaC+JZBmrrGQwGGnWLWbephoJChKqans/m+ylJ0iykzvZX/JGncCpRJa1T+bSlV77dJ0JzFMLghSVx1VLfGS9DmBsYU1WaqAXLWvWgxmlsGdRmSEede2oxfz2WprNDyx1wKkMxcJM0M2oK1fperQBVhmBa1DhiRBZWIpB+nmVsvMe1g6mJXoze8RileVu0m4zAmXs5TLzMztaFbpiRdCz/SHNteTaElAdonG4fPt22dpdRkFcgoGIuuYCJUduulBabJZQJCoat5zz1LSAfPjEQrggf2jpCMVKR3uX/gh51cCCB89aDSeRZnH/q4KR/V3yvR/GzAs+kp52I1WYfWcASFs6x0MD/mgyV7VNaRHlzD8kFJRYEfK+pzKNnpamBGHL7//MBOEZwgRVq2+qzUiEG16hhkxaxWbwMlOxTBctXq9WDo+8aW5z5VmqTopSjGL29hYfvAdD7zlirDL2kmQAyDLhzclV3RU1lKa0XzMvJABIbW6e6BzmCV1AMd5XKiHbYnp5UK50XmkizwowY1PK9eaost0xNYt2ih3CCEkrSsMR1cXDG+ufxrhNlqYBuA0sZ3rKEgzS6ajhc/MTSJoRUctAKqLUqBpUUD/mVqrObLtTlKXUHWUvO+aktAfHR4ILDkP0o8I1nG4PDeOOSBTVodz+nWpI21iPYya2/3d1cuXpxf34+pswyTzSrlJSYMND3bFjA+jUZxVEJeqcu8gvv3aOAPA1Hg21DwwCQQDBrLCFMNPau5Izb5Khqvzqf0VKWVls5ieyVJVMK41hQpzcyG51trnetrXzD2bYtOx7pVdmqBErSLy2bwr9Kq2IeiVDSRoBhSqd0FCFwH1X5R0rBFgTcGj5XP9JgiLPt8Y8sG8AAAgAElEQVSYWYTkMG8Xa3t0m5pcTgcUw7ZtmAWM7kELaaJgyOv7q7/93c23b+LqbIZSlZsZI5V1iPgrc9dx9V9KY3jAAVZ1v4U6cmdGs0pi7TuhA4fU8393K5Ta7kmaIQhUyrvaELl6BOzZJeeschqZWWsdEaZcddFi+MndoVVyAVkrM3ksyNr3rJXZ7dTWbwMFiHZg2frz3Yu+Pn+Hx1z9TBGKK1dEIJv90D0qJcyO286c6/NUzXG+efXmty8e3v7y009jbN9+982Xz08vX7/en+p8vk3Em7cvr6/OtfL6+vbr1QUfLj//+Mt/+n//z18+fXn/y89XZztt+PT+Xe2ff/u3b37zd3dar/7853/56cf3D3evzts2SNaqVavxy2JJa3Uh2m62BQZhrRkYo7tNAlFMmYZr5h6IYBrmrpnsk0+1JqzMHYzsGzlDMjLMN7eNHMbhwNjc6FmPfSkqYO2XiH6MZAlrzZVpFkaXEHZ6cRPfffvy7ubdLz9+qVXDO/QLYKF3+khalZQzVTIy258Q4bRerplE97lP05O7O7WSb3/4j+bnn/70X8N0vr5N+OPj0z7Xdw+3UK5P9sMPP7z/5aeP7/9qr+/f/fx+luJ8fvfzu8fLY2h+/PDu9u768cuX9798+Jvf/vbr4+N/+9ffXxZ++9u/u+zzX/7137bQ9ckEsWuE/NdlW3cOKatog1VKhoMb1tzT5G7Wi0TSzcIAGLAyD0lCWkqlgaaVK9MaNEgeAhH0bBwHM6tdIFD1d1/qAs2ccy/I3SFlzuakaSadl1neDT6ldUTtu08rjkJgGsN9ZR/xWZNd+pJG74evVq3SksrQj5oTGVUaJvM4GuIOUMBc67KUZjVskAjzlqisURA6nmWio/ZnX1NXQLN7U9faw4e77/ueWRGbsbrSLnPioA+3KDlRk8i5CKy0rUrGjRVwW2u2BbHvRG5u5oCiD1b1uUJjJFCaEMM3wNrOfoCOWreq6ikRgLdnsSq1q1oBs/3p64gNdINLmVrieppPM3ccK1lzG6Sjqqzj8urZtTyeIaF0J2ycwzOzQQ8k3cI8gEIKJINdnAoVCfMx/NSOZdKrXZdsx7iKqrXcPHMpq2fLDge3CsjGRLUiC5Nk1solVu5c1gZs0DKLMIRTcnNWFvc2estYNatyKYUIIpl56DtNfYNhhu1Tlfs8bycKXd6UqpWdLhvt+pcU5qMf5H7wdWluwxwHR7TVtC4tBXEQ9YoZz4WiANA0sZLbELXWNB/dJSHVWjKj1YIEd4JTS88OQ7CF6jr826hcq6zCRw/iDMIstQwQD9+GNcC+A9F0kZXN3as5FTF6gnAGzYSknGqgOyuRqzp4DrA0ARqPYg11hxdRWlnL2nHEGhFQJXZUuG3GyrZz9bxcTh9uw2JYL/SORR4ql1keERl6HU12yQMQYv1K0OygF0qk5rpULbH7uNww0DfFTIDq9JmofpybnnGRfqxVcHQo0GJVMosWNDdz96NfyhgND+rBrNOHmQvV/cEFNWqdyFooUg51v42DDMuUyMxJNkel0BRFQWVrrWm+RQwGE6SBkY11wjMXmaB5cRlrIVmQMtds3p9Ta+6txORKCEVhyBkgezIRwiG3YaCqCovt+AJIGzZILmYPUQsK2sSRxyeZlRbuMY5yBZhAp1skKR3abtduwNBFjsxDKs5n+xa6q/e/m/2NXYi4sjdPg8pZK3M3jgqDDsiDGwtYuWeV9YBJQy0cXS1ehSUSKR4l2TgeW0T7f/sandlLtn6vhnsVVyVJyenW/yClDLq62l6/vXr56vzi/nx9takuJGNE5XJaN5KYCWhcPeLgZ2vOok1QmenhbkaZVKJHP6NNwOprg5s5nT5QJF2mEt2wcqdsGxucks21llbn2Y8nllYVPM6kr9pdKGnuuzFW6evTepq1qg6QTR+x5scHQE0QO5D4klydrmlfnh1m80xrtlLzX9tdLbYm5+ZIdd+SSmXq3vLG9mXVgUpgNdD6WMoffGvCedqCBRvuYe4+TqfTtm2n0dR9ctL922+v/8PfXX/z+moLKHczc/NM7+9RnE6VRvKyX7rARwDWoXNWliFbFpYKthm97BA12KEukoczCqTJDkuntRmQO8q7FcZoWc9XJoGwMu5aWSs8sqqEqkWbVSQjBTskF7idtqu729tP5/N7fZiAW2zz8rW6QbnSt1Aq5zJW1c46VqNuAVVqVTbQlwArqxsnDqi5mdFFo8q3USDmDPdxuoafny7z3/71X65v7v7uH/6+Lin4vioheXz+8PXlm7elmnM9fvlye3P74h8f/vSHP335/Pibv/1dmE4n/+7bh0/vP379+OHLRx9j+4e/P//NDz+cNlvz6+fP+5sX12O7usyZtQxWAqCs5Y6xnYwnVaEABY7K5+pxDWRphft13KYquZfn3toXUUSthBRjazc5QRQ9hiNYpooxTsYRROco9uw6BKLK6KVMJY4wURs2Ts5QmeMcXjdX5+urMWKD1zid66gPs6rVIN8wExgRuZRrwjBiNK08hRFnj1hrHgUahOh3D6+2cfrw7s/AivP1Sjx9+XJ1fXV7s9V8co+3332nnP/2+//zw4cP9y9fXi6PNzfj4dX588fPr15e/fTzL0+Pn96+uc/88uHdX99++8oc93c3Xz98Xt/P2DCGzfX49UtdnjZUhzYJchIEzbxX+jTLqtp3iW6kMhqGQFi3A5o1VzLTkJde+I2xrVxZVfslRkCsEt1MhGhjqNgzTypPPJkdH0eUYCWpz3R0aLSOcpZaqMzCJTSqlMrhJlkn4gpyC9KcQQ+Vr1wFWjvFYL3pth5rBJkJuXJvX+Lws1WamzeS10S5UMfdoiqVjX4GzOVbbCp5eHDABXnWYQ8toqoM4bD+dpt7rkNkKMgYZSXVmtPj1LUEphL3qsmcsgUtYWZVzYpobzsNqFlVS6mVy+2ZRt8L6kNOabRG0Ow4YKnOATkHLKrMfxVlSCQGBzlIVK3kYlUpH/dlHISLNrz710K52sgtZB/pHicjnebOMHdjNN69075uWgAtfOsiK2KnJGZlmYez091RfboabdAl750fgNZM2oNu7FDcWrMrXGsu6IhqHFj87G+o0xyqyjQP87HvU1k0mAfUoQ4JB9h7xAB6WWtob8PocpsJlTAaQp4wVTd9tQc2AEK1z8uIMo6nvYZvgPWCPNxW7v1mN/IxRoxj6M5s7InZZn4+VGTwwEsTCSBXsm0+vfwCgMzqg8lgWW06xtKUaOb7/mixeVrzYHLNzKUG5pBtla7W8qtBJ50P7wVYGGrlDpi0zM1tk7p0ieWgBWlZKmVVOpmpwyHTRBC41Ek4rjUPa4JQmV3O2vG+5wGujfrZbTRzrdJql6uzD8Mq4RnPSABix6ODZMRmduq/7u70ysvO4860YOjutR5YShP9yYir3r8avCA/9JisWoXVVhBD9I8BFc2CZCGRWL1RchzohnbtunX1BNLQDAdfyA5wRLj3mqI/lFmFBEGY+oZURbfu5uxJsyOVPZ8VcpXCWsjsk7B62KVxzfJm/Ta7FBZjYC1xrKptOzeJsVfMgcgs46bmnqmSK3O2NRvIzKNAWgARc82W8DtfG7GpJmBubow4Wg1LkPtw9lWFhJuwhddaDUYhEW4wdRyq0/fuZFlquY8tRu/EzUjjgbZtJkzvRZpK1Bk6qmqtLGAYubJS8uEgn2epo7pVSdblKL0CsxmUz80ekgjxeOhkvxs4YKHtOmPAhV9hDseeVxAMtYpFi0ae9uLKBLFZLx0658EP9BFXV9vDi/P9zbZ1tsKsahFO69KxVXpiufuZFqvWyumso02qBIO1Sc2OF6X/w0gtFehwyDPl7u79avD5OTpIJBbV5SZUVZYRi/Sw4W2zQjn92HO11awnsKy58mlXq+8kKxdR0b4tddjA2zgSRlgcibljyUaSllnHcqVF0X6zD7cVjtNNgqyPZinCKrN/Yut4bx7Y0MMJ0v9ft6L7ocMJjNjGiLGdYjtl6rK+qurkcXW3fff91dvXvLkJQxFJ+JpLsCodqCsea4Xjedt8+JK1tNEICTRLbalITWv+MZLW7/4iaZTZMPc6LNXeJx0cXXNTOoqAHF0Mwz2ngDE2A/KyrIt7sGp2pNzUtOCDt1jSvq+nuZb55oyL0AYe96CYNVFJtiOo0D3q7W9EP43czAW2hc5pMFTJYLSuBKYZKrMq7XwmvUq5vsri2+9/GOP0hz/88bd/93dfPn395u3b+xd3nz88vXr58nLZT+erX95/fvHi4Td/883l6cKqsO3Th0/+4nx1FWvG/c318JyX91qnNw/j/u4681zzU65lApWqmWIfc1VJbMOuSC/sJbltQkpaNX0YtNqrZ+7DydoLMDtcabQWVdgHU8sfgRh2Oo2rvicbujHMJMFQCbNBKGuvWu29VEsz1QnCBtlSrsJELmqdz948nFxTtCoax8zVNdRViDEitHLv3A5/PWRsCN1ftisrRoBxurqq0o9//pdcO324uLk/QWMYcv30pz+/+f5vrm79pz//q3L3zWfVq+vzo54+vn/38ZePr/6HvzekVoaZ03N+effTX9//8nHbTl8+zV9+ehebX1/5X3/8uq9697M/fn3cXmAM39cMatXKScAsvC1yYV6oMB+ns6S5z8bJETADJaoM2MYGal87Sk5EWM6pVSWtUmArYHgo1/DNwysz6D0UuxkbHCI5kbmqlrm114jKzDXXbAl01RJZuXqEzURWOgFZ+CDUlEk6Pb2/NklGPHfLaIHJjBIyjzq8Yiqr7Kjf6slBYFbRTMfCnqgiwuiEm3PEKdwzZ3ZwUT3OGHGgS+kwyYoBcwuAotVhoSo3I5LsUo6ElinLFrQDS0hjZT2thNlW2puw1tMj21Te39neVz93oz2nq/s/otuxLToUZxEBuHO6R/16DOfu4dVyojlZe2bW04jrzEm1Gt51DKuXOEuCtUbG8BG+tahdR7sL2IsihUtVKxCJAl3uvexFFaydU66yQiAvVdwingfbJEqdCparZWlA/YBKqY440P9F1J81WZYdS3qgqpmtfdw9PCLnTAwXd6jipVSzpf//z+ADm5RusotDse6AOYeIcD97mZn2g21HASIQQCQRcfz43mvZoPopOa6x7HFPmgPqlvt8QpmZIa4xzZtWRfItHXEQbgz3JRkqvftwv++PNE5GlI9cYIb+jW4dYWZR3YbRiGS1CG+yudzXkHAhFLJrT98ZbijNSY0eqKD5KGUlF0sFTYiormewVYYLEz5V4/xEQM0iQuLQsOcxwJR1rGOtwUxIVT3z2k519mlt4YOM6VE3V5abyKa8kFBNBT3EIgnVMl1rze4eQ5uA8RGEB6whuQ62UROyG6OPHZ0yCVROCqWDVVl1H2dC40pLGplBY9YaM6EdrQhGLCSB9PDDLchjKBzqdqid6m2+ADbecjZIsSkbH7e6zNwYfxvlskc4aGwHgdKlWh6rPsdobiZ0JQBoEENmIhF0z84FAj4cWU2GWsvM1t94NZz3xIckrJEWtoTu6pG8dY+h+bJcAyplS9lYl/SjZwFeLYhh06UUDT2a393N4IMZTHUSe3a1EzQwUqjuuraxXbU36DRO6ASEaoA2VnFy9B497sXpws0i6HOnjuAl4iFkrWLDGe5GICW0jB5cxS7VGATcwxnjLY8VYe4epHVtI3glmF8uWGqUmXmxDyCB2SpibmH6ittxRUkYzc2dlXkxN8xFg2ymILNv6hHqwGUW9FS12tBwn4X9mz4XQJPiiF2rQfi0ao1xYgwJ4VJ+QMOonWY63EfkK+Pttj588e7D+8fH26LaiFvcslEoD2O1AFoT0KTd0cHtxjPfeMAwEuYRZhA8JmWqAA106grTFOb/PKOg3TBQMhSWLXUb2V1GBq3mo7Iwk5bGoH4JuXDtRgW6FWyftXO3ZOiuk31tjSGFsxmNalJoJ3v0SEZc+WtTio37Y2Rg00td/gle85L5HATg1/s3/f+AR9nYsxgSQZpacjhgPrNJhkcLYce63Y7jIfyorszO87Qn/9W3t7//3e2rLx/d2ZmtcmtJJfYlrCqzS8gzUcjDGxBY1TYxEEZmunrQYz7bqRkNV9tkgVeRgwC5QlRiBUqDCZJED+SmZgxgGruMMF2mOm/rxlmVdNKcLCOgvTUhHAJMvVVp5seKeQ9QyPs5RnYCET4WZs2h6z2Zhj6FLjk3A6xjOihzJjWgdNJpnX32dlviAeO7dfjt4eHpw7sP7//yxx9/87vf/v1/+If/5X/8/3z/u980Noy59/Pz0/c/fP/Xn/768dMr4/jHf/6PP/71l+N2e3h8uL+8/PXHn77+6vFm+P6Hh4dHPKx+CNb+ZLbW7SHMu8+RLMpk9kDC4NWeTQKZIlfEMTHeM0kdZNxM+3QhaNrd3DylqhyhQSynQPSxHlYcgAEecaw4wqO7B6s74gjO2zCXDtRdWfeqDtryBWDXVtPCU+nk09PD8/ubnGqGe6xV5z2zQOuu1uzqsjvZPeF0BLoTNUpmlxINs+XrKAHIzk20x1qPt6fHh9z74eFQ7n3eaX483H7+8c+ff/nL84f379Z7D/3ylz+37OV8cdjnz5/2PkW9vt5b9/OP9fUP39Lsdtw+8/77f//DN9998fnjx9znl18+27HOfknd2Q/dVUrB3DDShVJDfZjb8u57ixTNvSeCo5td1EyxJmu5PaJpL/fXEXJnt1HLWL1Jg7mxaW280mCkDXXXFRvalbIZY6fxusVbNYS/yjbOEQ0JL/ucUUB3FxlIpRvCjDCffHG3g2xHZp1mlqVWjiZEuM6bOV8gdZ5NK4TTmtiZ1zRDbYK5qRBw9wDsWI92OUqx816XT5ccRzfJNqeHLTN3sxznnltjZINJQSqnG5qQ+pywHRGFqnoFnabuc6IxYDUOSzNbDJTcwwRHIFA7QbmtkXnzbSjm8FG7AcvgwRsJY9zPVyMPY3dbWCMBhgcbWdugQlVuCwdLpt1VdZ+25PLDGQDejtvot0lrtWOWG2m+cgtwD/a5aWC2mbnY3etwNZYFrg2RCTKGMQVzTsg8x+gPsTo1GJhhzwBA25RqndO11JAWDcQY29joseyaYbCNc9YP/XQuIfMFuMeDMyALWwBZKX/a/WrgWgG+DtjF6NVtJvMFYcWaNgBAd65wGvbOiAc6qkTzrrMwWfKMmYOOWRUzMzS0EoVLIatudLdmrTxbT4axldUzIzYwe4/DQ1K3YOHumOsK2c3q7qtjriufQ2wgu6q2+BYwxwZkMvOJWXaQLoeFX9TFGsHzpEmUcjw9pZFIm6BRJvXo/XleplKMj2tcGMNxZ5MGoxzD6VGV9t5p84MrhStviRNYM7wNMwk56m2OB5mD9wl/INFMoI9F7tG3qfeuLrzp3QgYHZcC8W1NAXbPOh5Ga0P1blVlTT6FcSw+BsgmbHWgTWFGvyb+RJgLPmcPLToTajPFcThdcGKoG2Mjxt5ndzbqShAzM9euHuRoG67Zhq4/v7t6+lCOKwEOh9GdZ9Z4dGu2MIRMWRso7wTkNJ8kOCg7q7K7wlbYQS1TSVcrN6qXIfmo5R4c8HljRkIULIwz0Kw54TCEBzmsQHP3NauXB79t5RsJO2Yqej0FMICz1hjs2iyvutrIZQcwWzCHqeoOibSdZ2e5R3OiCYsQp5FzxrLxtMAxzYy6r1XHLB0gd9alOzXMrJ409BRrXcUr+CaFt8Gp2miEqyV0jQhDzdlY18irZogyVVfQmG+O81juwHH4+/fHh3frMARxcy7KYvU4llTXo65uJRKi6fJuG6pauEDYYpeWxQzkJoGOxiq4uSmcAAq4QjaIN2JcV5GLDpDYYPvoaC5nUA3AQ1Kjw+I4DrFqTIHG3Hj5fNbuy7+jGv4R5jAd0e/0SJdsX5UN0Od+vUgC3dAEGI/+bzZcg+DXtdeCGXteMcns4uh5LFCkmV2ZWqMHs6ZHjFrS3SKc5reHR6Ofe6DduXcSfP7y6Te/e/7um+M4vDtbOcI6mqE6q1eMKZ9unhxN3agR5iudwRZc4RFLqEqRtBXkVqF7V1dPDwBSsFY1hvSLQSaolGrZ2NNnNubzeXTEAQDYGvUkZjlvsRzqcaTUubO1rGjr8WE9v3/88485H/s4brWJkkH7XjQb19IsO3npw7wyh3CnzIayt3OBI90dU0wS49qYQcaKdaPx/vr64DdfD++//Or+8vr84cM//6d/jliP7x5p/vrp0/sP79dah/vjw63tq/PMX378+OnTz8fD8fzFd3//T3/3f//v/+u//Jd//fKLf/y7f/qa/hP707uHZ7e+rQfa2lW7GtLrvtsE/c0viI7izpPm0lwaWhbJCZ3x2cCqmyihJpjHFctD5MtMlkDI6RMiHiZ4uFusdUCQNuCZHY7K09xB5j53JYE3/OdZLdpS7pIJLndYoJr0Ff7w6GtF1zmWTknVCZSg+/3l3eNjdee5jazuqoZzhbdqLs1RrXUJtDxfKuGXlLuZeX99/fz583F7aPnnl/vX33xjhj/9/l8zz8cvvow4qvLl3J8/769/+O58Pf/Lf/m/z/M8brfPZ758fn160h9//8en569+/OXz97/51U9//fjjjz/R7DgOMzNfvqLxctZLt7LPsBVxk0BoTU6SW5hVc+8hZpIQzUWqdhwLDbehA7qb794P62bOqnzduy+fJd3daMMYhMEdUFbLfLnhzOpZZ5/lftkPB9OXe2de9Dm5q/vMtEvTX7YCQFV17xbCEcMVohMeDJraAkTVnYPmH1OCWjXi87Xi1qLq3GzgCb669667iPN+N8qNXRWxSK4IctHWmMlAktF1QoAZ2oCJypp2cm5mut3gJrTItUJtrWpptJGYQcRVvBvHXtUnGAJG4NOZtIMWa95n8VhHl64tKC27pv55EyYP39CNyziTdo6wF+ZmAdSbtMmhNh5O2HKaa9+re6ZB5iYw88zebgZ3NmOty+AgDrHQWSByb3cZqE41CpLPyrO7E2S4bdni0W6g0YkqM1RusxWdWXfQgi456ZPoZHCQXZdIYbhTcE2OMSQwRpw2hOg261ZlwRnOeTLfoPMcJGwsH9I9/fKnkm+bE/eDN2uedQfpdjsOSHq9J1TLl4MeiIgSRtjftavbDeaucYWZWvAI6LJshdRKXCA+0i1A12UrHPYP50YUxC42YOwqEJm7rhMdy61Qb0P4RhZoxpUXS2dKpDChOmsuZ6K6MbAPdispuyQsFxgEAMOO4UgIl7Ma5ted3JWNtDKYCJv9zYSwYCwBqgZVgko1wZmEhV3RXHN2CBifdTcliMoe546NjwcEY0T2NlhuQBdhhxwNU3aFk5DRY90qdyltIuXQ1yQJw8zqsCDhDLeQMK0FTOh2Q4+0aMAxEtWTwoABTUXAWGU3eKlSmzOKNFo7SKAwDQZ6ANHu114MsLBlFhMLJBSgnOywHumRhK0ZLHO6WTVSWI75hW4zQCloWhE3Gw56q9wcQndNATcgoiZJ23kfuQlppFX3ma/ZdzWqd/tEzlV2C53KFjITuniOHouQ23L3rnZi4uaGR0CiarvHaEaq5KDT3cznG8dE9B3jnpkuJsxb495YhDkGH6tJtBCaXAYKziE0dtkgFNDdXbMNYMPDLgCBhfvNiWq23Cj24cy2zWHCkpzg3upKCuGu4cl1dwIqN8z/IG24/T5AGl7Cf+OEk7Hnbm/5W8zVJaMUQS0fgXo7kJVOMpzk4+Pti2d//+RPj/EQxi6ar2DPyeVVMskMuuLFmgB2FdVUEV1ZFpRCzWtDNFwnXKYnjiOFgvqKNlR1ny2ZDVaqNnStaNXVu9WzwwLaHAGDMM/8iC0bgOr+mi+f89wi1ZV5nuPQ4hj5eqbnbQSWd6u70GKPnHRGs1PqS7ORoGx6+st9BUnQGLAlNpu4JO+EiuCkroImzkE/jBAzdwuuCNpbqw6tY5nHy33wl73Cnp+f/+m/+/Yf/84+PNO0s2RoOEV1bbXi4olPBIoOJy7S7uiSyswWyXppWxfCoWc0hQTbUIOeWj7ZiGFx9Qu6zMUmCp1ZZtLeNKdMvf043Ba6zd0iwKW8Q9mtJgLqFqTbCndPFXpn6THWl+/fffXF4//5X36q7FiHdouOZeiK2+rqzntmUcNCqIbm8QXMaN0lpdNAN7L2nr2BkASnLYkV3ew6P/9yNxm/sOfnZ2X++cefvv0ffht2/O//2//+/P7x62++/pf/87++/+rpj7//ww+/+vXf/+N/+J/+3//Ld99+fXuI//z//d++/u7D688fmPvrL5//9Kc//v7f/uvf/d2vv/020OvhYd2CeX+N2/yOy7qdE2nJagl5uI23IeLQVeHdzcx5kENxmoVTz+Li8IOA+jx80WNnjbcaU/bJWzTzdSXZJ4wt2sTwVQuFZnbuOi8e3RB6htV2hdIiGEKpx4Te6pN9Hu5Jz3PH42GOtRbkXYMGWaUUMPiaEfPuvcPGQkuGqboqM8VphoNz5Q6jMWLdjgOAOav3H3//72Z6eLipdX/9/O54/unjz+4PBn76+efHp3cGdu+n4+Hd4/PHT5/+/V//9Ydfr59+eT0OgvHpp5+fnx+JrvN8/Xy6WSzu173zHCqXEMGlN0Kx0HDSvHs221ldxNSTdF90Tkj63HImJjmYdo9jV6baSsdtDSxkKCrzsMHXzkpd88KqUhcH9XRJKtvdM+mxhKxGK9QXI2/W125rtl3dSrSZXHK6T0FBGMrjKKPhnEV97TbYFSomm4a/lF5t8QSpUWDfzzsaClbL3UcRrGwPoHseHc61DIcF+izJ5w4cvFi1A7CgGqDZIapVRuMMyOhXjCVNYKEbOZyg7pSSvE0+3fyNkAxy2nLn6J81ZY8GOjzLjTPPcA9b5FyDbV3dFaOcvCyccrfafyMfWpHqWu7Q4tBOMAkqIUZxj5iRoIprLYMPq75apGIy3rtn/TWi0/MsQ5979yDF17rZQ1eZq5VzqF9EtRZkTu+pwWPKDA0AACAASURBVBiAD1vZPKrKHBiPuTTszqwd9Cr1pMAIpBU6c5M26e7VcsDdpZzq2q4F/hRpBFi13W2QsWsdZ56ijHH4tWihYVfeVri5gYa+rajpUdba5x4oxkxzRGa1xVTPHkeMgiFmCUzAuDyWWUgwQ9U5bEfRMGEyyu685P+ddAg5+8kWy6jMQfgNgKfrhHEauwF2jdZ59tjdQ8NpTCbXGPjYJo6wmlSEkX5ZUsCWWikVaXTrykbJgKbCcEUPF2hQVZ5OJ42abJu+LBegumCXLJMgqUZl7WH8SdFS5TY394BkFw6ZDQ8ar/Cp9vDMqzpQt9moMBpFchlM9HZ17dmEwKzHIQ4JHRYG42VIHdrU4EamwChwXERVnZRBoylZkzVsiJGne5jUXQUp0UE3mzTEboz//RqNmjiNtY/vfeQ+rbEZve49YoiWciBcDkIgG1XTD/RF9a4rqWTCjUW1u4+fslOUwnzKPqA55s4pmkDOeEw1Scvd1axSoqWJen9D+M+UtebZ6Ya4lqMJxkhqR8VYu9fy8BDnbU/zZTBfyxDDe3EZnWqsWBR8xBsQZGvdwhYuFs94PdSSMygV2uns7kwpITZ61y612WiyzSMaDhlXONdozDh5Uma+2IlB4bt7Zk4VhUarR0rOmR9AdulPeraDTRsf0OUJHpsKL5n6LKI5foVBnjq7G2jH2P7UV2a2rcOdJtrzh+Orrx+f362Hm3vIfdCpDaVRorLOU2mjTyYlVneiLwJvtU2b2bBYs4S3S0YzvE2U9rpq96re4riDClBm7Ton1hd2o1lm7T6BK+YURUmy1qw7bLnL6Vx4ec2Xl/3Lx/Pl86ksdWaeI7g2jilFRl2ZLT2/z5CylS05RLrM+oIqjaieb8ogzYZ6hDfullWXQclcEyk2m9pRYnVHmI1lgTYR6hF+3I5pWKYnO/dr6FjB7nNXhsf3v/7iv/sP73/zq1pHV34aBYzh1laZd1Udfkwzbu7zrYdBbufel1xjJpijD4OjVb01bolh70zGyHXgOeTjWZmMOSE5quRRsQHL1/S7IoO+DocAo2hykQvqfebsr5etsFBvdalPEtmfWqd5VpWvZWa4zKkGJWeZ1HOEQOTkF+y6dzUv1jTQ8OV0dV1mMBvSAlAqAZndkps75e6PT++//+abv/zxj58/ffTDZ7Dw3fffQPXp86evv3/++OMv0K9+9Zvvf//vv//21x+k/fDAl48///5f/+uf//iHh1t/+9178NVMj09r+VMrwcPDs7Zb7DwLDXDnOSaoVrZyWQCcxOdRnu/ebsTIx7Gp1d3qWrd1UeJMNF/mLZ6Z7Wo1LRrWcmFMz1MDhrTveR0K1RujcBWqE0jHch7WnkPipbU6fS8gKwkr9OeXT3uyzwn3w8zpPrr1YYO+nq9VV1iMLuIqTA6b8790VmUNSBEl81lw+4SYm7cZYLh/el3LXj+/RBygvfvw4fXTy1oPEebO8/z4y1/9dhwPx23n+fGnjy/vP/7zf/+f/u3ffm92rKB7//LTT++ePrz/8PDy+vrTTz8f33zY2Z8+f35+Ot39zNJlE682hwbDNRmkU7WoTQYTynjdmNLYUBnuKjja4ghRVy3jZ2azs+aiqaFrZp3dWO7W3TJcoNTKPAk7xeU3mHn4zqIsfJX6OB539z6TXG4CksZd2Y2ma+SyBhENHuGoNw+DMIs4hXbuwKJn9WC4jYyzygASstX4G55MgCxYmQ/HbTayy6ekRvceY1hmEXLz7OoumkEpMGJSXDTML4+HVrvJeGSevPDXBkG4Lm4Q6szerRMoTrnU2/1hucG9GyTMPMzfouK7kWoK1SO/qXJ6qziqEHWzzSjU0FjJaJiZvfH13MKQZ9bdQTdmJ9DhE1u2JWUlrKyxMws1CDq3FbYo8gKAOmBmPtBiXOTKAkbJnEDhSohG9z4rSfpoTwxunrW7hzJooIuBmrwMI/1C5wWgLHV1z+SwJjvC3XxJlkqAMOxs9MiK3BjDu5LOqrQICu4rPPqa5jgu17GAS4gCiJLDdnZ3LTsYdr+PMlwzyI8VDbqLM1rnRTBp5BRx41c0N12kJtLMPK6PazRjo72Yk3hXuhODdyt3HxKnesTQ10KpdwVHH+McmaxB7MUDZsSVVDVevp6cU7SGwj/HDnpSXQ0+KUIaZEbL/WL44c2kB01l0+QM5q9oIo1avCtxhh/LFzBVnHy0ZU75yFfiwqVff+QMdkcKgu1qNJtGz+4Ia8m6NcsUzkcYoA/DD/rhcXDwOE4MPL3htN7zQ77NCZtGe6PEelUNj5fWHDX47GJkoNzIMjM3unOpDRgfLc2tqdEx/a03A5BV4UZMui3cY5CZb8z+nnBWdots0D26mmZOl/WurRGboNBo96v2hAaBCqivYOg+Mw+/vZl+1C2p5i/d1eNIMDNHGIy+dPWLu7VL46aY4XfVLgIGyyqCFstgaom+lncXAb1RS4+1kIXlg6CJtUwYXdY8zhELZYTBAgLm2wzzbPMHnSJ6cY1oxCwmFnq++G6M+MdHr9/d2I2pGztH6zJoJjeHqpRbFgStdgt9ezjiFsJGtntUJXWJU+bVIVq4kO8SpvN5C7ueJhkWI/hQKIzWvXGN+1t6a+pskDEjax852XQDo4O5TnCYhbuF7+z3z4+/+uHD99+8e/e4ggq3Yy1nS20CBgh1TUDsShhDzSfZGlBMLgsYh1n19vLS6CRA7avrtLDo3mal6bOhqsqqzG02ktY7iQG3gKre80uoLmOvOGZNbHaod2UbPZMvn5VnmUklTXfYBQ/3Q8iuspHlDLZBwmXGHvGmXTal6svEcfUL1LjGJ0YC0lQb1WPJaGC8/5gErOtJw/WKkQ4H5b5i4t4QFsvNjTz3qwbN33r68PTbf3z3u9+uLz6Q9ZqdlSq1rT7skIroM+9mNrF0w/syN1E+2YIAzCcrl5OcoiptCGpkizLVmM0NtC6U4ObqUTRxFJlgs9nkWgeNJlu+zNzgsdYQ2bLbnJ0njStMBLuGouS2LATVuTeN7np8RKyoSlr6QZah/By2W2tSwesiOo/50Fx4C4Ijsq4JD0bRB6kx9MeCWLDlEd0dRgv/9PHP/+v//FNID198F7H+r//8n//87//2q++/+utfPn/54fk3P3z7//vxx3//r//1q++/ebjF68+/7H798svnv/7pT59++cuHLx47Xx6e/Nvvvz4OnPfPX33zvG5qmlmjJ+EL2Un3lqpfxQV0AkFmp/LFWoAbvGs3muketutsk8vMrBoorHgwO+59lvQQj4MHPSvnnZ10wiqQVpW4VI3Vjaz7ZKLkfqUdBHd9NuPCQ2lL7YhGSZ29u/by6CpJ67i9e3quvnfzWBM+SLTlmRahuWR5CWdieXflLrqzUZfhS+6TNmoIt2EJ0+bYGcbL6+fXna/LXdUIPL17fv/8/vXTX8z56ePLPndm7sqnd4+pXse727OqcU+u23s03r3/sB7f//lPf3l4xOPz++Pp/W4+Pj598f5rx6fMHLv+3hneckm6rWNmvW4m5du6EeYOHzkKGVKlYBLVMYi+5dEYUd3AJ6s6K6or76nswkDipJbO7ElsVBWRJFRNuFyd5RFuS+qI2FXVchUCh7tQVRQQ5mcWgOoNlq7Y5eryOTer5HSjm7aZFz5nbxQm/fdMkTX+wogF8czPHFcZeDuO2sm1JkkvAgMmGK3/WaeArg2qgV1n5kk1iWURPl56Lg/JJjUIKqdNkxdc3V11ljbURhJVyqp7oXzg7zxo9DexA93ndgXa5N3qiUIxCujMhtwpwBHVAtNhMOthlRIphrEqad6dUhntLYj62qtRPWJG0IHqOmFVtXedmr3BOtyP8BW2IAd8hhqceKnqmrhjsJREJxImCVXNmLDDs1mO5cDMjcEL8lMwN5ukr2t2JyNsHTdUV50Q3aybVRlmLTjMLOxKYmddVrc0p5vTDolVmUoZPJzG5TGzp4hwO67MzWE4tyZ3eMWSrCoNBpq5y/hw4+ACNBJPW1RZrAnMhHl1w0Z/LrovX2wbXVAUyi/lzGQsNW2RDLdsCdnIrNfhRLTK4df6W+hmqyaCqjMVvuA0W77oB5pmNhKXtgPYVTu73pyNottEog9xkjNgNm9xSIyTv+zB2b6NvZlVl2jsMgzQ3AjrcV/BKrN6w9CWWRBQnYRWu1Ti+tsgG2aXlGg8prj+rXE42pp+w8AJ86OPIIskMq/WV2Zmh9Htqt1FdjfMsHtXZV8NyNs8hhMQ3aMaloqArZsxqssm4qDHeApJRsKW5t43VHeYA2JheWTlm3i69gRqmmcnMNBLsM2m7OQYMGUDSzcfryjNIuKs15hFjWQepk6AnCiDhgIso64xBDEqkzC/fFNqc9IGe0nQllmqCnINX32qU9gkOveWVNVCuVnu7Cq3aPX06TH6JadzteA2X2+ZufvMccwYdHby8MBMNsYcCWI2idW8KCisLqknMGD5sXNDNQvZ1qiaNXEEM3okWCU6SWZmKYe3VRLkZqMeRTfchDjcHyZ3nrSYBMqqOfy7lZXqrvrbAq0AWJjKxtVHwXwsKlNx8nKizz5u1D5dpjd0MEw9SXzj1uqqthhyzFCwesC2vpYuuVCsWM8fHn/41fOXXz4cy2dKBKgNYWtXZeW1rKIZY1dn7a6/cbGqukiROCxGsWT0q63LDsRFBiKFUHmrSWRVdU9YcKELnV3UYONn9QzpLE1imlrK1DJr2vTbtJtbvt7351f99NP9PM8J7iPJ7slmBwPXiw2gzca6wRGwwi/OjEZtVTIbugEnLu+toh9131s6nqyvUf71tfSYMVqjbPUJVW1hwAfTBrc+PL+z42HCkvN+B+pY6/Hd46//4Yt/+vvjq/dw1a5T1S3blVLDO3y64j4inJiVcwtjcb6F70l/bJy5b8cxxXR3jq8Zl9DJ3G/je+5BBZjRfaY5ADNzmBRmJJw+X5cdQamDk0LM6qLa/FJSyNQtkoOnMFNB7umN8OPpHb/88BR+3+gIrxZaY3MTmkYrE1vDfhqgCTjKsUJTtBUGNKr3SV8z7CSt2d0V7u4kWlWgd++ff/zz422F/Ff/8N85+W9/+LfX19effv7lL3/6+fn9+3vWuc8//fn/+vDr7365f/7jf/7Xb799OO8ff/rpL1/ahx9++LA3Pv7y5+++/SL8cDD3Xo+P3SUPqs7ewzw+92c2YDajjVbvLsLv+3NgwOE3dzsrBdW2vTcXnUswzSrYHKjHOLIL9FSDzKpdu7sM2nZw+e4BhSLcMQLBOpvYZ93Pl3Vrb2slieKY5Sz37kaEwa4IoawstRHGbpW5RRz77Pvra+5s0TUiIpjZttSYx8YiQsC8d0EyHx0EAPholq68Gje3OKIbe9exDuUG8PzF+8p6+fyyjsPc7rV/+fjLw8ODuqrO19f707t49/5DhH9+efn8+vnl0+v3f/fbc/freR4vn7Pziw/vH57W3i+vrx9vt4fwW1UZePgiwxArHsIjVeFB9IpVeSfl4T2QoFm/U2ZQ31u2uxbXmGKNa17wCxRCGL0cs0XNzpHUT1Xa6MpeEWY3FWAwc9d4lnwdN7ZkZaashnZgT9qVwVtNs9aubidG3VNZNGTvdTywYcTyw+kpz3xZtlTNWJUtY1C76ipFmluvzZa01sMQ3G3MIzD3mfVdYuSaPFUWjFkpVGtXbXWtOGhxWXGNhNzRtYlhBSksRk9AVOKllRc79HKig4DkYcHxyF3ygJEWzK02e1UNdlZyN7ZPIo26zrWOGSCNTI2axPWZJ7KlOj+hC5QxvGlXYHJjuC+dTVv+0G1gVlf2va9coFnvODlX841wwEdimFnX3n6fpDUrtfd5By8V7QwIp1iePI35orJ2d9MdLcHnwpjfCwc3BBrDAkydud1irhcjJ/rNbEEKd7dqTBrRpAh4yzrPqexJ727EGABtecxE21q7zqoEaba2etnIpwXwiAUGjBYPmTXKE0AOwGynzLxaBpdR3R5mjLC1PByLkwwlVTFmzoRJGH1LeXQ6rCuLPRhI2jXEJTCJRq6surgZULVGRegRXPSB5qhKBvUI96fxRExqw2U6hEBTl8HMYgoa9czrE1qaQZuHuAWwvdhhrEvsFmoR7C7Q4Q6MhjZ7Yhq6IMo7PNCa4lFqomGwVrPNbCYAkAQfnVcDQs3K2sxm1IcR8tsFAL8kfZeenlVpCBHT2kywQNVGv91nUCKp3tOQoszYubmuUQOmSR8yuXnVRkHg2KG8CbrRxhQFM6hmLFzKqqr2MepXJ8kR0AxryMNghpkEwmAWxsqkuWsVzFQRR6tE3tbidDszUB3N1uivLjO7udvAbECXWlXzfIsFYDb/snYn1NUNGuUUnTHRy8tD0i2O8lv3rtzmC7ri5QIGIMLdj9EfGhAMSH6p3RkRQolcx+3UJgCq6pxSrloiY4QPBvhVUGKCL1pyQcoqM5iZcwzlLTkaZBt8d5/7pJLWWXIXhvfacLfDSA+Au7YGKDu+UuK4PUDokrmffV4RbhM1y5ERjNJ7BBkgri3Apd6YXzVUtStzuvQSuy8FyLUikzR9nbGyOGn2V0oEAYpYsdzt4Xb74ft333/z7undMhMMWQXWbSxqAyEFzAIaWXZ15Vmn0ZrMrpGhk2kCWq2ccUtlza/f4LiC5l+bzok97F3zywdgNjuf1ukW2RUjX9U2CkJqTMAHYCZvsqVwa/jH19eff+6//ni/v+zalXubMAyEy6DJshHaFgtVs4iDsSdTecjPo6VqTRFqRrwBeu1qAcYBp+rgZZe77ETTH9S8y2S1rGBhovuod01v1uHH42bu9/My963Hd7/+3Tf//T+///47t6hddc9NtNkYvrwHmI1wjuwDYUHSqMU4M/taIckuXkFxMtfefg6VYR6u618GMsKGmzYLcFq4QZW4sFSDctPbMdZgC1uKCbEeG9l8oK6McHiMHWDYNebI2h8/nar2sByVUVWYUY5jZeKegy8aESpUxRKhmrRHG/SX7dc73cyD7qXqlIeNaVmNxjSfMnq+bjgoS/NP9/N//p/+R9R5HLfXl0//8i//+k///B//+Oe/fHz55ccf//jxlz9JeH19+fmvr1A/3MwjP7/8+P7Zj4cj9Wmt5++//sJtdfaQqHpmMMQIo1MFtbtVZaGrtiEgMFh9MtuA3WW+qilp7y3243pcRxgOG+WF80B73s88AVRtVJW1iJ271CanlPsVKneX1JbVGM7c3ifMfEK80cPF39oiq9sFAWepJXNWn/B6fH68//nnzy+vDw/vYi0Dwqy67/vVJzdj5EOZgGIFqQkw6lRW2zxS10pSKnmoe69wVe7UOo7D7Nxth7vZx8+fgc8R65fPv5jj3eOtskJy4adffnl+ev/48PTjX//6+Pj4/uk9u18/f5T8u6+/Pm63H3/+az4dT4+3+6eCy93W8YDzXlWxDrYDV1aaUYSq98h0R1+edQq6UlPbDOxOh6s75zScEKN5jljSCTQRjmgr9wKseUlPoam3ZX68ZVYvmPGyrwXhlx8rEFaoWYBKhmrdz3OQAyDWcVOVpMpetwO+ShaTxwlXI+LhrO2t26IafsOubWwfcqubmVedl9YAqOoVRywnbZmrRTpUHjGyhGMNxvQsskpqjZqRY22jz8hPvUm75lBuMFHmduDq03FNmXAZId78kiAdw2QbmgP25Bipx/tSRnN3wLN6GDJCZSZaW+22wo6prXqyPAXAs7vRXffubaPwJp2SykWaMnfVRgRdbkuCVIsOVne7x2ASRIAXFFUExKxqKWzyClrYpWpVVZqz8u7GxqCwF7o4/P5JaAXpAQvl3jWoSADoCGeMlXaSIdvMV1S2W4yXacUhzvFoqG0raByP6SV+MPq0fFJYjJbNSX8Tp17eR1Rpq4VKAT3CIQ6B76CFr6jucMBSUHcKeU3VCdIF+rSLFisel4XBw9ZM7iIbYQ0YMTcRL3EyOO0LsY2eXZgskrmE0JWFKygA4e6AEc7DLaggx2w65WbvWTvaWmPJ1HxTbUPYSrrFDL2vZgDdu44V1wKca7JqV1jY6k5O+NnIuBtjNSi1uXXL2sAhrJ8DuAVIi6HTBGG2pFkKdc3A3w3Zg8uaiGfSlnvKutvp4RHjqbya1LF9BhhsMQCyVAQEn26EBNioje43n0cDJW1eBILJJ7U2sBNEd3mE+oCaGqyAqjbcKFPDVpAGcEbpI0XKyrwSMaYMZ491yRexh/APmGNwWe64bPeYJGeV41b9OWhct5zRlBuqx+CLVjGlLjepShpZ4+DjqmVupWmH+KYtzukbgmGjiC7RGgVeHB6OyX3yU6qVBVlIzGxr0IMkB3EEGbCO1f03I5XZGN/emJuV22eiQJLMLqEPu7XqlHzE8ZffnTWRDoxWjsxOwqhpOndWkQ64Nbb2DOM5fneDE8espbsoD07UCAGZyXDWfkFV+AIAWITnSZp7T+gRHZzyortHuDnKyWGkUnC3Vgk2YKDJf8BbHAPY3UVzUCqam0o2S7EJPScYNroYgUEN3/SLr55+9av3Hz7cnm63uDmscwxVoqq7sjqbEh1k1v0890TZl6pLuQsXIEgaUFpXIYOcTe0s095eS8CCMzWVyOtIJ8CJJpQTE9i4p1RVN5AmMA6zNS0GEaSptF/zl5/Pf/vj648/3c9zo7uqa2+YVGZdRxy3ODLvFGizZGrKSj1Fb3ZJmiuiwGstNuNtNDXJIZpfgYTulnNcP5w5eTcv0T/8on5IlbS4rccjfADaNMQ6RJw77+dpYY8Pzz/85rt/+A8f/v7X9uFhJEpl7oNrdltvwTQJ04zgpTJbRhu9co1f5sreKdggcWtCKz2Wg0KbBxANqZJYBOdxQ1eEW6O7jaIb/QbojT0XJuvJcOesCE9orhNgxgTEFRPRo4xLVXOW/lV1x/21utuNYZ7aeANIAGPZmskZRtQ9udoAARti/d6bhDMsrFBdgth5WUHCpiuTuvP+StjT41Or4et+//iHv/zpu+++eX88Ke/v3rlbquvhuD0/Pf37f/k/LY77+elPr6/HDY/vbg8P/Oqb24f3fHjyLz74w9JthflyZqOrUFNdIgeJcOYp5pO9d3p3wrrUhHdTyrPk7qB1Z6ZYSiXWrQfZDXO/2byq6mI3K8CHOFD5cp5VG8aWqCEqdudexwGDqt6cQVAXj8m+EWlsZJ9VufxWXUIbORvVwBLi8eHhuJW5ua+14pfuxuDl3/gbjZqUZ8AcaqRambxegks63LoOJYOZbFJIOV7S3CchY6p/+fnH89zv3r2bHXieGbcHgLVPty8yq2qDcXt8+vnnj+/effHlV99WQtDzF4/rWI/n43nfD09P/vj4+HCjTpXeoBdELHpkNyEn1Lt73/f9rLOpqtq5YfTbbXIwzWAWFFMtpTNKiPCpaWlgTwarXX08DECXzEZrSg0zp9uNyxfFEQ4YXE235WuZU42s8+EW534Zl3hDEaZ8dfNggCRXd1/9gSjQ4wa6+0KqdDd4ZZkfzZr4AsdIjzFieDJa5e4trbXcgwV6uK+RMvhAOyd6pBqaVXZL977Yxt4NRIwnlCpwtYqomWg4lnioy0yjGOUMHXnpHs0Xu2E2yDMnrjk356KvFiEr+rEejRMvgKyc9d1cC6xuFW3m0VV9qnOE8tlndVdte5twpLLUw9piD/FcyDMxjQrdw7po675zfHtAuU8G5+Rn7/0Gks6SiLX83BURJWu1UO7eXVW5IsJXpU1vV7PSQJeagplnNi4cgBmWeYxCpCfuFnCzGjDzIrpn9gIEzYNrMijdBcjDdqW6zCx8rAvebaPp4ZVNPwKJbJVY2acS7r6bYct9AYsrjniEBc60Y47oCU9iQtVF0i89Kka07GZEhEfYCj8kRsQKBI19ZS8buhOnqshotdRmFlBWZ/YKv3gU1g2QMV8QyGV2xDL68lvQnW62BKFruXWfBMKWBVFlEefO0gksB+fjEuODHORoiYpYEbcx1117WMfe967qtnDT4NnCe6J9aGDK5lXKyXkej+RomWOsIeToKIwQXbSqAt3t4HRR9AGxB2NW/29f4piHG1RlmV9zU8OwaK5yQVJpZ5/d1RIDnvYWBAA3J2zgWSI1tb42JtaDrWbYItG5SYqmhk9yhEahAMFrZvKTY9adPeF+oiauQabTwMmCv7RWSjXKfDnVPtXPVL/EKN7g7utCWJrTRxjPt3VStlobkjnA7hJJjXbILKtTF3/JKZddf/4MceVGhofePC1VHUZQ507QEabsWMGxhZdo4JUGP4ZkXu5kjiaK02Y4TS1zU0+jalU1vr1RQ1XZ6PAmTaLppaTRBvYCXlKd6kFAzrHVuBy0IyrvrCMWbX6V89jPZiUErQCy3DIi47AVoQLd1W1my11Q2+VjuYjSKJuvj5i/LPy6b9kmFcBKXWs5DJB3oifMxlDlTZW9ZVDJx4ouFMzNwy18Pvztdvz6V1/89rdffPnV0+O7my9cGdjQfefgLgV0qZAN7+5WtWAxZvGLUqXGbph5LHZnTd3JGV5cdJ1bLMIbhPzKhZ9EO1Jq90dcrbIkBySS7bzSHNzcjQtd2WVGtzpLHz/ff/olf/+n+y+fzqxS7nOncpthrduxVoTtEtu7ajTk/gbyHz0xVGC/xQLMOzWOmppuYHASMy40zu8dl+cfKWFG4fMWT4/TktCEqk/G0+02Mz+c95Ox3H0qrvX89N1v3/3jP9x++AbHbdJ/cAVhX8LDpiEL46s3GYR73j2CkFBSqkWPrjErqynQKk8QC2gO1589fnfS6EM95uwxprKTgLYwGlVYKzBSHQ0mgTRzU+bZqqoGem904Vhx+ck6s4u4fE0GJ/n68vnl8+vftgqt3lXzepkbax5qB1p12lCyVWzkuccBokwQ93oZ6INJdE4NPNfkbD1AyOBhDeyzf/Ob3573M8LXsf7whz9++vQZ2z48PYqsl/3yy6f7548fP3/eZ3715bN7318/PT4dtyN/89unb766wxvwVwAAIABJREFUoV6+++o5/qa1rUxp9zmjSRqyRHepDD7hmV2b4KDehbqfRQQA0dkW5uYh2P08zY6bOzlbDxJy+LLV8ZB5JxixXjKZaGz1DDXmEB5ko1MytrlLdFvUpI0YRF6y4+zO6lqxzFnZqOxUde/Xcya/5/natd1pbS91Bh2lxJYU5pe3faZL7mqgi4CHi8ja0FA6VEpOnCsgjrB2ukKemQ+PhwdfXk4ahBW3R/D85eWTPbx7/+HL86y9M/yo0qdPL88fHj5++nx7fPj5559++NUPt4fb66ef03hbx9PD8bBu3Z55YogdKAv2OJjdspNUX2wZXUvgK87M5Pbm4IFKNM7Uz0c2CRHuuMnUpd336hmUi7CqluhmMGcPFuWBFqprUN0WbivWg8dBiE7MbWZ2nnegiAwPydiwWQtnjUF2GAFGAwNwyc1R56vbqtB859OH0GfKF61SXwyScJfsdjyo5SvoEQw6Mq85v0B1pTY0wkml0FK1gqSFGSUcNiPmSVDo6nYtEGSpd81YXjaI9hnyhz/CUJXShSOch9DCx7kOc9AnVLg8MctlVSlJSopJKJ2iab+gV6tLe2LrWXeZXWG2ttwW1Y2sTn+7J+ge8F15HegAwXs1DJMBevgKW8uXXcE1s8Cqu1I9IbjePSxBSnk7bq/3z25rkMQ+RBY3jiTJpK6dmzZLJ6ywhnm4MWItw9hLOKRGh4s8HJWbDDOUYLQiVVjhbjf3ILX3iUvCvAvbLiygDncKPgGfA4HpDZWgrKzh5ldJ40VysyPiIfwmCzuia8cQMMtghvldXSKoqiLQOlarjYh1GJbFIiwCNlxFsdyWX4VHXcA5zTgQHi6lugDvqWBGkz3ftWSg2yLXsnVbD2gLBidVgZJl5mBDaLRm0eIIvu4KA92rstXo7CpQhvnzzWO5x/Lb4UcJJaO0Qq1q3W04pUaPENhVpZ494a4mYDY1gJkF6UYu9xFvXIfd1K/dXZNQT0PQTZYz5gmPsf75qM+NqN29Cec6stqJeexIc1qYSyV017n3fdxFl2zsDYl1cbCvtsLHhNhSnnsCuEgvOYCJOx1PTBfgqMocBeRE6rR27uzMzrp0AanGJBdIzKLFcjg4aw3t0fl4qHL6mqzqThGQAUZp5PXTidIwINS9X7uLkl85dJdjdGzIxIxSslESqIb5OsJg6ik+LKZsnU8GLFvsLQBuD36737NyD7QUZg3KRMlsyOATA0cYfSQZ1GjrOnu8106TjY9NENy46yRVqu50ixIMzrFxOsWepMRhUFXd3cK5plXSGIgc3TlDGbY8AEpd7hYWsDBbQc60ep+5vN8/r8dbVN1XHMZop9l5tjDT9N01ZhsVZ6sNWgGcPlo9tk1NfdmXpP/S/NToE232v5BdKRQc7sWbx1KHW6xVb/qQ41jffvf+hx+evvnq9sXzw23FNb4HhMrqCM3IsaVdVbV7QjMAiWiDZAxg4qjncUJxdGjycIdVlVRXhUB0i1bGY/kxzyeapuPSwXV2b3CVurOIOpaT7MYbgQpreDFV99f96eX8/V/OP/zpnplDQMu8Q+0Io7lPRySQfSWru9nlmR6tKq9CjCIr1ZJNSAuhWU6MO7WkOYzHuVcV7jXGeEwxff05Zjb7f1jf96vfba1Vu8ixsX62Y9H54cOXv/3dd//xHz/8/a+Od4+A7gAQXirabZlXntmbRbntxqkKKOwauPpV8Knn0VEbUZlZGeGmvrCSsVToYhwL8IiphEjSrsEWpYbp5qvG0eaIyb3mJfKBrFlN7qocNn/du9rN+2yzkDTawuWL5j5HUpcFzcM9q5HVXWVoXilsvKoHVdWmNMZKqd0DUFVN/GYpW73oggkp0NxVqDEOmPFK5ZuVyP12e1jryHv9+vvf/PLLx9fz/np//farb3/66Sc/bvc8U9i5K+/3+7363eNx63p5/9XDcaunG377/Yfe6/D17t27T59fu5NuvV93bhLDr6XkZgtPapz9IsxkGlIX2ozn3lIvX2KiTdJha3YEE/OXXTcPN9Ye49bC6qyHVqt4rwGIt6QSzCcM2zN3rEUYsCNiqMpUrHA1z7obSbE6gaYZyKwGYGZV5/m697kpLoudmNH1iMqcQerMvLbP4G6p6xITStPmDaWAmCy6hgkNX0Z6Z1cWg12iZB6U3NiTzkkLv5CerVpHPDx9aOD5/fP98+d3z89d/ec//YF+e//l+z//8WfAbuGPD8dPP/74/sPTPt2ijzj6vGtnGwBWPoQfQGeeYFVXTfafkRwr+XTmdEZXCwoaTaWuLjffmVA3a5TnBlTVzvu9ThlaUlVm+4rhZU3APEGjy10l0i4DAMMY4T6BuTt3xANor/dPgKRtxsmLdE6wAxjhHoZosKt9reyyoadA4SHa3q8lhN8EZTfJ23qsrAkmc4QfN2N4uHvMJpMwd40Ygt2pJCZefuIEe45vMDwWhDXwSBp90ZjqxO6Gw8AuvXbnWPV0IX9bUINUzHs83nFKR/jEN4G99x7QTjfPfUY04ONcMrqN8mgXIMKrd/buuT0owN00WOBR7dLN5MokkHVScFtuVMPtuA7lBkwWyCr3ZYhjPQihpi03X/O392VUmxq7NV2ZSSWjhS2xHUf4cPF9VBVjcmyVGm7UNYVso6Y8gMaL1ySNBvngTMwPtbo2aNVp/XoccB6Y2hggGX7sLqNlG83j4sV1rEXJ3I0uVdYWBOs8X4Em1chTXOZSZt1vcUzgpJkJ3J2QDD1CPmEcrm/I8tykVVXMQpu8MNViAGN6NIw7E0jtwTkCVZ2Tfjz89hWHiMs0R/MmYLMZmaayQfPDEBHLbJE+6vQwX1WI2W0o7EaanJCy99ym1SnKbVy8iHBYGA/jCj/ACNDcqzbajL5i4b+5WuZQBnrI9yMwGZvKrADCzdaobSG0KO9qqM0sq8jxul2aYPbgSBlTrNNmwoouwp2jiHJ3OmLCZu1vherU2t2N0cT/N3uxT6AI6LPTGHErlzonDaoKZRlu6D1dXwMtDVX2dVeEvRUxrkZ3qketp8w88z6FYs+H0+USTZAW6pyYW9EBBzBJYKoiWshWoUejswwDWB19f0ntM8ry1ddfyTn6pabGHVvA0Px7JDQXg1xjEC6a2Rtycc6miIC81AAePAo9Eh7QJmZsBp9dZVcyHzQnm48knlTHch+P9hhm3SQ1G+ys3Z0Ndbf7qOKbcOMyc3VWZ1XBrJHd2eN+1mhwC9eKoAeXMF5mAHQex7rCUw0zuj4idDtO7aq7O58ebgPFvYa68x+63ND/DWg1Au5RYwgN1fTdY3QWJ5peusgz1/+fGiCQuczR6CyMPNoGLhvYvVccsxz48MXTP/7DV3//m/dff3F7uJFICICMMDpNgjKzNYb+PvcG5qcnW04QcCPIKpkHYNXiGl2s2TUbbmrcQKlwsaenwXAdYSuOrM56BWi21CnIPZxONdEGD+JSi7iTMvPz7Jfz/tdf7v/y+/vPP3+uOqu2htE5A5aI4ehPXLvmBsSbCIWYoxDQxbfuN4kPgGqOzrzGMoF5GnXpU8Ep/G0WNqJdEtgYo0VNDhtHFrzPe559HGs9Hntvoo/H23ffvf9//j++/ed/eP7wDrStCfDuuC3LLNLMo/q8lvNGNFKNbj9s5t5qdte5z4KZeQm1s7RXxREH6NXIncMjJYoy5zIjRyOHcg8jwrF30mg9xgZMjCM0NxwpDA9x57mzQFTl7iJ3sJzLw4E2eDkAD6PZut3W++eI+LjPkzx8jZQ+GaZskOu4AVBiBCRgV2eYc+LfC1UFlNkA9mLC7S7lGzm7vwvcNHhudBiX2y8//iUsHP368dMXXz6/ni9Zr6+vP/3xX365PRyt8+NPPx8HTfn5l78+Pn64vbN3H/R3v378cJPur+/fPRp833M2/sNqUufFBAbG+0tY1us9P7kd4QGqO491QKzMkc2TPiSO8qZdxtyzNxDONl+j3Re0fD3e3qW6yQdx597nxHGOflrhviIImocpwL4dDwaQvmx1te0SXMqd51mn+xouHMUVD+/fPT099W29nJ/PS9OirszqvGJPq7r2ZQtxp2b2RanJMrepTMfGxnAzNOVhks7zDIaJdZY5I5zGzr7ve7++qn29ew5f+/Xzue/r9ng7jo8fX77+7rtjrX/5058/fIlvvv3ufdzy1LvHd/3Venh8vL9+en5+vB399ZffffPtw1o/gr7WY6tpE3V4wlzUrnTTiFTRgwBZmtTkMfSjQTjjcvhJu5KYGJfd2IOjAZV1PzPvdSdBKnOYGWjhWDTGFb1hopYZrxqRyy2WH8NUCX/s9rS27rFnXMs5Wmc1zq4GrKvt8IhjUEO5d4R3V0oQZ+ds5l0VHt1YcXE0I6KrCTfRZZStCM1CVZdhRYSZEx6glKRSPXFEnXXcDrVdxY2N19Ph0aCY3UxkiKS3cmBixoNzZ/UlL3C/1qhuhpGsCbAHXR62zl1CmR91sbtm1gzNoqasu9Wd2kNorSphA4qw65+2ZT47LgCkh+FQvYJssC6yp3EGELMOlwyMK5yLoPO6GBsw89WtcM+sJng5O9nd7ta1I65IzYXRFK2rbuYQFLX8Wg05Q+OoBB3GLopDcyQQtHaetXWxjzm8HMwJdpmlixYgMJASOzp18Nh5d4tJsYows0v0q+qpfISqPgcLbgyzgS8hzByjrtaJFGqWLbOWNHM375ZYxNjkkKUbSWNVeiyiQQvyCn2f4B4hUSlVMCQNt2FwPSTcma1lPjkuCEN3TwneGN0/bc1Y1G2BQ0MpVA9qqntrVmGgmhFrYrAdZHWeU0vNrMcNIdG4SB8i+ugTxab+W50wtVO3Jh4vs1tjPHVpdohSp/FwTqQAutFVo5WWyscTNUtqs1JpGlIz85gRjdkg7KeOf1DdQQZ8qDQ208VuTUZLi3TnMVhdEnBeBkQ7QHM6CEMMJHuYcOMhRLdQMO7KaRtkje4ccQ2PY61xwSZLalB774nNyr2NUoPmmhF2tV+6QjQaxrUWgYnYnLLUAdnlyoG508ymQWyoCJ+OlmSq6GFdAxrSBEFhcL51URjqElmMmU6TXQV4HOZWKYIyl9rcJ/QZA/2zmv9GTkYQk0NDkNGl4aiNEVbkJVgZzvG578d6nA6OQvWmXbyiqiGQEy3jtVNeF7y+qnebhOwR3KrCtNymB+5OYXyIBchhQs19QbaZt6p1Mc7cV7iqPs3TSAN69I5n9+lmLZbaxwh9qvrqUP0C0l/EA7u2ZnOQ8W0sRx9fFzXvQedVHslgs8OXQJkH2SBWzNq34ji+/fbD3/36/Tff3N49Lycwdw/S/HLD773v5zlgq5ZMNLNlCyahg4RP2xYdnN2Dr3A/eL18ORsta0tlg4I5A7RCDTZtpJkT4w40J7SOcA/SW2Uo95sJqMQsMM3PzN32+d7/9qf7v/7by/maUmeeo06EZmrqDXVVVc7tAcsJoRuRQFMaJvW42lpzeQxNDBMXaNcEwI19gcqG4DfNwygMpaJco2Uaki09VtzWcg8T0EAhvYzkcRxff/38D797/qdfr6/ex/LeKcJaG1D4zB7bPWCsZrWA4Y4gAdbojDevGI3AFT830XE23Qcd1Q1bMG8hs82rtNwCttVFj1gxee7r8JEUV8tMKhguto4ZGznRR+okZLASVBuwMsngolv0WNsxiSpRfc982ftz5gZ4BAiXzm65ewvelQQdLuuuPDMspM59TkxLi9NqxzqqqmqTKLUzBvE0lg7RPJYk6921X+6fj+dN9J/+9Hs3fv31t3/5y5+g/vjx9fXz6xG2jrWWL9crcT9fu999993D11/m4+P926+//fLDe0CZLZWvQ6gxR4Z5tYZYDYTUsknkCcKyElWD6gLDPAzjhhuNGEdrCmOju86CpVYw5qoERC63elgPK6IbR6zTds+RR4ZzRXCAHEB4hMeyGN6lw2FonVOdAlZw0CcqYaapL/f755fPL68vpWSv+8v9fHnJzovEoEvfSFC02RBeowWKcGmAVjPvYKG76Mu7ewTZDLhfwkxzQmxJ2WaeWW4e4Z8qq+vRfR2P7yxutychMvXp48fHp+ff/ea7Six/+O6HD59ePv38h097v7jdSLx/9/D08K6ugKlsnU6UqvsuXs9nVrbUVWYHYZoBygxuTZNAmVm7pebNvFQNZmdWQnBmI3fvPWMr5sylijNGYWbLcrkZ+tw58VUNmJkuO1uHHyOQBByMUa+gVUg4OkWy+40VOPbZpjPMqK7aW+jqguSx0GnOsEN9yfNiJkMRPjadGphzmMVQPXrCfzhs7lE8rsmFPswyP978lrRx7xNNendaLFCNsTK+JTyZGRYlR18wCowMjSIaZhzMv409prtTFn5k3bs5/GUITbsIRQP2kjJzvMu4NtMdZu5Lk6B2AcYZcaMtNsPXFB+7jzGuTn5iMoM+cQr62+J5AHQWxsgSHexm5TIYuTPHH5yjdQZHzsAibXWXm4cdNsFelJvDWJ2CkEm3syX1Wje3o6opLbi7deU1zkPYpSAtoUt7VL5de/A+qZpURjbDgzJzS+0GZGZwj1vVGRYSBIfQKKk0WS4qMbNOdRrDIJO5h3uQI0wuUNQAQbLrPk4xqWzuP4x4oMfZXFUwDGHM6TSEWYSvYACNEfAKDje5rH0ceHODzind5YyRYF7e+Uozp8ERYeuK3xo38/xYZEsrAo09ax7RPQAjTixUJiycxfDOgVJYd09+tsTctUyqsbI6p6i2azI9XQadsxm0YG+yIYOBDZp5EO4OcPyIMl1xnpIk83DGnIKzN5gJt96Iiup51c3MBqbnPCb+yMydF7dj9BZZbABGV7wJ30aoNxp4M8YAUi/LC8s8ukXKIdiY6LOne6tRjJQG44lx805lgkbX1KDjnjavPC9ZsRmboPUs2d1Ir04rN2PVOTnWnJN2qszZqQ70kZf/B6DDmpI16AASOWjE2rnC9WbDzp2Ckb48LkGUx2i6lweHx+LooUZeaSvTr7xJOS/wfJMDPAVko32D6sJ6GUrFGVxWzitDrK7UtApA1TYf9+llfSOshFEVEyc4f4JkKpVGz/rmrp5hPNCEg4PdAzDRMB1xuFntu6/JoZT7mm5fbRLu6a+f+zz7dhzDTAiPLRhndzL723NUYRBoVF6aH6pHXT4cp4nikczhAMxdE1Bb83RTaPSlqpi07LcJRx8LoAr48pvnv/unr7/79dPX3zw9PrixOUFOVwpOBTWEn0LN7DzsNtzo6RDMjeMTnnBAnyCRGBGbcdLdzbDapW0NYyuZbs7ZhzJoIxqciU86SYvqcxbMda1XgkRg7oboRLXv1o+f9K9/0B9//+n+8lpZdd99nuOYGa/R8lWazyK4sR1t11fR4ylizgsjtNrEBtXVl/MXs8mYtduoIejsS9w2HKx2+kBu3H2WcnxT/sU6PKy24maVu3LfHp6++OL5H//hy//0H59//e1xC5WyO43o4Wq0XRykOEyNTM3Muwlcc4RSGwIk0cOozxIaFg+dey7qvDddcVyk86w2lWFPcrk7AKCKNJvBleCEh9Bd02tXiSzNSDH/hvxqzYt8jJdQQMsMAe1dp7piHRKPeHz/jF//8P7du7zf4REesfck9IWzU3Cb9gZdHWY2kpW+kqGNMrPsru5Wc5aQfbkdCKIJ8jiOtR7v5/n59eXd0410UT9/+vkhjuen97fHd+Y/q7PhHse4PSbFMcJ8xbsv1j/+w/Nvf93fffXuWIdbuBG9IXWwO6bXmlQldqsadL41eyS7Wszqtln2Eu5eWR6Bt5FWA0T39HGjqe/encexqJmJtmPd/PHM83F1qY7bce7KzAhzk7q60tYx+tKn27MP1otmMJVufuzMhhcs6FuqTJmMsu77ef/l8+ed22gMyyr6yLPU1WRfHpe+0H1ZO9YxUdoSayyVPhgxmFFNNS6dXOAKeJwEQK6LeeZ+i6PzPO+vt9uxPHB7hJBVtm4//fWvv/27Dz98//39PD/99MvnLz5V4c8//vLrf/pNZb17/+H9h4dffv74yy+fw94fvrZW6e4WGDanUNmNaqWzjYo42g6akxajGFWBYpeQmb13F8z90IB0MVfJzLm7e+/OyjYL9xvRsGZPBoidOx8ejE6BpUTNa7jE2rVvsSqbHOilzC3o59kaxoOqq95COOkx1CBXi4e7h0pCago1qmbYMbdLq1VXhjG463Rh4u1tufsKCzevFlRZZ6tJQ7WZYNaF2ei0ePijmHBXb/CsrohDwozzdBWMyJaZCwfoZke3pC1Vo3ZlS2ZmDBu5kS1ispc4Bvfgg7nVG8gx/PDRG4cNpGnASlmJlluYXG3dbrRlapSb+7pF3CRb7uGHwLmSGr7oNgf57tlDjcO7lePhHnkhg2K00q83OZ3jTDPgSv9la/KU6J5dwRUWyx8Ik9p8KiqRKGmFqzOi4goU4/IAzJxGFjZaHkfXOdif3ffSPvcrjK1z6FMFQ2X1y3KXi+VjdZsAvhGzjCC+e07lwTx01W6lpFLe95mDzjbWpK/QfDYxnZNP3K2qO5RVZ9ZLj1FKWblllC4lPKmufcdLMAyentYezgBC9JFXGO3mqxvVeQFFjISLbBPIYLeSb7CgkiQzRniYLvvyFKsTHpJV5GTQomkimgyL8ABT8gVaoJGEZbNU5ma0i7UOdG03WqwZkVKcSyKVUEEI+MwsoZEgm1sXDH3Zk8Nj/M/XOF16MxIJGMKnOdzoapWlF6+4R1jVOXFxbypatMotwldpoOtusCsSzDCIRkgX+nwEBFB2ypply5fRCLtENBy9ECSaebc4gZH7PnEPIqq2oPBhcMyI3GcdPl8rxB69mmwk2DVAdNGnmB99kXrAMdlyTDxhU5etSuqqNHfzqNot+vQquIa3ZwKXTrwF+ag+xBbcV2UBOQ8azUifmF4zXxfwyAWYYzK/fPqPmacItOUIgcnsbklDiyJylvOAaGwlrlMzLQbtfBnsWjNrmGdS3arOiyc7iwTDLmCSmCMNru57nlKa0S1oo/vW0BMrkXmCNA+j7byPp5Xj3EVm7WkRMVxkd5juiX//Y318tVhG2q6m+cSLTvxOtQbN7pcYTV0XWRYY0mlppGE2Fuomrd8sAZw5ynIn+41g/zdJ+qBEJ6BhxGjP7x9/97sv//53X3zz9bvHWxBlHvRmo6DACE7UBcIv2ScCyzRi957+1oOMYFan0nwBMvqDPRrp7hOWXmwNmbY762yU8QCdUFXb6AlgUILVs3bpak2eNoOLsFaN1BUjyer45fPLv//h9ff/ds97d2bez87OLHR7HGZDWyLVFAahPitrvcVMqSHKyQ0AbaKMqOK09aCGp2nkJSG8oFDCXDkGU+7ZTkvdo3qMNUo5tXYjHo4Hskmd6IY9f/H8u3/46j/9py//7ofjYWX37kp1thnhA1ZpMUzB6ItkChjHYmlE9aaCbt2b4wtF2MxUiDhs0YzoOsPChC6VZPShSFA1562hz33eYklOyGFGJ4eK1ZLMLYtntrEum+mQNyw5x8eAKYUpwroLBthhFt2kxeOj//qHd++ePt7PycQcje+6lBNu5yk1B/ip2vNS/7dqmxER3teJZO40P8LO3F1VeVanme29zY5jrYrbEQ8PD0+fP75+/+23oKz56eOf87zf1vFwO4y8f/4IXZ//8enxePDvv7f/1//w/e9+eK77+e54cBq6VxDiWXsc+bvrzNNt+LsptrmBPuSD6jJcN5TN0ldtJrLmSRnZrXl0dUe34dz3WE3ZsmVNeHSn6ygpgOdbpPa5M1h9zN5/CxJqmdzstmxNtYVwO5wulK86eX9bAWaee/ksRkaWyNuxPnz48MtPH8/7nmONZhgu3YTqqAsaDai5h3kpu9vICLvUNLpUmF0QRLpkVM0Ygwyji7Zz07AmdI/yFWs9PD3gtPVyvn76/Om7X313fs7sKuXxcJz32vu0dfvLTz/d/vJurUNsyN4/P1cm+mVnAjRYzUxsdlSdZ76SimXo9okK5dju3JQlin3maczs3JI6wCi2YaJsDFSprr3xKGdoRh/OeMRAOwU2ib7+SZ293RPyxXdKGtx5sC8QpNST9FKVgLLyzHNArjOYkCJiuXuYT0wj284+NRYK9Ov52Y3jCx+44GAGHSDSLWjhFnqrQWjs6l13gXlWhIeYSZfHiq4GbcVDaqs9u9wPCSuOYFw0O1yVFa5RXzWvGhgQUNAmakgHtALQdNNyGM1tPKC0Igw35d3cLYwyt5jzqYS9c3oaN6qAlvlqsXOHwW2Fh5lFHG4r6OFrBo4trlg7W5LhkFja036ftY0YrkFXZte4vT28umWI0Xqp9Ta2WRGQxDHqmEnhLgs2Lp6VBE2hC/Obqc7KFv3CYBrpR6whd5AdZHWh08Cq1+rMvEsF5XBWus9ssGstSNhlD4FCA2O1D9JkaLb6JCci3eZ9VGdWtjbRmXvXCWjyHybFslQBQpaVItA8z90UkZkvue9gX16L2mOnBZH7bnSEq1TwMu+OYoVZkMZhdKBHPywmcB8xm0+sL8yFlhiGbL+C3CTEsRYuxrqZUd3wMVA1eCFJ3NhqB2DRFwUQgMdC5r7eUI0f+xCagLu/+fYgolTjVciqrNx9nueLGdENX+7sKgiGVgHdRm2UNc2vnwtdV20+y5bZtDhIjzd2bGKTDHNMAw/lqLhkpr91krxqAJrHMaXXyP5IA7KHh9jD6kH3qJV7fKiE2zVsg7XEUpeRRQAmqqobrM5d5+A8AHVVtm7Lr7mEpmDPy+EHGpxmnUU3Tl4n4WSPcG/5jNCm2rkmSVOXMckeKbzbSMt16YhiXVj66b2qYay6+iYB5ms6LnpAvsCqUmN04eMnnnGGYLRgd9cWasrWqp3arQ5bANIKqOyq3peti6IZqqfRmHPWhNm7WTstMJ50sJRhR2NyZKctziEyXSoOju0KxPBqpvoc4ytc4ZfPuBLbKmY5LrSUWddg8qCps9Hm47ygYF0XtPR1nz9/6n9jzINYAAAgAElEQVT/Kz+/tK5Idh+HjBuzyp0gM6s6bap8XovnWRNLULPRZR10h8l61O42j1/VBQmd8HQPXY6dGYgMMcKBrq7bcfvVr7/8x//w5W9/eP7i/aNbHRHhTBWtD1vs7Jo6gGgGo7XHHy+7npOw5ZeFw1fQbZm5uVM8/JgBPOjUbqXynFV5d7nUvXduCpK7dXMnrDt5/VAlmLqLZ/jhDJk5DAajwWXCPuvls/3+j/zzH186K3ffX3aXDDRfaz0cx+Nt3cy8G8Yxhw9Wpozqbo5WzUBHyIc/aALoUw1N4Ec3Jl50VEEgryzMUWfD6DbGAxNcJOkYF9YkBDYgN1XlCjseH7777Yf/+M8ffvebh6cnK+zRFZlLnWaH29LASRgyM1RYmKMEyKStzvDbzFnAAFSdHkFDV9voL8xMiNuMZLFi6UrhaZom/G6O02W+5x7nTPKuBCg3dSXNKO2zwjiRvSRivIZOUCALTeCKvXQfgSSIFROQlE8PeDi6W5knVAbzMDNL7epyC/fO2uy6VpTt5q4ug3OCU9SZd4PBjh6s24g8DZopdhwfPnzx+vKLoSk+PT3Xx/ziw5cR/vt//Zc89+Pt4dx3R757PF4+lUGiXl5fj3X74svju+/15ZN/ePjGjnQXiuf5oh7D+rnrLFzHdtc241oL8GEp0peMwKtayw+zyYSRj/Ctq7LcD/X2cKdVZdPkVkgKrbXPu/M41s3NyCJZ5rtON4tbZJWoqvsEvaW3hQIdDrM22rLZx5F0+lKPUncdy2QhYJ/neZ7Hcbx78nePH3d+muFfae+qlgzYs5VQQ3KnceCYrJZEs7gubE4rfZmWIkzGyja7KFpGWHju7vMOAHCjn/c7VOHx6dPH8/V1HXz5+PqFRKzHd4/79fUvf/rrV9984R73+8eHsOfn46e//OmLr7/+8OHDx48/vn9+/u6Hr7/88AB8Vm9zO3icW0ZV3XeerkaLYUarSrqVRgUEGZxMbSV35Wu+qg0geicga+PAuUvInMAZg/vRmiAjeCwB4cja7gahqkrb6aWqnQVr88O9hm1H/Y0Zmt0WnmedmcIImLuFoEG9fC2/mTgZHSC5nB0yZb6SLeXOlrb7uBSrG76CcgxDzIOMkSKguohWAr1rVwFstbmHfKZvh5tVK2AWgzBJp3H6Fke2BjfldNHVReuBb44BafQypsuUS+ItpiY59DSYIUCDNMpYmpkFGq4ZaSapCOvua44ZgxSqng8MHnGEH8YwhSOWxwXBNO9CdS2L6mywAHfrPGWV+17o5SPGO886abYC7AdeUOb5rcHsKLVN3UOD+WgZzKy74bM/n6G7ltk1iTBBPOxIaeeGzCOMnF353GtqAb3369g+hdH/FMmu+66zJ4HSat/bucLitMw9rgCZFkVEqAoqdtJGwtDmyMphKl4kDVw4Wo9bwFrsqrRtehjIYbW2stW1P+X5uXVGxPxojWSC7kGvTtX9vOu2HsyP7t19thTXlBHoMcaNC2OEM4ZuucekUFwQkvkDgUEdxaDKBVXZaLLYRE0Ipw01RzDYRJkOKebivmEkKIjlqOi9h1jHWYegW5sQTWK1aK5Wnee9cO79suvVZStW9qZHjWDaRtdeldVdMoZFY2QnYsPCMT+ILiHjsjWdMY3z5hiGJzmKyTIu2hqwTTnNDJhEIR8NW3Wr0w6nWcs1WaCcYNfhau1WjStAI/dGqxuTxmJv+VBqylqVndd2TxhOLVT0gxizNkA4vNkE5CqLnadh1KvXUgOkhFkYqUBq6mwV17HcJuK+KaNBbHPQvKo93BAjwaaZqntMEQYIg75R19uwcpmxqpfBZLtFi4HWG2ic48LNJ7xD3QSslNeMfu7biZ7oGvH6oI01ZFjRHVMkj7egmx5m9Db4PKypyxCVmxM+BaCxfHWbLFUsmcsgmQXRpVOCVBJKZTJxArqs1eqz5rd3mZo32QTCxgM1Kcua6LDZdFVXd/3ll0//x7+ff/xznS/bzNfxQPmJMxtZAN2cpS2QQ8CfJdJErcm6s692ZaAzPQyguXJHfWgwTRatNaQAAKvOQV26M1aIqFQs+/LLd//0T1/+5tuHD89xu8Uyj3CilTkOSzcnYehynJMVagdgEMwOKgCtCPcLbEIPmsZQCiAGaA1IMPiyIXFnd5XyIgtMBgh5dubkjWqmG6c4kzyq2+xmtqrvV94IPcyy8uXT63/5rx//j//9p48/3fe5LypSVc/43xdpdP9bt9tglZqwa9MNXTpIuRmY5N+QSvNXTS747FHmTyi8paX2JcDt5KXRmrSUy8s+5ZEda0Wr7/f7SMWfnh+/+u7L73/77te/Xk9PPhm6Zu1uShPKzC6ehjn50HPsCrtOF3GE/FCdHjz3XYjLOGhxiX09ZrJg4LGCQGbCZqOoWCv3vTPbrVHVPT+Lajvh4WM3bA2w5dbm1c1WuGJYMG9n0RsWAbJZEEGddDeLa3868aeQyK8+rF99e/u3P5xSj9S2qwpoIbPQ1ZnneR91k9Plo4cpSHmC3OZcfoiMdWvp3K+k2Vrh5pZmfHx6fnp+/+c//bstb9Zf//rnp6evSfzh9//eqobWw0NLe5eybg8Pe3+uRne/e77903/89u9/18dikLO+p3GttXdnn29E5YbazSWF+zGhhepCb7VpVUOutbyrrDkqUKJHBmNskW6trsE+iPCItW7IxvSLJGguhNvONyWnZdTelc51ZrXlgXBMwTC6tsvCOTp9ycgwlBsOslF7nwbdjhXB151CZeXOnLF2Z9Y1sRuECn3W3pe7ZUSvFuPQmR8I2JpoDOuryMPfnGogAJ/6L2JJtquy91CKz9dP+3yl3d49PB3xeKx4ffkE2cNjVOXT4+PTu8c//PGPXCuOG3Z++cX7ZVLziy+evng2ZWZvI3xeE5Ry4o05Y1aFAyCw/NKVus9uvoXxQsS5T5C6Ns1nMMEFtrNTOUKn0sVZI62KdDOjl0iT5A6xdp+ac9p81wtp0e5EyZ3ozqrd+QokiPHI5m6QxsDIP+eW8jCa2xqwI4yU+zrUe37AiBiwRWdPPWCzlrAw+AwYUHUqZV06s+9VJyzOMx9uD2E+J0NwjW++qtQMf1Deh5QqgebhkFllwcKA7pOkWU/T59eFFBY9T0urw8Ng3dk2qNUDiMs+1QZbkkkR5tNDkmfrBJIATZl3NxauHHuBJjN4rBtlyx/cwzzCXGDPBAZtRLFb2d2ESnvvs5CTAOXm1XXppqoKO1YAPldMhE+CMMTKGn+tGuMjpSErG0V2VocfmNQ/G4PWWO6kPbXRTHsbgqZsYDW6+kTjarGGS4smlX1XZanpB4mzt+Jh9dFg9QZqnOuWR+0NZZCuuDD1WUBBBVVVEbIhTbcMazxpExHB2k1m78xR9mWeH7vvgCrbwnTlO45xeOqw6jpzsou1d752K9DiYKlHY2DmNONagFBDWAej39grEIwBIluWBQhms7bqy5Le2fR296Mrr5U5hwF3NzOzaPSgQSZMC5JdqZwwZ5cIdJaY8lOiqrfSZdXZ2FX37juYWVxuoHUXqdEvZ6dQpd1EgNUZvlqT3WNZdwJhPpiRsMNsmXgF+/qwMjldBDhlZVoQ4lYvWzRdJngbX++ciqrKy4w05QQx1HZcy1YKo/jXvV45A8QW4I1Slxsr0Zq8tyZhHpWXI8Tt8LVGef+3ovOIVV0tejhPM2DFCkVPkNFQCyJARsRlupCFXUgbJ8M8u43uYRRaiMXFAD2m5hujBMbcKOLyykAmFbrNOOEhgHp+ge4NXmiXkQsBGuP/TAHYmUUfvS9IZhenmgbC1gqi1SxA2WWA6DRxblEnRY8A7HK/oCf8gFB3hQVgHuHG7OptcAbdQKkHWmry1Ck1KZ/BR/dycogNJnY5LqlIlsLN10B1N9xmsr1ijSrQzPbuT6+vf/jx/r/9l9e//nV3T+TjkmAx7iL4bN4nEZlog4160qDWWIhq7nYfu3931TxLozf4mzNVuPIJSpsinUY6zcMn7K3JY8UPv/nwdz+8+9XXz1+8e7itUGVXW9j/n6k/a7Iku5F1QVUAy7a7x5ADmcmxWHOd2/f//5J+65Yz1albA4ecIiPCfdsCoP0Ac0qL8IGSQmZGuu9tthag+n2TZWeJtOUgzEn5TTtBmVk1yNBwASYDErTJARsXXaLFcrr78RpGDErC2V3ocqK1JZtkrFv29ZRgT4ZVp8PAEVGSaLIaZbTlx9iN7vf66eP+9//MP/7xc/YWBKUmNaSWmR83xmpQI3GYezReCUCyRnFqPxp0YPa0cTgWCcgmnC6oMavQvrbiCp/PA9gACj0pSf8rBbXkAc6iC55ZBlj48XD8/m+//oe//+Krrw66du24uomAOYFWBo6JkRBg+3wdKTc3KMV9eVwsqjM7Rxcz90FDVCZtLbd1hAG+1Oqx+LIrrgZMEZhPyt57YJLV6bYAGNw8aLQ4sLfZpffq3rMlczOLAHznRhevlKMZpVF5NcSYjmNEfPnVwz/8w9v/9//nu5dzw2DmTQ62yzivo5rCUWU1y9wr93EsuGGnpMwzjocVNwMjAl0i3r9/T8Onn37M1OPDu07dbo+t1MStQh8+fth7v3//pcDzvL95/+728PSXP//56e1tn8p9rzp91R9+f/uH37x7//j2ODxTFkv9V9RVt7ZZlYpU0J1rqLIGhuHstK7dTW/ClkVpQ3L3qmq1GxrwkA2zpLnicDNA7n6409fycBogszBVq4+ISVyUytZqVSbcTQWyjTYgGl5wzy0wGJiqgVmBXhuoxXvT4dhqX+ux8eUXbx6fPlVdxU4CQl8fKEajw9YcM83JwTLreu9g6mjV5mxpnsSToJ3nAUGANWBvISwEfHr5rKoVB4QqhYdhffX+/bu3X376/PEvf/w/3/z2d7/89e/+8se/VH9iMKEv3r/7+OHTzz/99Of//M9YUK2uFw2lht5ZxSahbIMmO2phXa2CuwUZ8VCCsUhUafri9z3DP8zloBtA0gHVEFRaZaST6jYf0nBXvxzr0QEGY11TwsxBVaobtFVbBms3EblbHhSlIrvyys652XEc1QBDzYgwmBnXuo0m0AD6Y5/KapoNTdvD3DG83RWeO6GMmEeEh825onfvtsw6z/18np87GzbTya7uY8WUmQgTi0Zkh69mUpyTxlTF5uMFwuLWidF9zEuEZkJTVp3LmYIwFLjJibpbmPlIKiYngJ46rM8h3owNTxm6+tx09u7OuVdumrktj2XhhMV6CLuZH3ah1Nh7t1JsqdBZdY4katBPheyxYVy4HLqZEEB3nw3X1KfdZjpKDZnOrksvAGtUVp+lMk7rjg2hq4rmMcsdNc19VgRGdW8Amgq9sqsaA3Mrk0kNZtVZOoESSlKeL8fN3Azamc8G67GpopghPQMdEj1mCcnrn9JidWfmblVm2hxU5+NstrgIVp2F3nnPUUQKwq46Hc65818jWiPMhLAreMLOrnMDrC1azB1vOEDdmNmpa9hFYQvgiLHLw9QDNlkwiC3eoMmM6EoPmwkoZelESRodGEvzlRy0QhkH/F8jbquqypofrY88uHX9broKWWiV3JDK6rzvl9KeoG5W0jhEYBGZk2ZpqWGDB51Ou4yDBJEBXWlyt9uKG3rYc1ZVLikiK0WvOls19U+ou9Vqh78uTEoozTobc+BOTayha0jKUhGVXdd8Duz+HLGqi7AjbiJ2t6Zu4TA3lsAiYLEmUzjcLsFMdlu3iDW90lchi5Ak7HZbLJWiKp3WmIObg6QvuzheZnb5GdhVSEJOCgwzjXPXHcAMQ9xtZ6mgRl4HKwN5ESuvgI4b3ZfvvJtxHexmrIhYlDp7Er6TphVRI+GlupTV1W0OOPrMx9uD+Vq+Imao3Jm5QrnPXdt5BTkiFsDxRM7fafmaCwo0m3c5QKPA8JvkEiKiUlIZ0JN7MZvl/rEmdTaPH3NbE59wj/DrJu0ON6PaqMq8PsnSrmpkeLycLz99evmvn/Cn7/bzxxdvQKzczoCErjB2D1wb7paVqibZ6lkoTWtjEFhGTuzB3JqtWZ+VIIVf5o0ZnwOVWWG+q8kKuCoHyf71N+//8R+//M2v33715WMYdPW90D3n0JuB6zL8nON/e/DV6la6m7qaolnhRCu4jCShJhzVcCzjcvmctFsN63CT3CzqPLNL2qVsaWEI0zbXPr86MKr9zPUYtKo7kDaXF5TEzP3Tp8//+h8//3//+48vz/eWqs7KO1F4Jdt5DGLDAe29VUkMlmmWNyT2lK3V3V3Vs9gmBQ65PGtSPvDXqyon9jZy0Om9UpyUqIY2YlethrfjAC1igdz7DrO3795++5svf/eH49e/WnEwO7tHQC0ro6/u3LXDb7oKHuV+7Cra4RZGulnTr7pPOJJGTxW018OhCfjBlruhh9dkZHaZGYmsPOKQuPNFAGDZpSrwmMiH2152THrQfBnBMqkZXcWidmNdgCkjrYncMx2CoO4zfN2Ow6ZdMXcoQez3b/nwtLJ3pRSLGJSknJHaIGGBLvpUt8OPhUn4Xc+zxQYq77nH8iGx9y61h691+8XXv/rppz8/3h7O8zy73n759n4/g/bm8c3T0xvnev/FWxifnm6PT8f58tzKCaU8vYnf/+btr774MtaTWqNVqt67srUbGuuvYUgj8LXmynbEMoNBgV65gQcJVXXcAhLNT7vXTg/vblrFiKKdxwqgHb6cbr5sGpzHPIdl6CwAxgaVuwm54ewUC0RmN9tacMsqM4Oc6hGbwAJ0I+rah2EKf1PEf3y8PT39HIeZoVINMhbOkhoexjAVbeJvNPIVZDYbe4qemTROkL1as09+NX+hkh7ubm3mMqrPauU2N5CPj28rKxwffvz45u37Vql8586X5/Xw5e3haQU+fPggxNs3jw/r2Pf+05///Obp+Oab3377i/ePD5/MlLXFnG+jhCIh34A1zEListtwUWYoQNCAqqm9hTHAFmUjLSl2bVi5+ah1Bk7QXeGui4g0WslJwIWwa/gi6p1b05EvJvkCEbqxu8MtUsPEY8QhDPUk9m6aC+buERF+uLvb4ozLavu6SdkqmGWrulQaxoNAi0NXkHYRNunxef2p635/Lp2tShRhh9+6W96CspMWiyQDOuc64BYarMmAdu1ogynZBCkLaLu/AuIRpT0WoNIcb0C2AQy4ca0leQ3nCMTc8WUCzSLWjQCwmbniqLyb2z6Ve3usRq8IN4tjubsZV8x1AqCL7N7Zd6pbu/NsVatKZQMOQVXNmKa7gEsrNS+3ytE/2nLbOndYGMxhzjAart9mAt4YJuzZM//OcxeXh8knAXW1EM2zE0hBXdlIQnSrvg9TyxhA9LWit9y7tLMyM0kLHwpHw0u1ZQZVZhYK7Pkczp1HZN3vbsT8ijWC4RpoFUhnLD+GYR9xc/q5n7N359m993kOMsFprmF6l6Nm12j0m4dx8JTI7t6fWXdymUVU1wwUg2s2TePLJDjiq4s5d6FZ/HqIE2S5O4TqEzVpy/nZFYc5qQ6G0PNBEdrMqnPGZcC0JYbLUaW+TDzzUfKFyziQF8MDzMzqs9GtJKXKaUIM79fcJW+pUTMsGVy3mU9a2i0gOb0rJY2kibLww+BCB1W2nDyzG2mcSu6MiOC0K+2D65PftUkOUL8lm51Z9ytdobpraC4auAqN6NplpGFl7YDNBcqvbQAN4RdviY3J3iAsgrbCqMZuzXt44GswmqsSMGiKoVODYHhgAqPwbosruB2QoMTFkDKDSTAsX35ZwHx5xNCkhqBg4TjBsSMIE4luahw0tIC5B1hbgwHyAOex1d1dmW6URihbmFRF5hy4dlbQCG8ADPNlU8mgqLPHQaPJcaypmYaH0c1MBkkQJ8DVDaucWPbMTtwccl0AVtngJvV6cHEfJ0g3SKuqZX7zh12nGUhkbYKT/EGWuQsJwIMqZpcx0FV5P8/6/sP93//z/PDdCyqr0FZ9eQTbJ8YL7IbRdnPSZaJxPhymK4UC8VKS5iS5qnpGFzWp6AvOD8NYvllNmMJhwayCcBgf3735p3/51d//4atvv37ztFyd5ubuKWVuI92czbBgV7s1hBjAjbo4ZU+a+e1oNZRXzXhASNXTYg8fSN1ASlRKQOFe+5xscXYRPGJh5vdX20C0kd0KE7KCXYheJ4Q8tx2Pz2d9//P5r//+8qc//rTv91bvl+e+39FlBtLXGhFjanoM3UANfoB0+6sJAOouGrsmODD4qRlkztx8tMwkNXu6luwVXzbbNpvXB2C+zDhLxfB4uN2q4baMKOxw++rLp3/+p3d/+LU/rrMLPWkrTHzuIpKG00YoBZJSn5QCD5o9XCsYFg9CVu/wsKArw4JmJRxHbJwTtnW/yi0+Mc6mT2VQOjX0MuuqTp3ILsR6qG5nux2AD755xa0zG0nK/XY542kFdeuK6yiFmrWoG900q9++HPRayyd0PRXfiZHM97MltwUXYZkbanerc092FmrQwV7ugJV6ak1TJGrp5eV8vK2vv/729rDWz/7l+/f/8Z9/effFV91deYdiHe+/+PLr//y3P/7im2+++dU3P/zlh1/9+nf/9V//cX58ef/+PVRfvMfiuXyZeU6PEFYtWIPS7uOI55esLrPQ64PvYT2sdeN1dW7D89STd71MQeKsfbDq6jobKOMEK2iU48oI27zl54QJzZoXUNVLaw8LLfcWUtjTPEmwqqAWw6sHqJG7fCaZdFVPXWowQ7MZdjOh977n3qjKM6vMne40UmYARRk4TW7KEzWfcApmGLhPxMK8m3kt9tTq1nTz7Gq7DaWhE2bG4/ZgMLOI8Nvt6H0Xed/39fz5m9/+8ucfHn784bvj6SuL9dUvvnx6uX/46fPHH3++Pbx5/9VX/ZO++PL9m6c31p+pFygzn1s7zCobKHPbqWpl58NhNp/w7qrdzNL2WuERxCGo6nk+tDCpBkTd3eYwoLCN3V1h62FFoZ1jQlHlJtojjN5KXCPLQdlq71zuqjMFrQUdNOveqnKq1E7zdTvP6pm+C7fjglrejsMQNkQqoKrYHcYq1Dy+OvtyTfvUXtiTPKHFAh2dqBkgjSupqk5juMGsFpzKmodcybHI5WaMwOt+l2Bnu8XcvS24930CbEG5z+FGMHVl10lU1TYL82NII2YRNsDwVO/dIqedDJWKLhADFTczhjPcV1ZFRKs0E1g3n/L12NaVGCYjBKD2s+q5UFXb2QQmjwe12ZAjKksGHCsMDi6bygVq2pLKXQZYswu2DGtI7VKpq3Qaj1aWzuzPu+4Q3Y4wDz4SnAp+qWZbegUzu8FddQcuygTUBppkreoujqk9q06phgps7lSb2TIz1Otf324cvWPnblozaao6yxgzq5oYCXwsVW7L7ACn4UGXz2A3a6M3O40dREEmOWRSYs8ON+KI9eRAa1eJEchdnVUWnmFHlGbsb9VtDMgaVbobPYZbOHTLGVbZMr8JQCcuSqSZDeHYbPLIbq8kUJsc/AyN7Rpbskc5hMregw6fIX1jLvcpXpT3qgY2UII5XKiB1YBtQLvneZbKjKKjjVOrHIj3nAd8bn4e7jawFhqm9WALmliQS3QEI4gW4VHdLXU4m7P2pybZqaHkgobsHUMDfD294JVKMzk2D+/ebJpx74qg0SWqIO+B4s3h1sI9onuEe4uFrDE1DrvKIJAUmJXLY6QjRb6aj2AW5nVmD6XYzMIWMQdNuMeg9IcfOigPUa9fQxtVgTNscoggzauLS/faVW0WQJkGNm/OIEuosCG3zNGVkmiCwALQArOKaAozY1vhldPndhkA026U1mE2ezA4EJMpOuKhKl9VGhfNcy4gxukhDTh0xsEmaPnBWDEfQZBmx3FQ7N5h4ydvIIR11ia8rauKbi30vns4lZPWzx66WWcXVVffmvOTOatGvdGlO5k78fPn/Zfvn8+Xe7e0uwNxmQh9RWguBYa6qERzT+Ew8Y0O68pZXU2rzvBKDO3sa8Q+I3Res+pryzOJMKcodd1uN3P/1W/f/8s/fvWbb969fbwRvZaBnfsO92PR6Y4DhSB8Hb091WZRKrHKL87CYL5sRKBdaDngHtCwn1kqRzij5wlYMwxhYVvA5b1NlFPFi3FjjtZ2o2NgEochRJqPs0yAybBbP3x6+Z//9vm//88P5znhnsQgnTKHcguLCdPP182MVVTD3SfMV1Uzk6tKXudRUjSyp3iC2ftcEKDZIl2d99k4XR24oTEpYh3HQeg4Vg03q9M9Kp9TpNmbd29+9ZvH3/ya796Wc++szk0yhUJt2BG3FT5nd5muZQ5qjl+CTWUGILEpY9xaWVUeC93VOuJGd05XVWluZtEFWk/H0SwIa7TRhcw8h+5S1eZUdTKXL7MIm83WMCY9YWYuFRSyV0IwZGZBSto7GwxbELOToww37nt1S6W93T3I3Dn/Hma0836q0siasC4IQ3eBrWo3g7mmjt/wMHTfbg8R69zn49PT7Xg4d8Zxe3y8/ce//a9z3+usp6c333zz7c+ffta+N1ImoG+P69PHn4T88NPHr77+4rxvd+8NC77/UsRLX3y2u5vCH8zc5b1foJTGgLehAs1aR6yIdcSDVLvyiMe1HqFT3bfl19YbAk5jqGtAKst97gLuWGYmG+Huawu8zJk7AXZnKd2QnVk76w4vc5XmTHGpEbr38/6YvZc5qcMDLasCDEy6lDkk+2l7U8pzq8ct6UGrrtzZLQpiZZeZLtbTvIDmXg7So7MZtszUMna1dmfVOMvHHCe3+eypqkDzwOXkJbPyvD+/PH+63eLpzeNxezCnx3E8vvv483fPnz6+/eJXAL/+xTe3h/PrX/6y1J8+fX5+Pnc1vR9uvfP5gSXUuT9v+MA1Kvf95aUyIXTI0Lu3U5kbVBy3Ofy4RVho+VF6rmdRUO+sII1OxFRiemarpE+IlHNBnxnQCVTEFLRqlvtAm+BGGw+IS5JqS046PQyIAQiL5FL3AP2q6ojDfNg9eP0BImXy29YAACAASURBVOhzYJpyYKkmK1d1Tr9a1ZAd8UAshpsdNIeZckZccvK2jpKkDNwsAChrE1naxKO7ESxQ3ct9XtuXsJSTzVtuexB8AByZyJ6aNVsoQAY4OZZrqoECUL0BJ3oyv9UbYAOvaKlCF9UGM9htPZTKb6iq7F6xzAjK0DDR1Uo1RSHvdBP2rpfubURO3gSX/GsuY6XMtkHdufEID7+5edUGaKqq3XVvBDx6Bjm4AGaTv+XOrDP7Zevl3B+r+lgPbY+XpLRRna1MQo2IyNqFomr3HQOu6xL6sMPMs55TuTuvHHRjMpKAG8zkt2OOXl1dNUVKgtbK0cx5SlU5LihZLJhFaCfIuHqpNyhGbhYMMKpThJsDtyvq33K4BRyDfW8Z15jPJpzoAcxDCl0F7RlUx+WtAxrpBHwCNT1ddJ999Jw+JXSb2UXFnxjxdG9wkVgAua3wg3AyWiTZqjl7Dz4SkIiu7C7AGpNMuE6y3TDaJcYaG3kXafJrkxUNM1QlQTpUk0szjfBCAMrBVo0GM6uXHfRAMyImGkjAGhHubhTQoDvN2GUo0szc7JiAeeaeACTGr41Ga7bjEDIRMS2L8TpJUFcPee3SGvR17zX3gT91lzmrGpzJ7FWZhQsNcqWyzvtMz9wvFo5jqEE9xKvRASVbzirBXLPVAqAhn1l4TBw/7JouGmduWjE+V02VFn9tnYMmAZjfh17/WKjsC7AC0RAMtV1XiC5xmKtzUZmninWmCHVflHkxs82WmcNctdUd62Z2fX4irq2F++KrDssR80mz0oi0KNCm5An0Ze2WuYlch8XNAIecsWJNky7TXgMJvtbR0EDHNQQXmLqNwamEkmoNa0UQ2Kp09zHqjdghzOisyvmJ7cznc34KXjo1fiszh5V6PJ21YaK1wuC0alT3mNndrQuyRpsgNzOwql/dHDCBmleDZhgDwwVSJAGEx2y0Abx99/hP//TlH3779sv3T8ciu0BV7xF73/wx4nAsD6LGOzZCPztsFQu1QWvkdEXmsDpZtFKPK8ZHlKlTgykd8PncUSFMc5u7orL2mTUnzhSGiITxPHiE39QsXGoPgLvAiOf7/tOPL//r/zm//+E+35D7y3P1iHtgdIubx6KtwXdk7tqN8WUAYUPLgJvn/I6uxeOYAEwSqZYuzdc83tTucwuFhFK6EeZdhVaYGxGLWS3T4qTmBVdVVevN+/e//O273//dw9dfMhzV5ywfWlgR6CpsIt2ewh8BZZ2AEzAkzV9VR06BNq2WYRox7AqLu7nZaiFiqYrer8FicWiG5+q5Ns6VxsxaIsGFFmDZCvAyaYNrhTHmEs1mIyutrCbuSmCZqhOATZ6wG7Ou7QL7tmK+fOv28OG7/d13Zzd3Ni7QDwWb7kKdWz2DZpDevW3y0ICFZZYhXp3fqMrufT/z7dNTZz0c63D+8N13nz59Op5uMHt6+/R4e/fHP353W7d91nF7/Mt3f/nw/XeOr8JNVc+fPr57++bTp/Ol+3az//ZP375/99RqdqFNrOw9DaepjWQ3DPMgWrEAMwvQmnJGwNxvl4mFaQZX7dpuKpkjrv01JhUPh9wUaCHdjaauvbEN6fRUXdV09q4s7VY2imp31lmqxLxOLHZLefYU1NR5truznmfMmjqL5YssVmtSKTSl9vFwrM96edkoXbVGs5KMffkJIEmT+yYo8TynXEyaAzWarNlNch5QEEEDK1MDoXKTeucZQRXjOO7n/eXl5Xh470eILjIL7g911s8//nh7+DLev/35548vL2f8FE9ffBHHenh8+vjp+dtv6/2XjIXnl+fKs1uNezc6ce59ZhJaxyF3ATtPBQfXFe3uYVgQg55o94d14Dyfq05DbuFYD+hLqjKL/e7z3L3i1qrMpnNAKGxl3YF2D5+fQ2YLa1w9ok1FDDVQzAar2j26W5S5d7O6Lk5XrFcaQUkx807zqF5VewLGk4coljrzrFlNmsKxDhsKKgHSYsXhQNa5cbcBHDJ81uDzplDDIhWEd2lA/jNVcpt+ka7A8mWJmtd+Z2dqt8pgM97GcG6hKSAUa9ybzmtFNoCamdWKNGf2tragE0GXdTYV8dBlt1tbldHQZcvoBSUUGOo3EpQalfczX+YapmmSEPd6OetOolSlHJgjVc7DY7Ix4VzVmy0Sd2xWwQ4BNdausgvoR2RnKVP78/Nz6VSmqDaBkqfJs8/qczQCZ1t3k9p1Vu3WvVCiUMrYh5fUu3KSItVF88MOeeFKnbjbGonG7pwPXilpPknc+RNqCLxALfepuYEorPVAGHgYVzcT4511oFQ9Ci/ncoau0rDBL0h6pSgetwcTG6VuYbB7apY6m6pEYM5SmEHoaZ0xNB9oIaf129TA2CZjSkythTNka7XP2PJ6wBPNIdZjJhI1x+Lp/4334op9zv+iryZBdiU4Q/zmpYmijZpcgpowoIKk+33fWzlQhdGaZN8hdXMwZ7pkLValJI/ls4Il3EBjrBV21WqH/36BtnApvYy4QrDqogG2Zsz5Kg+O8Q4BBmOhIY6cdJZRg7tQ1XQb5o0LExwXAF0SLSzU5Dhl5mXNjsWdvsi9q2q7hbqaRSK1u9rku5VooRqVqkt2iubwIYWre4ZBpPsyT6GU6iSaanF3dzaXr24arYbJfLX3aoAz86MBxvvQMl7ZKJAqmmjlIswGIDPXudEwdGdi5ATdQheXrWqQHq6ONiyoCa3j5hZmsWK5r+52NONQCrWvPYZ6RKQi0KItGnCew8QnHVfPycP94HgTRbR15SUPt1Y5V2AnypfPQAeA4ZrxN63u5bbAbLW7ISLMJxR0gTjIzAborux9z727NIbWKpOr2wh32yA5/dtC9ViWMKiocdIKmbtq2hHuRkiltjBld+dVHPTL8yXB3eYYYbBu+KLRdCGX1u/+7ou/+8Obr798eno4xjuZtekIY2vcok7Qmq+LMh1DIBXdD/PoRkl0X8HuhLF3zUZyetdW1izhCGPmHt0cVYldnZxvHsJY7ppAZDCo3PliRHiMq3oSpsYwj4iVrcau6r/89PP/+rfn//j3595DY0Ln1lZVz9bOPAaPLhGFztIrB7TGnNIbQr224WliC0E1L1cE5hM8MZMLAAkSnGnFIEk5BWFiRqTMXcfj7eHh9vJ8zhmqqz08bvbt33z1L//3t3/3h9vbJ3TfO8EIeliLDEBEgua2wh6FrGvDUI32qrNBW7DV4uJsHlR9OixiscrCBRfhNOND815dNmbKajo1J8jMqdtn5fKl9cBMmVsc7jTgiGUkuzxW6DWeAraTbfJpm9AnUNoZtB7wrpigppSCMF71p+o6RLdbJqu7ut3d3bs2ZXPdgtvy23luXPdqsra5VVephivQyszzto5W733mPj/+/HMVfNkX79/99MPH9198cTw8fP78fM/88w/fP9xut1i+4LbO+73U971f7veHp8cPP//8/v0Xe9fPnz5GPHzx7rbWoTYGDZYq1F2Vxrz2uexwd3uslDHmwmykTg5kFleI67iuWmAzl4UZzCqbfT8no+NOmbrPIo3RTL5ym9k28brMF5gy91SnAM27GUJqp+40StZSmO/unadkXdtQoRC17GYd9/xcBYsb3c1VWe7x+BSPTx/Bj1WV97ThbrdJ16tB1PRS5pKIafYKTh7LW9qVnPvMtJbm6jxraI5EbNpKTrL6iscNVM3dYXbuPm7H05u3nz68sPXlV1+/fP7x6c0X1SXY09vHH3/8j+zv5fb05umL92/8ON6/e3O77dLZtTs3TPeXe6kMkZVSa5LiUE+AeJcHadbawQA035Tqtj4XFyLvfR+Ha9bo7SCY+1KbGRyTDJnwSXXvdXuYmKOZwdzJloWvgV9PskUAUE6jSiA5bwbPZu0ZzQaunaRj8Ktoc4DyiU6hV0TLkQw/JGU9d59VG1YUXy0TbFPpxCv+BQxlLX8o37sMaLc1GXERlUnKaK3zvvuaLhaQFSvIEgMeu++DbZ3RDoyZlXVvbJ9jHZa7YaLUzBKBnFWlIDFw0RoHhz6wYRrv7qhGrEfKDLK4uQzkBog2u49YwJjj/Zjdd1e3slVn7tz3zHvVVu8wnyzNPe/3/jy72erJZPkYRYZRTgynoTT/qSrsNHOuUy32lRkedFunelfeB1W81Zl3GqSSnyseu/Os8+ISi+4G4twvpV06z303A80rp/6KBilLVfWGwtfN6RP44ZwIoeoyeg9ut6luyAFIu0pVGzCnefVWTut2amNhS9PgNzZaYkFd5fTlN+etGeGReU/VrjtR3XX2bjHCGpadQ1xuce+Sd3dVbWRq1cCMr5FXKbOrIxbWxODKOU0vJ8lLGmCU4RDMlDmAOCPoaswZtNDXWP2K7IhuswPauRs18scr0+FelUKKV4VdqO5kifRlwRkaKauHKlldG0Z6sya32FK9poEb8JZGpZF10paIVhFSp002ToO7tvm5D4iR1k7b6OsZiQEz5SBDCJtyrXHYmT7HQHOvvv7QU7nm9V3hRHNsEgkTddKV+pahMgHjWk28Jmjp5rb8fraT7syXNKKz7qpbhFnI1NrVTdTOSlZ1dmPnoKN6kle0BQ+EU7RY4TGB5oE2tQzorF1XQpdmmDaYjy/BvCUoJbl5Z3b1FeIYzLHm5DZrmhxtsw/JhFYqVElFgyNm0qDs1yjCST+cgWZwOLuC4OYQjvBwo1lMHuxKxAywcda2DgEsDHSs1RFd2UC4G5fNzzMM5mQMtATuXecwV6oktHk8uMkUMwqz+Z1eNvg4bmIr+2pc+wIhVCo7G+q8OLc+A2A0mKVzTw/daBHLw1Xth1uv5p3kvXZValo1xuUL3Z2V2eT8FWt0d19wpcvsiFnpdhda5uyLaEFCcThpI2izWL/89t1/++dvfvPN0+Mtpl1c1YWr37Toh3EJYz204CQEGDE+u2zQwt1u7Kytebi716Akpa5ex0NpDs4NqJSUzHRFbohmV5/zfnLeCLmbycIa8DmANMzNNdskW1O5EeDhn+/n9z/lf/8fH3/488/Irj7z5bO1CAxEMnyFHfNEsjlbkzSbYAPV1Xf0zAtkZAFzwxtvw0BsX48z0wCcVceMzkkaJAufRehaR+d1yqksBwZs4HRb3q3bw8MXX7/723/66h//7u03Xy/i7KpJVJsfcG/1cczcoY9Y4dFwsAkrkN2FGlBeV8HMFATV2X3aCJimJTtMSGFobDTBZrNzeg6toQtV6sytTpkBA/yePRM5tT28qjiUDrv+nqMpAlF0c5jDrZPmdUGn1m0Bu17O3rf1CCE7j/XU0HneSw277r2dyaFbda6IcuR9V2eEu3Gf2VXWGgF0tcxIJ2CP8fbx4U12Pz7Uy8vLcbtV9no4zns+Pb39mz/87cePH77/4cc2f/NFHJb18vLlV99++dX777/7z7dvHmn47s9//u3vf3ue57nPbhHmwYeb3+Ig3cP2PY3onuH3QHpWeJ7ni9Bc7KrZgNWgI+2Asnauy/oyOvcIRvZRtoW9bKvaeTenZON4gpfUlefJI2zVfF+k0k7tzn3ue9X2sGuJXmp09r1VPntln07KDAhAU6DP/VKoDpmtXbtaUebu89wELdyO283CJcRanz9+ms84pyQsdO4WAkYzcJZ/HC2GYCKPZeq85669Z+bdqnl4XgYco9FFVfaKY4bYHuvh4fH58+fbcXt4fFyxKiHh5fOHdRyQ3R4ffvmb3/35P//48Hj78qt3Ev/9//nXd+/f/+pX32aeqJdbrLW821525b5Py65R1alhofjq7nAnu7vQWPNa7TJf87Myi9vtCftz1Z307lNA10W8ONZD4DbH8TG2TpluxioSqm3wRzMcpIwDFBnCKJpgV7Zv03SRQt3dDSDMd07m9uYXnzho3tIMOdyC9BJbCgbX48guwNx77sOTkriSEuou3aEtxrIH+lGZhIc/rOOW+9QVr6bRLFiVtat9Nwt0VVsLavb1JLSBZ1HmXRPZVLcy6w6UYeHS06hBmVWnchvl5sAAIYZPYDBS3VmdXcBZOG5XEHf+PGIHDhgqzwYM3do2J0nCnGhV7RIm+nrmeZ6fc9/nkJnXXNymEzcrDsrdONGNi7Jok2vJ7pMooEm1du5q3GirvIE0w80NkkM7T5OO8JdzLz+qG2j1WYR1tKorq3OyfC1r9blP6cw+pWzRyVamRBngwFR3GxzaDTirs86UzJbHQSDPl7mBd5W5NbqyxJrqhc14kVxu9/t9GptbZ0RUFu3GeJj5lJnRbq4gPXwlSs4ou1dpVPZXjsPOKui5WEcf5ALZW5l7NngAItwhWqNmbstqcQTjsyeamn33vF7l1mqADhrgjIBS3bPwncGhlEZ2bZ+TNEVZVZayVGN7dIe6swVUqaV0c3Kpa7pIpVqMbuerr4Esk2gT+y5M+VdJWvXuTiAtnCAHjEQJKGTQAbXGOKPutsHRSUP3sWUgwOEXpVCiKu+YmAPFy7HhhgqzVKMHjeaaANz8ozAXY5pHd8OoLNJWOIear5xbMyQjqhPoAUTDRy6EOYR0y9znKtFdbtFSQSQT3Q3VFpE9POOq2mCDonlMrGWyduaqBgseJD2YdZbKKbCrTnWTwXJGqIcKbFU1B0Ri8l6gCGD5oZ6wh01lsjsbNWAkMjDNRnEgFa1yR2oEW/ODsWoe1wcDTrOrPjK1TOIirohuSnsNEpMFXeSWC6Zjc3ABwrxhBZg557Jqoi7dyfyWx2aLzq6GWN0g3OZdboAmWNWvNkRSzi7Mdb14vRvyrJ1dMxBbx+oJmHdlNwW3BcXO9rnAXdkm7fPetSd33tOOnMGroWdBexGWhorLa7ly5bBmO92kdWtOjegLKGc+6DYOa/bh8fFv/vbL3//66ev3b27hqr177665CZjZcu8sxfL5Cs89d8Rorm7va3k2Qrnh3VzubTPQiMI8wiQzsnpT7VyJbEh0gwO7ujUaWwtMkGVSa91DwN8Ng4VHdc3YnnT3SNUP33/8f/5j//m/7vdPZ6vUhUq1OkeSaoBPUdUMbrquopQkM1DMuopFYw989cF1dqomr4GJAkHTxKU7rxUaJwKh4VeGH8aBrUrXNNQzdTuOFjwsfD198e4P//Lt3//u+MUXuC1ILn+MiQbRyJD2MoZFWBAm4YibrehWYVfWmTkzp0Ht3ZGOScK8tIe5iQdpE1ya3WoDnJ4mBGj3ru4h8bW6u81iFr/m13XCPFYsVSIODedDpjoR0cqBiELtpK3Q3EDDuhPMrCI4uFLYbgkFotKSWLFua+W59/PLs0TSOsvXAmvuGj3xmK7M3T3tuuYUHrKnc1FV7Xw+7y8vn+j29v1Xb56e3O3p8eHH7z++ffOWtI8/f2Tjzbt3sfDT9z/k+fLm61/VmVZ4fHurbnerqjdvH0e9Q7jT7ud993k/f24+qFWd5HI3AyKe2CI2nWedsB6T4CDJ52xkU17Rbv3/wafMFszNTwlVYQFK2rM1pdtEKM9+cQvD24lKS0rljDxJYM5hLAhVZTAfsKFA44XFgATsLucMZdrcsjd6d2toHZwzri+pzvN+nuf9fs+qasjUBC2ubRdgPjBHZhdqWkRm7uY++zhJNTkud1wlgflwzN+DhDXUuyDI28x3vpgdEcfepZLbkrjWYW+jUff7fWd+/vz5xx++f3l+yX1///XXc19Fl4ft54w65wFhEI29RVIcrNyjw6WRiMYc/tA1DUWPQzJgBlsO0nGaACD86KjM6pKZ1vGw4lBxuXVPAEIEc/ecwNSyY3CIGvaHu2WmGwgid+Upu7lZq2ZLanXtajCDaHWYG32wPxrhGszNYy6Q5iaFN3GztswTDYMRbogzTzez5VXMLta5zIk1WQ5S4WsK36XtETm/W8ojKJ04d5/V2UKsBzFn2FFlxqhOowxmQs01oLuUWRtEd3fuYfW7T7dhNZa4W6VW+CIgna0uGbGEKYc34a2qzLWANkRcsFgVZO6R56XvJM3dRVSn1F2QOksCq3pXl5qjhq2yBoDqNNLtUM+IE0MVNulanvU2ttTTXTbrrhqHmsOgLa1rtAOwje2qdLObeU9gG5JUfVdbV511QjSbaCCqx4DSryFG0cbvBHMKHQZNWsKQs7O9SH5XXhqAqYKcQaMYgFXlHCTM7UKdGNFd54luGVObanYtC6gdbBRKZuYMiNVlFLncdqklJbIqE03ars7+bNzmBA9dtZ1d1ZmykIRYvlCAq1HVUKG6yOgh4UoOiTYYIPS1RFSX0I7WvIBoEnuiM2oXqyY5HSPbrMzqOR8MDaZxzas18SCfp92c9bMaBKzGI3QFfEZnw9fenlc3pVZRQqOUUrrovniB1ZtgtozV6DNPdUfcSLbYmlbKI9jMk3QQW1tUdia2OsE2kq0rlYFJUfcVGIbqtfbYFz2Q8zaeM8ScrQdLMkVCo2UXaFXntDqq2gEeGF8BNC8nSFCWm6G2WZtqTslVJ+jVuwkBl38u0wxGryqDIuaQUFUKjvHFJ8FDc6nDuLOgVCekWR53nmaemW4+M0IA1V1zyeh2Nyfbwtro9PmRmFUnQPZop4UpjV/dcc2GeWfOoqFh5jZLTvel+f+S5tP3MoFTeLpa0o7eMLeSd6nwygWzZVM5QUsy5ySbZUKle6gbKk5JhZVVmCU7APryJTZF9zB3qXad3TkzUBKqfdmxXzFUggrZMy02Vie4DCw0jL6CXmTNAwWLl/G70dWCVqxUGy185d4XUad6ulZ1fWagrqritTvsufSsw7tq/j42c7tuyDtf7+VdkCziy2/e/OFvvvjVL9+/e/PGqEKffT+rwszMCY/wmf0O46JV1+yht8lpA49WAzaLN8DI0vZ4zfhZtNIMUDZs1M4H3qiV2i2YluRATP3xQokDZjT5ZCVHxburJDkHUmyQMvPjx+fvP+z/8b8//vDDJzpQ6NyV2WrxWkfwWH6sdRyxXEbtaeQ2qbEUtdkU2mYt9YopxTU7N17jNUE1vS3M9bN1pd+IvlqSNrWFmXyIZve9b8tvx/H8/Jy7H9+//dXv3/7j3z387uvj6zc3HyY82oxJVxbQbiP+8dvxiMaKW8SjWWSfaFnMiX0oHPPz6URDOUrHs86AwKBZE105n6Xp+vAiD0zxkyPfCj8kSLKxJlEw+Vx5ISAhtiZQYZ17fkutgZtN3Qg98lJegUGITi+5qgjEEaTQRVrufHk53W+3h8edd8Kq6v5yZ3ihcD2iYU3SlqtnE6E+z5o0vAm328Pt9ng/n4WsjY8//vD0eHv5fD+f7z//9FNXVde56+0XXz6+e3d+/vT8/MlitfnPn57b7emLL3764cMXX375+PD2Rn734w9GZZ0/fz5/uj9/zkeZ9n0/rENqs5BKtiIe0W0bV7g/XHqZ5qCQe0//lU4Xw9bN3aWJaoJjDkkVaj7gpSu7tTNp4+kaUsi9NDhflUoXQo1e0TwJDpjBLA5fVbPMGSwwu89GSV2kuXVKjUICIsz9yM7beiCZnQQyz/N+B3F7vL1gexxKVtVMbKv2EP0gqjUPwMvqVih1HKGWWxC8Vw2j0q/9E4bTJcxmnytWdZMi7f78/PTmKwHvf/n1uzdf/uUvf3H3h4e3Hz89u/u63cbq9O7d+6e3b/04bk+3M+vM/vTp89dfffXNL25PD12tfVZmuYegLVnc1nqzs6y1Yr0SsFO6tzqze7XT58lpThJUr4h7Rvcm16z3wp1cLZ9NptMYx/28CwiPQSZqRi8E6Wbuc9SYMnwX2WShS8oc0p6psmSrqrM0WQuo8NcRRTelMLNhFRPQHvoBGBqpVhuxBgG+XFJ20ocHWQV4dykkbzSM42IPljW3dQbDpo3Q5XYARG8384mYU24mZEsqORbIqhyTfXZlnbqarRJyyAc392Uu0XQUWiqq5LfwQFsDQc7PxCEZS+hGdg5zYV5oE6xVlUOwoSrzytuqMz/PWnYu2S3ss0qm0RpUBdXzhiJoPhPUOQF23c0U6+YmaqvR7K47uImCNipBI7vrPvxmk6k48DriUvuG+Xh5UEXz7srzM+YMCphG/CuMvRbhHuqtTjUN1mad6b4Gfzdx9CtYx9ccNap7EzM9n9lkDOUeyi2ltIIFVuoW3gUAfu0l9LgOzBfW9j4/xYotHuvBZ/+mLMm5SiYQZGad+0zA3NubEDtXRd0o5Jnn+AE8fGLd4fQ2VW4anTHJ+Yv7BapP0R1rVsegqu7ErdGmeSNO+L93pXq6zELQ4SDELsClGhCdqlWcJdrYfK4ekoMX01A2D6MQmLWTFc1BxkIAFi9SaQnd0pSgJwFPGuEku9qm29JSd9KiN41nolsWYRC0J51cLMLDWZ3Z5+68590M9ld0uoH0Uu16SSRhzsD1htBFz6V7LEkYE1n1cFzdp3c7x2BaxIyoi2ol2oQ02INWX4XE7kywoNIshpqPD+vcKTTNu9V931UNVitWVCWkeS6viFZnDphixj1lsUq1sERWnVcAuns2PpgUnSlzk9UtdyfCiOyRFM96c+KC5hYe0QPwQptzyQUDLes0GzMA4dYtQNU9/PiG1CUolnGYLAPxNbpF+CIZa106+pYAsfc+u3ep64rJljSdToAstbsfvi5Amjq4evjUUtepnvRH7f1M48AE3M14A5Tqqep2w41hMesuA3qYRAYREctoNTtJSYTbpesQqifeHBPeOWtvny1UjxSi62yD1wwThhRAI8tsAKyWNiBbufsggHk5yzC4fPXVsJ8WCclhV8zo+wrdEE9v3/z93//q7//w1ddfvY1BTqLVpT4bwVhuh2HNJiHCqmrX3WnVfVa5ROstVsOMVecEYebXPyNRMkYWOzrw7Kw+obY6W8zMkWjtvLeuNmcpaSabjgGqphI3YfE7rlLTFp2Iz/eXP//w8T//jP/6j5fzJUmTdp733N26sgf0oAfdad4jLndXXvW8a27x12E9MFqBK7h8RV9cSg5cmxjkK+e/N9AC5AOGgoIy0ld04zhWU62WdN5Po8Xt4Xd/+MX/9c/vgQ+bLgAAIABJREFU/+aXt2++enpYC0hR1aJFwFv3szIsZgTojFhrrafwRxlYsEKREdh7ozsrd7YFwERnmJWrS21S7+Dh8LOytZ3kkFhhZoe7RqF4UX1QuWsdN2iMErApf8BblX2S5kRR2apdHpMiQ6vNHL0xlXVIUnbnvpeadJtP0noId8zAjgbw5fOpJqj7uZ0XWp2CMYbRgeqGiJbmXaAxuKqbMGM8Pb4N9/Nex1olHWG9X3Lnd99998uvvmLnw+345Te/+PDTxzqfP3z/XXhY3CLWzx9/yPr86fmToOPhYed53OJY4fboHoRkAeplJ/qz+xvSW2kM8zkR0tcRlPY2MzuUldUqde49BzGnZ6ybk1weMbcoyozLFa3lLtXQK0Z5AtnmECrI6rOoyteZCDFgEqcR0WiO0mE+hrQgziy0gT5HboZVb5oiME6LIX+STQuYzXQ+zDx7LX98On7+8WWaRoJVTSpcU0DqOfC6Td6QIGoydhYwklVz457nlQZxep0LdJkBMIeFLhFZevP263W7tdkRb8DY2Zl9uzlBD4t1AL4YiAXy+fOnt+/fvnv7/tPzxy/ev/vtb7758t3H7o+Ao1XdEaZEVT8ci+AtbiOsMHf0nWq4qZB5fn7BsjSW2ere17tGUFPyVgFmK8gJ/Q5v5EpSLouz9my9nE4Lp7nF5I2mG2ihkrKzu0CnWVNVO/W84uaI1P08t0CnYyh8vGIhscKM4Uf4kZmwJoDJo5vplNGO9VhtknYq/IGQGoSPeqiN4WvvPZ8cmImXedCo5UZeTi6DHWGNRdUy6xZMiTN7X0ls9fPeFGah0XXuulfXPNDobJu4gQnXUpo0x2qCSKPTnATbRFcxe+ZEUKfZYWZVZ9pUjQxgI6d66+YDNU3Vzud2R5NcYVZdu3YpdxYt6DbDwxbILmismFV7YmZgVImm14+lqkp5Sm3Gni70jEYwluAzzEXd97nsYcBr4cvcs8/u023NavN+3rf2oK6ze5rTr4OhMFuGihXS/MRM1QLM1Lkd7uYyn6dhdZv1laCghgNwxMHxWgAlrWUt9u5x9B3u868dvtoMc+6lga6uLKmfs5cfT1UbdhOlqf2as11THaiE5G7ZBdsGHjxcUedZVt0FSrNZhBMMYzBUKnUb3YgYBcxIoQHyarPqciSMV22OFyRcVq3Ovu99F8rkYLjH3J8uSXLnqA0oXXkea+haCbBNIz4cuj8bDQNLXX027GCQoWuUwtFVNiYQZt3lsiLcghaASQ6kmU3Um/BsCbU8SrrA4c0D1vTlIJTnnuLCue+TLyQ1xzgP78vBIRPdwnlMYfO1DGPOFbbq+h5qz78vOzM7Txt2sjloNO/eAmDcex/Lq/s877fj2PnsZqBKG0p3mta9qqtHxL0LkrKydGk4UXkhcmW0+ZxpZiHwXuvWKvQJzLVKUrsjc0s1Z6XRYEL1avnpUqGTPsrSzipTmBEwWJB87QVfQYThDAAQsuUY5ppEp+to3aEyDmpGgCq3r0lUdIyFeOyA7u4+4OxpDYy9NVG7dtY5lU6AzjCYtUZrLoK0ZczcgsydFm6Ovi6cDZFWU5owOt3cSubKSV2Zge2ynCA0MY9pEbxxTU8LmeEudAJVWwJSW+XkRLHMOlYwQpJ7rBUkeiuraqBXanEaqEl19TQr5KPfUKubUJhdx39dr/XKWQ/S3FotwNw5XHmqsmz5enj4xa++/Od/+cVvvv3y8baobp059x+qkNW5/CjIJwiqhpnTi7W7dp1bjmo1hSANjgna7RqNQ7vR5+NuHh6YkZSKbMkJ0A62StkqQZk1ky8JObbJYlVwtAF9Zu0VBuJ+vjiPdVufXu5//uH+P/73/vH7z53ZUJ+7d0sFytya5uvm60aGSKguTpIKqOGACW2ETSJxOFxz6FGrC5joi671K+WvPaihNEBGl5l1dYTfbrf5Qh1xPD4+0u2eZ3cB9LW+/fVX/69/+vpf/vD4q69ub57WzBwA0H3YsuAA7d1smYWFL3841tuxqZitWHvvl+w5aLXqtPGvZV/WYLClypJcECyq7q1S2LTC1XRf6hUuN+5uerik0Dygwm6t9PHAIbu3JCOSiyM/V1exJ7flgG7sMnsNgKpy37OzVVROQAw2/HRzmoTb8ej2cv905llGhzSdqEYMBdzkdrvtfZ/PPAAfhDRnZMhK3e/Pz13onj7845vb588v+76fnp48DqPv3Or6/PHn+37Z+3x6vMnjfn85X+7LH5YfD++fpPzPP/7Xu3dvHh6/guOIFV6HR/hDZ5nHy34x2sMyyAYBNqPKh/V0W6q+59wXAVNbONDSFpQtS3bvB3uCxSRhCFv+BLDNqhJKjC+TaFQhjUvsvG7R3l1im/ziR/S2sLCovmAEWWUWc0uYN3IbdrUJYUaI1oSCYRCm+BSH0OBacbPG4fb+zdu3b/JP+qzCiluen2kzwGtADLehEFSvWOYL3WqRmqtXZlaVz6TrrKAPgwVXL0lqMBiEVBzcKBfIjz/9WMC33/xOXN98+9tvf/2rzx+fnfj2q69+tJUJda/Vt+Uffvz0lz/+yeJYvs6Xu+6fv3pnj4+LKPNY6zYo1YdZFdNBV27SCEis6swWLSuJXVaOXocZuhogZ1UYsLyLs6MPamaSPXOs1Z1d6YTZa0RERszb6LDZWWJCkdvNidtg+HTewWg0Mouqayonci270WMe5xj2+KW46dbFUSSuup+b5ThMLY7jkWDVS3WBXH6bglJWjuEBtQG6PYI2M3tBtHjVxG9SRj/i9iCjYUb7xy1e7s9n3/O+42BmGiQZGpl71/Pue3e5L4+DBckm/K0ZOsEMEW7AjXDJukG7QZy4JNyoNBjZ1Aai8qVAiwOvvq4RodBQnY3cVdFhnK9WDAqhMsFTSuqghoCXNj2+qQ4DNBEJcEUEQZ0SpSVVdtM0R27i+oBXbqGggeQAzTI3OWnBm1vQDFAYduYkODLnjDF0OJIBGBiQLQ/VnqAomr6O6i7lrg6zqxs7Q8NGV6e2iWbsTo/j+rXPZxNWnYPNmJDdq2/ej1hOmpnMyWZvM3ZNxptVYh44HmpC+XCYXScDOkCPOPuELCyCMRwdmGXf9z4bFhHqNljAfF5CAI1RLGKFubrFwZuQMJhTPoyz67s1TCB166rlSp1Vqbz2xJ3FaWUPwMQkzaZa4AToB39l7j32GhLskqrP6kIz8BqzQ2fR3HvajKbrG6eUMO7MNhrcaFPEjTjURuNyzIXDnRTQG76yapp2VCgBtFtMlKc7s06z3nU6FR5TQBkakrt1W9PNSAYmVnytCJGd4GQofSaoVbv2OfvH24rm1ZS44KndWUlLws/MiCDN1I3uSror1SrSd5+kabwwAkxqZSVNbiumHdpl027s3VUDPEgnWfe9lx/ZOzxIXPFTkzTNnovzEB7d85xq65nCDMklzOKvcf2mkZK8UTNSGpJL9r0G5mMOw9xHiQZtug3mU2MvjKjXjF1CCBDRkBtGzSMxyEZnna0tVGs3srXR8Fhs0Floouljpc7uBkG42wEzTXzFvV/XHdL8WYRxYiN83YjWjLqAiCVV96kaad0WejyCpZIyPLIqaHDvqmp1JeOQjDJ0mmGkVOaTn9rApTyevokBcIequyqrR0/Y1equyzo3jDCfbA9LmjTqvDimEtI2ug0DBDrjOB7ePP32D1/85pvbmyf3qagLpSS1zGcJmn2idJjEmFsT2F2ZfWZnXHU0UtX9wlcqfvVuWISDnl3Wpy8fce6FBkMYYmxUZ2+gzLxa2XusXGKTzHPPL0E1FTszj+o+cbacVh/vn77/6fP/+Q/96//+dH8+d1ajKzcNdFOn2Sg93Fd4BK7FBIacDo1UtqkpQs2ODv5K8lFPjQwg3U2Zuj6fsOstcxWDGW4GJ+IIcyuozpOWcJo7El19PD188dX7f/znr//+d0/ffPXw5g1LJ1rdZSt8Hed5difdVhzLFmVmsdbNGKS7HebWUmuBzF08jLgDmh5hQ24uKudg2Oi5NEYAdC5VyXjuTdm4td1vwp6gf4LGrZ6AEzlFEtS4C4yq0u7dFjafqt3V6CqXc4VBVdkAWVV3otxs75fcGXFzO+biFHEQOM/nz58/5H7JPisFMCtjLTcv6Z5n5lb1YRbh1aEB+E4EGLJYTuvGed7NsXd+/e2vzuc8nh72x+dU//53v7t//GTmy/Gn//rjh58+fPHV2/tzn/f98P69mx8rvvria/eHd++ePn7+qTJBh/r55fl+f3l8OlBi2W3dSp+70nzO9JHKoNNs8Q1VdFiDNPO+P59kz3uyZcrKOpON9bD7NMQrpvCKeu8SEYCbeaurdqsR0lyvusxvULVOVVkcZmE+UgqTOVHJQS/0jJAn7qI6DX0L23sTC2ZEH8vUXfv0mI7UEG5agxizetmfPz1/3PdSS9WQLMzVW8O3QHara0bdBJqYZUzWSXqr6Qaassi4wPDDwnAzWs3BbnIgBo84eOx9z3yWfJ/nL3/z7c8ffq7mDz99OD9//OFhPTx9uUrZuc+ivX3/5Zc/ffjw9svj/dv3Eh8X376DO1XTabVS0iPghA2+rNC07t7du7WrthndvLoACad1SOP9DGLm1eEeXZnV5qgWqeXr1fIh+vR0rWZrP40ghORTwJr9SV7Lq3np4MwNbreiP9AeCFZm9nZj27KSJEVZhNHMHOhdd4LzCYEwHMiJcFkcarDB9bBBYpvHETdizB9dKpO1hSHmJTY9FrAPvwHenYY1YuTgg3uo6li3rDM7jRVWqXueKaCuVVyrepfuudEpQnsQpQf9JkRewPSFbvMJTle3O5fbqhrev6Q0lrSNi5TqRS4hiCBUSNOuPquezfbuPVOYRIc1CNMClnVfrTgIVXPv1QgHIUpuQJimeAQzWwRSxaoB02v+KOias/K0UmcBLJjiiqHC3A6/eLAJtEk0eqzsCuNffy1Qm6BO8kAjcMkzID/Wqsqq8qsxaOF8LQGLDHarU7Ruzug36B6r5bSjpa4NFmQRB3pXF9BOP8KdZAu4Vr5ZdVuPEXZqAsCtPiXIVEoYCLRKoNk61k15Bm+jeAqSY3+y3HmXCJpKRu+CmwEeA3ByIxlVleCsNAQMtnZ4VoRlnUJKY95BdYIlsSsLOeP8uthILd3c2Coaq4zgqGLMp8WZ3SA5hYhGD+F8ckHVSXl2N9SYUjyt3QdYcNVnW1fashv918OdwczdGTA3h5l3VSLVPb+r3vfuEbhY9WmOc6dZmK/OztrVuVVSZtep0xmHr5hrR9X0vxMJmcx6mKHWsIGjL0AQZsgKKWu7+d77WMuuZlXZnP53BV2dTW9i7/ttHTXM/AFeVU6mSJJUAAwqdRc72wB3hJOAqoOAhhFZ3ZVqV7+cwnFjWMEMXj0crSI0fXPa1KCMbj2ylNkgaAypNk93wSOm/ouZ9JIa5FlXiv3XF55TRu/dHEbYNKMuqYpm3+xOqiiaxRxpq0o2tCWzdgDpqM7mNf6vuWCqpkkC0lXOo/vFFCM3wQWSnxG+DzFG1XPjAtFKTpLJPcwunAds1HltVjUGE+yRfkOT60WXiWYzlNKZZXZAd6nc6Tb/WkIPMwo2/0haOLfZeOJArHVUpnOO1QnY8lVKzZ7QOHCSqUi6rLvNSYNqTq/ErP6vHh7NvKrMzRhvv3z6m9+9++Uv3r55vM2ZbgYJN1qqulOdG6B58zKS1iUvTEFm1Gshh6i8uA3auVttWNrd1g6RJqC0W8qqoAcPcDghExUUGVJCkImsLt3Ry6cgLgiNypm90aur5dn1+fPLn37sf/23+1/++NO5d0GohErzZp6mSCyLGDGFuwtdXUAZra01HjVdYJ+WzFitmh57iVO2BswuMIakrqQ5Ye7jnJO6EMuucLCWh47FaVpWdleYv3v/9h//5dv/+//65je/fnrzBPG+81ls0bHz5t5QIQ97AJw0t5jvMqjqNAsgaDYvdvfqdg9elxEVecP07FXqQWjrsrfQRRuwY5U8mD2McVLrOJakcBm0taWmITjuqqRk886oKgH0oHd39bi/6b7aVuMZaozFPl8E61ZVlvZhDxFhFmbLZCLCD0TEcT6+OW6P8fFlZyeSbfJwyscl3F18TXJd7i1O+dSyGqzcOzxA7Dwf3797Oc9vfv3rfc/M/enTz8vX23dffPz0/PDoXc9V94enh4e4ffnFm2fmw7H+9Oc/v3v8DUvLY7ln7dxnVnXrODzCHm7HfW8V3E1CW+/aXOFcbg/SJtvdzlGNHqy9986xyKfJJ/nM3HmaLbdjXAGYlLCctoATug4f1R0FubLPiXXMrGxKnDRBph6LoqZsQ3Ows3rcMgbm8FZljEPTvvCJy1qsY6jt6HZY1s7OcK/euc/K7RE3s+y2DmyNxlkiSpdllhdLN88TMx7qjPDwAElI5rr+fD0ovK7GAt0oSpjBpFmZS5XhHuvx08cfHz68n0Tw08Ojoz78/PHp/S8/fPrw+PTw4aef18PtuD2sZdZpaue6LYRtaZfOrBOSSqNKtJapCNS8crvEEa549/ZYXaCtwOqELTeboSTVpLhslSVwZfuyGtItVvVdktux/NYULxI/nIszulYNjbkB9bXsV/fuPTktdVIngoKVpsKoqtSFFs6WtUINY7ZEmSMYLWBnzGTnal4hSN+gR9HMPZY/Si3cB78hkTCz4BUVRWHVfu4+zRfYGyL8WEddkAU3W85QncYX1RyvAWBnieje3XPmQqt7d1RFTFVskUEYGsFgTJ7aw0g7rvdZJFTdKqVBYqqK/pC7IMAXdMwQsvqUNtGZWXPNAmAD9T9b7O3GCK7NguQeIA9bgBsLvQ9fRpWScw9UGaVG5glHgAXtYUXozHzpupt480eDzVZ9fB+FXmweQWN3CkTJ6LyQME0D3V0wxqU4uDiJTRcdt9tDt6Q2P8CywJmia5ZiAny4XePxhATtreU3EoQ5gpwHeQLsKqNFeO8O51pOyGbQrFYLqvEYZ7WQEMyW0c79AhcINif2JJWRK26l87gZiNoAxkKYHN0MzHztfUoifU5F8UrAkw2joGuoW7CbhL4iBDkh+Ase3HR0dZau8nhm7hpsak1ApaVjHcZlUKMuOmunYYoLJyS3sKbEloBt8Gu8WQVQ8BYnOJGGhh1Ok/wqWi1zqKt79zSYmuZ2RIQFmz4euEaY+Yqdm2BV5z5hQLhUuZ8bdYtbqvt+kqyuZrd21hbaYR5OWk0fcrCz0D5PGDxukkG2kRyssOaRKgQbot1hPgq6+76HGdRGy8rn8+xud6/akNxuZ1ZpmwDHzl09yP/WsEqabg6o+2yYr4O9xzVHBMzQlZ3VxaHJ2eBdespGwBy5TszTqHKqxg64LQLVZWyzmzur9tBbx/cw/hdjay7iQzNSwdTzNDRknTvPboRDgCFaGuaSMFm9i7VOtFhigWbWNWyVZrQV5qNflyWuS6r7/UXIRue8T9BVLwBM+wi5Gi72dd01s/nQQzUeo2G3o2q2AcgtwSmfm7vKzEsJ9SxVYpTwk9IBwg4zmy7uzR+KdVtB05knWbfwWV65L1pn7XOrdqllbk7mrl37Ytu+JjzEniSNGTlBf4E21ApJxXnr9YU4xjX8HU0BjMYIw+s6EVQrbsfv//DF3/z26as3a5mIpBqGw333DsIizotPZtVp7tPuGPKVUFPPnIcYLGrvYlM6a5MzQSlIsRYvRGwJRZWbh1t1TWIq3LpQgkqk79zgTOja/bE6bX5gIzJDmUVvNS13//Evn/7n/87//I9Ped6NDNf9fu/KvbNVHmF0DLlQHbbcj+6zlBwYHkaFOivcthGUQcPBmD7AYBYgSphNPbqvvWzXgLpJG2AxGseiuUNtvjyiQSiNfHz39Ie///af/+Hr3/zy6e3D4V47d/Y9lXSnrJ65YhlCEr1Lm1J3bN21dVvOkYrIZ0vuZtV+WHRomacy8LArB7hStVEl9TpuEce0ha8yn93UCjNfbg2Ddcvdwo/kuHtPtctD6HE6m1CNzi1B1u3TG0oAZJC+86zswRc3cve9il2dnbz66RNose7e50njw8OKwz0kdBib1pW4yt/h7ibr1lnVXddE4CqbjVeshJ4f3ePDw6cPHz79/OGI+LlzV3/8+YOR77/5Mtbxxft36PPTp49rPdz39vO5eu8zv3v54cOHnz+9fCHhdns8z358c5g7yPPcXZvYbLfphgxQDFCfXscsBEhVy9ydR+aL26K1SPMAKqwA0Fyl4vZxLPTc15xo87AOg/ccjAozB6jqnk24ZjwxdpQW5QTdXj2a7X6DDL1VqW4yswVTqc/cbodI5QTMhzgd6Jq0YHW/4hyq1Q+32+32QH+e17vBC6VWX8Exxpj63Iwu0MyNqCp4mE27psKMYKl77+FkEuVutXfEMU/O2m3D6ODOTFsItAf+9F9//PZXvyEYtM9V6zieXz6Z6Yu3b/J+fvjxQ9xeHh9vP334MfPl669/YbarXzJfpLqfJ91kdONU47sTHmaiSajce5DS3WODdOcyWz0JRioLII6RiydW1K6de5ONrrRZJ8ppYUscGwDcQkYy1Drzzt5mbn7MHZIYQt1gIrcR7qjOuqdwOQWbuWzNu7cKVRPhqkQb6XTZcBqnvxUwa834aFzgIS1gAzKj200U6iQYcbivYWIHXWFeq/Z+eflMA+hm8aKiLUdX1fJldLcw6bRVDPnKEhx7Z/bO3nufc65pLvRCTOrJAbbamzSHLOyQtOywWAInGiLuifmhOvMOtxKq02TqM/sefQjIfXbvYUO2nDzmySWtQpeq9cFhi4+dmMIePR0DLJ1XHNwXkZm7WjbSqpRYWWerIe9XdaC0u87utLhxHYMdG5hB9e5KtxuHqTht5CmHk3c8g9mVN3fwIH1XEXCAmLDTBkguN559R2NIpO6KoYlRME2yQ7Nh5uva2a2GmG1FmcNgmLOTe8xamk5hYM1hFhgyLVGggxqiCw1dtG7d9/PdwpcdcTGddndCtfyYmX2GiLYw402tN09PlT3xrrwsHy1YtIpid17vRx/YxI2+wEl+Txw7Mcep6WZefC51zZpqfpdZvavSrsh1xBGUwXZXZWcqK89WGjSWBDUKLag7wlEq1ZCGRkOI7ijtRlunWstshifmbqDCUOohabgtW0P3n0y8O82su7dOXU3KbiorqRrgTOa9q2hLzTmjjuRSQGssrSbSLKp7eJdzNUMrz3tJ5ofjqFasZXDnMTKOzDKrWPXy8sFpWZk98e68n/eqXVLVVndlCjrcvJ3srrqIJVRlknyFBnAwmGYw62F6zwHHMOjXclPuCfiuqTt2Q00RWbv7NPPOVgusBtEb5HAJy6o7MdJaEBj9monmZFaRzlZ6+fXa1s77uBdGctXSVlXdlxXAYl6DeQxdUNVFw+Q62nwyRj2wt+khSQJ27fkcZOXuHHaFII0b+DLTUDb4fVHGLPgyhjugHLgjpFF5Qn31EEyXLAFwM/UAPQQwu6qr1OhTGPYrWuW6nq8T1SR6Lf8rqzRr2KFHdj+f94/Pnd1m5AQ2qsfsOobp7HIStFSZWWdVlcVVh4bQsBWzDkUhOWi2LpqZO9DVPb09mF9Ud3fSv/323d/+zdtvvzwOb+WLVGawklmbeteOtZaHZK3O3qp0cxj6+jTMkMNnRCSJgzdToSVi6wxzrjUOpN25rnKj3C58Ci3Iw1KIo4oVp1qq3FUkze1eqWonwyJocbupUjSPOM/89Fx//sH/979++un7j9K89pMYTKpAM8QRN/oyXxHLyGEfCdbXdCl10cpfa35XpAdupuE6dKs1/X7aayPb0FWlmrDatTtqrbX2vnPuHobpomUV3H75q3f/8Pdf/fqXb94+HuHGTuMKP87zrNq39WAcxSNAscuB7A2Gb5mxcQp3EKoFWL5eV0lzW4WiVpgLL6mO8IhkDZfCzdxhE/kA7u6tSosA0KoIEeb0VhFuHuPOGcIBMMd6XO5JX6RXa0pglFt4C6wEIMqmXqjMurqCZg5V5UuZIR49guyX+/PefjuWhPN+9rStweXha5G27ylgrUXUKSg3eVRlZs9yQIS6JiZbXUarfbfw8/mnLBC11uOu+u77vzwdx1/+8v1tPbx79/XzvvuhH77/04fvfv7mm69++zff/umPfyT49S+/lXCs+DRbZOCs86z7Cna9uNmuOd9gwYEkq+qZZg3meRYN16cIIlXt4TQ/s7ubYejOOu8n2hX2EOHhxzTY7nFaXbqeMyv7eRZ7JI+p6ZpzriDVxXaPFQ+lGqzMkHnMIOBlvxA02Vl55l5u7g9+3HhZomY4OVNWdcvXbcWxz9Ppj4dHVPVuWUTUrmx0kzZ4GFwllmFvGI/jmNLVcdzM49wn0QXflV2bgtOzt4Dh3cEIwuHh3pzdc5ojfD0/n4+PSR6CXu6fP3/+LGPWvj0cX7x7e7+ff/u3/3ju/eNPP757/7RL7754/7vf/+qLL9yPj1kvrc7aU86r3iqocVY6E9DZs6Wf9LHB2WiIDV1MQuXr+pdmtnCrllmxqtRdp5mxCkC0cXkBY5JvlbWTps5W5r5nbrdwH6j0SAAmf+CBi3ZZ1fxroVskrPukhtXD7r3PmjyGGWi38DBUvs4sgWipOqvOUTTOZNOnYi3QzeS4ehBhPvYoyGyoXpWu/ZL1vG6H++1ez0c82dWPGgnRuq0blA4+31Xa5iP98GxJCn84PGDrWLfjck1e38aIRZG2THSbFJBseLKS281tk535ghpbbAyMqHKfeBZaVbzquGSZ2/ILCb4EVD+3CnYRNAk6gNweMdAZkIDNj3c27NUwHhrNkMoYDVGcHAga1TQ52iRUTfQ3pd11r6rM0+xFcXQnKVzEngbLDEc45MAqEGZd8uVUt+0qGmw+/GrVQMbbjAEQsuXenTs3jA5UYQxaxWooq8hnNI2HLEr1kvfStmyJZg7S41hxoAbtaxw7gFiVmkOFDI3z/ExfTTCdAeNhnCgc1TD5imPnXmGqfdisodsZAAAgAElEQVRt+Ztshcmtduvh6c3Lyz3znCpNlKqrp6g2NLmgwa0vPEbQ0Be8H2Fj+7qAn44VZOquruq99/lXnmGrC1s6Ycv6it8C6m5pv4Zup5SXDYWxykopmFhdVZ2QZVdVezCVMixfc29WWdMiwsKJqInp21Jbw+nDkay6kNkh9a7zVcALVXWeglUEkW41B4IhqaGLY8pziqzOwpTRrdSV+aoNFtR7382mdXoQy+bVB3os3M3oy4+sc9cZr4en2bztfRKTqLf7c+rhdjtW7XI3WGfW69WrrxRQS02zSbMp/Jg/gLpScA93f3n5tCtpUZ2EYLXbvDGlkwmba5DW4/ZUqi3WIzR9nbuFQ4bZvsIsFift3ZqHT9VutPrM3gDorOpJVldrBRq1u5ze3U4PX27MTHSBvasCkiNzIwSYm5EmpcSWTbBkEDu6elM99DOiDVNOvZrObq5ONdR0wMwda3BDM32c+Xl1ojP7dLUZs07CZ0wveqk7szsxl8NJDqnMYlcJOGJ1S9JVLlK62W2tqlxutlYlKvPlRT9/OPd9m7HB+UMLKBngrYtSqpqo2e4uo2alyOmnSeYuDcZYUye6UPyGyUsbrCQY3KyyWvryy7e//v3bX39ze3qyRtY0hIUNzRolYr2yONV170ugC2uD0X1ILxOM8R7eBQblmvPDMIfkFDVUOZ/8FIzWKErkgtDaVBIjyJEREVFnltLasgqwtR4JN1pwtZuafsTPL5+++/78n/+n//3fPj5/fhl+2t73PLe64bSZuFhcvHKaw6Z47rSzJt3eV5RfoupyjcXgcqdAVPPEb8Dn1KDZBVzfWU7BkDLOMygDXurl5uvgxIrjePf12//23779/a8ffvHV49un5Q7HUp0FP+LI2sPZrAR8oTFLtIgwsHqbcG6sFcus1MAxXU5joKlMAm4HI2hra6+4Saepw+Is0Jz0rCIVEab9omeOzZUu2muDk2Y+C33ndM40ebPxsI3Xfff0r1wTR4dmxc++Q2Z2CeZUKRlhVdmWarif6hO2zNyXAyT8OI5YsX/8GOYlVScKYTG1FzV2ZtYOe0VYjVli5MK6HM7h7EkiCVy3qozj9uUvv7l/OuOGj59+fH75eDse37x9a+fauV8+fc6qn3/+8I5vauft8dHXymwztxgr1hHuqZ1tzSTD0NnF0tO6Gdl1ShAtW1J7HIn9sk/Q4JGdRDfRr9chMhp15h10wSEPThkglt+S6hqrQ0NqysgVa8wu6kaje5ICYsN9/DnjgPLr9qvXDlZndU3A1/1o1au2HlXb54QEeEweaQiHWZUPj7ewc/fcXji6CJGzXr+yl5n0Xn7sTKksQkLP7NMCPeYmeDjUbAdACW61d2F7xFq369ZcmZnH8fBwO0Cuh9XQ8/On1Hl7OO4v9z7rzZdfA4sr8p73+8bHT09vnt68eQrY+7fuVqVdmWSBrDxJq2vZhazOPls7c4NxxOMkZ6qaKKIkW+YzLPCIqhyUzcxSh3mU2d1nl+LxkRGCTXMiW0NHGgz53ufZu1oHCJbBphpBPkxU2ExgUbytW1VupS79+d6FApZ7OKUe+tlA3WBuCBqpZo12Y1dl1T3rhLNh4YcxpN0so7E5+8qUYuZegLolb3CncnesUJ/7/pG3pntXaRG+sttENsJX+WpV2JGZPtMC6nCV6uH2ftlNwPLb7XiEuuqFKjDMbqSTbrQWTSZBbWIpE+zuzs4ZIMDiFalm/z+m/q1Jsiy5zgTXUtV9jrlHRF6rUFUoXtAkCLLZ0jL//2eMtEy3kOwLwQtAEEBVZUaGu9nZqrrmQS04k48lUi4RHmbn7K261ve1+sp7qUMWcZp/zbWXpAByqpCHnd0NPVNzQ+AwE0ADaUGbeXPmMxfdkNpTXTWhXB7dbeZGLw0ILuZk9tj3EY9iCzaffSOAKlkKk6lyQsZ00v184YcqNPTY2YL7MrKZ0rPrik7Rdlcr2R6+RtzhfiwfHA6zrxJoy2nDX6pGoQeIFKzoVc+vOErlttzXwEZNTrPuJkC32ps2colUPzd2u6vrgoFY6N10hrMtbMEGEO3glvJ2vDgOU4Q3Ue5HF9BJ25g5LBTSntRxwEfk+fRV2XPETMGEZz+DhKG6qjeIwDIuOuZfVxjNYbLNIwjsfggJoFRydfWkYAxY7oNb5JCMEFnVqIa6O7MazHxUNY0GNswsZKsVYQstczd6dTqNtprPWCPA7mmgcgJnknbWY++pOBZydAiQqsPNE+lGPN+daWhiBcMtIGxdEMOOgdg45xSuVqW+kp6q5TDUM1wCjs1bJRvcGvFkoQgCdu+s9EBnOhfCS/lImyBvlszm5z6dumgB2+UWR/jApOZJ3oWN4TJIDdBUvQWb6BhNV+3oW7hnCWpbbIGDexfUZSqSQxpEkdL40t3DzEs86NUlNdndKSQkMzOurEZPaSy8qyqfP9mSgJkq1UR3NS4avKXaIBuPojysCh6RXabMfADUBPNGqTnWYTPq2aZ6YhmQBLJUtWOkzgUQNHv26Gbz0OqejvqWik61SGu0yas7dfVTG9fqwixoYaSyRXLsXc+nF2jOw6LUBvjoou0EUHi8X7gukLbWEesY1NauzEqa0UKVxBxyRnAocIzA7En8AJX9/Ma52Uhx8CQhzMosqzmYoKpWk/7xuw8//vrlx+9fX86QZSE0e0i0Dx9Cmq1uTzqeN7nN0Pnwo9UuecQ8YPk/PhpzvqbGxDbeDDc77HyOwrva5OZXPcKedVFDjQElPK5hJZFQNxRxEgHzFaebg+YIeN/v959/fvuvf1t//ddv9/uDPpnGufJPrcphDrOa8cQTXfuUtHXr+RixCenvrsvQ7mwNpLjm0Gvs/spW/1qtAU14Ohn4vIppemAYCniE26RBrQ3+69/+6l//29/8L//mz3774+3bDwfQs5B0BMoN6zhiXIHCnGgzzKRm5XLr7s177/SHsu/Qaf5h6GfLnm8JwmOdvm4BWd7DD/Sxwt1sCaATXsrc9xaBaA1kWd1SZu/0RdK7kvORnSchCfjIws3CzDWyiacHHaiGM4zOyW5YVUHtHjYWJkDVjfblQu16A1ZYENrX++M9F5eJNje8r7/mfd2l+dM10DEkQTyzROoqQGjSm9lVXOuwFefrx28+HOeH856APn74+Pbz331Ytz/+csUZfq7j5cOXR7798vOPP3zK0+h8PO5X7b7c/Hg5V1dfOxt8uR0fXm7D5nMzoTgn4SK6ZXv3vVtmh9RZmfWeezbQpOQxe7MErWvv3mSfPCwCNgrN0kyBYW7Hs8MTx/kcjXfYEbEAQAXtyUtIIqu5utWqnDkKrNurZ2Qvap66tuJYxy1sDQDUDK1KldHMY2ey+wBSTeh2vrp9rsfu6s7hgGogWjnDc9h8vd0JsDLx5EA4zetKgaTvrq87n8lioIFs+cSbyRV+f7tuLx8E7crKjnWaHxHH7eWj0d7e315vL7/5zW//8I9/erxd//3v/tbW+f2vfnhcX+i4HheJ97e3zOv1WGZ65L6ud9Jj4H4eYFUXYJmTQCuhnWVstJmvWMHucHOEwXdfc3oxTuoCNSswaGxFQ1i5Kn3dCGs92XPZuyur9tCu3ndV7jLlGUGvFlish3sbx1xprTpgsKh+btGejEeVuLzasVplYqwXswUw+ys7kYXOQlbt0lUoR6gLBsJAG84hDE8OyiTAmRSpkKMmWE1cj21DLOqq693WuhDLloNZqdqFalBt5qsvAO7G5/Wp+7Cb2c3cb8ftXK8Uyt7UaTRW+DrUxggpuySzXQVsKVs7e+/aT/UsrNRdD7cA25SCypbDDAsGh2deZpalWTgHVmlPP7C60HCP8CAwPECAbrr6yu49GTTTs70gWzxaEKfMtCgHhmqmKTE60V0i2Nuwwg96wEnIiU5ZrK7dkiEMvvwMR/ZQGCAECSgly56I+M7u0iaNfoSfKxahCHcuQdG9e/foesAag/tQATobT+AIGR6hrJlq6alyO82PGTHsziaakbUd7XC3Q0J2ASwVewrLu4hdMpm7Wbmx9uhlq+kefpSuVjsdOI7wQt4fV5Yau8DIunIYmWVjaiAXh2wjCTVYDDMrPlsOohWfQPKBmjVk7l6RXd2qaLcBlXfDurtZgKrKgxELucNMExFGUyQM1JXZJbTgpsysbCmAagNNQlbHctXAZ01g2JFNYFPWNUv/nHAVVYUi2Y1duWu7hZNq7sms2AB1yWrzgFS993hwhM7hHiw+sakyC6ePMmyaRrRSlXpX3bOMfmNbxDFCofN4BWtPwcuR19QveGWSAxaayXI6x/F2+XHrlpmb4coNU1dnbgEOxuHhDnirPUwjrFCL2PtyGJ4HXgFFBb8WiBujr7VWKrPFtXz4rM3EvpNrGldVO/wwszgORwAebiIMUXnPqlJW7XBzH1nQMtCQQFsgU91d1chc7jKTlK0RUBIVK9jPmsvOR8swf3eAGBG6LX91W1MHIdGcOAe+mmS7dD2/Xd2AiDKsnkneJcF8ZNLdT6SvKvNBCB5s+Ap1F6v6UZklUT7LgvoayHZjdT2r2L3ZDjrjZIfHUQ2q1jp7bErWV+qX99oJM06MciL761i5r5197a3KmEMROLp00MJbqqqc8sRUJb4O+Qa/i+4O0gY73opwo82X/OO3H//s99/9+e+/+f6717iZaicKrawKH5pndHVVt7WeAToYx5H8lRuiNqdKjTJbBmMlBt9Tcg/An8domtmiQGQBBs/GtfcRFmZSmls2Uq1RnVcSz8+6mwMefpznhxH3EKjab29vf/jj/g//99s//O2fqJ5x4v3tHV18moppA4QzNw9OKpLUODdaEIymmbn1nisintjDIse5OBMMPQ2N83OHTjdlLwjGCHvGh2ytdcCwbufEwYL2zfef/uW/+vHf/s+//Se/+/SyaNjqrh4jRJ/nLdK39hQkp7I/mRZCXZUFN29lYtNw6HLvlCjXyCHURjIiwmgE/Ha8LlvV1/JFYJk1QuDh2O7dx84vpDvLnO/XnYKHQGVOthAEYZYqk4ws0cyPdZvHrBuvfTXdhOYDQvGp+3jei9RG3M61S4+r5h8CZubRY6LZORv898f7589/uva+stzM4hwrIJ1EX9euyhnMfJUFcsZaJCBOls9iaH/9ePwSb3j7+YvEj58+/fEPf/rVb3715afPgL18/MbO8/3tPYzff/rI0suHTx9e7fH+ixndmfuR98e6HXvXY1+FlyPWGYdzjry984GGnw6yVLsyM6kLxqrMq7PaVhDenQdX9s66zKPB7jIn1GQYfApUlGpAmcSMrI91mq/WfBXCbQLC8Ek2zxXWSLogg5mdqKraw7h57O1uZBkY5uExsaQVB332wVa9Wz0y6K5dERCXxUhpfJmHV1aO+VPNMazDzCiGmZnFZG3N19C5nA1ahLtHaaNJWaOnPIZuPrPslJS7fC1RmQLj9nowzjlqrzh/+OHXTEF8XPA4YUuG+/t936/b7fbx44f7/f3zl192lgH7+vnKNz3R2w334zgyL7Bhlb13VnYey93cyVFYihbHbXQG5KTDqztRKRo5VmAD0dmCHetF2oaGsaVCJ8Saoh2rK/Oq7ux+f38nYMt0vRUPsyUU8GjlEcfONMIjdgkDSJzbNahO9aZzF7ML0rK14jV8idjqaDc3GLtUuSvvTo/jdWB8QmajkTOZZbNYXd31gGH58VTEgZkpqVSlnOVAqXK/lwB/dN1fj1czh3LnldXjfli2EkWYVdk6DpG2Vhxua/E0hkFmZ8OI5xuB5tkCbOru3SANbdkkjwkJbeysZyTYfZ3xMpYb773r4XTIn8dFM/dDKmJI1xNQHBpYmFn4ARrMs9J9zoOVdWVtqnelOEOzlXVN6AhSdTaw4tyJqsfXXivMDUB2H0GzNcKirza7rEoAu5KkzSiIQSA4Nw0MqnvGTGSLlV1ZeTs/uL+sOD0O9ia/Lh/yfWebcVfKw20JbZzAWEpt5h4vYdHdseDPHojoA94mBXMTfOqf3XJH2DETEomtYmlM05CufBfKeVTb80zrYLmH74L5RLN1+Ap/KUlCrJOPL5OPiX1dAqpyxA3EUsEjTAZMNgvQEIehrpLM12kEaLJUqmWD+w7WpoWBXb2D9LhBJOFQV7mTEL8OFYyIMIOpPTtbacQIjTHEy25SVc8bQnu3NO/y5WEARiFPGi2rh3Y4dagn1wI5PZBWgdy1IdtXde+scg8RyoF/P5PQmL9qZ8OK195GOo0hCW22SNPzo8WwaR6qNcd1mpvhZhYQy1042FtKEik2VHVVl7tlykx0ZO29GxQdud/Nz4hV1QaHsTt3dRPuC/SmjXaAJHQNy3bn1dXNenJa2YRB5XYET3aBWWhaAMhKkpl67uAxW9Cr24QiPZ6XAXOEx+Hm2buqGAtd6okl4do7LADGCqQJWV1E4llIiOrUhWMdZlYaDicmmQAOZrREJ9hPhxMr0zyEVTX//iWUuqgebdxUDzkrwiqMp7azJJsdTr8DzjifpzrVrgdUk3nqbKf1M/bfWXnt+6wYwECLgHs0UFVd3bpa0nCdK52EqXJg2E55kClT5vXen3/Z+XiMBhY0XwudAHzF47pPAXVn5r5sdHvL9DVa5HQas3IOpoUexw7BOZo2v/7qJNJagnSs49sfvv2Lf/7D73/zzcvriZnc5xOMBUuWu0WpEtlVjkW6qVUXYN1X29md5uq2Uj4Dc+YqFrXVBnWXM5a/uA0JZ/roN7fp9xfIhjIfbmoFgMnbeKNR2Tl7uSqE+4qDcLdFW1C29i/v9Z/+pv7TX39+++VnzkuikqqubDZaI+Uc/k/4ogc5C1MRRmVB80mYvjTams/uBATHsIEanPVmz79fd4H0OYAa9XwMlJuviJGKrePmaxmROz9+9/pv/s2v/81ffve7746Xhco3QEfEvh6xbPitfLojkzR/AmrRuUtz7VTqgtrMG9fgX1MP8nSsbrFpFqC6Z2kbz0IOPWzhmes9hCLb1tlcuNeO97w68xHhBaZyX9v5rLm52/ztnwByZ0Q43Y9F2O4uYZHs2FfTORQUjcgslk14UAannTPT+fpKbMzFodW326eXV3v9+DjPn+m2C8FJqGOI3OOTy/lZnPk3vsa4pO7wGGxwXQk3Sl/++AfzOI7jcZcr8h7X+/3bb76N8/z85Y1Rn16O//J//c2vfvPbf/ZX/zLvX/72P/7y8fXDp+9+yH0dx02qNeSpbofCBmfehDeUsMrYjupHZgFWe5srs7MF2v3xvtZRnbv2oNUMQlMd9KPABhpuVHVOoUSd6nKCE+ql3AJOZ2Td1Qw76UWUTCHvSrWSeyCTWbX345G5wdq9q47w8Ahb4Us9KRxb5t2ZKip23a9r+3FGRJWI3A5C53m+vnxYK7vw/uWN0jLblU6as+eGJnZV2Dx5GuYRVNWxFgxdD2MvBDCPk5rJhqZiD5h7VkH94cOH47D3N60juuvLLz9/fHkFdDsPgEXcH9fPn//Y1J//+T/74Ycffvn8+eOnD7eX14Z+fHn93W9/9fvffffx4x/Rg6sKmdgGt5mzGbw7u67nxwQ0D/WU7EkA5tUzFbAq7kxhw8z8cFtGR8NmvsXoNlpPKt2Wlbr7wTEdNyyYu3clRaD348JxMNpaoNBZunZtXz6/lIil2jsfJM1jFm3C1BkbVgRonuj1XKJ89fRVz+nT7aAt99VAo7qytXP8iT4YmStzL7+deA0YiOzM6tx7966+RFkwd3anqMf18DgzvwDfHMfN5aNJbajqf3C3UIRhma8uRBxh54ozGNkPzAwN1p1XvTurL61YYSE8c7USTe68pcy5io/GozXjNFvkKC+qW7iaUR00py+wHN5dlDjF6UbY+oqi9am1UN19lURqqoAD2UylBFW7uzmy07WMXX2BXhWqGpO6UQqnW5UNcxrmkJktIFpp7o9+iFldxzoaTHWQYacilBvsTFW1BDffVVXJWCvOpxFnLYCiN6q62FYyj2PXpayJMQzeL+Ig6L3c12HL6FNOMnNBg+hxD4OXSiqLI3RqX3MkafiUUo/wUoKk0eeJ3mVqMbNdk9BuFdphxbrqPp8xAW6+/Hi/3oaNyzJ0RdVAa1tsqK8nPcjpUG2pnXA7WvaVpkj/ajifa5Y25aGQ6esMPZNBuWfvY7nLMx9QmrIaa/lhBsksThwNZImZ913dNQyXLH3ln88P7UFtlSFR0+0F5KMZAkvPDO80r8cURuOsqDCoNlZ3X1ka1AoJiVLm5YPj6zJqrcDMpQ1Q7bybreVLZq3a2VONmBmqAct8wDXNqrqO9SKkcc0J2pLubmV7P2SYiBHdcqcmiGPG6uy0sgE7+qJxwdrJXY8wczeVzL3b2iYi06S7n7C69nb51Q9MUgbGalI2Z+om6KlNCZpVjc06N+IYNXmpOJQ0dSxrDPjNSGcDlDHk0Ix/gKF/PgtJwwoiANeI0Isw707JfK2JJ7mxSTW6e4WVWkhyzuVuNHW33DzMrHUNuGequIb/cUbLUpE44tWa2Y9WPk3d5Bx4srdRXcfwzQcmu/MiZM6udju8y826p+xNAQLRDbobu2G+3MJW7LTc75XbY3GQsq3jWOHjDDYave397fNPn68vn5XXyFIPG6SIpGZVzbesejha6PFwDXC19iyooUbNm8qFfsZ2n2ekr7R6g8QmIBzrPF9e/+y33/zm1+enD4vsvdOJ6my50PkE3K7qbCUFcGDYRZVZzJ9CvErm5miKuuo+E5cZtD9ZUgJkFNSaueBh0c+qBmZQah5AAKzK7Oq+3Ac5iBJHMLc8jItc4y96f7t/uT/+29/X//7vfvnDP/zS1UNZ2fd3qDVaLxuTwLMkNnBSwQKUZBpW62D7rgnNmbFEjId2dgHkfHqgocSq0ZOFrhJbs9Pzqfmx13F6RIscExvt0w+3f/lXP/6rv/zx97/55vXFe9+lDSJbZp2Z53E6j2Z2d6NKEkPmted84Eru7hWyYQ4WE9t9GzaR6tgp53m+nNXWKCfIBEwyCgktX5AbpuUbs5iOsGVrvXhkXJnIndmCz25nhkmAnGFm9Fky2EBLYi1RVT2Z9eNYZJgf4/uIuLkHjRG3Fq/q3b33wxBZj92Puq6yMFh3R1xCX3sDWGH8iuAaeJTRYMHOfv7PNuV799CgnseFNxl2Mw934nFd6zhurx/U/Xb/IqkLn7759u39PXM/9tuf/vBW6K3e8vt7/vLL/XY7unfE+fpyvr2/+dTnF/8HPnX3vKKuFoRL918cTVvHepkqaHfPUp6Ty69ET6H0oFzAOm7hq1XVndXLrbsQIvxZm4YT3uLcsSPC7Zb9gM13yNQ7fP6m3H1VZTaGclDCI/eVc7XyOI5lTtG1aB40YzS6kVe+79z9NbQGPLOoub9ErGu///Lly9v9TUULtws9NgibbVU6JhDfOI8qQfQGeU4bo6XOPRHgvAoQZFNXnEc1jb7MjJ1VeVWplK5YZuja+71q//LLz1n3D998WsdxnLdfPv/8/sv7r359fPl8/fTH95cP53fff7Ov+vTx5ftv1/nahSuvh8F8RaUwBfHGE4JhzULtOs8j7DQeRxzz9pEMoKTuhBix9r5X7hFKltI9zD3ronr5EWGaSlYco5TtWW9GGMTdxj7Cuwbb2pmXxwo/t1B5lycKNJ+7cOVVXUZvpbSzymiU031mAdX7qisyzQ+niW50s3BbxgNkVRud1kbc6z7pmurHE9igLYCMzkdjLu33+74e+/F+/yVWE1mXbmf0XLfn/MPe+YsZ4SeI4tAkmuFGN4bb7tZgM1YcR9woupvkqRCfVp3u4kBsK8UDpJSpmpHwYJdlZhbYaTxpTq5qdV4NxDMrld1NHDOQJxwKYBtbCHcDvfajNYzpeWl72JF4QAy7cdnmtWsb8nnR6Sfdx9dpWM6u3rvfshqyqb+ZjyoRMNewZH2RB+ktmg++Pyzmq2HdtGXsmEYtqwEAVO3u8ohzHSWMpJyEOmWHj1+Raoj0blTWCp8AdsRyLpOt4wMkU4ctyuFfbZTTO6VoRgYmws5wP8yWbX9iHc3HzSLKzSbfa6LHMtOuq+BC1Yw70TsfE5+/xc14ruMFopFxrMj4cHsNKvWIrwFBUKMSGcHWc0wilOiY63CrqsPg1sZJXMliQefSsr6/7cnYGK2Hg+IsdY2lwOHdDdF9QThWOEgGGuxLjpQr50DB5cBMyNEpqlBWEczakwx3LmfomYQW0SSqLppV7WnMqvuqnVUDNtEk1IEV50hxzNAouoO2q4iid1iYL5pLGO41IMm6aOYSHLTgNHqrNexkQBAys+vR7qiB80ySXWvFtS9Nt2NYtpWDL5hRL2g9G/k4ZSEi7IC5JNFXaTSU1W0G97kpUP1E/s5rzsIIVW3iGfLtrtQ7QHWDzZbbi/kizKDDD9GFzIKm3/AMO00BtNrK4c+khGY90uHeMjMMaNWH/U6rmg7IfFKthn1ha3CbwhZtGAOlnnF4gcQcQqGGxQoe1YKre5cGWrfM3MSJfKO3RMeNNPDRSgFmTbGVmKISrSUWGrzG1tWilRoN7io3X1pUdbc6SDSy1csPMGB0X05M9IkwVqlb5t2ai8asidxI+Jau6reHPn9+7OzwY3lU974uN6NjkivL1q4qGg2Z2V1UERiDCZDdoJuZuVnDaJoxNZ9j1Kl/mZlJRTcYXz/d/vz33/zqx/N2oPOxcx/BrBRlZq2RvGZ1hS2PJXXlJhluTusniUvCnra1NGy13WPIkZuzG0Jf+33hOGINCzgR8/CnGTS73YmVVyGFFKt0ddWUX1Ysgm4gJtpqEK/c//0fP/+Hv95/+zdveT1gVpmqS+jsrBq06GLEiGBt5qxqmyZP7q4yMzfOWFq1J2CFiVWOGLLbADV8OKfqIcwVp3mmktgYjySdblbq4JCzG65PP7z8q7/61V/+i+//6T/98btvX7uv7iJw7UdXvRzHLQ62KdswY5nortIQDCfirkffWxXO24o4F4ZRwa4c2lMAACAASURBVDRs1J2IATurD9NRgPDIImEGa0eI1XP9bgMNLlvWuWz1emkVeYh38BDuC6p8qOG+BuwUQVoNOejpWa8ybliERapMX9VJhNNifXB/mbuoUyitNYetz7u2W1XltR+Fx+v5Eaas6/64fnm7Xzsx+XILsVlO62EI+yjWezK76kpjGNjPOcQzZ2K0K/fMxHam3u/Xrtu5aHz9dDPGy8vHR/WX+/vb/ZdPH16va1PhFuftuN2O8zheXl8/f/58nEd3ZhVtAI4CQUNVFrqH/vJsyVspS3BGuGX7gPym/myAcUWsqci73czWtd9bJe3u9Szdq1qzSm0zDzdTCE0iLMqPnfeuqwF0fh1z4nHthqo5edfc+7qux67z9s2xTsoMa/ly8/A1gA20srNaHjEvt51Z0PJ1dakLrWtfUq1Yjd4E3eq6Wpr/tw/mTXguhMOcTjHzMosR+tAN0lgjRzKPbgBGS22HqWFkA2+/vNkKt+P28gEiLIiDdtvbbreP1PHNtz92weBvn7/84e//rvP9l58+/+e8f/fDD7cPnyprRVVdvmz56i7CYrmBh/uux9WPBmFhMLMj4jDGuV6ck1IzwboKaHech107w4/uS+xSC0UraoBHFXYEl4WZGS2A1di1H2CrSkUj1hC31cGVWWQekWpDCTLARDdZa2gHTjsF7P3IvgQN+sJaXRO6sys37d3Ux7o5b/aMgB4eDhh4QTKnbEUfmQ0mmDvvW1dro2BmeVVrG9ej+j3f3/bjsb+srhVcPsUxQDIEaeFelXu/SSqw1QxH7r0fvm5rrdl3QsPCh48aprc7xRhon6bzM+97qfrKvlK7VGHhWOpOVe6Bep90NLt7V03YjGvdwlfud9o2M4fBF6bj76fpyrqLElGzFgSqUyqPcD/YBpbbWVXoL7t+AW/Qnsh6VR5hENwCdezahcSY1zTBQ3XKLWbqb34e6xZ+CLZsEW12SKV6lK4hewIL5kSZcT8fZaWusDjWjYyB+A18AoVwN3N0N/JR15V7dyOiJnl5nEaCbnbc1gLk6qkpA+xWdfazC1XdRY8poxsQIyhgZsEgdtFo5vXMT8pRX/mEYj86HxLY1f114KhRObrjunW5266e/MixbkZcyaiu0SJdufF0T85iJcb0ASKHiokOfwqVDCSXNPt0kgyHbXXVCCOAJxe/O81W+CrBjXOYdA/3CBEwGNzcCgdo9HLLESu1zL3UudUoCl01IQqYA22OHFGeKmjPwaicMKEzH7tKhr1zZ8WyQZa6LQmi1igKIDd5sBvh7uGdZaxRyraIamm3vAHtfdhaHobZTlrj+XyslqHc/H7dxz/7RO2gnQ7ZioWrPeKqR5WOdXRtQlN5acnMaCZaAz6wfTDieOy72QJ7NurZHbH4xLFOB6OqH3SaGdRhATeIzhD21mVywkknzMPDD4phCFvmNq2w4gySmHl5OGxVm4kkwo4nxSx7kQUd7rAn6YxAtkZeq6lUQGaMdbTmueBm7GL3JdUAHIeRaBi+hGaxqK72qbWt3A+qyZl8q+dA1z5zrrKNEb+qurJgUwGDuXEJbBShFsfReO0LlmSFrWf6Zy2iu2BYBLpTZD0/vWGMZUb09MnpzWXVeNQWupWdHTaGFEh5Vf/pc769dcRpPGTH+NmErl1V7bTmMH6nSFnI1vDDjFVNOkzuQ919EnJtbjI2BgAnWSmw3ay6I9avfvPNr3+9vvlo62BXAzsLWQkrch1+QAWwYZCpAXZ1hh3GG2SNCTKouroSTyB5UX74ahmajkWjqs0U5pMCmqDqM0E2BkA0e1fncKGlzn3fdXXW7m4wLNy68l3r9ENgf3m//+Offvp3/+cf/49/9/7+5SExzBvX4363mdu7jE5zg9MCtIZMT76vOksNojmxN0NZSxP4g2AWUM/KZG6vBGtgXwDx9eqJ4Teb2UB1hw/Bqi71eZzf/vDhX//Pv/5f/5c/+ye/++GHb79p7ff3XXkfQ1nWtcwYLwS2HlIS0/+HdmaWSoRXV9ZVVUMbOCKiJxLIoZAaTW1XZXUd8Ulx7DQAGD+fzD2qqU43J5fkmMCJ/OV4zdrW5bYq8E4HErGuxxt9Cap9gaSstKsTtsxNSDFETqDIY00L3Qj3WCsG9GhcxCSz6lirdav3Ljci2LtrF7Z77Czz9fHTp7A/XNfjXLfqgcM+HRvPghamhClz2vwnVWbtjWe+rs2et10CWWTUp48fP354ub+9Hbf1/Q/f18Y//sNPvo7vvvmm7tenb779/vvv/7TfPr2+xnnrspaRcd5e6CbquMU6AsTV1d3GcE9ldrW5YKuUj/1wBi1C9rU4IXSGw80IBkI9kIYVdtrhwga7UWhrZvW1873z8gjIrVZYtCiM2YPQaGRa6rrKOC84tAaOlHvvR2ZLyyNo4Ue4H8fLy3HajFnJKx+YK7SPjoOZmcXbiuzuanM3D/NlscyvK7uhknb2gMZIHw+aDQHU6BYAhXG0q1s24TmqOz1ITT8e0pA8DGDvLHU+rlhxxu1qERYDs/K4v++XV8n15ZeffvzN72+v36zjyNxX9uvHT1dhd365P7778c8+fvPxOChcVTqPM3eaH25xwMejm1fWbufsQmKgh1POXvFqtqrzPuzjmdm4xRH5PtLEzN4zAwoz51oeUxAO+hGHuFp+ATX5dbOyI7jtGGrQWFJVquv6ohYdmc9KbaZ6hsEiVHpm7rrJ7quyGjA7JKj3VfcRLkQ+YN61jdEtd8VIbNwbRXTpQqF6v+8vxWpcJtf1xfgQdNoncLV01dWGL49fXsQVt3qegwVrWpgHqrK+dO9kaNzh0pX7XDFTwrCju+FNqnTNEWqIfI3nvvpZnqY3qa6r9tXvMxKloTXh6AYtVmTmitVtVBrbJwQ53WhJSMAIE+C+3IiCWTUre6fqyZqE3AI85pRsDMNJl/W2jMMcnkBmCRaUtyr7Irj85kBJZoB6OZRF8xWnyo2+YjKNHrae1x98FRNqGWoOIurOflTl3vcpiB0rzI7Tb+Yh2ovblUkhfC0/AXAxy3rfq4tA9m7xPF4ImB3LzljH8tvhIeUT5DqIqrwyH9W182FeOqwniNxdSIO7Hy1DXTSudYaHcO28EzaqsulTCV26+iuwZxrqIxJqSb3fri84HeU0uHv4GSZnxVP/1V2dNOiZMtlsGFDKaVlOinq5m0flJcisoSo11YVubVJhJE0czM+i5oMxH5GppLb6awBRAtpEB5xWKicYjlRZr+X1lCoQ5l3auLpAQ9JKNcvl7AblnM+NLz8jllqpbHS3X9WCZQtdNjor9hR3hPawCALpJnOEW7d1JxwGfK0+qDLtyehQ2eliYwyBUpdk6n3VPg+w+Mj3pQ5f3ZtErMjH/Viu9lS6WcuIdawbZ3yu2rXH7lrCkGxNaXRyFv3WgvJax2uEg2D4V6FygtCwgudlSxFyc5oR7pU0dxx4YnVNxeVr7kkmSDagmK9T/lYmcVkw1cz259q6pvddG24+UBlzUz2DjQAp77qb2YCLTZQQ5NcaHLNo0OS6wpZMBHtaKxPUHsReptFFKKtr1uNwEmDwJqtBQe+6q5NoQKbu7sk7sA1SDkCKAwf1qzagfb25h5vtLTAJG2Z5YRL/OiIAoDHW2fDljCsfDbnhXMBYxjTP++3GVL896k8/4fEg6et8PdaZfX9cGRZDEp+Ks5m3uiudTh99jrKKZjMBLWHsRDPqUxWeRHJTQ0ZfNkt8s/jmV5/+2b/4/s9/9/Lpw+GEuZHHfV8awAMYZkOtLu3S7t7EDnuqD5pdvecGLmDnxZHUP+P0pkJ2AgPuP8YBRFqLo4EzY3eCBTRl+VQ173GcpkqDMlAJrmcdf2e+Z67i+unLT//tH778v//9/e//5ue87t2574/OzWcgSk4zX/QYg7RoizaCBzzJlVPWqSejdIQtMx0xgs/x1ZxfKPwPPn3WMz043Vxj4GsVo7pV25eJbeHf/HD7V3/5/f/yV7/6F7//4Ydvv23lYz+669qX+gFprROyndmB+35QsjiMdMmRTcn98bj2tUuQrBpkhjVoYRXHAXj2QxTgu+6zi+tcBZqFMbrTcsCrB8DoEG8OEMkuEoStWOyViVmWNa6snd1ZDUB0QwuzgKT7mOuR+QBL6vBwxdajud2cT5DZABQbDLchLPpMTyGHnOZV+aj94TjP4+X9H34aJsS51hOjrznlM/Wk1+IJB8rM7pl6QvOlgtrmJdHtNqRa0njEcbud1+Px5f727Y8/fPnl52vXMv/x++9++fyPf3y8reNcpn/4u//auh7v+08//+k38VuzGMZRMD59fP3w+kKza+9GLoKAA6WEXGaFZib8OLSMMQPx3bj2LE9OVbUYHhGBSXjgyDL1VawLCT123rvuUgW7GsdqSq2EddW98pq2VavRU1m1XRBs196ZJT2yq+m2XtarWbwct9fzw7mO5Q511y70PA9LTaK7jIy4kQCbslhH1d57OkRSa19pHvQ0CyP3lSS70MLk2yJiPFbOsLXmT2fh6hrJ4Qzthqho5t1aK7rqui4P2rKW3h/34/Wb9/e383aY0YyyDW6iH+9ffvrpDx8/fo/D/+6//c2HTx/fH3udL998+tBdsY7lcXi666rNa8LHMKxYJ2obc5kfHtWikWImj8NaQ4w5QK+vd3uoKfdY1bUirupRyM8vHkGbXSzNjGFh4OQDly/kpi+xabFhj/uOFeZgCWR15vzO1d1dqMO9UmbMjuYMITziqIZzjEZcHlIHFsDuNKYqi3eaS0ptirc4/ZkbW/PWAVkzdlY+8r7rfvpBMxpz383X+FuAul/3vN/ROlwGwYdl0aq7BvKbm2j42eCu3Wq670rpzW0R5raghlV17lLEgeK1723K3BPxEUc8osnwVu+gG1lPuBzcVkNVNBxmVmRXk1yzrgGMN6mb2jVJjE1T1aDW11f+FWlWlbSISUapGkmGmNVN+rKPYpnlAw8aJANdbf1MVR1Osspt3DuXzN2DWFvgOhinzM3P8PjaGUPWbvbsBh0NdPFpw/WwrMtNy04iItbt+ACuR11rLdCO4zzO2zjr5ygxxI4Z69BY4BEBLD1NykdjQXp60IeMVruUsL7qrXaLi7B41lIvNcIcXGpCRoQZuVB1796tnOhGKkt7kpSkhbNaBkthd9+Wl3r3ZVzWJDrMCEdHxETYJScFVTdbcD3y7vbcU7QuVRFUz4qigXILd+sqez7Dh6PkbGW3eRjXczsjC19DZ4KwlWoqDF2lgYQMWaJ82oHYzDLzC52VBjlQyMGVqESYanc9HNbSrCb8aQbiQODNuIXH45rkk3ZZeHW2LltrGUsFlDuMiSqGW3elmTttEZZV1TWi1urMSsJNXl7b0gupntD943FnOIDH9e6mQM2dDJjDTBFN9FqsR7n1mMhWmJl3lZmLytxuPasFNede0iqad11mqwtVdRz/vwO7KRoaPMj8Jms8MnAzQ7erWrLGMF1HMGZhbuFTn2qh6fB2def4dumudWoYJkr2RblbUQV10J6XV0hKDTa/dj/zbGGDYxSCq1HLFt2rLtKWz0aIEmvS8P3UHRhsbGCpSbmxOqUeqtBQIwEZJlM44jmqsdy7JLaFqVIwtyCsMYwNrzLEoX3RWJ1Dndp9ufsMgwcXl9WhLK+wHvdCVbvRbUVAVNYmPHNXKeIgC4pSfnn78vd/uv/DH6/HI9fx8ThvZj65t56WSFhtdKd6Zz4qc/hYkibewWEW1TRR9VzO6/nGncQ2R/0VPiqNdZ4//vrTP/ndy29++Pjh9hIGs0gV6K0GuKjlVl3hUerM3ahZJaiV+24+1VqHkbBqodue4C90F0fSjE3jYUtycafuYS80F9RD3EM9y5yk4FKbWfUe55bR3VbD1Lr6sbi6r6zH2/3z3/zdP/5//s/Hf/1Pj1++fJnGSWV250jj9Tw8km5zqHfZgD7moqpKk3a3KkEgqK45ImgOuoDAER0an0YZ+LgdQWI+wdNp8xVmKDSp81zuOl/O73/9zV/+1Xf/+l9++vNfn9++hmNnPlSPMEtjtkCsdbpFa6NkZAsq0SzoZqcjd+rLzqxqWO5qVaZBRltn9LLL3Nw0Ty+HCr/0zlRUGddJHka51uOxaHeHlZ8NLQgoAmHRreoGnTRXc700AnyPuojcXTOKg0qZPTVzc7ELQifQahdw1W7mWvS1Sv0cHs2BppjZNusCt1AIux8dvpavyixkX/35j1/ykVkVBj8WLYhZVo+FUZQNR8QpAL2vroLa3NQYngSJ2+0G2KMeMJ4vr2T88stPt5cPsPWHn38ie93wy5ef9lUfXj7lfvz7//1/+/zTH7/7dP7y+e3jh9fa13HY2y8/fXn/pbvO5WdEuFX1aI7YlAGFAq69AYZFTOUFmEhpRJD+fp9l/gHQZzogZb2D0Zg9bFXn88DW3X0NE7k7jQZV5pU7U1d1584Uwpeba6ws4jgcqlTNOTg43elnHEe8Lh5QP39FeriHpBpyH2zCgQl2y7jmbZ15vb29XfdHpdS2YrllRFBMG20WgApfY7DNLqeDY1mE+bxgeuejWZV7UL5OIzl+THBAkqbKqjx8ncfr2y9feLOIdazz44fvv//mN18+/8M63vO6IuJx33k9fv4pH9c+juPDp4/n68v7l7fr/t7aQpP2fj3C7GZ+7XJLF1qmdrfzaXA0y1Y2X47VDVTTLcxqHWRlXgOZciKOxazeNhLS57n9OYt0s3APo7e5pDDAXcZUSgqPtJIYhsGkeZzaGIFLrJV5qep23KrTZaCPUvB2fiBs73tQEqq38XCPJqq20Z1H9TVaJ3ASsOEeKnUVKIO5R49RtfL+eAN7g84yKevq/gx2KR/X2+N6N2hf+YjLzd3CY82FuupqHJCJUl8byh7XhgwrAkB23T1IsGuTBWrnY7ZAua/MS2rzw81l3pndDbjZSTzVokaHeVhclWys48jOcEe5Ues4jzgNkLIrp9G7n8DbRoT7qZYhpy9TleErm3sUPhC5wINcUJm47Gxt4GrR1HtrxW3FSfmQPNwPY1MZhMzc2S0gVtiKcwI2IGEOUMR0easfWQKDNKCMhbyLyq699+08HAd6Zpy+/JV2bu2mjAtcEZ651eZxOnb0CiFrmxgrBLawEJAXKZmhR+814VX1pXyUJvgqeC+/PWvNSglAjEchM8OXK6SammZ3pu5gp7K7aCf9YE8ZpjWfW0ZxauAXKZBrEvAoQFFds51cHg0Z2yOM/tzxaHIgndotJqG6DKiW1WVFSs6BCWpyUZPAnlGcW6DB5WZT9mIDYU50pogejABhE1etIpvLwkKEWWdp7+KaplXl6GzMfSw7ostocMzh35C5xzmR6soyaiAU9CGE0IzobjbYMXGnQoRJW0+avpuZJHViJupd/bVK6I5UqmaJIJcGx5uZLbmlMY2vHZa73GPwBUbl3s/7hnDPXDEULKxYOx8+2iT0PJn0rDiHsm2a1gDNqN39JIjNa8NohjhX7Ly6L9DBJuFkaQNpANHGpJziYR704Bo2eSvNDDWFj1n3TUNyy5yMqWibAaKqwalpliZ/JFXVAKKpBrXWjVRJRxwmUTYlzhVn1cPsGCoUDTDtvIRSN+FmNqjPHmJSzzfEZ35DoCvdfFzB7pGVYaPRrohFmNNUsuByJyapad1Vtgmu9brr7nE+sTZOo48lgkb2U2uFvlTWQEJHnGHzBrBmu0Q3Fnc+ri63Yx2RVX/8/OW//O31j/+YLXisdZ5V1V07sSKWW46NgLW7upvofsIrCzKaZZeB7rMOQc9CWQ16EMapinyFU7WOY/34m+//4i++/2e//ebPPn38cNxiWdfjvjfdn4duUl1HgOZF0bNaVVd32XDCbJmH+wKrgCWgEjXf3aaB7idHItdmDahpZjNk8Oo9z9is6trjTnX6MqNyJjoeqwv+BJwJGoS93q8v//CHn/7jf3n/3/739z/96b17ZBq59yaGHCEzPomJcwuKGLIWjYJ2Xk8bYcumxZdFfO2/0ckJ1kmwqTcNHddsYIYTA4S7GawnMTq5tiaJ2+vtz//5D3/1b377V3/x6Xe/+vjjp4+mQu9wVOpR29wXlpkdcYQFcVF2W2dXAQCbaH8qadLJol2ZV1aDDvhuf39oFeV+nmEmQ0O7drOqshFSVL0Txzput2NJyUlwAGUQtlEGR6/n0pdBQ+ZlBrPV2hPvoNszXo9mDwhAja9noi4I7ocbQQoU1dM7yxIo8OoLWKRn7ew0OFmz8iMj1ktVN+z2chxnHEfc1rquqp3u9BVmVkMZABoFyJzK5zjcyCbZbovqng3Y14fqdR637r0fCdWxFtsej8d337384Y9/fPv89s3rx/vj+tDfKvfH11sB5Pr06VtjHOd5//y5awuymHobnlUAlWAAs0n0rl2N2/FhKYRlfnM7hCrSlx+6qWtYkmQ7ubOrMvFOO9fzCf8Y3quAqhrW3d53WIKsvgBW7+u6dlW18aQxSA/Tzm0WsJrN/zJzhvt6WR+X3Q47w6PyKjFigaJ1XldWZVdTWVti2apWGHLvVoIexzqPw6yPm+9HNgj33HOe6N613Ca+a2a0efLWrmz1Om6VOczhShgdszyCVZbUuzZEC899RUTlqLInV2Mvn374cPtmv99v5+v728u63e7X+2Pf1+349M1361xVijN8HR8+vJqvb745v/3GzrVwrSEQNERo3vUg0Y52Gq/9TvE0f1z3M1bYK2xqvrII8JTRgRYFGLkFZhMZbIWoQl+lWscHY/johTpp6Opw7oLTVA33WEdnEubnsbtEWNvyRYpurjBDRLTgce6qYNyO0400uI7urt4QbE7Yee16uFC+nON8RkR4xN5yyOij2qve6AF2aM+/cu/OPPiCafvi0ay9K2vTMXzOUnZVxOF+4GsUCSrRgcx6DPOym+5nrJvBgII1tEEXunsDUrfzEMgqAwp4IkvVEVFA7jQsmFq9O6E4/EY7Fs8INkhaGOkHIbfDzQlSkb0THYfrcaU9YE6uoYoYQ6AFdj26KQQQ4kG1WZi9uAK2sx7iiI701TZz3WLZOlCU2iyOOFrM/W4wt0UT2GBkFSrXYWZuKCqbhmbTQJRqaIiTD5U0tM1RuVcD0rmO8CPioLm1xRPYcs4zuSoBuRtTPq8rAtrOY0lQhdFBdWW3uli7VU6xihK6x7pagDLB3Uw0dl0zVBWixYiAgwyDWLx6Z2+gSldrp0Zuewseojzc5CN2EVS6SrYM6qaHVF1X64rBfBjbzCkjGHQDw0+j09i57SlMraz9nu/P31FL0rli5IbqgVVoZ0GoTAt3hhoqdCNimft0rVS7lJ2PVk79mCMTo++8IsxtGSjH7lWQlNW8NBspXLmP5Y3cTcMRa1n4BMS7nojfrKJFQLs7GHQqK216lgMCxBa6cDtchqw00f0YOru6RKU03/3RNJrV7n0goCRiTlmJMuf9urqrLcmiAdYGx5Y/n0jV6nn9Sjj8MDMhAa21QD2ua5jk6prRUmv8RuaII85SJrqrK/ejdawTzaw+ztvw5N28azIDX7F/lCTzMCxMKjZWWIx518xrxNZ0PgWp6C4zF9C5Hw33RV+l7S3202kxWnvhGezNzlE4DlvT3KSZuC5hNzrMqtonBUtErDnTt1rIOd1KTcJtfKWzIlzmqwXJw91mmm4usLUdsXiag6G9H+6m6Xe4O8NtOinextwIXyh7OcLSuq/c10gkWqYuN7hFG1So7tYDwJhKPcIlky8/Upfkyktiiao2r+txv2f+8af73/z3x5/+eJ/wrGBSzivT+Wx7Pc+yzxgtpksHm17KOD97xmwW5oQEhkOm6s1imzAfTHP17Xb++e+//8t//v3vvv/04bzd1i2c9+7lFm7TDjwjupOsK9MphCGZhas7iBXh072RSjLo9NVCI1NszdvOGdbNhAS5RTAixqyroGcnujvRaqkWFigDQOtqtzj90LL366rSuc5SkZ7Fn3/6/Ld/9/4f/hP+/u+vx+MuMwCZdT3S7GtH1cNj+QrQGWv5mgKkuxe6u02tKmOPcN5dz8/UvDzB8YPOfmnKJOqW2BRAleDAk7rJ6ice6Ij4+O3r7/7im3/9b3/9b//yV//0V998ONbw3qkyAETXtcJs3fjMvs16+jBbQbewXbsFUKpyxsv5ItuPVKt2dW04YUpUxzru+VhxW/Cs3JJUj72r6XHLJK3j+CBYd1FmtqSuunZf6jRYuDuPY73Q0MpWqjDbmyDbzGHNng8XqN5dVdCunkJAu8fkBumHyyuRrFRmbcBK9riuY70Ylmjs3eyqe3fdzlcIEetYbn57/WQfP4aFpuvcnQP/pXG6pNBsyIcqKfBJvH2iJdWz/DJaZuW+6Ki933/53JkfXj4GCeH7j9+fh+3r7+H65f4ePGKtOJYUn3/5ss5zxdFSV0XE8ljuLzev3PLjjLUb3Umyuz26pkkymGn1VY+II5zdrBaIY63ryq6H+XGNWI0hxrXfYtHbIOvnT0A1SG8wu7pag2LqBLnrsWtCE1Bn0wanDvauVsM8Xm92+DL4WreX28fDTsIARJzUHFVJY6Fhru77dQ0Af6bj6Bpo3op1HO7L3Mlq0iIWqkQbt12rSVbXOlashTQ3dtaV5bFoBKxzSyOlmkdXj7BsYLKFIsM9VnA/c6r14ZvXx/VY54e4nX//N//545++Kfj9ujPq8+efv/3uu6sLye9/+PE4zqv6Fuc3333/Z99++PjyOTvIWOuYQLF5G4PP1NrsAK2bnRmH0aJ28TaBbT0b1YZgzGNhAh5BOHMFsloGF51FQsjGzoabp6p3SmWGrLYgzSqTYKynZRb07DrWMQ8XUS+vLwREWxZuy/142ixUTsThO9MNWTLw2u/v+wvYFxrU8gWEobJ6aRki9/uxPgRX5YSNuWzlrrxqgnDZys7VKaE6H/05yxq8snpvWzQ/pFCRZqQ1IVRj3rP7cb0PSk1ysxcKYSv8Rl1Pt6723u/hYeatiO01WwAAIABJREFUrTKP5Tx2ptMM5KyJabZuue9Vj1Rla1kYg3Cjp6obsW6qy6jw6Lq63LnAiIiqq9s84FeIDo7SoEBYO6hjoduWLcCnLeQGqMhlg3gXJTjj8LPV61hHnGYHXISFh9vRYJlRUBXZvkgGmS5H7ye1s1mzrUVCcDs4h1f1Vja6hGliylTdRrjbxBk9fHo8EA3G6cmAAJXl8Gao4UFNYMrKEM+sBbnz3pXoGkeZqkzufoYtmS+zfZVy70z4yKjaKLiFn2QAw1fj7nrkFhvInY/EXaruAA1+2CShDUaHEYYrr1bxOAJ4fzwolXYjw1Z0NZ6wFwaMKjMtf5VESOyqFEvYalXvL9cD3fOPmo/LVW5WKreDc3TWBMLM5GZRal+Qht4ermoj29Qm+Jytpa5MjyiJWrd4YbNRtzjccWXXnBObO5vGATMHzczc65nnK9FIg2qS09ktA0UFjcusmqyvL0NNhbhKHMc1OyvdzJ6ERuY1KtOxsk+jTV0ZbjB+ZaLb3hdQ0t75cD/uj7332/KFxu08ZmxpT9olW/JjZcts0U1KN/flSlkcUO/rvvxoWV4P0Jx++qqGo69OTGGTCVvPdYZanCw7JxlkZtAGnGZGBzkjTjMjxC6LHloJGbv2TK+s6fQWbLgudQlNlVET9w66xTn6Gh+qTu015t1K2mIbxa6O5aN/YldmEtr7cmdl+TR0urP3rPsDgGBgD2sMCVm3kQtA+DI6gdtxjJxjxWopbkcrpYK+4l/FMw7BJLobYJQZETzEqr7OOFt0uHpXF2Ru81txdTujrbOrrsfhgt2uHWxfE1Nuhdm1KQ0Rr0q9H49/+Ontv/73+9///fV4vx/mBu8qDTBYhoUe1izV3U/RWOVEpEZEMJu4ua1NpmDO0MOZ7acLTBHjlbJY8f2vvvmL/+n7v/j9d9++vtzW+XKubp1xeiivjHCZW5sbJd6Mbexso8zUsuZX3gsadKdRKyHz3r1p8HaK0xqnyckVETxF9ynsMDhWBdGsKRP4tTKTqg5bQhgAW69rVZRZeHfDqvTT5/o//1r/z/99XV/u+3qHma4HqoySioC5mZuFc4CME0EeHi7BMfjVhH9K6GEHf/1DEBMl04AlZ4sw4gACqsywYQ/MY4SYmrmHuX/3m0//+t/+5i/+4tt/+tuPv/123Y75JOGIpa7sjHUcR5FaRrPRj6dNPUFbSuI0cz6/YGv33tq2292dcdW+qohejDJejzRUCWW3QRI9ct8f2Q3upJ+Lx1q3WC9dBcGbTakfxc796K5zvR7RnW22U73rERFukXV1XZLo5+i1aA5TqfbeWXt3A5Qswa6CudOcLuH9epQqK0s9gJr3TCJezldXVj1Ihcc0+Geoot6Px9s339xezuP9nrdjDbQW0JXbyHDLAZ87OjvW2vvRPU4NAzufgtvJdi8Li4gs7arz9hK3lzjP86SJ3Pa6Pr3L79f+/tffvL99/vmnn15fz/OYh9EOs8f7u8ccj+s41N0Gc4tGG2cjpliuShujOq3wtBOoZX6EoXpPhTTzMajZve9u0Yruyn2tI9hyGM2eTi40qntq62J3Dlhz711tRD2tOJmNHBZI1W71imVmyzzstnytCNIhPqMNtMZuqtRk0KUyylp1XXfGSaIxBUIz8Ixl1N6PvHiuw4V9L3UOpWHO8PMVA4bC8tyDrXVk9bUfK8w1SL2yZ/hHYTFRzPDDLB7v1944brdvf/zt29vb+/2X83wxXwUr9Oef/vjbf/Ivvvz887Hi/Zef1PlyO97f3mtfCvv88091/fLp48uno84Vrg+VPy87wI0u8rkZFmkea71UPgyx+7o/Hq83E3Tl/eA0mANQZ7kBbKgijOquO3GtMKGrH0BUrdvxQuxObMurrERy4MalVidnAdnQsVbAMstgx4oyr26aeTD3tXxF3JRN2XkeAxsMPzqv1jY4/SQ0sYLwmODh3ldVOd2tet+v3eGn8YWA1gel1Nes4g0hee4ttIOVj0t8PT4a1u7LOGt4Saox/S7PqosP9zA/XJ5ooECBuO830Cw+lgpsoxZdWKZstCENF7qEBTnpKw7YEayp4XqcAHY+CIS/dHftTfpwnxtOLApmeu6wa4sNZQPhN7ejW4d5Zj2qzJcooansTqP7sTqzsT2C8hpNJtl1kY89wZJJ0WcSiDi7ZfTjONEA5OFhB7hSmSjDOs8DGL6h3El27XuZpt1fslJdfXn78lvQMrOwW1mdQtvUxcYHFgU0zdBQpbkvHTQDJm++jVW1wwoC4VmVWTRkXV1yS0vNC0bd196G7NoGGI1cZ5zz9rfgsr33lZgDUhDoUg3mbC20mrs7jWH03Vmtq2vvq/oyO/x4IWl+AKpKqJ+pCe33x3unn26qZNVxLqfieYp1j7kJSGBPRXFi3ma98wLFr48BqLNLnbssKIN8RHhhzpszHvUoSRtdFgvPVCEMrUZ19TOf60fte/akDBuAkitWMIILzmqtoAvO3tl2nvfHvZ6W1A5fhwdhQbqGEh5Ga2j31axMiQBicqxGc/SuBspMXbtVQBnKbzeVLjXwINK4BM9dPUO8KjPPVmeGHyWlytClhDibdKCzHpnlK83Ditd2h0nnsU6Hu69GuRPN7BzY2YKbr0ffHbDwRts072qQ5UPy4SJbUwAJoXzFNOzieTwaMZaTKqWbmbWKAYeze4bZPqBMR0yPB3wO4EjFeeRuJ+FeTY+TMA2pp66a1C9dT+LnUEhBCHFWbkjLD9Gelni4uttzMIxV24ydDxOdFhGqmSg7JmSMNIE8Jq0EPNufYHQLc/Gih51VFb6MzE4SrbX3PcisNp9FQQAMP8wPNAc47r7ENYvbLF/MTnvkI2wJjMnBKz10VbkmjpvCfn/8YuerxwGpu+lhXtoPgEbPrPtj/+nn/V//2/7pjxvdtDB2OK/q7rr6WgX3vvaVu+bvAj2PpJr8G0EZWAAwGYJGSyIyi0YjyPBFNxoZYZ++//jr33387Z8d37z6efqxYvK6xg6hJ3c19NUuALGOw87SVepu1nOZa9nyWGHLbZLre+jWE4NOFWqbkWGHnef5uvgisIeRQgoWfiYe3ZigSSlL6VYey3GSHG+DgUEHYMexhT9+efu7P9r/9V/wD//t531/I52dmXtQ9JJAEW7uMM5SCYgZ74/jD4Sq6rqkErpbHsBYZ1BDw+NzqDynf43UslXhPtEr99FXzHsUHr5u529+/+2/+p9//Nf/4vvf/PDymx8/ncsxQse1/Dgr0xJwvL68QF37CrcROjvD1Ika7bhgYc4yOs24j9u6KizOg/erJoO4N5zyg17ddjXgWJl9XVndu8obp32knSanwtys1YAg1eOqR+aeXNO1H3pijfxcL42yes99z9ruC5Q6hY5FlJGmbrPlyJ01rEPI7tc9jMscFt15dYLYnVftgdu93F5pPGlQmwMcOrVJie4u/vL5888/3z98eP3w+qFqE6iWW1uLTqMzsOuBEqD8/7e3zcsPRsnDq7Ihgm5rZ97O269/9eN15evLh6z867/+69fb8dtf/x6f4dHdoFlWZua5DiqyQPE4z+6rukC8fjjdTTD4IpB5r6pu0g6nzUK9ulZIZj2WRzrH1kd3+havfZ8Fy86rskc7+v54d8iMHic0UAFu5TzE0DAeYXj0e3aONsRQwBZrZwtcx2luh7k7VWnUGbH8MMl99rIOjrZOV16P/WjlrmvvPXSiI0iPKzd0AeZx+lq4DwkQ4ayuK6+uAYI91Rn6+qvf+6qsKjOaezwVra4RyRmQYrd8loUIj6jcZmZAZh7nYfHaouo6VpAea7X0w6/+7P2nP336y9f69e//9Kd//PjprGqYvz/uuy9enJXv7eTtBTBE+3m+ruD9+lL96NoFC2uDT+Mr98MmNQsZUJ07r2O9NNC93R0WlfdZbFZusmJ5wKrTPbMeqYs6dhHmi8y8sqtxcIDa1TTmtQX3OCW6u1l4nBCKYvF2Ru6Hh/d6cTJLx8vTlWHe6iSdAZQXMncR4W5U5uydzDUqmIjOC3gABdbhfORnAW5n2Nq1HXZbLze/PfZBpgm900OHh2w1/O3xrkoboSetCtWdnQ4sO4NhBkpXPaYkWd1DCh9aBJAlzWSLHMnmJjq45gbc2tZr+U0oizPipCFiZV3VSSizEWEcPCoiVpfQ+8odY16uXuFfoZZPOE3jLhrjpEpT9vPTYWYno1wPmBuWE609n/zWRT2Atdbp3TNNMw7eGYEDJqCdy81lpOyIMPgzcjDyKlQYsy8XIdtXy9bV+6p3g1W/maxQavhQfZ5oUh5xy85iX32hogmm23oNf8FQJgRJmUPA65ZImfm0I9ENIquJJHpnZLrMZrJyxDL3FSdpXTmv4vaw1hnxvt+yt5Eyi1hmZnQpO6/sJOCMxKPb9gNXwTwkl/qq9xc/lp1Oyyy0KvcIMnc9UKQqSBBNRGYZTXg6f1csIwKO2cnOgsYN1YCJdD8juvXYtVU1VcKdNWJeaR4s1rqu3ERGvb7c4BnAgjTjOsp60t/qrqcDJdzVNFvhB2kig8tkEiaKreKy4pK6uy3M2Hg5b0ecRl8epKvQqhaRorX72rvmcQfS49x57/bu8XHSfYGWWdXMekKToCaCMIGpgQqCdNLVElDVVz+WH89LEju7dk7iopCPOSUffgtZybJ7zTzMXOzWFkS3IZpMD3uUSXzuOhOQ25q4xQC5uutYkamg05ZkZsdaiy2IKxztWcPcvDQILXNUz6ldmojLFSuys6UJ8sImIjwwqyOWaWJS5uis+dhUxeHus/6F6alECAMouEtW6mUwC7CrSl0JZG1R/bUUAs1evGapUGO1VgvycQGMNs/cPPQMjs/EKjoRDOcSER5SQRV2M6fXng2gpGMdZsvHWdhNC2H+3C4rqLuNzjXbbfM4Tndza6FKd3UTlNhiuAt2PR4RQV/Pgp5RDzG8qS+P609v+MOf7P7LRhdoQbp17UfX9ohqmaYGYWEO+ub88DmkkuKAKCQNXej8mkqHmqIaFnTzWSAc5/n64fin//Tjb3593m6Mw+SVLZjmprrMEgLnJokZr4adZpumOfwBbFEy92VcI8nqvFqqZopV22b5zzj8WP562Gv42Y3nZVdEJwfKySIGXHZVb4d7nN1hpLlZdfkmZO4Nvd/f//CPb//u/97/7W/fcz9KgxdvPMf1c/chZcaACMIJAzWYW3NIJnUXUTR1T4CImKLxsxrV7lbZalkQZHcRTXWWDOgqdxsK2YRO1uv5u//p2//1//W7f/UX3/3+xw/fvJ6vH259Ja3dNcon9zhiNaojWZnzwZqlhEza1m04w6LAZQdpmZvma3beTSdv4VdjLj0VFBbIzHvyrr7Q3litq1oREXGe/kLJqWO9dmbV7q6seuSjc1fjfe/pMxMMfyltZg/R9Vg3iyVJaNocckQ44HQ32jIpO1NG1pxRlpuMhtpZXY+8rsq9M6tIqavcznOp4MLIV/UUyZ8Rx9//4z/+9PnebNJIF/rJZagqaPIGJN29SxgBT+cEVwCOQo1PqisBfXp98RX7un/5+f3jy8fdTeOHT68/v/10Xak4P3z89v729us/+3G5f/z06a//43/e6G+//fHDN9/99Md/BOzlePnV99+83G4m6xbDUQbAn4a1BZQ5uy6owlDVK4Z6J7O5VhNSZlVnLFdWZk6OryhD+zpck/NzajaavftK+W2dYWdDxvvTjlZVeZkfRmaLwulHdx4eMAsLJ81alfIGe+fDEctNUHbv7uy8X49WrbUgdz8lGaoGqmGkxXVlC2Yc2ldXuS/jICK08zHtF22BmFSD+RJYVUIvW+7RKE2XhoA5xKrLZKXUbvhxnqul4/T3L59X4Dxefvp5V9Xjfv3u9//8b9/+r//4H/6P3//lv77qE9DXfj+J77///nG/wtfry4df/fpXf/b9N999PM+DVbesg67jxLXx2Ff2Y9MtjJ0zNEy0OSjTE0Fj2QrpK/7DhhXuZs0ma3mUvO9v4ZXew9qVdtcuc3VmX4WszcM83L+CB7xV7h7rIJ1wVB/h4K1Rh7OyfbnRLtWxTjMD5b6uFBqxjtQdmosh8Hyw7+4puYa5VV7GLWxDFVsWVVFczsPcUQnR7Tji9bC31N2Iw22YckYPczdfDmiXBwDKr6tfjnXG6+GnW6BFa+Toqcz9iHUj1umHywfqT2iOO0SCVd3GTRLN0rYos66hp4oGN4fRrrxw8KzpjlvP7BV0WHYLe+cddQnZL8sY1b1c9FcIopmvzmv3NlTvHcf5lEEN44G+4lXQdfVUuFplcro43Qj44S6UwK/1SBLjPfKi1O3hRveJSrRiLc4EIqdq9qD75JcJ7Xy7JuDNkI4bjojDKerQ8Vpoylp99c7rs9WbIQ60BFp0ZU30p7P62rXpCBpQbtXdI12f/vOut9rKPi1eVUYG6BG3OF5MYtzILqWZbz7UvfzoCUs7lh/EaCpZaDieSCeebvQQhe5tHlXtoWcWF5hDlof1dV2Pu5lEHmGgZ291RVd9bf2XMdxWcAS8Tz40zdxWGSTLbHN2XCpyxTypHTN6r+7dhOAFXVldKehqjN/l1jQC3E+dD4boF0KZrZmO0kzjn0MbPGxxmr7a6jIQC+y0aet2G/w8X8KWWxxxGL1y75aVubsxGijn1AhtKtiDQezZe0zZ/GkaJOPrF7WX27Cg3cIMkMPt8EMtlGaBJZOe6iyqGR7VPRk+sYxevS+ZyaRkbdKtDZKDcJl1DypRPVCIsNAMPDrH2O0eXdyVpLk5G27hcz5uX3GuuKES0nJvT/ICCgmD04xNOMxMNKEGxWVKyFqbrCDRMd0KgkEDvUhajLeLMDAyNyS6N9oEw1TDl9znpvQ86ZqlKp7N+qsrm+jO63qsZd4F8O1+BUGnWno2PtOB7E2Ehz91w4K6jziGlU8Z4ccRKZnFYNSk5nXFMjuGS+xdtSIIgyDszjRfc0qxZ7p8StJxHJ+gktHtMBAOaC/fxlVZlU2zWCEVzEkHufcldax1ACVQfL/0Dz/VH/+k+32jSfNq5c7u7k6UcvS4T4P2/Of2XEeKT1LNHHpB+dM+IIBy2AQfI5Ybd8poHz69/O6ffPjdn5/ff4rj9MLO1gQ+W9Vqs+XE1iXa6F/YdKxlx4U7qg1iw2huMdO1UexKlXvP7VekMdzOxXXwJXCOuxZzeCONlntrnJew7iQ3kOFhdlRBHIGBW8SMNwjb19sf//Dzf/jrx7//9+9f/viz5rAC5X4IbcYa6RnZHP6v2ZgmgJg7FEyorpzuBAEC5k6oGzme2a8tgHl9dNnX/BUtvLMZ4bC5KLiDEbdvXv/Zv/zx3/zbH/7Nv/zmn/720zevh01G30AHrN0UbmZBGOXLj0bG7QTZvSlqmK5A+Dn9wpiU1FTB5E46FdAZ5nSh0VjhbKNON3/sX3ZvCt28ro748PL6w219ejk+nusM97CFFW+1M69dj/fHW9cGmakrc2BElV/uj8/HEREWfpSKup5yRqKVUBNcxwmaiqo+Tn88LlSx4R5swGvCdTuvzNxV9/0AGKrH9a5Bs46b4pmKpMzO2+18uW4fX3Z/7tpja7qui+CxTnXvvFfuqfj2M3bCIeGs8Ky5zsHd3Tnlxy/7T2E+8PKI8+P9Y9j53bffXY997fz22x/jeH19eTH16+11X/d9PcSWqbUr83E9rn254eVDeHhudmv694KJcgacViAeu9WVjTafjxXNHJoTRQFyD6dBWG5azLqkFmtYWdVXDxWDB7DoKmWjsnbbaYwzzuzu2k0T0HlRTvO9H3Rn9xGn8YBsjumyvvbdHGahfYFWXdV9Ze7OVpm7RJVWHLfzdh7X2+Nt172Rj7fqajT247ourXWLCFU1jODuvWsL7ly+HODO7bbcbSC6hjU1m4FtFbFoHj4Cx6ockmvpyu6qur//gvbX7z48CuYB6cvnXxr48P33//n/+XdYev3m19fOzz9/IRgrMvt26vV2fPr48ZvXWEtmTbj7UhfKupB5GZ121K7nqR3VqgFlShiguzoZ60l5NovzZT9+ybrgNWF9I7ozey+zhIHMeuxSWLr5lfvKu/tZJrbCD7fIbocdxzGleTeaz6WDBZotOaqawO12mNlcnHZfIx4XSD+px1gPS1dWjWqzK8OC6lbOoaTUKGJRnd07e9OsR2DfCrt9uH3/5f0P6EfEqTYIZBm0jLcICec3kbvM4zxe3BcxfLYUoS4MHEai6PSYwaTaGE5vbSlLVfle9U7ECH+MQRhZMC2PJ6kKAGi+2K2da52orUqjl0p1qYfkth/3N/KedV3tK26HF05fXLRlZl17dz7yzZBOPbLWuqFGq1o+RwtbZVd3onv2ZtmP0he0QHN7ldroYUPlAmDDP5amFZLGbu2ayaAcRHeWWtURC/LuNhulZ1a+SwanT8ugWyWjvbx8fORlfux8tHbrgsxZff2UtcmAMPA1jMyLuWitnXknthkiZotlkmrvyoaxi5KfEeZqdqNfzhen10iXmSvOqy6bF6ipn51SjXaBcLUkLr8Fb1VfKK0IaUsl9fgl0kQgmwUR2lVb6VVZ+9pYvlYun0rotL+fyEoZeJhFa7RfBpFYQRaQeAj7cLPjGOEoQFU+RbzajZL42F1fm9RCvu27gOodRrAOWyPxdhrMZQsozRpOEKuGTzSFTjcDunf4uud71PW+39Gl0UZZiA5bsW5hTgHeuxnhoS6J4Isfw5pwsoQwh1SiPdedJLj3lpoekO8tgmVEt3sYIsI5CSOLob7RGetQyzy6J35v7g4eywyduy4aPFrIq+30o3Kblbk/B2CD5OoHVD4lXhFGY/x/mfqzJsuW5DoTXEtVzfY5HsMdck4AJEiwisWqFumqapH+/6/dDy091MihQIIAE0AOd4gI97O3qerqBzsX3SkpKSmSkVc83I/vbaa61vcV4QpD7KOhICfs+RDqiBAM6uHDRLbIcJcBbgeBuk76dJtQwdrVLTQNLDN/Go57AXC2wjbXPXbZn2g1ReonNKeM4vRjo1ElOd3Njc7wzBYW4Ma2Pb6lPQnBtNUN279NVDZ1jWGowhw/adtIwmT4Kbe9R79hob1owAYEEYBQcDdZxEGGqsMtbfI57RYBWT2zsGp1id1KYFsiEm5shzXaPCZR2WmMzYPcGEvbb5jpbg6yIRv+TOiTtf3xg3nl23V+eq2/+31//0NliUI1G1Y/UVSqi2O3vzfzU91w85aqsIUYz1SQtqyANDRQXcNJo7tzHxfQDNxux6//7ONf/uWHX/9s3G4G5nlVT3OhcpEiYlWbD9Bb5jSPg2YqqWkYc9xWLdtxC49qGTdfFTu23r1vH4QH4c5BBtit9H3UQ2urQwh3Sp79ZDcBz+GckD/1y29hvv9i3defvv/xP/6Xx//6f+R3v/9xnW/7+b5yKbcNaU9pzJwRw9y25YvcBXIjgA1QyiU1bBvk1NoExlWVT6SiuLJbuT/S+yqwVy5msX8EXTKHz/n+5x/+5b/++X/33/76n/36/utvbh/upM4qpcwj3GZ13W43j6G9gG6ow7hfkFT32Rc9zAZpshB9+NhoG4Ldba3hOoJuRswHSiLHAXRWXsunz6pb5ptUlVjF+/2rIz6OeHm5vRzHe7N40h6h13VeuUp95QlI8qwa80Y3CbVSMsHUXX26ANimGdK8vZ7iwidKq9UMG1c9CIQdQGdmIwuVvRimBWdAyvMx7ndzaPcrbHeMRXmrV65xxC9/8dHsHwuNtbhRX0B27jftPvcb+GzSkEYTqmrrXuQWkjIF0cfQgnmE+bv3337z7dcR8fnLG2Br4Ze/+PXLuw/f//jp93//D19/9fGrrz7+p7/+U9W6v7z76sNXcJcZfIx5G4bj7qnO7sxl5pmXE3tyacY5vNpxaq2qLIWqCzCz2E8mp5WP4TcpK1eqd52lkdyJza6Ft+5lkJGUDd6NtfKTtmOE1dyEKu3PY+ZqwsdUNYFBB+4G7B2XsFLIVWPAfQKos1efK68zc+UqcDAA3uZtxMuOoQXH6lMS56B1rlPSiOitg9jvdyMFusUY+1DY3VKHG0x9LQPduFYl00H3QTa7cl1q0ry7xhjVdZ0XJI+ovs5zHdfx8u7jmILpPD//8Y//4OEffvbz61znH/5+vns3bsfHb7+B8DivVXnWql7HMKKvtajEzlzBzcPNN6Yzlajrp9UjaOgqOOc4aDukQzcbFrm/0+GqqkxYtdZaF9jcOgs8FzDi2ZnoKBnBqrwqeRzOEGx4QE9clCCi9uNyNwCzLnKOMXqnOo17h6vqrNWVZRnwHbNq9spatQD2FidXgjHGfUvHVFsmaWHWXZlvELrERtCcOHzy9jHri+3ESa0dvp0W4UGcAsbBYTbHMPpWTPJ56GxhCbnBep0Pm6O7YdMZYUeJqyv70VqFtKcZ49q7bmCB4TYlBwvPFMZTFLNDlCsXoHO9kekYqXx7e2Rl65HXF7N3c7yQu6WeDhd01Sqt7FP5GMPRJj6x1ZBpRyoB+jAADHZJlX0KinF0b387jRYx1WpVdmXRsZmn1X1t1Jk97zuLju4loekl7nmZxUa0J6BNXfE5CBjFMdGibYtwVy/uX8zO6lp50ZbHfWcTbE6K1Vl9Ps/RWGC5kUqCQZQc5m0EqnptPVHB0DVpMKe5m7GZDY85DdmkDalXFXqJhE3ncIzyS+qdVjjCrjLlRZtmos5KJa4dhc1e2/O1sjLXpeW5Ep2RMEIjWmUwwQpd+QCLavUAgWdfxGmjqUbHcK2IYHlU5qpFsqjNV1ZJvVZ3FiQ8rrMKMW6mfO216m26HfMoeVvTbPs7Dh/ZoA95VWXvMvK+2xkNFhZytz4AJ06jXXkK3SjCDDYYzggbBFRNmHEY68oVI4xWzelmZldVC2MY6BRBc7Ou6iI9upUFcoQFsJ1QAWLaCB8bhroRLQaEWxe29IrcycOb26UlG9hVCalWMcYhGffiebN9YEA0VikPH85RG5JJHD9jAAAgAElEQVQqNtu2RIjYiw4zyrbWKxpVfcl2OXKnIff1E6S7haqal3GYidpEyQY2k0Jmg4xNBBMEV+gOC3a19vd87yUolBDPiTUHScgNHh5hw2SkU8NY7VaVAvfXEzGqy4A2n3E81qsAtMHgcaCWtg3CHA1szpdPdeae/HOGD+PIqq3MhE/wuamB4DF2xszD0TrGTcZeRX9qs1p70dStLvw014TYJCMikJZe5HBzuocN1RLaYL2V8cYN/5LM6D9pjou++0N0j1p6O/OHz/r9H/V4XRu71tUWYb6HGXLbAZ6hPXSs/3+sWOOJP9q27Y3iwk9wra428zY0yK7Mqzn841cvv/2z93/+69vPvj7G4Kp0GK6Us5VGdmctmafs9nIcZEy/g1a0UVcjzftxCvQY24ZEj0E1cJnTIwqFxWd+g3vsIIDOcB5l2p2qVu1+JyGgzCi5qkoncZkNiIC3LdAs/DofX95e//Sp/+3fjr/5m9e3L6/dtYO8dS0ac2U2wp2EMWwf99XUpMVusbe699T6SVbRdht3qyupBjb54aduVqutDO7mEKTedCi6qdW9fBxf//qr/+b/9Mv/5r/+9s9++eHDyxyT5/m215DXWtG3ar0cR0EwVldVAr4q1R1WzqBZXRe0jvl+8HAae1uY0F1ZK/Nyt/txp/ztTBtttrVShB6bqJYlw2FEqWEc8OnDwHfHyzHubjenda+sx6rryrzWld3dJGEWY4TFYAxqswkMZLEINVvI1U3sPgkFiVgrAUSMx1XhNjTUlNqc2ZV1be5wtyCZMMfQJsGju4owNDBcDbjqyrfzx0+f6/X1QcC2jcTl9Kxrm80gGHYQkGZRG8GLf4IcE+ZPPjMl4LzOGR4jXl4+ADaO+fr5tZvu9vLy7rjfP3/5cj5e373c3314qS65ff7y+u7dV/f7+5hzRzg87seBCOvCmLPOq1W7IbdDI+q93r+Alvpaj+HTp3eXkKC7eYzd6vbrKoeL2sd5o1RLciMlbyyhrrpAZ03nEWwbokVeb1dWV+1JWddWbrM3l7bbB4UTZugWmFWlyvZaPVRuvvKEtajuvOqaY0Ix4zZ8EHQOVAZ9+kzxmLd3Lz7CxzwyodUkLWZVb3TvwNi2n30w2GQhNnobdExwRxXMyP1FNQT/SW7gdIKNbtR+ZB1jrCvjqxlm5v7u/R25Pv34+Xb76p//5T/7+9/95x+/+9M8PsSIMQdj3O83SZn97hbmDdUGJKw6ATkstrmC2fl4PvqJLuXq8NnV53XGfTpjw6g392Ktt6ok+qoTXa1cVaIbb3zODyxGrLxWX52X2QG4VIggGupw+6ncucBtt6dxGr06N5Khey0VILMhtDoFCVW9Vj8Cca1W1j4vgupqPe+brFJ5BI9/muIBvRLtm8N6zWFG9ziAeZNf9UpjlLrOcAvTcB8jKlvgjHi9LrMIbg3ZMHt6hwAPxjLL68qu4bOqsq7bcf/pbYhnzh1JlKpkLnXmFXPnuc+sXfk+wDliQNjCH3PL7EZXV+WVgnBuaDhMvVbVcnfIILoFKfR69riuU1Vsda/KGnHbxPMNaiG8t4ajFRa91ZRaI6RSWIvGPlvqzZ3chcO6xGoJe4LCnjFHDG5B6E/Hl+5l8FKPuEOlPoENXyzBw6yxo+xwHyJaJ4HqdFarI3Cdlbmy5KGSwm8wqzyx67Fd7LI99+iqVBgr0w3uQzADtapVAKvdfIgOujabCEsOVTudHt09bAgSi96+DRE4DBTDaSsfKs4578KMm5jdV1dnnef5umzntJm7DOt2Pep6e70Nu88hsFuljD3+L3YlxN2to3HtG6ebPed9JDZT1CXVNC5md4OkRxiBOnnl6ifeJHtvTisfbQ478sp2c3OPuvLhFtwL/DC0lUSLnQnFRlJCqos+Hb7HwOG3knYk+qqrlICNeXc/jEO9adjWwLYc0iFWNqfPiEH1S/A0dee028pLnQRh5pgllYx6UuRjHDMm1MN8jiOeVKesbnEHE55/0t3kbYK5RHdy5QM+1FBzTKcIrDDf1c+NHaoSDQ4nA7S9/tiKXMJEbaPqTkKbRwvhbua9RJhjEpxxjCdrosYcNF8Qd+cRm5r4E/y690iA25Al7TGudzdZ+ym+O+jFBNFwt9FdIN2nycwiLNxiQ2B2yJ4wJxICujrNzCigzIHVDY0YrVbIPMKeDRFjqK1RBA2DctJKS88kuIMUGupmDdT+JQXYncHRvVDlfnM3Iuh21XpWaDXMjMh62m7B3bsVDAb4MDOHW+3RMOHh3hsfCdoOStO0TzGkwOokS1sqqyQjE+cjz8QfP8eXT6rq8Ohui/Bn1szcnMZUMfFTxJ8CBO55dif2UX9f3QBhQ4BImgl6fnaNEQRx3Oev/vyrf/bP3/3qVx/e3W77ypF8Pi1hDmhJ2ctQVBB3w5OxfpjzOBqnKaRZG3fdsOlPezRk2oMQhvtVvXfBzT05M2jfaDfzuACDlGtxix78BulSV54rK1yCH0dsMlclf/z0+ffff/r3vxv/9q8f33/3Y3dXN9VUbWrQ3jhhB6Rs4yJh5jC2aPAmtnOwKp+Wk11x2OTcDREWIPQze7t5iyqkxbTwpx3QvDJL4Izf/otv//v/8bf/5l99/atffDxu46c3Aa5a5r55Ltd6CzeeD9hnEwAzG5uTJVSVGk1zetzGR+dNSlirVdotuw1Mn7P90hfHI/UIZ4xws+oe3mBV18qUufkc83b4/Zjv7sfHMd/LDtBKKuXb+fk83wBl5iqNOIwNxJw39wnIjDNCndBPHjyyO7PeqIi4NShYruyt0WuxYe7HHIKd16M71bULo5C3cnggxvCQ0s1mWKsIrqpZRUOt7q7pt8fj7U/fnYRFGBV4ljY8c4Wbqjc0SapVZWaCaLJ9iwRbctCdvZVFlZfyCH+8/vh2pjpNw4d1Lvp4+/zl9fXL4/GYYa+fP62VuRbB4bjOt48fPzS1MhN2eznmnKuyn1v03ujSvZaD+lqntGhPnzywcWnmMbegNzjkpGgx8hJgMaIqspfUbSLv0++ymdejtcvYJOeg7YMKOFuPpEzm7GLDzWBuN2cH+/2MzdDe9MJsXWUW46y86jpituBmkMEMZLaM2P1UQ8y4N1Gd8sMVJlc9Iuw25+W4rtef/q4lNSGKFtbqK7u63H2YX1W76Xb1tQN8+6a9H11GyypQ3I9EPN16cx4k1tUjbrd3H9/eHuT48PF+u7+/Ht935Q+fPv3zv/o3f/s3/+mPv//H89Pn8dVH1bWuUvEIe//e59yYhNesdMrD2HYJzbXJFjvR1Q0zV5fFqO7H9XaMmeZPmQqjdUl1ri+dJV5StXI/YHtP6WGgBf1SrUygSycxIqYbstYcc3vNHZ07m9m1WtsnlXlJ2p9qASVlZdis3ddi79+763qrTIO1oMpWZbdx782DgMXR5TMmlHM4lG/XW+UldkPZNnyOuBk4xwYWtMe7JY3hN3eII2abVj55KKkOi3BuoQpRqlWE2XSEgQNE8bBpCQ8bHshsVerq3srFcB77fB82hJKwslGrsIhDmFU5x8u+r155rTyzr8rzupbHBJ7Wgq14Mhsx7uZHt3Vv2AzUV1US1XWpkhBqIaa6zOS7oDLcoFZnvdIJJZHEGsG2Ba1tD1CztBJyGwD2g2UTq6oU4/DxztxRZS7VxacEcXEnut0pqEyiR7C8UgirXB4VJLtBWCMooXxYVpsMQFdvlwh6ibb6qsR9vmw0iAeprioDPSJo6j2llamMvDodqMbV7TdzDMlWityT+rN6EU2Zw0sCFRx7OyAVDGhG3LBR0sEUb42rL6DFsRa7O/vaMf4nth2VVdXZwJkV4S/H3EKfMDM0qrIqPXYBLNR96QpzIiCufKN5N2jTbHbVxhnvqbnhoBeZ2ZojxH6sV2PMYZkJkNxdVq2uKy+6dXsAR9x2hHd4oFaptve0u/I5XzSnLdqICTE4duDcfUZel6+uik2+f5ZB2JvQuv+/NoEO9zEiYOZBismzJQe4GWdyWrNype+CTon0MW5Bd+EYM/aHjOKIrCqB9K5qYAYp7MxtYwGcL/H2YJvOx7WRduqieYR3NTnKWOts7fu3rbxIGX3GYXbkzhlQLVEax3xGsrHFtDHiQNPoEXOOg3SW2g2g1DSax1rLfCO51NUwGLhaQFs4GL0/FwLAlWf1tf8xw40yqch9M6ENUuVmw2d4uAfh0DMVA3Sr7KcnbO/gS+99ULtbK/JxOt3dzejkRqRVN9FmM2xgL7mqRbRV4So5qrhz1SwjU023LuUptyi4m7tt+rK5Wdal5yARxgEgQbpTyF5qlUS2MTzcdzhNEvqnPZOnqsFqxHyCR7cfvLqqrkKaRKOKElP16XX94U/9+PH0beXrJ/HhWVYBd9ZvX2SqU0ryeczFU/nJHa6U+rl03r8t3MGXTRHP7jHG/NWvf/ZX/9Uv/tmfffz6/c3DtZfvlV2rEW6WazXGriEGBzdCuk5a0CNo+wl7xLFnFLslA6XwtBNI5SJo0zVI3+0HI9iF1aXuLTWTEZ21GbXuw93d5AG9nTs8vWmKO4/z5cv3X97e/uPf9//yH9af/vFzX1eMMHadq6ty5U9X1t68MGlv38vlUjfaLIDeZF/1hvp79urOZ3zrWbZr/8lKaGRpm/ue4moS3VsybR7xyz//6n/8v/z2v/83v/jNLz/eZixl91KlBwV3n2a9sjMvkoVeSgeP8d5jNBqd3Wm2M5MIG8bhPqDYZXfprctozmZpf631qCsr43aYB2iuOy3Jbl2FC82YL8OOI+734/2cNyJ2a62wss8rz6vPtX1isIhDapJzHuaHkc4Og9qFAil1d0F5Xp/dbiIlr8rX6wuwH5hmHq1tG4Sjzzxb2Ttr1d29S1A0jhj3CJvOqoe0ctUygyt7v5V67+4f5/k4r/sMNHdUfadkfkrclJ5ihn2J27/4hm6o4ZbXbq2NTd/SzgQ6r3Mdw2Icj3P94+/+9puPH4/b/d37l08/fPr6/VcvL+9gPF9fv/35tz9+enz+/MnCH49HZ3/11f3dy5hjqvs6M7VL1AnY47xIZFWjVq7JIK1Q5zpnAFrYfVkKauOYYyiXWpKFDcGFJi7hFCewj3kj1diTKNEszFEdQQNJU2dTix7mlCXV7rQR2FejtVa7aI9VnUlojMPasN1L3XrqEp8uolY7Wir3CPNSs6lGmM3ptc5z5f5ZS1m9qtuoPRWpKh82uBsxqCxCZlZVrRr0VlfmtsmR0MoYDjGruy78U7dKVv12e3n58PEb8Ucjr6uB69d/9ptPP3763d/87cvLh3/93/6P/+k//XXV9ac/fHd/uR8Rib4fNg6YpZBXvVJrN2rcIiyuWqVyj5Unoe6ijTGOqjZaql/XY4/h1nVpQ/mJc62qy0MbMgskPGnqXFmgTUOfK5/hS9Qcg75jg6T5zvf2rnx30hxmr+cXIzMvgWYR4SB6CR5VP7lHYowYk/E437oy66pqSG+P08MNPs19HCgYRsS4zVu4qa+qi7gyK/tcWrR1HC+rco4b6JuE1AyPd9WrhqFlEC1gIa05posSm0x0ZxoSXMCFUNfGmaAyMdxs5HX5BJQlrB1LqgFa+ADbCLZqpVgNa0ZfoIFIDlgZafsknboyz6wFdOvqtitbpLrNxxzDidt4CR+7/RQemeceg9XKrmcEf8ciss4yeMPKGK7Oqosycj0PsOuCbw9skgd1625aqjfrQln1VKPavmg5ZMMDe2bVedW18hxjAAUUCDdnx1k2x51IssOxjZGGom+Lyy6Gx+EzK5OJQMk2XxpVaMQcu+86I3bkGZzhrhYwdn+/uluN9u7s0l5sdPXedhPsKkMCiT6va81xACYtUiMi7ABy1Wq+Fhx1CASD0owZ5rbesk4Sbu8oRh/Cmevcju1V+enzl8e6jjH3m3FVe4BEdKaBThAWDNfoblK9N146SRW3CBUuAN4bw7nBOltVgj2oboeG9eCEWaljuJnvDLqNadyuu3LuVHc/AdXEGNO7wX1cWte6yvvwoyCqAk06LAYnXdHXZSt6VV3YOBdIUIoQbWc1oLCYz7cXjBE+oV4ot5HYThPmumRiuwH7E7jHsS76zvoxYq9pKmFyinQAVQXargnExrV2NK215pipwrHtOzDbaencBvKqlqyVlevp7QDC7bBhDFPJuqrMaQjsm5b0RKCDGyZjFmMcbk55m6gikTs+0m3YdqIkQbfqAneex8wHMaFo7KBKiiWD1Ksf0UPMUoJmRbOxYYq7nRru8URNobO6OztVuSGMCZ35MANkT21twY0zxqo0IeBmQjZ8HG5bTE3sF2QVpzpTxZ2KBNmKcKOkq7oAJ6ls+BhxqM8ybH1P9rWhd7tYYgwJ3YSspKxS1f6fNjcH3HzXbYStrV5mw+jhbUajV8MN6t7ls8zHPrBXFmBZ1w8/1nd/6PMtge5MZwTMtRUT2KtDXBeHWovbUN9Ng8GqmsQegbqjocwl0MjtYHW3fZnpagu8e//u17/9+Be/ef/zb96/HG7P7XgbG1rdIOYqdDdxeLwE75LvgjvMBBhsmHUZyTFu1TAPPvcOtTeqNI9hXFev5V6GCphzb42qcnMLj4Z3F1phY447SaKNBVTPu3r5mOsqJTSdtE+v19/8rv/f/7b/819/fnz50irTvgp1rRYNmwxGl6Fa4v4hoqjh7uYGQHJ0bXakuay6urvQyefFIPnc5OxWNYxGR8zY048nuBaNiF//xdf/w//w6//r//m3f/ln386wx3rUtYydagq3+SK4h4Pr9fpxPT7dUdg8RL2GyL03BlpNyuCUQ+zSGNPt6F6VKS5jGOPKK5UIekyPEeMGa7LdqaZHgFx9gnab70IRPoZFV2lkZnVXIjeoPOu88pUoIAhGuNFj21DMiJSK1GZAZV3n+QBZla2zWyU/16O7YQO0EaOyAnCz63ol1X0JbUCpc62Im3t01Yj77TjANRxuXKvNesQNIrvMCPlx0zc/+3Dcxhyj1/Kwfvrgt3kRbk6xu+TtxMokgV0hMRhD3RsXuhVgBE+d9Xiljdtx++Zn37x79/53/+W6H7dCfffjDx/EmMft/bu/+Bf/4scffvj8w59e305yzHl7Wxdg795/9Zs/++Z2+D4Z0KxWStVrjXFUVWltqFyXFGrsiW02rChC0LmXS62mG1FGayBI2Iw4rv4Cg7BViEULNoQ9pIC7A2UeEbNW78hBFY7D3LbsHEbvylI5rJWQZ/PMPPMx3MeYYrJp9Faakt1dSb+pl9GA6n7sb+9hceVZ1yPXotBSZY8YANeVRrhhn2iw+0y0MC+i1WFbQkgnAT456EYUdrHKghGzC1TWvoRAlUviiKjuL69vP//ZryrP//Qf/sP7r77+5tuPdPNh//j3//m88uX+4eXl53/8wz82pKoPH74+xow+2Sf66r66TrBoISJ8rjolkS5ztt3vt5XtFj81qXrluogqVGVpud8BVvXqvs6rlWBr6xoOVyMLUl15rpSZl8qBrGbX7Tacoapi82kqrbXabJgPIq+8qpLuM0aKDkPbGL5VQoShMhiwCrMye5xLUGepVkltdjsGFB7HsBHmw+8zRvZV+nLchuVZjzfUta5TxsAAzeBGG3EPVnp2fj6vR5ih1qCHj31eHTZXrexT9D0pLF2kLtOqqkqDCmtVkQn4ta4574YBWfDmzupz1cONDIkXhVRVi47scsrZledb7ZnOloC3OUPI3rmh2gdluYbHMcyEGcParLt5FgrK6spqc4YNbdNeu1kYx9bOqlfmzqAyzNxcMBqvtYTLgG663eHh2NyFBqM7t/xZNNoQx8rymIwAL5g1CFJE5iIX60H49gkUupS3Q90VLGcB1kZnA1fW6TYo2wik43g3Atmqqux2hE8Pt/AB6Oo3NZzT3dQPtUBrbT2OIK28aJ5XGjTnyxMN0WVjmsFAFNZ6XPWQiZpgmJVT2CHy7u6LZlVrc1Q8DqOLChtGkmPVWQGt7Xx/PK5HC7mj52KumhEenlenr/AR5gbtLOQTGlhK1dVQdRWeMVOLsVvJu2ZNMsxtHOoN/GjRhE41vT++fFxZmTXGUCuraeHzturhZhGbsKPsixLjcJu2mYKorLSdoOq6uFDucSQwSNDdh1FiCBdtuM+6Ht3KXS9zgw0Poq7EFhi9DB9VDwsDrRPu0YLWBW26yCCy1TOiCaeHz84e9PCYfhsWRqcgd7B3srayDWY+PKZ7WKArpZ6caXDD43rbRzlzD+5MbLvb/lkQz2BK1RUx3RxUIbuVkuBGA9w4SsVtj5Jm3COi10lyxnQOgLtWD0pU1Vl5gRbTqpJmvfdVRjYjbg2Veist9Gx0CrhavXtvZVmqxYJO52bK+5wHAImAP70m6uq11lVaG5XQUtajlN0wWMvYyOeh310yWqu6FqQwd/vJj2Zm4HQYQoHqdjNp05e2bap2Gb5U1SnQDMBIXHnlZUtq4z5S2hZUlapabrFyQejufQoZhl24kWTwbIO1Q27WsN5MPjOV0tLMYbbqWnlJWZ1o+JYPt374cv7DH+pPf8wsqdWpONxGuAeEbQoska1SohvA/p9KpUw91Z0yPp21P2nl0LlRpV5rhZsb53H87Fdf/ea3t2+/GvfjMN9NMrSKuuZ0ytSaPpYcvI94N2ygFcOdpNiA4OThu8gEN+OeHJSqYd2wOILNBrBd2dV+LRWb4TcAQhog5YZKDx9H3J2H77OnadQIU15vRbUP8gD9ux8///Xfnf+P/73+01+//fDH7zKTsFpX55nX6q7tGAURY8pctL0F0cbr08kngqKqqi6huxpdewjz0+dRpDJF7ZCutvVjywMlwUB/FkQ+fvvyr//1t//6rz787Ju7BxtX9zUnrnMZYDZMY4yN/EOOeV6VeWbcph9ZBT62089ouxHtnGEv0gCNCGeIAiYsJYlVvWA+4liTFN0s+2pcRno4mO4aRvPjiONZWmDRTCoA2dfb9VjIc729rROU+cY0p3rM2514CrXNA43KlVXdb2d9CcP9+ADgXG/CtZJSXVXCeHf70IIxhILKvKsrHJsAQ/SMXbOc2ekRxiDl0AiPjZfoNBvjeOlOgOfbl8fjwV1ecna32f5WoKHcS3+oqtC9OXBPEICT3VuoSfPs7HNtm6ewizGrdP7xj7//7vsfPn/6oSuxQNp5nd98+0LDD9//+Lu/+93Lu/jjn34E4zd/9mu7Yo4B4Oe/uA3XcysJQBoxKlfnErq01KuyMzsG1A4E6d1iN9i0XTJUlUpjuAfGynPlRR8zPnrb3rcsrd4IEQ7YFLebhJvogp1na3jEfhyFb8bHTrQuNOKYIcvzytSWPIGhqu7rNm7Tp5GPC07Creo8z1eMA8Y6H+FORuZi9/0+vvu8snLMexR9WxvOc3gYkOtZtLNwH2M/u6t6/951AYC5V2bvqI8/17m0Z5ixuiPGtS4q9szp5d1Xoud1tqpX0lCdP/zw/Y5Qntfbf/nbf397982vf/0bun784VPnPO4fwpb4GaYZ9gpIMLqarQZ5u73rqlId424wupmWxThrHyPLqNd1Bu0Y97r2DoGij7ivMhbXepDWHZkRmO5+rc2A6scjhfYY1h7HgE2a7U/utS7faG0i+0JnGDPTDBQqF4YDP7km4cMPcAMdVHVWn9Lp1t1anSTO87rfbt0h89t8mX7MOGYMIyaH+8jM4Zfx8PV4xZty2RxVWywTIybZZ7+Vjg0Ed9u7ixfiRV1ZO9lxhqbc90hiF83Xup5SVKj7upZejg/u0SUCgzfTnfQeR9igsdnVr1CSQVo3BbjJfHSrn6H5AQwzHzGW4Kwzk17WqVaYD/QhjzEcG7dwFSDZtR6Ps2RPzpXFOOJdl8W4OYMclACEhe9bDym8XuuCSPNNcglO8yDD7UDXBnICTnZXeYzq6GaMKUZtxGn1lVf91Akp0Szvx8eYL4AO86rLjLVO1UM6xasLay1nwxBzmoZU4RAjsYxKcEQYLNcbY8y4tbC0SpeeM/IJbv0DjhjODbbqprY8y4Z7OLrw7B1DpJrNSlyUDz+CB6lGi2v1yr60k76wMe6+uR3PIOc2T8ZkVGGts1KUDbtfdUGacUDmDtfmBW7CVwVgBpMAlLqLBebSIgL03PsmDuuXXU4lciOPwL0ZlLuJXXnBZVQ4sxGWsN4Eg6ZEp09piArnBqNQaML1pMBs9j+yRBMMqlRCl/fo/bkw9u62Mpw7RznkyDyBDQAh9hKz9/izGiUdES/ipW7aNrfvZg+6sLM3iDKLvZw2G24eMcIj4jYsDPvXu7vlFugEQHdQtmvIdLLJ8CFVST1sGrm69jgZndoCny6j9pHGZII7w2huo6p3+31HTque0IzqAjYgyAB/tlefam5vlQAJ5/koZrO5N7yA0dt616oNToZSNI8xe0uqQXUD6H2nR5QkhQTu9ogQvJuFukGr3iycrsxzPVY+SqtUTHXXqlXbp0tDExzDw2JWtpt2eG6fxry7XObTBEOQ8BjEAoEwoFZeRuyOf6mp/Q6rXleru3hCEbPalI+dt1HbnC9uQYTtjagPXpnKvc0aFr73gkRBBY6IlQ3sJt/aODGYa6s88QSKZS1aVzfNCRNwrvzuU//nv+9Pn7JLa5PKxowx6JZZvXFlZPViGbo3GyRBA1NNYndVd2/pmZBrdvcWQVTvULzC/DjGL389/uw3x9cfbuEudKuzurGIBCeBUlbKOMa8zTENPsGg2zZeAyur04BBQ3BwuCFaaqTQbnP7dErl5lvFJiD73KVN0lW5PwDATsQdYGRt1dEw5Oo1+N6Gf379JE7G8cPnL//+7z7/3/6X83/9n398+/KW2YBRqLW0srufvGFs4O3sbawWt4VnE4ZFVC1CqtrA+O4ye/ZctNEgEuiE9gmFG1ghGvcvq3aRccxxe7n9y7/69r/+Vx///Dcfb/dYdWad2elCosPjNm/BGzGb/ai3iHtL5k4MwkGXzMDqapYqCbfh1QzROSjrll9KnWYAACAASURBVNHongubUqRuUO5xHHatB723wuw5SezsXse80Q5BHr6L1m4s5arHWvnl+vx6vq0qOm/zbnoC3EgffqhTWBJNQ7BurXpc+fpYXw4PIErX4zy7TbKzzsdaMw63dsyX2weHKi9aV51ks7vWVd1uN0DD3YQgnDQbQENtMbtPcobPHZf1eby7H19+/NO+dO+b276ct9Qo26mfKtsLMom78t0iICIc4aFqYGi7oGEEjtsNUKde13m/+3HcnLQYJd1ux+D47o/fE8fr25txjHAfx48//CgzEgJ/9tXwrSvLKwjE3GSbq64rv1C4VuVa7geEfpaUdyFWhLKr8lSVxBgORPeedhHI6ofbYThEZTVVpLZjuzsZQcCwn8mKGM/aDEnB6T6iS1AaNmpApDUodRg54zYPSFtpbuY3KscI19t5Za3qR5bQ1nlmEPBujWErM3vNEVT6trGvC1vk1TvZXkZ7UoCFrHXMQ9JV6wmV6K7Mn1ZzzJQJtCiVWGa+PayVayv+xhjHcavM8/UzgQ/vP1zC2+v5q1///O3tVPfL7eV+n3/64x/ev38v83F79/7lq1/+7OP9nq0HnsIPjJhhA0TVg0TZ+vL4MuxGurpvYzSQbKOvvFJZ1mUuRDclGn3YlCmL7v5YFRYz7te6zKf7dBQ8M9+631T0cROn+ZDI/dCr1dXcSLu9AUKvVNgYI1SI7U6muQ3Sw4/woe5SLq2q6s7KZaa8Lqrp47i7j5nZ725HxDHiJXzGOJ7YSfbb44uts2OY3c1uj/OTqtrNbAg08x2KaWYMXuvV5OG37hF+pyfxyNxFb69eYEEgo+ok3VxVCyBBoxvCcADoho+xTdPh70GX0rHV7tld6s2maPAOTSKhpJnBswENh2NQVD3OlVI9GulHUE2zHf7Z0qcYSNU+kohE02O67WzBMeiwQQtlu4V7hE03lhZ4h85rLUPs5bn7jRotAm60trqua7MqsrYy2IVuSNy5T2SuzhK0akEADwjuM/xmbl1X7W6JS67qqztTVbWOmMNfRtyI2DBZdUfg7e1Vkrtb0y2IzW0fxlGWWatgxxwsqS6YhFEtmCA0i3P4zt1txRHDEWboLPg0m8BbZTvLXDQv5ZWvqx61Us+/mNMDhGoBXZXVu5hGyd2O8MPA1fSRZkvXqyi47reodVIyF7qzOrhNQRZqgCotbJrefirDQOyyPOCgk0SvbV/YwVGLAXUyKXfznfQYaLgGg+ElXd2iu43WItvMl5aAMO7nowFZ/aQINsJHF6qupQTabLTux7i7mnt4DLJMbm6HWZlEdVVmX70JofAiq0sGMrIeEIy2KgHt7iPocxcEuo1mYiOJmhHh2+Vuu1voBsC6C4IJbgLRSOtlMjbMSCNUw6JgZrW75KslpaQAt8YT5E5BeBzeDNJghuEYFrb/BBg0iVJepIZF2CSdsojB3mKkoHnnAjp7nevBeCpRkgKZAsyvvkhCTZUwzYb7jZDXWXmCvpZa8l3urnQ7Bm+kWgtq94Lk5mb+vJGo1nqc6zU7V63Vp9jdqyuNjpBjujspoVQZEdDIzqze0ZdUsgmbBleDRITHOEotdHUeY2iPxmlHOJ5DXohEa+ViVlfCovbNYmGMu6tUy2MADgvVopmWnvA+w80OUGAR5o3e1X3uYmLv9RdIBHutrGXuUpmDP82Tx7itwufH2z98x9//od8eRYtNB5VRtFJnZ++XfBl2+LmaVGunbBs/He6102+AYFJjg+poBpEG7PWmf/Pzd3/x57dffDNux5OCvy/V2QqLVQZV7y+f4T7c5s2PaeZKU3VdQUqbdBD0WCIxgCG9XvkGctpQ985hmDZL+qea76yrHoRVXZ1yztg3qUoxzX1EjBgm379/wjzm+7fil0f+ze8+/d//p9d/9+8fP/7wZuyw6F5CqlY9Nx0lPnNyMm5UpMV2UofgIrq7a7ETJbF6T6W6sE/WlTuxAIk0aTPc0V0hGNi9D08Gw/uvvvrNn331b/67b//Zb1++/voAzjNXV15VbnaMecS8zRfHXR1lNUsFmz7czD12b8TMjVjX6l6EnEdltaf7ZibuRsNPTufq1ZWVtCY3n7NF2w4VM7ij0cY2CzOrzu5weta6yjr78/lDZp1rvT3eZHaMG+mGOOY723XEXlUnKFpkgdwTnsq6sgrAeny68rGyDaMaj7WyBaw4X2f0lSOfVex8Pd/ozLWu6zIa/IIEu8+Yxo5Q2FbXuTp82uG3DUZ1m/P48PGr/s2vXv/Xf/e5takOquoNSlIV0HgGpsuI6iK6hL0QMHcRlbtd+nxIdvdwd/i1Ftp+/uufvf/w4fs//PF8PH7757/6x3/80TlAf3n5cH+5zy9ffvj+k43x7cfbGLczs9qOu//i6/kywsiHVmv7IwOmoq7Xq+rac0d3U3etE7ebGVdeKtL9cV3KiygJvHj1WyuhcYyXshaurBz+nrTeGwbsyCWMbWa7wE3z577DbDMDbrf7cKsq3yDqPQ6oUxvO7O4xyRg+1Th8Gph5mmkMQ/oybl7w43wNMw9/ffvshGjVYU54I5C9zmsZWFV15cqF7h3c3zf8WkJvaxv31UCC07U1SwI6YQ5gZVrg6SY2qco8ukNa8UR24atvvpHqy+fP8z5u/s4R9+PjLd66Ncbx/t37L69vY4yf/+J95TUO/9m3bv765XqzbjM/5svtuBl8rQU2UOHA8R6c1TQwBldeTpav8+3zpk2tKxc6xv3wMUgjV5sjSL+PlpaRiWEwYJoLaDMcc+wTnU8jvOsJCu7WnLfOs6rpE9WUqTFv747h8h7uEgq1U+BGNww6NslgM4+dNsxwyFZW8z5faNNwzLGnsDHiiLgN972SejlG+hV1vV4P2BFjVp2Px9K47/fyXvA2ji4ML4shWPVycyfcMeIeuEPdfe7pUKPCzM1UCZnbcJjjqU4hAAbppX19HwOedZYWhOF3czUeXZdxDnsfzpVt8MFJnw7bblLDhNqDY2pbH+e4G9ro4NikYKiLDRqGd2+lWxhBaHj4mDR3huCJRYbZEcOHRaWVOONjdxu41iM8DNEF2z19eFa2EtzPec+8YgyaZV0kyIkGEUZbq7pKgqJtsKRmO3yOmylWrbUhElxXndK5HVYeL1flMHJ3bnw7HOLZEFeM8e6qN1SGmRpXVksRSBWI6q6qyppj7ME7zYNN0JnhFnQ3O+aNxDKt1Wa3+6iqpmpdbxYs6vXxWjwzT3U6ohTX6xoWxhl+uIWgXNUdJEwadtCC1aVliIqaYza6+mER4WSXUBtR6jMOI6MDyK3Uo4Fg7h6lDcKbKp2CBwNGPdMMFYZUGs3iyNrPljgYFuxsN5HWZOy3XGeXbSIv8NTf+hhugYZZF8o8nmlpd5ZXXa23OXCVwxgIOondVnaowTCbEKvPVmYlSPMNIiyRze1rJp11JaqeEHTRXEEPOp+Ra2bV87+RRLfOWr6n79pGZckI8wDLJSFbZvL+ie0I0s2Ocd9DTkNVXk74LoVwRw936d0j9v5dUltw7BOSqrXfgrAINHfYaYwD4L6ju21CfO2LvfbUueAuQYY2Wm0FiqoLWRjYtDBATnNnF85d5a5so3eqB30bcACUbJ+8u4YFYISk1V3VJ7iaa9V11QVk9wK1wxcj5vgJAUbQDPpJzgoOoKqWuudgocPcGATBCINUm9s143AfXd35CiDGQD1Ss42xWYS9dpuINNHKtLqGeWGpNwh/a60EIMJnHIQb3SxMlClbm4ElY1WHyWBLqZ01o2+BHWDqHnEj3OzIld99Wn/7u/rhR+nJVgSNFsPGAXN6etDMsqp7eRqIzOzK0qVKZBlBwM16vzlpoNwCUlWT7u7d6NL7D+/+2T9//+e/vn39fhCrC7bb8dyWt9GwrlWrtwBS1WR5YJibZKqVAuHcfiMreGu/IEfBsOsGu0RDsh10dLbSGGO+3ybx50RQtDE2Bl4AeDNuy4LRPexF1usUh63r7R+/f/t//vv1v/27xw9/emWjDdJV56OuN6qqk7vuThodQGdt4qcRTu+dkrDoLpW6imr8E2JTW2q3vfXY6Y59jtrhCRvhvnsEG33I+7uXr3728q//22//zV99/ctvX2Zg1VJdgLrzOc+Lm9swEcMFxpw6a85DEqwpQCZsvlcXOzjMHIZC7Ut5ban2Diapmy11kWOTlJXjdhiUqeH+3MWyjKbqRkpYCcRRuUrZxHld5/W2qo3U/qEXbZCA282tUo9GQ/RW4zrPL/ufuXOZb9fZWp3V8kZl1p4Tm80tT1v1CJiFzrUK1WtdmT8pusosipfBSQvnMHNzAFlKJG0Y6e5odV5z4Be/vL9/N7+zea3TI0bM6n3OBwAzBCyrcy0C2Fc37ciX8LQ1iGaZCaJKw2+S1Ih5A/18XD9++tFMX758fnv9fHv5+tuffRUxfvz+u8+ffjRDZz7eHu/erc9fPj3O6y/+8te/+uVXL/cNUZ3nSghgtap6R4DghIcTcgqdVdfKsd3V9UwZu4ex+1xX96WuEXcHKa9KqMHL5AIaaKmqwQRxrcfwceZVtbIrldpDblr4CCO64TCwtfbW0MRjuu9IoFt3+Thu8yC9G8IywmjuNhwtW7mu6zHmWLWGOazOznf3F58TeJjbGP54fay1QNsvhV0CCPdGqXsXrq5cRhs+9oEQvld0y8itQt+9Lx9T4GbFhIcEtc9xXNfK+vT65UvV+vTD97/61c8jcJvj+z/94ccvP3z4+O7L66evvn7/4eV+nm8fXl4wb998/f4X39xjvOWFXGd4HHE3d4ocBKyxiGVmV9mIe9gk1oiRZefCu/cv5/WWVWhtLHxpV196jtsY43x8mXYTRkkv9xFmj3PZ7pq4h3fZ5cNA24MDccq4tSUPFUUy9l3U2BFzWIBpmzImE7V9lIAoJ11tbuOIu4sr3wKat1uVmXt4hA/bvHm0sC0t1rKuEj3mi+POuH06P7E9Ykinh9OGJA8j/R6+ynU1GMDEZhxEULf7cbvyTVqNaCXMKmsMr9XO4zanwa0V9AANcJ80d9G4AWuLsvDDFckAwpTuTWP4izB6m1/9mBFiwKMNjZQ6Vdgo0kmg3cYxh5ExfKPQRUHwMawFLAk7LOtIkGi5e0RUtRt8jhEzOIbRwl1ztTmXxEEzlXPsBrtyyc1MbpYr18odncx1ItPHrbM54dtj26Oa6tj15zkpdna6jRm3wfZeZn2tNIu+upT0p2w0a4UPWjicVm+PE1sWXWvExrVPgwm56mqliLXful2odeZ5DA91qmEmtRGmdm4NJNxioxED6sCc78vtuh7/BAS+OrMXvK56ux5vqva4V9uII3gMP47jBbKq8qiguXFL0cKsUoAOPxqL5pmXPGYQYjWNiohBMyO7uSeg3TIgaPBuyQnfuhYskq21g5ndF2kl2T4ybsiOsA2jBpeVmTnZYsLErq6iS9kC9KhCb7sz0ChyAwpsIs7OUhFyeyojrzxJmR+53RnmjpkNM5rP7lLvvZlvDkmLLWvTRgLKrHKp2zY5299lW+naWtM9QPTtTkDTAjTtjTXbMAHUZhUrRTPQwOZPIWOoWgTCw2OLdStk3QtuhjJUuNcmbtFp6Fx0Oq06IVAJrM1C2XBlbNWS76I13IP7sKne7gFRLVpE1dlsBqsbdKNv90dVZ6/qvlapYT6drCfEPYbP1sx9HdowekY3K+j77/3TAFWdvds9UOe16sxerbzOt6ysrOwMT26UDIO+6d7PrBO6hAZbyKcFA/uodIERsd1/22zQpOa8gWHuRnALxjrNHJyBOyvIBrryUqcZslI4QmYW5I5N2xYTwwgTSu5h5q3OXsPG8CEUbWYqVxEWMbtCnigkiN0irg6bJcLKFTDvqz5/evvj9/z739X1WMPjOs9+apv3uh8EHAhHXav6rGr3UBZQlFT5nP0Dz8jaVknTyd1GxJzuZlV1e/ful7/9+Nvfzp9/Pd/fh7MkjzElWreNo7XveCaxik7rLnqh1+5he0QMrUyDecyl6paelopT3eFBQnV1XVgpujbNqcunk7EqpazqyiRYOmfAbaeXK7Va2QzuC7lFcaxaf/jx8//r3336n/+3t++/f5znItoyO6+8HlW5ARzNdu5/7dOhUawWnGKgAac226q1GdIUdqOKYDaksr2jU4t63jWrdhduE2QsLILzmPcP99/8+ctf/Yv7L7599/L+xl5h4IjzfHO077CzHLDqC0xYzDGDw9lAnXUOPwBK1X0J5w7mwTcKJqUHcMCYlS25dRhWNYk5buM41MtxgemWENxpYKlMpVBeXduI7CpRQOVraa93l7m3DG3OEb73BzvkwieFRJl1bkUrwbCjTcsS1HlelaWuJdBiI5LcYNamrLo8RteCMiavtzZSUElh9IhSst9u4Xm9cowx3klwjMp9lKSUbjgfr99998fzXMi83k62yDIfdO8mOzcRXKxdJOOWuNVWbm1swa7D1u75iJqOLeP7+a9/cdw+kPzy/Q8xxqrr+++/v70cxv773/3Du/cfZhzm/vKyvXX64ccfMq9xxC9/+fLx3REeqQ4P2LHWpV7Saq1wB4Re3aVCRJhh1UUbz+NZJdD76Ey31hpmqg1uejXeaK5uoESornWtZne51OP2QlrWylyN2lClEWPEDGGM27CIiNKZ6xJR6DlvWjCf4ZZVw2IzTQZlYd3IosAZ/lg2wCZTDeK6rus6/TaPObuzVdX7sVtZqyrdTGjKe3+13bCGoErRQFRuGRVbNLPqvaa0jZliMxxqd3iTxd6vue6LDLhJeLx9fn398Wc//9Xjy+s61/3dhEedF5ivjy9V+OHTDx+/+uqq6/vv//TLX//mFnC7IBmYVCu7xvTDh1efuVEWvYulgFnEdA71JaXxuh2HO67L3fl4pLrgYT6mTffRKs1b5pJGmJkfYeG4SmwyOMwEFp2vj8f02IQmN5LeKna4OegASM/rS9cqRtiArW7RQlooNaqR5u4+jhYt2vyi3OURajlgzhE25+gWWEJmn0uhltlISYbDh5szgm5Xvla7wVYmOcaY7iN4r3qD2KGr2seLaydIhvtgWdUjheEvRofasazhIwaH1hpbJQ6JMgvHkKp7zfGh6N37kTNpTpohGsNKVITfLRzSbb43mBsaaI4IS5m6XBY+K98GaWa5rwphYJttIaPcWA11EJsmMoyiCBT5PIFJRfMnHoYUjB6TPng3m1Wn+vV8fKeubq1KWnpbaZ2PR8p3NibcpDzXI6rn/Liy5QwL4hh2L7Yo461BiRQ345FsV48xsk3JiNHrQW2vvNz9SbJkS9lqh1tYrxZqV9IT2WslFthXnV1NQJ3D8RyRWIS1JFUaGDGg7F420Coi3EdLHhQ6H+WD+XiV1Mxcr8Tb2+Pt9e0zN8xTyKZjJc/OUf0ADrOJ7fOuElvqMedV2b3cR+e51knUCEId7pu8Fu4BKFft9unTaiHItDmMQtMoutOAQC+pCZOeLdiIaWArR7xsGiThLsJ8j9aTjGZtyLJ7ZxH7wy5CmZehwK3dduN0qCEznZkw0lhZZqo8U2q0xr6Yt/RE8G50bHc6x8Yq7VL1xpwUrsoCAAp4ViYcAwa3jXu0rVx1n3jOoba8ryQ4oiSgzS1orcxucyM2mW1vA91jNBk2CFmlaDRSRZMhtSmXQIlmA2HhYRbbZ+4boaeCmgLVzSJ7S5b2K992ah+gyTbZbWPh2LANaN5HElQKrFW5C1u5rSGmabHZM0ADGBbVFhHYIfqdoFBXSUrfoUHASYPQtfnj13WWMjtzJewZY8kmKv0WJLuqsOZWYvXGmdaObYRJ1bWrs8gYNzO4W3cOpuBqubl2vnnjGxHcNwaDs5sECix3XeuimdPFGX7syBZp1dkyAZlbLNCk9RMCs5GqFJ2ksWiLcAlAGsw5KlOQDCNm9Y7lwBhVuHS9nviH3/unz6hVEHKtWmse9zGnmffueVRvXxL27Lx71+fQe1ytzIpwg5518OffFE4XC1CrR4yf/eKrf/5X3/z2N/f37w8PJxBONUxOkJLFeMu3LjTs7WofftjkXgugQBSG+VQjtcDA04ip7CsAGmAhVatTbcEnod/DIgCWWqrM6ursJox9ARxhUrJ9hq78RGSZWZsoEZ+vt//49+f/599df/zjWz5SMHSudWJXsGybpJ5nu10/opnRn5Bt7pnsPpdcDjXR2UD13lF1N58n8Sf5X1vRbEDBCSjM0BIVQXOLY/7qL775V//qq1/87P7y8u42jqqHtVFZtQ9DBtiZGZ4wBelGtwFCddHRINCENbvq4jZZ9yVKGIZQndf6vIs0UEkpre6T0BFzxCxFMFpv6JzhbqouCm1WWm4iu2tJWlnulvV2Xatk2PbozmMcmzhs2IGpVSpgZV9Etyqbk8cct271MOYlIYYke3t7NOlmlXXcJtiCydp0VhXQtuOXkHPDRHc/X25CX+iz6FpreoAO0wjPfAt4Vpbaw7vyfHtEEGiqOlUpjmlmw6K6gd7FXmN0t0lSmZuMhKlr9ZLKaW4uLYHXupTxNePLl8/r9cvL/Xj34f0f/vCHNfvlPt9Wn2fPO8ZtvP/6/s037/74hx9e3n0s1LVO6/7Vty/HvHkwiyAcSENXkeVMKanteR2d2boGZ9f1UDvH0A0SwTG2BZJ7d21uZKkftOmcbSQ6q7KvM08zigxnNc61yAYZDByHHmt4BOM+xvC5878EKs+uBe3lLnd/KNrCnQDYznaqzbvNyYINH6C/PU52u/uVy/1wn5KXmMsIv9+PeZdfTV61kQ+NStENpdoQrR3pooHV3Vdfqyvg2oO1GOu6woaqUj2GZ6UZUUqmfqqX5sp5ezdiBMdxe3n3/itz/Om7737+s1++fPwYr6/ffPPxxx9e3eLxdr2ebxGLVj7W1SvON5iqK2L6PGwcJIzp8OrcCQqPqVZW0hA2D76QyNcKAINh8puJvhkVEcPM2T1u9zNjrZLoFh7HHC/bdJ4+Mi9YeRy3cdvSyN4mHmmtdp+VKcHiMM229jHNxogX4sQ6zS1LoEXczKNLgnkcZnAb1ae6YszuTi6Swxm08hZW9hdY1aPCYx4fzKzrAoZZDLA9pRmsuPP19ZM5jnFD090JNTJ7eHZwhg/qcjwrhdNCVSCEcrN53CmMmEzDcTnt5i8Cz/wMGsCqevZzmlcXLc3HMV4255Bw65fremslQWAQ082ArMrUaXbArJSSxvBuM63YEXH8lBLL2u2IKoAyzIgZHESjzkZSvbLdg6rd7JRWg5kNHrfjXXiEx7T7ma/VL2Z4ff2+7FpVEJRZeWVlK8Z4T45Grz6zUl6DaJjZlApdY3wFjTNPs0kNbtkineYOlntf2hGf54BXcPNNGc/K3R2tarexG6Zj3HurfJQrH4VMrXO9XussFS2MMniEWwTNBBsQjZmX2yCIvhzcKS/sZJR62u3UJzVKqE711f246jXP11xnmI85kBoWva7iQtvKK+Z7q7zW2WO6Wcwjxqy13EYoZRXuBagZNoEi5BFUxbazNTBGcCP2YNr2OlqE7w1F0Gk3qbMX1fbct2PGDLrYQ/ug6FITRNc29TagTmz+2K6C1gKcagpqrTqz+zZvYQcV6M2ZcqjCZ3YL7D1qIled0krU8HtYGV29utYuAbuZmYd7NSwctf2CeVVB8E0EMW9U6hw+3UxqOozu5lkFWlUVrkZDaiWe2bitqDbQuvf5eDeiQCKr3ec02zkw0HaJNHysQreBnnWqU6Qh3AZ8Yp9GzRowYKcdui/3w2CrLgDcsT08hVaN3BPccBhUnbswQQbQvsm0K6uTFMy68spzZUnu1g0Oj53vprGbFMJHeHSWkVvhvCVT7mYW7jMY3L/PtXugOM8FKGysTqAI9ycWkRTR7bGtd0UjDEqlysy0O6Y7QYcSa/VFczQyL/ohkYRUbDndaEmmyFy9q1eMTfwNG72jqhHGuTOt7uHuqav6qs4zH9QVVCMNCBsjprs9/4Zm9KH1JtTOc5oNbrNML+63MNN9ug2zqDrXevzpx/7P/+V6fGmJ1+OqXFT7017a1lvptulwraqt3dmPRUrERtGY/eQk2hEU7g+5Nly7JZv3+c0vXv7iLz7+4ue3MWeXNutFUoxjmK86zdHR6zqb2BQ2upPtG9xtKjTMOUblykaB5zptkGar0wG2kRKtsvYWbrPzDQ6xc+3c5Mr19jiHDfNZvRbMZUt8OVSqtd6MNufNzB7ryz/88cv/9G9ff/93b8xUl20F0VqdJaKq94WUFurcX7bRQRLcYTx3eFhpu5AFyNgtApRDhZVLyqf5q2RhEjpzr5vVe8Buc9q4hVQfv33/L/+rb/7lP//ws2++frm/dxQwSUKBadFaV0mg9VVv04fZNGxiYjdbqBHHqkcruzPrrEoitCdb6ittjgM1S6kWvdf1Vvnatczcw4QmOjyoI5HDX+j88vpD9xJRjS3Ilolmj+sxhumJfN/CDcx5DDcaRhwjBnBCZ/Wqzsf1Zmz3cDtUZubqdrP3t/cPzS+vas/7y72KWT3H8Bho2PDwgVL2Gdx0BIx55LXQYT7wzFpJ6NfrcfMR43jLkzYcMSJyvXat7qYqxss8jvP8ft7Hh6/e/finH4zKWsz2GPvHkpXYAryncIsRQWflqlw7gu2xyySNrjPP43i5v7/3Wl9++L6ral0ct49f/ezdu9t5Xo+z5v0dyOOYnz5/6Y8vX14fx/3d+68+GPH4/Pb1O4Oqynb6thNVy8Ku1dlJdIy4VubqOcaVZZEsq6rwvroJdw9VmXnE0au7rojtZjVRhQTt0lWV53qULihsNxrNVuk45oxQnwEbN3fT8HmMaVtSpx5jrv2+kB6PdAsijRpx2/SFscWAnSS5laKlUGQj6HF/yarMGvM2x82MY4CGI3S/L7ctgzeg3QPdG9i6B4TcuxfAzfaDaTOXqKA5fEOxfBduIDls7Ryzm1oiDTR6N8a8vdw/1sq3L5/jGBH8/o9/eju/mNvLpeUCXgAAIABJREFU7W6I9+/fC8zMbz5+5eH34xjHeeYX876PMeOwMRpVSMNwiy0RlepcGaK5q7TO+vD+I21Yj2O8K7twarqGR7cVAmbdPcYhrEbFcMbYAsEIOg1lopxjhq2uOW8lM4nQ43xVt/tu+TYyYUQpIubLBzxxlWZ2g7rUbMh3e8JkQMkpM3O/z/lOYqtHcI6DjLBD9OrOetR6yz6FAOa4rmPcf2IqlNACw2b1ovDh/jEbwyzZ4J7V3bge7t1dtElRtYzusLvfTCZkwhtyD/dwDZoAO45j4kP1Sl0QW3Q7zFxIgm5eSDOEhfsed7rJPfpxnbU0bLR1w9BubrxW6WpgXSuCkggGx1NG0V0ld6u6AJmYVbDefivz51WffYHdgKXJpnMIXfkafc3xYdUaKMMGHdxBf1wc8ZFxVWb2tbq6L/Qi4U4iLeK6Gs0xZ6MJjYjhM2BEVL3Fbdo6i+2cHrHyGp2+Z8rqlStz88CaCoHmU8KVV9iRuU1Z837c1sqqJueqvvJL9lldjfV4/Agu4spapsF5E57iz80XM8HM4JZVRnhE9equ7CSyu1JNU7beHtfqXrXM1USulZmDbh4mb3KMeb2tVrX8Or/E4oyjBem4jyPPGsMfj7ewfTTR8DnGBNKfgKi3fWCOzBNSq1E9sNFEKiyTYBZxCxttO7EcYjuGeusDg3BulrkFVOqfeo1io7uv/CdQk41u7NVkG9SVlfXEeqfJ2nqPNbvr6rNUgLm5UamUauuSIataVdWjFT1sqNJQe6xrHqCHH/uKu1k3WVfmJbjM3UyiiGbBRYRvuo60648JNDMzhQZ6365hMDYgazeY0WXY7+bs4uY/19q//VddO4koFigzSequ1Ze6dpdXQLiTpt61Cbfn0qGBNu15zTJo+P3/B4TfmzEKhJ5CKYi2p5+SQ1m5utNAKdy5rqurq1sFTKALNnc4WmqyjjG6a+W1e5QzwrZiieERww/nCJq0yTNrS2ON3nuXyDFtM6Dydr/vWjsB882W2us8ActIH+O6qrU8nE+0dl3rrGqne7epsa0TQLW7DXPPncNTqgV1q6V2hlHDyQi0pzx8BN1Bytxi1bnyhK7s5Y790woPp9vTM7WNHVX7ytIb1LvVrZDRBFQN9xacE7C31+//9N3b3/7O/vCH/vL26OyqzHUOs726dIvmZuj5LmAV4NsF/4SDPt2N/RPJR122sTfCPgWYc//ny/vj17+5//Lnx4f3d+xfnC7CjvE+/Jh2HHasOjv69AQ5x21/ISDAhs9wq16NkldXtVV1XuvVu2wc7t7oHZjjalWKC5K7E08uV6u68bwMlB6VyJ2W5fABz8/nl5mcMacPb76e648//Onf/c2Pf/d31+PT65e3zxBUZz5OrFWbxda9Of38afRvpHkIJnD4AAhnoQURqkxp41+5AYB6XpKwHRoyObm99KrtrHYCHjaOw93G/fbnf/nNf/Uvvv7LP/vZ1x/eBV3ZFCNu7NyrDRDZuR8HKtEBpXDCrHsRMWIa6szPqx4r36rTGNQg7+6D6OrL+sQ+2bbUj65rD5DcUV1gOwC3gQmz6svIqxKAZNoK675aTC3kZkP4Vek2uhVWziTSQ2bmPFZ+Rp9dl7Gqs/Kck41+XAofgxMkCzzub51ypevKjjGlHHOM7Q8wYBlsd9emBd+SktGGYCQye7rX6qsz4n5VBp3ot/Oquup6rHWNET6O+7v7h2++fjx+d2bGmCDQWzko9WaDNQz/ZJbdy7LN7vbhqjqfEs2dl+g4juN2v91uQLnzuL1/9+H9cdzf3s4xxo8/fj4f635/CWK6j7Dvv/vuq48fX97dv3z5VOfbu3fzF9+EelXz8Xgjq/fZRNn7KqJFgKysFXFH1+PMMINHorLOOQ/0rarnuEFt6i2SA7rRq06izOJcV2au9RBk7rRulbrHuN+OdwbU+lI67y8vmeeONu6YqJSr2LKGV6uqPHvEjOGgdafTIqw7ARXgblWqyhHHgE8vWV1V2wFAudNHuAdzXYPZ6+zMeUxnXtdD0jGPVq91oTncLTxrVfVPbabQPtKaVSNrb3ZTwPQhYscdZxzn9VD2sBEj5EGTu67zctO6+vXMDx/ffffH349xfPXVN99998f7uxeCP3769MtffPP+/ceP9w+/+eY2/a3rkdZubuI+KwHV+y3mrOxSrjPNTnKgvbQEdtFg4WPe79lnq8zGzmKN44Z93d6yZWNuK4iBT5FqHZuumWnmjhv6BPp+HKsza6G3E2x2d17XHC/DD6mfayvSzLt7zBt8qBJm7rOwp7j0zVHa/yan3+d8EViN1M6svl7r+xgvpfF2fjrm+9vxLnxiiZDQ6g47xIDJqokmq4nBI+ZBxGN9Egw0s2l7bUHv5qDTOC2aLPnwEbyD1TDnPOLDma+OO4uxwet0EblxadVVDT5dEdgtRKBULl0LUELtdnDTQvrMnSdb6Ewz3xCHn6yvTfiMcZ0Pyo/5fjUMrhYE0EDbuyg3ZKfZCA9A7lRXrlfgeFtfsl+c8xi3MBuhrks8rrYFO+uSKtjKK24hLeqYY14lE8LiNobTnHGM+4jjccUjv/jYAvSqvCJumYt4BbPrOvNqpNhrneqNUXK30VWFRCU4Rty2G2MnU7LONrYMwc42R+Yj8zE8rqxBw37gqbvbaUatrr2vXn2hlnNdr9+ndIv3UncvIFe9rTqvPIs1gNrqQUKd08f0gUJ1D0eWRLT4+nhk9LuXd11ZYZ3rTAF8e3sV+7hNVd3mDD+E5RaLXf0mIowubAt1W5i7A7mJKMYx4h4+95kLbTDSor0JqsVgAeGH+ci6muf2Daire0ECdxZRfEL83OCSra4WW6i+nIqIVq9+o4Vo219rtLAJCpkiHdapRFav3WJqHAo5THuZIHsCQAC3UYKZU0VYd5fK/QajY+yeLkn3YSLBtn331sYBEaN77RmV2+FmrVM7tYJ4HtdZQEOVvXYUie6rYYOZS89EjmDGQnZ3gzTBSJeglkVrD8kAEFWlzcdQqs/Wg7yha58Yl0Ts6H/s5mjpqb6rkmAQ7fkHUOrqZvkmG0j0mIRl5TEq4gjzegocdryNRBro2K74orZ4y56Yduv9J0WBCB/bNhpk7dD5CA9qMxeJqozQ85tQaWFWynqEM2yAymx3h9Q7URZT0rUuYa+doiEGxWfhMp/i3v0tOsKtVc5pGAjbUiqnbYyVOrtX90WrzlUepK3OiUrsYB8b3ezuhKtbqcqqnaqU1nAYQ+rKCwohH+f1+nb+4+/1f/zH68v3p8MKUp2uNg5zi3GIzHVduRlZ+7tnOzdStbrTNmir6xmKkgAr5Q4GQdgv7y7dbrdf/urDL3/lX73XMAFtJKhV1xwgY4MdjO5l/HA/JTWhklHmC2VM8nBD9rV6ZZ2r1rmua12hnub0Y+9r1L2jxhKzruy+IUSFxYhbyzobWLCxrqslwK5+vR2HDZe6ztWdfrx8Ofnl7fPvf3z73/769e9/9+Prly+kVNnnWesNvXVL1RIJtKoFA7J3Jtw32kJGGkRrEcpaVQva+R+RG1y72/bW2PUSlX6qrBA0l9DmY4TPI4Z99fX9z/7sw6++vX18eTf8hlZrqco5zEdbr3WZeWp1JzkErHx4QDtc5cNRrVW4Clf3Q7gIqLLA8P042U6exc1LV6ovNwubDWNvqsIOJna5Aei+oNxgkFKvXDILs2utZzFdQMstCNDRVeAA+8o3BtxG2CCz6txn2e5+fXy5z/dXrYiDjMMjjOgcdzzW4xh89xK0WbnmCO3dr0kW1dvGwL3jHnFbDX9S/LOfTGLr3se06FRVGpAtizjXwuv333/h27Wuq3Jt9D1HHBZRV7qHKHUDlFFIdaHVaiTMvCvN92UBdAMDXkRd1/n999+9u92/+faXjOPnv/oVuv70px/PdX358vndhw/vPrxcV16ZMW+fP396/+EWY/br27Xyq/e3+z2rH5mVfVU/1A83vJ1vj+v1youwt7dXmt/mrbPDp3ot1LoeNqbaszGjSYoBX0LT3cxWX5dOJQcnkK1SZys3LqIBAG48RkwbUDOOLkmN3e2lQyjpygfbxVjiqrUHUgBKENZa9f7+Dh7Y8tJeaKs+nW4j+jn1CpPgVl00HH64uVP3eR8GMxzHWGfDbZegIPbagh9sN2E9a0H0rbXiGtxsXmpp2+Wx/4x699Z2bluCiHl7d3W+vb7e5k3dt2P4ePn9P/5xBt25Hm8/+/ZXFmPlo9V0fXn77HOa5bcf4hbzcX65cB7zMNomTZceyNfulXm+Pb48VgtE+XDOOVfVHhsM3NWnOfBcLx+1HqXLKHeeV9KsJesNb7XsMgKdFB2z9u4xXEWA3YWdIn8+TzTjlsmVb2bee3Inpz1XJwDcvXeetPX/5elfmiRJkixd7BxmFlUz94jIZ1V19fQF0SxAhAX+/38AAQussADNEO7t2z0zXd1VlZkR7mYqwswHC/HsdUZGpj9MVYT5nO+TN30o15oLHoY4ztcNCzb7SG4WF7DcUr1Kb8/Hb7AB/zxXuutBPBVBP21AGwMxCB+Gld/ux52gyVo8XC1lP4HcmYTCgiximB1QVi3B6GeM0/3ug6kIxmEvMCgXfLi5undiM2t1rZbcgxawwyWxeZWknM92jThXWpBBJ2xEVM6cT6Cq283Njxh3qLbbnhTUgI/xKcZLxMvM7QLqWc+s5xgvRnQ/u9IGaFZqJ91GVT3WN+KZKty4+jYaDTbQcuKIOB7rvVFrTQTQmlnHsJSMChpY5wirNex2jnCAxiOi5Dvi3j3XrMOPuebjepOWVMZc/bjme1cB0aVn1+00Y/Qqp8eH4R7hZ0HVS0aIY5wrJ9XHiEyXrFukd5mNIbCzASpAN+VqtbrXWtUW1e6vcwVNylIncHW+dT+qr0LONbMeAs2GmR1xDBvVmJ2SQ6ps9L61g2FkoDmGPa4nDR5hRoeRxWbvt1DEOIbms1FxxpFZiaQ+qNWgSA4L8ggL57F7rHCqu3cm3ExdEad5fCAwPxTiQktaUNuHTz4bpc5uSb7PhP3xVhGA7HIpgOoymlkMjl1TNFEsw4bwdHXOfiylIZxnW1bBzKFadaU2ysMkNXaY3tyPqja4KIM7j2OcKDXa3X0TALqMSLSwl34gzGygm5S5u06ArctYZtrfRYGAWgmV2IC1KnO52X5KNMSicY/fm9i0TdVe9W/6DT8yqd3tUPba9tnSAop2lBJ7Pmn7HEm4WkZRldbDRnS3IKcBtvmW63oIIqLBiDEQpgNixKa99OZ5F0GxSe7/Q3qrqrO2DE9qqCvd4XDSLYYqS3vXMtz3Izu7HhEHnN2PmWuDWKoXuBsWuyYuh1HcEoVjHG6+YTK9C8OVJVSD3UY37+pUr6ZV54cFTPtziOyC5OGAG2MYzGzHwrNm5cqawGrNwrxWZ8s9Vk2ADbgdrV51QWttlim6qtQ0c2mVZA7lLqj0Wvnb1+e//y3/2z/jr/+xck6pVUuVqrJDHkGaqq7r6urdyNCuifc2SBSA5t5giPj9y/4QVUnAjq9txfaXz/c///nTH38enz+P47TeGJyP+212r7Ituj6bGqADVUnxNpxAd0rMBtFZz6yrej7X48pVSmKTH2r4Se47lbmNuZ5ZZW784DJx+L0V13rrBixWrUIfZmvVEd3VmRqE06qrUb98ff/nvzz+8h95XXPlcnJdT3UatWp1JrivwuDWq4ptHnF6HDSzDX81M1r3YovV1OYhCZ34mJ329i3tcAwldbtvnBTMGDEY4WN06Xi9/ekfv//zHz9993oPmVa5Bc0ZBy3MRvi0NZsIEOrsHuxVq9QkwjdhrGe/rXysurqXEcUPhdtO5vl5Nz8abSKlrKu6j7gZx8eIED4O0rP7orQpqMC27FlWwm4r00zudE4Dd+nILCp3cqPFVJl8uZ1khR+sXO5mnpV09kqpPI7qHlFGmo1BNwbjbDOOk7xhTADSrMq5FoAS953DFLcYcXweLak+EpiFGGYe11r3c3RWVbqb+ajrjUSX3t7n3/62fv3Nx3gZ/pishn20sH0/v5Ow/btOi+5JZ/jobqN7RKvMwtkmVi/fSGTw88uXl0+f/um//tdf/v71+Wh3u6510F7ut/txfn79/Hibv/72le5dnM+OOO638/m8Pn0+X17QqCvfn/ONLrG7q5Sr51wXjTHCeYzxuq5ymnCQ+w5TAhKLFmFYa3UuN44jBDXWyivsSCRLEiMi2mbWDou6o5XOJqu1hHazrMsAN9BpiuwAXOT7c77PWVlmpFPquR7sQuMaH73u7e2hLGg4DvejHddjoXn6sLDn+ubhYbab8bdxO4+xS2pgr1zZpZa6sgomQanE2shh0tjAhi/BjTRrcYy1yuQbULZjHrJdNTuKV6KbYT7mWtVgxN/+9vXz99+N43i932+fP//133/LP+Z5Hs/r8d0Pn7vXnPl8Xuco47uQQD7enxA8Xp1mIMminuuRNXPzTxiA5lUptBYaw8ZhbmrCw8bK/gjWolau6m5NlR9mCANNUmpSpU5Iz3o388CZpWq5ZGS1eu4Pk8+5SojjPmSViDDf8UpH1QV0xDHillmtNlpVNjZRz1MC3H9HDakSe3VrTqLXQpdDMJSW8jF3EpcFxVJg3M640063AZmF384Xus/5lvlemqV2P0oNpiqTSTZEs+EIA8U08xF3+ul+0sidpYET5n5vARbhqF6ryiyoMtiWaRkwYmRNYe1L4vvj1+N8DY1bnO4DjXIpj6rfqt4EjPv3BM0Pqmde7p6dDRzx5f7yvdEBjhGd3Sym16au8hjBeb25bWZDG4e6q9acz+48Dtxv31X3qqu0rvnY2WYD9ps3aLXqPMbKdUSTlbmO4SazLvceWMEK2pwXehobKvTaL+fneneLmVn5TjZwrfl19jzGzRhgAMxsolR5DpZ6VToISXSxN+vQgBSctmRgjDhW83a+Qu4ME7rSw+xjO6zquVK0MfNdYAur+1pvwyyINd8e17dZz1Z3r8d8V81xWFiE3waCZbTKXGqFH1lJCl1mRxVvt1tXMXv4kNKOo6vdxqeXl8xpO3vRz48jH2q7Sxl+l2SkUNnL3QUj1VgOpx07obt1pk110XUccfMYvsHdjIS1VvVa6z3ALfnMbhmbVSq0Bw9hF0FXqZ0NUQU5jnGEnY6Qa4DZuZusACSWsnpWbRbhCXp3rY/wRs1+tPpoHnFQ6J6p2ZJxANxVUTA2cGUzTNBd6AijOyBas1HbjcUijE6ooBKWmcLuZhBaBlVzB4RgDXVmU/C48toNa37Iw6Su6uxeq2YTxHYUIWK40Gh2dSdZs3vV00VDSeV2AGpdYScRBWzQ0apCLUAsBI+DJ8TNutrh8WoRbsZGo+l2DOOIe/C8+eEEOqtsb2mE3hEuNEhL1OqrVMNv6upKSujYi3upUProVHnsLWe4yQhV1TI7bzFEtjUIKXeqMbsaTZpvViHNPMwGGZlp6k5lzrVH0XRhuB1GZlWzZz6FnPNqVbg3zfeFQs5GxAEGYTDr6lmre3Wv6ue83rqLrh3Ubmn1LMmsskpM9VrzAgHtPl4+5zv8A8rncpll8+u3t//4Bf/9n/nf/tv7t1/eAVVlV0ICkQ1jAMi50NmVO/Pv4btrxY2k7f30+X23ShiVJdLNrbL5O73KI7774eUf/+n1z398vd8Oc3QhNTvL/SBW55vfXsd4GXZvs8xJtRnPuPEjUh+N+cxndVY93h5viX7WrA8k5QEI1uE0P7Iq9/WXNo6b+0HYHg8aNWykBwBnkKaVZYukoR29fZBj3N1szn4u/Z//+vyPf/t2XfMj046u7u5s5TazEJtFLjfKtkYvdpJtbIg2nUZkdibZW0vEXSdHt3rXh+3jcIOPneyWK9DGcbu/vmT3eR4efP3y8k//9P0ff3i5WfyeqQjU6TZWZ2a3vD6EJkepciVD0jpg3NLl/VOuK/va2Y9SQRZ+o43KxejwkxiNJ0AwsJuVDLNzhIwOugeNuPqtNLOrJbNwhkCj3Uaon62kCeOkiWYtgN5sVTms1+TtHO6q5rAwz6TBxtiL7SXvtR4QLTThR5wf1AAbw0dTjdHKTbSGdnKpqipgorvfhp+3cRT85i71Y12CNsKU1hSha12XLCKCQreq6ry/hEX+z7+/fc2V+Xi8Dx+G/U9TUuV/HizU6szaiYyPHhhpO8t3Xap0Y2Ueu81pO+rFX/79r3//9et3333/D//wx5//8HPm87pm+Hh/e/vl719vL2eLnz9/enm9deZaK0u3O2/3vSWd4OzqrPmcb71pfchO3O6fzngF/Dxv1WXoGEfE8dvbt2devRrVzjiONMIBMbKqsLpRrAC7kogYp/tQVq5FizMaylqXLEqrqmy4CtUqFVuCd1sV5rpagvx5PT2IEi1JKoswzfdUjXEDBC0Dq6d1OoOK23nXRzu/z3H4GE1J2e1gg5aVMzP8GAO5clWi29C9Q3Td+8O26XuERQwaKSt1qQzcICCAogowfMRBtw6AtPvLXX2Msap1ux2/fv111iPsdj9//PM//OHx/P/98stf43b/+u3r7XZu8/TtfPnu8631/vX591xfDcycpt4Q/S51Zvda6630LGXlBYu5MNdzrWPYUHhaDELdTgqaaxZSXVmLPkEcbu7WkoXPrPfnb8Y0Q+VqYfgpX+saAC3GsKEW+jI3gcdxL3l2xzjD3WPbZmHGqupc47yFvbQ9O1Piyll9halJJ1IJsPc3EL06bYNbLZIkaTE605o2hom1vr2tp1mc4z75QhNo7j78NI+wo9kRx/P6rXtJGH7j8Kz3wjWvb7czQDTkdhAj0BYj/IT5ZlgRpurE3OM+c1MJ4RFn1gVdncWNesw5jhej71RA18zKK98Z3Ll8QaJVWcs8TvVzO/4krKxwVvcezDjvNr4YX4+Iww3muda1nooaK656omV+jKjhsfUlsI8I1Ecoab1fz7+bVLqzkf2sfDyfb5Xp9EHH4TmnQFrOeh5OUavoMHPrbkiVl3u11q66ZvfMhODh11rVM3PVeo7D3Ag/hh0Gz1VuPdxXPcJvAt6vGYE7A+7cttmVaz3INthhI/d50o5sO4znuJudVBrpcRqqlC1dda21BGYhUwkPOLuv9bgfZwBrPrsrInpeG47cxM4QH2MkxA3sJmBeMrjfDCU7j0NA1QpjV40jdpbtPA4YwgNgKt08s2EFpLBCgodDttbVfZFCf5DB6gOjEWbBpjYMnhY2wBDazB3DLSgYymTdfc1Zawu8RINA5+E0gRtwA9lmQmuLFwytdLufdnMfBodqD9dmr6rc1cjfMSnDYI4YdkCqTjKMTjkkAt4fNI3CVQ03NgRjfDAiW6ot+JMqTAK1B/gWItgtzkbRbBuKm22YUDlfDaO4GpksVmYnxJ1dXpnFy8jsuukcEdWVPbsTqKxn9QTsKgwLY1ROE5aume8beNpVqx7lDGzu9MZVvBdx+ClpoRqdndUT0uDhdHWGjQ9NFsw4DBrWYqnWOUZO+RhuIzgcdAYB1Vq1a49yM0fQ9iltNhc2wMgoLMIMMHK1ej+/EeYB2Mfpt3PYAKO7ujTiROy7VZdK1Tuc3dQe+xrVai3aGGMcTRVbDQlzTrqdx0t/FNdoZtnV3dlr1VVdM2Ww1/uLA9RyMzcS0YLBmgY4uKTq3rGNBDE8FjpUO7WIymrR1XlVK3zAPPbCSlNVRvetXyu8r/zbb/pv/0f/t/+9/vbrt5lz47qV20VFj/AYhK96n9djM499RCz/HXIpdRPaSb7arXDfRuq9DeAY4zyHuXfl5y+f//xfvvyXP96/vJ47Qbhtf9mZnTcL3o/B10E3mnkckjo/LpcQnGCsvK71ttZVOWddq3LDDsc4j+PceypAKonWDNow3N33ngIjjt30AA3mQqxaSztchNsZL/fzPo6I26blRIz57bffvs1fvuH9/ZrrUv6ekcu10Y7Avg9+YMbgH1oGiZJv4pSbF9T1EeICUtb9u9ixu32/bXYWaFeO1OamXQEfp0VYRJCvn17H6T/+9PmPP98+v4xjDNtPtxYxSEHZNXPNzmzRwiBPze50c/iJlrg/bjvz+J+bBzPzEQc0qmr/EAlCpI0RdyNaZRxmA0rbRWB0c9d0ZndWb+kmd6BRojO65NARt7WfbM61kvRGNtuw+bAaRNiQRNp53AsA+XguYxOqejzy0jjNfufsm7sZiBSv9VDY/XjN9RTyPF7mXJKII/x2G5+co7vCXewbWfXMlYYd0wZZAmCcXdYVx23AG202Pr3e78eber2+nNfbk+Zu7N5Hid4oVxrNQ10o68rNClRuSub2WLqyjCZIJjjWmm9ff13PZxzH89svf/+7Z04Ba+Xtbu/v75+/fPn85dPXt7fjvN1eXpr4699+qR7ffXJizmRrZV/dvXLBbWXNNd3c7DjHi9lhsnPcbzEkzfWAZRYsj8e8VtaFguE4R1XWvNzafqedtJZKZIM3Zxxx33PIqjniZtZZlxFAW6vJEtaqtS4Qc+Vaq9hq5codx33WYjboQROEdYnKTjMEsbi6HoaHyMO/GKOoOLy1p0WwCAhzlqz3ZThiqbUt7E4WQHL8bkvd0KHujuExxrqubgFVEFpEDyebEGYl2zwGu1sZNtoizOZ1+XH7h3/8395+++t5Ox6PBcUP3//w6y9ff/zxp/P28tvbbz++3Gh8e397+fTF3X786ad/+Pmz++PKx1rP4e52I9Hbf0OnualzPeBNqrDWdbUOizGzOOBq5FooQO4jO1UPkiO2g7k2V6C7QXVd1csclXPmu9AkM5+ll8NerI+gG83juN3ZOUvbVwfzoHaRzaoWNoEjV+Y6Rv+OkTjMx4A6rx1ArY2/6aa52TjCiRbZner2cPZhIjSaIIJGM2aleuaaZuXtXTbidnq4Hx7BntUYfja7KzcjZWlJz+zHtRT04W3jZdiJ7cC2gvpDkUINO/a60mRi0NkFCnRHm4c3VI1Wa4DwiJvlEyTyydvPAAAgAElEQVQ9YHxeX+/jpPRcT2Jsmf399jm9Zr4RRbrQ2e3DGs0+/PxsPCPO47g7WypzZ1FLhEec4UGUG7p6jNOO+CjLjvMAenHV9e35b4/1OMbrGbfu+Xh+va6vgk6/UciucYzGImrVQ3NVa9jRjBFDzFkPzC6LzfhAXvN6nzlFs5Ssq/CcBVkcN3c/4lPmNMCQwiqkUd2dbatU1IFRC4ANVOazOo1uoPvompZwHn7cJKPG4M0soXKL0nvVHrWVdmikCQ7JuhaNRl+JxhZTHEeMsPH2+O04X5/z/co5/JxCVd/iOHxE1FppHBGH2AE7x5HtuaYFzWAMowCER0lr5aau04T2qi51oaI3fLCy0VnTERGHhASrMdxbhLivdaIANCPcNw+0LbvlYnVu+NrenvdaxmYYLQbNdAopzFZ2W28pbtda1/282Y59C9aQ0zka6QiHu0e1qoswxylko6EWynwYd6beZWNXkFMFpbjYDIKGUAAQAoDDaADQVY10i6wJUUbjIA9wwZ06SJPSI9wGVeTvoQ55YQpN57BjVSJRLRpXJXANj3AfcrVWLqkbq3eUGbG5bmdE9mrkqrnq2hIo9yg5umXWQqlsuzN5NEtUdVan1FVFOizcDSpgp5UCKkKD7uNslDM2ZNn9INzN0QLbfJhJneokTaSR3XvCt6gmDL5ZYWY02IdTdYfHunrnmbuLhuG3sBOd5uzfmw/0rH6ajdKqlaXmnikLrapqsmSgH25HdbVKgMyyxMYgsnJsJo96k3mgnus9LCyOtdqHSzAZerNssBNsBmUvYTUy9WGUbK3Wah2Ut6qU2rjddTktBfdNJ+jtwANAC1g83q+//vX67//K//f/9/qXf/n1ei5YzPW8Hu85V1aCJtuUwFzPa80n3Q2xNz/q4gb9/J5WAYzSB3f0g4cPCyNtHAdpBX76fP78h/O7745jeHf2SlWBZnR1Pdd7nS9EkQlOE8N9M29LRTq4Vq/U9cj3uR5kJ67M1XKSbFlrhEcMo21Nk/kZo3qWgTCYm3NAAKpQpW5qVdMQHsdpt/NwuskHjuEnOMigjffVj7e55qJ6B7JyrswF7m9BZ/Umi3+0zfwwH0aDsDGgu49UudSFXRJ1cOtCds9/U1O7tSM4wq6eR5jRxjjidnM/z8PpftzPP/zD608/nN9/+XzcbpsWIFKy/Wtx1Vo5W8xcqEWitBLzdtz5wWTUx9OG5m5zLvTGpzglmo9xMx9ZGX64Hec4wg6HoAocYlTWR3sHreoP13O3Ee6nW5QMMnHYMn6gvYi2x1rjOKqgbrcIj99BPTdyAEbqPF/AyhapXleBe0cqRClTu3zUO7Vtfqh5njrjPO3uJzhzZt2GC8iKsJvbMByfb4cRpQUalR9By04PizhBlDHXm5nco0pmo9tvN//pp5dPn5//q/9G+/iNp9EZmydLYwvqRO+9DeHmRGtTDXo4IbbbR1FnM1DNBMgwwlP173/5d5jNNXPlbV3fffl5HOf3X764x7UWoDXnGMfA+d0XPec7SGJ1Z9U09+O4G7CBAc7jiFtXfHr5ch83F2hy2np8G35emWOMdc09gMBqKoGPLEcwaEZZcbkbBNKOEdUYZ1hEDMPWHg8npE4qq6bYrWz0vHLHzbXaGMNZ1b7TZVWZ0yNA6163c1jqdripq6YIcsFS7F0oHPfB1TRvslLjcDnO0+jsVs5cK4Pe1isnu+UGsbI5GBaJglvvwVvLIrqLWgbbZ0hyd4zcbaDR3R9yTNrb+7dPfn99/ZyPB1vfff/929fH7XZbpa+/vdGCwG+//V2F2/n9Tz/9uFaeBz+/KkbPVrgP9wjvzuRzxN1p4DHTj9tY/dSabj5RFrby3c9z1XIG6OjlDmU/rm+EuY3ucPeSwkJscxiY86pOqoCsvhpPNYTD/YAhtt/JjmFtZpOFAqmZufnuAJvWPavTmG40N0HZEzK3IDnGSF1Og5C5Vl7doA+3AbtJz+qsXm1GOcFqHuO1Gzlra+9JCEXMzF+WcRxHIUuT2pxrhjnjmLnWDv9oZb5d17esr92lcQ+LAxc0nKOss7aZh1XvRjuOM+tRPe3j7hccVGeraDjsfOZ0N1q0snpxtyrdaccxXq716/P6Ol5OXYpxByzc1Qo7EWns48as2ZlbaXScXzzutTbXRGCUtJSPes58CHI/oFTB7Ca0cQwb1ctI2wSKaHWtNVc10OrnyqVeG23ift7G51Q36sqvLWa9P58Pkffj8+kvc2E4G3rmrGoaLeK5Vtajq4ShGJQDfj/v7n0c5igC7rse/Zi50An0Ws8SGHcpr+e3rmW09KMrzRBxV06zDjPEOHnIjm7PysOP8NvKJzAJS3WhwM5M8GZ+oAd4yMzMM1Pd8Jf7+MSAoT18xjXXOs+7rTEsUDyMt3GGjy+v/v54VCMw/DgjrAvB6MoRu8VjvRmD4nm+sNeOVBrP8KMqBC94kNZioVPVElDekWqH7Sbeyhos0ZbUEJXSngrQPasb7UXPylm5ajWquhr7BFCkJzhgYlRfwlIj0U2ZY2CM43S/S0a6eQw/bSPKiNZRrkZr7R1ASdqmRRDh8UFDJ8JDvVprqqsn1ae/EA4EAac3rdRjDCNb3ejtzrH9IBNFqHP21YKPU5nN2hIP50jM7ORWJe98P5wkvaxIqKu3uLHJ1sqiVLaBq4Us7bq2+7GZ6wQ6u7Sq8yMFYnEEpSV0q9UpM4Pvu7XUUora/g4jpnLEIoOd2H9MbTaM3cXicKhK7iHALXzzN9QbwYKu6kKVef9nIMyIYdEfpqjyiEFz81ZxC8hA37T7JmUkw063KDbwsRoC0zfIqBuiPmj3JqhqqnMjxrtbqkbIQq2rKtUlsqq6DRcJttsHUnhxEyJyBb2wOA6TU5454RNmLMFMWKSErp5hWjudKWs82iLsgDKrWrby2T0P8zA3Hvut3C2PMFprXJf+46/f/vd/1f/nv9u//Ovb+/PZDVRlZq6nUB5BP8/7axz3zGvO98wZvO3DfXWbsROt3j61/xznQ1bd5vTwzqTZOEJFOF8/vf7hz9/99PPx8nKYeWWBoLkZVHJzdV757J5rPdw6eCMQPgi/1lPEzGv1etb1yGvWO7TWXF1yu7kdhLoeEs1OdQHadjZpcaP9x72VUkqsrpnXYz2yC9b7VRg23I4Rr+N4jXEe5yfzW+UF0sJWre4yw8xLWVul1FJ1t5pdgGmn0n14DB8nYQ2DIKGo7oJhK6EhIBvorjIzN68uI6Henritie1sknH6cZ63+0tr//nxw0+v//RPn3/47vXT6+dw6/VU1+ICQrDVvXKVGtDHfds56FCou3A5w8Bd3Vm50IsqZ+wlMCAnwnwn0DaCVrLuHdN+ZZPuC2XmqaYKJpozzTkYw+0OWETk6paN45zrouyaJSPAtQrCbu0fMQQ3BuBChI3YlEfr4c+uxxle7Nm0EW63rm0V2DFESekA/RY8Dr/R3cXzuJshq1ZphN/Oz4O3w49xDHZWG6qoWBekUldmOkmLMJdrrvfn5Hl88jjPuN9veT3+x/V4nOf969tXkNS0OCxik+8+Nn3Qhgtsl3lWm1OCwTaQoCWB3e1B9zAbnz+/3s7b3//+i8dhPr58/vT29j6xXm4vv317+/OfPj0eb7WWsqR6f/t2u5/hn374KcqyV6361rXIciebL+er315VDZnb3e+vgRFxmArocN+YEnVtSZEoVT7m4+V2cxuiSsvp6ja7neMFBvfj5hv2QIvT6MNPR0QE2UsXW4lcddGU3aTTh7qua5kd4zxxPXJdjGDVTprlnPAQ3HKRbUlHuds5XmjoyuPm3At9fvReqpubhsm+3fnyMo6jalaY032p1HsrN3tz0JbBrUFrZi3fGB51dRKQQdkFGEhzkaWPtiwlI9eq4xh7kmccj+fbdz/9OK+a83Jn9/z8+btrzu4npPdv3yp/6m433e553GP2mHl5jD1+GuG+T/RoOo/zsKr3+cwsI20rt8wcds334/gEqKrVK+sJGISV1xFhY8yEOsfw8NiQwz2VB8Ha7X1v1ep6PTYLy40jV8Ko7fRhrn4CDo9rXYYyXcIkz/P84n4zu4WFoJXLw4YNYGWrq1ZOCObsnBG3wzfLu2peXR8S7kw54hjDxyE1bWYtd9BNeELvK9+XjzAHh1tvD6KbZyFrZeVcs7QaH3XBq54jL49bjFtuahQ9+1n1NGLWmPVYeQXD4pbFwAgb7oYyIwMg+4hBluohwtAOojM81vL351fSb1H3GMMPQyd0HPfBuOZ71jJKPlvoilZj97LcpGohOx/r7W1+rbyoMvjOkhvD/TCzbtRSDHQ1DAYnh3a8Ey3tk4yOkyhZnIVtFcr2ZWHAZdz7hCkfrbjyUZikSmIbyp71sSefXS43O8OP2/n9GV79jCgnqrvzKcbHtb/nbvSiLvN+PtdcD/e4n18iogTrJ5Q1pyA3szhoN+kAdYwjbBQ+Pa6/Vk/RO1eraQEb/JDN0Di2abB787uP8zhrvmfr9eWH9fza5cdNlTjCnQx3SuHn/eaPa1ocIz6NGBrtPgAd4yT8yudzvrdEP+Hn8DHzYrfHDd7pmUo14/fHsRcoNLqSAizLitZ8b85WA9EkbKRmq4Rj2EEdUoldVdd6rnUJnX2tnmE761uBzfddDW4QhEh0b0hWHGFmw8cxXg4fbkGGrFQkh9lSrQ+lUWcqW6nG6THojq2MUxhlXsnVK+sh1bCjTESywa2VsUEofIDovARUC+yIm1uAFhxlrdXauR91VxYgm2Z3ti09u58wJ903XHYDzatHjF5zVXocTqIk9PbLOnLalt5YV2VNY1ilhwFN8+DN6EE3mfvHSij1aPTgbfggAO7b2XYPldBwVff7vG4Dh1lYqGE2zOFE+ends8tY4zhTFX4aonuKWV2leqxraUYMQcoyylyAuQf32QtT7kUXkmKuhHl4CDCBZrvcDKpYjYRsV7Jovi9dVeU+3Dw1P4Sy6u4OHyNeAN+LhJJWV8lWc+c7Wlqdarjt4w4+jKe7RY1SzmsNeAhPM9RKH2GIgQNoNyRFpTt2w5bG7Jn1rK7qXI0Ws5Z9VEhX1do5uRe7AWYeWfj167evX/l//A/8n//y7fF8dIG0+Xhb15u61OVhMY4YR2N31NM2Ki9zz82BfZKpD+Llfne6f+TgW3vDXJnjPCysul8/3f7Lf/nyxz/cb+fmUSssdnPIKAPWuh7r8Z6PFG+eYwQNmxbVVRKFtfLxXG/Z18or81JtrqkIOTnrGrqhfWlmre6sXmt+g9L9Tp5qLc3MUuOaM6sKfeVM1RGHmY84P718Cr+d5z38Zn4QZQbaB60B++OzEihsDlplV2/oFOkew+IwH+5HNxwUDIbOgmCG6t6KyO4kCdvS8c5q08687CjQHlN2kMYA6IeFbK5F4ocfb//w8+3H7797uX9yaInZl5S5ZtMBZHejV+em1I+NprcD6MznVgmbmURzolPk8NFVaNAHEF0M0h3bZWAMGtkWNhqJyginWfclLWhWrh05+8hStwDf4NDVs5QCV8ONoKvKzUfcb+MkGD4kR+N2jr0+2rHGaqkVHlCfp4MmskqP5ztgAFpJ4LhxGIxRSINBTvoxwqyFSdht3L0t3AJmEcoe8LBzPv2qakr1nHn5GMcxquuaT/p4XI+5sk4e4/bDz5/vL0+LacM6lWv51mlKwj4JbCEjPmgRzR322z/lfWeGsTMFWZxVtcveDZif//CP/+gc7+9vHj66rzk/f/7j//X/9n//61/+8v78XxZ8fX3pWl+/vh+fb5+/nOY9r7zWw7lnW36eY9gt1zNGHH7kquFBi5kziLmepZIhAR9jrgkzQxMK82MEISrNuUcM7j7iWLV8I3iz4rjH8QIwNi5644XR2Wv1JZbUnXU7X80sV1NGd8lk4zjNiMongGMcMxNSd12XbofNWg69jJeIY6dxgGYMSEDEsY9O+9Slx7WgGWb7s7jVPP1B+t/Iabm7bzRQM3x0St1Gqyy6GaBuYT+qSIKq+pCyd1W5jaDdb/fzuEWc5y3nugT77qc/fP7+h3/5539xP354vb88vxhf1PPvf//6H//+bz/89POnT4fwfM4HYed5hrv5lmAWlECZ8bzd1vv7qnUeBxyz4ObyUk3YCI+urtIwz+6IccRtXjnn21o86t4xumxW3M/bOaJy9qZ+8VzqwxsYyuYG0SnFJofFkIjkzOk0solq8crHERTLrAtSsAl3hEc1wims4cfKhpw2BF91xeq21FM4b0dE5rzmw7n/CqgnrN1PAM5DpLT2INmdrfeVf+/zSMRcMrJ7VU+axXh5PH5dPRuS96xpyJBx1TtjxN2xOxsm4PB7Wq/1fq23q5/qbpaVZEHBcTjHqtVeTQEFa8paeyBcVU0AxaA/O789/l5D5geHjnCCbtG0292znq33zGdKwueVHZ5HjJWzLQGVetV71rdrvqtq+OE7TB6+xW1UB62z1B3GktyPw1+2KLNK4zhLUudx3mZuQ98BePRLScsG4xwDj7fHmk87j+rsnuiM81ZYmV3NqiZGxE2AuxEYkcE+j/MYTtbV61nP1Jq91nw3CI7u0kr5yHyueg7eVz1hg+JzznC2krT/LPHfb7dNjzA7Bmvl29KbhFK3GH4YB+SH30jrLm9EmLqCPaxPjz5vWb6Yryee65u6PHgeh0nGlCpzkWPE8LiNcdzPL8c4AJkZCafH7Hm9AaJr5/xPDfPhpnIj1axKRSsdH8AFCatXd7kfTWvrdb0pDoDAaAt0CdmQPIETCoLVK/Nxza9rXatW1gWUgCbCI8LIEhcatqP26r2YhsrhRrgr9nMLnbqQq5GAt1S1MpNb1lUIG+4RMQKKhtnhDqgbHn4+a0oyOmFVV6uPuJufNLrZhoSAEMz9WCvd9xTRN2JJqTPGaqFT7GxhB2+wuqtqtdp4OofLHKRptCWdMg9WbU6qux9H3Ele+VbtxjA/2IW9vPCGISvNLGwEPI7TqrvywzmPqo98CAVrNrsgi/DVbQj2zHwSSLPVC8XNAjp8eBwGVcrMRoylFeFj+4bFLqyuzV+lKdfSavfoWmGIOGEOEYFaKTosdk4cha5yG+5nfzAYWarWBgSmNiyf0bso1iIOWvkHesOh91lP0WDRcMHDbsC5wzFVM1vXmvGBq0uQq9PsBkpa7lgrwwlQlTBd+S7rqAhiuFubUahFze4JrRF4zhmuiONaC/RZD/RljGqubtQyD0DdxS7zw03G4R4NzrUeV/3HV/vX/znfv77VWl2typrPmpdqQo0+xnG6j6y1no/O7Fo0R1ZX7nHnXu9+UDawe/ZCwx3dqaURDtuihxoRP//06X/7L59/+O5+DHcWLMxkRO/IDCJ1ivZcC7jcw5gESlkzr3pUW1hAa83Hmt+k2ZUfUGotfgy7Elqtx+z3lbOrulO1KMi6uxqW1akE0MzH4/F2Pa+Z6r6/HEf4bcQId7fwYWZUsif1IOawdta1LnRRVbXQDZNUO1tlZvDh4/RxAibRwKrmJoFvIGrWjm02+qPdq63+bqFL4taoSjDb94AxQsLMuq0GCsr7/fiHP5w/f/fy+f7lHJ96TbN2oHBVX4VN7btkPSsJVsm8rVMWINbqLLi5e4SPEfeKmrl+R3Wr0CSwd1QN9YKZ80NotlvKQIdbanVX9QSfUBsDhpU9c5HGRMOW+ppvhZW9yD1L3otyhN9jvKo7q4cfoAnV6pk9wrJm1wToEWYoaRWMbg60KK/OPWVfORs4D2Wby8OOXekf245S/cEq3QB/tZMNF8zNBw9h5NLa2PVW1upu9FU9Cc/UzNvtvL28nM/5t27CzQQC15pQmYebq7o6t2LMjSBrJSA2wl1Al9yADZrshhhub+/v5Hj99Nnkc82v376uWlC/hh3HcTv929uvt/v9px+/e3x7e7y9Z3ZY//i9G6excj0RGuGHH/fj7hy3OAGgLby2Tl7kNafZ/n0qYpkr5AKO+wvrAhLdMUYMJ6692gISKBq2HYxuEXEcx7BzgxHmemS+bx1H98fy1ilnUoPuMTZcYxN7lhEdh1WSdaPL2o1mFLuKEUdrpCzswE5GVe39NiAQQeXmbjiPMaq/dnWMQNaca/uh0NaVUtMAMsx6Tz6zJMTwghmaQmX6dqMSDYEMj2ytxO28DR+P58NsfPry45fvvvx9XveXl99++zpu95b+8Z/+6d/+9V/+5v/2+fufx/Cv334971mFT6/3H78/juMhycfQmqsvC8o66xne0ALle9JGQzitgOlMBteqkJuPUo04wk+tpxrE/TjzOd9m1sSbclicA8raGbMq6fDhNIdTWlUr015MiKoqK3o3yszknNcKMxjtYw3Nyrl6vryMljXY4rbOuEeMI+e7BtTZVNaM4xRqrmXuinzOt+4zbJCx1qzO4SCUOT948mFOmg0SRJlAzK5fMw+irifPCAdlbTygTGViybTWRufN92ed40shr3qC0+2lqsyMbtH39q6aUu81/OqLSLKrHM2Jd2w0Xc+sR/CArOua60nxiFjZ6Hb0XI8HZM+Q2vBKHoQbHGDpqurUaonWaz4NwRZzCSt1pTrzMa+v63qDOuxVPMyGU+7monHPzpZvGpxk9GPcc6aAGMPocO9GdpOHj3MAtMPjfM73YxwlVT3dPeyeCVPTbTCwod970yFlXh4v5m5AOKiLYPjr8CBM7Dm815z5EGapuWwPN6taesbWsLJYvTeEm45CGOwgm8xj4PCjZcYhE65Y2bXnVTT3gXb6cHcDxQZ2v7+oFQ53OoPu6rRKw/AxuJnutg/5Jl2kH+fd/SXsdr9/d8YdaKd1ZfZz+Hi5v7zPZ1VC1wLvx+cz7tIqhjsXrsLa9tln5upconYxtHM25r7NrI2V5wCddLOgHTBrZomEsqp6Zc0rv31ofpQQz+MWcbiFkWTTYHAjq7elWWYRdhK2lezGl0ZlXa2rqnbUhHBXkXaLL4UHrA1hNGs7xjHGuVcK2emuwye1J2JbVXaMcTMeNIBOmNClJEXDGKfvCtSmUDVo7rg1sjoFkVZd3rnw2INS0lztlEnAdmLFiJdcE9zcHQs7hh27ojfsblyrmX25hR3e1dbq7g0DAN3tCA53NlIos042dbWUCKGtmx4x7sA16xKMFrVW1jNcgGBEMniIg3TAbKhW0jjOF6JpIQiozfEQe9W16inl6gIVZjTSYl9S3fwYI+hmgX0Bb5lF+GHbIwYDqQOr1upLnRJkYREbdu0RBnQu6UlG1aQPVKTW9kRrrttxjjHQVKdg2kkFdtVzrT5vp9vptFYJV+vaOXEzU8Pp1Wslm0/ydo8Xlu3vYWOtfrQWzY4xupY6R5xHHFktZKKrrbKoajPaQQ6zI8adUqrB04CVV/b5P/9y/a//9fXt6xtMXZnPN1Sxu7qMgofFMDfVZj3V/griw2njH9BDEsLuVoDSh/BxY39Ap0DAwuzl5fzjn+5/+PH89Ol2DG2jV+eUcYyz60lxWNRGLWzgpCbUWc+Nf5Z6VavKwBFnrayd5He6wd0jArZWvfWVz36snPsK5O00f8y1+rcWG1aNzMf74/39+e15rUYYIzxu5314EDJQ3WRJq/WseuZ6C899XIGaJlYLv+PjIfMwO8FwD8pAfqRCNhlJTUqdqKRtaGGZUdjWX+xDpXZGbfMku0hGuKQI8xh7sn6cxx//+OkP38eX+zHcURpxGz6yr6wB6e39t1YxbF0zV236UHfKlD3VW6th3ZU5cZyQdXUwuPlomwOdedrYYTZSZmi1Q+bW+dFOgGrO95ZkaLVxl5Wshd6TfyXNpKq81nqsXNjcIwQxnNj8PsnDGHGQyrXiZewmBNkjApq9rYAFAiTCOYobw0PapuxasPrDdGQ+TL7UaLkZzLckrzphCFCqtR7dz/BQggYxJ3qQta45r5XXWtfLy5f92fjl6/XP/7Lc47vvP//P3/5dBYf1B+h3JwY/bnJ7WNZZhOgGyhgCQe9KQDAHQTjdyPOH774f4+bhz+fb33/5xQ7O5zPMqmpd7/+v/+f/4/3t7X5/vb+OLr2/vY/j9YfvzuCzajYXnSKO47yNuxrjOIefWbnmJMdcq5DjjNJca155rXq+r6/fnu9NBkdYuI3nc45Tt+O2kdSiHG0A6Zs0ZGZxHoffw8aGID01jb3qUZ0wFZdQZm5mXauNoM4jSkb2OA/vU72cpuhVT24yCVHraYzws4FrIY5hdswGMrsLRnCEG2tJNfMy23uFiGPQVhhk3AIgH1zrqoRb0MCgm+WsOZ8QaJbKTNHNftdY0k90CSviwEaYudFYVKNpmM/Hv//l35RPqZ7z3ULvb99eXl/N+fdf/p4c3//w5eXTq6jzfv/0+vrj53G/PRtYa4pdnc98REfqmU/exhlxVKWZ347X9/nb4RpumbNZhlBnCbfxHemd/en+2fDZGM/89nL7/Hi+r76qn6mpDudrVSHsPF9M5kh3dpe7MbOrJ+ZgPWZFZGllTxRjHMOcZjOnpHDf6dvmICLTx3mQJ/wADJTFgcayRDdgtVIWMcLi6FJhuh9h0Y0sgbzmBNNpNa/6wAcA4KAbT3eqRav3x18i3o231u30Qx8tgenWzVzXIytX9ZrrduK8aSnfng97KYtwO2RqqOBto5VVgnppNmk6Vs9Lj8NPWR72QkZLne/JqWLl1ZD77fDxBFavcDMfqWvV29Tr2ami2zEiRDOvWu8Cr7mOIyufl4xSm61+XOtrqdzMWGaplV3mRulolrBo4eHdW3VvmzrlblC4hzvN2Fsn7sw5zYNMMyc2ddVCQVWmRRy+FRYW53F3XGBHOLIBRvh7T7PltsDcwWnu4JPmPia5dfdTekjPdU3jcL+HR7gd/gmw1jRdRnc3sTOTbOIwmGBnmDGHW8vUSiniiHH2fCeN9N6NwJaRIw7Qqq5VU71lN6D7zFxqHrfBnrmM7cTKi849EnMfDcY4yUP6YBmbhylVs6+kPGwMr7nmrPfDX0GrTcf2krQAACAASURBVJTvoJ1hN7dbZKfDoDoiUmgOQc9KYQ6MzbitVuMq0cyH38JhdOhKPrhxfB8qI7P9erQbJLqTDLOIgyhJlQtSI8kZXsBpFkCRbTTfqJ+N2Cey61rXzJlaaHmQRpqpa0cIPAbpcdwa7DUJmherlrJVthdMcJh/eEclM+bCLjv47jfjKFhnwoPmoLlz5WOPPSCoavVzVbaaZHeRGxK0BUBnHB1QLekj5xEfGRm3MKBQQMSZc4Jw0t3Gx+oh1GRElw8fcRzdCWVpAW4ULKpSVjB3O7MKmt2qRm7TF3tVhTW6zltI6MZH4c/YaufISkN0XmChm+al1dq4yjb3VeXh5mPjjPaFzcKD7H0oaMLpfrofRo84nN6Q4LDR6cJsTEjabRvzzRGL4FyXRbC95iVYJQFXGw2rauUiowRYiNz+YH5wMRk2rNksqLsvg3r7E46DrcqlXqIyPX0ZHVb84PJKJBi1I6ObNwM3hj4OIyBquM+5NMbekDjjA9pD65rX4/rr39df/6Oez0mK3J4KiGh8EDSOcR73cxw+3+fOWbvv02HvDTq6t7xEpHwLgkzayfvN1AUgdyNhZq+vxx9/Gj/9cPvu9aX6fWXuBioRwSgbKjmjP/gObKjqEro1Zz7DP43xqRutOEawH1dX1lPVxkbIweFRyqz3WY/ZqytXzmqFnc7Tzef1BBBxN7pkMwuAO9V4vd/HOECOMXaCqWqSS7noBUCZ0lW9QLizG3OzaVUA6UecN/KghY+xKbpb8LxfFlVpKqIBZO+vfT/u6BYCzNCiyKbtMrHou4e3h3HuzMxxxOdP9z//6dNPX47XQccyMuJAlVpN3Q5dmWs+UaJFRO8D3BFD+S6qaiU6wt1jc7nMxu49d3cp6V1Z7CfkjgCye2Ef2EQ1Kp/dSai6rvkLGHH4Xh64iUaQ2IYAsNU5H/lhlm016BZxY9s5xoY9qfZ3Sm5gsJRd1zbNuQGHl6wLtZIem3UW47iuJcL8rHWlYii63Ri0AN18jOrVT6CDAX4siyoXbUcWn2bYv8ooYTNka2UnjBFHGA/3AukjDOu53n5b19v7fnhgM7pg3FpGQ+dUq6rMSRKSuREy+qbrunEXW0l4GOnHGZ8+v/z662/zWw7aOY7vfvzxb/jl7e2rxciaPo77y/3xXM9nnvfX8/7SOX74/hR+/fr2TevRlU53P4URfg+LbhpH4lo1Z9fK7GsR67oeWbOtfnv79e35DuL1/nktxnE7jmGs5mWK4ZG7CwerXmJ3P8zjsNs5bmHjgzWBLE1QjeqeG9cLG4SVqL6krs5sH34LG2ZWl8KP47hVPrrUtg/hKKXDu9sjAIe8Stf1DYzuhtk4BrsrJ6ER93H4EUGjiGsu0I3WWp3ZWR4R7m0Qeq2qTOcHT+0DCVFl7uZ2XddhB4z6cMXJnE7MvAge5+Hhj+sa728//vTd29sjfAw/aq1MfPfTH/7673/59tvf6fXdD989nk8Pq3W93nUcen++z/mbWZdWJr4+1mlucOIVBFVGtcm2upEdno91ud9bVr3gYMOMZ7wcdiTyOZ/n8QkI5FvXI5VSg3c5slZYGD0gM08l0Jekboy6cgIKZSqr1y1eD78TlBFN9BI0jjvM1sT9fjMPt0NywAV1JXagGehq880bhPlGPfgmRFg9d+X4+XwDuzpvt1PS++Nt1TzHaUb1oJ8tdae5ZV5r/ur2vNbxxOF+ulUrh3POmuux1spVc6l1AW+fjvtxH20Q5RaNFkruq/TMInxprXyaYew0ausYLwfOgRciFqd6lVY3dwdzrt9mvkMlwcctNt1C9bjeA+OM0XuaAGs5FOhQPicu8+heK1FE1Xx/fIXrdtwIDIQC7Fav5lpX8Tgizm7feXJ0Eg1JXal1xs18NzdLWCvfW4uwuaaP87SoWg6EW11p3EKfFeM8xoCZ27ljxW5lUmt3RxP9jSGiqSM8DKvyElTsWu9dF62kcmdEhBslo9yOY5xrFdBGNzWtEos7SIZWT+Mr9YzoThXbVFRuqRQbtGOPEGmXNIgj4KCtbtIbNfMRedsvJKhVtWWd/AhTFthSw1Dd3m2uMcw8HMM38MbzYzzYSe0KNbS3P3ntQkqlDEfgjJWzsWNDNJmZgVRd2W1oYBAucrN90KvUIQkaY6DTSFEzn6kJk22Llt9sL3GB8GNYCNHqydWqwmoVCCNh7EaD+4tvTGlt1WfWc87nrLW7EVlLEpfMYB5m7O4RdHdnCN4Js8mOalWtiCFASMCBsVVT6o01bpBNAU6LynSDOVq1VWiSqivXIrs0Gy3XflYOE+nDDvMDFgU0CrRsNeBu2R1dpSLG/u92lRDkUOcYt+EfCBHIaOF2Mxu75zniVnVd9ew2MfcWTEKqo6oLaKrlNGqnZkumloybytfdOOKE+ZattglU5gI3HHcYq2erEqjdaBQJ8xaLHHEEDWpsY1nVEUdBcKeHCFXTdkJ5H2LMNLKTFtKa+SDNcRqbv+e+6WooKztVH9Kc0c2qnjkbedVUl9QR5+0cbLkdNFv9nDWfdZUWKRtmHr1BxObmqvV0MpWP/GaGUJzj7jwOq0uVpS4zH3BWr/Bj+Lk/FtWrUC2YYa6CcozuFmkwJ5CZK/Xvf1v/8bfnvJ4StvzIgJYgGc1sjPM2ztPAquy536yuLnQ11VBtJZ1v1TZU7VseSGAjcskxjnE7OnMcx89/fP3jn87Pr2e4V2HlUpcZZZZbQh80DVnZsKx2prphpW2FJA1u23CJwezD4n6ca76XZhWyR/bYv3rda9VjayOyVbXcEXB2mKkyuQNzZiI8zOH3M1zVPc2NZlnPLGYr1+XOlVOs42YxvLW6Pxg0H1I8usdJO8ERY2zmM7n1sE1YdaMKtl0d3QXuTFDV3sTvODUgfuQ0OGI7fHCM8fr5U8NfXu9SC/jy5f6nn8fnu1lU1aP7MEXbAKZBZsfn1598vPXbbx6mPiqzusx0VZupzbrWTNz99DjF2AUGszDHiBOF8uqGU60FHGLNugLt6sr1XO+tgqDKeb3TI2VAesTMDhh4jBC4wauZaHMirC4V2myY0czHGWhklsVBMrvQkFKqEdoQbh+jM02eaVnptK4G3c2dtfUjfrxUO4ubaFq5fJjTPdztdi2qe+WVOYNhpjVzN1gKSq2ZF4VxvJDI6vP8nDmzcdxuxlC1mp9e48fv9d/nO1LHOLqRqxpb7kRgX4Bh5htQRKiRLJhbtzYJGYDRStWr1rrO43493/7tL/9LUi/cv/tyni+fP33+9bf3n//wB/Px29f3f/r++6xGXoybhFXremqMZ/b7yue6HlI7nTojXt3vUrZWtda6vj3fVnWBj7evx4CxQVYi4nYbEGornkEc45799ry+mW3c+fQ9L1/vqeShI06iHTtLW4Cyn+/XrzOfhZw5t4a2u4YPWmwr5KxFLLOt3bCFdsAI+IEuh+0jyKol1VoL4rqyY4KxyLXeu2ZL/Y4zxjmCoGfzOM44jsOrBGyYFdTM3K8Vwiwrtw+dEAwwB/SRX0ObeaM/6LFVa62wEcZrzu6KMbrKeMzUGKzW2/sD8M+vX87zyFk//PBjt57v6+XLy/N6/O1vfwP7es75fM/1t+6H+RKvb49vTcU41roK9vn+efXVVwFr5qVO+GFWq2erCrXWRYJxrMwQKSPceTbsfv9UXS0qHGlW34Z719qI3+e8DiuobzEOv82S4amqx/VwFs1qvT3zMmysBUfcYHaCq8VVRjZ9+DjjJexO84ZmXv1xWq2uFLp7daab7d2tWRzj81pfpWzrsKgq8yAh5VyX+UhUXdMoAebj9APiCMCa3Vnv1/qm4i0+H/ad1hW0cFNlrWeua/OvKyvXujjPWz3mU3jcR4BqVpOrK5XWXbm6F2SNRJtE4+k8JIhr1dOI8DHX0wBBM9+q5nmc0mdhlcpNVcz5/qbh97EYYgV2QxudGH7SKVTX9ezpFBGf7j+Jy5jo9hjAKNRHb3tdbkhC8Kau9Z6VUq71dJfFETydkXo869u83p6Pr6SGExilI4FrZqs5XLIWaMfw+zFejEbpiJMEUAhfnc/rUepgZb8jn35W6p5ltFv3VGWqq5d/lFI0jsMYlBw0lbFv4+b2cSgTVH3RR6syHzXfDx+301bfrvWtyqolaM5v6ncqNx6Ddu6wnzGpBRmq1GXswEBf1/XV/YQs57PXuzqlbA03I7tQM6/uFsdzvp1HMO5VCz5JAVV1oRYqK5+5ng3Rjuecx5gmmZ1GI4MdgSNmLTfz3mxZEGhsBsiCotRFWW9HdwPqnr150MbhY0vvoQUVtZFhcNLsDB+Hx3mcQYLdnY05s3Z5opu0QZrbcDuETjy71z5dCbUDawQ9bse4q6Z6gTCLiOE+yE194Z4LWxfIPd/di2Ypsyd9BOn0sq5uocj//JsP4rDjfh9uxuqsTBnBGONUV3fK2SUJuRrgvmnoMMDJMKBqqdtMqrU7bivT+XFeM5DaG/lo7i/Zd7ZwV6vcYozbQAgyk4zsk31Ws7pMZuKFZ3fzA8hG0EYMyGwcAqthQ3NdDmsvsIhBUmKvkkDYEQfgpoTJw3QlyTE8c7nf926H9P0e2lDMrgK11ib2obrMDVSrlBI3ggTVtS0G6ipUzsu7fO/muiyQK+f1rMo5r51YSvE0r8pFa/Caz+5S93nexgiHfJfikdWz8mrWcZxG1tQwI9Wdxi6o1CbMamtjoCo//t38kLlW6TQXKCUNYSNrmdqgNS9YdMeVE7aObWalj4jH+7f3R/76rd7e55yzc7Wy1hKqchkabsftNm430tdavRbRTiiz3fYmwdzcfQfSunvvNprFD+SlaH6eN7AhucUPP3z3f/mvP3z/02GHpTqRs5e6or1MRBn1cn4JnkuXJDgKSR9OqTt8uEV2OW14lKrah8UxRmt0LVGL13tp+Ok2qOzu6lXZqzaGG2CecaoaZoSy5BbjGF15mA92uL+eI0xkzV5dpbnQlw1LzNvp9zvj8OqqXTmEALoZ/ca40V/MDXR1q5qGZpsRRK+0rSnsdLcGN5WABu7tj4DqfUYReBzb+zvO40CjinE7zvOorNX5ww/juy8dB2Ze1WtTvc/4tN1n7uGiwMqsdLGmrzmfrct8012MoW6DBXh0UuFjnFAaZTSQuV3aQHU/10PWBpvpR5zW1pqz3tTC2reYq1sfoD0kaBF3Rgjd/Wzj7bw9Ned6mOkwA1U53VkNtxftMT9U3UXluqJ6+ChJ5mrtFEpLvlsBzSNC3bfjMOZqc7MxjqoODx+3GOf99uqwbsi60Y/ne2FlzcTTtnzNJKCyVl7hZjQJ4cPcPiS/aDMIA1hrTrheXjZGBXVdiGEelYuIYrNlwohDBDdAAYW25kehe9/cjDtV4xLO20GGmrdxv396eT7mly/fV+t//PO/xDleXm7//pe/O8dvv/w6juO7L995nL+9/SLo9fPrzz9Hb8stzN1vx0vAraUusTPXYz6fec31/vX9vfavlhBhAOaa53HGiMfbb7YBbGih0HuZkc95Ud3DPlweTZgas/TIGqaDdLFzPTqv7Mf7fLQqbC9+PbW6ZlfslHt3rXoYCRsjws3FNoNFVME7aDgsxIo4ZtbMZU3xNqsezyvrzY1rrePzD7QjeIDxfKaoGGzoOEPNymXDMPlhdYSrrso8wgWaxTjOnJdgx3G71n6XGf109/qQx/vVLdoYIShrxorzdtLw9vZrxBeHv356HX48a3779bfXL19+/uOfxstxPN+/fvvth+9f3r/l7XbE+W31O3gtPa58K2CgjMxW9bofJ2HqkuyIocq2y0Mw687nSqrikEUaiI7sROyd4AA4/L7SztHUHEeodc2v5qfzWBk0n5KbgDj8KDSE7sy5fdiL4/bI5xlm0oDRR6M4SkqT+zhbBH34XcJjPtRrDOvecI59SkqojWy0MKE67BSGu1W12TEGn/NbM1bOui5378rsryNux92bZ7iH2apHtotWmlnvYtVipwdwO0auq3cqodWimTX8qn7OSz5pl3GIJVWBc+XzelBNCIjurV8186OxuSJL2WB5HKysfHxoeNSDe7Z2tLikVhk7tbLerhVQreXHMWjmNsJfZVdWW6CRK9XO4Xa7fWG1cZEr56zq8LNoO0S/pdSbb9goOOZ1lapZ3tczR3WXrmu9vV9fSw9Ul/oYX1auXrN3cXhlp4jT4yCGWxiGuxlFcef0aIHR0mP16rpa83Gt8E/QddenYYcRJjqwG/AGGsxkRxzDncojGlxu1rIiWpuSRaflZlhbZz7I431aJQTv7ly/ma1rvmeusEHcRtxpoFHIrQY9Y3RX91UFNVZO0YWPXn4W0jHsKKBQMlY3UXNdEfPKh8/fTHmLG0n1NOvKa12PrOdUc6Dpj+e3Y9y8MTwGVTyatyigSo6GHzSpdiOewwPNVIIIG5CpqtH7wyMt1TR3QAY7/KzshLITJkiEhR8RQRtmRrRJw0J+AChkdTYQ7sHD/ZRb1/UxKcQuY7K9w7YUJfYrHJ224ShGuguguT44kyAtfITHzOeqGebdJs1qG37SrLUHpe5uKZIedriFuxOk+5Vt1Igja5m7mWioXrl2LHhssU6J3XuxTYBVKZS05pwdR2cE/RbmNqqv2m67DUCK3dOFlMPMbYwYbmE8Tape3Rfkw0dpVk4hwFF5WfDw11NGxqrLnVQJ5uMGebdV5hnBwuTTtNErzMI5zj0iDgtow2ds+JjrCh/yfUEwuu1vvrm1Wt3k9gO30bHPa9vsw60RzswukziFueoplaREdybCgx+9nqxVlZvU3qlVaVoVtA8guroLkHmrJzXGcZjaYLAAAtbqAiAZTOYRtMTMrK2LmbUO2nDHxjmiPiicyiaM1jLJnceIG+VttfmSHuecWd5BuYGQmwzVldfj0WAp5swd79bqXZDIWqo0Hx6Hj5G1nm/v1/u7KTPLCFZXFVSqDavBvjD3Hlun9kTR3eBmw4YPdY3j+OmnT3/60+vnT3ehZz7nulZOoJYwGPfhI44xbgZWOWh0E6u5IqhVajKkTiFEmBmxU74gNMYRHgBaExYRR4lGmEfnomA0oSFVieSI0wzybuaIl+6FUrBfzvN2hDGFgl3dNdd7runLVfP1Hp9ej3F7gAZClHN/oA+MM84TFoSr6j8B+2ZOdOujoNKqbfUixd0ioJrgJsmoQejD/22AjfM87p80k+bHeRYk9OfP95//cHz6dNzOIXXVWmVrHW5usNPuEfcAjN25plCaMcxQ1dYe13yjyjnoQUU3yYN+M/PAINW1WaXCxwsAWGtaBczCq5t+ILtrNpaglZnVIuU3ZDU7PMxOU9BbYWu9E4hw4Eg8s9LgI/YsVrDVlYmMuI8REOwkkY2P7nLmMpfZcQwIbEwCay3fFUXawRMAOMr7vJ3DxzGO8GEgWVnLWMI155NbDtdpbqXq6up2s3O8dGntx4iNqtmsEdHKOR+w9oGcl4fR1nU9Vk5U+2Exzm5hl0jNYayaq5aAMN/Kya4kYWEqbQbIBp93o/Iy8+d8y19Xt+M7n/OxuiL7178+X+8vP/z809df36v68Xy8fPfjyo44X15efvz+gNztdh4y8jbuaHaVe1bN6/r2WM9Urb5aa810G5UgCmSMcFSwz9d7tUDu+e5wB3utpS46O/dWKEBWK6WrluEBXYTLqvJJr5zPNd/arBNm7re71Gut4tN9VCZow11IMmOE0aXeeiErmsIYPrzrmjXdu9WZa3Zdq2YnRefx+f5yjvvpL+fxaaWEZNjLLV7uZ87Z/2m/5Paw4FCRfhzsqr0z7FZmj71EhBE645jd6mYpLD7K4fiI5JkdoqpxuG/X5Nu332D+xz99//6Y/+Nf//XTt6+vnz59e77/4z/9eWV/+/r++vLlyxeLeLvyHf3IfIgJ8Pd8lK6J52XHOENhdjrlJu4OTK/ndZUIstKFt5WH4Tx6zn7mqlIJjLgPeEJjJJFmi1xrPZtHYsBuFqd57GN6eIhGO1ta633m9Dglmy0XqO3NDXdUR6Dc7xB8TyyMMEl5zSVhhHfKze048mqaUeie2W/B4Xa0tm+c1Qk6cHSrtCBmdUI+BjC6uxF0p8JtrDTIV+Vvb/92v/UZn6+qazZa5nEQc6FrkS7EtfLMPqyvuXu9q7GEkXk9Ht9I3Y/ziE/dbfAxzsZY1V1PdQ0f7seuCIutRtfOoYzeTEa/G2zlbM0xas23hwrnp+Evo7s1CN7i1f3zc13XepiR1WR4+L79nn5vBSOAkjmBme+t6zQvKXNJTVbVc9V7wzyj7Kru9ptvxroWVHO9d6bbPWWlHj6c/hRkqyqDd/eTPN0O9858kujKcLO4OcOMqAlkVs56Eo/D3914u9+cR69VJS2ccavqnHm7vQwfRoU5TK2rQaH2hjtihB1Vl0D3lxhIzZp/c5vu94JVLvBZ9dxL7cqHx/2ITxB972/3UpZGdNdqqp1dsxW0CDuOGB+jZNsizQaknmKZcfbTyuakKbuuMKpn12Nev3Rfq9dcs1f5C8PNfYAhAm3uh3SLAkyAe6nNINe+5BuOjakjSA435se50JykujW76bAwQtY+VKvADdt1s6CTBqEa7s44rJfvgL99KImG+7CTdMIYh2/4LADrsIPyyv3KZ5yvTuV63wfKqunu15qim58SzcPC+7mBcdbAxouvmmZiptF3F7i6kXILwoGUShrgEBAeqwQ64e7RjVKBrG7s6RQ8YWqQNXBQBNlErsqu55p32HGeDaxeKmRdWVOVq9JsVKtajHAxPE4/DK4CguYhQDWAoJ1mS1qlzIaNG3EYB2XDSDTgh2EWdhLR4RZONFHVlcp9SsqWeoWF4yg66aQZMcIjvarCTyHQEmtLiCJOrGqYoatTAoe7OXaODQdt7Lhj9mr1zCtzrnyCtZO1BBqdmxbUrd+Fvj5u6Ms2x6XTfFS3pMNP+G52msdhinDAUHWRcmdVbgtBHMNESUYDPrJcXeIIQwC2T5UNZhk5ZHlllTQs3E+zk/BBHqMBy26EZSmCMQ4YpdoeKkYjbLauTBASM5M7+t9NY4zjeH09jluurFyCci+CxgFYZYUDW7Rppi6Yq2vDNAxAlThixG4C0Mfr6/H9z8fPP798frlVr3mt6pLzuqZU1X7GJ/ezBTGNUmWbNlOOCnUSTc3DAlDnWnlJGWT74Xio67i97EvO4eHmO30O+BgudO1QnjkdL+fr6/k5a7G6Omu1D0clhXAYhJ6P9Z6Nlc/H85ubgTd3e315/e6LXl4eHtFzdjcht8Fxj5dPHAf3FSkbxIcLIgUWvYeFuggHurGc2jUDN4d6E5V2bG5zQjsRY6+q+uXT65xXzrydw2/nn/78/T/86dOXL68vL3f1tWo+1xsE2niJV7eA6NRp4/N5q3G8X19LU6xrPvdAxwy3uPueuCgErwYRIwak7JW99uwnM2VtJi9nRHU99WZ17W2ohFnXtaZksrie83bGiMPHy/Avhi4skHGA66FlEYe0aJLa/GPwLGSpUe1xP467mTkgFOodquyEDXeIi3DWMZxXLaHc/Yhb2ZJ2Kj3a6xyHUXvu5ma0WrmIRVTXNB9Ckv9/nv5tSZJkybIDN19ERM3MPSIv51LVDQyGBv//Q3gbEKoLVeg6JzPD3UxVhJn3PIjnvEYSBVFamKmKMO+9VlWSXNy2dWsQQrVrV0qiWvPIzBQ3o5epmz/mrJ/er1//hv/r//txnrGyci1tZkBGcE9BRIgAaERG/EmITTOzveEUzaRoihiKm0B0np+ZH/e3X1bl2/vjx8dvf3zOW397u7+Jjyuej96stbVWxbpyfvue37/BpCvEmrNoaC6NyDk/wZw1X9eP89o8fHo7MpiEQUiOw5mTkcdtrKi1Yp8FM2ZJZpV7M7WNxDfv5i7woq6Cb6BHUCwzn2u+Ik/W2sNENalMt8OMVWvFBaCJmQorMi83QEUqosK0m/ZN8TS4e6NVzSdwZUZkEOra7o93h93U347H2/Ed9Ga5+FQEEDveVwEmc1dQ1bo3UynsoCRub2/Wbc2pKoI6ryfFrVkGBIy1tnG7tiW42MahcCDauN/v7/P1ut3fb7fHnGdW/v7jjzMuSq44Sx7M+u2fv6+Iivzlp5/+1/9lmP9HrlOwTMRVCWmui5jXMzKezxj98fP7X6F2rfU4mkub8xVB1R4Vq3Kt62j95i4VP55/RKShex8ZkUjRZrz5MPL5PP8RsaKuxZf7bbMuxdTlGP0m6os1F6w9IHJFrljNF2GUyFyuCvnytXcdw28A3FCchBVqxilYuVLl5uraBktf1ytiiirItZ5Uh1PFVBgVa54FzFUQBzNLW3tT75BjRZEicGEzY10fa3IuRMhrnoUfuPUmSor7OKTO+enuFkpqJNZa6xbBQMRcz6YCA3jO+VSV3g63ptLcdlNzCOSqRBUYSBAmmshq7VjzNesi4LK7Sn2Me1GSP7CWCCGLX2sKeHtDqatUwa0316hyrcxUHaajEu247bmOmq75BEGBEmYAJkuueUFYFef6kXWN9q6qhBK5as5kRLn5K68iKDXXBZdu3dsNyEbJypXT7dbHu0urDKFCNDdemWp1JTMiIKiKqiXqUau7kSbVzJpth641Rc/K1kRFI+M2Dt+Kp5pze6RAwNS6yQGI6k1VVFaCRFZdG1hSmFkn47KvuHu5R/Fqeu/uLiIIVCqzUCW1coo0kqwJORq8WTOhKoioqpVLUc10RUAmlwYT7kCL4lxn5cWcxaRkzDNWLEb3PuwwNTd3AC5aQ1BuqiI2xpG5Ywa+ECRKNZHFUgiqRMxVTL2ZGuRo2nYSH2raVkwRad5FPbJMm1tXdYOquci2zTZvd0IqU0SYdNsOpr0aHu4uJcFNS1sweQy75FprllC1mWkxDaKmkZRIUZtrWcmWuRK6kpHIzH312MlhclbJVzVeEohrLUa1cQA2a4lKb62oib0MA7WJZRXOFVUVJCtM3EyFkjXd2mYRJiEgWaxi1aqV3bwv1wAAIABJREFUzGSumnt3sL3iqCqJFdLcVcS1K5xwN5uxF57i1leGoRVa5f72bwGqlUpualWhaSOoYqP5lVKlpnADI5OF4mtOoMzBkM/z/Hb/BjOyYGrNYiEDY9xea640NRcVAlEhgaO3ZFZOpRD05qK6KaironQau5quihlR5Of1GYwt0CC0O10A2aQwAVTVWxslnHGZmZqtGZQoUuorEC9qzR+gGLT50c1SZuW1CkxRcRMTEa6wPipjZphYYLHEfAgsd36AyJoVori5ylwfunOipUgkJkQg1cwLY63Y/1LOve5emeVyUEocKXnFgu5IbFHAzB1AN1Ebd2ujqiomtpk2tr4nQVEYAeXWKQLFDQDVPQ4nK2kiZr33A8LKvN/7L7/2t7u2ppHPwqLkisgq217Z0rUy9Smsbk0kIy8VU7SoUmsoVFzQRhhFZlwzJ2V/PXppSYmZNHOTIdC922EJChD1TvdbbwcIN+k23HQ9P7v3EGacaq2ZJPmK+cr6OD+rJOvMWsOOa02z+9HtMV7HEGuyBFVpUO83Ox7e70VAyEqgvoI8qF1yEJiKBENk73oo+rWclkLuTehuAhR3eRSgu7k3a14gVdWh2u5v4+9/v/3803Ech6pHzWLVrhL5sdMP3Q9ChWpyqHMUZz5vIrli8nWM2+Gj7X5CKc0jdy+pQNnPzslYGSaeKICmRlWKk4i8RGdmsFiiM7FllqYCuBDNjq737h0oEVRJRI52Z15ZOfpBRkTu7WJxuQ4iADFvzbtgw0aVqMpTlGVQZeaqSFaaHKMd1ZaIqmhQKssMoqHC5jtHGKTse5UwmakVigJChMzMzC+8DSsrzjmb3VybCZAzq5oNzZW1bv1Opnl3l/ujxn1qMwrcjBuUal4VmYWMnSE0Q0YiCSGr1Ly1DtJNSUYsEckiAIezREyP4/7LX/5WzH/+448qCHwcd1Y2tXXN/sv3v/3971n4n//5rFVu66br6N8c3TRH87UuoCojNn2F9fk6z7VM76o90t1MVYBlklIq0qmyUmBNxWUPVKPUpfkBlMJ6H3Mul+E6VHUFaDmpDoggGatWVBSTWqbW3LYUMIUQ1001EWwWFkTz65mYRqzMyJdLqI6iKYd5RyRpJjd3LamxMRimdcUxbsMfhqN5L1l/vD7WdSIuM7uePOeMXGtdZLl3iEUUdnxUjVtLTJoJ9YvGEElGVAYlwa80316uHseDVImrj0eVkKspe7PmfcbKGWrtp28/rchvj7citNmtPKQ3l+9v6xhl1pgJSve2bx1iTEltbVautVYWlM26YhQzVhXEzSIXMmLlq2S+rtt4D0SsvN++xRWqpta99QgXghqjHcGe1znXa8a0u9BsRtrh7ndARRrUzhkiYxxvKtvYM1e4mMwqUmwDiJlD3o7+XpVUzaq5zhmnS1FqrVcbbwqfeYrKWpFRZkbhilA5s+TKVVmQymSu5X2YHqLS+s3tEDAn8bYh5ixIpcSqDI0psXh0YVwh1m386cvJYogIzYNW4BWz+ykkwaQIM9eKzNG/vT9+ZYapbLtOgef83Ei9qpl1it67dChBJXHlFOjojy3qcmsB9ugR5y4JCioZwHVdpgZvQ9VXsFRVGqS6aWvNtCmaSCOivsZMTcC1LjFzPSJirTOqsiY4I69tqGemaCPryqeim4/KRD0FqtaKVRXamqgCqsWjfzuG9vZwu1cWDC6lsLXOkGdhnes555kVyQyWSBNpwx/38d1lRFGQAh3tPuN55afrcPdNnvnif5RmzHM+VcTMhSLF5NpXsuZOXF0cVhkx5wvSMvJ1Xmbi5oCa3wUu4K17N1dKZaEI7ldTqZo4cgYJpasWuFxpgmR1lyohhDYgJXYIaZJRz3PRdKy4mE9hJa6P5+frutS6iL/my5u2yyLP0R6HH1AHzJs2cDeQhBCoNRmRV2blDt7KJpBS9et7pbrZFO7qlV/4nwyq9q5wl+0eCbJ5wx5J7lafdLNKnkIXJGAi/UsA7N1swIBKWIpa5STQ3PZ9CJCiirj71stxVjUroCImwaTHulasrBQxCEWcVAhAgapJIze0gRCDsmoZ1U0VWqziqrrm/ADYrWHzELiuOaPC9jG/SpGmrXnfyI9NQJLdtUWpWBQnsjmTCpianesiRKBbxqIibk1olZkI1b5hNQUqrflRkYrhVpGrAJqQEXwJ3MRGf5h4sWZEEWqNRkiWaq6tmkPVen6ezQ6BqymzZDsTqsyalEeWsKl6JVghKsAs6ogjY1UGzFVsJ2YLK3NWrtRLy0QtGJERFed1BVcxTEy9XbNC4u5u5lKiis0PMWtDReYsEib7lyYIZhWpZWKjeevaXE20OZDmUmY2MrkWNi0QMKiIgRnuXNfai52Z1RVRipxRQR5MdzlSKjcJW1ol1E2gUPFKk1BAzStjzacilMo9ls6UKBFVRa6JYnNLBLKSQDv67V3aqFgxZ82JiKpSVMa03VKIjYSDoHY9lwRKdHMkvXo/REzUVAjI/dHf36u3CTDiE8qozLhEaOrDD4oTTKYBWeVWmVeoi3hwGUxgVz1RK6tDe2oWa2XOnBB5e/zkIqzoPlw8OJnVzCkbbaUA1LzZ4YruX9uB0TtnZu2QdhEqu1CRkiWf5zPjpZtVia7aAL3ftI+pBlGomcmQcbd+mDcrpMT+hW4cMFhf1PzcYbPCV1AVhRJlUyt+9SZIquqXSQqgwNxIttZXRDKrlMKfvx+//Ky3m6piVUVGkSuvM0+1Tua6rsfxLui9DbcjSTNqTkq4mqt2vz36N3Bd8ymiBnOnmqGkBESA4Sp0zwzhLsnfmx8CM6hqo8zADGyluYk5q1ikELuApZJIAU1a60chzyu6dmm+4iMLZl7UoDiUTKG2MdwMmepmqrltsoS7LwaEBCJir+GgB0pIruRal4hV7Ti8Kpup2NZr7cY/JzhN2AzJi9zYbFSu+jPHV1ylnbVEYUoT29GgL3gDk3m5tdHVPffpA1vAWqAlyeZdKGAEQZSZiylAeoG7bW5ZFGztEQvp5tp66+Px+P7rL7/++Pjt//63/+un7z+rGrnU+PY4/uPf/++//8tf/tu//j0WRpdbH1T5X/7bTz+/P0Yf3ceaL0WZ6oxXxJq4mIsphJuI2wC6WqdId2WcKlNIgWaBKDcXQURx+3atAWWqbi4prhw+RBtlk/GUu3LIjFhZCaWaNmlCEYG7k5YZRVFzN9sbVlMfW4ktClZUQTUiV53NVYFkfoG/siDSfbht4pw0c32z0WQHPCFZvCpPlbrdfHR+gruKI6qaJIVVmauPYW65qborYsVxdABqSkit1VzPFSlpolGlarb9LxEieuu30R+93z5//8+zfZj/97fvP83nxUJvxzHe3t/taP3f/8e///zXXw7Tz1Iw7ve8PbqUvT5nMzcVM1amVFZTlml7VErMEK48ehRUlNYjomjejlRaFaqe13OtfD++qbcrTtDuj59Ee6Z5c6HMhMoyPc0/uYLIzGeoEvqmb82MzFWzielokZzxhB2j31/nc84VuETo7QbRrIiqG5cQpp2FfZ/MvCI+D+vqt4qT4IqrIkwsil/v0Pq85hMbtc98vWbR11xiXew47ncTU+1Dmxu1pLASyMwV+4vggOeU9jaEIlWUSmbGWrmKJQZmRtH9uK5Lkr2ZiMyaYIqoeTMzg7b+cDUIZhV2ZBspaAnxpqISVaQlCuqAmo7e3kzaV68yl4rcerPpGQLg8BY0ckqJsptJVlYuMwXEmpqySYrsRVZlLvvCriVCIoqQFMlCVqyYUS9WdHcmIKUiWcx90Iep9GaHi6EkGfBNpu5ixuiqadJEGqU3VzfLvKrKm+SsKlzXmRWFTIYITL2gzbYMEcmQIsTcm/vofLvqD1LaTj4zWKChMokka0aadaXo1hHYW2vucoOSnJPnxQ18N7cGJDObjd4eoB/97qamWlF7wAmQRlBVsSneUHhTk1RaVxNhZerXbkio1Y4bIHPO5jCtyB9XnFGQvCqvXahozYLC4PF49HHLCHpB5euZS3EACuS6SlnYfPqmysQlcBFTNNFOwf4yiWxg/Eabb8DZAqWZizTCyCopqhZQFJMOBDalUUTQK6IkxAa0w7qKqyl2WQOG3ZMSVkFkExJ1zcWiqfjOHZIwrVxzTdMF9tpzVJKoFSkiqo4NlKWoiomZbulLRKR7NxkrSzBVhiLm9SzEWlMZIlBqMTOujHPFa+UiBcLb0Pt4HO3e7ACQmMUAaN56H5yxFs20xBawNWdMignFSLTRN4Q0i6qA2qoSEkwbpjBzso6ZS9BbM7PMmmSlJiAubfS7a3fZje00Q1WmRLEoTFYxihGxvA23XqlZpQJrBpHtQStxMKFayYgpWkQDK5iv61PILxCE9WIyFlEATJ1k5mLOUgC5albNQhRzxWXZVA41QVxHI5JON6Vq45om1qytOQ8fEJpYJoNZFVXaRUWNwuLS/TMozAjVNly/wK9irAKsNSemyRC+IoKyKbJO6YCsuq71o8kwHYUcvTc7KKbqro1CrTN3A6dmEUqf62xm3nSuk6KiXrLUNDOT6V87nmKlafPj7sdNRZnJFYgFUERYEO7o+xe8k1CK7rY6sliFLVGgVFWzfWvk27f723e73avwutZZsVYFVcxb1WrWer+hXMTN0aVFzOASq3PFyg9UfBtvZi2Ba30WPws+C1FJUL0pTcW6j+6+VdFEqKqqViVYpm1FMtK6DR8qIpJCNLUpzMq5LhHprQFArswFMHNllbZGkeF+GzehPJp+e8hx6PwQqFJdu1tvplb8ki7Z5otv/YxsDRMAqGtEGqqqipsfA9Y2qWEXiv/M41FokVkzgM/7+30lAXncbz//3H56h3uu+TIZhLAKkKp1XR9dxVTOy+5NGSZ7UaljtG8rRfGHiboOFYdIdwluJFGISVAYASlXOdqwuJ75XPGh7mQvatTl0lt7iDQoJSK3eFqsBJG0bdsoxMpm0vrYNS+Dj/bQ1iEzaqJKlJUCUTUntR9d1ZnUDhOoIMFixdeXM5nb3LmCO2XmLM46D3V1q6hgNdGodc1qLmF+6N3kgBoQM59JmlnkqlwiKpA1T/UBGzGXuaxYQR7NhMK6MsNE1K2SBVZMVDXl48A4mooVQ8DcJWxSvTdtydy1+D/b4ZvZgMyKWqzNThAxcWnuHrFENeL6H//2f8Z8gTkrVhAiIgVTNYs1f3x+/vMfP95/fgBp1v7lL/1xP9zv7k3Fsy5mZGJVveZrzqfr0W3chilH4UYdFXO0ob1XfUaeIvTWI1Zc4UopRBSFEdW99TaaNpWE9vvtl6ws2boVqYoQgciqXKwZ9TXnp7q03t5E+us8V55VdYx7b3dhmapDRCTIZAq2H8+JtTIEhSkCgO1oY+Z0b/v9PdpDxcXduFRNLF7xmtfvEU83jOYRZ5F99M2riKSQGTmOw1v7fH605lvkomZiumJVbU+DACWmyFARU2GVuGkzgut6ETWvcxCPx9ta8fn5qc3heuu3a1Ubxqrf/vh9Mf7zP//dTL79/Neffm3H8UezDpHer+QQnsaw/U/Zx8drZaTZnWBCZmQxhQkVqLUxIqax7qP/+PF5tC4Uc4gSWqZD1CgVGcxm2pq/q1kwrzqLv0MCOqkvgYukaiYnawHmeiNLTbfXysQ371sls55RKWiqLWtGraZyxbVqqbAqqnLxdNfXdVJkuz56b8PuEHmdL1VTQdWa1yujMjIq3V1J9370byCbtW7NkGu9zsqoEqiIm/lal4jfb9+GDRUyk8wCZq5iFnLN83VO6q6uJL2pcs0Z8RK1x+MvUqVAVfTx5tKTUXhVlXvP+fvKqfrNfUTlho9VQLU3u7l1EothZsOGmhLT0aq6pY/2GO1+zRJeQiBOyMQmeKYEefTDhIZUXStW5Nw+YwZVvbtDerIIDcmoc8asKrMGuJrLVxTHi3PX1pvddHjEudZrXT/ut+HeIb6pyciriNE77FCAlck9sbOtX6V2MuY6q5a5rkVVgWPlqTqaiYmp2spo7egS83puvhFUlApJbmuBxBVLdYBMNNHh5moGuNhwqxlWpX3YXNcX1bQuldbabQOFmus2sYtblVaxmDvrGpWZ2fT92/v3KwJk79bERTDzCVZvRyagzCwRfYzuIubHkuu1rmudyl3YnfvdakjpjlqKhwBCQWUy9v7ZI1Zz51fKtgTdpcPkSwNuDSlCE2RRTcUcADY8MEkgVZGVFDdTslGQuapKhVeEKJurmQBYscj8EqQ2AzSr1Habbj8oc++fai0VUknmlzvGZeuSBKxIgRMoTuWXNCCroCoihTSI2+GtmTUTU1UXhwi0dHs+IeYm2oRcMVVqV6xUrVlbcQZrrueKqxDkKsY5y9qQorNum2wIRsUerezjymg9y7UEhspYWF1dAFcLqcpyUYiuSOnJlaruogoKKgK9uZkl6OJDRkosTLeRuSqpLlF/Uo6+nM+iasVlrvPiyoyKrIicEG3eIa1tbqrZJqCLaFStrIQVMisgEpndzL1vEZsQbi2TgiWiWcvUICrYyrQIxvaSVlVtVpKKqKyYxbSG6zOv1g4xes+dOxUo0N0ZE6hmLrCIlZnJsLRm1sxcUJwrCiq5SfkQ7we46SCbB18KiI+MGO3WrTIXhJBQKODCpjpFhLDWDrdWKcLe+1EMsw2KvQCDKHlBRZtCqe6J3NSjuTIiFHDR7a5mUWHt8X779n0cfV7X9Xoydl0ydAMqN9QjokCBJAu7jsuCfOnZK+kq+DOdRuH72/3Xv9zvD6XmFUWGuELNxSDeW1cx1da8uelwE8SK3G6La83umgLFLm9nSGY+nzNLvLd7825QNxdtIh3IrA3wIaoyAxBVYS0purLpHswmhVlxrfOKs7SQmHGZSGVCCiLqzZqjysSOcevejPLz2+1f/3b7P+7zQ7S33vqtj9s+r21nsJlSsdYylWRVpbvtKxO+ALOAiMCIr3UZIZQEKCSEAgLazFkQLSjmnFAd9/v7t+Ovf23fv6tioSQWfThLmDL84Mp0ZstzvVwckObHLuVHhGk3H63CrYmqipl1xOvKmYycq3mfcQk52tHUs6aivLloAyprK36lJM1uLm+BZ9ZrK01zLYiYNzMnSNnCDgUAEbPR7Qa2gpiNOS8yVITMKox+Exqz3OAClxKmaUUGkTNy5gu1ZCM1IiMvopFYkX0UiFmhtUpJXifTU4YPke+QBbaVZ+QVuXJb+ZhAsZyQc16ttchqEgJKTkk3c0XZdkNoU7rueqNak/jpvf3lL9/+53/+uF6pplnBKpjspwSEW14rgshIwkxrOzVVEhDZgAsjc0aSNMf5Ys16e9xd2/3+Psbx+fpcc/72z3/+8XFqwz/+8T/7eADJCm3HL9+HKtQkGaIw003bq0QEKN38djMnYRja3tRuArDoRtPb8/xjrg8RkK62W4uBlSuXWoc2sJl0d0Cl6QHE7rokamZElTCLWJkFZILU0Q+zJn+aXxVuEJVu2oWpWlAnJZksiCt2zFj7ygITshhTWaP3BjOlW6uSYQrYaA8gsmLWzHUuBpVxrXWtKsK0mebcCGmx3rC/WiEm6s0zs5hqtu/dgG7GAAQwQxlVkblxKlCdea1cR+/F6P0Y42/X8/fn8wPef/75++i3f/6P/+fj2TPT1Y67/+O/frsfh0K+v8fjDa3duGKKqSq4eXgUbEx02BjbqIu6nosdgsrh3AkkhUhUg3273Zp30FwgPIe043hf8VkC15YlJs1sKGH2zeRp/s78I+JlUv34ZpqRPyLPzNoRA6F0Q8S1oraaw9xV9Xx9qLKNBuhaiY5gPc9PIledr3UqZ1TtPOtmA/Z+kAo1iF26vhyuzGZdmPfbLUqZVUTzruW30UUFBeiXS5KsYEJFxET11h739jAR1mzWlLVYIsiMVTPyEkczyZyjv5ljrVBzl1vvR/O7w47WRxsGVbFExDqBqpzz+iyEexN5KNSsbSYHAPeh5hOpaMMPsS+TI+Tuvvq8uzaD3FoTiiCAK1bN9UpYiQq6yqGiam6mwYKuledzvkT8oaP1NxGdcUWgOEWa6aF6HK2pivmxXdWOftibqnYzgRk6C2mzWb+3b70dhWAGYBvVTyYjxLQiTDpQs55FcNsz2LMuVkqKoJt0sxHX7E5VVWvNO5YspNdx9HdyAbnTgYUvu0tWMZFV5HJPNYf4YrocJRpRIk02yqY2Kq5EXUwrtSmbm24+GUJEMhahkSgRlqzFM873+3v3B7lMpXlXlqDUZM5QdbFWGd0PkdZEN2eSshQJTkDqyz2aIuoqNDQna1FbcUYgYa4umm5uCZpIUwVcZYi4K8rXXF+JrayLSFPo1wiZgUDKqstNJalqe+PgSkANmpWJZTa4e3IlQuEOt8bKXCJirVdRZOkOYNUiMzIFhUo3ycoZq0iYF6SEJmpqbm1FyuZUoyqulZECV1dvkFZkBlfCVUxNtFE96koWSN/hpz1dyz8nfChTcCd6yOKqymRExoo51yyKSkZx5lr1nEkTqYLBm46yIplJbw0UVs1IUKzdCkiWiZkrWWZWzOuazRsItX3UaKIGOJG5kiW9HdRkIbhMMisaS5UzTtixn8WbgwllsqKykKW11spMb22Hv4/RZVMLKxKiVTOuQEVlglBHRmQSoq1JSsRs7hAACIZhJwwBSEaUwLxd54qMBHKFCtzGua7aGC/WlZ/UznK2TonuhjJCqkiWm0dk7QWIpAiHDxEH931GqhhcmcycG3K61WBCmugx7tsP5ZSJc62phhVr5ZUVsNb0+3184/wkv1CcAEY/7sedWQoHtfY39tz5jQDFLYlVNSGKQlWpSWVkxp4jkOWqqjbuj34csq0Q3HF2sPgl6NvkQQG+kv9fNDECCi1URqkIqGrqZv3mav79l/u3X9S7mGvmlRXNm0Lcbrfb2PCiPnpXV6Egt0P2XFfWFNWuj6uehVkbFiub17JQBRwkoVYppYwKcl3XP1/5MrQtDqgkM0VMxaMYRVdbmYX1vD6f54/FFwmDzCt7724m5i05+iBDSDc1oStc5DHGf/vr4/3b538q3N36FoHbHpWBJajKMNnj/4IkKKKUyshyFam0PXyjVJaobaHJ3gaoiqlZa6oNFDEfo6egWXt7u//t74+//KrHKPcw1coU3o/jreJozZm7AfaUFH5eP73/fUiZaGmnrytcpd3HN9WmgMsQlRVXxprrel0ftzGamSoilVwrn6umKFWzcAHuMiAEp9D2PaWyUGLm43arLLAyZmvOKmGQBiZE3AzasyqiEHQRigaDkbI9WZvSK8y4yNVc53xFnpAVMc/rU5VmmHlt3FBpZuhk2DpZZ+Yip/MSnZAYMhirBLMuluW6IiMz51qEFAtMgY12u16fc659SzRVgZ55HeMOAcqatw1fO5qLea4LzNFjDLj7ZS2r1KxIVYcgs6rqa4YkgJp8YS1oiq8wmBD4MsdVZh9dKbWWmJ3n2e/v337++XB7fT6T9Zr5Op9v6+jj9va4jdvxx28/xPv9ps/zo1W5u8AiV1SuzBWZMFPv7eEAC27dvbkf3dtcExWtmQk+Bed8CmhmrTVzVr2KatpVjIUqwnciZlUV1f6E1ejMS7DfFBIpZDMT06FwlBYTKJNm4qZekSJ/aitFKy6KmllqZURV1Sprtp33kUtTmiFziljze4Jbqd3suOqsuiBcueb13KfqPlyfMmdElPoOKUFM1praRRW5AoTCTF1IF5tRMJBIZmaQUJHJqERqbkK0ggbJdXWXv/31v//b//m58rXWyrfbmdld3263f/7+23PO7+P+9vY41O/d/+Uv5ZqKHpLmPuzGfWTknJgzC9rmqvM1R69hVgWq968XTbpr09GPg7KxzGkitv9c1pCk5nU9vX+HiKh3f6iMq065munNfCnOOU8T/dT/avZHVApHacUl3t6LXCtFzFpngeWAjH5vLlkSldrt65Uruup6Xn9EnIKJDJHsranQZNv9jIRYe3/8dM1n5KupbFPqXGXWoKXiUtlVvt0ec62UEsm5Vua5Z6wZaqZHf+wtn2TR+v329rp+v57/PHNesc75UZzevCjG2bwYq5m5NWgT1cx1ux1qnbspV/Gar3M+wXXOj3PNQh06SbF2mxWVsfKqSuz8G8ttnyCAEtUGkiUCdXFXb+3mqCvOFdcVn6/rswTeb63xOT/ejneIrYozzhWfr/ljJd3eqF4EI0x9dOdEeb+PnyrCTPYxrHjONU0e749f3AxIpWxGsynv7W5iWVPM93LVTQTMWnNF8y4ERCJZVMihcMqMVaCzIqu8u+lAiNk+RodiuR70zvVyPb49/JovlRSula+1JsHIrIK3G6gFRs2qy6yrDqgDErVAMVhySqrAmjdhu2JR5da0qpLlsMzKWjOmiEYakShFdZQU9QqY310BKDWrXlDAfGWZ51zza4bUh1KLayW5896VVYhC0qpAiDf3doN4ZVaeyaWwpTZcvLURkSvW4V3F3PqKuiqoRsmsVFZiZU6HiHajljAqIEbRyCKnagOboMxgkCAhKCaQEGEisUO0FoUkCcRKamy0B2gCi3pGXMkF0EUb21zXuV4Q6/4gUkWpSuxvI9UQkcyYa0YmbEThWkhaM6M20qp0ZqgSY1McUyAGc9VmhmSSR+9XvpAENGtWBrFcm7fB+QJU1FakmGeWNUHJqpxxdWtAE0D0K2eX17pWbsBKrSSvAlaGaLMvnWpmJE3NkFXiss+pFE1WrIu5MlPVMieppj0DVSVVzNx90FUzylWFalVZqGsuSqkDQQghio3H2dI0MZKUiJXFvGKduYrVetddpYZTlQUVa60pagvnACUFghKaCgqZsRGWFGeFmoEUuETkV+ZEopKVYbo0BMXabClpZiSbSLe+gzK6NVNCM6z1AlLHTcQqZnFWhQCgZqaImcB8mAxV1FdYEZlb94hYCwqgBMvtUBmrpmADYxzqBVeX4Ra5RFTVmreVRtmAqwXVzNX8Jq29IsyVzIr8FDrrAAAgAElEQVS1hQqqMHU/7v1+N/dcKytiBTO0UsjC12UAVShnsZgEWNy0aQEpexIupnb04abd29vb/e3Nfvru749mSpRRklVqras9+rvLzdsx2qFCsYy42kiGsDJqSVbU3PheKZNtICSFVDNDYavEgH27zsorY+ZsokqpQq6YmSJNCnNNAK6ulMAZNSfOj9cPgd7bzVRcvbWeVaq8327n+aEsQUS+6E1tHEf//u34/rO3Y3CqW6/ELn1WrEqwkgxVrAhWClA1WTQTgFW5jd0CRUFEi1uR9BXD+tqL+xDrt/tRUSvj/ng0b4/H+PXX9stP8v2bMF+Zp1uvqtvxbUfrwq+Zvz/PP1QdrJVX1jKmiZh7l1vEo2oCUhWlBUpwrZiRZ0o9rx+9+dFHM2NVcUFKGEQaBKXiXdRNHfx6SbbeVXTO4p7oMoEgIuI5p+mOWKjv0D0hKpvAaFGrkKIo4YzVzLv6iosZqrZSnuePyAtSmXHOFzBVcx+YViHqszh2z69qAqUaXC+zl9hOs2EtW7GqoDCVtuo64xKaAMlSmW6P43i/FlGSoqxo6qIgcxXGGDARWmuNxaY9XW6jXH7PeLVuNxw//vg00Q2gVPXEEhNTh1RluLiY1FwFRObeaqJo7iKWkeZg1crs3SMC1t++f7/O1+8/fnz+eP7r//rfV+n74/E6zzXDW3++nlE8zMzXxOf5fHmzW3+LrKiVGSspcFVTbS4qZsM7zIpTgdG9omqF2DjaeyZah1kDCqzemuqkpm7h/RYwEismASZCkvLVCaPqCq7SkobiUGfuVYJmprJ/qYKrEgnGsDe3sWLiKwKhAMyNc7mrbuw33ZuRa1ZWxpafCva+ZrKGi8HHvJ4ZaWPc7vntJ+kjzTy3x9k8Y87rEqSbzzmz6uhD3M1EVdZ5fV2wVVdK5Z66aBQB1R3MJU0kxeaa3fzj84+//vJX7Y96/fHt23uWvD3eBWPNuN/fojjnvI0HAo/b/e9/Gbt/nCUJSVKbRuRrflKwqoKcC7tx/DxftqHBCq1qY7QGE4VLxVlg601ElRjdVGSt/8qqjIA4tOhmAtNxb+9x+7nqNdcEpnCd6wO6DDLG0e1txRmUjDVXSZn6UcXmDXnR2tEOERFqHzeVvlaKWu9jni+Qrdt1RpcgayMfrN8gotDeblQLzqXVFS4O0KS7xgV1tUpUpsp00XF7P9ezKpfZ8/USI2QU+Lh9a6LM0CrxSi5R135cP/J5vgLz4lJNBpu5KyuWq7bWBWhmu4Vswj1Qm7pArrqKufI18/J2K1ZzJq9zsRiiVZiv9QRwb83FqYvoBRYJeDJKeutqbYhC1AFCVrASVRLP+aPjpV4CEb2p94yABjFXXpnWhlMtCsPH6AeatXWb80VU6hLkWmdlRNTiave35k3gClGRqEtQrX0Hcubz4/n7GG9Hu0OkKiJm8rR+e60pQJYgJ0xMRrfbx/O3lSEqZjcgm99EW4Qc4xBx0+Z6iDR3d7sHpmF1hzBWSeScCTEr7d1uqi0m9y8l8/xTTsMFuojCZrySl6hWSFapjd614qpMqmmdlABNpKg6I1fppnMKVdiAtrnRRSoI5qpYubLiyuSMBHGdanZlP3xUhVSJSFMLXlmRmYCq9j0z1Ey3IpcBzZDxWpNCd8BFYC6QrqZEiYZwkju7oGQhUiRZIJxJVVHZPqYEGRGC6C6oC2xQU1Wh6Zchb27H7kbrmjp9xDkro2KKci2RvKpW5BXrRUlBpupcuqpWXlTLoOvdzbY+FAJ1XZHJBATaQK3MmfN1vjLTVLWIYma4etTCDFVAVBKlZaZZ0vuRiFSiWiJyz/xzqkJUtERMI1PgvR8rkjllk8iTKRUSrrtgtdvgCaaizEQKEYvM1vroQ0QYl27RrDBjuYqYkyxBCQUxo5D25zaATLsizJopmeF+dxdSKies7TgP0lalKIByw1xTWH0c8wyDqgiAiDVGr5xzPVeuQs1auwH4es7mt9YPL1Pq5s8ZjNyzS1GREgGwimJK1c0zEiciYwVUu9zXilhTod1HkgCTteaJFKqVN5cmULFmasK9MuMVX42ciqBmzii9dbrpTcy5JquqSsShrtoFCjqJzQvd/dEdaCWg6gKdK2f8rnrlLnor9yRoFa0wWossSBvjgdArXsdxZKVgJxAMWyuprmIq6Y39NlSVmZVix2HjAdWc6zpfOZeK1D6X7nQKd1u+KveXr5SEqrCyEjBVlIqqqqm7mqupjtZ++t5//mncurmWD13L1PRo9+YHs2DVrbsOVSGWCItONvPuXK/5oVeYUqnDbyYb2EehNTWTEpRoKRDxItL0MLWY16akkQD2GS2Y8nr9M9c4bu9Hv1/P8+P1z9f1kVWmVtRmvfe7qGRNkCoy3KtStapm1FMWzez+uP3yl1u7XzO5P1hVhUomydwnYzCxV7EqABQknPUVDQeFu1ZBVqYAX3QgUxJZGLaXANpurYh98/v20/j15/Z4iDtTLOt0662P3WVK5jmvEAkpx2Lrk89rfop1tQMiauZtnK+5S6iRk0zWinoFruSrWIqWRMFcrFnTyskQqOgNQNbsZipKQLawHWjNWSoJsUYw47NUVSXi48RUa9IGAUFda6p4s5swTHklCay5VJmxlkHJNU8iReuKM2qq7JxYxbwgSUXlooxSEla5Nojg/++FIEJQK3fYylEZye43wy5nhwqU9lUc1Ab4NaepqKkW9yaztspLvSpFRWEC6n5xynJzMahL7c9PmSv3s9fcK5NFCEFkBhdRufcAkA28NBEBUAiFEV4Cb+Puvgdar9fH54/f+jj++PFB2i9/+fXz41UrVPTHj+d5zn/5b2/m63V9KLQggjJra73WuoQCfGlZoKLm7q1Q4MzI1m/e7CJEVK2bD3MVbYR0UW/5Oj/IJSomAINVSTVDAiunskRcdTTRlafAd1OjNdlRoDFuf54SXeBV64pTDSZKqAhAhdh+8YMgQ1RVtFJL5ehdKCteImVqUbPOj9EekQFTaaEwZJBo41iZ1vr9rqrPLM5rZYWgKkIiW/fNdxIpCN0ss6A7v+7t6JGUPcNGqknmAsVEVdTVImFaa8WxZ90upr7OsDc5juO33//46ae//PLLz8/zCdQ//vHPf/z2281uPlblJypTZuYVsVZE1vk6z49zRsY1aXY0f9zakKIIjn5c1zXev3WM0b1JKWsymaZOZqLSrJFV8lpxBtn6jXpRvWQGL6ao4t7eYvx8yjXXdfHHXJ/qzdUYDkyIN71d8eO8zqM9shaxRG/uNtoBIalqDhG3I2n7nW+gCZu7ow/v83zmeo37zbSxxMxb6xTNjN57rCvjNfqBoj+OBq+12u2NyVtvx/DN//14fYjC3KKmCJuPpq2ptXbv5vP8/Jh/zHWuuNybu63IqlJVVXMTUwpCpGehqZp2FxH3ymnmEbNWiO/p6+fr+oHi/fiJpVIZ8QRSXWJ9zvmDNUV7rD+O+zcBgCVs5o1VGXob98hQKDPFSdktx0os6lPsR/GM5bfbwbrIZkZZK2qagZC2CSvQ3vvRj4U82mHW5jyVttZz2CEmHLdV5xh3EUbk4TcBWztWUYqQ2oLxjChdldOaEay6amUUMhLiqMh5mo5uo1Ct99FuQjIv96Hq4m343W24DfcGqFCa3jJZtfUgG6DXtXrys1KtHc7WmkN0ZZRkxO8xn966iJr6sGOtj6xs/jDx58ohgBKaM09SQldDd3Ep2T3aUskQFrXc1AUtolxQVSVJzmt+zrqKlfE6r1cgonDc3lyula++edmqSm7hSeWMdBU1t8rn8/Vx8Ha0oULTgq7dNvCiFUFGVrg1g1DKHPr1rBSF7AFms97UTUEGmICwYkawikizcPgVZ98WF24H0op4QlWl6f6LCN00yqxcEyamvvKalVUnKoAkV6pgR7PVoXub5tu9EVkQFmqtWbkgAjVNiZy5rqqAmksXSJWUIEGoZamoCYSy/9f2Oz7FFas25KQyNqhWUKyMnfE1rqje2i4nD10Gr1nQAdHEjLUKoiaVywxVFeslYubW+mjj5ioCqFtmVE3XbQlcWrv5vJPoUpUsqg5IspaYNArMBI7sFNkhoqrITHUUGbFgJsXMK1dGLTPNQvMhJc1aVVQh84wKSqXGFdd1zaxSa6pd3FTF2s1UXaGIzTL9ci2ZFEtEGSUySBTgG2YcK1lrRbqJbM/oA9pWLkhqQZgoQrjOS7rfbof1uxNSwUoKSSZIYUmi3Ptbb2PHMbO+YhGrTqBEBNiNkYx4QcAQBYoRGVJVX1zeypyUbOZND8PNbWctSrURnHN2NwNRJdCmHcq1FnGZGIvch3nQIMP17fDb4f/4muuM/vZux62KjBVzsuJLW8stQU4ViEli2w+okARsa/HIYugOdaqNPvbmZ/RbN//rL4+f3m7vb0fxFfXq3UTM+6PZ4ZSuG+KOKhQE2qG35KSYqJtYyleXVyqHKKSbAbkMKaCqiyyDZZ2Fl2BlxVrT4RAHlBvPBkvgZpaMiNeEUvapzAR0G6LN+8PbjSXHcI3XjAXdZ7lQ16iZWW38eozbt++3cXvOjymq5ruQVVUpqMJipbDA/IqBQVWkYploAV9G212toSiEKNYW1ilI9+atjeOAqXkT1Jzxdr/9+tf7t3c1Q3GzhPRc0w80qCBnXc94JhaYRJUM6Fr1anWDOsEqqhjIP2MpkzwrT9Ykzxkvg3R6ZC5O7/fmrmlMidrRkW5K2/OLiqp0zaI0de39nJcUxTRrkZ/Mpf6IeKE6cMsMJYFSkQSbd0FGToABMNa1VpqbCeS61mfmGUjV5nYjCGrrR9UEIsHS6gIx+TinWzfVqnRRqO48TFI7qyQzskSwjZ61kT+q6ipNYIAo9Oj3uU5JqlgJ1Id5X2tF5q01FqFQ08jVzUa7PR53sz/WipgxeueGM4BrTStTkawFiqruYK2qQrBiksICquYKUZDQ3lobmTnjul7PcTxa63N+tmafr5ff3kf3dc23t/fjfv/xelnr33769de//vx4w4oszlGKsuDn63xmpYo1N2ECKypEkoKKqpop1CpFNxOqGqT3ATHAVLz3nhnIijiL4UoRzQwxSjGTopa1ICllot7b3bSpt5WXW1Xk4X7zewGYr5kZmSsrV7nx/d6r8rpeSRfRYEkUUSwRSCQN3v3GogjMWsWkIONqFqaDoivOS3cxcLlzznw+n+UCxIrYGOrePGJus5XqvgBEASsXylm1Kku4mForkwIFK3J176KKwPabk8zi6F+pkut6/ud//Nv72/v78d//+OPD3mud54/ff6tYt/tNtFSqj67S7280P4uIdc489/YvV6xZWXxeUeze3h7j0aU1kwKqcLsdh6sWG8xEMlbEIifzmtdTTZPNy8Q0cu1gSUFFvdtt1TMKEDU5mt1D39CewQ/MHyte4qwwIZp/cx0Rlympq+q15kfWTdqN5ZBbtxaVFUubUDRztmZHG9cyEK3fm+Zx11jTUbGi++htKKygWl/PyMpSKyC1ilwqOfzu/f64fRutVaUaRrfzGa01BAG/H/ejHa59t+9au2uclZMUFWvtCw8DFqsMMCmRFMlYL+9e6LunlRkrz9d6FZcDzHnOGbGaS+TV9Ltt04EyMiKuzCmsozuYhmjYmtJpm9Vaad6UUiXmLhDI2okP0wIn8GpNwSfrpNy3uxaSO/FrCuXsrKP7vj3WFGhT91xpLjVf5uKmVRQ9XDXX6fZwU2YUorlEAMys7NpUTbW31jIm4Ir5Oj/zixUojJUIl1ZS3obs2QWsNVOKuA+/NzEUt4ZeGCuWMLtqJEhBpJo26HMj5WCKYdpcu4giA7jmuqImkLdxN9O5pqoq1cRbZ5utqsAgV9SZmUqbolLiOtQeqlozVqSIirpIqxIUI0MYQETNFUlBJa5znXktXueaF9KkDe3v47BaEWtFxlK3m4zOFVFZRHdVQzNpbsMVMaXCTcFyE/PWV1yFBUAVEqEShLbWMsVEFT2o7sO9SUZyW+0NegEFRSy85jzcoBkaigYRV6Gi6iJstLYjpLuCKdba8Ot67kdMVES+gClSkmEuWkaIq5oeZgdgvifnJUCe68xac12iGXGpecVuUnNDjTa6lCJiLTOz6nF76+1GVmtkJiurKrebNQOaalozIsMMoFwx53pmXt7shv58vZoZhLkW20jxV+bmAADMpJauDPcGERHz1g3WfHTrAMEYvWeiEqYaGmZCcM0zk7eHqrkqI861ZgnMkbX2dErI7gPWTay5A+uaH1lXZs1VhpZrgbk7RapqJt17LIq2yiis5zVVlYjP14uySjKRpKj2qNWtuaiKKSCSIkroblxtRzIpwcxiRBSrNCtn1ASEwrlmU3vcvgOdYiJNJSJLDZLhWgRNqBBkqbfRrDKu+TLuO3qaKUS6H91uJirQ0axorMic53U6DJibiJtVhipCsdmUUsSMnJGmCpiJgWrmRu5wT6xzIQk075FFsWuFiJiOrFTxQkRMIm5HY1VKRpyKGBuuqQaHj3cdd1eP+Yp5MhaEO62uun2tIJFZglQ3CIWSC8kSUqEwgBCx3sbtcadgHCOKrfvt1ke/Hf3tmrjiVWDv3WR0vbWqjSFjrVWkQtRMmllHzt3dEPHKEMjKkrVIA6X3AwZVLVblE3oX2Mqa+RkrVbfNeRFetIIKUgWmEGNvzRQZ2cwf90dfKTYahsAy4CamVoYVACSSsTLWeQxzxcxU9+NoY7TT4CZEoTYDfke/kZmKUlVWFcF90hSo7b41VK0qWVFVm+YApcomhbluNrPp8XiLylqpju8/vf36S3+8+XE4cZ3nyook9fwDQ7tYZIGSFVlPVN6Ovmo2XOQV4cGsyhWXGjMTAiKS58qPwhU5hRTvpl0KJVTdYW516wIl43U93+5jrRS9kvzKPYqKaG/jmh9EmlqRla+lpdRVFZNxNhHp5ip2vS4omluVMhEZRmGmiCbXeZ6iq3hmTUDHGCgD5Rh3ZT2v35q7ul1ZECPr1qyZi2wfxSJEbWxkM6iEVnJmULckUW0P6lVdBlkVYdYPb27GiKrZ23Dv9sVNGt2lyMos5lp0O6pKBc1UxSpON4nEV8FRiixrnYlcxUoxlb3s+TMZFyzZDDjArJm1YjGTRWbdb3c3zdc557zfvn//9vO81m+///54vOsM6NmPO5v//O2t2fM1iaruHWbrnGqm5td1bh+fprnbnHPG6a01b/N6vmoJ29HvkBZVqi6w1h4Kqwi3/na8z2Xn+aPiMkcykJwrk+J9FCwjIvi4f8siYMMPlS9n8/CmVFMv48pnVcSaWVqMeYU1DYb3vlJrj+pZyX2RRO9gpqioavPba63KHH47hsX8UL1ZO17Xh6qLBCMjJwTzeq1Y5iomfbRYxYuqpqL7LqFQUry1yMiVaqImVYiILw8HsrUtWAzuQrphRYi0fruvtdTHuD9er1f38f7tW/xx/viY4/42xvH7x4+Zcdz8nNfb23tv7z/94mhzzjAxFYiycmVGsSoKhWN873JI8nZYN08kqUUYw/34U/znr+sj8pn5BEoL51wm6Lfm1q35lWvGb6hya9o6yG53iKoNcAjfmv20bJrMxKcwiznjnAXAjt5mnSuvIqqmMX+c1exnGZYUoayclaGmAhe07rfWLeNEfLTWuraZ2Ak7cCdlWeR1TpHm/ZE5FXmuMyhHH/P66I+j2xBq5SLDzLrZWtGsud1ufnMdbp2Zc12oAtW0QcQE3+7vcymHpOZ8fqoQzFwv06Zqc85xfCc8EkWJvCI+S3ZodEXSvAN1ravdoHbMumrX1c2H3GOephBorMssWTtkYWCiluiXwUfFsGPNa6KwE2PNOqj7qF3MYgCItUjde0JBRp4iByFzLsIiKU2hWlHarGomA8zRehaL5crIJUQCJbUlKCLorZsfItp8vOaEaAlf80NtbIbe6P1mj2s+13yWQV2iptKOdijU7Gh+zzWv6wVx0ybGVVftR26sYiXLar+zrPlRKU37LiUqeG/jumJo597uUw1DDFXo/TbnWuv6Gl9GFFfz7TIPkIp+NGE5pUXmyjSTyjl6d5GqHYJAcQavIhQ+87nW3J8nwFhrFtv9zvJCrlznOlne23czW/VJKVEmVuuHm+2Kv/qBOZORpDd19Q6pGZG1kkqWg7WZJpTKszXR6hAHxfxQGYBQYWhmJLRKCUkksmotymXmJepM90HSnJrc0GJXyTgFNPXMFTHPdS1erKmagugyzIZCI8qHNmuEg8LijBedV63X+VG1VHmtJ0ua3kUMIoUlFIGYGVEJmHUjzO+Qgc2xNsb1WrV0yowVyNE6S15xzvk6+uFmM17BCUmpaI0jlKIJj1Xnerll1yMrcp2t25phaqBWmULdu0nv7t3HENvAporofaD1zGRxZQRTRYOnhB+igFbOykxFU935B2Yp4K2L3Nw2wqUIz7iiVpLrChVVwdr0EulCycA2rIkbFBGvfQpzZ7K4LqmCKJioBBNMZMFUAQImBnFTIbfGx4WI0qAmoJWbZ/w8Z0FBNRu329sKoKbB1LobIYwkyd773iaDwuT2UFZcITAgKUoxbyYCFsrVGgjAEiJoxTnnq0qimaMd5lVZWFm5TTUkZ+SKKIVqM3eAgkjUpt2uXFGLWCqPDKq4gKJaxMplum/hJigzg1TFRaZI9SbuTVvX7u3xzd1rzZzXmpOVIrUXE7JBukSRQLk7AOXel9Q+wsqXjkHFW+utteN2G2SZ2uNxP44+2h30ndyZa2EtlzgcO+YUeak2UYh5ZjDDIapt6SErEqwyNxPxOUMERxsugEFQM+fM69bLNj57J+tF+CfLmhCIAnD3qnX40cRVtJuViMPa6GvZ5upWTpiIQJmqqdCLotbWnMJLbwOFTOmtfYmOdsCNApTt1AGJSmgJtYoEdduFFVUBVfevrUlGFkOBL/JAhfhQUYVWVM6Ivqz5cR+J+tvfvv+3v7799Ze33uq6qrfjynWer98+41zn3e+mZsqKM+aTzNfVD7mlj4qlNrPOlfOKH92+xuSgVdaMF7BIuo/jeFNpCrZ+QDwjs6jq5m1lNu8UF8jKuasKW5ukQGYoRVvnlsBVrshkUOSseJ5TtN+su46Ozb5EQmNpFFsfwi7qM68rJjDVyq1rSbdD9KgMUtzG+w3QFbUe/YC0c65QmqaqNmsVVdWL5aLAykn9StWaaNtmjT2oKzKRLDlux218i+Tn69PHg3VUpYu7HaPfXRVMl1q4VixvdsX14/Upiu8/v6l/FLjhxKMdlYtga03FVNqSacoZUVmJUoqKZWUxlXBV9xHJmBPYdPs6xiNz/ce//RvjJdDv33663+8/fv+PX3769vsfn/fb8dO3t+frmrG6FFij3yXW8LuJmqrBwQrIFdOUz+fpre/S3CEjq0lOVlSdJSnZM+jaj+MNGO4mdjAjpXobVYtl1qiCM86sXBmzQnR4u5sjKwCYqKq49AyWCko+67z1d/d7S875kRv/QZxCB0brol1KCwCRpURvox3Suw+Fdx9VqzJv7WGKDdWCuqqb23wFmMUlwtsxgORVb3e83U0qgKi1sLuVVdv8qN5dbXfVkYTAvLGyuGHRUjtCqZSA7/sB4c0zK+d1Ow4Qj9Gv5+d//T//3kZ/vL1d1+u33//x//7//O8/9fd/+7d/+/WX74+3ByseR//Xvw+3ylxVnyLa1GNlZFRxJUTa++1dlr6N+9t4gzDzhGwdEbxpZp3nSdD8/nE+r4mIaUoTvzXpGEBWXcKoWsnzmpSi+0PxUHdbKqaoY7S/QnrkPzOzZKZ2gbPK3SFhWvSMWBBEqqpRXucC6YoD8kOkN7+7eHkbuHXrav1ESk3AmylhWRkVRkA0g2Kj6U0QkT+u/Ii81D0LUayYVSujrXlmXqKFChcd/WY6XL3pEEEgo+bKSSEEqLwf99485EhQh7709zX/gOQ81+v14/5wsTvgajehmVXxRXyAFDWUmJSrxUqxRU6kZlytNW++JpU0s1wlWJOl9/s52f1dEZFn1cxQUDcVv5CZMyMEuhaLrdt3gY721totsi68VFoCqk0o28VZOM/rN/otK9zvon6dr8wLOSvDFLIny7VEVVArnjNON1NX5qw4IdFcenfAWGTO0TUqrihVFF5cZ+uHiFTSdBGxDUxKERQYqmP4UEjtN3WsadPFBBK1ItYVJ6qgiYq1Lil063B3wFkoqFFKXCTSVLuLo0QSLvaK7CoueM4Za6krmWaHSVX8WDjJODquPKtAeiwWZV3LtA7cKFKxSppKS0Rm1haMhqqMWIFqCu361sbDpBNNzJqMKltyzQqhqFpT003kyVlNZPuT2iF+rDkzlwtoSGRkTLHaZ3613rWzUJa6G1piq07RfvidrJnn5h2PNqqErLlmRBDIqi2j6ebOcTc3Wla4JL8EPuVqZyyoshA5z/lRUhUTytFbFCFUd5VDtFOawVdSRGNnz/MMXIU5X69CMpWuzW87E9KU4JlpkJYFNTO3JBzi7UBNaq0qIM/5CUhinvOqijVf1/o0FUILQaaZudSqaC4rq3JCjUzWudYSlMhaC4CT5n4kK5Ndtbej9zFad7FCeXdhmrtICa5rLZgjatUCi2cwJ1OqShAETF2gkawo63c1jbW29AcQQkU795fS9H5/IFgwVSdVtCtLGMIy7ysTovtpAwgKox/nda01m9/NNhMVVSmV5qrSBR4sGDITmU1c1SBUa5FZWNe61lypKRSzIepmg1K5lilUW4nEnN4HiMo4jtG3aGQDc7SJuGoz7aJrx9D3+dlbd+lVxYysNOmuZ4FZE9F7Hya+9b2V84o5c5tvsCKhkK6C3f5YKrYiVVv34ZTkZACqWWaCOatyusjmWjWXKqiEFKKEzN782zf2sahNx03cI4LzrJzIHYGDAMlErmBACsBWtJqgwKqN69mVSxRBFTesXJWR2UTUWsfmfOnYuumsdV2f7Nn9WPOzeWeE5OW9rSx4N+3NnQuZ1ayfOkQU3j4tPWQAACAASURBVCImK5v7n0QpghkVQELqXB8KNztYLD576+I+r1dVRTFBh4SkObFFu6SK3MdxrWtFNe+ANXdozbWqtGjNj8Si6IqCuLZRNGw3tkgbzb2+Cgl7DS6FCtZXUi5ZuzlRjFV0Ue7sP7/WJrs1TSZFdauiBMUqsihJ9t7U1E3vb4//7f/187/8/f39/mCdNBfpRQcq+bpCK6/uzgrmNJVrxfn8WHY76T4PNUkUWUYRSjIiJ5GrSsz+HGoPLoNLH7fb8f3wYevar0NImqRrr1hQd/UUAcrFSGZdWUvUBBFxASnKOc8Vf6QwVJIS83mmfH/82kczsaiqhKiZNkKqKnMGU8ySKltD2w5lJ3a0x92bioGzcx/vtPv9aHbOS5gCtHHLyDmXVIx2kG7es9Qk1XpScm2jC7s16zraGO0x2mGOqBI0aEYst+66d21Dqsg8RiPrmq+5rrJMrCsuCo/7MV8XIfgyNyfpyZxrElR1Vc0KEPUVu4KY7cfUtU5mVsYx7uI+Y55x5ueuIGW/vanLjz9+Ew1RqspccV0TQPP2GFK1bo83ydq0YorHuoTVvKke47Drul7XjwLKb/GcR283byQyifmkrirTMYquRaG52qKqFkpvd2e8yAs2Jbb1pa0q33gvaxBzc4PskJv5jcpYr94Okb3vMBHtx5Gva62l4056ljhdVCSRrGLuef8W9rndDa7mF5eImKC4E3C2DdBuRixiAUmYIG9Hu40z6xJhzIxIfAnb00SFSkBMYi2Qe7gOIKvaGBkbDKpVjFiVp0lX1VVhZRQm53aa/vjx4zHGnPM//+M/rPXmruDH7//827/8SxvtmvNv//Iv//zn7+7V2g8xXSvn/HRrpUdoC1iKQ/u97XmLP45vpk20suaKpzSDyIrLxeZK1dFtmD4+X88IG8OE8RiOKvXIjKhTIE07xc70JmjtaGjudow7vVdOwFzlNeOKH907Obx1VWOtZqgkcaHC2yFSrGsxWZr1OVjvb//S21A1Re/+F0asms1aCVhXrojKPt5XzppPtQ5Rx1BxRakVakJfaz1hvXtf8bzmj7R8XU8zYS6Qb7fvrp7Upm5iM65zvYLnyotSRh12UxNJfLt/gwqUDvvAVXxyCFZtny5IVjO7j9tN1/Nzrrl+hzSoAhPgvuitNVMqIR3KDEaZ3RJrRQgq4uL9puaQirwyZ8QFbyQhbUZAAszkZcKjjyvSXHo7BIMxRGwFzShori0xr3Wt+nRbV7zs/Hi//dqIK2vG5Y5YU5EiulY1V3Mr5BWfWZ9uh0kHEfE0LQFVMOfprqM9RCrJ8/q45ieNM2YTzdLMddgQO1RfmUnEJlKvDKVWXMFrrac3dz+E87rOFTNystItzzWlEAwQyjbazbQpykWzZuZyh0CIRkgSDS0Wg2fBijrXyZwbmeU+onDNZ6RClSkRYRqJrarMRYV2Yc2cPeFakeldsuQq3bz1NRGhld29E+p6SLmqug6FEdaNkcUiIKoNBpBN7bk+qDmazU2sJVZqJj1ziaBymcBd3TRKVdxkLFzFCRQEycLOmrH27kdoQhcoERuLkRFZcxWDcDqxotLMesMKFYFIy42N37xya2aH+CyRuWJ3aZs6YSKucrjfFUPZrB1ZmSxoXNfznK+o17V+fD5/b9bGcT/3O5MUsLVWGTPO3m8iXok+joYNS0VmRkygRLHOlzYtzhW5IZVmvcCZS4TqpoC1XleqsSJjXTRXhbWRGblO9UTyGD+ZDrMhWdRFKKSZ3Fz7/uTUuoGAEFGyaudFduBsrRLNCFIUcFOAa10lkueK0ruZiYl29SaGWkqaqrNMRFtrRWl+3P2+cmaWqmwZKICoGXXtGbuTAhSTEHVEPgtLtIpBMf/qDzVSiX3qkM3sy/qCgO0TpSgyJYtbCeWH9jZU9N7v6EfVqkp1f9XKhMJLqUpFNSlVs81+lmFCt1hbTEkCLqKbommmTVpWauuYJqjmowoVDF9VV2RMzsiZWVUCteN4y7yqtAg12bcadWnaipSSWz9qf9rJ7g1iZu7WTP3Kj6oksioEYtZ6d31FExmtH2/fqF4Rcb6cWRmRE1tNnQkWuVMMOw2/w54KgPs/qVal7itBhPXDrGWVNR/HTQUr6jXXjOt2bwbkXIm1Zn2UjYfRPatmvDBTtFm9p+Wm1XrrFBOeBRHtxVrrJWIiNfNqEEptjC9gkG52MzUgqa7am/SI4DprY9clK4k2Mmb4C1RBQmA7uSmEcFU0AJAZ3GzHlav5sSRQ8PaoNCnditc2TJsqBCERsTWQqLXBAMlU2W0YqS380CKkmJucTJD7XEiqUsQEWqWiIhBzrcIKdhMSP327/W//+u3X92+341aBiM8vu4G0+fpkm+2wFa+MU1GqMDE3j1yv+iyIt+U21ESlVs6V6zV/RM7ERgCVwB3dYN1vhpuwk64KI6QsKgVLxOfKMQ5vx9Z0klFVk5E1oZjxcV4/mreI9Tw/q3JtRZa0a+r77RtgpCRl/07NTNEqNTNmFiULqSoinhRKg8paswgFtdh6a9qqElU0V2uQWoyMWZWqDm42aXN9bEKasJkO0kRMFbmSoHgD1L13H0aDVGtaQRZHH66Oqqo0qJoVNfJUURPNzGvNz9eZidb8hayEimQsQYpI5DIxUxVVZuyf24Y9USBbkJebw5wgWjv2eyfJvM5bv4MV4C8//TyvKX40H95H1lNN/vnHb6j6y6//+ssvj1z/maseR39d5/P5lKYqRmzAwgBjDKtaM9O9EdjPjQy21lkQ6cd49ONbBm7HY/S+ObUrypp7oRArLoEIFShXaT6orQA3V5hr284dl6bN1pwVefS33blQGSJnUzl5urmbizpoGUXQtEHBvFQURa09NAERVWFC26VU7cwClGKrVlWuusApBmcex5i5ejfTZd5Ew0avTAYBRKQrBJIRTFTluN9b6/M8mUAUSFH5yueRO+qdRBbIMu8FPedy87c22A++Jone2+fneb+/r6jff/vjfnusef7jH/8F7X3UOJLBzFoRAruYs2rREi5+HL3fu9/a273f9i4oEFMW8hR2F2M19+H6dmUYR/dvGU+S6oNS1zoh2Qelrsr0RvJT7TNxe84/bu1d6Td/L5vXkgot3oBfSH2eej8eLjegDDv+qqjc2AJwZV1QiLTr/0fUvzXHsWRZmuDaF1U1cwdAnhMRlRXV2VXSL/P//808zIiMTHdNVWZFRhwScHcz1X2bB2NI85lCUACDm+rea32fvSzpfvtPIo1YFSRMFl9rvjoxmI88py9AzDlycaQlS3FvNya9PBPm7E6Xnhx0iLQ/Xn+jakwMz4xJIOVvXXcSJulX1HnZsex5zrONDtkIm0rft+0+hlee9mDuY9yfzxcTbfsWwX2MNvbGb719UDVQ24ZXEmAi3YojrLKI5XSrnG28EXNFiO5FdPVCmdpo2mhX7vmrl4/MIAihlr2KqfwMP4HatlvxXW2oqsiO6tp2bTevaqJ7xvP1IByvWud8gp7KrfHW8kZgy/Q81nGsOXuTY5aKSrs1ZltrrZnIqsh4MhMiIFThowsRM6zyK6oCdtrP5/pp4VlMvdt59j5IBMRcmmmWS0WVxSMVNONZlVFnmDILenhkeIiwx8rI3vs18lTdSfvWtkIpgYHISjMzW+5AvwBfIE/AbUFp+XyeT4vVuVESmCN92vJEx6Y6GCAIM1dWUroXUHptqtK4c+Wap6W0FTHXudZRXnXFksFZnM63fd/HJqxeEVRJXKRZUGFhIgaVFDlfJ62iaVEIFHmmV6nHBJJRTdD48g1PlmLZJDPLMssjo6JJvxjDTVoFMYlyAyTLViwVpQQRLJbbTA0OMCoK9z0yDZTKWxWQRpWN1TKFSUWLOCuFiUC2QnojtCpW6pveRRqL8t4fx5enJeFY0/y17HmeR6iTcqVWVkVlYR/92pNl+loTlEWs4hmvYOa6nARI9+kno5LC3QAGgUAJyzRQqFAQUcUFwKoyEZbWARJQoYJDODNL2IWCi3rbnNgzM6e70GhdmlZnacxhtjwjK1ngYRkrzRB+ETeWL4sViXBnVIEIFCm12DJ7u3PSRVJ0LorK4tH2qgwPbhEFrySuxEqC6nC3GcdrfY02NrmLsFIT1hXhkWbrlOfogzncFpi7CoqujNF1ImcSXG0AwnUCkNaWzWImUSnm0XrrQhBEZ1IeVmR+oKJxIjPLhBExi7m1m0C6bsS6KsuXtiEsnpZEkWtF6uVHJsV1hs7qY7c1GQIqz1W2LJ4etpY3ESKuShYBiRCaCGpVBRGIi9GIouvtMutMR9+24zi9plDzCNFBrIzheURYerFs29ZEuqioNiJicRTMj4rlYctnZQpzpGU4CJR1DaZRYHBlZFyyNoCAgogwIQkCadKbdm29tS7aIs0qHue5fJBouiNdqCJOT531dhijPMsjbd+VpIBIMFFT2Qqm7TWX5aUqSJxzhVtTUFNVAbHHpKs4qyIQpt5VGKLQrImqpuRRZquSgeZpr+OLhQyhEIAivYq030C8fF5d1LVijN70LoKdkBlNO7fe24fNH6PzNpSF0gAmUcKsSqe0iGU+iSmvzcgFzanK+qUGAC5zWtKlUAUTgy9uPIuqUEGYx22ryrU8tb7/Pv78ve/bNrRDeuaWx4OIUTinFeQqPIkIk6Yv4da0J2Rmuk/OvyupiBSXu0eaZbnN01+Z1cYGJ5atsYps2u6H1fIn6qoljAon1gzJAvO7p6CstTbXUchl83l+JibwyvLn9Iuy5enPc0Ver/4tkwGOSq3ovRWtcz09o7e3Di4sy1f4E1wiArRjHYms0qLGlZyrOUkT5l7ldZXZqzzSzIXIa3qsS6Sd1akYla1tg/sKN09wk3FfPrNQoPCVLZKAXx8BIUpECDcVVs6Cgdols+vS0YqOJxUyU5VV1O1lnk1FRDIywokAlQvbYu5ERJV1rSzyouqE0sXKJQiIKCJBGZHb7V272lzbuN32/XX69+8f53E26W10gFrXtJURx/E5c7YgM0JllfnCvt3KU4T2tlfM0x9bH1pBKiiiUrNoqkQAcVNtrTXu+34f0gm4yIpeR8TKWGFHpgl3beH2YoCvRr7eCuLpBNr3W7pVGAKt9XsfUZLpYNKhG+o8v0R0612lEaRIzjm9lupGOogGA5XobQNgfiqJMoiiytIWDyomixXECXrZApew8OXvLVbVt/d4+yaEnyAWhntcID4mJSpbLlx8CR1Gd88qjNbi142DfS0iMFFUERUVMUGJRQVJ5zr/9O39/rZr23KasPzlL38BPm+3+7aNpvR6Hdfms0u7v5fQkwiNutNQGShZbnOFRzZt+7gJZLQhosX5er3+OD6Tp62z6/5tf8tIZW2sc3lj/dPbn/z2sdYjYGUzQVkUUU07iYNDNUTd/OXZVqlUi5xZHnCrDCeiO3OCoqhbcmON8IwZWVWt66bFzOR17U6yKpCZaRUGasKM8oulBuZzPY/zWGFIPr8erX1AktvbYPYMusxIyym1ks8Vo2fEJyqrJIu09/Lq2ke/e9bOe2+3oDn9cayfnudrPsy9mCJ0QMf+MfrGyhuzpWUJ8yhwVjQS0j5GB0ioj/5WKSRDVEUR/lmIIjn9ERlpnjS9Ctq9RmU2bpXFha1tSugim+yDb1FI8SxbqyoWGKc/vSr8rDjHGCtYeed2I+pKQ8f76DtRF+nXpxFCjyW3nnO9lj1KXZWtXrQwA+HzdTwil6Uy666tiOdy87iafoZplb1tVDRPY6QoEdWyp0fOdZ4xn/M17fE8V+9vPQauXVAQiJM0kgCKMPdTihpTul9wjt4EFXMdzF2bRKVXgkpU0nPb3plaBEe1oaKA+UE0mMPz1NZAiqq5TskKWFX5qlQWbSrKTn6NOhlM7W38ZWtVebKkZb7WqkuFA2mivTXhivSspr2dx+NcR6J74HEeAmrao0qKqe1ESqQig4nL/eIpV0GlN5F9bCrs8Upgax9uXuQzj7Ar2x9JpmZnpvdL9B0QbQKgpnlNWx6TMQCEZcVqSqTrkuACVBDhC+nEqFy5CL1Dn2uteQLRtFHMc6LclAgKpnbBPVRb+YqySFfmdcWpgIgq8CUxHdu9611lJCrSiakyzd3cTltEfL/dMyPDABBLViIx5xp9tNaywnIxlQcvO7nKqbY+mMgjznlYGMpaY6I0NxaxNYsDFHTNQTJX2oW5JdTWPsb4XbgiJ6hItOLswlzOiMKqQCNNhNvZpDFf+jygMspXTI95+XDOc/bGfWzrfBFdg/lcPj2m+cmX9FU0k9dZo+coTDGBJhgEBsbYqNjctWmmHWuBwIj04GJug0QykFXae2udocXGyUlG69WaFtLsgHBRQVurd89acUQGobXWhDuQKgPEIC8ki1DuDCbhjFBRJvUkLVgaURNiJ/Jc7rNQKIvMJhszVZX2ptKJdLQiIGYEXz2Ei2dABS9KAIpkCiq/2qKRjl9jdm16p5olxoRKZ7oKBmiqV2CLYIlQNHfvvW29maEIBBbtved5fJWwh2tSUQGyVlhY01KwhLuzr5oHmysDZivWSltpp5sRiDy5kJQZjrhU1pfO6to9VFZRlST9qrgSNVbpjVmE2rbvFjlUKDHPeD6P0/tchHSmpIwLVHL6kTEpbPRWWREh6UzSZAhR+LT1rHQVWFahrGDpxSTgosSlXUUSs1zbFZFeO6MzEYEYfbTsHdO8igtYZkFRvcrMwnrbUZRVqlpVXpRBEFZi0r5t30Yfy2bEQpZwJxHlBqGmQlxZ2UYHeF68urQKy3QULhGmyPWdK0pkoqhAfDEa+eoNXMXhQjFUm0pnIhVtvYtypGdkv3389b/89v5+H+1NiS2fmWBuItLb2PddiN1NtLW2NXBxl4thzMo8zCPyFZVM0D4qi4lFxkr1lUWg1ZrsXJ1YCI0gmdPCCCTMXEwYXJmhTYfoG4hZfPlpPovIKa3m8p9RT5FalipaWcsjPDyyjbptrQtRWhmB6VKGMKWvJXBmVUEiIo61Jov2vjfeKyjCmSEKJiwnUKlwpeeFQA6vqihCleVyN2ZqaFxXC7NdwpCuO2DHOkQ6Fc15cudiRcLJotayl0iLjMra+i4EhOkoUFCRtr3KYhnx9v5x/+0LRH9Mi7ZtEVSZ4BIQwFnpaYhgkd6uf/CaGhWEOChxZZQTVws7F4hYdNuaipzzsGXf//SXr69XG9vb2/3HP35E1O9/+stf/vIv/+vf/+37bx+EseYUbgUst2Uvy8WsFUmkTZpqJ4bn0WR38qRyy2s9zEqV2XpXZookra014lYerFJEVZLITI9K4YZC5kulqcjVQLsCkBzZlYZ2KyJuBOCy5FiN7V4o+DSKbaSo+jKi1tom3Jm5HBe4Lata64goCABzgxQIbgfXiXR2B3TGikKSMnkhKrAqwdG0aVOVQxAXIoyJKqKpNJU1Z1U1VSFe4dJbgsyWrdlHQ12NmxSVDMtfXvYU5kqAaNM9slQVmc+fn3/9339vpJ//8Y+vnz/f3u/h/j/++7//y1//nOFM9f3jWxsf//pf+H57Mrmqwrdd71apdly9fgYYFOVuM1ijludZvP44f5L0InrM403fRtt3uRVJZSyPdr/basvXfUvHc4zQVlFPYXNcZ3YLrMwzZgokbDFzFCIqEwEu2qiWeaVUwoGca4JKZG/yTtyJqCESZenCQ5jCzrleSgMslKq8E/cZ61x2TEvkmjNLkuZ5uA7KcS/iSJtrneeLKVTvb0KoaX4+Xp/apEDPB1p70+3DsiQtOQhAcpUnncf6tFqOzDWJsN9/E9lUdyIKeCYTtXBpek9EOKkOQM18UyJuomNvI/Fba/z1iLWexJ24gc4Vh+Up0lB+zifAxBtVXH6PLswFpdto3y39mD+JRXu/Do3LppdFnkR+Ubdu7UbFxEPHx+g3gpJ0bbeKiCiVZArRavJYflaVMFX5Y36JbB62wq5Eah+ywnSdXRsikEkgVAoxCsstI8YQh1PmMiNy87XCit19ZSxEoHhrN6E9cVmZi3VUlK3JKG57lBBSRRgiwqIUARZhJvMgEEsrMIDe7wkF6+hbUyaq3kaT8vMx1xMMEY35+jJ3qSAQDSsS8La9UVTU5MR0k94Hv4++7b3W/EOUJCPi6ShiIdpav3UWKhpX5mWZBTwTDCt+WSjIy+iKdwNATJvb2FtrqEpbkabKKtL67ba9I5MJQczSoj4tXsyboSryGlEqqMzOBaiQtoHSKq2yhGUt96g8loX/Kg45y7jS/40bq3CWsDQZBDSaz3U24SY90yJ85kpElvG4nf70XCrb6FtdRlAuX55hLNy0u79YVaSzioiqdmQREZEyIqso022e58HKkpIWJEAWgQoZOUEMaaRMwpkhqqLqK17HZxUNuRR9bGZR03OxqLBUmpJYBguKnBColZVRFVVdJeJU6vv7v3b+M7CB81x/rPh7QZLIAU6CcKatXF22CAIyMD1OQyPWqgCKGDY94/Q0vRTmhdZvmT7tXGGHLfczciHXYURFzGMMKTsjSnmMNi7A0a1vzJJO23gHxxEzYZkRYYTqOs54AsrEb9tvm+wEJaIqiIiE1eUGglTaLA8E8y0xUEyUCRMu5k1FABVWYiXuQadnjrbNSm090yiQRUJSoCiLKiWt5Iy6isKgdLcsHv2WcAtr0gukLKlthK6aKahY5cnjXhGBRcIMAqUIodjDIlaiVHbmLiBqgXImQMfpGcHamgoBExQQPs1Kk6mZL81FsjOatgqPS2FIrGAsT0Uyg0iJJCsslvhyb8fE33/U59eZYVyJmOnrl3ygLiPV1fxNAiWBSoiorjQNkxQiCMUFQ4FZtTURZWQhcNU8qmwtUVSV1zLjJGutZTaQntMsZkAUkHIq8lgSJ8mNkVkFXuEn0pq0zKKMCC8uTbKMQZSA6CbOCYAUUKou3JEnsph5tA2UmdaJSomkmXtmLUvzlQiLrOKt35WbRxRq2z6ABNXb/XbbPohZeaBAlQWYr8xoKqIsXCJgQV5VT1T8Cv5XXcF+4suUjCoiRhZdl+MiZiRQdfWTmZhIRJS1aXlcL6E++jIX4u+/v/+Xf3l/v79v4155rGXP82vmy8NV+fv7t6FNmQKKAhcotalkRpEk0nOtdXpNFSoOhqKEVCmJshGloDf5cMsufdMt3M55NEaRTI9GCqJOLRxE5V5NlYiYoeqPY63wmdNrnefhbqwbGYQUNII1o5hEmVQgvyBIa05f9hm1Rt9VhhAhMMOzVpbN80BFULT2JnR3L/eTGnMXDg54hmf4JeCMBLh75LIV4V20tVbMUZdSk1W2os58MFtkEWsClhFFQNp6HPZKZNRKtzb0AvwCkrGz9gBFBTJHH2Y+a33/9vbX/+zffq/lB50VmQxikiorTyYuyUpYZIYzU2NJRv1qral7iiizVFWVgYmE933zuZ7Ha9y+TYvj8eP7n/7yHz++WPv9/UNH+3o+jnOq4nbft63fxh1YkZFR6eZl8Nr378zXPNK37U2kHuenqBSmR3kUm40LR3BlsHwtmzo6CGs9irg4uSgKmaVNu4zDXhnJvBOXR2QszgRQ6ZTU25ZZBFQGCxpRQJkbSU9gTgjLGWfXwcSoar2D7GXG4Na0Sbv2IiASJreXu4WfDOPyqplZToSURSScxEIypCqSKbLMwhbgAEdmY2mi7o4rCJqBCyEJVMJtuq1r3xMZESmkxFyO6w9VRUYVKQRRo29v375L4aK5n6+1Iup49cR+u93v23kc5osIZvbtQ//yvTHTeR4+X0OFLxh3lRKksXBWzkKZPzKPCCu2zHkeh+WSt5uQ31S1bVnCqrfbuywHFkSa7tuWxL1LQiJIF15zPZnS88xqkbWcpHoj0SKmhixPvzjX4VFlTHSVuiKpSb+4I4RekMpJiMqLcYe5nkpj11vRziyZMI9zPmYYqNt6HUd4uDbWbV/2onIPEbpOmcokqj1SlmHfb8ueV/w7wdIki0EdUp6P0zMBwJa/nq/PFU66ve23dLlyXxFCXBPljBL1BdGbAqSdZFcdmTn9uVeONra2Q6RiHfr1OB4ZToQsF9UmH007UXocqrekYCmgzFfXnaWBRrgQU2tvWVPkNS2W2ehtTnser9YipYPvCSXpJKraVTpYAYkrMiQVielpDpG30U5g+UqkC/VrJAukZ5Co+RLiSJ8rfS0iJSbhzlRrnURXCSnmOrOWu4E90hOZiUiq0kpBqeroui338CBlkBDL6DeVwWjXALHJ3kW9fHp0HcxiGU13Kpnn2VrrDZHFJE2birBIU42UgrX9rtoi68qMvG3fHMvgJTpPzyoizrLIHGMjVgDahqgI4jbei0vKEmS15rRi7K1R0G2/owq0MrMAsCaQBICzymwRFa4kPwuRh0+rWOsRVwk+qO3baDehMUYTfk+10/4evp7nl8cR/kSSts6iGuWetszHaOLSVIg6S0Mtj1i+3MudRLYCn9NAptK7dkLvvDPVxVIU7gTVSE8fbY+0zBkRbnOmN2FCNdbqzlJUFOGXkxWUFUaVQr/iOZWuTNq6SP8VPkdFrGOd00+PaWmRSSBGUdNERiZYAPTWemt0jU+IIkEkURccoI7IqgnyTENF152ZlmUwX3dMEmEJt+lhEF0RzFKJvf/1+/3/wd480stqwxmn+8MjlJmEKny5EXn4uab0bTsWmPE23ke7EVOaAVnl53GoAsSel3hKq+Kw47Bj2QTluV6Wpjq4tDVlSbA3aURuHqNtxKKNudTIQQ4hBEWsaUfB04s3XmiFykKXEcVgupD5op3FtQ/NmZUrF5ezqrl91T+YiqkzjYowPKjAvBU3pS4kpeXhYCn3imjUipCorlc+26NWloQ7GIWItPQjC0235bNxZ7i5s5SHE2VTckuEM1fUdC9ntzxH3Ro1pBHiCqdlZGSAnLmBii+zaZXIDufiYhGiIuK4/EJhVett71XhNlWF0BSMdKYgZUcWKjLKS5Ti6j0Uu3nknC//42f/hevWPgAAIABJREFUXz95eRDFsle5UQWusHwVMa5zLBK4fFpMlUVczHKpa4sq2SMLxAQhbq1tRKQqqGTCWhbh1Lt2AVEyRBqimwzi0vC5lvKmrS2LBhBJFhIx/SAElWlrrSIyClGVqLjG/BnmFn1vQzcq/6cZOrM8yelKpVcXkQ41K26cbsTSmhawbDJLES03kdu2vzUeozfhDbIRV7o13URHY208MsLijDCRNDez08OK0Hqj4oKL/Jrs1/+N6r06Rf8c/19LxaIqMFFd3WACk/xqTI7R2mjauHViIQYBXZVV/tO/vP/n329vt7tIszhYG8ARqFIREpWtbfs2qlpGZqRSCGOtIwqnncuPGcfydbt1n0eXsfXtnGdVigxSYd2jtI/RtCGkaavj8Tgf0ntWe0X1NmRrKwKS5E7cBisngBZFReNc/DoMpJlEJsKtt5sHNU0BpIgiGtCoCjjWi9hXvFrbR78zlKoI2rRjcpUDaWak+xjvXT/CyNOr3LIIJemoItLKiJWVQJBnzUilRjSQXJFEyCxfJwWPrRWhoRzXxc+KqBAWa63XGaennz5H45lY/Lrvdw/EUb3fk7qHIY0LkUtbf7+3b+9T8AMJbS2jKtzDK685GxeRmYtKZVXmimIhEBelag8KZr5yRyRcicxc8yz3j/ePt9/+9PPv/wHUdr8/H19xHuf5/Nf/+l+vbp9Hvr/d/9OfPt5uEvk6nsc+7sK0zO77xzbe3FxJedwDvQnM5uELkEorVJFG2XE8b5sISeTjdWarKaJVFBmeC7mYS1U9rOm4bW/TWlEFcoV7LCFmUiKa9ux6QwmItHGtQ3WvBCEbqVOXfstUWDJrVVhOXx7prfWxfbCoBBUnc6WfoMhcDG/aBeU+H+fXuRbrEL2f5qqy3b4TN2IOWxYrAVV5f3/ft+frPD0966o/zqxsLB5OTVtvQCKK+TJv5C8gHCVAABFdC1hiIS0F11rPyPz9T3+mwvH8+vrjH5HctptQzNfx8f6R+21s28o/zvn8x49/vL9/G5tqxzHtuZ7gDXFcsD4iLUQhpgVJVoWHg7DOZ4RTtbrajNo9ygpUxhVDlZkszqsYA8quwiysrcrWeWRyUC47ExzpK1QZCTrWUt4DSFBQUhELZ5qXUKKxbP37bahyeM5gDksl8cyCLsuSaJqRsfygKuW2/MwMsKRLQo8JK4Hw8zw3Yc/MOM3ltt0Zekk5KqrrG1HzclXJfOBC8FJm2v3+mxKlR8hjRr7mz3k+EmdWhpGNVN29aq1FjRbWYz0Nx9f8MltDuFFjNKrO1Yhpzh/uL+B35kbcWd9k/FaPvwUWQaqkcW/cRx8RftpRMLNPweUCbK/j82P/aCrK4lnKWxGdphFcoEqcK4N7+UqwDrXwt965Kmw6sfBIqgtKW4Uo++fMJyn16mJVMQutNaOClAEtZovYWy6blzaHuFVWXGr78quM6o5znpmLJHO9LFdmVWpk9jZGu+393nhU/uJJpJd7ad+2sV1WjXKXRiItyhNgEnAT3WxOEtWSsxYipEkhqE4lXD8lJuHe3EqUI4RZjvlqTUj6YU/hiuq10cf9ncu3Lthg5xytPKvClamyRn8v5OlfTKrAKt+aClXrY2s9wldcXdtG1wCP9f32O6XZfKw0z2i5Gg8CZ66V4e6slFEXL8Od2n7bx7siUz0zn/RF9CKxaZZOrEqArlzmC6ggzCBiKDMXVSE8MtPDqgSZJFrguUz3Ptreuf36fKACrmJBDd2I3Gxie1Op43xUZVY8j69o5327a/CyUh2RMddDZGSa+REpl5K0j16RFgYQS4/MrLNQz+P8fD0OnzPW4/XQhsGdOFXotNMrGJphoyUTj9Yai0VkEIObdK9Vvgh4+oMFzNSvNHElc4OODjU/mS6uoxBWlFXmOVeXP7/d/tuu31pTFF7rULCPw/xvdp5ta8pUVhVhZMd8VPZId5tZ3oWbCIEiw9I8Aoyi8lieIEAkK9cZ81jnlbnKOC28ObbbJm3LZLC4hXYGoSqbdLdgqqYKZa8o2PKzyK771PJLzppKYr4y5q19XFIx+adwsot6Xr5tBwCKNC/Eru/79qbMkZ5lVQwXhohuQlzESNrb7r48DRUWDkLTgSzzGeEA0PhcZ6QzqQp1GVzKzNokK31FwQtmfoCqqCJSuqzw9FfX0aAGWK3DHtfzxXzNbg2koBSVwjCbUamtITLLCMQIFvZcUe4WKmdn8nj2Iipr4x3JlYuEM8Aswlppr/N0W6i4Uuinneez/9sf9Pc/ELHCl60TFZceDhXXb4dnACUq/0z7V6JAzCREfGW6Egm+llgyxu2235igTCrSGl/u1SIRqabUVbvypKzyY53aN3aylcXJ1G63j9vYiWEZx/zUXoSrCyiVVpG9aaBfIjcCM7UMdSuGMg0iTaJKzPmVF2+uX0n7QoFJVQeLClEkAOxdCjLNR7/fxncU72Pr4y2Kpk0SaW1DkVAXHcJheS5bxbD6RQEiSjCuien1lVBJzFwMZFDVLxwpJy7TIF1/oQJF/7fLAwUibtoBqOg+RpL2fb+ez131L3++jS1RljWLsoi0bQOhuGVZFIk2cwI3FYhgqFStDOfMVH6evnJFxZyrAv1NsgIk2qX1YVkFHuM+uHXhJsqKt7ffXo98zh9RQrw30sfx7LoT6VpWBUgjkowscCZVSlajApcyj62/N27uizKatibUW2OGxQK1gC17BHLobxeZX4h9KmNjGmNER5W39/tvUl2qtz6IEhVZZ67nTBvaGWLLqaCkRYny8oJ04uErKpKQ14os0iOs3KSoIL5WlDnJSZOpIqqKvo6v6WsaVcX39zda1aSbxRlWPCqTqew4PWmTQVd3NYqSGpFnRSTyquVQREJV2hARIgpzShfSIiLJJBJhokyz8CgEi1YiLapq226IMHuBNdK33j9fD1TZWtqViTygSm/3rnwKb7S/gaCyv92ZqoRo7LetaxU3FtQhoi0tPJBXEEnASoXzPEALMkTz68fP1vR+e1/mx3wxV2cIVRZFhFDrUqfPSC8kASJttA2VbkcGEXeRhoT7UpbMS6vXm/TpS0j37WZB6asuZDDx6JsICzGYRVSYnvNhfmxNKdqQrWlM1nXVwkmyINLAkklzTWGiSm0Ic5bYxq81WjjMJzNVEUNBVJQQtekZ0XpjoiRklYoAlGHEV92wwpOoiBR0LamSYgONt7fbPI+vz5+399+///bbXIc/XufxWtM/Pr79/uf/dL6+jhlzvaZX1WSR1jQp53pdQmi5FCCM5d44l63eukon9EbU4EmpVEyZqHMexcHEyihyIFTJMmasAG1ta1CUZKqbLHcwFaW7p+esmqhKv29j9LvqdpwPbdRUznlE2IVBvfd9tFuWdb1nWJYlsfs0c+atCstdeM5YWag8kFNIbmM/14uBpjynkQrrmDOLVgMs8Kol1O+399HefDmL3PrdIi3Yr/kIJWW2Rq2pVKu0DDvn5zkfXqf5YQ4PfNXz7X434OfjZ1MG/Ll+HvZz5WOMXsVgCacwK8d1j+jHf4zxZ6a2bcyiTd7H9ls+F/Hc2ibCrBullruKVtqKB9Ias/Z7gT+P3Mdbb4OyQFTQKokoS84K5r2VWByRHIVlR3uXTpp22qIJC+BcM+lSb2vUMp9ZIB5VXNla3zzMk+gSs13Tsmubnodqu5CpIgOgihTSTK+oM8yzVBrIl5mHu6NYmUZvG5OiuLxmngCxlDsxjSG3Lk1xLWMuyi29js/M3G87ARXV2iCww0QbiSKLAOH0fHDF6LfTDk2NrAJIOqP1zrEeWbOPNzC70W279T4aVUcpZPLrsLNLfz6/gC5NzvDWNlWylZGsQyw5A8RapL9W6kyeWCXK2xDoIMX2RMRZREIsnkaZGT62rfXfV5zJh5OvufremBoSpBuXd31r8tHZUuZWc1UCUklq5iAhrghUqyyPRAIovwT1VFGX3SKSpDELiiqJWytw5Mq0X0MCiLZOwmNxOfHYs2KuM9y5wdJPO5kE8SII80YEj2P5UQhcVPJAuTVhhWfYpZs2m9POn6/H5/H1df5xzJlpRICQqio1He2wEwARCyg9IB3g0dvGOq1ilYUtPwTRGtuK1vuglrFA1GV37lRGxfv4WJbMFuSv52eCVHfIn5HvSnrf3y8GwsvlMX8QE2sVV5KTdi720yPzsOfz59f9dpc7DtMmIqKVACVT9SbLnueafoUcpmXZdHPU43zN+eKKfe8sOtpNaAOGyH7Jr7goIzlZ+XJ+SRXCPSJBLNzWPLgEVKctBNWVXCXJqEZCF6Q16rp6EFFRWATgXsUgkASIKAD65YtBBA69TIFFKlKZy5IJShSUWetY08OEYPM5fbUm4bnsxczb2De9Cbet3bdx41JiIQTAy2LaTApiZmpCKipMjagxDUUzGCotzohVCeYGLndnot42ZSFpAC0PvgzGyJlGhDNimYnIcg9aSKxUlVF+VHq6M109qY6ERVUwiZ7nQeVF8nq+5pLHya9jzfnyNVFRYZmGuF6ElNewmlABoqvrW8z0TxRQenplEJFyUxl9u0tTZu6tf9y3qFDmY82qBFJkquyjtSYU6TxuWbwsQCKSxHvvN9Gb8JaVDFPdKU9QXGAkFtn3LVBJIZHp1sdt6AdDlN97H1XpWZXT4sysKKMgDSOKCC8UIoeqtI1wucxKZKjePm4d1JTf9u1dpRGQklmJDGUFBCJZTrmAGKN9Pr/ASkDY2oY2TT+dUEjHNfko9kQBLAoquuR9BSoQX0kiXKItXO50FDMxS2apiAgnUd/GGOM4I6u04ft9Sj0yPzOLG1WEMCu3XZtXWCURZQQCpBf7SdNKWz/nWSStD00jsghTFoZHrq43AUUE4zqEJcp7u+3j7n76qra9SRzr/BLgOLxJb61NTxJOOytUZaBMAYsSUqGeQaqNSJTGaDezrxWuLK11FUnCGYvIUjzYAQVLhO3bxuAolLCsZ6F6Z8VNeW887vs7oD5fCbT2Fm7P+cjE1j+kjXRTFHNmUmuNUjPlgnQV4jheoPi4b3MelQuQc72O+Vpx8q0fdZqdo93M4zjc2cxiG/08TwaraBatmGUR5ZShjEL++Dyk32/37f3b/n/9nw8GfrX6RSvtcssAqAxLo4vL3Vpmhq1EZYEuIBHRxQMNz9t9W+eRRbf727//2/9PiG7vvzHJP/7+dyb++Pb27//zf7z//vu4vSFJSCvrqr28374T03EeiRQUC5qIxRJSlbbsdLPKEpKZVtSCuJNIw7IMm2XOurKuCNsjSzyDhdOqMY2+VWYiiVTYHcq4bJukcquwiMxcV6IqIphrrleChZoQi8jWRxZlJaOKFcsYARIh5UhpJK1HmYeBK8ujaGvvEazJjP22tTF+c3fL5BLpg6WZTbPZmRFU4ahCmXbW1tZa2nQtk6uk4ia9kXBUNJFLl9lUoooFlSCia3n564ciSsyRRdD77a7bx/v338sXC//jH/8R6P/1v/0LHZjHS5XWzJ8/P//6X/6K9Lk+w9frPG2e93ajXtq0rjKpm4oIa8GPGWjwTAUHetGu1H972x7nV62XR42tRWkwCvDM5/lD1VsXj7PKMoqpQtzWWZBAe83X6JtIZ1ImMktmXAPvxoMVUg4+CRgiM9IjrdaJZMrWtvf2GyumPI75yLCurcBRmZmv+WptKw1fixGqIkRduDyHyOrkkUwNVWO0XNN92vlobWxbixpNexNFpbJmSZaAmSu6ylCmCkpmqKeHe+by9Qo7CQ2AWZzLGxhxtsaiZfn5+fzv0nnUx3Lq0kTK09ZaxD7XUfX/GuMbqvUxhm737Xdfr1rPGZ9NlVgKuHJ3TXnla9qrYmXinH8ob0R9PJTu1XRk0Mo57QyqIhaWnnymjLG7TV/0NnpFFjkze5r5GchpR1LOdZp5pLKI2RxNhIZbcbKn1MV5NtOmiNm1Za3KaNwiLaqIGoojs5LWqsjr/KJMTKBIdqeCMt+a7OlVKp4JmApPO1Eket/6x31/r1gVLjyEqqiq/J/4mdfot0xnbeaxzLV1IXFf7lOVijPmLFpuxdx7u7OoklZROVrfSMozQcJNet+F+70PzphzShsKicoApUOhYPISolvQK6BMSUgAWeYxkdZVrvL9rd8ZWnYGQVBddbSBazN4Hv3bBwurNCatAotanNMc6csnlza9VRGlDL3zTV7nD+dNmgOgZE1cSxYxX3uJMFdaVqBitJFVHl4F5k6lHlZl0RtAWeRhDIg080Ol5dV7Bve+Z+UZxbjW92/aNPxxroMhxAEkeDKXmXkkUeKa9EHm+aLRaXsLO45koWYWX8fX85yveb7O41xnU/GoBWKjBKsSA+d83e8fv/I/fQwZxBRZQh5uYErKtX44CyelubJSkcoQYVRsY9u2LeKEbNeeXeQw8wpoSIFFOzWVhCcaWiG8jBQevuarN85M5KKK8zxE8TxcubhSQHvfW78pqTBWpIW95mO6uUdVWKxiOGJFeFSXdt+/jfamvDGNJjtRE6GIKNToN+E++q1JK0oLDz9RvetdhOBsy7w8Kpm0Kpm4tS4Q0UZB8YtyIES9cmWiSWeyiHVF94jFKwhgkkIGOZAzHz2TaFxdQEYUXCizVuVRBUubGZWLmSzcfJlNFt10L4b00XlwEjODqUDmkQC1HutVddVjR2MmaCbCDMRCvcmY62kXzD7M45cyNnIHuoDcPZJav6fZtUYEgagJJ7KO19k6Ecuar13d13MbTbVVFMEBKmDaKkJGhTlRiujYbl+veE2fc6YHETLCL5AtrpRsVmRlcnFUVOalywEY4ELhorzWLyk0qfZt72MrojE6izBRpF8a6a68b9S0gAS66i1Lb9smvF7nvFITRAJWt2QFizI0UwqRUawN8EZcthTchgSLcssAN1Hdurwlsvz0XB72mi9m1rY95xlxDNWq4qLWVFUIokxMnKChd9U39xqyD7mNNgpl6ehl9go/WXGsoCrhWj6BLMR5rte5CCTEGVn/vNyzkFtlZhYTrjP5xXJWKH4ZgQuoK+CJqiIwq3AXoCiLGWu59FsVLNaVSP547/s2UY/KfS3n1kHVRKgaoVSF6xYZWZNESYmIphkDY3vPaut4taYbacSR9mTGJZMW5bIogBmFtew19g9QEKUI995fcxG3pv04jttbb42XfwGpNEBaZJk5/WXrqMjRNsu9651A8zzcHrLvv3//Pn1QkLJEGaQDfthzzad07e3DM3rrEE1PYul038f3M0EIol2kCQmVdx0ytsNmRAY0q4iotR7OXRsTEp6JGZFVCW3SMwooRvOYcz5Yml5Va4Kw2Msf9VTZKmPbwiyT2DwEFslz5jY2N2eRKj9zAZFxSpBbWUhj+fm51lrSFQW99juBYAiImd2iPBggZSAyMzzkEoEQM+BzMRMRMaj1bYz3wvj2+58KSJ+VNPZ9zUlUTKXK7u5r3t7fIut4Pc75SuR1dOhdW+vu0VQK8/ST4ARwEDP2+9t5PChj7/cLPhI+WVhYkitipgc3ISSwRBsVp1uipA2idI/eurCKtoYMQmSudVIx0RYUkalpkUeEERAZY9xEmJW5YEFViLwWZVKCKzRcSRDtNJg4IsyPuV5BTrwHSFmY2y66wjyXdif3laASFF31D29tcO9bkzXHFpfTcbTN6nQOAlMgOJg1szIDKkSUnkAvuF8kWpaKyAxC0eXwJsbFgSC+37bW5G9///H1fNxuN0SZGaLmaf1PLW789Xg9Xl9fX5/zPCJea1ll7eP99vY9Aa+cOMCPymflND+yZtEmulsK0U6ibi8pa+S3pu5r2cGUUQ9i2LJlL4X5NHPrqio9l0luiWRtNSdjCN02/a6yu+OrDiFiEZQmqknT1iJXZnp5InBprih7KmcXbgJdbo2jNW8sfuWUgUQe6yBUuo2mwPXkqkdWZVdFAYH9dmOUFe/3j8Cy8MfrDw/+uP9OLEKa5TY9ijJBVfvYh94IwgRRKidc/GOVyEwAxCxsc07yzmlrTj+O+FvVZ+cb+UNKUQqoEEoyc0HO5/l//cfntya/92Pcb+9bu8ftd/efx/nvzBaVnsHUdm3AzHA3i5ioAKrSMmsT3dvW2u+VtPz08Nc6zHy0vUtH4bSz6bbvu2KstUR7Ey1kwc2PFY/TXqedc9rob8j9Ah2gqKm4e4KvYXpkaRBDComM3jaWDUUe8DB3C3NmPkOotDdtehMsK1fuUCIe2j/Km2j11iMnoJERGWO8jXEHeqO+bfdMp+t+kityep5CRSCPdX/7OM/Tg5pyhmX4Wofnei7jhoJ/nT+I2qbvIu2CtrtH1EUrGJU1l41tzyIhjiJwTy7zaFubj58EodannyrSWq+ISFi4JFhFVarMPCudqFacW9ulDUYv1TWfbkcViWj9avZqZYDDY4KuGOQFz7ZpP1VVdQtcL2EItmpdnBFPqlMEQqUA5prMmhWRoTQSvsqYUrkLQ5mrqNIIJIgqQ0jEjlJPYwoCZ1oyGAKfCVFiIZGiy1nV2lAeYAdNAhPojMcxP5WFihKFuJwtLKooRAqiqlfGYT4ty3L+fPzxx4//5XUuWxgq+04sr3lIvIjLEcTEqiVNaGPIP/sDSeREEZXhXuXn+WCIiqVH19ttHwAxkaoysZW38b2KHjOZN8KRgQQVVVShrjbCca7nGV/LXpRVKPfJJWsaE4UHQJ6Yz2Mbe3FYzr2GXogYLsvztZ5Ztvw85owCGHyZL2Tb3267tk36kPsY31TugEZY0IU/79v4NmQoKzNfS2emMcYGqNvR5Ia2zCw8k2OZbW17u+1KwgmVRggiqUAmFSkgvQ+RzJwRTvQrZSTSqirhVFlcmUAWy0VpT5QRAohKy1iiGxNbJZG03s3D4SqNRcESSUJKVQxq2iw93d2MhImHSEUElQjtzIyC1zrmc7QUHSBhGQ2ctS5EZGMGysNZGhKRkYXX+aSUzGLhAqPoks0lJ6ER1MHTjCn2TQKekcwtZhaLNEzz5YuIhXmMQcZIv4712vSYM/NKsUS4q0gVCr9Y9QRkJeGiSP/T/ZogqHBlBhX3PvJy3hZEWVR668/XA6gh/ftv49uHKlPB3Yt5E+5CyZjLMzOEKJERWVxMnFSJyAxRcc/9NhCW6V0klKkgLIQrNbipvKm+ua+EgxqJRiG8EhF+KlcJhQfxpYq7IguaydcyVcBdu2pvLAQlAlMiuDHPOPIam4UL4TxOIYxtj0pi0aYVjoJqc4u1LPMK/Mc12eW6/o9cBEoQEf8SUAC/CGPEEGZurHK1rxi+/Lpl2XKP2G/bn//ltm9edVh8FTlTD4OIUMk1NE/XylLegtjdikFJLEwYqtvt/q3nkvWw+JFc5oeI9N65KKmqbFlyG2FpXbpmpDKJUFV5E3ZC673pQLFwVBknySZUueI81zP8LMpKF8Joo+m+ySjyMUbvNzXKlVVJaKj0sHP+WPXqdOu6Vyxozwj6dcnULnuxux2E5AamogsxFcWEoKhIFm3akNx4dJXKsFijodlpZYxk4kvLzdSI3P0com1slVzrZBbRNtdaqijYnBEBLPcFLCvv+y3MnWoIZyyzM3Kd57PzYGmQfhzrx+cD1G5v+9c/Hvkryl+cKCQSQgT+lem76jQgz+v6fElomYrATEJcFT/++Ptf/vO/Mujzj3+g9Ntvvwm1H3//8fufvlUpcxvjfts/cE2CmFhVmrTWMiizmLgpi5SFgzxqFkrB6b++CFfsqunrEk94rCSOXEnY9m1FSoJAVKlENLq7mS9V3rY3gYo0JdKqUq7Cp/+s5MJ1izbzOe2hypFnuCdFZjVSvhaoQF4o23RGsSiVMCvjCiNEVVXGtLNwVttXLhHdxrcm2nK95uNcr6rZVIpg7m4FYpVeUEHrDVs/lk0Avasbq7awtWyR8EWjZ25gSiRJ84giZBiLIiojmjIymQXgSvTW2uhrxePz69uf5+1+X+c+xm4xM/xKCvyvv/997B/F4hEictvf3t/vt/HVqHH1fXs75wQKjS1PTwICOEXc/NXbVklzTqBdwcVGSUVNhYi+jq+K2RrftvvHx9sfn//zeT5Fdfm87aTtdrpfGkOh9v39r9v2expTtW10qjfzmRWnOaddaWlmsURGFjIjQdJk6+09k7Iul3PfOi93SiJqve3a9+lp7l/2qSn3fRcVxLoEnWDKGUK63962voWv+/sIxEow82lztXPFaq4kkhWJXGYrDiXO21b8Dr6N3oncy6uwrCKbjFsahblIRR6VXceY53Gef7P8ee+tUVLO0Qg1owzEjDzrmeXE+fX4/3y7/7e37f1ad3jbt/130dtx/DA3ksFCDUxVEaGqr2cwYWy7Wz5fj3yXqxtOhVwrIr7Or2X1e3+7jXtr2RqtcOWehYiiocWX6cMszjkfj+NHViT4an/u4z60CYu2baZn0et4jXbbVNZcDKaKrq3pjbEliLBOe53nIgwQP4+5N/DCpiocx2nMsgknNCqZ2tZ75lox4WdlEutAJ2y37f19/2jUUHbMr6LHtOdpD7evrSn3kUGP85FuLJJZYTMili0ILT+WPS0mCvv4zty/jp/n+dz6XtUjvXIWsulgTvOzslTII68XHjeOWMjJnJ7uyLWCWycGqSoLEao867qJryp3P9c8v993oSKiRgO+Mi6CuomQSgWDmQTkYcIl2tY0i2Pal+XJrY28P43Kj4qZBUIT2pg8kcggDVXlufz1enDjxmuXYioLL9JGzdMd85LgXhH0ZUdTqXIPu9iOaz0tnpHadOfiTKxwy2m+CGCw25K2dboXEVFD1Vz24/V56zcR9jjCk9EIasG37ZYZh73AStQrOYstfNmR5b7OX8KONaP1zhooglVmVb2OL2yqvSdFUlAREXrbetev4+u0ifK5Xgrqg53J3EvYgdZ3Lc4ISmlNh8QiP3PmOqQR0qzmsU5lRvj043H+fDz/I9I4K9IZRGWeINCyUNGoKL6gAWsT93JPI+KqWLZOm8/jc/lcEdP2kQR8AAAgAElEQVQwxq1Iu7Zt2+79tjdJs7fbu/R3pg2gY9byU4VFN0AJJSy99axgadBxxhptO1+frxd5la0JBqGIWGVTblTctQsqU0bf1ny9zmff7tu2CaVKZPKqw6eR9CadtVdFpFmeVc5EmVF+KO0CEQYBJC1TezTVDghAaVkWgAMBmAhnOimZh2oqISqqAATIK9jDAdn7DjAVVxagyq1rMmvldD+JIKqSWnVWLWUmEo9CWmQlcvqcq5q8KfM1a84k4f0+do9lnlXcuAtBcvo6iSUzhcFtr4JIXxUZPYl6ExXJlPt7b40IWenMYOasSncgf43DApWOrGsyRgQwAEQ5pRJYUEzw8Et8fs20t+0G4kJFeITZmvv7+PY7th0qRBGs0lpT3czNzIW5wkWgUmZf2obSnpkR7hWVLI2RoBIhIq6m3W0CXkWj9a6bUBN0J3A1xiAaTP2qZAm1rQtFXFYCW48KDtiChFeTMc+zN21bA/yqXgFEVWEmnGFmOAo450ImU+9jZ9Emcts+GJ+j9a3T1+cr3a/ZZOFanCQXk4BYUFVZSYy8NoCU/6wG0AUtbUO0qWplIlNVjtdD9DtJMeP9/e23P299N8f6On70dvS2Nbk1HYUeyU1HkJz2g4hH68f5ktZaG1vrSr3JthNZzL2/ed4eL/jj36Rxa5ugBdNp57JjdATh8/hRMCCb9MjFnA7Xxlu/sYz7uKvC/HHMHzafRBzBRaiGNU+LiQxE9qY8vkUdhMqclTNBzMpMc74yj4RlesZyfwUPy0G2ytYMJ6oormqgJcJus4TYG7FkWtblHfMu2rQ31tHujXvktNOR0rpmTUkHiVBXGecyriCcqKoSYYAq3EXlnEdG9u0+5/RYVO45SQKNiHPFlNg5/bSX+/QIW6FDKbeI0Uf/7Ttn/OP180mEMFeKiljLCJUsokqooLjU5KqqrO6WlZkeEUwEVESSslRWrH/8r//TPP7Lf/4rbu+3j9+03bcd97f3r5/PHz9/eKBvO0i0ye3tW+/3rcXY2nle3KQkVGRkhvnxWn9s22DqGaE8tPVERvgVpWTOysic6Q5l81nUtSuREC5BTzTtCs70qgKjyTbGW9RVArb7eI9wS/cKj7X8jJjnPF/nU5RvV/Xf7G3/rTItFlCEiJwsEGkMFYIIFcw9Ik2YVdW8jvXcGrf2ptpZtJWOYpaO+UxyuWAZ2960MZBZfdzv6O/3Yxv9KWueC1mZFmlEgfwlLwAnEamqKNu5GAApEYqZohD8i9BLScTuOUhYWFRer0cT3bbb2LYb75X27dv743P8fPwkbdcu93a7r2n72G43szgsvMGnH8SXmOKsnJHFoog17UVoqhzFTFSkyBrjLX1eKLC5PlEnmFeQVJP2cefN8wLNtSgqSAFNOvFt779t+nFZ7VAkks/X1/RjcLN4rXlUppLEwtv+/vL5nI+xNeaGYoG6gZWBPTGZRm9K1KXfM7Xy1H1o+EXanXYqI4vbdltPt5xv+330N056u78x41hPO11bdVJkuK9J7J6nr+XnnC8Lb9u3RncYVFRoI06WVQBImPVtGznk55cLn1c4l1BVszL2/nEbUkghGu0K2oFUIvOwM8NHHx6fP77+37+9/ZXxjVtv3pT2/fbnr9f/OOdz2yEs8zQBuu65vLeNkPOsAu/7RxV5+FonkQpAmVzaGzO38OrKbYyeChS3MbY30ZtQVbwiDrNXxGHxLKo2vkXk3satb1u7aRsg1DyL0d4+OGeXNnWttcyeBLLlJKuymdOca+b0iPM0Yb7JiPBpwChIQ0zL8gSIlEAsVJIRVVHgTW9NbwzadTTuDE7yGX6u81jPZa/CPOyYfhSG+Lk1QVSlUxBBR+9RTmyxnssfGUVCdPJo3mi4r4R6JtVEeO/bSqKWyvp8fo3eG/O5JhCV0/z0yMOXdiHm5+PBkgBra1f0huAF9/Wq8kjvrQsT5SIIsao2zMowgm/t3hTCch93YfEgIkUxUZmvFbNy5meda+79rbF0EpAstyKojBIPt1qpFUYUCTMPNf15VhclEpCkFKgiap5n1QxWKhDzNHvOrwJJ2wCPOk/7YqZWptSy6mXTwpwzkEVsEaIuQCUCIcRZPVM8yu20fGaVchNqqjdmVGXEsVyaUJWcM9zWPjrR/vPzvOSmy2djwtiFiFCIWYgEViaHtTCaL0JJ25vcm26Fn4Fl65znJKQFbVsFK/szmDYqpaLgyEIlkrrst/4tIi3WOn88jp+cLSo3xozjef5trc/KNW0yoqtmObOEZxdV5nP51fKcdMR2W3Ze0ybz5RWJPM/jtJOZmbpKG/1t07ZJ32Xbt23/6EUeUZlJrKJCXiD0PjzCKHbahAVZxDS4Wz6r5tbvbh6RTf04nkHx8f6n0d5Utm3ctybmEyVN+tb35T76G7MgjTBVClVNYmhDpYCZdZZnusfhYcTa9YOlC/E1J0Zlqmxjq+KqFGQhzZb0tvVua4ZNocatAjHTODkiuITYM06CMIohdGFyro6JauNdeIuypCURlkkAK0cst2DeL2eUhQsphG2GRRRND1VpRYUiZhUakGt9L1ZoQplclU1FLoFd1oVyv+k+pBNKuMKDGjqvzhVmVaWtzTqJAK7wdK+qyjQk6FpkAvQrGlS/OgBpIPIwZhDYVxTWfduFkpmZdfrMyt66Dvn+V7299W277X0jFtUmvIEU/PLkqDzmF4/sogVCdVAhKbKO9bWNZvZqRF2vEEcRUWaplsjlAbzE36JtK6cma3QX5qoiQBCZS6QRUUFKOCzNPBOZZGWJIC7VkWWDQmggY0jzjILM8zlzeqDxft92ol3ljk5D7dvHb9u4zFMMuvr9zXMVmLl+jf9/tVqIgEACJCTMmahiITCIiZW4gSVi2ZpNs2k/z6cI+r6/fex/+l33G6avOtaajzH2972EREsZjUpHG7HdjvWqDJXO3FVvKnuT0dubcEs38+fTbyLStCWdWRAW1k34xRKv1x/gse8fr7Uyn1u7EwtzUKb2xtm6blt/I7qIsOs8/mbrpf3G1CKKSISYWFFFFcK3K9xvNqlALCSNpdjh6SqcRJnL19OIiVq2hsJKJJ2v86h00csXgPK11lx+XMvrKIiUytZ502L9BUtSVTntYC5Vtnm20qQqqCpLuyu0AFyEFV8qLDpsnWfknM9jHkwgChUeOzeVupT0OWOm+TqXnXMRWuT4uP9L+B65bhuJsLQhEZPPqiIS5qDrlyMSTJXJImCOzIiorMrKCFBd41gmZiq3AGGtOcZ4PH9a6p9Gez4+VfD8+cd52L6Ppt3trOQ0Po9jHVOlcwEECzM/AQOZ+fN5/rHiM6HIe4NGorVBjAwr2LKz4NpEtM251mnaeh+dmZqIkFQFMrjq17eUUqSDtEqa3ERqxZoOz0dEnmstn0GRVNPOGSvNE9j6W5fhaWYrIoorc1WdBQWUCCTXh4AknJErg3VrXG6TBqk2S2PVLAYJUWvaIpNVdmrsrVKIpHcVHjL89+/3+739x98qM0gQp8fFjywQqGmbloWSJpkVGaKNhBIlzOAwt4STkLBw0/QIn8Jyni/+/ON//9d//eNv/6OpfPvLn//4xx9jdBCa8NvtNo2k6Tyea601T+K0nM/5I9gi3W15rLU+Mx5Rh/YES5FPP46A8DvK4RCUCoOVmGwdmdlUWOh5HJGq4waMZbO3u1C5Q3QQcaFRbZT3Tb/fxsfytWxmpsiJNGbmjDDrvYvQaCCGsnTN3j8yaBrf+h4m8cs+PjPAfWu0AaraVbt2XucrC8/lEdGbrCC3bP323t823XJRk9baXpkiLnrOmIUInx7mws/jBc6sc9kp0t+3vzS6EbjJqNIoz2RQ2/cPMRyvici3vUcV0jPP1zwI+fu3vyqjyptyU6E65/p0LOGGKm0XAUUi5uP4//54/R9v+2/3vreu23j7uP9vn1//9vPzb3K+mu6VwnQJZuXWt0rPBHFrrOFIDydnFmn7TvR+s5edzMq6syDyNXonacpjtDcR5VqZQRyRr6zjdtPlPtpAjPftNqQ3vTH3FfM6r0vTNFQs5W6cgJy2znUUODGEN0v5PI7XaQT5tt3m8RodHunHWRRcQknMW1GLyOmOCPMUbSr7GG/lzMz6z86AmT3mc+VptZKSi6vIq0hK2Kc/AWMQF3V5b7qdXpyuCM7lGQk/7PCQ0XjaZGqk7OdnptfxmI62v299+LKbtn3oeb6YUpgio6pIrnkHM5W5lfQi0T6E27SfFVGUEVOl77opwAWCuc/MMvMIbO1t9LtSqGbjdjxXsrLs6WnpRVRJhz2fa/J5NLn/6eMvH+Nu64wEiJmcalJ5CVQZgmS4+zRRdxGgiUTVa33OmGvNy9G+5pNZm/TjPIUaE3cKVCQmKDxWpZfsxA24QsDN6vQi1ZsFvLx+KZLCjKrG4zgpjRoEcF8l1JVFQFWeq5MzobgIVnUqn1urvDezqMghTbtEGYMvTlhVZURkHWspH60rg2KeZ9lyq4gIt4iCEur5PIjldts9zlyUmYrikkomukYIAhSIvp5/RK7H839Wlfk2pZY/0z83qa9VdbULEymciYJo27JodI6wCuKuHv7KV1UM3d39PA8CRAUL6TX69v3+7b5/b9woU1FD223/cF9nncsnvKJm1IJRRIqERTnA5UkZUZYkJFmCciFmYPRG+pZR+3YvJ6bWRJs2ZinE8hxN996VGQBLy3CRLkIRkwjLDq0SaahoRMmIdbgz875psQiDr2Ycs+6tbC2v6EKb7LTdIr0ojT0zvTJjGTMLP+erKxEQNt3n6G8CDfOIEhXtOxeIu1wssEqhnVogM6uYYkY13QG1OK9NQsKrOKw8K9ZiriAZvXfZh/YmrWw1rqDiwmCgj9utM8W0SVeDOcO9zGqMu9CuLGPXx+v5jzqlojELs3sQMQGZVeEJysyqoLoMqYWiLKCSiMFycceKkACBCpSoTUUYVdl7123z02sRWO/f9eNbdJG3/b7pyCpiEYIVMUoEnngdz3V+/f7xexvv01/my9NWHOd6WFYDhYqHCHNcVM2mIC2m5avoyXIj6iqDmJkvEGemB0mjXMIQoYgTUoykWuYeyZklxGlsAB/U2/aOaLxVokgiqtDG9n58rira9lsFOzD6tvftJYeidRUBq6qddrH8CFxcUpfotxggpqoLW3aBH+hikxcVFUgyMqQykwTigLtpegSpdmXd9uz9YG1ecZ7P22jlgQPdFqWilHTX9gamsd9FWovOQGuDeTAaF4Sot405lp+bvNHtT4/zb57B6RVBjKrInJnmDtaRSOYtEVHHyidBb+P9KsgLKaOp3kbfM6f7aX6o3kQHhSsTFUcUmCLF4mCiJs1zUWSheiOCTqONelVujPBj0mdkCe/M43U+j/kpjOWzco69AzprzVyDeyF9rqaj77e0BCNtmRBpVWbAzM4sD6xlX2F1v3+o3FvbFbr85T4L2Zok/DzPj9vonsui0W4xn68v3bfGXVmv6puFrTk96znXOde+37f9N6H9tv+pkD/u//a//ev3f/ufcTw/e9vsPK7wbkUkZRMR1rgMYMSZKUSWiUoWBq5tboDhUaKansySla/jEN1fXz8B+fp83m/b/e2tibqTavOqz6+vt7fHj8fj+ZSPj/cmLbOjWUS4W+QSZS4ymykCGcTqfibCcxmmYTHluQ5QSxBIPTxeD5cu+x0qKp2p0szWIcIsTVWbKFMDmImZS0UJyFwe02vONd1fRChUZYZZSRHxnHPZSbhEQ05cng5fTdqgyPLGrVNLeDmyRHRkxrlO285IQFT1JqUJgU9QFISE4Uhg9L1pq0SWjV1v9+1Se+VlCb28hKrEklWqDGFfnpVMTERMyMiLQZ7woqK6TocsTc0smXrvvs5pp46xwi3z8Xz9r7//zSuKtEm/3e9MNedc53TEXK8uHGFfX3/fx06cabPKXuu14sQMGcNTiZky5vEPSq3i0e7f99/MMmy5WZEGshGJaJaveXoKax+6Ny6vJHQU+dKuH03et/bRaDcKD/csbp384THh1kff216J7f0+59MKt02Zb55E3EDbuawPzXT30jaKuozhJl13ogw/uooxKsuWaePeh/vz/e276mavxbtwIhLEDFCC3cvCibDWWUBRRiyUC+v3+5/f27c3fd/6XWULqmW5AiQtlxHabfvtPJ5E4m5JRJXnYe/7zjwqS6htuu9dQQdxfr7+I2MKt3vfAgvkRP5a//7vP/6f9/GfmZpqu20b6k8f7//HHz/+e+JY62y6gQDo1m/PVzB0U/YkLqJis9h7G/3+moeQfN8/AL5td9FbxSJuFtGEWDvAmWZ1HPYsKijPcxIjIVTyvn9/379JqTBFOFWN0dc6w7yxlNzhM+K1Yh3zdZoXpdXP9H0FP6aB6yakBSpnFCssZ8RqJL3vp0lGgmzNVBm3/RuxUpYUN5ZNu7AiYXEuP4nLzY75hYhb3xkgAkkzn8Kr6iRg6O5pUqHEvd3AMdP9fJ1H7BsF5LWi8hw98zQ7vwhxnm5FmvP1pK3tg25uLmRAzHMWMZEiIyHLV6bt2/2+vYsOYkBKci5/FaFIx7hLKqWqdgufdp42fzw+3ZPkRrQhpxITFMiMOJ4PMCKctYHkONf01W913+Xx+qE1GSo60tdcT59P5mJqWuV1YT2ILhpACqaX1/KyuSa4CvDlntmvGSa1YlgaGVRImES7r1kxhTulaOBa5rrP5QkSIum6Vcq5XkXhSSua24xwmt6b9j4YzZ1corfWtDdqTMg0ptmbZ1WlNwEC3MboO65oLCQjmUZW2jFRL5E8KW9yp2SP42lfX+sZaQEQC7ES0YrDIyInmUuarwW3W3/r7Q5UVDGa8n4fstaydUZ8mfUv41dG72iNW3SdSqRmttI4BbiN9hZWlsG6LWJbVoMiisiIbyxMBqk61qqibez72Pf+7a2Poe1++xOVVc0uBLhQozrDJxGtmOYHeLyez9yLmpx+Wh5FVJAsy0RnDpEugm2zxzla565l8X77futXCkiBYlYmbtr21quiCl17cCP8EtgoNyW+AI3/nCCjca8ARWVYkRJtyBCpovz1QBATdYUI84qVlAIHyLzCvHh27aIt4ZRxrsele4q81JK8ZvWqsd2IvDIvtbPqaO2N0ud8VoWUdBlARrmFAxRUc3pSFfO5Jkm1kjFuvd27dGX24GWLuLQp1dLer8dGZFi4mSVyrZnFnSkLY3sTgvDa9z70pIIQWy5CXu9PusCZaQDyij1VJaqqkMpMFSVKFy24iKKg0nrfelNbJizCV4kOoq1p/uVfcb9Hb6IMcHA1IkElZYgwU7pPjzMjj+NnpqmqpydrhjOzmW3bzsxEBc61XubF0r1cbA4dSi1JE5yX6Fa22j5QfpxPj2IwuNl6Rh7EHlTTjoICsLSFilf04ZuIxZFxdh7b/k31O3NHRoHu4yMQjaREtn5jMKU3JeEarTehr+VZ1ZqaTdZGDhYQiS8HAUlMAAlLaRMUZWZWJWWmM/P/n6d/bZJb2dIzwXV1BxARmST3PnVUpRqpZ8ym//+PaevpMc3YmFQtk6rO4d5kZgQA93WbD2C18TuNTEsA7mu97/NEeYI01ggXJGJ0mwKAvRHDl3dgHdNDCRIpgQLoNY/pobhUKRU0al3e1t6YFarKJxQI8SILFUohEWEiIEIhVmv0NnIHZCRMoITKXxkvJMAuLWO85ufIPcoyYOGtycrXxDSqCokXlRZz0tX5MWPWhlppWY7oHmZhxJUxf+34UCKMCYWECLBQSQvJwsb4WfDZ9FGeWDN+6cB87oNZmLqVo1bjpelSETW9WFLzOHeUEx2LqqvOOE87AQexuyVAFOawZwkHzMMOIQaiqGhKSGXT37aFWc5DGY2VCgVlabok0Jgvj4iqCKvyfT/O1dfGxU2YWOXt1jErrC6Ng6owYTKZzQivqIsCD1XCFBHXtRqZAIEtiRUQEQhBmAAhmYGQ+nZzmyILMXmhtOUSSh8WkZ5Q5xzTYnhkGgtLUngBOLAQbw2oSZUfwmxmAguQTz/3uZ9uQD7nyHREQ2zr480uag/F8HHNyRUxcpbPZdkgI+NE7oiBl+wPKn1WjvSz4owYYTMyCAGhMWMBZgRUQWXaiVRMlDkQIn7JBYfbM/FsmJVEkQvJBDR3Zo7wP19/rP0L2bLRKqSokbXMGQUV4MjGRJXjgmpUZBdCyMoUFQRgIkL0GYVFBON8IRKLQhUisHDC1Xj7v8AGgEiAiKxRycQR1RbVRp8ff/y3/2qA/I//9E+ZJp0QuVAqp5txm+c5Mn273e+PpenPQqoSKITSyqHUoN0+X39awec+yJillQGVQSSAASjVcmRWpcUkwSo4M8FJFp0W2kClVXEVM29NlmHneR637f22fiNgwkbccoL7YRWZE8nH809MuC3fOi+BwAjQKJEBPENaX1QaQLXeu64253r/eo6Pw6bWgoBQ0VQMJAk+P1/Mil0NUnm53X/vfaVqyw2F2OYErmG7QVXBOYan3+8bYp42lqaZkJ6N1/f+9U3uX/q9tYdBZQzzc9qYY4ZNVcggoWX4KJTKPD2JV9DbMWNhXlWZVibKKsGVZUUEIUlKo5wxACLy/OPjv7w//vOq63350pe18vF2+49v7//p58//4nGmebs9lDUBG3uYhYeoKIIKJKbllMrWOxcigblLgSDOiqgs5GmgjEEzweZ8vs7nKNvPM0hf+y6o94YY2GgD4Ajb54uozKalQyXqTVij4oj9c7z287OIzmmfx8tNt/Wvj+33hta5FEiFlx7D96iRVYe5B0aJqoRND1rXO6EK0apNgLfeFyRKi4hjvAY+h+9zDJsujFWk2hELqEYkpCegzynLJtyJOiJ0xdOyMT2Wt9MzJiSOooo4Msx8Ch7jPI/pAUoWivL4yxekBhVrv5vvR7wQCSsjiRohpqcBk7att9VjzpooK1kDN0JBWBG48QqA4afN13S3iGkFeDaWW2sAOmdMLxUhKNWF11vkdPNFh+fpA6LBnOcrx6oLE9o8z/MTKoTIK6QqkbD1hZCX3qBAuM3017nnNVJPr8s7xlE4gZCZqyJyFjCQVCEWMfSAiIysl6cfdrzmPM3MYbexru+Fa0VUYVQdw9zKg9MJkqUUWJDULSdEb6pyQ2yRkWVALlha4iHCkZxEgFBNl4SkKisym1mLcMaY3CSFfnz8EKJCNKcxg4mrOBKjIIq37dGZ7XgFlDQrmFD5KxrRb5xcLIgtPJtsF9bR7NXbAsSRkRCEbesPK3C3OUdlbtttXd9S7XV+ViK3XhlCiGG6bABofs48UQBmsfTGtHFfWBvpfdmaKhRlQMH0PJDW+AVG8bABWIA14zWeo25b73pRPxAVSanI4Fd1lYlv662Ys4Sh3db1CqggcYVPCxHFUtEuJExIyO6aqDMOn2eVL3ITUoKALDdEaMIEkAyYEUVZVNp75FEAmcnaCMo8E5N+xRqEeZ3TFaT3zqQRBeCRlmVubpGnvSITkZsugDH2E8jRUkiUOyKXOyIIN+wA6BZhPpKmZ2RVZkbGOYcXfe5RKF3guj1cTqkZBiBMVHBCRqYTaHm1tkJl1tGVcngl3ta3q9OLAJCAACosjTMrIhGpIN0nVF5/EBgKCRMgorKgEC5PNhQkIRFxpRMmkrTem2rvvbG21qMyzMMCQX/7h/af/lPeFuiCmdOChAlQLGLEZCaPmH4CEDHt84i07bYVUEQhIAQwaKOFAZU58nSPSJ+R6R6lb9uqUp6ORBeAssK7tEhVdffniIFcWZ5hWIZhVaWt2YBpI4miwscxM7rKtNFoKW4dtwIiVAhiulHOtXUARURiyLDKyVR5VRihmNhrZhUhISsgIBArXplNIYyqwqJLn4tQmQyErV3eZKRS5kQDQASCKu1dpb+9rW93FMmKEwAjfURlYEVxjlWcaeECwE54V2qEigjYGuS8WtKAmFfrNAWBIs9jPgl4k3cq9zShrbfH2AuEVJaMyoiE+Dz+GPbsmxK1c3wI3t0HEQWkR2ZlFqgu29rGOVVEmWOOKhDGfXxkpqPPcVSej/WOiG5WkFUARYLa2g0CZnqXm0FNnxEnEPeumeSF5n4eZ+trUGFmI+aqrS/XX2LmWSeJzDEBQpcWFcLYELGQdA0/jvGUhMx8HtWaRoUDhM1CFObMXLdt2kTAZVlAvrzGOS1FKRGZiJCKwsZELqXFDBIhqkbuxzjG8dqPY103N/94PoGQWcst60r7QaQTKyAQVnpEOmQyIhJHOGBdZlyAygivEOR124jbflgVmqRwQ+SEkqY+cthYe2vt1rq2fmM6x3xK6bTnOX4WmDZBIAjopKCIBCgVNX368DFsPM+9KiFcBa8remUILcgc6Zfm66qmMgArB+br/IklcNdt2RAx7YwKYRLGyLGfnwnVW5eEiknI0wpQsjAjgYOvmBt4Zh5+etjtdsegTGjcnpkZDCSsioQxYMZUAYupYUBlaQBERYxMJEc8j/nKMuHm8Spce7sDV5Zxx74u+/MVVUxcBYFe4VFxne1tTAAWZQBMv3gFdFWgiJCQIpEAADkjCBEBjv2lAlADaWm9v54fMU3f9Ou3b3/8/Y/j3HcbVbXdVkpGNBGqyCZSKUQq3MpPAn/c3ufTMTktEStmrn1dFxo2zxF/HH/8eH5+e/uKlB4nc0ljq1GZJHqJQ4Tb+/at8RYBTKukIKBwI5C4Bgk+I+P5+i6KWSPKhaUA3I1lSwAmhjDVZd3uLOIzRfTeJD1EVFRe54+Pz4+lcW8PVGLiZDJPgLBI4u51cZY2hH7fHkvrEOVuM459PAGSqCpTRbOgsFpfjvNAoEpd9K3BqqSEjJAVYX7aeM358vFSDs6Y09a+zYL92IsgqyJgOjSWAkbgzMxQllvkUbAJdYFKOK12MzMbiBXx4/uf/++v2z+uuhBsXftjffv9t//HOf51jD8ey6a6ESyAzngWFWMpc8Qxo0BuVoZ2brc7FUf6enMhHP4AACAASURBVPvSpM2IqHnMwXqTtgxzzIHkx9zd3SDOafsc54y32+M8c1kqAgDwY39+nj8C57TXfbt3bCmQRMd5/rm/XuM45xGZr2N+7jukfnv/p/fbG8xj4ZArL95zP1+vcxAjA0X60he3WeW9rxXFwktbF2npgUjF9Tw+onzU2OfPH6+fIqRtHftrExJeM7wqBBevdDtsVnVE5KpUaslbF08v7WtTLEAgmQXjOAwRKq3crDLJsqrmclsJVbgzpbaOorCP8GCWrKqgAmUulX5lQJnWtJiWZYEJ6/KmfO/CQjzP1zn3afvnMWagZcKcjHNrWwQMG1kumEjQce28OjVvM+4V+HnMOecAnPf7Mu0458goQAeMQg0sKcwqV9Wuq2iHwMjh7ll5nhOutwACU1WlSDKakGABV2H1dKsyrAlpDjls2LRCnjGO+ZqOAC3SzUdMW9qCkftxzMhp5VYEyqDuZXZ9VziifFqoTbS0IiT9lRJ2xiCstffpDjmh2qJLZVLLiMJSBDzG6zgOiHXAaTG29WtrN2Yz+8wMt8oSEWnMVInFBeFzJAQRHYOCDIHWdiOsKMwsAmZqjBMxFlVICT+EWVBQO8RkbuHB0lQaQBLD2+OduR1zZ4Ft7QJIRAFwznOfI7FYWRGXtinQ2rbHemP0jM9MKMgopwJhEWYlMp/X6tZrAhfS6jF+vv4gDChC0EJa2o2xTduzJpGqCKAgduWGFUyMkJWWacRpYUS0tlWQCIGJR3kUgfZzqNkUSkYU6QmolAXiPgSTWbHI5gDBVd8DOOKMjCaNShENsRKSoCJSkAmJeWNqkACFSnCaWVSieI6syqKsyDqYJCJf+2isur2JMCRHZEICkrYl0oj5NQ4bZ2EhSUF6RBWN08OhMM79fHvbsupyaDBJFl0Ub8hswmCXyKB5TSxWZiNXiowU5t57VQgLIkybwxCIRXWcI34dZbMqL21N5iWpIgaMCqBrx18sXIhZGZVQoL0R0W3tj3Vjku3xDghuFjNV+J/+mb+++9ZVKWIe2hixZ0330/P08HBHqMt+IIKIyYAklDOoImsyN8xEIojCxC4b+ohZeXXx3U47pc2G2nVhBKMYZmkHQBKG525mVSbqFcFIwo2KEBNRlXu4jeGnn2OgkizNdLklLpVUUYzMLMgAkciRec5pzGR5mJ3pBpCENWJkJpM4JhQQYtSlA2Ymgl+Z5U4ITEQWhIDCwkIE1JAZM42R2rbM01kUApH429fb7ZZdUSihnLkOGzOmUIcoT1slFpEI7225tfeIqkomSDAAr5qenDHBwMMKfdS+j58r39f1gdUQTBTJJ/JU0aqFMDw8Kpi145KxI89EPeMDDKROLw84I2fEFFmWviouGZBmDKKdCxwhpo2zzsxJmObTwwhQFK/ya1UpL00ljx/gtVAPGERBIEiLwZVoMyW3kSi8LfcIjgK4ChYVM0eek7RdJ7yamACEtKpS8nArzjmGZaluAXDOPXIyMzJVmUWqqCJz0wvHGQlNCKoiDrfgdlOVzzmAuEnfX+fWeiPyOESw8CSalTZtP88Dq2yOgmTCrCBCKBRhFpnmWVnpmY5X8Ct/VXiqEiqrMCtVGAkzqyCO48Nc7/d3hCDApclr36Xdv7y/78d+a+s//OWvnW8Zr0ybc59+VE2gAkSIZLoeI6jyUjrm8Tyes+bM2IdVphCodgYRbgu3Yq0iqDCYUMWI4Vju2mWhzIAyaG1DXpRWJomIzJnlnnP60XTd1i2Nw2leF+IsUk5Ij6O3joTDXoBVVefcgQFh3PXGK8/zA0BROuUYNgA87Jgj7vfHcb7WdmpbkhgACFllmTk8bMQHDNuWm6Xn6W3p1IC5mDHCsgIQbE5AICYPcw9peA2PMwuoEhKBgArgcoYJJDJBeDEnI2nrb1//8vnn97BXuK39DVG0bY+tZ8Lb/S0NXq/n+9cv//Lf/4UpH/evaU/3F1RfhIGYoBWQU9kAwn5fv4bhcFBcsfO2Ln6ayrps6//4n//d0l7nB4IvjYkN0QHGtH1b3mzMvnzp/FC+b/2LBXiYMO/P5zj23u9Rc2YmxmnHx/NvfQFgIk0CioozBsO1i5Wlv63bg5OUl1oBqhgZ2bxOj1nVgaTAkbIwCzIrPIyFxnmknevty7qugl1pVb2JCDAiTTudRTkQqtZ1BcQIgExskA7peOtv7+vvnVYCzciZxxnTcp/2tPmJtYcH8iKtn26EpMrH/ASAxPz5Mf7h218AIKGy0CKSJKlH3giXxlnpCQiMlUBRzHPM/9/n/n+/y9uid9Z+68uX9T/Yb//Pv/3b/6tzF2iZkFVFGBABQYDEHJgf5+d9KVVBXAihiTKANrExI0/3mfmLu3ieTwcDRJIFYoC049M9BPKOdUPs57BC8/Af5/P76++CZmm/33/3yJzn8PEcx/fn8/X6WRHhlNXvy9a5OkTftrUxYgC4wwuAsxCztIuiACSRsmoVFOR2uzfSzGJWj4EUhbnb65jPz/3zsOeDb+W+aFMiGyeTIKBqj+nnuauuBL0yEyYApduiuvZv0yup74cFAviYwT8//7iv6ypclaIASVUomhFn1/dVG1ZVVlvu+/NF3BlqpANia42YvSoBWVRr6QgENo9PqM60EiFgoiAKnPswsyrNrDOTqH7ukyALDSr2Or887sgMBYrt1h/Tj7Vp+OyM97aubbn8TSk4InO6Iy7KkmXmA6qYiGWLwrDqrVvAideqlrOiwohaFgktBEhUSJxFbp4xWYoAznF6mXsCSGQSiCIlKLMI8LLooopJHlnTDxhVkgXE7GmSktgy5IwTcJD2JpyVXFiEkWAZEemRi963VgATibI6AVYe+At1CoKSZsefP/vaqC0VYG4M5EAe6cFEjIXhyV07idsYMVh4jKOxRrkZ975CRV4TawCmtixMWF2lEop0acvnbsPAU4gXpKAiSI8c67KprFU5DJiYUFrriDTnMDOPKILMrAwCVLmi+eJxun96ZhQREYKoDvfITMBCIkzK9JHR1yXRj/nyeRIzoapuy7IGOEAKt0QiyIhicSJBDMSMHJ57QMwcace6rhVYUMxUFQnuPoKKkKM0riJ0IJMyEsSImhUAxIBidmSCr3diikCgnHOKNJIl/chMLLY0FmrragOlhFk6N6iJklAo0FLonLMyL4yuNNqWxoQkxAgRRpAsi7JePK+skZUehpfiOCw9zXxYXtPwqhKitfXrh4tIqqvl9AQA8jmVuMp+KdNoY2KLnQCFFSqJnSCEgCgR0wP+/OnTHDKIiIUJIX/VUy9sXETGBStHELxm/0TMDYkqK6EQoApaaxchBN2bb6wKWL2v//AP7X/5T/b+4MfCCI4URJcKJCzO/fx5nqfFYATzGTFk3ZalVUzkvgghMEJZ5YREH0zAhFUZge5A0rLAK5LS0xsCIDAr0t1jHvmJEAnT8xhxmvm9rQAg1JhbOQqpNLa8gFOclQBxjmP4LFmWDsKrJEN6a6xKBYgICDjnR2XO8Xnsz3Ocv3hFVRleaeVRkQBEgplESMKCBdSAWVUoowgDfCCTSOtdkdDdEDFz+AgUJlaLVJVtpSauwmtHD7dpADgiZk7yMC+mLlCEotAYFbGQgbFm8bTniD2BzavAE+bI1zGeAClCFychHAuC+Ma4QwKkbutNqNxH4MQOI0+PMfKnFyVMKmWWBLO5Z8aVCGp6S0agiW2e8yPyaEJjHjlfqFAJc56deySSF0ohN6CKX34JECCAWBs2VcDFvKrI3QlZuHnU2m9UvYqY5Dgm85WzR6uYz59AdVtvcnGqsCkRNHiefzeficWQAEHAiBVVxzgig4gXYSLs0pUg0zOsIH7dTn7NhgKoKythFepv77cyzHnq8uiKxzg/P7+3vty2/uff/xDCwEoPBMj0imQSYslIrCvuD4CMAIxcVJZxmbURBSBFmQhtzM+YrW/rsrLqsi42wt213XoqiUTBfswmdJ7H5/GRNZFz+hFxsjKRIGCWMbLKBhGWo8I8EonOffx8HZ6YUUxNeMXCVbbGK3I7PVlx2OFl5gYBkFnaYzgBd7nNGGRPEBJWvBTvYUzSZRG89F5AyEHFrNPmsCFZStQe0nXNnNNPZhRGs6EEJVY1kDhrhFsUVHnkyPS6XvJCZuNVr62nsjKLqkx/Iub0PeLsK2FBVFIWUlSZ24jy/4u5hUAEjJBIBQXElNcu8/pNwcKEKKtMJEoEYrmCTK0rsvblNpd9Pz8AaV3vkSVA//SPfz0Ot3n++ON7gk1fIx2wcfXeZuQ5gy+75TFmgCWhrG9xnoz5ZftSQNIUiislO2LrKPyPv8fr9ZMomSrzmG6VUxWFcIxT6c7QmRaBjaAjhIdDMbGM8SlCXnAe54/X31/nT+3ksUNyRjmEkRURSw+fFbFu3x79N4FGRJ5p9srK6RMvpHPibbkJV9WRoed088N9DNvPsa/r7b6tRAhR0lSkA1BUOpRVXvczHNDbVgHSel8W4lVShdaNl00XBqmCaeY1JsygwWhNy+Ycc6Qy6j0pw54qck7fj5/a70v7YvNglqwVEEYMZXAnc6oCzJwR5lCllYaFQkL1+vP5f9z7X5m2B753avd289s/2/37Of6w/MxM85k5CkIUCWPOQYzc6mWmWmrZ9aYCkGA+zV7DnnMOAKuCkqVzegSpImHaAZ6LPJIXxbdF3zLoY/+cOX6+fvz3n3874Pz26Psc+/mqKE//8/Xjebx+fDyfn69OvC1v2/b1viydeFO+b3dh9DynT5uzKlrrWEOpEIKYRJeIcvdlaa11TraYzBhlNp4W525PswOwEN3Gk4GV1W0QVZMWlTETSpu+KWF6mb+AGgYwNyXtbZnBFsAQrzEdgnlhWRF5WmwqRIXSLMPjND8CHHEBoMhwLySMefbeuaiYiNh8Ah13eb8tb8yKU1fGA9ANMKHKkhMoLOJ1nvtxFtwqIIDPOZlYmQijMMzs7b0ltgJq2lFo2PMYL1qXpsyQMce2LlY1a0C4pXFgpsgxDk8TlrzIKrRquxFnQSIXQxGk+54VEFkFjELL0qRDcQIkggMSKCAjBac4nMd5ILCyRiZWtd6YtIlgJQBuy4pcluTjxIIwX1ch4iyORPNExmlMhJVlcSBSVY4R5/T9PKD0tr65zfRpyFg4xhMyF1w8T3TncM9ZWJ3vTMjkWTUTKlnaEtMc8L5tTRlzQk2hhshmExHCfa9D9EWS5pbpwioiWclcggCEyMREqgqDqxpSj3n01tdtRWgiG16KNNRGAEHoJE0dZpR72RzTPQgwfAQSMgLmMT8sj0SIIi61SToPKuyyNVqHRVUkYlpEjPMcwkVITBLpFuNz/46AisTYAJCvCH8ORoEqD8+oAo/K03bIgdM5lUQypAgSysoszHJqXxUWlgaZ5cAiiMEkFuHuVSMrgWvYWVc2zGHaQOpIfPioDADCguEhzADLhSJtbcnJJDQmnD4LekRlGQsQFUAiQdOelV7RERFAiERaBKCfGSWsBA2FI+a0AxGrGImE68qwdVFO2/q9sygTIhBVUWWU5dxoYeYst5zKC4scM6oQiAkL0sIObj3C93M/B54nmlm40wXW8boI9ZWFAJX561sJCICZScQIjEgEFfUrxkCIlz/g2PdtWSIdAgFKu/yv/+v9P//z3O7RJCoCwCM88kTUDA8bCTbslRFEsmgJF0AgC1YBiIgsJON4DjsbASR4uFlUMRIDsEeaW0FCucW+QAdshMrYRNq0Y9gR5cyCKBCQAbJ1BiUVEAagPG3hpUHsr8A8i/k0+zxe+0TB16PfFhUvhySPZMgwVwYDrzyJirmY4WI9Xp5R5ILCgoIiBhRRJkEo1euoJ45ZUIQtMpARmSpzupXHpacQRGJgasu2Lps8HiQ0CWvrfNpHRRGJW5kHI24d5xF6VyKELCUEwiuANXw/z1dUJeDu+zF/hg8WVhKPoa7YFtaG06s0UrIAW2PcVLDrlpAzi7AhGlBGPAdGTmYSIBG9+k6RHiSp1BMtoRBLGB298oQ8uRoACNZltWGGaUd4OtOFTPGi3jrgVFbhRtizZk4DYOZFUrokBUXi4/YuWOP84WSFgCy75fTwsCLVtnZuzEg1HYKwm5+EXEjmubQOmUE+DrP0bbtHac2xkPIF0aLysmMegrgsMty5EJgKu4pqW4W0hJRWxtz3Hx77b78//su/mFdq75FGpoB4TT0SkZmRtQqQii4gLZJ5XCm6QqxKRKgIgKoinwGITVS5Q1HX9nb78jOeVfnn3/5V+8p8g8jbtjLTjx9/Huc7SiImFQiySi+kTFNRhoIC5F7mAWFVs2BEzUzALq0tfYVUoSawCiwqK5TNPIi0IoZPn2NpYmFj+NJuS2OHLMQC9IKAmhljThb98vY7RFQEMiZCnHuBI+E000LtKxVBIgIDKNRkWli0SUdg82AiD58XKigdIBNiWx9IG8LFxfLwqdQYhamqysPdByBkQiK11hPj9OthVBF1jLRIILggBkhITChEgnndCjCxMoKI0qKgCCkLmQiBWRgQzX2cQbhA4nZ7u99/A+fn5+ePP34cw2+P976+AQ0Evt3fiWtO652YiIAssmpaWqZnobkty3K8fOstMyuJZENRC59hTenr445xZJ6XI9qyMnGkn+GP23brN4pqXRp1QR6xVx2VnmUFdpzp/jnt/P78m+dcNtl3sHOIdBFiTGF8PT+a9Mf2hbIz9KVtlZVoDLwfP8fcm0plYmEjqRyIPuOc54w0h8NrtCURps992x4itGoT5IL0nIftSMkMYyRLa4KN+m19V21R/NB3hDtEhNvMFAGkPPw8bQdyLFcmvDYzWG4DdSNd7fyowqb9sd0ZOP1o6zcLn5FQrlWnOcnNMn3uVQSwETPMyDyLmAjO81/+9eP/gHxbtIsuVKJ4v93+6eP4PscPZj5sNNKtP5hYGx3Hx+v4MWeg8o/XLJgP/Aqo06GQLI6IiRRVwVTH9dsKhJhV0+x0y0Vub/d/VLgRtDlz+Oef48d/+9v/+f3jx/boW6NtbZaW5/P0+XHsr+PMRNVVgNZl3dry7f5+70u/XkgInjH8BCmqWBR9REIpb0jITAjceVvbjYoAU0SqAoXA47V/mu/alBGRiCLCIZEdcZE+ozKKtDFyJ+qi4XuEUyvGEhZlSqiK6dPSUVBu25dZrVJ9PgEOxAK0qqyYTFw4j/mEotZWJ5gFuq2XhKWxIlIUeqDIgsCEbWGeMK2gSRfCTKiMwpw25/QAYVpU10nxGkjcLjVHKU6P0+3H62S5v92/Lcs27bW0bVGlwqunKMtKTXOMqgoI8wFY00rGeGXC2gRyFu6qjUgA83ZbIiuKBDMxJqTNUZnUau1vndus6TkhAQoyQ4Q7rYkenllDiDyjyomRyBoT1vWPhrRshF/ua8UY43Xsu1jzLM9ZSZF5xMduz62zEAgL5TVo7YwdcXjafr4ibM7d48gAQlj5Fw/YzgFRCiWRHaDMMPm2rYR0Dos0FiYUYk2grq1zy7JjjrUvmIWkVfnHx3eVBYCYlUgAGAEZK9MZkJAAswqr2CwvHruoQBZQefildALgpS0Mipl+RoZzFlQd+zHGaEtnBo88zqPCZ0yrY9hhCV1XiJUSWW9Q5B5Z6WbMFzUFInLR3lpD5KqKpP3c5zxuyyZEhHpf3kXaGLuHEfucsyotbJ9P4uqM/jyFBNcvzHRZmJGAopq0W/8i2AUFy6s8cfpMLyCWrPSYWQCYz+MJ5URM2AAzPZLgnDPLspKqMJN4dilM4bD0jqQYIFoUFZaIDSARAhAAi4irrpBAERXUpdsFYfnFUeFtW76AFOdpZkSEDSiTiC1CSbaldV23fhNS5VYEcG02co6Y+4BsC7FTDE8opMRGTf31oYLCLTMtLKss4MeH/f37uIqqWEnlBAnIgRcbAwgZsJARCiGRkJEZkTPjlxM4S7sSkXksrWGVqBITVk33tzf963+IL2/bbeGs86zXMQ+kTNivUjsrl/scu7aFkZixKhEmM3cVoDUiWVTEhh8OiXBtD+q6eBcKiibUtLNRV+6AmWWQSNQX2c75kQXKq7aFEMOPomBswmuXhqCZRZxjzixMlQgWUYvd5hzwAQWUZ0Fnh7Z0LKwwFq1EqIvqVq0JXts+syq8xMgkUAFwMcurgABRWutZRVAi6B5ILCRIEDEjwueZ4SytaSe++gOsjR9vtHa6Lbo2ZIr7rX0+d8uEtKpLFhbIs8KxEiGYGwLsOfbz47CPY3xmuVd+7vvn+QdR3O7vVR0BLQNtQomwMisE9KV11sogXBRr0TXG6dAhLCGbgLtb4Lrdl75wedhRUKoI4BZZEAnOjabFmAdRqBBVQIKurPjv5mMssxEDxkipWls3nk2csRgQ0IUm8+AJUdpIVZGpFesiIlD98Ybor+NzhBVpkYzzWMGjSrR3Xipe+/lEEuFe4cqMxZ0aIDE3ovbn60e4OwHVnPPTDQBzW9fKEXmy0LRzEWUmIGu8CHbABim9bUyQOdbGwXycdmlttTXbrbCQqCKRhCERqS57WSYRRl7CaAACKuyiFh7hRJBZ6QGAwgIgcHko0tzOTN+21cMe7b21pSqxYg7b1reoa+8spJDCLMsMq3RAENGKmDGAtQqG2XGOBBZeImnl3kAbL1/v39a2KS9AqILPSeBkUJex3j2bqIqKrAHXLpwB6rQjywGwkBsrsSYasgOF5wmnl0/L8BELa2ZZOKZHFrHmQJWtt1VZqICAfJqnRVqln+NoS2/Lhrwwb8yrYGval7YSooV52fATCm7bw90QuuiNuUGlKm83RUxGCKCMIiaoRKj0vLhg5lYAiJgXuYwuhNmV/0IExKJCJGbPPOd8QGz3+4/vHEHSlr/+wz98/vg4xjzOcXtQX5dzGCKt6/b5/Nm6v70v98fKJKcf+/E3YhUSRPTLa7a+IVRjZSAg8ajd7Jyn9qw0IUJZ03HGiSDhZhFCjMFw7RUrZw4wTAgA+zx+HMezq4Cf/nJi8hwB45zsnpX8WB/KUl6XC3NpK7KYFQAhSoI/n0/Pn+d8Jse0SYkqaxoggJkd508kCMrTPo/j57qsfVuVsSrTR6kl+4jxPD4tTyh7Hc/et2V9zOPYpG/trrpGpEFm6XRoi2ytV8zneJ72mliNiGSpNOAuHVAXn6XIt+Wxn/tjeTTdCEBFlv5GJecYEUnKf/7x90Lc1vuFcUISoY2KFy0jMR+QWfrx9x//28J//Xb/ItQIAQqbvkl/P4+nCgiKgDa9b9qgZko/gCHAIZkzfN+PkvbmKZGAhI2aiFRxZXhU2hlY6Fk5VdZ//P0vYAi4idzmzJnPl4+/ffz5/fNzP4/Eeeu0KjWjVTQrkajpclvrrGwka1+FqKkC4Onm5xMwPA5gI5zKE9FYQoUTyjOJg1k7dwbOGGvfWJbIeJ0voq669r6oULqRos15pi/L3WdGYFa2tjTtwcTEjDUPrQxmskyz15lUkeOY03JZf1va7TUGoYhoelVkhiml+4tZVHjabnYwiBcWUUIAgLYGhap9jLNLA2JCBKwL0AkIzB2BjnMCU8RJ0Fr/gjrc/kDi3jbmlCYIlJnIqK2BxvP58f3zb799/V37etvudbhlalsyfbr3tkpbMwIxzfaKZK7IEcPE0xkx04SQcCIOhAWQhNp9lekAeUYJ5LJsa6Z17UwdSSBmFRAzQ0SFOzCrlDD6orfIgDJhLJyZmWgo9237UgHM6AGdWFQ+X6KCc9qcfowk5Kyyc9bn3jVv23Jb+qq9irqsC6/ZyXIOs2nTPSPQA3NGSGlFxBHHZK9G9NDbHTGRiphTtLex2d9+jEIUxai6ZpJd7xEmhIjuLl01M/d9Nz9Z9Ha7B6JVEF42N4pKC6CqmdOqSBRdMbNKzbL1ygv3lincm94FWBDcJjQ6Pp9jDkbOIvN6+os3MTIhAsA5LDLdrTyX3q+0dFVNt8wCJA/TtgAIIREogBIQsgBRQwTEyAQEgTSfieF+7mHEdc5zhkV5gtWcIdT1AVlznqTABJWl3ImEg4VWxibICC1yeKQHRkAgVGYksKxAMmMSOF/wS8QMz+Sm6zkic0ZEhHECUIeY5RWRjRszC3NVYAVAZoaX64WhSCqcETvTopQFhIiXG4hIt+3doyHjOV9ec+t3Yh6naQXzQnO/r/fb0khaE0GQgqosIMgypOpNR3r5CRCBgDCJWxbYsKwawyBDVWacx2k/ns8/ftZxQFURlKdXOiFEAUAV5HVdArxIGwhMQMAsWYSAgEQVRQR10T7KzOWii+sS7iT6H//58de/9Nt270rn6RF1+EF0Ij8ILu0QC/V1uxNipSuhcmpjgVCtLERcEmVpODz3+UFla+tEItzGKM/kRsR0zP22voloeJIWQmUlUGt8u6+/VwUCVE2VIqIxkjEB8FfpppzBCGLrkrWNEcI6vUih6eJpYwIRIOGyqEcCioVnFFRpY6LK9MhEBJZKL7wkaghZichFAEQobF4AwATX+/FSJnflioiwqiBiQrqaAZG1iLx92f7y2+PtDo9b64rHeGJUV1LE6dPjuF4S79uXTlQ+Cw9iTCiP/ZzH9DNrHsfLIsewckyGeTxJfQIKF1FUQIQTRFe8rY0pqwoqAJGoCEqoGXSsgmqEbVt+X5cvSIU5LxWl+5loBXwJs5HMY0SMrBBhJq0Ewd5lmRHHPBCyAMx/yWcJpgoleCIXTABPP1aWpt2KxrREFJJl2Rj4amMUJk0DSEStrGK2zOf5XHRbVCAbEFcQq2YlIYp0kS54T8DezABn7Iwk2aoyK0VpjJ0ERSnSCFEbMTsjbivldG289vdzRkYgFFGKqMq83fl2a3//tz8rSLjbPJDy4rZlYObJrADkMa/qvLAgXn7JyExVhao453X8rCrzKYsiiHt8Pp/c1tvb+37Y9ni3AhH++Xlm2tvbb6KLShE5iGJBlEVZVkLFOV0Awl118cA5c86Eolu/h8OqbdXtbX1s/Zvy2nUZc2ROrGVpb7SQYgAAIABJREFUjXir+MF9EYytr0xoFkIkyoxAV7eHqjeB2pjELVSZMaa9EKkpj6wIn+VBGeDT9wSPdG3KRNK6kgrqopLpw07EKkwUIE9ihBKhdVveu6zCDYOywNM9ZoUDYGvtmEgoxD2jAmLpcu+tseEljshoqlB1TodMVQFAdwNEQkGECM9yZgUAqASAyALMBEIMtxKmcnv++W+xrutt+/rbb6qybfrx/Qwbv//Dbx8/f673x/1+//j80bbbtq23231b+X578+kfzz+nj3V7gwoMj4hZKLJSiTu2rtPtjLM4Ruzzx8/bsmZ5xz6SK5SVz2Ontiz94aHuiJjP8+cxzqVv0tvn+fPj+LMqbBiLANa5nzNOpDADpXVdliYKSUtfAQQRzR25Wu/DjenItMOe5s/P+fPnx4/bdn+s9/RUbizN/UMU//j4m9cJPBPdyj6eH71/FQqhHjGmP08bx/z0HHMex/n57ct/VlhRoSEgUsF10+HTgJU8E6FJ45/PH8/jqesdZY2yzLyQrcL328rKDACP7V15yfikivu2XteO+7rOgOexz4QEH59/qCiBL30Jj8gQ3hAw3MY8CDnq7z8+/8vr/f+2yMJcS1/OuK3LX8b5d6hcW5NkZRRuEBxxKt08rDLf+6bY52lMQLIkQs7qupo7Ep/DzYkRZ7mS3m5vAv2xfuVVPOm0/Dj//vL9x/nx8zyyIB0gWJDSc+JoJNcJ+HHrCCbVlJQBtkUhLSJqmgXoyg6DYYfaM55N4P7oc0ZARUzPJrJdgfZtWZd2I7llRoJkyp2Q0WPuRbJon6gMMwETmIrXZVnbigWJuiwrE5/02PfXzCNqRMb+8YMQwn2RlfByl06OA+MoPxEt0apcm4j0Jos5R/iJA6FpawhUGWnOsihIIGNVZyCsDLMckJjAhKsljDgIS+R2paQLurYHIyihkLZA85Cuj/sbSR4zkICVdVmukgoAN11HPBGEOZl7BdqcyKCyRJ4B6GFILF0EEDMDCFvrAJgAWEIAiEkwMzMiiLCxVglAmR9YCsAiWgDEUD4LEQovpBCie8UIqoSi2Th2N2Bc4nFbvnRYZqRHVs7orXIZczLyOWaVm3uiQw5jn2P6veP7t469skAKCsbw6Rc7wsYcmTRPP9JXLgHsyFUeZnme7LatN14XaZsLkmJT/JxPgISqIizCAE6ktuFrHJU8LG3Yedjna4L2kfgORUQMAYtSW5UpYo55WhjLtVO7LGa9CTFGxhGeKiKkXRQ8G4tiO1PfbjmczT8rZhCx6OuwW7+Z15gutCQwoxKxjbHdbgiYF1cJsLVtzL2Swq0vi5JAougCAA5FAIzkMbIIhV/7H5nVtENhmAHmbscch6dn2tvtxoqCmGkZfHWasoqICzWLwXPtS1N16Gg0wtLC/Wy9K1Ql/8p1AFQ6X0sJD9DIDERS7oF2HXwzz0HyaOUewW3Z1iseU1Q+R1UBMxIV8PAx/CACAATCiCQI5CJgKgYkJiKm3jodRHBWZNtWFQkvKtj6TUVFuCojD8AEAAJXgYwISptTm4zKmEeTVjnO0xIpy8d4Tpc73jJwmO8n/u3P/Hx5Xob4KxuVcfGFCCn9F/SnrjcWUv1S2AIUpnmmZzqhrIsglpm3plUQZgXZG3/7XdZNlFqlXbdodMkIZVzbBmnmR1NdYkkIpbvCLmjKKMQA0FoDvEUxYIuqczhCCEtjpSRGmkEWBUKXv8xydryrbpAZWVFG3Bd9YAFUTn95ZJQDxbTRdQuAER5mgCUIiBzAZJNJt7ULa9OGmcJSYAlRCAk5pjVZVJewWYFEAkC/COgAyAQRmVAA6YGYogLgCDROUxYQBbjmlFAFCMSIjtJ1FZYsJJSmPaAASAVV8LG9dUEVJuqRpBqJNOb+PKb0poCElnD4/GlZjLMIoU6VfJ3D5qgoClp0IxLAE2pec5ARJ6A0ljJDyK4EeTZpABjhlyHby7KSZRXsylLVqxoFru0umFhnwDiPeZ4fheXpNs3CM0dTjsQRtW63SI8UxLVxHnl6QSSaecb+WO7HEQwT1rKobKOpNGbBe0qfRUjzHHOMoVqtMSAFwrRB2hEsp7lPYphzLKqISYS6bA/4Cgh4ymSCulLvKrgwUmJf5QAYTABRbnNbV0IYNhBp3b5EDEYjBiAUFmF0rHtfmRt2nvOwHNNMGy1rv90Km3uCAzASs4JXVAJSVl3QbSgqwKokEmTOygwPn0hECHMGAiqLXXfKKvdiQUG8HJl9/RL5+p//+j9uj9t12QfB4zj2Y86w6da4RYHHOOczwwBKhApgzPHcP6eHIH55+4LXMiZglYVLlBdAcs/ySazbcu84i+Cc5zxsabA0Rsgx90pkZgZWao0kMgs9qxBQqImSEiBY5hw+EEGYKBkFZoRLWEa6ydK8QKTdtncfrkxEBMDMHJUZDlCEHCO3x7q194aLQu+yogiAh+8jTqgiYXa2GX3tGQ5VgLafOcaLKXrrJxvzdSkHQiwiJHZ3r+zYC6GugGsSISZWAUIWMRL9ev0iYlgQA9QYr3kh4NyOz88fz88f5z4e71+mnWttosvt/kiAoMo4R8Ruz609uiwsqiwZ47R9Tp9eTL7pbbs99uODhKr8dXycNszmmLEpuafwCiD73JU3AhJslXhO7yu5z4/xZz2JVRMzKXyOCoN5jrDhp6hUOEaCqgpkytbfFGS6NW3HGB6uFXO8CKzKoY7hH99//M/n8Vrv6zHPe+uIAJ5CNNN70/316baHWyY9bl8iaJg1YSezEUUFaM/9D0Za9TZeh7TlsX5BhMj5PJ8VTiKnTyS53b4giaevt3fpOtxYNRxPex7DzOMmuEprKu5ThQowEVTQ7AUBrW1VGcnuiaCeNe0Uj/f11uSm0uZ8WfxEmETMrIzEXMP/24/j/9NJG3cVXrUv/du2/iXtjyIgxuvMxyBI9yx/vn7etoawmFHTB/LbMEpqDp1oBB6IFThYwIdx49aXJo9V7vflKyEeNp/2kew/zp//9vH9de42z/t9+/L1HaqYlEQTAYXVsagWgb61cly79Cbhp3A/3SuGYiWcrXaEkwW0XbW9iDixKC2QkRGUeGv3tT2QltNHk4gIAnffKwszbc4ILGnpINrW5b5KayRZCbQo3wEqK1RXtxx2BJiB5TSlvvTFxit9ECTFcVeI6TNnV17asixrJVsQs1DnjKic6WhZxFK8mQMVEz3mfOlNmSUrRoyKqiyv8prP87O15evtCxbOeSzt8XazeX4QRYZdGfKusiwooom89uV2uwsTMhYkEq5r343teCGxzz1Rb+tGjEsyxum1sygxSdMVoNwtLLFBU5kRkWcCVlbmaXF6ZJVDYtc1MyILFAXUi656NSFneADQxQIEzAuF4A5opNftcy797VbvSNoFGD1V3BjW5fl8nqOIdB+jqubwzCSIFxgQPe7oJLf+EGIRJMrpp4+ac8xphAS0iK6CpSRczgR1npGHz4++yKJ37cuE7C5ft3vv9BqvymyqWRVQqpqIOMeImMcZnses16wa5z6rqtZ16ZTUG0KY2fQxY5xu5lUBXfvWe9fWGJNs2JwOLF/MISk7tyYrocyzCNa3jQqbZ/s8X8u6IeCY4BidVpHVxwcUifQcE9JZilUzsyVFFQES0dLXR18XbUxdWc4YNQ4gtJkOAAA25721hnyB3MacY47Tpts5zSJcaEE2brBuGxIyoKeFn8FsCYQptCE1BGVixugtSJhsucwAGXDaLCi89EOZGUUgBFhwtWCx5omInmHh4U994CprYJ0+p52WnhXDTbsCo0NiFnLk9KX38xyIiKiWICXKnblrW3weWYUk95WXds4xk1JYkxmqet8YVYXNjwSDS3gVuSheicJEml7CaBkeEyAsqy40JAmIeGZxHO77rB+fuZ8jKsLdbNpFMPz1iRS83FSXC4C4EogJComwKt29MAmJmRGpiSKiSCPmYUdWfF0fog6ggBCZkR6ZAAolANykQaCrQ+S2rMNNpbS8QWI5AF35GWEuZyrr2pR/owwAUKjKIBYR2m1W5cU7ByXRxsDIig0Q5uTWsioqcmJJBB++i7Lwou0tE2EGqYadKBA2q4Clr51aWyMCAVvfECkLoY45Z1X1pmnJrS/LXdgQdveATMQCuPzFCBVeCZXMzIStNwQGKUA/jslCTZfWu2ob+54ZTdraF5I2fQJSZiVGxGTyrsC/gEFCgb1vkhGRwScTuBmpnPY8jo/74054HueZWAGeOc65V0RrN4yyYkLx5KKODJaFmEDgeUJZF6bej+OnsyirOxTMPT4O+/QwkZswre2tshOsvW9NFgDPcIss5OHntBcKHCPC41pTu0dxN885hmLPBkRKvLjH9OEFTJhVhHie0VhBcZ4GBas+Gt/cvRBX6Yr6tFfMJyp7YPg5/QBE95jzBERCJEFmnulAqNK3/hUL3DMjM90qI1MZiHTrLbi+P3ePHYhYFJAKYFneMYsyURVhYJ4EKryOEVLcdGm6SVDEa9rZGpePOVyZhaB3JYSxD87ISLhmU3QpR8tz4HXhIyCE6wdEIggQngglytdzZ+637dGlFSJWCvNf/uEvNvbXx9+5ybK0H39+LOt2e78xyI+P18fxkm5ED0SMHNMOQmRG931cDF7gAkCi1tbGgkmNFyWppIsvTKyXobT1jfiNRW59LLyaTZJihnN8nvMp2ISUkDMLyivdhmVSpajI0jRzas6kxPO4Pt5Ne6EAcQIUBHhya4/HV5ZVMBiqwOPqFhHjgChgaox905tAV9beWxPNIIsBXFEx7Eg4zzRqyzWyZ4XhB8S0qtZZpId//DIvhDFSQV3QACYugKyq8koAwLz8llDXgq4ubzcwEY86MyETzO3+9vY65hkfjy/v2/19XRG4edTPz4+vTSPyeb7uW9fWCz/MRkBHhC5scY65H3bsw8JpW9ZhJx9YcQjiGMfP549jTpLegcqF1770dc4ziWfgaWebKSxEhJwiUiP3cVLqsqzjjOsJn3PKIhY4y1+fn18fjwXJsyAIQQswCoRApKqO/XCXzrwN2/f5MecnYQH4OD6dfGVEvjGBpNj5ZGoEAqGEovym/O4hpD2B9unS1MJe+1EAzG3hlUmYMCAy6/Tz4/yAGmXxPEbjx7bcUNY0KejaFfsc80yqAf46zkReEwtISFXhnB441oWgxjwOEX2dJ+DdQ7KKSMrLgjvf3rZvXKD46Nvtcz/PeBFwUwGs1iTyx5/P/51y+7L+0+32Ze3Lwx+5/vbTfoaNddGEutDhYfF8nscJKrLv8f72pnpHXJe+eeHIOd2G1bIq1iE5EObj/s2Gt85vy+PWl+P8dP8x/eN5/P3j9WeWC8G2Lsu6LL13gq33rXdhCgAWEk8EU0ZurWYApGhL0BlZdHx+/qlqeuNK6NqX1sxGZFUlIjbUhfuX7X3hdaHWEKIG1gzbsyaUVezH+Ci3SgDpRX1aCGJvStAyUWhry1cgASwimzUTiplfY159+UAZhe5zI0JEFi7P263L8Gt+d1+/hNX0OrwsootO8wLoTec40vLL41v61XdLSCDASJ/nR+eWlcd4ZZ3altv6ddUvAAjZm+bSXmGEEBYGUE25KRBGpjHEtnS9RERhZhThmUmICHhfbxx4W5bHevOcccxG/LZtARlQAogFZG4RVnisvQm3YTbCELtDzYgZXuGJgNRUNCIjoQshatX0LJsTKql1j6hKJkV0yBDWqhj7BITWeoQfPhoPoUYli27RBhLetjViFFZLycz9POdhvbNHZtA4h7QFspB0Ud3Jz/EsLwE94iTGpXcGRgikZGEYQ0RJadRLXJd6KFd5RFkBrW2LsIjpEQhYXICl1BD6cXx61LD84+f5uZuIaPCPny8E2N42rKycHud+vKLynHOMam293XoXYmLiDkjAI2Y8X7tgcmK/rQwNCNd+w4QIvgnw29rXYz8/VdQ9VZhJGHCV96jhlirbJaUDSlUGVQQaKkRyX9/YA4uVOxHi1Q+LMgNelnCDSgTOSkYgITCY7mbXKU4LcT9OpE+OdltWT0i8bAMcfk19gBplOogSNdbksMS4rS0iMgGJEnmcL48Ulcx0d2Hk4sZbYSVYkls5JgK1plxpFkBCnLCPfdjrCI/yhdeuypiYE4BaXwHomMcZr0VvTKsngpb2VVlKZNV3APBXMtLWbsMOIEbtjI58xfBbcZi/ska6YAleIFmSpngOU+nT5jnG0juAVVkTVbiJUG9aheM8nvscJwJARWXAtKjMuv7ngASQBAVAzEiMVZgAgFdyJiOhCgGJRVtvIiqSSNJ0WTdkGOdQIcLMjKjpcRx2frxeXrj0Dap5kqKq3AtcdFM/3fauXTkrZlVWZrFZjCrOsiu4n3gCREQCcAYAU5PuBHP6benCawEllBIhihkzCfUGbvs5LdABpztpb+0Niwux9zeoGljuR3gRc1NZ24pEmQW8MLdhRyVAwbSDsTLKszo+ihuJEl7T/4SCsKgouAJIGUQMgAGVVW6TMTOTANb1prpmIdblqGZhAQQkQUYPU2GIVJXWMMttnr0vUJTgyirUjzojMquyICAN/OP8uG9fSNTjEu/M014ewaSILE0UpFd/njjSEgSIr15+hvem4RNZpK1WeB4fQDD9+Di+Jw8igh0b09bf17YSrkyEBIgcRdOykAHAfKZdjCJOjzHPBAAGS67IyAi3JBDungY1MkRIY4RIJ9aPT9/urQuEUQoNP4/xNCtqXxFb61tkfux/ADIgIONr/wwQZPRpiCDEXg6YHsOBGZcmjy7niHnO8rAxbb2xsmRUk+3RvzxHTtuvbj6RKt+gHMWzTmViWMzKXRDb7fYN8cI/ZMJAGiJLWHLieJ3zdRAWQkJ5VBRYlENR0wYAWQEEjOiI6Q6UCCmM4YVFSCVMGZmRpIKA27oyNWD6/rc/b0VN9ePHvwV4BVdSX24seu6jNT4OH2N4DItGCBFn1AEkbjZtWhTRIiABKawQTKjb8ujSIbAKAsfH5+dyQ1mamTXM3lol3pbbo29z+mlPyzPZnU4mJuI59spyQKs4jmNZbogAEYQNSVq/g2Db9xHZKbbbPb2YiAQrcj/237fHxRV7295sHuYJcO2LEkmlkHVV6pjMxNvyaG3DqszxY/9eMEfMYafFQZhZQEmsBOkVgyhYCmnMmAklTFQS5mMOQOhtYbmSbVlVcPF/Cqgg/12J4hFCEpmExYwIJNJa7z/2/Y3k7evb978d8zAV4cY+fbttx3E+Pz9utwULIoCuMo/FrH1M6yQR55gjC6YNAlUpsJzH+O3L18OGEP+Hv9zMI6PW1m7SbDolCSmDLW0DZPeALL5pWCHW1r9s9wWJoZByr4rx+rtbApNFHvvOwtPjNeajrw54Xc4Dy+aREVY/AZjb48/nZyGMHM9xirS3+zbHcb8tSJU1owoJm/Z97rflcYd7XzflxaOt7cva3yvmNEui53EUoug2Zzx6J0AzL/g4bbcyg9cfz//58fnj7f5FW5vzs6v09SawFjhyMn7/4/m9wpZ1yYTyPYndgDHWdd3Hxz4+GiVwOuR+Zuv1GtOTEiSSvm5//XJ/rK2HzUohEaB1BBRcYZdgpAJ7vv5F8a+d35sqE3eiTZcX6I/jj02XtqwXzxGyfPrz+UT3L/oVq+ZxrHLvup0FnDVnPI/PxE2xvEZjjPNcZNtUEdzsNePz9I9/+/O/P8ezMAqShJn5tm0M8PXt/tv71yYdy3Y/ASARo1KJmchzbk27bFFikCPHsCzK4Swsw6M7uDNC3/Sh/BvV/dYeq2zCPSssjtPH5/n6mC9BELZprzFfmXmMIW1zGGa5Kp5zdELBVXkB1CouKKRu9WFzFKXPgWXMOi1/Pl9v68MLKnPZtjmd3JTw69u9AhJvJcmIVJHJr5dF2rJoASDkcXy83W4Aec5BWM/DyT6Yl8IO3EikwpDal/tvSgtiJ1TRApDbeiMwmw5lRdC4CmG6F2VdowUzjwzF13kmlgFl8f32zkBNuckCIO4jArWtBWZjFqHMmQkVWahsCWjWC7MqYhTE6WM/foYbQs2UAlractvuCBIFCMnELORzeuEY7j4QUEgb42QMmFkVVRjB0LzyGC9nvLU3KFaird8yYmtL3uCc0Rc99hNh9VXS/RwoKI27Nik0LyZemDrC4hYRtehdBJoQVXYFAapIUlEuYUwcM3+M2JrfEADBISIqu7AT2pzL+ni+BkRSX8OLSLFoP18fR3683H08vsq23TKlyVKY04b7CACLNEsg2db7qgS5IwQCQBAVpbu7AbPBzPXCKwdWLq1rW1U3PD8RWaoyw30kUwIRNuXei0ecACW8hlmCKzcsZpFl2cITfyXR4xifwqLaWluPz5/hE4wQobXFM9JPaNKoFVZWrut9GE73RbtQMmCTq9Q7skCosSwxBxNATaSwLEpTFYbGbcEoT2eqYooqjiLycz6tSliBmGVBbHANLwOU14ElfImeEDHcE4ikFITNYKazNiRibL0xBVlOAE6smcmVBwymEkJBzNhSFQETSIhvy/uYT2ZK4CogIvdWacBOiBCp3LyOcZ6N3lh6JxkWFSXUMliw6doQY1iItIzRdbutjyqCKqKRUB6Rnu7p7lV5oX4QiOnXSJKIL2sVALJwBgKA+8WVQUIgImZuolX1/rg/3h6V8Sv7wOl+zIHngOn7Ya/z+nIUtLe7hyGEYKPGw46VZZQwCWErLosoG1lHARAuDA2LC8vCpp0qCwJOn4gCBFi49k15gWIIRrkIqgGABETIiZ7lVnPYsMxWjUgvZ7vQGmgVw/IsEiBmao1JpBNhAieiXQ+2B0AOOwBc+33YZGZiBABuQsw1E65DRSEBImnhJVhht3BzYKyKZdu099YWlXbuJyKe566CTIqcSMREeaGoMqGCIJQh/ZjjFGImQeQRFRFjmtu0MW7bNkT+fH2PKpWWVWN+jvF0n31ZEPWa1HL5fVkl23M8abliqbb2VbB50ap6kj7nPtLdjlnHCfvxfGbQukCAvOYp4oIDgC/TqUjyjDFPgKKSTEyPY0xCMAsU9mlo+9bWIvQyHxYFiE313U21pJOaebh40nzi2nHrSC0bh6dbFcSBBSiICV5ldngGCR1jTyCSbZHOispJmXjRRsCERKhzSeN+ku/2CfCxtPtteVuk+XwqdgEKQJElAFWWQvY6meht+1aJIjSmhcfabwlLwVqlXgdCSKPP1+eqizSNPPvSAZ6Wwb1z8hzAhVAASACFlYv2BMC4FOQRGUCMyMLkbhGBWNKVuAWGmR1l6+1xezy06f/81//x48/vX7/+putjTD/H2FTOcbyOc9g/Nb0hvTyeWXO3n8N3dLA5PAlogfRAEhRIFGr39WuX1rAT0+t8FQTyGP49zbp8ISYAbiqrSnqCnAkdHAe+PLzSFl0sK8xLZbpbRkf2BGGuQiBVwsRS3m5Le9y+udkZgQXnNFVdtlsUQrFIJxKVdfqZBe4VaczKoqq3TR+Ky1U3IGDL3WFG2ef+xz5/AiJyQWKYc1NChABBKSJIu62y3fjnz+exD0KOgiJgInfLBGSpiqoSlkgjIDevDGKKKgRAKsqqikyWi2HtvvSFWCr98WjH8+M//P6X2/3+X//lv6Ou//zP//zH93/7/du3cc799fy6bQh2jFNBCXE/J4sC5Tz3bdmwKs3W/u19+/2+bYvHO9oxDiJe1+X1fDFCQwPwhDSH5+skrNv9Xinpvfqbytbb7Xb7WiTneTQ4swK/fjnG62V/ZILHToKvc2YAoxL+QOJFl/34POfMyhJM8BnPRRsCndOZEYlW3s7jXBoSRdZEwMhigEZtW+8qSqhm/ljfvr39fnHIa8Hz3CtdlMeYvS0Q5ZbI6WETzj8+/vZ//u2/nv6cc2qTrp+zP2YegkuXDiCex9b7OXtYayuPeaS/zhGW6HHSQq/x43P/t62rABIsLG8enABEjbG9bfpYb4vwpm+lOcIjY0zfz73qWFsuChk+xhzzhfX/fVv+OqdwQfoodyiETPfh0xDkdeweaTE/Pp8Lq0W+9mPrCwEiiCAQw/Qx7LQ/j6XholJ0RcNOm3+mfTgmCbz275+vfwUEKV8Yu2hOF7e3x+P3+9e39hVQpv0EiOnjue8BeEaSwP3twSxNb9zu4/U0s6L7tNfrhNuiULXPTrF0vd+W39fld6jOIFBsFtOfhPacr+8f3ydZbw2OOZ5/mh8zLLP++OMZtC7rQyhf85xpb1sDvAgV4GHH+RxjB65jf85xiObzdUItq2zDZqeufYnKRTbq7Tg/oFoijDkbUzhWSThOy2Vdhj33OQHhPEf//L72GyIX4LRh8yQ+bvdvr2MXUQBFYEAcfrgf2/JFCO/brTwwzKnuN/p8fajAmTHmCwURHAjS53k+u9zKC5gBuYpZW5kjagYeOQ+ziAzIMcGTCVl8BjG21iKswlD8srVnugOPmJZzzCcVCt+f82BV0ia6ACQRB+D14rZ5emFGIDJFuRlUZkEk9XYXwYgcp0Fz6ZRIa9sgjsoQ0vRk5G1V86QNhcoMCXoXvG/Lfb23thBWgbsPKFz6IgAxQZS3Rowiyu/3JcLnOGxW1gylviwz8qgX+Z8IHaCQkImnx5wTAWzOJoJYz/2ZWbfb7W9//5EoxBo5zmHx4/n7+5rZq65oOhMxIxpClalUV1x45a5e4/Tdpj3NjtNFNmIuqn2+Cqs8BVVIRJZVF9Jl5mt03V+fP/cn9BaRZzmiQDEVhx3H/nPp67bc+/LmnpUZka1pFbMIREF55BRqmZE+hcDO2ZY2pkVFUwZUi2RGVXodh4gQd/Bz7X0RYsTyKMDGXagTITXk1n3M9MmyGmSlQ0EBAzXhNd0yJhQQ9WWBYwybg1tX0l+eVJ8IFB6t9XVVVXR3qAkIIBVwhl9+WWeivj24qLeuzMJi4yPynOVXVBfGq2li08/diZUJoZhlLSDkRrwkJDEWuM05fAIU5O4BWajSfZwWs2tV6rXeFiSMs+9+AAAgAElEQVSWVhnbshJapm8LenkFIIF7NF6WvnSeaTbOEwiYyc4gLIcE/PViKKy43Fv/DswopKtSebEO+bIOIQD88gvXpXcCyEgmXLoU+JjnmLHPj318mvmcoRLTBxUJUzESqUi4T0Gt9Jk7VFnmsB1GFI61fWvcAbjKMtIjCiYBJWYTjAjBvvWHoGKyshJw+hxxTB+R7hVQ0yEih+ckFMjKzAxc1geWDD8X9fI9JQgYiklWIUbMqnjtzyib9jrGU9AyHVFIkJUZEaFa49Y4oi7P2nQnpAu0CkjSF0iEKkKoqtYWIMkkFg2PqgAE0UZYkVm2F7KoIhMRCctt064UPpZFGGHMwfpgDhv7sLMQvMKneXxu29vLj9p/rMsGlWYnMr89voVBFE0vs9G6APHFloGS1m9pkcCRKP1GMQgnoXXdDnu+xsefH99fr3m7vUcceFue+zOMvr1/QeAxXkLAXIpWOZbW/YjjeGJJGcx/v1saZJ4T77L1eSY0vQm3iERFVoGAW79X+BgWPufhTftpruOUtW/rvUd9HMaiAQ4ASZWS4zxhVhHY8K9bA1GE6F2h3DOAwWNSEVY04cOwAqhqP37M5R5+I5FVNbyHvrmPc1hf74mtEt/Wd9Xltt0Q4Dj37abH+SJgoY4onnEcr2F+2mhy69vDEda3UbIXkrSOXj4zKgEBssoGIDBzVnhG1iWXRWQsIioEgKgsqq7tasgsfZvzSARVjQljHLB/MvG6bdv9se/jfn+w8MeelTAjSbq2eh1/n/Z82ct8zGnTinBduloMkkbacFbva2/rpjcBzEogMD8DnhGTq5C2gDOydxVGBsQsh8xF+3BetLnPOQ9VLgp38HRVRgjEViQGAlmeNa3W25f9x/cmiqztLgB4nD97IyisoK0vAAiZRGRZp53I1ESVhXkhEBHlEqEGQOE+7Hief7gfqld4ddh0LFHtokvrPYPMqhK25fEf/nos6wchatOKzMrCyowshIAuEoVIRED+79f08GARIsZiAKJrIWpTWxvHs4799vj6ePv28+fPdb25ZxQ9vnz5j6jPYxzH8f+n6V+WJFmybTtsPVXVzN0jMnPvqlPnXJAAG6Tg/3+GFAGEAhC499yq2jszItzdTB/rwYYXmuGtaJmqrjXnGMvs73//+/N5N1+E8LYXX2vkKHUHV6aylUIRYQcQUtLedqYCqdftWqsC4vN4ECFVNgjSfvbPNU+VeNvLMQeDIN+27ff3618r78q1lZ1Ffr+VaXEcx6Xdj/451rfA5z8v//nn539+3j+m+nSYBigNkH59fX6cv5KZVDymjXm73iiliH67ve37++hfax3hDmie5gGADBwU2GS77u9V23EeKlWREoOUIwLRmG2MSciCOkc0LSut9z7j0VcvWopej+zh6+ifpBUEiUXCW92J1WYW2RqvzEEaz9EBp60VOMZx3s8/v56P+Sx7qSpa2ReYlh+AxWY03TCAqDDvCDbsa9k4+uPod6ZRhZeBuyViYvb+n39+/i+EUmFbkWMtYX35dA0PZvb0x/HZ+2BiszXPEwpr2xhc0CIWzofPnjanz0JlQlCGarrd78cvh/6cjwg1b395+x4JnM/Px4GIetkEoUopfJ0GkD1yclLV8gXHClCp1/Z+08vt8tulvs8UkSVZAepY87q/Xfbvl1aVShrctt9UrgiiWAkQc9p6nvZY/tnzPPPz6/lpv6JluW1FVc2WRRCC57IYax2rKMMO7CvP8DTHvsaMYbAez5/3x5/mM1ac3SPdL9JXfr9WgkqMDCy4ygaP8fUybHP7dr18o4n357NqGeOrCgTT4/j6Oj5qkSK16bfMhFyQuNb59fnr2q4ixRPnfKwciCBYcf1rYGaekRzpaSksRFEYfU2AOPuDWFTErJsNpbLS+jyOOWHFXjYL6DnH6pEjcI3V+1xESiKi+pJfTERh4TW7MtatoQkYwBpCSmVby0TE4V+9PkZACPOgjDFPwkBAczfLcItcc43lQVL2uiE4JSbYWlxLSaqze0Vv0hRFVYno8/j8OD+m9/RgygDTUoToWrAJVGEMtIgML4SN2UQSd0i/tF1IatVr2QnjyV/3NIIwDGdO0o/z63AvdHXQEITQuXyYEwKlX/YNkogJ0CxSS7tgSWxzYi2lVr4U3CsxmqJu29Y79PUwy1rLZePCVosytVh+9p/nuYbzWr7WI2zR5QbTzvUhVK6XN6FrRigVqawLGmlDnf1gEAQ+x0gYgZBAy7LT2LY35qakxA4ME41FlkNCEAMgetjj8dnnqKUViOfomAiZTKVIU2Vbz97PiCBKFUEg0iYMBP/qvRXVUhqjhpsgMzCX6ukWiwLSgZIizXxpKVIgp/uaGaFci2wJzFSFG1FlANVNlbZ85c/SFc7jKxMyDAEy6Vgj0s8xtuv7XvaN217VX5GUKNb7mB0RuzmBjzX7WpJcaq1VEAoQAxDEAsg5D2T0iLHOAM/08OHk5+hFKoIY+NfzJ0AjZEDK9ARSYiFRURay9M/HZ1CaB6FXTfPARIgScf6rGQ3pHoTkmJnokP+K+ACHJwsCYZoLc2YSIiID+OsKvMBwjlY3ADCLUjQh+xiA9XrdmL3PPucYY3iksra2E7wMEyWAMpKRudTzmAnowctmACxLACdytnMMB66IuCxWYF8HIXGind5qe7v+dtt+Q9z2eilcEcBgzXUc/b7GmRhm4+hfx3ggwrVtL2kAEBRuyMUTPE5iiTVYxR0QyeIFCUxAyIixxrlGq9LqZS5gJyZQQnpRfdwAEl4nzosu4MlSgAiRPAIipdbMlFIJFVEA0T20lIB0VgKcc64YiZiIkcCs+23f9lJUtJQMW8tF2KKPuY7x1ddj+vx69qIqVI+RDKCccZ57vVxu388xieTw89W98LBcCynDZy21lebzBMDRkSg22ZaFtp189XEfc/VzMe6tNjeZFsKryEkIz+6VBBE2baiy1gSn1t7jovf7SBAWmNM8eVjn0jKdqRAVAGYql/oWERa8oqVFIZmWrRbW9uvxOUZoqUCaKIQVGWqhSItYwDxHH2t6xPPsW91v778RsRADUAEFEoi0tQAsrEPaMT77+EqPVz4twT1tmVkAcW317THvazwUKRMZ8rbfml5FMCH8ZcVTTWRhWn5AMjAC0nkYbPbxcU/cvn+7vr8j8cnmy45lAyHcPT1Y5VVP8Ah3Z+KXaQNfMxaCuUZChLuBqWwAROgxB+9vxMU9VKtKJUDm5g5zxXYpWtvVkQgh63PiGxyOX+f6zLTE5elUSpgd/UvlRoLKcnnfL+W6lb1oI/duA8ARzePpcUApuVowa6tKBZMBHMmrcHpguDJRSuZaa3jachvTLpfvCCYMSOixpq3hkxSXu6gWvUrhr/tnbc1IKLloUdYqNSAizeHVnlsJkygzACmViRK0FC01M6bPmSvx9R3IqvJ4/DrniVSLypxnFiksCDsik5TrBd7fe6syxpxzRgaL+FoIJCLhhkgRbhEIFPFK/zMCEYm7IzISzDEJkYMTYZmZrQBfY/3lt2vh+sc//qitzuXEIkX3y7vHQuKt1lpbLcxIY5xredu+CyqkcS19fRFk0U1oWjwBq6ogMVHWUvt5ojKFrbnixWADUOE3eWN91/rbpf5la/9WoV2vt1Y3VmVWz2z1vLbnGF/j/G34HYJtzXPNvtbs5+O0c8xv19/mMku6H8+vxz0pheXjPKrWa70o6XX7XrHtZdciK07rJwCYGxO18qMgNqK97EI1Mt3Xirl8WVrk9OjuU3kPM6GWxOfZ793Ns8j3v77fws6TDmJ8PPtcf9937SvtoHrupVzTnTKraB8HZjJh4so8kSyip4XSbStXBgoDD08IhyWlKGLjTDOC5nFGrnN9jnmc4+PRv4SDQNcCKRI+malWyPzjOP5ryN9Ir4AEGYKo7IjneaxpHEBUapF1rfXH9fqttUbCPsm/fB7n/SfBVDYG9/UEbIx+zCfRiTAd+sfxEX69tv/HtX6DJKYr4c/78RCyrW2IPHxF+hjPVljkcil51LVmvG3fv+9//bb/KHpBolxLi4Ilgny//Zd//+1v3y8/9npFp+V23b8V3dZcVRHT+zlGztOeR/x8nB/34/51v7vRv337973d1jwGhUDURmFJyMwIPkjoefwZbfQzugUy93l8PX729eHY7/NxTAvkseDL5rf9h9iIfrzvt6KVECEGgM/Ztb13p4tc1LPIYvacCP9SBPr9+Xi/rDkdcTAlpE2ztbpqwWsNJARApmVdmBwioyK1qsXWc1o/+2QptW6ZHcFLbRFWpdXS9rphSlik5lz9/ngkaoQwbxk+5xPJvo7PX19/EsXemjCHg7R66X1kaGkFA1trTSsytZLPucbqhMatdkDzEKkRa9o5FykyMVtCZo7zhMCq2rQefdyPRwSoFELeZEdIs6X1mgiQnJ6IiZGEqG3baNu3S/1kj8PXEb5UpJWLEEJAETLvuLDKNcADklW/f7vGqvM8EqAVxQwmfKEYr3wtBczuc57nnIzluSzmZytALKNPRNm3CyVCYK07AgFAaRrhMaFtLcmAMn54qd8ujS4F9hIRPRMRhDAA3GNdL60wEDmSIXAGWpiB99nHyG27zDHv8fF+vYjy8vE8VlQj3PbtvUpLK+jTQa5lH6u/ssCOAYjLl8dqpb4CeBGuXCytlAoIz3lCOEBi+FxTpZW2QVhEvnFJQFZVlvP48jjGeB5zggcReS4k3VphYiGyNCmltSYIQohcM3F6FimY1O0EmJQ1IqcPFkJYEp4YSBAxp2stN8RBGEJFQItyK0UoF9g5j1gdEEjIZ1oYUkCSxZxuC9aGpKJv+1uRajI8zvn0YE7C43yaTyQSKbrs0i59ft0fWOvVPCIzMwLhnENFxjg9LTIyRqSNcT7mcbtwkerGfU7hJCIEooAiqdQ2IZX62ubsW7oXjxCRgJzjGJZ98nkutxf287X4KR4r8fUnAkEmEGJ40otsiQmZCMIESMTCQAgelq43JWaIZCFbbjGRXvY8JmRhFdJaZN/etnpF0L0qIQIyM605mdC1ZKBu16N/PMZzRX+cA8GbOmLLOFvbhLhIeYzDMoiYg67tXakoadVL4cYvXUfMY97nfHY/zfoY57IJSK+SAyJZRGZGugQJlwgNrra+AE2ZbD23emXmmJ18Zq6Xs0lEWSoh13pFKm6x3MxszBFh9Nr5SPEIYOQiZhMiRJkQtrYBUVF9wQdXX0zUarlslxfD7n5/ArHHJGISTgiAVNW2XVXV/KsWdvNnfyCF2dHPR4/U2lTbpV5gEVURKsqiohQikJGIROfxwYRE+TyPrV23sgUhBrwaTaKEQOfsggAQkYYUIkqorVRByBTaK6T3PsIXs/N+q7yxCqJUveitWKxJ63b5NowTffgQ1pWMgE302i6NayO+lkvRyxodQeql+ZzKRcr+PM/lvV6uDl2aImHRxtwA4L22x/kVFg5+9DsAQJIyKgkTrrO3W9nahoBJlBjP8yGwEtPmvD8/lo/pngjbVhOWxwC6bbrDAEvfyrdHP+Y4uQIBLR+i1ZcRS9suZpNCmHWMZ+ThoTOjD6/tgsl9mMP555/j/mueX0e+ZHuJ0xMSkAiJADATAICIIdEzlk2V8q8ShYGKTo8E0raZrefj4RHf3n5s7fLL/HLdvn///Tzi9WhkrdMhHUrdILNP/3za7fwgGiIeZkRw3ZuD2IJYUQvAOmrb315IK9EX1MvdQFbvHx6nKgMMy69IXkuNAaG6ecYsWhbNx5+/hKmV3X1OOzwWIbVWlfDsB1RSDDP3BCc853qeBwGuTJaC2gIIuP1ffTkmLMQx1vMc9/t4nPMRsSIRjNyJWzXr+3YTYY+5bFksIVLhMc3Marki8znG8o6vxzliAFe5EJW6ZdufAOnu8KotugOwsjLx9ImUsV6PMgx/hWIwwlXVDMKWlsKM7mbWIcIB15pfHz+rbkLtf/gf/u3v/+3vP3/+YY5lu3z78b2fBzNdbu9KjJDj+atWZ+Qm8nbZS9nXojVHVj2fd4+HJf34rU18PgNw4pojMhOzVD2f65wjMoNrLWUnmSO0fnu//Y3gdm3f9nptdVeWRAIUIdqaFipbKXD9cZ6ffT0/yj9Y9PH1ZObK9J9//tPc32/fFPTr5/MxVwSM0QXyemm9TglU1ILAzGuOz/MPUSOGcx6N5Xa9Qs5lo6gSl6/zPs7jOZ4r54oBNNYcNmFlbJL7+06Ypw+LZKkCdGlb5fTLPNbR+58fHx/m/9/f3t9Y6qbfap2KOK0DwKOfHj1xTHuKTMRYdiLGVm+tvp/3gyB1L421+wI7wAMzWXiOR+Y0n4f96uPnis/EXCsedr5dd3Ra5hRwa4zYh/2R2Wz2Pu99PZh9xYAErtfC9PW4E9nb+3bZ6uX6VnRjbn1a73/vPqb38/g4j8+i6BGCZv4EtyLDsnvCtt/C3ppsja5EW/jn98sSTZtPLQAIn+dPFeLgi1yEdcG8litfyrf9e9NvRb8B8PO8P9axKD3i/fLjb7/9l++Xb98vv1/3H4o0vGMmca0SkOdY5/DD6Rjw697/837+OYarbI2LMhGK6uWS0G36CgKjdIYY51dp5zH+XHadyV9jDR+fz08tBDj6/HrM+7nmMBgrhffEqFWLoDtA2YSLJaoS9GBUlt08W6lraiJcan2Ok7Ul9u5xrHHY+Zy9qCzwx7gz4u2yuweKlqLMnOPhc9a6tXoll7UMQRMowAtnhEW4Fi1FYg2q32u9MApCBS7nOAM93LVuRG3NpRTneHz1P//+8ceMuO37hSphcTdJeCW3RXhTkeu2Y+a0VYR3SWsXQ1pryFYcmgeF25xjoaJWYjVzhyRVcGAQEendmCQ8tnptbaPkps1z9TWR0B1Uy+3yftGLvvjJOSCWsN7ahcC+6LFiCSszKlTIsHUmYC0XRiBA4WKeosD7+1wr01/274gVSMIBwgDqGb5iIDrtjpGs5mE+qCCJgknbX6BZKkWIkJsOciLgBAWv7/rb91srTGlFsXCyZORkyVr4irJpghshmn11kOkrEh/HcRxmhpC811pVw44AUKExnxlL5XsRKUiVQEki4bLt7utcA1SQqJ+PAM8MIIy0Me9NG1JVZANYviJWpGV4hmcmK0cQcyFMZEHil4lPRM55DPcEfEl8tRRhLZKtFkoCwKIgnAqZ6a+Uucf0mJGUabGmpQVEX52zBcGMmQvdc9pKt6p70Ro+ECWcWatQRc6MGTh7eGR4+ssNZTYtpiMmOokSF+ZSy7Vq87KdCx1pWpjlnB5EcxrOuO1bw5g5sv9cNkUuFm6+iBSJzedz3qedHhPRInrGi109z5HuIFQj5r/EMQkCmJHEuwh5inLZG4ypfQzhDTIt7Dnmx6OvlYgQkS/9jYcjCSKFO+Er2pZIBB7u8TLoJBCme7gSixYVQRLRuu87kZCwRbh7bXXfy1o98xIOkbRvt1L07fIDvBStTASvWzUxSImAphtisIQF4PDu6znx6KPyuu6g3MhctDBx0e3sz8zctouUqxlmcOHKiObLcPR1z5jTxznuy8Z5HqpVpZEHERGXDLRYa3VSrSSAZYGERz+etULhKvKytQJQZiSqMpRIJKlSGnPBoGXnOI/pk5BeaEcm/NfpzMTKCGnTELDtFy51a7syQ9ALe9u2S62VAFzcfdJ5pgOxOKSKJrjWurfGLIHCugEuN9fSjvPXOc7lK0K+/firohTQSylNaqwQ5SKVXoW+NKIEWs/5VCImcQAkLWVn0lY0YRErAgdQIvTVkwiYRHXb3uaYXAogS9nDHWKM0YtOvKjqNVMSUJWBw/pnBhZtFrbVYoFBUdqWuW57uRRtVCuSACqw7G/DwucaqyORFmWbVYQy+5hFt1oLsZTSAHLMR1GcZqN3RIMIArnV4r7QrZYWDr7scvmGAmN1EZn9XPacc5z2dD+XrVpbURUMxEAiRGn1DbQ58SXM7clEBGg+jn4XIoJQWAkGOJKRFY/Hvc8A3lXq9Lg/5+16nYvuX8/jaVut08b5ONycAIOQXhK9yEwDTCExN0hnEhaGTF8LkoQZhGrdEHLOk8KQpJRLP08A31u71Dqfx+evP7/9+HGp7Xp7//X1a8WqQudxzKXEOM/OSMqcZlrIbYkyCYdPQi2SCK7MgLGiH+czcAU/Lb9qJRKxsIKONMb8x7IPxZYhwsxxMZisWOsV3TJRWVUYiM9uC4CpJoDZOOfzsDEDAsF9KdLZI9yTcqWtWKTsGYIS4YgYad3O4c9kW9ndIyckApsgZsQEMI+14oRAwghfmUGkaQkphCtsUC0zfBoikocBY8CKMEgI93AEB+ECYYlgaS/ZV0IwM0BiEIADvgYcToSiTMgi1T0SkJTTASCsr7/9j/+TlOt+/f7+m/maoOWPf96TREs9no+67wGgG/7H3763HWPGtl0u+47IlWVyW4Mul0tk+bh/oiojX/drpJsHgCy3y+X78+zvl+/ncZh1ZiBiJCuyF22ctWipbVMWZkZCf73iCEg0rCQEoBIVLmWlHDMx1lLAWI5j+dcca98vH4/+POZaoapcEHxWflb+ea2ttTqsP/p5fP4617MK3lq97u8lQ1HnPAF5+fH5+Hyu87Cv5/oi9uPZKcp7+7dMLuf97frdfN7P+97+ZaFi3pASQ/d6+3re759PXycgvH8fvwmuALcJSDPHs//KfBa1yAluGFaZUQQADFiREUtgcA4GiDRbprVYgC8ggvB7qf0712X6eC5UBMa+1lhWRRIpkMc6+vjv3SkhPe5Ne8bUjQnXx/EpPFvjnUtDBDfd+OgPj+kFP+4fH/0++hF+UiljPXTxtsVYvyb0uuEacLv+Jcf73n68X35H2EVLfq1AW7KWn07AInPGzu8AIMJtuyZVolP0klSO5ZlxLP84j4/n1/dv36/l7Vv7y4/9L9/eftvqlTB5fj3uH8wEDHP1vn6t/NXXP47zv7n9TH/udVfeVocXcw4QA3zasdYqTAjkC2c/lJqoTrsfgZ9H//n154hRd13jk2EQ+zqPx5nLMclB9Td4N9dI9dSVagEZvNerBzMWA0IkqbdYxwxjjkAAkuv19hgPVVHSGbQinuf9+/v3DCSWVq8AafNeSMrtDYHdVfUy7Q5ERESQEb7VC8tVhIefWHgrrZaLB4/TkgqyMWQtBSJFGd3H2T3j5+fX/Thr3SB5zaxNlEiWAZEsD3NorUQiJOz1DUEBzk3TIhVhuvUZW7umHQQZ6BHLZ47x7PNBpIX3XAaGey0JfuAS4UJaeVeWpKoyZyytl327NC3EqMKJSKBmAzybqgXtGXMuACdkJoEEd0ecw+5IWsu2tQKO6EswsnI3D8dlHgmO8WLhLVtJAgIQUGrBooqiTcTkOZ5C+OP2I3KBYdHKhJBrKwxhvnx/38xymV6qFNUirSgDmOeMmMs64qqKAsnaGGms52m5DO7P/vXskARJmCmAysQSIimC5GF2AMryYs4UxJStsIW0ujmgEyKtUjhfyHkbGSU9IAehIpBH+OrCcfTTYzFJrddlIZi1XBXJI0Vkwljet9YM5lznMWfvXbgJ13DwDCAULJYwlzEhsDKpZaadllZQUDQRhvVz9sjlCNPWsT5jraY7Y4vIyHgFxwnoVeFLQCAizNdljwDmmok+1wA3EUkbxC/jpLR6VS4JlICAHB4iOI0ySKXNWBCZjN1XszGcievyc3m6uycATWYFtPN5t4w5z1IJMBEDAcaYYY64Icoag5gDAHwsfxn3vkmpMTkCM4AAW720uofZGDZmHN3MFsArNQH5r5oiA+QL9AkAr0pAvPazhJ6RkQiZGRFIQsCsXFSbSNkuF4QkDPNgJpF8u1327SLklJw5BQSM93bd6+7hEaub9dGFITMTRbhChNKtqhdc07ol5vJ4Pn6/KYBnLARq2ph12WKtAOVVO0HAAJ/Rj3lf9gAcEScrOGSEE6lgJUEVSeRIMvMTj8INGTETARPonAeXVhn76kWUpYhuZEmuCS5SGAumyMsFtla+ggzuECBM5unuLBwQayV5AiAkmmclRSRIAAhbC5LdMgtj0bCnebASGSKyavMEoGjCbpYQQrmWO6OWlrEiE5lv1zeR6769F5SCvBVpou7OiIkeGUQea4z1hWiEQUgqBRFr2Vl2fJETJJfNSFhrjTHCjUXjzFix14tAK1o90RyCmVXnBOVGKJDMtAtjEiMDjJ4owBnY0+Ny2cY4HfFt/8axvrX9rd3Ig5Be///oY85VthLuHlSbej+boujOBEloCLmGCLEq55lgWlkM+9lrvWWCqAICEiegaGltzwzKeFpPpuXeYYw41uhMEgEJlKSWlCTIVVh4gup1L+/BDNkR0sM8D1AsQJEwxrGWNXwzJ7NOJCIw+im6v79/I4bn8yBuCEYcYIkQ8i/5LLx01UgvsiQgEiF5JjElMqRHBsDLDBxjHGSvtCMBy1jrvP9JRJHy89dHAoiWCOCM8JW2EBZjo2Q3BUeVNufAhEKiCIa+whCSSTHWsmHFPMY6p4Wn5NO+5vpDSqxl4CJSI32sr1IlPAwrpILp2bfpSKQqbeUIm6LNfJoDlwtlDaC5llZhgRjLYyEXAoPMF7b8PEdkjjmE3mS7hceCA9KnnYkjoK/sz/OOgCoVfaD3RNZ5Z22e6J7LesQwX+eaAVzq5fnzsW3XIoAZcz5FqrD09QkGj8ccfWmRotLNiqi9RImZYU4qhERMmRAevhYCeKTW8gpUEalH2pqZ/hIUiJZS2zg7+Pr9337//v3H8fX4zz8+/vLv2/uPWx+23d6uQp+fd+F6vZT3W1G9DFoZY61PZs4Yc5zCdSXXsv2X/d8WVkGa/bDs0/qYXttljLGXt/fLvyuOxc9zfK2YLM3d+vloKhkzY4KQmyNBomSsZU7JKHg878f6mHk/+teyVdo2nsfR+/e9EmH4MpvMTZAZKDNjeczQy756pOeayyE9+73bx2P0ObZC4P7x+c+3xmRodbAAACAASURBVKqXuR59rK/z13Pcz3g+18dp5+PzeBxReDPTrh0wgfKfn3/8+Xn/cXmLWibn6CqEI2KuqSRSttu1Hf3+5z//Ph7P6/4mhY/z+DgeAb0WJ7DVH0VBGVFYi3w+O6tWfRt2so+qlWhgzRXHnEZF9r3MdVz3M/OJeXy/csFLbYVQ53QS+O3b+1t7S7hC3dei2f9UFZbZ7XnbdPp9zUdASuXj67zD3N5/XxgjTpI8juPzGH8ejzOGm21ljzQWAJyjH6S5PMZzlbKbnddWr5dve/3GuCVk5Nk/DyrN5no8/kHGTfakFjlVtjWwcKvfrr7yXGO5Mcvw49fnR63b397//apvP97+dt1vjDXCicztXP5c4z5tjvnp9uf0f475nwAfmJ1zVm6VsNVaBJYdw6yPr/P8lbBYNsTyPI9ra0x+u7x7sg97a7Xobz+fPx/ro8/PreQyh/S9tXNQkDRBjEVEWkqEn7bC3ExYr5HlWLNiWQvWCkYmuYF7RhcBYUaAaRMFI8wBI73PcctgpHk+imrRZuARWXSrZVMuVuqzj2nDwi+1vd1+V9mRqa7nWl1JMSUjVDeXgmzjPPe9mgEzo5DPSKD323vdJcOZEcMYlyiKh5u5g9joLKTMDCAiBCVhEb6kPK8fgSBVVQXd+mQr5YIQiZ5AhClFwrIoT4caqJjpY7t+U6RIaEqArew3IiEM5iTwBCDwKqQMHRehCxmUNJsibStNuZ3r6TYyjlqutUAtCc4UokSZ4HPNNWOdCYDBkG4vGiKxKhcUhBIgtRRCASSzudfKSHMGVxVhBE43zKUKG/JWCiS571stLJJpRAjRY81IP/pYZtv1TTELlblWOK81+rAxunIppRaulaoAKbfCGd4RQFmYZdp4nncBEkQBIswifKUdkZ6zKxfFiEhIMpsCUJUzeqYGYFggrMLxNZ+ZxnwhBpLa5AoJiHjZLuHYtnou7msIatECiAgoqmdf27YREgSm4JprIrK5L1NJxvRxJiuyIhK4Z8Sax/RzRCx3ByiswoIktRRby2N49kxHIkJeK7MQIGF6E0FITDdbtpKJCLVVXj7nOEvljYgTmAgA5pr/AtAltnJR2Wie0x8kCAjPPqo2qjUs+/yCRKDint6fQlL09lavY5weA6h7PI95ijJzjSB3ELl4zDXPTSFjWMZYR7MDsbHUdFoWwnV1FCqQZRmG/Sv5Q0iJEIHM7JaZSAgZmZn4L3ceJEFkIKBDUOJrq56epSmj1CKMkb4sImMhAiFqhX0TxXLbtiSb85FpSlqYMVOQnSJ8DDunA8sOgRlQZKu6X5u64R93+3z8qYwJlpgQpu3CiGYuzAHAzEWKsBJKZkRYn/ejfyGMuXpkKNEwr6Vu7UKgAq9KCSDRXLPpltEj3e0EAKKSyJE+V4dI4TeiQqgMjImYFEGQyYQcEEjJIi9qk4WIApKP+VKm2VpIaBERWbSY2ZwnhDFkq40wX1Xqoz82aIABGbUoI4zhGFiUx5oJAOxrPObUTNvaTsxr4ba/LXI+n4XbrbTrdi3M6cNtCktA9jUYgdDNz/N8GPhWyyY1k5kFwRngun+rrKIwcBz9kxCJgJkAcWu7+cxIUdF2NYMQXG5hq+qeTumsvLftLcwBKMEBC1IBMmJMM4heyJnqnqxIP8rtUq++bNqR3h24j97NIllJr5fd3QMMKVNaYH/04YiMEw2qagCI1gh/kfVfJQ3Rhq/GC7566qBahLO7G9ZuNNyTAFiI6pip4tu1WJB5VqVM3NtVBcb5kVwtEwHGWqyOcazemYFFCeA4fw4DoG2r12WtiI61MmcpxVaOfs6x5rAIJFUbI8IQwz2CkIhUFQJf/BkAiLC0fPmpPCHSHTJ9CTckUirabpCYkUV3UP31+Vlq2/ctEjxzzJWgt+tlnPc5jzXMl4tWRJsjShGCAAiAWHEyUaR/HSksTDAXBESf4zl+lm0C4lqhW2XRSDjnMdOJQqRQbDalIo6J01HFHDKZR0wPf2Hc3Eyo9OXuONYCpuv2DkEeI1dXSo/jnHfP9ODEFNVlR18dfPX1NO8+zhXdYvW+tpZnLKJayz7m8RF/Z64JePbnWkfSWj6PcSZyEXq/vPfzQAokO8eRw4WWQUwvLAUAk4hFmNXnZJK1JiACgPkLnIsR9nJQAKZnYCIxmb2sjmdCppEZvX9///7bXz7++evn3/8TgS8cl638+7//xz9//SytjaN//34914zwBRbew5crIlGkfT7//iL/gmStRbV6VKAbwWVrW8hIsIQw8PTox7q97wq3W7mN4Ajvc0XMCYsSiuAclckRL0p19bV8mc8gqVL7vHf/c/qvR/9vH1//HdMUvYdX1bpLK1JIaVObWVj2BiNHeH67XHbivd7GmbwzBw7zvnIYqV6ue702KrqxqPt8Hh/D+uf9792+Tvzq/fHzq398TIN2vciTn+YTKEb253jOnD27jyN6L1Ja0XMuFBIRd88oW/kuTK0U4kqkrElqY460ZMpSS+ZZpbz49LXqSzuZhKVuW6lmQzjW+QR6FkGArMVF/XncCUcTvv7+zrDHEt02QHu7XLby9usxCWtlnRI2P7m6xdlHF4Jhcc7VH7GirSGtbtf9cj++fK0guk/7+TwXhmLuokxSGIuaJT36hyWBYEB6jEsLSBemrewZRjke5+dj3iPN82ndScdKXbPZqFVaLXWF3+3ukYbmxzx6v+2Xf/vtP75v3/7tt//CUDFzjs+jd4LR58NhfN3/uB9/ODwJH3P+Cn8wGUQUpMZQFIU3hzzmZ18+13P547IRYEQuRHt7axsB5mRom4LbaIruPJdJq2t+YcRv71eQ2/PuW7u8b/ubyC6qiArkNtY4AxxJLOD0+VxLpNmCve4VdblMQETatj09EAEwkIDBWQByQXaPe4Q/TleRAEBprW6tNDfPjBV+zA7MWm7pul/+qsKrjEC32Y/xNDMSVdG1sLXiCJDgkQy4Xd7WM4W1svRjZLgLH2NqkkTEGKMUXHMtASxaiqKfomoQtlYkDAstuwRFstbqYUTJTB7xAof09cAqb9stMIY5FhFEd9+3a2uFQTwMM0Xr3q4smgnI7PZcsQDCw7FQdHfKFQmZIiUhiLLWguTPWMxQlZWJIEVYuApyX8PGAWQodh73c0QhCgDVmhB7vaiqOyIoMGeWqqWWpEzlRptAOBIjUmAZ57PtF9DEBKWil/3SLkC41jnt9Mzp08GBtchFdRef7gAghTFtAvLeLqKpVPaySWrVet12yBGBtQgQW6DPuXz26ApkiBmRgIxlUyqlScGjP5ZzhjPPMaxqWuZY5uFulpTmi1kYRUAigjMCAlkSkFgyXUUu+7+dfva/H25ZiiBumSSqt8s7+mmjYwIhhec5nSByPBUnhG9V1vSRD/O5XpAglMx1nkdg8vZ+Px6NbK9vmTTWjDzD1zQr5cJCfZ0SzEyQwEhMePZZiu7lhoFrHUW3JtUcGpfW6usBMuwc1pel6BU55zj3Kqx6zieizTUyEgKnjX4eIsrKkL5stf1GIG65tX2aTktVYiNldUcCYS7u6WuJSNGMMCQ8jofytjfFNIiVDqTMVISpFFNWZiWkf90XIpEAkwNXJgIhIoAB+Ev4CWEJTAkMkUBAL6AJiZaLsLbWAnLZqlqPeT7Ox/vb2/WqVRExkUh5p4KABgmRHplIFMGBEkhnv7dCSkL0usqj0HWr87e3I8HGOiHSbKBW1Val2lqHdQkDcJIkogCwdA8zX54jYwRQrdVtVlKtqKQEVUVWzMiVOX3MvRYP6eOYdiaBB0DiWqYoSjzHJGbEWjRlzdE/FUG2TV7vcmrPOTFBiUotgKe5MTNm2pxmE0XWGkQc6VXUbTkCsRAJMWcEEROBmTHmMnsVIaviNFhzBeTZh4WNsM/nalU3KIxVCw87iPW6valcWmmCLIjAFAFB6Ai9n4XJvY81Vqy2XS+lciCxsNTp0UrZ2+4z0qkozXUGHHUT7NjnbO3isdYcrJiIQArIItD9nhi1VBZVEeGSGAFkdirrVsrj8VEFIGktu12uEMJBt7ZVagS8wMxyrEdKFZFKstaqhc7+2Lfr9/ffz/kwcAM8+5/DzuvWFMtEIsAVjoTX2+14jq/Hcdm39Ty31lorEeuc/R1DWDyjSnMPTJpjMCMGAIKQmsGYjhqJsHwIaZFrIXzb3h7nCFBkfo7zWhFwTPsUJJS3GWQRgIqIaxJJ2/ZK/X6Mue9Xlu3b+7p9p3/8ca41/nVMZDIQUYYbUcFED3tZ8F6W2RddNyMx0cMxQMqWASQqWkT0dmloV8R8PB8Jeb29Mcrqp5IQoNtiumgpo3effNu/AwE4tWtRoXP8MnMLGMumfbV6E5b7+QeSA2hf67kGFTi7QQRisUgJRJwe3WdPChrCwJyVt/1WyuPZ+3gCReRcdjKCRwQRRgBxqbzcxhxSilBhFYrK2242Eh3QCOmyX5Do8/5TCNwGs2OgYinSzscpIEJwHKNIi/DneS+Xiu5fx89a926nZ38en8SZ5HPNa9E116W+61YT7uc8mNe5nshlv71fv1fgL4sAggAHAGJEh0xgpECCBPOVESgEHslITLMPrRURX1MeBNz27f4YLGV/+35Og7Cv+6//9X/5X/9f//P/vL1f4evuyYnw84+f2172Vo8exL7CCDOJ52n35y+giZIUOSYpXUmE0+dcFKXpRZWZxWMm2u0Gl3ZhQEaeSYoUoms5YIadc94J2fw5xva2/RirT+uAAMAPP4/x6xi/iHz5oUrxWAR5uTRG/Ha7bdr2cjmPWcXe33f7+dBL+/b+7X3bNtDL5budJwsjonuq1L/+9tdN8cL447IpN0gF4DG/HuevlT+N7o/Hx6/HcT/o61jLwkbCW7zt+z8/+6Pfh8V22R2m9S6e93N82GyXb+P5/PF+u95+Z8aM3NuFIKpUQpVWS7vej72PX+mf2iojblsBwD5HxiRqzO16uRUSwmylRp7sKOJA9zkfl2sNdMfeLpdETVOEdt2+X9o3D8PwXK1wCU9KfyttYHyNj/u5WIghbfk4ui8cyy3K8vnnrz9/v91u11uifNc3add/fPzd7bEpChJBDRdpuwQdj39Yd3hLCL8fH0p/3vxH+r5pFfp23z97/DGPbmPse2X0uX49BzHT+/W/RORaJ+DwXKMPFvr9+4/C3/ZyudW9yBZmx/g8+s9jfGA+W0Vg/3z8n5/PfxDPvQJDCOnX87kW7m0PQGJkETNbbkwkTOV2LTqWdfB+uxDTXdubFlrDaPXS/DyfEU/KKLUUed+rRoBNev/29v39OxlhViJZEcqoxMaEGec4zhWO+nV0Ay56yQTZv7fLj+fXsezcihzPc9vfi2haT84Lq9n6df9H7B0vb5n0OKDo/rbdgBAQRDSmJyWqMDeiWvWybW9KrOEOdvc/HQ8nhkCKpUIRGraQElG5bBmT56FFwlJKIBlmfB1TOgkhbE3P4yBmdOvjIVm07ZBdKEuRcx6JZjYjFVkBVOWKOXMdzkOVNmxrngB9LfLXtxtROBJdyIhS0FlSZS96LbVBQkAkRo/R58O8e5j5MexrxdNzhcfeXkxGYXBB2mojYmHKsJhPrsLJzMiUTI4Z12sjXGNNxEhPLgUit3YRLkoFgCwjUSAjZyXWst/W6mHdwxOMKUh1mAOqliYpTatKSUx3REgSRYI5rZZrZiNQYg0MZrM1hKtW3jcwA+t20Z1BlVVIVFp4e3XekFAFCel5fCmJskIiJamUVitQJoVptrZDwuPxM2N6yFxpcWYGgIevDHq7vc/jFBJW8Yxn/6plY936PC/tspUrcwnk6+23HnNCAM0wLnWPRMamQsw0py93n6/+K8c8yebVsdHZ3ZFYSxHk6VMQCWAaJIibQ4twI2AVPof1+VjrUetG+BdlCMNSarhxgiAq02XbK1VGgbYhgUV3s8bUAMBGpK11fD1+WkStW84gTvMpkphzudd2KXoJJ8qyb5JgK2ZE1FJLqenOkZjGMAQRSVUbJGKScLWxhJpsFPGAXJlIVFQLvwaDOMGhlkLIAChSW7VaFJGXeQRkZJgRZkIwAhAlZCLhv6b+L542IDIFJjBDRjpSRvo5zvdbbfumKs/n8ziPuRYCAgThbKVttZm5hdeimSmckDbnU8qe8LIYp+X69fxnEft+/SuQxgriWvTHbZtjnUqW6aWUhCRCFaV04moF+riHH45bt2egMQsJZ7ex+lYaIwcoN+7j8DVZ6l42z63oPOcDdXqOYzEiIuGww2xmoC1LTQCJoBX/V50Qq3BlprkmAG6tApS2f2snXC696InhLyTqHIsQqmiYMdBLBKuhmGkJ297cHFgi4Rj9crlSwLKJKOYzIYmIC4w+WQQAPu+PvrjVWGbuU2RHENW6w5UyEZQCCdBshD8j3SDHzBXWZ5+9L7d0KxdtehPAyFy+KmHTRFhFhBmCUhjWS3qdXhAUsHKtl2K99zn31p6nIXMrau5bq62wpwG4sCBy0U3EE561CLNoabOnoIrumzQCWEG51rIk4jGmG2jdWJuL2TqwEJEgllo1/OxnRy5u3Sxa5fA0X8tmoi/3smk3uPejtKudx/BVVZVhjseue5VtmU9/CqYkN9lIzrUcmYjrtFjr6/32+7UpAUIsRKxa+skkes6OaTY7l2NvED5iPSG2DGaWZSCiRRpEXLZL0Za2nvdPgFQpkMlAvhIAWSTWSATmfxW+PR0gCTEikIlFITID3A0CSpXwRORvP/7SH+fzef71b3Iy11putf7jn39A5H6rdmY/D2mbKp/9WWopWve9VL1mKIoiTJS+rI95jLWGR19s3gl4uY0xq148wAlXn+br0orHiSvyFbTOOe1hAG+X/0B/z7iuJQshtVo/l53EK2gmeD+n+LnJRv/SAjqDky8G2KQSIBEYkYVdautzrd6xch923asSV6mRqy/Y5b3T7OedgQKy0IZRRl93GtfrdWUeX7/OdQiHhZ/H11jrcvt9OTJzKZfMLKQFadoz1nnbrkx6KQMSWqnHcUIEIUxbACAkZsHMgIQgSBjmmSSFM6DW5unxGljmv55oWipL+fz49fPnP//2l9/bVn79+vN/+9/+9//4n/7HUtvb2/Vxf3r4muPr6/n29pcft+u+n8ADwt3pcnt/nv98PJ4sLExHZIBVmUhvADcp3/f6u1CBrNwwZvfl9/4Qqkw0Rx/jqG0XUSnMKGPc3X8y1VxzrMPTCMIphj3+/Pz71+OPH2+/bSK/3d4j8uNx7wZVuRURqbVcGPTx8+/fd72W75h0bdfvl+ulXFA2s/1xfCT4++223L6/XyiyEt9adUN7bUl4BT2P+fPj+Hocsw88T0snSs7MOZ4dF0D5un+y1L/89fd1HGi57xfh7fPz48dvf30eXxSZQa9AHBFf9vcqhVmZ8PP5cdG47hcfjeUU6WZnoqtS9vtWeWsqwBiriAR5hu8XnesZ/lO1R0Imb1XHDJFtjtba7bp/JygIe4bZtEKXrV7MngCdtD2XP84jEG3O8fjaX/sirKVdR5Ia6eW3bf8RqTWO+nZptXx9/Cf53d32228L5DlPoqvKw+cSvDjyr68PpD+E39fSH7e/VXkveqtc51ilXr9//3Y+73N+zhDHyzF/Rcj0MeY9IFX1x+1vla/ztFutVXCNX+e8f97/uB///ev4z63FD7qu4zie/2f6icQQpfIeRoo12MymJ3g8W9XL/m1NgwQt7cUey3iqhha2+PP5/LqgAYrF4SsCDKFXwb3srbUck6RmaVUvTW8zgrV068PHYtnrRiI2Z4a3gv/4/KNb/PH5Vcrt9+9/FdAIE2IjsPm8Vq1olVT3dxSxHB/3f6paXx/958+2vSG2dBpjbtURvajKFKZ63b9nYmKykMdqpRHU044VcPSTkKQwZjAxIKx5ADCDCqtwPmFqsWN+Hv1PYVfEPhxJZG/b2XsRL5XnPJQSazVf7dUM8yVoM7plACUEPQc0YSGARC2EGRmuQnM+0Y0LE/McpwO0dol8HPPvlHTZvm/tRyk3Ykm3AJ+xSNDO83H+ihxzHYgDc71sg8y61fcqgh6Z5AGJtBIU0Xyc81eVPbNg4qVt005b/Xa5NrPMRGFITQ+IQMLCNfJVPw53KLpZwnGODGNIJkrwBAfMCJO6A6lQIQJIS0gWosA5zkQo8mpVE4qKsOUctgDpdrlGBCbItsdGTBruGUYQCBlJiFy0Yiy+SGH5+vpzjBPKRagm8isJr3pFRqBmdhDiZcsiZW9bt6fbCArP6TaKXLaysVNmZFq4J1H3QMo15FKvVXcC7TAw8ba/I+dcxzIgLIhUSmHIMU5iIi7n0Q+blpBrkE9Lv2pJpMq7oiZ4JLkvBMAEfoHwA0kSY6FPoQT0vh6e59b0ukkE2nmKbnvbKhQmCTPGrCzABdLCR9tulVraojqEMefqq7OomW2ybfutz+c5H555f97bViFxLru2CyFNe5KPPg1API5cq203UcUxE2K6hU3isrVKyQocThDMXABBJCOTmRMwMrd28czRFwlmYmZmBiHPFQE41/pXOMEz018w0wQkJiDESEwGRETKwHxRLxE8nBjWmloWZMxxCl8YecZarxOXoxYXRlE6j2fyqwIx0o4iemnvinisMc6vBMfko392jev1W6SzUNNLa9ckII6Pe96fv1ZMJj3GkwCUiYl8Rsa6P/6ZFxm+KmwNi/lAiL20Vq4xB4iq7MtMuSmKoiD4jL7sK3CdHtOPglVJMyYTbW0DcDezWFqrkLrnGAOS3i7fGBcGldoyCVFrE5FDCtdNRMs6R4QrUoD5mkyEhDMsF64cpbZSuFUNiIhJUggKJEaYlkLEDpCxVGWuIGGVl4CdEtPdlDhiug1gFMCFQOAMmBERAWnP47nCR5zAQqJj+uM83P1a2NaUXS71OtcCe8z1eD5Q3zbVzX15uEoMjGW9iCDxOO6EsO9viwm5F6UAMQvdd8gKaOZGOM/xEC5bvSqxMRLR+/s3tzEtlCsHCVYhhQQAdPcE91iAeNnfr7e/DsMVYzAi4TGtlobCPk8AEdzaZad0AEZEc/s67suerDKm92HA36ZNROcIT38OH/N9mZEW5hpuhctffvzfno8PZZ9z+IpBlrKYQIT3to9+hHczw4RWy7DONPYtLZ6EQyWXAxCI0vJcEeaZaU2RRdY6+nh83r/OE76+8r/+/z7WcSYAvJr/QqGvRrgCgIURILFmZoATMiREeHoSa8AMyIAkFrfVx6FSvu6fx3GMsf7tP677Zf/18+e//8d/eSTlmqL6/e398Xy4LZRkygwJK5RXyGc/Hq8qrlmMaaw1Ao7H89Ku7u6MAWKWlpkAYwZj8+CxFmQnzWUwHN8vO+EWQUHMrBBmRBkAYGPcS1HEEZkBca6jDxMuiWAJmj7XuLY3RnTsvpyQWxX3iBhMPobrdi18gcwxbI5Z+HKtuGKC0tvljUPbfhMt8zzXODOhSUVYfU4EdKAMCqAAXrEQ4rLJHkJGihrmZYPffitta/nz090JKAETAFGQiTFKKe5+ziPciDghiAQSbLkWmT7A8wUXmrOTlJ8///63//gvleV8jP/4j/9bzj/d1vPxOB6PeT62JhHxdf+wQA8D9H2/9hnHfJgPZD47aLkJc0RE0HOOj/Hf2vbc8EOoC8/r/p4rHfmVTg5KsyG4PHrmqqLCDZOENL2f68E0AvbEw+zhZo/5NfxI8KpMxArlqhf6wap5mkckpCdxX3bbtr/95S8RtqYR8Pv1t2+X39JzZWbFUr/PedatQuRWSiG97DtBzmV9ToC5cHQ47/3xce/mSqSqFu6ReNv1uhVlMgfzZEKAVMrbtzdGdpe3t/fR57fbj/Q15hrZPewmwvodgIi0SP3tfT/Ojxmn1Zz+IUwGvux5fH71Ofdv3yoTc/EZAWvML5KZ+Jz5FfGgkn2FewLscwoki2zX/bcmt/R8jg5JjS+jO4hW/n2O4XmQXdi3r8fdlq0j200xeN9vrb1Lbu+37628qX7b2jtX+/r6r1Hcy9XmWVphbqV9h/75eB5NL99vl7UWQHma//nzn+DbU6BIfdve3y/f3P79f/4P+sfX/3mrTcnOI7YG5vdJdTr3/hx9fnv/vdCNYCv0dnlDZXj2f/q5hh9/Pv/x8fVfIw9g+Xgec30++z8SF/JlTGwXjExP9MTe58rFCAGld9/kertcMC9z3RPR81z+tNG3ynvDuf44ezzGGibhisnf9/1yubFcWTNJEDfmYguB7ZjHylwOSwoJZfq0mD7ASYTYTSUzJhOW0oCAZ3kOF1ZhWWGN6lbeLC1jXttmaZGWBOd4Ms6a0s+v2L9fyk6olStErDW1SIAfdu4EkS/LyFoxEpPAMw7HXOtY8z7H0HLJPH2YoSGZz+M5HvfnF+e6FCVoQCzvt2+1jM6PyPlKbyCAQK7+8AyCUKJdm4dSuZyGZmvk4YSq6B6QgYDKdcRhsMIciFghIpAMlId9bvquqq81LyFh2QLW8ehjjj67x5rrjOhIiZD7vocX4Q1BC19fDFUmmm4rA9QIYo5uvrZ6K7IX2SIWsGBGUDIXLps5tVKWOREmAoBErNcpm4m2fOGpiFWZGNeaHmOuk7kivG5vtAIwkoQhw3yt5URFWDNQqyJluAdiIioJiVJQK7vWSwQvi7Rp1sNWpFum6kbtxms0SSWyNh7+uWxIK60UC6+6MXMCKGukYmatb4zKXMkwsTIMt+kLSYVSCpPF7KtPm9NirKR3vtWdgCEzMQmwaBVC8PHVexUJLrESkcwXsWqRMWakR8LzeWauTfg5jVBrFaKCIAloAQFS9ZrYM9cr0g1EkMtjeMzlAQxJOfx8zgcFF90KIXNBt+v2ZnMUREJKEtVmuSBL4ctlb9NX99PW8ogMZwqpVXVHAHMHlkt7rn9xNhpjYcJESsxN+ehHEBDknI5UA2egTXsGxFauW2mcik17n2uNUt/6+QmUSOkByHWrN5a6RhfhjFQhBFv9FCMPEAAAIABJREFUWOZjuNkCQM9AQvdXFTZe7ItATHdGYSH3QKJEJ0gQ8jAEjiRCqqURc9t2EpKqSX5O3mr5/uNSC3ieR8/pczl89oU5FPyajYDGWhYJkcRCsknZv87j1/NXe7/s+qayCWmEj/k16zeP6Os0WH09MOd12wjQ7SxMniuzJ8kxfAVAmqhsuhe+BAwHBMQiX9L2xnvGIlpmj7V6YFhGeigclEikb2+/RbiNIYyZkACRoaLmGW5b0b0yxiLgNVdrVEkFaW9UKkSa+8pM92W+hF66tMQgIkLEV6eQRBCBRRAUQBFRaymleIZlhhEAsuQu4r4S8JXZvzRtpdZ6KVSCBFPGMI9juhfkcE5PJEqj43ki54x8bQwCEitl2FojZWckLcXsHnm6f47sGTjBMpe5IUQCEtHWtj7ulPHj23s765pWS+sjlgUKLbNn7+X21peJG/9LnYxF27Axx8mkUnaYSVCZBBASzMzux5f72Ottbz+a3IrQoz8GnO6JxEECthC56mUeExQiwOYoVWzZ83mOePjDzMO9rAUA5+1yG+NgrKWpIa5M8kWIVa7CjSs/n49zLXtN4N1UHVLGPCIOyHE/72bTc604AzrxafEQMcKgoK2+2cLTnIh9eaZl9j4+634FnI/Hx9f969nl46t6AgoScUCw4hpnur+ezAgvwgwLir2sEkRmlm7MlJEA5BaZwJiPr1+IDoQ///y7aru83Z7niQFF+B///b8zN8g8H4+392/95MK0bW9I2IdhEHgWaZmV8UqYRIx5MhdMAmQDiZBcnMBlazFz2nyu56VtRGorRHjMGEbu0k8vtApVYYow94MpAMDMVJoggAogevSz23MMIgDUohdaPNZZBPetgbkIF9FlhkQJOddSwQzPdCAkEiRFKgijUBNWzrJpu7Q3CzhXxyCRCkSE80bwXM9H/+yn7bctEwIzYhxjjvlUge36nviOVPZrkBIQI1IC2jQAgHxFUNF8vk4qRCRmlkaILLLmwcTE4t4BXgJuuGwtPL/uz21/g+TA+vbjr/fP42pTart/3a+3HVD/7W9/+/l5N1tjjsfj4XA+np9/3P9IKm/7b4gO5pjJRIpGmntpFy1C5/3jf0f/trVr7zOCwvE4nUXD5v3+x/vtdtnfMMk9CVml7Ns1CZJi2nE/PuY4nvN+2gGgt/296g5ImNqP+1vzFvN+HFVqWmAhFvnebhDRzwEh1+3bdX8bs/fj8/867LCVrcjWmJsW0UppFs+EYWBu4+M8Pp+rdxDVVjYRsuYReW1lbxUzzfl2uzCUdcxvre2lxLRM/3Z776+sb6k2+8fjOWN1SGL5y7d/A0jEaFoF3z+fwXpbto5ntwgLn25rxRwWzQtAAq81LM91/pH07OMBHH6ieYw1bU1Ab3pveAGfzLLWc42vNf1rCcHmxLXUtfAYMb1g3nytCP3tx/fx9bFv9bZ9u27fd6n//ttfvl1/tPIWQYhoGcfsjjRGtqprRMBopPXym88s1T/nvc+AyOH94/7frcnPj1oJKm1X/feKNefq/aPIteyNlZSqw+rzvtyJJJwSNYIBUwuf8/PR/3msz8e8n+Po/RPQgaTP1ceHr+fydc7eqgElJ57jeJ2ja64g+3l/Xqp+u96Ed4y5sM+VAa2vHoGC2qFMw8cZ5yiAjQDJoNVr45vD1hoPszk7gC2fp9lptpzGgO2tzgifa5llMJJeStuEvre/DJsbpXIw61Y2RLLw5zm+327DJ84Hcvb5rFXnQHMTlXCqdbvutyoX5ULIGdnnM2AuP7zTrd2YMPwYlBnR532c94g1c5pbwgo/5uylblrUDDNsxRgQP5+Pz+d8dv+2F9FKtAOrXNstgxevKpK12lx9OgIDWhIGCnMtrAlEfGnaznFGOsKMNcdaxImIyCygpZQEsDVVUVjCJyELE6ED2PQjgTdpSAzhkTGmAyhizTxF1cwoubICF0gh5AiEROEGGGM9GDPTPFd6oBaLjgGU9RV+SB+llsSKqMDIqMmc4csmIpjZsD7nDABABUhshZgRLKPbOjJXOqKfiWQeRNU8+CVGySQqAMRAiahCnnOtZWbLh+jGwMJ6KVfRSxL3Ned0FT2ODgybbqCVSGoTSs81ibTo5uZmHduuJAAAlLb6tDM4mSg9ZwYtIFQiISytXNxPYqKQAEdkiHCbhLSVmm4W5uDTF6ObLwQJn8LbpQ63mWkhbOEFhZnAg7HslR3y43Hv/THRixaApfVbUqDg6/EUkVWYuEI4SwEUMxdCFnZz90UAyoDQl31JVlCWwswSZyBJ22qh7HOsMEBRFeWtbruKOiQYiqAWiSRBBjACVGnM5+N4CtcgQpTIsAxKBqJwmutkdIYpIp7n0Z/T53LPjCoFMzKDGNwnkAeCgTgKY0YsZCER0UpUiwpWn737a8qLNkdfc9gyJmTiiESExAQLRAQAiACEiEDEjPxXKRgCMCCSayHSWnfWwqIkBYm1+vIJiNvlcn1rQM/p8DgeYw1nPseJMX9cNlEFGn2e5iS8O2YsF1ImOo7Pvr8L1E0vCVilNrk+4JH+y90yh4ime3iEo1nft23OsdZXYYjkOanUEp4zY7tWLeW0sXzOjN6fUJLSEQIzKXO5uQ0MIBXGV0U+GEu7bEQeYRYZ5tMSuXDZm/Be1VaPWCLCwuaGnInmvgIBiGzMZf5qViy3NEjCyEhIEQGmFcZciCokhEdp+2WrHoaJl21btsyMiDIzFfdtg0CGfL/cmJWxFd0iyMzBRu/3x3n/dn2j4LXw0t6YdCt0zvPnxx/Ll3CK4CHGxB/HLwAspaZPAkCY5/kT6UIiSXQ8H0CA1AipaEU1oEDCyCRKKQloErFiWeRaPTGmnYUBAd17ZGQGMAaw1j3MMZayICYTIuIaEyi3y1thVCzwmvQQAfrzdHPf334wMjEhM6w0puf94xXmogP7nEiln3Sck0WQ8pyPfdcxR2Nm4IC0XA7Dkwtte/3ex32s5wo750yUcwxYg5T3qr+e/6iaijUyHFa3J/C58mnx8HhWZeINgISvbgboifA8HzbwssuY9mvdkRHQr29vv76O+2cvKlrYgWihzZGvGoAoc8l/ubTTwqdNT5MUDACA1/tSiANAK0PGspEAK52JibFd2phhcZznuV+v+Yrhu/397/8NkbbrzqTHOn99fTG2t8s+LZneilSIJTiuW5ISZnrCcnv5CIpS5aLttoLP/tN8KRd3WL66TUAiaueMwJFKJAKAfT49XRSRi7wakMLLx5wDCbhSH/15fBHeL/shUhkM8W2ujmFFS5hHOoogYkCYzbE6k/RYYzmVSmaRUaQqlVb3y/7umYmQNoPrdEBPpqboEF+2Vq0NoUbKcl/PX7N//P77XrVJ/c2C6va5X6XW8rg/3AEQmHhlIiQSjznBHTE9IwOrNh8LAepWLDw8AoAR0xNRCFCKilbdrmn2l7/+9vnryx3f3t7XyufjIOHn4/Hjx2+Ij2ScNv/zn/9ouyXp1+N8nPf2f//GwZvgVrSPgaTSWlXdhBoKbkx29OfTE4nr83haEFAb6xx2LK8ACSh7bdx0+H31MyDGvPf+6PP5efwa65BSVFWYkVCwZaHmDDmj2++Xt1r3xLJtO2WM86h1U230mj+QZw7mWLY8smw35lbrTQlflSpAkqrjnM9+PObjzy87B0fEVrb3682SbVkp+v22V1HIMCPgy+ikUt73UjGDpFIjlAlQ9st53p/zvI/53//81dqdmZRxl7fy7XdhMZvC7FEIbpHh7uYWYYDLwsLNwovs0xHscfTZ/cPDADljjbWe3XoPIrpd77fKFByXLcd6Hsfj6/n5a+zb73+7Zn88WXjT3z7PlZ02vYnyrrF/l7ethgfYulwvrRYk6r48zkc/v+b943x+fX49Pu7HWluzfBw/vu0qCJk+upsdz2foxdK/xs+MNvdv9+OjCCXgOdynKl8RyWAIUqFyzlDChJQCPu9BvNJ+PT668bJfj/OP0x/AEejIfn98HsMie8bJ6B4rjofW1W3EgjBXVTdUaXMhJOzvV0gGEBLiKKvj13M+B9TyjeiHwWbLMPFaWiLYOoMMUteilOyrP85z2sAe9/N5eDoI415oA885J4S5Wyv71m7MW9Pr0Q1yNamFKTGqqoo+ehfAPjuzP46frW61FAzaqp69q+yOtJWLSCFk4ZKQy9ZYRx9H06JMvuaCx1daIpCwBxCAsjz7x6/Pf7g9t6q1qEJ1G0wbQI5jJJMHZ4ry5f22X2oT2rAUcQsiVt0SlvtgKaXsgLBfrr1/eUyiXaQicgJlSonSX19zCEDyWJ6vaR6V0l4wECFHRgPDdEQE9OUnRxGyyAWBEYnErBtngEWtsdYHZbns1dcSVciaBgYAqVQqranFMy1jZbzsdxlh7oOYmAUdM7ByTdTukWlrTsSiwpDuucyXLV82g8BzIYA4WiSjey5AryxmNsdXq425QUZ4D4t8CZuoTIsMIuQIizRE8zg9XNulkRapRbdEcYBESITAQKGE5IrTRuS2t12BUnxBAmnG6P0+xoHcpEhmf46P5V2rIqBHRtDMrPUtIwillaL6OyaOeSBZrsxkxgrIddsJFD2ex33ZrKXk61wJn2MhEhMOn1y3cABuzFqlJuJz9Blj389l0+2+/ECSYUf14tQQsyqp0LTxMtQlBAHOOZKgiBSWKpDAGSsdMEWUPQ6zO8G+lS2c3TphQlpCDIeipbWbakVSVdCYsIDwlcXXTCSGBFappV4tVn+evXTkWOi6b0TI7sygVRA8iQrJXGOtjtLeLu99DEJ4AUP6eLijaD2eD6Xo550ZVN4Qwm1yqcyQHkXILWz1s49+zHQSouEmzBa5AjLwxbkieF3+KCA9nIhel7zAIARiFkTlct0vW60IZHMGkRCCWVNlpssl9gYAEynDj2UBACxMjNOezsMWAG1Mm4OBn0pQicNXpAdGX6sKmzmh7tvb0X+d6+jPsYuWWsMnMHOpSQzMc/UAKHUXapgUiUycCYlovmb0RHg8v9Ls2i5pGYHMxcZp4IzQ6n7RS5pc69WDiTlgZFpikjBYBiCyitSMLLxxUYsRfoy1PAdkJGSGu83MyPBkcjMEJCTIjICEnLEKVCKBSF9e24Yq237RWkrGWLMPMzctKlqPfuK/TIKohYlEpKgghYUbxdxqe57pa55nr3xp9TYNPIl0w0iWbUW498tWw5eDD7PTeqRTmgiE9elADOnKzJmGTiqNgCkAMpvWyPV4/OFgtdY1AzKJMyNZYc71df/nvt2u7QpQbfUVw9ciBBJa3jG91t1eSClWUtkv31laWEig6Fsre7cVuVSZhZR4a7ubh585YSV89YkQm+p8zuTqfjv6cyUczzHWUeruiRjc9m/bdmOlx+PRylXanliYCfj8FyJe9TzHCiutGfRjzIyjaLzV702vALTmtPnT4ot5MTkmE+5uYIgAUFTP54zIPseY//Xt9hfVWzjOOSx49Hm/L7NqnuZDilJmN0OkdHdyZhXMgMjwpGCgdA9IRvGMREBmCBAq/Tw8ghkZ+RVA/Pr8dOBjdC4sldwzkf7tb3/9P/7r33/8/m3aeXx9fJ6r56AAHlmoZUiCZ7Ky7o0czrSwTF8CgHWre20QuJVbg0aZFpOJDcwmBrBHhk3CnoxjHacdRBjpROiGSiokRRTSzdaadwNg3qeN+3nOdTzWfL9+22qjZwq9Vj8uIuaxwozAPYhiWTekNQcR+OxACwIsRlOtrIXr8tkY74/P9lZF99ljji9iuO6VkIRh9h5aE5M4ux3nhK1+K6QMdGlU1CCSkYNe+bhEQCQKz4zIcE9nJGQOM2TycA9XfWHNuGpFsCJKmf358Vbbv//H3/77//Ff/5f/9//ndr0J6+cffx5jffv2pkU+f/7x9fFr33fmfb9on6uvT8H2H7//P7+OLrRxwlYUfCmUy61UvSSJ+CkAym3aQAYVfjzvSlFbAV9BXouXEhaH0AvgFObzOO/J4ESHPcxPJE/0Nfv18iYiEWE4ARb43IWv77dltl/fEiQJ3JbDC0yFhLHm1xR3tMRpPvbLpWoBICJJoG79GP9/nv5sS3JtubIEpdsNAFU1M3c/51ySl0xGVo38/2/JhxqjojKSEQzydsfdrVEFsBtp6sFu5C8ohmJji6w1551xGtqjf/z19a/7bPdj9hnbdn15eX6+3LJcdFqELomfb1d038/B+Qa3WzhkDj3fgaBr0/nePKfyRX3OmH/7+fM//vRGiVjYVH95mrVWRBIG4fRxfwdHwVvNmcaF/IH+0drY04AEgnWR1QEQ7q8ff23d1mUzl8dB+8FzRik3FunnfRTSsUKnNqI3vN9nduMlhZQEnLkucuf4UTldtiIwvn790s9xDCfiqf3t/uMYNtwf535vY8Z8e7z99ft3Afj9589a+Nu3Xx57267FfJz7hwWOo7kQ1wSA5/3Hx3IrKd33h0XM2X2GqSfiZblA6BzIuHy9/Xoc9zE/2nxT7ftQM427mh1ALkxP26V1/2hzqD7e3x30tlGbBzKa+Tn3o5lQ2parK4ancFDDbVkIMwAjUNPz9eO+9/Fo2HrO8uT+4pNLkut6yVjPefb21m2q8/3omIywT/cB8eP14+3jkfLydNmu9UuRJdCHGjMGcF22NW1ZnjJdb19uHsf9fLVwpi2lXspT80DrQ61iIUwlb09Pv56PN46ZqVrHXFeLcnS8LdUBj7Oje+KapAh4FhaO/fyrRtEQ4iXxJcCn9T770e8Iw889YlvqqtpKrkxMDln4Ui/t/LjmWiVlLmW5EBfR3sO0Cu9nE5a1XpNbSUmAS2KHPJ0BM5E4RMzp3hMjoLjONk/ASYxMpZYbuEsqNS+gDyeSUt1jmIlgH0PEkng775KrGYgsiXX4XvKCAEVc544UFpRSVmWizJIQCIkU4TOY64bEDJwC0nBwZkaBIAeWVAGrB5h3i4mITEKYEHE/7u6BjKHR+sMhluXSx4FImYhECLO6B0YgOIp5AGoguDkwYrADmml4eAzw5n4IG5IWycyMIMSVeLGgPs9uZgGjd6RwVetH0JZIGa2khbMozbN5KDFFb4NsTAUnAdbZj3MODEip1rwOhVS3v0OyUYiKkKhFkmBBj7hwCmAz1WmccW8fR4O6LmbBnJDRHASJc9Zx6jyGMQFf1ttWXzCiFru3+5IaPs1+TvCRKnlYn53bIzMvuSgSD9tbp5QjEgL23qkk4pWpCCUSdpthU90yex+7P+C6Uc4FMDzsmNMYx9iP8+e359+QSV2FE1NC4iL5UvN+npd1oWAEJKKcE09PSTJJP3auSiijO0ZHVGaXVBzYARUAuAA3ZMzlOpUIcwDb31WjGuZIQyRUQZgwYvZDImVJaBY6hAkYzTTCp0U7JwYKyUQLwPi0/yICYCBGBAaCBzEjIXp8np8YBIBEWSQxEgRm4pISE43ZP2ebzPjyhdeVwzpQ5MSgWEqZagYxY86piOyGyLuaA4abM0rO+TweFbdh4q7MKEyZ8XapABfTTgGgHTMy1U/jT0QQSUm15DTHDKyMGUj8k81qw7T19jBXCz9bL1J1mJojcpiKUEJk4FovNV/6HOamAcAcPs2st5EXDpAgRmE0naMNO0tFj3a212O/+5yqfYwhlJg4wiHAIgIMAAPcPFQjnJlKWKj6QpLr5siUKrpp62pOkgLJIpZl8ZhB4cDM2QJ9jHBDNpHECb2ZOwam3rxc69SUpEJw1waEnPKCmhCLAIQRIwo3VUaoHDqbmUqOs58kHsMQgLHYDBCc7RBWTGBznvNO0mMEUKKUEGD0aRCS0PROXMuSIkJ1OngAzNkxLOcM2qZ+IKzmVHLNOXsQuiClXApRMnCLSYw516EdEWsuRvM8PiDmOXvTgEA3rPIUQBK4ppef9+9IUOtqQecevz3fni/fntcrIEzXoWOEUTiEAxAGJqmJWHNMj/Axhy/bGq46p4sadQxjpjY7pGmoaECRLa6M2MaZGEc/+nkCJnVPLK33mLHWW12396PVy/X5F/qPvxyETPh3QRH48PhMSEfkQAC1CRDCHH+fMTMQUpDpBCBCnHMwS4Rh0Fo2Mw8PbQOkLjmP0WsuOV+Jc5JyvW4l8xw9cASMYQcDDmXKgJjBY1mep06AjyIxQnGGOUqyWnPN6xwhiMMZqAS4I/Q55pgzYOhQNzO7Xr4wpfN4OLgIF8kUBGVLvJkrxHBQR3WLs7+bQQQ0HSnK8NF6K5SKLBDTpgJzBD/2Y0ZwIJMhqFAKD2EMMm+nISmkpi2YkMDmDNDtsimYe5fMdhizCg5JebYH88JoFubRkRCw9uklKWNOHABT1QwhAD0gAFkIA+cciGgBxEQkCEgAn9oGwjBTc7XQwAQsFp5qeewfj48PlLxdr6+/f3eLX//wT0iJyJgJhUgkiBMKgC8pWch56nOVb7ffvtyWy1rP483GgxEuayUAInCKRYTY+zhZssbU40NQKc3ePpb6tFyzcDLbz37f1s3Dho4+jz5OhbisVyTZx3E/7nWpOuHoOnRPc5KjIOWSrcWS1oBpY6YKw+bUbj6C0pwKHkTo52EWDlRSQQgMTVI+y11n249+d7sbwpzTzPo5AORyeVkzc3Cl+rK91Ly1frT2sAnkfl1WA045W5DbGOTH8ePU0c93SJfz+/dpceqcbrnInP3t7ef7loqkkpOjZ5bWei0rBB7tWNPtki9t3DW+3ve/9elPCxNmhlqISjpG/4+3+zxPCk9no6krUxGruvOMWQI//I4DW+PHW+89ZsKz2faUt+WibrWswvne+o2XpRR1Vsgo8OjD3O5nG/r7fvbHOChVBXj7+Xo8jsQhoijeHh/1qZyt25znBJ0KuC7yZJ4Rh0P8eP+zpGC6zI5jGBHW8mw2YAYQU3CtT4tclmv9/rM5jTkeADr97GNncQa5Xr5E1xqiuWI0hzW89THQIiGHczP03X775VvmjSA07Ogj5ySUABgwtWlDVR33ZhF1SbdKN4GNAW/b02X5YtMAEbRNh6nRbBKjjjnB+zSk65ft+uuXb0/bBUKmecrZY7LPnGUrG/kiuN2u/xBUxsTqg9Mi5Xk03erL/bgvZRECDv7t138UXhD4smxn32virmFGqrZUB/Q5WvAFkETSljdndO0WLfD+cf+5Xv/RLNy72q7jfhw7IhzHQyi29XoMq6mkiMx0uz393L8XkttydfMsOcuCXtxZCEAA1EYSIIyELuSZkRCTVCI+x2ymFoiUmR3BkJCYZlAoBIBIVgtZi7DkVMJdTT0iSQ6KvR/KKgnmHIlbxHnOA5FRKppl5pKW1qbITZA8ZknVPJacct3Ak3sAUnCCoMCIUEaRVJmTG4QhkMfnSh3YA/tsI9rfY8KAZsbEDjMA+lAzgzD3QVjDrTXP6xWQmZghAghIMKCPHdCLVMY8hgIEIaec59DRmupBcKprgJWl6hzMKRshAAvZ2UxHG7vOhmQ2VRJu17yVHBAMmFNOlnWKuRJnqkLE9qkh0db70eZj2rysVyK3SX7gtlyKbJRykKi65AKgQpfbtpqhuaWaWj/b2AFnn/P8eCDybXsRotv1NvpbGy3AAxTBgdRdE6NwwelLgZLepkstOdzNTdIqtQKS5BzWwUFyTRNUAQgDSIMorcglyVJkMZ8YSJzMbIzW29xjWFDmnrASeficNqf11j4MXsLNyfhT/+SeILaS2vGAUEbX2bIUAciIksssdc4DXI+zzfGO6KWmnBIAfpZpwvUT1a9j2tQ1X+dUD4uw6aqjIYqIoHhdL623MWO5FgKY/SQ0HScvCyHnzImBUUzDTAEY3MFdmB3cwsEdHQgRAokSyeeMGwLwMxhECMAsNbMIIpWaAIOKCGLG2LtKxustSqWcuBYawzlAUr679tGZqLczUSoJP+4/Ka0EFBownRk4LHyQTJ3qRu7DtF1LZbgAbq6NyZI4sdocw4yx5noRSa6UKIU7SBhEHx1iErn5MBsEQQhjdCZ2iDEaJ85A25J9zsCRiiTgCXjqAwERdPYHYIYw8yGCbXbGBBjDPSJavx/9GLoP7WpOxJLIzQL/bnlyNxQiIkZWnckAidQ6In9anMOLSAFANWNiZDRH5ixSmEGDAnQqq2MAqk3hsKAwjzCzYR613MgFvUxHZqGUQ/WTaxWUs6CQXtYtAJFIPQJRY5o7ET32xzSQsrpDSoUpEMLmYAALt9EtzpR8Hz+YWwSBZ8c1SIRSmJl3gpElEHB+EuY/TStuxAl8As6SEZXNT5ELBy21IuTwOd0AYkQPssC5rQsTAQSjY3TTfT8/jt6ybKCYS8qSKtu1RB969lMhJOdrrs+Xp+f168v24u6RdLeP4Q/QjB7mk1GWXD84oM9aC+dlrWtN2Zox1QiyOaRI5bKfHm7TrEglvpjXQHDrEKOPzsIYAES53mbHlBOiMKFqv+92NO5tTFUisXEghoiMaSSZpRD9L+ksBgWaO/infxzdlYSJ8LMngIERAYTCFdHPsfdxPl2eGctlvZz3nr99k7T8eH3/9u3r7E0Ds+C3p1JYdMSpLcvt5fYNI5a5aaS3vZntgK5uyJKTYgxBqkux2V3NbR7tZMLRFcAtYM5A5qH6fn8XktYPD69ZeLvUvOlsljKizvEYdgaEmc8ZUzGCspSaVnRGQiSWVMHZe2+9HbOz0P2xRyBzMtUlSVq2R3sP1wDd9/Py9AIcx9jLSFP70fb66S4OJUG3jqBMgCSpLG44dc55AoakNcnLnHD0lhNmpssqJTGGERIgGQYAqlr6PNSHCXIEcMqI0XtPIh4wRydEYpg6KBUPO88TkXLJHx9vTScIRtDH47GuGwn/5S9/+eW3b9u6no99Zi95TTlSWgJ+XdYLc7lefrldt8LSm9g8w04n8OgAdM4TA4cDzgAYOh8phaqmtKTECFhyebSuYcM8F+hTp1mQgPsx+jmGugfQeZ5jwoBccqQ5wCyFSr5dUjqOEQzH+XOBxTCYaZ8nsrlqGKSS5jhGM8SpIxN7AAAgAElEQVT6cv1KLASIobM/HLDZ7K5jdHM051+e/rGU/efjJzFWpnW5LeVJZPskhOwxj7NdFskJ+mg230ByH7va3uarQy/1rBs/9kdZbufs1y0gGHH55cu1ZHL0n/dXDyspidQ+Jhrksq01CQEGD+txSa0/Brggb/kFbF1yF/m19TN8wbA5FDwZyBncTr1en/pYVswUs6v+eH+MA54q3c+u/Hi6PLv7vp+Iuc94f/RUrgax6znMH4923Sro6H38ePt4P3ZHwZDCuLEthQU0jNSamseplPgc0wbU+qXUF05Zx8dACKY//fjzUjea0ppf120hSZIIzcIgeMmXIks4VXmiWLre1ysf5/0Olku4Qk0rWkak6TkXxgODODCVSmYGxNZhqS/b+uuaNgIfdKgfoYqJEy/ueM4REdNpWF7LZcnXtW7MCQmDL4aLUTNKk9Jp7W1/DHM/R8kJuRDAt+3Zuz0vX7dSwxUCjMDUWWCtWQBTWohKBGapEPlULHVdL98C48v1m81j9r0k5MhJrilvUxsgZ9k8AAm7wxzBzBbhESxs04RIhAMICH++vSWZAgDWOdVh98f+OrWdxwOZ5sQQGlGsQ60LcQEMIlhyFrwwY9vbbb0Icp/gM4QTl5LOM879AQw6W0mM3smFwMShcDZQJ0DExIKQTH2E+Wc+mhKnjChmXPIS4UJc1qfhFgHq5oG9DQY3OzUcIRFKIEU7BdPnhD7J4n4wVkRYSzZzBsklqaGpO3gETXdQyGkRlmEdOBGFjqNZuyxrRCBSgFmcqoPlwiAEjgCSUtH02B9jDEpMzmgx+2EOS704ss8uiDWv4WDA7t7GwyMiE1B0nWjIxER5qE4bZiYMpqZmnKAwJUyIqHO6DnJNqB/nh9qpOiWtpWRyRzcRIQJEJAJiiolOnFKGIHTus4XLstxI8phDw842RNKYHyyOEMJECAEREQQgVGTZGMjV1DQE1Jo5QEyWclmfhSjUs2QuS9PzPPa9P0qqdblNPS008QY6x5xZcvKqUEx9OlbCcCUmDAH4dFxhylWc1MF81FpSruGKYFupY8KYlonv597PAzAN99a+r+W4LFsS6v1ARGJkpt6OITsaDMxJJCG7wmxTMLlNYB0TKBiAa9r29kYAW9nWpercc4K6pLPtROw2Z0CfI3yYo7ojsE3jBIx5uKr2+/ng8G3NY2rNdYbP2Wq9FL7oNPdJMAO0990g5VzVbO/a1acOC4a/oy8+UzMACBAATG6ABBEIEIBIQBFERJIkiHR6FCJEcyOnyhIJbHjKZVupiIpgzWVbK0EYezcHJLN0DjflbtMtuVOwTQ0PAaQsS8nLGGdOS5Iyx4GoJXE4b3VzsI5O7B4NQ5EDQy16gE9Na17Xuqlpm2OOpsgY6q6qLpwD5tReSnGYqXDF5ZwHhBEAsQDKsEl2Tle1MT+v7gyqti5LM/XAMU4d8Lyt6p2FzmO3mEhBPJFNmMAh3IlkmkIEIRIRBgSYMBHGGC0lvl0rBCbhlNh0Do8INdMIMI+MIpKQPKZPm+4bYDZ3cANkJJg6zNQcLutVpMa0UH+6XAPKMUfN0oZdUua12DyFveQy5mQwlhKhGhaBwHTMA4n78a7mtV5zJkdaU00pTe3gThzHOAKawTn0NBXAG8BlDmaknBnw05rkPqcFIPHLy2+P/eM833ICnW1qK+X2ev/+dE2ZcdqBrB6qAVMngJ3nh/pY+CqpEFAQAXEg9HG83d+K+LfbL2MONyCWBOlpedmuzwbmEAt6TUjgRZaI9JjvFvjz/feXmyRaAxAQEbik4uvSm3+5fIGQHLluS+VSU2VAt0nMJS9v56u6X5dNYEFnoggD1ckISUAVBDEsbuvl+fIFMN1/vErknz9+/Nt/G/e7g05OQJTQzQABkJAY0QMgDBwBQ4go5T4aUsIAcxVJEDBHQ4AsRUAAUE0dABCQMLE8PT9///13Y+Jy+Zf/9//rv/7X/8++P1RHYtkuy9N2BuhQ2Moll+oQW6qJwCKGvj/aY86hNpdSkwwd96hfA8VBgTgA7vtDUiaiaKYxXD2MgQAX9KkWyMSMpHM4JmZp54ekT44+hEE4UYQg1lRKwoR0rdulLoQ0x0jMudb2aD5Hd7s/3krePKDZZFkT8pJWd0Mcw+z+eFgOAjv7G1EWYQUMGzM+t/EWFI4cHu5BiG6mw75+/bWd937ydVkIl9kNTJ82YubP4q+pqgVxQgSAAAcRBgAiziXrGAEETK4TP7nHJG4uCAY4ps1p4W6zz96/fPm1neM4HwDxx3/+h7B5f3tbL3WOgfw5VDoS4Zcv/7jmfFmvqVQJvqzPtdR2fj+P4WTH0ShLa7tI5rTc7+9LQQI/jyOjiERgYS4ciEMdHMDUJkZAYOFsAq3dz8cdVAujWVxuV0Pezw+XTEhTh44HbbdjP4a3InG73dD147gz2XHeOcne28f348vzM/ECZpdANgYkN93P+whrNvo8Y8xSnxbM5AoZ8OZ7e5SU1ryQE8wY1o/zY9pMWbp27A4hrR2c8o/399HuAS1nXyQuaywlTR2P1L5+TciKTtulRCijO/i//ee/betlu9w8qCBj5nYeW72V+jyPDwjPye+PO12eL+EIIrDc6h+q7GYm4GITQ8a0/ezIuFTQAF6XRJvq+9lj9njd74lRw+7bGyS+H2/ff/y+3S6L1Hlqg/6n3/923/uyXo822PTsuj/0vutf/vbnX3/59svTervk50tBzAazq05P7o0jpbTUUm63PwCsKRVal10VWEzb43E/jjNTDj/rEjWvBmHqww2kEKU5J+NSl+eCz8SHZ8gJIPqcvqZrWq7HORHwWlE3nH6mNC7ruN/vMWFb1ufLL4Vua31OMRvRGANTkpQcoHX1QCA4+xRe1/q8ptta1zla6AQjpjT0bG3g5xos4rJcl+W21hUMgrgfJoskXsf0wknY++zLsgpiYRnn0HnPJe39MTHGfLsfr+X6a6n1Yk/vH9uvL//Uzt1sAPreHhkBwoXkcnlxszYmubs1JhYpiGJuLJyl0B7nPGpNtVyzeKmrY9rHo/f28fiRc6k1P/YPN0p1U2MULmXNXBOqgb7crn/928fz+gUXqMLuYHoChwQIcAaeKAIRpjrCKdxjB58BqZYnIVKEYIEYi6xjznNGGJHU6cNGL1kCwmwGBqdMXBMHI/V5IKAaHP2hNpHyUp5zWj75EAAzwplQ0IM5IDsiECdCJkFkD0VCMHObFLiWlTlPdZtzGosQpQm2H/0DQ4RTEuSUCy3EFwoIaI5q2gAwpXQRVtNQRi4xjSTlXBmTZEwsQqjTMRwRmC+Fkkju1sacqpMAPGhOjQAGQwAzMOMxQdAyeC2JJY9+6tQ+p3AmAneEIAgkAJ0zSYawMXbTHWAwow1DZBHRYMIkXIik1mufer+/U0o5sZrZ3DuYQ7c4hMSCbvVrkg0hJUogBH2QGUvTMVK9PN1+W/PNh2HRYUP7+XlySq469ePjZ34uaqfOgoiE4doZbIapxVJrOMZU4mJGTFXKMm1QpkwMgX14Uw2AYSaUCZmAiRAQoJ/vj0OhMdda/OiKbEkT+JTEfUDmZc6h2jJl8x5jzNmZEgCZjghMKW3LhSHN/jAdYJaYSkpZuKZbzkGCwhzRj3n2cSqAgauDG1UpEfDplSJmHequADbGlLTOSZKXp+vCvAyLjFUY+ngfowMjMbRmZn42vX/sahrhoeFmAECIAeQBjBEBHiHIgQjxdx0esoh8ivYyMksiQgSIxDj6yZwZEMAuF35+yk9bKhxmKlyAzPuMcE78eByZyYxe7/u2bKwaJrlkAiOiCDSzPh5zHuC+rlUgE6Vpu3pz9ogJYDrPYUNy0Yk5lUIXhgT2mZTrc+4sdYzD1JElpy1n19kEFdDmPBE7wWSG2U+R0ODD5jn3stwC7HHet+2SqICBYEpkczYMc7O3953CS2YhYGAE3y789aszQzgwkplhEPMnfQTCASkA0N0QZFuvNV8icKmLcGl9rpcyho0xk2QPIAizWSUrp2nmlt04AFgyEE/TgJjuktdFVlVb15KAA/MI7vtMXDKtD1dGxHyRhOYj5U0kMRHq4JSa+jiV80Xdz34w4uO8V4crS1AFBJYlEU9VjOSWde7TB8IkSu6EsIRnYB69n3QHbOCUcg3iT5MrxlB/mHvT0WYwPTnOs48+dgefplJ4eEei6S3Lgswlr3P61BmQUipbXS/riOmPj5/X9UkR7ZwllxS0lSyJgIDhDFcUGLOVkitsBvr6+Mvr/U+39bdCZZWnMdsdc+Z6eV5CodbLdbmBGgZcllvidPZHwF6XDVoWAqELRGLOPg9EtkgW5gGudqm35+d/IC+IS0rXl5cFHx+//Rq//DbPo8/jAQA2Tp0z5qDPao4pI7g7J2IQNzXzlAsS6VRE9DnNIcJTSkiBAe7e9TCHpdSc8rnvIvl6u53H2R4//uO/qfe+bOU8H4KcBBJ2CygiRAGoOrtRzbyqG8FL4tfuigycQVjZh1lzSzp7zumcWc2nNQCsCOFY6rLvXfJS8hedR6jWVLZahUDdQVTV+5wiQUjhgUBEWEsSJh1Wk9zqcqlfCZObNdfeB3HOddXRr9vt7e09SXpavziYe6ScKW7g/eu1/Of33//8/a/+9dtWCvix1mU2Y6m5Xv76+98g0XF0Tphz3s/228s3UwNTHcT4tS6bh/WGwmUt+PIERO9MDIg+IQl7GAICBrgSQAQSYbiRUHK0OQkpAl2NRZIkt0DBnFNOT6b6/a9//fbrH//24/5f/uWPufC//9//PczKugHyp6pP9+PlZpcrP1+3b19+zVgQJZW1SMaQs+kRcNoI8IFgjobLOVwcnPI5H2EPBh9zbOvqmBQ+6+lnQCChugGAUPYU8An3QlZgwnzbCgseYzxvl/f7x9F6SXUgzNdX76ewXJ6uYBki+qmS0N3b0YaDc/756Gr916//cJwdYqy5jHHezx/H2MenIhpho1LTzee4Cvs5FY9LTRyOEUhu1pAc0X++vW7rKrnM3ls/fYzWx/1+Mvb8vGTWRLFUfv84vtyCjkmY2uHg+uXpxcbRpznAn37/M7x+/8Mf/nVGo8TC6bHfOQMiE+Gc89Eepe73dmzrE+Jyqb/8+nX+5W9/YmKp2o9+nN3Acy7HaeuVVI0gh65jvCPjz/d3MPs/nv73PmZET1L/8esfr7df1q3+uP/5P1+/v37M77+/i0zGhECmEyPOgyi4plQkf3v6ChB5qXu/z/FYrr+e+18B7Xa9Mtaal7V+va5P4DYJho0x3q/19n6/m8VsJxEN3R/7kerKiVt7g7yCOTMFYwSF4dO6tdZZcr5uGS8AdV02kAX58bReHf1x/07xMOa1VMI1Uc10xahmCu7bUoShncPLyIgzIMCIuKTCWEtaEjIQCnBylyDmQpRDTzT+w8s/fXn5LdFGICQwzH7Ot5RYdbpHWbkdj5zztV50aBj13s/xe2r79aa7yo/3P3WbL7/B7F04P23fxqg16aN/7Ofvpo9zb4L869O3LCuLZZ7f72+3bXGdPkdeMwN5jPv+w/WxFGTC2/XLmhcNNz9PnEd7B3IkEabLygjc5jnmeHr6ilCIMgXPOGyOtV6QxDRyrnOaJGQJYcpmZI4B0rSP0MkIUCQioiVJ4c4kQAzoSCRYCMKDXOpjHltZ++ijd0o+YApiksRU3Yd5A+81F1e0OREMQ6fe+9hrWhzx8zFjypLJLFIqgIUwhIUoffLJPGLMqWaSls/iFhBTqiKZvCNAIIx+BHKKBZAJeZEVsaqpOUHE0I/Hoy31sua67zuj1JIcwwPRjRFKXoWFAtCbDcWARa7CRQhBsXt3nQ4xHcyNgCWR2nQPBJndImMqEgh9dgcgqZmLwGp+Mu2mRkgpFebs4cMaONo4XffCxSggTEcDzDWvuZTWH9MsybIuIuTgmpgBpkc7x9nmG1FiWtb6nJETJabkwJhdBwPlAKl1E7wKrMuWEa3H8Wa7MIh4b80jEi9Th9sYcagjuibh47DpoJEsspss6zXJp6OAAphZSsoUjk5L5p/3H4/9Z5aU65YAiHD2M3SUnJPI1Dl1ZxpAfBx6XW8ppTktpTVJcps2m/MytSemPk7ASCyJc5JC4ASmtjucZg9mXyR/8ulSzkgBMcD7tIZo3fY+naUQL4R5XZ5LWl0dJbl3B/eYroGZhVd3J0icUJVTKiRlWmu9BbhN40Cd8zzPPoaZhxpAqBoFfn58hzvh38enIOh/V4F5/B26GsgMSAFUl8qSgMgCSaq5ubnqCJuZlRFKuYDP9/09M35em31qXS+y3dznz8dPj+BEHEHoYi0Rgat5pJodjMCWpRBYLjUlPk/jsKkwZgfoYV3nHGoB9WImiQhLksUxWEubj3GebTQkWfiJsAJYZgttFuq2t3YACREkQmJzPwKSzXbMfapyKSkvBFwZI7jkFKrtfCTC3kaSNBxrXs9zJ1quN788va1bPh7WzwMCU2JENPXPQvnnRQCZWQiJETjlohMZ8HZ7YQKi1SyCAjAIIbF4kCuAU9vtbOAm18sV0AF0zglUMhfinBJlIAI+5+izc5IxHuC21dV1jDl4WbOskqpIMNrczzlGLqv6aCNI8vPTRhBv7z/u95+1lnMm4eoegsRUanrq1qe1No+U0XureUUR71DKSigf98f19iUnNjeLAUQ50RzR2mkYIeDAKdfXt8dWttuSDO2jvZ7Ha/cPYUwpqX1heFozcmINrrxN+9jKkr+JTTj2c2+vwTkAIV3XLS+SU8rEXMrl6KfGecz3ul4FWU9jSm/333O6LvVSy7bYWM73/jDEBWXhtKpjDF2WpeRFkKdbu3/0YOLVzKbipaxLqi0m8eV8jDEjpzWzES8wWNK21C+1bJdL9NGXhbdbJh6fvRrXGe6OABYRilkYP9+iYeGfJVQwR/9shpt5ACIgz6nOEIFJ0tAeQEHVAxk81/T283WcR07Sz4cF3l7+gIgKuFwyiU+kUvMYdrTzul0+Ho/rcmEqYGuVLwpDzSECcTDPqSdhESQEpKCSlrf9PZNAFiZg5zVTWZ5D2Sdu+bKVykiIoWE2JjEJAeOnix1EkqQ8FEiSF4QAAkxcmeoZh6tKKh4koUtyItI5MwkA9tFkreqQGZHymEfNiehy9pOEBOL3t49MeVsiiD8LCu/7Y71tqSag1KYWpq/Pv6Zce9c+lMkBGCgvy2WpvZTMIjo0CBDBLSDg02EcEYTy+Z8HsDmn6UycAgPCzSZz6r0vfCk5jzFIklkngn/63/64XS/CUZfl9nRVx7/97fvXr5dlLYxZRF+u8nSpAljKwlRYEmOET/NO7DnB6/3NQDDysv5qYz7OB2CAx2gzPC513RUXl6XU/jhsUlqzJEop93YQIziEOUo+31tO6bZ9Ibea+WnB++Mn1owa39/uu7Xs85L5y+3bVm9zaJudgHTatt5kTuhtt949lmVTs2Z7SWXMYqattxbn23lEpD88/zYdxWgr1z7w+ZosvLd9408s3mh9n3GoKWIyy4+HZamppO+vP97eH2f/3JlzeXrqo4mktWbTPdMkJEkZkDyAATLBx2P/3De9vt+/Pl3m1IcOM1wjk0hXfX1/f993TO9L/rrG5Xb75uHIvN/3fp4Crkw156MdiUVI3H2Odg597HMp6xyznx0Jr+t2uSzvx/3Xlz+sl6+JrxZ67vv5Pv/2p3ft9DGOs4NaJMG1Utj4w5dvGSRLFbk9P38bNo4B20Lf//L7L1/XT8sN5zzmWGos5VbScs6hcEJJc7Vvz9/2o4H5GB8AVETOdg89h7YlvwgVBDzvvyfGgD3Czc3MU0lUtizXMZzLdrv9xhjHcW9LfX37y9PydQYH1LVeiapqH32giBkw8Xa5liSFGcwfR1cjdEAEDwWDSlzTers8BziFCyLT9vVSb9evW3ku+ZYkAelfv//nknHYuR8HIiJV1ilJdMwqm00HgGnz9f0/Xj9+REqvx8cf/uGfEY1gSMpPl2eb9X587P0RqI/2Fgy35bnNVqu7jjZ2t7PpbiY1LzqbcjEfY7S9fYSdTHLdvgIAicxpEX0phFDNbC01b5fK8b7Dti1gAU4IOWBOw/PYkVHVBWUGD4VluwGCLPWmBkO1FFB7P/bXDpAQN65g0O1oY0hZJa0QWIQZs4AlSLTUYFEbwuHa55hEqdRsqsrDYrp3tcmIgKEwkxQk6XN3Dxu7ENecPaTPjlhIkpmVcltKCTf1ANdhw6ZNn9M0/g6IcKYixAjuMckNkRC5zxnAgDlLFURhCI/ABORzHMTBgoRc8ibsqj1cE3NNteYlSf20RrBkNg8jghKeDSglqR4QMPVwnzklxsxk4QwEgCKM4Wo+AJQw8WejGAgwwErBdWpXnwyYUnGY4Z0czXrvh5Ejgs4BgcDwmYYSyXOenFKt6HOAWyl5TPNwizm0M6fM0NuRotYlU6j6VD3dz6nNwhFZDaRKTpmIbFggOAAiEVGw5yytHXveL0u2EVk4Z4JdCVBVR+vPt7WWuuVLU53j7pRELmu+oXXElKQc/X7Oe603D3dCiwAPZMi50IExzf9XoEK9H+OsmHK+lJTdJrMgYRCc4zBJnPKch3pcr1+v69fZp7v2eRgMqckdl1IeHz/UBrm7GbHOeQYaJoQzxmyFSsmXbfllyzdElgWHzjbdw0josq3k7NqzZHIlYvpEm8Ic4wEEY46jPXKqOVfHkCJ5yQCgbhAAiPbJY0KCz20JAAGpeWAQQEQgopmjGjEkxlpKSgIBGDinBoLGmKY5588dW03l7H5Os4gADeCl1spbKmA+kHiMYT4dtZaamBJnYuzWK7KrOiGCIHCShIhAERFIgOjMqIhgeLahHrebIpFwYk4RDkCqdj/fhEuWbODumDilsrl6O053ZSFgyVwSI5GbgjAexzlhtKHP168ka4JU66Jmp50BCMQDFATr5XIcJ1kAVeEQmdcNrk/4+1+AgQMDkSBCWAhp2nR3Jk7ELDxnP5FSWEmbpLQtC4QBJqHUZgNEN5Oc5wwLEEmqfH/0PoPwwknMzFxTqubS21jzEoTq08mc1S0MuiS4LE8whrrnskRagpCih+8AjqgYQ4QXSiXXnCQ83P3++NHn4OR9zAgFC0niUcOXGReL7nMwFqRFvFKqOlFqQYJpOcsSOhRmxCQE1Qflz2GxEhWwEJSUqjlHymX5pmDhp+qbR57B+/Gd+VJkQTKN7tYLA1kcOrYlH3rc97ukCjCe1q+Xrax541TbuEvRbg+1Md9gW54AIXFGAAYnTAiFogjWS31RG3nJcwwHE/c5zTyI3ExZkh5suoZNt1LSpeQ1Cfexl2RznuSVbdRcq6wp15oFwHpvl60y0Ov39370lJMO9fik/zMIuBoiehgGuhuEA0aAmykShAcASCpt9MTCIu5OgGHhZojB+DnT6a8//waOl6frOfqXX14C+ePxuH25BWzbNXNFVWq9C/K0aK1lqGbTzRJvc9ZCmxcNsLMNypPIswgBtt4AKKWVcM+1REyOyIku603kMoMqYslyvSzn8dbHoJzcAxxKzeTTtJWyWGSPLEx//+oCTLSoR6AGkSN8ThNuy3Z2suP49vQ1jMIiSwn1rhMye8CY7pOv69rd3x8nSYR6hq6B+5ipyr7vHjGmPvb9aXuBgOvlMo7Dgpf6PPRhczcNirKWmogJHQLcI6X8ef+JcDX3CAJgIWIxm+Hqap+tfY9gFgj/7PMAUZ99qN2W6zjajz//+R//JX+89X/6p9/+6Y9/7HO+fHv+uO86PSUSpnWlRbwQF0GE4e4Uau46HgHDYaqe4JakMHOGbKlcAbvhz7c3mzzUUkkBfA71OAnh+faybTdGmLYDdvN+th/m7jqFsAijzcx5y5sQGD1ch4Rnxsfw45wL16k2Rg/03oekKlnCLcJLXZ+p9OFLXXUoZp7WHu2nUFq35fX1dU5HNHNDBCLMpSKgQityc1ML8aCzDQCDCFdc0tNl/YUpQfjwM5XRbSdeJG/m3qaypDlAUlkXn4aP7ucZhGQu18s62r5mk5wMhIASiKt/9B2CUhkZ6DjuXefPx7nrfz6tL1u+3pZvl3I92tulLuf9MXxkwduWtu2GnApTTaJmPz4ej+6Ua8IiKH/45UtNwQBP2/b1tz94rD+/35dKbORN2p3GcZpBGw6JklCfY8ngPhHL9fLVoSAtCctl7XNqzlYlT2s5pfNsdbsC4sfxcd1ohg3tNac1bwKcYVednlNJrDDe9p+/31+Pj/vtSdY1ZYTROyVw1L3dpUboVH9LchE2SQKqGLHIKtXJupabAq15KeUp52tv88OGE47h7nW7fC2ykIMHiAgCR5DOcbadzMuyXNbLZb0uJbfZwA9yzTldl6+Jny7bL0t9ch9Hf3XriP33n381j1SW+8/927WwsbpLzqOfqgYGEWCmnGpJy5K2TEuVHAgBDqhE8zx/evRzHnr2peQ2cuvvYPPU07C3fgKUoUfTVuwWgMPsb68/3Pbb5UmkuBsm6eM+x67zRCiX7ZqghM2aSqzBARIhROE+bJ7HKVm6zqk2wLpakfVpuQa6rOv1aFpdRWDacTYAgL23rge5EyYHxHY83X7hJBMLAE4HoCyYt5rU5tneQz4BZ1B4s4ijPZBDtSPYp21G2JOY2sgJwlJvHVCQBFDNoQ8smCJw2yrjoqDMOHwfOns/I8IturWlVgNFnITmGpkYUM5+Ehe17tBy2ogzcrZQdTU0MFMFloUwg3OizAwR7NBrqctyERIEcIQxTBiJRSGIM8RScjUbY2oklUROrUhOkswnSzId01wYEXrME0slpgBZy6aGczqJUEbT8X7/m05XVvUJ5O5+tnaOQRARAZGI2HyggoWGg4XCeDAyUBASACCEmnfVNtq6SMrZTW12y9MDz/PYdW/9o+nR2pnz7VrKp1YMwj/NMuFAwUXS8KH9XJcXoujnnlOBcIm4LLV9PCjgtl0yp4S11hexuId3P4Gi1upYygUAACAASURBVCfUgZ9ZDiQGYxhD9dQTLADRwsCchTlnNB02yUlEhmuKAM4aOYtwQkNUVEeaw0VYDdblSbAIrlLBwrprmCbB1hsY3dbVvIXPMZpk+rz7ehjzkpmKXKqs4kmobOuVJR3t7gI61kS+pKU9rK5lqWU/mruLtQDrw9361OOx34EA3UIn5lwvmGoOIgQPAgCM0Pi0IUAAESKaaSAwCxlAuLkxMjgklporQSCEuqObu6Zc+1RmZgidbRqZe5KyLDeARnTJfN3qVjjNcZznzzUBMR6tEwCzISoAq80xzz4jUSIp3bwwDm9h1sbjmG9ne68JESWCkMQiNFS9D9uLXIQ5Ihx16Hn0fV2lMKkGExOwmzPnaTNg5pICE2NhhoSu89BAzjK6AaCkPGekJARJGMgDIcIhiETCXXPKDIgkSdKlrH/8h+v/9i/jP/4N+yAdTYiYGAE8ApCREFD6nLWPmTMAzen56QpMamNbL6YahcacwgwMEJQLOy1t7L3ZcfoYU80DcA5F4D5mhAOYx9RANe0+Po6HuhYJQMqJAZeCzFw6QDc1m2Cj1OJN5xyZbylvNV+Wsk1tY554++JBZjYihLhr90Ciglht8LCMwbfLL4W/LukqlFWnxqfo9CppSWLRH/vxQ9iCVPvHOd4BKVNxP5gKYOSyKqDNAyGVdIE4VZv73fH384d+ffkDgO7HextvDr6sC0p6ff3Zx0e349Q78ZPDLeecpXgQYhrt/nZ8F+anK1rvARju13oBt0CfrhhUaaEUj95idGREzshsGK/vPxKCQyBSRMJYEm9revHJw42EhwmlZ0nrMJB04VTK9kRUj3NXH/d9H9bvpyFmlsFgOtA/QxscgvT31vknUgsACGyohyEiQiASCwMiAaTETHK2wzxqWgqTm2OE1KKmx/5AIg214BcyRBaWp9vz46CScZi9vbctr5Twfuzu+VaX+75vS01Sda7WC8SiOH145MqQ6qffOujQAQHbsqQUGfOarzllppLT4iE1XUNHEpSl1lyBac4mTJWZE/TeAWX8PTkvFKRuOa0ouWvTcQ+GNjrHvJSCQDmvWWnOwTkjLbUs3g9BbuOwObfllmhF0FLIPf728Xq2wW7/+FviiLrUNNtKBQjDZq0c0WxIEhrDNQ5TZxQH72p0dHV1d2ZmDvWIAARCjE/fHAKQJBE2HRHBny86t0AAREJGYiA2i2iDcn769ouNcb7vP398z5yer9t+mpRl3Z5K+du539/ePl6evwZtRIAIasNjBqf9oYwkqNPOfX8Dt9t2YyjuwoiUN2Xrbz8TC0KdPt8/9q/P9bG/Rbl8vdwAJUkFoo/3H9MO1aO3E6kwy3Z9au3tPI9vWxmmCJSXK3YX0rVGcwDK55iw70PPy1aZERVKXUi2oL4fP9dSGDQjXi9PEj70DNxrSoeO6QAg0+C+fxTeIs0s+VKfj/nYj49m70kyhiD6VJs2s6xfXv658pNwGuP8OPDrTc4u+/0DDI3s+/f70xMJEQLWfLGFjqFzBEN6uj6vSQS4lOve5jDanr6hjvv763W9LutTFTzb+3keb/f+n39+S+XxL7+9XvlWeUUis1B1Yt7WSxIjBA845/zy9elSt++/fxhxWtj6qLxdbrdff/ly+/rs0/HTSa7jPO9zxGOf//Hvb+NBQnV6u2316ev1emWAgWDWDgAY5nvXpXUh7H2A9S/PSyKuuSDEaMf72w74kfP48fF7WWvrj5ftcttehgEyV6Yl3Zil68GSP8728M7CiQndL+uLaVcNg9Lv7wE9vVzclTjaeT/OPSx6qkzixpft29Emc8JIGAWFwpMqtI5Pt6+Fr5ULkzNic1wXlPR8HnchSlLXupVyyWWZbnt7NG2YycxYqvAani3I3Pbjbfr5/vH28bgDQw4D5vdT01LNHIGRhVLyBtv6crt9kbK97a+ZF6KECOc4jv5j9Pvj8Q6ss6m7qPbzeOSV3j7wabsQAEJsa43IhEAIOZfWZmvjHO7mRfXo+5gHpZSoExvCqKlUwczFtVQWQmyjb1shN7U9sAtN9IHurj7dCGJJhIChIcRZGGquGIRkTDBbP4/7tOlm4bOmggFne6+xBHyuFEUkA6IZFqQolwjOTOpTDZnw6LvDBHTECQAEIRIiDmHMyVlcgwDMIMITr4jJQ4SLWkwIltXBALs7qUEE5pTd0WIEQNjQOUpelrKduxMngDD3wPiMMH7Gs9112qnRETDRglAQGIA8nJgTsjAJMUnM8QAkdTP7rJlJ5hwuW72oz+EzYgiR8JpSClc1FKAZIGmOflAIcdbxwYVzXlkqRnAiBPUYQbQtX5IQAAcIASJM5iUlp0DExJgA6VSfcz7GgxGRPALRIacM4GOoCPfWzR0ihyehVTCrWjsPBATyaef74/ujvX3s7xbztlznpEQICGd/uI/Ru0MQcE6chcCnmyMCkVhAknLhp/v5cMclrQnXgNL6MMeU1vv9HnC6zUIZI5Lg9XIb+nY/fndkM2MGst7GoWaEvOQ6tev8NMhMTsnsHE2ut19rSvMTJXt/z5JFxJSYaCnXBAsGqXtKSUQ0YtpMKbn5ZbuYlzaaY9JQAAs0BCpFApbb9qvAKlKuy63kFQijkva4rl/OHRH49lTN42inMbuO/nirJSPAHOfH4y1iLEt17cRJEgm7pCBJoBpoqhMh3Ka7AZAjBJCD/69lgLuHmQNjJnQ3VSVKHphzXWoBQLMZZsjMAbkyMB+zC3HJC8uGsC3puQCKGyZBiPZ4m3oSJ0F06yQiaeljIM2jjetyY8mCoNG13895tPF4//iOOCIyBpZUADTCIfA8P7Z093wDXtAMbACaeXscIFiFN3PP6wIAOk8R0WmZK3AG+/wlNLNRSuHQoldhdARAztkJ/x4SkHzXj1ILk83Za3kGD5H0ZbkJBUb86z8//vu/xr/9fyGZeYQ7ACAiYYJwNQxhGa1H2NPTC4kMncNVjCpYEAiIQ4w5mDmXIokMR1ecAb3LUNOYAMkCA9PH8U4Y+e/RjNltdD1PHRZhBs/bRedR05VpiwidZ5sn4sAA9RgKRJK5MKSF1oUWybiWS3R0IAMiYiKaQxGTY6hGQA7Luazb+q8L3jJIAAkNCqv1KvkZApBwXZZAaO27Wg9oUnSOcXZdKxMnhhVBw4Ml2E3Hqb0BxrBJdITh6MlD23knRgI0nW57wIfwg+LRhxJWtx7BxKn38zzvarO7/fvf/vStHb89f0l8qWXNsrk6gpkG8/brt//i2F7LX3vMY3SPYZQd8cfb61ZSyam7FV7LtgmlRdZQQGJwclON2IdipLxcps3Hoy0LIvj98fb99Ycxl3q7PfX/YW8eAEzEDO4WQwNIWFIOiPAIiFCNMAwgJgCIT4UHUE4ZPD4vBpxERMyx1pxzaecuaSGG1h4kzJLGMeqtOHhrp5sgkprmXB38aMdQU8iBgm2anxa+5LrIr+PBhBOZU/qtlK9ZNh3GWC7b89QhQzF6kXS7PJVc9dStFFWsjCC1z7aUS3ZSHwunUorpmLoLF1UVyojYuxp4ADfXBE31PMYjCG3q07aohxsgcoAyQS4JA1JiliciSD0/PjrzUrbMhKpNdX4kev2Ya81nH8P168sffxHe2z5HJ7BFHPu0cVIqUy0Apa7vrzsxgo29qbtLEgt3dwTEQMJAJPfPpSiQFCAG5HALQAiQnHwONUvMhETIyHxdNwf647/8Fxvz3/+v/9/zl8v+/vi//+t/W24vt6/y88ffHo8HcaSUzzbAtS4pV+79fj72lKsjUhCg9fERMJblQlGItzmRJUeYhgkTMj8encvCKHvXHo9aNgsUrkj5nMfw3vXD41DUOcciF+tjPxoI/bj/pStf6qJ9BkLJKZWiEPfjnGp91248Yl7XfLlcwp3Rh3YR0TES0fNSg7gPA/Ch59nf9+7HMT72GZiWnB99f9q+khSmnLler188uqTl0YbFCHBXuF4vAmVN67o80ZVu1/Pt/P2y28f9/ePjZ06xyFRXs+X56YmoEFCV8XLLQre1XJ62p6jt4/62LcK8fjRf1stWvly3C7C08+3j/vHRxv/888fr29wu/Jc///WX8nKPNM2HdXdwt0xyWxekeHt8fPv1y3q53N+PvFU+Ps6j1VxR+9ev3y7PV0zifry/vZ1nHxN0xMf99d//8rcwLCm38w28f3m6PD2nyyZJyvvjrW7XqfD6eC1V3o87WlM7LoX6ea4vX5ZlfX17s8Gu6a+/v9V1sZjrvC45H/2E8Ov21Htby1Lqdc3bfry19rgu194n6igCPiCIFJcJoEB7f3DKbik85bSdj+Pj/XdmMFswylKetRtRJUlj+PRmGIp0TkJ6yvlXN0Hmdcml1OrI9OCUjvwBFJmS1OQi+2jmh5Hex/H+2H+5fbu3/VIqUNI2HufP9/2vj3F8//jgUs/R39/ffvvH39S7ggZD96bRLWbK5cvtl5yfKOc+mhCHx9nPfbz+/uM/Wn8vVRLhbL7la+EKZomyA53jNJ1CJBwU5WndFmZBYhJHCcgosB9ROJYtAca0U9tHJRDWVUAI+uyqj4Xp8vwlgAhBbSL2XPD93nO55kzn40Dwz8BzmMq07qHEyI6J8mdDl8apo9dym8NnOLndz3swFhZiTflSywWJu7bejoJCVMM6eEL67KdMVe8+IwagZ4rMiJhKrVMDA2suUx0wl1xTWmaf4FRqdQUumZnH6EMnYsr5gmaEaOwQMyA8MAkjQusnSkq0OUQpU/UwG+gIFiKp5hRTGeiTkZOEkTIweTsQgSUFhFqLANWWS845necJgIziyMQUDgnLWm6ZcWozMk5o2rPkBDDQHZlCAXTY6U6QNvNZTd1DZCl5dTe30LLO+YGEWeqcY6rmXMM1zNd6HdOHYS0piR7jETZsDsAQlN6HiBB5ouLIHpbLVmRNVJlKxkTo0+ah7Tjfzv5+9g9wG+fb95//LW5/gPhC6H3u4cqc2rEzY11WjwAIJCQRlLzlK/fKk79e2zt9ZK7CG7i043Qy83G/f9RFx/pBvKx5RaTMIon97EefkpP70N7OPkremLK3GZ6BsXsDDkI8+gw73TvLqg7ux5gnswpVd0Qo4FhrdQsdRx9tWm+jM0XJKTGqGUlJRUwNrI/ZiDC0A/CaLyVt7OtWnnNaGDkg3A0B3UFShU/yNUAbnXI5+z7GMb0yAmAAR+LU+mMpK7K1fZq1bUtEMeYgFwoIs8+cDyC4R6DC3x2mRBEATkQB4X/POs9wtWE555RyhBFz623OsV2Wp+eNxFS9lFy2a2uNeav5eWX2sfeuICtIGycDJh19W7MkBBgArfc2zZgC0Nd6cT3H3B/jPkyP2UPn6HFZbgg0ZuR8FVdT6+3jpIU+Q7Ux1ipyx4/HB8GSE17XaykrQW4417gOmoBsziVXU0+cnp6X1497ztvT7amfp6tjJnOlGfiZVTVa8xLhiQqwWzgHCkviVCU9b9/+6R/e//Vf7X/+d5xKYOhuxIlYXKe7UYRZFwBwAnPFodpUV/XqjmbBBETJgQklwNVRpOTUTGM/KIL908yAdLaTOeWUQ4fNWQqP0DE+znECCRKfnQSz0OLREFmYcaLpNH1IzpfLNzRhTBkzEU+3QEhct5qDZLi77kiQap5Tp7YxOyOVdLktv/26/cstPxPAOdt5/gzQsqwiS0YW5gAognfGNH3sP4/7PS/MPPr8vqR8qIzjNJIZo4/Xqe9qHVDmiJTkaX3u53y63bZ6HVOPcf78+R/H+cN9h9jXxVLGMd8h//rRvo9jJ0lmZ9f97f7R3H48fmSyf/zlqfBCFmuSyokp13UFPx+t11xsxLXEqaPP/dPCR1JyXaMPFi5lA881b4Rp6mPoK3gABCd5PAaTLpyY+TyOqcewJou8vfX/69++//yB62WdvYux+OxteARCMLC5hxkhRhhAIAYhE1EgedicCp8pvfBcKJUFA9Wtt8bb9Ti1jfFtuZiXDmeYPb2sx3FsT1cIeH97q8vLdcslSwSFxdFn62Ofo43zJV8M8nq5kO4Yz18vlwGR8uqRQgtRrhU5h2jr9WQZZ5tT+/fXv9VUC9fLetlqcT3djZl8OuYsgRxIVnK5AnLvb0xEwNYVwXtvnNbArmcbGId2pyCL+0f3WhInZAKOOXYaWvOaeVnL0kZLmW+X5RwmidZUAVbiUJp9NNWZkmx5NTNhvpSiAuCgo13qFRn2dj9nyrno6B4oxPv5SJKIYakJwhFBJIcP92CiGdMBmCUQhg63aaFqyogMSEgR+om27CMu18vlcmnnKMKpXgjSx9v9ttWfx4fb/Ot//s+vX19snuH0/HxVTy8vW2I7jkdEzHkf+sGp1rqpnn3uQPHx2C/ruuUvKW9Tz8f5u9pH6w+zsV5WDw6NZVkLErgebX9+ugCEmxJq+O52EJINm34IwdTxP//y8+ul/IZbxCCl/XSRnDgxD4AAlv08kCNnn4pgngoej7u6RcCY+uV6DTjmVOQ8xhjzULXXj/NxWKKFhMFDdQSChQNjP47eDxH2UMqxt/M470JYPDyg5MtlfWFMubTpCv7Xby9f1srW7wRAiKqIdBV+xkybNtf9cnmu+SmlG0L+8lSP42eovly+IHAAhHnr+xiNmI/97DMIBEfoOY/HfcHapp37vu/nulzrQmOcE0xSGaOfP0fKC4IjeV3zbPNp4es1asZc+P64/+Xnn23IH3/759u1Hg/65XqNf/rDf/2PP/nkpSySsGRxPy3il99ezv0tlZJLSTmdfc/oR5vTdbmszUt07qOoC0g+H4/Xo6/r9dff/vHl+q3AebbfX+8/lvXWnYOX+97dI0AY65fbV7V5Pr6nJEP56BzErU2AnLmEr0v9JbSgcuViPkMBMYZ6AAUxoHiYaZckOowgr+uXRJfMUnIppTAGhS+5tn5uOXNiFFGfZuecd6bR5zjG2Wff5+mGKRWf1g8zaIe2vR0gvD9O51Qv12leSw4UZz7GuffHfXQKBM4prwGOERQ0+una347fH+0nc3/sOjo/X17m7EQRoZlSdx6q8amlE84sy1IxHEKZgNCTIFIioFTW49xzJpYEXPp5lJoDsM2TBMVBuzInTksSpkTHsc95YsqpXqGHcKj23k5wJQjZj1cB2ZaFoe7zMWwojFQT0o3zJZIfx45ujCQO/WzP6Vokp7RmzImWhGk/H4wyI5DIA8wNIaeEfYL2EWSMEIhDW61JkGYoywWYiDNSCqC8/D/xrMzIAKCmAACUSs7WZ/hIkt3dtAeEEavqkpYiecwY5st6a8dUm6VuSBKElDJ7EDgLIRBjUQ/hZAAQwETIrKaqnhOHmwMisgM2Gzz7dX0Bqh4usiGJw0PjjIhUFgJD7wv70e45L9OOj8d92Qj1nOe81OelXJAIIAknB/CAUqjNI8zVEaQABUsAA+CChCwoLJIgt/tobwDorihkHiyr+ezTmXMKvl5+uS5PBdfMtZQCbuPc29iPtjPB0/Z0+eVpK6tP9Wit/yR0i2m9ZUJnPueulDilJKR+ZtqSlCxrmJu2a33SoZmk5sUUANy8He3RR1vKCu5IgMgEGtrDzAMi7LHv5CNcIySXIlTa8Bk2I+Z0tdG0bbk6RNO2uoXDHMO999EBx1q2fphAveQ1wi1O98Ph7OOBRLMfl1q9ZI5MmAk1zMK41jwcXD0ixtmfLhchYCBhGtrnaGaj9RauNfHZHoAZGR/H/Ww7gM3He0rpcrnUZWFURt+WhYkIrGQq2XPiKQzTCckDEQIQA9DiMxobZipJfDojI4CDM4skJoY2ziTMk9WyJO6jqQ71ybTkwmsVAjZzsUhUSloFRCApNrPhrupg7mpq07YaEfNsjUjVZ5/z3j/U5nG+MTmizrkffRxHRxAuqQ8PJ6H1kyQThoDUxwFBDq7zmLMxSC251iuAJBFCFkqF25R1tLcxTKOFyqXmXJIwXbabQg2FtSZwxZgUacxDRGoux/H+tC59HO6ThdXDfYbLDCicnq9favrP6w1uz+v50SCciAkw4hMMSknEww3BHcecRZIwCcY8jpOo1hoOpZRqC2DAJ4jVjIAAsJ+5TUNApuRBl+0WiDpaSsbo7bz3NkuqmPL9bChpqCIH8DRzdJBSE2E7h80BZVnr17BMQTkvROLg5i75JoAGUSTPkft5ZxS1oaZAWMt6lZc1fb2Wp2/XP6iP/vheoE7vfc5PCpsAERHF7LQpX6/11zYevf/gDKnOrr+PuROVU8F9YtwRu+PU6SwXpprzNQZmeUo5lzLP+3cNDKYkfIncNNjhGOPt+L3RWWJDrJLhON/GOM/9AVPqb/+8Li88KDNtZSlEwB7QEbublrSe05jDoXlM1eC0uNA5xrVeal6Yl1RuBMkdxphZnnPy+9tfhs7puI9GeUuSUUKYjo/jT7+/Dt8+PqI17K3N82QioiBERgrw8AizRIkwdI4wAyRmAsJwcw8IjzBCnK7iDBhmFg4W89CDOUuWYR0hPV2/EHOpa6lJpATF7JF4ffm63W6X8eO+72+UgD43u7hRLg5c6w1PDohAzgCpXFr3WotDYqQsgpifL/ho5n7+/PjbedyfLr/U680cP4u+6ue0cRz3Bb5k2cQTWHb77Nuxq3oYE9Qk2iMg5hzm82PO7493IPjl9iLC6mDWzAeWDNT6eBAeqQ9Z/1AyAcbUOFUD1NRKuVS5fFkP/m203i/rtpVL5eLhjaY455KYM4a3cebCA+zj8XPOVEudcwBEoFPGesnCPDDcPvk/YGHmSoQpb0JpqE2dEZYTh8NUIyKQhMDmnkoZQ4eaq7/9/vPLb/8EnJ6uL1M7cgrCOXrr7el2+dh3EiqUlxIYZE6t7epRchVK43zsx89hzQgYspo99vv1tmXMcHTGITLtfBhSydfLul6XNbPM7ikhMai2LJHYOFpr7ySXnLdMOYiQ5L5bO08Hrty+rBtiJaqX2/Xn+b2d+/f3nkqWLMy01GXOMQa12UFkP05wjTBzY4l7fzyOx9DWz97PKSGFY1u367Jh4L6/FkxWDveZOeVcf7z+dfhxaJuqkuQcR1xUtTOJUOo6iiy/Pv/Wtc51s7kf5/uwR10312W7/gp4SXxcyjtQIv7ExRIHZU5tTvTZZ0u5Pu7vfQ7K1OeglLdSyzNsuTyt19HPe/zuiGF9yVlVxzBkens8UiYdg1le1tvH/f1yvR5g87xfr6skNNRTPx7j4zH7l9vT08utpuU4h5TyfCunjj6O+ryB4LBIMZJ4zqXmfHv6zaeYzbpdU/ikOLu9dzA4ntbEvBYa7RzssKRtTU9fL3+85pdKWvP6P/7yf54G25pOH2bdxsz5KU+obIB9P94+7q/qaW8ggj5PhlnTNVwwKkcumL9efjH31g0I2+joIy+bm4ZOIgmNRPj89RfJT5mzMCJS5gox5zgggNxqFSCkLEcf59jBzz7PrlaX1WlpE8uCCmZ2HvP0OO77x2PfCQEQdI7L9iTEOcs0bbONiLf7u2HOaXnvM1dzVGfGlJp27+e9/Wz2cf/5xrQ83X4rsmqzy7qWnADDPe/nTwDqvTNJrmmabOkSSPv5QPR1qz4fCDjGUZg5LV0fw6piDKroOMbRx/0quG7PIqnUPOaMMGS1MQF5jENovWzp4/0xxkBKiCh93FEKQkHAJZeSs7WjlCJF2ozpcXl6GXr2dqppTvR5ZTHvISlzBbdGLUCRiFwACWEiiRA6wuvxAUhA0rVJkB9HkiWADQKAA4W5MFORREEeiERDZ4B5BGIiEMkZXMCZGMYcSASmx9FqvQBSBG71CqP34YzZTYkAOSLADRPnXHIpGyH37sONBc+2j0/IOBFyQrCU2H167zktc+L78SZreRbBCAMjZOJChdZ11dEkp/ChTQkTopgOjIwE4Th1QOAn6dysg6wOqDAtXDirHwTBKbmTxkReONChlJIrMwCM2UuqiZ4izvv+YQG11r8X+BCI8Xa9XrdfE9ZCW6JM5OrOgqFuMZE9p7wsWXgFBkkZmcM9PKad/XxsS80Ju5mqTx0ImtLt02pLlJJsRCQv6+wNMYDQPcYcZ98zsVCKOZHVtBmq6jzPfaoTJR2HgCMyY0KnUpaSo/c5jk5CEDh6e1oDkXz21vZhAA7E3MdxttM3BSuTjvv55hFde2tvf3v/yzH26/Zs7gynO4wknFL438fx/egAIFTbiImK4Kp9zi5MFJiS3Fub/XTrFAkw+mxHa8NNweY4iIITAaprKzlJSQFKyNetFlKfo5TSzz6nIwLwZ2yZAAKRARH+nyIRAYIEBQWmVFkSorBwynVdNmIiZNXDdBCxRyB4ShUR++hAhSmZhxMO5DHnObqjvT/u00InomM7R0kEAG3MaRosw2LOO4UxE1NY6JhuTowUBpySYEVkMzOFIFbDxDFsMOLQeRx7hOdcsyQMEcTwboEBn/E5D+8QITxKKnO0XNbL8rR3gpwt/Dhewc91XTDiOO+plMRSk2S5nnMOm0NVfEZMDR0GpuGIklIuCkToxszuge4In0q1+AQpAVFKeakV0QCcSdTmmBgRwqWWVXVwygBxnDqHprWeDd/e5/fXt+d1W/Mtbc+m43QT4ipg1mSyu4HbUpfEoqOdx3smEqqANEZEGLOACTObTsay1ptIifBhk4ly2ZDZtHdXqVcEBNtZZ9cAgAivZRUvqoHEJV9gfz1nG3aUdTOIriMwZeJteRrzbP2O8/a8/PMbwKlvALtBw9jD09GdAEqKeTZJxQLCfMvCIE8vXygInMY4Wzs5S5aVLEqmuH/0PoHxP//879ty+XL5hWglg6PvCWCVdCl1kTXT+nTdkDAjEFAfj9fznotYDECu5QIwPHRvx1CXsioRBee6uIZwXvILIPV+prxODYLtcnm5v/55tvt2KU8vXyTguH+YNgZKki7b9Z//Of/b//j+uB8lSYTPoeZqboQRQIKfT94BQlI2t24WZoREQSgJEYg4C/XekqS/D2eEIiCJfLYFiMDcLTxJVoNahQXKpgAAIABJREFUS95Wen3HAI7uQ0uqsyzDZq25wsKUURJJ2fe+SSagADQPUyz1ernUcZ4oOM3AuaYLwkvYfsgrL9elLK7gCiquc36cDxCfaDEP91IoJ6ke3qe3MVrbRWrN2Q04lRF2DAWM930/2vj126+ZlyoVg8fcj36yG4Ga3V0f83irG6b8FVyDO7KqIpSMgMxlwaeIeFk0SX26fi287EdLqbS2hyPxMl093Lr+5ft7Wl9IaFpnWL48v6i166qMTkQsYhqckoHP0QOcqRAnCzc1j0BgACYKsxHIhDxNa+KyLGMGc8Wlfv/9x5df/rAt5R//6R8+9kddL2/345//y//+/vpe10u5rP1sEHMtUNarGTMheE1Spw3TPSVsZm8fj5JXpIvwmfpe0/+fqD9bkiVLzi4xnfZgZj5ExBkys6oA/PgblCaFd3wHvgxF+La8oXQ3gEJVZVXmOSci3N2GPakqLwIk38Blu7ibbdXvWysKx65ee0lJTnFR7U/zCaFnyXOc0kcBjzhP+X0b3X0oBOKn86coy23dJslfnp/YPZOcl0mcQkxJko+RqQeGIHLsh84QaEpBJhFzYLTH7Z0kns8X6xrnpAjr+o4hlMP2o7LzFPPT5WWan5mjatvXOwMTAnNwczXt2h51feyPNmyaZ8btUh9zWo++CY5Sj2F+mi+h9qJFMRHGx0qoI7iKAlEEkQD24/Ee5uBkfYx9fQQBZ7g/3k6XFyEiQDXdjmoQljwn2X755SdtbeggkQbj2PfW7TzN933fjq1pLYrr+/10OV1OMmr/dH7ato7kv/zy8xSDYzh0bI/H7mqR4xKOtj2dLn/80z//9vv3b98en19e3o+9C1iA98f3X76kGFuW/seffx6QdISUr0Gm99cf8+XiBX/cfqSvL3s9oNpoEChgooE4B0ws1+mZvJS65bj89v3v/lmEJSOb9iVevj7/Utp92Jqew95G3w9Hq6XMk9TjAJg4hbf7m80jchYOPiho3dqjtd31qGrgcj69pOlcWptSnmI0WpKIju6oW9ujBEAAsOU0M8FANzAgaMNBRyB5Pn/qFkENYgwx7FURVNG+/3i7b49hRuDX8wLILOzqU4g2tB+rufbRHEApDFCnXmvJ+TSlk41ax6OOo7T9fV1fXs4AiADPp+uUcgjRwLtaQWhjuBNC0sF9QGfn0YFQUpQDiGCUyg4pLAxEhq4WOBzb1qDmQOhdKIjQ0DLDOVAs5dHG6Fru2zZPNgVb13Xd3+coZBERBdElcdfR3dQ8S7AQGThi4sCkYytNmDQgMOVlASF1NeiKbo4d0EkQxAGGWQhLxAQxHn0V4pgv67HGGNtxpOgQx9hXlhOCurfIKYWZCdEGMaMh+hjmvR9OWMuBPtgFWZC9jtprA3ZVAzAkal0lZcPIDIw9hrnr2ntjTyxBQo6ShYgwhDAF4a7WtKRUwSkIDVVnDgHABiEiUxAZ3bTVHnqrzcQBMaBIyMRErJXWrocjgUjvI09PQGLeQobeEXHJ+Qw0jWHmlfkAB3VQMOvGTr1vnD7eI8nZautTyjEncEQkRAstKRkzqzkiiaTeOgdJMRPK5fRTDtfI5xhPBGajtH4zBLVONNB7FPCxD8Prcp2yuI6im+oeI1zOZ0Z092a19TbIieV1/R0g8FkAwjKdwSense/32/2OCKPvXRuTE0PwTjC6PgCqkyEOIQR1AM7htCQQkj6cjcljEEdsgPU4NhKalrNzMCQDbr0rBEMsrbfaQuDHuos3VKr74cJxzo+6va+3EOPt9j6FlOS01S7e2JqqGRBz2PaDwYZW4QDIXc3IktuH3wfdwAZhd2jl2FWVwsxsjLauG5EumaHftXkQtl5EApokya26IJ3PF/MVUVjMdIA6Eeuwj2KigTMhgbg5EX80QkQEHRn4PF/meSbm03IBNB0aJO2wmQ4mR1DQTo5MPvoxrDXxPnqkib0OtPft7XHcmrVe2zlnCVJbAyRzE2akpOr1OM6ztFZteEjBB4OhARsKeHQXU2ytISbkXBWglSmSOQ41xGhaAiObEyI7tV7Munpp1tM0RQh1H5c5k6tIMMB6NJJLpGmvBxAj6Hrc0Xtva+DrnGcEGtrGgBhOhq1ta9+KCJserZkhjEFlH2AmSKaKyCzkCmDOROgoIU7zIhJb02nJIU0MAcxujwcTLTO7GxExQetKQAjUailHemx03++JYZ4W6733FoIIOKISQkpJaxnaOWAtewgkokf5saQnhNR7RckSE7MieBt74sCshMAYCIOBE00iwSiyVTW0oAN6iDnqVGG93X9EXqYc0fFouysaDRfbj6P7g07XYgpiwOBOEpZJLg0OVT4HAuP7+hsLqa5b0en8mVy4U+88Ojqkoip0nBdFYjISjlt/aLd67BxdYh4dJQwv9/W+GliQfS2/zWnCQUEy53hZzgE5QMphPi1XACPrtW59bMhlr4ebp3RNsrgRp6cB2NZHdz1aWZbFhgrEINnNEZ1FJKRtXwnnLPb5pFFjTBF0dPOuduxlmq8/heXHfT32dZrT58+f+3HYGEU3HQqEH3hPQPq4RROiuakZMaqi6SAOgA5MBj5qDyG4Qq1FhDkEAiAHBCjbOi/XmAIavr9+T9OidW8wwFofB5mMauRhyddp4JwvprwdzdpoVgioI5Sj53lCYmZg1tErs5gTIMWQet+FzkSXKE9g28fPqnQFOwysDSj1uO/38yXnc2idiLy0Y+vb3o+tHIT1pIup96Yfe961lWaao5xSuOQlWBy1CQc3+Pb6I0cVKSFy67odaQZQA6Lej0eQa2AkxkiT1T4nYcEA8+enP6HT+/t/bBWX81cAGm6t7cPpcXsro+33H7X8+NPP/2Tec57c4px3wjblDKT39QD/oKASIQoHcOyj9lEBnBCHNqEPSoUCAhEO84n4+TIL+fPnr7X2999/+/rp6b/+8y//9r/+z3buf//b/+vbaNu2R7E0x/1xg5En/hTiJL44HqYQBNv4ThJKsdvjQSG2MR7747rM+77yHANT7ZQo8WhintIiYEI0RWJhV1Xdk8R9v416n2LCfAnhcp5fLtPn0X+f6P3LotfTJORH6cNAYgz5YlrccAoQqZlAjmKgrZWX84sjhWoIHtPCFEVyTvi6PqZ0etvW7dFiuEJvSVKOSVAEGRxJ4uh7rSFwGh8QoRT21+3HbeWQFK31d23/KSjmPskZMaoOGCNjwJDu9yNQEgrtGOEUe9Pz6STOu5lIeXv7OxGmFElkb2srB/ASeSFry0JNvTYDG17LHz9d2RvlKab0vt1zJGEJEGKKHPNf//74/b53R6K8QOrV89PsQ3O6LCmQWTRofbzdX2NwRcw51bbu4Nsx24gxx2FeRosJnTsGm5driIdDm9K877fL8z9P18+1VLV+ulwdvdm+rfj3399mDknyKBDn01BFMINylLc+f5qEPwyZ74+9tL+NrzoTRpxSvl7iJYZcx9R9u1w8yAN5vL7+mgIgxXW/Nw8tlV6XYOHy9FM3HiTd9X7cRq1pTj9//vLp+Zejeo5dtaSY8vK1ltfH+jZNAWiqvY1xhODgPgxDnuoYYyDhRByfLmd2KZrSS1IDK+uAWsbxKOVtb0e182k6T1M3lJCeLs91jODV2Vo5UkowhdqMERl1jC2GFOTM4FU3hdZ620oZAE7Y+5iWeZKIFMxBx4bogg6Sr+eniafRkSj1PuZIU0prNQYfY7ibcBDJwny9fkpTeH37bT4ttfTSh0huOtiRRfbjQGamJScYfhvw9mP9PcC9t9r0gE55vqRplqZ1oqmZunmeLo7YxjFGwyCBgg4aaGSa0sndgAQMOQSiiZCG99YbIPdhrfc6jENyCjEszZxGSWFZ1ypw8qi9rb1WJvSKIYQYF0RmCkyMKEQ0rNe2kgSFUevYy8NsjN4YQwoBgVKKdZTaP5L6IEQcIlFANDOLOdPwD9wlkBBHBEEQwYAQgRh0tDaEImYQZq+NEIKQjh2RhRgdzSzEPLzfj1sMcYpLTvlDSOk4KLAOHabu7IgfJVo0631EWdwiQAJMtdU+VkcXnkKUVkqvReRjrXO4w3BH4uYqjALupimkZTm7wH7ca12ZjRCZE88YCMmQIE3y9Lz8IaWLAXRtA9QBiIkZhL30vXVHOALnZjuM2PsxxlFaI5tSPPc2HMgM9rJvrWKM59li+BFZTvmT0ERIRx9AKFHqcTcY6Pp8OVkrbp24A2i1pr2WWsxAKBCFy+nK4wDzEGTKZ4C8jj6FWbMiOAUOIZtDSJlk6oaYpDXdGrqRda+jBTLwRwxTLUbeHsdGFDJlFAuMtRZD0daF8XS59Fp7KYxi1kUkSHTwUmuKMkYNkmMIo6+CfJrmx1baMANQ1T4GIsWY3Yo7INFRBy+XpoUU55yGz8xEPNw7Y0RRsA6q6u6q7uZIAPCxAkP8//JvmHV0lKDWkVIMAg4xRGFGjGYFoAOSILMwUi9VT5GYeZiZDrA29Gic0epe7kM1crDR1dG7OoRahwQeBozizoC0LM8ClQIYoxnrKIEzQ2AUVa1ekJlQwrS04Q5YahPR1jogAkWEKI5ojZDVai1doQdh4mAQGFAE1JQF1b33+oGoAsdaX1tb8xSrFm33iO7KYEJ8CpLNWx8VXFsrMZGB3bcDgLfHtt5LEkYmHYbERITgxKQDzDHFiUkAEUlCyiFMblR7YWIE6qNtx+ZuIURVdesSZW8uTEPx8fDe0FxHr6q7ufXWOKU8L6Xcb/fbOfGc57UX4hETD9sjEoAIOzUzoMTsSO4FkNXK0bc5pTGUQyIXtQHdiCBTHkQE9GjHaL32fW+bu7q5CJNwaftW14Lve3kHYnXcyxaiFKsKtaHUWmsfKS4Jl9ojIwLg+/qtmwFJH26Hpnk+zed9a0fxplbqfcqPwPMsi7nkdFny/th+K/XNFACCeeqdAKOblq45HXvdAgTQPKXPp9MZaXLg7z/+ITrmeUYrzXfFura317ffRMIvP02JTkmutWUJaWteoaj3x/EIiT+dTgBay7sjNPDHescYxHM/2lP++uXy83BYS93aqoynl5+Jwtjr5/D0v/yb/B9/+f3++B7RTX2Y4oeACsDNAHz0ajqQwEwBnYCJbBgigbmbqg9DAO3dFBAQmQIHQBpjpJT9oy7MvO3rIum0zLUc5XG/XC/mLuwiKXjqRzlfPye+aB9Pk33fbm/b+wVsDAfH7baTyHk5yUga8zxfj6MDpSAEyAgMnqf8NLT1UTFEa2zCDnWg3sr62Nd5uvhogROCMo3h7dv9bT/K83zej+3DJdir0bIgOnpj8ETjMp+C5R7LUe9Tzm/721H6T5+v5ymiltpWg9+1m41e1IYy4/L58ydy34sjp9PphXXSNoHXZXmaT09DS4fVrHIw7RaD5K63dQuS61gDWO0PcUqJpsTM5NYIAQhIkQCBBEUADNHB/UNUr2oGQMzuDoiI6G5MgSTdX1//9M//+m//l3/59vd/EFHp+n6/kXsMKKTPT/Pj8U58ZobRWjmOfetP16/oy2N/f6zvrW/u+2Nd5zQ/yi6IIejo25yvYxxlHA405UVHmqd5tBYcpzSp96E3195Hqc0ckKkYEWJQxVrdEgVM5+UJJRKC6UgSQxTV/rbeEwGgJAn//NP8+tiObU08d9X3bVumyWBcTpMaCSdJp97anJ5eX1fBecr0/v445+wgrVS3jWN+Pp1SDObNvJRSYlyIud4LO+WQFcTaUPW/vf51tPa//I8xxytojLKkQNqBIC/T5f39yHQOgqByTueIIaSF2d4f3wVGiK52NMXjKEQo2Eu5P8/nHKP6+faPbzp0nuPjtp6WPBBvxxoClb0/LU+fnr+gwe3YzpfzW+1a23nJpzR9upyEErL3xjHIeZ7YvVvfx3EcozSfpyyIFPG+v5XN1uYVxjHWNNlPX58GjjbKlGiZopoa4Ovtnbcxp2lZXsoxHPRyOt9efxylesDX2z0iJ7P5eo1R7uv798ffLstlyT/HlEK8nM8/tf5o7YjCMUnXfUAWjhFnMH65nh/+m3s5fZHb+iOl033bb/e31/aPJZ2e50/GIU9fHKgalIYpzpfTp8vyJctLCnL02773eVr2WlrdW98eWzmfTmAE1klmRNi3PXSVdEKLl/mUcxYgxhwg9TGaFczxOI6tbrf1sbUhEs+np6flzLykuASZJCbva4x41LUc7yGY2qE2FFRds6QQ09BylPfDlDgxLUxdB0gOgJzz1ZBu612t3ff1MoXz5WtrMkxH16O2r9dPwqnWY5iXprVjSvPagTxdZWLswvJ0WX7/8XuMk8SLWVAbdahwM6McKFD2oTnM7nB7/y3lrH30emjkaXgkkaPt+OApfDRDgYhjzl6aQyeMgWFydgzI3FoBgzTNKZwCzQzSbC12q23sx+Y+gHRoJQKBKJyCmajEMLkReEDM234PQUKgo7aUnwmTDRMJgmQ2zJtarXVHwuHW9LAxbIycaEBUDI5RrRBSCDJFEmKGAQ5CEGMI4gSj9yaELNEUnDznDB8wd/AxDoTOgtZdx1jyDD7QBigYIyDV2kZvkdLo3mV3H+CeRdAFLJAAO6IZ2AAY5qO3yiiCUR0Iw3A8SomRAoFCW/fvIUzZ5jEc0BBdFVQdEVs5SMQctu3hGaaQQgiBUgrWR22tnM8v27qrcsoTqjPRZfk8h0+RZqGsDt0USRywjtFtoKA339Y3m3kEbI9fJWKpW62VYJ7i59AreHL1UdtHfP/9+/uaGkOETpHTzGJE7l56baN19xAiC45aI6eYg7madXUdo5a+S6AJsqnntCCytQYhi+TeCQynlEMO6YgxxqqWwxTTTDwFisfotesAcoxHPcRhWuLRusikgEdpTRkxxjRPQq5j2w8VK+BkkB2H2V638/yU00mQ3aEPWPs+TRfmpOopzsE8yDlE7qq1vn5APAmJQr5IKIf1tqVJ3HGvnT04AEA25dZNlVtXCpGkjf1wczd1NEAA+rAbgLs5mKO7A6OgsKqKxBCTugfhnGbiDO4siT88eo5BCGG0PgBmAFY3BO29buvrUBPCGPKcTzkmnc+ttz720jsjERKiJgnsgpzMjJ1EJjddHyVQmvMpUspx6r05mORETikmtwEDRKY+cChJ4Fp3QSRwsjGdpfWDxIH0aA/wITBgOHMEwK69lLsQ52z7vjMvBNV0u92/Nz8Y7PP5IuJmtRqSLIzU3EAthWijtq7moAOH4vl6kvyOIgzAIepQM/v/HSQTE7GZEgKBa+/NDmGOOY+hZS8OPcrHAcYcY9VWawLoY9i6ko1AQAgg5E0bQAfg1lsbI4h0VSK30ZnN1AT9fDn1Wr2NKV/X3hV65Optj4LuozUTCWYOlUPIqj4MUowcJjJFGOaqNu77Yz1WRjj2NbxgYD7qYyvfH/X3++N9mn+apzmyIEJt69oaopuBA7FjkgB2aaWcI4wU7vs3BxKbWBJ56ocGzDFQU92P8b//5d/tZ3s5fXma4pTmp/wJP/3rP37YY/0NmOrQPjDlcx+tt/39Vi4nkYClHu736fx8Pc+j6fv6/XKKyeO+3pq3Yvtatwq6rdvpdJsvn86nl7lDsXXZt9///rcawwh9wsnc2cbRf5S+bbUaIvIiMF3mZ0Kc0/Iotx/lL4/7mwQajbr5MfzX39b//C9+f90QnZnBNcYEg8ZoiE4kRGSOBARIaM6C5PDfZBpwRwAD8A8Jh7OIgQNACOE4qtvIMWpXRgBDZIkpuGrrjUTc/enp/PJ8mUMfrZ0v1+v5Z4Gzq5f29u3xToE7jfvjxkCt++fnT2rDXdsoa1mndCGA1tyGalcyYsrCsbWt1DUE6sPH2La+vq3reYqCBtZT4qGt9W3v5dH0sQ8OPbmD2RxTXEixo9eUSAhFuI8+T9ecQtM1ujydn499Y1+0IbGBde+PWhqTEPG2r+CB7ywhksDQoUOXfOKQTe20PCNxqd8f7a2121ErgD1fT+c8ff30Ugfebvc4eeuvwwmgTRnMdPTOhGqufSCYhBQ+/jrUPyoY6ghGjugOH/uaNvq8THmanj9/bevj1//6r1/+5V+3vd7eXkOK//WXvyzzjIE7WJZAGu/3FUlSijGFMayUCgxbvbX+3nQbdWuGKcgpXS5TrtUEQH30cTgaIuY0Ow8fdl4ugmqIXavrXuqtjz2nCMCtF8WkmGotaj9cyY2vpxcKsRyrYQRo2/YAhO5+b0UYppARYX55et/W1lupXfWm2uYc1Lk29TCYaQxGQMFsNjLzebno0Nf7AQ5nlMunT8+nK6Krwevt7shG2o4qNCHGy8Qs05IjOrTc5hS+f/8b8Ldlejrli1qOiOgjCy0x0EfTilgAAmoAnzk95SeH+6P+DoEGym46STrW+uX5pximrk7M5/PpfTUbnnNW683hsa3d/Om8zOeXmK4TB5C07vefnjszzXO65LDMyxjUelMb03R6uTyB+ff33+rot8cKEL98/uk6TRFwe697b2VYmOIvPz8BhjSRcoJwDqwGpZX94yuIRKV1AJzmp9EdKIaUAAGA4xSC0eX6fHn+aZkX/P3PYEDCTjzlS3qczvOnUinKQtjX/V7GPuyW0gkxdAP3OIWLtpimJ7dz85HzMaB6bE+nyzkncyXsg9ABRfLzJZ2nUwxzkKTQ27Yedc19Msy1tarQh25HmeIsIW17FTAzaFtL7kLLnGYCmtN01PY43kvbA6nj8djfjv1e685M5/Ml5vPp9Onz9U9TuhInpNiP294exJOO1uzdsarpvreM8HT6mZiP7b4dK8WFQK7TJ1C32miBMWxrB7OIEEOehi7R+rE2gPvthrxM8dJ7HRLb6OZeWvv9++uXn35OJLUqRBvWYFQGzQFD4O2oUz4ZT6X34Dq0kJRpmlhTkut5uvyAf6i13qsIEMnRVj6SlFZtGEzugH1olKgDxlDHQ1wMjMAdyQHm6ZrTZcrXyEvgSIgOUPtx2963vcQAKSYDNbejNQZA5xxOTyRdO2pA9xBURxdxQUIFAO9ahNmQj1762LrtR2nMYPDBbmFzJk6Iwd0QhDjkPEVGIgsRmbHV3ZxzSACHpAzmR9lmOecQAbirI+AYRQG7VxIsR3d10zGlLJIRuggffe/mRy+dtA3tww3wNF066F5gTpdWS6aJKQknHdtRHwAdEQ3ADYf6tq4mE/Po5BPjfXtv2uaY/fLCkFKIY6gTIU9jdCaudVc35EF5MkdwRXBBRLCPw5nTUrqObgwYCGPMiAIAql3RXZvpULDSjlKPUoupDRu17g46ykbBhtfelGBpvU7hJfHVICAMV0NDG76NfYw+2mpt1RDcxHpvrbRxsCCAppDdkYk4zoPMvCpY7f1R92W+LoFq62oUw0KUJaQUJ2J/Ivrw+4z5VGo5U5qX2RSmkGOak3W3ctRSyhaiiJMDkITSGqVMwMwSw0k4MpOBU6StbpRnIP5+f2VwYs45RYlWmxtFiRwCEleHp3wiTFMKxLLX79eTuo51WxHxPGUHZoaDWi3NfXTtfdTL6cpqaqP2/tjGukMt1npDREQaQx38vw3AxA5uw5DQ3PAjxA5O+CE/iOZIFGKcPubcMQRv5hBZhIGXKS+5CykTXk6n9tjW7e2DdwSIp/k5Se6tX5YTgu3tsR19O440BXJjpClIUwKkjsQc3KobRo7nlC6nL0kWZNnLdhxrCJExMMc5OQGq2RiK7r00GHCZz0JBQspZmj7a2DuO23offXy6vGSZY0hHK11XYt/2x/v9djr/MsaBqCJ27OuwXYmOjm5FKIMvJJrjPEYD0NO8HA2z8FFGOY4QCLDlKZzO58f7ag5EMlTHqOAG5EN78ISEw6zuhxnlafaYgjmypLjkFKKwDhdkQkDHEFPtQ42E5zFGCDFPWW1oX1XrUWrvofWDSayPbj1wQDFwzTkickxobYg49TbMQoZeSz1KjGc3NjvAoLZamzByDFl7A9TaSqlbOR6tVnTUbiEnZtZRzGrvdYzyfns1oCgLg1ymJ/LiaNtxX+sbIQpwogQ2IyBChvF0ysI0t1YdwzSfrVvIsu6bDdVBDjT6+PX7X92IIeQYr/MVveKzCfjv93+ExE/Pz0epD2sGsjfbX3uk9XQ+g/Xb9i0vGT8EWGMH6AZ9K1vzXc0kLAEiOoGNRAHyPPYeSZhs3X4s11THtrd9TmMvr79++/dVy+n8NMUXCp9FroHPKS5Fx5TSlCYJBuj31/u3W/3rr+W//uw+wuW8bI9H70OIHXWokiuLuBsgICG4E5HrMERzQ0JECoTmNlAJgUnAmQkiM4sgdQkSY2Yx1T6GM1Ot9ZDjcr0creWYhA2hR6blcoKBDHSenoXj+02v01JuP17fXhl5StdIASmWvbEABTmOex87eXg6/Zx5HpUYJUvaHQGcSB/r9+FGDPtohpBTChSFgzB2tzZKaw0RDXyYRyHQjqw5SR8F2AUFANs4BhTizoDX8wUe7Wz2Iai+rfdh9+s5BARi09FIrpfztR7tx/vfJaaizpSRs8gJAOeYsszV9tI3872Ut3lOkVKAkNK1Vthh5E8T4Bh9A3dVzxOJCLKY9qEDwAmIWADQVT9yqA5kZshsAKojBkEhMYkh1VYNYXq6rO9v//m//2/DOc/p119/v1zPKcVv315T5Fu5R2ZOklJMnIDUAcya2n4cP/by7W17P59n4ADOX54vqCZEaVq+33/MCTmxccxx0qbW2vn8ZO3Y+tG9t3Y/6o+Y3fwYAx1paNcxUppMW+tHDGfCOMfJetuPotrfb3eK0Zm1linGS16Wael1R/BtxNGbMIsENekdUjypwo+31yQpxfzzpz/tda1tPZ/g17//7k7Tck5JTlP+YNOVWoj8/Px0HKOMLpLndDUdz9fnKFjKbpI+PX+qZr+//VbqWpenItOX0+faSkC4Pv3UBhDlmNK6VdW7iHJIU7iU/lLoqGNro4AjYLic5inORHEK2bECsupR97pclqF72VYgGM2W5TTn+fnyPIcsdeq9RacXAAAgAElEQVRtZQFEjylNQWKQHsL9/jiO/uXTmYKi07KkYsf9MWKKKeD1ekKlt9ct5+l8zWV/Zcbr03U93geO5fq0lqPDfP38dH//vZS9WFvmMwyOMDnwaO3l+ckdRrXexKsyJO/YD/3y9EkSRRZTZJI5z3PKka45Lt7uj+PY377//uMvnz5/SunqGsxlllkoI8TPT18f7eC4X66yTJFJzpFUcd2OrkW9S4wcJifpNuqHE+l4V+8AOE+XfhzJIIXZTUmC9mHAbiaSjag1O88sRODcRhtWbvv3o65g27HfOaBkii7kaKbuzhxivjDNgQRlSktobo/H+9bK+37bez3qaEdfZBGKY1irh2u/nK5Jnu+PqL31Xo6yOaX39S3nMOfzaZ6HotBRy+O+vW61BQad+tFrYKnHtm9r70VB69Hz6UII6/EWZCAOVXx5+al3qEXNAYjVeq87EHv/ASyucYywpM+fn3+sx+8Ux5wnwNC7rUcRIgSwx+M1pAyErRzDChELY/djKIokMzPz83w55c+ZT4DQ4dA6zDs6trKZD9fACNYPoDigKzIQS5onjdE7TFOpG/e4bbfaNEdV0GGVTCc+GQACAGKt+1F3JyCMkS9RcoqnHGY1DwG9jxAamEfhFKNrG8N8dJYQY+wN3R0Be+umHaKbaesVGUo9ai8G5qDlKFHiB9g4cBRJw3UABZZhNupGDKDedDy2+2mKxQeTEMXWwzBFZCfs2h07YEBTt3H0ozQbMsZw4jQHrNs7ByZUqTLJOcXoxCJxOLiWmEQd6v4eKTCCG45hTNpHBcMUz2/vP4hjiKEcB7BUtaPsATeNqbfRrZX66P1Ryk2YAGwvj8A6T9OwolbVjnbskjAK1nZ3ktLAWMFmI0LEXloKcZpngYHQTY9SmMMM5GoNrDADAemwKUaR2A1KPZwGoBsHxCgUtFdCIkm9D0Sc0imnOUc+L2ij73Vj4RrKMGcQZ8xhZohMOOUcNuxogQAcqtrT+RmaGRJqBx1BJMaAbrVWRNVxtNLS6dJKI/AATAIiSLgwx70UAFUHokgckbMQAuPQVmCfp+cUZncLgtveBQnSFEM/ygGWQjgDJBIE83Uvt1v78cPWR0eH1puZAgIAIHxgChERzBQcGRmAwFEYACnGj4+clnlhBNMhDMgArr1XERHEeQrnEz8/TSlNvTUHdyJXdR/LdHo6naCPmDkLAkSnk1oHUu1HyClJMCORST0ygFoPkjLjMd5g+Ck95XTd2wHSIaY2fFrmwJlC7LUPPWKKox8E6fP5E1sLnFi49dLt2Mrrj/39vm5Pyyc3TvkihFVHH1BbGbWc5k8kGS0xKnDbi8LoOS3uVvvWvDI7Go9RzTzPS8D+MVUN5NOUYi0p6jKB2xARlqB9gKGDOQIRGYC67aUKxZji0L5tq4Pn+ZxjIvQ55ylNrY/W29DRuwmLe2QRd+4jS4ooNI6ttNu23wF4mp7HaOtRl5R685QCoRJpTgkR3EpO5F6XOE0Yvd+Z+7q+8VhzQslX1bbVm6oKh9PyDJDFSq1HqXvrx1ErYHbLYCKcj1KzDDWqtYHyPJ17GRM5gaGP3jcU0KO8H68R4Do9dQ1JThyENLJOl8jxElobebqs7/ehRYR5DERrR//y5WfG8fZ4DSEyw5yfhMKSnuzyBwXb+yOdUpqLfq/v7+VRnDhOAW3TFmuIre3rFPi6pMhOMBhh9OYEBJxCnuc5wEwWwIEIbBgMep7PmxfC6mTv+2vVeBxv1ffX9cdje/36ucUZHS7EZ7NuqvN8IZbjeK99MI7ezRFfPucf3963dUcgBCT0jsroSKg6DEFYPvI8jGCAZooMzOLutTZhEWIz0+GMKoxqvh+HxLAsp1IrIx11H4OeX74ahjwvw3XYYOFpSeSjjT2ECMgxAQsKUpJ0XU5ri3u5GwV1Pk2X0UFCBBzv9zfD8Xh8n6fzMp8JA4cwUS7WltN5e32vrRxDQ8pr2UspT+cpsSSWAF76OrSDjyzh8/kph9R7cbfTknKkQJ3FpihbUwcJBGj9OO6X+ZrCTJDQSgp07/1RNrMSY0O0IGFUR3JglihE8DjW9+NgySKcYoDRpvCVhBnMbGzHA/AIqDz088u/tpYlnCbyUl917LU8WATJ4kQfwEp3BXcmBAORqL0Rk6vaGOZDKFCMrVVCImKWAECGtG3Ht28//vmPv/y6HX/98398+ulf/uWf/yXP5x+///7j+/cQ+Hw+/+Uvfzkt8+fnc+k9Z1iuc0ipjWMrv/X+XuodCFqv/aif//gTEea0qMJR1sAdrCdaJJ1dhSTGcDZnh/aRyOq9qI9Sa8cuMiM4UVIkpiEiUcKHzVC1AwIKtD54Wv722/fa9PMlCyNxTGFh5KPXmZAlUxB0MZiW+dnBb++vhjxPk4SJzD5fT7WupT/Sn37+xz9+5ADPlwujJ8ahfT8eY+xuLU/LUNjX++frZxsjh8xE+XIGgNY7xSxher2/qns40219T5wlJncnDsRpL5363ktbpoqy9KHn/BkZvj1+hX4Tx1mWry9/QpwknJklw620209PlzbT6/vr5fkJUjzGm7su02nOl+frZzK+HTXG+Xz5tJfdkYGx1u39sRGAWi31MSznkEJQ8XaeAxIwWQjpsVdJi+5FtHz9dObHZrohNGHfy1v3kKaltgKI7nCsj1FK+GTbSiKX6XQZKIF48LjXgyiW0mIsyxRn4SCRgBDZegshPZ+e9yMXI3eIOVflNsbr/S2lLYVEGHDMU/yUecrTlcPpDEZxnqfFnQi09VH02/H4s40aAgxtbezrbmM8tO997EEyDGRIT5evgFLKvfmow7e95BRjzk29DAxB+tDSekz8ePwYtoOXUu+13lSPWVIpI3AKxAgV4QFwOfbfVZbKEfsSCMBHbevr/cfbfn/b9tZhkck4dQMOSUIAsIiSeDqn64N+Gz4M2m3/rZUiG315/uN5esqBbGxDy9HuyGx+lHqbwrTuZehAdzCUMBmFZtbMUrA6mo12OT1JuAiHaZLb42EkQ0sd7dhXOt6O1q75n6b0hN0/n7ckWtqrhOAezXgoyETZ3Ek8hVCOtfSakkw5Wy+q3TEDfAAOJck5cQbArm0vb7WsDnDsG7oLYpQwcXQEcHVHRx+qIhKnyTXEQDnF97ula+5ae6uqex94yp8JQ0Bp2IVSDPNeN+2dWIDi6fxljmfrHgIMV5eK1hUMwBCl9E2wp5S6DTdAsA+8T0pJezvwLijIwQ16P4a2Zq2Vox1VYw6Xq4OTpAGqoAajlpVpIHS35mYxXchBRzmsqBlyinkioKFq7grqNlgESMuxOtSuba9HV1Jnn+dlmnKS2o5jv4cTl0aBlqGqxiEsoz/mfCWH2nYde4qh9/JhL2KCpipCfXQcxqgEtpctCApj7AQQHtt76e861qOtIqS6M3URZOJezVxTSgY9Z9z2VvayLOfhZVgg51oNHKccn/MUhCPQHLPacBjgu9lg2JMUt2rAMSwIzsLgcWvq7owBiaf5NMVZKWxlt9HVCRG72m295ZhSOgulTDSazjl0HSlm5swAIeZy3GfJT8vJbS2thLDEaUEOTi2l4E09IpO6tf04ai9GHcXzFLUf98fj6XTlGPbS4zLHMNtwkag2OIYP9W4IiADCMedTbecgVOvW2xGJ4/natWLvt/tQs9OcFRiNp+nsbRzlOIq930upg4RCCAWKgyEQATnQf4f+gYmAgBHR1YUFCICYJMY8cUjoEEL4CN8TC8cAbTcfhnsK+TxfALiPSh/pBaeL5DnnAAPALudPKca9jhmFqEsZMifmJJjNmGUuilsp5j7NZ3FLF+5HQRAwREBTQGIzQIwIc5Y5B07tWOsjSNZ+9EFzfrYxbDSz0tpmpFsrR+2/PCcCTjIRmJsN0O3YGTnnhYCmtIAXbbjkKbASm7b36ZR7U7fdnUulECbwk4IBuClIiAEtRDk9zzxX5E5sCOQOBADIAOofF6SQ5hD7aMTIQVgY0Mao1T2EwCyAAmQYOHOCQMdxIBAh6sDjkP2op5kMNofV4OYgr9thRjFOabpMeUGHphvTEFmijKJ7G1XQA9NQP8bbdvz2tr3aFs9nr9Dcyl5XHT1I2PWa6AVpCTJ9JItUQTucly+lPvZGyzyXgbUPHZjSlGUmykK839+ZjtLvW7+V+kBSZF/r75lP9TjQU0jzxBdt2ymdIctj3aZpen17lLof22oq1/MTAs351Eb567c/P47Hl+eRHRFgkuuXEz7aW4MaAY8YY0y62dG8dXQMzAEti86nfE0xBoxmbIAhCOoYw/I0RZqEZgm5tNW9IFjiMMuyXHopu45HR7i/v6quP+6P90f56dOTaq3l2zvy8xVi+nI5n/mASDEgfXt7+/zpF8rD8FXA/5o2656TOJuNbqObKyMjOAEhOvhHExgQEYCQAIldDdwRkFgMhpYGQgBMMQCgiJjjtq7LMs9p3rwC4vn61AyvecEQW6m91jSnPOFR1hik+SP5GjmEGHGFy3T+9vqdiCTI8CFEQ+som3tV6Ft/hMy171O4TGkaA0D7usM0T3txHO0o99765TJNgcSBGPexEsgYSkwv6eWs6w/wEoUIYAxhFyIOwQTbGMSBMKiqB1fT2lWBWaJZRwAfH3UIHX0jysRS+4aacjzXZq2PKKmO9vr29ywkJ68tC19qL0iOAse+2X39ev3FAHO6HCOXvjIHUuccWUihEo/hHiTV2tUGmAknYjYDIiwfskgSc0eDIHFYcwdhAmBAyTFB18Dx5z/+6dc//3l9fZv/1397vhx2LK3z0dr98UjzhExIlHMaowuJMBd9qJUQfM4J1Vx1yqn0moSHj6P1x/pugZK4CA0dpuIKDn2W+TRLu4/SjCm0Axxpnk+K7L0CAjIbaEqZkAFUrbcxai0O6uiPbUcOcZpu63q9XgHgqPcY8zSdIygH6sOYYs4vQNNojWQhxto7UDiFVIsGnmIm7e3n5/NlOQkTswDgUXvp/fX2Xp1++eP/eZmTNxP0NEWmgAh73WvbYpajH61XQhGOiEyEMU3qzqxuo9Qdhk7ItZda6ryoxCtBmgU/nRg0pvO0LM+mC+fP5qi9mFEK01FLCvnT9cvjWIWnJffW9sQpcyJFYZmn822Tcoyqxk6jPlAL2QDQKApQa3sEHqPtKYWk2tXc/cM1c/SB7kuMjijxfNuK8by3DUzzsrR6qHWkWOq9DyAwUz36Lec8nz8vp/T48duoJcUIFOaY57wIhSgCGG0AEpGQKE/TVcJyvN0ViCBeTz/tFbp+R+hDN7PhvAREo4kDTPOFKAjPOSbgaGNsrfTRPj/9tJcf9bhZf3duJr31o7Wy18KqLNu0jCxTkHBYH94f2zpalYj3x4qSSRa10YF7O8b6Y8mMgAgolDoFDtB7Y4TRi7unQK5Y6iuzvd1RaJ7PX2dJtT507K3V376/DgxP1+cFg/aBKMKk7r1rKXviij4EnH2Ylqb+/XaLIX/68sc2euSsEMwRQFtpKae9/eAil/hkwKNRovNEliWcTyft5Wi79u26zCk9zfmfYrzUuhPd3rfvIfo+ylp/tF6fXJ9Pn0/zcxxC2M1KK4VAOGYFcggyxTMCIxoimVQWdmyunmQy6MPIeiNO8+lThDNDAENTLbXUsdVShtqU01Bb0gkNc85IdNs2JBGR2neJEkMKCCEuPe61HRSiMDNLYAB3dzNykkiOM49SjrVtIZ+mfJ3DKfOCgsy+lW04AwYAGtpaLaMXJUR2ROqju7uBGigS9dEcjjhdiEUkqOFW+zBgRGEc42gtAWUeDYEAgVj0aMMrWEXsQhz4YzoL7n7UXY57kCmFREjgBOpE//8rhwJsZd27G6Y4XSgxuAPglJJ5b/pQa4EL49kxB4yRg7tmyTkgWwMt7nr0LoKmdd92kQiuBMOw2ShmW+12dA4VEGIdjz7uj+23+/Zjns4OTiJ9VFBiWpiZRIXFvaTA18vUuqoNJm+9AUjOYYKo7hHT5fyUUgwhEGmpG6EKbX28O1pvANYpLdDdyYOQB1mmZ3Tf9scwTvmkMN+OVoee5xklJqIlREdyNyFBAEKOMQcJQSZ0JUBFbqqnlLTnff0u6TrnU5Y8T6duFUEZwravvVXV0bWZKXDoOshgignAbXhto4lxdBvOEkvdS7mn09T7IzIyMaKTDwFXlyVfKwZre8zBxjGF1PK83R617UQy5SVKqiMA+TH6XhkJhvrHMw/8A1mIZuroBsCEROzmjOgM4I7IRIyIMXAQCBxjDGhACN0cHNVAXTm6CCWZGHhrDREJmTgEgDmdgqQQGAwZMcao1tI5u6JQQFxSfHZPtSsLhSjQ3QaEGKPEtRNTQiQ3I0JyVmfGcw7PkSI4UOI6NlUlluHsnBHGqJuBMXPZeqD09XrNckphRnBFNWjbsR7Wl+lsHpfpMselD6njBk4pZfRqyIw2EGrfSEKK5xBjqY8pGCNzmogZREl2pko8kBAQ1AYCohC5mIGqh4ho1mr7GAAbAgsTgraq2GN8JokA0FXVbUqUIYzQCIMhDKO98H27p/kgbAaHRO29Cc9hvj6dvoytznFBkJknluFau+/DHr2uAWKexlHbUd/7qECS83OQad1vvd4GHIHH0Wxv7yRrrdPT9DXKgkpzyL1WQ1GVMrgpb6310ZFD5smBibKZdNCho9Uy9GAit6zWSj2KV8ZpSl/AVGLI+QIY03xZyyilOvMynRhxO/o0JwpZx9AxmtX/+Pbn++ifp9NTup7T6Xk5kZzu9bsPjTEQWkyhVeS0KMnlfP75+U/Py5cAMYWZY2aeUjgi3a23jMbjULV0nrbjH639vkxPtQ+G4yRMlnKy1ktTeN/uZfTv60C5qKZj60/P0NvW6vvDIIazjWK9Ccfr9dO6VT/2T6f8Hm/zOT69PO/rHRHV/OPN3k0RGBHMzAzMnfwjZ44IBGYAzhzMzdzH6A7KiIiOYL01EWJkEYopMEWmEZiC5PvjgWKn06k0BUdk71Y4qkF77H8DpUHNh88hIZ9O0/Ioh3oZ6gR+jAf2XZKbOQbcR7lv7+f8HMKFAIx0Xl7KuLvv0xSDjpRYGAk85DRwDB9arVU8L5+XfO0jHk39uEuUYY4AyEIkbQzhECX25mp9WN0atK5dOzoOR1eYp1zq4e7mWtsWw6y1Dr2r+ejk6oQ4SRbBx/aeOURi923vzeG/l2Mx4LB2HPfz8hID7X04dNW1lMfpcmJCA1NVALcPIzezxASOgKbDPtzMBi4SAUDNABAQ2nAHen769OXTVzR//e3H55+ez9dnUPz7X/4eI719/xEm6XWM0Xo9Es91PzhK5BiERZCVem1u8un6x87hcftNrehwJ1n3dlsfpuochsH7Y1OvQ/dlfiGK3bT2jhgIs/AF/GhtBaQUhUzVSSQQOFgPifbtXuru4Ka9tB3A5xxijsMgU0IA1RrnpR5bSHMkQujTadG6onstPUpIeb6vt8O6HM3noApPy5Kn01ltinWAEiTmpXZ0Ds5JMZSmx76LT9fTS2ISTrVt9/2+71sbDwMp2glxzqfz/Hyenk9pZpxK27ztQMlMUkhEgTDc31+7vb18fjotz47XqZ8SLeomcaZ0BQ7v9+8hQGKYYuxIWtsUT/fbMXrDjpe4BJcA4mpNj3q8s4zS9vvtIWmBViL38ylv97dpWpY5d23meT6deIwmNJEMgjbGse/7ens6PUmaDI3k3G1tpsghJfbWI1IbPgaV4qVbTIsNXOZzSufWrLatjxIYlmWa8hmqBYIpJ/Jeai1tPUGPElqPzkY4Wn8r2yOlKcUQUFqHfVsvTxwia9+2+vcQ5dRPcwo5ndwBvTEEDEFVI8kUo1ma4vnYR+t7mpKZtbatxw5UiafaD3Dto3Q/qm5H+b0cq/v1abmAYrMRQiqjOnqpt9bwev5pzmkvjrD1PhBjEJlIx2igtj92GP/oYxWe1Jcyis9P4IZmImxG03T648sfk+IlzQS2Hvt937deT72drbmrmtXeu9Wttbf18ek6OUSEkFNeC9vAQFP1etRR+2Pbrc5lmZ4J+evTL6d+env8aPsdA5cxwKr6mejLafkfkUMOZVkutW9r/YfCVvptO97nKQ59OGiKp9ou58s/GeBebzogUAREyWEmiWN0ZknzpfbV7VhyypxD0zZw317ROiMD+rDGHMzdDUo9jrrnNGeZ+3DCGEIMklAoK9zW1xAzIu6lcGYAA7Cc5t6Hji4xOACJGGkdh7oTEWEkXU7Lpyk+hXgOcpkl5ZQDT0DVse8bMkY1qrX0vjM4Aj32bcp5jC6M7u4IqgMhpRgZA6AYMHM6TZfHcRcCQu+lHGUdRiFOk0TtJQpECXrsphZIYhKzISQhMAOspa77DwkB8RlRmPM0nVp9AzdwcPC97IY2n9P9cbgHx2iMhiTiY/TSKvnasKSM7oVomeKEEMBUJDn0PhpIL2Uf2j5Q9zEGCAFBax/m+8D7t8f7AfXQ3YwARimPsn173b51r8hxL1ZLv86nFN2JYxThA72idLNNnTMvdWA/6jLN4KhDHcN8eZI4MwUJs1ozb+7V4ei+H6U4pe3Yq+0xnFMk1QYA0+VL4IWJbfioGuN8klMaFoSYeEqJ1Nz66IMoGLrqyCGiWxsHg6OHj4e9kMzT+Zef5uX0Seh0mpY58LY/0DwQ/Hj/0a2IsIH21tLpgsSR+XmJ6vD2ukaeh8JxNCauvd3XLeqYcsbRwEeO0XSoFUQgCa0P4tnJalek4N7M0ZCrmvUSQj3KDjAZhr3RPrwOJWAbAz9o76DgAATg/00xBEC1QexzzgjY1IYamH+YrdzNzCiSOaKrkBASccpTMDfVEUTA3XyoesqXgFQ6RokkE/qHIgCQWqARY5jSXFsEkCk/EVs/VncvtTHBOUVVD2H+4IQSYUAyoGW+TnQ6pRchKvUBPpi11CNNmZzW9ZZzNkQdFnjSIs/p8xTPABEwPMq7+9H9cDIEdweWTMyAIMw5X4qttbwKymk+HfUByBzEXI9xSEwxxczMMg8L3asPE6DR2uhFGNFcTYkZhoMbmBMjoasNVIwf1msdQeQ8n1nicVTtw0aHyDlFwBCE52k2x4dvvW3vt3o+TW2ErbxpuyHVEFkNY5iEArtfry9LWrajGwTiUvv6+vqr0RtC8zDZ4OJe+j68UQCgVvsdZUK2gE4yjrLvZVc3hCuo5FhBUSjO03L0VoqWdl9SmZ4WFCmbIpKEAOiGxCQpcIc+9s4cZQmldxvy9v57EnQ+EiFVStOsffTWpvnURr88iZXt55fnUnof9O1xdPej96a+7eX39//tf/z0c/zKKaTPp585Xs2pty1w/vRyaVibWp7y85z+9ad/+Xr650hzEKLIQKKGOnpta+87sKt1N77vB9BYptCP33tF8ADopWKeXkbp6o5Ot/vWFU45g+Iy5xwmHfC4f89Tu41vOeeu1nsfxvu+S4gLh1++hP+3/H19lBwCBFnrxkzujO4kxBLcdWgHdwKs2gxMWIgQHfkDL+xOgByDAaKggyO6D1XoEsXMHZRIAJzInp6uTy9nNXUbDtgVQohEut5fgTdENvGZXtylHHC9fAJ57V7XehzHtohfMlcd3cGAu3aF7jRUmyOYGVHM6VJ76+ORoqiZiAhKisnMTa32gZ6SnCJffPAkYwQHrSFkIUGTdR8GdL1M7j4vaQC97w/CLaVIMYgH7FgMZokMUbhJjEfdEAcJam2qhXwmiPN0TdO0ls28Fy3vx7fbg8J0OvpeG0z5irod+z5JRWzmxe2o5dbrvh53Jesj9WZM5D5UBzO7kgMDoo4+hrp1NwMAECTmMZowiYQ+BjF/fvnEEk45/fuv//E//0//HEJ4/X4LkW/3e+t1eC2tf/7ycr+p23g87jGG559/Tuxl27r1FE+n9CWydCNeDLiY9brtwvG0XAntfVcFf3+7na7naeLW3oHj8Fr7mJYZa+5FAp1BkBBaqXOatsNqe8yJeruXStrNYNzXLXHIKSPB5XzZe3P3BLg3zNxHHyHkEOZhigjCyfRR62EM748f73tzZAnStP32/cfT0/NtLSH9/PT807Y9etvmMGVJqsA4Uow55jTNgeLCUyCG7qYOgOu2Hv1AGGU93P1yeiGevzz9POdTJunDMkg/bH18n/J1SqcpPPdSiSuhn+c858mQkXleXvayVe0c4z/evrW+L5LIq7cyLZf1vj7WMqfTo9wSxvM8zTyjUe91K/etvjvbuu/3o+Axfn65LDOAHk9PJwcGGJHmKS6q2nFcL/x6u6XodRQO+Ic//LTdtl778vTUDAmniSRNKKytbMwgaOt+R485JsFJcJnkHELuzHttjpySiFgSNbOceJrjsde39XcM/unTHwOfhep2PNbj9dv3v+11e3n6dD986EOIomSzfj49WYT391vrf4lyijGrI2BCNyJNYVKtAi4UTvNTPdyMSKIjH7UiCjoxsXAYOlRbG3WM9v3tr/vxPQbpSoIzOKodW/nRQQ1YUJgy4rTkdKcCHratn85nlIhtm/JTa3VvdSs/6rhfT1+XOTv4UY85Lkj5snz6/HQA8cvycqIpoGjX9VibDo65jTFMQwg6urq3ZvfHxsjLtASRGELgEGRyzzE8Td73bsP8fvvh2rrBKb4secl+cYCie9Wj9/sk1kxAzuac09I7H+tOnAyMqBG3JGC2Fv229c9TDsiT2Pnp8k+5Pq/l1k0BBv8//x//dwMUkZzyGJokLNMpUgRAwAQYwAeyAkYHMFMgqlrWen88VgScp5mcIslpPl/OTzHNH2O8Wte93GOM7oDsfRQD7VrJAQnG6CTIElhkGIAjy4eciBAopzN5CLIs85k5sBATAnRCDYwG2kdlZABDRACro5n3oWOoEhIYh7SkPINLTheWNHoVZgQgsj66ow4dDnLKC3onGADDEc2GmjIigQin6/nSagsxDbXe6zKfAyfBGIKAt67bXjbzDyFtM69dDxt1XgJaH+MIAcyKjh28l/uCnSEAACAASURBVLJ27YSgWkOQOc6Rc5T4USO+H7e1vncv1bajvrNbjnOQFInMq/ptLW97K/sYj1Zv+/v393/0/gBs7sNhlNZKHW7swETuBow8pyyUHUPv7p4IGYzNnEMAACLofQwrQWjJOTITjj4efWzFtjqOx7HvtQDT0Wo3i/n8kRnN6RJl6cPBJXB2hDpsmecUAhgmZlfXVnR0Im/9UO+IWvp2lDu4unsbu1s3H1HCeXo55RfBaZIoROzYR1NVEldte9unHBHgcr4u6Rw5MXIKU4rZDAnTMDe1UjdH2+vjOG4IBuRHed/LjWh8QKz3cvTRxihmI6VpjH70Y63HfV1DzszS+0hxOo7x62/tP/7reH8rvfRW62jVzfzDWkWERATCyIhIxMs0AxEHQSI3WOZTFAEzQuaQlvPZwMfoZqO2vizpX/8lfXrBHFBIzZqDEnlvDZEYiYgIefTajjvgQdR0bELOGAJONpApIMPe1r0+DBqCat/BTETsg4qIoGZTflqmrwFPUzohQbPdYFdbTR+j7cuUEEbVo46d2BAxhxQp905zPrW2Hu11K2/mdVjrrV2WyymdxEk4IOJxPMwaufmoQuBgH8hL8zDMo4Tz8hSQOEwSomrroyFiM9urv73i+ujugMA6lOBDRerEFEJIKTExOJ5Oy2k555gJxUwROcY85RxjDFEQzNDNnISPcgzv7ng+2TxXxpFjLPsQOSNMEfIpnlOca1fgwBK6Hmrb0d7aeHTdWPjtcQxE86r9wWwAg9xTIIIH8b22G7h2tVJ6kERgQh4laOuj96FaRn+/rct8QlNzEwGzYeAOwMyIOKclyDSlFCWiCwDvVYdTba13SNMSOKKrMDujmwGEZX7KcWIMLDnk+I/fvytBG20r5ShbU7ivm43y5dMzAV0vn1PMMfBpmeYpDB9t+KjlX//w5efllyV+vVw+mXjt9942sGb+2OvreryX0doYBvrj8f3b+u3t/vfb/upYan+AG2NCmkr31i1OGckDuR7b85I+vTxpd5I5MLsP092xbPsGIntpA2g5Xf/8n3/+29/ffv3HKKuBazkONCMEHYpIwlEkIaCpEiKYIgEx0Qf0AUDNAU1EmD/wUC4sgRMB91HaqCFkNTdH4ZjTBE7TFAPj47ECARP/27/ppxfVoX3sxKX11YYyRLCMjsze9bgft6M+Wt+DeD0eRARE6kYAUcISz5mnGHNtdd83hI+XfowBzSiGGIgipyWdkaIpBZwv89cUPrVh9/0AkBQn5syc+xCzMOXrZf4U4sWRSq/VdC3HYztCXEA1xSkQCwMxDa3IFqL0PsyBMREtglMKy8v1U4qploE2tB/gHQUfx7Zu63Sa2DWGFDmCsTkN60jj9vZ7a5tEOerQAW+3+O//3rbtAABwBJCQFyTspX7sWh0QHJAYHAlATT/8hiHEPC1fPn3+wx/+0Et73B/dtJQegivB5ekp56X2UWtfzqef//CHYy8s4bLM/7f/63K9xlpaYDnNn7MsAMRojP+tAiRHljlPl3sh7WE6XWrrAsYIkaAcD0IzxNYMgPswAAeUECc3er0f9/sBGNN0asNLqzGko5bLaRYJAJjz6bRcpyhCfrp+Qu3CkudzUTifX6Y8HXV8vV6HiwK0tneDffTff7wPQ/ngPFub8gmQREKKIYc45yuSVG9t7ECc00vm83V5yjwHCkN9LY/bsb0/brf7Rhgiy/X85bJ8Pc+fTvkSgNENqJVyO2pJccphmdJTjmdBEcKXy0uKE4cU84QgQOLgR9uNx+vbr6W8nhYJwgA0zIdRiGlZlhzDKS+n5RrT3K28r9+qrj/ub3uFnKc55pfzMkWJIUw5lzpSOsd0cgWkGKeTg7ZyBMaUZzRdb28pTJfL12F+tALuP31+IbBLnrJgr8UdHWg9NKb55enl5fqVeRGZUKjrsLGZHfMcemtBBJEMjIL9eP8d0H/58q9ZLuat9Mdt/fbr97/847c/Dy9qFaAgaUwyzZdl+hT4VEq/3e8xTDnkbd8f61qOh7uHgDr2fXtFxBAXM/XRjz4QmCUJAqP8/Onnp+VLkPk43m7r70f90eD+eHxf729ff/oTNprzIoKP8vp+vN7216OsX64vs5wCcPP22L4/9vfRNfJymhb3gG77cS/H4w9ff4oh9TaCnEhDklkociKAbkM/P33548ufhJK6Nz228m7gjDFHsVEJ21HeSytxWlKavjz/9Pn6hzmeGDmGSMy9dVVJ+TyGb2UFHIDpcvr69fmf5zzfHj/+8f2vztqtaO8pPS+nP2W5phiH99t6X+v9vv7a9YdQmyLPS2IJJAuHeUnn8/QUw0QhAWDt7Si7hEhl280tRkyZhTByFhJVBR/tWOdp7s2G3rvWOVzEoLVbG8cAIKNRR4pxTlOKU6QJiYxV610CR5cUpNZjjObuRxs4lMFNdZpCUW2joWQmICYmjCFSzExB+3Dol/kSKLVx1L5GQRQKIdReyTHLkqMc5dFGURi17RKYEVXB1EQE2AERiIZ7RJ6mC/hwHXU0JBzDKDKBHsebTNM0T0czBeY0YyuqmuPkCmVf52kaqoQgTMwAONCRAQXFAY+2pZhTJEQ2F+1qWsfYhx+MQuykPaXgJE64t0ezdj39DIgOBmqMSBKPthvo47gd9b2N9WmZOGIb6zkt4kDYW3t0q8bSdN8OG921HeesETSENMweR2kdmXJvhswxZO40OjM2J0pBQkBxGAMBemnHGOAY2/C17oiIXk5xIR+GPQZqpd33bS9tLy3GHsM8tJ1HW8LZ3PZSCdpQKHXEkMfAKWUBQwWR2Ie6Wq0jRlvLj957t3Evo3sb3c75ejpdAdFdc1hYsg1kn6c4EXW3Nqxvx3a090NLMSUOBn5aZrRuTqf5EwCKRILDtZa2Ccetl9IeTrYfh3oi8qNtl9PiakMZAJvpujUzvObYanFrIMQ0Cc3qRa21diQmtf04xn3V91ste3E1AACAIDIQXJWIiMid0B3REdFZUkw6WtdCAGMcY6TWa5xOgGhjpDypqfVBTPMcr5dpikYkRy197HvdQ0hC3Ko++pGiTtFjoCzhqDcvW4gQU94fjylN5/mqY+jQ0ddyfD/67nMC5z5qqAdzfXr6hECB5ik8ZbnO0xWRu+0Kpdtd7SHR2RixuHfV4tDraEFyEGaUGFMpa7XtaHcb2zzFOaRAkyiO1hWhVGVClrQ/mo02pUhsgqGr9VKa2bJ8iSGBkzBt5Q4ADrzMpyDx5aj/8if/8/+xfv8tuvdhjiSA5qaERCjEhERIgijuPAyGuXuXNE35BEDDNEIIws1HaxsF8kMBrNe6gv3+DZ6f4PmS0GCZTilOrUAOJ4RQuzbtQze1GqiReI4BHI+9vvdhePZiARpRhzEkWk7sfkReq642jjbY4WRAtd9i7N2a18q+oMh+f5j10xx7uRfUhU6GXbUrtAoVifIS27ApX7InH3sZm25vkQSMRaYQgqoXLzlPElNXDCxDYCgt06dEeH/c3tbvX14uHfWC8tRS7fOjjrfX1wL7X77/lz0fSmOOl58+/4/anoOkOvp2FFzyP718YZiYpI7jVr7fj7/P7JSetb8+9m9t1JhOw+SoiDJt+/jt8TbPrZpec7CxCz0lSC+ff9lLKW27xDlbw0CXZRoNYziJzCI+9NCx98Nql0jT6fxy5umxbk9P5zJSzgfxZkNJ2Axabd2VENybGdrQDwU0IDKzuqHjhyGRyB2BmNx89A4ECKhj9NEMzd2RYKgC6mkRQs9JyEbZtnW7zz4DLI+1vD32QOJgj/2uveikrmHmf04ps2nMX9a2vj6+u5nZiIGMcPRem83zhA6O4IxdXSRcTte9QPKpy2S+Thne7q+l7qd0eb78tO0VxoNlopAGGmBI8dwHgbWcZJ7i475eluXl6asOB9Adb1DWY3+8rzXFUx92nbOrp5CYniLGWmHvv7OrMOYcvAcdYUnX1ojcLtP1/e2xTNnJ9rLeHo+4nFBo3SqoXeYJhNba1v6PlCY3RXahdH88Up6naREqZvYxbTCDOM0isR3r0DGGIqEwIgsyj6GIhJIk5jzNwrlWi3E28Oevl7/8+W/Q6ftvr+sb/+l//hOTnJbZWUbveeJ1Ww1BOKQIOXVmPS2LmQZaInIn6rj2QcOUEWpvPhBovpx/ef32m6Pl9JQjEaq1R223UlFaEVpYpikB4NRHI7Da36fwxOcRJNW6syAJH/X28vnZ+4cpQFT7vFxRZYC910KEQ+vodZqvQ2uU/NOnX4LuJxQ79nhypK3Uhym+3WuB/tPn0zJNb/t6RSOUFNOX85fT/PLY3nV0AcqShNIlPS3xmU0Htu0orvBYj/s2pjg7RKZwbGOKcGwHdl9SJBItevRRhmE5hOrlJNpR0um0nEJKhF7bjsJCCGajuJut263tj9OJ9u01p1k7Ovr15XpK83FsI4jEhTg7jb2sHev32+vr7f3l5euS50lCFiHCXu/3dZVwNVr2Bk6eiahDLy0nIbBje7+/bVO4OMHb+rbMJ2IU8SBwyk/1uJHElKZWbkz+6elpns/LsgQIU77k5bSPLUXqu5nW+/oeICLyKU4SxEa5ns5BBKyCF4Ih6JE5xhhzdq+ttMFde8zTF6QvtSXtRxuU53Pr++vtV6HpKDjFq6God0ajGNFFFYUy0DJPmRhVRym7qU3T+Xr6+jjKXh9HvZXx2Pe19ZHzPNqIOV3PL+/lfjqdfzu+3fr6vJwf/Tcmsyp77+5bb/tHBnjOF3XeH4850ufrz6iOYMDwtt+eEsgItdVd1z6Kgjatj/X2dPkqYLvdUhStTkKPx+sUhYVenj5/kp931WMvl3xiEIIQ4wKGIpElBG97X0OAr18/ffv9r8xzCDYlHl2mnExbq5BCcuimdfQHUG/jaL04OzKLnEUvig/1yoiP8mj+fcApTHmen1OedZejNYebGcp2bN1a6cX3elouhMlNkXLg2NuOMNDNgcYowkSgre3luPW2ITEAGxCR2FCX4YDgRMzCIYhEWuaU0XQre9fWVCOj/zdTMYKbjtb6ERg4R8aB4JGYJe/9ngQDa/PtGPc+6oLnKV3GiGqEKIARMIoMJ+q1OXjrB4yW0pLTjMjoQ7WnNBu0UtsSz8xLod1U3YwkEIH1JjQlQbeByETqLiFk082h58CuA4zAjRkZGKyRd7OB4EM7OBgMFkN3BHTHGLOkvm4bA8Y0UQsTi8iirk0bENdR93qEdLhbhLjEE0kYtWg/+qg/7q9E7bxQGauppJQUrfZ3w9pGue1dwqwwaoNzSoLIqH1UVdxKNYsxqLn2h81ZegcCD9KIRwqLYCboLL0Mu22lDdqOA2VBwMdxMDoMJfRpzhJDW/2x19KGKtQyAkOYZGih9MQ+jabv9Xvp1YmHNnI450V7jxyB8WjdbQxQtNH6cfT1vt/u5caBU0r92Pe+nqbnl/PnSU5qwjEJBkdgsq7eat3Lvrb12+2HmZ5O87YdNMXzcmFQhi5hQQpme0xxvd1u621vx7C6HXWYEZ9zjikuqqO1sm3vtVcFNpocgjYMLMTRmpUGgHNOBmZgClS39bZueH/ocT9ch5vrUCJxbeD+kYglkkAyRiX8YNgPoaWP6oocgjnGGHOexxhB2MG1NyKMLPM0zQlz8JymGPN2VHdHoFo0phlQH9vr0XzMOSo1tNYakXo5pgkinT4g6Kba6lGOu1A3O/Z9HyGZcQSOUsOBAZbPT79keRGeROhoR9dHHd/38lsQJ4wiOUoYbWtl3/otMMYTE0ZENPTifW1Fe1vyFHlOHIJ5wJwpunnrHbD3/lCtUSgFVt2O4xjuBBSFGIEl1t5CoKFDrQWJSeYc86ejvS9lOZmkaGZYDQhHUyIkwg8lkZl91M1dHQyEo4QwDIgJCNyh1kMtGnhtw8GPfRcJp/nkisfBt/s9i18/v5yWpTeLOQSOAD6sNT8e+3fzdp6i6A7Y0RUM1DwsVFtrVmbhNkYkkkDaj9732tsYAzlAd7NBeLReycbwYXo4T8beR7ucnn/++jkAgpt75wCjd0TfH9+WIDGFHHPCpbfABOvjdo7TJlvvIzLZKGG+frQetYO4gSM6q4rI/HyZjtYYjJKNUTcEzzLF9vX6CxG/f/99m30+zQMywsQwRzg9xeWfni9o4Zqez+nTNM+v27dvt7/9tv7l62WCvWC7DzhIwlBkuQinlHg5/dNb+LX1e6+7SocQnPrjeC0KIjmlnJM0dnJNacb0xDwN914fUSBPqdUancbo0ymIhM3b9Sn++kNf39fHY00Cpt57d0RE/mj6AgARMoWhHQwQXYfSh1TRkQA+NntIaO4EOFTHGAggHNoYAhwSA/I8n3RA66pujiiSn19+SmmysR61W/Rtu5V2G1rXOr6cznH6eeKnyByBvlz3t+2ttp0I/j8s/ceSJVuSZQkyOFBELlBVswc83COzQNegZ/3/P9GDJqqq7OqszIhw9/fMTFUvEHAQM/fA8heESIhFmPdey3k3ej9Kcy7PcXbER1k3vOcETJjjxEhjKKXzUT/3fpjexxAEb8DOBQXQsTe5Qy/SWwzgyYOpqZVti96d8xzDgo6OsrFFh753QPXn/ILDQzcwTTEQR5A4uGt72ijBg2cDA4reGXCeiVIf6l3yDEXK6fRl3/fWm0AXtOjjWvqQQQSix/Hjj+S9ozznkyMkcEScc2DHYGiqMSRkktFUuoGaGiM7500B2PdxMFNw4fzyy75uoO10Wv75H//9dPpfH5/3+/3zt3/55XLOo5T9/vSBP98bsr8/Hm/uzRRyDN7Hy0ucL95U0DjHU3CZRACs9tZ1iMpWVlRkdp+fd5oSc5DRXM6E6GgUewLjuq+JXACvbUQfPccxNga9zpl5lFbYc21775v3wWFn6pzIDf74vKGN85wdsTksW0GpYE3K3Rgj8xAky6MUjJfgU55CyDMi1mF/fN8uXy7X83lKbpex7vfL+XJeXqeQHDPCYCplbCjxerqmMDmMKfpKq+jtKKNUGt0NxGp2jm6I7cdhR8PzJcUEaAKILtWx7sfNQb49/5zDWQUgJENWM1Cz0Y5auwC7kO00h6r51tunRSjtWPfuMIbF5WmZQ7aTGPkm48ftXakqjNr6+TxfTvkal+vywuRaL5WsDiEjdKy9G6oOYmenKT2ex+32XgVMgilWJ95L3TbHNl3TQEnBa/dH65U8x8xCpzCdTzMKTjFfTxefZldJbNTHD3JZh5B3wTsE66MkH7++/F6PvbVH5VDqZqMFx19fv25lZRqTx94lxgSW14KP7dHLnfRYphA9wNi2su3dHXs7EwiJMyDy7GYfcx8FeXYAzo9n//zHtz8u15d7qc7vTWQ7tr3vbcjQOC+/4tDR7Py2hDAnhcG7D2m7fSMentuP2z9xLD4s98e3Z1n/+voLsm9d87xonabol9Mio/54fGtEA6pKE9O9bn//9n8f8nDx9OP+Loc1VFF5HHdAiCHqkCLt/viTCF6/fIlxSQMsN0eZgdBR09L7Y2ufj/2P7fhAwjidW+clz96R2XBkgmLWPNP15StABDm0lXr8vfYoLQA5tD6HDNOv1dtR4bn/WQeUXu7lD7DLwq+nDAyMhiYdUXwgtx5Hk4JoQ7m3CqSKUHtzmPpofbTatqNUxhim2HoTUCA0VR0tpFNX7aNzgHV/oGPvEiEk58A5UIMxUsi1ty599M6AgX0f3UsKLpdWVUbrT41OkXozF5afV0gmXY9ve9vLKCnNA6amqqZoEHhyORiAgUrrCmgArVXUkbMZVKKJHNe+1y7OJe9CtOwwquoYXaQBErGPiXPKKsgpTQHW+01RQ4pj7L1tMQVmKqOyyyjG2MvxcISM/uj96Ecdh2gdDRGTD7MfuB9rSrnc7t6n03KGDlOaU5xKO4gQmWVr23Hbap1DXMJZ80vOC+IAbarDDINLo/cmq3m8H41Atvb4XO+PrQCwjL4f1fvsMOQwT25+7I+9ba3rkD7GQMQUfW26PcftIXlu58VfliV6R2ig1aybSWsior0XhzGcck6ZDdTG0Qpi3/fDTD0x8WBC78CzgfTSCwMOBTCrvTzWp/fhl+sv2kJ0iZkH/BylBgx72Y72KO1Z9F7Gcew1xvB6fmld5+k1pTPalMJESGN0GYdorW0b1tDB5/v+8Tim7PajgsoUbT/2GMGNipwBFRD3/dmkr+Xo1u+P7f22LqdFFLfnsaSvo6ma9d5u9/sATDMoqFo5z7M1CGGO+bIPdKzByTJlaaPp2AusTwFAZuzyk57fQfvPAAAiMzo1E5XeJIYgox/HjgjOE5Kb59M0zWZ4mvLlcvGOuyo2KFIc4rL4ObnTPAcf9/IAcJd5NnBDYPRnqxWFJLS9j8HieTKw/djZQZwz+4QU0KuWDVSWnIj63tr63LZ9TClez7Dvx3laCDwhI2Ifx/N4v5d/f7Z/8x68OyNMNrxHd1qyQe+3p0ETOZg8gBzHZiCiEON5Dn7Js/U2pbhMr0jZwA+wWo/n/qE2mjZZm44jpLAfR23icx4iogokH88bu4BEPw9dqBQpvl3mf/1b/y//52fbCOCnE4vxp9RCxuiDkEcfCCN4ICSHIfjEQ6T3ODsmaG2IKLE68qUchARjAFEMgSDCuAQKnmeGJU6ZgGT0IXuR4x/f/1uX5/kUqobadwdWjsEcpxhFJDkdozkfu9Ja1FB8SEXCba9qKWJGTKd56gP3512jcw6NFAAHhpC9A51yoDFaX1WLKZIVx9japjKJ5Va3lF8cTV13zx6rXEI8rEuvMfvgaagSkAu+lP0YQh60ucAu52meL+/lvW578PR2uijg+eS2/VHr9r/8619YWq336Ja9ekdBRohw/c+/xH2t1iGdJ8cOSdbx8eP5nd2Zgk7WyNGoFkJM8aQSznFJl9/O7vJ5++ecJLnaWhlqYmV7/vsyv+TpzJhO19/2de0Cif3n44eRJW+qY6DtWyF3Jo/788MIP+7v/7//+P7//v8U0bicpn29l9YCOzPloQBAwAhISPbT9YKmgESMAGggMlSVPBOCARE7AhQdBopIzG72mRnH6MjQRYg8sR/anUPvfU4xhDgl8n4do0i34Kfe+zG2rX2+LntKX5I/31aIsHydX8d5ck7rsUuXOXnn4pznRGG0vbi78+BiAnGeJ9DOGNKcfLl9G3+ooCLvtTbpHdvH7WNp+2V5I3QwnGM/pJVRWttzTNnquq1TuMz5pUkFdXM+v5zO19OXnCYrH8fxrF2ymwG8jCySQe6EXaVPiRGQAdro+1GX+eVyfolsWAt7TC/z7fEu1rbtaQBldCAurX/7fgPDX7/mE9G8vHkvROADnE5bjjzqMDGfg4I366M3GWJkP8HEQzUgeGYdowudl+vf/vKv//X/+j9jQNVR9qoAMeXn4ykoYQ7ffvz429/+iixH2Ws56r7N83wcO5GFaCECeq57c96LDnIMfbR2HHVdy3OMIzn2wRnHPz7/mF1E6M+jLXk27QPGVrfP7f41TdafgRck7KbR5znny3IJ29HHvpfbGDv5blo44H3753l6LZ1rG5dM0FflSIgpufVe+tiJsFVJU+6jjwKR7PH8DH4KceYwi9Sj7NTdf/pyeb28Bh8nkNa+IzbDInaM4cmJyHaU9fX6i+fgkKe0pJBdc+S+d6mAspziOXtHFD256Fo/YpzZeXJBQZC4tjZEAO3j+QGCf/nKxLFqKSN4COwiE5f7d3BhSWexxB4vsR/NN9t+PG5Hhet1IfJq4Dn66LqOx/4Z4qjSXeC//PqFSaPLr6eX6+kNyT33T5XH1y+XZnjUAc54NM8WycRMTdH5OcdabV3XBGPoxp6QOSRCAXIhzHmw6mjo0svLXBokT4YwJUdIOZyYeR9lmS5EA40iOucCIgUM59NbLS1wqH0f+qNXGdh99CFwCjHHwLKfUiZ2pR/aZmdx9sucQ6TmqMAYKb26fDGj5/o5ZJ2862Ln81eppbTiOCjCaM9W1ugdchg6Ph8fTI4QwdxRIMYvgXgc+3m+enZELqdT3T+yDy+nDFj+/Phvkab/6S+/g8bbTS/nDNhFjhAv7PhyeiE0IgvJh7o+7rcO7XQNSPj68uW2fTse9+PY2/FPeIH7H2trnRyh1tNyiiGPSgrYx/H5+fzl7eXl/FX7roLTdDLsH+vHdnxbyz++r//1ON7P86trHmT++vb1dq9ttCYNyNBsyadfv/6tFHg+3gHG/fGPMW7Bn5hm709zfk3nv9Yyl7io5lv51vsTsSJp7W3dD9C+98dxPB73T0BxQCANVG3JAZTLELFhuoMAO19H/3Z/L7Vep1/8QA+mKKoaPA8TRCHivW4AgQz3VU7zhZhBikfEEJ9rcSEGPxsSqAEMMxJhBWfqfEpMYCpq2vphaiaDBJkQWO7751o/e+/k/iVI17azdABk4uxDG2IgFXYAtzdR1VNMbQzvidhGfwK52rexa+DF1EEStd6H7vshpr/9+tfoI1rycUFiwGEAe9kAxmgH4aitAnqgpbZKlKfAR31WD8TxaEX0qGNjMhUZBCro/BQExjiWcJ7SMrsTsWWXAsdim/fYxlCy2vfWD5jODsPOu0ErfVNtbDD57KCSYc6+1n0th0grva1HHwMRYX1uKb+QGiNE9jkmA6p9OFeO1qVrnjKYyLCu+nFbfVV0MfoBsBOLaCVW027KzoVjt69fXs/zhcAZUrfdRm1agNn70GUPkUMMMRAhiI6h/WitDQHDtffjOM6mo20DY8LELjKBIz50rL1v5dm1PMvtvt0fe+c41QZbGX95fUnxzJhjuCK62o/aSzkee711XQfs7+v9Y+sKoXftdXu5zHWUYd089DKa9hSvom30OgX+aPv747nvHcCBeh2Ul7NZ6CJtKPt8vvgx+laOOAcCriBH3TMyADsf3uZfbWxMUM1K6aV4HcjETFKH/HRfMCCRZ+eYPCJKb8Q4BIYJCBup2jC0PE/L+cTBe3LLckKE4AObAaBKL1onj5dzpzxKWAAAIABJREFUPM9nJNfTFW0SNVEF0GHVhwUoHKXHfE5zsP5stfn4ihwVo9EyhgfD5Jbz9CpyNz+juYZgdijQUXoiQXCtD4RKKs3Wvf/z4/lfBNbkXwO7QCcXTx7p6CX7y3X5svebKTdpP8sXtVTHPqWFmXTgFPPL+dW5RSHux77X29E/q26tVwJwxNpBPQwh573nXKustM/L0qUDQXSJgdCMiE+nl8/juczsHP1c8Csqe1ZVVASAchQRcz4SDNF+tD3UBzhj9J5c4ODZLS+noXK7fTJidEFEuxgxueD6INWZUYewWkBeZIiAgsd6bN3Gbf0QpeuyeGwy1kAcw1QNsLeYeGCU0QmDoNsP8OaqTEOByKlGoiSCYJSn19pkb6t3Mi3BpC45JdR9vxFIOz5cABuYyC05f9Sb9M9G3MgdQ5BQpQdCNgk4hLT3MQVnMnyaY5hUtaHWvm7rh4+nbuc0fO2PTluXmzVzfLle/6J0yuG0Pr+D9iXnrtT6IQLRv/h4HSJKj3lS1cnAjQHBx/M0z8n1tqnmgUN6T+kcyKOOQFOgOdo1nRfQjLo6Hi7uj+Nz3e6EAzn3geSgdxU5pphq+Sz9s462saGO7Nk7b1qfn99DnB77/t/+3P78hNEpBn7oaCKOUGWYDOfQVMCGmTNVIGAm459xIOhd2CE7hgGq1kxNBwAQE5iBIntEA+9QrB+lxoSm0s1su8/nc5qSmG7rY07Zh6TavaMlZiQUf4DWgTtyD9HnOI1hL1JHfxb9DJPtbJ6qVODgk/dsOLQ9jm9Nygv9IiM7jCHOo1aP6qlP8TXEaMSf262247bdtr53HWa2pBcE9t6LcZO+S6tHAwxznECn1+sluJOjdM4wTy9zvAJyNTYXjWwvTcGFcDrjL2qChETKVEELu6jSa++zTTokzV98OO/H1vrq/ZyYa3mgGhrW1p9F9uaGob2v/Opv98dp/mWaTiIPG59DanDBvFNzQ60dpbcOqIxkBjJ+MnzNwBw7H9NyOqc0n5ZznuLjcfzv//v/4b1jzz9+/OlT/Pr16+zi9x9/3h/Pty9flyU/Hh+1HdMyEbkpO5HDbBjAEA7BWi9HXdXKs2zf3u+n87Sk+SitmYHF2/MB0C+LX2u1Udb1s/UjRfJUeqscMjlD9TlnB2SWlpyeZVgdPmqXfTvuQzz78/fbN9Plcv0SUbxL7OJtvTG7y+X03DrIQbjn5B2Nta7ee2EnKOy9DvXOv52n1ylP6XJdfo0+QX+w3Upb93b3wNF3hQfgzgFjSsnFZZmRG5Jblvl6ffnz5kOC3htij8FPybsIZv68nF6vX3I6354fex3APk3L/eMTWfxreu57yi7H1NUAlL0bYxCZyoa4L+ma9NyoJC+fx3DkDbqqAkJrJYZJrR3HrbXPvHg5ynl2U7g8b8flcj3Py5xibQdgdw7YYQosnxuAJs/RgaKUUrxjdt75EFKOER7P93X/fHs9s2fALYQcAhrh1Z9SmltZc7TbVqccW1HvDEmG9i7qmMlcoLjMV+s1OpdD1mHSbc4vaAOwA4rZpr24hBHtkrNnTQlNK6c0h9eBS3T5Ov0S8NbKn2OU0/LFhd8/HwowgJpo3Y7PIeYidSnRT6W1KeXklj6Ot//0P3+/PU21WiXU4OfAM2GzETjO8+nMqPv+JHdnnwPgCV2buPRtwOMcp1M2Aievl/t2t/EI+dzGVnZ3DdGFaFZKeU75t1/9y4+PHzoAXXA+fXl5OerH53NPy1L7asK3+w1Qf3m5ArohxzCdT/HYBACJHBplt2AgAzjK/bF92+rft/r3rX5T2Wrx2f16Ob0gEuogoDKOY1uDD3/95S8kxABMcahft+/b8YcZ5fz2+vI/s58ntwQHapBj23p1sMfAP0O3tTeRo/V1tLW1gxw77+LwqL2bOccRtJTeSm2BgVD3Yx9de5fSW+jC3qsBAacQRx/rti3LoqiPdZ3jxDyOtgEAOipDULqPZ8OUY0phnkM+jicThMBDkNhP+Tx6Z2+jNXLY7GjjJ6iHEaS0z1ofw6TV58aRRE4hxLw4MxMx21WViNRAFIbA3vUyz8wOUGQcW20KbohC0tbjrT+OUgxsDvNRdzkKWHZ5ZooqrfZV5FApXYrKBtaaiQ8zcSZitI7G57wgQGlr6avo0cbB7BECuYAUVDtjzCm6vs/5uqTTHCMTAvbm2XvaPzbnwt6UXWyiW10ZrQwygdJKbRJcjj6iNRUm4qZaBuzFnMvQeqkdObtwguNILjHGwJMEiGFNAlsp52USNUS4nKZSxtBeTLdOFwXXjp26c6CAyM4H79Qvb6dTdpH9aXo16aOOvT3NyhiNUM/nSXXkHA34J69yP56AXFR7H++37fX09TzlUXbjYBpRPaCOcdT2rP3RtK77epTBlEMIW9F5OqX4xfOVbUL1jCQmY5R1/7w9v5d+pyAfj4//+H7vA6KLgSR4YgSRYaS37TPGyQi3tgXzOfJxbCmY976P6mIA7SmGHKfowxSjaB5j+3x8nnOeYu9EvQ0gJ2z7KIEjAyQXQvR9VOeoit02WQ81VVMwAANAUGJgQCYGUDQwGAbmnCNiRjQTU+MQgk8IzMgxZjEFgDF66W2IHMd2HNt+dBXPaMg45YXBDdV1/yzHZ++VyMWYl/ziQu5lXfKSc+zjQQ6ZnZju7WAO5CBGv9egokfdiePLdS7bGqbJcWptdF/MsPSt6Pum349xA5Xem18ocgw8e/ICqWvjsfdjxeAI4aibGCBAJO8p5TzLvnrOTAtTbrUqNLRD5NbabS8VKTp019Nb2VcXLw64NvNxqopWRvaJEGOYPXrmGcBZLapy7E9QRUREYKKfD2+ImCojqdJxHMYULdVe1+PZpec05zCp5TzP3rMcyoSO2aFrosAN0Iywd+yydD2aQB+AdSAooa7Hum63vRzHoZ7oYfUUlRSCz8MgxLnjU+VwHKVJ8lP2LwYuJB/csZfP0cRPswupHI3YhlQX57od2lWeG+E0nybr+lw/wBrY6s1O03UOzjGmyM/t+3o8QZr49TRfRdf9eEdrKbBxqP3ofaRAwWVGGtaGbMSNuG7HvtVvzhFw68cH20beWmsip9P8ZYyuhimevWcbPLSJiIE39OiDHIAccl7MKIaplfklff3b213kQCUFCuEEEGSAD4bY9nbXdgbRWjohSFcVFcHWRwz2WG/zJK11rZ1UrK9CBrrXcTzujxjyZZ6iRqi0bS4Kfty3fe/Ru//819P/JfCHmLbBjlSECAlxiIgOADBEz84UdAyRn/RPRpPRmxkQsw5FBAM1Q0IMwRGRqLbR2UjMjAgcR5/AcNvXNE+EVEopR9sr6HabArEcgZS9b9uK/RhQFDs7Ct4nn397+X3taeATRAS7Op3mzMim0sZe2sEhfD5uKXjysdQjMM/TKyr++tL2/r61+9B21FLaMAUgZcLWjhR9bzq0G+Lj2KLzSxQAmKcTg/M+eUpEzgPLqIjOp9yqPrcbE6bsRoHoFtUz4jEll9Ny7PW+/gl8MubP9fZy+YuaEHkfQq9B+tbqdlmytDbltLXxKI+uFkPOyW9HPcUmenh68ThPeZomh0gAxhzUukgTGwCIgGZgYmmeAHHsHRlC8JfTNE0zsfvjjw9m+Py4ny4zIoKKlLI+ns7H/bkxgKggIwDq6N5xcIlgrOvN++B5Umvr/qGqLmh97D8+vg8Zns/abfIRBu5lNSlq7f6EVsZ5SWaDUb33DBjmqfcRPJALYk5BRnlWGc/9e9HnPh6P+w/vYL/dfdYcrjFF8n7JFyQp7ZjmBMr12M5TJLAp8RyBmcWB9SPFk3MuxIhQn2qOo6qEcInxhVCjurUUc6PW563v87S0/vnYvzHm5DmniZhK2479yeQAxDkyq3u/DxnkZmoYbFzOvy5Lfjm/qvkidavrvq+I9Pb6NceTozhNL9P5xWyU0Vx2Rl6sm0t7eWfdaUQfzjG9Nq2Rj8j7dZlzmrZty8vZUB/7tu4f6Or9+ZlzVNOyr1OMDEagQ/aj37f9h0CRVo513Z6Hh3j+8msvrfY+DG63D0O/XL8u8+V2u5llcqPU52nKpjt5UhvX85dWBzuJzqts8+wDewbL8SSAx/E8ZOz7ft/318uLCuZ4DmzGDGZdLKA3cefTm8iz7p8yVhwx+HA9Xbf1M+XZuaTE5sgTLVM+56wyyvGpqEq5G6XsHh8fU/Y5BpH62B6P7UfKPIyXyZGW5ONfvv61lc9xwlo37ymFxOAS8cQJXTjlM1svx/eHlgY9xXN0mhBfo98da8HghrRHDPk8zet2F2lb+zRTSs6Efd0dc46LCsU4z7O0toPJ5/P9ud2ez09H7jylKab79tn7Hzl7JhU5gEi0A51O1xfrzAwh5AA6ejMtrd5r+6z9Rx8P1RFc8pQ9ORQGTDnidpS1bQPGXmqKjAqOBtFwiGmZt/151BU9rvWEGCCCswC2kFwiXM/TgYimq2IZ1sEEpKOOU84+ROcpY4xChYBURG2MLgbSZfR2tN4ZY2BC9D8T/8FPKqhA0eu+P9q+BQ+O4agP72Yz0CEqdBzPFGcXZ8SwTF9H3xFObKGW55wnEUEKPz+tfAj1EGLt1szKGF3EGLXXjRHNSMZWVsgzKgO5mRlFR+/bfnwqDATtvdVhjpjYi3SToTrAuhAMG8/tQ1VzyE2klREZT8uCamP0Ib0PGrp3rQaj98MHYo7SobW9jybyPOVL8pEM83SurZJ2JH7um6rOPjvKDqm2En0EJdM2pVP8GffIZ0I42g9GCiHP+SgNPBJysDGqHvfRmDm4vO7PrkYuEgZHvu7dCAU8c3CueCZisTM5Stsqy8RTODk3EUdUCc5fJgAFNDHyby+XgBh5GNguBsZNOTiLBK3tMoydm12InEe3OfglzcH7ilXaGKhDm4D6GHOKpgoYFFBUA5Kild6b0GPdStkvv59nH2CUwGi2t6Em+jwe7/ePH49PIHlunTki6DLFGJkxXMKrk+BhsgG1rEZj7/d7vX9sn0e7EffncYjoPOXo3GkK2nagQYyKo7f+3G6PUM7TktJLTssYhUhPcyyltyFvl/MyZVVLMceY1SJo0K5kI0xpEBdXttYAofZKaNHn4Lx3QY2HjaPKbbXnJj9ZFgDIgIjoAFTVAE3FVBiIXBQ1AlZRcpTnaSCAWg6JwErdphwdU22HInRpyBhTVoM2ylZuQA4QwU0iiqiEXcYemF5OL8EnouDTLw6rQo0e1Eqrj6F9NGX2Jq3UvUkZyB2w9Zpyvpzelrjo8BCw1bWO+9E/9/Hn2m97bQy4uecx3dEnhhDc2bMDwzF0GJmotlqO4l2YfFymWRR1DCJinw28mqv1KVYBhoxD7ejaHbNgUJrz+Zoct+NhaOzS1oAJ/eTJhH760lAJbN3vYm06zeRKa42ZfsIGQdUhK6gYMFjrJVkOLkQO0jvHqGMcuiPTtEzeTd7TMi/bthkIsXPsujYdagSfn/a8yuWqjIjYWttGf5T6+fNGZ2rMqRzDWj/NiUOqZcPmHEYZWynVBsQ0p3hxbmrSzKVlSgc0NLOiiYI4undAjnFy6/MONqaIDADMxHC/3WIwHJwD56T3+z9b7wYiqv/48V/f5nsbZx1VdSv1Cd3ml+tRw/rc3OWiRmpkpmLj8/FRZAzRox5l7D6yxzL5QkigUtqPYOfen9F371Ibqma9bcwOkBXikP0YVdp+8nOQAjgnNy/+q00NYC9itf4YpCBuCnnoONqHwR3HwQBqg2UEHMd+f9anIIqFdevotNW1b/v1NNmQEJ1IUd0E620rtexfz/8yudfXr19rrQHH69n54D7v9o93yvNsvckY0jsDiA4DQ8OfK2YUMDUzYyIFUR0GZqDkGNRMFZkdewRQNcekAIrAiGMIBQbEVksrLYTw8vIaGPdSBsC2ldYwYLtve0RDz0ep29bA2nqse9rPWV3Kk11KVXO8lzb5af4Snvebd44QlQmQylGfvL0sSwjOpCJA16FqKZ5j24H0GPUoz6019in57NAQSBUV9Dg2jnjU46jD+ZndhBhCPA3FNjSkpfciw3rbfMyKtpa61soOmpaAnKPDcfbRs1Q1B1z2ttZR2ZahUkqanAFQ6/vQBrY5kClPnZOYM1uvl9Mw3Uufz0tfd8F61NuA1/yzZDpP6AYzKWIfo/Y+urJjROTgwTiExMijlJxjYP/92z8vr1+cg9e3Xz5+/Hg5X9/evtRR9+dR23Gsx+kar69viLT37pxDn9qo+154nogQCJSktg1QRQoz1Lo+1qeCnc+zjpryxOzF9MvpzO6FHZTjqeM45WzqQjgNw350dLGN4eq+TIsMJraP+x/DyirvTdYide/lS05LPgElJmfQAFszo9G9J1VBo/Ny0m59LxOH87zUpmhHqY+8zKdpDoyKwzvEOdnQQ461vhOOMh4hiaDV8nQTv9++l3bb6vp2+Qtiy84z+3Js63pXHVs76ihKgIxd++f2ODzliNPpLaTEPpRS6thL3x/b/vb6y3W6Osivy5fz8kV5Mqvbeg9ogb1SAnfusN7qHjUEC9klwkvybQql2YjeiZgCHaM/63a0B9G67p9iM0AYRS7Ly1E+nYduYTtu9/2P0p7DjqMcHgMy3LY1UOrA9/1RhoUQHcfk3XWeTZsLWvcW2VAK6SxtxHNibzKeXbU15TQxeu9pTte9W2ml9VpbRwzeL87lnBbpa+vVsyvarO2Lm9nPYJbiYla3Y/eESw6BZrKSohuqXZ8qI1q4pLetFMHwKA8Ih8onDJsjnc4nxK6a69DSx5Bj9JGn8+X0ksJJAXfwHdb+vDFTVw35/IXMVEupi3OKXMTf67eGnThMIc/xguNJdKETkk2sXscYMhyTQr8/vj9xM1dfp3Cdl20f1kKaLqjuy/X1jz8enx9/DOc+78/bc7tcr2aWGYcnsn3d1lPaHS9NodZ+muE8f4U+ZZfBgNkZDcWuULf9vvfHGNVByD5NfvEujq7EQIh7eXxu7jieqNXZVLYP1c2Dou8hs9o0pAw59v1z8lfCl5yvrse9bLG/emxCW2kfhzs5TE4RzJyL83SKOTrPPsY03GTYtvpso7RRSytjFGAnUETVuegcDa3MPoRZu21HCxRflnMfrbdDiWWMrRwph9aPrXYFQ1dslBgv0aUADmDCs9841laSCz544+ByHKYj9KGlSTcb+3ZnNDJgosBJa0czsp69SHt2BEPsbe9jP8pmKM/toWLRZ1E7jsIpig1iDsGrEqZU1r7udxUxcIpAPpsYICPxuj9rL8ija3+uK6Kb46xVLSAhDYHeO0IDi4gBMQM6sa7WVZ33ztSLgnOosoWE1WR0zTET4JSm2b8ADCLxzrbt23V+3bi3shpKGwOYhwyVHkIDMwWqvRn6KWTvIqDUY1+WN4oTmaTgTBQMr78sF+/UiFwAQO+mOV5wbNU1ZkeU53S2NkIUBIjDulIfNojQOzMLns4IoMyYNkGflk6o42htE61q0mR4z46gtTHn0xDrvaUwTSE1lO04RqcUpnAiDwIKl/wWHNSx9bEbchlt78fjWIcKCs55QsUuMMclhtlZipSIXZe2tbVb+dw+35/PVYuxyejaZckpep+iTy664ImkjO3j8a6EQ2l7rDlOgkPVQkpTzrsc0+xeYwoOpUuaJ2YvKt5TdHNkOLZ1r/qT4cb+EO3vt3eB5lMwbc5llUS2G9Le+7rX1gYi/wwXmJqCqWote4qRnQNTcjwE+tDg/TSlFNJaK3rmEMmh6Fj3Q03naXaM29jYs5MALE36+/2fROxDQEwMHtn66KpyWa5TmB2xCzmHZEIG2MdoY/v4/AEBAVAEwKy0ys4/9obkhwXHYfYzqPd+di532FTWKp9He+xH6aMPRCT4cfvnaR7DCwErzoR+iDy3XaSfcozphANmTrOPYlbaI0VvMEo/ApDzSepjtKf2I0XqoqrNu4Ugvp5/rfvjnI08PyrPc07BEewAWvZ7RXZ8cjxxYNvhqAVBfXCqIr07dowsIAaAhmromAh/0iDFsUNEsd5aRbLnI6eYAJmZgKy3MUZnh8GfZIxa2/2OpXjn/DzNpTwe2x8iz6G1jGIAyzSl4LuN4OgoxTma0mlvAwiP0lXGnGfToVI60Odjz6cX76OmHtBIj3qsQLBMpx+3Z4zhlOfkEw6KgHk+I+v++IzBj3J83D9q4/v6VATvsoANKR/7t71/JE+iY+vHkL7rqE2dO5mBDCCCUtvzOOoAch5BU6K+w76v5+xyfMuRTem5bcL/AAXvg+IYRrfnATKcoyFHXs7Dxtruz/Xe1dyLczumeEn+DdQh7fv9z9EYiaKbWWOX2sbYZP/4/p3JkWqQkZ3G5BDpue3V6XR9vd03af08RUIDRSbQXhyK8/TcWvbBNOT0y3n511rX4MJWb8AAoJ4aEXvve6+ABkwsDhlEhYnBFAAVRFURTUTADBTI0U/5FHvviB2TiIopEgfPXWSMQQRoSIi9VmlDQ+TrK6jcb58vL285z8f2fnoboIpkZi66+OvbXxxdQGhIK70QJGaPGMicp5nMwMrr9FYtDkUAMnDs5hhmNNLeUM1Q2bmjrZEXR6lUInPBJTUStVP02jojxin1IbUdBFbq7hxHH2JK3gVABQRR8H4m4sfzMXpTYmJhZ7U999t9TvzL6xcdMfF0yq/39Z9///5vigdwdJxQAXAc7f1xbER8DHm//YjOpikNoPn6W6s82Ud9/P0lw2WKS8ZBDNQUqbUbxZPYz9FHIcXSrfcmooaAjKiEyApm0sGB8/50+QKG6+OxnC9Tnm6fW4pLfknr4wiLXy6X8aHMXOvhp7mLMvHry+vH7faxPlJKDLpcJgpKTMe2beWB5BTwY73vpZ3Or4EhMs/LpM3SxDGfjH3rLZN3OL68nko91v2TEc2NrUJXrq0TbNlFUaylQdyGHEdve62/fvl1drqEadjyfDbg0cfnvR7XOUFMWnrwZxV04RR8lF48z2v/PMpxnk4CiDbAhqKoyb6vqtJs2NaJdNt/ZF98ZBeC2vjnj38qKzsqrdSxPcstKjufg+/37fujrFupYoOdy/na69HHiAGREmEa0vd6Vy0AvCxfl/nK6t8ur6+Xr+yWatx7UW6lfk7pNOXcdcp2+di+HW3MhiaZAB2mX86/FDkex9P5jETPY30ej23/eK5/95H3UkM4Len03NeQFqx7VH3s9/v251p/1FZB3RzP7E5dzaH10QD5en2xYWRDWp9i3EtCRw4lRJTW9yrX87Tt3Xs2w3WvOvoUvRqZSfAByT32x8/V8vV0nefzNV0YzLsJawOrrXel6MmDCXN0PBFsniEnfmz3y9uXWp7r9r301QUvUm28JJcrTYLufuxFf0S+BPBvr2/Z5xCXvXk8EHCsR/feGTtib8ZihO7UbbA/oXeqZOhE6Xx6uZ4AAPfRnQ//+H5/AX25CLmU51/r86DWc8hok8GF3cWHnXnV3oBwL8c//vlft9cZ+NeEbt2OIRTjWRSGUqsyyrjfNxElCtEFEIscGGDbj33iQ0orLfl5noZ3nNLLqFjbnqe4nE7PY2PkWsu2b8TVMy1pDjw59E1V2j7qXrR8+/HxfrtNPtrrWwx8rN/ZwTQHZgrR++66QJ6m4Ei0qo4Upy+Xr8vEe80f5b883v8UTZFmdpMPMYyzUczBO0SPxmhW+3Fb16NtYtpbR1CE0VpxRExIMNgqalQ1QhfDqbUdQJN33ofP2w2J7nvtdkvRN5FnKe5of/399966iYQwjdFUd2LnQxo6HAJZd+QR0cAf5WitDy1bK9Exq+a8iEBOS46ptYI6GBl0DJPaDwNg7x7P1ZQip9oLezbFWhszpRBMJPjUhxAJGrVeRzvmeD1KCy4zce8VCEZb0Vnp/diPlBJ3OuXX2rfRV9U2xciq0BvFPEZFACYXfA7hjDpsADkWGUCyl8dezfF01D3POYfZuTRG8TyH4Bjwvn7OwcmsexthjoBce308V9cboQNCcN4wHAOOcaQIwUUEP7kFtLPzeQmeyfslAHVDNe11ZeIUZkU3TQ4RVBxo8G5iGt6dT+Te18/anh6J0XuXUW1OrmxlDFrmWXrf5OFYattKP7pWVR21z8uc8lSK1tq9S9flN2e8HWuMEztqR+nA/dh5CT6AWBcYon2v7VAjR4h87Mf1ciLygcP18uL9BMaREnHqUko/FI6jPT8f7wNtyNOkeXbmmIYmpkRuDnMK/mhbr5t30/3Y96Or6b4fcHoZMo7aQkjXCaRZjiEwBkLH0PruHRKAGqn0FCdgV0QcUmYboEtIQEOkCnhVRaScYoyp9VGHKgKoAqJj6opiQ1WQWbQD+BSCqDhGMErBMZEopDzFkMcQUFMbTkmYKu4UPTsWtZBCjLCVH3NpyUfD2vrdu2DKo8OUTpkDmeZwJgbQFpxnF7dtdEwh5r0/12MtojKwHFXM7fs4n18Tp+QzAnOYQ5gHdpMDcBdo+16ZeE5OVXXIUY4civomP52I2pn5vh2ltSmePV1eLqfAjlBLv5dy9yE1C6I0mupA713oYFpAegquVT3n/OX8ZQ6njN70tu7bafnq8qXszznwsX/WviH7YR6GNqm9j9a6WgcCqc0EABVUzYB+OgARCAFEeytogHmpTQy7iDgfZYx129DQe0o5ASGJK7U6F9lF6UcHPtoJdAQ29Tjksa7/7FKRPUEPHjKPGHtOeBygBgN8V0QioDPTAIxHYUSr+zYMn3spFZbp2h+f2bvXl7c/3u8+T6N/esfX+W2Oc9+2yTmHLIan0+sxjl2t1X7b9o/vn//pf/rPZAEwKrXPx2Necum6Ph8GFByLQgpziKcUJzNoA/beH0evhhHzkiOqeJ77WEyeyZ9P8xthbn2vpRFITljb6Oa7yLE9VSsQFnsM6QLVpb6Vf667946xsRkHf1Xw6/3ftrX+5Zev5/wK4hlSw2P9+DbMPZ+VxV6n6Tj2NqyAFonIXKuxhJeXNxydjObJqz2ZAK1rl30cd7DhAAAgAElEQVSrbPUUCdmnME0pA5ZaH4/Hs24KYqaAiKoWY0TTYVVFGMGzR1UDHaOTgZmB2k/fLxEaAAIDooK1MUBURLoSKP40cgQfahFMFGNQ56Y8b/V41iOmFGI0AEeTFAwuT95nnwMBQkz+65JfEFyp3TlfWimtmFnkyaW0P55+8tZl1N57IeBlekv+cpqvTNmobNtnCOFQUiZEQPQkaaIFYOWAbELMS05oxo4Klv14jlGyi0tkb/08OYdDbKTAam7rw1C2enfj+dtvL+v2WJ8/nIeUolo3YOfO61NKi62cpvk0TbGrjt4VQLHeHneV43Ec5FzwvnZDnnXdAHL08XW51ioCB7Tvc06O6NhvpSYT2dajt5GSB7Cyr60WNEEzEyNy3qUhrdVDtInY5eVrCOHf/+//0v5b/3/8b/9bH/a8fRzl/uP981JfOHofQ86xtfK4387n01Hb5/s3cv7L22vyMYfw9euU57I9t618Dm0C9tjH51YQ+Pfpy+9vX0mBByQfYsyjU56/ulPYt4/1/s7wdp5h3/tjvZNLCmTQP56P85SmlzR6P59e39c/a1sROZCb8uwHTvHr44mXJRjC+vznMg+k9Xmvl9OXfRi70xigInO6fjx7bYSSRwsuxd63xzh6r0i7wv5v//hjuvz6eP7wHh12tpbjCYlas2l6/fbxTmSX6PZSTD/njo6mkFLovnyupW+BMeWEPKQDIc3TmXgewqUdvTxB7XL6IsOmEINRjgkpOJeOth/tc68/YvwCWGM8xZY3yRTD+njG+dIVl5RwnHpDBgToR5Ew2fv9cz1upa61F5+Sqszz1IcSuypb354manSo3T4+/20ILdNvVZAHOg86CnO4XBap/XQ5JxeO9QnJEVBw2TsbVsI8a+fP5+NyTsFcNz0GLGGqQiC6pITsQcAMmwwVeX15u85flnQa5dn6jmBmQ4y1l4Kw7eGUl9NyDcE3aEMlpbPz/HTv3er2eN4/v1+W3wh4DDF0qs6Mb5/fXhZ8ffub9xOh7cez9PX0ctK9//nvf5+z/Pb2etSPQ2+iSOyXOSJJqYfzOkYlGj5yP+oyLW3f77c/uumz1KP0r+dlSM/hFyT+vH1DPqV4AZxDoK+//Drteev1v//bH/te/jFaOepfv768hBR9Kg2OYVOMn897rfZ6ujqs1oaN5uKE6P/26/9y9JchK/oA0nrFQNNpeZVKtW2jPlnOp/T2Mk1m5ZpfVd9/cg8CBybfe3eBtPfeP4dsdfRnWZlfHpu88EyuPrdVcb6mxQV0ziPPc/zN+S/L/GWKJwDHeJ5inqelvD9H/+N5/xFshulLDnPMr94GsbkuTVolJpFeeztaZeIQ4rY+UAgpiiEI9lbmZVLrfewitdTmXcwxt/pA2U/JvX/+mM4v5JIMPY7j/rhP6bSX9Zzm2rYhHUl84jKg9qajG1RPIrJhSESApGbWWj/2atHl4FrrU55SzKaQ4ozoCEH6ZmYxuT5EteUc2vNwPjhCJJMxqsCUplqBeWKXPIlH9/njfZ4TEZiN2slFVsNWHswDsMkwgeBTsjFMlXFmUJBm8HOAVWUu7Th6R/bDuoCgMlMMjJ61S1mPx177MBejZU7IYIgIaECIDoCm6VcRNj3eTq9d4SitDW3aaYy9bYAS/DTIH22oNdGNDn05/WJHj4zM5NgFztFn4Bwcy+jS7ilEChPYC5XDYnl8fnOADtz59OWcrkRuLTfR/ufHHWIE8zpC9M5MnWNkGGIAijj6EKQs2m7Pwoyv51MM85JfgrPP9iO6k6MTGs5TwFrGaIGn23t3HAz7Vh/Og0C7r597H8gp+nSaTyCQfCR0OZ+nfGJOk1+inw1GH+u+fxz9YdQVm5l4xqNWbXUKc2k1UJziyXHu0tqQYa5rWLfHc2tT9q1Wk4GZtGJpPYf4+5t/PI/oI5MNKQ7zUcq93yPxks9qrvRObok+g5G2cp5etuOpXdGbasnTvDfpIq3TGMNMf4KARA3sJ6mcfsJKOEYFEkAwZWZDHmIp8gCofTtKcMwpxNN5YcIhEiExpzFWBVNAETMd5NLoUtvx4/3viPH3r//rHKdWW/JOpZgaOhgQiCbiqT4/CWdC6e15W/feUQFbqSLonsd0yark04SIdXx6BqZ6lAfQSCmC0ev1XEptYyQfkzslvzgOKqp9r/0AYM8JzC3pfJ2+hpBb38s4QvQitcoTRILXHJbo4tBpnqfb9oGOl+l8XV4SJY+paxttpHk2Qmn1nBfqd4dsHPeyawjBOzF9PFfTNi/x+aMdoo6dAoD+DxkYkhFCYK+qfTTvg4gOEecohpRC9t6PVg0JKUzTzMxmEFIWhYGisrfWP+54ux/z9CeTAFb2EhIhQpxP9fnZj9uSqWzPZTmTcwju5fXr58c/XXqJjrW6nBYwGrLe9q3KmKbTx/3+6+VFjydhzgm/f9zRUvIvTJnQTzGP1mp/+picj7VuglBqgd7ZJRsIqnkOvQlh+vGxIfRlmrzzaCOQv16uSHNO59aw1jJUFTCHOXGc3DTHWFs92mMr5v0iklP6Gni0/lB5tr0BjlK26HM8n0Xb/Xn7/uPvndA5dg6X4Lusvd9Bx1BnFqcpXpYvr5fLEn6ybabayrNYTqc2tl9e3yIFKAWJilrt3cWo0tpeXs+nwPl8/gtqV/k8tmMQ3h+9Ked8Okr/49s/s/9FwTnkbf0BINfzFaj/+kX+C7e1VSRmgt567x3NEFlVwFRNHP6k/xsTmpgZELCCgYkZ/hQFoJFzzsx662aQctSul5cv5/NlXVcDa9JQnePAPjiHo3Ua88vyC7E6gcizCHrO1/k3706GbuuHHOvRd6IB0jwD4ZSyO0pxLgRvZpRCahUc8Xl+23c99puZ7NuDZwfg1YxdCG52HBF9k/Wn/W0YJueWKRNf+m1j1uDBozgyRkXtqspEvfaj1TKOZpWde799P7bnLy+/pClo71YhzDFw7KKzCy9//ZfThE0ej+PPu9xa25s8l+hE9yFVxe3bNk0gVjxx731Ok+dFafUsYjJ6GX2EkFSO9+fx/R32rf/8BWLnZXQgZEAE5BCY2JTGqEgaXGhVc3bO82jHtq5Hb7UdKCMlv2+bHcTO19FSzo/HfT8ODrG3TmZIuvV+mZMaGiqSdj3MhNhPOR/Datmjs+gijvhyufbeuow8n6LPpVVAfnn7lyktP97/a+/NcQAMTIhQFbXJUXuJYYFxgPF5Pv34uDG6ugLTQvblL19/A+jvj3+ccjRdt7rnZbntd4Cx+FBK0y5kJMStq49TCGnI8Xg+RZqhbXX7uG0c+PP+7oleLjlPITtUEUeeOXiO03SNnnTQ/f4pUx7ezonOy3K7j31/qO0xGpCoVJM9pphyQKBtf4y+i1RPaV5OOmS0bYxj3Z8xvSqOx/b9c/37c/s+L773W6XIjogIkHo/CKsjIKA8zbQstL5/PjeT/vnjfZpmF+A4Sk8tOPUumokhVFnLsYmsjswFOvpau4wmyekcU+vGJEtKgCjKl7ffPLleD2A/FDhE0yqj++QNrLQHY38eyOoAU0pT9HIMA3I+zEA84BDb9/09xpBDmvwluXzwAd2AeN1aGcOxVmtPUudGcjHkC5sqcfZcjseQ/nFT5+M0n4kYUNf9vo0CYiYKowaSXlbJ+f22fd7+/RhrweCmryHFpuVxfLaxjVZiXgidwAIQYwiP50fvj9p3wvjbl79MOX67PWp9bMdOHJrKx/M9+skMrbnX0+/gphhPvbe6r2rrKVATnOcpx349Xy7zMrru/cOjvrz9zYfp3//v/6Lkv7z8EhjOKXy///Fc79Glr1/+NcbwubrW0zAMmcO8zOHrvuu+v6/rMc1v5ubPtRBZb5bDfJJXcsFMWhWUPgVKEYeV60LCizG+P/cxigvx6He2WmTs99twSkiqaZn/dl3+8zL97tkZkYqwSw5POMKS/uVl+kfre3Qio5vH4KcuY4zinvtjyAiO9nJ0teAmx86x18x7+Ym0a+yRCRCAQJ/bd5HRjXmMJS3ex6EMQEucz8sLkOvtSPEcAxC643mc/Djqo7XmvKQpDj328gQcdfTrkk2H1KYAbaghA5AqAAKYlVKmtDgw5zKxM1O1McZgwtaoi7jgaUAgJheDD8RQ287ESFHNTfGqCNL37LxMyTFWG0fbXXxVgDqO6LG3/bG9hzm6eI3x5AKakYoZYFdlYgRtUuoYqlWNjLG0YoQ5nKd0Yhmim1qvvexlEwxiyAFFpI11G92Qcl6cDyZ+mSDwT1Wvrf5+X2/Ux6+vL2thUWO/dEufz+3zeSutLXlh0uTX3oXQXd1rbV4goNS1HALGdiAFQu/9Jetu+NSwTmma02WKvyz5FZiMoIw7vf0LoQUEAwUDAxMdho7JPbZC6FKeTK01BIjOcXZ54jnz+eQ8Lup4Pqdz62VICTAcCYe4eSAnVaD0Y5qo9tpU+pBInPx8nciatt5jYmKnItclL/EFyY/xPErpoyJA4Ek97Y/v67Z7Bhhdqc9pImQ0pwrbtjZoXem56bpRbTylMM8XNRAbyzznafof/iAgIBgI67ENEMcoWm7HcdSN3UKUks/7Vqecovs6AEI4GbSUHJjo2NrYa7fREdQA0BHrGNpF9eerJSE4RDBUhZ+xfvDsCJkcqnQgdi4D4lD0IbkQnPNWm6jV3kvrRAQQhsnRj2SpDdvLvrU1JVIcDkOYJzEZsqr1ZkQ4b91ESgdGjMcOc347etytMOGSvHcxuTiHiRDbOMy09RWx50REMEQ8heSn2b8EGrWPKU5zuMzx6sgfchtj20uZ8pmRPUXPkWnJ8cXsPYZTnrGOW9VqpMfzSOdwSm8Mx9E+/rx9H6W8nd8u+fWcvwpgGaZNRz2QeWjJdJZWwMBjOOVkHErvMmog/vV1/vKLvP9J7jgAUEQJhZgQUcVA1dQQbJ7C6ZT2tQpCcFMO6TyfzssJQFVlfd4IFkADdDmmvRYYg9gFtqPSt49byH+kMHrfgiPvUxcF4jTNPBCxzlPOKddBzjkmSjGrOqKYpplp3tc9Js+dns9Pc9lzGAYuzKUpuTiqOj47dzEABUYMtVdhKe3g6Iz96FQHO0shkAxaYnIWkiONvHYQqR0TQLxmt+TZ+0yUmNg53FrVoWw++jyFU8Q00bTMtIXZdOxb54WQczDPkpDOe/s45FnKAWSn5TLFl/Pl7b/987/+WD/u6/715TpfLlFda5u53o2QJsO3v/7L/6TjWdYPERAI7ISAQAZLO6XL5LKbc6/HcdvmZbo/Hs6PZU6kFS0gVkDpslfbH6V8PI7SlXlxnMjz0T7DkU75cj5f1Zbgk/P79fzdBR5GhjRUDICIEVBURBVUnfPGJDoUkYgUAURFjQgMyEwQCMAMzUxhmCECIhNxjiFOP0GKU5qW+brXo/eiZZxyWq5nz9PFvwgPA7DO1sBPk8c4RhtaDhsDKpCW5yOZvZ2/Rj8v+Wr2Xvojx+5CrbXN6ZJ8MgVmGNrW4xl8qKMKrYhuiOS4BMLo4v3A2/qNPGxlL9DiNM3TtNSzGDpiGIL68661K+BR99LXAftz/1yPeyk0+fx2/sXHYAbmh0cjBDNQA4OQwotDGmYot1ZGk8o+qPbej2nKHw8xCcDx+8f7Ly+k4EKYHSaH/eNZMOS1rKcQ5+myHe3zsX6/uSF+nty6762UnzXroZ0ZHUMtu3NmKGbkmJ1jUULzKvXj/b0pA6BjV3vLebo/9gkNGJt0JNyea5i193pyJwSSoYG9wVj3Bwg4Z55zzmegPE11L2tKro36Zfl9mt7WvaEbgLW2dzWo46jCy3khz8exuRAIjRgNcD36Wj+v4zGFBOgWd6mmX+YvvTKPhOGEeJrj2bS1kDvnR8H10K3XMfjtguvzwZbVqBwVc7yt6+mKZqPr2Nrnum/eh/0opZQQZ2r29vaaA6oUP52jW8hxPz689zlmVVEMSL5KY+7Dxt62o+1AajBq3QC7SeltxYREUvt263KalyWfJ/LsYrHnfjxgHICW++sg2er7++Mfe/l4PeY5TL0cYKmNJ8rhqJXy52m+jF7AW+TTaZp///rb988/FTGkaWya0yn69ThuwcVhvfW2He9bf+zHp8kIHE7nS+KzMKR4RYjBBTAVEXSofYCC2M8CqJJhnmMpW63PQKGUfTt2Q3/b1jm9ned4OZ3dOIC88yl4X+u+7e9H+V7K+2X+mzNmUI/WiIBYhYaN2/3b5fIVk9/6U9a6pIsPJ+YUwzJPl9EVMaZ4HepPmed8neL8LJ+f2/teH/g/AttbCufn9n5//Lm3j++37/twv/9rNlhKOR4b9/FsbXV7OM1XQx0w+TQdY308/mOvjxTe5ik76ozFU0WpfV9ru3+OEkJGsdNyiQFCnmuHMYpJUT2O0duBU5heLvj7L7+/ns5a9pkqIY9uWz+Io49L8Ofr6RW5dNO/f/v3abpurfZanrusVWOYfnv5a6BzCks58NuP757d5XSZYrrvH0Nba2tTQPLMudRCPqB6ZOcd+RxCPIc8V4DLqdfj1moPiy97P0ZHxI/PI4XLafrLlP6XGH7L4WKgR91aq4FCCq51YLycl78d+58pcJ6CKe2llTrA1LW+qYqo1dYTu5SmMaS1HuNJLfSxg1g6z8xEzrsQ+vFcjztwiGE+Gs4hGnqzepqnwI797MV5dDK7FKYYTjqot2Ovd4O9/qgh0RBhcsQAaGpWaiHyKU21HdJbis56A85IvO0tcObJNbVSV48jOicG67aTC2CGaC+X02M9TGTOU+Kp9waqKSZHjlzyhL3cp+THKCkGcr6bVikTG7NWrUQio5Hvc84RE6moinSNjjscva+iu4JrA48iQlBFzqcXMRliOaSjlSatyGiGjCRm9+1Q+24MgTHzJafFURIbY3QmT4CqAoYAEL27zi/3HUsbYnlAQlal2fFvILzvn72V4I3M5ZiDm+rxqAZ7ewSHs4eB7IAjCwInntL1VzSc4mLAYgpmzqWX5ZdzvIy+mW6A7TgeYtURl14NDAGJHAwdJiamA4VAjdV8LQNcmKeX9pMdKOX++IFkwfO67QIDCEtpte8NgRDVpFZdUkYNzux6ennuW+9VpFVRtF+IeIiI9CGVHWV3BQieGi6jH0VHvZzm3jDHjJxqq1Jq7Z0i3u9rqeY4hEAhZFMGAEacwuJcaP3Yj6f3vO67uWSEn+szR1Ct+3Fofy5TW5Y37k9QvJx/q70ZuNMJS12Zq0lZj3tt+/Op+6MRYHDOFNl5oAoCaJbYsXMKFpwjdCYyZHjv5nnWMVAghRQ4gKj33jsCUyILgX1K1F2X0lt7Ptvt+Yx+dR5VSUyn6cTOg0lI2YC39ftRH0pDDJFaaUogL+c3R1z2brZ9WbAm99zuOtrLJTqk5F0MfLv9UKjEgiAINs0JOuNQz4EsRj/HwKDAbgGMw6CNrbTNVE/TQuYCBwR0TGoa07Lwlzaoj7rvNyWb4qW0fch1DBDjJny7b7+9nj0tOb+Uvom1Z1mP47i+ejLc1z5F9pRTWgSo1Np1Dy7/+vYl5OPvf9z+D6yOg4GO0YCQnSMDATEDNJum/Le/XgnTc32OUpD96RQMwTlGcgZIR70/N2ZKy+TReu+tNVVxnlT8dpyPchO5t15ydECO2fVqJoEQAnKclm6Up3MM87rfDUprT3AxeCD0p9NpK7szWlJiG5G4lue0vI7etB/Xy4vhRICeIfpQW2eXjFBUGbkPlQE5nT1CUCPzOZ2buHma0NF9PwaG6HMKp5QCEiv44Li2jSilkMkTIB5HE0Gflil/MbRHO1ycR7v55EHw6+tfoEEZa5QLb/92e5RlDlNA7ZXYXs5LlW0cxy/nJRtEH5gYoMnoKcIU32IMnz/2Mdbgz6fT1cZSdNzu/SXjS3ZznntVNIixr/tzivD1ckHr0YUxyrePfyOyo94+nt+fdaS4LEsa4okzqgNrKg+wKfnZLC2XFx/K11/Gy4t9fL+VXpAA0JDMBMzATImJmGWIGZjZz80EECKCqQ0dTIxGZt3UiAmRxJSRuopLGUPcS2HvfArEyVTIoyMGs1KP99uEugAWT6H3iggEONratW7juI9WpHTprPLb6bqXkhNGF4NngTrwnfTTkYYQHUofWxujtD3H0/l0bq1u5UNNl/hyTb+xulbulG097qWvhtaOguxPi3MuRa8xBI9JlcVcVznq87nfuz3fH597LTkti58nH6ObzvObc9TqJm1XGOzd4/6tmVeGnibQAHANvH4+n2Lt9bycli9rUZHq2ZlZ8uLkPqU0B0VF8tc6to/9u6P09voLgwMIW+7OyU/1sorUsquKyjBV9NBb+ekD9j4QuNrq/fbN4OvpcpW6OoLlMv/j8Q6DHcVpnofY5XxpdZvPy51Y/HDsZNRa9hCCo3Ac+xAUG57w9XJJ8ez5osY5tedBra6ESkxibj69KnQbf2zrt25trV0NlxaVa4w8TycwXMvTxjqkN9G1vif2MZxP8++u+Wv27M7rNsiHDu62fiSHIXLblVz26L59bIj2cgkxLAjZObcddS2C5G8f7yVYmuYq8tjr9Ry+fnn9+ma12Hkx79sUkRmnGGM+qepQB/D02NCllObo81DpUo/xlO3Y+yMEF4xFtLX9OB6inTj3cZA7Shsv54v3k3bc2/rYvj+3H5EU2T+PB8v2PN6/f/wToPz5/gdCTHAAuI7jeTxK3er7M3Anm4ZaT9K0t7aRlpgCo00xbqugCpj20Ufb1Wob+7avj63c7o/r+RLT2WGaT6c5v8Z4QiNT2fe785Hd+R/f/8h5anWN3l7nRFxL+byv/2zAL9frAPi8rQhhYgZmAPM+DYkc3F73/XiW+u1xfEOHtY8qbTt+JPeW8wUYyqNv9djL81//9p9eLqfn/fO5ftZ+pGmP8YIxdZMOttc+p+sUv0xpOc9vva6P9b/fHn923ICU2AFaG/t9vbmoDJRTZHBt+4jZXS+ndlTsR/B5mS9TXLrlOV33sbfxWOs70QgzlrF+3He14rH/8jKbYN8/fZwENKfZBSQSlMPEiBGJnAXnk6iU9fnXX3+7nl6XlMyjF2YigBFc+Ne//vb9cYQQpulq1l7Ov6z7s9bt+4//prKvZe+Ai5/YXc/5L5d8rmq/vvDL5RxCvK//OHT0psNMCBVcGxTCEt0kjU7T9ffXr4Ttsa6CvreRXbq+/e6tQe2B0xQYKOT4esr/wvyL6aU2eNgDoCqYIA6QUssYTSWel/90XV5b++i1NLFjZ3Qxeuek1S4V0dCY0Xl2BK4XEZVAROTSfEo+RB9jnLoqsKujr/eP03zVdGLIpOpCMO1kEDkbg2o/T69MU0pncH4UAQ6P56fqEVKWUuMSLueplQboAHnIiKZTdNIJ2ZV9r2V3cS6jrvUQDgik1ktbaxnOeQU1HaPXFHjUEv/HvbMM6T6kEPNP36TpIAAZqgY+hmbAaPt+d+6cc+jlEbwZxjIMlEHRp2nxwaQDQZMVyQDNhI69DHQdZD8GkQMBJAAFFR3SttrbIAOqtWEzIn58ftz29Tqnr4su0xf2YT3uj+MHFfFAKXoDRT5MCrvTnOcYuY5QuyHJ9fd/RZw+bx/ex3XbVfmU5xCigAwca6lA0mST0aYwqcgUq2o8pSWHuZa9j6P2OqAgkvd+Si8d14E6egEQ9Si1pymTp32HZXox9GjSR1Pk2iXEBDYdB1AmGKNL60ayb9vz/b7e2JnoaJ0/7uWUXhxSbaKdpddae3AnBUc0pTyNpzintWy9ldP0YiKjdwXpfRtSARSYsz8B2BTslPh+f/cxiYbRnQKP0RThZ9GKyCEOVTnPU04BEIcOtU7YPKHSAO1MyM4dxzb2wi7WVo9jjdPsXezmHlvxPF3mGUxzugD4rj14AIDS9259PfZ1iyIewBAZALqqAQgYISITAHnvAFFE4CcoEU1EzRARdQgaqKpCBzAfY4whuGAuyLqKjiF130dprfXx+XxH4HleVDgwOzaDPrSqNaFxX+8DEXFvzXJamCeHep6m0YSxkw7ILEPYjuBCzqbyzFluz5v1PuWgOlAhxskQZABQ5jCv++7YK8UqfbRV8ai6OadzSjbYmqB2taM2FGuKEvysUHH7/u3bf7xc1c/Lbb2Xuj/3th/i+TTFq3cnBH+0cn9+3B839lSOdc4ZwVDdNL9Gn5/7QTYcEBj89uWrvf94Oe2nJbRnQbUOAEBmIGYG7IiZOWX/8qal9CGjtw7elV5PiOvRkP5HN4OQZLTtMaZ5Co7Wte11y1Ng5tszfj1SmojVFJvIEGMZNLqm4JGt1SOljLb2dqSIj+39eXxE8jwdaId3L4R8zpmZ9nJEwjkmlWIm03xCPMLsj3VLITLB6XLxLjaR+7qSxct8fWo31dO8nJxvW5FhXYWZXq9npPHPb3+ek5vnmYSci4yo0qR3n/wynz8ehYnSlFVsL1v0EzhQkLU8AQuTErHnSzid4jjG6uep/f4V9vLwjL3XbV09jS+n80tYgvk5vlyWX0rZStnmOJ/mqWw/CFfvx5wTkgs+nc6nkIlh2473Jc/eTf94/156RaDs+fX14hFS/BpiuD1+NKufH3/c90cILvnZE6MGF86AsR1bbyVfrR638/waw7k1M6PL+RLCp6oSYu0FTRw6Q0EyNSQAQABQM0VEMwOGn/1fUWPnCFmGKIChAQAhigI7BwNa3dCRtGOIpJjU4HQ6pylu+3603n78x/8V8f/1/8zqV88++ZnZUyABNJR9/9j68f1xG4b/8uVLFWDA0lt/Hs0eXb4V/f/6uLNPYgFgakP2vV+X1+v5i4owbY/7WsZxOf/G/vQS3np6/Vj5fN7K4z/IuZfXOXBmZJUePU8pAEzoLgMisxcYDR4fj3/uFV4uf8kugRgDhDBFHxB1GHGIR5Pb80fT/R/fn8f5+uvrl8TehJii50V6rVUNQDSlGJrU3tZfv0623ib/9uUSt8ezlHWZJ3Vv634cB365XF6vuXS18U2G3/ZaSp0qIu0AACAASURBVG9tAACzA0MfJpWBaEhMLiD6n0oKA/zbX/+llfD58Sl8nF+/mMrn+/vobVrm3ur79x9iI6bcketRcpy2Y+ujv71kcgjYUmRqHEKcp7fA5z667XtAdcFPiVsvy+xjXh73Hz9FBPfnx4/759vX377f/mPs92maUW2ach1r2xsSPJ8bwbfT9GXxaQ6/557EmuE5ZgAct/v3nrDy6OPmfJ2XszUdOpyL8/IXZ1G6kw4++PvzHUXn6TJP9Dzu63aYcXD5cnoBhR1r8BXG4VGZ2GCAmojYKDA20DIv/rxgLVsOC2Lb9m89RmCLkwvpvIciOuSse9nOS+xtS24s8yXGCUGP+tzq5+3znwQNkFXLun8fe3vs37q2eYq1Ho/t0blH7/dWH48nM4Hx5/PmXWu9PfcH2QDrORAxqDU2IaQm0sVCTAYZ1DuqgLWPZngWmB+7LvNb9HMIOQfPZq23ve/busXZCS3HepP+mBL5emAbt+3Pz8d35GX3su8GGHNeiBOBqZRDUX06jr2W96GP7fjHUd+PzmqOHRnUl8uX6M6sgzwD8WW5RM9tv3ddi6zHvkOk7F68C0zsQ/RhstrP8zWHxbGzaq/nFPPvPz7/flu3vETtvbSPlIK0bX2852k6+aUWCdYyB5Xw9vKW8jmHCGqgYCZmlakBNECt/dnrEdFlN+bsmRtjnKYMal3GS0bmuu/vDllxcjSrqg24LAtiGSctoIzNZCQvgPByuUaf/v7tW/JxSS5FRBxq3ocvX1774/HnslzXx8iZggzPCtbQjPiaw7xMf0nJ3Z7/aK0ZWPKxGbTmmKOCsMuEOc/TZfllXr6ofMjzsw0dHQJNL8t1DvbcP+qx5jSleD0vv0e6iAUDva3/PUUHMMpo3p3meIrxlNLFhUn0zdEo7Y/v7//RR/cxXa5X78gxczc4jmLImXwfoupiOvU+RLsPRKjZhxgmR1GtDBmEoNq+ff/3l/NLj+mUT8t0RiEjVtCYYtkeIc/ESWUAgdjYymHEMc3a5TIvHjEhK/u1VAFN3iMMtMakrewuxlr64/GZ09l2qdKCDyADZI8eFLTVwmGqoyuaZ28Aw8a6booUULM3Z87HxaSpyHaUrvXl7VSP9ly3EJahx7qucyKiuD6aofNxGnX4mZ0LMZ1yDoD19nw6B1WFI/Xe1aA2PU8hu8mD9wAm/WjtcytbheyyQT32cYwn+fT+/viYc/+FvXPX/lnqcdu+9V5ep6mJU+mGpY2K1bxfCB2qD4GTWyJHhK5N7FHOry9MAVUDFjRlDtGVo9zC5Nl0aw/n7fN5gCWyIexMpRxF0WE3VWHMrZN3DtjboD7MuRAxmvXgFgtmaMEvRNbvf4KNGGIgj+qnNEf0XUcdpYwhZVvvP0r57KMguK26Y4dy6dfTiXy8Pw8BW9JZwBs4z5G903E8bocqIpAj79mBNNVxHOt2bAJ68rMDfJu/aEFH6olLHxzO22Ft6Hk+97rXMTz62nd2nNOkqmgj+EnNxiiGPKQhmtoQMcf+GLUPYWDn4vWUmb20ipByusSQCa2PMoVFBT058L4WW7fH3tfn1n6883EMJh5DxhDpfZgCgsLoYjEEBR3SRx+mg8h6awfQMs2Ofa2DQyFCdhOSA/DMyXk3dNS2OVRkVu0iqKD7UYmBnA8Uo4sE1Ps+rHd9rttNZHSFOlbCdHKX2h9jNIQRnPfhUuXAVgGdDEuL92gVGuBAh/shx/O45tCCXCYX/BnUk5sFU5VDyY52yGieex+PXraX04mZmorLntHGKAKtjUNs5MxghBQAoJXaY72t79vx2Gqfp7cpXJI7o0UAINC9lIHgQy6jRXGOErjF0NcBdbR9/f/T9B/bkiVJliVIRIwvEpEHVNXMzUFlRGahQc/6//+he1WtzMrICHc3M4XvCbiAMVEPLPsfeEDEdM7eN6VJpN0fx77eRbL3urUOXBGp9Q4IiNj+QJGQMhb8cKQ01FwAWStCFKXhSHsuKVhnnR2MrQ0RwRlT9ohAiFRK4/4A8S+XYVoEdUt5AyEWHbMSVr2SGpQyeBx3papS3EQlbpmx9i7Ho+geLFv3smjbex2mU/C+pShaeeeYOvtsqOuBuVcUcz6dchWvBmPHUishok1EcppPmJsZfBNpUvZjZTTjPCyrmz0ZEtTBaFv6ltvWKyvrtLjWaorHGg9tXFO5bUlr9eP+9euPzyHgZB/LB8itBG86VxaVK1vvAVov1Wp9MBrU2vpGGNzJ2qcuzhgCJiaFZFDFY7uSstpaAiVQtTGjTJfzBSRqrbZta73ft6NDWwYDvU7z6zA8MaAP9XG9FaFxOqkOJHZ0Y2G9V4oxWmORTEz5PF1aLz3vf5Th1/0RH1s+MiphAYNEqBhRIWjELsACAERAXVgAEUFQoCMiwR9SKu7IAgC9NzLWaIXAzpjWa0u7IgTh0rJxKlh7xKOk0ns2ut62fNvOr6/O+QE6GxumaU5pjWsP7hS7+ukSgLDlLIbByFauXDey2378Nsyx91ha7e2b0h5RTcvHSV1GNXfFtRdnfeVMqJz2zs3OhtR2X7+7MAatnvzrefmFOgc8ddlBcQOLYoGwS3JeKHbs+jKdp3DpRbEUZVvr65dv30kp5zwh7Md9jfdbOj5f1w5E2H9+/ahNGODD7FuXGyqVq3pssbJSxrhgCTU57yywFOe9YD5ituBHqzXZyc/WjsGMTg2arPDO0klRr5WQtB2cGQvvXSqRstbVUrt0RO4lvv94R4J934yzqNTjviFyrgey77U5b7f7XR3RhzGnyvb/LzkC5X1ATq3BbGfqGsEJECErakpVRVBLHk5aqJb6IGq9dgHj3ILw+Pr589PT0+RUbX10s4DVaC3Rvu0xVWfLUeOLwml47uzW/S1WMRq2bVMkpR3xuAKsg1J8sFLj8/JBOua9o4PWa8w15+a0G8dJoQyejHedrl+/Xzsr7gYZELLiJJRzrdS0Mj3uW8mVqLGwtz5466zqvQMUbYYK9XrsSCiKNeGnl+fKDKRjsdf3w/vnYfCTPylSuazH8cZYAHgcB2i9tj2ta+G85dVqdZkutfR43CvcuXFp3Q9PCg0TrNut1LfzfPZosfVglDbuMv905FryAYiVlQjWytP81Atzo8HhEcA6nIZp9IMBrUkN3joSZ6jmzC1ZG0ASiqptK+0OheABwnlb79wxH30nZiClbWdDaIhUjKtGLRJqL5236/rrvn8BBCLi/iC8DH5E0CLQuaD0KTjFjrg2LvG4pp4AKOUFpXltDKDXw2l8LQAAWOrx2G/r+o8K+/lp+vae9+3q/aysZeDv272ma+1ltmHQdgiOO+WjnpY/hWHybrBW1/yo9T3mCKr0eg2DTjn+eP9s1Ti4gRmkszezMd4an2rvBLG8pxxL2p9PL9f7DjqJsSX329bH4TyO/njcWz7WfFQN//q3f8Emva0fXsa4rtM4ISWB7P2l9LlJflpO6Bx0WkhK3454T/VzdAYiDcP/MpszaWv8xddcazIaLbWatUK77pugOr/+SYFjHGLBlI/H8V4bKHN6fvpgwAZDdh5XWtmcQ3ie3NJbyfn+/vY7yy14a62OlQX86/lPg6LBvzpzqq0LFGMDg9Xbd2P8MPqSkjZW54apNIZm7IhEhhSR9161WluLnbNSgdTQGxHaYEMiepqHa03xuNVkjbKM++vlCcEppRSU4HWqSQlqg7fb2xrf72mbBufQau29M4qgdhasqFrNafCTMqbFKNKUxj3tqSSt/JHXJsaO5r7evaUpGJTWuWrN3A4ETKmx7gJUW2RoW6yYK6IbvBwxz04XAUJprd7XmIVShdv7t3m00+R7FVbGD3NtwCnbadAiKGR0oNaCH9aNWmduHZCYe28yuPEyPznlvfIkLeejcmsdUmo2GAQn0Ne1NIB45B9vOWVOJb5ukyBuMWolCnGPxWrskDOXXKvSydlZoLVGSoYwXEq+nkYP/QxorbUItbVKqqfyZrHZUR+lsFZHTlhra2jUSCTNDpoUdOhcjSZprWBRRLWiViLQO7fO0Tqdak150+KM1aN3pHDPOlUzIwxumMcnqxQpRVBKrLfHG4sKppVUai6t837k8/Q6+8ECcetH6qkUQj97O3iPf0BGrfZGgXXLMCti6QWASk5IQlr/uL6BGTprr8JszwHF2kmleFQGq4Rabtk67fwEUljaGmPvKqY2Ld7oCigdeq5Cbs65aSLt1HpfS0nBjaOfl3GxRqW0i7LWj0RBCXjrDQFJZkncK1Ht/cEUj5qua9+iarX03ntvrXUGIQQGEWFGYABi6dIQkbQRQELljHd2IFTaqBAMEQhgLbWU6ox1Tpcakfhyelr3TbAgaK1daznnrnVdllmRa41rO3KP6+Mt5Z20JR08qXjEfX3zKkFNmr1WShmjzVghpgqkbBOlyM2DT2tJmWNXKTZN8HxZBn82tGgKTU+5t9xrhd6ljlbXkm/3u7POGSdCyzhI41JQ2wFE9vWt9h2V14aFqwLoJed82HFkUIzeaBrCGXGqlbf9uj6+p7w5N3YxCjmW3Hpn1MaHVPLjeGcqijGlg4Gds2HQpA5jbDpKFwYW7gKEAECA3GWe7XLR9xto0ogwhmUYFmuHVqVQNdYOYVSEqkQkUqS88x2ID6o1l7wfqO6P6Tl6bWvKNceijc/NWjvE1JQC4S7QqMfajspaD6/auJJy7bppT8YCVu48h3EYn0UAA8eyNygIOQTK8WatRm3zfiiclmFp3XLt1ofRTYaxpIeFwQTNDDHvR9zu++39Hk/TGMZgfXBmRAwxH6JradtjW8XoxYV9v+XyWPcHaVLKeD+WnHPN0/R8mWatztywlD3V67bfUru1tiHsg6MS2ZH6dHnZc0brai2AlEu0xg3eR06li1FEoLe4Ox80aYModT+2q9Lk7Ln1N2ja+EG22kQBAaIAkLWOlG55twqMsTo5QpyHSZHL+6G0KfEouSnlBUzrHRX3lt0wNm61pZoTKZqXMRZoNQtA7bXVpBQaY3rtCCTSgVC6AALyH/T/zsJKm97bH3aw1jsSIiILMkusFVFpUoimd2hN4r7G/Y8npL0fFcme47//Zv7zv5yNP9djF4ImWbhqa7Qam0yopLYjtrtV1PuWSxXeWnzndrNVRKwi1XuJ9UfvhF0vp7H1rXLrnJxWelwsGqucoORSOwML15jP54/Bflz8fzKgZvuh9LejvN/igVQJW0mHpT7ZF/t0bgw1A0MnK7HcH9tGUgT0+fRkjG8MqfZH7HuVLbdzF2al9KSUWabeUNW2ocIw+7olG5yfwnYcA1EHyekuokst3ihn9ZOZpCvoNcd98OE0f+ztmvMhvYE04N4RfPCCACgC0DujgFU6ihgkbvX2/v38dNKav37+x9PHTwzNDS4dG1A2zmvn2lYG7xGVMYa07r1D7/u2pTkE70IAaSTKFe5CTSkRFKUo5SIoiiTnB2LtlTUqY0/lKMFfLPTeYT0ORW4cVW0k4qyZXaiyPx6p3+O9cFbkkKzwsW9vqJE0WTOX3Cqzda40FPYuLC+T9X4R6d++/d4FKivodJmfwrho6dZ14U1RdY69P7emajxyPpztqFgQ1u2wY+3MtQN1xG7G6SzgWteD83vM8XiYcWlxXR+PMXiRjhaXMFU4aq/KBWWHBgaUrtJqi0jMrZ/nRavWkR9pKz0mzrkVpQIpS5A75Md2i0fy7uIn7f2ZvP329fHbl9/er9//+tNfJtLCyihvFIFw53zUuOaiQCtlFOMyvnjtOyB3YaVO88UqDx0cilHaaKUVll46N4OotEYL2/u9y3rfUrVmsINzp+CehmBzTqKoszakvDXcoHes7WHIawvr9v7t+tttvXs3Pp1PT9MpoPVkat07yZq2WHoYL0r7fTsAjlz3ztW7oeTYuQH0UiKIDG7AZnJaY9u3/LbGXxscb7/y17fv1y3/af7z84eP6+P71/u6bSwCrcfgvNX+vm3DMgu23O5dtlgA2vb29vt1v768zNbwGkuM8XaNztbh0+iG0A6JuYbppJxt5dYhr+ket/dg3be3iu6c01q7rY1MeM7dk4pWpfv9hzZV+2Gcl8f778KxMhGVOUy1Vqe6M0DjOAaYRvMfv309jS+duypGbD/Sfcv/32m8+rLO7qelvAqI0nMXg7AHrap310cFyctgL+MzNLse79+vb7F+vm1frJ9IgreTJYCWxvHFuZdGk9FaJHX+8Vh/3bbPAmvNDhUWgC5eehq0GcLJmklp27s1xs0TWTu2utWca0y6SmdBADSKNIIl8Fb3BqQ8Gx9jS9u+7VtgMc6hyOh9daNGPRm3p/x2XbdjD6ia/NHHxVqrHnS5Za6iAd7i9cf79069SNLmeR4HUNCkcatHujMAoqSaHSlC6q0hMku1mkTKth3zx1fiw6jq7TRat+7ZKlym8bHmlg8w/va4ExJpnau8X3ftmg9Fqyp1m/0zgBqHEQhybese91hrjl5Jd5SQQCnygUisosFhKbt3SxfsLCzQhHNrR2pFVKoI5F6m58megp2CDUc+ciu9s1ZGoQHRzL1mbs3c7weS7sI/3neRltJhjSYyzrntqC+z9y481oeg+7ptIO9PZ9GWuaFqDPAR0QC703LJjZtUQ63EqyUEEBL27pTbscYYY7FGxmFEaL2tu3SrHXVU5AmDMoxQgPD+uPnBIstRSyqHhyFlZtHL6QwyMaM2bgzzUTZAmMdF6WCNd0a148e+r0dKT+dnJTsRGu0f9zi44dMynJztIhal5QxIyzgFbQmlS7WknIYxTLOzzmmtdSwbmAaIvbNC4/3w4+3bT69Qa1DhJ4QLNDO48aiPxqXVhFIWv0CXmtMUHBKva12GMHgNkKzRWkmrR0YLoAmVIXBGczOz984Yq8MYxsWf1u1du4FUsMZa4zundf/euQtUMj2Wt1S37chbNPc7H0dj4d4bc0cWQtKkURQSts6KlFUKAERYgFEZo5WAMPIwjIP3RtMWj9rydqxKYQgGUStUSmtUyE0bDMGL8+bxWK311o8KPDOktL9t37Z400aBoLVLL/m0zCluP75/H633egY19Y5ClkExs3QFbOf5Q8oP7hjCdNveauveOYXG6cmrhUE3ZJYiWK+P+3k+Eeq+bYhWI5XCUwjTML3/+KGUs3ZAMM5v8bFt6yNMpBBHH5ydx/DE3VtvqEvvj97hOOKoe5NU5dBWbzGLVO1M51Zz7nm31AGt1mjI9y5dgfOeSX941p9+dr//o9bGSivUgiIiTGSQTOtkPerQa4NSq3WmN0ZGBZo0NNYKyWkD2EBR7V1Z9XS56CMJqi59X7l3uF7p22cVZtBal9YfjwMNKkLnvDIul6qNr63WDNaogawOgaaAtVsQaapxG4exNGPMPNgnlorpe2zXHHc7GSg11xXQuWE4jh/jbBX60gt0dT69CqjvuTUxUzjnlIDKMi8xrdYMw7CQkKFpHC+1wHFct3y7rt9v9wfr8FgrKquILpdpPeKR04/37dOHn/71l/9swGhUChyhqX3/8u2a2lbkwfCe42rHkZRLWV6ePxkHsewNftzW34b5ea9yJOy15dLJhi6O1IfWDQgHz2l/g8bDsIhoa5djr8vTPAzFbXtpuwBqa/acahOko/MDIA+DOw0z5+7djK38uL1zw9O8EGkkab2kdLeTd7rGfZPefADviQhEOhEK986tAxu0LIACIF1ESCF0EGFBBBERIVQIhEBaEQIoEBDptTEiECmNxlulrPfz8uRbLUeM5/M5115qpkzWGazl2w0INVIF3WO6x5SnwTrvpOuX55fe22N76y0d8a60yq2V+ojpu1VcSr+cRxA69j3XTftxO34nbF4vpKygAHYQ0hi4Uzxi7am2bdvuzAolSA+aptFMiRRUSKUaYubSc66pDqeX0zgU3d7uX7tsf0T+ON+9RgJGZq3t6XTZ9ti6UmRGp5+XcJ4XRcGqQTpM/snYkeV23d6gHFNQqDHXXgsoTd9+XPWLncITosmxOqe10WQHRBXzsa/b+41qA+v9dhy1dwRU2ghRb7m1orVuvZccEYAAiJQydjuOPe65pM6iSbngiYWAtu020smZYZovgJDS4UMI41DeIoKkEvdtRxihNWldSJiltKql1N6UVli1Ir/tqyYxpikyxpjYvLMXBKr9QCrGmJjTr59//fj0N2sXjIen4eV5rJwf+3o93k/DJ6dnY05aPYwlO8ytpmO7B/vqrPXOOuW7mCGc5ulyPx7r7RHr5owK08WoBTG0/rjdb6BLCPPfTj9psHG71cRTGOc5bOl76X0YfatpGD4s0yJlgBaYVGkqiQoGvbZ7xyOVyphLBalem9YWhGFb9/sax/EZwHHnPa7nCZAqKq7Hah3m+kg1HT0Z7STJNHgUkhq9J1F93R8NI/mT1ioEe8TUayFCH6yxqjOkWk92RLKlbqmne7y/rbfJ2sF0qGVcpsGdWERhz5wX7wd/RjHUc+m1CzRQynjNoK1RugNm72qs0Uod3DD4k9MnqyyiKLVuMRrQkzeG+xxOEelt/w72Dgipb7GnNdZ59FOYBjcDY25bSQI1FO6pZiU1DEtmSesa9OjHwACl9F5SzGuVPzAQHUBaz61mkN5ajO0ecwWgTx/+asNzqVBqW/dWijZaOTPOfoTag7Mg+f3+W9adqCsSjdyxHsd2u8G4zMJHziuCXE5+8B37Oo8uVptbFUt6wN8/f6n5brVB7WNMI/WcqkiZpp9HP2scSoHFmXrI0/mnDy8v//W//3eFh5JkzPTx+cPbe+TWpqn2vqW07vF2vfN1PVps59NH7iNJ0STX4+3r9f8C+Ptp/stl+WVyL7N3RqFIJ9JGa40yeKOEtBg/nN8fv6/py/v911p246fKMW1fRje2Jh29thdQfOS3Wt+37feU3kKQcXg1xpVWfzyuMb8NllL7cD++WCMIg9IGC1u1uMnn4+1t/zXlpFNuXcD70SoM3jljEYGxNU7GLmQGrRNDqf3A1r1y0vtlWpizUY6hWAel9RH4sa0vJ8dSak/H8WigUMPb7dqY1/W6p/jh9XI4dTjoCkCzQG+cWm2MxtmBBSurVDg1sXbkXkrtl/NZC2iB8/lJuhKx0zAAH7l0awbv5e2xH0djMrW3WiGzyQW3WLQqXpsYEymlzQC1aiHhcr9uy+hrb++P7bw8CROUgszWOpJMYghyqVzLPea9i+RSU+lH6aTC4M6WJmdOy3RqNXcWAYQqjqylIRduVe73mpJOByD1MM0AdBT145amYJbRbI88P83enQidt545xpw6qPq+O51Py5MiqCVqZVj59UjKOY0mpUSk05GG+VkptcY0+mdjynvuY0CnCRBq6XvauyOosAwLiwvGDA5zj2S2db8S9i66iDnWKAzBTc48aboI11YOb/RgrBEYXCAwY3giaVo9DBnNYFApCkaf7nXXBLOfRzsMfs69Ar4z18vpJegw+JEQcn6Xri/TckInHGs+eu8kUDuT8ViDNn4a9Lfv/yOdGikrYK0KtfRaNqM9tRr3bZpCLtVrR9Ra3khycGi1EYAwzs6qdGykSRismxB5f9yc0YMNKGoaltGfNA0sheVxpLTMo3N/uHjrkX8c9WEM6tYf+630mlqtMDbWtZTeWkpJejekUJg6g7BGTSjSioA1pBuwAtSoALH1FtzgggNCQULSIuCMG3wgQK9dMaWUCCyDG7yuCqq11D2/nF4GfeamCaX3A6HWmlLl8/Q0DZYJSJGw0qJR8pF5ULbWnjn3hsGclmkZ3NJ6AKUFr62lzv00htEPihwwxbozcSbo0K2pLV+r4coXo4bORTgpsqXsB8g4Th1MyqsJl9P5ucOR07sCIRQCNGSNGlLWuTUBKoUzCVuVchLat+Mec4+RQVHLR2/3YDUbWY/0p09/KulIMVtlh3MAhNr7Zeo/vWpj79pYQumtEQJLJ1QA0oXJxNYpF0TsnSXV4xG3Kc3eeWeUIil5QxAXvGLu0nOJwTnE5Sg5Jbvvazzcuj0r802sRrZIDcHmJOAt6lmhqW3lTkYZZBnMZZmecqZc8xQGY+iI92PflT0N4dmr11j21m+dlRum9XjXigjxev/x4eVT4R3yZvXQpNwe35vEEKwJdKS7M2YIy562nutPr5+WKczj+X7fEa2I1VaMs8jqtu9rSksrx/F4ev4JqjmfL84eb2930fzp6c8el/P8xK1rownrsb1zP9bjB9iD+X1Lh8LN0dmo596tMXMXfOxfBMqP698Rh+DORrmG9Pu3L09Pf/NmRlGEMaarUh36435LbnkZ7CmnB3c5Tad1367XlRlEaue1wlVhqnXlts1+fD7P7eD749Ak0+Cs0wLkh2EciMuqDbd+v15352YftPqelBbpHVm8Db1GEVbKoSAyWmuYuxAxiCAqNAjCBASAqIABBVgACVBha0yAShOgMsYb8vlIzs6GzPX+Nk5DSdtxZEEC6o+1nU7w43q5PuKs3rrUGL+S2nUyKEMwH70++XFp6Xb0fBxvoKCyibnEalrOgzfGDwgCqDpDOTYKGCOyehg/auO4d2LLrWfZADrjEevX1g9vDNcWzhqgV04MXUQMhslr5ty7GiYX7Dm1TrQOo3v7/s9vP37zw+yVkj+gWNBraQg6hLN+bFjLn15efvnwqnEQCWjcPLhW9xx1MAomadcUJpc7daZ5fh2UxqqQnhkXVNF6C5C76CFMKPX67fu3t/Tl2wUVcedWKwkIAiEppXsv+Ad0lZlbIQLptaXYax3sEHwox+6Najk9rvcQvHUGtn7c76efl5R58AEBU0pKwTgNQZsUDwS4vt8/fZTTMNXSgBr3WFoL/hzzBqQYyBonvZd0H8OQK5ZanQvLMOWy3tdfb/dbh15Evj++XcJPL+e/dfxi02Mv7di3dfu+De92HoNdPlw+CGQmndB6fzkvZ2sGI1TjMbrp6fTJ+2k/fn16+lOKb+u+EVFnYpHG6b5+H2f99PTzOL6WjHmLT+eAsqOkB8XVGgAAIABJREFUcXrt6f643awpg+DoX7R/5nb6fv+Sqlz8M3MGKEohCGlta6s1Z3/5pN1HIlXyVsthtQ6Dc0rl4/ZeH/M4O2/2o77dv7V2rb2i8tRbGMwUaN93oxoKkOLgU0rRWnBOnGqZVkPxMtCfPl6AWekhOHdkQbUVSA37+/59Sw9k60Gd/AciJvSDHxovj/0dapmeFmlqexy1NTcsepgmhPj9K2oVLKZ6f5r7kRsJOW2GcFnmX7hRPO7TqJBMMNpqQkjWCKMdgj/SQ6poY5+XV8k4G30eBmnMWI74XXMhI6UmgNy5bIcZ/RN0LnlVdD6N55RTzbHVe6qpdVbK5eMeS3LE0GtvOcWidTjPL6yeWzfrkW7rcd/7L58+BQLO6djLLx8/IdQvt4dCvN+/aiPT6PwwWeVaV8JjK2TMpPU6DTINMPnoQHrezvOHNe3peICRIdgIT9TUEP6sA7w/3mOu52nsLAD69PQp7+FR1k+viw9DZfj1633ffvz0Mv/yaSzVazuxgi8/3rQ9Wt9+3D5/u35fIwQzN1CnaendVB4Ied/+bc/f79vb/fHlz5/+Nw0XsmHyhoQVt5fz/OP+eBw/hvu315dABPv6aKxbn24PdraUnHMup3BprVO7b/n30u+NbzFejdUKlVVu9iEV/lGz5F2fT0f+nPJm/N3Q8+ifpzAjOsJAhlCvrd90SZm0nufRKDBkjMJc02M/gNzZL8aM84wgCTCLQGNAJsDBmbHWe0x1np+3/b7FaIc5t+3IpfcM1EUxYR2nMT+21+cX87jv226wtbQNwRhnlWJjMYyLNGqlPdJWagMM3vnHsVozLJOK+6q1D+EkYLWbammdm8JBaULqpd1LrbXjY01KOaUsCEETBCFpWmPrrdWyH2vhbgiokSdd9uTn2YYQc2OopJXCfmvHYGgwKqcfTaBwum9vtRWlHNc8mMm52eIc7OyMSTkphVpb5ydtrUsuHnDkvJd2xLLtuVVGbQS0UqqzHBGmaTwSc+uKdC1qmC8KS96LV/br/QpOL082r6ubQk5rt9h6YSnb+qitj94rUmAC4eDs2Q8uphvF259fPtWyDt50UBHgSGXd1uCHygzQgxutMixQS6w5B++QVS39SMXZgGCsGg25vaxNNu6t1+KMJqLTfHFmEG7eTC/Li9XYestdanMCGAKIoDFDFxACa+2H5+cPLz+dxg9G+237mvNK6Ep3IuY49hh3o/UynVLLXDlMZ6xcm5yXZ+zKWNdqRc1GKzwqcXNATgO0QlZ3BudnkWqanTzvafVhGqxVBG4y0AqSc8pqr2dWKe3QubM22iplAai01KWu26o1GGpgTen77fj2SN+MEqsUoLPWe+dTphiLgHBvAKwQCYSFmRsIi5B0Zu7I3KEDiNJGKc0MymrnvNG21bqmvbSCwK1XbRQpzK233PYtdpBlcIAm5U7cnAmGRmarjYceu7QO7R6PwTttjSMTpnCUPJqwb5uy2nqzx3fj58d67a389PHnj5ePrfacihBaHRRtpzFo6IYgWMOcU0l72tXkC8ht+06KQ5gNBeokaEhT6Tnu76fptJw+7NvKECdN0rpTzo9PtX4fjMfpqRbct7vQmEuMOXIF5R2CqU2Ug/VI8ejODqVV7njkVls6v05WKxIyaqIw9y5aByIobWdsDBspNNr03hDwf9LeuQNW0oOxDUD1IoiIgihSS1qPhxAjSskluKC14tJBoQgFbZm7QJYWe6vMvTasdZK+GGWUrdzWlMqwTApdS9gZnTkrdUI+glNaZiwO2YzjeZ6mnPcOWyndac61GtBEg4COxx5csdo6WlLqTrsUo/WBUFrfHo/v6/GOan0kk45Dk7kfj9oJlAFwT6eXwZiW2eiBuyA6o8nZ4CQMYZKmnDKn1w/Bz3YY95IXO9ln99DZk78M57Ste350LAp7cE4Z0bbGekv1ttUej+9P83Zy5MwvueQWi7PT+/3zkY/O6fp2DX6ydrBqhlqmwRvlSiwCkOPaRQ/Tp54aNX0ezowkkJ0WP7gu+fa4XU62yi1vd0KyyiLXmvM8vwj5cnQWOfk5TAsqD9yK6l+//W6s/fDycwPJkUtLAiCACKQUtgLCoBWysCItgEiqtdI7A4MQCwgzgwACMEvrBRRpVMwCAMYaRaoJWjsZ6zociHy/3421g7f7cXBn64daciw5tO3b98d//C5/s1+04s4/9uNtX6t3T8UkIUvwcd+vCvm0jNf1lnLpYrn7Iybu7b7yFKhXRobBW6eptqOVexDHbWhVD/5PWpDlyPm65a+xPE7hFI8oOXK9dvn2/iilHYjinZduSEZ0g9Zj5V7y1yZvX77/93/7x7/P06iUJaJaS81cW65wXVMjbQQpOD3Ns1cnb5+H4JjSnjZj3XJ6erx9Nnr46fljygdrY+zTED54swBM1hjhVuibtVJ7O8oDIwmXjPG2wfe3chxrLgVYiIh7U0orJAUoQNy7Vgqk19aQYDseImo+UW9WREo5HvdmrQGpCDa40FrPMdlhqb0P89BFUk7jNPWWpXPKpVZqXUruwZ0A9dFTSuu6wxjOJ3/RJvTUJje66bQd74/9uqY+hJfz5SfhIgK9y/Vx3/f4808TKWv0MofcOIJY0OZ43N7t1wDnabqQeeqwFt401WU+laoQjNHhfH72dlAYAINzF8d7KXvrhxarjcucY9xu2w2Mf8KS88bgAIRQgRkKV65qj3jf0ao0hTzY0et521n4myJB5Zfpwm3b8hqcwb1Ng3/c11qTHyatxmksR+TXy4d5elkfSbS5PL04726PN+dVX+syLXvNpTHqrjUA9GGsJV+bdKcnUnoeT84YY1HrrumYfNfK1Vq6QG5sJifUftz/efC2Pt5fzst59qrXSY1IzL0kadt+P+KBgNZ5b8dhPg1GC8K4fNjqcTvuaEyFfuR9HBgxGcME2qggpFhQu9H0tO/3ySlDIC0zqT3d/XDRxrScvR8Mkx7U+eOCiCQ6MzA3QKUBej1KvqVyV3rybky5Azg36GV5RfSO/RhsjY/eHmvaKyMhaW2acIOS8jaYwQ8/CT3FogrLfT8+f7u9Pr/+5adPeV8r2Q8ffvn4/GF9/JisfH67fXz9ZF2vNd9vjzDMl8uT0aHVQqCmYWKWwTUDVRHO56G0zWnVUxFRJ3d5HZYpvFptt+PW2gEiKfZ51Aql1zoM80B/2+KeyiPnW2+A9tzQ3Y+sNT2d//p+3x7xPyDdh8nEnj9//3pd888f/+zKmG/HFGatgpTk7VIbvzxfBk3x+NIsVqq1DyxQyurG2iRftzvLvwtpZL2EZ92X5jk1vt6/9brhqHEcQngp6d7bbd2+dCoM3AoHo1M6tKTa9mP9JiQ5/XjjCDQeb1+W8ZeP538N3ltz0coA2mE8jvKmFYG1ehociWiyWhEDOUsCaJA7kve+NRZmVDpm8XZMcScQJFtSAwVaKWDMpRxUO5dcM0FXygvT4JdURJDBmOvbW67QW1JWb/f9fB41O00jGJW3O/ReWO1HK611UaNzlpQO1lvPXQtyyncBSTV74wbluZdUqxBuRzyOOgZxVg3OGG3O4zCFYQinXPqe849rEmmWOG376zTVWoV1R6e0Ljlt95tzbBU7g3SCWOKRc+HSOVZO3PrgvXMnZ168v1jrak21HowAiINbjFbL1GOG//H7b8C0jEFhz5ZzA+6lZiJCO+ojHkFbZ1RpzBQARqWM0a523vYcNHFto7MK+3Zcqah1ezASokIQ5nIcj8vlI6mhszYSgkXN3aIT44Fgj9kqGgcbU1YAnXeR0NlbH6ooY51W4LRho21Jkag0I2K7VOhbkxjzWlryw2CNBzRIWLhoUd4uUzhx32/bmmvfssRKwRildQO1pp20dOl//ulPp+nnafjEnVu9x6gAhYWPEtccS62GO+43rTUqW6u2ZnRKzy5ogSPeyfacukIhKQZlsBrGcD9uCjWBsTSG6U+1rh3W1qL0LI2V0d7qxopBoPXgRvada2IQAWktZb1hU0CsjNrfH2h65TJ7U+q6HddSH8pqwUBEzFIz9KaRWQN2Aekg0Dv/kRcHpaxSFhC1AiFpPbJA0EQgpVVshEAaCZRKBVBIKZXifn/c9eUETK0Ls5SSa6BSWjyaG9WynK2ejJoZcDuu1mEHRcowS6ndGR/sUPrDmH46vbaakMh66VK00VZRcHAew+O2p560XawZjNKnYXJKrEKAupXYSkTFOe/3GGPcl/DBK+eVBuTMHaWUkrbj9v3x5edWyEy1xXTrg5m10oRg6amJbVVVrgAC2JFFKo9hnpcngiBaPWIuTQ/jad0PACSlpQMpVMDOcC1r68CgGnMtTREiSq1HLe+EDRVxF6VVrRUBpDdAbS35uZZWjzwCIClrXSBUtdUUD00KhcU5NLZ0tsqBcI6Zoed89Fatc7mV2MrbrZ9OwVnjdLeLF5HSGIByjMH60S+9ZqVGpxWCF/BIUEqJKRprjHVbrMfjbQg3wxdBIOyayr7dzvNZo3OIZhiJWATjfkXcwoi/vd9+/fFlcHNw+mk6o/T32w/vp3F8yUlrkZQPVOTtaLTxznO/xB4v009L6LOfz/Nrzxg0Mjgq2dowPJvZL8G56+3z++Mfqd28c3M/O22CN0ftpff37ZDyQE3O3W7Hf0M5AaImu0zPpOmxb0DQuWmNiqjW6gmtsT313LI3GsR2RtRGoIAy1prak/caI285jgOmtsf9K0sa3DiPl2l4VmhziqXWcTg732OOUjYz0DD6rYMMNpZ4335YO3YxrbV8NARAwlY7MhhlCOUPUlaulUBEhETQqC4dGUQABf/ggiKRMDcWo3VDQURjvLF2GAfocJS882Ocz8J439Zaig+ekE7Lpd/vvdUf39/++av96ad7pVz6ert/G0cTgitw3/KP3OARUwi6dewMPljBwRkwIMzrcaRgDffirLNWlcaidO/l9v59CvN5+tfJPgU3Him+b7/v6fs0PllaxmmB3vJxfYdcSsksRrvWJ211aV2ReD/UdCC+ff/x3/7bP/5bZTUMsyLPPffKqePbLf39+z+Ctefz4q26zH6ZxzlcpnFJ+fbYvgDVLYKxZ2cUdoU4kzjvn5R9WpY/e//cGsW0xfpurN7jo/MOkI+Ya0+p7t9+hOs95do7oCiNzKS8MUHgjyo+kbAmYoFSGBEBoUsrLW4H7HEVZlQ0hECipulcqgjvvVcj7XZ9Xy5n7Ww/KnBnFiIiMvuRtwhO5DQ6AJv78fvvX99ut//X//n/Pi0fpWIYlSVdeiutff3xtTJ7Z3MJKFJzZcZUaqlFeutSjQrBhI1Jt6ah57Kv6/fD/zyEMyqHnBTq4/hSBQAdS69t7911eDaay37f2wFQrUar1bHvzy8nAEkt7ukIVR3x6K3nrUx+aGVT2GNJa4rvh7zf2sspeDN5Gkdz6jafx0fqx+hmlEkrxfWt1neN+uPzk1OiuNd8IwPeLz9//F8XP4w2HPCDjKq5DEM4zZO092WYhsG2IxZOqR3agjJAvd7Ko6NwJJFlmZ+cn7wygK22yshK07f377nS+fSskZxLXNfH/uXHj9//y//+v53Gv+R1habGcEaAmu4534/jZoO9nJ5J/DI8P/tzR2qEj7SmvO85GmA0ZLRDEGxNKU2KQXKtt+3YFAoROKMc2Y4Wcehg7jEx6Pn8k6D2SGdfSjlKL7m3ymzJKD0IqlbvKX1PZTVOuQkskdamlZTi+zK9ameYa0o79y3mO6PT5JA0oXBNJOpy/tnaX0q1wtv9eL+9fx2Nfr48zX70YGHoPgT5w7CJ6vzyikZaj0rp4HUp7fX5ORbdSragRkABcDaBKjGXYViCmeKt5SxzeBmmT1Ytwc9K45GrAOQcFRilVM470Vt140AG0JKYYJ4/Pi33/LjvXztAb18G9+H5PK27/Hj/vXWjCD5cTlo37vjjdhPEJR6fnp6WoEvS3YZJO5Se0vX9wW28WPXcmY/4xvHtkdajie77ljevlg8v/3kr7brelatxL5LZmYCAwfpRc82yUyLqDfHx2MgHK41AlXx0adxr61FyKxBz32rZDcllOtP8aoxmNt4ZbUgHb1l6SjEY47xxLkAzvsu+7um4+bBoFEZsvQGA0qb1rm3I6VZrsxq3tAoJEb3fH7WAtSrnQ3o9jQSo034PYUllNSDLMJUckatGRdYqNefKMxgE1RrtsXy/7yIt53Q6TyK2VZqHM5LKtVTZr49VadORMa6js1qpo8n9kKOwsRqx1xqtHay2VvngLs6dUtligVIg5fR6mn/64Ot2N+PYzJxBdewdIZZcWh4Gu+eK97tSOuZ0W9+GxTNX7n0al9rQWG/t0Fo+yrHvWxjC6KYpXAwOnfd5vF3m/TR0/SIIuov+9ev7j8dhFJwmNw7krA3WlVyn+SkM5ypSa26d9lhLqU5NQZtp9J3rduyxFgLSerR6sEpKXIHrETflnRFecxwMtdYYZBrmLhgGiaWMrlvjRXpvsfCaeai0dJDRz8E8AZf1+IGktR6RtCDet3dnPUtlboP3pIfeldXuSLcoQKwn74wZrA2dbzlHBt1BAFGIt3RXjtN+dJbBnwbzPNsLS+n1SUMRbko5pXJtnZQl6kd6WKs6q1LzMnFph/dOIX/+8m/Pp+fZD1vOXhurAoGgD/f9277dz+eBUHt7UqRvR6yNYn4YtxiS9dg0GSJXWxSEY9+bCJBundfj3dYUTFBaSyvzOKUcmWtKLJKMptZssIGAtv1ww9ia2h417QlARIBBFBKhNBFEIqX+AJSQsoAA0hWBVspoaiAEoLUmZXstzL231lsVa9KR2jgwUG8150wKWqm9cReVc1/Gp6flz0Bu3d+Us7k9uMHz6QJSndIKlPdnIW/yQ1OtLeZ0CEBMySC7YBEqt+yDJ1bKD4LLI74RaIPEXPa4a9075C3GpkwuzeunwVwsBEUUy+3t9puzbP08Lafb1/U93n0HAFKtOIVEHoXO82VLWFN/fZm49uuWnMMZ7Wm6DPbizZzL4+3xvpdD0aiMU0Rlf4xhBol7zqUXS/F6v6dalDJWz3N4nsZl9tNlDpdzjVtLcUNE5kYghKgIjW7D2EhZbgiASmPnhqigQ00RrXXOAPbWqyApTV67mktMFQFyOVLOgsKAja0xz4OLU3DDiyu9fr9+XuNm1PB0/jC4EXxHaL1n0QaVbem4HT8A54XGmFJprbS2b9+1P/twttpb40vBNfYP51cMw7792PY3UKrJppQ9in67l6/fbr/85E/jQEDA3VsjPXfC3goweeOV0ufxYmk0oLuerFoGk8jjYEcFlqxOaW1Mw3BqpT35Z++W3rrRYHQdT8H7URoCl1L30mrt/Nh2rkmbnenz1/rPYM5P059iM0aryRmvxipQKgavnQ4aqZYNIbe6AeQw6lqMCwGNEbYVCLRCQsGOuo9uUKr9uP14mmejltGE1+dfiIb1kY3zz+cPzIVabSzH9oOIs1irux6GXECa8dMiaFp5O44SY+7StSKlrUCD3rUxzCBcSm+aDCAKMIA0gT+IQCgCCCSaoSEhodKknJ+H+RTTsa93ElBEIbhh9Nu6Qa8I7KwpNZpKhCLYtaIjexGd2j2n5v3labGjG5Qa3bj06k6XC7fvqcQQqIsgkvaTh94BO+/I3TkwpjNFo0YhJaL3x2GscSYs/oNW04OvR70daX86/dmpEzVWKmtV32/f73FnY8dpiX3XSWouRs9aF4Ce41uK68vyNJ/PCrE2iGmvLVUmsv7bl3fvLVlr3TAEy11IobFqzz3mx1ZuxgZJ6een17bbeTqfzyN3p/WiaK61o2pMjyzfj8ffSd2d6qWWGDMQ98K3+1hKRwJAFGYkhYhAWHvsUAUYiDogEYIAgAh0hdR7izH/0dH4wyGwPuKwTKSwcputOfaDgIFFFKGi2riXQkqR1qnFLhadT61yy8HY//Kv/+t//fd/vz0erxecwnlUrvWcewUa/HSq65vI1lsI/ux12OI7cf/wvBAUjUU4O/LeuLiD01qkxPSG9EA4jPY1ozYhePf+7R8dxLpJKUPzUuNKaI8CjxgtbtAPRhFptUQyPdcWUwE2+9Gt7ojsNJGW+/b2+/Wa2GyVU1GKRgKHgija6ud5qvH6/zQuxo6pyGPnL9/+4/R0+elPf5mHicsaj1+bWUk/jePLcv6l503rxNBKPtIBXUorzepgjUPohLXU0msXR6DgtMxf3tfKMA/z6F+QVTl2Nw4Euha47uv1kUoD7wenRTCi5CPdB0+6lxYr8bAsH0M4peMuPVuDl/MZUHoH5lJTGqZPXPNj/bbva2cOfnBIWlrJNYTROky5xu0HY51GSG3GLsE4EHYmoF1SpVgFnQ5hik0xW++n8xgQyvXxfY3X1g6lNCqvtGncBFPHZkh6j9YZhAhm534o8Ei2th6cua/au1c/zvfr5+N4AD9ivIfppcMlVyWt3+9vX77/JsLzYJElbXuTjsA/3j63Y4W2cy0hzAIdCXo+gjXM3RoK02vP/X29W0uILNxaa0p5py/evN5hM8jefVR4EdHMrbeW6l5bmufzMn8E0rnm27d/jNM0+4A4WvchOFthzy1+3rfPt/hxeiiyv/z00fn09f3XJn1ensagjiqk6ddv30vueb5o4GUWo7o3XNJVK70fpaRNIcxhYoQf65fr/d/dOJ/Pf7F66tKdRY19cD7GYyt8nl4oWGfFOQZeEYv38AT0SGtLHIxK6TGaU3AvT/Nfrfup9Svg3oSncH4UrDG9X/97cE4bPfnXGNfvb//32/U/tLVm3dcuefALQytcci0xb60fx6EUgBtGZ1WMLddo3NQYpGNwA2k35iiqPY717brCuGy5aCxzcBa59gJgACmmzVvTey0pG+tJUCsnyubEQ/C1Sy2xdPXlVraYUXLvbHM1Sr2enrVaem+l5r2kVNv2WKs0b3XjkTvc1hxTNUYbRQiNFJJq/D/RLVLzgVQ7V1BojCHFxlocLBB3LipM2/pAVZUWFGLQiSntO/dSq3TGHmvvcQg21mi0R0gxvTXm3PNRq24OrCYIzl3izlqGT+cXhTBaBWSB/ClcPv/4bg0Ok5kGZOBWcrj89LR8dGbK6X7bvm5HvG1VKz0N4/l81tp0Bkqc47qMi9feuoX7fqSkAu2llOOr964IrdxGrzQQxqq0RzTWeICuISmjbvfHEe+DG2MeBZVR1lndSkJok/e15toYmYVLqz3X6J02ymgzonMAlPKjtUygNU5GgVI2eH/d9iG41IrW7Jwly7k/jnh8fP2L1ZM1oTMqpYIdtJxzLdu+i6B3i0hp5QFQOmNjJazeH18ErELUBkzlH2//0U/ncZhSSYPxTuuUGVH2fOhjNWPINXdgBsy9doHHuraKw+iOfLRSBzfEY8+VS+MtFRYFoIaeRv/ijZJqmg3rvuYax1FrrgJocRjcXFsjyqW0fef9LjWzAHZGra1C6CUJMxAJyB/7rdJaE2VhIlCgjLGaEIl6a6WW2iogk5LaEh5oTaita40+2MeGxlmltdYj423y7uX0y/P8t9q49fY4vubWrQ2ncFJSNQ3OL6iC1tpxS8ebMQateTyuQeuDRJMQ9NzLPDwbxvW4cd+csSmzRmu8S+WdSxz8oLR34dnqLt2QmkVNsW2P/VGkpvUar9+X+cN8/lDqgYROW02iyBoyVune6mjG+TVc71dj4LzYJrXfktN8mWcCv67/sAZyV3HfnJ+k1dH74HzO28vz8xHX1FKTmtvGWYy5aI2DuDHYj6/T6bz/8+9NaYUMCEDICGS0mmYc5gYAmshqVCitxpoVa+6IRbrSGpRm6d6Z4LRWirve9r323LuU0kmpXnNCSNFYQ+fp2Rp/lOsyTdzTMp6n8Dy4seTjvv1AqCBc4rrG9bp92+J1WGdSsFeqDY66DyZ6vmhw0pWIKiy3fW01bcfemO+PW2GohUQ/12YGNz2Py9k9DWHWygj3VNKeNq2DhbOyT4Nxzi2CFEu8bys3CTooQ1bBtr3l0kga2fMpjFUqMvSOjdp2vAPGfX2k/f60fPRGpVxAwNvh5cx5Z6dxO75zTdXdrcnOfWq5O40G2CEdzNhisN0ZIE5QDqz3oFvQVpMbpzE35Z2HDhU7A7cejU4sFUGdlhfqyVp/mV+dfXFm6jWu2wajPs8vOd9z3hSpH99/Uxqfzs/A9uPrv3gzM6pY2jyhG25IG0lnYVIkFUQEhZk7iCjCJo0EUIkIKEIkqqUTIgiAgEKNwCIAAB1EOpNg5wYCpbYP8ykM4f3HV4I6DhMh9pbXveQmIZysoQbGuKHW+zDMLTsFRYF4Z4HZaROCW9cfKR4iLGBReFDWTc9CvjQypgTnWGrvdRgg5hKGMZhfjuMQEAIiQUWp9RWV1FYXG7y3Pa2pXrUddG1b6/F+HYLuLWJNRj2c5mk8KW2fTp+Uvvsx5LTfjjduqUgrXQnp0/NzSvtRknGnVhtRZUm17yypSvry/s1ovYyXXKdxfLX+0qsgGAG+P35z3pT+2NLnNX6t6cf5bEMIOSWWytJqHWL0Cg5uBXol6SJiddCEOVfkTqS6tFIiASOBSAdAAagtO22YZRicCMeYyarbekOBLtIELk8vb1//uW/3sGg/zLXELsKtGu8uiztfBkH/vt7S8Zh9eH756dPLn52ZgvPEiht6/8TcMpS5PtcaRTpAquW4nJ900I2zwEZwIO65bY7GxV/Mq7yvX+qaiUrDK6qfNQ3TsKQenTtfTvn3z/++Hw8QbnHQesitla47GacBShFQXeR+/w7YjDKvrz+RGVLqyuvnp1cjHLcrkEVy375fKzmrJ0Cbm34ch8DGaEgt1s73xxUuPwFMZC8M+tgfJKB1qO0IDmp9awBkzlXKFo+tVASllf769e+ALYSQG2h2jLF1UkBx27zxgk1aV+rSOYBMvTqNWhktoqyZwvCaxed2YDxijKMTBcVrWtxEYeTYci1DeCIT9n3lugIUb00V6dC349aaGujBwgGCAAAgAElEQVQ0z6F2qU2k42k4lVKRySIR3Ll1Ji41XW/fa93DXz6FYN4//z6fP8zDi1amNivINtiGkGPW5uLMabSz1UFbU9Hd80E6dhHlgnVB8MBDl1r8iERYy17TD6Myol7j1/P8szQqtYfxo7ZDhQIo9/W30h6AHljplpyF++32H99+79QGD0Kt9fX++PHYD0DljW3zcBptGMNj/92HQEp84GN7aOO91YVhcDOgyUWVUhKnGMtoR42vCB8IXRgUQjiOQzva0v2x/+i8Tx6ezrN1VGM2VmuQ2+03nhfnf2pwvoyfbP2WK2+pfbsfmmh4+5Xovqd1TbFwOmqe7dgZSylbvB+HLOO85XuTCD39wS85onSxwCgIjEZp8taB9CmEp3ABOE8+OI/QU015HgJp1622ZBVm7602AMzOgNbYet7WtXePYlqTWszPr//HNGIqv90e/yZUWIe32x3BpBT/+fv/lctxml7zcf/9939rvOsxuHVf13XVSEaF3uXIe8lrLXunqgaDXToohZzi4yhlHqfWAc20TOdg3WP9ZpUFUf+4brB4G8ZSawiuNO7SSHnjl5o2Q/pyGm+37cOHF6116W3wDqTFWHLmH7cNUS3jmPdWlZRY2TqrvbNjSgeA0eSd4f2IKRbp3ZGtDVoXazXnSijTtJCyOSXSxNJi2VLeK4tItwpB6ZbTgTF434C3404SAUqvdZyGbYv3tZUWtRLmXnMHaZBaGJUV00pzDo58V5gy4/3IuVEQx8qlUr3r1ocxzM5oZ0lq9+EiXfPJL34BSIJZYxWFXakQ/GQHZ8KxfSnldt8O0uplevLBazuS0iXt1vjn88syTgijCKwxgaFYmKWWVnK52XDmVpz1ufVcGYWG8azVMrihpNJainFfYwxuGt3Ju0tHdeSt91xZeochDKVIZ+nSW+tklDKuHG0ZB6WGVA7hVOpdoa6NRv+0Z6uUfT6frkd9fZoWZ0frtAJoHJZh8efBLBpN70dpqUqLtXZugAgdR2f27eF1J2UEGrOAAmmx1uTHeQrT5M1+uFwOSG10E0AD1KWlPadYu/ERjqu33HJE1bQytURgbEyPNRFy6+Lc0Jnfr1fQvpN9rJsmIKm9Bj/NvVnqVRm/HYe22Eq8fHj27sUqs9YVoB9HTxswa5BaaiUkBuq9wx/JZSAAEAbrnSLk3omAELXRWpk/7iHM3FrVihS5ipqAUy5yu53m+fz0pFofx4WBmREljHb+9HIa3XPQiyXK+XB23NJ7zfscxmV44grIKuZcWs6lNdElFaPMNJ6O/e1yHvejdBEhQFKdW263H++/7qVP4WTJCBdrfamtd3M+/QX1panembWmxsd2/GhQtDExqsfjBmiVOzd2UAW4Oo/MRaQBTkoH4VY5obaA3TvVOrO0VrNCFmnW6RJzB2FEVBCUcprGYTDnS++5KZvzluqtltSYqURtyBiMZXWB5pNH7TS3XqsQgiKNmkjNZwpz7xlbFcCqSLWaK+mqNStiYUrNDjIO1hlrtCJB6Z2519Y6C4HuHQwaAL3uqvWdlFE6lO1HShGYCZRWRoG0fpS6t7aqho17q0dvOdYuYHM9co1/APIAuvSea1239Lbu5KXWHtNxvcXjSF38+3Xdt/jLny/I+NPT89P8Mg0fnB2l9y4Hyv7Yrs5nrcNigglnVLr3EvORaxYRBN7uN00tc9mONA8XTS3GVZhSy9hS7lusb9ftO0ge3PTj++fL6aQ0arRG25dTwNF7J7WtIlmRECWhLYwTgWvNxJKPUpxTXQhBE5Ix5LzijqmIskZQOzPWFlPcD457PtZ0r/3wmhSi6NA7Mo+Vh97cfdu3lEl7a2YCZ0EbUL0krUQbirWO/iSgtTrNp4+P9fa7eTvyG2IXYRSW3ntnlk7CzB3hj49+QQTpIJ0FAJG0UiIsAsAdjQKgzlUE43FvJRHpEAILj+FkfXjcHq117z0pK0idqXNFMQCUS261zMN0cn99+/L9ejy8tkrpXhrhw9lxwDk4/9C259gYB2O1UpfxiXQn9Vra2xG/Gg1KIeebYgs0T9OL9FK7vsWbVqnwo0OtwrEceEIiFAVQqRa2btA1p7S93zbpaTI8OK+IjQrT+AtgAFSC2zVfU37LtQCZzlppnBbnB3g9Da3GnfG0DL2mkiHV+1GO+yNKq+e/zmnfxstL761zTunKUIDaHluXfOT7lq7estXTPF7ikZPsgipX//1HFqkIrbcCICBApJhB/lDyMeMf2xkJCghQ711AtFaIbK1CgM7M3O0Qckze2dNyDs63lsM4lRh7LWHwpEdmEe6KtNVm8Zda8P3xrUvtrTTW0/SXy/KzsOq1oZ+8f2o16nJrHVloP6IlswxBRCHoeXpReuhlj/lKbvHDh8H/7cgGVautOq9jfRRJntBqD0TCp13nTy//qfWCVJRU0B51Ptb7HjMNzmrHrV+v7874eRqcQS1GIVozDuEpmBNJFddzy9Mw/fSTWwu02klNrSuWjqoHGzj6cfiwxVtrm9Wvp+Vv7cP7fvyz16hFg0BD1SX28v361t+u37bHYf3FuUspqZTa6/VYQU+fclWNqbeqtKauHmvW1o0ukCitzkbNIZwUC/emaJjHp/1ga5RCIejAkmMfz4O04vVgjRGhEC7GD494a+WRtzckmeZz7/7++IEUFYVYK4NunVvrWmuVRbW+LE/Hmp29dOG03e/rpvTwpz/97yVJKtvgXG/dmtNpfro91iZ7h8ospT7OY7B68daNw4UBBK7eud5NZ91KvbeKUGJplQlR9Voz7/f1O8nx/PTRCJcu2s6WPINX2ls63gGUosleGpwsNpb6+fuXb2/b0/n8/BRKubey3co7QjnKlvf6r//pb+MIR75iPYwzR90NYM45leqN/fz9q59CbUUb47RHnu7rd2brxqeSwzh+9M73Grf4ME49jrX1B1r+/e9/nwf3508XBRmlTeFyOb2Skt++fV6ezBzMY39jjgK9FfYmfHz55ePl6YjXt/tjmAYrNseyx23PWFl1QUJCjaXzrO3pMuyPt2leYmbUS4wsZAt3zNkHN89jr006PV0+eTdzi8AwL+dcUUxB8iW9tZKNcqflNW73TqGDVtBazaUJd05lHT1fr8fl/OfCR9zMPT9i3/QwHfuOgD1tX77/P+vj78Att52U1rW03ht3QcHKlVvuPRP0ebTSGfnQ5HJtAh0Jr/cfwvn59JFIkXLTMBAgIc1D6PjeAIbBWeq9ZW6suaDEp7N00o3QzcFrNBoJFUonktpaKT3Xlkobh1mhjE4fOa9HAj10DIJOKRgni9lWfCAlomq0466dc01ybXVYTiTkw8gs6LTSunbAWpxxrTWSrhUCIHNn0PdtbZxJqVKyRkCQWqGLuj7293ta5qC1QnCtMrLx4GPsFoG59xbJcsp9W4s2y/1WBlPIPqzCYPzz8nIct96qCzYlsVYb5dXoSGLrR4nX3voyDt44i11JHAxZJK34w+IJOxCVzlxbSpU7TOH8evqYM973e5fYuNYGpNU0DBr5Efcet1KtCJ9ny01PRgOTUtpadWwlNd5S+vSqKiC2JKBjY+7SRNdeWEgbA4iFWYgHMjFBUINCh11pUAqhlExUvBpJO6tHDcYZ5fF4ffk46cnZWSkrvZScg5mCcQQp5qNBzu2+xq/c2JpgjVLYqyrDaApzbWCNy10cdhfcaRoGv7QCej53Xo/4HbGiKbkUwIKEWzoavE+DLAKWbMvd2zMpV9rRWHUpSqrWo/CAgKezvj627cjK+pa3WhNLzSUp5UAkBHffcd/jxSsRVDQQOmNVfC+VNfmxdRHpIMAACATQldLQUYT/mE2wCWlURKQMEAqq2rqgWOu9c8MwdOjCvZQVlKo9cZHCtbUOhLlk64xA27f4yrgMzwpGZlNbEubBLe9snRmgc4nZmZDSlvr7UVmAB08o0EsLg48PMYgETCCtpdK22jjW9W39Xdk5+JdRjwQ61oKggj+P7ufBf8juONK9tOuWvm3lTREV1rkqUpOATwlRT60UpAJaS6ugWsnrOA696laFAa73NxeGaRgJhpSoVCZirRWQHQfDkFNOWjVvFm9PWqsuabv+WmrR2s/LOaZ9T+XH++d1S60ioh69IkRAYACtSBOBoFBfXlC7fjyQK3urRJgAkVkpNEazYKnp8bgqWsbBA4M2mrTSRkPh3pohxSyt91z6+81tB+S+UumNU+vCQkc+XHyI9V3EWJNqaomX+cPr5a9bPtIWO8le7xiJUFrjyrlwiiVft/T7NZMzg+aUZb1RjSqnEiP2bh63ZKzIpIWcG85WTVALKMr9KCXe04ZKL/V1dAOAAdajHTWRtcAyfPnOj+3zftwa49ujvFiTKsctldbRuMqxtE1rmsaLAmNpbEydgdUgzMPgJdLoSKxL6a40eOtilWBta5acKYUfcZ8QToMj7QWhSQUD19tqHV8u55qadhxj2uK2w/qPH//2dv8yDeTcyShiUaJCrXS/HYqCkgI9Cbi0/zj7T0Q1aDmPYS/t9thAwxQuSoMobL233v7xeX9/O3rPrTdnjQgow9ip9c4CpEmYgQVQAXcAAgIyJCLSkYX/cGsTEYJCwl4rImrBzk0AgFtJa0q7NVopu+/JWOo1kdHGauj1iPd9Z4JpME/f5f3b213RhdwQjz56hvQAblOYvD3t6Wg1kS1e4xwWZ0dU5ZHo7fpZmeqDbz2vZe9pd7U5+0uTKZUstKfyiCVuh4zueH/8bhlRMnKzRinoeDyo19KKISQgZ6whgzA446tuPOXb49sev6MqqhetQFmVe+qdX1/OyzhL5TFoEDniA/FAPtJxAKPXAzZUQOnYIlxJ5eP4GtPN+RHgdD7/icXl2rheexUU7f28sax7uu6nlEoqjYFKrYxCSqPSIIiIlRuK/LGPkcI/psNWuXeeJieAqLV2ru+FawX2RBpEDcOIpBRZoxksp3QcJGGYkLC3uu3rfow579gtMVWWhiKA3i3OvvQMHUqTwOCUEmSFYBA9IO65tnZHtHvMcSvzYpBlf9zo9NoZny8/4yPHcjVEGtW+79v85mhBmZRSjsbJP53Gl85V2q6QK6i1rA2tLbXmOyvJraR0nM+X+bQYxc646yNaO47hVWnPJWoDz0+DrN+29iNAY3KX859flr8s8wiQY8yNfYdF2/HH7X+cn4y306cP/+Xx6MBSynE6X67Rr2speQP4UvuXuLX5SXXU0hvi0PoOPQ+KjroRZKer0Yyk3u+HJKhUluVn65YxuOfZbPd13ddc9i5GhNO+bvcbIKkwaquOJNDx44eP3Ji0seOp1PJIt7h/X69vz+eLadIBS+u55CFU7WUr73u5Zki5bKVsyMClaeNzTmhsaYQ4jf5j8B/37fb566+fLs/L5cXrCTrWcmyPL3s77GxbuSG7wc693Mx06qio1aAJvFV6+vz9yz1elcm34+bd4v0y2HD/8c89vkvdT9PZBpXz3mqfw3mcLs64R9prg9hYsQyDjFb/f/7bf/+vn3//lz//+V/+8mE5ndIxretvM5q2fR/DFH6anF+09bXLkfI5hC2ttba0HaXhx/mCRm/xxludxssyjd6Gdd3n0Xi/sFBKaRzd+5ev2sbcjqNF603qRbQ05CM9pCuHIbgAZl5O9PV2//Xz3z+8tl5XkL6ltQFO4+nj818/Pv/l/vjtaAnZCQOd1Ha/kVf3NU0DdYPcuzE+BELML68vrcHzuDQxLEmQcosl3bR6lJ65qGVuqKi2no5ktfB+06RRyrFdS7n1tgXnZyGtnNYD8BKj5Nq1daXj9b4a/rvIlEsGfi81/vO3LyoArrfBu3l52h4bqMS6O6OnOYig3mPkLlZbZsgx/qHm9JpO8xBTBQQ/jK3QkbOx4zAoZ60i1FpXaQhk/RKkqKP9n3/9yz2uTB2Qj1RbRUWiKJf09TSeabi0mj+46XY/cinjPNWaO+otHTGl4Ozg/GB9KUduvYmU3jq3WvIQRm1cF8hcxiEgsjfOGdNBvFXcsjHOKE2Eox+ltlSrUuQMOW1SKuMUVi4p1ZyTCqfIklPyw1hSZqMI9RrrfatrBOxwHgfsgNxIXK9tfZR5pGUej6OEYUy1PtYD0WlyNdfvX7/AZVmCz0msG8Zw2raHQj0GtR/7no4KTJAJuh8u63EXNIA2p9R1EmgiODlHilIVo/SxR0FHQAqdVrO1L5WPJl/v8RZLWabZWq1JCXDZy5b2QDAFPw6zJa/BkHEoWulgTRl9LDWmkjuXzhKsTYViisIyhZkbxFIBSYi0MkSGwMzDwl0bpZXC3iElJqOck/fHlXsrnVLsT/OTZefM+fn0F0QT481IJLKlJgVMxNK22+3vR7qHMJDWhrm3Y55Nk5JbIWW8Hx2YwERkSViBm+YPqbTa35F0PN6AIhI1zjHvSNCRK+Tv71///NNfvVoQxNO5tPWxX0Vrkq7ROvVC2jgbQUwsV+ZmNRpDuZeYI2nKtQJXSxJLdJeTUlS5GBvqgWgcNMmZcm5AyMy9dQIiQGBBFAFQirSyRKp1NgaIlCC2XqOIsd4aF7zzTqfcOqAyqtUiKMZqEOncnTHTMPjBKmDEjAQClDpI3o5ye19/f+xvWnvkLkiajML2dvt8lEMPM2patzKaQAKltGFcrntiUKkk3N8BPJlRKaeIWjs08dNyKvkodRdB9QfJzU2lp9LXH49/xnJnIhLKsRL5ZQza+JoJxSgkJR0AU6xGJe4171Pw81p4P7Z1fWg35ojEUxiee5UKey7ZKg3U58GvR0NFqeWjpEXN3ngSvMwvisw8TjUct/369y+/H1G0Ga/XnqJzztSCIEKoGJuwaKPtkDtzS5pAKaqlNySljVGkSFtAKrVyltYHBALgUlLvTREppR2RMt523vdaSn7c+ftVfvp4VaFpVMGOGrHW+nb9Mk1LGIIQg+CH1395Pv9nA8NHpXpr32+/3o5/em075JZSLKv3H3sHrYLS42+fb6d5xkbPy2l6unz5/XtUVlnD1h0p/v59n5bd+9vibdBOGZDjrQu9P3603sZx9MRO/YTgRWTbH7Lnjx/PZvB0gEhJpUqndfuWVSitfX17M35cTiey2ptwWc5en7w6HbUceVW6xeNhvDE6cG1I0+htzId0Z9Rs9LIfqUvlToMfRzsN9uTMVNot8r33tOU0kamVtWpSYulHo+3z27//jy//xlLG4Sylm8GNy5Qzl2pna+PjpuFgaIiu9bJGUJKY4572PaWn19cOqvdU68HynvtxW4//+3+8H8ehCZGsAmACEtWYmQsgssgf1i8gQQBU+D9T59wRFdEfOX8CEYE/UJVWkTbOhWFKx3F/vAE0ELTeW+ebxN4rETptrXcINccMDR8P3tIjxu1yeiLyj7U9n0dHQ68ptZ2atj7YPG3HA5CdC7WxJqid73tBM5Pix2MbppPk4/a4AfZfPv0yu4VYp3orbUfB+/0OBduS2pFZ+mU62zAjNq61xBVJQgiXKaB0wd4gpnI0OLb0LqotJzeyIgiGdOu4xToP6EecxoXQYU0lHW5QIj0dN+r956fXKSzzsPSmq6qpfr89PrvRMGKv8LS8ePO30fA8zbX9m/P6KKWDIh1K499/74/7ztyQ/ri9gNaEKCLVKNUK99aUUkQI8kclSFtUrXUC1RiUciAa6X+ebrx1AFhqtcwffv7p7f070oDWaoM1J+TWamm1lsIlZWf8vLyOfQHgaXhxagb21jqtyRnbmWs54vFQRB8+vtQSW07Xx10pZ7XT2qD003zajqhNr7yteU215JyNNUyyr4+vP/7DfJxL76f5DAxDCIpIUZCuUVpFSo+IgsYNCK2keMR4flq8U87iFLwCafO0zK/z+Ky7ymyIPMvm7GYVdu5hHi/DyzK+spQ9fk1pRf2S+9J5/vL9v6YGr+e/zXZYTv/L9ce/C7anD/P6I9UelHEk3CU/PS+gdhJ24wx98O5VpNQeUTZpq1Hbcdy4AYNprNFqQETptR5fv/47Mz5iPu4yzkst9bfP35TSl2mcRl/2nQbz+vonBuxSFalcttpLbWk/Sqvg7Agdeod5eNF0HMd2Xz+/70frtfaS0kYsgHAcq7YXBgPNUA+DksGfpNZ8rIMfwvAiYGI+GsfH9v39/nkrN9/D6+mU8gPkd2grKWfsWHjPvK/pfj65ZZnv8fr9/V0UXpbBoRp9oOXs7Z8UdeHwvmZt7FFibVmbSdNTrbUK3mNt6X3Ox+dMv//YfvlwvsxUOB7JMdfLPDZQDQdlwnL6OfYhp1qYtXP36w2VU9rMY2iMXMUPPtASJu/UNHiXar3Mz1pz67wd98jkree+crzf800N58SQM398/bDd7+/vN2tGZTQSGh1Kz8N4iZWv1699PgjVUcowL4pR4+DUp2XU18e3fS/BO+7qp8vEotbheNuygFVI3hgNUFN+vZx/vO1uOVlUMXaU3nrvPZWytcqDm3rr63HrHWM8iCsZPQbLPd8enx/bt9PplLF9uX0JxqTGKWOufvTn5XzJSUo6fv3tP6Tp/vEObf31x9fExFur7f7hP/91GbTGMQTLvfTegg+ktM6pdEGlrHfTNIR1vTXup8FbGs1gkWzJgKDm8QXiYR2NVgl3Tdh63NuNALSi4fzC5E7Ly17e7/ubOFv7Eff789OieFfgrTlrhOPYvRGnNUKtIrU17qBQWWINzRAKgcImvTBLjBt1noeFlNPKgMAQgkWW1s+jf6wbEarBsWSjrNd6MLZw564XH0bvS+FgbdUUY2mgbkd/5KsNyurx/XYIs/VUWy/dlyrnZfGkLuMyDm5b3/e0tw41onm6bEebpqWL2ffo3KWntm43BE2sYnL/P57+ZFezZcvOxOacVtsq/mpX7n6qGzdIRpAKUpAaiRTUUUtvkBCgR1VLLSEFQRDFDJIZ1b33nOPu23fxF6uy2kwND+gd1gJsmI3xfc75wcgQotbamn308zhYt80pLdfNK0Wcpcu8am2Ii8UHLStLMSQH0KzSQkpREkciEiQGLB4FV+ZYUYV8nf0yx41hU6LsB55jWZbJSHFOTVXY9SNV7PsegbsQYvFayq47PSJxNgW/ebcJvQuhAFirmvczA6G7DkVel0lwXStDZq3pEIWQBy3YvHjiXSM7bRuKuMYz1uJc2NnHwYyMBq3vStHEFOeIRse4Le6miEnFagmIOeQZo991Wkp7Pl992nJNyg7QwG/zbv80siHlVmPOMWZGnB8aEqScqmcxI4ubX4UShvGUEifiRnBEazsiva0zA2ntcF3PjHEhdoIfRntYttkreLrHr8+/KyWMslzojJRCUGaA2B4Ou2mrl8srYbIqeb+kTA3LNIfblXJsNaacYmuAUL9/3hWAESllOQmpVHBbK0REgEgASgghZGc7ozvGZXUuxCA4IQhOoHUnubK6K7WNw44IJKOxC1atNeWWSsEUy3aeP0/hZpSEXBqYVDOkYjt9WT5P29vD0wfGRSmxtLYtuZcYQqrQGlWmS0pvwV2JsZ3ZhZw1Ya/tWinl1/fbjPyq7Zrq3HCZ3Ofb8iVEz6Sxok9uehh7hjwVhkpssaWauORc9sHH63Ib7b6BrGAQZS7Edb+spQk8Hn8hGkKlXLfFOQDRqb7UHLyPyUUIOpsBRYp5Z4+dGbYtSRyJ952xH59679K0raVkYoxzUUpkjGoprDEhGWfUD8Q5dysvQIhEBA1ISIlc5toYF0IyJVivreJKCRlCYkKavkutxpi4FISYq4YWBedv3/Byv8onhmB2/QNA/PLypdZtcb6wrtXSj3d994tiH/b2LqaUqO5GHapnnFy45LY4d1byLKTZD7vb9nYWxBA4x12nZSs///LDbVlvIXe703/7h3/+/G3uuk4REwdtxFFpIaRgTFptp9v7r7//w/gHYbgeuw+lUcXwev6SYWOKBMeaPC9lf3pIucbimJDDfricz624p8dD3iKmpMwwmB/IB+/+IjBw1YXVGSNjwujr2FlBPTSes3LEgNnqPUdlhBrsXTc8YBM+x2m9+Th1WjBJOWeA6vwtxLcM05rfVQ+i8dHKve4e9rsKdexta4MiVoOsqc3b9Pvbr7vDw/Z6EVglawVR73arC9wMHZfT8oq0CWW/XeHrs89uay0Rl6XmVhoxAERGDAlLSQCEgAgVCb/7vwiolArQKjQmGCNWS00pESDnDBoQNr8tzjklRUhundbT/QcmKjSUsiuUARljjAuUIf/4tCfGAUDwjjFQouPGNq64HDor3s9/mdZbdxwLwOT88Si3BBGm0oJP3juXQqw8SSFLAssNjuQ8CaySIvGa3Znq1gk2SP7ly2/z+XIad1ZrH/3kfAgTMjDaksi8ee+TtSORe7/+o68t583FM0nPmXi8eywhIeZSs9JtDWndLvv9D73pb++h7zXBtm0rQdl1NgQ67k9jfxe3dV6vTDYu5Dr5NUQtWa8dIQ36k2ltjl9CfvfJxwAVsWZ4fY/ORUDIqRJRBU7EUy0CGnwXsGEFZNCwVWCMEKDWwoi8dyElbWyrRkiJiNByq0jEJZeQ8zTPdthzIW63q9H0+vIuGBptjekJtGT3++HHYgBayjkjdFLcd90eULTSUnGlLLN7uV6/RPBHYwuEGK9Kfd9rOq3w8XS43Z5LdClffH3z19RqrWwobbVahgjn88tufBH90BoJoVd35cyn5oOfCBoKKZjrdZrcduzF3GIrgnGUAg+7DlpIm1Nix5FK3FoWpYndeArx/Da/DH2Ha+vkTtHYKtvStGwv0/YNcVXmrxD7XXd00++5l6z70JJOWby8feFaa7Obb65WPB2OskZel5znlG6J3RCFNspIUwmenz/P61elgEkWWztfJmlNQcwtQZrX7a3XPGe8bBHFIEqaVtf1/ePdTvKsBDbNSZAUNC9ZIKxuFaUBVy7oAvemPyAoziQX3byF/Xja721Oi4tvIUyMsNeU1tSAMdber2/WSGiIdBKsY6BqSbkUO35AMV6cjzlIXtzRjSMAACAASURBVFAkwmA0Z0yXwt4uX7z/p948Vca0sq68bvn98+tfvr19e/zws9LEpyKFVqz1ggzQ7vjwel5zdU0ebpfl25d/FELW3UEqC9hS3nKOtTLG1V++fp0n/z/+x7/TpsZcEOO0/lliGAc9mGN/9+/XtVzmRFaRUN1Ovjw/Y9b3xz+w1gjKGt3ip8ricRSd2h2GO6zRnevxcFy39y8vn50TPym9zu8xrFJxJfs1hC3Hu+M+3pxRw+Pd08u389vinz5Y1R/864Ux+Xj/oUa/bbMrq+04xNTxTnNbM7fqToqdj19jKRq7x/v728X99PSHhxzf31+F0AB4Ouh5eT2fN6kO4/BhWWZoUwihM8gEm3zp5MGqA2emlFZKycXN11cuWnKVBBRcSnnPBTlPOc2ZhsPhB+cMFrpdv9zvhtSn27cNtFqns7csF39+v24NfcgPj/sYSyo09KPbJsRaUmqCm05xFyIxvhv21vSCpFZl3i6uMEsdoso1pxiENkpooe6FttP8VuLiY5ZGBr+k6IhTlVqaneQKiNXWYP126FVi0rmLlN/9AKmUllL6LlXF1JSyMQipe549pC3kmScggpQSkqhFbgG1YrEiJR9bBkDJ9XCQLSROvDP9eV647FJJgnHOVKrARG8VVUapIdei1WWaFpI8uTRvGQgHphIW5xpnnLzkqIdu9+PJamOsVGFbconjoJXBkOLmQ/IkyFjzAACR83n1gmQCF9f1eP8oieeUgvDYRIvEuRn2gxRyv8MtthBfvr19FQK7oUslpZxJdD74EK7IoNS2G6xS6igsQS4Fmdhx2jckKWyIa6w+Qm4AnANRZlCRiCFRafthR1KlXEhTKa7W7GJzq7N2P/YHxrQSLhcIqQpWeztYYdc5d5od9h9qo3B+Y7TlkIf9QckOQXChJFO1NADFmu67Yy6wuAg1cM739vh0+tHIO0BVobgUs/O1pZLXWgJnJIXIhQNyYhqJC0G5zLykWtd5fRda+SlLtVP6yJlgjIe4xJy4CgVjqiynkGIQjDFeYwoMwQopeGVWIheHfkeQWo0NuBK8Nko+O9+KaConnTJnw2F3IqZu6587/bqEKCSMTFUiIXhK1XCJTDEQM6n32/IO89iNRObby/V9Usvcz7c5eI/w/7+azKkR0vdzKK+teb9xzqARAOOIWmprLHDGGEfGS0YkQZQZV1JijkEKiUg5V6FETmWaFy1ZrzfJgWpRggQXN59SDefpTQp56ocUi5RCSuaSa+A5Vcozom7AYkZk8vnlWdm+k72RIsTtOr+A6nNBAlGBzVu4zBNnFrkpWH2+3OZfO0VGlcOgNidy2VjNNbtDL42SUh4qSO43rFvI1SgthVm3mNMqubS2N+qwusUau25XJcRhuMtBSr1PNU3LyxY8cC6w04o76T5fnoVms78oye6GB6wmRtb3u9YaNN6pUamn5/D50FnBwq9/3rKP1CoAKq2Po123qLXYHYSQ1LL+fvWvramlZSi5ZaV6xgUj6oxUgjFeiaHtOwwpl3zYc+d9KbUiRaEyl1izc9aHVHLWUu6HhxBu5S49v/6aIcXCUqqD3hOyVisg6W63Xa6ESkq7+bMQqpRy28673ay0Yls+Wl6edg2kAN6gIlErwIXuMCY/jb2+Tsv7+/xXTw+I1cfVaKklU5x/un8o+2GdlxRWvm+ACSEjAfE2bde8OAHh7nCAAloPlQ2+tC16oqSM7jRjLXAl52UVIo5acGE6487zsxCsF0Qta4GMgEMzBnMuXAx+vVaSUg6Si16TVndcGOdu1+Utli2XbYut0waplZKcu7p4vsUXzuLH0x59/DAeT8OjEuwyvW1+MrZZ3QnNY6XSgGvz/P4imbIa47aV2jQ7IB9jprfrNaUiVJ7c+i+/dW8vrkEhJpBYjrHV+v3fB2i55FoAgRpVYByoQS7t+4MbUmsNCL9rAb6nFAReWi651JasGYSUgLXWygQnhJZj2Datdnrour5f3ZxTMUb/8uNe63a9LRzsH3/+eVnmNfseuDYdVbSmw1o2N9WcjB1DZktYeyFjSg2hlhpiMpzVxlglI2i0dt2a4rm215wKYze/3ajRsZPyaff6ur2+XRWXjN9QsBjn4+FuHA6l+FKurTbO8f32rRF3Oc3rZfM3EPU4jIIdhlFt24vzb4jtOi/TBv143Q+n3W6flm+1hoZlC35eC+eHhvxyvhnNUi4F2nH/YfVrvt5++/oqhNyNHw79g+LH2bGX1y8VlNV70+15BTeFkgMJIsYBiRArMECO1FoJgIBIrZZaa0NkSLXlUhMCY4SEteQiFGxh09qOZsi5Kt2lmErOqmReIQYfvGMgtJLQGpOCS9Gbfa/uOvXRDMaFWwpeiX3X3RvVee+2uNR6Ce51S3MCPy/n1t4a+pK2dVuM0g93H6lpaNR3J67k+/U9pabtz4fhh2HcMa4AHPYE8SW6Cw6lZmLIUtgiXV18XZazUgqQvby/xcqk6re6Sc77TjPG+tE6vzAOy7b5CgB71R91t4PQiMtO7/dhjOd3zbpen7DBsr42flvj9evrb0Trh4+7Tp4+Pf6b19ew3H5VtDbckaBaw+38iiJhk4fdXad7aGt2CTDEtr3dnpFTJ3Trj8PQ7wZRSa1uWScXi+BCV8Raa8qbD2+b28pg7XAszN+WeFujJPHjp92gk5UprGdlCYRa1lepHlsK1/MF2Xb/9G/Gfi951hQ5TtFtJOTjwx+l7H28Irh1fd5130dcUcqacw3ZKdt7vxite32U5J2/5FLuj8dQKKUJgFrygvlc5pxXZYzp7Ocvv/73f/lfBcf/9B+G2i6X+fmyfbtu18u68Zalfc7RCYqKcSNajhupPvjzsr347G7rm094XRy0+nQwW/qS52VallL9w+nx62s8T9u//dg/7Zf93VMs5evb77VciUooVoG4LTFGkxG+ff1Nyf3xcKeFP473AofOWAS/hc8xOhTs5fIijmpIhmNjUBAiY7XEqEz/9val18Pp9AjEMU7rfIve3y7+pA/dzlqzt1ae39fVoRpASTbd/E8//DRIPS2XL69/ft/Ox07t+j3kpkVHrCjZbbNvjAnbLzP23U/LvIEoSvVSyHHoW3W1ckLTdwdOgzWS2jklJ3irjUHF/XDozL1Sd0ya23IlSHenYV7esDlGyMrUd6RZq3FhpK3aPRw+bqoXLUusPfM5hb95PH3L7/3pR2P307Y+7vPN+xvE9bbJH39soHNmu/09VD8vl+A948RLqwjESBi7543FVJBNMaVQas6r9ytCEX6z+th1j9QaI5EquLAANxWai25bvRLM+tXI3dCfRn3fcnLx3Vrtc55uU8jtNodc0HAtBW8VlNKl5VoLIkMSubZSAyciZFIKm3hOxYeUC8u5tJqi91RbKtVYKxXfXCBCZMKHbNTAkHGSQzcs6xJzaMBqTYLzdVncFhqyBjjsdz7E2rAz+/v9Q96CFmo0/TCMUnYkhNTqdvm2uov3CMiU0tiQk+mNhSKUMTjwdX0OPnRSftjfW90JrMTqvN6GfperYERcddaMWvXz5pDi0LGX82vLdXd36DobMouVuByJA2OCqBGwXX+AnEICqe8UowIt5MnH65anzXsCJkVj2DiXTFoilW6BUQmtrd73quTiGZktNJ9S2YgYh4qtSM74unretJXFKM26fS3NyiNA7eUUAYjzThliPWcSsabaqBGiKkV3WkhhL8tt3m5G8N14MHLY2bvY4Dw9r+laakSqKXjv8zgMxtqKnGhktHJaYt4q0eLDEmMGiJtTZv/dkttqKwSltEYsQ765rzHzXAJh5oqvy5RyYFw3n3fDaEw3r0kzEV0IGUoLrcUKMeS4pTy7EPOreNg5v5zGH9F+JEjxOD//0z9N6zkD9l3fq464IZA1srHbccnf5+2yrD5tSlCp3Hm+LJBjYQwFZyk3bLUhNmjEOABWqNCgQZPEY0oAEVBw3iljKhEQa6VWQGgguAjedXYg2bZt0UorpWMExprzLpdWKZrOaNsxzhA5AdXaQm4NW0RiDRRRgcKIGW5bg8Huty06v/kCpEpBYKpnvAdiytgpvH57PYdSD1bUymef2PXV6mHo9WM7xjAJtjF0ElknRa+Ud7D5xeX1OByAWWPvY0bmq+JOCXO3PwCUELwL62F4RMZiClJw3KjjZjeMeQt9f1BaT85TCdASA95yQeCd1FDhfDkjC5rT2O057ziwWnNKSeq9tXeppIcTd/Ea81+4LFIRXyDX2Hf2/m4o366qJ2uII/ceG0BDFEI2RlLozvRcSMaEVGrX91yy1oAYbxU4F5y4YKilXdawhQRAjDhDSlF8eUn70yz6yIg63dXW3Yy+rm8uekLGAV2YrH5Y/JTm6xrmAJd5fks57Eebu53zzm9vVLNgaJUeCxN6Z8TQKsR1er+8rz4yiUrDh5PhOB6G7jDsrNSI7TK9uXTjHA7DnrPDRdyI6YaiIfnoSknG9JOboTHNlGBqN+6F3C+x5LAxykJwLYBhRWzK6Nu0+rTO24s2R635DmzKQUqLJbWGRI1B6nTPCFxmmNaCwnaHWqp3lbhNJYY8AUQmMPgmUdRKgC2Wzefbdf76ev3MNB9th8KM6jCq+8VdL9dbpQSszwH3u1NBvfimu8MWUSrFeVUjF0IusbpQUkXM1dgu+DBt/uuzZI1pJWstDRsgIEEqCVqFWmsqRIQI8H36iwwROCMEAIa1YEVoUGsq2IARr1BbhlqaMppzxYTkgrlt82GOKaZYmGDDfp9yalCTzwzx7rH76aehoS+RCeqoKoIoGAcwpTJsjSPnyuQEDLHV7EukuAjslLCCmJKCeyi5NECh8buoWwi2hc/Ov3CONaWcgxSn4XT89MR5+/rrl8v55pYtNkEPJ7UDzoXt++O8cKItAzO9zQ22NXJBEBlU4mRzEkKP0K4+5y2uCNxIVVKCXIl4RantuGznNUAjHUObrmsJMWoj1eF4d2CC8uULNzXC7S8vX7X576N5HM2Jt32KzMdtMIdO6UGh4mgUK61WhgSQa+GCEKGk2HIsOTIgznisCRu21krJRFBrgUqIrGFDJClULRVqyyUPRrRWsGFJKdDKhTRKhbCREFbKkFP2sVXixGospGpJniOM3d52p5SD87fr/C/n6z9Qg/3pp6fHH1Lz5+ufGfNa0q5TnbBhK8YMWtxFmCcXXYg+vOz6TxxRy+60O1xvjjExjEOOawjXpXZaACPMrXHBMoXbbWJKZYHRl05yybGmrFhjsmJbSslv77ewbd3wqdWCUEtxADCvKxMu5nPy66fj3w7dz875Au+AU8zrbV5iWA/7D5+OH2s6eXv8+vJfgj/r3YfobuNeIFWE8nT60Xb3DGG+3FoVQh8M2MvlSwxXt63eO8Z/ktLQStTa4bB7v2aReSGKhUqILc7BbbCzMccC9fO315Kuf/3DByjU0lphI5jnxQPfF1RSwpYy1GY09kr26hhVi+HK8ppqydFt29qqSoW5pWjiVHwNgSEQ5zmXBsF5p6lZs1OiP9h9jPpyfmlNdNYsPuW45ral4oKbcvCZGCSoTDU047g7DMeQ5q+vv365nr++vQvSf/jx55xrSsV2GqGUmMAUFy/r+vnt+lupIMzjbYmAsuuHyzT74gheUwzA2mXy13X+6eMwdlOGvPh5deG6XFKMilMMcV5yp+67zizX5fffv/7xl+PTwx8NP7j3Lzt7dxyHbf1mlfp2jtfnl9Od3cLyfq37rhNcdKZfpjfOhTY9BylbY0303Qdg/ctlc34y1pSSBTfD8MjFXYyfASrDzYiw78TdsO/ViYt+iZvPjhh1XO37ndYm5KDl0KlOKrrfj6xIa/cFYN62zcdU025nBGe95oTcSrszd45mLVVrTvDWKjeq78yhMzvOBaDvVfHzJgb7+PBDmL56dyEGve45FzFOgHpV/m2+1LKs26qkUJTdGgZl+enBHJ+aPPZ7cTzcv75/+cu3tyJ4a2JaslForVLKpuhu/rJtK+87C6iMHa0+CaaAeKP0ev3y9fXzYXdq2G7zLYZrb9c+Bql6JnUoCZDlXN8ul5j8tG3LOvVD93jyqeKuuxvMByKWXOkkLe76dp3WLXhfRmv3vW0c0xYmf21MFWA1084O0DKnGoO3nKud3gJ+7x2mUBorLRXWMhDUXFUnY4HsNk4IIHq9M4KN1grOZtzc5oTknNM0LbW2HKIrpR+PXUfbMu/H4X7/YFDEWIauG4wE4siMz+Hm3td09vWaMbgcre3tOLbGieQ43DdERrDfDdH50Qyd6YSgsM6luGHYddbkhsQisSQ41iZ348moeNyJXrZpm+4GdhjsZQkELKVWSrTaxFyE1Fwa7ysjDWQAKoIP7rak969vb2sMWmoB0SiLlbDxUZ3Eg9q26bpcYwreTUZDA2+16VR/ncKyzkp0Qo6ciQIMGV+zrxAZAJEMOSIUItJCdP1OgJCqx9ZiuCIHoUaO1jYCZIxnKb/lsBoiyXgj8nX1ya3hbcuX2kKKS03I1KEAoJAMJdbSqSOMZQtft80poTiJUoAhKUYcEFouOSqzywKV4bHleX3efKutcMKSQ6eZINZKuTvcM8Lo0KpjLZBijDkoO8QwL2Fxrc3z4lJcXTby5dA/lfLRyDHG094+af3ty9sbsPPoVna62+0NqzzXzpqhNRbd4iNLqfYjFtZNC75fU8qVkL7zB9v3GXCFWoEjYQHOiRMHQMAWU0KkVHLMGTkvKYUQiAsSqLgptbUGtWHKbd2csl4rGUMkZIioZdUClTScG8YE1CaIjsM+l1ZiBg3X6WYOh/vd0yC62qoQcMuvpTSozc23Y68JMmEuFZUcjPJaRBfmmqFCjZktbtG2J1YBkuTNqtry1ripyUtee8NLqQmoNrb5yEQe7Eke1bYyzbHr7MvrF7clqfuC7LbdGIspRUT7cG+DA2t3Qsp1e6tlAnBGy0YSkMUca4qKM5+Jk0i1vF2fD/ZUQXBpsEKugNiNnebcTrNYzXkcQs6h1iwEcQnH45hrBbMiueobNEKstaXcktUdJ0EgIJPWlhPjjEorqcRSEyOmheCoY3BSaSUlXOaYpOwPHErK6bcXMvsVPvhOdwzZ6qaQ3eaC815KTrW9sa+MdZxP12kOednc2+X21YXbutqn01Bym92NGAMutR5MzcCM1rtdd8jDpvjw8valVvfp6RhzehiF1cNxvNNq93Z98f69lBujdjwcobGQJakxg3QpL95nqLFWo/bQsmpJSSl4P/ZjWaYlr1BD9JNkZewPSqtpOefa1rjYcm65BX8FSFpzHycp1LqtJVXLWW126EbwZb1VLmnoRhfrtC0tpkItpgmx7vojZoaAQF0EUeO2hOm2XXze2oqauCYjqC+tCylUtDHfauMVOp8U0qHr0dfl04O1UnHM0AIiqAjP0Us7HuzH4DbOtkpsW2oOW26lQmspIzBEqK0CQK2NGGtYa6uNqJVScgbAhlChQa0NoBZorTHi0HIFYMQbEudSiI6Qcs5KmVI8Y0JoGV0UQqaccq2tkZY6l7rbSd1RaWbotBbgY/QJXAMKiS/zIBXnHSMlOFf8JnjKxaeaEwcAq5gGZZPRF3dFyMnFfWecO6+bW0M2ymopGGhl7gi6YXzgjCp8Qaoxpy23GKpU6SG6nFc73jGUKV+zX7kUSgLSyHnLJcYU/RoPdpDsDuuU/JcU4OPdByn2hEMne87NYPS8vDAW9zsbIsPCBtXffTo5j7o/MsFJlXJ+LqV1RkuO8/a6uN8MN4o/7buf38uvtWZoxUgpKXBqKeQcKkMCzokh1FZbybm0VhpCrQUQSs7fh9cNW8kVGCIhIlYojMuW67p5oaVbV0QUSszrerQGCSsASRlj1pobqznq6+xer192XcvQLdtVglLqXuqWk9/c88vbf5nd2/3px8373aBJ8AR56OXBGs10ilzIO9t/7O3ddX5reFPdHbWALFS4neezW56JGmNNGpG9m5bPWcecOyTO6iA07vrt6+tfRCMprNVckuylAVEK+BAu6/TOBdO679Q+JdFqbURrWN6vb6m4XKbz2z8ZtTsMP94ffv56/cc///a/bvnGtWHc5HVx2zm6cwMLYIj0li63y58M4WhHQfqwe2iNWW13u65sz9MGjAbJd1q39epbLSXXWimH1kASk9CAQ9kNe6bvOZTfP/9p1MXuBtt3LrVlTSEyKqXk7XZdgtqUiAxqjEzpod8/NaYruYbIGSmq/WhT4tcpQh4KZue38/XPwxCBdIhkzcghpRR8CEgtxPp+vV3n+d/8+IlhsOau7/voWO5ZRMa78TJ/BapI5FxyIXPkLZf5duWMHYddL2Qtiw+36/L69Tx9frn9+MiVYoOxW0kMGLSENaToUvLebylnQgYx7szweHdnbD9dvr6+vQ87keLkYnpZYizVYL7F9csUl9fr2yXMnu97e1Cq6C6sRT6q4JmRp8NAnT32aldV6w60352gpVRLypWhICg5+ts8D/cHn4EhT6EQyKe7h1yH3u7X8zfeaksgqBMkol9T4lNKJA1dX30olUWX53lGDn5QWqPSovcxG7VjrFMcDsPd4/0HAAjBYa1/84efAKNiWvJ7pB1C28K0BcdKzWW/G2wNQkuz13vNdUpxt9u3aUtxCT6COqDoK8RcX2JYiejhaKU6caHftyUvkzJai6EAxVRcPFf2Oi0zpyChhmUThsbD03zL3TC4AooNUu9tt/euHPe8ivb+dh12A5Hw3knOvosRao1ccWntfuyPko0CJetY4+G6vq8+hVLXzS+hrN65Cqlh30cMRjCthZmWt+DSebplIhfh629vi8efnyRBNcR4JRLj6gsnBbm2gpx4zDmWsLiVkQAy12XdXJKy79RDb4aaNmtYA1FAZagADJh0yVMrxIg1gsZyodx4g4ZMaKVUP1q1F4w629UWpfpXiGknLDfWL7cQg1RWNOx09/Ppg2SqswfeuBBaa64lqzW7uFz9Zdq+rPF1285KiYpwcyvnJKVmnAir0qNbnGbseH+nRceQCcotAlHdD4YpXUDUmmO+psyhKqmUlnfL0vZ93veqtIKlSE4xuZodN7pCA6g5pWWeJbFcg1veC2+AcfPTZT2fb1fiPNWqbE+ggs9GETTZKhu7Qy1lAydl0KpCiwiMCay7AzSJaFrmxDpi8Pr+7f7p2Gr2brO6F7KVEm/X1/vTnZIj8Y6YSGkmTCS0Np22J64jVIKWWqGw3yDF1kSsJcXrdf5ynb/E5mMpDItlSlDVkklGihuGrDWomABcjCGEmHORQhMAVFBCKtldrm8G2WH8mEuO2ze33a7LhMT6bkdQEGItW286JvtWSHCeQbhttt2dAb4EJ5StYVumm+1NnaE2/P3tZex/6+S+V/eCtKTd0/Hp5XJZVmcltRIUZG06MF1YJ8H7cXz88+uvXA8+8PMlzqtelpJKTimXUqDW1mquhSHw2iq0kokxWaFxQk4cBBqlgVEuhRPLtRAjbW1I2+o2rZSSellWJJrXBbk6nfa1RCQmuTRKMgwIrALWEhtGxWUnOle36LcpJyOkNEelf9KqxXB7v/z5evV9Z6ViIqzUPGdbzglpYNUO/YGkkuKF8hIqMILWig9bTNsW/GBYqQkgpvxdtVQ6bYQYL9d19r5CJ6Q3MmlhH+/+SrES/LKz49JnPVhOat7ecylY+XH3sVOdF0VxeZtuPl2u86/n+fXDx18Ys6ySIDJ8gPbjsJnrtghZIW9lCT3rD/oXJkVGyoBIUjABjY3dQdPNKhU4T9kHHxiH3c56cc4tOMcRuNG6IEljJDelNh8XrXQImAtTBhAhV0w1c8YYNK64ZCbnxFk77HqlNBAwaPN6WxPMyxLLMse3Eutl/nxdzze/Xa/Lx4c7AHD+/e1SQ4HbPNe0lpqmbX09P2+9KXFUUu13Jpc15thKKY1KcCtMvRkPhwdB/LTranFUHR/YdZqJ9ZIPIbXbct22Ny2T7WRNG5JmUKGxVPm2pQIUC3BuJDPzbdXDaTB2c8vmNh+nUmYmPGvecjQMGGecYwg+xrOPVCkQxhgCFFZbvS7vm9s4KQZqC6gi96mFGFvhtRHjSnX5dn2lAFYwKYeuuxf8dD1fc5PJp5hvW5rsoD7097d5qVhSgQIaaEDRzPiUl5BLs8NYa8+gDmM/Uux1S2mtObDGayWjFeMYwUqQnCXV5tfreVlbqSWkLIWsUIUUHFoMGzBspRKx2jK0KhgrFUhyQMixEAIg1VYaACA0aLU2YEicoBEXIhe/uciERCSphe6GHCO10lK+nS/7wzGnkmsClMeTxJawWSWp1jnE25e3r57oCTJDJ+AwmB0iYk5W2NNQl1xaDFKMxCQib4hK6+rhtlweDve1QqvFhWlaivPbse9O+16SqIXd5uvq5uv61jAyDohAjOVapvXm/dmH3TB8zHVYtzfv1js9EsubmzjD2gQXKibmvTH6h14vtTBNw8f7P9ZsahJW90supSjGuxLS2A37boSAWgxKWeTmNl9aSq0RVHq6v1PC5Tyv7tdeHbD0nf6lttZaXNe0Ld8fNVuMGUlKzTa35hxbaTUXbI2QpRwTACE1rK0BFIDaELG12lolwpIiNOTEG2Rs/HI+K62HcZDWtFpibBURKiplgdi6uX2vfcqX+bM2ra7qOr0ZedjtP7lwdduXy+V/2dbn/fhApN7OX3//er2sbyG898OwO9xT0UqJ0uAyfZ7Wq+k6UnJ5D/enMdfwdv5n5AjtllKOudwdT5Hx2/y74PU4/K2i0+wuOWWoioluvm1CsIfTMQYoQkipkttKcsv8/vD48fTwKXq+rqwWerm8lZK/np83d2ll4VgO9nhdChNvq/vyp1//2/u6/M2//7u7xwfOcNvevp3/xMRhdSswWRtTAo2AmtP+ftdKVZKz5s8vr0SeSyn1cXYrp847QkQ17tYtW6YFdWu65hLv93shhsu6llKgVS35Yaeg5nmti4d+uPvx4fh0EJRfmEWY/wAAIABJREFU/epaE1AlwHB//LfSfHh5+3K7XVos27au21trUJpkjDFSqanq3zf/4vMkxONpfJI8s8qAuffpa4qOKS3tsCOF0BRrGtugxuuG486AxN++/vpwPzaurucvIW2MMmONUf5unRuHBGkJwQBTTAIjpgTXsiX/Drz94aen7LULDqGrwGprMRfGbU2ppPbjj79Isfv68lJCs3rPKL7O1zlU5L0gdMkrffztdX1d4PUFlRwl66tL4u7RWJuLvc2ilm7oh6G7W5eQYxHMFqBai4u+VGDEtNB3x3vFh1rz4tZeV6XIKiEQ+2FgKJntSvVufSGzl8TH3i7bxLT48v5lTUv0JTkX4tuy3j2dnpTggvO0TWF97yTfma5T/DTsRzv4xFPaSl61bss2x7ANdrTmTknsFEJzXMgKFYHfnz4SSoYihOB9GPthWZj3oYIJpWxhyemNcA7+Nujjh4f/CPK4RUB2Ipa05IqrQhBSYYiC63WJXHIj98UkroQSncvLfui+3WqGMC/PrYTLun57fWcdckXr/AKV9w97DsL5W8leM8Vbq4wBtMYYR5S1+FaRMV7y1lohzm6b23zgcpdJzD4Yo7H5EjLUUnIhZA+7Qy9trZfbzf1aPuftuu81lVgxCzMcuUzhfXe0IfrNrbWWkDNBdsFtAV2G2mSK0R6OzAiAmjPEzLRC70pOHhhKzLU5js1KC8QYMMVAc8OMNeKOMaME40z4WEMqQlvKlKLrurFxdhrHVJhsNJq9kQMHFlPLdUOGjWTDWiD6cHbuZVveGk8F0+yii2LZYoHam2IfzeZuUskKubZMgjOlJNE2zQ2gYN2SP+w+1VRLdoTV+RujDjCnAl3/0BpzaWFMkRDJX2bvBKsxx5Sj5HJNpfJMkk3rjemWSvFuCnFrqRqixXngslRRipAoakrMsMEcaitWR6tKayBkqFjc6oYeZGfmqeRchvGuVplKrLW8vD6LFvq+qy0sy7vzWympU4OU+8akSw5qQMylRkYMURmteBOEGWuTdyzHuUCttZS65nK5rS/P08yk+XTaG2NaiZIVarlBbpULZjlFaIbI1Jqk6iPyFGKv9gyFjxGIL9F3rQBAqeBiRsGtMil5SaWVpntBRP24b5lva7RyuN9/QsDFbRnIb4EKuxsPTIqFL77WOab/9qf/PqqODYDQ1yx62R273ucsSXAsUOdWGbGeS+HXLYaaEsVSOYiS27zVGCH6EELAArWWUjJRbaUil4Ql11BjZiSM0oBNEBOcYWslF6FIKc04QcutNITGOCCWGFcXF86ET2FZ3XHXYUiEDAkBW0XawtJaqrDWEqm107BPWdymZ5SG80GIOwaw+UB8d3eSneLEihfknGe8xeRiZoodlZC1so+n43qNGCrVViGGuIa8vS2xNNZ3PKGOAUPmJAbChiBUYEsMlXALqxaLUqYWnhtW4NmX+8OTNHtA8HFa15lzPq03Rp1UJvsl59sW3r5dP09+EjdzP3JeYX+45+yQQ2IcfCrPL+/Kwt4Ys7NKdTvzcPW+UQixpnSN5bq5iWGWDJCwVUDOmeADq4InLioiR+LjYSy15IZCqup9zCtiiskzzpisXT9wbloTMdaEkTNqrSJjrEJvpVSVEwgmjZabUwPjMr9j8ilPsXgXfHRh33esoEDQPMfwtvlSK0pWckVB/WDvCYsP2WqJrW6bn7xjjC++unUz4qKo7Ls/KqWt+iQEC/NrLBtBEdz6ULjkpjOhqAIxxri5G4BPqdQGMZZGrEArLbfaSi397inluPkSU65tTXlz29XH2Ui967TgVGqpuVmtEKgU3xIxQsQcS56XWyyh1IJN9OMxpmVeQHWnfujnADF5YADNN0yliMWXQYromBA720mkEMrmywTCHceuwW4/HudpZbVX4mDEAfqhCJfTF60AAKzprbCI6P3r7e1Ptc6EzmqzGz+G3Bh6Tgyb6OxhXtu6vHpfai2MkJAaY8REq6U1oFpLLa22Bq01KKXC9+npdzANIDBkgkEuOeVaCxHjnJWKLefWGmcMEJEQqULNKZXoY29tLEWUYoxOJQe/ISNi63TLTDxabWtp1+vb+Xq9JPn+Nv3dXz3KWjigVrtcWCuSo5ICSqZ+2COy2c2t+tiqB/KpUkPFVUKuBVOKlQS1QEqx7xgIvm25YD2dDsNY8NsSMCgjdx3jMl7n524cKOhaOyaPlu85M9f5JUfWGmGrzkeAiYlFc2ygcu04P3oPHBrnBpqpzfvQNpcUA80FI8G0qgiphJQKMrpeV813Pz72Mc1Y31a3reu3xX424ifO7hhN0iRAVsqWSk4lNahSUK7fExaW6lMOvAKU2kqCxlBAg1ZLwYaIAA0rVGqNI6WUiXgqpSFyTsRqDNs8187207TVyk0/IFBOWUtRS13nqeRhP2hj6/X92/n6ehxLzudpLjH+vqxfW6uH3ZGY/vry+9fnf1ohl7Idony9XSTKmml1sZCRrDsvzIdspNn1h05LT5fc3DQ/VwIm5LJVaKWB48xLwSUZkWIptxqrbIybMWV4fbl2etBUa645lxiStoNP8OXrt94ec5E5Qctt3pbFT7fl8njof376Ayv3IcXX2z9+fv0XVJ2qfFuTtd2obc55Ws9IWen+vv8jsOPz278QgVZq84GT7SRep2+lbk939vzry7R8qyiCCwplrmpxaRy0YDLNr+tajbVEgnE57tnXz78PnQSWc4Pg3G0tTKj7nX046mMnLy+IOBh9bNUyeYzZXt7Pl2l2MR4HzTm9Xb/x2xsTnVIHo01rhAxTXWtIOTMnhqcf/l32ez99Jtj6brc77okbv23nr/94GhLWUlPd7Y/z9v46/57b6zo10ynvlwZFGwlp44w3DuvyriWGFH1cdCc5r9bWnYUSbzkgHznRoe86YIJwz+T+ulwzyYDmPMenY1cycEkKy+Rvnx4fN+cU6eF0hzhAK6loJC/NXfTb/V8ZZU9unjCHGMXh9CHHuiyr7exxd4KK8zTV3PRuN2/Tur7k0ozujt2J7/g47NzicmyMty3GUmBLmFZ/0lIxLXQf15cQb0rq3nQfxYOn9fOf/9n03by1y3ViGTplh/GQEjvuH6gxt01Q0raF3eED1HZZy+kolOq4FKBwcpeX83MriKwHMJK4oXKyqnEcpT30R6qFc34+z9m/rMEBWwBIaesDRpduaSZ6kfzKwKVSZv+1eoi1V939AKMm31veatk4DJ2YNsdJc5Sl1sPpr1MMW8pqb4Gh7qoP3vD26++/TX4RWhHLgmIqjhovBXOWOTnByFrL/qf/y99BA0JOTFTEmNZlu5SWuWA5eu82pbSQpjZWyQBx59ZatpSWdZ1ScL3t90PXG51L4dg2787XObSUayAmYmqcwOpeEOsMRyzTFv6V/9NE8G3ZQmfUp4fTcRwUVwTYGm8VcqFSGrSccqgt9J0YrW6tSiEFp5KSJK64YUxJxhAJAUvLW4o+bkQFMTPOJDaGwi3xNO47Y6GWCn520+Kua3Sp+BDW7/j2lKZ1eQ1xCTk4H0NmtzlOa/U+S0E7K5EgZx/ysvpFEuu0lKxt/nZb54ysG/dQYkpLSaGkIDn5NHk/l+xrq8A7JnchLlPYYs2txZhSBUilZMDasAIisDVEt10YB60VQ+yMWV0MDSTjD4fHY39vlYHaGBNa94orDkVLyHF13kuuWylCampUEu6HE+d627aE9eW25QLGWu9jq5VIMWYHexy7+5zLHN5zWVMOgIxLmwu1VgWXUgxCdYSiNvBxayzH5r5dv77M27dzGIb9/Tj2clRcS461lVjReR9zKTW3EkNat+CMsVtILZddb4XgpaTNh1zg+8hyWq/n61Vq0xlrpVQcsp+N0QiVoVKi49QVMJIfrT3EnJxb3TZZa0/juLPjaMZOS6HV2/t7yWEwvTUjgqg1pDT76AShNShYjnm9XF5S2lqts4uxsJTAdLay/tsLe/kalnmppRISQkMABsCJcWKMiAgBgBhJIQmAvh8/GNWaOTGjlZTS5+CD+47XSzH75H0MgrgypjXYj2OpUGra78rTh2rNWCsmuN7m3y7Xizad4UYg14xJhvvDMVd03jVgDYyRo2AILXMGNzflVoHh9zW81Qob1dKghooQYrZmqICv0/T1OglJu+HQ2XskFcKSc1LSQmMxprfLpdVSa861Nqgpupz9ss1hvTYyUvWSG84VUpnnM3FdAKb5msKa23pZn//y8peLc6Wh4IRNarNjTEzrfJ7PAcK3y/U6uU7LfXc4DZ+e9j/lQimvtW0xL5N7fbt9vd7m//rPbnU1lZgK7Pf7w952B396xFr49P6ocVcBhNRYQTLcj6OWMuVcWwFonR37bleBfHDrvDRAhFZy4QQVIRcEaKVmq5Xl2uqdIo0AucXcQs5Qc7VaH7veCCG5oAaKG8aVQMqxpYZdt9NcWW20EinXmNtlq/MalbaHobeSrECjJOeqNMV4jyAKWkTV2Z3QXShuiROTAAghRWJYARsxbXZa3TGGPr14/8olxFwbkMAC1ZXqXLgClVyLlZrJHVUC4kuEAowJTSQYMkFUSyHGfGpdb7fgSwGGihMKzkmKUqi3mlRPyGJY12VuVZ0OPxq1FzXH2ri0uh9Dcufp2ec3yRMX2iirBC+RncY/fDj+7XH8gZrJzZf4VQoy5m4wD53oOUPGWo7XUuZGSXK53z8KKX799fPb7ZZzrYDebTHn376K69lBqykVTqyW2kohqDFFbIAMERoBtgr43dteK0NCou+p4DuQmBj7LowotRGhsSbnwqUEACRgSDEm5KS0bhVIcEYYgs/Rx9T+03/kP/1QjD5KYVOutSQECLnFBEJQp5ERhZRarbU0Lnql1eX8PuyHUoPzt5hWl937ui4ujVZ3yhABQ+AkamMuoJC90QPgIMTYdWPXs+Dnt8sFWf1wLz/eD9bwWF0qrmJJUFMIVh1Pu58252/zWyk+l7h5F2v1xV0uXy/LBYgZZQha9FnwkYsBEELazu/PrbRuOLUmZ+fn5cq4YGpnuyMjS6hPhwcpWMsLtMok5FoQmZA946oBmyYXE/3TX/L5zccUiFjOLedCiDH6VhI1qDXXVggZEqtQsCEjBrV+32c0bIzxBgDYSq1SSmQ8x4hEtVbORDfslLZcKtOZXBsCq61i5U+P9L/7T93YDSkWH9y4G4kkk2qePm9hqY3udrv90KWypjJxI+b1vWFetmvF7JKbt2WNruR12ZZx2B32e85FWp1khctmOz5vNybw7fzy7dtnIuj7A5IhVLVWgIyYUyqdMp3uaxEcNTaSAjjL0vIK7fnlOs3erYHxjjHuswtpWfyU8nY6jMfu49j9kKp/v/3z1V+l7ns7HncHLbSmNgwHRDkM9123Z8iHzmhF6zwzUiHxYTjmWm/L+Tq/EcXLOpfGCEUKwWqGkLEVbcz3MZyLsZTKOScuN5+u1zciaggpxdX7CKyWNPbq3rK4BmTdbv8zyWNpGvkYc74stz99+cttCw+Pd8Bg3W4F3eaWfney3Rhz8sm7WFqT0Pg4HHf9B0b7NRQfskAchq6U6sL68vK7UXpQ95zzZXvZwueQP//py9///T/8PTCWCnR9VyoSAHLMFZSszvsGhCRQiRjnmtdWlv1esbpoxRnj67KmTHd3PyjVv1yeVze9L/nra2RssKpPbn17+0ptMUbsd/dPD3+U/EOnHhirCPFu/zCae07m3/zyb4+nx9vt1gA+PP3SdR+M6rCV03HU1sYY1xhQ8lLL5l5TWYkAmdVmR2Q57w99v8zvgAUpPr+/bb4U4KGwnKpSgjBtYQGSQz8yaoubUvS1UYy5BH4YPjw9/bu+/4hN96YnZClFH9yWa8zFx0xkEXqjxxAnl15n9zKvU4OqtcgxD92p6+6kGjkfjrunzh4EJ8lFLk2ZHQK1lp2PUnZS9JVYrW6aXkq67Ds5DOPi5vP8usVszQ+n3Q9WdqM2WijOleL8/e2ihRRCFGi1Uajtfbrk5l++/TmVuN8bxamWJJQ9PhyPp2G3U367cp7F99gWijTjOBzZ//R//U+AUGuttSKDlMKyXoEyg8oAjVH7rjNKIXGfMJYwza/UUmnJe2eE4sD3w6HXatuWVldGuLnw/Po+b4FJS4is5K47KNV3nc4lbaVcbrOPgNCHUK1hj6fufhwUt8ikUEZw63xYXQgxAdRcS2fUYDuoVeuu60aEcpunAsiYYMSJWEpryg4wF8g5hxRXhq0CtFwYGaMPhhHWxlmdluvXy/n5fJ19ytmnuBEyIAxhDmFC3i7X+fy+1ILYmNF2MNIqGqzmJLTRrSXnnZIEtQ19F3J6v61rrgVqzQ5biTEoxqCV8/vzPF98WKBhqohchjARp3m9KaxWi3WaN+diqkrwnTUlhXnzkkBytRsPVAtAXkN4O8+Hrn+6+8HKrtWW4xqDJ9EhiZoC5xyZ2Fx+Pbt1i8oeAUUupMVeq2HeljVuv768aQ5aCiO0FbJkErzbDfedPfi0XNavWziHGJQeU6YGyATjTDbggCzVtIXbeXr3YcoYX66Xl+sWfXnYHZ52+9EeOTMMsJTsQ/Bx9SkhUG0+xHULaym4bZmoSt4ERyi11IZggNTq128vzyH6Q783ooeKSCzEtLnEOQfkpfCC2mUecq0NQgzzOjGqgimrj0YepBql1JoJydTQd4IxKzvBdQXQlsUcfYo+hNUtm19d3EqOpeGypgI4jAfB5eLab7+X8zfvNw+1ErTWKgEQMoGSiDcEAsFISCEEF5wzzoXkCoEQEAChISERERE2bDXV2hon1hoqIe+OJyW0ZMoHP6/zYN0PP+JxfyTEZft8nT+fp4lzMZj9/eFHwSwX8vX8PLlbgZwa5VwRm+SolAGg83TzMTWogCVlr5XlXC2bo1a3BOP4cHf36P3ydj1/u2zWsvtDtx+OggSDyqDWmmKM0zR9+fZsJGecMsLmbozqMp2V1aM113mBmjWXQ79L0Zcalm3agncxcAGrf3ubfr9tc6xUSrWCBttxJmIKMcd5vd4u74wbJfun04fT7lGw/jh+UHLns8/1e9rFdVtyiX/+7C8TMQ6x1OPdfr9jujvff2Q56fl8jI4LJQB4Z8zdYfj4eCeFzLGFlAjBGNPZrrU2LfP1fG2lpBQ27xkvUsDn99fLdHGbL4BKKU5yc3Va6+orVhBMKysYK6fd0SqJCEM/aG2id4A115JzGHbd2FklUAisZSMBX19uBPynH366H4+7rtt3I5EouWxhc36x2gh1P/Z3WurSamo+gWsttJY5Y4zIKCOID/3drjvWGtb47TL9SyprQ1jcTC1ii8jpcn5lTEk1fnr8OSUevd98jAk6e4RqtDTQ6mG3jz4hydKaNSbkth8eOnNkSA0gleij3/UD432pJceAjXf2eBg+7nen5OfFb8hlbnVaXn265HJuzRvVaaWjz0ocTrt/d+j/MKpTKeSS8+nb6hapj6x1fTfWEl2YCBOJxpXlUs/rVkrOjSuzA6ghOi5bqfjf/9G/Ps+IiIRCaE7UWq41t1q54Iis1tqgAbRaC2MIADmX1loICaFyzmotrQD8ax8FOGeciQbY9ztjO2iYS2rQiH/P49j1RmoVgy+pCqH/z/8n/fSIg36oGYfhKNVAjO86fdrZ2rKVTCmKPg5dr/RB8LFi/f35aywhxZkRlpJv67KkHFKzQgiGkqtODlp3raXzddsfnyQfGuhamJAcYT3f3nJrfa/Gnved3Y9jxfyXr1/Oy1KpCgGKGa3227aGsBmprKSQ3JLjb6+vr7dlDjHXGtzCCSRjfX8/9ve1YUwrga8Vlexyo9Vt83IGFOPwwZqDYIaAcyYZKzm51fuG6P1WSs2FONfEu9Jqruz//Z9v5/fNOU/Ea2NQGjSIyQECI5ZyLjUjYAMgwtboX4HIDUmwhoiExAQxoZTlQjRkpQEnxqUope13u4pUoBlrAZmPMeQ8dPv7o/8PfyOV6BRX2kqtRYoVRVdL5VK1WgSrObtcPZE7384+LKUlY4WgNt2cVlab3k9LqfyHTz+2ECSInRmNNtO8Gqsut2WarsG7u+Px7v7jtHmfYqmVy44zm2Myeng8PTC0BNavZT/uDnvDeFr9vIXw8nYpjTo7MBIxOu+nLVxC8gzKrh86fTiNTzEuMd7seLB6L6ijSvtuP2qrVa/lQekdVtSSJz91EmouOUHXnyTXTFml5Ze33/705//KtN4fTgz5YAertVI8xdmHtdNCScmgvXx7KSkbqbZlE8RiLEQQcxZS+IytJk1JlyT48PMvf2e6OymGVGjdltrWb9fnL9/eGGOdkZfrcy2LsUxJdX/3gaPKGWpDY0+18tvN3R/udsOR87FWLbncWQZ19um2bRcXboqZzt7nXL68/Jctfimsfrtc/vLbt9Ph8cP9Iy8lrFEIrW0/LYs12odWGj9PGxO0bTOjyDEcD10rIfgcM+/MwQdu7YkY//ry529vL2+35DxmXzpjfv7hg1L89eXXaXUfP/ztx4f/2JLMbX0//3k/dPenTyWxw/6TYf26xpzWWqIS0trTYXfEGhDist58DMCFL+H59XNnoLVQauNigMaVOnC2k1hb9eu2Ms53u/2yuNvlRiT34z4HF4vPNTNhlba5lrf3ZyQgUIPZW7F7uvtlHH+UYiglueW6G2wOgRh11qzrvC2b1r0VOyH7LVxv8++X+R2Ia2tLjAzFaf/XHz/+78fxR2I7bY+ltmW+rNutH4dWJZKk0giIgCsuYyoV2uW6tNR6s6sN3m6vk1uF7BB3Wo2j3inZ5ZxLSzG4huLu4b7UknJ8fvkSaiyw3a7P1/ev47FnCCVD3+9ygcfHR6xR8Ews1hKIC6EHYp2x99oe+eyjYGle1s3PpXglNfHmnIMaH+4/EAkfWm5Bsih5Pk+3Cmx2HqFobmqj3u6N6EOctBQ5My3KuiQpZcj8n399+ff/5qeKZfVhGE9SDdq4dpkayAwMC//508HqIiUxYsSZUrrkErwXnGsl3y5rY3h32Pf9npjQYtx1utQ8b7fS8rqsfcfvjgfnU6pOEbaSCbxVRTJe0uYzcTSS28aEZEIw3sBvy2aFWqu7Xq7Jh9ILLOXu/qRUz4SCUoiUd8vI8MNdr7VVxhCwEEJna2cGxuq6zfN85Tu+BQEklN19ez9LpcS+n70TTFribg3L4l4uZ9vtjiOEtOZ5MaaG6CDm7rCbt0WpgSS8vl9GZalkyWRnRYsOWc/oqHWd/VwbIDAtdWuikprc7XJ5H+y4nd+0HVihlLGi2ILYohj6/u28YXX73Y/UcJtvQlD2Ofqkjt1gLOaKhR36kzY7wVSrWUvBOLp1JhClZIHZchQNocQExefowmXx55DXmleoMcWgCExvRykFSc5lyVBq41yVVuZ4BahGHREp53cf4f128aGe9pqYzilva1DiVKn3rvgY5zkIJFG4ZXoNMZbawKbkvKfO9Lmg326hcmiwbRw5B6gMUMme8aGhjDEQO2jWfTyOTDApeMVijBTZyqR3w5DKlktaU0nLUmoZ7XDYmd04wOJ8CqSw+BiWiLUS0ncGBLbyr+cSIEKsFRpESYohUoOWKynOiWJOBbIEyYnnlJFAKFUBK0clNQFDxlltrRRk4OK8JZdKCYXWLQBkySiHW62hQkoxANTa+DD8AuS+/NP/47c//eMPH5+03hvdU9rIKM76Ybx7KuXt+nsslwxO1uTcs2TdMAwU+24/KLmv1WvFBIfNe+fI+VsJF6k500ryvmTNuPv65evduBuNdCm4CFrz2+wglcOpD9F1naolprK2tpNydzzU9cu/5HhDJt7fX7QqRuFgMAOm6JxfavOC85hbCKG3x07v5mUq0B6GRwE7xG5ycyl1W99L85qxgmzUO/7E/o//g93WqaRhXScGWIqvsKRMMcoQC7QqOC+AT4+Hh8PIBSfuXaQl+NxKLFuIl5zZ6vzqY4wxpQ2pne7ML592is1//7/8RZtRKrMbj/uuL2mrbRGKPh4+3B00Z1+L+JoyV8SJ15AQWhVKpxC5yidjlcShVyWG4GduKhKzqvVDX1NR/bDvhxyXWkqDzKjO0zcrsx1OnX3SDNvy+8V9835lrGrb1xKphVpip7pRyYNVc3UXVmLZ3l6uSC93x19CZTGUmgiaQVBY7G786f36+7a+NFRM2BqkVEoLyJXCVq25QyIfXtfbPJp7q3abywXEFifGIhG6WITkQiiOUkl2HH/q7cPm5wJtc3Ooebc/EuXNndfwtu95bTGEkAtj3PrCrlv06zmVFEvyBWYf2TozPYc0Ejbv3LLOwrLUyuxvm9sGM9w//Ftg95fLNbcQ0jXEWSllTbduq+AcARBzKaHkgAilFizAiHKrxIm4JGitViJikiMSQC2p1JwbMiIC/C4MYwjUdx0iOO9ryjFsiKi0wYZKK2htXaeSci1i2NVdP3FUWM451P5kapW77qSUWtbr/WFX8xSiF8K6UO4OD0b3X86p7w6/ffn1/tB9vFNCGIZXN6+pUc64bBu2zu7uGdZda9fJxe2m9z/5ELwPBQTHUGuGHPaHvRRitxtziSFHZvevt/Cy/PmPT0sn9bTpXNPQ33FCzjYS1j1/rbX8/jIh0KeHHcN2XWete2Utl9oS78we4C6nrMywBP92/RLWa2d7KHVnD0tdq4RUZhdczA1IIWNhdd6/CJGOx19a4Dnhnz/H6zUzQillbQlqY4SQmwCOxKEVTqzV75Z0aggNaquVGDWACgBAjAkk3plBCu1jPN4fL+dL2LyxndVdDJ4x3QBS8IxIcNTaKiU+fTw8Pn0IG07zqx0ko4zZAWydsTvV7we7TL+9vn9prEpRU9jujsfOquDmCvjjh58Z6LfzxsgyMpxUrfXyHuzjj7txUB6/fP6v2OxxtNP1ovhO2Yc5XV6uX6BZrR5sfy9Zf13eBeO7XV2212Hsul43WCqA4HxZl1LqDz88aNkt63tKEVgj8lgDNdCcE/CYFyK4P32KzQgqWVj2AAAgAElEQVSuS6kpei35adAF2fl6W+ZzbnB/elT90zJ90ebj/qRLboSFkzs97C7rbpmjT2dOHw/3n6rnqQTV+HT7PbXy8v4yDMPTh0+by9s6f/l6A9ENw+NaN5StxLW0nMIqWVVUoeLT4yejuq/P31IGrQa2p9frv2zJSc0Z1RzcYddX75bb+Y8/3SlOVDODsO9MrFyynlO/JVd5quD3h/sfP/7c4ufL7R/a+twdhWIZq0AO5/X11/N/DfHC5AHA7nf3D4fTaTy6q7vVunoAPTJRLvOtoi7VhVTfz1ODNHS4H6VR2IudWxGaKK0z/WEL1U/PjOfzND2/pnH39PTpAxP0++//vB9Op9MfLi6+L2T0DCb/5//P/6xE+uHjAwIXvOU4o7S8xIPiWggtIqO8bWsIvrXIhAzFXc6370O355fPHNvxcCqxCLJQ+bA7LLfbsPtwfPx5Ws4v59du/DTuf3j9+uZX3w2D27zzgVTyudYqJKrg5j/+/G8Z2nWOGrocyjWet9vbqeebm1NJSnWpicP9H4W+tdL6fig5Le52WZaGne37dbooKJUKSSKg6FPOmTHFmXn5tpV0Qc45t9YewhrGweaSz9dXziTRU983qwoT5fdvf//7y5fT3Q/GzLP7C2uCDz/SMLoMi1tyWrphIEhQA7EsNF2Xl1LW+f1ttHKNGSDbbhd97sexlLpOs7ZxP1ih4NvbkgoM3YPSJyLNn98unbaAZSuJtB5pv/pl89u+72LIXX84HE/SBpiuML9LNJ/fvrnClNIhU293yu5zo1Rbbsxqm7P76cPdkuptcWM/ICQhRGk15y0V3hr1Zvz9LVyu83/45fR3f/VDAwq1aKU5RygOGvWdXdzaZg+EiKRYG21nRM8RoeXSfK7uvLzPW+Fqn3IRQqwuZCydpk6RNSrmNk1RYpcDLj4MtldKtJQr0MP902W+/fHThzWVl/frsq6C5a4noZGU9teVmNr15jTwDwe1P5waiPNlguYFB8YAWlFatEwhxnM8M6FaQwbcLf6rm2tNRmjY4unwwWiDyK+XCZuU0q5hvSzBbcuHuy6s+fH0V4yxv7x862zDiqXU3XAqs198FGJszcRKPsSQy24cFZfEKJV0cXGKoDTUGmGbKS9cAFNay4O25nZbhSqjsdu8WnAu5TmFt5sfhpNRnDFupd6bQakjU12qcfFvXIARvOacS6jFKXVQBIwgpNmVtPjV+SnEDaEKIZbNsdQeu0FzskJCxWlZSk0Mm8Iu1bZGL7mpiDHW1vh8c1uuRqkc8jLNWpBWXc2VMWokcmwc5WCFYVTdxFLIqXIuh35gCHHzXObaUvQBAHzB63XZj92x72rNfp0Y5wAMyRyPT9+J+0PX1TS59UJCgqcSQssbYVQSbgm/vS45ssH4vu+w15fb6l2KDqfzklMmhFgLATCgVnLGhBygtAqFEGpLuVQigIbZF5CACEhIgoyRiKxVhEqEjTFulQJiPjhjdMolukVJhojW6IZi266LezeMVQw5N2J6ceG6zVpvd4enecKH8cNvr9fLMtvaLuu1w7hObNcdfvzpJ8GkkV3LueS8hQnrOtrTbtd1u53PKiYPLWzbdfFrSG3Z6uLc2+U3qzYl+s3NjFhndz9+/Bm+fO6sqi5tc/l6/jp05sPd/e8vXx97rW23hViAuOgNdpfbYk3/Pp2tZHLsp/U9N7Bdf97CFmDLdYtujYvk4253l2Oi1kbTf37+EyZnhk5we7l9yyUu2xlFDm67XWdtD7JX/+Fv9T//Fn/9U+HV8tYYVi6jT+HthbYlHTvRa7WX3cP98bAboKGLdUuXNTjbKyU9wXVb69u3OUYkQLdelu16mdTD6ecfn8y//Kn8/f/6j0qpcX/fW1tKysUrSz5+yOVDQp4hDcbfjyh1KjVyaRqqkGZOdTd0vealLI0WkiGFpWH/Vz//6IOCVpDVabkQlFJTTlWqoe/NZfqd+JHVgxwORp+4+D2XXFuSUoCQOQQtxDgeWgaFnA/755kb229+9Vu43SY57iT2xFHLHgG0GtYpctJj91RJFRJSigw5pCT5vmFlvIs5NzbEzXWMbHc0A3ubvqRQQk1Wq8XlQTTNBFOWqa7Xe8nl1bsQV9upNfr3t8+Mh5K996sX3MetVL6s4MOzVrjr170dOE9/fvmHt9tvWsuXb7/bT7uQuuVyfb88E0/zlLYyr/M5xTzzYLu/2o3j/Wlc/Pv0+h7LkrIBYo2otlKyaznkHACgtlZy4cgFExxarRUBam2lAnHWWkNqOWVCJGJA3z0cXBJyLkqFWCI2jMFLxhkXteVtC7udKjWnkBAIW2VC//ILY/p59sLB1ho9n1cXZAlNGzvenzY/58KD94X542OnpYaGhquHw4mzyqlw4Fb2rT+8zPM2O0ZdrdnFdJ7PnR0AmJRSyrb5S0485FyCZs1VqHenPSe5GweG7XU6h0rTMhujj7t74nibv/DqOe+svD/YH0tdG7Qf7iHGr+aHh904tlJKWQqi6UdAKcXQIAzjyftvW1yUUbX4VMLkppA3YjVFb21fAN0yv14u79cXoVndXE4l+sUY0OVBNHu+5P/b//0v69q0pJj5usVaM7aacwJoKXlCYIyARM6NiNeaGVEDJCJAahWY4JxLIq2UFVzEmnOuSnbQGFTWGkET0nQhViLRCBgvQoiUy2F/tObe+xjKS1rn3mICYuBTYb08Sapvb3ErPua0TjfRHwmT0r2Ufcd5Dlzp7ocPHz5//up8nm7RrY3zHVOPS2gV+lbk3hy6znZ8zBA5YYpxWeZ9n0hIxk2r8vF+V8v6/v5bK9s4mG199eGNqy2UmVP94x9+OO3HVrmxu81dcwu362IUWLnTskNSPiZltBY9yFPYtoSFM01UnZu36FJNKJLmGjnvun1nx9X5flAV1l///F/c5T23p8cP+8vtOE9rbS4nfxx/iXF7u133w/gvz78pqTTSr78/lxyHbhh22mV2u23j/mMuITVc5zelB4Z19fV4f3AFrs+/ns/vnPUDl0w2aM0aexqPhstO8oabGHbv7+fbNP/wSU+XNaV3jFsG1dqQc2nA/vs//H+N7g+7P0j8w8EcW/cxxzWVIKgwzu4Pd4Lz+lzO2wIOBaRfPv6ohWHYd7uDjUMo2xb9GlL0buz7P/zhrxHFvE1vr/+ybV+EJdMNGpXgxM2p63cpow9XZPH122dgzFpq1XFa/TZxUcdPP3z8+H/47XwrZVvi7//P//yfL9eX/+3f/jEs234YLv55c258+MPHu8M0b9/OryWU+fLtdPix643Wu/fzWUmpawnBLSFWP1nNt5ffT7sD5hmZU/3h08//3m03n1bT7/sU3LYoxu+Ox9YASJYmVu+ZWbncrYtjjT8e7jTHXb+/21nvggd3vb3P57fOfpg2H30kXz/8+NcAOkXqBOeILq8lu1IKI+RCKdXH5WpNWbZffw3TdZpjKUCP43CHnF/Orju0Xohc1bD7xLCUusXgfAqqO3JQfaeM8Ju73Z/afrf38Zpq0lyGbBsbtrRel/d5fldbZwTfjX3NLqWzUvj8Or3Ny9D/ZLqPVg3n64yUJBPPv30mWA3Rsm6pgdUHY45aHQ7jp9qAM1JCmhjz+bZt6XWQM1EJ4cYoHfo9awwzadbvO57dPCpdc/eXr+vq4q6XxIQQqjFMuZYKSnVSIZPEN39/6Ib+cL2uQtjW0Pl5c77VVDLVzH58ODwdJYfWjx8KFh9mKDHHjKS16p1vQ6fkFJOPO6MHPTDqoG2txhTWzW1rSIuv2xp8FwSr0KrkrOUQk8+slpYr4LRMDDvF5G2ZisfTbm9Zx4QsjQM1O5BS/PevX5aUOr80n5CUzxBi/vh4ejx0+37o7F5wLZj05XtjspQmK6pCodSqkeXUsOFuHFPJOdNtideyjZ/G0/4Ta+aVT1jDcfdYkZ+X5evNW8lzqjmXITY77j4+mIc779c3LU2txSiO1TJqFVIKW6sFGnaCSwE1rWvYYq2+kC9gtagZjOxycud1XQqcL7EU/uFwjMEJw5W1l/dvb7fp9XLjnLP7QRClGKLQ2soQ6+ReQnrtjVJKUGOICUtoOSPyWnOMy7Sdl7DEFHxwLmyEcVpuHx+ecqwcUSgTcnH+ihBbjXvc1SZDiAh53s5+m96vy5YkV6JB9jH0hReom49cqBYdV6JXu+7JYFlL3rIPnCsrey604JILTrC+vj27UipiAXq5LNfrJMRpb0kwUoJ8WGKuR/uxM7o2VQQ2QEQZyrsLLZUIUGOMxFuuLCa83pLgiZtO2WFez4Lhbd6WG0BtOfpaGgJDqPC9tYAAFZARJyREjqyWWiEzFA0aIgipGGNGd8p0OedaSsm51CQ0MsG4ZLS2VJMQKiV0m1O608aWTLXqab1smF7fnp+vS6rSu7L655QKAXb6XvHdx6e/mt37+2UJpQyi9EKkDPAFKtbNR5dLDD6VxUgBzFznz00f1yh9CDmt87ZdpxDX8lbcl17I1sa+MXTQWs0IbL/ff3x934gQmot5Y9RZM7qQY24Dr2uuWu8LQsxVyo6TNrLfdSmWVgmV6rY4rY5V6n3aXq7hbu+HMMWY4jb1XWf7IQasNUzrtD/VVCI0uK6zttb5uaTo8saKroETur/5Q/v9L7cGbFtmILw7SIDFh/TdGgtAQgopBCHFnM632/vt1oAJ5KNCy9av2/r68rK5wlBGP6/b/O2tHA/if/wfPv37f3f6+//25fNfvp7fvhijS2m5NVL2/S19vQchS6xsHMzTiKdDlcabHrWQSmkkAgQpYfWLj5dYHALvzYAwWjUwTJfrbyVGYoxxte8eakZsBBhfL3/Gw6ORlrjq1M6oblvnxB1SYwilpnVbBJrZLUYpqERNDP1psKZT9508MehqSRqLEtKo3m2Zo/nw4W98gtfLdZ1nblgquUomQbOmmtDNbSUTVGnlCMjP+FoRVr8iSc2zINRKtoRGW8F4jG4Ns9Dydr4RIhITnBttXe4K1kr1tr1db+W2UEpfWvl/HQw/HPolUmMmZqSczu9fjDDzNhHjjegyhcT4GkT0Ve+6yUUmbqxC8EtJkVEL0W0+lJI4Y63VUgoiIVCDVqAUqDUHQID2HfnT/rUCVDNSa6UBx9oghQCEChRJmVPMpVaQRARAnMtcG1RA1ogzQMQKTIrOSBLHv/nfpPHeJF+u07dcy3l542wY1YETSq4iKuBAXG3rVkoFDinnlGEwA2Be10trRCStHO7HU00XxYfB2phft3Bt5FgtRiMTkNvmM/hUWslYk9AKC0ihOz0s23nb1ssWDsfh08MHI3YCyDDGMENzqawZApFqZbSi/Hjk2vTGGhf85q9bcIgqVR4zajWmOqVcztP1fXp3KW3bDIQlx5y2EFzP1KD15RZ8Wtect7elpRXSMljeGY3Qaqt//2f3j/88i5SMZrliSoULmVKMObbaSmvfOz8FGLDavvcfESTjDdl3+AMRZ0IJqWNMjGRn+hhKQ2b7PTWwdp+izzEjl7d53e33uhN+XXNIwfeIurfDRT1v4fp22wRTmUnFxtyGFBwiz7ltOc0uFWltP4RMzqXZb6e90UJ3fK91WcL5/Tq30gihUurtOK3CqLuHx58U4zWX8/SXlm3NodZca0Fg0KQUnHiK0ac0MxEzwMvl2zR/GXp2OHb3x2604+Hw5EK5bu99b0Oq9vHebYGqZsAEF0LWhmV1swLg2FLL1+vktmvHN1KYW1qX5Zdf/tao+Pb+FynM4+NfV/Df3r665G7TS4Jr4eo6L12324LHeu74QQnTKqbc7O5Dju795ubLxEu4uxMfHj/89nmK0XFSUImRFEI3xBhLiLRm2r59c6tvFbhArtV2m5fr+vPTT4dhF0NRDJrYnKshvi9L8MGv/rKsX2s7p9xK3Snxk7BDzd655xI9K4EfP5SiuTwEd163FQWuOXBhHx4+ZMxvl81qsbPWyL4UhFqPh2HdInIZ1vnt9c+74Q9aQAV4+/Ztmc9bWGtuP/3wC0f97ueS3lNKCIwIt837sCr1/yPpv3p1y9L0Smx6t+zntjv7nBMmTWVlVbFIqqkmxJa61YDAliBAtxLQN/qBuhYgNHQhQS2BYJFVxazKjIw4EXHMNp9bfk0/py7i+RUvXgyMwbdNVopi36GMd5v7CMFqveTs2H38D3//j5Sq/9O///eX82hNb/08LVfrow6eKaGKFg1iXOf7ttxsHtbxhBnbbOU0T7UiuRD6PA7TKaMkOXFuEWJDMJvmSYrFOaP14Nzw4cMffvXVm922PMOoHQ6AJighIafLJ4hwTCl4LQgIYaU0QUR88MnOzk2YoZxpiNxHr+cLxHize3d/eINyyin6uBo/CwkJk+M8ee+YVM6bRX8e46dLd3UeExoiSMM4lO02Z2qcZQwotcEwahNzzjDBUm44ogzlbbNF6V/f3f52DedPz3/n9BzVFuBbEwsTutUtz+dj3dSVhDF1q/a8LAIC/TDnTCivN+0bDFXoHEHx4/NzjmHflBAGQoplNgRJQepC7nftAwCBCEZyCDmCZfXP10HgXJdKMthPY62GkBn2gZICASZ5Q2Au2ILS3PWrs7GWZFuXGXNK4c2hTNEEj3IK+00LIaCE3xx2OXrr1nVdADAuomHyd219aCkjJeEtJNiskzYzAAGBjCFIyVGCIEgo50JwSRmBLOZs1hGiNeWEEI+ZrWY+Dz3EiBLCUU4xEewJzfOy9tMEAZlmo1TCAOSEkgeU1hC46Ny+KV1CEaacvBRi8e48LgA4nawPebff7CQpVUWopKRq2w3l8jJcEYQ+ppwIQcTq8Rehez9YRjnHiQhlzPJ8fC44k1LlzJTc7Df7BOB++2ZcFi7k6dPzXU1z5IzRWc86pERYcBNGGCJs1nXShlJKELJ21HZcYzQREeScHYyl3sFpcosxpSIVqZXYVpT1w9P1fDxq/dJNj4ctBZCQgiORIwQZh5CmecYYLTOeOUYZKC5Bjs7Z1etzd1oCJCOECBAiQjDGaRdjiHY1ndbnab0O06BdCMEzmJqqZoRCxApeZxD0evVmRjiAFPreS7WFGYdoztePp264Dsu2EYVkMazZQ5hxihljCrBYVlcJ0jQ1J+n55SdtVsWQpFAIQfkuJRyCRQhjAKa+yxgtIRubmqY06xpquWsaihHEOUxmmJ8lrzbNr6131+l5XT4bP0EqESBSNYXedlNHpdLGxkiqonaL0dDURWOxP13nGFOKwLuAECEJp5x+QREgRAhijDBEmRHCEfdJ/wIiZwRzzDkBqhQmxEcLEVSqIIhc+wtOkTOCCdtutjniGIHWa0gW+RiCMxpPU1q1SWH+dDq/dlNdtJy3PoAv10vO9GEHMKFNuUvJLSak6DPBjFLBUfSxbJpJ63kN12FlLNUVMm7FGANYrMs4L0sG2TmgWPGbt61z7uW81oJyFptKggBdygBQBPj93dfT2BGIFKP19gEjKBVhnJ0//TFTVzbQA0L0uUEREaYXWxcFyLkbZh9mBpiZh6EL0xJiIuduKfjg3dCfvtzdHCLY6mXhkiICYhqy8xDCDIxgEiSOaD32l5fXn0SxBSk93KG//b34+3/wLgLFyZubg8fkEyGrnq+pj5giVY/TotclhDCtNqao3YoWDVEJcdL2erm+dP0EAco5OqdDiv/x78Fvf1e+e1P89V/t/6f/6bU7X3NdJgCNSwBOcze8PH1SgiGCCcNfNvvHh93NjbhHiZYppRizoZR0U1ztbJ2FmUrWel8o0R42b/r+0zr3kx0YU011GyNEEQ/jBFjol8+U3m6qTcnqkmxK1gI/OrNmFDjDMaXn1xNjsBCHkONirDahqffRi0bdcFQK1lCMaDQIEogZhtnOE2Vi9VoVSiAT8hphRJkghGdrYErJQ8kbjDhGPIAUoDPJJUAARBBjkFPKLsWgDcaQ2ZBTDpwQjJB3YbffU+r6+UWbbLwFoFtMukx4XjDPbCf5tty36k4q6VOY5iNnjIsqZdzUW2vnaRn2+5uXy5Hz5u5uS2OyZpnwZwYAhFmwDLOnlEEIfpHKgxARxBBiDGCIAWGMMIEQxOBzgBAmCGHOAOSIIGRUBBxzjDklQgjCGAAQnAMZEEIpJoyKkAOlNEMECcoxpZiELJ33iKCq3thItwerikLHOMbZOqs4riTcNUqKAmR+s98eT88J8P2uQZhav7oAXAwAZgKRYNxpnVREUNR8Qza0KdtSbYxls3FWd4IjpWgEiHJkvQ/JW5d3de0tUaUUrAIgc8YSyN65mx2tOW+rO4lYcCb6yUUH0zQsLxg3CSkC8dvDDhOplBjmK4MYgmlZDeO+YEkKiREvlFoXbZ2hQlHM93VdMKXXmZGBMZ5zjmkJcV3M6hICIdpFt9VGKs5xGGb7P/+HH7pL1yrS8I2dTc4xppByTinCDCnCEEIIIUgAQ8KpTDklkCkvAEQEYx+8d6GQVVFW06wxoRjBoigWrZ11202z3Wxfj8cYg6qqmIJzFuWYvIsur1Yb4+vibrO9dceX69BhBLE1TXHvZOHdCkGWrLSZIgpO3exc9BFGm1oGUKacVZQUTZM9AKtZKSUIhnF9SmmgnO92X1XlHqYlg2jCbByDKBEIKSHeRxsi4SImq93a6+719FrUbb3fmji4uFLMKrmpi0N2mBA4jp9pASCQdSVBnCW9rcp7SOCoz9bN0SyM1k1Ve4cYR9pkKjiA+Xy6Zpou/XFdpghSU9xgUa52eXl+yj4cdg8J6uMw1EphCrS5okCN3KUUtbUxZsHFZRy1Nsb4isGU8TRqztXDbekC2rYbApYM7Ut3vJw7TCvVHSFAUrYQlVJxE7p//tM//fW3v3toH2DEhcIgGVpuMQRKrQCyn798SnlZzHlanq79ElP19qF6vHmY+iV4jWMO7nVYkKAb4ygAEkA46vF4PUkiOGWCon1RVqpmQmlrruOPitEEU0jzPM+bHVkntk7dTz98tzr3enrV0QBMEcXDEin2kzUZxdlcIcjJhbqqf/e7N3/44VhJTHCkKRMiXKL9OJv1eY75f/7DD5fL5//L//DfbqsDJe3xdfn+5+/G6UKJ1NqUNfARW49gxtt2y4l0RCSfDpt3lI3TfEmpKxgeUpCCV4XECAefVrduBHh+/eS8EYwUSiKUnRswlvN6TXhXyUIkJ3157X7qsT8cHprq9nJ6iT7GELyfOGcOUoIQocVm+06R2lqnY0B6FG6IETIiECQpesGxi8HHSZLEq0IyNl2fCFoozRDp6zhmwH71q+3Xv35HMPj08UlwX5c1IhXBIKwWE7itNhgjJljUI078bvOtyfE4/qDEU0znnLth+f4yPOUMF7PIot3e3GA/nk9P6+p2+J7ysq1v3aoP2xuYCeHlw9tvPv38R8brw66lcWLIMEpTNilxiguY2TDMBHlCYQwhICQwFtZpEzTjsuBq1vOHp89NuyqhGJZC7BBEAAqMGMZwmqdpmesC7Fu1E9ui4DGHEJKJwJiYqYcYMZwBldMCfXKElYsOl9FJqfaNAgBRUSMitJmXpXNudsHl7Bnj1iRMpLGrsXpbVhBk6xcXgg0jzIASAhLLQWSQFutA17f1RoeV4lhXxOcEEPQpQxi2beW9B8BWVd0ISSmQjC56dbZHYgsJDxNgTLxOs4ue4mSDxiQyQlShirK1k56XzurJuDlkLJVMwYAIBcaQkZCcc8t2c8BYJmsxddGnQopaSYhIzIAwVNYyBJQAZBR6kHSMhaqkbJuiPA3X59PRJIyhUxzMI04+IiIKWUA4LLYf5q63aTIeZ7eG3MDog49eO2OmMTzsbkvVcszxdF7McuxNjDR5p7gQtDY2+wQZZSkBTEhMsZu1ZIhTknLOIPg0e7cSAublkqPdtwecEMQEYbi4SdtVm+NkTqf+NK+WYkxRhCGAzK1HhAlZKL2MZck5E+fuiBBOAWKoASDBmdMw/fByrhVvS7ap5DiumHEEk6CCUOpTgBgdu1cfzKZgCOd+nLzC+30jVAEACx5CnIL2m6pkJF3GkRDqQsAIVaWUTEKYrZuNmfpxyKgola0Vslo721+X19P19Xb31X37FUNqXnS/2JfXZV7y7vDAaKnKW4LE6XRRsr4/vH16mXPsKWYhxhxzSpkg8MuLEWGYUMIIYkIoptF7iBGiBEAQYsTJp+gREhBkLjhnHCZUlzVCCDqUE5S0LKpy1mYYu5ABhnGcrz7KS2e3eweQh4C3Bbi/3SPMuyXN03LqXzhiD4dHEaVAtCzbBJfgV06r3WZDkQRQ7Rq52GzWZ4Ck83zNkTNvqG63BxPBPE7ewPvNY13IL6fXz33ul3TYMslbSAVnGQGFEa8LngLNsIZk4ZQQLipJFju127s1+G5aZu1DDPPyAiJmskYwAhCrRkwv2tiQfbarxkAAVIw6fD6+FqJiUhyvT94NN4fbdXWFKEieUtTOx4Y326J4MaP3qxDceWe1vtk/bHeHw9Zx8fKHPxmII4q5kDWDMKZso1ntLJblijMMBkLcdbOxeloHSNAaDErJhdGui10WziiGUACaAZ3P5p/+8Hz/3zz+1e+2H364+eM/O6NdVVfGrMaOYb5eYeSYVaoVQq6D7fvb5rn41dfF1/eOcZ2IxzQgzKY1BEsUb2KsMKkpr3yIpeBlzfujHRZfqBsMOUAYkTSsplvWTL5/d/8XBX8LqkefNcb6+fJzd+mk5AUvYWYVL5WqKRFKbtRSZ48xlM4hqQQGOMcIACW8xZgG3xm3MscxoQxK7TDKvCy3k7EJ40t3Ighv6g3QBNPCBGv84qMZpxHG0IqGIurdPE8nQYmPPUKyKG7Ksuqv11rWWTIEC+NGE9ni8fVi+SKvV9ef9V//6i//5be/r4XESIEsBcHa9QwFhPxuf1uocuyfQ1w2NXbAkrxKiVpF9HClkKKcIIbzNHo77Xd8u5MQLhjBFBOEEGYEc045QZAJRhmkHPMvAwDkHHMGEAGMaQIZYpQSQBjmDGNOGGIIMtYU39MAACAASURBVIAYUsqZ4KKYlmE1a1HUAMLVzkLwHCLKuVQ8ZQhhoszMi+FYCUYFLd5sD0retvUbjMtxWNfh5WazF+X26fVzAknrQdsEMUouCy4ZJWYZvLcYV4WUihgAEQKqUiXBeVqjswNTBSYSElrVJYThel1ghIfNXVvU3TCD7GMKnDJOsV/G3BwYhDBljCkAEiSv9RAIrOuyqu8QEChqAABBBONAiMHE2uhnvexrsBq96hnmeH9zm2L0ARZ3b0surc5SVBlBF7132rhp1R2lEABkTOCchqCdWzgvp2E6v3Rx7WcP9xUVjHjFvYsp+l+kDAAiDGDMCSHIWUGQWPXIuNht7rQxMcWq2ozjXKhGiRqBkku+jgOjBOEKl7QoOKFkdzgIKcbVHQ71vCxmGTDlnAtCWYooRqAEl5woQY011vQaYlvWPviUSF0dIlkm4wjP58FYnRrJ66aQlMLsEND3N4WxHYQEU2Ln4Xq1XjQ3N98Szsf5lNMZ0JEr0HdPIIqv3v1GiRsEMEHJRxOTWcw0LmOAsDrs61KkOEc74Ewl3RK8nabLkpaUsDGIE9b1DsOW80PM1Jq1H56v44tAaLvDLhBj0mIgRhQT4WKa9NUZm0gw2szjOd+kgIALeXVJ4e39za125wSeINTW6RwTyPNqr8ammDIl5PX0mlxoym0wfQgeZqFEo0plV58yf/t4NxR6Xc00x1UCwgGhrlZVjpkg/Hi7+7t/+P+Vlbq9+YqhSgoaYXaBrdpzevjVNwqEuNu2XfdnbwNAICZ0ulxy+ufbhzsIrXdTBpNzLASWsSCAGZ23qvLzmIJlrEyrLRCUSgpeGxNG+znB1duAKXw9H1+78etv3lOJlrkHMBLEHu+3P3w+9XOuy/bS6+w7YyISAgPQX4/R2m39TXKglkBwqlcLIEUEBxCX8Wlx85+fw2ma/s1fvy85vVy+aDP2w48+mdvdphQbyRCMUYjdbvvVND6vJjS1gITPw1kQs22/SZG+vrww6BXDBIBSVt5mH6H19nh5QSHfHN5UheB4/urt/Tx//Py8mCydmRG/CEELJ/eNQmgo1L5pb8tCzaOHGROYohkIyPu24XRfl29BwpmcJqt1miBJiq679hFDkHOiKBMQnNOcScE5xUTtapAHhPHNzQZTBQEDcapk49auP314fPtA0ARSmwHAORVcYAQEJxQUazDjtNabnaIFm/vt5msfE8HLtPzpctIQVVTc7w6PBGJBeW62FC3DeXr7zdtv3t+ZaZCMeTf5FCjjVVFuZLWtCzcRmAYzOoYFUTUmhXX+548fclxIWSiCCUJSyhBiMh5zQhll2rgh6NWbUvB9s4MpgogJJj7FEDSEIUa6mNDPA2exUQXjyk2GUIUTmxZXVzzE6OIMEKGEeEeXJZUMvzlUnGwAKYUgIKbgTYrWOGd9HOYl5v7NnoLsu3G1LqQQZz0BgiJwKQbJVQrR2YRJmVN2wZaCLONYUEApwQACgENMm7ohKIIYPIHWawCIKGufbHIacZmjNX4iREHsVztpH1YTEDBFRQiOlFBCeYgQYzWvNvklZD+urqxCWx8IVSkkhLHkkmYipaRkp2rS9R8pAFIghCEiYLFDSnO/XBFSQ/c5xPVzP5VlWXFSF7v95nYYx+vl/ONFI0QKgfclLnAimL17VJLmueuvi/vSBR8gEYRRHoNnDO+aGiTgjQvBL3YBAkUAIMbek3mN7L4AAAPAKcXWWu9dCplgBECaVzdJhCAHIDrfW9On0JPsXAwxWO9WKfaFaCihznXTcgxpvs5zbyIGaKPKgiGjp+jcGhPPzHtTFKVZZkKAlGqeNRNyXBftcsz8tfPGg7eKbmuyKVhyCITcVDUjPCZgjTkPw2SAtYPVbDb6pV9usdRmafdsGQdnHeGibBtroJIYAv/prLkofIweUp1Bmkdvl24x/aTLolwW95I+ZTBfhtefX07GecmWmwpSpGAkfW8WizIsUMwQKEZruzrtI6GQ4Tp4HxPMIMeYAcyUkJxDzhAilCHCCEMEEsw6WIAwwjT9UjQjHCQQXEKZc1oigGJIwZmMIsJ4XKcAM2E0ARBTpAyTwCAE67pEHy7ndHNvdxt2t9tjmAtBx1WDEJJPWJKY09BfoWqST2M39Mu0b5S262rkfnvLWe2mnhPV1rsMVoKkc9P1elVvq2/e3U1LHM6LpMVhc8cImkSfY8BQYkxTzJv2YBbrQrYOUkKVald7pSRM47UufSRqUzWzH0JKnBDt9U9ffhAUbatWsd3Nw7fexfn0LFnpnZWEv9nRgPllMdYAVKtSyf465pwIJ/1wvdltpRQprS4kKVvJBYaYEHS+dpNd1wSscRGRm919jMu//Te50z8TBTEjMVgIeFlsciQheJiT1WaZOuf9aTDWesm4IImRDIBD0CYQMIIp5hQ8RggCiAL8579/+ZvfbesS/M3f3LvArNbTPBMEBUHWA5QTAQnFgFLObu7Oa9erab6du82b22q3D6Kmu7J0Jvm4VuJAaZWQuvQjApea6+jDy2lKiH7z2Gybe2uH2Ya5n21M3XKxcUYIK1a36jbmy3F4TZlQqhCSXz988/7+L0u8H8ZJkLZWh349x2h4zTESwzxjBHZ1EyGFEC2rNs7Yy3NR7QBWm83eO8c5R8xeuydCoKCMU9KUb42N03yd9PXcn63xtWAUZJw9gij4SSdclA8QAYRwW21JduduRESFBKfpbEOyUMxgM1zjbbH528fffrX7zb585IRxoRDOgx1ADgQhAhkE6+lynMaz4AgmMBgTQh8DTFWx27QxpGWZrB0gSrLE0WWEMuPChzWDBCCMMcIcIQQxpZxjCAn+ovIkIAMIMsQAAYxAhikl7z0EOacEQY4xYoEQZojwum4oo9EHZz1GIMaUUsb4F2EvpJwjRKMHEMVVz/NsMeVF2YLoE5CEt5Nx6/I5+EARhyhjzDCVx+u14AXmPIPsQlRMEKY4K9dlSdGX1RsK4TSeMKCCVwhFBPzqT9b7FDOIgdOiLCqE2mhtzmg1qSh349IZByCmBAslipzQtbsyRKWqnE0JMBNXzBNgATNIsaQRWhecDykhjHCpJOUlZ1vOpXbzML1Ow2XbtgzJnCihFHqwKVvEZcYFwhRgnUBgLGU9MKrKfRUM0ut10muG0zSvIThOMSGZMVBItQQTtE85Y4JdTBAADFjOIYMAAAYQUcEx5AngDHDOEBEuRM4Z+wA4L5jgwUUEWVWq4CEhlHJFeAoxQQAZ48x7ayghGEYAIcFI9/Onvv+wrF3KIcOUo8tpoTTkKKTEGeSSpUqwzy8XrTNBrJXyYXtTlqofX/r+k09ByHLbbo0Lkx0yi7U6EJiCHafphwBfEjA+gZSlKg/b7bu6/BWwHCQDQEheQ5gIpcCG43kw1gAAQeaFuC3VI0ioKBo9hsebX52nsbs8M0I2bYuhohAOZsDYQxR89EIiCC0AIWbQX4Zom2Z7DyH/8uXL3cO3EMCp7y7np9XMVJUAssPtr7ebty8v37VViu5nQeCqXYrWB0NFLkrlbAnjK3LxzZubrdoa3RdCcMIwl5uiWSaPohMIQgbfHNrf/vbd07F32sbkkie3N0rrtVLbu/tHgoTgJUZ+Wnsb4WLt+fzhsC/udntrFmdmZwzFxWF/a911mKcPP/1QiHZeVw5B49ZFX3MqMN34KBAqKTQCCQqKFDBMjNFNjGhaz96fCY0Zk1Ovf3rpzqNO9KXkKUfdEn6/a5bVN0X5cpo//DSvt55BhzCrKS9K5aUH3FkPjj88jw7v9zdCtd5GgOK6fPYx/XRczgv8q6+r37y5Q4ClvFz6z4zTv/72NyRCTop1SSCkmAihDSazkI2P6dT1zvSyKNNMQ6SM76K+VkpwXoSAEgAppxDTqrvbqvZm4BVhMBIYhcDd1H8+ngGQ2sa2rkoGq4Y57xBxs9EuUKq2mLZcpf7UJ0wVrxguggMpLt3YXYcekTWl5aYBu82N4Cqb6LzxLibAYuY5SZjzsjofR5ZlAqxsH2CWAOXh8mKW7rAtD02Jk0/OQaEQ4DkACFEp66ZoBsz74epSskvnopu1AShAYCkJQuaQASJ5ncc1kvutVGpvLZcoQaiq5mbfttb0x+6LdUGVWwSgnqPAqSwqEKC9riETEDFGkJE8uDHGiUhVCia1tgjox7vdyzlhmiFJm03bTeeYrPPIGi0Yn9dVWw0xStBsKqYNsqu59lcUZ7jZtzdvYuYAUoiS0V5ySiBe7GSsQwRN88Qg/Pbhpqn2ER4SpCjNOczRR+/h8erOvdE+FApTPDk7m0AihD65aR0XN7R1xZnEEFo3jeswrzBFsKkbFCOnqOYQghQdEErGQMuSMOyG4cSlTCCsbjl2J0URDCZDWklFEKTQ5jxnoK1dlsUTgiKIdEMAIN5HAgLODEKFaBz6blhSxpaSUckMQIrB2BgLLDgVgrUcE8662XQ5ZQ+wBeF1/NlZ7awvCzWt5/MyfzgNb/ebQtURFLOJLgZG/EbRbkRT4q+vl0NDdw2ip+Pq5Ofj+KenzkV+t+eYBmMcqpkSpYvL+8f703V+en3db/K6CJxzKYpS4Wu/XoewH2dLsxB19HEcL/M8oAw45dosT8dRPt5jjq7Dl3N3ogLl5L0H1qaFrKXEmCrn3Xn4+Ty8zhaOFuaMCooqXkpMqka8dtfFrpiXXf+ybxoArNbzYuxsw+1GdcP8dJpWr85DQChhHCQnGBHJFGYMQp6hcGk1wS/adMMcndCGzhY8dRqgvGnHNnSTHZZlJbYs7x4YV6t2ZVmibh2uk4ckQ5ziiFFMICyTv2keS3Gj19XY7y7L9cPL+fkyMIIxGGv+RWJq1mVd4mmMQgopSYzJ6lWvvh/mYXAktS9Hr63TzoAMIYQQAZhQyhDEAAAkmFKCEYKMsAyB9yFGWwjFmPDRQxBziggg6z2ELsWUgtPeKFZljFatMWRCFVWzFapa1yXGKLmyPqxr3LagrA6S8+DmZb32g8lZbZqbbXsnMA6U2aBXs+QUKAOIpHkZIe0OW0EwRRnvmw2EDUJhcOsaqHV5mdeq3O23YBoMQgoiICh9c9O2BUzOg5gYRCYDZ21wk6AwIgyynsbjOpwqdUsREUzhpgx9jyhzw/rp5dxW6rA7EMwYbwmF8HhGkAlWcep2DFWblpwuyzLUZV2qEqXUXV/nyTVFUSuFMfzlH1yrTSkLr2e9XM7HpzkmF+V18vbjc7tpKMD73eHf/Vs4rRdO58vS2QQYB8kJSQWG4PUyTJN2dkWUIAJRRkLy7VZq84JwUAUGUc3jnIJJKeSEuAynF/6f/u7L/+a/fdxt2FfvbzlDP//09E9/GEuOMZfGEwigCy6ZhTARQV7iNPrVx2hiy0UDI4EhMNCrsm7Lgw1oNGFeJ4jnvjsdr+vzabq9v6+L7aa6sSpNju7AHi1+1uHz9btt9SiApFihVELYYDw6i7JzxvpSbWEoQlwQVIKVYXzCWO4220bsk+tW0/fD2LYKQ4RQlIrOUz+NISNBivpm/36cRpxWFA3LEQfNQN2q+hrWfn0Zl74bZogZwaIqNk2xCX4WHK3aJG8ITd4v09zl6A6396sOL6cXm+bZL4sJAuFv39//1bvfkFhhILlACC4ZuZhAzp315wwSQvzSnc/9awZRIWZyHK37fLmUon3HdpQ2LhjKFOV0XL5oZ33gRqcYI4YYM+KNBQACCFJOv1B2EAOUIYQ5xgAgQACEHAnKOaMUHIYwpZRhyikDADBCEMIY3LrOBVTGOsY5wQQDTAkKmSDKuBQx52X1dUEZwQQwBjMlIsRso7lMLsDJmOi9iz4qzLfbN5IjY5ZFa4wZwzSlhBEFSICMCUYxGoxxXW4VKwSh2qwxQCkeQKYQ13Z+nsYjRqEsOMYUodqn9MOHn8ui2B4ejMc2cZs1E6VQG6EOGFaX1+OeNmV1GKYzkSXkGCDnQh9CABkQVlOkLLA5U0lVUe65vKOQ6LD4OKUUY6KMlwhyM69lWYtqEyEJgGJCBaoUr263B+em0axC1CEJFOsIRMCISdy2cnhdnNXna3//KKRgWsdsAIAkAxezRxFlAAEkEGKEYA5AlMJ7jwkp22paxgxjgJlgOC5jzRvKWYaUq4YkYPUSZ1tUJUBhuylcCoQyJQttp2jj5QoCOA3z/HL5fjWnZZmDM2Uhbt6/xzBo7TGqQSYwjQSDBOEy60OZ3m7v3t1/NetuXq4vpy+EkMc3bwjDMDFVVNv9u83+K8mbeRp19ynhzjmgVwSgtGuUxhI0clhi4KPPztvgvRTCRNj1Qw6yYkiJza7+tq3eA6iNTou1qqo/v17nFd4ebrjYAUy8s6WUqyYEACVZNMOSgdV5GX3JaXDT62swdmGUWDMSBG8f3kY7ZJjWdcIIAziuZoZQAEcZwAhDB1OmAQILgAlx7rqTmZb3j7/9+uEvp6mfZ+LCMg9dtecwApDi9XxelmM/vAbkN7dbiPJluFICbrY3Lujnl6f/+l/9NwiVYTIU+WU8hRxCxi4Mk37FI4XQciFna1yKi0sQ0t3hXddd+6ErqMIZFUoSjF3Uc/9lu1Fc3ho3Y7zklHNiMYoQJeZbAKH2r/OyEpa5V68jvazSI4bFBlPjrSWEEcYlVIQFWatTb+Nr2BXsZn8wmlAiN/t3y9S/nNfPH8+Ht98mpHymTAhvJ2OH6wKOXbzdi/e3QrBtURyW5UefE4xw1SGsK0ETxiUIFBMAYgYJPL183O9iBHNGblx+XkwH4b4u3/joraGIppBzPw6MS8zq7CLCIYPZW0IkAlgEJ4yfTQiVgpfLJxDb9qFpN9Xp+vR6eckIOd/uqg0WFaExZRQCAIlAkPrj9/18eu1fdYoSQu2sT5ZTWhWldx1G0OfYz7ZqtgX5RaLNVovOeuKikFI25SHG/PL6wnDYbDbjNHqfhKBNOhyPp+QnKZjV6wxIyNAn0/c/Mg5t+PT88s8EXwvlJSOqbBKqtcYQEYRLXmxDTNWmSskNU4+0P2zEsFy7eaja+6I5OLPadR3GCxOH4CiVBwiDWbWUqSzh9epWPeH/8f/67xgt+mHwfi1UEWOMcWECKoF9sFIVStUxxWldZ7uO65RAIgBzwnJCxtocfC05JTQjGQPGiJk1ECwkU975ZTV9100mTdN6t6831aap3wNYemeiX6zX2tjTddYOaAtOZ3u5WoQ4wtx6ACHa1pIQgGDY1nUp65S9tsPn0+XHpx5A0hSykaIulaC0rnZKNRBLxERIVusBojzbNQC2+vR6OvfT4L110QqCGC8ZFSD7YZm72a6rdzYAmIWgOAOJyKFuswfTsmJKr6MeluCDRzkITmN0x8v1OutSMpAp403OyFptg16MWW0MwQ9DNy9zqWrJqtWs372cfzzOX9+295smxRziHPNSFYxzfjxO/Wym2axrnHRerF9M+HLWP78ugtFDwzjLGGEpihRo3dwBRGYTns59ijoY21ZvYgTjpF/Oq3YhxmDdihEuZXHphufreL5M/TwVZUEoxgSAZLWdrteOUowxHJbldB2lKKpikxIap/Oxe/n7D0+fr76SRYFzRUVBmkJtMIazmc+DSYgAEIf+SDDspunDl2vIFADaz/7Tq3066n7UUsJtBRtFOZPjOMSIyvrOGDcsy7Ufp0mnkBhM02wWh6+9QwRsahHCmqPWq2aMcUJ88vM8jPNoE77O0Hk8jHac9BLiPK5btfntu7+hUM76/NPxh+9eXs+zWbW3qwlxodSj5K2206oHnQDiVi/RzYUUBInXS3fq1qcj+tMHfzkPzjv0CwYLM4QIQAQhQBj90gXLMCGAcgQAJIoRQRgTjAjAnHLGMcXO65QixFCbWZuVIsKIABCVRaWE8iEgCBPMCMJClUwwKeNmk6WQVbUPEXx5ee1Hd3O4effw7rB5gyE3waQ8T2bJ2To3beoSYTpqJ6WkjEle3O13GIFJz8Y5iBgBgLBSyV2IjMsWYDqt/TCdIAkPh52kFUlEEEkgWqxHOLm1s16P46W7nA/bqq2KplYppVqRy3ChFLngMKG32+222lTFjtAGQGj9ClBMOZRl3TYHmOM4T23T7ts9x1JQkUKEGTf1ri7rru9XPfuYKJZS1v00PJ8/j+MlQcKZ1BZ//3mcxuHt/YaxQhUFpqFSaVqHP32vp54oXu6Kwsd46oZ59YVgTU21dcGnumHv3/EAlstFu6AoFtM0W7t4t4S4hmRTRPOavvl2SxiaVvTuvvnb3715er6criNjNGaaAPEguxxSAikxn8LqbYiZMs6wEgT4+BqirtVGyRYjpk3MMI7j8XT+EqHKiO3b+pvbv+TsZtJPn16/1wEixHyK03LmlAlacyqtD5MeMYqMsYSw4FKyNnrsXQQwJzity7BpdwyVktWQcu29cWvOGaHEOTx1g3WLcassailLTNT5fA3JIJAyQMF5hCiGDEB4Hl6u81U7U5Ulh/ym2daqMeusrQMIpgR9QiHB59Pncb4mDEc9LWE6Xr+clytG6bEqf3P3/n73bV3tEQnTfLZuIBzZbHXoJ9MxVXO2WbVLKKiNsNGudukny2jTFvdt89gU92V1qwRPUTtr1tUYl4/X8ssTiN7klLwNEAL0SzUDgJhiSvmXdEYECWSQQQ7e/5IEgzkjhGNKhDJMKMQIY0yZwASnBBSXlHEpC0oZggghmEEshDQ2YMyklJJLxvjf/LVvK7upNtEnbSPCJcw1I43kNUOUU1YVdYj58/NnQtm+3eScKYa1FN5BBAmGFCOojeG0UnJjTTDBU4pSTJQ2mIhu7OelRwAo0QjWQCRhjNbOEDmfAmMVhMC4NcewKXcPh6+EqMbr7CO+uXmkrNTeWGs4oTk67wwCWYpNoTYIQ59G40aptoV8MMbN9mXSXyjDjDWF2g79dB56gJKNPuYcMgAAUvyLtqHP0A3rbGzyERfFtqxvuNrAGD8+jz9/tDCjmOPjuy2AdFlCjhFB4GMI0acUAYSUCs4kQsg7CwHKKTHCEBWUkmBtVTcgI5TR/vYGARxsAogwyZWSCJGiqDgThPHtbqetDt575yAiSoRvvzn3y7Nz07Suzvt5XTHmTb079/3l0sVIuKhWO43ruV8tg/l3j+399kawuix5UeOiZPcPB8FLwWtES8GrQt2p4iZEexl+dPEZ5IARL8QWYzWMTq/LNF4RCBTDlEJI3gWXQSCMrMtCEa5l0cibRj0AiH0ahvU4r2OG+dwt7ea2LMuUfPArgYkLaaeBYvpwswUJTOPkfEw5V1VrPcgIFSVzdshh2u+Fj54JwZUgJKU8EDhb201rzygqONJmPV+GmIgomnG1r+fT+XzlfPt4/6tN+2iM+fz0gw1aNVXCXGtNackIBzBdu5cvl4uD2ZiUvbrZ/oub/df/8M//aEP6X/3r/57ijTH92L0gHAAlHoRr90EURikAcqSsDN5D6M/d2Qa33d8Yna2z27J82N8f9vebzcNq4sv1NWX0+O79bI7n64+U8OTFok8QEcKaee1//Py98dHa9HocZp3NGjdte9jUJcUMRs44gKTZHlZtYwyMskqyjVIPt4+yaC7nq6AoRPjz52tVlc1uXyiVop+XriioDeHn135X83e3fNscCvJYF3sPll53GMMM8bTqZVm01RBBn7J2/tKdtbcg20l3LmrnV22HYXo9NPd3+39Z8EKbp4zddZhyJjf379Z1Dcv5/mYvKcs+p0ynZdE+C1UXglMiHg43jaLTchmWazfrcY5SPXDWEoAxBjla47KUm5DTnz9+96ef/9QtY1HL7aYslWhUtW9uK9FYOy/2amN3unSU17e79ySjeRoFBwBJpW4wbAkuOaYUpKYpu3H44cefPr88YUwIldasCFoIvcv5OvaX8ctl/HTuP0XYwXwZ5pdKMQgSzCEjlFGBUMtIFWBJESCUYEYv5+d57SEBIZqfPv3ofDgc3t3uv0FZRu9RninBIDFEKmv1unR1gTG0XXe2YcX/5//x36KEc4baztpOjFKME8IOoShkAQEBGBFCX07d6+Uac2KYHuoDBOTUr7NJgtBWycPusFpoHSjUDkOVE8eIhwRfz0Ov43VyLrhNSTGimCgXvIkugkipsDFr63MMBWWVKq1PhNcmQG1DW5U3jSql3LabTblhnC76OszXP38afv4y4+w4ym/vD4rzTd3W5YFQqb2/DNd+6sZpsCFZH6+TjoCtNo7DMC0rV5KiFDPAGKeYjI/zmlyELnhECIak5NW2bKPNGLGEwLXvFwf61XfDkFKEAECIZu0/v56lIIwLLtU6dUN/jClpG6+jtT69XPt1Xh5u3ipaDuv8n348apu/vm0f9ltrjXFXRmHwfljtp5fh5TKlhHKiw+ym1fZTsIHGEAue3t3v95uNYCoHDzOq63Yc5+jTy7m/DOum2hKoQEjXYfn+0zVCNcyLs+vdbse5PPf902V+Pk0QEQzjOF4JwSDO0fvt9qatt9Y5bbP2QDKeQjBuXczy3dP4n/58PdT1rx4OJMBgoRC1UtU4XhDCp3H5+HTCjHICffBPp/EyxdU4F8Bg0E9P5npdYwiMgkPDkteMMAgZzJKSdjVpXJfPp2lZgiS8KRWA4vXiXORFWe43LUyQIUqw3Db7UnGrzTQv42S1Y4vnCfCno75OESCqMP36/uu2vstg+eHLn394OrvMKIXOrc4uhEJCIaWYQZIA8jm5nCACMGcXvHVpdfF4NZ+O/OUl6WVKMWJEMMYIZAAgQghDyAhlkKTkcw4pJJgzghlCRChmjDLJpRKlKjihnPFS1Cgh55zzBhNCmSSENHXNhcg5uuAgSKUUlPKUs1SIk57zRBGviso4F3N+c3t/s3vf1A8uxlkPGUzDcK4KctjWbrn6YJgoCMq79rDb3OKMGE4+umldVx02ZYmpGCfNeVsW7evry3U4TcuIIC6FIqwsZKvUtqy3WLB5XXLyXT9BiLfb/bapCOEFl87b6CeAaFFtMIQwuk292x0eKZEpB86TNd1qMoDcewAAIABJREFUeuDXQpRltU8hJhDWxTAid+09wVIwUZXlslip6nEcu36MGTGx80l5iEatg1u5ZCC5L6/dh6d4OlvF3duHDYo0ZY3BNFr7T380RuObbb2ty+tgzt1ivN/tikYm62zMQCm8rX1V4rHz84wwAdfz0cxrjg7AEHOwRlubyio9vq+fj74t1b/8/e3Nvvzuh2vwAWIuRAkR8TFwKgUtuVAJpARyWTQUl867kDpKSVHsAeIZkZBoCu7UnRbnCd9YH97s7u82vzMuv44/fnj5sV8zZgIT6vygzXq3/bZkd4xwl3ICDuPoos0ZElbGACmklDIAMyQghBQ91KtBFADg5rWbl44SLDnthylGq7W2PpWqGOf+fH6p65ZikTOyxk3TAiEIwE9rf51GhNBhs5VIbYoGAeQ8JLLwOYSUEmQxxnP3NCyvi510WJ5ePh37V0qgROC2bht1f3vzTQz+y/OPq+64YIRhH+du/rzo+f72/a5+K7iy/mrCFZHkjJG0fv/wF/f7X5XihmBBKAbRGaNT5nXzSLj8coo//wztuqaYEIIw5xQDBCCmDAHAhAKQY04IYURwChFkBAFIMWWEMkiEMcoFxpQymTMwdgUZSiEo5SnlsmxABozRmBLChFBufWw3Gy4FhsR7/Jvfgse7RACDABoTpHi8ufnbuv7aBYQxb6rtaoNOePFQyqauD5y3gnGrjeCb/eaeYHa5Hud13R3ewAxXH2Jy3vUhLohxRFi36GmaS6E29QFkFjLmDNaNogzGDJRqlaxztDmFtmyacidpoVdz6cbtZo8IHfqxrAoYnR5POWXJJKMll9yn4Tz+9OnlQ86SgNaGdVx/tq7jVOQIIMgBpEs/dsuKEAjBaDtHbyilSqllGYahm+Z5NmGxCGNJRUkJDn6i2X33w2meIKG5rgjBwkcevQM5x5RjzAQTznkGMIQAU+JcZJCiD4KrDElZFWaxVVFzqijm7WaXfJKlmpaVS7lpm1IpCIES8nw6E4oJE5u2Nm41iw1BH25/mswZIzaMq7U6ZcBYqa3/8PGnCOK2vRW8jjE6N6zj9a+++ubt/j3Cmwiith3n4P62XWcjxOHu8KsU+TxpwlqpNjaM3fSZUUBJK9guRpljUTT3/eU6DeddW9ZFseoVgkwYYwzHEJalF7S42bxT6sH5MKxfhuWLsSMVhFJIOClK4f3UX78ENxdFYW0WTBVqAyPMAF37HmC83d8aj24f3tUVzmlU3BK6NEWwpq9KDqFzrg/uAvHqYnc6/kwRuN3vpjV++OHLasD7b36zaPP9jz/nhKpq37RlP77O5soVWG1/vp6KsmaEeBMf7t9v2+1q5tN4xYRIttuo3331+F9fhvXv//zP929+8+bmV8tqPvz4DyHObx4fAgj9eMzwJMSCyMppjIBT2hCKjbUQRJh58kKSJjjc1I83h99W6t77lAlihGMmQ1j//Oe/Y5zU28d+vEDEq/Z20Z3PHiQIYMYouOAAREVRHvYHmnNbNQTTeV7XxWfAq7JpqoKCdHd3Qxl5eX0hHOcUuus5Avhwo4qaMAb64YWz0FT5ej0Wpbhp6bZuKX6s5d9s2r9YjL6OzzF7iOq2fRBCvL48G62b7S2iap6NVOp4+fjl9Ckk3zQFxLEfXgrJ7jbfNsVXkEbjjxEhVTabdt8PPQNmv9kRRCBEMVPCqoyQs6ZkbL853O8alH0/Xn58+uk623bzZrP5tpE7EC1FXnFECK+bXUr2PL189/Of1nX+6nFXS4iBV4zu2z2n0nut4yCrMBrtfWyL/aa8WdbEEaWs4bStqjtGi+QzBqmQ3AUYElKqebh9o1jDCWckxLj267Wfv2Q0jfrTP/zT//N6/fH927uykChH740qRc7Q25A9UqKR1c6by7ocJ30WLEBkxnmJmSxmmYd+29xsmjtJS4JQwUFOyXnCRB2imadzigsGEdMgFMH/u//j71MElIiQYgSJcgkh0s5mgBEpfIIYU5DwauHzcTA23O9uClkNk+nW6H3eN/KubaqqpawMMXPKo4/RJSX5MI6nyzAZb5y3bk1h2WwqBLM2jlBeN7cYS+sSAoQTebd7uNnUJcfeu34FJmAYUy1yW6u2PpRFu/r5dP340/Pxxy9pnlzB0n7Da0kFRQRhAGkA6TKfT/3549Pna9d7lzEmEAoMCca4UBXlMsQUnfchrN69nC9P3fx6XmIEhVSSy4qzlqtGbbb1PQJ4nAdj3XX23RQggDE4CBMAydiwGM+opLxIMY/jpesu52EcF78Y0I12nGNVNI0oUI4v4/LnZ40zUBRJTs+X1268+hifTtefn7t+trNOm3bPWGGsX/TkY2jqDUH40KrDtt5Uda2aFDzFAOdk7XI6njxg3QKMQwjm4/X06Tx1SzQ2BueVEEpwF8Lxej1edT8sY9cLpcZ5fjleKQGSi6beKlFngGcdrI05Rhd8N+hPz+trBwQmv72pfvv2fVvel7LlDDs9Swkv/Xm2OWSYfNjWCgN0uk6fn/vNZqPK5tT702VN1hMMUzRtgXZVEX0AiUmxbZp3EPHXy/DaOzN7jjGEeLTo6WjPo2GcU0Lqql3mBfyylFwI/WDPvT/23gV2viyXPjgXHw7Nr+8fG3WDMPjw+t3fffg0mGy09dZCkM06a6N/ufg5xYJKVXKXvfNpnhdEeVm3iwnPl/z5mc6DsXoFAJKcEQAIAQggxpgSSjGGOQEUU8oQZEJQTimmILkoi02hCsYYxpgTQbBAhIIUYwgAYsoFpYILXpalUIpzARL0MSqlJC/GpY/J1fWyrK+V5Ju6CGGmFDPMlNwJ3hAMxuVo9UUSoEgCMMUYZuttzFVTUIzNMq5rt0wn47SURaEq4Nxiw7Lo5DPGzIfw9Pqcc7g7HARElPK62h9u3qacT90RwEApnEZ7d/emKja7zZ1Srbaz9rNeB0R4qVoplOCyqrcIE22uxrx682LNOE8DycGuq1KlKviwTKfrEDyQXG3aDUE+xUVKeb1cGAFSSgRQ0ewBLFLiIblouv2hRDBdJ/d08qeT/fj88e4AN03lg3P+0s3zl2MWGN3uREzo86vu+yWD3DRsV0RCYTdGhOGmckz6RaePnycuYN9386RxThAljDFBcDEeQHN7l1wU3cX+7ld3X7/dHK/z51fNpWi2283uBhKeU5KcccIzQhmg3eamqTezHimGDzf3mFCXI0i4rdrgh8vUjwYvnoAQfvvuL7bV2xDscfjh5+efbaCFrAXBGMYYzb75qpFvKf6l0O5SNgDbkB1CDCTIWdmUm9VOIcyEgHk2MfoU1tVcpqUL0UpJg16Pr2eUfF00lIqnTx+HsRMMN2VVlRVIyRhrg7NO2+Rmq1cTGlWURPLM6qJVoiKUJRScH16eP2PEts0uQ/d0/HTqTsM0AIxqpXAGIPpKqsPurZK7YRzmuS/Kqi6FT3Z2l34+jeO43z7u1KOzs7anWb8Yv1AAN2p3aN692X9DqXi9/DxOn0IYuJCF2hXlLePk6az/y3+Z3GowggCAnBMCCGIEESaYpZxC8ggiRAgEIIaIEcSIZJABQoQSiCAEMDjrnYMQYESZkEIISti6WspZcJ5xATCPMbsQMZNt2xLCQQrWobtb+/hGE8Td6hlTbf3trv1LhluCAEir0X1C0MYwLmtVHG423zC69S5zUpRqJ2jhve6XiyiokuWs52keGUc5WRd6GyYTtAsBANQUTa1KZ80w9YzjspTWmxhDpXalvM0ZUBSV4ASRFNw4Dy+niyqE1cs4XqM3FMQYNYBQsoISadwwmdcvpz+/nJ4wKriovL92y+dx6aZxBiAO4/H13F+Gpd4eilL5MBtvfLYZRuuWRY9az6WSUhTep5yC1n1wszcrSPr2hnsIQiZC0LpSfW+ddc67nAHBFEKIEEop5ZQBAohQa21KkVBRVBtKSXc5E8zLps05+ejnacAUeB8QJFIUt/f33lkmeMbUel8olWLQ6xJDICjd3D1N5rLOjnGxqYpKVYxK4/yX1+vdzZuvHr/iREQAsl/f3d6+uflVXf2KiFb7KebBhK7ru3nynDSb9l1IouunsmwyALM5Yh4QTJvmLSPtpn2DkXIOUkJzytvtllI2a2udhZhs6lpI+fr0mZPmN1//61Ldv1y+ex3/EPMgRaIMrnYwdlxNF+PovAEIec+K8oYS7j1ihKzGXYbRxDCZ2G62y3L1vnP2XChDyGTdtWrEOA9FUYcInFn66bSuQwIRJnB/uDUmXS5LXe+Gy9WGCCGJwVPKETSfnn4wZlzWAUKPYaqbGsQYEjls7ygTQ/+0uJFRvq++fbP5ixDDHz78mVJ1e/MVdOl6+ThNT7/5zddckpfLizHddkcJN93wkjEIgdTVG5SlEEXyOVl5u/3N/d3flPVbzkoIoXcaQZ3SXEheVWKej5KjUsrD7htKymZ3F6Ltx8/X8cIY+fU37262JYRJqYKJmpGyLXYUc+sz4zIGRFnz9vErySAIUwZmNeO0LsM8zdPYNjXCnsH54XET3DLNr8t8/O2v3jze76MLddG09R0B2/vd/+Ju8y9MIM+nPzvT7fa3iktBCMRgGoemKlJCUjar1i5M3XwFKD/c3XKuJj3HNOZsJL0vxLc+h9VdhZCS1yBHkKNxMQOAMJJqw2Q1LfPl8lIpClNmKGIKxmVa3bpEqFj79uH3d+0NQwkDZ9cxQZBhYgQm5IyfKIxv7vYghmWaKKH7zWOp9piKfr4mOA9j3107BpkiTd3cl0I07Y5SpVSVrGcAHbYbmLLzUKmmbdoUQw5JMUJpWtZuidPsjpDpuobDcFwXva23m/puuI4QIkKy9trbNfogi1LWu9fnD8v8DLG35jwuA5NbUWy/PL1ACMuyCD5BiMuibpRcFkdJUzTb1Yyn85cQlrqUQlGAAfnh5+ddXe3bhkAoiaCYQZrtkk1wxq8UY0FLEEEOZNUs+9S1MSf9fBmeTvOuLB9vtttNo4QyCXq3XC6m79eUQOPkNI6MoD0vVmMyZoi4YfIprRCa2ZmU4ba5KYt7RhsCQV1sor3Oy3zIMWT7p0/L8dnGNce4IggBxl3ffTkP33/y1wsppdo2iKIMok4RrTpBxp2LNtgIcEaFlLyuFUFIr75pxL7dhODnaXDWSlU3dXPqTh+ejy997M5rJVWzKxTjN6W6394dmgdGxeqPFAqCwbJc5sEWEiu5IQDFgAnCbUVPF7OaaynGaAyj7OXaL8vqs7r2DiORSrnMQS+XP3446Slxkp+Ow9iPOdpakdXBZc794CUrH28YhDRjob2f9UwB1s4LQnIGfT/WJZUMYpidM5FRa2eIgCQwhvinj5cfv/TBhWG0CPBSyHHU4xx+fB4y6MZ5Mi5RCDJl3Xnu55lJ9HRyBPsEzuO0IIC8TesSnqYpJGh0ApDVqlQMN0ohQAQXARqjZ06z8y4njCApuKhLVYiN0ZNiUjEpmaKEeasZZEKSeekgQ9pFH8K2bjEQKUWzdhhBwoqUZFVRwYH1dlrS7EA/O3iaMUUeEBxt8iMj3a6tCaGn4zwvQeuQCXYWCMrbpvgX3/7utr5N0X06f/77H14+vhgMU/QRQgeiRSD6FEIec0Kxjm+3d4eyQQj+aXkKvDYOvZ7P4xinDg+X2axLSAEBGHLCIKWMEaUIAgAzAADAnFMCOUMMMkwZZYhxBolSxAkDKEOCIEUJZOsnAIIqCp6l9YES2pQ1ozSlwDBtqsIDgyFgFBEMjc7WMtKA8/CFc53SGoIBEK56bKqFsSQ41EOuq7IQ++tspun05eUoSnpzAy7jKTtv1gW5CWJaNG3N2el5vk6TddmVyAa0am88/Ob+/uFwJ6Czwa/TaRzbDHx3eaYcSIIONzsAWNvelAKlaCAkaY7P5xdkqof7d1V1212vs5m86/ru5xDmWqm2eotgsUxn72bnRooLIauYj8M0jlOvFE/uavQ1QWJN3OweYQ4xjDGuZXEPgVLyzU64iHVTqcHgnz6/rn04d+Cff/r0q6/fNXU96yqeT1LBu31RiPjxy+V0sUZbKtSqJ/WgCIN/dsP1nP3XJUIk5VWbtax2+011fb5iyhFAGCGuihJASsL1/AQYQez2w8cf//p37/+7//Wvv/u0DFPAjJSHrdpuPv/8ozZLQbOiNPlovUsogojmtZiWRsoYfMfLUol6Ycw5cDwbE/X7W3Gzfat4GcKzdR1jjDLFKIA5KiIyAuPybOu5ZFUpy3FWDBcxa5QWbc7eLhznpiY+LNbNxq8ZsqY5eGeXfrp016bZjSZMxmGq2lIBiAMRhIXonSBScZrDos1io5+MjSm4foIQKN40kmGfC9E06qAKPi2n1fbW9hkE7zxEdLe9Iz/9mIOva3mzu8EQG23nBefoMPGzGSDh7979nmAf3LEfzrM/L27AFFs7r2YGACSvMVj7cahFJcoMnHX+urh1WD+EcNmUNCw8g01VPaTks0+cCy+4dyblDABEhAKQQ/IEYwQIRRDmHEOIKVBGYEYpJQhwSglhBnIGGSKIESVCcIwYoVyVkkLiPQAJMc5zRoUqlmWOKUrMcow555wipuza4XkKUBnnHUJQUskQDt7r5ZTylLF/OZ8G7cpigzDAUCh2gyInaCUQxOSD1xgFTPM4f4aJ5oxTgBAzmHE/vwyrgbjgvOKiPF1P3XBJWJZg6xPTNjgfAaCC3m+UcgwZdxmnL5K3SiFVkpfjT0oWhAJOoXFT8Isg2MYVuN75cbLPqkD77Rbj2M8/az28Ds8xQT3Oyf942O+q5k5f+1P3BeMqeG98tsEX8qWQdLq+EABvD48+Q1V0x8uTdwYBMPU9pfjf/Ff7uzv8H//x8vl5WbQUQqwzCjlBhIJLECGEsLUGQgwSgQCkFHKK8zoV7X6ZNcEAc3QdL0pInJmsmnkZMcFtq9ZpmqY5BX+5zKLarNro1UIYlCooRNZ4xlsEZgZlXbRCsuizKppxskpGCItr3xU0EV607a1kMCNBGcc5LjbO6xzyvEyzIE0GyKxa8EZKlUHW9jItz0RqFK7j6qOOMBDKWoZTkjDj7eSAR9o4bcxa57iti4LWt7tHzndtvQOArOFlsR8YlzZKq9m1H67jEjMsZCH5gcANjjiGOSU3TGMUHJDCeDqsA+QwpufgF8U8IfrSvbZb4qOzE0J5r8Q9RUAwjkd8Ob+mmDeFeHo+Ylq9/+rr1Zih782sEakO2xtZbL3tplWzXbFvNnruKMataJ6enuu6zNGtkwXRFwRUfHdTvadx/sP3/7Rq+/7hGxooBrmuZQp18PZ47Od+oIzjmClvluWHdT01dWnNXLFDJQ4kHihtVHHXtIcvxx+eX/7x40tXSEJhhDBVahPSMeVU15X3FmO8aR98Dt34yhkO3lhtlXhfblpEqlF7AFtjQIaCCLkpqmW8UhK37c37x29PJwjt8buffjCAas8nC5GH7qWXCm0VBHFB2DYNI6i0Zrzff32/r1S5X5dlXT5q9/M0v2G4vNl+45z3ul/8Wpdl2dSfv/xc1tRaf70sgjcIguPligAAMTjn5nnAgDxd/mNw6HH/v78t/12/zoP+MwRHSrnLcDEuhvP14jftXG/vhWBlWZrgh8loM90d7qrm7dbpi34SvGKIV7IGBE9rDsx0w2W9fCkUjyFuK1VwUCu2bbfnUydltWrvahwyXlz48fOH1V4xhBhBgsHd7UNYaTcP2RkCM/MBYVk3j0YPox8wSBEul+tzXUDBCcUMMIWxdcZeX8/vHw6//8t/9fo0YLBBeYeQyXhOsBcyO3ddTX/LrawAgC6DkLIlJCvBfFinsQ8hy7Kywb12n43zjHxTUs5Z1dR7yMkxmxRtQLmbluVVp+zI03HUNjkLITSEMR86AheIsffRxL6QxbbgMOfos3dkHv3H5+ncz+dhOZ6GbSkRggArgOX1+nSazt0Yut531+GwrbaKHjZV1TbDNBrnmpYbsxw/faKMVs3OBGgTrOQBI67nzmkvaSRYSJpua3rk6z/8tHQXECFC5MUE70O4DvDjC8KZ3u1VJT2nSFDpbcCS5mSdW71bQki1lPuaVIWMLuhlEIjvipt1mhKOm83tm5uHslTWRILOw2SNw01VZsCijcFGCCXG1bhMx8v5Og3X3p3OehyXYMiurJxNCEAmFALudOm+//Gy26ibti0l0UvOAc2rWVYYYijYJAnox/kP3588YHVJFhNfnaUIHLaV9jaaJGgFAajqjXHpMltCGBUqwThOc1Ly9RonEyMInQKVzNu6cTka7wrFoCOEaG38UzcYHTlTDEXMSIhonK2N87QMCMBKFQWjSogY8dGcMcMpsPPVX8bjrq33Za2Nvk7geEVjPxEIdlsSWYQIvV4XSJ45OZt1wgQxjq/jBSESYxIESyzmJeYEq7JpW7jotDjtbEohogwhwNYGSEqXsY4RZA2MufTTuPofX2Zj093jrqDg9XxadaKoOOzLlM21C+t4pgTO0zovui4XxrhiVAnqjR1N55CoavEXj3d3zVtBi2P3/d/96cePr96tiBG02uBWLRjEFFCGFS+W1T/74X5/t2vuKrVdxumPn4fXbuUEBIePL3C8LDBnlMEvfaKcIwQYQQwgDCkSijAkIAEBScwJE4oQBjBCjGNyGURGRFGUjAof4hoiRkBwkXJGJOy2ze2hBRTlDDBCnFYJhXEYEgi3tzcMRUmgC58+nL5kuOaUtINvdm8oxgDmQvKH2wOwR6O1IPzudtev4XBDqqq5nk6oLXL0GaDN5sYHUMkSc9hhCDKkFAOUXk6ffKRCqFIVUrUVs5fhKAoyzpeYvM/BrCFSEEGIKSTsn1+7qsR1BSA1qgiAxnm+hihCSpTlZbpehicAwX5zo+SBs0IxdkYftRshZ1VVHvZbmMBm0ySnUfKco8sw3dy+zZCXRemdW91cKlIXbwCMHfMfn/+kisCQZsS0G1qhhhHKCeKIRaEwxm9uyV+9fbwO4O//eOzGi4DYWt+NkfJ2uyPoHz90k8lJFYTdbGXb2K43iIiiru2yZsgiJiGTd+/V3/4LFsm5X07DROyvm27sb282f/u3b/8f/+8vLgLCaFkryr55/fTJGxtzxARC6BAKCeNpDZcplCJizHgjtdanS//x8+X1vIhaHLZ7xWtBuGVO8PBwt10NwggIppah9zC/9p+q4oc3zbeCFiVv1vVcsBtPzbl/mfWXsoCv0zyZTrt+XnRRPhblPcpw1lqYtd5uMmABxGqz3zVtiHBy8M19i3EGfgo+ZmCXpbsM3XO3GmMRpr/++t3b2zuVQtBu0z5IWc/Ly3X80OmffYp1s+G0BpkwCveHjZSxknJXqLa6sdaNWg36/OPHP1a12Tdf75pDTvNFf/Jx0PpYME8Fp3my+pQzFVgagKPXBuJ+vsTMnq8fbPRI0gD8p9MTiInxmzWM2uV+cN464y2lBGPq7eq8zTEhADLIOcUcQ0oJIkgwhjDHHGPMlBDOOIQ4hhBzRIQQzGBmQtZcKClYClEqwhgTQkTvl3nJObVtKXhTFdXleklhYQx3V9iPdlmWbd2qugjJWjMm4Ly/WH96uVxeurG3Yb9Lu8P9uFzbcitFZdZ1tV0EOqE5E7saLaniuFBCMkRsxjmz1fjj5VyoLHabFEF3nbX1u9v7Su3mdXg9DRD6bR1RUpt6b4P56ekjYwkwtU4zhLbZ3EgmQQ4EuQRTDK4bX5SqvUPj+Hy8/rTdNW1depfW6TgtE8cCQFTuSo7Zza4dlulyfX46f8z5AWKmA17tFC8WA1+x/O7wZts8+BC1WwhOAWeMs6RQFVIwcbMv/of/bfHHH/svn1n6LNdZD+MIIUQIEoxjSjkDQjkhDAMMMorJx2yNW/Qy5mB89vNklFQZQIgxRMSuRkhabOvX19e6UsY4qqJSMsQMM/LB+2hBJpJvCZ9xkiATTmsuWF3vEDT3t5QxOQydI7bZvUWU/Pz8IybHprzWTWvT6JKbZlOrtmR1TtE4DRNWBWsb5kK49pfnyyeBV4wwJ4RBltZzRqLXIULJYVrcFCNoiloo5T3Kgb5//D0iNURo0p9dfl7CgI3XbjQe6NWfBr2ukaTLN+823371tST4p4//vOqTdmv57uuqvNtsd8OyEMR//unTV+/vrJ1XPRtrE00pOpjnr978vqbvVF1ORsRozYq1cdoAp6BfdMwhJt22nPOWsFuKaMLF+dkU7HB/eFuyjEO+Oeze3L1/+viJEeLtNEwDyEGysiwfkvffffxPf376cnO435dEyeawq07d0s/x/J//2LQlE1KKGkF7Oj5drgZTCNFE8muWsqAPUlSUAR9ff/z0D3/+9MOXl+8B8QWDNGtKUFu2bbtvmgeMqfVhXrVgbYgdBqYq8O9//9t/+Pt/+PjxS11UhDIc0OHuVsgtRvTcH7miKWOFEQZELzMCKeXACpkzvc6a4LLvxk1FIPDNRs3zJcDAJZ1G98c/PzHy693Nb4bhejweL/21W+KvvtI5CYKAqHcvL3+Ysptds1h3mueA4eX6Ms/521//DYIsxDAsH8bpaNdluL6W4gazcJz+cyFvHw///a/e/vvvv1jjnqyZx1lvdruxO16PT3rRKdOQLIx5XpbN9p4hvGp0++bNrEeCzzlnxsocszEWQlqW9Wi7eZ0/PX+u2gNFXtZFDDaFXFVbxRVAaFnnyToXYoywbfaPt+9b9bamO5BTAGBaHOelFIUkDPOqbnYxIYxsiGMGsaoryRXhwlkNEStF89yTU9d5u7y7//XXX/1+q1pCqmWBgHoAXzM9Q5gJA5CGS/9pf9eAwFLyDAcfwjDMHuC//Muvp3Fa5jPCTDGZgF1dDimGbPVwnqZTyAZBdhmmy6WHxJPVRBdNN1ydWyHh3i4Y6btD2ygCKOasyIk7743PjCpC/DCmfvKrTQAohBlilShvzsP4er2+jMvLNfWdPj2/rmahD+3NQSUITPCn/hQjbWtl9XS6hBtUrU4v4birADDz9fpijOMkb9vm/u7r4+XN/gXWAAAgAElEQVR8t9Xng/18jv/5zx5R+6s4xZCPZ7xqfF+TQmJGU6mUsYYTwjm1dvZu9s4Y6yTNdcFKKaHkKRWUSK9xDpIhTwAFAEeXSMYVE5UEQz/4kI2No12MdxF+Ga1fzPLTl59fz7O3IAO0aqcX0xbtzILgdLOT3VVbg8/X5H0mGM7jnKIoi92k53kZV2tiCqszq86rRQj5nCghxer94owUyIbgjaaINmXRTyPlMqXgY6iqzTievDMIUYvS6lKM86ZwmwpgwrmD534yBiCytR4Gl3CmKAG7WFLwy3VIKcUlDPOac2aEe4butodxXS69QVgIIhmtF+NsMOualhoIKeYVD1dHMBcsGxdYAISKf/40/nwyAGTJICI4hAhhQtne7rc3bW1tvHTjdlNVVYVf9dNxDsB1vV7WVVDucoaAdjrsA4nTACMbhjiN4dPzYjx6uKmXeZJNsaz2cu61w7vbfUpoXRcDcqJiHvGHn8aYpse39//V3zwKkn4+zy+DRmT56v7NbbONNo3u/IcPP3x4Nm4FkpYQJU7FZE2KgKVct5VQ0jivndc+VvVesoZRFPEf/uHP5xTDsuRgCE4ZgoQAAhAmABMAFCNGCMSYUKwYAyE6tyKEMcCEMEIIZ6wqq0LJsiiKsqqaihCWAahDA0GGEIAMOWdFWVZNCRFBiOQcYs5t3QrBk8+EI0GzFOPssXH+08urFEVTbgvB2kJa3b8u627PNyXt05KiDg7f3R6ULI0zhdp15xcA4t39t4zy281e8njuPt7s+GznZrPfbm6Px/Gnz2cE0Wb7yIRczLWbjs7pu3v1+vJ87fr9zb336/H6FDHsJozR8vn42hb57fsHVabZDNr2Ach5PGLuZ3NKIDbFA6F3q2E5mRT89XzygLgAdOZloWqlbretZHIejPH2cLghVBFeSMWNO51PLzfba1M8Gr8e+y+n/hOcp2mZEJzKqpGSbZSLYbaQcMqbsqg5P2y5jcB7yCEi2ffrZNPy5VL+5WbTNLlfHQCBY7qr233rz69DBvHhXbXbNcHYD59Ws4SmBbs9EcVN1eMf//zy/U/88UGJrP72L3b/4b+8zmNcpqFtyeOdknA39utrt8SQnJ6600vTFBmS47UrKbrZ1j7C4fX1y9PL08sVsmZbtTfbNzAXEEDJoaCw03NV7VPwXbc6k1azvr6erCfFb8sb9u52+4BhcDA5sH7344cfP3+3bxXhy8vwhWFSbh5KfsNxjZHYto+sJNM62eDrsiyLUio+z66oWgJD9GtRtz6Y4H1Vlk10L8McYthv2m1dtXJDgwcMIFyNs72uzx9e/j6C6c3dt6W8z7A5j5/95UrZAtMpWoIrTCGrNrXP+LVfvhw/ycmATAqCGLba9DitHJqSA85AwTzFa/JqU26FfOujmxYToPFo/Hh+/eP3X0TZfPPuTSmkd53xlwjTpXP93DLOGKEx+BgiggAh4INLGWbnYs4IYYRQyjlniBBMKWKEICGUUoypDpFgQiljTDImGGPLPEZPparrpozRLesMEN3tD7CHOUcmJVcVHueUtDHr6WpCQkpRH1MMESSPwIiww2g1ZmKSt2h7+fT89PpUlQW9KQFoKikjSP18MelK+ByhfT097+pDe/tYF+98CMANyxpiRghQyWldFiXmX7/7NgQLiFSyGpfFhohI9CGHRAqkpgC99+N0HMbxbv/Ii2bb3oYAutOJSYQpZ7hO2sawQAhX33fz1Ufz9uHXVDQOZM42Qm2cTQzLw/ZeSfTPP/y91hbSNM4zkXJ1wARzOl8x8L9/f8OoLHlrsQExYYLnUScQDruWs6LdvxUNNqb7Hf5SS/v55yV7iAFKOUOAIAAZZMqoFEWKKaUEIpCsIIwlCHx0OdoMclGI4FwIabPbV2VxGueXp6f33wjCKWWsKBQlWEnBBQ/er2aBwFoD+iF//XWJIltno6delJWZ+l19nxOchq4pxbbdueydG2ZzTRQEvFgy9MPxdPrUFvJms3eWcKoy8MZcczLO+aKpypF72PSXRQlW1W3U0QYUQUAkOdONYcWAburd/rCv5H1FbhgtYTKr9afu59H84NI8rXYa121T+YS9D1XV5JQlKtvyQRJBsIHYvp6+N9799jePAM2ljNtGsrJ92G8ICuuiy7rJ+PZy+dxWda1uKvamlW+tH5ZBBwuV2CKYY8zG5lGPlAaMQnD2/uYrVbxdOo14E5pQ1o+bqjDz9eGuvdntulO/jPrtY8EotXb1IZbFreCbYf7yofvoEXizEzWPuw2Yh4/ff/+nZbVNU2ofAYoQqxTBOIEQCsxJNxivfx7JyMkXSrA1w+fjx59P10halDkEyIN5IxNVeRwvVcM/fvnHsr6DfpO2EkCxjKdlesp4ubn7ZtucVzPnEARTbftws7ud12BtCJGHLGUhFBfrOF5Or4t+dTnf3N5+Oo31pu7H+Phuv28QSJcM3aQHzDEAqRvmGKuXzqiGzLNetcWM9Ovnv/un/5uk7WFzV0lU8mp23awXHXFE7E8ffj4+Px/aNzn4h/u/DtH++ceL9UNZi3atcoggIRenL93/p6nvm+p/+es3/4cv5//7SM4uUePSuZ/HJTZ1ruvGLJcB+M3h8NU3v9erPz4/OeM4ryjAEnGcWT+OQ3fatIorfLOtm4o8v7LVwU11JwS31i8r2m0f66KJDjivU0jbeufMGxNGCNlswnB9FvK6jEeE6fvH95KrqT8Z3S8TlxxQ1MV8xdhH7I1LkglZ1pPunNUU0ara+BBiLiAsT5clpLUqdwgjaxLGNPGQgR7GS6QQ6KWU+Ha/93NPS85w+PT0GSkMoXe2B4CgzT2hMAOcEY1hWZZXZ4dNU6lSLtOcgFIVJQhhSrmzadH50l1DCozkebXv7lDZwF8wwQCRIOWbvWhlenk9QiRh5BQ5lLgzwM4uOGcD/HwN55MvCN1vWsEyRqkbug+vl+OlW+1c//qhFMX99s2uIYjsXs+Xyfd3B0+ifzlep3l52/Jd3db1wUVZXOZv3+MpDNdO/+N3Zl6QJPl4jNllDAJBuCyr1ToseCtK69BslozIZXDjtJZbAQKgUG2ae4aiMdraGAO6dHayx4+nl4ozmFOMMkWXI+j7CSagre6m9TLG5jyv1n0+dsOoGy4EEwAq4+zTq6EsIGqvGhnjz733QXR9su6sWCIQ1w4aj7Tx2scwWOM8yMxbyznyzqOEQM4QQBeSc8EZn3KaDRICTa+vGeBMmPcWZAgz8s6KgueUuy4YHW2mmPvo9Y8vV+spBnRcg7XR+8ApMMGNc49FYVddKsGZdE5H741zq/VN03bTi3cRA4Igds6sxiIohzXP67oYIzmpFFvN6hPuF0dINIv//NS3263kKEa/aht8eHtbGh0rUWAYfvoyCllXpYwRdYON0XX9lAFyKGrvECCrA0+ny2HLUpBfXuPl6PQaY469yN+8qbVzr5fh6eXCmGgannPWwwoBDByBiBBkrGD3N01d0GnW5ylOJv7mXfmbt28L2Vo//unTd99/PtslCUTbTdv1V4zSpr0165hyDp5gWNzu1DhcxnWe7CD4vikffv3YnUdzPunXZTE2EZSidxiLjDDIAEBIMGWUZQALWVSyTDFMY3JOU0QQgpSSumq27Z4xutts6rbmnDEpU4YQsJzSsi7Om6ralEWVUqCEwIRiTCEFIcqYovYWpNQ2ZS0PDbzfbtC5u2ijRXIhuQTsl+eXz5//tNuJfY25pFQgjAD00VPfVqWeR6NngNGyzg/v7qqyjPYMoTO2F8y3Fdk1dJ0AJ0FwRkma5ovXV0wyZ2G4fjZuqWqVUhSU5OSvfX97UxHkhrXXfsbKCYiLYq8KZeN6nZ+WQXtnS3Hb1r91rtFhdrY/n75Yn7FiP3x82dw+9Ofj7pvHUmDBiV5QdnFaxr26KYoC5BxBHNfLl+N3EaKEwGovROicZiXN40Ne7FRWot2wYe0IAgXhbfnQyoM3Zl76cVxQjsFbb+d+nb77id7fwjePFRJYqpiBwxA2JWWIhRz/+m92f/0XFOX4//1P49//wzrMbnUbUQECnWT+D398+lf/8nG/AQ83+F/9ZfH/+g+v64zWPu8e2rc3YiyJzvnpte/HyS/dtN0+Pj54HxndFkXjY9B6cdZ8+/V7A4jioBC182Alw+ov/XI5Xo4QjgQKRmoiSj0E59znL9/99Vd/VRa/zZ7kaj+F+am/5ETu9l9BgL778E8u2fvDg5LVVu454ZKXOe5cf0p2GYYxyZJzfp21d9AFIGiUNGOClaqtYSGmuz3KEB1P55tDWxLayLakeLFRm7ya10/d9y/rtS6oC7Ftt9r4n1/+qRs+L3bal7mgtJtHCE/UttPiFtu7tNr12Mx/hum6qbYxuJQixTTnXBQlIihmUNXb7Avq0uNN+vHlU4BgTX5z+4Y8T0+v1zc3d3f1zhjoMnTaW2NhAslq7wzBFGIQfQzO55gByAlAhCBGCGCSvM8gYYAJIgAggqh3MaIcUvTGFgqXdQEABBBLoSTnBNMEcdsc+twhjIUUdBFKcSXLaRq0GQWHhHDKCEIT+P+z9J/LtiVZdibm2n3ptbY8Zx9xRdwQGZlZVaguoKtBA2k0axLP2W/RNBhpBloLoJsoZGVWZmSIK4/aei+9XDt/BF5g/p5jzjHGx7R2dlI2jzyA4zRehuF4aXYsW7x7+1pkxb/8+PP+9LJIr2bpqxBQcCNAk/NNN1wOx3acoED+BNu7v7l2VjUvZ6mU8hjTlCCOISyyXEsyTVBbZLUXIptXK63rIssowVKqoW3bYZisLxm61Odqedf3rZTe/Zq+9Q4TViyK5rQr5pBy6Lw30lIoYjGXADCeeEgYBSAQaUgIxPvk777+uxAuo28v02U0rhuVsWqxSn0wkDCIIUUAATXJZpBuUoAT9d3123n1Vjk2DEcheJY0//zPX3aPKBLRpCSEEKJfSWvIBmOsHCeptaMit9oGDzhjUo7AhjxPVddHeR5z4jSYlSUJ8HI4Q5KoSWdZnhVzykgIboQwhDBMY913Xx6a9UZlTHjvjJYuxE71AQ9xnBIIzNgzzCIcXeRJRKL3U2dkV58vpyY4FPG4H8ZZ9QoHrHTrkR/keXseRJR4OxXlnWpglc0LkaMI+wCaYWTeD7idpNJmsqolKEQkK7I1JUy2W63bTu6a8QUimxfV5di8bFvKiyIrCE7y5eK6ul/kS2i6vn0sM/v9t5tz2yl7Ub3upj6KCUI2IkgwFpEZIHZfd8ZyylJOZllyFwJ93j69//Shs01alJSmKuin3SFKIzNqa8aMpTikERK85EhUwdqmH83k0ijBfrqct1r2m+uCoMlpS4gCAVCaS918OD08SnudxkWCImbVuP388PnDwycAiMiT4D2DXhnHEaZksZpBiLrt/sn6vYz2CIlR+aenbnSiGyCPLPag7/uIqmyT5PF8UtPD87SYx/WlnrH7XLwyVg7Doe6bc9OxhPzb//7fvxw+XU77YN28XKRROk3Tbvuh7kflZrOyIjQqc1ifDsfD7jS0y+t1luYBGKnlbBZlkc6jYppOccIdgpP0RZZTPKOI9l0zyYmlWdfCSZth2M3iZlUw7OcRzj2RmJK+NZfWVXPsAN2fd7frx2F4M8/enPNXl/Yv1TIDaz8NLYaeCdaa/S8v/5/vyHUuXuniXw/q/x1xM46KMZSWWZ7PGMlYrHWeiSRbzdZbV49yqLsaEiJo4ozXRhGEpR4ITbkg7SA9hGW1Dg1I42trDSOmLNdxPEuTEsYQWw2BnHTIk2T/5fl0/oWiY8LLTLig2sVihVCfZeXxqLanL6fxYb0qcXRotj+e6ybYpCxfg8A8JITEUrcIY6NAnMyV572CCDBjh+bpw6JcZEnlg0iok+ZF22l/eARWa8sphYuMG91hYje3xaiGUcnRqYgAgm3MIIEcAoxhC4EUDJQ8i5IYaAkgqWYxieOM86S1A2GcsSC7xpsAYPj4Mi01ToWLWTeOltNIJCCh4XxpL3XvAyQe953en3tgHzBDT0f56aF30kVllqXFLGOMwnaQh17vLuMsT6v8qkivoVPWYk+yttMfnh/GiXrrTqfx27vVq+t5HJV9M0plk6zqjRdiwkA2Z/Onrk4EUaOG0MQ8KrNZLHKlRgxRP3jtTa+kcuDL80CxYfOEgDihi1n+GoNxqx5Ol2bSqBnpoSEP+0dOSJbFEIRhAtqGaZq0BgE4wYgLarD1pF0zKWlN8DB1TGqkDHk+9ZyBgOGh9QgjJd2krJZymMiyij3y593ReySNU0q5gK2T1g4BOEAIkA5hhZwLECglMeXKQqVMO3pBIcLOBg+d8gBABKXSmABII++g0r5vYKuDtDBY9OMX7XwoYwuAR4QYL7XxkGApDZQSAOgACghDhKQ2ZhiF4CKL0yRiLBon0A1GG2gcqusRBF4kVA8jQcgF7KCoOwUxoAgyAOMopYgKRqZpDCF0k9uexnmZBkyVlXU38KjNBFTS9JO11kNMEKZaB4iF0vbSmllBlB3UNAySNp0nPnjvAUibTroQmglOykUc9P1ktdcGTcogOQYPMItf3y2/fr0ZlfmwGzRPb5flP/79t682X6GAH/fvP293ACBmRxIx530SC9vWq3k6cA0hyAVdlokxGlpLMT6cPiLPIpbMk9k8+Xw5I8oKZ1pnDfAhIAshRQhDgBCGEATGWcw5JcghijhxxgdvBEwiEcVJHCVCcJ6X+XIx50JY542xPjCpJue9lNr7blIeYcWYCBZoJwECnHsIPGXMOek9zLNlnLyRnvvgt4fJmLHvTlU2/+43d2kqB3lSXgIfUEAcY6uHWQSSGE40aRv2dDhU8zmAvXV40t2l7RxEAcHTactQICiUmcCEWwcRo+fzOc1JVabH81C3NRBVETPIgg0gjrJltREMguCa/oN1JC2LgOL5rGwGOZr++disi/XV4qs0vh36pu4eD6entlPLedmNyiP//Ph+lieCeStbEkcUe6kGEHB7OeRRDgWxwKFIH9v3LKPORoSReVSqqUkTONrpOsqRdyKiHrHB6DDhMn1VJldNeLl022M3jVImMGQiA0ZZB3UANzfZ5jbPuQ3Ae+gJlT70acavF+xqXcYcGht/+vDkVPTxi394vCxmaZKxtg1fnndvb6uqSP4f/5ebdgK7fUAwYOjLMvr+m+rqpvvxl+bp6eXw/AVHLI7wq+t8URU8iucFc66Zz2ZJsJ3prZIAUhPsZdy/1H99OT/uTgeM4ipZ8CKWSkUiu7+5D07tj582sxfixKj18bId5VAkV29u3tzeiD/93B7PTyyGUSxYXFkbPPDz2bqx+3D+6F2LEMXEN1MPgTh1x3VOBMHShCRPk3ymHLYju15GFRdxnMV8VuTrPIrV8TQ1Xy7q03P/cpRgUiYWsuj3Wrbt9Pn58AlHfEkS5SYX+pdLHcczxkvO9bu365fdWeqn2jXBjzETlOQB+YDUoCaoa+STWfG6mt/8/LGeFB5NOBy2gvVZPHt3ff3N7asyTgQp5lfr0ahRtYiYP//kpbSEEAgQhNBDCDHlmDtnddAOeBjgr4ng4II1FmMUArDeU0StNQAEEcWEc++DNppgykTCYq4mjYwaehCcDwg7CwjGRk4SUymHEDwjUQiEMlKUy3IBzodhVCBg3A5N2z1Pphnk+Hz5QJM0T6IkoqkQ6+p6ni6NkdJNAV5Gffrw8KIsuVncAUWG0X9+/Eip76dGeU9YwgXpeo1xPR3O1az0AfXSWCyVM3GUUqIxksYcrcLG9MHD43m61GZZFbX60tc2y+ZFmnnlKcdOT4SgAPU0nQCAaVRW8YyRmbdJzBlmUNpz3e+aaYQ4IkG4Cb65/33Ex6eXP54//dl6nybpoko3izhBhEf03O2jGDAmI+aCl/1oVAwIBhhTpx2hjIc5SNRvv8u+fFRt5yelAII++BAQhFDJwTvrvUckaCW5iPK87C9m9DXBpMqr52aMeMxohDkBAWOCnLbLRdGeagTCNLr5quKcWWXKvCDQeoe813EEkyTx2vhgpVGERs5MFBDEEgL5ZDAPZL64j1bl//Zf/lcb5HxxBQPihHfNkMWVC0qOXcDABnu4PHZKV+R6kS2zZBPdzazRMIj18uZ8Pgk26X7iiNDIatwBp/TYKtwMsEGQ6Ok4qf2gDz70ahr7psNYaEAASrVJMVzOF28Xs1vkVd88Y6pvb199/DLQ2D3sj13/QmB0s76DQayKpG9qFPzzy9P7p+csZ9YoN6/WMwyCBd4jgDlLu2aK04gnFcJ0f9pa00eYXBXrMr/iFF6anepPWZIECBHQBA3QnKa+bbpLN3XLOXp8POvAqnwVlXcPzx/+/LAdNZ5tcuN82zddfzid6vtXr2fVbJDTpX7BqJxXOABYpjdlsZDy82n/xTilRyQNqFvUtbQosmqJ02r1+OUFeIoxa5qAkPWInbvBAXBdLVfz1zAA4A56rCN+w0T3+eVSFCWis4BGyqzg4rDdHs+2b/q8zPv6bKd+/4RuVrdMrJNMvZwGBjMeUdmeibNq0IYihJEncL2utPf1uReJiHhFgJuGoxDg3GsTUDsZp+3ibna9WiI3k1q8HJ5bfzkr3E0QifnN25m6HKQ+yv5zWX6zWdxbsw1OBtNC5EgcIUBVrw/d5+T8v7yezwT6Lo+Op/P/zCku0mg1u3r96ndJdr378gIATJOk7+u+3znfGUOtgnm+TllMMfC+m5UouM6MOFhTNxcoCm2i+83faqUeX36OI1IUqZIaes8wjrmYJuXtiKBL0zKPVvP5HYPDy6eLdPrluNPWT75rppf+/CDyjVLHY/15f9B5/KYCJE4yrYIDiFIyDgOlNIqSSWrOlFFq++Wnb16/FZxSnEgTOxe8NZxdvO8wjoxH+9OQREwbOUkdEPAA8DSS1ilpGWcRj4PhNBVet1pPgiXXqytltJEvwduh74j3KATgnbNaM46EocZ5bXU3wgA5goPSjbfBWJcyrhToJ3Vpe4IQY9H21FtI9lnvbPh06LpmhN61jHKaTBPoEJLK1c0oaBIsfXjqGO7HXmIsKGXA2pQnp0MrlSUQL5JilV8Tyj5/+bRvO0gibamxTimJfNCT7TvPMYsSASHzFjkZgEXaIeXcZPXT/ngZzaVX7+6rhM4ydo3BTA4O+nCuh//60wNiVRKn44gvB4OJPzfWeS2N0cYhiEAgPkBng0HGBICo4EJ046QnaTSwylkLgtFda3gcUwtC8BjCSSqrjeDCOqa0VnqyNnS9AhAHEJQzhEKIsLEWAA+hJwAgjEdjaYABBggh8GgYJoi9Rx4gQAgMAIRgPSLOA6MthFibII22qmFEeMedC4TEhKChbwkVyknvPIZo6EeCscIKYy9EbMPUjxPpVZx5HkVxnEhpHh6PmAfGMWFoshoPzobQD5PrJuOgA1h5j4JLGc2LZJqkYAIBTxEQQlyay7Erf34+nC7NcdKxcf04juMktUlEgp03xgAQIAyMIqutdYALm8Zwkqg+QTX4gNBkwud9jRFRkjiDECTAI0FJkUZNJ3d1209aMPpqUyDoPz+fOgXiBP/+m9s3199V+ezYPHzaftLeUqCrHHkEhuFEMI0jGlFZXkURJ/NZJuIUYMqQd061somm/Xz2u7J8tTo8/vXTp1MtJ21cAAARGH4tKAeUEgChDy7mPE8yzmjdtda5ABGAABFEeRRFMeMizdOkiHnMKKO6H+qx7QdT1/VkrFYqBIwI9kFGImI0AgGOckjTfFkVZZEyHnsP9IQSkSNcM8ZmVRE8IAR4N3nXRBwBnLy8HCpWlTxiGO7OW4ZQEaE3928GNXoCMFKH02cANgj5QVtBOMRBq+m8P8wXm9vr5HgZPMQBwCTLkhSNU88E9sh6r4yX7e5oTJskaUSiq+WdUUoNzby4IQy2neqGXdeNY9/HJFuWb2JxC71x4Xg4PTwej4xxQt1CpDqJnl+e4hQDFAzwkzaMJ5ur+87483HiFFCGIFQ+nLGIIGowiQhJAqwJN323W64YhOpyMlfrb8vi5rCfvIZ5saF4JuiYCU4wcp7QiC7mVWemWLBJ23kJvnp9pboJQChSul62NxvMUxzFYJjCrCqLtPvNd9EPP0z/8qeXLDVCFJhAQcBpX/fNrlzdX6/i/9s/LP9/f7wASNarDOkxo+7ffn9dJekPGf3RS0TJ/TqZZR5QO6hhDijF7OZ6c+ye+0NX5fmimuMA9/3zh91PFuk0RkPb8CKPiOOIiaxKk8QD3Uz1+6c/rLKvPHDG+KDB27uvI472Lz8FF2fpehiMm0FC2aXurHO3WcEId9ouZ+XXr19fWqWkipI0L7mS5w64Kk/bcchZoiGGNAoKLmYbBAUiuQ0M4XkA/eQOj5dfWhmAL1s57U+SkkeGBjm0nIQkyQSPvTHNYAQG67Vou/MiJ95rlyHrXMxpnpSCrQjwJlwG+dANh1F2IPg0/Yrwqp7c4VR75xKWYkjDpNbFrJrdTIODIF6v37gAm25/avcRU1yAEOwkJxAAQVQQFEIIAGIAQvAQAoig078yqACAyAdnlUUR8t575xhnjDKMcPAaQMQow4j64ASNuIjariuzNMriYRzGcbJwQASJODLOWWeYBtYBhtOIMyuNt6aXg9Y9JiAvi2Y8/vXHP4t8OU7yzfK2itYJLXt71KYLYOrH5ty0y2K5ms0zcTf14Y8//ZAnjqV80qGXmhOBBPYh7E8HgCFmqXVUGTvIwVjb9/qn6a93CxuxYppqOVnO8sOp925Qcr9Z30SCxCLGCHfyMk6jPO9zHtp2vL56+/p6jYKwhlNKy6rq5ak+PRzqjw/15TwOOcu/vv4WkJKwqsg3X7+anpqtyAsawKaaba6+cQ6/PH0Ax2lVRuRubYzrB1XETE3d/vh+0t4amYjYWp8XngrrLgBiFHxQVnsDGCHeeYwoAMD54EHAGBNEMKZFNuMkDQATRvphYCK5f/XKAdD3g7MuTpKIk/Vy9bi7nI+X2RLdRhQAACAASURBVHzGObe141yURQlCT4G0xmKMYQiCEYKoQ6jrWgRxmeSMZevlK6MvXd8xhHKRXhVlQeP+fIwEbnt1af+yrCJv3bnrBj3lxXpeXWe4RAZlUdIDoF24NFPXq1GaOJqn4t4jiNAIXFefzgQ+wQD7MQg8WqgIscbCLMoGrurLxHFCPeWwWFT3ZbrGiMqpKWZzCPnY+ccvzeRMnOerVWyUjeOMhpS4ELMkzpeL9dXdm/pwfq7PRxggp5ZSNy9T69dP2yfK2SzPnvZHqUZCBAwcO5hnN4xVfb/f7t8DwjY3f9MOQzde+sunLIXOm1N/NkZfxnMt98Pg0mSFARu1thZVcUxJpDT00xiL/DfvrgFPopj87//0fwQn1/OqyOKgXJrOY4H3hy6OeT2AU6v3B01BfLVY3azWWRSzKIkB3u4FZSCPMSL483b/+anN4+rvvvk65pEcPku7DY7f3303X6ovxy/nvtvuTqf9OeNOXa0I4lGeslrMijI4KUTM2Oz6+hsCHULR+TglbMlEHr16tepa68bJ7NvuMAQQddIFY/Q4L2d6GtJUj7rp22boxiiZBdusympeLCAip8sRBEDYFRoj2TxroyelX282II7C2IRw9G5R5tmhTaUeoqx0ozlfekazsQ3G+4/P/5mC5XXx766zfxOuj9vj/0kZWq/uZ9UrHuWOCme4Afhp99Kd9xTZZZ6PhmqDI0oQ0ihMhLlIIKNC8LzrpOlslL0DiFsQ+r6W6glS33XWGPhq+YpRNko5DlMWx9fX16nYTJNXWpI4HqzpTwfrZJbztLDn7vEvf31fFovl7N4pn0U3EcoZTo2Hchyl7+ru3A+1UqbI1xjmmOM4jct52lyOWTxbJJu6S5phGvpmlpZZknEqxl5eTiNjAnj48HysFnda00hUiEJKE2MYAIhh6GA4Nn0kchFdMeYWi6kZHydd46vvFlJbZb0LAAbACUcAKTtZ79K0VAq2nWy77tIM42ROzbS/1Oe6di4QQrVx+3O7P7Ztq7V23rrgPcEQIaC0HkZ5qftRmiiOXWCnRp3aYXvqt8eulVYb+3yuz+cWIyKlKmKxyrJRTn/86cdfnk7t4C7t9HI4N+0AHATBeesJoVIrHwAMYOyntm7lqGHA7WBPF707GgSiZZZWIiGQjdPQtc2+bv+3f/n4zx+3ziE5meP57D301hmjnfPaOOchJSIWMSHIGqm0NN4qY4zzxnotrZxUsB5A4IxCCAFIbAiECilV8IEizH4NrjlnTVCT886HAEDwlCFOCQABgIAJUsYFF7Q2xjrjA4TAOieNhQAYM7rgIAggWIwgxQgjTBC22hqtEcLOOWAhBAhhSkkEAHMe9ZNUxnkPjdHOWO8ccMY6jTBAGECItdZGSkIIRM46IydlvZ6mbpoGRLAyrh/6Scpz00ppmqYbhtGG4J01enTWYIKHYUjTlGBy6aSIksGBy6DaQU8GWWuVku1glAYRx95brWTwFsMAgBcRZdzeX4MsVXHMACzbGhoLoigxFuz35+OpdRAKzqKk2Mzz61UhBOmlNMbcrZNXN8X22Hx4OU92vLvif/vN9xlfUm7/9OG/7rsTDoFBU1YZRkZZqYz20GexeXdf/fbt3f3d6yhiQ38e+/PNuqQEAgeuVjdQD7vTw8N+fP9xbC/SWQcABAB74AmhaVzEPBKYR4RzwRhlzloAAgyBUlbkRVVVq9VVWZSr1WJeLaIoRQh3/XQ4Np8+P3x6fDg39TCOl64e5TCMnbHeO2SMb7vWaAMQ5IwmMU8Ei0gAYdShMWaIKY9onIiEQGitUUo1GtYDiJMSBmiknKaha055El/fvkUUQ6DG/jgvEwBtPzSYM+AtRAnD0aK6XixfGekQxovFLUJiXYq+v2g9zqqyl6Mxo5EtgXJsdwyaZTGnrNIaxHGWFmut/aQkAv75Zdt0Lk/vI3GFMb2Mnz/vfjy3vXaWIbAu4jKPtOy6oaExRRQBH6wDEcFFkXXtuF6sBEfDVEv9FNCWkYZAnWVLQoLVXwjbOXcyQTpnKOLXq7dF/Cpmy4TNVrO3CV923QCBvDTDdtcLEa2WZRQzTkGS2nnlXl/NoKaz8lbw2NmhSGmegbev0/ZyosBI3WUZ1VYGiMui0EZe3cxExDBUmwVeLmbGAEZMKrx3MuHu3etllmUYMQJ7Rsxylr3apJs1+ebrO0rQdvcRhS6NkyTB3rfTWP/mq9+8XX/HMT3Wf3k8/3W1msUUT317s14zxCFk1qIyr7I8a9u6GZoiW8R8HoukvuwwdrEQauomPaVpRjDN4yrm87YdvZNJjNqxsbJOk2i1XBGSdq2iIkuzglHIKIHIPe0e+uH4+PLIuRAijig3HmpHMSmsQtLXn07/6a+Pf50UZaSEIHYOS6X0OBFI19VVP7LV8m2cbB6fZMyzeTW3xs/yuL60SVJGNKV8gdAqz7+ZF19BwHgU9WPfDQNGSTW770fdjQ1GepZFX93cLstlERVFUgYXSUUAjmKRUZoA77umeXjCT89aTYO2GgQHQPDOARACAAgRhFHwPriAIYYhYEYCAAGiKC4wJsEHrVUIHgAkeBbHCQiQMgIDYDyu5jNKcAAgidg49H3bzRdV27XDcFlUFXBWGR8L9P23imBUxDdFWulpBMExCj2whCAbnPWIidhre7u4m2XfMVoq03XDFwW2ymql3Nh083L9+u574Kny6nj59PjymcdJkuWCoqE9STU6PVJKo7j0gGESnJsmNWlljqe9Mq22gzWjVDYgLg2xHpV5eb+5LdNFFi8pLS6X3jjp/dj1rTN0Ub0qs9s4LuVkAgBRlFERHS/PnewQh4TAYWzO5yeCJEYSY0pptJrneRSAk3erm83qXZEtzpfDqdnNqlkk8iyfrRezsshEFJ2H07l5sLbO8yjOI0LQT5/VfqcJhggRpSRB6FcKG8XMORu854xTGkNMvVHIuSQv277uxzbPC+ACQJjxJM1yZy3GUVnmcRxJZdM0vdQNCFZETI79MIyMqe+/CZgS4GnEoizOQWDeYu+Jc5DiaFm9ur/+1tjply9/ocBuljdXs+s8LigS89niZfuY52SaTpfuqIH13kVxRkKEA+2bg3OXaZooTcryBoFQN00ionmRF0UpCAVe74/PfX9OCtFMFzXtADCEWoT8NPTQk1hUwJIyW83K6zKZY4gRCBDhvFhSRv/8w/soqu7u3qVJ2V4uVoOb629ebX5rJ7hcXKdpPk5TmqV11xllOY3yfD4MvQsmipOHxyNh5Tff/f7zl4d+mtbXa+hDla4W5Vvv9DA8DdNpfXuX5cnT9unDh58QtsqMDy+7bW2bEe7PHYSWMJ5Ga0gX++PT8/kcETzPsirNvfTrxZvbu9+LeN3Wl7rrXt3fvLr9BsFiGlSSzGdF1g9bCy4mmKfdcDh0wZuyTDlO8nwZR3mWlVKZcTSU8CSpMImOx/7VzfXd1U3ft333EgJcX38TpZuun7IyHoaX7WELg319t44Zause86RMGaKQIFRW8+ur+ziKjDNZWsbp1dX6HYJcK7he3+ZR7IA9X7YqwMP2FEURxuK476whEPDty1lO03p9BT3Sky3TrMpLweHh+Hno2nfv/oer9e+SRGjbUCah6TlyHEGvNQDOg2EY9loPwTtOhRxdxAut4Pbl5MI02f1m/mqWvq2yaxtefGhmxUoO6tIcA5aUkUlCxgscIEXUWRalmzgpCWKzxdqZ5nx+mi8WAGeQpKNx50sTp8Uo5Xb7GYGxKlA3vGx3HzFmlMSdbLpxF0IP3VjFsaBJ8O58+JRlDBAeIMVQW3tYrbFS2y+PL1l2uyp/y8lNzK9hSESUvOx3PPL1sN1fXpaL2XqxxsAqWY9TTxjiEe+HibI0TdZJvNYBWTuMqokYul5/JfiGwMgYy3h2OitrYNPqq+XNslgjlwq+8t5re8FgnAwsi1vBKyUtJs7BYRxr0k/eeOU90WZiiHDMEKIhABf8MEjOeT1KAiGG6FR33oGmG6x3CWOYUGOUnJSByAtCIfTa+4ACYIMMmAA59XJsRBRzCTwC42QOrQ4OGA+YmHJOO6UDpMED48BfH3YAQmDth21fKxPp0djQtJPUhkcsjjIjJYJglO7zcyNlyDkjwWaJSCNpPRwkURJY4/b7gQC4r6dJq9HAUw9/2Z1254t3flYsEMEBE6UkAEEpFQj2ASnrtfMYQQ+I8UAPxgflIXLOIYggwZwIjqkn3AevjHbaWRohjKE2MeMUQTkNxltnA6VEGU0xoZwAYAMECEIAoTXBO2CCBxBrA8w0UAQwxozERo2UMYBAANYH4D0IAHjrT+eWMQ4CskZbY3Uw2hhMCWZCm1Epa6xXUmOEnAfWWOSDdcZ5MCjoISCIAQ98cPXl1E+IchYX/HzoIYIAwLq5iLhgAKlJAhDGcfy1xZ4673ygFA6jVjZkMe+nAACM0typTkuza/sQTACwH1DfkxCCQ2FUyigwTcZ7zQTFlHjnjOXW+yyBixIrDV62HHWC0xhAP3Q760KcFxLB64i/ultGDDHqlMt/8+46F3h/3D/X3gJXJe6/+/ZtLuaYgo/PP/z48D4vsjIOZnTW9G9usvu79HFbf3i+EFEURbq+ugE4rpujd0OeIK+bKM9RAKd6a7u6vjR9b6S0RmsEIQIAQA8B4YRFIoLAWmMC8KMcIAaMUa4pxEkskvViPV9W81meZVkSRYQKZe049ae62R8u28P+dNmHgLIkDwABzzmN5eC9GWEIoxmatrfWWu3i6C7l2HmIUeJQnIh5FouhH4N3IRAp1fHSNVZ4FB9bqSS4W82S1PRdc2ib5dgrLa0bi4wYte86y0VZzl+NZ0RZKpBYze4onc2qffv4gxplNb91alQGGOOlh2lVdXrn/dg3zaglYeLUXxR8MBak6dWsXF+OhuF+GDUl8Wa1grhyrvvxy/vt+QsTkGecxphYF5yGXgvmiio+nU42aBvJiI42FogsKCbr5UJp83R8nEwjYgCsIuSAwEdIUoi2ADSBOtl7H3wSldN0Ae45j99glOMAKQIIM07j//t/vxBE1zUpMtYNElOTJyIEd2q6WXENCbRGe18vl+7zw1Pb5cWiOpzO89VVVhImkn/4O/7Tzw+WiN/+bvP89AI9YoQgAJwzzqr1ijLmgLOUg8X6GmHugMzTYO7jx5eH2bwoq9i68HKE7XCKUxFcEFGSRRxBD5GhFErb1oPmnSMuWq7vBumA7xGmddvdXK8pzcfR2mA6eZ5X18DQcl5e2m3olHHOGBILCjwYxlGaCWAymOnx5cUgBwkScTqOTpmg9GjavUNwWSVyUG1/Vubsh/b1/d28WiIo/DRFPoekcg5P9nwc/vn5+DPCQoTI23C5qAgHbCnl9NXd65Qn+bxQXa9xmJVfr+Yx9BAHsH16SbJcGggow4TQCDfDFtgpEsRZXiYLShhBaZbwtpYM0dub30RoBMBJDRQOctKYxW+WV4hFWl6e98/jeNi2z08XNEzBAeOcgcBbBxDAEOHggvHaOwM8QBADAABC3gNIKAkh+KC1xAgwTCGEAELjLScJhjTNZt4HBAkXSVefpRqsG6ZuhBBMI0IQeAedhQRzDB1GODgMQVJki75t5eTzPKOEG2l0cGmaRhkxBqTFuojutEWndq/MRYFJWgUp4yJ3ijw9PebRz5vlhlMlBIgsRtAA0wVkIFLOI+e1coFQNoz9IEdlJuhhJvLJ2I/HJm48Az5LU93Lsddlka7Xm3F0CEg1NavFq+ur10+7flQnhHlEUxgwBN6Fy2T2yGVNJ/JyXWQ3xvkZHXt5MlVyupw+7v7Yq8e7q6+TaI1Rbh2IlomyYbc7fPfubzfr19pPUbLKRM55PQxbStUvn3/e9z2AYZHPvB2xKKOEzWYEYoQBcVaBECAK1loIsQs+wGCddc4iBL1z1pu+vwi1JJw76xgXEUsQwCAApaQ3tsgTguH5cJw6lV4tGMeMC8TQ8bgFEBjNCM0xUiKOsoyjEIRgzvLYkyiprpZvsIuadhjVyHhys/p2Ua2HSU1jRykKJrx789boQ+u6iOWQCxCc07qTp6RM4wgP/ROPs0wsy1gQHwuCmtOuOzyzJCEoWDfEnMRp2nVb6yFl0ENvJ4mpLfOcINW0FqOwWm7SaE4IyjMhGFcGSOOAx8FH1+t1lMeD7oHfcs6ZSH3gs8XNNB301HgzNmMfMY6qFSPx7vDFWcBEjHCaL95Yi4JP0rh8eP4M7XIzvy3jNSGw6z427cOl7XB9+eHnvzZNFzGKge5HP9rkw+NJaxgL6G7I1ZoKUZXp6zJ/vJ1/oZgXcRKLbBhEXt7H0erzh1++PG4ZZ3mWCpFNMifMKjt+2X3Z109N27jJ3a+WV+V1045dc4EaUhql6Wz/fLLaF1m+nMdJzF+9ur27vZu63S8f/kgCXpZXebFCAScUl0IoOMrgEmJohJCX0xDybAY5SLPo6dgQSJlHst99+fRP1o1lWt7e/j6i6Lx/GPs6T9ac4WCd1aTuvVcVhPNxauNoMyvukmiBmO1Oz8ihzfIugGoaL8pNj4f99vy4ma0jaov8TSzSod8a8Cz7o2brppFVTCb5oHWDY3ipx7o+/v5v/z540PVSiLTMnYhEGkfvt/8h41XMXr1e/fuu+5+k2iHknnd1XjKt1dib3y7fXL/57e7lCSEe5+Xjy0dt7ePTC7QHY8aXl89p/ip4lmazuTUvj38R0bFKl9+8+QqE7qeP/7k5v6zmK4SHZuhP7SHm1gRwugwg9BiyNMZNdw6sICxWVk2uax5fpPaMLaaamSIXrCjKNfCu6Y4Aqba9IAiu5tcRo1U6U6h+3D+1Cs2WN2eNDm3XTL9Eyepq9i6Nrgj5qpmeVH9CIcyyqxZETiqnhiyZAUeJ1xwI5GLnIquZ9Bdjn1Ohgjeccavt8XQYp6dD/aiDxN/8zVvgcQjAGKOUUd5Z8+smFLwL1tpRma6fvMEQYmsN8A5jghFlLEaYgoCdhcY6OXWjHBHBiBBAMUR0VGpUykMMETU+TMZaiz2g3mNtQHBW/7o1h2B9uLTDrm53F7k9N5emHXo9jpNUEwKQIEgpI5gGgKwO46SG0Q6Dm5Q/9bKftHKoG1U7qEnbZpL1qJ/r4cu+/bTvz73uxl5JmSaJoNR5b2xQRlpvlTKjMgAihKhzDmGitJXKWxecD9oo75x3DhNKKMcIIxg8AN67AKC2gRLGCKOYIAxHpSYpAQwQghAC5xGkMAALAAAQYIyt8cYG7CFwYZqU9wAhhCl2ziEEMCYAQIBgAHAySlvdjqPz3gFsLQAOBQf1pLV1DgDlDARQa6utxRSHABAEjHFnDEJeCBYAYoyCQCFACEIIIeURxoRxzAiAAQYfECIQICsVgsgbByBilEIAEUUs4sEHhIk2zvugbVAOQsKAHsaxtUpppepL6zxGFEulHeL9ZJtu7NWof7Xzeo8R5iKKhd6sQVlQCPD5gvsGUIwQAAmnt9fzOEs5hd+/3fzN16/iOIkjtsjju6s5JvCPvzw2yq9m5N/9/v7vv/2Heb6RvvlP//KfTu04Szh2EwRuVebfvL6921zNMg5hABDmWTqO2kPYNDuC7SyLZ0WqlD2cB8g55eTcdv/yS3s8Qau9dQ5BHAJAhMZRjhFzwMQxx5RGcVSVlQuwHeoQzHK+vL2/raqyKPMkjSDw0pj9+bzd73eHw+l8mKZBq95rDR3wxhntMYDKWKVGpSZtlVSTtXqaFI9wHLM0pkI4LkwiqtXs3gN8bi6TtBAK58CXpxfvdcRJxEDQfRbF69UtFZmxsG46ZyZKAEYGeWCVwzCuktlsfh+LDcbzcSSjbPb1R4o5okzpph2bYVLSBojQcjm3enx+fJpU0A4FTPqxzZJsVq0BAMA1AXjnMeN5xEuM4Mv281/f/8V6f7Ne6KkPXldluaiui2LBBfYI7451gIZgx3iSRJEyHkJ+df3aaHKoG0QmwgYPJ2sNIVSbztmtcr1xHkGqbDg3U1WsCUuVVN45Z7V1fSCqHbpFzn739e0swwhrxN3VJp3PMAATZSQrM+/NqOphfO7lVtshyXBAwRuWV/eMz9IkSRPkbLvZ5FjALE3SWBR5QgUlMXzebYsineWRtxOhMRdxJOIkiRdVendTOt9vD08BekaRVp23k0hiKTvlhpfj02S0B/TUbN/vfvjpade2DkIx9pqiuMrLsTfHQ72eXwMgYKCEUSO7eV5yEbfjoen2WmuEaQCkqY/jNFhjGeHzqoLYD+NLL/dppCFxp+P288MHzgKLGAQIeUORceZ4uDxFHPzm27fWdJfzszd6Wb1JxdJ72Yz/9C+f/sOoe+pQLgQIXkkdE0wJXuXzKr9bzb4qijs5SqPCcnZVplUmUhzAOLT9OLRSWY9GbU71tu0eJ7nrh+fT5dOkGoJQFpeCFl6DNCnTeEZQNGnQD9I5QGiUFTPGBaE0YmDoTyBMkJrHF7x7wcEbY1yAEAEEIQwhuOC9tQAAhClEwXsbAMQIOeMwpsF7FABlAlOKMHHGUSoYoRiCOIoRRIyJ4L3WI8Ku6weICeW0qCqlLSEMgNANHQL8/tX6b34HhRAQ8OPppHVI8wKh0E91OzQhSEaYCMnN8vvXt/9aazTpi5R7bfePp6ftxR3OauhVGudRlIBgJzNpPQAE0izPY9bVx6FvBWddXa9Wd9Vs9fTy/v3Tx2aQZVasymsep7tT/cuXg7Whmi2CDe1l4iLCEA3TdD6fEUScZ3FKLv2L0e3malEVM6PN7vzh08OfenehHCei5CKLOEXYMoY5RyiMeQoYs4OR7ThgiJ1GCBKlwSitYFmW5BQjSDwiRsq9NzUjnXH1uT4eL828mn/39ncERM2lmcz0/ufLx08aOKu0RpAECH0IAAAfnHUGIkgodSG44BlFCEKAGBdRsDBNiyRJIALKGoxJJASlgjIGAGQipQSP0gQAMSEEA4IECPb7b70cuzSar+dLJeXYT6ur2xBYAJjTRGs/TK1RUzFb5yIep2F7enzebiHihPGqKn2ASltK+aycF3EaNLtavF4vbp2Th8tHD9ssQhSj5vzSdA3lfFKyHwcQJGPs5v42L5OX3fO5uUQ8xyTxZtTy3Hb765vN/f2b3eEsoizLU2d7LTtvpGARj7OnL89cJJurG6PdpenGocnLRHDRdZ3TMgAzTcfLZVvXl6KorGEBMK3GAJU2qq77bhgZI1WVGXWWw+Hu5uZ6+SYR6TQ8jPLjuTs8Pj897c8A4fXy6u3dPcdodxgfz+DhACYNltfrOI1hwOvFb6+Xf69s3bYPOJjb1fXYypenc3AojujL/uNu/2mY6jQOERMYxIwAD4am+3zpvtTd/uOn5+DQb777/v7uPjiymM85i2ORSKUZIrIfUJABuNU832zmhPpPX95fLu3m+s397TcIkRDg8XymIiI0NF1T5LkQqdJ4ubwTUX45H3enNssWaZJNsvnDn//PT88f4xRx7mE4H46//PLpT4f9xxC89tTZcGzBOLFh9KngRRytFq/vb3+3Xm32L58hZO/e/X3A/PH55VKf6u7ogpslSRJXebKAjlNqUNhdzkeRFnJEAcZS+nN96o18edmxOCnK5fncfHl4NiZk+SISeZoX3bjt+u08fQv9ElLYTJ+bqWlGmeZp13WX02k5W2/W3/W1t1oWJdW6sc6Mlg/9+XjeY4pHGYxDANNhbPp2H4nkevn63eu/8R5/fPystS9mV8qiw+Vg7BDFFADWd6Ca33qAhvE0uUlp7x00bjw1D223b9oRgbzKv0qiZd0eLvUzZ4YJdzw/1c3Bg4AgSfh8vfwKIbo/HR/2TVJulENfnnZd1wU/RSJmJMXBAjQgr60VGM95NGsu57a9lNXq5up++3JUcmS0mBV3Rbpoh6eufY+JnHRAUExqvNTP5+6X/fmBckaAhdo5gCEG3HslR+mdgcBDjH3wxjjrvA/IQWRCsNYEhwjE3nllFMEcIQqhd04rrYxRiCBlsMgEoigADzGSSgPYQwAAIAghAKEPyFozSqmc8RB4wQEM1uu2UyHgtmkd8Ix4ClCAzoPgENRKCZpAgCD0MCA9KUSDdwQzFCBSzkojBzkaqwEIbf/fYJOACBHFwcGEJUDD3g8BQg0wxMRpEyCxWsKgMMQWMms9RMyDEALU1oIAEQrOGQ+ZxZZTJI1y1jHO/H8ru7BRFAMEtDXaBhAII0xpFUAwXsc4UlZZazHBmNAQ6DD0GIEQAgYQY0QpIQg75wVnxlgIkfcAQqCUtloihJMkBRBjwKzRWhqMKSLQ+wADlpP2ASCI0jjHCOmpg84zGAOnMYajARxx6zGGzoEQMeqcDQAJhmMScQbanljj96dTIgRwwVqPIAYBcYa1nQhikGOljHYhjHqSGmAIMcmFwxhwgrp+YhhHUbJZ34x9czwPwLhpGCHGkUgIxjCYaZCUilODm1EWRahKfX1lHx/gpZkICkUeUQ6naVqU7NUmT/KS0XzlVVcfmv7407ned0pE4uub9LtXryNaMGb+9Kd/fv9waeohBeHmKuGUQuARiGbFaxyiEMj77Yvx2nlDEX93+z2Cw+m8Xc9yRLrD6UVJQ4t5nqeCI299nmWnUx1CAMAYiwJACU+jvKAkQEDzNL1ZXU/SnC4v3SgBAZQSxkgSJRQzpYe6a1/2ZzkoKw1ywWo7SYm8MwB6BKWpB40BZowIQTimGINgjdIE7baHPIoWOcUQJWRmfbAOYooAIudzC6DJ8zjPY6Omse+tBAMc0vit8RFPN5QVseu854xMOPTFLJpkADifVVcQzRQWGGWCx23fEoTKqlAKjOOktceU7w/baRzms5zhsF6uPz+ffMDdOM5LCqDTuh/tZKYToPTUDZwY4Pqnw+XpuBcCVyUXxDfOeCOrfLm5/psAwXSSyp4JgavlPKUsjQQgGCAeR2tBr0lJFz00gLdtSxFyziotjO2bfnw5axGDf/M3f/vXn58+vX+5Ls5lbo09TqqFj0MH5QAAIABJREFU4TwpQaNiXuUkLPMsswYCOEFg7m9mq4UYBtoOGgSWF2upQRZVWtarVVlkQogUJSVnGeZFr8/ADfebmQ7Wc1aurvcvO0TI9viYVwKhCQV8f/92lp5//PTo4diO69Xsjbeh705R5Cd5qFsX3AECnOa5NZoQMA52s7qfl8uEJ8PUxyxbVetzPTQ9AJNZRmImltVVkojJOVJVm/kMfPz0Y/D20uwdQMM4DdMIAKjmMxssADiPs0FN5/ZZJMyZvh4+7+unTYkd9M2l7qRhsYWeIJJ5QrQzwyTHcYBQ/+mH//KyPyDI36y+FWTLmGv6L//08394Hg6zfFkQuJotd6cWWEwRG6ZBGieNd9DV7c7Yk7b9qAdOKMVEu0mk5djiPGOP+/Ng5P7YJHmeiVpQBF3HKb3PXiFItXQUUu+BhwmAQjnrkYFAIQLadi94Zz1MBKvSfKKWGnU9twwHDxACEGMKCXTahuARBAFjiCAMIQToYPDeWA+8dQj9yv9FAQTnQvCWMz6flSAQRml9vhBCr25TY5TVkzImQEQYowwbazHGhJAkjeTUKz20dV0kxfp69fLUPL3siiw71yelTv10smDME0FRmRfrNLtO4zlwU91dAJrq4fK8vzydwdCDb+7vNnevAaDG2TiOj3uLAK6SjNGw1Q66MK8WSAerHUQ2SaL3T8e8yH7z6l3CC8Kib2+unFRlnCyLkuZ5ex7vr284sse2Nsq4gBDHh8vu49Pn5/2nc5P93W9/26vur59/+rDfzWab30ezeDol6cy6WqrtKPdpEZEMOYdinsqX0/b4hAK4XX0Ti9t+HPM8EhF+2v/EqBzUU31+saZhMAgEvLWMollS5LSgIPHYXC4XzNFqlicxHpoTQQhiaF3wISCArHfeO0woE9Ro57SyBDjgAIbjJCmlyqimbfKqtMbnRRlz1jQNhLCqcmMAIbjIsnaYzofzapUJEn95PB8vtioiwqNT3X758pwkMWbg3ByHQTtji2xFaVKlN5ZQMz5sdx+087NygQJBELTNmBerrlfOjDDkqh/SaL4s7jBJOvW8a3qhhpRKM73ILlCQpkmcxPNeIwYD9LLvurY/vv/4M03m8wq7yXoLuqY7nE6YZcvraDR2ePk4qJZYn7GM5ssp9BFOy3IJgVeD0tYYa1maNLLZ/vQSDF1kV//wd38Haqq0xAAGDfJ4Fohou/3x+NL2fRKvRuta2TERnJOYchAyirOpf1H6QAiNompzRf/rnz/fbL6CmB8O2wg5SkTXjs6h9Sy/vZ4nUZBtZyz2QSTRgiPhg4TAaetG2X/49JcoQkoN2rmH5wMBJo+LNMKLMldeXVwbc7C5vnn40u5euix+ur97l7J0PbvuOnc5HhnObu/u7Uqfz4+7w+5w+uMox9kqM4HmlUjTmHE+dZLn8O71nUHk5WUAobQWtx3N45LghdSOwGJRlavFa8r9x5eP27M+NnC98d1PP8wT6owRUa46KUc6v3qbsfzp9NefHxsEkHlF6bUW5DwNnyYVXnY2y5MvLydW5Cgpz8ehiJOEAYyFUu3jyx8oXMzzr4A7bPG+b86YLkQ2y+MibN3+/NEFXZSrqhJPjy0ALkkTSHw/dVHvh74305+es5vr6t8v8//r6PXnD/8vY2E/yXZoENMe9s8vHyelEZJfHh52x6cku7q7fzfUVMnLpJzzhjKIQLBGbdYpJaRKsRwu0yhn2eb27k05X3aj/PD5APEULEOeIMyydMEoPh1/apsjFRUTcdMdnvbbfqq9CbfLexHNEQ7GnV72HxxYlrNlueLT5LUOEYuGxuNVMavKOHnW0/npy3G9uR1H147TPN19iX7M4lscJkzmPDL7y7npP6xW33Exm4aLHadkBYtcNG1HKJzNK+unvt9pe5oMdVZYd1FajuZDN30IUPN4TpSy0mgHIWccAA6DYxh577yHAGAIGEPYBGecd9Y674KzCOKAQNATY9CDAFAANkCIASbWBRAQYZxhzCkzUntg5KQBApwiBJwH2jqorFF6MN56CCDGgkdpwp3zajScJZOanAveOedNgIBTARFWxgAPA0I+AMI4Aih4DwGWUkujrZsgDhEVwflhlIgiACHwfpCjt44S2ErtIQwQYxQLio0PADHCIQLOassoVyZwygAE2o4QEG00RoBxMU4SE4YQ9SEY6xkHwVuCvLXaWCoiZrVBIVhtHYIIQa0tQAgihBAyxnIRUcKnsQcAW2UCCkRQhBFjNITgvAsBE0yVMdpqiGARV54pCiGFnPHUODQpCQICEFrvQYAQY04IDGCalNdepDFLcducMIXOAW0CZkIajwghFGKAWEQGObWjTfKcC1xwgRncbluM2TCNGGECiLGeQA8xoIRINSRJjnAATocQKENxltXtyFjMGHBqpIQyEosoQZglSTX0EAfucspjngqAEFbWHU+HcTL7ozk2drn0UYRvb+zLC3568M5piKlx8nLabuZ3ZZWJuLhcpjKlQohDLXfd0Gs0K8jXt68IXg1Sfdj+9Z9++Gl/mOxou8LIySw3C2ScMXiUDKCFiE1VKON1kqSRKPO4wqBvWiONL4ur73+zOl+kMSFP0zd3+aefYddAQbm3TjvtgMYEX282kUAU26KqIs7mZdlPpsjmwzgRyhFCjCAEAnDBmTB10+W0V9JZCwepBj0Yp51V3rqAgPZuVD5gnMQFBin0BELgrcOCWaUfnw6znF3PUqVcq18+vryPBb+/vU+Ttm7rAMFyVuLA94fzj3/9khWCRqcs0bFjs/JmPltREiHf2umQ5mWWw6f9WZvOOKA0jLi9WVVxND+eiyqfEfJqd3CEAM41RvpDvf/85Rxxslisrzf3SprgQ5VV2Mvnlz/DCAU3Qsqtm4b+uD937SQZmK5ncZIg01+gHeZpWcWLJFqd6sPT88v2/EiRn6VRwmOnXUREnl8jMJvGSIiqLEw36NY9BZcmUewdWM2JD+TPv/xBHcG//tt1XPBmeIYw94Z4e6EAYKzVEKwqAbzxGDowEqbKHCdsdT1fLNeFcZtLYyI0A5qmfI6StZqaAF2ZZPP8KriCiKspoMYftFJpHF8VxePhPDbnJBaRwOOp1z36h9/+PTBxezoBrCAcj6dznrsiKaXpty8/BFh/+251Pr8Y56LsVo2hqlLgpVTDYl4kLEvjIqG8U5tm7ObJqkyXpj/dLG9ur95gXiR1sz+djbFJxG7v7rSaRj322wciKETwZf/M8zgtcxACJoCSmCH09PhDgD1lppu6J6Wk0VqPmPJGnpBykSFSaQrROHjrMmho3di6HSCUy6xj5AD7y67+4ePL59HDFJmb60WWYGNLytnu0IxWPV+a0fzYDQ8K0rF9cG6adNQ1DnlttK3mm/n8RnDR1GF33Ld9wBEzHls9ZsItcjJN3VV5T0mErAM4MBIgFsIXAFslB4Dt1DdWQ0xYo3AxW3HANDB314pxLyfMKLQIooA9CggA5wLEAIbgg3fBYcIIBE5bkQijjQuBUCKV5JQDiANCcrJJEhfl7HRukzLrp25sGkIQF0J5Sxk1Wnmr07wiTFgzeuCjKOE8CxYFE6pi+e41uLu9G/rT80uTxinlOSMcwhnCpTJ2d/iMA6MYSCW9NXmUNEIFR+ezOcW4PhyK63U1q/ZCEMqyfH7Ybstis6huGBVJDPppatv9ZIN06ZwQD1CcrFKClKy/eWWvV8ssWyKntA6MCwYci+JpmopsnsRidzw8HJ6GSddd9/nhB85JnAl2Sbe7Y87eZ2+quk2V3Z/r98bsuh5uNjPgTN2dGIbGhV72hALCsrm45txI/aTsQZnjl8O2GUcQNIP+tpwtZqumvawXM2Php6dPAfA4WfIILeeKM9MHCAkJ1ngfMCYEM2A1QhhC6AwIwXHBtDJyGvMKIxgIdBi5tmlmVemCff788O33X69vFn09KaUhoQCAxXoeDdPLblL614Sd0C7J8yiKi/q8O3cdT3mvpkt3VtrMQ+YcJTB4KACIPKwQ3RA4RIJw5BD0fd8edxcQEoS41sw6n6e5tlAr1SvbytANw4wP2XokFKTZLaTjpZEsuWWYjP1ozHA8vmhrF9VSGR3H8zJbq2HApDvU7WC3nTFCEG07htObzVeL2Vfaosn6pMgA8HaqrdEAQQDDl4eH/Xn3anN/Fc/Ply+qP3BGKSCC5nlxdRkaPSltEaCRDkB5+P7j53YYvrpfYlo4z9qudvrsoA0OOwWXi3U5G3/46a/G2utZdJVzD4Vgbl6g12tWMBkxwjPOGYUBII+yJM1yUffT8/5czMqg1J/+/F97S7AgBiU/P7R5+fz7d6nsOwsbhicMQszSb958/xe5HTsvB5vwirN0N+zOh/pqM1suvi6SbBj3//LLHz69/HiZOtcoRpFSinNijA3BE2CctwRmt5t3UhrjpdXk3bvfXi8X79//goW7f/2W8Xh3/HTpdKu4B7QeyTiOPw4vsyT5x3/4R2SI4PMkv27OMI9ehu5xHGAqSIRsWbpJ7qrF2839N0xgqbqH909tP15aU+bFerlMhbBusuZDL/eU/ds0+tssPh/6J+v61VVaze8ul2MkRFmuYw6+fPmrd83vvv+urG4/P+264aTHAIEVi/T99v9LyHo9+3e31f94qPbPxz803cvQb+dV1I4f1dDM8hvK7Yeff3h4evybv7+KImQGwBiGCPEoTvPMqNbbPs0tRGMAR605DuSr19+mBXt4ej8MzayIrGdGWwiSq6vXaVye608e9FnKrzZX1oN+1JOxrUTr+VWUX9OoAMiN5thNz/LL41149/abv693dJYuZ8Xq448P9al+8913y/mrWXHevPqWiqRMWk/79dXa2OFl//PVvIKAtb3cHR+WJcPw3c38apmC3fmzlJebzYILKjjyZpRSWXfkiZv0aLQmuIOi1/6LD+esWHMa4fVX15NU2poAwq+lKBihmCa/OjQpZhASbZT3HgTgvfXOK2sgwGmaEsJAAN6BEDAlBECEKRFRnMRpIqhWxnmHMQ8OwIApZgji4IOxwVlPgAcQAogoEwzzWVYA5yepjXXWOuucVsb5ABGilGPCAgDWWR8CQcQGiNGvMBmEMDTWRDGLokiwCGGitQ0gIAQC8soq7ZRWUlnjQqA80tqF4DHCGDNKqCAYY6C1i+McY6GNdlbDAILz3gMACcQcIyq48M5340gQDQBNUmGMIYTOu4C8NcZao7VxDgCEMGGE4uCd8z5K4hCgUc5pRzHGDAEEREQwRtbZ4IC1DnNmXTBGhwAF5xBiCGCaFISKvh+10s5Za5xzwAOkrYPBQQAx5gh6bY1zIRLUWqWU0Qa4AL33GEHKYCQI5zh410/aA5dnaSQogAAE0jZ9sJ4R5h3wAQWAnAsAC4AY9ABC4IPPkihN0ziOeJQA6yCEzllMGOY8TThDwRkQANNac8burmf/w+9fzfPo2CgAAIQhjuL5it2soixOOPcQAB/yJBJ5igmG3up3r5Y3mytlQNdOaUSDt0133jbSevz9/fy/+/5vKcovw/affvzBQ5oylqdxmiZJTPM4uV6seDQ3PgpIAAx9kP3UIUgW8zdFvj7VzalvByUjnkVJLlicRKmcWmPl+QwPe+2dIhiHgCCj89n8arks0/RqXl0t1/P5TMS87bpTczZGL8rlarlAGGo9NV3f1F19ak+X/bm7jNphDAF0bT9wwhBg2joQAiUYYxIgJhiD4J3TygwIeMpxN07GhiqlnPcq7ADQV/PrJE4ZM1wERoIgIKNeEOgdeN435xEob+u+IQQTYNTYDH0dx9Gkxs9Pnxxx47Cvm2djm1hgDO2p/fjT5z8U+XpWfAMCIVjnEXJObm4288XCGBRH2au7jZVyXlZpxCG2u9MnT3EUp9M49sPww4eHVtq7ZbrKAKcYYdbUnTV2USzX628BKnfHp6Z/nlQtKIhjPCoFMaeIQcggYYREo5KH0+MkLxjpvh8xyoLLKIwR8FJ1wzAlSWkUUgrcXr2BgQE/YKgYNsN4ufT1uT8+7j9O5oRBWK/ezoo1JRQCphxGLKkvx+ANxAhgoO3YG8cYIzir8reUb6SB3XiebGe9ld5xnhZ5kUZJKhgKaD2/fnNzi4lv+t2lP/Eshd55M2IMGcVNfWouL6dmm6YizhLlgAc+jhlGAWJ/3D10XWctIpxbb4yW1/PrV+uvq7Qqk6WgKcR4e3r59PLQdudJXaIMtf0ZBB2AabqTtM1lOCHGuMBWjwnLX129BYB6p5ydOKNtoygATS3bVp8aazztVdjXbd11RhlgDaPZ9epVmS1/9Q0iBxmZDX37fHjfGBWJghH68Lg7HJq6NkRUkyEfH3aDVsNw6ZttZ5Q1DWM2QFM358vYPW6fT+fh6upeKnw8d0PXEp6tN/cA0ceXGoLAGCoiVqUlgczZQftxMlo7CbAexsPQbZG3aZKC4Ovz1vqWRwFCOw61c92nB3NpEwyxmnofvLUuhOCscc57HxCChBAfAvABAAA8gB4gTCjhznlGKIREiCSKsiIrnDPBAxExo5U1v3ZNQK0dxrSaL4yBnEfGOGe1s4ZzkRfl91874C7NeVjMZnfXd7If9NRnSZTGkTOAIKHN2I/Hunvq1dbDUaquazuKGAWYU1ImiR7Hl+edHKZivjBGe+iNhZRRb1ws0uV6Ezyom/3+fH44uADZ7YysZ7er6q3x/nx6RBBslov5YnU5br2X5WyVZ1xKWZaL5fzK6qGftud6u5hlm3VBoTZeF1UViRwAiq1NRMajdBiP28tHC8xiObtcjk3XmgCOtTo1HiI8L4pZflek9wRgQqen7b+8tKet5NtzUBMRrEpF6S2L6HwxfzNI3w46EuvNzdtg7U+/HP/0L73SylhvvYMAUcIIIdY5ACAj1PsAABJRxAjTSkdpniaJszpNS2PNfFmAAI67o4hja01zGZOiLGYVDJARShiOogiGMA5928n7W/T3v19wlo9j0zTbXo6UJIRECDpBAobSuk6p3oYIAB7H8yxeRjSLueCEMp6FQDCO82y2WKynfgCQ5dFCOdKPtXS9slMuQiRCcIZEKUQJppkFzDiPkBnGC2IU8pzGydRfIj6/W/6uiPMkBpAAbcHu1EAI1sXi69u/uZr/Lo5vtAmjbM/1Xps++IFSiAnshzPA7nI5A2dnVUaRR0H7gDZX9yFE+8P5fNmbIK13EMFByfefnh5fTi6YYMf57Gaer7Sqh35Xd33b6XM9nptBoehYNwDC1aKazxfGY21cnotNGbIERxFljG0Wv0nFbTtu+/GpM2p/7E/n+l//q39VJfHT50capVSI46nf7msc7JvNHLix6XYWyks9DQNgdBZCFjxPsxXwzFmgLbyce2PQer4iSBg9aD88H0+nXlez+WZZZULkycxaYb18fPpYd61UiIuZNTBKyiSaXS9vIio+vP95t98med4P54+f/lLLvlwuszyJRWQ90oNOWHV39e3N6jstQ93UaqzP/XA8nFZV9PqmJBhh6K8WlRzlvJqlHG+fP3749PnT44Xy6Ga5iElSpRnw9aR24zREyVpEd/1kPbJGjwyLKl+hgDGSWWQhVk29T5NovVwSQpW1h9ORYpCIfJq8cnJ3fsjTTZW8rfLbtv+R0TZPCEG+rV+caa9WCwDHp+2nS3cuy7mWbr/9IHUDISxmS8phU2+n8bhaJNK4AIEPgMYFxhhgf673dVun2ZyQ3PmoKjaz8ooQcG4+H/Z/ubstZrO4bU+n5nAaZNNahuJEVGU2b0+78/HLfJbOqrlxFLHMTg7j5M3rb2RrtPblbDGMrVESBrqaLa/nqyIRd1dFN5ymqbm7WxflvGlegDfvXn/7ZvN10BoTbaFu+kNRrZwNxuAyqagA/fRwaL4EBKIkyXOizPbj4w+CJJv1N9ZAvP76GoTAWRw8QMF5b6xxnDFKOcbYeWCckXqy1lFEEaAYEkY5I4xSHvMMAiKNDQBRSJhIPPIBhiiOBKf9OIYAKRVG2+AAggQjbK01xnkP8a+Wc0SAtxTjMs+U1uM0jtJ4a71zxliAIGaMCg4gRARqa2DAeZp552ywAQCMGcKBUAIxopRQSqwPNjjtDIIOEQghstoZZaMojqIYuEAphc4Kyp3RQkRJHGMIAsCMxdZZo0dGoKDYO2eNBw5yyhCmWRyB4JXWxniImHFeKUkZhchDGDzwRjtrXQgwQMQ4FowBHwAEURJp49QovQsiFh46hEEUcYigGifjDCPkVykDAYABOWet0wEihIkPwRhHIAw2aGOB81ZrozQBgSBGaeSdlnqAyDMMGMMeQKWss0EIwSgjGGYZn+URCLYbJEKIMZSlOGXUezBIY40lhERUWA+c9hAGY62gVMoBBEcJL+K4LDOIPMJw7C5KS4QJi6MyobczUQrYj+OotbHKQ1AU4u2mqIro+dj2g5rnhaCCcfb2PllVldEDYz4AYUZ/vcpuNzNj1M2ivN6sL6fGGLuczTiBarzszh2G4B9/+9X1fGP99M8//6Ge7Kv14m6ZYoLaQRpjNlfz+821iFZU5AgCgrTTp0n13shYRKv5vO/r3WnbDxcAFAYq4tjpMRGoaZqh158eWq0VYRgCmhXLzfqqyKI4RotZKeIYURy8AwGezpfT+VTls1k509ac6svudDycTvX5sjtt+6GJ4/jr1xsQQNtr7CGGWNkJBsAow4gQxDAEIDgfjLKTNQagYL1X2iUxydMpTux3775Lo+SPf/6vl8sXLgIhII4iLfWkEcSMCoFI/HTo3j8eHLBmOlzqp16dJnnqp0PdH54OT1YfjamP509Zao0/fnr66Q8//VTNNpxcRWKGsR/H7cvxkQpmPPj8sNVyeHt3e7W8zuLUuKnrz1rLMq+8lk0//PDlsjudNwv27m5VVAURqfGxMpBHKaWRiJYIcWU7bS5lxfOUXJq6lYaLmBE0jUPT7bXtpb5042M3fL40D6NqpmlwkHed40RwKgCA2CMOk0V5lfFSh+BsG/xgfNuMp1O/vfTHyzDMq2UZZXGUeihHM47W9tIc617LDhEAMfPeeTf0smvaC+UCgRyjnBBkXGPMeXd4oBSWedW17f3tvZqUMWPdHaQ51/Ll0reTAoQKRkHwU/AhjStCEgcCJTggK72yyA/TybhOUAC9pgjW/TBIyTjHiDijkih9dftKjYOZWkAH5bp9s/2y/SJdD+j48fMvk2o9mhzQBkrrOwPGU/PS9XtG6CK/WWSv42Rlg1NaAo+r6oY6xEg8y8qrq9umM61E5yGce7fbHp0yAESUJjZQ44IDAEEU0YV15nB5ZEl8dX0Hcfy//K9/eHy4bG6+Ecnqy/ZQD9NiXry+u9qsZxLQobkYqxjFy2WGkJ+M4zzfXN12rRs7n8ZZUZYBQals3ctZmcSMZYIiEJy1k2y7qa1l7UI3yv358kAALLM1BhWhCSUA4gHhCUCjjWbI3VzhdsS95BDQEKz1v0rl4EOAAbjgvPPeOQAACsBZhwgGAAfnnJEghCQtZ8ul1cYFgxBeXq+NdRgAay1AYLFcdn3njBWR8M4RDDEASo2CkSTKpATL+SmQfT9pilyRRsYGKSHlWQDeAznqw7nbPRyevhw+QaqkGi/nGli6mL2KRWbkaNUIIcqjPObx8XQOQFvoBtkQJCGQCGljtbXdsdv/5z9/3p78d29m375eR3SdiqqfBgjUfDGDTg7TSJDtx64ZpSCQx1UUzwhn1vZNt2/b091mfndz/fDw4dTWbTc65xIe3W1eF+maUro9fGnVALBIo7Q+X+p2uHTu5eiMj7T1WcqKuMqjm4hVzoF2kM/7wzB5TuM8SlOWVllhpKMour3/rpxtPGBpVgkuDoftf/nz6ctDMEYrq402PkCCkHPeGAMxIpga4zmPs6IilAcP0rzMq9nlcqJMIEKd1ZM2bdthQovZzDvoPHLOAeCGcYIB5GU69K0xE0RCiOl338BRTkr2l/rcDwPyIuJJhAlwVo2tMpduOAUKOCWJyAVPCGFOG4KE4IVxtChu16sb6+zLwxdM4qrceEilOQ7TCRGPgweIMRpRXnYjDIFBJDBywPddcxm1Mh7141ifjteLbzaz74v0Wpv+0lxObdv3zkzut+/+zWb2W+iJD5PWp8twOF52Hz//VVDkQbBuartamilAn6SiylOtlVJ2nLw1aJTgZb89NftB9U/PD3V3UkZLaxdXq1ev1q8W87/9/h+ziJ0un95/+fBl3zS9Mp73GvaWXurL7d0mT7JXr95gUYzDkCT869dXhETWOiGKzer3aXw9yMPT6RdD0OPz6bw///bd23kcAxdubq6reUU4ldP4erP+/tUrBMLD88OojXPs8bm/Wr/BMI3iEgTWdwOAqBuNnBQmsZNj075cjh8fH3952J16CYM1s1wwyhnPCSuk6j58+VkZZUFc5FdJGhEYgEVplANgdsddPzVC0MPh88PTj8qpYp7MqmQaupTx37/9/t2bv63y9TRMzy8fm2k/yot2dl7G/+o3r795c8sIk9PogWaUiTiZhnq7/XJpegfp1WJeRPFyVlJwavsH7aUzI4miiFfK2hCGeQnmZZXwWVnd5EU6DfWlOROKBReXtmvqGpI4TSrBmWCxiKqyemWCtGBYFe9SehXHSMlfFqsSBPj88uIDur6+dwZ9+PKJcXR/+4rzaJLdYj6T06jkUBV8t3tqLqckS01AkzIiShASjDEA9f7leZzMb377j0l21Q5DnopZmUvZ7vZ/reufFst4Gsft9mV7PtdTQCCaZ/Pb9X1MI+Ttejn/+u23wZNTrdrBvf/xMwjJt1/9rZLAGFUtqqbdA2Bn5erdm+845f1wsb7dHl6Mk1+9vhM8fXz6CBFazteE5d2lkbqrp77pTs4Rb/C82iyrq7Y7PB1/+vT0CyI4ijBC459+/MP7zy/fv/s3X736bT+NBACACaOEOaecU85r58Klb/M0i0Vq/WSUts7/ahDkhBPMIIQAuOAdgpBgBBDQZnIACyzSN+7hAAAgAElEQVSshQBBE6CyMAA8qYkRBCA0PmAHTQhaaQBQCB4AABEGKHhnjDeDVgYA7a0yGgFgXfj1+A8w8iAA5DDCHOMAA4KOcuSC9wEDFAAAAFjrgFOKeqGt8RQkIjFyAgETBAmB3sEACMXcBiMICQgGbyKOslRgSChlmDujg4eBC4GD54xiSIHvummEmJRR7oxjlOZpPknlnYcQWW2c0QQjAAAXzKsAPMQQs4gRgrVWxpoQgrfAWh+Cj5IIYhIz5oEdlRSYQYyANZQCSkEImJFs6EYlBx8si6C1wVhjrSaEYIo45N444DTjDCGMKUWIq2lw0PlgpNZ5lnOPtPbBeoqIiFNnRoLoarkG0MNDryd3PLQxre6uKjXVZRE75zEgNBDjlLfAWgmQd0YRgJCHDGHZj4LSKBPeBRDcuZNFwa/S6HevinUVtZOuB/V4aLSxcZZfJvnDw3Y9j6IEE2wZASjA7Xa8nNjNDARP88zMqkl3pMpBXuJJzkzQp3qPodjc3V4v132zS7KI4pAQlwo62e6nh1/+8nmbiCyieFVmEIKnl+f6ePndu1WcJBhHvbQEG2+bcThrbaM4lvrSds+MwfVq3XbA+akf6m44Sw2yuPTOFYWLEj2M1AZgkFsX+XpxncQkSeMoYx6aS1MnIpba9sPQtM25vdTdAKA/1udDffJGIueMaixwUWzLDL+csBBcO2WNccBD6D0iFEPEAMbIKmm9CQFIq6XUMaGTGk+11ArjQJt6REKe5AG4KdAxYjGfb5S33RgGQ+bVJkujm/7yf/z503/8j39YLIoix0UKE2ZiBhCDnRzfXt9PUk2Xy+PuZ4TI89H0ltZja4OiMBHx3Ti8l9rISzOp0I2uWs/G0c5zymLey1oaQyhu68dRmQ/HcGzGuyWZZwETTJPZ4XFnLCI0ttojkg7jkXASJSYeXZJwSvGopraV9dincYGgfdl9enj+8PXXv+vkcXf63PZnD0AkeMWYM7zAa46rVWoihJf5NRWV9/7T7pHgydOx7Q8WeGP1cnl3w24jRpphe26eEIE+RITN43QOaSxbSzGal7k1wqqak0HL+njeUZx56EIAWeIeX+q6HzfrO0FFawYlQ0AcEnI4vNTT4+3tNYA8TXMIPI0J9rTpTnWTLWdvMebSHAa5U6BzoN8dP45xzPCKBJYnizWLjYEh6OAhYzyOsYPj8/59mvH97lIPgwF4fV0QyjDDh/o0ajo6LhD3wU6y9cgaYDmxg7lAjL0jWTrTtgfA1PVJsOXyahZxdnj5RASkUHw+tafTYX33KmUsBZZR1I3HXmLMkYYgQjjLMqtpmecXeULBFkn0m+++4VC8uf9GOaLGIU/B3aa6XqRAHt1ZRYnw3nGGYwYinmZxOkwoy5Bgyby8iXgsrXzYPwz6khP/al4hILtzyz2LlzPjwO5y6Y1hgg3TOM/Tq9ltFr9RChDqMFVQHrU7N+eO0yrJlm9T9f8M3R8WyZ9/zHc7qu0ZgBAQDCFACIJz3geCKQghOAeA984C6J02EP5KCSPA40mOxqk4jmGAzoQszX1AhCNIUDWfa6mmaVBSFWlGCW7bCwKQMyIVqluUzSdrQV2HLw/x9er3V8ur/elJmla7blJnGcCH3XGUbr55NY0jUGaZL2J+jYhJo6FtXubz+fX1VzGLPj59Ma7dnk84gl1XL2alGoxutwj50fjdwYVwYCAX9DaLqyThi6vXwJaEhGk8/PMP/+S9RCJPo/xyaa7uXlkbLnUdC0hpkooZg6StOwvoIOF2v3uzuRYEl9FyVmw+PP7wdDhMAPPettsPVSHkQE+dcyFllEs9bXf1ItlFaFskrwGYFcn3r9fsxncES4IsCBLq1owGV7PjsZ6stLZv66bv/KE+DgrHaWaNch54D2BACGHvNOXCWx8A4nFMuDA+YBRoFAPoEIbGeSmHOE61VAGROOFJIuKEI0y8A23T3d2+q5umnzoPtZSS85hN03ZrPr8cp6n30hCMCGKUiJvVzelwlGZKksiEfrL16fGfrhenPN5wVEYsFywZht5K7UGEcSmnaRwtoVxO0zi10niBPdQtJUSIdZTkSnaqttaZV/fV8/bsvKLAUYpOxwnHpZFmNbsp8yUECEKO6TJOVpX3wWcEzwR/rS0Yzc/bz+89DtnyOp+LhxdTD53w2jsTRWRQIeOEEgvD0DaawkQpWGbr1Wpx7veftvu62YuYLheVhxgI7r0tGbxb3QbrDuePx/OLVPbt/Tco+GFyu1M7jCOjIk3irmkgpGkcr5Yb5fTX3/yr/f741x/+iCBK43kkKOFYSyW9ubm6vq7mWhkLyPXVJnD2fDzNyvR3X3/9zes7gmedVCHw4F0a58tZtl684kQ6Z//yw18w8lIZben86orS5JeHLxjZiKqALcUhoTamKIqYD2hUJkux8zBNBKOEc4IwRN6354bzJACHMcrTJI6uMZRan9ISNKfajgiTqKL0evX1PL/J0lnw2slTXgA/mW5UiMO5mL15+3VEOYRxmkbPuw/OAxKl8yrFmGMI7q9LzmBVpstF+vGnf9oed92k5kVcLA+H5o9S06G7oFjiXDtT92aK8iTKbprPDzd3C+umnz99JIC+frPY3L45Hg777TZLxaxa2wgcm5+/HP/ju+X/eF38PQiHbfO/T0Y5yEU6M4iNciQ0S5MseN03p3m1KOeFlPKnn//Fw9Y4VCxvBxksgHqUSSTleLZJuLmel8V81+yOZ+kxOlyeD6em66+WszIvI+/X54vyAdStdI4t0hREYj27frV5jR2Z370CQANsjuen5+dTueZpOic41hozUTGrJjMNk0SQVMV1GS+nUfXDMAUpnXJWaduqdgxeEUqenh8gyNMoGycxDDqiaX3pZvkCuuDsVNfHl8eHSZtxkrvDbntw//zDY/DRav6N0WjsO3z99RqA4IMNQHuvvXMhBICA9xAABDGMKI9EQikL3gXvBRcIwQAcIhBhFEAw1igrfXDeQcEowZBxSlFwxhplvFMIQf/fpgKKCQjI+wAhcAEwzhAKHjiEmTG263oICfHBWgcJYZFAlARgE8EFSTkSwftff73We0wQppCgoM2knTbWGO0RCpOc0jiKKHHGO+9QQAxT4z3BKOLMOit4lMapVXKSkrOE0qjv20lOVitGmBCx9946M6lJahPHOQheG0UwAZACBD1EWhsIg7cWIUAZx4RTHHljIUQiFgADTDBCyHrvnIUAIoBdsIzT4L2WCkMEAsAIMI4DCEIkEDPvUQAQYYIQYZQnad427TDpJEkRCAFC730cC8IYIIRQZh0gBBojlR4ICd56xrl3HiBCmcAIWj0SivMkUlKeO1kfWwwQwA4hkArhtEVICJpjiLUz+lfpBiCCqCqrskyzSJRJMk4GU1RWpWBcOrys6O+/qn7z1etFWTpgWqmb0QHngHeAgElOSo3GGoJAHqG2P7ddc7VMisxbizBmjCIMUMSh0pP1HuFAcOAYf333ZjGbW9Wc65ft6UCpZ8Q+nXZ/ev/wclFjOySCrhcVId5omQn41e3yarWx2h7rZ+92kzn8/Pj0Lx8P3sH5LAtWQkg2600Zi2E4n84vl755OXfP25pTMStT67ANOQxQG7VaVpvVVcL4Is/WxQwFaJxjEJ0u558+/rjdfQEQCB5b6y510w8DAY4BSDGmHH391UJE/MtOToMETmurAUXffzPnLEgDvTdRxMT/n6X/aLYm2dIzMdceOmJrcfSnUt28skRXobqqgYaRQ075/2jGEUcc0ZpGEg1rAuhCqasy85NH77P1Dh3hmoPkn1juttb7Pg9nQvTGGoZ5mg58z7PGUAKnAzqekVoe1odnhxAhgMIOmhYiE0aRsV7ZKd8fXp+9jnzaVmvZdUXdKc1axYuOFg2+uz9mo8k4oBTH48kZwT5EnjJknStK3MViFJIxY7xpV0W7artaaTAcLbN4pHppnT3W7aE41p1gBPRd9fvPh2MHXi/gLOmhdQGPKONFXYtOL5YXo+GQYOD5RsidUvtRxqGVacKbvntaH4bD6TAZWQDKvNKmxdiFYYCpa0XbKFO0rlXS40DKapiOQn8pxSD0rpazr/tWCtDHkSW4YUwDo0TVzifDNM3ashCiarpT250Q1M4JhshwMI69cJployTyOQHWekE8GCZCdJTBp5fPjSwAx7u8lpoaS4ejG49EUjoDiTPK87HqWoRwFifW2JDZUQoxbI3trHNZMrla3DgNvWBIEGzbXdXspCooE4zYtu+TcBiFQ0oZpZRQRLB5WT/3XTOejx+e1uv9XmrJOWOEYoiyQXLMt8fjwQFFqANQHQ7788sFhCoJorPhq4iPhFSYW0id0kY5/3x6yXGQ7+pT0fNg6AVjoOFidn51tvBg25ZrZytlG2kbjI1n3TQ9H4Sp1Pvnl0+7zSrzyXQaj9LheHjRlMX2cBcEbjok2NVtuW615Ez5TBDXTTI2SAPmeWXTQaCrWoTBbLn4RipSNDXHNOAkQvh8ehPxdLMqGMvOrt8B5n9Z7W+3R6ng9eLb6eAXBA+V0QY0Xfeg4VaIPQQiidM4vERw4HvemyvOudocnNZUit5qCx1wziKEEELGGmcdxhgSAgAgmGBMGGeYMC+InLNSt4QSBP1sMKSMcc6M1l3XM86klIQg7OAgGQPo8tPRAQQB4JxAEiYxnI9EmswTNgv9V4F/yejYOin1C+Um8JNe6LKuknTk+/Ht3UsSx4vp2XR4FQTDOPY5t8xDgRc4bcMsWK0+rw8PlJssJcpWZbHnPpRWfH7qd0d4NuW/eDtL/AGwjELn+Rxa8fR8W1QbzFHdNetNzmjgUzqZzNr2tF0/Gi2SOILOUSTbtpCiw4gw5vVth1xwfv5tK1TZHG7Xu+22QY5EXoIheznIU0UJy+I4CyizfcsACv2Us9AapxTMwuu3F9/N4pHuur7VEBJCQ4dY3pan8qVpt0Kc8vrwuCrv7+l+Iz3OAICiU846pzXCCAAIgMUYU8q57xvjwihLs0FXV4z7SprhcEAArotuPB1DB6fTmTXOC8MkTZuuz9LY42w6Gmvtoije749d2+4PxXj8XHfr07FI4xGG/nxysZxcFnmbjIYA40aJqjlti4MSJ9HtCdaxR0fDgbb982FFOCmqymoTBKGxqhedklXXHZ0uMDJZOsY0hjhVysM47iTwvLSsGuhM33VKmiSbjAZLren5dBr5Q2dx17V5ta2aHUT24vI7n5xF/sDY9U9f/tN/++E/327ug4hNRlnb9PNxrFQtROlc41GTJtyYmmDIWDgYzJJkmsQDR0DTn075GuH+9c10NAyksevNKsD2u9ffL4ZXVVMLeaCcnS0v4mjAEMQI3z08UWwDjgcJz6J4tzkqy2fzV63k5elUNt39/bMfTM/Ofm0B681ht7+XSv/im+8mg/NRMuYYSC0Asfvduped7wXT0TkEvJc1ZpZ5lOAgGZxjGlkN+7Zpin2aUKEkQPTsat501f3zen2qqEeiiGrRfPX2/N2rCQHdZruGkE5mN0rpotiOh9M4PhskqWoKgszV9UWR73f7NaVoNPKl2kl4MERudtthkp1P3lzOv0uyy5jHRkmjpe8BRMSpOax3aw3Jp4+3VXECFiGMCDEYu/1hnw7S2MfOuLPFuZTddD5KQyK7PODmx8+rXa7m88ui7R9XD31XT6dTxgwhpii3u+OdclVV7qVyb16/2+/7zbbHKCQkppj0oq/bbpCdh96s78tebIv6cZQOh/HbOHz7sv/yuP3USxuFY0p4XQvupcMsbItSKHp18bZr8u32s4XaQb7etn40Gk6W9w/bUyXm89cIpUXRS+OUMZgSwNRq//njp3+TZg/MEdhmuZxWVVlWMkyXTW36Dp0tLnwcnM8vEj8FBikp9/vt88PtviiYF9/cfBOFwzRbhEF2OhxH46iRxQ9//uOrq3eD9Mxqu98/lu0WUS1k7XE8HeLj4TmKeBwnZVm3vRqk55jGp+qkRGdhNBnP67JVsq+anIdQOe0gbNq27WDfs8X47Xx4/S+//8OHu/f44t1SGy1kB+DPvVtrjHMAIYgddJ3oucdmgzT0kdAGYQYA0M5aABGmnAbO/cwQsFprghElCCGHCETIaaW0sdY6Qrh1RGnNEOKYC2mM1RZaTEngcYSJ1gZipJTVWlsluOdRThGhACMHle95HvWgwxARoZW0xliIMEMEIWC1UggRALADyBgtlbbAUeZ5nCutemmsA84BRLCFxjiNKeHMw5Boq7WzlHpKK230z+wdCKF1FmCnlJJSGm0gBBRjpZTUWiktjaaMQoisFhBYhLB1GGGGMHXWWGcpwQhBgKBxVklJMUYICqEwphhjpbQ1WisNEdRWKmt83zfGKqGVMgQhRJDvhUkYSim00lJIzjwIHQSOe4R7FBKKENZCir4WfWeh+xk3U7eNsQ4ABCGBAEGn+75RRjCG264vq84aF4QMImQAi4J0GKUe41IaoXttpMc4JlxKFfjc98jl+eT15WyQcIBAVeXcZwi6yTj7i6/G59PBYHgZx3Ejypd9uT2WSeQhaA6nA+M0igOr1CDNKAan/KQ1HGTpOCOIEAs86IxSAiJe9Wp/rDDpOXNJFKZxrLRt6pOErXS2V1Ut2qdTnVdKCFs3PQIgilga+9DKcRZcny8RYYfDQ97cVc3+9x+f/vRpW1Smr2tHnOhKayRj6HR6LuqdUp119n5Vv7+ttENfv1pezce9JBD7EMAszYZxDJ2KQj6IQoi4VUi0/Wa3e35+yIsdJRgT2gmptDPAClEhaD3Kzs7Dq4v41Ki7x7opS4YhwQgR/A9/O/2rXw9//FwRGBCMfC9AABPEgiBOB2Pmec7pJGJZgoK4A6htm9oirETp+65tc86h73mEBYSHFJLL8wsKELDtOEXffXPFPSq1KYquE1AYpJTKiHn96rs4XHA6sC4CDkhnnjabLJYeIxhRZ6uqfBFdwTGfjhbEcs4SbaxwWDsklZIyf963n1bdq/Pw6wuiTJ/XIvB9KVQnZJaNxsmIE6pkvc/vWrnFqE+SmGIm+rySXV5pihxFNg3S777/fr/ZAACurt5w7iOkpFFFRzf7vmtK6Noo8HxvPhp8NUm/Gg+ve9E+bx+T0AwHPPShkaouKp9ijHFxOlpIgMNSNBj1wPaEIUr9xeKaYmxlvdu9nIrDcDRK4zBLw6fV/b447PJD3cq+bUPuX198lfBxdTxQxhn3CbJNnbd9q6xF2AVhKNodRqcoBmVzetqsAs+fTc61drJXhDCfUS0bhDpCnTBd0zeEcMajNJ4AhzGC1piyqtq6+fbrXw4GU+5RQg0mkDo6z+aB7yGkLHCRzzDUlLiiLnkQWC1jFlzNvxrGFwYgh/v96fl5s657bfuuyvP8tIuT9Obm2+XiKk3S57sviwGLmaKot6bVQOZdlzfSqd6jsdRqe/q8L1cWAOb5vVYBy+bD10pXZXMvTQFM3bQ7Z9rZ69cvz58D36WxR4kBEHSWQh6s1ptT1QkJhPYhTKWGvseRkZeT2fX5NYYMMY9gFsSpRWBbFo+Pq5vl1WzwLmAzSmFRP65275V5BrAsii2AxjmUhOMkuPL8pVIdQnZz5OuXvq6bn0eTc45QbB0C1vxs40AIG2MRBhihnzls0CHZdwC64WAaR0PP8xmlbdMYqx2E1joHbF3nxgjrtNLSAVd1TVXlBhhC/Szlf/+Xs2H2JgnfQhtrZTWsDvUfdvsfzudfj7N3RgEAVJpGlPB//f0PgzS6WEzLojOGBR4KYteK0/FwaNu67UuIS0LUeBLFAWzb0vOIx9GpltsTNtp+/3r49vKMsbTKO8ZYEIRVedhsn5tmv9lt66YP/MQYdHN+/rJ+3h0eIJTXN68HaVqV+747WSeBlVHg+dy/XF5i4CNEte0fV3enxgGDA4TPxyMMyalWL6tKGep7wXSUjmLvbDJbjCdh6Le6bkUbh+komZqOauMzOh+NzgaDyfbwUHQHFoBOVafiePf80jasaaZtDYVoyrJqu9ZaSRC2zkklOQ8wJFLZNB54LPR44PkeMDD0YwhJFES+F2hpLi+WZdkqYabTqVaWcp9x5nPKOcQIKCmclZvN3mgjhE7THeZHLcyry7fXlzcBSwjgcZIFcdSKepfvjseDhRhY0ZR55PNBFDhtDqft08t9Wb0QYriHlBKDKL25esMJM7oBQDDKIA49b6gkXswuPT9ZveyOh/yr198Ms2HgBapTcTRO4jnCXsxRr/qiyLXttS2fnz4Q6NJoHrFxFKBevPSmrIR6Wu2AQ6Mkub55A3SroTBQE+rSLLDA1K2QUiPke3SUZmeEkqo/5vW2EU0YoDBgddee8irA3q+//Zuz8dce8XmILWxY6HdS5kUDgT7ttpzh1ANRxKMgTtNx34NsNLOOPK8Ln8HzsyWGdDZ5PRq9cYhIczieHp1zw2Qwzc7GyQRY3fSlcn3dt9vDPhtmnhen6QBggUmvjYSU152qa+n7XMl6kDHfx6eiZJzOlxPMmBJNlno354Pz+fTd61dXZ2OP9Hm+PdWlsngwvkaMHU/7OByMJ1cc4SZf+x6OkrTtRdVW8YBKlbdqd2y2L+tdVem3l786m3wfsiUlMbaKUBwn0ygeSKNP+aasN8oZowEyGjPW666pi+3+WPV6dyyRFtPJWRBmSZpoI758/Lw/HkMeFJq+7JUF/scv+9//6f1yNvrum7dK9XWdr/f7sq0qKT/89BN07vtvv2UktNZ/9+6bNE0e7n8qqjLygiy9TOOpUuUp3znXQaxH2WvRhggEh/IB4jZNU0Y8Z8lgNBd99f7D+3QwDmLSVC93tz+e6rqs+tOp9hiHVuVl3VTdIJlNJ5dOWcL1IEVl/fS8+fTj7U9lV2UhjTmJuE8IrYqq6+H8/DVwaLvOz2aTkPtd2SpVH8tCyJZhGIV+EidRknW97rp6OJwqqQ6Hp7LZVF2x3+0vL99wlt3f35/a0/605SGdzMZx5EFinlYPGMMwSetGQhAMBxd9ryyWbV8LiZN4iAHOshg4EwZQ6S4/Ha1FGIeRP3z36pda6H/+wz/v8iPBmFKHlNIMc4JZL4WwRmnLkDFS9EJAiKap9/XNpDWmEwBbVzUVsA4RigF2FvjMU6JTwFonLULOWWg0tkADq39WXxlnHHDOKq0QgMaKXncIwoAHEELsIALQGWt/zhRR6hBwwEEIMbaIUM59TGjTlMYAALFSUmvHKWWIOuswpgACYCyAEFMItXXOOAWFdcoBY6zWFmJEHHDaaWcIRZ2svGhEuVfUFcZNEKXQYAdxGEaEoKZrDaSO+BAriCRljHFPaNk2TRhEUghnLCPIIASAs1prAx2AjFmHLMaIQOigM1oZrRgmRlkNrQUWYqiMts5a66xz1hnjAECubwVy2DiolLOceX5APQ4RRAgjTLkHozCGQDVdgxx0EGpp+qbr29YCywLf8zgm9ueV2uG4S9MRwUQ5o6XACEGEO6HKstFGcY8ZgxxgbatPRXuWpovhECOSlwcI0M3NTVW3z1bHgYeBKU7VNEsCRiDUVusyLzjRv/46+8tfvJPSq5qubepTY06VjpMk8cl23xOKQ58NQzqcpvuTyBsVxkmCPKPjvAATTn0vk2pPab/eHR9fSil1lgRh4DlY7Kp71FZd3QjR+h5ano3vH7YU6+uzoKjsseQGkQ8Pu7IqhglG0OwO66ov15v7z+t12XmYj4ZphM1hOZthSo91RTkJG96JY17ttTUWMeXIoTL7qri5NN9eL29udN5qjOcc+UYrwhgCoOwaSG1vRavqY7FtmoIBYPtiv3/wwszzk7qtpcydH6ej4PIqRRQ0vdG9kKIJYoYhdBALVX/9ZvSrb4f/9b83zvSc8SAIkAUOAAxBFgWj8wQBWTbV4VhNJsCn2FG0LZrjqWbInoqjMfjscuko2TxtjvtbjkkUxJz7lBHnACYGg7aulfVDKUpCozBaWB009Z5CHvso4cWz6d/f/ltAFMKdaHUYjCkE+/2hOazTeJ7EI4sID4LD8YnC/nhiz3s5iPDVzA1GWW8Aao9BEmHgHQ4NCLxButzv1qfy2JqaAFX1NhYiYNGxbtqu65XQRsu2lNzj8Oz7r7+v2obR0PenFqCq7lemLBt3OpQeT05FTuEWOcqAwcfagF4p+bTael6UpQn1e+HwOi9pj53xfxZcYAmdVdKa/WllYRgGE+6Ykf3mcNofV9TnAPStrqWBBpJWtL4U59MpQ+E4GVllT/nJj4cQhb0ovXi6LY93D49v4CIIs7o55dWe++RY6VNZ5c3qYftBS1J3TRQOwvhNP1GbvexVrRGQoiH12g8GrRhPhxfPT3dVKZHzfJoRG10vloEfrjY/PW5fknh2vfzNqd6f8lPkqTRmsU/ycj1KmBHtbrNLb1IHnFCg6USr832+3+YbRHofae5IOh4Psng8yPwkzlLeFVtTH8IAXp/d5E2+yg87WT4dy4NqZpPv4nSWZeNfTX7d9HK9OUoJL0ZnUXAe+eXVcrzJy6raE4bOzxfJIEnjAGNZ9701hivVmbZ3YSukdVDooq4PwA+/efs1QqfPn3KMes4twKKVJXQYbmHvWtEcL2eji/krBHwErVTHXfG5FC8e7FQnj/uacpyGPAhPQh44W1qNmwoIARGGjHIHgFK9dVZKZ62BCGIAZK8QMZRxYw0gwCgXxT7nnhJyNltyHntRahyimNStCCKfMBwE/vG4i/207VrPS9Ns4IDTT8+DZACgsdatt6oocIatR23Zfjw299vq+e75j2/P3/j0Yphca2N73UAfVm2/mMRRQLaHh7710wiEPay6u6pbcxYx5gW+DwwXlC+nF5yBu/uXxWJMERRdhwB4de5fzLPR6KIuHPc0ZR6loTEgSuL9/hD4XuijYbboNV09b7483QGkLs6mdbvZ7goHWuCAz5l1ntEgDEME0Hfffq0tfd49drIliHkeu5jN55Pz3eGZYMx88rJea9dpFbp2nvoAACAASURBVL+7ycpmX3eBtO36UOZly2m/3R/72hA2WkwuotDb539q6/+2r3aRC5TuEWUME2Vdm4u+bfquk6JzwCGMtTXOQoSJhdY6pJTW2gSBp3o1GY88yOuqDeMIAth3/Xw2O+yr2XQppVa9Pp4qpzAL/PJU+F7Wtm3XiiBmo8m4a+q+U/s9joeQMS/04uXsYvWcf/j8MFssOaJ5ka9enlvRn129SjmzrWIk0Ypsi/ZUwTi5FmJvVdG3rceiqicX87NxNpS6LutSiFpKW9dyfyiXk2XgZ8Xph4Dxs9l3SslV80WJehjfZKOJMs9l/thIG8XLceaNg8HmEBBMwiCLWaB1KWQPYPj69e8IW1Z5sdvuknS8P60703d95VQ7HF7E2fSHD58xhMPRK84TCMDjy+3L4elU5w4RqXC3K4EVs3j22+/+fRy+lpL4AWyx1bX7fP/0px8+U+T95ffvlhfT9dNLFITCUUJ8LxhP2IQw3xqQDdOzZXJ5tvARGQ2+zaKkEXuP9m9vzo6n3OeEYsp5KEgMcNDLDjKMCeScDUeTwWShNfj4cdUpzKnXNLXHvJvLS23OlNh9uf2hk/V0NLaOZPHgV99HvkfHWegsbeqGkjby1Xb/4gzQyjatGKRD2VMHIkaHXd9YxEajhe8nABaI2UP5uNs9ECaNQdcXX/2Hv/vNJH7zdF8JqCfzzKq2lVJYSMGIczweGK0Q90E56GI/u7x+8/T88Hj3gxenHej+9P4z0BKzbJDQOAh3u93D/SrLhmVCihPIc2BM97RuypzmuTLKbjfV+08/9g4DljarIzYMEvXT+/cei8fD0XQ8Op5eTqcXR/1h6A18bnUHXA+MVtY23eFffvq/z4d/F+Lp2+X/6afH/4uUufO93aEJ48wLQglcXj3PBT1VzxLoqtNxiK8vR2/fnJu+Wq+7NA0BQIxSqYv88fHkS0vQ4ZirzlxMlzeLcUIpwaQue61AnE0oCaiXDAYDZxUGcLPbkfBSOjQejDhAUeir08b05YfPH8v8GCeDNB7sj09RghTQtai6voRwl5cHGsC67i1uPT8zWrRtdczLMEq6vm9b4VOkpFOqiXwmwpQgQhHzM88qkSTp/rRrm9I5QzCHACxm54EXno4r4sNZMiFWQ+cwRhxaQjmyFkNsiIXYGqMUQwggQ31DmMQMO2EZo57mxgDGfCmF0gIgCJGByFhnAWAAKGssQj6CjiKEGWvarlcdhhghprTVVjlnPB5CDHvdKKEwIhBAa40DgDLunFHaQgAo5YQSaDGEjDOvbluMGYZQ6V45xVxAKIY/FwYAMUZ4nLGASymgc85q6CBG2DpnjQHI8oAjjJq68v1QaGEsxJQ7YLVqndO+hwm2wBloNTCIMM8BiCHxmQesoQhjP4h8nxIMrCPQAY9bbZSxrZAAIkyYdhABzJgvTG+MhRgZ45RWnHGPY+sMpVw7p4xFGEIMgQGi1wpY3/OdcxAAiCDA8GdFJqWY+z73qUGYYcgh7NoGGiNl29WtVdpgGHKGKWCcYgQEsBihIAgQ9OpaWGkphtqAvGq1AQjBtusppz5kTdtaJSdhcDVfjLNhwFjdq2Q4+nT3AICTSsVxZh143h7PxgHnTBljO5mNIAedkwpC2sntqW6+vLRlb2bTEZC1R9A4jQcxuxxFi/FknKkfvzxKYCM/hth72os4CUZpFMau7eta1JtDyYlkxHKKAYaHQvPQHMuyqQpCaRTGcRIMEI48rwj6Udwr6xeN/qcfH4cpX07CXaeN2T/tj3++r1Ju/vZXo3EUs7cZZXyV9xYAZwSw5WTAisJWjUizbDKm9PN+c7T/+uF4PhtOhziLVd/gs7NZ7PnAGC/whBRCdE3bClG34lg1RwQ0x6yr9r3qM+wgsNBxytjyLBjP+XonjwcJrSbEIAiMs8jouqOdlX/xm/C//uOLMQHFwFmFMeykDTj+5vX8epkd83yb3xVlm4Y4iT0Skt3WHMu2LArfY+MM8nBd1KBrD59v11maVZVcLq6EgcPBHEHvzXLZK/np/qltyDBJw2BUlKapu6/evMPUAaqOddX3z8fi03wxg2iUpRfKH3jBOWHMKVB3nYVEA6v6k1DV53WVN91FdpqPZ5fnbzDZG0e1dGVTaUuVjqLoOi+6VmiFDAbYYwl0rBNAO2qM6wXkxMMIF6f9dv30i2//4vd//LBfHxHX2nJGfaWfT6d6nPgEc2FM3e32hyefB8N00vWVgyXGuu1rTJxUvYGw64QqdtPhHAKThqnhvG72Qqr71bMGWRjtQ5gk/uh8EUuF2lbU/Wa9ux9MJ+eDxazLkILjaAhBkoQDCPFiMYviBOBAKRYk4yietbf3x329mNDQH25Op7uXp7oX6WBGfHVsH6HjvTROg2S+HCXXfb/Nt592VWltj1yZJDkwp8nogmBGIKdOLc6vqlPbdPhYyaazXW/OhsMQL0AQj+M1gSj2aRj4thEaNWkywNKIrl1tXkS0kBZuDi+b3RPGvc9DP6DEMebRY7F5+dc1oaEGcDqfTpMlBf1ms0qSSYtgBeDmVI/SSRTEF7NXp7Bv9EOUuLzulBCT7O0ovuz6xrpiOAiF3BHGzhfJv315HAwznxqnJbXtKS8EgL0Royw1hlPkCFLTYepjuN6v9qfnlz6vTbc+nA5lPRuOgbRK1h4w333zyyQ8N4o51Gp1Yp6Rjch3NYK26gjojbbC7fbc4jS2out3e1MUACGMKZFCAYwZwcA5Y7U20gKEOYUQQ8ycU13bQ4QxpgBYQjEmTGmLMfM8DyNDKQ+ChCDiebTBZa9NHMZR4GEIrAGcBsNBULdlURaUjn74tL5+c2CEr9bvf3j85FiUegHnU6n8tlWdqMpiq0s3mkz+49//dRiFf/zjnwfx2fXVBXBy9dO/HOpqPIosRAAHHsvmY9bXPYw4AKRru85ij8UIltMsjDwPW5aG/nwcWoWhBZR6nousdQHzsmQ0GiylY9vN82J+HiQcoub3P/xb11dhwAZxCCEO/EHTy0bQ3bHw/YaHaRAPri7B+/eb+Xh8Nr3JBgsL9Kkr42ESPmxboXrZ7U+qsNrnMMraz6vHMIiFeT52K0IiQMypNspGbbd3GCBsPYBBz0ej5Xly9vBs//m/901R9rIB1hIErLPWOe5FzhkIAEZIYSdlnRfG57Gxqq4bP4iUEARjzw/qVgZR4idpxhkhTO5KZawoWxgHEDJCnHOi67QfBVJUhJG+TybDAVAeQBw4gjFzwErbmbbWpi6bHEI6H12dDRebx5XR1trhdH7JUlvUDcPnBG4Px8+16IQ0//Qj4CxYrb+sdz+Ox3GWnQEXTKbTKDgfDaa//h0liGI+KesdppObN9MkignGXVvl+RawOEz8Y7l3x4PW8ubmXRplWFsIda/Kui6z5dU33/y6qmUK2x/++L4o7gUUjMHARy/bted72kHgrLUgCobO2dv79z883MbZOMsGeVEMEm8aDb579deT9BenwhSiiMcjJcDTy+7954fdqf/6zdz3cUSdGUcBx9tSEIKMcaPJ/Hm9yk+Hi5u3URje3a/qso0Ter/608fP/4VyEUa86cFkEpXFgWOqAUMsNP2eQD0fReNsMBxMAIRCG2Wd74fT+ULLU130HqF+OnGW5eX2zRsDUbicLQmdQKM8nweMPq9Wx8Px1Zs0jWPxXuXHPMpixokwZn0sk7Reap2GIcMjygPRWW21Us3j5uPD6mOahR5Jp+dfXY7+B+Q8bX8KIln3j/vN3aku/HCRJucBHQyi62E8Emp7136cDc7fXn7b1rIdrKGPwiTM606Y/pA/cywjf+ZMf3m2mI6W33799u65NNKEYfb995dVfrLWrFdbPxwtF1er/FR0uChl7HuQkLyshiGVzvz44RkgpbARfcnIIgyisi2bZuVgA50PCL/f/n6b53/3/f/5Kv2dRfv3D//Xmu1OTROePM9zs7Px9uXT6ASqtuy1kNoMR5PZaDoZx48fn8OAUh7FaXIsc43Vh9v3gIj/8e///Rs4HAyaUUxDRhiEhGFle8Ip5axv6oC4X373WraFEG6xPIPacUqSOOrLBhPc9dJoOxgOZpMYw3YxO2tOWRBhR4gSTjTV2fRm8ItvIbMYy1ZvH56eNtuHLCZQ6bLuu26nhTdZvEKIbvePgHSMp2EydIBRHonOFMWh6GtLTRCzrurH6XQ6HLfdUajNYhlxwvDi3Zky2lkHIXQOQkIAwtYYAByBzuMepng2QlrpQ4OUcNZZTD0HKISuV+2x3mqsIXLaSOgAhI4wAICJw4Bg3nUKE4YJUUb63POYZ621wDDGvMBXVnd923UdoZQw2kvpHATWIeQgBoRAgjGlTBsjhEKQBl5CIXfaaCOBc0EQA0R6pSBiEFFMMCKEYoowcUYrZRiPOPUxhA7YIOCMY6EkcE5qq5QCDiGErJEQOoapMZoSSjDtmk5LTahHMQHGIgSdBYTQOIohwogyAJzWCgJoLIAYQ4AIpZiQKAgQwNgZCyym2DojhUIQBh7FmCIAOOdWWmcsZgRT2AmllfY4gxBq5RBClGHCILAGSIEhYIQhRJ1VWnXOGJ8xCABHqKl6KRXzeZAEnk8gUFr3WvaDbBpFmRFGaytlZ6wGEDgDDLB9J4SQhBNMUN9LAEDg86+u3r6+fMsIE31vdX8qTk0vGfWsddoZCCGnsKiqvKwJ84YZCRiIQiaNuH1efbjdnkonpFRKjNIIAgugTdLw+9c3y9ElQoHs21pqxjyp3bZoGMWDkIYB7pR7/1i+7Kqb8+gXr+IsJQRTo611yFhDMCEQno75aDyOA/9xtdmcqrPl/Ho+RlYo7cpaCEc2ldp3oOg0RejVxF8k9mIeZwHrmtYhst1sk5iczSLbF1kSp3GIKepaudqppoFVI6cjbzFOotBDFg+SdDFK0zRZTqdGaakE47Ao99p0u2MpWulx5Jx1ACex5wdca3B2PvjVr0YsRC8bu35qEXAIKqsNRpQzOJjg+RKPYth2VOtkNIgxMB4lCOLXV7O3r86Wk4lS2gIRBJoTEwUhpvx0ymuhV6sTopG1EhFCMGZAWt2OhxH3GYVuNDnz/BkEAYM2Zi4mGjkVh8Pp4t3pVBXFejoecu62p92n+00cOEYbhDTHwXxyPp++co5q64DVx+LYdqe8eCzquw/3D1+2/XQE3r0yURQOs7noZX489V2LCUuSCWGjyI8g1q3Moesvzm6W0zfYhVIDALXVYJ+DNPQizgMvbjspRS8kres2L3bSCACbvDhuj2o2Gc8GNOCo76v9aXU43Ttcc9b23WY+4YwIJXIpiqqunDUYkYhR389GozPP86IkOZTN3ePR86JkMMeAERJRlhkDKEdCHE6n1Xgce9gxB6bZOGDZYvZmPp815b7O9+9e/xqT6GV9S4hJ0qHo+0EyfvPqtx7BrajWuxfGyPXNNaW8V8JoMRqMMWDOIUqCvq+O5fHTl6ftppxNp9bCsihlrwZJNhmOsyBxzjkUHIr+5bjD3AjnziZfT5JXGFHt6iQJs2QOwSiNF1k0CqNoMhxAQAhKh4NFGPK221TNQxTYJIyn47Mg8F/W93V3rPr8kB8cYKPRjEJnda+UrurGQqu1NMZM0nQ5fDXJXu+Pd8/7L9TDRquYX1wv/54zSjiMgsF4eLGcLaw1bXd6ORbWqDgKojhgyKaDJAp9ZWwUBYxwLQzD8WhwLmX/4eN/v3v8czoMd1V9t9oYzBmHRjYUmPPJ5Sx7FQVzrUXXrwlvhCr2x6M1Kg6S0POZFxRVvz82xmHqRQ6yxy3/8EUURdm1HYaQYAwAUkZZY4BzlFGECKPUKS2lJBj+nPbpexEEHAE2ni0Qhm1ZWNNxHlxdvtJ9TzAEyAjZ8Z/xtb0IoqjpaoIspsQ6iVlESBPFzy/Hx115yot2Mhous2yQXvp8UjWn58MP6/2H7XHrU5wlYVWVf/zz+8QP3756iyF82X789PjZp97F4hV0Pna9dU3T14d8pw1M4vR0qLtWRV4wiiKPpp43GI0u0mxWV6WSPfd9YbquPUAEry7eRlGyellRZJJskqXpYf90v3p83G69wLu5uWzqjvMUWLo/KKvZ6uXw+JIPRhOnpOzAcnIxTGecQ4AbbcsgsOfnQ85MFrvzSfTm6mwyyk55fiiKi7MxJ7Lp9kp3x/zuZfe+FQ9193z7+FMcJG+vfzNMv5uOfpFm2Xqv/vFfjnledqIDECGAnIPMC30/UspAB6MwI5h4JEjj8XS6XC7O61adLc+ksAig4TAti/ri6mowGjw9rAaj4Xg2WiymddmcLcdaiabpojBQoldadF3l0YBg9827nlLiJG/bNvTD+dnQ8wGmHYR1JyRF/N3N19NkcNxtozC8vHjHgrioWiF15HsIACVtnMyCeNz1lvvI89qqP8xnZ6PBq0F8PRpehEEGIVcWKaOb5tR2FcE/n9I1gF3erCHoBsNJHETr1ee628RplMST7ctJdWWcUguqp8dPx/zQtWqQzgKe9gIBqwhDBDlK6fF0POTVqeqDIIi98SR7F3qDrt+fim2cpjzw+6Y6Hw6+ufrN1fR3UpFdudkXT9rUvu9rpaTUaRy8uT6HtqJQzBfTwGeDyYyy0FlIqfeyeba6my8myoiy1caGcbK8e/gv/+n/+3+jHlmeXTI/bctj05RhHGBIOCVpwuOQUgIHycwPRvlpfzg9Aego5Z4f+F603eWUktXjXeDzNBswFjKevnnzG4aDfL/u2zxNQ0jUev2+ap+Qa4qqSJM44PHVq29EW/30w4+L6flvv//deBBCqHngnU5l15fKFGWzVUaMksV8/Jth8q2SXl4fTvUz8aq8fNiebgVuD8XmaXdX1i9pnMzGbzmdchrOxwuO46LqtK3L+pBmMaCelaeA90kE+6Y8X05fX19Ox6P96s44EqWJ6Evue0YLKxsCwXJxvpylAIPH5xLSUHSlR8w4jbRSvRadLofz9GlT5kX7ank1yV439X5/fD8ce1Y7GoQGqMPxaTLOZuk7n1w4BHq12RXrU3vYHZ+FLIcDH4D2cNoeiwphEoSe1e603z7dfQjjaDG/gDDQVu0Ot+9vP3I/XMyv0ngJenQ+HgEhJuPEUVu0eV3nQeRnEfeJUk0xm42m8yll/mm7z9LZ5dnVfvvUd32ULogftX09nYSiraCzVrQEkW+/+zaNUqRt5Gfz0QwA3XdHFujbh6dTWV9cnXFKlANKYmTGr67/QsjjD5/+iTK6WLzDEB72K+5Fxpqn5w/KHMLEPN/fIeu+efdt4PHN7iOm9WAYe4zjr35zwzyKANLKGOsARAA4Zx1GzlqDEPYjvJiwsjGnEjR17YDFmCJEkJPGdK1oEEFRGGPItEYQQsoZZoxz3wEqpKnqBgLAqRfw0OfUWQOcZR7DFGptZCuAg54XQgSlEr0Q1hpKGSEIAIcJIZgLJYUSjDBGGDAaAGO0QZgAyDENgiDGhEOArFEQAIjoz5ZcjIjnZ5GXEAK1lphYCAElEGKMCEEQGwO0kBghBKCxkBAPQGyNM9oACxwkAFEIMaWMEgIBRJBg5rVCWKMpI9YYpbW1FiGMMCIUEoI9n4u+1VYRRq12fd9jjLhHHABeEGhpRC+0Nj+T9yGEGEALrDPIagsQ9nwKgRZ9B4EDDvVKaa0xAAgChABlzAEAtVLSQIQQBTxgiAJtpLIGIQAQo8Q32lR1hSAw1hrnAIBCSq0NoR6EiHEv4KE22g+8YZxcTGaR5xenU1VUy/k08jnGDmG42bxgBKeTpOtrA1E8SLVqILLc58/74493x7qGSvS7w/F4zD0Gk4gBRCph49C/mF4OBtdJFPk+IEA2ontan+q6TxNiVH1q7PO2d9C+PQ+/fTuiBHW9tQaOhss4Tsuq2O6ruoNt3a+3p7x1X56PUuqA0VESX0wHX18u58PIpzr27FfL4NdvJmeTZBinFFElDffD1abcnSo/5A7oNIs4Da0jEAJladmxl6dcSUCw+fZm7DGktTYWTEbDwXAwTLO2raQSgywsygOEHeNgsyu06AiFPvMGowFhnDP81bv08ipwwH+616p0ccCd0UbB6Ww4GYM4JdmQLebR2WLRlIQgGnFwNpsFjL66GA8HsTLi05f30pZhCDkBUgKhcNcKpaE1iPrh9eU5ogFGvK1aCAgEcDiZWmUITYNgEofD0zEHWo1Hme8Ho9mF58e9rIr8uWn2nx8//Od//eHHT7vEbwPWtG3lrMmSmGD6st3uTofqtG5luT++FM16fdx/WbcG2PNJO0yUNVBLezieZC/TZGA0LPNSWN33h7I71E1JHCAwm4zehv5Ia+KMBgDfrfqAsmk2QSQV0vi+l03OCA4J84xWDAuhmqo20OmrGR+moRZSyE4ZQ5nnrExCEocGgk6pumlqgLlSQFu6mKSEpIREh91BA8ijQdEboRRBLPQ8Y6Cx0GOEckw9iXC9Wa8G0ZCCAFrf92KEsbJKqE4ph0gogbl9+vPh9MQpFsKk0ShLpqI67XePQtajyXQxO89r9bzNB8ko8kKfBxh5TlPRS6WV0v14svyL3/1u9fJyOB2W02XsZxjy8XDMcAhwVLZdLVqpe86Sy/F30/SKMi5FLkzOORkO5hSBJPYmkwFBpleKoDCOhoxC4PJOvMj+4FOeRGHbF8+b+91pq5GZjpPADxjzgTVNkyujOiGdUwgBa7XP6Gz4FQbpT/f/+rS/9UOKFDkf/1XMz4TaYio9z4OAd0of89P797/P29ZjDjmJEBpmnuwrrfTy7IJTajSw0mGYRnwErT3u7wBuWy17EFkS1L1VQgLdz9JhwmcYZpDy591DIzen6vnh6QkjG3J3Np9dX1wGXnTMWym0H4ZhnDA2ftlFHz6eirxECAKE3c9ZUNk7aynC1mgpemA0sAABgAi02hJEMMEAAMqD0XjcdZ02cpBknhfGUdR3fd90lHPjnJYWADqeLCBEQkiEQC+F0TIOk+Ewm01yB8V0sKQanE8GSRB7XpJk07avt6dHADtnDNBK9OZwanank4/BKB2oXqx3942oIMQRC7J0Ibs8r186LaS2FPHL5fV8cmkFGKXzLDnzgylnie9nhLK6LgxAzPMO+cvmtKJe4HmhsrKoDn1zmoynHHuyryESACgAYBj5shYM+U7iJB5zGgCaPK9Ot3crYgyyeDJaDgfp0+bHj7e/P5Z74KpRRomrJ3F4s7hYzl4NkkXXGaWNh02W+H3Xncrjavdyt1n3SpdN3bXd+eTtfPpb33/r+cO2O/w//7eP//ZvB9m3QvYYQQARwoQwpqUSWjiHGKEQQGCQwzBIQgdQ0zUAAetsXZbD0UhpHSVRFAWb1S6I/CQNmqJqy2Y0jqUUXS2CKMAYdF1LIAp4VFf9aPpIPSE6UOQHP+JxxD58+eOnL79XohkNph6NhnFY7l9++vGPYRQEUfrp9vN+/xzHaDGNhNJhOBuMrgmOtJFaPxjzVJSn0Mtif+nzzOdU9uXzy+329Cx0odUpjABEbVWttG2FaYqm8hg7O7vxGd1tv7xsHrwgNCZ6eMxFV8cpPZyed6f1ZreuykL2ejaZjEdnVgtnBMN2PBoTz+t7UVTVfJqNs0WIZwGbTIfD5Tzq271U9YAFbxevr6ffJ9FscbOIY1jXG2crTiCjPAzT87MZpUA1R+j0eLY87fPZ4oaxCaF+VZ76roFQxYnfd03diDi6GGeTh8f/ClC3XFwEhBMWqi5Xsk+zke8NAz/yI98YHSSDMDlrW7feroIEF2WuAKFeNBmfJckkDCIh+vv7h86o7SkHhIkO1FX3sr7Pyw3ztUG5dHkh6rbJKSO/+uUvx5OF0QC7xuPwt7/69TCZ9M2pbQs/DClBxtVSFs7KYTidp99Os288nkDW70+f1+sPZfnytLp1Tpatfng+/Pnj55fVZ9FuKGJZtEiiEedh3zkAvbI7VvWREqstZrBPIqKkSrPQATueDDFGfZkDB9MkslY83t5ba72AQQAJAZvV7bFuaoHKqokDMoy47ATl3GKwqysDg6eXvsqr67OLcbZ0rnP6+Pr1xXaf53Xt+YF1VssXBwrihmn4rbW6au4gF9v9y+6wnS9mk/FENnXXy8FoJA06HKrjqUhDaq2ezS6tBMdmf6g2h6IiLLk4O9+/7IhTk6EPoLMUlLK7fXrCWJ+fTTmzVb7/0w8/dcoC7AHgdbWLo3EQJHl+eNkdp+c31KNPu/vPn38wzhGIVK+10YxzL4inw6lSxAF4zHeb/QMmTe+MFOqbb98Rp4lFzA1uzv6KeeHDy78KcRqPp4N01OVH2ZWUM2Cbuj/dP//Yik60apAN3ty8qZvt8/PHLA4GyUhrgv/q79/MRpHUrum0c44xprRGCGCI2qZVAJ3NwuuzaFvaotF9JzyPYUyds5wAYK1UimCS8JghT0mpjOKE+jzinEvVt23Xdw2BmGBOOWOUGWOUEdxnnkebpu2anlMvTQeMUC01BAAjSAiCEDpgMcaMeFIrAGHoBZRAIVujFUI08BNKQ4yZRwNKsDUSOU0xxRgDTBAAsm8Y8SlhGENlOql6B4xQPYCAcW6k1UpRynzOMSJOGyMNpwRabZQCxgJMDEAYAiV6jzrngFJGSGu0hcBxSgG0UkklNcAUE4wwRMghgo1SShuAkda67wSEkDEKEYLQdU3bNp0wBjOKMMYIWGugQ1IobS1lxPOp0r0QwlpgAQGIWuOUtRAYhKCBxjgLgYGEIAwIR4giggGEoOlqBAGC1FgguqZtOggB5wFlIQBA9pJQQiiJ45AiCh2giEjZH/M9JQhDa6yl1Av8KEuDgKOfOxhB6I+H0XicSqMIcbMBCwOPMXYo+y+PNYVklGXKGKP7i2n07npcluXzrj2Uje9Rj0ceCAZpMsmwsv3LLm/qTmtRFIey6nuFLADn8zgM2Gp9unvaKwkRi8/Pzouy/f0Pz8dCA4dFr55f9h8fToSnh7w+teV0kL67/naWLUfpOPWT7169+ertKt6sXgAAIABJREFUu7qxh0OhLPT9RDu2LYGBYV72SuvFbFS1qii7zb6selLWpNjXFGNnzMXMGyZcSLHan5I4GU9maZJ2TbndbaKIEaaP5VOY6b49Hg+5x3zKWJJmxAuHA/zL78ZhDIqDfPhUcQRDn7VNwzzy1dfxzSsmbauBXM7SYRZrqTab03I5ns9HnufPF2MD3KE4rnYPjS7Lcs/jsGrk7f16kIy1MtrZqkdpnELkV6W0lmMar152DnmnXQFRvDx762GPAXB+fjkez7QFnz7fCdEEIW7qXd0eN5V8/yybGn3zOvvVd+O+b40Rg+EAIvzl7r6oWtUV+/3Lav3kGH46dUVnOGt+8cabTqK20wgCTP0oGJZFqwyQxm3y+v7h6ZDn1vbL6SDNFhQPtKJdC5VWQnVfnlpgwMXsfLx413Ti9u5zEGdpMqKMtW1FSONgvTlVbV9dzZPJ5NxYCCksyk4a7CBq+wqBBlNT1EUnlEXMOaotTXyPsIEz5E8//uHD7aPFft0JjLFHA4opo55TNgpJ3WziVB2L59vbp8vl91n8GoIQYtn0x+1puznknQJJNDNA7k93Zf0MIeiN44wRAtr61LQ9ISwbLtJs9MPH292pC3jMCUmCyGgAAEM4tNYaqyEi6Tj74x9/8Fn4q+9+GfsRwZ41wPOHjKfc91bb26fVl/n4ajF4G/MEEWBcvSt+ytvP2h1E/2m9+3Oe3xenJ6kMIzFw0BkLdNt1+6LYH45F15eNLF4OxcfHZwv0IGGL0WyUTqTolJKEQGsE0K1HLARaNM10+B2j4+3ptnd7n+AQL14t/laq0+H0+6YtlDAAh/dPm16rn/HBEbHAKEKoljWAGlEKCPt52sgehP409dO2qrruFGee9aIPT5WC4dOmEqIZJel0dG203/dmtX3s1Umi8vH5rmmLOGLA5PlpVbWFtFJJPRyOktBjFOZH8MMH97wq274zRlsLnLFSdQ5iTLADwBpHCSPUd8j97AQLo5QQD0BoHQyTiDKmlJBKJEnqR6nSShmBCXMAI0K57xPMIMIWOO57GMO8qKoiH2SpEPbdKzSceD4be8QLw9gBNB3OzxeXRV2s9w+EqMV8hizkQdQLGwbeZBjF3NdCQ2IJVUV+nI+GUZxtt/e9Kete+J53cbaIfJ9TZhX67pu/mk3fKKm0Vn4YC9GXVeUHibFqf3zOyyP1I0C9+8fVars/bh4Wy2XAU84yA5DPYdu2+ak0EkTefDa+5l4UBIFWxlo3HY4z35tMzmazRd7sj/XLn28/96oeJg7bbj5ZMjpfzn55dv6r0wms922czQZR+nO/vVWq1vbQ0kMBRNstkuTX3/8NgcHp8Fi197cvX/6X/3W7XfdOSwgxQZhiBAFFEFlrAs8jABkrtZHG6bbvMMEIY8oZ86iQuq5ybS2mVBvb9qKtGt8PrUVamsFg6MU+8zw/jjCFcRpZiKuyBdDsDp0jn8aTNkoGSja9bPfH7Ze7n57Wz6PReDa7WUzPfI6/fPjQKEkCnwTBy/bpeLhnyGglEEv9YGqMVzX5pvzzx/v/5HTl7CBiE59nnFKjmqrdldXOQTQdRfXpoW6ejNs/P33ujAqz4afb9XG3GY7Gy+UkP7388P4nB4LF2TcAJXVdN7Ipu6Lum2wwns4WCGCge0zZeDiVUnVNJY1eXp77kZck/iD05+OzSXKGLR8ki8Vo6GSDtPvu3W/Ox2+kNI7oJIFe6IQ8lsWGUeAMj4LpdDw4Hrf7zcNkNqAs+PGHT8fCXVx/Yyzq+lKpijLd9d1q/UK8NEteUczbaj2fn58tbtI4oR5ZP37OkigMkrbViLFGNJ/vPm22m+H4DDikxSmMdNXsnjdrwtjD5y/jYXZ1cUEJVkpDCpq2SJM0CpLL84ss8QAsO/Go7KpT9T//4fNul9/ebTebw/rluHpZhx7I0vD19SsAwi8fP+RVmaRZGNKiWB1PzwElV7Pvh+lXEDnCq7q/b9od82jXNpuXHaVEaljlNcH+q7dnaeKgrebjESMBcEEnnFDOOdP0ZdeURS08rMOQbPfHdDI6HA/H0/FptWqqZnn+GhFYlOWplohwgvFkOprMR4+r258+PvlhaHW/nAajyIvDOBuPf7q7/enLRpug7931YvmLN997JJhkvtGVgfIP7z/si/b87PV6s7f6mJd/3p4+x/6FT9/lbQVZdcxfgsD/y9/8BirDmQ+R5wfJ4dADxIqqzzIuhcv+/9O4ONaHWoIsG53N0sPmy2TIx6NEavC42T3s1pu8GA2jNGRWV9b1L5vN/iQoGw2zy8gfMM6c04jCh6fH+WLS9KcfPv3bn/7842gwMtr4lMTDyCGwetlgzKrKhWHWiOrl5akVrTYuP+UBB/1pF3njm8W/C7zZj3f/dr/6aTw/e/P61xDyDz/8S5KGjFNIxPv7D+8fnzsDZvOzV1dXceL9+P4PD8+bcboYD8+dJvjf/x+/TWJ/d2qLujfa/hxWsdZAgCzEYRr91fdTj7kP94WSMGCcEQqcQ8ghZLQxUkpCGEPMOdvrplc9oxRjAikETqleEeQhiJVR2lpKOUJMqB4SCDERnVbCUIyCIOGYGuU45VEYWeCMs0qqn3PzDgCP+Zx6CEGtBMSEs1BbSrnHmQ8BhM4K3QGAnLXOWeug1QoBa5yWWvZKGGC10cY5bRT3PKuMM4ASzj2PUm4d1MoKIQjBDjgp+l4ICxHh1FktemG1dRBCTHptldTAGIQhYZ41UAjjrEMUI4QJwkpJhLCDCDjXi95qwz3PAQcgRJCIVvRtjwimng+gc8Y6pSFASinKqR9SzhlhXEghpbQWE8IJJcb0GGE/DIyxUinOeRBGfhgg4iywCDipJEYgYJ61REotOxn6vnMuimMEgRWdUIL7jHHuMSo6EUcRw2632zVCFl0jlEKUWIcYZRiCtquHozTLYj+gDOsw8ggB8wH79mJxc/429QJt3N1TCS0MvCAM48Uw+vbNZDaMu677dL/vrJfXJYFmmA2xYwTZqs1PdRl5vuh1VfdxEI5HQ4xoHPnr1e7Tl1XdKEp9rQkj/sOLuH1o1y8HbA3BtGi7vGi+evfWWvLleSuUCINgNJpp4QXRYjo+517at2azPnStpDQIwkE4mBd5czrUyAGKjLbAAHz/fHx6rjd7ZRUwvVDGjWL69nrOGTsU7WZfjQej5WSKMFhtn5vuFCZkc1rX3en162g2o5AESgUAcQvQ1Xn85k3Uy/b9Ty8Pj3tOoLWqt/Lbb4d/93dnYWqrTkCEppOQMyi7ThuWZmPCqOezyWQchEHfV4MhOpar4+GotQEOyE4vpnMMiVLqy90LAdAo6wygJGDY63uzej4ACcaTV6Psoi57JTtEdNVUnTK9dr3oyvJYHDZ915ed97yFulXjMfrlV0NngR9yTrKX1eHheffqzS9fX7+No3Q8SIysd3nRSDMfg6sFmI6GVkHkaN/h0eDssKshQELq//L79a6EQRozbmOGs2RstOMs8f00LzZFs/1wt/ew/+riTTqcIqQ363vm8TiOvdCryx2ltVD5l8ctJW4xyiazd+PRvFfV3eODUK5uxbGopJTGKiGVH4RNpbjnQxy2ZZdk51k2zcvyTx++MOadzS4Tnvr+NA3HjEXM563Y/v6H/7Tefp5OJhBFFM3eXv8Pw+H8/uXHx+1nHDAeTq+ufsNQ2LcnqTfW1lE60sYYLff75zD0vCDzaYywX5fV/eNL01sPMQYRsKqsGt+PPS+Sphdd/sPHj1EUEuIPB5M0jPtOKqmzeOqxrGl76kFI9XG/GmXLSXbtrIuCkGD0cfXP//z+P9fiaNzpYfOx7HZRhCiLOR8iyCBGXd8K0SrTf3hYP++7Q6E3tTpURnTtOMbL8WI8vLSWrF6OUrnxIE2TQMm2KHOl0HL+6/HgolOr9eF9X/Wvlv9uGE1/vP1/bIsfvJBFSdp2uhMWQXa5nGdZKuo6i6NkMDKyQgQUTfG8r+PBqG5BW5PQm2RJ9jPzoG2b3pj7dZFX8pg3N8vscjKfDW+oo2W3P5zuAdG9bvPj1udmOol8bp83L7fPD42oOfdG46xrS2hwWYV/em+Ox6au67bpnLMQQAgRgs4aa61GCGPKMEHWWmcNwjhO066XhHGEkNISYcSZjzDyfQ9BKmXLOQuiYDweyF7kx8PN9ZXvB1GSGAcQdkVZGSONapranp/5yzlG2Du/vCi79vPtbVmIyewME7Q/PgJdLWcz5ygifL3LQw+/ubnUfUcQfvf1VxiJ/LD79u3bIEiUrB0yUmkH5Hg8aOuqKDqrPd9b1pU6HtZKVxATa2AYTRjBxWndy5oH/mp7MADXtRiOUg563Zs4nCTpuUOxsfKw3Rplv/3qN68ufjEaXO73ZV8enFWXy/l0OPzq9TuMqNR9K463z/dV357N069eT5fTBSWTquBRfD2Zv7u/P7YtHY+vZsOZlZAQQn3YQ32oXVOJjOlJGg7TMaVqX7zfVbf36/bffrDFsQIAUMKss0ZrrR0hHEFEMIUIKWWsdpxy5xx0JI4zBCkAIE7Crmmt020nCGbT5ZwiWuSl5wdxGiVZ2Lc9QogHvK7rySgzzu22e2sUBoEfVl9/YyFkTdFstmtjax6g5dlllp3PpjdWqfywubi+iocTi/B6u6+a03I5un71hrPEQl8paoB4zv/5T5//FwOa68VXw+ybYbzEOHSaOUiSKJ2MX03HN8AqYNqmroGlDEfKeNqxvJTIaq2tz0mSBfd3T0XRvXn7/ZvX35dFaxHUQO+3u/F4+vU3v+I0hFqKXsRJHCVDP/Q/fv5ctm0n1MvL4dOne58PxskcO8q8BEGsFczS0dX519Z4remL7vjjx399XH05nk7peDyI06YxnMXjYaJUvd2v6qpshR1Prr/c7bNsIJSeDFl+eqC0+3R/y+IkTmceH1MYZGl8tjxD0AFd58VmvbpD1AljAPQBwE3fHk6b/eF5PIycFVYX7z/8qepLZWGYDdqq4j57eV4xzqXsIAbQSi2a2WRsFA79yOP28eFfHlbvDWaPL918eWE1Pu4LRulsNvV92osuCBaIzJBHW2UIowDJp/Xnps9HgzklM+BQ73aH+v16ezufXY3Hl13dtV2/WM5H4xEhkBH03S9eY6zywxPzbBSOAPKVVEHgE+b5XtT13fPqM8L1bDrRlt2vj4+r/eFw0g4vZjNlWdt3ldB3zydEucfhcjx4df3KqD4v6yxgry/GHjKpF50vl/v9puzNw2NZVTIL+TfXl5fn75q8jxM/r3af7u//6fc/ZoPFr375283zw+bljvqos9v19oMDQTL4en/c7Daf4pBmcXb78dEPo+Opophq5YIolFZaq7QCaTYUqhai2ORVmk1CSm2zj0JonehFfyqcxH4nVJLGWYhO29XL81OS+sBxQubZ4JvAP6uqouuaIPIQgQ/PD52u83a7ObwkUXRz9WqUzZIoOOU75cRmvw+iDLsEQQ9hU7d109ZhHHZ1CXVnWj2f/OL167/d50///NP/duq7xcVXw8Esz4/VcTebZVIWTbd+2K07rYGx8+Eo8IIvn27ff7jP9+7NxbeLxRtCGP6f/g/fK2ueX05l1QELgAUIYGuhtYB4wfVV9u//4tJC9+Hu0HdqFAaMICFqZxRETmgtVG8h4Jwpp2pZQ4gBYJBQh5y1FjhsAQuCFGPQ9Q2wgCCkrXLAQQdlL3/+IjMvMM70fYcZDYNQ6d4YxRgBAEBkrTGUMUYJBK4XHYKIMR9C2HalNdJZpbVU2hDKrXPG2V5JbRSjpGpybXsphTYCOgcAIORnpD5yFkBIIcRKmr7vZS8IIlJ1QiuAEETIAduLFhOAMFGyk0YgBAmjWkupegCcxz3sUNd3CEEvCIyW+Ge4tZGIIkQgApBhwhh3FmiLwjCSTd93wo+iME6kFM7o0PN+fts8nzlgAYRpFFvgtJAQY+ggBiDwg9CLPOYzTKTSjBCPceCMscoh6Hmexz2lpOpNls3iIIUOQGeZx9NsKLpOqZ4wzqkfBH7bdtyLkig2SgW+L5VqhGq1aZrOGhkFfDwZ9W3ba9lL1UutgdnvjxDo796dT9LxZHjNKb5d7T8/N8gShMB4nM3HyauLKQTueCrqzvQGlb0p20a3+zQC0HSnMi/bWratVriXcBDxX333ZpJl0AIlJWW+x0KGOefpaqN++lKXlUwC/3o5K8r+fnX0gmQ0zITQnYDGYCl6K9skiSjHfZ+X9V70YpBNZpMLRsL8WAxGk/J0otCME2+SxdaCVsiycfuTenpppIIQYGO0Fu3VYjgZjTqlf//DZwjc+XgxzoYQ6Krcej5qW7HZHicz7z/+w5vzefz+83Gb1xbq5Vl4dZ6qTrysisOuitOIUMq95ut33nzBG6E+f3lGGC2mFCPJEBmMp1VnmrqdjNO3r8+Ox/V6++XrryZZxu/vPi/m2Vc3Z+Mse3X5djSYIYdGySAkWAsrWxv52XQwHw0nHknHUXZz9S6Lo+fnp91xBVC33T8cTpvFfJQfVqfD9uxsSRH6+LB+2vU+8x1SX9+MEKHMC7569xujvd2xDcNxGkTci4BDjDgLdSHbxdQ/n3CPhuP0TEj68dN2OrweT15hzE5lXhs/L4V1ejr2RyG2RmxWG23p9dWbrmuP+fbzY5Gm4199/RsvjPP8MfQt95BouyyJZbODqNjun1829WKSXczOOJ8wbgZDvlmtMPX2u5b6ESahdZiwSGqqXZQM5s/PpZIeYtMkHhmH1qvD3/72P7y7/pthcH529s5ndLd/FiY3Lv/Hf/1P0nb/4R/+ZwbTiC2n2XWnRKf399uPRVuPxq8jNieQaVmW5SOEajKZGOdWq+euLZMsSdJFGi8ICZQGmCZdA755980oS0TXaguMFgZ2ALTGNOvNZjweBXw4zKaU/Ixsxz5LuZdutqu2LybjqKnqyeBilCwRQmmUWKU/vfzpX778QTu22Ze3q5NUhiKCXOCxEQAcE88B3PcdMKVj/r/9cPjyVGMSOgs8bhcD82q+HCSXyeBsd2wRCa4Wl0kStW33uFpn2Xw4ukZQ9/b5+eWj6eI3V39r7eEk/vDw8pMDcD4daaAJxZyx6TDVSk1GKaFAyHqQUgDE9nR62uV+NDlWsGtYHM4mg2EQBojxptGnUy5kC41OY3qe0eVgfrN8PRvH2QAU9cv+sMLIMKqUOHlUL8ZJr00rJSQYU04whAZyL+vV6MMXsFrtul4B5wjCwFpnLIBOa0EQZJRppaw1BGMEIcLYassZHwwzJWSWJIxy4Eg6GGKEhbBJkoR+IHq5OD/DiEKAhsNMWdD3qqpK57RFEEEVeDj0E4rt2bKdzIfz8VD1/Ze7jx8/fQqj0DnVy+MwIUaZNJ0yz9vtD6NB5IzITzuMHKFYiMJqkYTZ9OxV4EMNu07Ug4xJUW23W0zTQfKK+xe97LvuYJyhbBAn536QyXan5IkwB7HPwzQvdmV1+nd/9SuodVH0jHFtrINI6t4gFCeD2eLtbPqmrMUxPwDTXF5dzMZTAGjsR4d8dzg9OyQl0kV5kl397tXZIEqwDf1g2HWakFBqOl++mo1n1JnAtw7ktdjti3Z7lCmHX1/NCCZdW/byWHS7x93jD++7L59Ak+cWWAyh1gogjAl27uftGbDGGaOgg1EQRpGnjeKUAADqus7SpKzqOI7GsxnG+OpqCYwdDTJK+HgyTBOmpOQBs8Z1XRv4vK5q7vteFGlL/AD84ltBGd+sy74VF+eTNPab2lA+84PR0/0n5Prf/vq3iNhPt5+EaD3mOUsG6Q3Gg6ZSxhbH6p/fP/+/hCmn8fzdxa8uFr/lyAeIM5ZB6Afh1A+WmMailT6fZvGbLH2zXH5bS7IvujjNhoPo8fE+L1aTSehHMfdiSlKlYJokPGBNeezbIomT+XR5OpZaSuZ5+81amy4IqHTu4em56USYTLV2ou0CHnHqd9rkpz3AEGEslTIAeRGzrizb9f7w3EsxnZ3nhzpJJwyz6rjN8+32sMnGg8l4PFncRNGMYNd3x5jVFHfMM7vDsZOSsnCULi5mS8ZcXRwRkC9P76tq63E3nIwdoG2HHfRboXaHF2vaptxpWSLiKmVa5X78/GiUSENQlSdnwXg86bsOIdS2RZz4lGCreRxNjVZSnQ7F9lA0vcKjYTZK0lGUvbl+k6Vx1RZtqwL/Ikqukzism1KZphXbDx//1HVgNHztB4Narm6f/3l3eNTKe33z172g+/2LJd71q68owKf9PvQ5RMqjJomI1E3d1cBSZz0pawjMMD7jLNnsn79+PX379t3t0zYdzjzmn/JyMJzOhvGpbnqjOw0Op4ZglHHy+uq6E84Y7QXhOBkiDYwk52evGMFhyDohN5siifxxCC7OlgiFShkAcaeUUr2zgFHv6nxyPNx6Hnp188q5vpXHtt8hTIEiUoiri7OmaiHwJtPJ7Zcv0Nqby8vxMFq/PBrZIAR7aXqpqq41kBLMGESLSdi0xy9fbjFiyeDm1c1fDNIJATIg/cvqvmzLKExi/93FxX8Iw+v9qbCqRMQ29cmPfOLBU/Xw6e6Hi8vZKI4uZufDZNJXfZzx1e7uh48/ffX191r7WkPPYw6BvmkWkxHQhkFyNvtqPv+6boqq+7LJny0mDGGOAbYm5Gi5CI/Hp2O1rloRJRFxMA6T8qSUohcXv5rPvj1fvLMON22D//Y/fn08Vc+rEljgEWKNVkZAiKI0wYz87S/PvroclqL/cHt0ClMMIYFSCQcc81mneqGUdYYSgjAwxjEUcMatUxhDDKDRGkJGCQfWAAgoRggBAyxhyGhtpAYAcs+DhEglhJGUEmOtNUJrBaETUjhrMWEIYQCB0tIYA5yru1r0jdEdNAYB2zSlVIrzgFLPOtfJHiNntMQUMsYgxNYi5wAEUGrl+z7CADgEAXEW9G2vOgGAJQwRDAEAiCBrHQAWAudxZq1RsncWYIwxoQhZZxQETvStVtJZF0YB4VTLHgHMvcAB6aDzfI4hdj8rFTByCBNCoHLaGM/zg8A3UhojKUNe4DGOnQNC6bqunQHWgE5JDBB0zhoFHIKQOQfbvmll3/WtlLLpeqG1g8AZq7VS2qRhooylmBCECCXM8wEE1iittecHEGFjIUEUIWS0TCPfWqMtsBY0QpZNba31GM3SzPODzw+rL6td26lW6rJupHadkB4F1vYvh/3//ofHYykxQKNxiinwKBCiLaoiL06NNIgGkPBO26LM23qnnXzcH99/eUAIc+q9bArm+zdnk0HieQROU+YhsJiOZ4P0pw+Pf76tytoFWF/M4ywgABOMqQXu/GzZd13fq4iTOGDns1HAwfbw8OPHP7wcnoCqri9mi8nUD3xo7ctqh51YDINXlzPTNXlRaYums0WT90/PeRynN+czjqVPXRTyJA4b0f90v3p52U6zdJSm89HEg8jIplfiw6eHVsrFnM1HZPVcbo49D4JhipMIIaOvl8ss5rNxfHM1uj7nlLY/3m4fXk7bddm23SQDwyRkxHPAfbnPRdt5xAyHXi+bf/yX/9KKzXCe1sX2Yh5dLtKv3n4b+UNOotFgMojTRRYh7ZxQw3gwjOPZYMJxkDDkceJRUHXly+bRj5yUBUZCdm3gBQCAKMkIJs+7el9iSmjZq0HMfEZ7oSj1MfLjdGiMOx6ehVKUetoYiHWvddOcFrOB72WMxBCE2307HlxMRouiLDFWvaqiwJwvQp9qWe816Le7w3S2PF9e9EKKvlqtjxdn13/5zf/olH1++lfKKo8T46w0LUKNhfXDy7pp4e++/+VydnX3+Pz89GNe7JpOeGEWhKmU2jqNIaXEYyQIvJjAqDrJxfRdFJ8JIeuqOpu/+v7df7gc/3XIMyV7Y8pjud6fbqt23asSIhQFsegg0EEchEo12/yl1odGt4wGAR14JOzVcX34sNk/TuYzh9jd44uB0AKXJVnAg/FwPh6MEPaH6bAvq+VsaK3pjT6eXoyrpSwxRn6YDZMBgeEoG1WHgxZt5EecxQjxum22h1XflUa45fQmC6c+93zKtVCnZl3LHCAvPymAAmLw+XiaBhOfjRH2hVAIOgBVGmLK3NOm2p+sH0VhQELPxF6b+DqNR2k87YQIfTqIKHRtp0qDrYHQWFxU6/X6o2rhfPK9M+5Q/D6dJ88veduZKPIBgk1VhBE3Is9SLLqXU/5UVmuljm++uqi65m5TVg3hZMZc4tNEy+pldVfVOfMCz4t9QpaTgIEO6342nhFKX7afapGvDodWdLNJ7GBflEeCTDII40EGKbYWIESQxYPsMo2XL2v3L39s9rscQOSsM0Y6a6ADCGMAHMaEYGqtQ4RRyrWx1hqIme+HzjkhRByGzgLfS5bL865ugXPT+SRNhkmSXp4vX1YvWus4SdpOnE6nTvSE4s12kw2SyWigpOuFmi0rDes//tsfu6b+h7//677v264xzkBoEIGI8CjMmrY75EfRNpzirquFlVWXd6oDmEXRSBp0OD1KmwMkOTNC1NBhj42vFr87n32n1Kmv176XLpe/Hg8vlDgcTx+kLZ2zdS2Y5wlVbnfPHnXXF98wNi7L/FRuJKha03z8cie1DsO0b8TxtNemHGZeGMQQhvPZeXHaVe1Omop6BsBOauGU5thcXiw9j1tkO9ULrf04CnzQipf1y+/b/tOx+PD58e6f/vDFWf33v/vF3/zV3xult4e7sj4ADESvb2/h3WctupZSDBwEziGEtbUQQmsNBE4IIVULnOWM+j63zgipMGZSaGu1c9BZM5kOEUR1WR93x9ls2DYNpWw6G3ncQ5goZffHimBirEvSrG77rpO9UK8vThCr3cshCLyry7OmkoeDoGzYdX2erwhRHoPv3//508dPWZoOsolHJ5fLbxnwj8efHlb/n7uX/9wbFZGUKuY5HIWjw/ZRWh34mc8Hbd2VdVmUPRCU0yTwYmNA0x+e97ebw1M8jIzp6mov5HF/3G82x6LsEAnCMARTsQ+PAAAgAElEQVQAAqfK/AWZ1jmVH8rTsfGDMIxHD/cPh91LVW4sVrvDsW77IMuuL86wdR72FvP5cDQzRo3GU4LA9riNooBzB2DTtgcL4HRy3jRuNpjWrdbWQmirriPU+QwzStJ44EeJtUaZ8rB+3/T5/Hw5Wp7dPawp8a4W17Hvt+2xaQulFWXEODnIgovrV31rgQvOLl9ZCy3Qx/1LGODAC4AjGAVCoy8P2+J4ePdqbq3RuotCz1nT9ZIyCiDtOpEkE8YC5KjolbFOCdWVzdfXV8y4m+XNdLzY7be1qh2iWfI6DhZSHveHu+3uy+H0VDddGi7SeHo4Pny+/cfV8QsCdDH51XT49cv2YfXy6ez6DdFI1N1yPlYyr4vnMHKYg7wuW913TeuxpTHH+8d/gkD7JJ6Nr14tzvqu/eH9hyBgy1niE3RxsSi2L6eyf9nndWdlp1JO3l5fhl6mIV89PhJKf/n992/ffA+h3/dK9411EkBNoFuMs2/e3gBIhZIAwDiZG+2AlUFIi2pvZAGByNIoTWJEiB8mAJnj4SOwdrl8FfjRy2ozny6mk1FVnvo2vzwbcQq6rokTTxuwOTSPm5O2TlmShvE0ixiSL9v9ZltH0fgXv/jbyF+0dVsfV8PMWSS7tidycjb+hyi4PpRPxOsoqZRRwDohaimLzf5utdvwwLO99pDvAb/e50IU0hWlaIfDURwu0ngIYQuRmgzDJORN2WfpcjF/14v22HyuxYpwzwFcVfskDIeDuWhKDbqX45H4XpG3SZiOB9PIz4q8Hw7Pf/mbv1kur9Io+nz7+WX9jH/3d2+rVm/3NYaYUCKVBggRyoIomMzif/ib19NRtq/KT3eFlE47XXe9g8AhhDCw0HVtTyBjmDoIMeSMUMqRMZIygiA0yrS9ANYAq63T2mpEICZIit7on21iBBIEEFbGYMqtdVYbrZXWChPsINTWAgcRwg5ApbS1wAHgrGy6yjqLCHbAIgSU1FprjInPPWe0tUJb6QcRIR6EBEJojNFaOWiCMLLWGQ0dQMBYLbSDjlCOKSOYCC0Rwn7gaaUoZgjjXhqltDUWM26dNUZgBIFzWgmlDSaUcB7FaVtXGEJKObBAWwcRJoQb7ZQQCGHMOIIEOWiNC6OQe37T5NaqIAiY51ulpTB5XoleIoT6XgCMAUTYWGut6KXSGkAHAdbOOWO01ErqthN922IMjDHOOYwAcNAZQAmuq5ow7IeRMUr2HUSIUmKMc1ppo4FzvseNg9qCtuvqpg2TiHm8bzutFLSm6rpWyu1u33d9GPgWuPW2PJXt+lB8WpW1Ql3XU4oJ59pZZ8Rmvz2cDjygjviNgl2vpRBV21a9Rsx/2OzzolrOJgQaqax0XColdWdVE/kWQZFEjGK8OdlPD+1wkHz/evHVm6uQkV50YRL4HuMcH3e7YRq+PYu+uT579/rrtt6/7J+f8+52VTW95tj6VAMrMYHr7c6qdjkbXV+dI4Tr1oRRHPisLQtK8CLzX19kf/3rN2kUWUgAAWVT1UI3rcRQYagnw4nH2Wr3tD6+vP/yuN0XCLaU6iz0v/v+2yT2fQ+GAW2r/PJsEHvIx+5Xv/wmG3ifnvb/9Ke1MrAXZr3f+765PFt6XpjXxX///b1S6vX1ZJCxXb7+6Wm13W8ZRyPPUCyzmA4G6c/bmiga/mx3QM6mvhd5PiNsOT9DGHblS9OfeIjKNndUCnVqRdX3Mk2Xw+HV6VgJacaTs92pu18XSPWAkKZtl2MPISNF29aVFBbheHfc704ngAkiuKyLQ3EczweDxN+u68n4+uryq6Lu16tVftxJ2VIK4oxOB2ScEopM4qPxdAQRxYwQqLpWckY2m3w+O//dV39XVf1q98cgUhC6/WEvVc2YkrZ9WJXPq/JyOX118+b++fPnz38q6twqPRgMGOO77TYOWRT4Sui6rOeL14PsTHR8PFhY4N0+POZVG2fD+fAtwxOpZFkf8mrjUG1BBUDrxcHzave8eoEGBtHC94JGmk5rR8R6e08ISvgw9AYQyN3x85enT3XbV51d78tGQepxjKxW1cvT43Q4ubm+hkY/P3wajhKL0K6q63a/Oz4WxYmQYDy4uFjeVHmfpQOGkei1tRgznwVJVVWPj1+Opz2hfDY6z6JZ4EcQQKmt6HshCoSNVTqL0kmQLsfnAZ1jkmiDAAKn4wEA981XbyAB948PTd/6gQ9cj5GCtgTuMBgCLyBNt2+7F6u3Tfu0Pz72zuVFc6rKtj+cjttffP0Pby5+++PdPx6bz7Ozt4ej3h+7KIkNxMCqrqtWz58BEXXzcqx3D5sHSuHybL4/VV/uC2qiN+e/eXf1F1mQ7nef7x7+iIljPAz8YRREIcVWaYZwHKenMv9w++P9dr0+dZ4fzhfTpuvW+00Y+2Hky04B6yE35GARh28Gg3cIe+uN+nBrurazEFhtAEDWaGi1sQoAYK2FziGAgAOUMgAssDBJMmutNY5Q0vedx30MqdHGKh0nyeXFBSFMSTVM/bpuJ5NxL2RT14whjCGlpCoLo3pg5fFYMs7+8i/TVuz/+OcfP3z8MByEfS+47/lh0MoGQEi5bw1uhdifDgjjyTA7nPZCqzCJEA0CLzUaV63Mq1Xb77VVg2HadqpvdRQtBtklwOTu4V/K4/rs8hdRcL7d3+52f9gdv9yv1r1CEIXjSdbU2z/86fdpFMxHZ1E4LMqX7e7z0/55kxdPu2NxykfjLOC4rk5ZEiRRKkyIQJRkQyHystk4WGcDNhh6RnbWaqN0HIUOm/1xd/d8n5cFoaou7tfrP3b956L5cqx2u7KnzLuaRW9uLq/P382G6f3te0zMdDFJ0uzPf25Wa+ycsc45B42FEBMAsHMQAsgotQB0fUsoJJRAQqwBzoDBaJAORkq58WSgtOnatqkb5nGEgDaKekT0KstiQqhSmhDYtj0l0FkDITwWBSXImeB6UXTi4/NzzikLfO+wr5sehOmg66v17qNzqirLfL8NwugX3/865FMlGVDAguJx85+fdv8tSdNxdBVhz+kWuhoy2HZPp3ZrnEDAQVxLve1Ezmjd9k/H4o/36//9cf2vL8eHQ30sq2r18OSFYHfY7Xc59RiAJIxijGBxyo1qjSw4N3EUbTa5ls4LY2FR2wmISVnkXuABBNYvW8boxdk4CVItwHJ2PlterV92wEHGUCdFwD1lqrzaOGDjaMrpVEkm21o5hChtRA8xenUzJKQ/HddK6cl0aZ2TqlL9brVZS60tZD/+cJcEyc3FG9Wa424dxSn3Qj8YWpc6AO8f7788PNetG43PoiRT2iqjRtkQY5+ieLp403amzPtXN2++effVp8+3L+vHwcB3wHZSzRbL+8fnvu+mi7O6bIuqNpaOxxeEpJE/C0g2Tc6mw7mU3d3jZ0VNOpwG/gIYespvhX78cv+n9aEgJE3TpdLtnz/84/PhMRlEKZ8spr8KPfzp9r8Jmwdh4rTUohmkqDw+9O3mVOyS4Uha9HzYNG25mP626dZ/+Pz/Jp6yUlxe/Xo4WPz04fOHz3dREM1GobM9QOi4P9UCbLY5IzxA9tX58quvvjMWWSy4Z7qunE3iJAqAc9r2YUwsMpwB4NS3X397cflmd2yUEXGYjkfnEBIhGggVpjTgns+4loazkHL/eGq6HlxdzHtZQ4Drumub7uL8YpAE290zQgoTYDQ4HPNvv/5qubiiOHXWXy7OGA6uL84iFnLCq0btj5oHQ8yj1frw5fNPDteU1m1b+eTievo/B2zyp/f/6+rw58tXF8aIDx8fOiFDP9DQPK7vPt9vGQuBZsRFw2RMLJ8uL4OA3D1+Go/GMR+EflJX+9Xq43IRMIZ7Ab1owjjbFbfr/FNeF4PhXBvjVDcbz+N43jTV43b90/1TVTUc+xSyy/Mlx8g50at2vbrv6rWSu4fHL62sSJ43dau558lWAQgpJdr+/0j6r2TLtjQ90xt6TD3n0mttvbeL435UxAmVSCYyCRSLhSpjwYw3bAAbwN6wCaQZjeRFSaIgE0gZkaGOdr19y6XF1GJIXkQvfrP/s/cxDEOPsGFCg4BqYDe7zGhkLRRC5W0buDwIubGCIRz4AdQEAlQ1FULUdTgEgDsUWIkpZa6/T/cYKmN1ozrHdTSwWkmpNAHYaG0RwgAYpSEAFFMCtZadEIIzh1MKYIsNxAQpJSlzoAFWCogUZTamgTLIcQIjRVPU2gJZZ11XRlFCGTUNVNpAaIXRUrSi6zBGDsPSGNkJrY3WCBMgpTTGAIC00RoaoIHuFDQGcEQ5RhBbgBE0QikKqTWw6RqhKocgzp0oTsqyAlBbK7EBLvd9hxHHrUuppCIEWYohRsb86TFCAUAWY8IIQpgRQjmHBFqIq1aYVslWckx9x/Ed1yLQKdW1CloIjLUGdVASrB1OHBpqSERTCSVl23Wy830HEyyVrhsdhExqa6XVgOZFy7jCmFHXkUprazChRZkhxFzP22c15Uxpq6XSRgILuqarRaeVruO47bqibLK8dCiMAgaUblr55t1yND32fL8qD3VdcNbPqxp3tsgq30FBwLww6LDJl3uEvTxL62zbf/G8au0hr4+n42fnR32fZVX39qG8W7aPm93JyBrjBh7apQcpSWMYQDjwXaFl2UgM8Gg6IlXVirbM0yRyR313FLJpEk96Q47r79++3u+atoNbCP/jb95dTx+enB314mgwCusSGYPqUjPW7w2wlMp3yJ//8jP+3evikD09v5qNJ5QEPEyq/HA8C1oJxsMw8vCH+2/iBFHsbQ/LVuSffXZRi4bQ2hg0HHovXpyXjV2vdre3S8ZsGDFOgp0SmAbENl0rhLTIImD1uEfHvYDxkFBmbYdw57guBGlVKogFpAApPUncCOq8aACw797+weOh1X7TFmHvWNQUYE+Dpm1kb+CHkd/p6rHb1aqZ4UjbTeCpx+Wac7pP19PRZRiMhxPzsPxQFA0EAGjVicIi7+MSvtirrz6L8mK5elhdXnw1Hj2rq6jutnf3H6ej3mTcv13fZvs054mSGCJHdp3LMEiI50DuRodD9cnVRV3ut7tHgGU/6Stlj07GlLFt+raqvMgb96IBAdSlMaOdEs79wx3hdL3eDaa9ou4a1WU5XCyKP/zxdb83oQwFgYOQiQNnMvRaSaejwCItVVXkNUYcu4ECtFGg7tpG1Ku8Xu5TAcnZ8W1VCIZZEIVR/3y9a/Lyo+eiSX/26vsPnZXj8eT0aEAh6BTsRzPX6u3ywdbNIPJiJwSYnR0/S7NNI0RWbg0AxsC6bRebR8G9rjDDZBz4nkfRs6urMq+x41LH65P+cllwwkTVEp840B/3pj4PfcoM8C3Em33phE0t2tH4tK4Lii0wghALjNEIKGscZzwJT2Wz5qM4CIKY+oNo0jZWSuWGHgD6vtozyZXiXUcDRv78Jye5IIttAY0yiC6L8nc//mNt2yKXu0MRMuJ7TlF1uxwZ60a9HjI28s/G4ZUBTdmuPzw8rPLfE8QJ7+cVTKuUyMqhOPFpus8sgK1gRcOcgiwWutgzrnovzj87ip9czV5g2O4OX7uhdXwV93BR1oz60A7PTqaqzRnDh/y+k5KF/ZgyymxRidW23GeCknoYkH5yFpAhCI9cHrZNVld5XafLVV0epDEGKGW11koqrQiEEEAIgQXAKI0xVlJIgqzREJgiL4IgTJIwTXOpuqar6qaz1DLMeOftD/nJ8Ulb1btD3kuSpN/fvXrXtXI4DNquIYR4Hs92aXGoAaSh8jDhF7MTqOz7t6+uP771ufvyxYui1J2wh3zbdrIfECHVdr3/6sunvcRpmrjIc5chaRFl/sA/ghh8vLu3BlhjjcYAuWVdIrTsxdcPi7fv338z6M0sRNd3f/e4fj0aeaVMi1ZOjhICue7qtswCToExy+Wj7+TKVtsi//bj0ouGVW1ih2yW80/PT6j1EXTKmgqFkuMBIsQig5k9GvUwEsxB+4gBnbStWG0rsC+Kpl1uM4c1rqP7kdM0265ZWawgZQ7Rfg+Ph0mWt//u3/1vp+PR+cUTaxvr0t3dxlhKCaAYA2s7JSBiDo/CsKeEqKrU6hYD6DsesFopVRa50igOY0hsp1oWBr3piDredr4kFjiMIYSKShxdnCsJhFaiqqqmG437cRwIKbpOtV1JKWbUMRq9eqtYcPuwrF3ibzcHhNwXnxwPpkc/vHm12uyKrDr+2fnwcqiURYJi2HNd2aplWT5osj6dXV0dfaYEEnK7SVtKxO389X67fjjkZ0fzafIOYV01Va0hI7jTXddt8rxsBfHCSZE321U1SiJKuRAEWhj6oev3nz+70hLltnQ8n/N+VbZCmfMnFw7zt/t0u745OT8BAFeZU1W7pxfTKj8U2UY24zg+UQDv91vMbnf5pq290TCaDo6tkbt8lR4y7iBE3Sg4ShJ/df9qtz8YmGMsPR8Zi95+eAWMqkqDaUyIs9/vTsazbdbkuX5c3jqU9KKAQgMMcFmCMfxw9/V8uf35z/5Psf/kcfUfy3rnB/X19Q/94XFRZM+evTisHqyWgCBoILbki5c/+eLzTwmpmwo0NdjvUiW2lvon5yd5WUjRHco1lKDI2jhO4ng8GF3meauFCLkt9vfC1MhRGqmizqOw3eXzPL2O4h3iZZ2rT7/8he+yh4fX88OcMgM0cpx+J7pvXv+HfXvNXe/Nhz+ejEbDxGWufvI0KtvpP3394+vXr/IaFtIQUF5O93m6TruiELvZaHR9+4/IcoAHX33x3zJSqmrDETPS9AajhCVSQKjs7GQyOz4J/BBRKIp1Xt6stre7rWjL66KEmHkeDynC9U6EwTCJJlojY3UYBVHsczc0llLaU6b1HHh2PEEItK2gFH24/ai07Q+Gvhd/zB+BFZdPLl+8vFjPb4tSejzyOG87ldb12+v7TZpdnj7vDZ8XFSGQybaOgmm+T7nnDCaX8L6upJlv5kay8SiazeJs/zrAZ73pn/WC6eubv7le/VpTvtieXb/7sNmUL5895zwySgWuHwVB4IZ9b3J58WI6mCzb7dHRz5W9ePPxLt3tL2cIIXnI1lm13x5AWUglHaR3bd0V7TorhcN7ECAo83HsD/ywyUoAYdHpRqAg8MI4ThzuQFt2WeCa5c39ar5//uQCjUe9OAQsxM8+Pyk7ZRXWQhklKWXAaE6I4zpHM3Jy5CMIrx+y5Vp6rocxbYV1CCWYcI6NMow41lhtRS0a0XUEY99lWkvGMEagrTtGPN11oqstgMACiI0FVjSdVdJ1XMbdqqwghARRgrHPmVUSAOS6gTZaaW20pQRrAzAl2hjRVsAqRpDreNqYvEyt0YRSq21VlULUBhjqugBoDbTSSlojhBKd8gOPM9J2FcFYGQ0QBMqopgPWAGghBBgaaK2oa4wAgoa7Dqa+VqaVjTGGEQcCqJRSQlKKGYHAGEoZgMZaQxGnmDHGjNFCdFK2iEDGsZJaSYkJZoxI0XGCHUoRso7LLLSIYoiwsYgQbCHijvunBrbWqq5qgqiRRhtrAYAQW6CtNYxRAACAxhojpMCUMkrrtmGUckoMAMYoaKzDnUN2QACEgdfJDiFECEIASSmqqjQWIkaaprJGFvkBE9YbjJXsuq6rqu5wyDsh6k4d0szzeRgHBlqlDecOQkjKTnRt13WUUWGU0hoBDYykFDHXKRpZtxparJXE0CopPT8AGAOjXz657IeBll0Y+MtNvtzsTo9604FjkGiEetyDt/fFfLXZ7jdVUxdNo1SXNfUuzyEheZZRZGeTRDTlIcvTPFttNq/u9u9uVk3bcMfZpmlRZRgZz/OcwPU86nohpv5m17jBZDo7Q9A01VrKOgocSnFRm/HR+WA42K4Wg6Evu1LJbDSgdbVxOeSMaa1cbjVqITW9EMUB7CXj0dFnSnMKRFflx9No2I+N9nvjZ4z5282t0vvFrmrrZtZD//Wfn/3syxejyWVTlKrdL7c1p7AXIs9Bm90eqeovvzg5PxoNQh9grmSNica2zQ4HbYWFgruobtpeb8y9eDKZltX2j9/+NklQMopdhwDUFeUuTQ+TYexz3nZ40HvuuPHb2zddU6ZZ/bjNgWkBgmVn66b41ReTcS/Y7+ZR4J2eXOpOekEPGAOtGPTY43rRyLYXBf3+hGOS79ZFenhyeXxxOgIGum6sFTeWA4goA1oBROkgcozOF4vrNGv8YLTdNNLgl1e/AJb7oSFMPKwWRdNFSX+TZutd1nV4Ojs9Gp/6YSK1hqALAufy8tRx+Gqz0PKAUTcex1XbGMAsRPtDllUNQbBpmvk+TWsllQxcA7Qe98a+4xur6nqzTz82siKE5Vkdud4Xn3w+CgdaiqZKGcNnx0cec2EHTqYvGBspbZUqKAdRb9jVmnHi+l6Z7gdJ9PLpT8+OP+33ToTQu+0yiiPMXYOwtC0Eteegq9PL49lzq/ww7DPHtVZAhIP+xPVj1+O7w4pg8OzZ0+n4jCCeRD3OfKGFxUoaKbRARrXFbjSITqYT02JMorpuDOow0eNR4jgexrTIy2++e4sg/ennLwMHh8xGHggcoCAoGtkBsM2L6/u5MlZZoA0G0JOdHPYmo+BiNvgCKLM+/FHitO26rlHnlyf9yYw6TtPU1OpeEPbiCXMmwAaU9boOOjQcRlPQxYPk+dHgyqF9aIwUG6GXVb1lDPXHvf16iQAAirt8cnH2lFK3FcICZbELkUMJQ0Z1daU6G7uTSe/ldPwVQUnTpmW7XB/eP64+Pi4Xh9Tfbfluu1PaGGWsMZgQQhgESGulteGupzXw/VBbbY0lhBLs+GGgNGiFDIJASAEBiJKEEWwUHE3HBJrtel2WtQGo14+qRhR5LpX4U1TZKJ2m+65r/DAcjgZns5bgbDwcBAHPDhvOST+ZDEdXFph9uivKCkNmlM3TA8Pm4mRMmQVAKGln06tx/6JKG6s6a9o4wMZY0WlrUdd0Sgqk26ooEfVnxyd5dv/q7V/Pt++unp5Aq7oOPLm8ZNi2VZofDuPh9OnlC6PU4fCwzXcfl+XdqqSMEmRPJ8nppB9wXmQmTs4BjH0vCUNPqezu4cdapONJsF4+3FzfSGO9IN4dSgMoRJxSx/O82WQ6GfSMaObzBeWEOK5QINtXsRtenX2utf/29Sslsp/85GeYuN98/cPD/W6+5Ld3lWpqhBEGxHOjwegsTo4RpI7jKim6rmGUIkSU1pRyTHCcDPrDYdWIyWwWRH6xz5PAa+tOQ80pLbOGcocy3uvHXuA3bdu2om3kaJi0tcjznLseRbbrVNUUjfwHKcXx5HQ2GWNCopAHjt3ttp2CxyfPL8+eASmK7AAU98IxgGKx/n6dvrGycclwFI8tMELmd/Pb5WrZCdwItEibzljPI1W5vZnfVrLZZ2tk/VH07PL4r8a9z6Dx66L1KLu6uDw7OVJCOhQlUTI7fjrsDRZ3t4EbnJw+rUW52s6J4149e8KYWi9uCbW9QUwIYNQC0AWOwbClBIVOQGHUi4aMend3yyAIzk/Ps/0OWOi7Xiua7f6xalrPG3AyaBrJMVxsNvPVY1PtmavW++tXb38YjvpXl8+0gofDoVMKGkOdJErGhNA49Ia93un0E58OHc4ed9/87Tf/9rff/Xa5+nh+/Gngno8Go4vLWRTywMW6KynpZJc7DGBsFo93vV6vF/cJROl+m1f6xcsXs/Fws9l7fnRycrRLcwMsxVrrot/nxhyUzLum3qw3nLtGFa3YVmofD91Dcfj44d2oP/3k4inHOUSbut2GfvTk8upwWFTVihKhuhIqdHby2XJ//7s3/0ta7wgFiGDOOy0PutsanWJmWqEQdSyk26xsJXxy/Eslsx/uv46C8Hg8OuSbH374dT8e/dnP/ip0h1DpXn+oNMtyOZicYAhGsT/qxaPpyXa7/nDzvTC7xeK1ajYX556Qh83+3vPAxdkJ1DQ/aIxjQj1rFYSgl0RVXmOSdE1d1dvAh9ZojqCUirEgSQZF1g6HU4Sc3SYP/NH0aKbaHFuxWa8gghgHBMW+P25avdjs87rjXsLcflFU2WHHmQeBev39j9lhdXz+BFMv6oeBT7Btz06SyMG6Zr34Vw4ZvPrwH5f563g42KwOwML1cj0ZTH/65ReRy7U8KHkARp1MZ71gGju+57l5WgLYO5p9CiHqun3ohVEUSpHm5SIvdne3C9+PppNouXjbKhX4Z/3gYr/b6C47Gkx7wcwAj7p0mxXL9e74+GQQhbHrOJgw4gHkdZL3+lcvP//nUXAxGh7PZgMCMOYc12WnLTDWWiUpJQDotm0owZhoiEAnSFs11prBaCQssV2jpTYMY8pUpzFFVgNgNEYIWN12yg0dpRpjiJStVUpJaS1o68bxuYc8bQwAQEsNHQAhMQZCQKC1WgulcRTP6roUumvaDmPIKYMIMUq00QShFmgltXWduhVaC0aJkRpYCDEMfL/rWodyh9K8K7TWUhuIAIaEugwhAqEkhBpoCWVSWqWUtgYjYgywAEMLMMYQYdEZxknXWsQNdblHrOP5QKGmqoy1gR9DpLVW2kjPdyxEnZLKGIwcDbDUwgLAHccCTSkGLlJSIYgIY8rYTrahG1ht2lZoZaW0UrYAQKCN5/oIYwCUVF3XCoYJAtoyIoTuhMLWWIi1qS0yzHEhRAATx3E62SFMOHKFEhxDaLQ1BjLaNjWCCABUN21d1IQRSolUrdbCaFlXqeNR6jLVNm4QKAMtgK3RddP5zEMUFU2NiTNIYtchUihlNYBYaylU53mBVFprHYdBWpUQAmEMsLbJqr0wlId1C2TTxOFwJ0zTqv2hkBZ4rvtP398lVPUjJ3B4z1XByfB8NsWoLSp5v+4+LluL3GEv2mdFmleD8bjRosybrGmLLPVcdzLpvXzxZLfe/fG7V7999ZZ6IWCJE8S9XhRF4WjUO556JwnhRB9PwjxPMZBe4E7YQCnmcLdrdmVdUA+vVvvVIQvCWgAdlbEy+zfvPz7M7zFSvdIRTH8AACAASURBVESGPbPPHj2fjieY57CDuJiXxqh+PIhC1wISDyLdPk6n2GXNzfU7TKaffXHlOF5Z+XwrE18KVD09Sn726blA/vLxMcseAGw9x1R1UTTQr6ytNj8/H07DeNi7atuqbT9q0R2fRJxKZVElxWFxPxwIqYws7ezorGjzpln7PbfD9Ww2NBDkh66oW0IgArafjIsq1Ep2XUsQlLL2XYyIhYZQzlsIb9fFLlVPTy9Wo9Vm83DVrs5OTi3qPTk5O2SP0hzCOLRIMOhoAdq28zlzfDcriw8f7zuNk+SEs35Wtoz3EQTWbpUslJKOC1vTVIIAQxShD4v7D/dvOBl0LehqHLpRf9iPB/2mabJSWJkPY+8nP/nlIBl/++pvWykGw7hqt6qojKkA2BhtHOaenPa+/u5x9WMpFDWS9L8YnZ1cOn602C7TsqqqdOANhGqm4dV6U6RpWgqxSsublW5V4IT+Nm8pyco0FVJGVGQH4fDoaOYi7BzKbLV53O3vgsQbJUm66XxZ9Y6Ov8t2RsAwOL04/mnX6MPuOuoNAeqM0mmZZU26Xd+5GA6io4BH0+nM4c7y/roVGXOpA5HDXC9idw9r0dYuQ5E7PZk+if2kU0bYDktDKI28IOJXDhH389dNCqzmynLqB4VY7pbL0SC5PDuWGrStnG+K08no7PRosFv3HFeruuv2rW0ed/vlwu4KvduSOOxBG0ILfebizmDpD2fPMQivb/+LJI+DXoDNBHD/8sn047zY7guoVc+lDqdCYz85IQ5oD4++KwKPSOFNRgMFPY+Y3X4j2zWlpRQV5U7RqdcfH02nrLFxQAg1DvMBpIxtOd/st1tLHO5xD9Ans5fPz3/JWRi63iFbvL/7frm9j/oJQdgAFAb+YQsBQAghIwTGCGEKIUIQaiCN1I7jEkSpizCGUFul1J/KbFEYS6EoJkq0SEPPcwiwQBs/5NbIxXJxSNPJbGa03K7X1nYYYylb13d2+1wKgTH2XH82Gj27uvDwDsjGY94gHu6SUV1V+7QOAuzQsBcPO7c5m008HhPQSVlUtUiLutXG91h62GPYI65bZQIBz2EWUHL3uD46mmALikPd5F1/cDkL+001l+09YXWzyxkF48lwn62V2BoJkLHj5HQyu5pMkt//8a/v1zeHDgGERn1vOg6HSeCZzsMs3XRhfDYenBDs5vm+KOcAHiQo3IC0olgf9q/efXjy9OrkZMzZoChrx+HMIRZhoEG6b7qmwzSMekHRNYvtuq7M2bTPSRwNetvxsdJVXur1ptrtO8Zi7jAMG6k1BBBZEgTJdHaGkOs77mCQFIfVN9/8pmtTgDCm1Pd8Y42WQnbWdyOHUtOppqgGJ1MpJKYUEqRMc/P+fTyejSdJGLkE48XjjlGcZ6isa2sRoyTfb6F2pe4H0dX0SeqHLoC0U+L9x9uq2GVVMTx+efnk86pW64eVVXUS0U6md6sP3334rmq349hP3JLgpQHtze2rXbknFsSe5wbOGY0nk+HApZuHahzNNHQdJ+r1vjo//oswOBUmZZvfKC2SKDg6OtcidSAFkFIeFEX5oO6Wq8f4xRQw/PHx4fp+Pp1O4tU9Re1u82G+y+6399aAkDvDQa/MKwfDi6MZBFHdQIcDhzub/SMAhD3FiNO86jiLlQLawKKsBwMldCsl6op90vMxG1CmPF9s9nnTVB53BknP4ZO7h1W92u/zJgh6/XgYeMF2/ahaNb9bH01Grd1dP/7eIjmejfbV9b//+//7v/qr/9v58C+1vi+q95w2kyGbrza9cVKX5W67l1YJWUyGfUpUmhbHx7Pjo/544MnOpEVrNTg5P331w3dZuRvEfiN2VbbXGlS1qStr+ac+Ravt3cPyDjptLYvItQPfzoYBNsH3H3Zt1fYGJ9vd/Ntv/7hLV3HED+vD85///MXl87/+w//MIyuF9AM7GPh1tsybRtSGE6Ixvn08OEHvsy8+80fFx3frYdJ7rG+skUDq9FAtt5vFbj0YfMyLp4T0k/ip5yPsbKoOG8iCeLi6++gw2nZpVt7sDu9jBJ+cB0WpDewUUBrWebE6bA+D3s/1CUqrbLFZOszGPU901d3DDpFTLfPd4X3dSkLAelu20sbJGXHc2cnZaDze5fW7N3/31VdfHZ2c//jdH979+JZHtOgkRt4wHE+GIwvoz75Qi/X2yelzqdyu3oySoZKWYYwZXR92w10WRiFCYr+5dh2rFJNiHAZfRv7Vt6//17//w7+9ePk89gf9IQCQeGH02WdXo4Gzflw0RTbpD2QnZ4PBIe122Zz6sjQ5Lh/Kepr4Z5l3XVV7aWJpUw07JVpphBuy/ii8e8C4YcfTL6Q033z7TxjLk6nPWFJUrbClaKvI84dxH5syP+wmFy+Hw0/KxhsMmRsmSeS++fEfs/bx6AgRL/AYQPt9V8uOMU6Jo4GSUmJHHk0Tjzv7Iv34sDQIRlFS5BlFUEPT6ta0hHAigf3TBp0R3HWm6wRE0IVcGSu62kCrrVIQGGWAtgQhyjBQwFpAGKOcC6FE1/TC2PN4XmQKIokFgtAYjQjCCAIMhJCuhxGGlFIjXd0pgiihoNimlHJGISXEEqgRhBh4QQApgsi2XUsIYQxqbRnlAFgNIOEUQWYBIBhqqy0AFiLuBUorBCxGiBAshTRaWwgakQIEHIdFQd9oCIFVygCEMTJtpyCQ3HU9t4eFUFpDqI0mWgOEMEYQQg0hcQIuhFZCQgARApQyzlie51oIhYFSRrZayo4gBADmDmeMKCWlhAxzRnEjtDFaG2UN5JQrrfMi84wihDp+oCE0ShtIjDEWUOoERV1xQqWQXScAxgrCRpuiaT3sYa2kUQZYz+WMOcBYh7sCQIxY04qyzoTqpDGt6iQwlHCMiecEAEghTN5UiLIoCBqpZSUwd0grAYAEQiVbx2PCwkZIIDojZF11FNNclUoiToOqlLUUWrpN2d7rdhTzq6OR77L+IDk9Gj3c331/XXzcGNnCng9PZ2eM5r5DKHW1aY21bacG4zGwGDImtD49PauVpg+rtIGEhV4EDSLCQISxMpAiQoy4fffWAjnsDXW9tWbYtbKwTSvK+b64W2+5y5JesNvMhz1GkbWgeHX9tq4639dspyilXdugDTo/OR6M/FV1ULqGWibx9HjqY7c5FEul1sxtGaaPb+4AzJ4+fRYlfq8/jNber74YQ93MxqEXel3d3t5+o2yKKd/tq7ojgQscJK+Oj5+cfKIEZ+z0sP9oJOhF/SROqmZbiaKQsC1lUVTIIIe7QUwobtLsYblcchdaLAG0q/WhLPJRL2wqcbu4Hgw/4UQTKGMHJcGkaBWGcwUYocFRL35YLb5+tf3FyxeBf344VK9//M5z89nsS0Z5lVXfvv22svr89Gqc9JRiAJiiasJedMjS375bcCf6F8cDn44wlIhUBqKy2HWqOpR1m9nreeGi/nB4Ndx77+/X96vrXiiAEutFmZbFxfNR6FKHoXESC2J8Cl3KPSwDt1A90ar7pm3zNNvlwAowGJGsOHiBM5uO1ykqUnUymfzsy38Rs34Y3gYOa9oqjDzfdTgjENmqzjWwdaNXOyEtVpI5xH17vVssqjiiDkfZYsfTwELXapY3D9SNS7OoQQVrnkTYZU4nymnI0YuLNGvW6/m495QRp+4q0e20LhsptpvFptkbLSMnOBxKZpujJ33XC5bbuSU15XazvRFC+667P2wiz9lnD0Z2SRRqHdWtsMD68QAj5BIPA9/lCEBY1Gnos7QTHVAAQyfkH+/fTYbHADh51SS95MUnnyJAmgYFrrEACDfH9fp0Ollm3XKznowu+/EUW9Pzg8CNaBJz54nnjDeH92m7SnqJA92QWYPx8v7+26/fOmF8PBn7LqnrTOnucZuOZ6eHvECIMOoRFpVNBzFKKDC6kFoN+25rnVrATa3z7YFINY50vz/zQnXYf9ylHbDY51FbXjOv85N+vz8OvCPq+PPl9R8//j4X6T5dIUSP/VHijzhhmKHFYp8WlbbWWmgBQBZBCETbKtUxylSnkNWux6uy5pwiTjnzjk7ORSNE1w2H/Tw7FFoaoyG0TVlOpkdKqKysuOt2rTw+6VNoB76Xp3VemNF43AnhcKR0st/sIUChH3tu1I+Y1k2W71130Eq42+cO3Qidvn39CkD17Pjk4vgYyHK+eJftd/sia0yeDCKG6pu730IbDsOL4+kvmvbtdv99WVTDZOATx7NomHzmeLPV5gcl5idnCQnt43y3Xqwh5avNA1D5yeTJePysq/zQn+53N1lXLStVCzLqxxhan9hJzzmKjxw+VR1P4oGRlVIFhLv19k1Z3WtbT5NeVey7NuslbhQEAQ9J5BJbQ2okkA+Lw+Jx4zDei8Lj00upu/WqSFMbOBGmvpDSZY3roOUy2+d5WnZOEHl+LL/eN21tIZCicx0SRInv+L3+qClrjMHV2XOtwLff/k0nG0xYEPh107RSFlk+HBzZzloIJrMpZFwagCw1gDLH9QJ/OOrNH7cIEq0BIzRMfMdzfWGlNhDjo5NZmXdF2nP4T45P3x82jdNIadD2cMBQe6EHbFfkFRJIQx4mjGC7XL764w+/fr9eD4dRMjhJnJnjehYUUdy3mLuEh70p5/5iuemykjnDv/jFLw55/e7m8OLyv47iXxpF8vzx+5u/+3DzD70IDYOLKhMOcsNg6PpOVXWAit18u8vzaLXxesPVfpO2zQjKfbqU1TaKiQBOXu+j3vDq2bNB1K8OW9GWo9Fx29KsAojx1grIWoDSur4/pA9KeZPxpRfMOvmtMpg6gTBII+DFfV3XlPPeIKjKjel2w95Tq8K2trItmqaCVkahMx7HjLEi2zPiIhRpC8v28cPD3282t0eTy4tjv1FZ4OaPm393cfQyWwW3jwfmZMxhN8uVn+85c9d5M+gNeRQfyl2WprLJ+6MLDFHbgPHxS7NOb+YHr++Mjwbb9QPDwGUDhyd5WXSqKkX5uP3gEdopqwABZfXLXz1JgoiTXlmr+Sq9edwbwwbM3xyy7WF/+eScY+VD/vLqU9VtBmNAh883qxWnWuvy/uPrKIndwVhati+69aFj9WG4WBjFYi9iyK8reTQ6++kXX0HtHd7OO+k+LOf/9Pv/OB08PRk+Bd6wrfZd1dZdUbZV1lVjyiuV8QBNZ8HRESdMPizNNmulNpoFlfAXczTunZxMe/sPv9ke1kaXRyb0vH7kxy53avVI3WKXLYIwCEPnsK72D7cP83USxYjA69vVYrF+dlXmfktpH7lRp3LRpEpsm3Q36vOuOWiVBwHvOiEld3k8HAzv7leIxv3ppXyEq0MZR6Dr9nVV9JIhZz0pxiE7SbMf3938TYOsVGB3qCRgjPLN4XazXzlc5NmeUECJN4jOrApdn6zWHzK1jIJe1l3fzRknMcH93f5aorf77T0k5uriSoHF4+p+uX5cP6yvLv+5j0a/e/sfbufzl588xyTKsoYgXWT7aez2fP/k6Ojhww9ASimRaGOPzcpmvVh9t5wvf/v7/9iK9Ff4S/wX/+ql0eZwKFuprTYIU4gssGAw9P7iFydJ7Nwv5r//YW4NZQ6lXEOrAt8titJxnbqthJZaaWg0p1gKabUFECojIYQQmrKqGWYIECsNhNgPXMSAlNIaY7WxAGDKIDAUI+Y4FsK6aZTW1hqDAEBAAwMhUkZZK8PQd9wAaAQhzstCKoEJxpTEQWAAoIRTlzPfp76TV1nTNrJTDme+61kLrAYIA4QsxlhpWeYVBBAoiC0UQrquS5ABVgJktDWMOxBiJRVAQKkWGsAIxtggiCAgxliELMWEUkIIcbjDqQMtQAgDi4xWyHYQWIughRZhJLVuG2GEVLJzHIYwqqqaIEwoa4QwUknReZ4LjMbAcsIJZVaDTkiGqRACIsgZdz2fMU4oAkYHjqOkbKXkzA2CSIkWKEkw1UoKKQiGTVX6ntu0jbIGEkohBNBCBEXbaSEBNNzhFlnsMIiwkgoC0HSNkB1zOIRAKON6nhAKQ6BVV9YFJtxAhCnRBmAICYSR70nZGSMwUoRSA7ExSAhTZZUW2mojO+1yj1EGDLDWdFXuMlI3jdLA9ZLH1bbr5GwyuJvvrxddVoCmaK0RTSWytAk8t6qa0He01kVZTkfjshZR6G92h/V+J4xuNXx43HRKl1XrOIw5eL1aGNmME3cyiKSyi+W2qiqHct+Jd5tyu1nUTfrjzfrbd4eyUhjRtsgj3x0kPmIcOoFGEEKAGbl/XAqDMGcIAuZGD4tVVaaXpwmnCkJgQYZQ+/W3P769Xp4cX/hRX0mLAWLU3+52o3HiuIhQGg4G2ordPmUUD4aj+ap4d10dsi5y6PnsaNqfETzibNpp77DbOQz//Isnh93y73/9hz98e30o2skwIBAMBl4YkrfvviuKlbalkJXn2KZtmka+/fC432Znk2lT6jzXT5799PjoaLO7/ebVD3EYum7wx/fLrGgQwkEQSqUd1zuZRRzRLO261n58d2NJoBWSyNzP56vN4cXVF5F7DA1eLdZKWYpJWctv7htCw89OTgbhscPD2XAche7hcLva32VFertIf3i7byr4+ZOf5qXZ77Or01EUxJOhO50ms0kPALPbrasiGw17nuO5rp/muyL9umg/Zm0+3x5aQbrOVp3xHMidoCja5Sp33MQNxoeD/PzsycvzfyYbIESHkWGEu9zznSQKR4yTXbos2s2hWm/zqhMEID/yQwRI29XDaahhu1rfh7EPEVXK7vJUm/R++UYbQahDINNGIFNk6XI47hviAGS3u7klYn+4W21uotjrDZPNYc9d5nHSjwYM+9zpRX6CEP54906ZvOkKiEjghFAjCMjJ8YxzXNS7fXa/LXeNkIw4/XAKge1kbRRsRdOIhrBQafhx+fD27rWw7TCJtLSRG3ZSpmkqlD3s9x8+fFitNq4TtA0Alvn+YDo5qwUoi3bcGz0/OULKRm4cuENGZq4/rbr9w+I7J2DTwVXAx7PRsRd59/O7V+9uJ5PBdBxh3SGrqEvn+9W+OuzzrdW1FjUwjeOAoixPpj3qulqIk9kIMb7clJu0wyTgNPSpG3FHtd1+s4QQD0ezMORadYgCZFHXImD9+fLux3ff3CxXmHlPj86+fPLVMH4yiE/7vSEh6Pa+/u6HWspOKyVlZ7XCAANotVYYIUx4EA3DMPkT9eg6fhwPGQ8gYv3+0A8CpRR1XGthVbdSyCQeKAsIY1KY0I+mkwkCiHJmMQKAdG3TiY451AJUVW2/3wvCJPLieMAJt1mZVXVaNzUnThIMq3K7TZfMhceTYwSSrm4RbuPE+bhaP+y2rRAA2UYVlIDPn//ZyfSL1frxbv5qV+zjIIbGZ/jsJ5//Nxa0i83Xwh6oQ6yB+7QNe/26E6vVChozHl31o+eEjCAGRX374+33i6ymmI9HsRSSIDPr9wbxhOBxHA/brliuX+/THzp9uy0+lO0DAAXGdr68r5p6OJkw4gATJ9GZsTQvi+vbxe3DPk3bwI9C32fEvb1ZiVZCRFzOrDKcWiX2Vheug8LQS7McwLYoDq/epo8PAlhtrEWYMBZGYf9kNoFWyro6OZkcnZwsV4umyTlz4zD0vcBqTDhVnfJd1+EOodTzA6WNErrIy/OrE8z4ZDrClnie17aCMua6bPG4ppwDiAEAg2EihKxra7XS6Peb3fp0+onruZvdgzbC4bwu237/InRDKfLQo2W+z4qt6ztBnLiEPD39ZBw9iTgzsjw/PxqNjkRlrHUjL+bU3S33SIHZ8OhwAFWH+slkNpuk3btv3v//vnn/D1lbTadDB2MC/aPJKePEAntz/xgmUadUVTdWA8bp9e3Hum2t6owS/cQ/ORnMjsdZWSDgfPrpl/3eiaip705cNsqytu3KShbLzcPN3RsAcs8V8/W9UPro5LKoxWr3WFaH0/OncTxYLVaz2cAPIimlUXA8eHp6/KnnTwa92XKx2ad7raXr0zh00sNWyvZxsXQctzeY+X4o5ebu/uswnp2dvkQArHfr4cDVNn379vVo8GXiH5ftxglJUTeL+UPbdYQFJ2fnQqnDYbucL18+O5ZSOJRj7E6mF8rah+XH+8UbaBtOST+cDOOTyJsQ4pZNvd5t3n24DaO+6yaMssCBw2FQ19XHmyyrvcf1ap/vnKBPqbvZppTBOKS2s/3gLIqj3736N4/p/Wg8hgDsN4/p4YChipOAcj/qzTa7UghzPDuxWi62aZGLQfLkx7d/2Nf7X/7050C5aSGH/SSIPCXFaDw6OToS0nTSQKTabr/a3RmsKNFtJx3H9TiIE5JW6d3D2gCXkQjJgWuvjoc/NwIst9dFsya0228fXWojrzcefKKkPRy+l3qtZLNL9xAjqVDoD12311btYbOhjLsMUwIJpq1UfgSlPSw3H6XKBgNOcH33+KFuU8ZZ01iP95IwokBt9+l4PFVKWd2VZRUHDFtNGfB4QPHUc19qkb3+8D8ui42QLAzi7SYTWsmuq8q9kjXnxLSVxx0O+4P482H/aavVx4cPeb1nHpW6WS4WQihCOIDSj+FidTNfPvaiwXKx+8M3X29323Hy9Gef/VdSpd+//ZvWyKdPnmDk+IwNBm5brwiFR8fT5fxhsbg/mvS5E2jLMK9fffhPbz/8J8oPjdpJI87OTvGnvzoy1lISNK1o25Zx4jmuAeb42Pmzr6aei67n9+9vc9l2oikchqSSjHBprMWEO17ddF3XIgA4ZX/a1hMEAYJVVRECAYDQQN8NtJQAmCBxlJGik8gCZTShFGGitFJaQUwsREorgkhV5FJ0lFKMIcLAauVw7lCHUG60appSSdU2tTbAdTwEjFEaQCNkC6BByHZdI7oGAcQwMlpzymUnALCYAEZJWVZt2yILpRTWGEapHwRKtkoIyJnBVAiNMDXGdm1DKWGUAmiN0VJqgDGk2GXcd32Pe3XTQGAZ5UojhClmTKoWWCW0qJoKEySMJJgCY4FSUmlACXd9wtym7bzAtwBWZcUZZQ5BEBCELAAIM4SoklLJzvE4wxQAADFgHANgKSLGGEqJEUpJbYEhEFFCobZVUxKKINRSSUQRpIxyJqXkjBqrMYai7ZSUBCFrAWLIUogIVEoVeQ6hZa7nOF5VV9oax3WkbJXqrDXAWAsp447sOsa47zgYQAJtUaSUQ2NlKxRCnGBW10p1UnQSAEaZ74eJNUR2DSFs2E+Qlq1smecbS97dr24f9nVrD5VNM9HUwgLkcm+3ydtGxWHEHL/IKiHhaDzb7tIgSjzuvv94n1d13XR5Xm53qawbTlDoQE5s19YAaKRyYrsgiN/cPC43u6PJdDyYJWEMlVrtdx/m6Y/v1gC5CFGjlFUSQFsr3SF2P186PndcvpjvrAH9pHd+8qTtnK7Vz55MLs9j7oD1ZnW3XCy34napP94WEAVeNFAK+ggZrbb71EvC1qB314s0r3qh9/XXr2QHJpOLbUqu71qKg1ESezTSJqhqgwx03MhqXOSZka0FIM87A7nrJVen08mkH/ug7dL7+ePd/N51UT92lKiyvDKAlblBlvzVn//VoDcTEvT7k1YUf3zz6us3Dx6lnHnXizYrBOfUaggxdRxvt11FDAz7J1FyDC3dZRXELO4nu3wfBP0vXv6lR8/ytI7jUX90YiB/2Oa/+5ABg3714ulk8LyXDAkEbV1m5XKxnZdCtSBYrDpiyXQwu5+vW9F8cjn1ONVtwThxuGeR8/iwUVppKyhnjotauZ4vf3g331cq0DCuBE0z4Xpe4iOAeJlb2boU+Yj6dWl+8clPKRo0+RYTeXHShwCMh8ejwez25t7xnUrUu3TdybRTMhn0VstD4ofPrq7SbL7ev7+86PmeTtMVNDAMQoPlw/r15nAXBP7VxQto9c31d73IGAv3ebrLd50uvYjk+f3bd9/4Lrl6cr7ZPC6XD6fn45PZIHJd1ZkiKwm1ytYtzA/ZvKmb8ejZODmP/T5B3OVMabk9rFb7h3d3r9Ny6/vcc2jb5G2Xd6La7te7bKsMDSL3zebD3/z+N1HoD8K4H/YYQVWVpbsNIVpLQTHz/KQXR2HYc3kkNQyipG41APDi5EyXeVN2STjzvZnjTDAx++I9883l+cs4uPK8EwJ4p0hVdnE0TILIQdjjXhj0MEFF2/z6D3/YpdlsOvAdbkSWFUsvcBk2jsPrIuuazA9jQzxtk8AdD/zx8ej4eDI7pFWR1/3h+dHJk6rK02K3Xm+4E0xGT/xw1Jlyvk+X+246HI3CACPf4T7CcL9bbTab2/tmvmIQAK210pICqJWwUkCEASZx0jfGVnVmlEQIamUhwoxxDCEjEGOgper3egihqiySKBJSMMomk4FousEw4ZzOF8uqygkFhOG6KDll292uynNO6ctPniDs7HcNJLAVy7rdKluVWXp2dHYyPGrbddFtkkHo8MiIBGl0ejxUpvr1d9/f74vJ7HyfVW8/3FFEkC6rtitKU9Q1IIYymh20454BADeH13l7n+abw2ELocXEmR0NuUvrOnMpHQ+eOGQELeCOPKTv3t58W1ZV7DkXZ1MIBbLd8bjnO0nSn1Fm17sfq/YH5m0asF2ub4AVJ7PpfL1Pq9Z1IzdMilwVGZjNzq0Rr9//uE6rKA4+/fTZi6vTiGPVtkaIyVGEKV6sU6U1Y+Ddmx8J1ZxKiGXV1MRBWZ5u9ybLHNG0jKBOKsKc0eAoCkJr9TBOnpxfnB9frDar+cONMtZzXaWM0TAMQmjh7GgcRX52yAkEg34yGg+A0QhBgEgch6JWEGOLAMEsiVxj7J+62XXduJwDo9qmbTuizHeDifv8/GcEq9dv/nh3/6C0PDk9xSBMoqgussN2E4au63t+6DZdvlo8Xp68mCbPttvr28e3UsmuM+PxiR/Nkmjoe4GyBGLuBpPB5OL97fvN7sPN/Lvffvvv73f3fj/CCKfbIvLC8+PTKHBFlz48Pk5OjyHFb95+AMB5evVsUVd6PQAAIABJREFUv1t/+/33s9n46ZPzLNsuH+8/+/QZwHi7rVtBCOoXBW/bCIIIGiFB9vHxxw/zV3mz3ewXRhcAto/LRac61/c47zFKx8M4CVzHcbabvW2bs7OLusqKPPWd3mR8rq2BsPIjkJbzst5dXh3N5/fv3r1KeoHju8QlEBujVVPnoTuIopnnsvv7dx+v31FqAYE/vv2uE+CXX/5rAiPmaamrJElG4wlGxHX9uu6KogAW9CNmAYqCQVUojIAbyGX2/lA+UA6GvdPIOR9E574bGlsJW693K22BqMs48M6Op66r99n8cXGdV7Y/eOY6iTaSe3GeV0IpTAxHFqjkk4uffFj/9nr9T7XML44HgUNuPrxtqmI4iil26xau1nVRw8lkNjuaQq1rYVRLr05+UdfbvFlQYxFAlrhffPmUAJXuD+dnl3HY229zoexkNOtE+zh/p1GDiM2yPUTOxenZYvGQV2VVAGyHw+gnEf/y2cVfxJ57qD6+ufljq7MnV2OHmsBjsTdh8Gi9/fjq/b8TtnIINtYY1e0O1fPnX3zxxS84jRDEUeD1e9F0PFFaS9sAdGjVqhKHtj6czNx99viwuPvJFy/bVgHlnZw8x4juDoey1bPT07qtDrvVcDg9Hveyw/xwWCjDw/AZAv46/YeP6z9sD51sba+XLJZLoOuf/+zK4UYpaTrNST/yXk7Hf9aLn7gOb1Sx2s8NtZTgu5u3291DFDpPLy84hWl2U7ebNDs8f3LRHyVKdv1g+s9/9a/PppNvX/2H1/ffzI5OLk6PyiI/Gg2nk956/f5h8Y77qGvzpisQFp2Q3KNZef/2/e9W6+uXnxxFLhOdmc2OCbAyCh1rrbYCQBMGThD4eak4rzkzcRRgxIFSTVcbAF3JIr93OORt17kkDLygqrq6qimChAWOhspqgoABRkujle4lUZl2EBrPd6q6lFJoBIwBspOUORYApTuKkFRWdgISTClqygxoaSFoKuUEDBoLkcGYCK1UW0krLdIGKIe5gOBGtAQyx3HKqmzbqulEfzCijCCKjdFAA6WMUS0Af0r7I4RQ4IeceEYbAnXbdAghC4wGoJUdhS7CRKq2yneMQaNt0bV0wClEBiINrdZKaYURhkZlZSm0gsgaCBnrMcdTspaiIVhjjAEERltOIMFQUWykwUhrpYRWEFMniLS1GFvPpUpJ7jhK6KbpgNS4U4RxPwj+BH61ssNdnRaZH3q6s0JKCCEmBFIo2hpq6EVJVVTKCiOt1wvckOWHFGLCMG+lksoyBqnLkbUQImgJArRpFHQ4skBpbYCBECihuY8wIRhZLTWjiPiO6oRRxnW9RhjR6CgMIGEAYMZZXeyVRUWj6q7hjmNA5bt9CnglSggxocwPIqgtsIoT4jBKoXUC12LQtrImQijAvbA2tMjzuqkd12PM03WNIR2MQs/lRd1YgzGk21xrFBelbqqMOsku38GyNQZ0wnoEBMx4WEDRhsw0UlQNFUKtl+uykQ/r9mrbJOFB1RvZSSyBb/Hzs+P+MBRdZQ0qavDj22WlBUnGh8LUTYWGHmceAdInaNybesFF5IWMLSk9fPPD8mZZ5iVr9WEyOokCcHOfr7fSgYif0V6vQSZ//T5Lm/Z+UYz7/Jvv3jwstuOBfP9v/su2CssWHY17vucp7fzT17f389U/+/zJv/5v4mEA5/fVbgNefn7lRZN9njYaMVgwIDer1fKwW6dp1ZpCoPJh4zIexb1B/1jW2fxu6aAoHg326+Lx5u2+Kf/z1x92ufnL3tRjcV12AQ8Cx12tlkE/LFL99cNqc3v9f/2//PcAe/3REanEdvMgba6UcpiHFB8kRwwpZRru80O+1HhVCUxrCSGLg2CzWwmdGS0I8IfJ0aEt6tw8u0x+cvHsaDj8pz9+r1Sn1LO8cW2rj4LjrMyFDCezLzirs+a6KubUQ9YUj9vy1Ud4ciyFqBqhB4njYBYwr2nY+ejl1eXPsmz3/e1jSB0GOETW4KapD9oOGKeMMQuFE4H5+p0wIAp7AIyLdH90Gm7mm6bePX1yhOD217/9Y55GVtZVlX/65Keu09+8/n6Xzj0fnUwjjtQ6XwtRjkdPDXT+/d/9Y6flaDrptK6z1Ajp+YMgZttX6336OKmcftg/7LPDtgni0fXDH6ThYeJJIymOYjoa+UcMW6hMVi/qOmvb2kArrb7f3myzh5v5r2M3HkSj0BtKqYDGBsr3y4/Xjx/PT88COmawH7qxFaVVUouK+7zXS6oaQcLqVkUhkUpUdfHD339XNNWz5xcvrs4Pcyl8fzI98f3zumn36Zv71Y/9wVAbCylxqEcZNzi8nPJf/nTc1OlhM+cMco6JIzphr45mhKLLo1HAYllvF9vrot0bGi33y83+DunOLBd5w9zgKumfRY4L2pQ7/PjMnx3TQe+sLKv5cnVzt7LY95xYiI7xClglWt3m8rBryvWekYfnn3wyGgweH+7zprNwhLEGwGqjpGj/5D9CaC2ECIA831NElWwwpgBzoTWRFUT9qswP+248nQAEm6rUUlJKEbZGGaW00opQpK3aHnb7fJ/ESZcrx3O5yyEwvsvqwkgp7q7vLl98AjD5eFciM++Ps6Tv2V4yHQfjEXmYp1W9b3UziE6HPpkOer5T7zIt2tIBIGBknap1KrlXp/k/zAbLX332f54e/avr+3/AtNU0AtB+/fq/rA+vDdxRDKIwYJSNJ/56s9ruMt9zEp4wTLpmaxFVyB52q4HHoyhoamtkOYjpQdm82IVBn7ntcvm+7N5gJ83qdp1madkcT8+zzNw+Ntu0PjlO1vv98m591Guzi4WGqlByeSiDRkQuxfUhJMQl9Gjo0ZC9+/CwXqRNyBDsrJYW2aPjYdnqQ7qt2sYY2Iv9/sDLtnsLDKWYQFtXxYePH4oi/+TJWd2NQGWNVbWoIGFZUyphOQ0x5rPjKbQoDGMpsOO4UehbZChxKXX70xFEtKoyba0ThnWVuwzFcbDdZV4cABSWRd2J1nUBxv3Y/dnRaB56zrz4kBdrJySDYUwR3K6W42SAEN7tcsfjVVdsss2h2TjcYSw0gGRN/vc/fFfW8stPPvniORuO+9vVI4UwDjwFXRaPW9v5ifP23auo32tlwRD54tnx/G51u58jJLXJ3r2/ORy288dHt44EAFEYu14S+FFVltTak0H/bDpJt/e7ur27Xzx5cjXszQIvFI1b5tKhntdTy8O77z/+Y96kg1H/ZHY88N1+6E/Go6K82e626+0DmvQvL54edtdFmjO3xygECNeNyrJyly1Pz2aH8sOrV3/bNfPJMRdyU7Xldz9WQFnHRV4IIUXL3XqTrRN6djb5FCmZlqum2FpdhkkQhom1zPXjQ/vth+XfXUz/cp8DbB7iQTjsD7N9+viwGIxOuOO8+v5VmqnJ+ARYX6t6vvpo+P67N3+436y+fPHZ2bCHQK+puhYvHxZ/+Dj/2It5GIZN1UY+cBiwCpRFDjBJepFLEfX6WdFrVK6EMFIBKzGOXrz886a4WVc/amYwAlV5QMBx3bBqyof5hrsg6fccLyKMDntjaMx2tUOIzoaTi6NLAta7+rvX7348mVXe8Mlu+3BI10rL28c7LTAEvtIYGHQ0/Twvsvvt7zpVWwQIJpQMfX4J7SSY+pwfjfvPAydumnVa3MxXP87386brKK9dB8IO+oNx5Cd3q0XUR37IJr2oauTHj3d1TQ77jT3TjLCzo/MoIrcfPzCMo1HfbTZvbu4AFb5Dm6zbZ9usqHjoRv349fWW4xEhHLsIYifsBwrCh/kyivu9JI4Db8dg4Pmn0+c9fwzJ4uPDbyzx67JGwDieQyngVPq8PZ2FBY+noz+7PP9LauP08Ga++A/a7gsth+NhWhGHaN9lfp8dHyPXy/a7HSHG9aE23WJ5MxxNJv3xbPRzh+GH1R8O2fujweTZ1TOHAilTxzWuQ4PIzd8cLvD5i5dPlFKMUWEQc0jsxsNBbPQgcuJWe6fTHqMRGSVh2HO0SPs93osDh1Kfg6YDvR6lBLdCZlmnO2SUVcbUZWMFajolpLFd4ygnCcM6zxGAUmqjLUbIoU6nOitBm6txzxXUlk3puz5zuQFQS6mUBRYZbQ3UBGOtdFu2JCaEYKm0UIogiAk2EDHOtFZdp/OydDyPAqyV4Y5PIK+quhNSAwhc1IjGAtRJCyAWUqjOWqMhxVJaipDWwPE4QAZAIKTWxoRJ1LXCMt21HaOEUdy1liAEIVZCGi0YRZRhYxGUuMwrKSX3PEwQsIYirESnNLIQuNxFCGKMCSMQmK6tIdQaWMY5lkIp43lUG8C4Z4Boc4GU7oqyUybwA0acphaYIAuoFkZJhTAxWktRG2P8ICaYKq0IIVIRhzsQWC26rhWUeVYDowAlVCnRtW0Q+EXWNFXdB7FDWEucLC8dF3HHVaozyrjcJQjAABS6bLqu6TokKAUuwAQAhQhlCFoN2rY2yvpO0At6ZV78yTIrq9J1mNEdgQRDbI1pddOomjDSCqGV7VpplNYSiha71AUYUceFCAohCDCMEwzAIO57Ad3fPrTKZoud1iaO/bLMhGwJQxYa4hICnLqqT46HHidpXbWtJJgUu4ogYNtDHLhe6KVFG0SJ1AY5gBLkcuxTVLRtVTetQm3AKHUTN5wkqtW9u7V4d/N3pKsHQS+J42dn4yASrW72jZ4NB5xZIVWZm23a5Lnoxa6QKAqC00k8SQbbzc6pEALF3f3942ZZdM4mA9c3aRLwSaDPxpOy6IpC7KrGZQfMYFEXu85qRvdphXUXDMDA933ufcw3bz7us4qPkmgyGiYOe/Vu/v5+XdVSaPDyfJbnDdDocOicwNW27Ywh1FUQP6yqm0WW1aQV6N1tCWUTOvLPxp8cH32mxW55W9w9bGZjyxgpq/zj4361t5HXFwK3DkIIY6SEapuuBqWwmk0nI+Sy79/dHY+TprSjyZWsD8v5zc388dnFJQZp1z0AtXvz5gcNgB85olEeiQiyXQeqqnh4uDa4e/Lkagw/aVWd5u+Wq11A6C8+/ZSjAUfi4mw4GZxhflwXVS2BE0SHdYtJz+E9SiDRrUdbPJhScBNR8Rc/+2Q+P/z++7cMMh9zD/Um48+GyefD/kWT//76w69PjqecgtlxDLT8ze9e/fh+oQzux/so8iVoH1ePQTC9unrZFaOu0kQ2PjUMdg4BSZBwxF3kct/bzKvE680ml9+8+vqQrZ/Ek9kwiH1286F0/dHk+PP7h3spLKEuBh5jg8IaTMw+F+9u7h43q1I3ebuHjyvZik5Kn4Dbu9337xaXVxeXxy9ORme9cOww33MIyza7w+7j4zuJ9OnlSdYtijprm8whSoalQ2kcDAnyAtfcZx/+8du//uVP/3eMhI+LjDkz10nWu9dNYXrhULVaKNMYsF4uPYziamesnK93690miuKTyfD52dGdztoGWs3zIs3F+nevf3O3mo92u7pUVydt5Ix8Jwr9wTD+0nWjmpfMDizMuu4gGn0yvSoaCU13MZmKigrgH5zyUK3fP75XEkJSN11ze7sIvFGkA0GTaDh6WF6vF2s3YHWl3S9w3dRdm4tWplVrO+k4h6aTUc/txcFnL1h/MLx+/UZr47gedwIICCemzERVNHWZKykZosBaY40FVoiGMY40QRhi6mKClEF+GFLKi7JimDKGHcdDhBz2WZj0q1ZqixBlGqK8aDohfSldSrW1ru8f0sLzqBeS/Xbr+WGvbxbLhbBYKtR0TRQHSk76oRNH7fvXb456/acn53mdbQ/56ekw9PuEMQVs3Zr1Nvc5//yT45dPj/9+txwF5NOnx+v5/aHYaVAl8ZW3GmT1+9Pji3Hv8uND0WioDZ6OJsdH58vFIq3qH99cp0Xxs88/PZo+8dykTveHqmLMKYvuqy9/visOv//m1c319cnJdLvdi64dT2ZSp9vt7WazHg4CIczD/QFCPvnJ0+++/v7bH+aAuJRrpNrRYHB5clKm2b4p67qTnWg7tX9ce6P+YDiMQ7dT7f39ardOj2ejs7OJaguXRLPJAFm2eHy8udkMRrHDOMMWAw0BstZAo7qmaKp9UR7aTnZiShiEQAEArNGe40LELFKYg81+ORj1QIPKvA1CjxAmOmkAhJgyQtqiFaQZDKM0rUFdHh9Pu7rV1gohUNX4cVTmWVO3vYg53Cf4aRy26/zdD+++Jb4XBcnN3Xx5n00mnxOKuB9BJ6qEuH2Y3zzcfP7Z1eXRs1l0NgqPst4Rc6PDYpOVarFarXeFrnKfOf7gOKuM46eHw/3bD+/Orz69uDxZ3j8gK0+TIF9sZ+P+eOi9f/dWSO0HTjIeRb3k+vbRQno2O469sYzkly9/8suf/Bn3IMffRoGHAWiz+vL4CXcuO+lXQi0O87/95u/r7uH4eHTuTbMsj52ITwKX8KPZk6p0RPdQ1Z02yliUHup3129Omm4ymm4W6+U6VYbVVfW4/IE6cLt/Q1jXid717a3Uxuht5AcnJ+eEk9/80292ZTXsX1x9+n/oxc8Pm9dW11oXxsoo6lnIqlp2BhyPw+vVfzKKJ+4nxF5stm9E8+AgpMrCnRhCHKCptn6UHFkFW/243r7+sH6zzCppGEXuMJzp2tnvXxf623l6XRqZ4DgJI6QbCOrA96raS0ugMXEiL6/zXjRwneCwvie4CRwT+eNPLr/s94PfLr5RuISIta364fUjstRlzqAXPS7WRoMs3zKujo/OgMXv39x2pYgmPQKwQ7nvOxh3mgDC5Gr98bBqXMcJh4GFNi0r3/PyMvdd4nj9k8nPo9j/sPrbpqvigHd5F7Cz2fC0aolsBbRtXa9vP34HaRv0wyN03DVt3Bs6BDs2iZNPXI5p0IDKSNH5vhP3RlrBD3eHfbr/7tVvHe1fHJ9rCRmmZXYAkACM91nqR04vnHrcdzx8t7zBGK3T6m6ZPjt5GQXDtigiB2OjD5sbq8qTo2ejQS/b3BtVDeP+88tnjNn/9A//275qwnj48kWPIC4lYAQHAc7SlYdnz87/ZRR9ZXT7bv4/Pj78Yyu3kRfxaJrvMmC067ufXF0KUeXF4+tyX1dMgwPzqLHwbrEWHfX8J17U26RvtNicnX7y1ehlvzf+/vU/tE0lVMMI/dmXv9qus5CPBvEUgNtOKD/09lk+sNF0MJ32gn4woUnUSoAdl3geDTw2GQWHXBvjdq1qpZRQHU8nBIW7w+HD/VJpPO5NV7u9ljrv0kZAzJw/kYGJF1CMADBadUJ2nLkAYKgBNghBWuWtkFJpaYFmHkMQmUZzxoo6b7vO5RwwaJRFCGHGtQVSKkgRpQQASCkxRlsAMcJKS9E0vhd1ygBjXdez1upCYwCwNcZaAK0fBEqJoioYcxxGKXWqvICQckoYQ42QHHMLYCtqjIQxGiEURqHHuOpaIwVlXGttjeIIuS5zAh9zv6m6/X6nNLaNgMRihF3OiENFKxh3AMAMIQgwxLBtm66uOtVyl0slEUGMQms1QhRiig2gjBulyqzohABSOqOxx12BMAC4blsvSgimZZq3wshOlrhoADBSelFICImTGEIVRj53/UPWyKwCSiijHI8r0SpkfD8AY6C10Vp3nbYaIYiNkBxDj3OGCLIGKMU4cV1ORUs4o4RTxmUjIUAu5RIaA6AfBACYtEwxwk3dxkGMCVIQJ/0k3S4NsNSllGLX9dq27ZoWAmiNlcIqUZvO+kEsDTYQF0XBAGCeyziXshJCw5ZY4pVtu12tELG+CwsoKXdc1wt8BrUIA6ZqzhhCWEvZCKsxDpnjvH31Y8w1tH7VlsQJytYi5lSdGISR4wEhK8ICTIhoZVFqo/AoOgbHPc/P3q8O724e+75D/F6VlVHotm252qVKi8Trf3J2goBzt3/8n37/tm0MS5w6ryKPu5RJrfflZnX7GhNzP59/XFbnR6eTfrieVx40E9d7fvpcSnQzv//Nj292eVW8ypumene/+rN/8c/jMFbdDiNvOu5j7L94MQuH7fuP2zTbrQ9xy1jetYRD5pL7bdG19u5x7vv099dbwqGwTW/cH0b44izpjSe1Mb5Uq11797A6HvLJeIhp0Eh+8eRFVcqsquyqfHi4byE2hIXhQEp7s8n8XHRWE8fsDutWltQEVS04nY6nJ68eb9o2e3p8GfsROpqmH+Z5kTdtvt29br2DbvKmzQAGVLfr9aMSsNF2vlwOvHFWNVW7HwzGcTwNg0klPy5X2YtxohoMiL08Pv7pV79MovNd2mFHzve3q/3qfrHqed4Xzy5CN4qC53VxV4jy2dVnT67UT18+l92rQRJM+uPEDY+HP02Sn2nRY6Q3OToajcd/9ouvgtBfre8mY2tQ/bDeR2Hcw3y5XrVClkUKjEOA5/VPnz0jVfN+kOwPRWOscbze0ezl1dOvqiIrv52vNu3RzDk9OTHfKJeiw3pFBmEU9168+Mukf/zhbjudHveHPc8P8hp9+uILbQUE+Q/v3igigj5vVabKTRw7Fpca0F/+2ZNU1bti06tOvngyxdjLi5wgXxq52u+/e/cBu3R2ceoQFlByefHZ07Mz0QBGEqB7DIlUXf/bf/z/fnH18qtnXy33XXqgQrKqMUpTDP0o7Eur94dqVXbrQ+NR9vHhQxjQ2eTk6uJis95AbR5v50VqhXaQLSp1+9t33+6rA3MCl4ScOtC2ymZl2zZdFwXJevuYlynjwppUNmmeZ0dnR5EfGVnsVssiJ4PBi/H483Lxd+vDvQXAc5xcyIfN/mdfno7HrkMVsc14EF7f3GTZdrvZzo68x3lmMOjFkeOFCCgNzPXd0jt4SexcncfPXz6xddaJRnZ1XTcXl+eiU28+ZlqlCFiOkYBAGmOttdZAAKSQURxBhJWRwAJEEYJAK1U2Yjoea62FbB0ceWEgpdBa+X7cdJIwvN3u26bBCI7GhDGqpHQ5x9jWdTudjDfLdZlXAML+sK//dOBSeJycDiNe1K8X89V6ONKQMOZ53D+fnntkWJRNsd/6PlCGPrt8+ux8QGUJ2sOzI+/Pvzz9Whe7vXpY/EgY72y7y/au85i4TzjGDrWDQRK4VHbVId1ZwvtJ5HDCIB4PL43m++7Wd8np+YXPcJSAd7e3D4+Lo9l4PJyoTtZd8fH67WhwNowvrPIIEK1cBXw4HIyhZa7fm01PAYShy84no+dnT6aDy82qi2JC0clZnD85OfE44hQEPsCwELZpdfPsyfGTT15g4lV5ORl6x1Nnu1osVpXF7Pj4nED8+LjL9rkQmjlQik6rZre905YCw7qy0x0cj3ocWQcToJTRmnPGODXa7NNt6I92+SEAAaOWE54Me14vkm17d7M8vzyGCN7d3g2no5PTyWCS7HYFd5zDIdcA9pNQdtIC0DZt1bjrXVO2H757c00x81y2Xe58V/z5n59cXl19+HBLsNsfjhj3jcGTeDzpTXSLGqxGveOz6el09PTJ6Rmw+o/fvHp+PpJGN03tuYEfwN99cz1fbhkPv/j0Z95pkm5uTG3HyYgD33fieVu//OILRFRepO8/fhxORleXT7oCY4s/efqCUxz4obKCUHcwHg+GYyGZabCoM41219uHb65fr1ery1F/0rvq+aYrdLkrHbe/XmTjEXPd6csXR0qpOmubSBLam8yen5+c3t9+oIxyipNkBMnF/e0/dab2AjybzTzOfT+pmpJ6DjA4zTvxcXlzP69NO+1/eTL4ZVMU8/nH/hQiw13Pe/v6pqp51ahO27qUTlz+4dX/+3L031+cfrV6/bi++3aShOk+3YVrvzeh1D/ken9oMaia5vF28UNHaBRNe5F2YXg6uUjTQy0Xb1//cV2btgI21seTqYtBni2rahLFCWbBbv/I+J7F+z4870dxXXtZvgKWDeLzfjjaHL4RpFDSybe50TTrGt8nJnAodIyMdodGY+TwluFa1bCs9OnsolISWljmOTLsYno8Hh9NJtP/6T/8zhIdx77sukq3x7Ne4I09T3EmsnzPUPLi8l9l1WqhvtGmreqG4/P+6Mnuw/e7wweGmsh3+4N+27Unl+fudnNIcww41j4hZ23n3i1/04K0blVrbHbIZ0d9YPH5xdM4OZqNhsuPd+utujz7zAvGy/Vqc9iiCO9TQd3w5dVn++28Vans+L5oroM1owlBoWiBkZZzu9utLKLJoL9a70fjkQBtLRvmBXn58Os//udv3/9QluazJ/izly8Jct4/rAC2EJjtQ/Grn/93V2cv//Nv/l/v5v+FeJoSXJSCuglQpipqRvB0NBQyf/f+7WZ3E8W96ezZeBztdploNfG9MDjv9560zWa9eDWdnD65+Atopl2XIsQGg8EuLX733YfTk0Gjw/tF1sF5XuWjUVSm2xwUqhkRSJRERlPEHIfzsqnx//6/e24haGoBIc6ysqk6oQ338F/92XM/mq7T9B//eK9F0I8HbSWM1RgjbaGQyvHcIHAJBE0rAICNENpC7gQWYqNM23RSa+YSoURd12EYeq4LIdTSdEIjiIb9QVXk1hpGKKMUYWSMYgT5rmONUkr6Lu9kQwh2HI9TKqXgDseQStUiCB3XY5RoJZSWxkKLEKUUIeCFAWcEWsUZZYxhjDEi2gADIHMdAyECuGvbKq8xJZxzaXSnpZAKQIsJ466LAUAWeHGsLdxuNkADIUXXNRhBC41FhnMKCTHWQAgxwQATSKgoc9FVWisNLIIQQM05xQhCQABCECJAGUAYQEoYdRjHmFLOjNFKCdf3CaFSCmhMmZfGKD8ICEJCCASx63vGGsKoRUgDE8WDMquV0hARRl1rVF2WhNG4N0SUE8LKvATGNnUDgPUcH0AcBDGEuKkLqUUS9TDmUknfDTzXq+sCKAmU7lSLCMLIGNNYACwAbVMI0THuAIzarlGy1UZiTCCmlKCqaZqqdt3A4Z7uNASAUKy1RYxra8rsQCAMgsjhuBPN7pA2QnRapWnuckgJBEBbYxqhMOZ+EDvM3e8PjusGgZem2SHPEcYaiUH4AAAgAElEQVRNVyujpuM+hkqpDhPetrJTlhDXKCnKsh+HQRikebfeVk1rGGFfPnk27V85fBg55M2H9/vKcOZJgzJh3t493i6zu3VWtGoYsM/Pn4bOqOzaX79+rEsRuW7sc2stQDirxe/f3Nzv9nmL95lqK/3J8WjAvJB4J8NJL5z2oulsPBaqPVT1drvZbDfc4cyJ07zYbLaBx4ypwySar9LbVeb4/u39/f3dbZqnnVT7rFRCzyY9AGCRF3cPCy/0EWffv7u7XabLXN7dPWidMWZ7IWNUbQ6lUuqzJ8NPn18yGlpIprPEcU0Y2rJcANx1ums0mO/rWkiAYVZ396tVW22bJldQE+443HOpDQIoLbx/WF9O47Pxic/B7nB7s83S3QHjFgFRHhaO7/zk519ibH/36uP7x0PX1UNPjZLY8UIDlOw6aGXVph8Xj0XRfvXsS5ec3C42iIKnT55Wdf7j9W9/++Ovv73+8N3N/N1j9vH2hprt+WgYuCd1Re/nu0+ePTs+Pl2tdu/efaTcP5kccexyOiZs3IkWsmqxfdyU1U+/eLFYpe/vb3fph7zeSKB6ffewm1OoPS+mJPD9oyLHSjJohBLr5XbXKRZ4MTS0OFTPrp5WpVxsqkMuOlEd6rTsSo6VR11o+en5p1E8fffm/cP8EUEbRJRiw7l3djKqs3me3ccDR4iNkpvxgPi8ShJS5DvMydXF2cnpZdVKbMPTwRcUe7vNknPqhhQwqbFqms6j7mQ4vpgdn0xOOA2KklIcucTDfvX/+c//zyT0vrz8WV0BIbus2vmOG7hBv9d3XRdCaCAphN4Ldbevvn//mOXZ508vvvrsS9mZQ94gRCCgdSUxRoS1X7/97TLPvvjk8+Ph+dXxs8uzJwjY9W5RVjvHh5QXnVlUzYfD7ocyf4xD7vp0t76zUDmO2W3nm01+cvrVePRJ0y0B2lokHO4sVulyUwcepxiJtu3HnDlA2853IUXd4/Lj9cfbk9PT87PJeBAgK6tOdgA/LjZ1Uby4mqi2WczXTpBUedPrDc+Op8aC33+fXt/kSrZKKimENn8CtRRBiFLHc0NKqJKCIMQolZ2EFjiMOxwTSiixwAKCqcO4VQIAPRiPz8/PRNdFoaeECfw4DjwhujAKBoN4+bgBRgFosrzpmhoCFcTRdJKUWRl4dDxWBm3X223sh+PhYLW9dxj77OnPp6On2W5V5Ovnz59PZycEAayr3eaRc3p6PPCYU5WNsCQvsqrJ44TtDgvRtJF/LGSz2r4aDBin6Pr6NkkG/V5PtVVdZIP4+Gj6ZZotd5v749Ori/NPm6L45uvfPz4uojieTgaXl7OLy1kSRVCHg+jTJHoZhJfQ8LpsuRvOZser9Xq13r38/EUSekA0fT88ml7JCm229fHJ56PkxbT/7OLoeeA5TbMqio/SHh6WD17kBfFgevRMSe64QeCx5eN8tdp0EhyfniW+d9gcdrvu/Y1sGtO1FSMk8l2CoJBSig4RNJ0Oz4+nv/nt385Xt1Iqa9B4MnYdtyhKDPH06NTx2CEtEHSjJHJ9djik0EJCiTGyrppOdE0jDcRB5All204yh9VNhzHwPDfww33RlI1s1PvH7fe7rJsm/aens2m//8nTT87On1sAPt58dLgzOzqJAwdDPR0PQ29Q5MBxo6bd38y/q2RNGV8sV3VnPZcQLAmwg3542M/vFwuXB+PByaQ/3CzXLscYkMnxGQBe27Hx8eXR0RQisJg/lFU2nvYGidfWhiGY54uiWObZfHNYLVabpDcmNN6uWyONAftf//Cf/+nV14Px9GJ6CRucHgrZZnVVn06PHB66rEdpqLVBwEZhBADCAFPG+r1B4LP9Zt7U+enZpeu5RfGQZTeL5ePx0einXzx/9+ZVEIZh2MPA1RJVreJe4MVeXZefX/6r495PV6tvDNifnQ9u7u+++/GH29vbJHYGgz5G0ChTt43j2sXD9bh/OYwugKw5VXUjk2QyO3rG3JFUarW5abrHTq8eN3eLTd50Jt/sE3dyPL4U9vZ68ZuH/e7hsdivq4uT47KojaGtahGykPpCAtmJpiqs5dPRi8D3rm++TYvU948ZnWy2P/729V9ntZrPa6hY4I0G/WOj/dWqbbJ2EB9F8RGwDsbe4zIrspa5PrKq6joHofPZF/2oFwTSdVgUhGF/UhZrBBQEsKwUxc50NJsMJ0eTuCzSpmm08epO3i7/0KoaoTBOTst6cSi+b/W8rGrmDI+OP9U6tIYSCI2URgGGB4H3Sdvmq/wfaaSqsjGd7Adu16nx+NxYttkd2uJQZBtolYFOklx44SlG4ez0+P7+9SFNX1x+2lbmkO1X+8YYHoX9uqWj5BkjvX2682N8M789VKUT9KMwtraZL99AaC4uj9e79z9c/54Ffs9zfvLJ07Oj491uf3t/h7CKnOjq4lfnZ1eL3d//3df/j/nh5uLJS4cFy0UDUJyXsi7b2WQ0mw5fv3nzT7/7g8VoOBr2BsMo8D5++KgFvTr98uT48zIrgTkA201HV6PBp6pTZfHgeeL0fNa05u31Ji3y24cHwoySIgy86XAItAp8bzY7adp2u935vo8pWyz3Siv8L//bL3bZIc2ktWR+l5ZFl/STQYJ+8cUT151mWX5z34macoxkpzjCEMC0KLSFBGGXUYIRxshoqKS2xlDGMMJt28hOCSkQsb7nagEpdhyHIYrbphVCYWRl1yptKGGUMUKIMsYaxRmRstNaQYM441IqZawGQCmJGWaYS62EkFIZABFEhDLKuOu4QdtJZa0XRZhSYwyCUAjrOJ6xwBoLAeKuA4A1xkCrdStkIyAwlGGjNcTI9VzfD5SxrucCY4y1FkNjkahK0dW+zwGwXdMxBgFSAAPCPa2NUoozhzjUaK3qSnSNgRAxTiiy1mBMIMYGQExcCFDbCcwodRzECGbMGm20pJRCaNqu6toKGt3VjWi7wA+owwlGVigAAfccCFGeZ9borm7bprHGMMpdx5VdbUSnO9G0jed6YZxopaXsIICqNdYAYwHhQRTFxuqyysqqYswRUjVdBQhyfa9t2rqqMGYGWqEEpxAAy5zAaNCIBgDsOIEBqGsqqwWlSBsDMLTAlmWDDPYcDxgMLCaUIUQAIYw4VVl2TeW6ftIbyq7a7XfGQoCxAhAhjDHu9QdCyrwoCfcRoQBgC6iBvG1F0TbbQ950sqxLqUzTFLJrpFQQYil0eqgYd7kTAA02j6swDojj57VO04YyR1tS1+Ly6JgDboWQXbHelUKruu0e93nRKgOZ0KbrhEPM0TjeV+W/+YffL3MJlQkcjzsuJM5ul28OVQfcIs9NB0wtBoz8H3/xi/PhpcdCx3Xf3a/eP948bOf3y9X141KpZjhMoti9fHp1ezuviqqs2sl0IgR893G33LVV1ciu8zzKHDJM+LOz4bAXSKl2aV2mB0rh+cX06dOjfbbTWiNoTif8aBKcnZ8FHt5n2f26AsZMYvTTn3xCCd9s99Y0Wbqoq43rokaW6+0Wu+GmsLtD0ev3pNG7w4YgkRdZGMWU+QgzDAxFwAB2v65c1D07HeSH1d384/XiQF2Pc5QVxWwcVV2HEBqNBr9/s1zsJIbgZOR99enzy9PLXhJUZeY4utOHV+/ffHbxyc9f/suysLfbd61M71f3f/O7v/nj61ePuyavUeQPisxoiT2uZz3n9OgTRGPM/dl4kuX5v//r/7JJ835/0HbWGOR47sP6UZi007v/4d/9p/c3t70IAwDf37wrmwfH19rUkQ8wqMOAGkVePP3qaPbVYqGEbjhZfrj57u19xr3pzc2yqqvA8zmk4/6kl5wow+er67/93e+rRh8NEmKAyxMhQNPJ1Xa1L6vl5nGxuleq6cVumc4JzqxO63LpueL4JLE6n/Q8AzRCtJP2cb5QwFfSs234xbN/5tBgv9v5kcMchF1DfKdqZJc2l+Pj0+mJR4PdvuuMYy2gvv5ffvu/dqr8y89+We47C3TTbge9+HQ8G0QJo8QPuB/wtklb064b9e3HpdXqv/rl52eDJHGDVum8qpNo4vGQQaVR+f3t18qIz55+HtPIaH42HSahs9vd5fm8kTtCml32dnt4dcjvgmgYRecui7hDgEnrZut6AEEttT4+et4PX1Ckd4cfEZa9Xt9YtjvUEMjdemkQBCLfbPecMR+jXuLnVbndp5Ci6aj35ofXRXGQxrDQ1cisN9vxMEAQdsK4fpD0/F4/zNPFj2/u/vGbZrtq6yrTWiOEEYIAQoQQRIBRB0BQlJlSwmEeJxxBCDDxfA8YCDCPk4lREFM6mk2MMcACwlzu+OvHRRyHStkgCuOobw3wAi7arq47ACGjXENW1BUkyHHcJPa6roUQhV5LyNpYDQ20FrSi4cS9Ov8idL2qXljQnJ0+C+LxYr6YP167HnN8t2laxw13Wf64rbNS17ITXZnme2vAbHxV5PXj9kc3QGUjtml1fnY5iJOuSderre+euH6vrFe7/Qphvx/15o/31qirJ8+m02nTtB/vPlKqIj6K3J9MRn/h01NCeoTgfZa1XctdvM/SbL89Ox17jHs0jv3herG/v70Voo38ON8emizVYvXx+u8+fPzdzermze3t+9vHJOn3ejNrnLarRZu2TaplwTA4OTs+O7/kzCvSDkB3s7Gb5QEaxRgZJn3uuFXVKWuARc+uno56w//53/4PWb5XCvpeNJlMHNdvyjaJe3HY7w2TIs0JoUcno3S/f/vDeyFbo2W6z/OicnxHa4DQ/5+l/9i1bU2sBL3fTz/nmsuv7fc+/t5z/Q1HMskkI5lgVZYSQpVMW4A6aukt1FZD1Ve1JAiQqaxCKquSGUlGMBj2+mP3Odub5d30v1cj9AyjNYCB8bEkSbS1WdYgghAm3U7qewwAVNeVEEaoZSVOPdf7+OjZs6PHiT8Io87r09O//8V/LvPs+QcftNP2Zj3BVnTbXQoiawPX9QQv7iZvSr5q6iorc8QYgDxteb1Bu9zONQTbTRYH4f7OfpVtN4tbY4TvhdlWKRBuK+GHtCwWt9fnN9fng/3WZj2l2IZ+5DtwtbqejN8NhrFFQALS7u1R5GPYzLfvv3v/3aLMGQ5P9k52+sdIg+V6okU5HOxEQXu0exJHadruVFXFm0KKhjKKMVRS1rwG0K42k8XibjDszSer12+/NjZDlKbtGGIymyzzsgq9dhwO1+v67HpsCY1aoarwZyf/S2JhY66imCw2q9/87pv5bP4Xf/7ZX//l548eHVKE78YLqOHR8Z4x9fnFV6Pe4OHJR0qJbJt3208ePvwSIjxfnGswF3qKSX07W86Xom7sZrE63H3sYPPm/S++f/1tp7+TxOl6xaGloT9sarrcZqvtNm2nGJLucNhKW8C4ob+/Xm6Kctnv9x4/+wmw5s3Zr19c3XTTwyRopX7a6+wRGxDkV5Vt+V7iBkmrPdo53Ba8bIxW2nHpcjE3Wh/t7B0MHiCILaq//ebb12/eZbUgBCCEhNR5Ia0mFLmi0QSosi57vdhY2FRW2nnR3IaBrwxfbc7vZu+I4/pel+BOq32CQdKKuroom3zrELY/+oTi3nT1Ylm/VpbwGliACGIQOkBrP2rnjZ5N74Dl2IFGE9fpRvE+oy2p+Hcvf3U/uUnDqKnkbDH2wiiOEoZcBLzEHxRbThxobHZ+f2uN9hhjWNV8mzfrOAkj37lf3HgxPTwYgto+e/i01x2cvnk3n08Pdo6//PznPg6vbv4o9ZIQn6HOQe+hSzpCMANYVVRGiIO9vuTF6fv3lrDBaLi7t48MFZUslrVPWz/+0Z9bC0/PTrs7UZr0KepY6VpdbMvb9ea64bXnd8JkD1qU5dt22hr22pvl6mBn5LuorLaBF22WVV5s3NBVxpxf3W+LHP+3/+f/02Q6f3d+o6BjBHIct9XyPngQnuwc+k4vr7bLNVqv66xcFlXGMCKYAsfRABltGLZhzDbbDIE/8e7IDwMheM25khogDICN4xYxTElLPUxdlhVl0zRWaguQRRARpq0xGFmMldTGGgPAdpszx4OYKGu40pw3AFjFRVOWjFKKKTBCiD8Bt0xrDQGwBloNrVae4xqhZM3LogpcV2trDSTUc1yn5hWG1vfcuqy10Rij0HeUlJILKYXW0gsCbZSua0aQghBiRhAy1iCClVYaaCFKhxGMHQgJAhgh5no+JkgqWeUlgYS6ftRqYQqB0UJwSqnDfIRcaE2RbXldKNFABLRSCGkpOZcVZUAqqYyCCHEptQWQEuo5hFJelVJwxhwWxvlmI5VyHLeuG0aYUtICQwn2XKqkNsZYoJzAcxwmBQcWZJu8LGpGmePFhEAAFEZaK20NaDi3CLqB63gebxqtLTQwL7fUYY7nKS0xog7zqrpRylLmGwO1FrwuIDQGWqEUxo4RCBuCEG4a6bgBZgxC/KeaRCAG1hBGAz+pykJwASFGlChr6irTptFWCS61tAjiIEoAdKpK5FlhrKkbXpeV1kJorawNktQCVFYNMKiqBACIMC+OWlapqiwwcWsBlstNnpfQImvx9Wx1fn0ZusD3CUKSSyGE4sKs1jVANE5aCAIGoMO83766+J//8KrkyMMEagkg5UJXjSCYaWWrWgDOO3FbV2IQxiejI491CHPf3d79/uzi/d1kVVZKmc16JUUzHA47aWIR/vrb11HSoU6r3x0ZS4sGLbYiW65acdzupq3E+/hh7+lBd2/UXRfND2dziJ3h4QFxCUK6KMuWD3/y2e4Xz/cRceJWW5r6jy8vru4KB2PR1F7gYizPz68ggE21vbw6b7RudVq+H+SlyhtY18r33Kausu3KIeDh4xMujMVO0SjP9VpxiyF3ta5vx9NBlzHUXNyNK4M7vYFFjiWe5NVqW5V10Wjxx7erMkcHB0PPAXtdLw7tZnN3Nzl3Q/Hi/Zs376/+xY9+/OTBs8Ys/unbX767m83WfJM1AGKKabfTwlZenZ1DXu8N275LiesZDBtp+8Od2/Hdi9enH338dGe39/b12SKTlpFFscnqbLzc3s/yB4fxjz45+os//2l/kNxdv7AmY1jweh2G0AK5WmWtuL87+uD+bs6c67z84T/97vXtkmhDb6dLh+HPnj90MWPY77aHB4ejQqxfXY6tAg+PR6Nez2Pe2dX9fLlczNeD/Z378XiynHe6yXDUn07ughAMBu1uNwWQcA4YTREOhICddq+owXZdXs/LvLTDzrOj0dM0bq23m0rkl5O7//SrX56e3/JCRdQ72R0djAYIQULbwrKcr/7vv/gfvjv97u9+9LzlpB89/ejJoyNZl7HH+mkEjFpsFpP5XdGsIal+/+LFr3+4SPzgbz5/+mR3sNtr9bsRbyo/ah/tP0JWLsrrf/j21/lm+ezwYad1YCR8/eql5eu6WZ7fnG74HEXkbnG13N5D4MTB09Hgz5L4sRD1YvYmjHjN87IqPvjgcavT0cZtBQdCwLy8WmyvDcBCUTdMHc/3g6DTGxDTFIXd3z2ixMdOXApTSiGMFbK8u79rd9IojPZHQ59ohuROP8GQxEni+1jIPKvWN5Ors9v66jZA1qnqAiFECVFGc8kxhMBCABFEyBjrup7jBgASDQFEKIkShIDREmjFedPudLVUd1dnFiiEXaUM51UU+QgRY7QUDZfcdT1ttNKGMFZVjVDWaK1FWRU5Y1gpbrRtpyRsFZ1BPBoenF3eL9ebTrdnLQWoXK2vVttZVlml2e3dBCBJGa6l4dICZO7n/A+vto0NMKaz2Wy93aZx8sWzHwfhsOS3LMTjyWq5Kj//6PPQozc3F3WlRsNHUpnp/BzYutNJZVPdXl96jv/Jl59zLa7uzzf1jFHQDj/ppn8Red28WCxW1wYWm2JuoFSmFJpX+SzwvFa0k6aHg8FQm9LAygvc1XxdLCfFdiLFhOvlzWL6fnyfdtNW0v3w+U/anf2myIxZ13w1HV9xXrbasUXMWldx3/XaTW3Pr8ZWyzT1BFcAaKGFUIZSxFznycmzsir+w3/6/1RNJY0hjHU6bVHzRjS+70ll0laqlaYEx4m/XC2zbMMcUuRN1OqE7SiKA8+N4jgk2LbTVBtZZKVsVLudtlthXVVlXvp+SECYBvmnTw8+e/BTUaJed3BweKShffv+7aCdfPLBI+bh8fiuqrnrtgiMCA0NgHUj252EEIWwGYy63cHg7Px8OEh835tPFjUH+3t7e4P+k0cHL777bZI4QZgAHM43zWS5vp3eIyTW2/lsfu8FoNUJl9usKMskbkcMCrmxpuj32pRE2G+FcTJfTf7p+9+/n415XQySdjcatLxuHIZQN+3UjwMvjOPVav3m9Ia5znw++93vfv/65YvdvT7GqKqqVju9uZtbjFabyes332oLseMpa0ejsBJ1ka1Xi+3Z2VXSGvY7D3y3PV1uTq9uNRTQ6oeDH33xwd8qML66e3l9e/367em7i+uTB4fPPnw0m80ni/l4urkbb1zf2TsYzOazye3pav7Od50oHjneKIyP20l7sjzF7rpRt1lxh4hsFFbG6Q8Gu93RF89/lm2v55tXDS+Pjw8Ojw7uJ5VoADDuhx98EYTu5cX7Ilt/9OHD/WFvuxobYZ49/fNOuzO+PxsM+ycHx1cXX726+E7Bjgt8CJxsWff7h4GXrJfb0d5Br5sghLO8eHdxM1mXXhgEkS+bCnDhU/rpR5/EQVI22/H0elPkUpuw25+Ob6aTSeB5aTtNW+3VIpsvNi9++MZi1hu11+ttmg4PDwZFdT3a7+wO96+vL168eVtz22v3W2nfWnZzfnu8f7jb7zmUOrQ92vkYE/3q/P+7rK8ns83O7i6hMW/kcr1JY6+pi+Uyf/f+YrQzTNqt2/ub25v7MOjzGi6Xt8vicsu3P/7kiWqE1g1z2N4orctq2Bk8PvyAC13J6Sq7f/H2bDjsfvH5Z8Nh93df/WFb1p1+94/ffFvJatCNQubmSz7s73SS3ux+RUjy5Sd/jZGTl2Nh6mdPfjxqPRymDzrJUHDV6SVx4q/nk6bYUigmt1fbskp7A8fx14vGY+nB6Nin7oOjE9nw6XL26vxcQLhZc608jALXg35s5pu73339TRSnvf5R4IUNF0Hgui7eZrPRsGcNv749R9CJw13Xp1FM86q4nUwwBeT44MH//n/7f1TNf/ubVz84gbte5IqDx/uDdhg4juMgQICqygxizKgjsWVeFGqdJuSTJ8ehr373w0tIHd9lzWLtui4hiBLqM1fVvK7qVqvtu54ss1pkZpMfpEc+c3KVa619yrQ0EqjA9xhlFkGH4DLPMAEIA2U4AIwR3MgGYsB5U+WFy3yCqYXYYdRaxXljAbDaWKEMl4RgXgqgrNScaBs6zFrruD4lfpYXRjSUUISMRZCGnteKAQRNw6U2klvCqOQi7pCq5FzLqq6DNKWM8konSaCsZI5nLa5q47oO51We1+2kByBGkGILieUQWc9xhdINbyzkCFqEsFbGIIupAtYiCHXDqe82eZFneZpGzMMaaEtI3ImzTa2lpi5VxgJklVIIWm0tF7KoShwEiOIiyxgjrkcxRo3Q0KK4HRd5Bggy0ihlyqKwkW+hxQx5oQ9hbZTUSmklta6UMRZCIYXWmjqMEAKsJoQgiPM6s9ZiCI0SECpjamNYK4hXm3VTZWHc0RJzwS3EbuAqoQWXxlqtuJbcCUNIACbUSlMUuVJq0D8ABEEI66aWShkLy6Y2FGlkOa8xkAQDJUXke9hxrbVG67oR69Wml8ZScKU5shYQDCzQQhitrAbaGsV1koRaclXlyOoo8rKiLGouRO3HkeZ6vVgKxb9ebG7n5aAbh8xaAKREadyVgpRcUUCDuM0StclWjaVSAV7lEuA4aY9nU15XfuSnoee5SFkQ+V5TG4J8C4Jff/XOZbcC2pUQkmsrzHZRSk9gSttpBzH/7Gq6WmedtOv7CRf2blod7PYJBWW2JAY0jfZCbKQZdTs+JXmtkzTUGG2EDIrq+n4DLY9C9uFx9OnzfQwZDuB6uzq7Hb88y3mtDwddY8T/839++eFJuttvff7FB4Hn/g//4y8uLu4qjn764x8t8vfb9UXiu/O7WxoEURisZneDnb40yvU9qRWjvmhk01Sb6QpS9Icf7v76yz5BZLcXCGNd3/fi5Pmzg7Lid7dn375++/L9hNBUw3jZNN+dnUq5WK5n26Y5/+H8elaXityML7fbze9fvDufS8kpNduj3VYa+9poJ3Ipxh468rH1XFw06tfffOe6QeiGg36bkf6jw+cHvTiITRK5OXcubpfbQgGLIIq7vc6TY6zFNltcltnUIQZalXoeJog3G+AFEpGb6bfSShLUJT/7xe9ffn8JQjdKIYZ+erOqru4mT3cGb169abXjsEuvbm+yWvdaPoJ+r7/3P/37fxjP85/+2U9G3V7aiyf99nw17bb7WsAitw6TSUDSpP3qZnH86BNG8aCXnL57sd7mmKDRfu/mzYRpzTDerMax51tkiiq/ur9ujHzy5MHjoxMqZMcn89md1BR6HUSbX/3w299+981/8198QQCuhMSOaVT++t33eZY9fPjAc5NKw8Vy3Mg1Cp3Xt6vYwX/10YOdNEHGAmDzTaYU4Q2YLybvrt784vf/+WC/88Wz56Hb6XWHlbuKWnb3qCW1PL05q1CRVAk1+tHo45PdnxKwD3WrLNZ5sbC4UkYUNU9brfl68/rsFtNNWUa+s+d4DzA7vVsv37/P4tawk7QPd3fLTWUVOTw8fnj8uMhqL4pqwBZ1XcntKlsfHA1Pdna78WEUDu6CwZOdx0fHe6usvrh7t83ny+1mXRQGUOgcJK00W64sIAgZCy3EBGEKICaYKKOA5BgTaKE2VhsBMfJ81/ccUWvAQFUW1qI4jrabTVlk1oZ7B0m727NKjaczxwn7nl/VdV01SZRK3SilfD/QTOeVSNMWr2XTFFw0dVPbMHl1Xjw0heNnSUxqDjBLvCDdFOuaV0299H28Wu1bE5UAACAASURBVE3KEjQ1Pzo6vL1+cTdbpF0PEe/X3158/0bsdjO6b5uy2j/ql3V5dfN+d//PsQ6m07P5OkfAqeqa1w0keG9n+OzJg6yyi7Uuq61Q67JRxLXIQbP5+M3r7yRsAp+0gv3QeZhEaVa/u5l9vd7O49Rfbm4grC0oEeBHe6Mqb4L9Ubf7eHZ/mq0Xglfj++ab3978zb/4s3YngaRCOoxarROmnx0/Ze5ukdGqXKUtNIiCr74+paR5/OEzytw//vGV78vDg5+OOvEfvzuzNv/xl7HW+Fe/2VLGmtoCQFxGAp8N+p3f//HXUtaUUqFBzbP78SVCPnPYfDmJU3t29U7WvNsdbre5ESCKYmVAe9CFCHf7nXxdSK0H/ZQC6CDUT+NOmt7dTMe3U5eOIEJNXXO+aaWddvDpbn9GXH9+vVEg19B8+skz6ujFZHp2+oJrFrVafhhXjSyq2eHxsKk4QmiQPFByk6++htQiSCgCBKP7+9XBwWM3bD96eDC+uTh987tOmz798IE2rrQJjQ3ZLOKh8/aHr4f9ThASDPX19aXCPtSYEOSFpJls4tQVUp6dn1XE5YT+8g/f3d6P/+aLB10KqkK2O92D0Wi1XS4Wl37sr2YTuJkHjNyNt92uDxHcP+k9ez568Gjv/n4VtxJjK6NLI50wDDv9blFnXpUf7B/Oxn+Y3Nwpkbm+PxjstuLjdvvB3c375WYNEAvSoCqqw48/C71kslhenl+1OvHzj55bArVp/vMvf391eTnc68dpFxAYJU5TrOU6a3m9tDXKiho7KmjtOl57vlpw0Vxdn3Gz4LIyBfD8GNPKcHG4e9xpdarNd6NR3O3TR4ejy+tscj9//skXLRrFQYuS2nGwMJU2+ZvX16dnFx7rK1VLobdFtn1za01+fvW61Tn66pfv9n7ycLlYNRW4PLv+5MNHSJZ3ZwvOq5MHJ5PlNi+FEQBKTpBOk+T5j3+ieLVercrym7SdWooGO/udXni3XNzeXPX7adIihJrZ6nbUOen1d7rhs/m6evHi5dm7i88+/6vBqFUV8IcXL376o93nH/9oW/GirEe7PWvl19/+p2HnpJV6qqqV7lrg3t9nV5Nfr7aX0iqfep1297f//AMj4ur9aQA1ocgYB2LY2z28uDyn2K4m71ab01H/E8T5ZjvjSiyXN08ffRSM0SzbzmZ382XTlPZHz38+npWL7er85h1y/cFwuF3cX6zXk+k0bPn3k6kEdL8bhw4bX6xH/cP5vBp0/U8//3leVe8vvivq63a/VdZmtV6sZhvOjRdETZ0J3TRGMwKOj7q6yV0Pf/nggxqA9UpGXvzl5z/TTQZrzYtsttysaw4xPX17e7L34OnjnXbSH1+/tWRVSxW2IsfTlFRG0VE/cXy72dwpLZqG+5RpybXMR/s9obrnV99e3t8QAtJOhH/6827k9b74+C+kzC+n1xCBJDI//XRv0D0E1s5W47vJpiia3eEwbMWrzWbYjv43f/fzf/Mv/uLTh496HefrN+8bQ0RZ+y7VSjHiUkw2mywMQs/1rTVeFGzrbD6ber4fRJEUSguDsIHQhlEUBD6va4KJ47kYIQxszeuolfpBxBuBEbKQuL6rhHAgrYpaW0CZy6VCCHLJIbb9/mizWG3WG2stc3xkQZllhNF2t++4jgFYKaW1YBhFgV8WWym1F4TKqDIvGKFSqO1mHcWh57lKqyzbQoukkI2sCSNJHMmm8T0fIih4Y4w2xkqtlQIQIakBo5RijIHB0GqthFYWQ0yhw7CxVjSirDkmHqGOMUbK2lojOEeEWauKchMmnh+4AFiltBQSE0Aw01obLRkhVdHwhru+70ZJXRW85owQbTRzHEopAhZjiwhzHNaUHBogFJdaIYSaqtFSE0IJwmlnWFfZervwAh8RZ7tdayVaSdvzfYphw7mWJnDdssq1lmEUYIK5lJT5LvGrprLABl7UNIU1ElMslcbM1RoURamF9LzACxMAEKNUVHVZFY7nekGIMQTaUEIbXldFThymkcnK3HcZsNJhVCvtBT5lngWgaSpjYDsJV4uZNMpzXMG50doAwhyWFTlBDoEUIQCMgYj4visbXlU8KypCUdppR0HCOS+rXDRNHEQIu9NtdbcotrlkxPdo4DphHHXStGu0mC2mDefAGGtVEkaQMESJhYBRt9fdVZI3vMTUFUIb4FpAIfPeT5dv7ic5N1neiKb5/8cPkdAKYaQgLgs+my+6vYFWOivr+SKTBmluss3GobYW0vV8CJELtTFmm9e3s6qB/nw6LevM81ld1X7gB0xppaS0tZWnt9Pff3ezqWxdiJiiDw53S+O8fD/r93cPhsP1ur68yRYrTqk7ma1ev7lcbs1suvVdB1hU1tJznOUqD6JOEESz6QxbfbCz0+t1b69vGHNuJzOX6IfHo8Ojw7TT77Tby/k8wjLwWVHOz+6X52MdhsF6s6jL3GPGmPp8PDmf5fMMrrZwtsg3ZfP6/f3pdcZYezaeQaCT0C+226Ypby5vHh4f/uwnnx3stjAib97fvzqd3U1XVZm320ngJfs7u9lyVtR5GCf388YJei/e3DScOE6cOOVOh29XEw+JbbZOE6/bbuWbojccIQg2i+n99M7xRFZdTNbnr88nX5/qu1ue+Kzb6yy21c3d3EfieNRTRkMippubb99dAZYIIXlVDNstpfRsNv3w4eHJ4S4AdrmpskId7e2OegfWEquMQwmG/nD0Ubv9UNT+YiaqymFexLWuJVqs8KOdT2O2C5XRSpVcNHxZqqXfosNeTIzMlvPx7UWW5Y3g2FVfv/vu73//x8Pd9pePB1VeTCY3FIur20tlVZrE7XYHIuj4xAvR16+++/XXr370yfMPDw+A1LyqRV0pIerKrDOJCbnf3P73f/8f3Yj+3b/4shN3EXaU2s4Xp0osPv348OjxnoJKqqLrpl88+Pnjg3/VCh95rtOou4pfcX0XxzbL63Zv58HRSVbW3758CSA6PHiMYAoAQmSb8fV4Wc4XWwJx5IfHO4fNJv/88x8rXv/2n39JMNaQ0tDVotRc/eSLv+xGe4q38sLDbLR/8uPAOyA05Xo5XlxMV0vKPG0s1EFWprNpxpuCICiF0FoQTAllwFpojFbSGM0ch2ACIArC8E8/bKLRvf7Qdd0gjAej3dvrCy15uzsMoqSuKqsVY3Q2W7oe66QtBC2lGCOoFJdKd9uDIPSqogp8mq2X281iMplqpUshuu2q30u6nb1uu390dKSloFjwZlXz7f7OvsP6ALh1kUkue4MBIghB/Z9+ff7P34mqBB4F7XZQF7nnM6tzWUuI9+/Hs8nslQT64cnD2Cdv37zaFDWlSZoO/JgJkzsu2a42EKDNtmQeadTydnG1yCd7g+GT/X9F0AGXq5q/+vbFf3z1/iXAkDKolKyKPI7DYrXudg8P97+wIKryLcMijJLf/uZCmJYf99+cze7mWZZvDvcGRwcfPjz5S2nbBjTT1blUi5OjXlVuPAfd393yWhcVYcGh5w/u765evH3T6zmPjlqLxRhjdHJ0tNnI1bygFI52jv/sRz/+f/+7/0dTFQBSoyxEAAIINRr2B4h4j5886bQH5bY5ODk+ONxdzTJCaG9n2Om3pJSiEqLRYeR3OqlplLaAOZg5rKk5wWCxWFsImeNgq13XlxzF/syiTVUbSPXXv/8nKZbZZm5EuT/sI8tur29dFxTbPA4Tx/F8N3RoyBvNiOP50d7O3mS6GnZH/e5wveS8VswNCVbv373MisXOzjAMo+VidTudJ91ktNOazMbTu8s0glg3nsM6/cF0sZ7PF4d7+x7FV7d3XIogCHIlvzk7/dVXLxlrfXz06CdPn1nllqXsdvuttH15e7FYTOJe9/r+erKYPzjePTne9z24uL8ussXxfrLerptKRpGfb1dK2/39B7P5VPDy9v4+SlqPHh7ny3FeZU+eHsnaht7e8YOfaG3upmfXk0s/DX0ftXDvwwf/pdHlbHVKHbIz3Dk8GeTldrNect7s7w39KCQuQxZ4IGj7Dx8f/ctPPvy3H374d630oKpW89UpwTCO2zWX49v3Sq939wZBGJ1fzbJSWqm/+OjjwImCYMPFZHwzns+zVmcnq2xTyccnJ2mQ5Pm4asZuSBxHvnn9tmx0u7cbRK31epJV4zTW0/HFIq/G02a6UNaiyTSzED54MKzySb6djwZDhNxHD58xL+52dg73dj7/6JMH+0cfPP1wtHfSNHlRTaTarLZLAEESJcCWxJHLxU3g2Z/86AmX/PT03Grx8MGxKMv1JnMdFPgsiHyMnOX2Zjx/F3h+4HrZeksQjAP37fs3Z+9ft1sehXI5myfJkRfucL3EeNzvx6ETHewfTRerr/7w/e7u4Gc//TEF1e3NpbIo7vZqC16/vqrLotv2jMiTdgRxfj5+cbec7HSixyePIbS8Kb3Qef3uDtPIY/GyyO+Xd5uqCD3Hwyrx0NnrFz/56WdPHx9U2dZhcLeXwAYl0fHu3kdSd7R1PF+9O/vnRfYddIvJan59d39+9urq9hpTgF3sBGS5nltjEFQ/+vJ5v98eDFrj8Y3nB67bPjp67pJkfDWlgHZafSfofvj5Z93RsOLKd8IHx0/zTb1azhUsposbhO3D413NUewmUYBmi3OtN1Vd7AyPVov17WR8ez9tp7s7O88FR7P5Noqj0aiHw+NmvHr35OTZX/7053U9vbg/3R0Fzx8Mukk3KzeLbCE1qipOHdZr93766Yf/9q9+hDH/4+tvxvP3jZitKnk7K3TDwyjQBiithRAIEkaossZxHS8IjFFAgTBMW+120xR1VVPquJ5vkDUIIkwpZY7nl1XBm5owx3F96ngAAmMMRFYJmfiBrqUS1nFcaSxzqBQSWsAohgjKmouqthY4vosQBAi0OnGURGVZFPlGNULwmld1HIZFkQMMjZScl1ZrZDXQilLqetRaCRBSxpR50XDOXOoyGrhhpz2AiGLqQABqIaMwZsShhLaSrhumBhihBQAaIsQ550pS32ceNkYqqbTSUinHDQIvZIwKXlGHhHFSC2GBdTzW6MaP3DyvirzCmEkptdIWwSSKlFJScGNBECWAIiW441CrtWiEaKRR2mjoeVHYSsqi4Y0ostKLIuaypuGUItd1wjAKwtRxgjKb11UOAGyE0tpgRH3XS5IWRLYsc4qJ0bqsKsaY54cKYoAxwoQ3yvUi6jhNw4ExAAELCaZMaQAhBBYwRjzHAwgTyqQQvCy5rB3X1drUdQERJgzXVQERgAwJrRH5E5+MlLKu5xPCKt6URa54w5iTZ1tCses4QglorNLaImgsiaI2AEhJzRwGLHQ812qdl1lV1ISSKAgJZUWRzRZzhNDOaNDttB2GlZS8aTAknuN7vud4gcVssZgsNisuRFWXGJO003Ool2c5wnjU32OYNlVBMbDWSIAJdqUAWikLkRP4woK8rv70W0oYDgJ/uVgiypgbjMf3ZZkTzxdKSg2Uhog52XaTb+e+SwwA0gLX86paMMe5m20mG1EauslrjJDvOIrX7VaCKWonbhgGvue8vb7/46spIS2HkMl4cjTo/ssffdlLe4Uw356t3l0vlJZxGI129vcPH8jGhnG8zLQSEADkJ2lW6aKoLHYoCwBiUtjQ9YHSwOqq3ChVG0RDB7cTl3nhuhCK88PDHdNsLu8uAVK3c7HKAIawLIsk8BykjZKNpJe3q9l0IzgWjTbW9VjkUL/b6QCA8nWFDHj0YOQHaLHJlBRV02y2/KtvLrPMAuAg4kqLtaiH/XbkuJPJbLLYxJ3hYivvxhvH71ESZFnejXk3UdaKfJvtHj+4H08M9hw/JdTNVlME5eNnh5tsdXk/f/FukVXpJkP5tm6nESRsMl6JSjzYbT/Y7XGRbcvpxXjy/mZJmQuxu1ln+/22ks1yuXxwvEswvhkv3tytl6VuhUna2jnaP16u129fn6adoeu1W63B/XjTNGR3uF83RV4U4+kK6/hnz/+uFz1WXCpljOXb6urdzQ81KOaTm7vrc93MQ99x/IA66Hxy+x+/+tZa/clxHDtYS44w2d87iOKWEXo0GHquiwBHpLqbj6/uph89PP63P/8rpFFdctmUoef5biv0Ew3sH09ffH32hrn2IHXSIKyUmq3GN3dv56vx6eXF7fj+/PImXzf9+PGTg5+3gg+gYcashbnh+na5PavFoqhKCb26yh4+2Cl5OVsuHj988ODwxKMjIEOMyvnmAvvR3X3uOF43bZfbuh07ShVltVisxn7sYxbe3oxFw589fGYbB5nE8bte2C5qSTATlYSQc329WLwHQO3vjmLfkRy9fmdX81JLLqXURhNCELBCNoKXCFlrAYCIUs8NQkYd1/OsNtbCtN0Z9PvZOotaqecHF2enRpvB7t58vlzc37kOjSKvrkqHOWm7pZXAhA56fYRZVfE4Ca01Uso49q2VTbGYTq+3m8W2aj75ZHgwCg9GJxSTKAzHdzdxgrNiM5tvjKLHx887cdd3nNV60R+kvX58+u7uV39cAhj/+LMjn0rfAYFjlCz297tpK2y1Hjx7/FMEledrxzV+4IwXq+mi9oNhxc357fV8OXv/7hpadHhw6Dpksri7Xy9mxVrK/PnR5wfDv5RKCzW2claJZpuZTnskubbcDvrDyAvqotzdPe52j6oSllVGCbQWjO+33X4PIPzNi5vLmzlB1fPnn7a7nzOctvs0q8d3s7PVelrnq+EgdSk6fftmb3T40Ud/HYb95ermH3/9S8LIx8/2EDaMoSgO78f8flzUdVPW9c9++reL2fi3v/8lAJDXwg88xhijvus4COJ2Z3h4dNCUjcO8tJ0qCbJNE7di13eo4zjUQQYLqdNe3PBmsyqp7wNgVov13c19vx/XNa9qk7RigjTBUKAUQ9uNZl7Lh5aMxxe344v78U0ShQFzk6g9m88NxL6fYEqlIp3OqJX2uDSURoTFBoK78WR/d+/xyTOpHYyZxeb69vXLt6+iVuCHnrHg3cXVqixuxne//+MfL65usRXHe6OQOsgiSPHtdK6MOj458d1knRXacEPsD5fnk9XmaHD0ycnzn3786V6/x5UMQxrFKWb05duXk9ly92C/bqr78cwh+tnTHYZEUa46/XS9XjQN9MJWVcnbm9u00wuSbiWa+7tbSBzDxaCXppGTxEGSJOtl0+0edXv9PJ9cj981qmGuiRx60v9y1Hoi1A2XKwtQ1TRNU86Xk6LYBJH79Nme5k21gY/3fvpk/6+H7Z91kydC4tny8vzuN7eLXylw63hos64d2gv9eH/YS1JXQ3g3bZZr0wqTB3v7BDfG3ufN/OXba+y0wzA+fXv3+OkTHxmKIMOVkROpV0ZlURhHYYSRoy2+vX0PYKFFhqmPSWiFNBYjEtzcTjvddlPMt5tpv5O0gvgnf/a3n3z8L1waOxgd7HbasQOtrsutkByDzWDImG+3+XZ/1GEYVPnyfnzGWB14eNht59vi+v6mP+gfHD65u5ne342Ho3TYj/PNFmIPMbutl8vJbS8NGLLMQRSViJi43XJcML0/q0RDHDfnd7/56v9Vq2nkxu2gc355//btW2vUX/70Yxfzm8tLgEzc7iTtDnaT71+867cTj2qMgOvjory9X40l9jyiD/f218u10qXjkukiKyrjefGmye7mUwNswNDBKBom7sOD4WjYUYLf390DqHlWx/7O7u6H3d6xAXI8+eb04h+y4rLd8w3AF9fr+aIAAGabarizn6RpUWaT8WS1XB8/OMqXizAJNvn25m52N54Ne/u7w8P9wY6u5XBwmLSHBlPsgOVi+urlizgMQ78DjOMHpKhXq+2KErw/HGYb3o7awNRFOaWeojTstg+qRo/vxverbD5d7u0+arcfJmHvcG8/9F0ilPPm6vKbt3/fTf5X/83P/9dCLit5HbaCUswub26vblc59zdF1cbkr3/yycPDzj9//Y//0z9/9+5m9exk9GwvLja5Fjz0XcZIVZZ/mmzUFdcYY0o5V1VVxHGoSg6krvJCKekFnlUGY8woq2pujTFYa62A1dZYB1AjVK1rxgiwEmggBdcYAYiYG2gLCHFd11/nNbZGQGA9DQCklPlx5HiusSb2KaIgy7dVnUstKcYIIgt0UYsg7lZNkVc1AAYTLKx1A58XFdeWUoaIA5HEzGnHkcMQQYDXJYY0ywqrJcEs9BJiCZeFUcII2U6T5WpZV1WtOSFIGY0wcnwHIVkJxaWmlLoEIwyskb4TJUmnEaUGFjMCLIDYGAMkt1VWAYk4rwmChDoAgLoqEcJBGFlbAGgIgo7rUAyV4MCCclsh5mEEF5PZrr+LKTbaQgwZpQQzgbQ2CkGNIWmno6ZpLIRaA20MY15TVVJpZZSx1lqkjVG6IYh4rq8UF3XlJrGxsCg2Dg6wpaKuEKZREGxzLrjEiDGKy03mQOJgLJoKKBGkrZpnRbUFECBEhZCSS8fzNZQWGeY5mFJelEmcSl4boylzqOOoRoiqtlpra7N8XRVFmrSCIDbSrbJcKRDHbSVt7Ca5XAtVQsd1Aw9CUBY5MgARCKFthAAEG20wppQ61I2lhRWvq0ZYyLywRby44vJ6dsmltEA3DeeSU0qJG1lINYLCKNsIjFzft9t8pbXSFkCCAKbrfOM7zAqsRbPJM2uMNXKnPwIWIEh7PbTYrKWymDmL2TIIAcbOn/Zo2WYFdeMzHPitWmsIQM1lo+QPp3dB2CIMAVR101bEnPVi7jisKkrXuIC0tjUobrcv3k5X23K/H4ReGgV96iSYtp8eHgIZbja/vduI1Xc3Hxx0P3p80ggZxJFEVmrBeaOsTfoOpY42ECjQCK4tSpJ0u1wQbau8bIRJ4oh4Pgfai7v349UPpze7u0M3ad3frBflljowKyEjBEBLEMKIIMysgVaZ0I06LbZayvW22Gt3trOlH7ZiP77hS8+Pdw+7n36xDxAPY4iJv1hNXr2cjado1OkwKnd32lyA84txNw3NMCVuIDP/5raQ2rNGOyTIRcM8dzRKjS2Y4xd59ub9lZIkX6Myb6yaPzjoCGHCqBuG8M2vfljk6F//zccYZ/PZuQG0qDWEZH/UebB/7Lldqerf/HB6nxnFYScKDPRuZxtCooePRt+/PL+6mwLsnN+Nr6dNXoHT80tVVT//yx91U78ZJU29nEvZ6cTr5RSDIIx6t5PyZrIFkO10d9reLkP7nXhPqELj67PJ5axYAOVW89lHJ0fHRwfIBE0tG1X98eX3jWge78Y7qd9J03qbU+p3O6PxbEXDfmPQcjZGsH43nl7d3x3303bo7XZ6WEd1IUDSjoPUJ3CxGv/Dm4vvr646AXq44w/SgItiWUyF5lKJvCwcL7x4fz8a0p988a97rWcAkPv7b4Ra3czO4xb043CbZ2Ea5VlVVuVydn09u/eD4NXpZdoZ3UzfAl6H9AMH7RLIPEcNe30EcMU1N6LdgpP5RRz5CtZZtXqw+7ibDW6vsiZXQeRrxS1cVs1tpxMQXFRZ5flYiyk25cdP9o8Ony7XGTQ10BYTBDE0UgNggIVKW6stpQ6hVCmDIJaiKXIY+iFFEWGwERxDs11tMHECL6yrGmMyGA68KFTLZWvYpYE3nS+Y60qpNuus3e5ss7ysa611Vmw6dUsp6VAWJ62i2GzfZVWxaLdTpJ3tpqE4nIznV+c3LMBZUW3rJm/MbA2qfOrQsycPnm+LfDwZS7iJWt6riw2AfuTipw9686vNzl4iJNquBUXQACT0NGl9cLL38/c3YLt+tXUrAx1MiDTofr56+eYt80m+zIn1pJLKiu9Or0uD20Nvp71zMPwcg2A5f2vs9sHJ01KGQoxbrbaSta6LpBUwKpfO3GKy2WZFHbAw2a4209tptx9Fkb/KpONZC8DDJ48Pjn+W5WBd3LmoWm0m88XMqManxvdAXZZaCorRg9HOu6vr//xPf399v/6v/xc/398bvPzu27jTvrydj6cNVJBh1Ovv7e7u/3f/3f9FWi0agCCSSiCIdnb7vu/Xucg3BbAQU9aNIsltt9t6+lFaVDnGZHq3dn0PAWgtUFJzLhtuB66bF1tlkO8FZd4EYSgBFUYjQouscKPBpvnw6vZ2f3+rQfT0w4++ffmHYltwpZWx4/nSi1p5JVqdSAu03cz2RkeuY6zYEBb1Ovvj6TJfLtDRjtVi0GkZ6Wf1OgOGC7F/dLBZbM4upoW0kPkvX7/XGu7u9PpelESDB/v7ZZm9u3xPIHLiNC8aCjj24ul4+o/f/rbTGfybn/2t4XGe6zCMy3L+9uXL0V63KqptvtFW1kJIY+JWizI6W66zfDO+vhJc7R0fff/1XV5Ujz/oKi0W6y0Ltg+fhZIbqTGlWCh9fnbh2KY77B4cDJVgVsOquX/15g/L9RQiGwU0xOTk+BMhsrKeQeRBa68vL5lvaIDciBbbdbUeHvV+9mfPvmx3ju9vb+/uXjmP+8ats/zNqvl+U54edbrr/Nvp9dmTk//iy8/++ur263fnv5hsxo1EEAVpZ1Q2ZVnchFHTNM5koe8nV08fff7R06cBpZ1W7DIWB2nYOroZ65rLJOxrm2xyc3Z9I3i5M0oiL729WuwcPPDo3I3F6/M1pq6FBlFiaohZ7EfdxWrF+Ve//c2vwhCGLhwM9ygLgZXfv3gdhyZp+54Lm6aIIttNo7cvbpCyDvJc5pWlKSoNIJnO5rPZtjEgqzZN0/a8hHluXmYWIG2IgaqRa8djkOhWK0LMbMrtKi8cFHhOeDH54d3Vi/PpdXAPzNOPdnu7nXYruPM//PGjzz96/v7t6XJaejGT3KJaa6N7Scdz46dPD2/Ory/ev6yaNUGs0+4t8tkiX0+Xc9fFB4PdYWf55qLIZHMzmUoDwjBqxywJAwRQr9OdbbYXF9dlXQOMk3Y/7fW4XJ2+v8ibOQfzLZ8UeRV1fYI9AOgHzw89RFpu7+jouZDm3ZsLrWkYx1KDr746hd+d7LrW/QAAIABJREFUSi0RwZ20RxFaTy5SynrdlrVImPrq8kWp55siG/Ti46PdYrPeGQ18j07XFlCXObiqRVGpsi58jzYcpUGL2xICVjc4TPYO3PTt6cX3b37/8MgL/FHImrzi+Kd//dQJgpvrM4I3o/bjJw8+3WzfN2K12ea/+/b9qkTAOtjwz54PKWv+4Xe/fjte3U759dWCEWaVkFpx4yIAmEOVlMbCppGL6SLwPOYwZZS2gDLHGAOMrppaA4iQQxit6xpjB1iwzTPPd6M4FpwDA6uqFkILIZVRjushjI22eVYQjKUCjusSxycYl5uMYESpQx3XGIMRdDxGfAcg0Kg6LzZZlhmjIcHM8bQ2FliEEIAwL0trIabQAsMYAxBoBQh1KKO1lBZoqaTnOhhbiJGFyFggOdfKIkiVMtAAwbmoudASASulUFLyumKEAgAc36EuM1pWVaOlppQBiCkhyGqEqev4eZHxhiMCGUVaGYQhMtBwA61lGPuOK6XmvEEIDvqDvMwhsEEUMcenBGOEvMCHAGljZcWNUphC5jjQ2my7hdB6gYsohpgwjLUyQdAJw1ZVF9pwSDBziOcS3jRWG+ZRRAmCSKpGSk4IFVIIoeJWwDxfKkAwwYA1Va1F4zkuJgRhoo2q64pirBuuai5rUdeNATpqJ01dGak9FigNjVGUUC9w/wREGK28wNdKU0wc5ohKxGmnqbhoRJFVCBHHCwEg/XYfA5zEbQxxnddaa2uM0HK1nDe8Rhj4cWi1rIpacqm0bIQKgsgYK4RQWjHH89zQoY4CYLvJIaTYDQCiXHLR1AYYbRVCgCvRNCIIYur4EBLRKM2FlBoi6jqsKHJlFHX8SkoMrLSAup5UJi+LRigpeSOFsQhB5jLPYc52myEEGlG5FFpjPcclGEoNqzIzQFMHEUq4UhCYhtfSQIIda9Fqu822ucccUVdW8DiMNuuNRdQCtMnl7f16k9fzxXwxmbskiqJQW7BYVUkyOOju7g07i810kpWrqrycTq6nq+k2ny7zqjFAm6TVcjAs65JgO1/PHcYopYi4ohaEuo3U08k8CGjSSglx9ne7EFtE/NFwGEbh7fX1psyLGo6nFhgmuAyDUDVNL03b3a4XpONJ4XmR1rSqKqvg+7OrrKjX63KxKKOYtFuC0M3FxfvItR9/+kxb9+yyrrlnpUpC0vKBUGq5rRohANQA06wxy6K8vV/UTQ0B9YJ4kJLH++E222qN4riVldYLO5fXxWyhZvOtH4QXZ3fnV9OqwZOlBsBhOLy9F9AEBGPM/Iihv/j4ZLczjPy2BtV3p5fzTHcC9uNPnhDApnfrz549Go76r1+fAwilMatG/OHl9bZsGBaBow9249l0XFSrq/NXiELHYet17jqq3QH/+JvfXk7ywAshgJEfuySgmBKWX97/06++/42krJd4EQbPDh/uDx5uVlZa3DTrWbaIPPT8ZJS4wd5gt8yKNO24Xvvyel0rI2R+dnP9y2/fzbKmGxAHovWSYxrfTwptAgI9B6mymv67f/71b9+e/dnnD4e+Zqbc2YnCEK42Uw0hRSxAdCcdffHsRw8PvtwbHJfFtFbnef7m6HGbuIC65uz6AnrB7SznmpTSnl5Nv305LqV1qEOAnUzur25ve/1jY5ybyXcFz1w3xYD2usP5oqjKdTt2fB9Px/Mk6fKGun43ThMADLCy5IvJ4vRq8iqvp+vlewKLLF/PZ1fbzTxwo52dBwgYzp13V+5inpVFprX605MPNBBBSAkFGAupEMEYE9fzHdcN/NBavN2U7W4vjiLBuRP4aTutqyaIwsVqyxvdGbS9wFvOVhCjRnGlTJQk2zxbLRar7VZKHQYRwkApzXnDfI/zerm49yPihA5zyudPUobd92d3CghtmtenV24Q8Qo4JKiLyvXwarta1+tX7081CiZzqcrS1JsvPz70KX724RGjJss3adqWmoZJcH75cjyZP334eZZra0SjODRYa9DuDctSYMysAv12q9UKr8bTX399rol7uJM+3jne6fxUCgyQ3DvY6w+Or6+mi3kxHO2Eng+ADaJYmOa7l9/VTcm59IMWxDIrtr2d7v7RsNv16nJjdL4zdP/6b/560DucTs/Gyzc1X282K6317l5f8DIrs3xbbrM89AMhil/86nd/eHX26Yf7u/20LIHkcrYo/umX97Pb0nddpexP/vzvTk/Pz85fWguVso7rAgAocx4+erqzs8uF7XRHuwfHxmIMiOeHw520qou64Yx5RV4JIS0C2SYTjfRDz6GIYmCk5FxEod9U1Wy2idPOcJR22oGUdjVbcOltcuLSy4JPiUvv76ebfHt4MOr30iBu39wv1tuCS/X48YcEuY7jCSlXq7EfehDa0cCPWni2ml5dnimpD/Z3LGiurs+RwyxUZ2d34/nG8VyAHC7ocGf3+dMTUMjh4OFwOITIVk2WFVtCUORFQRSUun5/deVh71/9+G+GnWMLvSDxR6P+Zjm7uR7v7u+2u50i32R8XQmepGk3bVV5JkUlZDOZrZerfDganb2/3paGMj8IoiRu5xnnSo3v51o03V6/FfWpEwGLqUM9H0ym76XervP5eHo7ns/bvSgISExGe93Pl/Pb7XrV65+0Wr27u6tMLLnJKAIM9j558l89Pv7rKAxrfn1587usuenukBoUBm8En7iMD7te4KOqqg92nxDYvb8r7u/nytSzzVoaQAgCtnr99utaNP3B3nrDo6Dzkx/9bDQ4PNjby5fr3Z2D3iBdr2/X2ZIwZ2//E207EPvT5bbbjQIXr+bLzTp/8sGH+wdHvh/e3o+RbT764LgdOzs7e4+efrzOtz+c/rBc3yAqP/742d7uMcbxcLQ33BldzdYXVxf3qzwrRFZWotlk24WoZJj0sXV9P4ri1OJwsW54Y6bj5aNHx0qJMl+EUej58Ww9v52/u7x/Q0jTbrmdJC3yTbvTfvHm4n6yvLqY/Ou//a8H/eOL6/fv7t6tKtHrdhgDCIt2J+60Uo8iAnFZaQDYw0ePqON7LhONtRodHe7vDna1RszDp+9fGUxq7WVlNez4VqBsm3/80aPVMstKYyFarrdaqZ1B4iA+7LXnt2tlfUi9TVkZYjVUnV675PNVfv3D639al/f9vXS2zObz7d7eznS6uh2vHQzbQfrB4592ktHl5Xuhyv6gH0aJ77c0t9a6jtM6efDkyePnxOK3P7y23AZJWlb5YnX51fe/KsW6rviHH37cDgeihL1+l1CzWl1hz+RlEYVeltWBH0GLhFKBQzd5YaF/fjGxwBnt7I7n8yBEnVa3qbSSzXw6xp//+SPXxfP54vLy7fFRZyd9Hjrp6bs/bmtxeluvlvVOz//xp4fYVf/uP/7y/fUYArKaLkXdjNI2tMpaVdSmahqALKZEWZBvS2iRVTYvMkiwhtAJXKNkVXHPj4SUdcMdlzDGuFRSCoRgGAW+FxRl3jQNZa41tqlLaCGjBGNojUUQKiFc1/ND30KArLXGIARd3zfAAguC0HM8aqwRqhG8lJIrIQnBzGEQAKQhQghDqKQEWilVWatcRowUFGEHI2s0tAYgC60BWgKtgDWu53HeAGMwoVHcktJuVlstOICE0NAAChmTUkihCCFKKoRREPkWGCW54NxKQAglyEEQGtFIKSFhSigludGKIOI4TAlVV9xqwAjzPA8gTJjj+x5AQAgVhLHrOMAi+yf7zEirjYWQMEdLLZUKo5Awyjk3SrbaiRt6dVUjCCFAFPlpawdAXTUb5jHHc5qmEE0VR7HrMCkax3ctAEAbqQXEAGgLAHA8x0CLIIEGZatMcamkghYw15PWWEgghhQ7Vpi6aLZFprXxo6jbHyiusGWCy+12JXnluTSMAyUF0AZaoAxgjCkhASSOQ402dV7xmtcVBxBgSChxkTWUutQL87Ksm2q+XNaiJq6LKIEAxK3Ej+LNaju+ved14zIXUGK0RRBarY02BGNeVqv1kiBLMZaSG6Mhxrwu6nILEQyiQEOlldEWIEIxYZjizWpLEFbaSNP4PgMIaiVcCo1ptBRBEGJIpdTAQqu11sZavVguayEsAFxyabVUnFKatGKKg8AJjbZSK0QgQsALPM9lZV1RAgwwGkBMLKHWIQRCuJnPRcMJABDASghjaS3tZLFGwLhecHc3nc4XnDe7O4OqaibL4uz21pj66fFu7NjL2+tlUTM/LCV49fZyuamFgoN+f3c4fP7sYVkV6yKL4lSJuqgrhN0oiLIsy4oqarcCl5ZcLbaiUWo06HTa4XY5txC0Qn+8WN5M+WaFtKAUuy7FUEOlCUJhXeH5LF+vciFNwNhmuaGEUOYahVq93tFJ+PSpa9X2/PyKIq4U+uFVsVgCTEg3Yk+O+rFHVzmfrDNDibK6FM1stZXShEmymkyNwoTAv/iws9dmFDn9djLotakTdlqDq+ssz2QSx5v19v3FvRt1tCZZXkNjFgvx9n3W7+w6LG6q+uOT7pdPH1KS8lpAIs7H41qhDx+MTkZp7LeawhKrl+sNRN7OYKSkmixWG0677U5A7E43nC/vvnnx7WjYevhod3x/TSAp8pUfNJP59W+/u8Zu3Om0T69v3t+8RGzN1eWLd7/45Tf/eFtUx7vRXzx/EJKkkzzCth1FfS8gShdGlB88Oe622nUpyqo2FgZ+q65JVinmkuv5/H/+3ftamE+OusejTuD0dvaeABBsNkID2I7A1f0P//6f/6E08tlx+/PHEWNy2PfbibtcTLJNBpUzjEd7/cf7o8cUBRrZyeLNVy9/sSqvtSwOj06eP/twNpldXE/O7xaTRd2U1aOnT4FGk/t1v9M+7ne//OTjuhFFWbeTQejvbDbX62xa1aab9vZ3j16/vOjGXsuzwDRWKQCDJDn0vN50Mo4inLTwfHnz+vLl/Xb55uwtkNnJ4SDb1qFP/ZAAhBbzdaOqbca+/QGO76dKC0whMAohBCwAkCCCrbEAQcLcOErb3e56tW7K2nPcIAgt0HVZYUwxwsioP2HncRStZzMjJcPYZazIs7293W6vXRWNw5xut11V3PMcyZUFNm4lhKBWGrm+O17cClM3ihNSPD4gLmFWOIcHo6bKs7o+OtxtRx2g8O4o1aa8X95s62rb6Ply001bnz3bb8fs+GBYFY1Stmn4wcFup5OMx6ttVX3z6uUvfvmL0SB8fPSp57Y9B2Jihv2O0Xo+XyZRHDpkf7db8fLybnE7rx0HpI758MGXWA/SNMCY55vJ7O6yrJrBcG806N7eX0lR09B9+eb7u9lV2Sw7SfDRhx8u5uNev/3s2XG2WlhZtVKKsYhjt9s7Wa1mlzdfO574yY++eHT8oBUFjFguqqYsHcI6na6W5e++/+Hr0/uHh/1nx63ptLifrKRUFzfmmz9OpFKEAhqkAnhff/s7hxIuLSUUWQSMdT33gw8+1xpUTX10clwWdbHN2mnY7SSB55R5k2+KJIlCz+n1WwRTWYvNahvGbuBTJZsk8TGx6+UaIeB5LsIQArXTT12XaSON0cTtjVdz3rzUxK5yUUvR78cPHx4KqYKorQCpytIhjut0tGGbLAsjWjXbl6ffVNVC4/zd5av5fHx0tB/77mx6Xda5tqDdCqGFiOK8LBsueaM67QQrU214p7u73ax++P5rIbaIkJ3hQMk6qze30zuXugfDA2h8P0ylMefvTuuq7Katg6PjD548OTo8DDz07vyNgiiO0jTygSq0qhml48ncdbwvvvisyrM4GeztHQGN22mKEGkELIpiu509Onn68OFPWtGu52AMsrv7r7PihlDbStLQ9/qDNO14ic86wQcBHWiTD4cn+/ufun47rxfX4zeE6J9+/lcfffBvZIXH47ca3gG8NCQf7reqZvuHr7+az+94XaYxHXTDVhy2u3FWrnnT9NoPHj/+vNfra91s86WGjbFlGLsecxBgsnHSeOdg9/DqbDy9u6/LEkPghc7p+29uxtd7u4MkGFY55U0xHV96lEeO2SyLnf2jJG2Nx7fb9XR3kHz4aOjiJgrCnf1jxJzzm7NVUUjJo5D+y7/4C4e2eCPX69nbt29QEJZVua30cDhwiL67ehcHLAnbjtM92H+mlLOYbe4mm73Rcb8zyjaZ7zlx0nUY5nUVRsnN7XXNp5tiyojtxmESRFrK7Xrthi0EnLoQiRsl8aAqy8l83O6mrVa0XKy2mwklfHx/8erV97wp/WCwd/AUEHexWBebVavd7/V26loiQIfDPiJyOpsWVX19v91W1bOjjuG6KguPGWuNBiRJ05vr+3bs7ndZGtI4bGcbPRw+bnUHk/liXS7DxLsZXy9XVwYVUmxHw5bvkNcvLiihD473N9siz2Xqh930+GDnaVPOZ7NTiKXnebwByPqHeycHR48B9EK/5TFmhFrNNzsHR0HUkkbP5jfzxcT1HJ/FB6OTbrxXFzJuuddX770YWFC/fvuKIsMIRshNWx0AgYVitlo4XjSfr6x1dkYHP7z4djSMd0cJL8v9vUEYM/yjv3w0GHbTVqwMAmbRjcOAnBBCKrGa5oIh/OXzYZrQH15c3c/qNEk9grbbpuHAGlGXJWFYGGKk5lIy15FSl3nV1A1jjjWmzCviOK5HCUEQQAQAr2uHYoqBkA3COAgCQqDneYLzfJuLpqkrDiGgCFFEELAAGK0NpQ6lBBMW+CGlrMqLMIi4EAAjay2wNm3HAKpKVFZxJY0UGhPCHEcqLRVgzLMWW0AAQNaKRjTGAMdxpTAAINf3pTRaC4QxxFA0gjcNIcQPg6bkRkrmUakNAqDMcsU5wdAPk7Q3QgBZWToUNUVpAAzjKAhdC6RRuimF1pYxF0OGEIUA1rwuq5oQR0jhug51GMLUcTzCXIhQGEXU8wjBCGIuuVSKMZc6vmhqbZRSEjtUNGW2XmNKKXUQIdRxjIVu4BlgrNVB6LmBDyECBvluHAY9AGxZLbJ8XdeNxQhj7DIGjJFcIMao73LeGK0hQsZoJaQxGmGAHRdDKKsm32yyzQYDC5GFGDiuh6lDmUMQaIoSaGC0RgjGrdQJnKYpOa83+RojFIehEzBEsVA6y/O6EcpCCCyEAFPXc1jTVPlma42h1PU9HwKUZRVvGuI4Ugsp67LIISCtuJXEyWDQgwg4jquE2MwWVlqEkDYqCFNkjdZaWWsRFkIgjBgjy/kcWo0RwpQqJSlFvus2XHJlEMLWWoislgpCCzFUQtRNrZTQVlHG4rijFAdAe55LiGMBUUpJKSllRhmgLaMuAhhDBgAIwxAA0DQ1gJYx94MPfvRo7+Fkes81N9ZijF1GgJXUYb7PhDLKGmgVRsD1wroy+XrNG4UQJowJDWqpKyGthYQY12PPnj3HEDEMR6P+etM4jjPPs7eXl/fT69AnGOp1vjUKU0yK7SbLawhow00QhJ3YbZoiL7ab9Tz0XGghgpBSFgQBr2trwWhnpyjrTZYv16XjBZfnl8v5krnOoBs1Gv/wLluvBQTEcUKMqbGOMn5Zmul4ybkJ405dy6asGKWtJGq4sdhREO6OSJpUnOeO7wmhXr0pXrwqHOLFYbDfjf78i49813vx/nqRN9IoSB3mtW7HW4eydtLOl/lyVe7E+l993IsdQCnb2+nVRfnPv3s7nZf390UcRx999FDU/O52lnQ6kQ87nZiQ9OXbcrbW/X5PcN1ruZ892E1abYOCIPCRA24m08WmChiqt2sk3U6ygwGuS5UkvS8+/5GRWql6W1qfeO3QI0hdTubT1fz4KDk+7HseiyJkUL2tivnG3t1tXAKj0Lm4n1+MJ6We3c7evjw/FY4LgY6B/OLDf+G6TzZb2kn7aepZs12t7hvBW62uEPLlq3e391cEs4fHH7fb3TKff3t29qsXY6vRB3tRP0AOcZKw9cGzj8MgzvKFBuX7yfU3F2/CwDzteW2fbdaL+/ns0dFo0GttFhvP6aStR93WiePv1UU5W55fL05fX/4w2yz6O31ZayHNYjF/++58VYiiRttNCZvm4cFR6qe9dNgOw4Od/W6n33AltI6DVjfdE2J9NT67vp3sD4ZHuye3t3Mt8sBBru+2Omldw37vCJPg9N231zdvogRv80wa5EVR00iG9f4w7cSD0Wgw2NlrOFiuG4jtYuX+8WutRIORUVJxKbVUCCAAAADQAm2NYdSz1mKIgdIOo47LILQQIIwQZcR1XeY4lNEyzzyX1lW9Wq59z43j6P52ghE72D+SEh7ujZIwXK4yL3C0Mk3VtNK4P0i1FA61e/tREEquNv0u2hkxK0Eaj04e7m+K9fvzqw8fPj7Z/0A1muDibnY/2WwhIXEQZ6t1JyQfPjzutHcd1pot8neXl5PZYjTs7Ozuvj8f3y3qTQ3Hm63jZGngdluHVZFtVrfQ1pPJfL1eOwwf7fXTTnw9vpsuFm7gBa49HLYOBk/T1i5hqmqyVy+/k8Z0BsP9g32IzS/+/j9sys1wp7vN5kKu45A93Ns/2DvYbucQV6OR//33f+Q8b7WD1TInrG2he33z+vr61cnDnd2dvbJo3p1eXN+chyGLguDJw0etJPjh/en3twWi5LOH7cDxVmvueKTImlevMtUQim2UuCRov3j9AzAcIwYBhNZiDLQWEIH+aKfIy9lk8vTpI2PweLw4OTnwA1ZsG0IDz3cxdaMkqKr69mZsVON7THDteQGFaNDrQoit1k3FlRB+HIShzwBKAsd1cRL4DDvZ1vWcrePMF5vy+m6hrVyuZtqY0WDv0aPHQRhpZfd3T4Kwt1jOWzE1Jn/1+g/j6cWmWi5nt62W++jBUei4680CUGWBVZLv7ey04ijb5l4YWmtWs3vfYcP+wWC0O57enl+dJ90AAdDq+EWzLatNHLQBR1pyDS1v6qrm5+fXm/U2ioO01Zre382Wk6Jeff/qq9l86lIsq7wXhwxazyVV0wCEHz48WU6mrXTw/PkXVWWXs6VF5OjkyHXhfDJJws5O5wOGWnUzzqoXZ/cvFDAOTeKw9/DBIUDg8vo68FqHO1+2oraFqjd8bFVc1MX97NVme5NG4SfPfpLEw83melWdEa8JfRr6JAy92/vJcttsy2Y5X8lGUkzzkudK3i+nm2zVao18tsdQqhTP8jsut/12fDTcA5JAy6KoNxgeQwNffP8iStzQY9TxNdR392fzaksJi4K+Mu5qdVdVC4fJXjf1w3bSSuPEffHy28Vi/Ozh6NFxb7Wc396MoyhR1o7HN/fTqRG83/MYs3VV3N6dvbt4/4evvilqkW+q2bIYDDqMgDjArdAPk9Qo2m3th/7ufL6Z3i2O9nc+/ezjIPRX62Wn3+/3dx3HB4Ye7J84rvFceHx0OGgPPD+eTNdFUTEWHD/+IC+EklUQ+FGcMMcRcu2H+PXbt3GCe22wO4yYgwile0ePEQycIFrnqya7D+OwN+yvtwUmdr25my7u1nmZtFp5ZRfb5nBn8PTwieHQ8eD17Z3GXhi1ivWmk6JPH/dN0/TbJ53eI+KmjWxevn4pQaOtrqoy9rHvIAbhB88eF1nz/t340YPHg7S3mudJa2dvdJLE+w6Bjbi9mZyu863nBYyFadxPgshlruByenNtm7IVdXYOj3cPH0kD727H0sC41T/aeyBLuzvYi4Ku6wVls315+mq2vq9kfXt31evErSiKw8Hu6DFh4SbbLNfLBycPimJjNfrogy83q2noiyQiy8Wy320Nd7r44ElHGrmYZ7zR3Q6xKk9bhye7XxiTj8dnBEOP2Fevb+/mvCmNllJweXO3zUtprIEIRHEiNQ3DiDEHaIggUlIIroG2QikAUdpJLYGe52qtRVMTjAAAXHLi4KppgAUAQURwXuZ1VdSNpK5nrCWY1nUNCIQY1YIrbVtpS0gVxZG2pikbgGEtBCbYIsQoIy5VRtRVyZtGG9g0UikDIKCYWY20AQC6ABBtDaOkbBqEkQVQKWMN9IK4FgJCK62EAJRlKZUKAtf13eVqK4VgnsuNkkpAAv3Qt0BbaClzMcbWcC2EMcoPw7iVMMeRTdOUtZQKIUww09JgABElQjSyrl3Xd5krZEOpg4njOJ5UGgGgtTZWQ2N404hGCMHruiaYGKsEr5TVju8YJbXUZZ5bbRFECEJrNaUYYuS6ru97xmjZ1AQ7cbTjemFRriQvedOUWY4RllIgAJhDqqbxvcBCmJcbAA3EsG4qrTWCkDjUCyMlZFPVomkwpq2k5bqOBdpqBRGl1McIlcVGNYIQx/cDN/YRA9vtHADk+SGC9E/4LKS0LArRSM8L0k438CPGXIwIRRoB0AgRx77reVpKh3mCKy1VkqaO41CCKCUUUaNU4DvEIYQyJWS5yUQtMKFx2olC31okm8Z1mAJQWYMJJBhqaILIhwhLKXnNhZAUE4Ss4wUYoTxfOR4jBImmcpkzGg0dxlwMkDUYI6hAlPQ8xvK8kEoDTMuqllJCCBGGUgilDAI0DhNGnTRJA89zGSnrPCsKaSxCFENb1lupawksRgQghAkO2+2mqhohpKwhtIxRBJ26UXWRB612q92VytZCVHVllHID1xplobYWY0jjyF+vt9us9CnJikoBtSybq8nCD8I4bE2m2Xy2gFpjgLnQGpj1ZpVtFo3Iq6aqeRX4gRtEBlqpresEohG+H3d7w7rKlWyiKC0r+fbsNitVu9dtqvVio6YbgiySTQ4gwIQZwObzbVM2FJMkio2Fi+WWYBDFrbKuAfaVRXnD+12HOo2yFiC2nKqLKyMF68SR43kho2kSlWV+s9iuK660sZbVHOWFMEqtl8vFfKUh+lef9j8+iDbr6u52wQj5/tXNqyt+dbHOi7qX+h883JGCAyiHg3DYIoHL7uf4dgIJdtqtWFT5zz4/jh1YCnD6/sphJvTwZDJ58/5SKZuti92dg88++XQ0OqBeN012rXGzYrPKr384H799exX4hDH37eUSu8HjBztJzMp6Szx8drV4/W7jud1Rvz9IvN3d1u39tKjq3VFSVIU1dref2CxL3NGDzDsBAAAgAElEQVTDk78uiuj+fqbFymXi/vbddrt0w2i0O6LUBjEZ9NI46nfT/U4Kvn717f/tP3xb5c1ualquXW2y1WrFKPADrHT15urdv//1b68m9z/5+PFnx8OAUK81vLi+u71bdKL2sDsKgjTw96i/B43vB71su6ybiXWVkAJYdXxwFAUdY52qKRpRh63YZ2FAnYNeL2Bpr3U06J0EfnJ5cbnNq01RSWsIpGmrb03++uzr+WL9cHf/wcHxNst7gx7B9G4yd0J3sa7iuNfrpdc3L99fvWuqjGG6t7fTG7TX65nn6DR00ySFAJzf3NQGRWnP9Z31uvXLX2+qcqmkbDi3WiNMHceHEGqrEEYUe64TeV7E3AAhaiGW2vpRog0EgLS73bjdXs02QRKXdY0I3uZlnmWEEj8ON9s8y7d13XClO2kEgAUWR4EbtxKtrB84cSvw3SAK3H6b7O5pgOaOW0tROczf3XvEZfM//se//+rFxUfPv3x08qXgfDq/fvH+pm7Uk4Pdw92dwKUPj473+odHB58w5DIHUQ+NZxNrTVbq33x1dX1Tpp20OxxQFyzn1/3OkLLADXDSiS5u52XNW51OEEU159PFjPjo+ceHvFgf7+wP+4+0xpjK6Xxyv176SccYA4F5+eL7N2/f7h7sHB0OgBW9ni8lD4L0YO/xzd35dHFe1XfT5Xi1WmsN4+T4o4/+stfZU2qrdE6puRvf//rXv7u4uesNd3rtIaWB49rFdvb1u/m6gYcDd6/Xs7A93BkBa178cHd9VRFE4xY9Ptp//37J64oSwrm2CGJgEAIQAADB3sFhGKWUkqTVazRarbeDfh8henl+P9wZNlLWvCIEzabru7tJ3HKFRnmtMMaU4SAI6qZp6jKv8ovzm/WmgY5LCS3LoqqEljoMqef3l2tzP/7dppxCyPyAWV1uVmsjdBqlYZDKhqettseCm/HlZPpe6dr1yXDYHQ1TlzZxjJMosBYWdSGtfHdze351Q4nXax9gFGbZtirzxPf3RnutuOO64XQ2EVa0OuFqu55uJuPx3U77wZcf/RXnm/Xidjjcb7eH55d3y9W2KophP5nN716++O5+NgkSsq7m7U5ycnQYucx3vP2DJwAHi8W65KKbtt+9OsUoPNx7yht0+vadFzAI9WJ6f3l+vrd72GsfNk1W6Fc362/HmzwMdzw2LDLZ7iRnV1c/vHzXTQ9P9n6yWq4n8/uac4v4Yvl2u3kXBDZ0fWZMI9aT1bkwNWP45mq8Xm3LQp6+m6SdQRR0QieKPA8RNlnkpxe3ed0YwhnxAmev2SCM9HT9kov8R89+djT6YDypjWSd7r42ZDGfN029t993HKfmCiMzWb4DDGprgyjlCmw39xDUnmu0AtiPDw921+vJ7c31b37/begGoeffjme7O3uj4SgOWZJgzyMuNVLm2uTr1Q1AvNcNey33k48/llV5dTUuspU1AlpZV8XL1+cA4WFvJ4kGnfaozCso68gns8Xs++9fY8ziVrReraeTuR+Fs8X4bnJ/O142tcDEBYCt11ldyTCK4nZ8f3sKsEiSxPcCikVRr5brzc4gbYXQJZBSDC1RGEdx1IjS4Hp2e2pU7TKTtAKp67pZvj17dzPfPnn06INnn9zcrvpp8rMPHz86PvEDfDNdnl7P07TvueBgFIQUTu5yzztOh0+ub69vxhebbR54jBkUOf6g3aGGQcUSb3c+thgNHj/4uNPaYTTdPXySBEm2zTCrDNycXt2UFWilo+Ojp2mSYiHX82lRbAQXXhDGrTYh7tuz95PptYG60xv5Trff3iPIqctyvc27/RFi5o/f/X6VL49OjoSUT48f9+IRRcPR8GFZ8+9eveBCfvjsES9nssk+/uDHFNMoUGFMr27umOtaiPHf/leftrvxarbd6cU/++yRFEWWZ73Ok058uFreVE2mrfPqzVJqUlbm6mZFiUvduK5tpx1GAfZ8ryp0EnndNMnznLleGPhV1SCCXdd1Per4DvWo6zEMIIKmqUttNCQwSVtZXjZNZYFhjDZ1wyhpuAyiBFijJIcQhZFf1RWmeDqeSt1Qj2qrZd04lImmoRg5juP7njKykWXdlFJLbY0QSnAhGk4hAcYIIaGFjutZo+siM6oBULvMNVpFnqekQgTmed6K3KopmqYEAMVxSClJksQhzHGcRklEsNDcaMNcT1vbVEWeZ4QxRBypDESIOK7jhkarqszqpiaUuV4gGlmVBaGYUKaNMaoRUrTStCxKqThCkPO6qSurlVZSaSV4DS3AEFtMFW8QwlZrhABmzA9DKZVVViurNdLKCNlYLRGBrhcorYSUCFhGPEpjhEhZbnhTUkbLqjRKSi0dzzHWCqEJgZhgz/eEbOo6M8AYCyCADmW+6zluoqQCwCJMnTB2PA8zZhFSSnEulFGEMIKQVIARhzHiBK7FGBrgsgABaIxCGFCXMscRdUUgisKIUIIRklJKXi5nU9cPIMHA6iSJZd3wuvGC2I88RAiikBDYShKAcFkWnFdOmDiUZVmmGokJ9ZOIOj5EuOLcKgUJsRA0damVtEZJJQe9tpKcIuS5DoIwCMPBaFDWHCNEGfYDFwLYarU45wRjoDQCxnGoQ4kUvG7qOPa3xWaT51KIom4oplZb3/MEr4FRUnGM0Z/aYyUEREBqud5upJFcNPPlnQRKWYsIltJaiCECCONss5SSOw6Ng1BJiREt8ioJgijpWmuquirLQvDKdRFzqOu4XIJtXoRxDC06P7tUSviMFVVVl4W2VlmyrQChkYbk9N07o1Wn1eWihtZoLQOPNryaL1ftXhdhtN6WWto47niuYw0l1F+tN1W1ZY4TxdHl5bssywAgjdT5dn15s+aaGFEZ1VAHE0QRYvl2mSbJyeEOxSrLtpPpIvQD6jjKoKYxnAvKKFcKIVpu6yyrAxqHQc9onOcl53CT16/eXkwWa4lYyRUXumrku7Pzmtf5ZpFvNk1jijz7/CBwkX3zbnx9uypKva5ozl0v8Dvd5GAYOlZN78aKi5PDfuKCu7n+7lTmuYUAuL7T63i7w9bN7d3dqnnz/sL1wM5Oq8yW88UqiJNGwvF02u8Faau1WNRCQIf5db2u5Oq3L67vrpfdVnB8dFxJhwsTB2SzWtxPFouV+Oc/3l9cbp6fPPjJF19QwJfL24urKwylD4WLMdW2E/ipNzzc+2maPNgUjQFV2gbnVy8urs6TXidOWwbYzWpFiPWCeJsTUZUXl9/+X//733eH+w+HdKdNgyDUQiKkHKqWm/kP766/OZ8RRj59uPfJ8cN2tNPt7gLMFFeUBp2krzVdr6rJLFcAYlNHYbsbdwMH5OU9AnKn1w39RFsijLXABIEvlDDWplHcjlpas257IIxgjqrq7Xizmq5WxloANGN0Pj47u3kTR8GPnn+MIHvx8hV1ac35q3dXd5N7q8GouxPHRNnt3XQ66Lc7rRTwJnDharNYrZcuIQ8fHnAlf/PHr5ebbbuTSln//iv+1Vc5sKU1VgqhtUaIIoA00EpJ5niUun4QxVGStKKqrC2E1GHD0bDIKs/zuv1+K21xrkb7A4wxtMBCoI3GCHW6qeM70OqyqpvGjHZ2d3b6QsosqyjBrss8zwt8L/CDfJP5DowDDmFOiBjfTYFxdndPltvi999863jexx9+2W0fbNZ34/GNBmSn148YdWiIoLecNTeX2/ms8TwfYtUd+uvNsuKSS3R1n11cTpOWDzTH2OT57PHJII1TC5pKVFe393Erxtjp9jph4q23852RD1W2XS2ePvrIZanSarG4B8gyN8iLfDYdx6EXJbHr0d1BmiYeb9ZehC6vp3G8A2Eyn9+dXfyg1KasKgOpEOz4+C96nWdpmBIiy3K6WM1evHofp70Hx49ODp6F/m5Z6fXq4uXZ2aL2o8AdJK6R4cnB8247Pnt/eXubY0yTlnBDmWdgvbYUgaaurDUIYmAMtsBhDFgQRWmcth2HJWl7Ml4oKYMgVEpDCB3P2Za1QVhxfXt9t9nOjeHj+QpTEsfEgqZoysu7SZZvpG6m0+Vync/X+Tov8rpxPb+VthwMQo9a0zk/e1sVbzt9+MHT0fFRP9tum6ZOW+12e3R+dptl5Wi0R1xwefVyvrmPkoRRWBVjg1aQ6KKo00630Q2i9m6y4FzKhn7w7F/ujI7LcqFgEUdu4reiMHEpAJhjKkq+vZ3PNJa76fHJ4C887J5e/DoM3HZ6CKBTNbbb7Rzsdge9WNvKjYjG0EC5LhYImc8+eu4RZzodx8nBh8//ZVPZye19EkSRG3r+8PjwOWEeV8Xt/VUjm9V2rY09OnwYR62qOb+d/X66nVHUfTD8xGe9yXzK1ZpLmZflXu8E2W7Dm3fXb796+cf72duiuoGAd7tth4UIaoXM6bt308lyMcsdGoVhK0wG6wWnOESGPT1+cPLgAcTkbra9uJgAwrq9drFdt9z9bnwCyerF2T+OusePdz4tCzhfFMcnD9JOut0umyaPIjdNWF2WaRK5bgPperKcSiXTJBr0evc3b4pylbRiZfD1eHlzd72/O2Cet9o0RWbarT6AtNftP3v4sCmzxeS620+Uqg2EeVEKUcwXa6Oqj5/sP3pynK3n88ndaJge7LXaaQQA6u8c9ofD03dnp69PjYTHRx9EnleXm+lk+icZ8PzsrKobSlxr8Xq9fv32fLnK0rhllayrut/pRkFYF9v726tKFl7EpKqtkXGIILXj25tOOyDIIGQBYLd3C4uplGUUYwAqYoq8qjqdaLPeQOwGIbu6X1yOV90kOdo9fnN6PR7f7nVdYu18Oz29un97sQiTlqrLtu/JAuZliEg7KzZnlz+0O504GbjECxwnDsIwSF3aOt7/bHf0GaGHe6PPHhx+CrXvOR2M3e1iul7Pw5SNp9PJtOgPnu7tPmUkXN5MXGz80POiMEpanV5XKn5zf/HVd7+OWlg2ZeiRYl2145bve5Vo3r4764+GnDez+e02m7keFo3wGYnC5OWbK0vAeDk/vz5fbad7e0m2Hi+Xd8PBE4h6ADW1zKtaOo4rrcH/u//D3z4+2eu04o8f7Y/60fXleLGch0nU1O6gdxj4VCg4XnALcVbYbKMHw1Gr1ck2q48+HHQ77mJVLlei32s7HrMAG42l5lI2Usg4CeNWKKxijuMzKpraKE4IdVxXSm6MwtShBDPPgQBWRY2RwyhpeNltpQRjiAnBBBE6GA6hAZ7ru25AMLUGKqUQwGEQeL6DGG7qhiBgDWglLYqZFrYuGiEVhlhIwShDmIRJRylTVjmXDWPU8VxjLCXU9aM4irP1Jon9pBVjgKAhkRdCCJNWSwlV11VR5ZSiOPEll9pwY4SsG2yN5JXLaJy0pRIYEwCAlBXntUWQMAYNrIq6LioALUCIEFYW2TbbRlHL8f2GV2VTQGiCMNyu11VVIYQQIRDYkjdF1biOq5SwGsRBCCD0/dAqKTln1MuLuihLLUXkM8LINs+0lUpURirf63h+WlRbrWqIESIYQMzrgvMqDLwgjPI808B4vuO4TElurfYclxImG4EBisMYEceIxlpNGZFGK9WU+UZKRYGVvJCicd2AEWaM5qIwSMWtBEGCIWKYlFVurGGO4/iOBQAYgwghzIUEl2VRFZmUQiktlFLW+J7DhQIIQ4SVtYThpi6VkcDaRjQWQ8Fra0G722+aRnLuOI5GFhNmrc2y3FoAJAdQO57DXMdqXRW55zgAYuY6juMCiC2wmDkedRezBQRWiaauckqh0WKz3WzydVnnDa/d0G+EWG5XtagEkJhQrYwQynEDjByEgFQcWE0w0koSjN3Az8rtfDXN8w2wklDoEpLEoesgYCwXHGONKKurUqtmMp24BLkuJYhQygByHBJUXEdBZDDLyqyqMmCFtQIzzNzAWFs2gjEHAVvm1XKz5XXpMoooMkZgylzicQGzrFytttttMxzsJZEveQGNDjzX95mQvKqbzXbTbXdEra2xvKlVwwMnKLJtnq14lSmlXM+t643jefuHJ1ljNEAaB0VREKSpg5iHtDVFWQOrMFRNU0AjJ/Ol0ABiyxwHaF0WpeC1y3Dc6symm7ub5Wiw1211AQ6Xaz6ZZ5usybJ6U9RFLfK6KaoKUhK3UmisqkXqBw+PHhnA2lH0rz87PNnb7aTDnd5osH90Peen/z+W/mPZsi1Lz8SmXnqtrcXRyrW4Om7IjIwUSFQmYCgBA81oMKDBVnX4AjQ2+Q5kh6QZGyRRZJUViqzKRMqIQMgr/br240fvs7Vceq6p2Ai+wGiNzv/ZN8Y/WDv1iNq2azHLkDDaYtQLAkao9/Nny8lcQy3iZNnq+AiD08thqfDlYHE1XORlHscrRmGj7pWVHq6q6+livFotN8vh5BaYOPB0vYnOrs+Gc7Hb2/7Rp4/ajfpwsQEAAcGZY11eTJMc8MrhiXp8/9Nmfe/y6t317Vm/Gx0d1Jo1T0MXA3dn6/Dg4MM7d79Xa7ROL59Ltek2LKmyxXqFmA0Ie3t+dXFx5bhurXFgdM139N/97rvBBvzlz+59cH9rd2dna6vXrFuODd+dT794O397MfvBJ/f+/b/+qzyFl9fZYmWyQnFJamHU7fZc17G82s148/WL89tF4TI8nS22W9u+HZ1fngq9OTo+ePDwySYRzCHapFm5irN1kfM0zS3Kaq1GXMyev/pamXjnqP/i9Pp6uDi8c2hTMBicKpHZNnOJtd1tXQ8Hl8NRWA+SPI/z/OR4p9eol+nmdnTGFb8aLzE0e3sHkqPB1c31ZBE26kaI7e3ucrW4urhhzOr0m1UhfvMFvh1WRqVlnitVYWI7TqiVgEYjSowBvh/WanWjFDBKSOG5nk2wZTGo4PZ2nwDNk7Lf39re6gwHtxWvTu4d+6FfZoXtsiCqEWS5trOzs6u4klUVRh5GUENlOTjPC4qQZ1OodZ5kUCdeIHf67TITVUm6vV1IqIF6b7d35+jo7PS8EksNuR84n3z0qBZGz749ny9Lz2/FSfXpD37sh/a799+tk1uAKqB5nmW2b/se6/YimxmLas+FNUdFnuM4+PT0fbPVfXDv3vB67lis3vIWi4ni6yKLm1HTtztG4/39LSkqrXHO4e1wtrN70O324jgWVeI5CKg8yydXo+u4Itu9e77Xa9RRtwMpSqJa4Pm1ducBs/bjVbmYDY1ZK7A5vbhR0OFcEETajaOqqCfx+nZyervi2jgOArok8dq9d/djBMjF+dX1YNbtOI8eeAaWF+fcAMrLRMgKGIUQRlpBrcgfGpsJjGohNIpQnOZZu9PQUlCEfN/7Q7Wb5TqXFxenZ+/TbOPYbr3Z6fd6vuW3anVg2O3tFJiKl+lqsyh5MR4NJqOb8/Pz5SZFzMp4VVa8Vd9SKnp/PiLAatV8Ixc5X6U5T2OJjHczGE8G016n0e+Gm3hSlJt6FO5u90fDqyCwSlEu1xl16OX1lalk4Lb7rWPfu+t7R6FvX199O9sMPWZFfqPV2gpczMW0UIvhfDBfLfa7d+/v/qljHy6K129Of3Pn5KN+977jutPhuBb5nYb17uWzs7N3Dx4d2Z41GJ+PJjetZqNTbzt2/c3pqyQtev37tWgfGvdw/85Of6fROAyiuuPRJJ3ejm5owEoJpAAWpWk8x9ZqmVysF/rhwZ8+OvlTA83p+bdcLLSqGLZa4aHrdRKx/Obs1bfv3hc8cW3mWJ4f1qoK2K5bKbpayVrUr0d77eZuu7E9n3IpUL0W9vu9elSbDGejyWSd8zRVUa1ZKSkysxU9qddab27/brK5fXj8073uvfl8Vas1G53a7XB4eztstJu9fkPyvNlshaFnW2VlZqcXF/Fmc3ywQwBSIrM9x/aDtEKjpRyO45vBuNc92cz1nbsfHxw/OH13aySu12rz+SxNV7bvGGCSPLccKwr9m6srDPRurzObrkeDq/v37x3uHSBIs0LV6r3BZJ2W8uzsSknuMXJ8eNTuHBNWJ5bb2dpRCiYp3z+6Uw8brUbbD8Ikzfv9rcODQ8cPLs5vGHEJi4SyhUEQg+vRdZynlo0YLrUsKh5neVLmVRgGFmtC7GPGgObDwWmnXRvfXIW16IMPH40Gy+Fw7jjui3fj6aZk1Bxtba+Xs8Vmcf+oSwnOeLmuVKFsgzEzqsnC73/yL+7d/SMvhIPbl7nI7hw/dGiXKNLrO75rlrNRIwzvHh9SBz9/+9oPg057L0tNkSleaaC57XmIWCXHEkbHJx/7fm0xGjIMd3a3IYSzxYI5sF53hdq8evsNssB8MXz9+lmzxnqdlmNbBplVnHAAkzw3RiDNKdWEYVFWn374qRHEaPf48Pjo5ITZer2+cliqVHI9ugm8ThQ9xgBfjc4wIXfuHkmgCVRVZNuN4+OdLT9ZDwRgxDeDybPDbWun+4lXc4ezv0YAd3vtJBm7rjDaEFx9+LTz8ZPo+YtzrSFm1nKTUNvSSvGyhBi0u53UK5TSldR5XlHGKoaTNLcsGtb8xWotEbIwJQhAbNuOm6w2Wqs03QS+H1qhEtLzIiZUmqRR0+NV1Wi34nWspam0tmyPMlgkBcSMUVIoxSiTskLQMsaihCAkbC+wLIcSrLTACHlu4LpBWRQQQVUZy/UNRMZopaHDmNLadlie5aEd2q5fVkmSJ7ZvGwiKquScW4RQigiz3EBlcYIQ9sJgPV2BLGeIQEQxtjBCUnGlSkyp1kgZkK3XZVrYNrUZg1oCQGzLEVXJy8wL68AYBCCEJsuzPzB4QrFUlVRaGcAsVylRlhljLC8pdW1lpFAyLzLHNrZNGcNhZFtUpUWRJEm95tu2KwWqZJUvRxBKwizL8gDQCkA/jFAGKy4MSgEGlFiQkLzMsyzTRkOIJOeVLAE0ABlghBQF0ApTJkWGtKYYY0qMFhghA5DkFSLGIIEs7Fi2UMpAI0QFNESQYAIJIxAgABC1bAMBwKiqqrIsEACyMo7trNPY89yyEn5Yr4TARCihN+tlvR4JJbJci4pDCCimXugYrYsixhhQiyDAyizV0iCoq5L7NtVAJUkSNWpOrcbLXCrDmKeBIY5rudQxIM/zxXLu2aysCoSM0lBrIDX3fV8jJCpFCS64Vpj4tSYisKpkvd4g2F7OZq4TQoSzLAMGuNQpi/gPWQ5jorVpNdu2RaEReZpxXohKaiSEgcIIUZFa088rbjRstrsOBo7vGQOS1Ya5LmYOplIDIHghhXBcBjVIEw41MtqkRQkII9hK4ixep5XUjFFmE8uvmbUI67UorE9WSZanQsGT44dIl+tVzLmiBBugGbOSsswrGNbaca7ySsoKuoErlZwvx74frNPCKKC4Go+nkRdqiNfrrIIgywUkquS5FzpC6LKouCwBsHiVl6IYTFKfqLgCttdEFpNAKC2MMTbEoKxOX77T0PS77Swll0m8SYHRtB7Vk6SEQGFCHd9RADiUxXlyv1ePXHL5/pJAuFouJZcG6vWmKjPZ8KOyWCcZ3JTYr7czriaTebGxnJO97z16LMoi5+N//OLZ5QjZlJZ52WlGFIPRZGGQFUbE8tjWbivm1a++fH9v1797ZxeavOCqAvZgaRKxnI5uPav65MHuwUH77GZBkX203aXayEp4lKznfFHxVqexXJiPPtlqBPoHT358sPOTq9ubd1dDQ+nHj062evVvv706/WZU5Ma2uNJrgN8X/PUX331zc3HxR5/e/fjJyck98ub0+hdfn8eZ2m4jZltQB9vdxvNXv//uSuz0OirZwHqjKmWi0sVs8+79/PzWlFLfabOepV3oAe3fjG93tmwfh9PFnABRlOlkNlskRVCLxmuKM0P1RJelSso7h4/yIrxdPa/3FvbtoL/Vni7O43iYppPNIjm/Tl235Vi2q/Lf/v7Zt89fHh/2P9bFKsnipOpv7fDVcL7cbHfDVrOZJ/lwPHx7cy0MLCtheYHWc6RJr9vcrNbffPfqxfmM1boG0FUpHTfo7D7Aja2iiLXY/MMvv+i1op3tdqPdrUdUVyzNVM2H0zk3SEGMLMc3UgKtDNRaY8f1LOYx5uci5coEYR1jhiHMc6EMDKLIJkwI4zgO57LI+XI5rzcjAkEQhoEXlJzzrLRc++h4i5dyM4+9IDAGK6ldNyKEzxdrYFS71QCwvcnG7dA+Pq5Z2CwXJYaZUhLCKghqSTo9v7jUKts/aU8uruqBtRFZux1aTuAGURS6lBRlma6Wk0SO6nWWxatut9PGrNVgyLHTtXQcAqVZrZfuQyIrleeVx+RWv/sdOi2rsqrkm7fn/Z59std/dPfTKvMwdkXJ0w2PWtthqwaM0250PK+xiuM8TxnKGGVc8Wevzvp7D5jTsVgj27yPfNbv7q3SYrGkzXorz8Hg6gKqVaOx+fLb37++WEPqKFkVeXn38Ie9el/ywetMTFe86Vs7zY4BvhJ1CD2j8WQUU2L2dtj3Pt8vf60BTLQphawwRsBAAoBBQAnNlYLQpFlKmQMNWa/TnX6/02re3MwAQP1ebx3nGJgsXcfJIilXSuoszS0nk8KexUm7c6h4DLCRurq6vLy+HkBsrTaJYzOC9MvFzfm7b23Pd1w79GuyBNPNySR25qnV8AfturfVVj6TRXHh11it3lluxgqMMZXC8FJlNnN3+o/yYlgPHaE3k+Vsna4i32v5zU8//KuLK6Ah3cQXm2xTFNrd8rd3u6HLtFrF2XC2vgVQ3Nm+/3Dnz0PrXmFm7y6/7G7t1Gtby+kcweLuUT3L82Zg7x301sksizd25Pi2RaAtFR5O0k6zpYy1iEeXV19YtNft9nZ296jIRrP1bHI9nQ2RVbo+qUw5W+VI0bObm8ng4sMP+05oNb3Gg72fdfyjNJlbFrEd7NqMKKfX7xOiXg8uTq9GhDoMUVEazw3Hw+Xpu/cff/To5P5H92H75Ogkz5XjWBiCTQLW8ZrhqkynF9Py/ekZtvXOTh9Cdjsb1I3fbtx17Naby59/++43GIYUNkWp9rZ7k/nYooYXcViP2j5AWyQAACAASURBVN22a+vryW13y0FAluXaca1+r59nZeS7rmXnWVHrtt9frd9d5KOZYQjY0F5N0z/64R/ZXrcRhc2wx7kA0Cu5vLweNiTf3eus19lms3Dt4ODOCUPYMOtX//CFZ9sffLLVaO4Mxxu0zK8HQwkDpcnR3YPtZlizrTQ9c71AKNvztgBRjVoHI4YA2d3dTVZrKFWn3ml1XNsj1zcXCNmMRbs7966uhnmyRsSlzJ8s10me7XXDm6uLTr9RpfDsatTtdGtu16LFfDnAkPs2uHz3llfKNmw6W24yaQC+HgwHkxWiTlbkukwfH/QIjbFlYh7fjsdRVOu2YFXIquCou5UkLmar88tvX55+MRivtrqHzfDYd1DogtP358PRWZLcdrbJ+8H1333x64f3H0vruopBM+htdXYpjQa3YwMtYzphw5rMhy+f/Tp02JOHj5NifXs9PLu9cn14fqkqzm0L9jr78+n87PWV47pBzX397mWeV2GjU6uFm1Xe9J2Pn350eWm9OXverTd3e9tlhvN8QSmSfB14utu2AMiQZQQFN5vrbl+74X5ZWO0O7vYjeTsnhguLAih4vFw+f/Puy2c3+3f3NvHAlCB060kqpZAiTwmoeS6pNd2ijFsdtx7h0WjgBUEQgrSshKhW86VQQggJJWCOHTXCipv5bPYHv6XimDG2Wa8JJo4TICyLPHNcy/VsLRSCwA/CMs3LLO20tzzHy3IpOddCyEJiAxijnBcQQASx1AhobROEjVGCS6kF5wpqqYUuEJBKaeh5ITFK8KKS0ijACDaCY61qrgc9TxuohcYAIwMEz40irk3idAVSowAsdY4g9jDD2DUSMmoLLbRCUmjMbAUKoAAABlAmcl5VkpZlUG9keWZAJTVnrgUEqnLJC2kA9NzAduyi4K7PnHpba2MMgggZA4Ex2phKKowpRBoAwygVWloYV1JDiDTEyqi8SgkqbEWKMpFSKqU0AIgRgyG0SZFwgg0EwHUjjJzZcJRnqeN5jqsMBLZNCWEWY0JQAIGQShsIMNYGlGXFqwpBk8SpUlIIGfg1jJlQShvApaQAMmIZIQGAykgDIEB2xSUsy6zKhdSBF0EMjNal4MvFgkLk+6HFHISAlJJYLKoHJU/TLCvTwqZWWVRFlVcKUoIgRErq9XpFLcIo42WBoNayUkLZnq+FSNMsqvlG6zSOizRXUhmTOEGIICqrDCDAPBdjWGQxotSitlIVIpRaNiOsEkWWZIzaSgktOYHG9nG5lMZAoRSohOdalZAAQGrbVVkAiDDBmBKMMDUEA2w7XukkvMoxswCA0CAttFEAYmg7TCuFILCI3Wg003iFsDSIT9crho2GBBPAEOJp6jEqhW54blmVFVdKoqo0CCgJBSXEIkhJTQhlDJtSGgM0AFmeFQW3PGTZthK85Gklues61GIGQgRRslmu041mjGvjehFlBGicbqQUrCiVxXCVa1miwGtoqQyGSmMuhIo3HkMEo0pktSgUlQFGc8nLSkjDS74WkDGLitJErkdtlpaSV9qiTGqttGr3tkPW2227X72+LBUoiqIZ1vJc8bJwMJZCOBgoRJQAJSeTwSzLqzCsMUqVzLWWLnV4afx6ZGF7tphaWCGPWJQIKSazGWVeoxbdLgUCi1SsXpyNK+bRWm1vf+vs6kqUerbIn4nLbqu922v9/sX1f36+QJAZJCBivXYrzXmemGbbnc3Woqr6/fp0vIEQdHtdi7HQZVJwymxV6gLwojDTKRdq+WaYUaTThF9fX8kkoJRB6kmuNzk/P59ZdjSfri3kHz56tN25t4jHgLLFRpxfLp89n70+TQa3ptNq3M7E2fUrWT2rtTrLTcIrcXl95tlqlaEvXq6evR42O40PH2wFLICVEmTyi2/eCMni+fJbvrmdas8mCee3k2Ucm92d9sM7wUEzclmzHnafPLTiNOt0u0KKTSbi6WQTx9fX43q3u7/dCU56FzcLF8DDx8cgSxE0f/LH/82rC+v09llaoPsnFJoSwdJo3u/XObdb9e27d08IC9I029vZily/4dfW0zfrFf+7v/1dHq/SuFiti7vHfcdpjqY3y0w1Gl0IWFUCiv3ZNGfqOqoF2KlRzF077O4eXt+uGp7AAB8cP0WIz6ZXZ6++3Xq8L6rK8e3zd6e3k8Z06vAyLXhpjLDt8HD/8P3pKwOENlAoEWLGqAcBsm3LYoRgghBBGAGtiWNhAKVQPJe4i5FBoe9zXs5nG0iQRd14w6OoFhy0lFZxXmJjACbIIIx1tsooteoN38Iky8uA81LgxUql1ThqputkeHl1W4pJwdX7s9s8LT64f1cpJkVJCUyy1S9//StG0fVw8cnnn1o2Oz9/r0zWiKKySPcP+1WVWSxo1hpRs/Xy7U2WV0WS9Jp1C9eXi3w4SSzb2VTKBdgowaus5ODqOke2hSzLsmq1YEtZ9uBmCkFej1rNRkdB53CHNBr9weC8THKM0GQyCuq9+WJaltVytgncphJwOJ4uFt/ee7x9czO5vio/+OBus3a3WW8YmY2G72eryWyVHNx9OJlMAaaB12jWGvO1WWdZmld1WjTC6MnjP3r9NhZSKyO2D/d7B8GjBx2LaV5yhECalUojhCmQCgAIATTQCCkAQUmWCSEopcvl/P7JvW6zObheGg2Xq9VyvV7H6+litElSjKngxWQ6Wq1notoGJDgdYJuCUiymt4PNagpAHm/mCDGttTGGiyqOZxASy2KeTQ1QGZeO0yhW3XeaAXLc69of33ef3s8rcREEZh7z21m+nM/W2QIpPg9bodsxGhZyaDEkgbp7HGGjk+Ui2xR1r/f++vli/TzJc0w81/eV0Um2yPPRYjNxCT7a/bjlf8bAlu+Bs5svh8vzv/jJv+i1dy42F2U2b7QaHOHB7UZTv9k/yjlteNuNprbHq/EiBmAmS6/V7Gd8+v789w5t3jn+KMsmN2fnaaHyIkVUhA1aiTJd5Otl/vD4waP7d77+fQqptID1+N73624HGeDa7k53l7qrIs/rUQRUfjm5up1MGo2Gi82d7VY7jMLAqqo8TrOkyJdxZlMHET4bXRQpPzi6F4RRkPkX5y+Y40gl3VrdsUmvHs0nt3KTUKv2w0/+Kk/Bb9/8/c1m+c9/9MeRH1BLAcNbTXZ1cVGJijDCy3QymWCmVvGSYXB1/c6pmU5n27OZRenN1SVCYJPx9zfF+4u4Vu+c7DRartWrNTykbi/Pdj799PjgYLGIJ+OFlJJXejnPtjq6225VogiCxtV6Mr1dxht4Pc/u7ESj8eb6JrYsn5Bgq7+TCQUAF3yzjuM8XZ8n18HV4Ojwe5v5WiC8f7gtK77O0zhkZZrnJbx75wnGyZff/EYAHdU7xPIrBcaLZLZUTx984FVbN4O/UbJaOiDN+Edb22oa0/Eao3a99iTN30wm03rE6jUfaa2U+c0Xz3/71evt3ZOHD+998c0zARFmtu0zAPTh3u6yuJ7HS9fyC6mIKnFV1lD7o8/+Csjo1bsvFsvXRw/7h8cdJ3CPtju99g4EXl6+LcvMchw38Kar6SRZTZPCnlxDyrPZ/Kh/nGf3GI3mC01pM2jURvPr07e/lmK+t/1ImGK5yWKxYQGYr2bQSN+xQy94dPfBKFg6tPG9T/84L4QB41an02h0bD94sXlLMN7dOyJYL2ZjBFAaZ1miCAXL9WSxmXhh5Xs4KxfYspHjXs8vdjZnO427nhVCvX737uXwdk78kGCcI1C8fP/+V89ubmaydYhFnifz7+rNphBuFm8+/fRJp19frNelMqPRbBnXbkeJ79F6w5VKMeYio0fjKcKQMmIAUNAwZUFEbd+Lp2moDUbQsmzXjSoOENF5XlHqMMvFmBGkyyxHjDZ2d42SeS4VpJAYqY3nBBhgBkhVSohsqQGQvEhKx7YtzADCgstNnhKMKqmUkghSDBAECEIaBUFRECkFQgwiVmalUcZmAcJQarnONp7rYGh4KUpQIawxY0JpAwzFAENMiUWgYxRilAIJgNJ5nLmBTwipOFeVjCI/0ZoyInlZZBtelgYrRE2RZwBQXRktgc08CLGQRimjlWGOZVk+QphXleO5SmCEURg5k+HAIhBqQAiplJSiStOs2WzblguRlEJADAFAwCCtsdIaYASJ4VUBEIJAYQwczzMQrWaz9XREHQcTooEuspUsKbR8AUwQ1ijChaxkHldViUuNoDEaKK2BFDa1LN+tRy2MCDSqwkhIXJUVQthAAIAUQrlhVCkIlZCVIBBjCAqeKiWCKMQQUIgc10YEI0QJsxAGACOtleC8yDKogAZaVkIaA4RyXacqSouQOMv8WoAcoLVwfG8dx4EfQgAsxjgTjhdYBN1cDzGAEGOIgOQVBJIQ6HqO7fr5JnY9z/I8AwEiVru75QfBajLVUDHHlkaWZUEJIIwpJYhNirxSQlJKPNfP5lPIXItZyWyRq4TZFFFi2w6jVArOXMd27SJOgNQAojROSi0ZwwZKA7RFLYexIs/iDa2UhIQRwrCCGGqtNESoVg/iOOGiMMakydrxPa0RAg4hbp6WRiPbqwFdGqMty1I81coAQLSUvKpcL2CW3Q6CcZk06hEX2rL8VZxhW/OqQhRmSdna2anX3GJdIKV6vea7eMmFMgAtlzGDclUUlmvzMtWSUkQUBGUaE4ZY6JVZvr27WxRVGidKGigNFzLPSwE0hgQS1Kz7ySapOFTcSKOFUsyyS17+4MGDD+7sf/t+RBFI4jjfQGIUz3JkU1EVtUbdCQKIgKlEq9mIIsArU+Z5XnIItQt8qUCZV8Qh9SDQZVkkG4uiIqsgpoxRQvGrUfJsGE/XWVqIRl11ma2tXFWyFjm6EpfD2T999dxA+PXrQcGBZ8WVlkWmonprMkqBhgTArFANj3100E8aUcHzzz9+sl6vsDGHvWyYsOUsUTzRWWEZdHU2Hg7g4VF3NlvGUPWbIa9kEq9Hw6kbsOx2ud2vCQVXi1iqyvFSbZJmPdjEo9Eke/F6tV4gxwnr9dZouPZr3nAy3D7sP7h/dLz1wcXp829ev397gUplE+zXfctn2kGug/nr98/OBje9+nY78NrNxmxRlKU1WqQlx65D667caneU8Eczcnu7zDl3KB0PryoN4iz3aoHvOf1WO/D9H/zg46JEGLzqNeDd4/13L14IlR7vPdUof3H1IuPlbD5EZhknJTCs1+7mm02/t5uuRRSizx59uNVp3D3pf/fmRWDZwX7r8nRYZnJ7f08bSXGXUheQ5Tqb+U6lbd3r7KQbbdvy7dm7eqOWprhWCw0kBrrXo2vVVhZw9fuJzQCg1HJqucCCi3kax2U5XhmtmDYSQGQzp9faRRBJySGGCFNmMKOWMmqxGiOIdvo7DnNns3HJ8267XfdD22Kr5SZeV+FqrUTAS8UwcxwvqvkY4vFgiuvEtiimQbfVVWXqUQ5NeXKwQ/B4Ok+Uqk6OdoqUAC0rUaUZXK7XilwvJuPZJC4hEcqUSq43652d+m7/DgLw/flLDNDvv/pu93BrnpdXk8lg8Gx0M/z+x/cf3Kl/9tEjBdO0cK/O4tDvNWvNDx75X3z7UpQcQSClHoznjevbm8HQ8ty8TGfTG4tWo+HEq0cGACHwt9/cgOqSIWdwc1uvZQ8fPDWGnr6/BKok1FCLe75OE2SUPRpOAr/eb3aCsCULVduqaYByRX7/7LbMZRILo2C/1ejVa69fvsiyOVfiwf3dTAjqOpZNMPFWm41WmQFlK7B8Sjw3ivx6r4PX6TTn+XgZP33cWa3SqpSWZbW7znC8ABADAyCCACgEDIFQIAABqKpqOrm1Pefs4npnp1/ydDIfQcJYXtwMb25u3i03i/7OQStsjAfjZL1SVenZpHcQXFwNd7ZdoGen719bAChdlSLHRCMFAQBKKy6lVhwiAIGGSNsMA5MpOQIAK46vLsOrG/S3v4cf3Ot9776+c0c5gXs1Tt2AegEpxQobz7V2cy55mQwmw8eP9kRWzpeLy5u3tXq1WL15d/3mfDSOgnCZ5rVic/72XbvrYGjf3fqg1/hkNoGSpjkYXi+ec8PSnF1fLxDGjXqz021HimpIXrw52yTGtsNW40gCpvSryXxa83u7/TsUZ2npvD9/maXjwc0LY05Gk1kQdZutNmFik4x5KQCmWCss5NOH93tN9Nvf/S217DvHT7VgSZH6Ud1y6ut4abSLGXt19vI//u0XmjZ7/ebnn540bFekOYIy3ayjhldvBYPbs5pna3W9mcXN+rHvRohBz0Nlts6VDD0HE6fmQ1XNfWYsxR+ffI8h793iV+tqerCz//D4fkg71+evkUl8HyVJRiwmTPn81fP58vb+nQNGOKNlUma//sXrqLVz/6ATz1bzeRyEznKVrZcm8mvbLf9or1N3nU43TGaz0WB+2+3s7B0ga41QMl9UYRgNbobs3sH2dide3PoOhpAMxuvB7eLR4wedfvv92c3gerzV32p1tmo1v96pj4ar4XCyYXBruxsDqWVyMXzWb3ZW03W+AUcH7bzIk2zZaHRxRnv93c3mKk14yrNPP/tscHEtFDm9GFxcDmy79ePvf3r1/lzRq8cPD1xmVaXmuSDI7XeftFv3rm/flDzf5Nrc8u1efTKbelFjtUnDkIU+6PVbzWERNBs6nxDiEOD3mp3SFLbNbEQt6fT8xu7OD+6e/GC9Gn7z5ss4G2wL/+7Rdrw5o8SmFJ2fn0kxCfzeo0c/AECfX78ZDuJue+vO4Z31amKUyflyMj+Dut+oP9XGvHvz1dX47Z2jFs+ZKPhoOH1w73BTJjHHSqD79w98CzluAHhpFGy2tqSxF/N0f+/o4aNHt4MrA8XBUd9BjGc5MLjR7IX1qNXuz6cXOZcylkJXabYQsojjQiMhK2iQuRk+o4C0W82qWr/+7tlgPMF//JdH4+no6no4XmWLXCYZqgqVJ4nn20m8YS6JwnYjjLa2/K++frZJE8ezh8PhJq2CWnM+T9dxCaGFDLaZVRUpItBx7KIshBBCCG1Mu9MLA7/iRSU0pXZR5EABarlCKUaYbbtAaYBAVVXaAMd2IcRlnimtgjB0/dD2HACNNMANammeGKON0kZqRKAQFWWslEqLqqgKjBFCkECAERZKgKqgxMKEEmp5bpCn2Wq1dnx/k62yslDGRI22RWiaJlJrvxYiCLQxUstGPdRae17gOdFmszRaIgyAVEmSQIQIc7Q0qpIQYIKZY1ubeMMsR2hhWYQxnG4yConkGmjgOC4hRCmBgAHA2JbDSw61htAEvo8hVFUlK0Epcxy3SEvOSy21FKoSymDg+wElWEjBGA3qkchlmZcEYYAxBMoAAYCkGFqO63gRUnB8NSjTVEnAXAszIGUlhcDU8m0bKGC0Xq9XEEKMYSUqQggvS2AMBJgQKwybjBEpOSXEKFiVlVJSqQogASHQwCBomGUzywIAUEQqqaSWCELmOLbtKa0xYUHUthxfcJmmm6JMoa4YIXle8rKUXFalZJZLKXJshxKSpWWRV8yyalEkqrIoqnpUE5VAhBDGokbTcZyqyERVVZx7odtq1RzP1VohCIWotASEWhBTqYwyEBMoKp5sNlWap+u4zHOMGaFEVdzIilnMdl2tDC9LyrDNmALQclyeFaqSeZwXWSZEBQnEFAopAICEMkpoLawFka+qqsxTz/GiWqQBwAhJrWUlpKggxEoChgmxbGS0AVoq1Wg00yzJkpgw6rpMaoMwhYAIXmVlCQGy/UCUCaZISpWtN4ZXlFHXcSljtudpgH/y8QcvXr8hDEmhDQKYgLySWlTGIILpar3a7rV9Gy/nC6OUE7UgoutNXot817PWmywuMi45RAoAUpUlRMBobQBABKyTTaMRGgOzgmOIKqH/sJxKVq5vNer+dJHkGy64tF27qpSE0GHsX/3wx0ro59dDqWQa55rzna1WUUKtIMaEWSTy3H6z1vRdz7EB9opSLOcrSi0IIKWMWm7OOaWEQs2QKNMMIooQsWxmjEEIFFJryhBBjm0cC6dp/uzZm6LgW/1GvFoVldzkfDjP8lIyLG3LjGZz6njrWRIneS3ybccWvOq1av/uv/yv7+w8xAxVQA0m63id3Ts5eH46GU7mWRwHjo0wklJ5nnd0dNxotJ88OPrZjz9GkHz57HSxEa1OHVNc5inBtJSGMHh+ffr63fOdLW97q7FOzOW1qEpTC8Obm5vZfKm0bjUpgfFOG7Zr+Pnr23/8YpEUtNOrG8URXB/1re32drtJ/v6L33th7emR+6c/edqs0efPTyG0Wp0Ozza7Hedkb4tY21lqa0gQrIaT0fvBKM2r0XSyWmf1wLEx2er2kCGdbmO+WP/+y+dKlHGavjm7RFAz1swScDN9pfS6XfOS5fzsYuD7TV6YdvtOFO79/renWQoO9x4fH995+eLF19++ziV58uj43v2D+WjR2+o9ODm+e/Q5o+6zV19eDOPtdrff3mk1mkVeUttyfe/125vbSfLhRx9khXz59nq5WtYDp90ItMxno6ug7s43m7dnw4vruUTMCf3xtP7qpVltpqWoLOrcOXyySVaz2RAhbFlOGNScoG7bDrMsSphlW2EtirMkzjPfjzBmCCM/CF3P6/aaQuiqku12jRcFhLBW9zBEYehYFKabst4IMNLtVp0hk6RZELmWxeI4tWyKENHadFvdbrOG8CbOLyoAp/Pyu5eDwSiutVuuxx7d3WnVGtSYRtRdrzcIG9e3tSFJsi6UJpaXZrOTgwao4O7OsdbQ9Vu97s5kmmOgPJ+V+YaXcRSGDx483dk5iNM4TVfLxZAB7gW24ztCyd5Opxf0tupPjvcehH59s950em3bsQaj61U2J3SzXF88e/7rXt+teFxkG9cnm836Jz/+vssC32o7GFdi+er92+tJGdba7d4+0P6dw0cEVm/f/XIwu2BhDWFycTlBFN8/PGwH96RAAA3Pbl/4nv3k/sN4mduMKrk5v3jzi99+TR3ve58/iJr14ehmfFvOJiBOlFTGGAi0NkYjgCAgykBGqAbA892drSaGqNto5bm4HS+bjWZVblbT29nshiu53dv2XP92cCOqjCKd5ZtK5NPFSoHqsyfiqy8vRAmyPBZGM8wsTBnBiBgIAGMUY6QNkJWAiCqheVHwMtOywIATxFeb8s055+Cg32pRM55vrgE2k8kcIby/f9ezTzyvn2V5ki3LYhOv0/kq6/V6kOjxdDCazSBjCOlWu6Z4JWVJMe749w57n1e5nfHN9fzr2+XzebHarJKtxkkrbAceDh2ymE++/uJbRDB2fDeordeZhuhmMLi+vliuVw+O7n5w95N2o372/itt8iSO13HihnXbbdWbh1v9A4DR8OYmK7JGPaCG1DyPYjld3Hz59XcE105OfrxJxHw9c0M4HN6k8cYPXN+nv/7qxa+fDVaLzcFuGPjs+mIQbzZSyeVyBZDc2W+OlmNoynatsbfz6f7BDzHyFsupkOtGt8HCFmKuVHh2c0mJ9GwUeb1e+5P1evTq5u8lESGuh3ZjNp1+99W3BMt63R2OpzsHvSDCL99+V5bFnf2HvdaBEqvh/GqZmWVcuDZRSkqF+/32zSCZzGWn4bXaIdR6s1x8992b9XKxWOfNVlsITRlZLW/KYr2/19dCHG7XfQel64VlI41t1wujKCq5bnbqcVK2e3u2zYpkHrqC0Wqv5xELd7udjFdZxt+dXt1O5sfHRxCibDPAWNWiMMvE9u7xehW/ffMs8CEA5sH9E1lVq9Xq+as3003JbHY9uMzT/KP73+s0W0k+PL+6UJoObmd5AT64/6dGwnX8BlvVu7dnEIiPPjxxXaa0/ODDu83QRkBcXN1UwCl4waDYa26H0U5erieLjU3cTutwq/Nkq/OZqGoOs6bL58aeD4bnvgu04O/Oxlvte8qA589/FW/Wj598v9c+GU+WV1cXCrnbe7sE0826TNM08AKeIds6vv/gk+evv/q//4//od+LPv3gXhbLsoS7B/fCwLq+GfNKUIq2t6I0Xl2+P0+zDYCaWTaE8Oxs2mrURLX48ovfjSaDet21mcmz9XK5QcRVmkhllqu0FKrTbS3XMymS+WpqMDMoXC4UNHi9WkZeuNXp26RaxBMncPBHP9579fby9GLW2dp23XC55oqLyMVRFM0XObHt48P9zWqRxNOrwbiUpcYwywTFzLM9QpyKAwigERXUYrleMIu4nhvnGS9LAICoVFnkabxRUlnUEkKKolRVZQwKa/U/sPCK55QQpVW62VRpEa9WSRwjY2zHcQOH87wSBVAyTRMMNcJQa1Ckue97UippxDrZGKUANlIri2EtBQLIslxKUFlViBBKaclLwatksxCyimq+Mbpeq7muVebxHwQkqUoAFAAaQtjutJQBtuUjxOLNqiwLy3I0IGVR8koyx2aOYySCBtq2w4sSAOgHoRDCtpll21pDrUyWFowwhCwDoZKKMQdCBCDJ81xyTghhtiWVqQqulOSisp2a4/kQAstyKGEQYaWrTqsFjKo4Jxa1PFtIXeaVVkBrQxgBCFKGqYUsp0YQXY+nIuFGA6EksghiVEEgpeSVch37Dxg/rzhE0PU8jFHFS0qokgoYUItahOI4iXnJpVFcgazMq6qwHItQWxhEqG1R17ZrRiMMkZJSKq2Udn2fWAQhQy3bclypTJWkvEiUKBgBBAHOq5KbsuScS60MRLReCyFBAEGEcFCLCMYa6KpU2iCCoG1Zthf4XoAxUqISRZFlRSUEZdiyWa3Rzou8lNyyPc+vVZUCGPKqAsDwMkdaYoiMKHlRGqkNAAZiYHSeZwXnhHqMuVUFIXKAMcSihNrYYFnmspJAKy2UbTNCoFKV1gYiUPJCmwoDkCVZJbRUGhKELc9x3KLkUgKkkUEEQgq1Jm5IkS554QUhpThJNpTiIPSM5ggTBAgEsEzSqqooZZZt5ckKEQoxKdKMF5wwpg1UAGJGV6vkn33/e2WRTDcbLYUG0HKdotJarnqrSwAAIABJREFUASU1QAgCoiRHhFAWVYUwABtIEaTbW62j/e7taI4wZQz5LioLDQ0qqsqyvKIypRCWG2BCKqW5ALKsKmUoQZVQEOlOw8EIzud5ui4ZJgiaNOdO4B21Wn/2yY9Hi8VXb895LjGgnUa43+9u4mq9zrUxR4dbOy3/ZG/raKvtOfZ8XY0m6ywvW51toSHErBSGEIsgqKqcEhRGYZLlBLPKYEqwxch8uaYYOg4t8zXGiFnB1c1CG42BMkoYTHghjYa2Yweu7Tnu/v6xFPj2Zspsr9/tKCXyorA8/Pj4yGfNV+cvf/7smy9fXrx+d/XxB/eX8/j337wLgvBob08aQx2XC1MII5Sp+WSnF15eja9GqTCo0XAb9TBfx0oDqcB4vnp7ej2fzAJHWow9f7OZzxUxWquSMuZ7WIGy1/EkXzCSv3p9+5tvNvM1rYWW7UghUl7cPr3f77fbk8Xtm5v4cMtzdLbalG/fT759PZEG2a67WS5sVNw5uru18z0bhhRXcTr74sXZu+u55dnS6NHtuOZaj+49mk0XuSqfv3z17uzm4nbJOV+skspgrmSWFQ2va7CaTt/aFG33+tNVluSYkjqC3vG9j25v4zgFh4ePzk8vX7x6PZwvFvNNu13b2mrG6+L6/eB4+/je0U+SZHx682a2lgEijx/cC2zrm69ezRbLerNxcbFeLgpMzCbmL16cNSLfJvJgvxn4WFWb8XQ4nGcv3k0BdVebTAh0esqurqWsMsuiWpmdzv7t+ALoiiKCAXZ8HyOipLlzclQLA4uy0LOzMoMAer5fD6Oq5L7nBZHfbNTm83WW5XuHXc/zRoOZ5/uUAGhAp9cDBg+HUz9wg8DHCA8na6m1UqosBWVMCLlabiiCkR9opdbxu2U8iWO5zmTOBUDQcqyby/F/+l/+QRT5g/sfCM78yKJE5UIA5hYKvnx9dTOZVvlqt7/l+529wxPXqx0en6zWVZnl9+5u58VmGcdXt8tPP/788w9+SLBRMlEVb7b8px8/vL6ZJEVlQX3cfbjV+qjX2dZKFFW2tdON16vzi/PB6BzC+PXZ+ZvzC6B4sx52u31mOzfX1/1OK/CbBNAqS1fxUFP99nKKiNNpdggIXeoW2XA8f3e7nBcVjvzaOtbAyE8ePezVPnQdSu3b69tTDHFVwTjJt/veKp5+9d27dUGykj96uB/U68vx8uuvhuulrjjICk2IBQxWxgCAtAFKQQaRTS2pqmYNu47VqnuL+RJTmxEzHV6V+UppQzDb6rbXy9Xt7TAKXalUJfP1Zs7Lapnm/81f0tl8czOAQGUAI8ochhAwAkJplEYIAISkkcTCQiqCgRbcgMqimlHKMAVYYiyLig2niCJrp2UaDTherIuiarQaSEXtxh1MPc7XgSt6nQ5EBEG8TJLVOnGjKPSdXie0oKk5fujVe43Hbf+B4CaIQAmHb25+F5cLDVAZF92o2+92PJe8ffsuKZJSqcl0GYQtL4gQBJvNUitRq/mBxw62dnZ6R7fXN2fn3wWR3er2KkkMpr3u/lb/qYX9JF4pnQUhlmW6191q1moIi+vR9WpTBcFW5PfjJCmrvN+LuCwp1a6r5+u1E9Y5r5oBffjw8Ozq5nYw7HZarWYviiINqsliPFvMA6t2sPUzz3pqO+588fKLL/5hMr9J8my+zGuNyHXZaPC+HqJeu9WonQBpXc1+d5OdUuyAzLKx59rWfDLY39sCGJ2ev2/2g2a7nqzzVtA76j1xGBNymFQFouF6XUApWo265znIyPGk5CXoND0AcZFm63U6WnLfs7o7vXv3DuJsdXV7JY26vBgoLnv9bjPECIs0iVfrLC1kd6vV69Vub68sopTinU7t4LCjq4XriNvhdadTQ4TFOZ+u0yQzeUXevb+lWjda3XQ1rmSZZmWztTdfpEVVnp29laI8Pug0arZlO3GSZkIPh3NkJCF6cPX6wb37n3/wl98+/3a9ua536kayyN3Z7hyfXXwzmb72I6vUMEsSYkSr7vlB8OTxcZGlw8nyerR8/X6S8qrK08cnH0T13axc3dyOLUgPdu47qLG/e1RxuVwNuLkt1EgbiShlVmCUs9O9b1v08uq04qbXOyHEuzg/7fVqzA3zMivycjC4VVVVs3sOO/D9nVUyefX+WwNVw8UuZfN5zphHnfqbl6fPn79nFtva37u+OJ/P5rzidx8+vLgcLNex0Rg7jcVsPLi9mM6nThgm2brTspWphJJ+ZHuRMxgO43jc6YWcJ3me3Q5v0ryIokZZsizVtSgCSgSOff/uMS/XSbZutiL8r//9z65vV7N1YlO2mpVFDu4f9376+UMpzPWkLEu41a9PR7enF+9vRuOgHnX6+6dvb30/DMMQQbfIhO3YQlZFJZfLJbEYZSyOU6WNF4YaoyxNiqJUUlVlgQl2LDuOY89zMcEQIFGVhGJKaJzEhBKLWRazipwbpaWUEGMNdJomRZYXnNu2UwmVpTnG2HU9TDGEphJKcM4YZTZ1bdsiWEmVliXWEmCECBVCa2C4lLKqgnpje29PSmU5NqZkPh0bZaQGyqhmq56VXBpp2wxjy6IuL1WRJmVRVKICkDDGlBJ+4LmO6zmuyPLQixhlts20UZZDIQTGAKWB5wUI4ND3DMS8EgQTx3WDICx5CY0ySrmOjSksCr6aL9LN2vdDUZZAS8uyo2ar1uy4QU0KzogFtAbQIIoMMJVQsuCCc8mF5zo2ZY5HqcWMIUWSbyaLIi3//wKUbfmRb1uO0UYIDpW2HIcL4YdBGAXAaEIIr4Rnu0VWIEwbjVZZcF6WGENtNMaEZxk2cKu7W4/aSuvNKl6v1gZimzGENDJKSGm0pBRjBsNaDWFaCS44V7KCQGojqMWKokiyXBnoeT7QxmIWYxQBxRwnqtXCWuQ4tkGIVxUmpNas24zall0JoZQoeL5czLUQkLIoDCDUwCjH8SjB2miplNagFoVaC1GVQlQAAAA0oawoyzzniGANQFCLECZAqzhOKlllaa41qqRerKaNKAr9VpIk2gjLcsqyVEoDAymllFlFWTDX4RoapcuyIIRyLoA2Usiw1jJaKC1FyQ0AjNmIUFHx0iDfwsoYSChEMM9KSihmzGhuIEWAFmnG85zaVrffAwiLLF5t1u1uR/Cy4lUpeMG5kIrZlu26j473Pv3w0f/8j78EUBOEosDHxEqSVGulJdBKWgxDCA22stVaVFJpo7U2srx3pz8crRXAoYcfHAU3w5QBqrQ2CkFE8jyDGkglAs/XBsebuCwLz3YocwxUd46bV9fjzarkmQAASCFt2/Yd+l/99I/3eofvBue/+vZ5lpaBFx7u9HutaHC7Ho42tsW+98m9WuDMF3m90To+6KcFf/buxg/8o4Oj+WqlkTEIYGx4EVsUE4QBwHFelBVPs/LxvTuEkpvhlBJiDNTKLBfFYpZqALv9FnOoVirjoshSQknO+Xq9cV2XMW+1lEYDSLAXuLwoZFViz0o287sH2/P16Ms37zYbXimwt7v95z/97NWby3Znf6vbWiVxoUSl9Xyx1MDUQ9tz8PVovVzlZRx/9vDgxz/8XhnHy+XadkmeFot5vLfX+vSjg9ks/8dfnhe5rvt2VWZhzao17LLMFU8aTVZwc3aLJiuilal4enK3WwvJT3/84P5Rd70e/V//u/8EWbvB5BdfvLwYFu9Ol4WhJ3d3V3HKaHX3qN+IageHDwMLpvHFF69Ovz1bx4lM1muhtTbywycPPvvoE0D0YDVa5vnZ5aQSav+gv390nAvlRT7Ps+3u7snB3Yub51lV/eRHH0sFAWDfPnvn+bWj40MpNcXu1tbucDgaTG5OHt8fz9Jf/vL3AMKb8+uaH33vycfQBOvk9cXkErIa01oLWVXFcBzbluv5wdnZ7M3p4ORkb3Bzwyu1vd2xbXZ5fnl1O18tNptUrGIJELVsN94ki3lG7cfpmqTp2g8c23Z6nZ3Lq7cAKAgJxBRjipkdOF6t5tkWW85XDrM8z6/Xa3vbO0Arx/G6vR6BoCwlo5bvMYR0VZnB7TTNC8oQ56osObXRaDJBhDYbIcFEaPTy5elgcJOV1XS+pq5bCp3EseAlwH6cjgVZSGzt7u8ZI3b3WydH21eX06++ffODHzz9kz/50+lUKUMRws/fvLtdpIUA80VMLL8s0h/+4MPtnTvvzmfffPc+qjXevL24OX+73sxt39UYXl4PqwKenNxL1vNNviQ2tRgolf7F717nZdnwvI8f/0VYe5Qnm8n0ara4PT2/yKtixZMKm1lcTBL18uW1DYnLbNvyhDbXN9e/+OWvPdcJXAcZk/K4AsUyKTCxiFRIsuV05VhlWi1OL9YvX4wwtF8+Owtt96N7jyx8mJfLTf5uvJyfPHgwXxVvzga8LNcbOZ6WWVLYzPJdWgo+ny6XM4OBPZnGaVYyjAhAUgkJKqkrpSoCoecyA0SnzbIihUDIKkfUFry8urw0WhlgGAs63RYvy6JUru0gYKTiEAAL0zQH+4fLp/fAf/oHZSNVKQkhBkYgIJQUwCiIQF7BH3x8pxHZk1VuUSS11BAiiC3oSk25VBpqz0JG6/MbVcnG4U4o1arebkKGeSWEhJQERkMGuB9Qx3Nup8sXLy+lQav1arOa7+02sdRbrd2T4x8A3YmTVJO0QtNlfnk+eP367VtKSCuKdvtHVaGvB8NvXr7Oq8wgyKh/e3NrUYkQ93y4vdXotsPpZHh5fmVZdb8ezpej1++vN5mcrat1zDerOPC3jbSms1GezgzIFRe7O3u9bvd6cDVP03Zrf7t9sLu97zkOgFrI/OLmPJfJl8+++dtffN2stx6d7H7vwwf7h9uXV4PdbvuzT77f37rb7vQQAxfXVwjYP/3+v+3UfsDLxXz569vxN+s8rhSXWs4Wc8zYar66evsSqerOnSdhdE+B9XdX/5SYou00ELe2e70/+qMPPRetNqt/+tUXv/vu1Wg5Ozt/X5X4sw//lChrXdw+f/v7y2FScYSI5Vhkq7cFIBUlSDeV7TgOBYjV0hzdTjYVqZUVbzXrVzcXb9+e3g5HhjrxRhA7MIicn7+rjKQ2XWd8udy4FopcClTue0jIDRcro1Pb4pvNfLZc3w7HXOvZKnt5OsIsePr4kc/Ag+P9/YMTqNLFetWot/YO7t4MV8PJVEDz6sUzKbPJZPTq3YUVRQbbw8nsBz/+YP+gc/9++/T0O5duNcKPhYi3tsMo2vnpT/5lnCw2ySVGijJyO5oRhD98cm9/f+frb9+MJmMJrHVRvn53PYuNJtRC8OMH389z9fb9dxeXVw/v34tqrbfffQf1ShlQq7fzcj6YnVHfn8xjY4DL/MOde66Dr0e3xK01WtuXl4PBzZXvmsVqcXb6/uBo13NdBvyjnaePH3//anb99ctffvzh3R99/mG3XpuNZo+e3Nve24WE/f43v8153u02wmZjlavz6wkh/q9/8RXEdpGm/e5Wt38YeWQxv7n/6G5Y7/Is0zpDGEiZH57Upqubn//mHzVYhSFUspjNhpThvMx8x+m0O57n2dga30zKPLEtc3NzdX5zrRTHn/74jgFEaZBuSiOwRej3P3n4gw8/HAyX74frrDRZuri4vOQKWq63ilfTVZ6XptfpVZyv1gmA2LWdLE4rLo0BiFBCCedcKSWkpBQjqKOorpUAWtsUU8Jkpcoi52XV7vfzLMmSuOJVUVYWtU9OjsqqAMYAAzGBaZpAoCljUgpZSa0VANCzvUYtlEI5jhOFflpyhHRZcq1gkWVpkgIIK6UYQQbCsiilVJ4XGIi1UrbvUIYKnjOXpXEic44gwtiKfAcaCSCqKpkmG6NBv7NXFQIDDSASFRe8hEBxzi2bAqgQBBZGmHlh0DDQxHla8VIqoaTACFFqW8zSlcjy1BjV7fWAVlJKBEGtHtZq4SZerTZry3MJRhWvWo0mJiBZL4xWVVHyMkeYtNrbtXpfQxSnm4IXmDEtdZUXYRACgBhBVZVFrcBx7SQtsk0Jhcqy0gk823fsmougBkADIzCCUegCANMkU1JpI6XgvBLMdiBARhlEILNoJaqKV74fGKkIshiyCMBKmE08T/NNkVcUACmkUdIYQylRWhupgRKWa9eb3bLkvMxkVWAEEYYAyUqKoiwosyAy9cATnFOCMAJGC0woZSyKPExpmqXUtqjFkjx3HYdg5rjOZrMwQFeVbLeaUbPp2jZmlm27SZoIIbRBBlNjlJZCSiGVXK9WURRIrbO8xEBhQqPQowxajs0whkb7juvYFucVsyyIcavZlFxqbbIsUUpFtU4YNLwwZLZrWW6SpJWQrudDgxEEPCkYJrZli0pAYBQw0EhEaRDVDDCb9cYAFfheBbCRFSVEa+C6bpFnEJhK61q9vtikZZoXKW/W634YhfUo3qzTZMEo8/2AAO1QEiepUsYPPF6WjU4zz9I/+viD33z5TS6ljZnv2EHUSLP8D/XYq/kUIUwp41I26iEjbLPalBVHUB0cNEaTTVGIbtv53qPwxdu1yAxjjue6sizjdYINYrZnM4tZbpKWotIIQWRTRsVWj51erEWpeVFRShmjXuD36/a//S/+VeS342r99etTKUFVlDahd472Zst0Mk9di1jIrDb8YpaOlvF2L+pGzuVg1u11a1FwfnWJbVyrBZvNDCMjeZ7EGwANs4J6swYM/cs/+bPRfFNwzXM+m87LvCLI0QDWW7V2v5MXZbrJ54sVxVRKMV/FtmMDA29uRoFfty26SdaeTS0bK1U5fu3Nu8vIkr1m+H441chuN/vzWKTrxYePDy+vxgnPl/FiHSe+7zV7bduh9VoAKhgR72effvpnP/h+5Dlvzoaj8cRyYL3mTm6XUNv10LYZ+uKrq0yEEBKoVVVk/a16p1uTUEKct/u99zdiONZZWoiqqDX9qOlZJn38YOeHH3/vn3791f/w19d7O83DnWbkBw/vnrQib++w22xa1DaNpi+KbGeraxDMN6P58uZvf3s2Xpn1Kul1GsvFqt5oeC6+d3BvPZ9+/e704mYBEfrZHz99+vTRYJy8P71wLbjVrduQBm59Mr3+7u1FLfDfvjm9mUzfnc9tyydEv3t9WpTFxx89ms1mtYZ/enOFHC9N8mardrzbOdjqPn5wD+Hs9enPb1ZxmmiqxfX1UGP7+jap8mR0O2ROHWD25PFWs+HbDgtc7DGcpkIqaFnWapUmm+Sjjx588r0nEEKIvOHQnQ0TBAUvCy+oe340HJwjiPKSY8yCqFlvtrud/oO7R/s7/f5Wp91qpUkZBYHNXM6r3b2dw6MDZKDrWL7vuZ5d5Pl4Nl1vYs9nx0d7SlYXl+dJkXqBJ4VBwGRZkubVzc3t9c1ZvJlfXt5sklJo4PpBLXIpdoyx3p/9al2sqlJu94JO0753Z/92MPY9+5/96SeYqN//7u2dO5/u7B0YDFbLcV5UzXrT8RxDbApEp9X7p3/8+uz9FUb6YKeT5avJKn356t3jD+7JUkV+Lwg64+H17fi6MOTNq4ub0Ww656126+72Yd17uJjKs9NXfmiGo6uLwXl3t14i/dd/80XFTRjY3Sh8dOduFIWTyeD4Xu/ozs5gPOzvdDHQy9m80ekVRf765bs0Tn748YeR27CINZ/dlCJ/c7l++36xf7jbbrarNPnsyWdbvafcJP/pn/4/L97eqkov1tUvf/m6LMF6Uz24d3K02zZASy0qnmVJNhrybC3mq7ziEhpIEQIAKW245FwVwGiKkDF476A1Wy4Xi7TbCV3bLJex4CqLkygKNaD1qCElkkIhpEueQ6xc14l8u8g0cVb/6s/MP/0GI+1AbADEEBhtjDHaaAMMTSrzv/vf/tF8k7+/KbXSWqM/XCQBQIltjaazKIy2uj2kxXIdf/d2vc78Xr3mMJTkGS+S+eIq8K3D/e/VvM7NzcV3r75Ks9J2mk8/fLCz3aqHblXm62m81T9qtu/PpmuJy5vJ6eX45WIz6mw1kSo9z753fHywe7eSZLFcrZLYdujudrfdcj0ft9tOXqwglptkMhhcXd+OHLcW+s0g8jVMzweDJJOI2FyqrV4r8hrNVqe/04yT2WQ6aLfb/e3DPM2vRzeW43ZrnXrQqdfq3XY9SfPzs7Px8qJUybcv347H66fHD+7s3T1993azSQPX+/zjT9rN3SK3FWSz6XQ2HH/46Gd//MP/dZ6OXp3+PxP+ut3fa3bv9HcOhuPbJMvOzq+O7+xYWBwc7IXBsVL2q+u/HxS3FNpPDp6AiraaYa/n395effH17+KqinodatPlfHPv5ON+fU/D9c+/+VvD0HSW3jnaunv/pF0P49nCc4N0U1BCAcBKqvPLkeV6YSPs7h+UZSIq9ebN5dn7m2Y96rbbQdj5/k9+9ObNe62q4XCEEOSFata2bdju10+2WvdD1ibaQlCvZ5cE8Xa3kXC5SpI41+3+0S9/ffrNV6dNz7m3f1h3o/F0I5U0kA5uhpbtf/P1d9hCn372aGenVpSrvIzH08nh3aMkrdazZbcbySIlSCmkf/fF7//iz//dBw9/ennzttfb5nlR8ml3y69K3u9vJ5u0zMX9u8fa6N9981YjMB2N7t67O5+nWUX9sHbQbj89/kxqPZ5dljKvRWEURtPJVbNDhTKU9obD0WR5vXfn4PZ2aROy09uu+yHD1XQ2jNPSC2sG6XgzbHVxJUsM7JOjJ53oiLJdZgd//9u/P5ucffDw/najLVOVrfM8KR3XTdM8LZKDPf/x4x2epdeD2euzgSFWp9+joNo77N+/s28T5jiNmg8Gw1dbvS3P6S4mg1pkF0X67vT5Mh2+uXi7ihf3H3TzZHF+ft5o1qfDa9emt5c3V2eXjcjf7XfDoGZA6QRoOpsII5udEPf23Vaz5vvBcpphwAhCNcfb2z54ezF6cTkCFBMspNGz5QpTpBS+HIxd1/dcnws+Hc8tTBxqL+dzhBFjjEvBbBqEQVlWeZoFgStkFTVqtmUTQjdxjJDluF5ZFO1O23GdLMuqKk/TAmHAy5xRUOSxZdm+52PKIDSi4o7r+q7LK2Ezy/dqCCKeF0VeBa5v2Xi2mNkOFZVcLTcQwDIvs6Ky3UCWpecHCDPOudaa2Q5G2LZQUSQGgmarvZwsirRoNNpBEGIMDNRBLSLMyrIcYbrV28+SnFHLtt14tax46YcBxlQbAYAGiCGtNSQAM22QVCLLU0IgANoYgCCD0CIIrzdrCEG72dFGLpcr27W0kfFmWZaV7XsaoYpXCAGupUYGEQti5ti20Wo1HVdFJZQAULuuS6jNLAIhghA1W11CUJZuFBC1pq+hlhKuFrFjUS8ILdd2IxcixEX1h7gFEG612kaD0WhEKEIIYgwLnmstEIQWQghAhEFZVpRZhFBe8kop23bzIttkyXK9MAZ2On3GLExdxpgxBgAENag4r5RutpoAwjRJMYBZvnH+MBHqJI091w0Dv6qqdJMQSl3PUUq5tsOFqipeFmWW5bPZLEuzdrdlgBE8lzwnDAVBSCmllGklcl5VRZ4k65LnCNAi5XGc8KJUVSUrTii1HbvIU8emGNKKV4IXjVaLYKCNVgB7QUNLWRSZBKje6Sop8jwOAw8YlaRrraRSxHVreRInmxWjTGmNMcEQFXnCLBY4oVYmydaUeV7QCutNL6gpnisgwzCK4/Umi2u1yHdsQJDiCTIaACAEp5RiCMqiIpgQZBuhy1zYNiU2K0RRlrES3LY9YnnAmLIoqO31t7ezIqcEEUyWcfzxw+Of/eDTr757AwlSUiLqKKWE4AwZgpEBsJQVrwoMVavp8SKBmLSbTujj2/FGKmhZ6rMn9fPrMs9YWUpEaFXpPOcM21piTFkUNfI0r3gheJ4L3mnC/e3a2/drKBAygFIMKDZQfXC09eG9j0tRXs5P3w/GFONss6mKzLXZOsnijPd6LT9wr0bz0WwVl3K+WT99sH/3aHu8Sq8mg9F40GwGjYbPyxRCRbB2LAQJVJo6VtRu7Ty6++S3X3y7Wq+BNACSLM6F0J5re6EHtJpMpskqti0XSjldziBzOs3WZp0AACxG083atojnYmAURirexMvVshHQf/6Tz95dDafrcr1ONin/xe++/uD+9idPDp69fI8Icxy3t7sNIUiWi/167U8+++n3P/p0MBz9d3/9t3/zqy8uRmPXElFIszSdz4rriwWGNN5IGm0XgmV5xQsehKyskv52M6y5noWGM35zq2SljSgadV9qSW0I5O2d4+bdwzvPz5fcWBbMQld/9uTe0cH9eyefNJuH9aAV1IKcZ4Jzx4JZWZ6evg489O3L4WgcWxjblPR3dyeTWW+79cH9uzajN8vRclOcvzz72U8+/e7Z6T/98tnJyUE9dCKXyUrVW62kSK6my29ffrtcz/aPjwoVTadpksXD0UJJMby96HTbUa12dnG5zvNWp97f6qTzCYZgux/k5eXbm3dJyZJNbiNhoD67WUzn6d27W0EYJJkZTTYfPD1ezW89x+nXo5/94C/uHn0sqrUBQgGopez26rWQ5Vl2dr45P0NaAlGmleCNVp8R+/r6FGNmMSsKGicnjz7/5MM7R7uHBz2Hsf52o9uoL5ebTrN5uL/batVtxm6H481mI7W8HQ8Ht7ebeH07HNgOtW0qq0LxivOSYGtna7fVbFUlhxhbjl0pfnX2OlmNhSrzLJ5OF0LroO5ZNoWgVQlO7KkfBvdO9os4Hl8PlvOEALW9FX7z7Zf11tbR7gee06HEcz08nkw3Sem64XC8GYyG21vtKGj1uztPHp4sJqeG4P/3//IltKydrs+g6bf39nbuL2bTjOdfPjtTAu7u7YwnGdKqF3Vq7l2gaswOtnZ257P1dDbf2qqt1ovBzbhf9//yj3/82ePPdre2ZovLt5cvDUodCy2mC6V4mqx7vY5QYv9wb71cPrh/+NPvf+/hnfsVl8PR9W++/KrUbDZbf/7ZE1EUhJAHh0f9Xi8ubn791VfjWfa9jx4wwrS7PNa1AAAgAElEQVRktSCaj1cMqg8fH/X7/dlirbXJ4vT5s4nR3iapMl5RSqCBFvE9ty64UrIiGGoliqJqtl0J1GIppeKtSHU7ocZ+yWEt8vwg5KIykEqtOU8qKbVWnXbDpbBMgYTmn/80vRjat7ehZ2ttIEakEhwADQ2ExHd8+N/++zv/49+fxxukKp7lvB6GW90IYmgQikK/EUVhWI8TnmwmP/6w+2//5T9rBEf12tHuwXbOl+PRqWdZ9w6fMNJYpelyvUpj0evsdbvhejY8ff1WCtBu9g4P7uU5s2yUlpPb2bssH4lq04jsyCVvXp4S4LQbe7btRvWwLKr93f3VZNjvRVJlvFoORlfzzcTx8fXtYHvv4O7JEwKdzWaWZzPLNQcHHd8nrg3vnvShVIGNez3n2+++SrLs8OQEA/L+7RuE8N7uPkH+7dWcUey6rOIZF/OgpUudQAgeH334b/7l/0YY8Tc//1sD9fc+/WyvfxhvRLLhYdRO802yWj1++uN1fPkf/qf/w2D2jR90u92nLtsaT5aWbb599m1VVffu9ETJ88RuNh8u1zfX8dfzNHm498F2fS/wrDSeea6+vb0wQLV6zb2Ddr/T3OucPL7zcVinf/OL/36wWno2HY9XFOtmp37z/gxU5ScffdBqNnpbkQJACB3W6o2GX/F4k6bpahr5rFFnT58eHm7X+/3OztZWFNiODRAqwqj15NEf1/2Hjx781eHen3fqH4bug37vh83aD/udT2puGyiVpNl8ni3HG4bt/a3d0G2AqvrzH3/2wYN7FsXE8bu95nI9pxZYraa2Y2oeu3O4+/blNzs7jXrDrySYTWeu4xwcbu3utS/P3mEICbMQkkqm3cZjRmuj6askPU+TietS26pt5lm9FkZBxCg6uxhe38waYXD3+I6FnELA8aKMl+lf/PhHnzz5ZDx5reC6168XaTIdDjCu/AYZDCfd5keyIpP0TbPdfPH8db/ZenB8DHi1WV2EDWbZaJNu8ir2Q12ma4f1Tw5+2I0eljElNj2dvTkdv97q9J/cedrwm5Obm3a3cXz/4dHdey9fvmQO/uBRK8/HL56/Jr6HPXJ1eVGL3JBkoUcw1LzE1GkU+fR33/zT3aOHnrPr+XaS32qU2yFabta//uIVIu7BQe/t63e97vbWzlGeZp1OSFBZi9DR4dZnHz5uNgOhiySdzebjqOEdH+3gH//03sF+p0yz6Ty5e3Jc5flyttjaam3yYjhPKl41QjeKosFwbKDOSrnJDWYOxnS9TAjAAAAluTLKdq1KCmZb9VZNalmVwmJMiKrRaHIuMCEQItcPiGWVVUUYhlB7nlev1ypRIaQJpQCayXwKMVMSKQlKrjkXUkoNjNKw0dquuFEGOpZPEKPMIgQKkWkICEIQQgCAlooxyyIWhNjB2LI9hGkQ1qXQCGNCEEEwTZJ6q2k7/nQ4tSCyHM8OXCGVF3hcFZxnFqXMYvV6a7lcGSkJITZDRmgMoTJSVAITiqjjUZrlVZ5mSoqyTIFRnudUvAr8ulJGSeU6ntTKGOC7bpHFqzhxPUfIqigKqVWSZAQTSrEsS8EFRRYmVlYUru9BjG3bzuM43szXy5HvW/VaTQnh2DYEIClyx3MRNtRG2nBeVFJp2wlt2/L8wHZspYCQmjFSFaVWJmo0tJZSSF5yajEhRcEzBLEGWokyj1OMMLOYkJJalqqqqiwrLSDBWkigFNKo3eqGfogxlgZUZamlSOLVcjHHBNqu1egGq81ytV4DaKhlWa6nASjKAmFm2Y7UGiNmWT6mVBtDGZNcFGWllJSiytMcQEMRdhgRJed5AQ0scl6V1WqzgkgBAOOkLJKV5gIoYDNX8Koo8jzNjVRIQ4wol9IJPMv2lIaL5cZzXW1AJbUCqNnacbxovZryorQcO0k3UpSWY2XpstkKiUFKwTDqFWWVxksoBKOUMaqU3mxiY4QX2LbrQ0gJZph5ANOizCte8SqpqlxwATEwSNfDep6ni8XUJrCSQEgDIKQW0xrEWUkR7nS7WVpoDYUsBTY551Aaz3a5VITaQiHXYsRiCMPA9xAGWZJxDXTJ/+u/+OO378/ObkdlViRpkWcZs7Hn4iKLEaaMssV6HfiW7xIkhVTSc+nRQXexystMlDz/+FG0SeDNTSl5qY2i2KkqmcUxwiBO4iRdKl0VeY4xFAbc2fcsjN6+WwuuHNtmrmugQlX6b/7ynzs0WpXj//nn/zCarx2KaqHHS16U+SbOkrQMfafVqldSZllKMC6hnWfpZ48Orq4H352dYwq2enXXhghqxmi9Fu1sd6fz2c1wPJmtMXbStPz918/W85UUlRTQGGPZLKq5iLLRaLxZJlrJspJSSQGAHzakEFIqg6mQGiPoOJRZqBKiyBOteS1inVb9v/jR99++v3x1M4mTLFmtCfNExf/sh08wVFezREBKtPzs/p3/8o9+dP/o4PJm+D/8wz/+6sXLebxRWhIGbVoomU9HK2RowQHE9Ha8nMf5zWCSxrnSotWxZ4uZ66GjOz2CweVNsVmmkueUVcwhxGaOV93Zxd12Yzpfffu+iJOKp7c13zo52OcCj0azWq233Tt0vZYxfHx7Rh3y8ur2u+9efv7RESPW5SS3GTvc3bsdTiuDg7p7b3+3F+18/d0365Q7lisV/M0X71er6umje0AZB8Hdnc7lzSWzzcvTNxKAJ48OP/no3un56OJmFQXNLJdXV8uLy/lwMIZQv3x7ti6yx0/vL6azrZafJZv57Pri5uLsNhvPsm6Nfv/DXWj0LJZ5XuxtRc1WbZno28liPBlGjeZ8lvTr7R9/8q9r/r28mn793XdJIZhrDUbTIuO242jTmE6tTbzJ8rU2Moq6nPPVYgygQYjUGt1PPvzok6cnYWgbSMaj6dXlrZKCCxF4juO5nIvlKh1PZ9CYOElev3sxGF0tFuNNvIhXq/F0OB5dz8fjsirSJC55IbQYDIdKK0LxdDp+f36aZFnFC0aNVvlsNsmKwnJ8qanj7rn+QoKFRW2jpZYGYlxm+Xy6vrgePHp89OHTTy8vVmHYrtftL7783e3tmhEbIVZWBuviz3/y+QcnD4vNbLO8eXZ2fTlVSmnXggEDHz76wALRaHh7fX29TtV2p/H40fF3L66yVdwMaw9OPmr3egZoz28gEnX7J0d7h8Vq03TZDz76/IMHP9Iluxx8czN/ezkepmWyGC/6WzsXV5OiVPPFImpGk8k4CIOD3a3f/Pzrs7PRcDi5HpwLU2HX9aKG1qLiJl1ttrtRli2++u6rm1kmhDzZb56cHFdp+vknj5r1oNPdqtWD3/zm2bs3A9dF21u12ZxfXhYlV4UUUEGlhJQFQkZWCgFAgDZGl1whpIOI8dKKM5EX5Y8+v68Nens2832n0e5VClZKEWplBddaO7bl2YRhkKey0vDjzzPPtX/9a2pRVVQVhtAojTGwGBXGefLQ/+kPan/9n2c8hW7I2k272aSff36CgFyvUgCpX6tPxrMnu+7//r/906P91j/8/Nf/9PVLgJjrZEIMpcoDx3FsdHr2Qhh4fPzR/u5JnsVlMi3SqTDSca1ao+Y5kVDE88w6Hkznl76PNusFs2lne3c2KaQkjfaWHzU5Lw8PDlqRL1U+nd0Yk2X58vzqKq/KWjuIM85odHL8xGIhAmA5vZovrvf3ap1WUOSxZ6t4uYBQzta333z3vNCo1WmPBhMCVa1e9/xgOo6rCm3vbTkueX/2PC0ulVWWpdjyD+8d/DT02d/84j+cXb394MMn9bDBEElWm1oU9be30myloVQm+7tf/F8yOK036w3/sFM7wsgeXN2EIXQcMxnf7G03N0u1v/t5VcFJ9u5yftGt7+9FdyO7bjO1XI0hLKbTG4PRbL2K10lgRSdHT8aL6//z/+v/uMmKe0eP275zevaeWjDerEaD6/29/u5OP/Do4Hb46v14NI6TQl4Phuskn82X7ZoDQYlhbGPRqQc2ZTxdX777ep3M0jTvbR1juNVq3CFQlPz69PSvV+tfXt389fXw5xBkjx7+rNP7kJdmq7d97+huq9H70ff/7P7RnZPDw52W9+rFb/JiFdUb49mcMCRFPplepJvhhx8cNBo1wvzZcuEEEfWixbpsRjXf1r1+76uvXoS1er1VpwSHIRJFaZFoMnmu8Xw8H9tBLc20a0V3Dg+uzy/SJFvGFYbsw6ePXBa26p31avX+YmyK6ocffSwk/+2zn787P8VIZeu03+9IVUyW07fno8Pt7/lec8MvINHn7y8DJ9jZ3lovJ7ZXclVejsaXV2fY8GbYeXDyR83wgQXb1DiY8b9/9tffnH796N690Op3gzYjhloQELp/dDyajr9+9tXN7VnkllkyuxoMd3a7CEtZZvfv7nx8vz+aTpRSfti33cbZ9evnpy+2e9v7O5/xslhvri4v32OGpcHjcV4WEgAvzXQYtfb37jlO1Go3ymTiuiqON45FKp6+fPXMdcFkPGIW6bTrZGdr+3B3bzGJAcKlENiyMICnZ9dho2YZjYlVJOX11WATcwVQmpUWZkjDIucAWdJoUUnLdT2LUZsJRC3HJVbgEWc1T8PAKYtKcJkXhWSKcwkMgMaEUUSZX2Y5wpTavueHUsokzWrNhl5CyVVV5rJSopQagVrN1wpUqtRSR2Ety3OjtTKKMGKw1hpATI0WGqAwbACjjAZ5VvC8YswUSWr7EUEUA2hB6LjOZjknmHieX+aVKLgQUpslohgRWGSxRFLLSisjjSl5URlBKFXQtFtdVcEsS4wGCBIljBaaWi4wKkvXECGEoO+5Rpn9nSNCrMHoRhuU5QghbDsu53me54zSIi/yMtVKup6XLtYG6nqz5nr+YjJfJVMAmUF6DQBz7DCqBz0/i+M0XRKNPebkWSp54dpkkxQc5cAYCIDkJk8zxCyEcM0P87SUQkJCLc/J4pXMS8tyiiyzKOCldFxaVlybP/zMIUJUUJrpfO4FHrSJRibNkiLNMMC2H1LquKG9ma+kklVSLjmvRIGIgyHAiEhMQy8kFjk+2LU8UpVlZVsEU9txZckJIYJLAAlQEAFEiS2qglGGCDRSl0oiTLzA9Ryn3ay9fX9OGS2zYjpbWhaDFtMGbjarokjqrWa7Uy9EqiRzPEcKkxdlViZSCiWVMCB0Ql6IlOdRPcQWCTw7D/NsvWh1erZllbwo0qTeaGGELErLLBOqtGyHIiC0QRA1G80in2tgyqqUGhCIk00MUiS0LorSNYQhTDDMjaSMGkjSNFaytC0XAJPmGdTIYOBYWJpSQS5koRUm2DZaFWUKIO31ttOq4jxTiiOkEFS2G9SbzeVygVQlFIcYI4CqosqM9KLQQM0c4roMgyQt+FfPX3/59df/4o++/6tnL8JObTxcQQg9i/kelmGYZbIsOAbIoezs/ZXHsIaE4rDIM6iFFpnDKEBwfzf67VdrbBNCKbNtvYKNVtMNnMl0ZjTtdloEUEIxYPpgy7m5TSGy7ZBqLTzL/Onn3/uTH3zeDPuVLt+9efv+eqoNdhx7PdsIpQl1CKsoFQbAwWC23CS25XqeZYD58vnFQcv98SfHt8tFiWDk4tl0ZjCSGvKKa1GzUVR3CWbBp08eA2S7tm0haBHApQYGhgEmBE5nizjOSs4pAWE9NKYypc6STRREGCGANFCcEiylSmMujIFVZTPca9aW6/hqdE2QKYWwo5qSSbfVFcr8/DfPnzzYXybCsu0/+dFntbD1H/+///B3X3xjAG2HtbofYsPH8dxpRLbDADDSwCAM3SQFAPthFLYbW1v9m6tho8U+/Kj/d39/Nbq5tlnqWFa+WXbqDkBsd39rsSwkMPfv1PuBcb3mP/72ze+fJU8fdxu01Q6889vh6c356fltt/X7v/pnP6kHvb7r5LvdAkjqBEmFpTH/q3/1x//0xf8DkpALIQ00slosV1c3Z+2TlgXpeLJuRu3pWs5WBcJkPJ4TLS3lxN3kxbszP0LH+wfz9bIe9l3b913KSzwaq357e3DxHkD21fNBb7t/sLc9TJLRcJqnWXi4vVgsv3xxZtWDjXARw7v94M5hRwj0apD1ugFChjnWdH5Zb0SOj+eLcrPkubDfvrt+cO8xz9alMEf39jDCP//F7/2g7tYr22kLUVZclJxblhUGtSJNHdvHBEHk+H7DtWhVivl8XVTK85lrW7wsHJslRTm/uM7ivMiKONskBMerZbqeSyUoQ6JIN+lmtl54jPXrLT1XhRaXN2+ietcg0mm06BWdL1bUshwYFlkebxLbRkrr4UWpq+zw+PHJnY9C62fnX72Yjt60653J9ejRw8N0GS82arWWb87efvzxm+E0h2MWNAopVZ4VFiO9duPl62QyTSejm85Rw4gKADSeZ5WE7U5bAmuTbiDSQPHJ7cR3HJeSbrsNNfCogy2SpsU3r3754En63YtnUgKC7Kcf/vBw72FVBPXg3YMHD0RlazBdrAbTTZ5wZhWYaW0hO0+0csFivZnnzy1mt9tNfjP6+tmbkzv20w8f1DokqxZvr5bj0SQlJFslSJlX788m068q5PrNrtRwMMyXq/c7vd6nnzyp16++ef6+UI2w2WhmebtZ9xzy+Gn9zZshwa5DtZKgKrlQ6TJdW7jue/WiXBnJpQarZb697RNCbTfYFMW7s9XhXrNWw8LYlcK+ZxdFxSvuO9Smdp5ugIJxkga+s+HoYigfPpRRBPIEaF0hxkLfti0S+NHNZPPhk/qq5J1adPN+dWff/4uf7Lx9eYlEvNULJwt5epMjdPNf/cnR4Xbj//R/+59e3SY5T13fM0Dkseh0lnlRdEI1mL9+e3HlOduiIg8eH5VFVpbIsiWi1I6CUoqL4fnRUeR4pCiWrkU67dZ4ND49u5nMi8k667YaKa8uvvgGCvWTH36yu1MfT9Hsat1qe4t1TCw7z/lqVAR4x8E7799MDvePW+39dH07nV5WmUySzXQWt5vhbLVebUqFqcSgt9PmQi5X88f39gA0g5vrTUyiWi8XxdV4Opi9qmC8vEnvbn92b/dnXIlXp3+XlJN//hd/8snTT2/OJ4lZE4KNEiIvMTSNRohpun/UQG7joLtD8joh0HFhrRlt9elscdGsOeenF836nSCsWQH9j//9V6kpDjsd2+5T2yJYDCZzzEq/UX99OpyuMqjJ47sfQ6v8h9/9T1utrX/zl//O9bo3118tHq2ZL4Qo2vcOD452lchfvD9/czH67ZeT46ODbqfGMPccsr3T36o7CJt0HU+mcRbnGK+riiOSTCdxs7VtTJWkIwx4lt4qPZJmto5ns+Xq5dvruztWvXHbbH+wXA+Wq/HTewcQu/FqtpiPx+OzoSm5ytr1um3TyXj14Omh61ChkpuL5WQ2qpRlcJeb5lffnjKHrVdF3ee9pvf2xQugwWS6aPdbjLKCJ+8mv9huP97tHp2PJ5hZ2HEJYedvzvb6jTt3HlycnzmOa1n1WtRPEz0fi3Z9a7c5797vtmrOJp9NFhOvHvT6rWQSN+tBQfGz0ze5MQLohtdWkiZJhpG1e3AS1JpvXny3bbHpep6Vm26zcbjz6eMHP6HaWUwXuiq5tf7Pr//ht6+/fnR4EADfom6t5qbJfDAacoHcsDNdzKThiCCj2NHe/U7ngQDOIq883Nrt9ic374tY1XbrhIaModvZrSHRKq0m841WDBLLjbwsE4y57UbHYvbgaslsu+T26HaBAMQYtDv9rJi8+faCUldrWRTxSb1d7PS1IZIr/NmP7nW3esPR6vRyDhFilm174fXNbLmOV6uEa2EwfH16lXNhUccYHScxxRZATElYpKnj2IwQSgBAhhcCYVykmVZCCuG6jhcEwOhNkiplGLGzzUZWwqIYIOOHAYAYY2a0XK7XnHPPdYQUpuRVpkRRaiUdz+9ubUttkFbxJoFGiqpkjBhoCEFaVwiZ5WIRhBFGNE9z17EwRa7nNTod6//Hwn8165oe5p3fnZ4c3xxXjjvHjuhG6AZAkQQIEiIpkpZK9rgmlOfIqrKrfGIf+NwH9pHL5ZJtjYczmpFEEkwgUgNodKPj7p332nvltd4cn5zu4AP5a1y/q/4QJmkGkIjjRJZkJEFVBnkWy5qGFSmKouVsASgFAHDEOMHTcR9gRBSyXC5kVS+Xa6PBQAAqq7ql2ZxBxoSiakRWAOBJkgBWqJrBOC8Kalkqgty2a91259HTr4Jk6diuoioAAsA551RVpChJ0yKTJIlzxvKcSKheq9m2bWh66Cc0K9I003VVNRTD0JMk0U3bqdYq1Vq9Vo/TOEqDNIkVWdE1I1gsFYkgKPxFkKXUttwwjLMoDIIAY1xrdQnGse9zxoMgipLYsgzKBBVcQASA4JTFXlBkRaVcEkJYtlmwggOQpYmgwNAsTBTTsnRd9TxvuVgITpM850XBGScSAgAyJoCEsQI3t9pRHDqqnsY5LARkPIkjWVY1Sc0z5vtpFudJEMsQSrJsmkae0yCIMCKKbjRLbq3q9PojAhGBUDMsU9cZ5YCDxXyOIDEMy7LVQgjIgCSZkGA/8kxD1TTVKdm1elnV9aW/jGOfZdSyTIQYAIAzDiCJ4yBLU1XX3UrJ9xZxmPhRRIhwHYtxQAWXJLjWbr86PovjEAJouyVZQmnkM8ogwmkaA06tkikw9YNQkRRWiCQJEOQIwzyPaZESgLighmEUeY4AaDVWQj+IojjLMiiYLEsIw/Fk5hgGhLhI8yiK3GqFKFLo+3EYpXFqWI5EZCYgLwrTLmVFFgaeaepJVqRJqpuypuF3X7vvx2EiqARQEuXNeiWJI9MyASRxXADAMQAM4EbTfutupz+ccY5Hw3maZJVa+c4NJ4yLg8Pc1NUsz+IkSbNUUyVNVTRF7qw06jU3DNM0y2UtvXW1/PI8Cfz4taur//Wf/cG/+sGffev1b3c7K17k5Wj5ywefnvWnBIhayRAsLZmqbSiU5tVa6Y3XrgVhenzez1mqaiSOfNPSAeSv3dpXZfTi6IIJQTNRMDmJc5ZTfxlCjoEgpm6+dffucDz0ggVCIssjzVTanZIsg8l4vFgmEAhZkUxDsks2L2gcBmmWtxvNsmtAUWCCGBNcSEXOF15YZJGqqZ12ZRFF9ZJOFOdkHLY7HZ6nMhJZnM4WXtk27924aqj6B7998Jf/+NGD5xdhXIicRoE3X/oL30cysVxN0QilQpbNKOVhlOYFhUgQBe1f7STp0tCj/f3qbHLZqCgQ02bVTONgf7derVUAR5NZ1GybW+vu7vqWaVV+/smhJGvvvt64eaXz8Mnw8Uv/bIRGPrnwwFePv+rU8Zt3rkEi/Cg86c28IKu42s0rq+Op//DFZcFZEno5TWUVmlJad2ppQT/84lmUCUOVqJA67ZqKmaDw/LLfG4eff3nMAN/d3dQVLY5DwDMB+MWZP58Vs8GkZNsCKpbbJDJ+55074/FkNBgv5z6myUVvFlNANM0LSJ6zb7y+vVYvX5yNJ8uw3bC7jXJGydwLV9ZazXoZAygKUa1Vr+5vRfHJ04PfHpz0DJW6jikpBsFc8GLcw5cXnNKsoCnBZH11n+ZZ4C8IVh23vruzt9KpaYrieSEiaLVbj+NY04AsodHEu+wNLy8v4ywYTvq94dlo2I+TCHCaRUmRFWHqRbHH8kykNM1iL5xHkR8uFnkWBYvFcNBPklhRFISkKM5FQWkeFzSFjOZJ2h9NgKSr2s6w/6LSprSA/ZOhpcmel8qqMfeCnFKM0yhJag3TceHZ6XkW54ZKAAAnR2PTNdJkQfOcFqLX77/sj2OG965szufeYjbttmwFq4pKrt9ci/NsNLgoskxTtat7a1HCBtP5Uf/sqH/x4MWTZ0ePlv5Js2ou5rmq1jzftxyTseU8GPz24WG13uw2zHbFbVfqosCSJOmGm+XQj/lkNK6WjZVmd3f32pX9/elk4C2Gs8VyMY8N28YIGo4haeaL00khxGtv3wrDRFU1xor1dknQ7MXh2WcPT2S9cnLab7Wc0aAnELv/eifJwbPnPqAFhrAo8iSPKGUSxrqqc0ZVWcoyUK1JnQ549TJQFLlcLkURyrNka73GoTmeZ3k4L5WUwF9wXqgKyrLM87wwi0uuaZuOXV1cvxI+febOpmrOlgIxx1RsXdPUUrclb68xIQmayI++nFzZdv/Zeysvnw8nHq12V588H+12iv/z/+79/sD73/9f/mrmo1a1XncdBLGmoGajWFl1y24pCMP5Mr5y9fbKyuagd7pcnmAil8s1DtiDB4/9NB9MFnGSYEnLwxjALItCAehgOKQMDMc+IYokqQBKvh8DKirVUhBOP/7ki9F0trqxKqkqL1jFajnaxhtv/lBTyi9ePIkSr1ZtuKalSHAw6H/56PDkbLi21skzkCYwDIv9a3utRpvmrF2vSCR/9erI91m51onzdDIfvDh4JDnk7PLCRK1bW7/rGu3nxz8ezh7bTuubb72fx8qzJ4fNelmVZQlbuu0enb46uzzEenZ89nTuLREFjLlCyESVsAR0CxweHvj+fHt7ixDbKbsn/QdfPv8qD6Pvvfd9ValJREARnxyfarrMBX960PM8ut5dRzL4xW/+9vUbb/3wO/8lykuK4sSBHyS+UyZ5nnW7lUa9fHJ8Vm91ENbjpLi6UX//3XuWwm/sdnc2m44uxX6SJnht645u2BByyqiqk1cnvUKgTrtTLpUcq57EhaxKDHJiNA7PlpKp3bt7u0gnZ/0HimZoSnm6uOBsMZ6dXM76nzw5rK50vYW3sb4FmKqq1bJTch0zjT3bMZZB8tWjl4bbbFS2oliazebz5QJAtpiOIcbPX76sNVqNup2lSRx5WBVfPPjSUCtxQg6PDiIaMS6iMHZtK43zRr2xXMSBn7mOK5DVaK3VW7Wc5jVXBzBnBIVZUqtaCkIsSzdXVx2rrJWcy+nUUddK5uZg/AXnfpFRA6kCiAdPHxIdh2Gg8co/+8b/Znv1PcSUPGZYgJSNP3z+059+8YzVPqUAACAASURBVMud1fVrq2uGYtVqJV2Hz569GE4WGJsykaMkrlRKhqzqWF/r7DlWGwknDqU7t9/e3r0uIzia+QjordbOfH5+MTunSOYpqNd2S1ZtGVxM5xdJmnZajWajvrraitPMdMqqbqqqEYdps1M5Pn6RUjbozXZ2NisV01t6rmtKSKtW2obh4OpGLU6L6SQMkkLStTBMGECXg+Fo4cVptoxDDkDOSOCnhmKUSuU0YRgrCEthkEoIKapMC+q6mh8Ggos8p0KwLC9Mw9RUfRkGHEmGaRmG7i2WgnHOhKCFpkmyomiayxgvaMEKVmR5lme0oCADnAJaFLKqlWp1BmCaFVmWLJYLbzHnHLilMstzSlNWsKIoIMIsyyAEqkx4XriuIytqmKQyhF4QK7Iqy4pmWUWep3ma5TkHMM1SAAWESJfVLIkF4KqhsSItBBWAMsptx+YsDwLP0jRdMVmRQ8DjMMIIKJpEiyzLU1kCsqYLwSEShMA0KVZaK4NBzw/neZKnaSFjiXPOKeWcMloIhJCMBAAYCMFpuVLWDSPwA8F5UXBVUbEiNzptScKQ0yKOhv1eEiWOY1u2HcahgNDUTMYhRJAWzNDUOEyFgIpuGI5LFD2PI10xbdOpVhoiz2mWYSrckttdW6c5FUAwLoQQGAoohL8IABeSJimqKstKHCb1as3QDV5QCUHVUBRdkQiKooBmzLIcP8gQB2kcqZosEKKMcgTrNdcypdFk1Co5s0UMOUzSVFH0SrkVJxkhmkRMGctQAIxJmuV5zjgFi8Vc0rSsKN64vnU+6I0mCyigqWuaWVI1LU+LwAskonAB0iSWZWSX63EQ+34YBHNCsGPonBaua1BWFAIywDTDdMtViCQmOMQKIXKcpbSgEABdN5AEszzxlp5IcwCFrhsAYkophOLNe7fjVMRJxhlTNbnRdGieRkFMeUYkZBgqkChEXEAiKFvMZ4xRBHGSxTSnABABMROcYFnGUlFQxSxhSQ+COEliiBQOREHzLM8xA0XOBAeSLGEJF0We55QVwjBMWVEVRZGIpMoKZdT3fQCETKAfhrPZrFyxkSJu722tdVcfH7zEsrSYerZtK7I8n/gI62kh0rSAgOhOHRPx3/4Xb02m0XCB8ii1HF1gtNFBrEDPDmIZizwOsziBABLEVZXICjJ0TFk2Gi3jLNveKVVsrVla/a/+5I/+/Hs/WKlt0oyPlueHZ59hBR6dHi6D4BuvXf/j33nz21+7s7vRunltY2O1maYpQtLdG7u2oz9+cRLEsSShosgdx2CCF1m+0mzMFj5HkoAKhHhrte0tosBPEcZxmjm2udJpnvROTVvOszTLUt0knXaJc9i/HEqySrNUlommyDkVRS6AUOIs0xS+vdGxTMMPEs5JlgtKWcYFhkhgGWMJSHKrVrm2efV4OFE1JMPM1qU8jiFlsozPepO/+/Wjs0lo2U5ZUSf9sWBMkhBWcJIlAhaWpdOCE8VME7SYp2mc66oKgaAsaNakMJpYZrHSla7uNTQ5Pzsfxt6iVla7Lefp47MotbCsb6zojbK5v7EdxXTk8W5Dfe1WfTxBf/VPpwfPFzQVgsI4hfNlJPHZ7WsrXhB/+Mlvnh+eFgXFKGs31G6z8fDJIQVS4HvtdrlcklWc7m3t3L5x4/j8iGNFkbAiy/tb9Tdvb+dZjCX8+PHhxeV8Z33DsjSCM8/vR0lcqTgCitlwQRN+OZrpRmnhxbngusK6nXq8XERZ0qxWzy7HKyudVqf9/NWo0XDfubszG42fPTxq1tz33r056Y+eH0zr9erudnfRGyNKFNWolMuBP7wYvHj07JnuWFe2S5oEWQ4xhOEymk2cxRxJBNA0xgjVa904Wo4XY90wr+5du3Zlp1Y1682KW7KCKE7TDEpkc6Pm2NqLV6MwiCjNsiwZj6ZhFCSFz0QSpXFaJHleUM4hBCqRJEQIxBBDmueMUokQwFmSplkWZ3kOkYKwhBGUCARciILHWbxYzNMsE2q73l5xreNq3ZCgGi7DPKXlirW23j2/PF8s+t2mu7NZ61+czGbL9U6923I4o2EQlysG4ImgrFKuWmZpMBxwGVIhLi77rEi6Dc2x9FLJ1XXx8vg4y6Kz816WF9/59tum7RwenlvlUkG5ZthYklTX+vijn22tN/Z2byiScXl+Iktpf3T67HAY+f6NvbbMuIb0Tmd7pdMZ9PrVamM08vM4e+3WJhbCMuudzvpHv/4wzaLVldX5dDmbLWUCNA1RWgyGE92UTUuKkmBtrX51t7WcDl696l0O4t6k+PzzF1HCdna6EoGyJFdqxHbYp59eJKEig5yxoshzDJFCsKLIkoQIghTIa9vaG2+XXr5CiqIqMsGS+ctPH5cs5a37u08PemmBajXLcbXFbLq+UlMM+2Iwnc4ntmE0a41Gi+5eXYZx4/kzCfAgyxMFwXAZFYz//u+v9gaTlIrdrfrp8fKNN9qv3as8fDIaDhPdIW9ckf/1D7f++//w4H/6xVjGJqQ544xDGsWBohR3rps3rnaazcr5yWWaq7dvvO5Y+tMnn8yXl1GcV8pVzTS8MBrOZpOFX63X67X6yatD1zQN3Xny6GWz0Sy5jfEwUGXDttzQL1y7sbOz74f+i5cHr84GnBDTMfrnw5rdXG3f3ejcj0Of0vFl79V8PmOpt1KvmJo0mfYvB9NWZ80wrHK1XXZbMpElKEFo2ppbtqQvvvh0MPJ2d65SJiaL6auj50YJyxKzUfnO7h80K3sj/9nDFz+XZKNsbBp6kwnzxbNn21sdAiRTr2iW9vmDTw2LlEp4OjyYTaebK2um1SWKNRj2L3sXy+nL8aRfLrvlciXKwDLojbxXlCXXNzfffu3rhGgPPn+Qp36eF6ZhyLI2Gvo72/vdrZW//Kt//9q113//639+eTpeToeyLi+9CYWZYULKi1bDCrzJZLxcX9spV1aigN6/vicjaXBx2R9OLi9nsScKUFnp3rDcsh8Gr14dRoH37jtvpQWfL2NDVUxVVoRacprBYj4d9y4Go0EvYFS6evX642fPj14+u7Zze3v3rXp1JYs9gulxb34+h+PxUiVyq9JxzLap1+u11vNnz+fzGeW5H7K5l4QJtezG7uYtQ3UgyiJvJHi6d2WFSNQpmW+/cT2LFljKeoPeMgodx22612VszMPTrEiSAi0Xy/ksMW2bcTCbeltb66ORLxOF8bDXuyAop0WYJHmeFo6pzPvTazubrcaqN88X4eJiNjFJs2Jtvjj86eqKu7OxIcvSYHGZgTTygrJ2/Z03/pskdC97Z3lBIbKYFP3k4d/9zUc/32p3v37nliUb05FXLpmDi8uDF8fXr12/eeNe1S1jQLbWtta6O3kMR8PY0Nw4pIpehYBfXvTKtmqXWmvdKyzN5v7JxficqMa4N93Zulkv1WbLw4XfNw254hqcZ6ZGLnuXYRxVq45MhCqD5wePZv6y2Wk2W91ayWQ0HY3nWcQdo6PqZUJkXF1vLhexpplIIn4UL/0YI2Comm4YnucLiE3NREAJlpGMMUBKtdIsCpBlFGMiyxIQgIlcIiDJuaaahRAAYkm1NNVUZDWjQtVtCEWSxIEXioKauoYgAghrqq7oBmOMFQWEBHCBERYCJZ4PAVdUrVprZKJYLmdZlnGaFzQHlJXdEsKSLEtJksVJnqYpozyNE0WRVVXFRGKCI4zSJGU0zXPKMpZnKSHcsA3T1EzTjOKEUqqbZqNWz7KEEMmyTYCBaRLGmCxLaZw5lpVmqWUaMlaxpCwXs4JmjHEBgKKqiqphWSFYcAiSJAYEsII3a03G2eGrx0XOfC8CAmVpLskSgjBK4iRNoSwLhIDgeZJjSSoERRjHcRIsfQ5AFKemZVFaBL5PixQjKBCI45DRDCMapyGjVFcUTdftUkWRlDSJ/nNRHkJEFEnSjFa1lmWFbhpEk8aD88T3Pd/zo1Bg5IeLJIklVUEYCcZVQlhGAQBExqphxEkSx6luyghBxjgiBBGCMESA06wQBSJIWi48miWCMcPUiaQiIhecrm/VoYBRlO6utk4vPcgg5QAhuVytEYSiKNV1TVMUVZKzJMnzHDEahQHjImdwZ7V578bGZ09eIkFonquqihVV09Q4ykI/QggijIo0kzFWDDOLIoxYluUQSAhhzoXnBWmWpWmGIJZkzbBsDiCGhAOMJWiZuhAMQJBGYRQEtmX4y3maJLKiyIoexTHnXFb1esVZX9948uyVoHkSh5al6IYS+D4XTCKIigIRJOuqaVmp5/t+IBjDmDBGAYCOWwuTRHCGABQcxGmmGE6r1pxOJyrBCsFcCAA4pyLyl4JBSSK2o6d5CoCwDNN1HYwRxNjQtDRJEOQCi/nSz/MCYSgrcp4Vrm1Szsq2utfZGozHR6NZHCSlkkuITAsQBGmaFJyLLKdYUibz6OqWc/P6xj/87AXCqmlKkGjXr1qzRfz5w4WK4Ww6gxCoqlIUhaIrqo4gpFmWB0GiOnKtjG9s7v3hd//CQBVaFIUIPz386O9++3eOaax3drxwaZtSt1HKivwnv/z4f/zRrx4dXD4/nT07mx1fTIaTcaWiJ3nueb5lm7KmKJBJshLnYn2ttbXRPj0fLaNsrem8eefKb377UgDJ1Iz5YrG5VjdtHckIMDEbTvwgaHWqXOTjSSgEHk1mAgrFtDBREFEgxJhg0yTNphn48WQc5RkUFOaUAQEk1UIAaoaJsKSY1W6t9Nr+lZfHr9IkziOv5BiAck2RMyrOB8u0IHEQJ0Eq0owJVquU969u5XlKJAB4LigNE+q4jdDj83mqKbokkTTNLJOo2GeMQpFf2esaSoIRynOBuXjnzX23bD18Or/sJY2m1apLlm7oBH/+7Gg0Deo2vuz5nzwMZkuFC1Stl5GMAA/bTXRtt+rayjL0x9NBu+Hubq9srNWQyEAhvvnu/d6gxwDXZLa+USWEttqNTrNTds1HT59aJXs5nW51DUcDACPdkAsgxxFrVGue53MedFYqecEVSTZUSZEUXZYFwJjISVT4QdJqu3evbyGYWY4y6F/MlmmpXJY0q9f3aiVy785erz85eNm/cXXr1q2tBw+OPntwUSsbr9+5Fi1iGYO1jXYY+ZeT6dloLCkKKfw3rq3Xy+XxYOKU9DTmJxcYAJNmGS3ygrOS20qiMIj8slO9c+O+bdpxnBimXhR80J/kTCy9sF6TIMh/9fHzvMjzLJov5oEfAQGgYIwVlLOCUSJJnCOCFRkhBAQmiAvGCoaQrEgykeSC0iQvmACSYsqqIUmIyBgDRBAsWJZRJlg+X/iSUqvpOYa9Fy/6OtIREATyr71z3zQ1VkS7u+0sCb96cPTlVye6qpdLZrvdiPzYNPVSuSITfGV7rezWNtavaZicnx4xVNSbZdMEtao9nc5Ozk4ePXu5d3Xb96MkSht1hxbk6fMT07ZazWan3txYbYVx3BsMj4+fX9lZSyOepannTymLT05OKuXyarchy4ahVlc71/wg7veGQZJrpu2H8cpqk2eiVtuK0/xieEEZ395cF4WwtPL1nZubjb39jRuv3Xr9rdv326WGgoUuC8Hip08PD14tDbu8WGSjoScEaLZURIvh5ZhDhlG6d6X56LFHgMxpJihFAEoEYwIhQkiAtGC714ybt7THX2EMMBcsTZOpH706m77/9u7NK1UBze5qvdnQRR7u7zZsp3J+ubAtWSUSBNgpg70bEQHGL3+aEBgzlhuKPBpGkuS/9kbzs6+WgOP3vtGp1IztDdvS6aA3cV200iSv32v/3/7vn/7si2S1XkJFHtMMy0QvGQSxdsvcWjNVjFv1ZpTkWLJa9Zq/nB28+DLl6fnlJAy9ZqfRGw4hQlGaZkmUFDHC4vXX35Rl6/nB2dX9a1f3b3AGEj9YXenwTGyv79y9ezvyvf7lOdb0Zqc+G83yQGx171/ZeH3Qe3p2+cXl5Jho1rPnZ9PJMImGEi7KVV21jK39rdk8lpC9tr4TevHBk2OM7Garft47Pb4YbG9fabe7i+XixauXmivXKzJJ6UbzjZXm7UVw8vDgx1hTbl9/d3gZV8t1y1YJFuudVhxyWbeX/qQ3OKvVyyWbpNFQMNqotFvdq8NxOPUWZ5dHjSooaNpur5hW47w3GszPIhpc2Wo3nRYG9nA47p1frm2sVSoV23ERVN1yvbXe/eVvP3jtyhvfuv0Hi4kvRKpbqNltMR5d9I96o/NcgFHvRJZIUYCC67JsJwlwDLNVX5nPljlF5fLq3Xtvr6zsQJCPxhfHZ5ePnp0cvDxHkgLlymefPMriENC06hoKlk3deX7wzA/8y/4k8DKaBb3zU5VgxzTqtU6eEZVYge8H3tKL0pXVVQzVUqnFMqLrpShaHh2+mE6HqqGYdkVAO6Ti7OQVK9LV1ka5VFUlGgbjck0nClx6XtWRVJn7y3HKGCdqRtOV2pVvvvW/0mXt7OIRw1zWNH+RlmsVWhSaZrSa5UF/vJgNBC6evDgCiGBZG888KEm1mnt5OZEItt1urxf3pue666zU99vV/eHko3rZ3FjZWPrzhXcch+G97e/f2P1jDVYu+s/8eK7b9jKd/vLpP/7myac6lq+tr253VmbDiUyQa5s0E47lNpp2vVFN45BgADlYW9/LksIsO5quAYCjvIgi/+TseDw4wapTLjUA9D/+8idAQVnKDMlsNpquqz5/+XDhj2Qdj4d9BAooUsqywXgY+ZOqI5Ur2uV4+tmjV/VWpWSqZcdZzrzJ2F9ZuVZ2G09fnT9+8QI3N+sIYwhJFHie7zMm6rVGs94GBS+KQlctTdIRlObzBeCMMREEYU6BoioIY4SErGimqZRsLYpzx7ZVVUvSlGC57LhFni89bzIaSwQphMgESgSbuhnFSRSnWJVV3WCMAsAkSUKMxUEgIQJYYRlmrd40Hcv3vCJPeZE7plUplVQkqTLxvSUUVJE1ljFGc99bKpKkyLKqq5iAjGZLfxalYblsFYyHfhBHYZIlqqkChBijiqpyLgiRFFWhTCAsQ0KAhEqOFUQJp9QwDUPT/SCs1ZtRkgfBcjqZmaZbditJGlPKAYaISGmaRElMOdVVpeY2r+5de/L0IUI8jjPGOQeQYAlArhoaEAByrllWmqVJFLGcYixLMs7zPIpjzmipXJVlqRDFuD9FAFHBiUIKQRVNsyxN8AIAwbK0YFmeZ34aAwSEYAIKVdchEEkcx0kGARMICgyyIp8NB1EQA0RUy0SqOptNIUS6ZgLA8zhGlBGMiUywLGMkx36QZamiyJSyLMsIIbph5kXOaCETLQ6LNEmKPNYVLCtEAMA5R5JSa7qNpj0ZLizNvLqz9ujVIIlSiIlbKqmq7i38MAh0Q4EYJHEQRRHNUwn958+X5trKn33v3WcHRxejpa7IikySKF0svTTNHLcSxmkURZqmIIlYlqmZehx7EMPtnV0BcEFzWdNyAdM8C/w4zzOIIaW5RCTKBCFKFPoFzXVVhQLEYRT5EZFhveoSLAmBcgYXnk8psx2b5tH2euPo8OQ/cwGEVNOUNM0oZYIziJBAhCjIdpQsSEMvZkWOBE6SxLbtXMBaCSEJY0gAwFiSBASAs0a9miaRRHASJxLRdFlLokRAqKq4XnPSPEUIIAyF4N4yxFjGsuIHEVHkSqOGEC05EiRM001dk8uuHmd5mno3tnfq5ep/+KcP4lw0ag1FVdO8kCQyn3mKomGJKJoMsVSvkPff3faC/OBoQRDPGL97s7r0s998PlEITnOa0wJLGCGBCHQcBQga+L6qy1ZFXauZ33v3hzzWKA4H8dl/93d//dcffsJF8a9+748ds354+lzALKFpbzq6mIx7Ix9CXdWM2cIHRNIMhbM8CQNWcEzU3c3yestmDPoJxTJeWyktwyCI0r/4g68FYfDz3x5qisoEVGXla29cE7wIw2g6mFqGLgSAGM5myzhOVjstQIhpKqZlyZKcFYwQVi2ptYpxeT7w5qmEJM45EIAyXuSFpqpVV2m3XcFYnBWOiV7bX3/y9NmLk8s8CkMvuLgYpblwSnUshIq5N10maVw15SKNLFOvlu08C1a7eqOsmqoeeEWjWptMwvkiKjulJEk5BNeuOle33dFwocgaLTJLVS8Hy7kn/IX3xv2rjlP51Se9y56/vVNp1VVD0RbLxUdfHkoEFnHy9FU6nsLj0zHCqu2Ym+v2tQ3lm2/vdlv1nKaKLLum/s9/+D6CKZZ4nKSBx29e3X37jeuxN7h1dcXSkSLDvMiTFBpQY1n26ugES1iTWUazT377LAhzopiXg0W9XomziEBx796upmvz6TLPc4VI7YZl2bjZrowHE9NSd3dL5ZLUKtlPvvpUNaXZwg+jMEqKyPdvXauWDfXw5OTVxbRUKnU69ZNz//Boubu1sdJpHD1/NZuPFFO9mCwmiwhj1LTISqkMUkU3W5ph6ZqeRqg3kGghwigoWIGwXG9uISjmS79WW6nX6wCKyWyeJCmWiMDw/Lx/cnJhl0ClSn7z2UvPmy+X0zDy8zyVMBEAAkQEB6ZuEkmhFKqyLgDLaVbQPMsyhiAVDCEsBAeYSDJRFUOTTUVW0jwmGECMkACMQyq4oSqaoZhW9969d/zxZ2eXF1W3Uas4Z6cDzdKDOJcIrFT00Xj+/HC0jOTlIu33F3HMLnv+yclsOJrlaWLICoBVgrt3b33r+s5O5PePT080FTslUnDeGwxyINY3OvVqZTBYTmbxk+enGEgXpxdfe/tuq9OMlguWpxQxKOPIG3W6LQCBbukYC1mmBWMLjz15NsgTUHbWKIVfPnzkpbxUr5z1p72zvms2d7bvMB4dHD5e+l63s5JExb1bb15ZvXVl701Dq1Sqq9sbN9rNLZWU7157q+raw2F/NJs5FdeyTchZpWK+9vrqYnQ+mycZk6bz4J23u0mGXr5IYZHJCHEguKCsKCCSspgapmHV8pvXxG8/jdMgD+J5kqaaqilK6fTy8gff3WpUyHDqJalHcOHaaO75ecbu3t1hLF/M50xkV+4mtsV/+k+5gpRG3VxZWxuNJm+/We4PJ+eXwNLRxrbaadqqikCeTRf00cH8wwcjRKyPv1oQRgVNsqLQdMW2jNWVjiJJ21tVARfPX54qiq2a5TxPVSmHgE1nfcW1nxycJ0UhYHFxOYpCX5KRjEGSZlkSbm5tDoaLT798tL66vb2xPRvNw5mn67qmGmksEJDGownlWaXh2K6beuLq9tfuXrs3Xj7qTR+cT84ky+KSeXE50zSJ0mg0m0AFRwUlqtK7mJXsmmlo09EIYW1rd5vD+MXLZ6rifOv9b03miy8fPxJErK2Xyqa60byyu/l2Usw+efCjqAhv3XwXc9ewy+2W3WiYSRxipPkx9wJ/ND41HbXdavvLmUyiJIlLbkfRm3FBLi4vF/4oj/r1SrXb3HDKzfPB6KB3DkS203JZxDfW1tZWGpVypdlqWZYbxiLLQCiyn3z409d2b33v6/+SZ8RwFMs1HctYeIvB5PTl8XPfn8/nC8ByiUAiqxe9GQCy5/kK4ivttqE6DJQAaohUjKejLx/++rj3lEmE6PbU89Y2W4ZlNDoVXYOKjAUNizwoiqzT6bSbzSt7bcti3Y6hyaDTbTfaHS/MTKMS+LRVazu2KZhQFA0AOQ4SAjhmwjVVArNyzZEUMppHc68Yz31F5vPpmeeN1trrzUrrsncRRMvlcrLwlqLwZIVxBCZe9uxwAACRkHZ1/f2tzjfLrnt49hlWiaw6ii6ValUIwe1ru4JlgAV+4r26mIymYV4A13HazfJ0Nnp1Oio48wIQpcp4fm6VzYazbqptP3nUbTfDZTAcndqm8503/nXbuWNqFkEpkVCtWZ+nZ/+fv/9/Xswne93NtmWbioKAWO/Wb964Wil3ZKWhW/U4G//4p/9RVWieLRbzi7PesaQUOQ8W83mWxZub7TCczvzl6dlZzmRNQQdHnwy8IZKIJuksA4pqHZ8dnvYvhQR0W/P8UCbo2rW91W6tP+wvZ+NOo7S63nj+8uRiEjqOsb+zqhLTXwDNaKysrMd5+KNf/HQWLnF7uxmnaUFpqeRQxvOcESyxgiZ5VqQUCIIAAELQgkIAOeW+H0CJEIwgwgQjTEi9oms6mnkJxhAggBGazeYqQRIhtKDL2VxXVAiAJJFKpYSJFEcJwkRRFElRo8gXggJMTEVJk8T3Qsd2yrW6opkYY4KQ5ZhAIAwghjDPE98P/MA3DdO17CQKAadJFClEBpjYZWvhz+M8U2SS5sH2zoqimuEyFpRJqlxtNgqaJ6GnaTKjuYAozyjCGADBAeWgEDxPs6IoMtc2BRBJnNiOnaWZv1yyTEgYabqsSCSOEi/0kyzL0zhJqWmqgIure9eLIjs5O0zjlHNu26aEiYQxE5wohDFW0FzWFIQAL7jgYDKempYpyQQwrmmqaqpuydE0PQpixjiHolxzkyxRZY1gASDTDUtSFcZZHMcZpVwITIiALPQ9iRDAEICYpTkHgKgKgmg5GtKMyopqO3aSZIwWlqlLBCoSzpKcYLnWaHfW1wGEcRTmSZLluaHrUABMpGqjJhiLoogzASDJsmI2mZm6Zlt6SrMoyTACAoH9vTVZJpNpYKnS2lr1oy8OAReSrFZrVYTgcDjEBOqmsgz80Pd5nksEGLbJgaiX9R98+7XRbPabR0d5SiHnjIksK8IoDcMgzmi73WGMShhqumI6WlEUNM9VWS2VzGC5DL2woMwtu52VliLLpqErkoQJkSU5zzLT0Bgv4jRTNd2yNc4YK5gk41rZgkhQRvOc5zkXXJQcR0BmKEDVlYvBQtY0TpksywXjEGEgIIAwZ0CSkWlKLBe+l7CcS4qsKjKXnFYd/Zv/8t6vP78AVIIAESJzCJM4ch271a0dn14UOddkSRKCC6ioWrVu5nkcRZFhaozyvGCBHxmmBRGQVVU1VcpFkUXf/+6Nu9fN4+PhbJHVqpYfRkkW3bq2tt3de3p02p/5EoYSiNDT8QAAIABJREFUhqPR1LW1UtlcLpdIApZrlOuVUsXcXdNXGqWf/Pqx6ZQXC+/mnsYL/uEnY41gIETBaMFYrV7OilgxqERoHPuqjjgPv/vG3Sur15GZ/PSzn/zbv/qH02GMALy323p957WFF3z58sNGt6zpRIJZt2lN5+F46I8GU4QBBAJhVDCKoIhiJqH4T793u7NSPx54GQM5KyQNhWEsI/Cdt/YfHhx+9WQABVz64ZWd7jtv3QmT6OKsf3E22l1fy3MahslouAjD2NKVMIoXy6BIYZ5wzmmnYULMLy7moU9twwIQA4KxJPtxKgRrNIw7V5trq6XheNbvLzFk779+5bJ/8fJipCukUqt7QQKxLCNwd695/0qLJ/FkHjZqjTjOIYQ5jW1bvn6jKeNk6WWLeYwZnM9DUCCnVIrzwnGL21e1ZsM+vYxoxm3XJUTKMmg6FVvXCSQHh4Ozy1TR9W5b2Vl1bdscXkzCuNhaqSwmSVLItlPCsjUZDK/tNHZWtZ31umG4mmEIzqEASRiVXOvHP/vN5WBZ5Mg1y5SBIMxkLNY6LVM3G+0V3S5PJsvlPLl+9bqqo4jHrqtxiF6+Gmu6nmTFqD91LXL12iql4cZGpSiYABhA1O9dYphVq/rahhvFC8NS9662z89e6TIggGW5n3IQJcXSD8su/s67W1ur9TgJkgIcnw6ZAJNpgrF2/dpWo+GenhxpJWMa50dHo3FvtF5zvvf+O6vd63ZpT3dWTo/PHj5+EqYwiCzfj8I4jqJYNYxqvet7Uy8MDcuuN8qNhmPqCk1yVZeHo9FyuRiNRk6Fb207H/z8YDqZBMESAQ5AgTFilAkuMEa6KiOI6o2649iEkDiJCpoBATIB331zizOcpSDLI4SQrVsKxrJGIOJxmqmqbldKTMAkS3lBXceRJEvRqhIfRuGrt+7fu3Z1d7oIDk56T5+dpEnIipDlRbnWTFNKmdwfeK12ezKJK5WaJPj1/Wvtzp6stW3DAIyWS/WNtdbpyQEixVqzDqGiylKeF5WSFafZVy/mj5/NXLcKAVNl1TEU19XCeLkM55VadbZY1MpGHM9SuuAgdx2r3bL7w9lPf/F4EWY722tb67uSpMxng8lsLKk4WCwUrty68kar2Yyy4dH5q/P+PIjJkxe9Dz/5krMlJeO///Cf/vonf/Po+ccHLz8TYNZuGuVy+8q1G7rO+pcvFV0Nfa9W1W7dWomjULGcy/NoOE3Xdyrbm82/+9GzIgNApBwyzJCuOgwoQhQACLMKbt+Fv/rNLPJ5kYc5ZdduXEVcBAkM/Mnvv7f26uT8bBBIulJrOOeX48BPK64ZRH4SLjlga3tBpZw9e6yEM93QueEaX3+n/vbXai+PI87l7objlIEkYUszTo5G//4/HR2f0dEyfuv+au9yPB76kAMARMUuC86xAmQJKmrA6fRiMLlydaNgoFkxu21n0OvPpv2DV8eVZkfTsesai+l8Z3Xt1u4bN7bfspxGFE2jbDGaDbwg2lpvlRyCEF3bqEMiXVzOIdHGo5ntmhAmy8WwiPGV7W/VSutPX/zk0cEvgniRFGg+T09PJrIk7V9ZkzT50eH5+dh/8uw0Culau9uqV3x/LAQt1eqKLB49++zs/HJ/fz/P8r/58S/GS69WUaLZtCTVrm6/Kcny8dFnXjjb2b1dxLJjlVfXupalPXvy+ODVmaKWc4HPzl8dnjy6cmXX0hxvuUAkEkgejEK72mSCKxKo1RRXRTRBlr7i++Hz0+Oji5mtkVZZr9gVUzfcsiug/PLgtNefU8weHT39f/wP/+61K/ffe+2PR/3ILhle4OV5MVvMfvLLn069CVFUibBh77xkqp1Wxdb1XCDLqYyGi+VgdPbqVRpnc49nTLONddfYnI2SSW+YJB6SOUV0uhzWG7oqF7SI0jiIUv+y/1KS2N27b+7u3Dk+eR6Fg0pJM0xFVlUBpf5oaWgqzFkaF7ZdlSX74nL2/NmRaVlbq01VlgULiFzMF6M4T568ujh4ddluV3dWS1Di8+U5AMX66rUkRWmeVKom45QXsW0qmqn3xv7LV4vpPKhXSlV3Uxba3vbrGUtevPzUS6N6vRrGxeXJWR5NDYUrarZI/JPLKUK46pjdqs2KIBPRcOZHOVUUq1ndRmjp5T2UmTQvp8Xx5lY3z/M0pPeu/R7MammSzuc9P/RS6n3+4oO/+uWPPn92fPvKtbdu3u42moG35JxqEmIMB6mWxI1m80aSLY97XwkSbGzXUxp8+ugrhos0CQIvALSQJDoc9jkSrXZLU3RveXHUfzIJgrJjBXO/Wqn1BpPxfDYPw3rDnk36pZJTL9tYsI21bn84hIjbhtRslqaL8HwwqZdcixixZ0JYhZyd95+fXDynIHNdA69fX/M8P06zzsoKIarnBynNARRJQRmny6XHueACEiwTImNFdRwXEKyqulOuhqGfC7bW1r3ICzNQFDTjBRMIENnQVZrncZwiANM4zFKa53lBGUIESyRJUixBSZV9b4EgUHU1z2IohGWUKOUcopzmiEDT0NySK0nScrHAgCVpkcWZphmQI9dxbMdcLjwIcV4UcZ7pjgGI6i+DaqVUrVU4TYkkL8aLIs/ccsl2zMV8YWpSzjNZViGUvaWfZSGCSNdkSuMk9VRdx7Ko1NzZaEYZ00wzTaIsyjCAEiFA8IIXApGcFmnBoQAII5kQAtWtte2DVy+Y4FkqOAcl1478hFEm6QpA0PN9RZU1UwOiyOKEU6HIMiEiL1JJlomENUMXlBV5ISsy5yxJwlrVoUUeRwnB0NA0SBRVUyCGURyZthv4QZZkhECMMc3yJI4xkjMvLIqiXKuqhrEYjWmaaZpumIYXhqah6rqapinguNZc3du72qg3gjhcLKc8z/I8wxgTiRSMKoZhOU4SR+Px1LIcxqiiy5IqIwJdR9VN3TQs3VA55vv7a5NZFPqFLItOq/z5V6eapBJMNBXFoZ8Xie0qAoo8y/MoUXVsunacpPeuN//od97wo+Wvn5wAINGiYEUxm84n01lBGcY4LbJqrdJuVT1/oWqyRJAkyWmUcQYq1RJjnDFJkowoimVJNl3X0BUBgISJrsq2qRa0kBRcKum6oSDIoOAywZTTalmPowhhSTCe5YVqaJqCEYZRtLxxfef0Yg4YAJymUcoo13XT0PXpfCkToqtyXiQSJGlMIQe6qiiqOw2KP/1BUybhz34bqQJFSWRYSpwkCsEX571GoyLLaDhaKBIp8jzIc6eqaYbsBSHCgiARBmESJoxRRCRZViVJQhCmaREExUV/9IPfv7WxYY69yC5ZgR8kWby/V1/rbGxvbv30Vx9jAiWQjobTgiZbu1XOM0QIENwpK4VIdRS5Ery22/3y8Umc8ls7iGXZxw9mMs9VVc6KolS2qciIyhwbQphYhgQJV2H6/W++6VSMv/7g7//tj34tKS6GtGKxb79+d7V583j49Hz6rN11Xz5+oUoFIfzLR4Pe2dIp2ZqFC0B9P1z6oeFYisy//621tZXSzz89m3kJIXg6mU3mEwjFte32jd3Vn3z4aDQuIGdZnt642haCRFEeRunZ5eBb775dLtWfvDwM0yIvhKaZg7G/9NI4FRICb7x+gwP84miWBFyCkBVZnNNyrVZp1ZI8qVfM/b163UpXujZlNOO8XnO+/tqVvMg/eXZGFA1AiWCisPRat/LGja16tWTKsizrY4+Oph4HQNNkP/QrJZH400Fv4QeFbmoAkJSCRre2tYa/952VblsKEzgYJVeubFSbdQR46vtvvP6mobuHJ+MoQ1ECtzZba02jbIJqtT4dL7e31lQsPXk5W/rpSrc2n8y2V5w//eHX3nv/zRcvhy9PJ5ZlSFgEvte/7C+DCGGzVu0QZBQZQFCmObw8vWy01+7dfStJ8sF4vFiMDU15643XFZjzPNAVgAmAEJZN/Ob9vY1V95vv7AGYFwApGj49HvKCajJczMZx7GFE33vvlu1I8+UizOKTs9PV1fJbr92CNOFSUWvVkjStV6Tr+2636cgE9S5GUVQ4loWRFni+acmD8XC6jDIBbNvc6ba+cffm26/f3trYWXqsXF3d2N40LClLl2khH58kccqiJIUQappeqTaj2Dd08/7tu9e2t65srBYphRj1RqOXL48YSzjLZL3Y2JD//u++ms9GnKcShEBQzigEABFkWxoQwDDNUrm8nPsQwiiOOKeyJCcp/D/+m3tRnDx+HkKUMM4MTdN1nROhqrJlOWnOAUSMCYgwIRhBIQikXN1eW1trFffv33JKznzpZZypKqqU0d52q+aYG92VRtW9vBgJaEkI07S4d33tT/7wn929eb9RaQz6rwx1eHbx8S8//Ecogm67ev/mnU7thkTWTa3TrG6XTPXZ81ePDrzYh6PB7OaNdc8P+oPxi1dP58vxzPMfP32JJKLKRXOlmiSL0fjMNsnWVj1I4oUXbmys7+1urK/sGUbZ94aD/unayuqVrTv3bn23UVs9OHlycn4Y0gIr+mCSffzFBUPOjb1mkoVfvhhShCBBZ+fnB4ePS9UsZZeLWdhtb7xxZ/PJ04eLKDMNmUCWFYVmtQ4OlgtPZVy3DOXweNIfxKYmAS5su7EI89febd5/vXxxEWIF/8H3V6cjGC+ctU5FcFZ29OVsniZZmtNOw9xc1xZRUqnWbB1MhpM8zooi7Y9GzUbVMIxSw2uvFIw1D79CcRJW6uCf/6DuzbxeX5oN5p43MLRQl7BlKS+fDf7xgxOIZFokt6+XVVnvj7JaSWd5jpHIizQKPY2Ad9/s3tpv3b5zb2Ojc3j4ihVJo6ZNFxOC8kUcLLN8Y2e9KPLFYvzW7fuv3/pDhXc21u/ohjScHM3DaalsOKY4eP7VsHde5MGzgyOkGHffuFGv2Y2aKpGYJun+5nvbm28en302nD1SDb1Rb+mSM5lk4/FSVyUkislonmZY15yNtd1bV683a9ZgckppVKu0aZYtg/7jgxetZr1Wdj979ODg7Hz/yqprAANLu5s3VawxurBc1u62VrprGKgrKy3O2eMHX5yeXMQxu3f/3vVrWw+f/Gq+PGtVy67l+MtJo2FnTBwfj7CiCp6JPL66t9Y/HprmNuOWFy8/+eoLCoitodVuTQIwy3kQR0s/ubwcIQUKhf3l3/zPe521P/u9/+V8nOUsY4RzkEbx5GJ82pvPoyyazeYbK9Vu2wAsQkwIgOYBe/T4ZDpPV9vNvb11VVOeHZ49f3FAgHDN6tb61+/f+pPVxtcJq4SLRGRcFL5MUkMDkoIni5luYNPSN9f2Lof+6eVgNJ2WXIsDPp97eYExUddX17rd7rg3UBR5tdut1Tv1ZrtesTbWOwcvD5b+UNHY3B+lCPiUlx3n977+LZkuzs6eagaAEu+NekfHvf3dW5ZGbIvIJGdFbFhqs9GWVLXTbjXdxrXd1whns/lC1zZ6veO46GkakFX1xYunhkFljWV5hDVzPvMIEm/f29/aKAXJJKZxTNFFb2hq1jff+l1Tj09HXxjyylr7dYrGCMbhkq53b5WMNYLIWe8lMfJMDL86+PnT8ydeJFTZXKuXIC+aVff+nb00XFYqzsnZMM7kVvuuTupOyR6Onx1fvBpPxrblLGL06viS81yRyOpKw7aNh48el6uOpcmNun18/uBodFiuGDLPu80qp7RSqb58dYQVUq9if9pb77SrlergcvToq8dxwlY69dALR5PFMmRFLhy94thXXXe/1ig9Of74k69+vbfbun11y9UtvHNrN0sLXgBdUyVFoZTmjHJOOcJFlhZFnoQJBqh3dp5mSblal1VpGSxt21Y1LYzjnMZ3r9QuJx4UShxFRZ4zJlSZFEWMCHRslwpBc8Yo5ZRDATBEtKAAclWXbNcOfY/RAmMIWZ4GiSRjgAhEkIEiTdPlws9obloGwdgyzWarY7k2xhgAiIBoVV1CQJImEKAkLxRNwYRMJlNdIpptZHnMOPcWMQRQtzVAcBQlnFPZMHPKmcA5Y5ZtuyW3oDmRMBBMNy1FkxzH8RYhIQQrquAFopAWXFHkJCsgxhxxSVVVzciiCAiOENle3+dcXFyeYIRdp2LopmvbXpDkOTMtXVKkIAgQAXbJDuZLkdE0TgVnCAsIBZSwrim+F04Hs+VigSWka4qiIsvSiiJPohwhDACRNF3TtTSNaF4AxmfTmaCF4JRgCBE3bYdgZTGZUsplVVF0jeZ5kXFZlQAQUCK6oam6iomum1ae58vFZDy6HI17eZzmeZ5mqVtydV3FEma0wEQCAsznXrlcgxBGSWTZlus6EBZZngIhcs6wQh1XOzqbpLmoVbSrV9aevxyZshTHiywLOc9a3Wa9WcpztlwuOeRIUQXnP3jvxr3rG588fN7389E08qYBzSkCIklihIHpuLVqDRGS55msSLqqzxcL07BUWV4ugjRjtuNqmq6oeprRKEo0BWuGChCPQs8Pg6zIbt5YtTR02R+VXFOWCsfWBoNJnBaGbemOyiH3Zh7jBcbYLTuuawDIZl60ttaRoNLrjU1FypIs8GOMcKPTEACEQcwK6jomp0UaUcgERCoD5p27lStXouen4cHznGaxpEK7RKIwplkRhnGapytrtTgMmECSLOsWsUqqF8VZkjklQ1Xk6Whe0LxarTAG/SDnHCEo50map9EypucX/T/5/s1uE1OQ9wcTRkG7Y9crpYrlDof9036vXNGXSz+jjMj8tTe3T87GjMM49LKcYRzcub6ys1ofjOdPXo7euOlamvyrz6cIcoSAZmi5oJW6adio2tQkSVimwYvi3dsbexsrf/fRx3//2+eBh+plpdkymhZ57/7XHb0xCl5AnSLAXzw9NE00mEQPH0+zjJZLqmZJcRZ7oVdr1FRDuXe99Lvv7/33/+mzn/36SJZAyUJJ7Bei2Noqf/fd+wixv/3J5+NBoMjS9nr96t7m42cX/xlABGD7G5vX92/+6refWa5pmYamqFDIjEPbRN99/04c8xcHQ0ElSXDBEihAGIU5K9xyyQ9DkYdlR5FhIskizVJVkwTL1jrlgrFfPziQIKqZ+Luv7f/p+280Xevx0eDvP3oxXab7O2tPD/svjy5NTa5V7d5gpJJ4dYVs7HQAQd311mQa9QbTail6783S/k6pN/RfHk3ms6WM+GAwmQ4uttdr7UarXGqbbkOStTynBBUqLkoOpgL5i7BRr50Plhc9r1Y2OlW5bCowi9/62mulSm04jRZeoMqyZWlZnoxHkyyT7r/2tb2dK1BgU9Vv37q5ttY6PnmFJFGtkWpZOTp6Tuns+tWuBNJxfyJLomSrioo1Q6k7zq39tVvX9ztN9+DlIQVid39r0J9DiFfazmJ+qVvWhx+/aLYsKoH+yB9Ng+PTy7WV0t7OCi8EUQFFnBYMIcqLOI/nOc1Wu93tzfWvf/2dqusAmPdn09PB/Lw39WeL91+/+/5bb80Xg6eHzz/+/LMvH30OQVipqr53GdNgMkmOT9M0R0QiSHBZ0WVZTaKoWqrv7uxAzv0gOjq7SLLscjQ9PTmmNNCIUAxw937lH//+IIsiCCiGKGNUCKAouu1WNM0ocmqZdhAzSpGEJSiAJDHIOUXqzdvILaEPP41NBQhIJKJJiq6ZLkSapJgCYi8INdXUdBNBKMuqYZlZStc2r+2tK4pWDMfzF08O9m7u0cy7f2+zWjJozCtu69bNm+Pe+KOPXsZB7s/99Y7brDovXr762S//4dMvfzGN+p88efbpo+dQpLVyqVLer1XfSLNyvbLnmBvVkvEPP/mn436OBCrZhm2K63d3J9MRxFmjaYZRsAyzxTySJVGrObWaE3iTyayHZXnmhXdev1NuVExNy0MhY6yrRcW1ttfu3L3xz6ql7pNnH//q459PvUmrXVZV6fhkOp0Xjbpz+1r3Zz/58sXL2dZaFwAkIG82KktvDLCHJc8y3J31tVu3dl8eH44WuZ8IbxGfXkSvXiySFE0m9OTlUMHScDBVVYVSdTAL/+CP1/7N/3Y7A8nJCVQU9+2vlXVD//Sjpa4RWQUYMj+IbdPa3Ns5ODzvdKxb99enswVgRZ6kouAnFwM/jHe2V6rVuqoF7c3E1N2vPgECwTffVBu19H/6y6cQlTicr+/hO3dqw6G3vtG5cXV7MIqHkyxMivWusr1R+/JZYBs6JiQTdOZ7iiI3Ksr+Jim76upqt1y2Hj19TnnAeHR6clavtY8vz45HkzjPXx2dnxydXt/drVhroR86tuXYZQaKXv8I46xW1fr9XgG5pkrH/SDOhaTi8WAwGfXODl+Vze1b17+XFdPT8RdIQasre1fW9yTkpj7HFLxz/+ZWvbW7tv/67fd+7zt//sbNr1G+/Nlv/iYrolal7DplWQG98WlK2c5aKwiC434vBVnNwJut+np7dWd9p6DBPBgm2WI2XSYRlyWTczYaDfoXp91uExG50azEyfiy/7Rc0cq2IZg4fHWU0yTIs8FkgQjwZgsZQQxw6EmOvZPlYr68QDrHoqjYeK1T7rZqw8lMNVyk2HmajKPeT3/7s61G+0+/+8clpSrrIhNBwtLx5Lg/PL7oXdrVBi3Yx7/57UrTuHVzbXBxKUsKUoyjs2WaE16wra2VUsnuD6cHh6Pzi75tw1cvP/nxP/wP8+lJu7nVbb9+//Yf3bv6BzXtipQrhElFDqYzr1Gtr66tz6bDJ08Orl59e2frDuSJaWO3ZEuqMZ3Mq7WaoWlCFHkaCwAFkjGWbEsZDM4+/OhDgNnWlW4KioP+bDZa/sm3fm9rZXs+fbaYnxiWghX1ydMXk+nyO9/6ztXtdW8+gKgASJyd9agAhmFBCCxd3169VnUao8mpYOq33v32wj/m3IvzxNbIzk6tyLOPP3ooS4ZCyPW93W7Tms7OPvjN55OAMShPZt5au/vGjfdV2evPHpb19U7t7tng4dnZGQRV12g5jjtaXPh06henXx58fDm/JLJa0artSlNC+PFXD+tVRUIUA9ZeaZycXYxny87Khi6poT9UzHQwODs5GmysrK+tXxsOg2AZVEolCcMwTQXBYbzQVSBLcW98GOZ+q6qiIu02ahXHAKLIimI4nOzv1mma1CrVnb1bz172JrPQLZfu3LmGBc4LYBmVVnVtffW+aXQBSr588YvPHn1YqTivX7/Rrq+mCcd79/YFB0XOXMfM0izJCgQhQkDW1ciPS6brLxPGmabr5VpFs7Q8iwQAkHNZlgEhtZJ6c7fx+dOehpU4iJI4pWm2mEwhZSynaU4101Z0kxYUcF4quTmjRU4lRbIsEyAQxSGAwtA1RSF+GHPOnXJJN1VFk4UQvX6vyDIAhKrpACCICIcYIGJbjm4amkpUlURRbNpulheappq25Xke4wVjQpIRkqQ0YrqmuVVnsVwmWQwRgwTLkhxHaZIkSAjbMg1LEYJBjDLKZAUbmjUbLG3L0Vw3D1MJK3lGCUbzZVjkuWGakiyzNM3CUFEUWda3Nnf6/Z6gdLkMVUWhOavXaqqmZUmW04IJTgtq6AqR5MV4XqQFo9wpWRyJMI51S+WU04xzKhDGmm5UqyXLMiWVCAHyQlDK0rwguqbqRhwFWVokSYExclzL0BVNwRBAzbCZQHEUI0gQBkkaCS4anRXDduIsrdXKWAJZVhQcZEnkzZcYFKYuRXHMOYAQaZZdrTcAAFEQcQgQlBI/KApaJBQjiAUqskIA5vvLIs91WREIb+80w6QYjyNF1W/d3GjXzI8/f4kx9/xlFEWMc8cxGWPDwZwJlFDh6ui/+bP3EYb/3d/+utKsn16MT45HcZgSSZIJLhi1bMtxXYBRlqcIo+XSQxA3K9XpbOmYehylcVzYlgUQkGWk6jJEnPOc84wjpus4DENI8Nnl+be/cWVnvfLgyQmlkMCCcSiQmmaZaaiWrflBVKQCQqIopFK1AOeISFlGK1Xz8wcvXNMmCC38kGAMINYtBREiKYpl6RhjngtdMaZLvrai3H/T0exsOFEvj1NVw6W6pSk4TRlCUk6ZZurDybjdrpiGjnG+slnx4yxLeRwGlbJL82LYH9uOUW81esPpbL4EnGMiyQjKhJccI0iYt5y/9/ZqMB8svTjNmBCpIiPMjd3NlQcPH9tVm7McE226TK9drcqYHZ/MOReKqgAobuy6lky21tY++uL5lf21dsP59ecLFckYQVVRdMdqtS0ACkTAeOpfDhcVW//D9+49efHqRx8+Ms0yDYNKWRUs3aq59/e/oSj6Ue8rL4z9ReyHY8sxnh8li0DKksx0FN2QC0YhAliRFJl/87V6wfHf/rofL3NRLDdX7WqFNOrkO1/b2+qsHZ6c/P3PHoQBq1X0f/69r0Gsnl1OdU3J84xT4Wil3fVrP/ng54quSpAUaSLJeqOifvfrey+enT19PtJUJY19BJLN9aap4yDyyyWzUnMYLRQCJVkUaTyaRbO5b5jGarvWrq8YenW1Vv7a9fU7G+uv3Xit2VjzkvB//uWDh+eL3njJMp8V2XlvsbW92myYKU0cC+xsW3ZJ4lBqVNyc0rWO/I375SKbnF5MKu01liY7221Dx1FULKbjTqssKDx6dXkx8kbT5Wi2yJJ0Mpk0OqWj02lOpTDkaYYxkG5eWfnuu69tdNd8P3366mIyW/pB5FiO69phNIdYuI7jebTRWDGNchDGZ8dH1Zpdq6mT2clXTz/a2NAFmb46eTpbXO5u13uXx4+fPN9Y31RU9eD5YRwVSZARqDAmTFM+Oz8SWFTLZprGqyv1jfWSbaMki58fDqeLsDf2GdRK1RKUJZp6PKWKYi38xXgaLoMCQNzvTzlLJEnpnU3b7fVGtSFh8erg9OBklOUi8edfu7W/t77y7/7j31x6k950+vzlWRQnAhST5eLh8+dH58PeIBqMGYUyhkjGREKybqi0yDGRFU3xQ3+6WNYqpW63lWeFRCBg1JvNOCre++bWL39xmQURABwCntFCluVKue46FSBAkqR5kkOoVCulvGBkCcdzAAAgAElEQVSCMlvTsjgmkmu47M07+s9/nbuGRmkOsVQUyHFaEEp5lqkyif//SwrAGNGiwBBpspZRXSHhfPxVVhRFRuOC0bzw/ZlpmMNLf337rmU3mzVrOuhvrjeu7rV2dqpLb8hVVmlrV292Cco7qx1NQ+9//XbJblaqO0mc9oentiVm4z4qiuH4/KNPH7vVMoJZuSp1u850OKjX9N2Nxvp6m6jKyaVXq5azLNta2bDsUpTEH33xNKHYKZXTpPjq0wcl1zVVXkTzPKYrm/fyBGbZIGe9qT+zHPWtN6+pBEVBNh/O719bW+3Unh4NpotIVdBo2Lux3y6XCIZcNtRWzRmNR5gYiJScknVyfFxgmQlt1PfjKHfLpWFvMh7NFQwUQhBypn74p3+2+kf/3L6cDr/8io1OqSppHPrtNvnHf3o1XSLPS8rlep4LhHCtUklzfDFevv76epFMTo/PIdJlIo1mMyjh9bW2oesA5atbUbmkHTwSbtn94z9aHc5mH/5qvH+t88bb9utv1HRdOjqlK92tzdUt3VCGk2W1XlrpaN//7v4HH5/NPDnLQ9NWwzi2DbVWloTo+9EiDLPN7dWCM9USw9FZHIhbN75huvb56NQq2+sbq5qE79+426zvZXmKEMuy1C1V8jwmkojT4vhkIClWnuPTXsig+uL5cRgnukpcpf72vT/1/Xlv/vlXh8+PT+bLCTOUsixXA5/ubazfu3mnUdnMklLJvUqgPfUP/v2P/21QRK7h3Ny9ubGyOZxcvjw5W1tZUzD57Mm5W2vP532cx1urOzWnNRrPZYU+eP5QSMV4sSw4ZowDLrzZpFot7e3vLLzwrHf26YNfn/XPuqttTbXGk9lkOZssp0TBU9+zynYUJ6ZpMqGW7I1W+9rSn1AwdcvA0YQh0fXVuuBoEeYCmUjWj0eD//jjH5WI/N7dr4sYIimJ6fzR88efP/hysRwBQryl3+p2Nzc7vje5fWfDtNTnz0/jAlAh9YfLTqfTrpq6TCgT4+GcQbmzsrGztb693VEtrGpBzk8//uyvDo++LDkaBnalcmNt5R3Xuq4q243qfrm08ulnX5yfnTSqOzvrr6VpPpkNszxjggVRNBhMdNPwo6VA/INf/NrzojiMDFPJi2S68MM8cWu1g7P55w/PbnSv31i7bZqKaozTYra+2TCd0mQeCI62Vtc1GX355SMo84U37w/mQVxIsh6EBaRMMMWx24E/UwhtVBq6pn716DeTmafIcrdZyxPSO/Wu7r72zhvfQhRPx8eD6eCzR6Nap3Fl/0q9VN/p7O607uXJxXD2qO5urdTfnHqnI3+sak65bEV0cTx5+dmTjw4un/d6Q11VLaJV9Ortm7dazeqN65s76yVvPBz2LzprjSCNluGcyJzRYHj5nNMpEul4FDpqrbN65fMHr8Kg0PUSY2C88BdhOJ3OJIUxHp32z+rtUq2kjsfLZqPVqDWrlfpi6U+WQbPhJlmKCFlb3WVCGY3GtUq56tovnhwdvOhZdmtr83qj1gzT3pOjX58PXq6ur6w19nRcYzmBEOK1K5uSqjAKHdsGCGW0KChglCNZJ4AQokQpLTJaKldVXWei4LRIs5wQrCoqg3i9ZWo6+M0XpwQAVZI5g0Wah37oOrZM5ChMMsolWZMIckuuwBDJMpZlLoAf+4apEQwozTgAWV7olg0A9JMwS+O8yLlgAjBFJYLRAghMcBxnYRBHUZikkWWbRML1SsmyzSjJhEC6KkuyAgWGQMRZbpm6puiUCUUlioYJhrZbkmW5PxrJiBRpmiWJqSqU5WEcAIwYo1EaMZopRJsPF5bjaqadJTkrYOSHSJIZE7KiACQEEGEYYigAho3mCgKo379QZCWJcgRQudxcTJeW40qqHARhkaRFkVu6Op3Oac5kSWWCGyVDMWTbsRRFGU9GsmJwKgzTlIik6yoASJVV27KKgtMihxBIMlF0LU2ywAvjOLUt07aMNA4wBIQoGKuSqmmmWa01EIQ0SwmRDNPMKRWCB/4CCEF5IasGTYs4iHRFkSTiebFrlw3TNk0HIpTECRdcRigMkjyJGGVCiDyOKOdFnjPBHUsnGMsyQRK/fWv18GRY5EKSpXff3HU08vEnLzgtclpIEim7liKT0XiZcinNxa3tzr/8w/efHp786OPn7YZj6vLHnxwkSZEWsWMZjmmahk4ZlWWSpGGWpbRgiqqkeXH/xp6u4NnCz4siTqiiSJRRStNyxcGSGA37qibllO7t1GTCmJA5wMen/T/5/mubXfcffvJZwoiiakmaAkQUiTglWwCYJUWaF4JSBIUQotWpn/anqpwmYZznkqUpYRZCSCzLSOJQ07SC5RAA01R0RZb1MuXBv/jj2pfPp6/dqjx+HIVzJMmi2dGDuZemXFVI4EemYwAJybru2uStO9X5YjleAkNSkygiGLKUZkkuSVK1UsUSqdbqbslGIi+SSCFIgkJX1ScvBqtda3PVoYJ4cREnMeTQsqqu7mxtto5PTqGqSRIZjGKA6Dfe3Xn2fDwehoJSSZbCcH7jyrqtuc12fbZYbG+0//EXL4oMQCEo5ZWa1ajrAmG3Urkc+P3BbG/F3ltf+/Vnj3rjyFQVjYAiiywV39zaWWvdDtPwwy8/+NE//koA/vrrV6fz9IsngbcsKGOyiiBkhqkZpqHq6loD39iu/3//05ezORZ5UXb1aplsdK3VOtjf3Q4DMvO8l8cTIci13fbdqzuDvnfvtdvXrm5f9CYnJ6MgyFY6a589+JwKEfvJbOlzmv/xD96aTMMHTwZbG817N1eqZcNSxeZGyTSw5/t719Y1SwmDsNNyy67JKJ3MMspQt135+v0brtkGVP/ON7+50Vk7Og6HU9HsrEwWvc8OjseLDCPJ0OR/9c/fX1tpYoIibxYsvJJD1tdMVuRZLJVs8/WbW7/73Tt7O+0nL06fH1zWqo2ru5utRlVw8emnTxzTVjQoqdL2zs3pMj8+O9Ec88njw7jgSIKX45gAvdHYqFfaIIU6lzrVzubmvm5Yo+Vy2O+bpn7r+q5ukDCJvnryVFGJpFgaMSWsMpB5/iCJR5zPGfI/f/qAI7/Rlp88fSiRtFnTZ5MhlKT1jVVd12iGdLO6vXXNMEqevzCNwo8mH33yYDwZ1+uu5y9Ho9EXn31hmNb5xcytr8QUTsdeq+6yMDAl2zXXqtUr80X+4MELig1BgecnrqNzQJYzYbit+Wz68KsXv/3iVLcrUhr+13/xwz/9ox/87Y9//MWrV7du7VzZXJMRvXV19db1vV/9+uE8gsuIMmAMJ3lRyEQmaZqqqsYYkBCxS5XlInVdR5Zk1zQIBoeHp9WanaXxZDyfB+F339v81W8uw0UoOCNEyjIuyabtlBVNGk0mXuwDJFUbbcctXfQvo2gBAQWcKZJFEf3h7+g//rmXhgCgNOd5nKZQRmHue97ENm3dcLCELctMkziJoySKdQXlXMTBcqsDb924sphOB7Pg/Kxfq9qqRHb27+tGJ0oR4NE33rt+61rVraBKHbsVOcim5bq5t7ua+RPTknQdO7oCiW0YapxfTpcH88WTLL8I/cmN/Z31lUYWLwih6xvlKPGSOLFMbTGb7+5tUiA9fHS51mkSQrIguX/3rTiik1EwmYXNWu3B54/btcruRoeI/IvffiHJVr25UjBvOH4mGWIeJxAKfzpbzgMD46/du/nWzWvrq+u3bm3cutre3y7rcrG1WapVDUZDypkQ+cvDg/lyXmpuTyfs7bfuujaLkijNoW0p9aZ7cXqBAeh2O1gySlX8F3/efefrZBnNDg/1j34a0gTmCeiPvTffarfb7afPZxDpzZq6u964dW3ja2/c7HaaT58cj+b++oapSOl0GvUupxxAw7YwhpPRPM2za7eRhJNXz7P5KP7eH16NC/T06XB7m6x1gYKTly8Xrw7jVqsOcTVLMozSnb3VkmtZRv7Gvc7f/vxJxvRu3TQ0EoURFuG772yHSf7o8cuVrru6Wp3OeoPJmWPU9ra/7hjVx88+xQppN+pV111tbEjIQRBwmp2cnJpmpdEsUxFf9EeLyXK5CNe660S2y5VmngPdkHUk/uDb/9o1qwdnP3/Ve3DUmwZeUS45165uUlqoqnT26gVBUp5xw3GX4TjhJ3/zwV+O8rRVrzaMRru8bVvWf/zrfwxjurXZ/fmvPyF6/daVPYmzslHa6F7JY6aqZDg5GSznFBTVcgMC2dRcUYjVlSYGvOJWcgpn/qI3PuaoWFttz8d+q1HhPMISdkoaQhBghDiulNwkwLXyzv7+rdHs7Pnh5zLJCEsa1ZJrW0uPnp1Pg0ycjpb/8MHH+92NP/jGezTKkZICsjw6O3704vjwvF9tljRF1hVV8LzdsDFkgCU0o+fnk1Z7dTbzIQcba92NldJk2AujwrLt3avXu501wchqp2pa6spqB+vag2fPTnqvAByE4YPh6NMvH35weHHQmy8tt6OZrQIgmsa6YkhI1eRqFOcAUt1WTMcUUAv8WJGlyXSKAIvD8Nr1jXJJ395eOen1gySeLJKnR7ON5tYPf+cvgplvOslw8OL09ARAOJ8FYZTduHE9jZM89UZzP6d5rVYO02IZ5F6QTubp+UXv+PCCCxkLKQoHUTQcDKYC8sUyLNmtZnnHkNfbnXv7e98sV+q+35O0RcjyZVg0W11KlTzBK/XdsrUbRWd+fGJpK2vNd58fflzAZaVkDC8PB7Pj00l/PJ+naQyoWKtW63a95LQhzkfDs07bqbnasyePR5Mz1ZaXQXhw9KK74iAwT+L+cnZcqZiuU1vrrk4X8eVgYlnO+sZKr9+Xde3g1XFBk2pNy3gUZQtdK9rNysHLkSbbWQFu37oxnS3OB+NyrZYVPE3Sem07z4VgSbVc1iUyny0TysuNlgD0wVcfvDz90rbx7uZup75nqisYagKyNI9xe3sl9hPOWZ7EaZEqigIESONMCKnqmJxmi6WvKDKAIokDADkSggIOMEQIzQL/9m45KFh/XJiqKSGS5VmR5VwAw1TiJEWIcI5oXhRpoKuYI0BkGROSpqmiyqoEw3CJAAOcIwgR55TSnPLAW/jBnLJcVQhEDACe5HmeJJqqI4jT0M/iCAtGBU9S2qw4fpxwAE2V5BTIio6FSNLEMBRMYFYkukYgEhDgJMmSIEayhjiP4pBSrstaGPpRFBNJhkgkaaxoBHNpNJzbrk0ki6Z5FCeKomi6XnBBGY3iEAhKKVdkBBHprqwtFjNOs4Jy3wuCIGi2G6Hvn533Vza7mEie50Eh3LIpIAGCy6pSa5ZVQ9IshTEW+GHZtRjlwcKXJQIQ1zQ5y5PRYAABywquq6qMJESwYZm0oN7cx0gydYWzHHImEaIqOkIEYyzLWlEwwHIEhaHp0+l0NhopqkQQkGRZQJQkWbwMGS0QEiwvZM1u1JpxnKRZKmFs6ZqEUZ4kEpF5kUIMqvWKpCDD0hDBfhTJmGm6ApAoV3GtoT4/7OmaVNDsd76xB2n6q98+T+MECLC10equlIqCXwyDJMz/13/6/ntv3/l//Yd/enQ+1Qn6va/f+e2DgyQTMoa6oli6Zuh6UQhMJKQqkiwpqpzmBULoP2POX3z/u09evFRLNhdcVUiapfPZgvO81nABoFEcDEbjVlO7fbX29NVIU+S0gL/6+FmzhL/3rXuDSTRJgGFaSeDFQUw5IwrOMprlNM/z2WKeF4npaH4KalXjX/6L18/OpnmBvHCR5gUiiNIiThJNlyCGCGaKKkcUfPt9US6Dv/tw/P2v6T/9cApygHDebMrj3rRIGUYFKwpFQkQmAkkSye5csy/60XhKDVlhcRx4AQbENOw4y+dLXzXdcsWFlEIhQs+PoxhhkidJEMKFt/zuezeOj/tRAavVmm6UnXIdY7NWdnWZvTwbpQWazSOkSO++0e00nMOTkSzJ5aoFILV1rqvm9saV4XCgKNKnT0Y0U+MgTvOs2zGJJIaT5cr6aq1Wadnkz7//HUs3ZFWCGG6uN2SJmrrsqOSNu29HMRl757/58qMnz87X12vf+OYbZ4P8l78541CFQAgoNFMydFTkuaGjd19frVfcX3zUDwOuEtn3gla9JKNwd6Pu2lt2qcMgmIxTlchvXN9hcT7oLb/1ra8XBfgPf/PBg0dHHInf/e534zCYzGdZmkVJcuvmarWs/eyXz+/cvvbNd3ZqFenkpC9EnqVLyotSzS7VzIxCLKmmRiijgJOjs2kS0/XV5vW1LiwcljLTUAxdC6PEMCRTh6pUfP7kcBYIGat5IdZazu6q9fzgaDBeBp6/ul65sldvVlYmE7De3SJQjPrDOM4BlKaL1LKbq901ytR/+qcvcmAWRUEF4xDa5Wp3bdexJEmGkmymSWhY+myeNSq1d958r1ldUYiiq1apXIvj4suvHlZbtXJVu7q/TsNFuaR99vlnl5N5tWxvbW1VnFLi+VnhIxweX77sTc6BxBOBLkfe6XGfEEmV0PZWdzrzvSjLi4RgpeS0Ntau725eqTWd4/OnUTLBivLieIgkaWW1MfHCn33wVcowxKBWK62vd+cjP1nQ3ebe1+/+7v1bv7+68jXD2DWM2vHRCy8s4jALlkGt5lhGybJazc5a6EW/+eLQzyUF5L/37uu/++3fv+z3zybTy0mw0Woijh8/fPHO63eubG2enCwZ1DqdRrtT831QZBgAmCeJpqlRHOVpapqOEKhkWc1aC3A6WwyTLNN0PQyDy4sLL0y//d7qx7+9nPTnXDCMCZQ0x6nbbnm+DJIilxS9Uet02x3KQa/fL4oQgiJjORDIz8W3vsWOz/jJkZDlhEGkqA5WbUykZrNGEFmGmYSoqStpxgCgSZ5AyIhi1mor37jfJXr+6rR3Ppxqiubq8A++9+1Wba3RXDs7PwHET7LBy5dffPDhT9fX3JXN+qcPH/32kwdJmnv+YuLPjk6PZKK4ToOB4PnhR342Hi/OiRwNJ2eGoW6urn3vd757c3+3PzgJ06QAYn1zdTTwklyMxtnBi0GzVi5VasEyUIh6Ze9uHLKVlTXT0OajuQrx1uZmHMZCkGa361TsL778eDjtjeYjJlC324yTeD7zv/m1t+7eeQcAJ2Wqosqr7XqtZDWaDQb5s2fPvSikIgv96clZf//qXnela5dX8hhc32lHs1ejyZQjfTbyJhNPt2zdUW1r9p3v2rY795NMkdt/959Gzx/ObYeYjplQ6frV2vvvX99Zb1zdLf8v/vjN+/f3JEm8/sbNK1fWTEMxVOT5k1qdFMwXADCqOrYxGV5O+vMiytc2qeMymdQNrdLp2L1RiCXcqVFRhI5VPnwZPHwyuHplo9XaAkAJAy/J0iTNfv7r471d+93X137+m6flSrPZsJHE7t3v3Nh31za3xuO5ZeYSyRa+50WLaqW13nrHUdsQLsfTI8tS4yCXsUW5VORZqez2+3MsGQDxJy+e+UG62tkIZ2G08De29q7evJVnxfnp2Wp1+/rONyeTp735Z0IDpumsr1bffuv6xenBwycPsFxAEc+Wk/0rO4YtZ0Xv4wc/PpjNiKRsNtuxxxkrvnj44MNPnvzg9799fjb56cfPCpZ8/db+vSt397fvakLvdJqVsi6k/PODQ8booDff3b0mI7XZaK13W6N+35v5je4GR/n54Mi2jTyOWZbdv7sfLiZxnF65spVnUcpEFqdXdrdVqeUoLcNQH734zenwoNMsGYqWJHkU8zxhfhjPYvGjf/ykUan+ix/8UZEVw8UAS2mS+YPR9MWr3vr6iq6AyWjcbFTzPD56ebCYzxu1MqVofetap7OZJ3kY+K6lbGyUj076Xz07c8qlvf07jepmGoZYTY9Pjx48eXJ8OXr+7Lhcqe9f213fqGMCJA150fiwd/7pJx+G0TTLo2bdrpbU5XSooJJjlUfD89liwbFiVVqaYfvLqNHciLx4b2+7Xbcmw16vdwKxXGt2KNKfPzz6F7//Q1LIS++iUmdRPPGTPEpzP+Yb6zurrc7jh09n01m9tdOor0wGQ8txc1p4y0iWpLW1roz1dn3lytZuu12azo7CaLaxvtpZ3dvZeW1j5d5a985w4E0XJ5f9jwQeEJLIiiaQmhbiNx8fLP1se2NXxS3ORiP/mSLV2pV7F6NHkIxtC5ydHs3C8fOj87X1lWv7G9F8eWvnSruxI8nqfHl2dPE0yZesSKOsQHLMcQQIi/NIVyJWTAFcGHpGWdpsdYiCn786yop8f39NV3XPiw6OzsKUqgpc7TqL5Xix6N+43gF5jrB5cjr97LNDIEhBEUVkvgxmfqzKRrdzjVI1CiNJNg1DBZhBVX747NXnDx8BSSiouLazkYcAQqfZatuOfnJysvDmuLbejKJQNxWIxHLpQyGwBG3DTOLEtXXBOUeIYC4E9T2fSJJl6RwISqmiSAzy77618eRwkqVEI6pl6LPZBEEhKZqmS5phe2GeJCnkDPBM8FxSlcVsRmmBEchpAQRltECcQyTRvIAC5VkahrFuaESCkgSKIkuSDECIVMtQ5DhNaEEhBkWRU8qzrDjqDTFgnWZtNJvqupFkBYRI09Q8zzgoiMLDOJQJiZJiNpkUaS44KwSSAJMwURQziQMJ4zjJs4JqKgIQllyXp8JfRpqmM4iTIARIIgQjhNI4jQIPAqBokgCA5ZnlOrKsRN4cQcg5Z4BzAXxvIStSkiSSghVNgRjqhuQ4plutRoGvKQqRSJZneZoXaeH7fsmxgCA0pWmUcQ7sisMB4FREcZQzoWoOFAgRbDtGnqdY8DiOCIQQYAZQqVTlQCiqyrgY9obT4aDIYgSJEHw6HCPINEOt1p08zyBCaZBkceTYtoSwLCvrm1tRFEwm4zxPJFWBAtKc5XnhhTFCAgCBCK5WbIiEoqlupVrkESFSzovNVYMBFkYAch5G8e98bTuJwo+/OAn9xHG11dVyvVkZT1N/7v9X/+K7u+vt/+v/+69P5gHg/Js3t1QJPz7ql20LC4ghchwXE2PhJUEQqZquqbJmKLQooiCuVZ3ZcrlSd75259bHXz3BhqRrUpqmy6Vf5FkUBbKEwyiOU9FuqHevVB886jEm53GyCIsPPn3hWsb/6f/wXwCWffHwuYBIV0hexIapeH5UZIWhqYEXCcCKPAVAMU303jtV1yIffHQiIaQ5BhewoEkcB6pCdF1xLBwXKgdnf/4H0r/763mrqd7aU/7hZ3ORszBcrG6WvSUtMgEBp3lOC2bbph+zKzs2oGmYYJNIflyIrCgyzrhodbuD8VKSdIQwhkyXcBImGCm+F2ZUcABUwyGEvH6/fXI69hO0ub0tuGKaRrfbvTjubbTqUNDD0/FykQEA1hrq6zdb3ZapG7DRsOqdGiti0+COWSO4LGkAYvn4LLR1vdU0VrrmbLl49OiYQ15SxX/7r39Y1utxkhOZCl7Yjmwa2rg/vrG7ubV2PUrxxeDVlWttt+pAxFY6pc8enByd50WSM5pgVFRrpqQIiLGpiZ1Vp+RWX7ycaYbu+xFjQEB6Y6/SbDVVbaNUqz9/dfbqaF5zS/tb68PBfDBcyLL+45981J/PDVur1owf/u57MgHPDp7Np16eRxsbzsHheLYsru23mMj/6cefPH545nnLcsNOadJY6czDYulnRJa9RTybFzSDXpDIkiJBdHW93SjXTRUsFyfPnz4u1xxLg9Pe+Yunjy6G06PzGecZgOL89LRZVS4uR1EOG+2WpgrXwFsbNxsrd91Srd/v/fyDT09Oh92VDpbUcn3L1OxHX7169mJIgUiTrABSImSnVOu0Vg2ZLGezy4FfKteQYo4n0Xanvbd2N4+hrkulklOvuJwXn3/xcBEFTkkOFzNA49Cf5IwOxjNQ5CvdZlkXPImKPO4Pz5iqHhyOnjw8hMQ+fBUkMSm57tUrV1TZWPr80cFk4dPLs0mtvCITx5stJ7OLDz/8+Be//uz0Yvb0YKioVrNZf/zs8tmLUZIAp2ShPMMFv7n31us3fufu1fdduxani6Ojp6qKdrZW8zw6PjnxfH9rvWMqxHXc/b2bsmR9+eDVcMF4WtzZWdlb2/uHf/zFf/i7vz+bRF8+6k1Hs4WfPnjwMg0T23RK5dVma6Ps2hjRLM6FUJIgy/NUlnAUhoLTgjJFNrrdVVnRxuNpFMWra2tQgPPzi2A5Twv2rfdaD74ajy+WlOUQYoSkUqlmmUatXmUFL9m1jdUNyzLGvZGEEeCIsizKEsJYGKHNq8H2jvvRh7mCcgCx7ZaIrFZL9v72WpbS+Xz69r0WYsVJzwOiIAgjIkGsGXqp7mZfPf3wRz/6Za3e6J31NJmUbWl3e23YvxiPzw6efjqenD99/ni29NZWKq+9duPo/Hw+n1+7vn1tv6No2DLlbq3dbW8NxicpXUyW4XjilV0HcGY7xsvDc8G1ra17K82tL7/4DOvQKZeOzye+XxQUTweRrZuGqhdJ2ru8NIzS/tXXaSZWOyWe5xig5SL1lqkkybIqP372cLacmK7tlB1O03e+fssL/AcPnt25dk1VzKyIBovz8+NHo8mFYeppRsMi4ZBjmV/fa9bKequ9WqqWru1vjsYDJKRoGa+3HNvOxovZeMGWXlJvyN/+TuPOLdSf9D74dY8Lgybywy+9PGZZkeSZ8GMkgdnGRrVSbhMiVLX46tGTzx48ygo/S2fD6Wm3a3XazmR05FZwqaK5pep8PjE0KY0zzrHpFqVKQJCLQTUrJD8owmDRriv9i5FTqZ1fBgVElYp188Zt16l7i7HvDRUpPbnIfvSL8/11/Cc/uHl+OV+GRbmi7qxplGarq6umTSTot9rOVw8PlrFXb7XqznWUW5WKdNl/jHChSE7oM9V2gYCu29C0/x9J/9VsXZogBlrvu7xfa6+9trfH28+79Kayslx3dfd0t3pampECDREQiAGCACK4gCuuuCCCG+AKJkCDJkajGLqlNqWyWZmV7vP2fMfvfbb3y3vzcjHPH3mKjhdjFCuDFCcAACAASURBVPj2m69omvn5H/+MJpC1NNbXt1lW7vdHjmH/8Wf/zDYXUXSulfMcpfi6n2MYFGbPn77+8g+PGuvtQlHGCVpgCZpOX7/97mwxGOlujqOKnFop7Fr2/LvHT6/duL632XrTsfrjRVHlWoXi1vrdstpkaSJNEwDh85dvLgZTiiE5ViwWS7vbB5PhTOZJQ1+SJCfk1MG0oztziiZFkR32BoeHh5buOF5049YBwOHzNxcUTTarLQJVSMAUiuSbk68QCdvNZhrDerNNkYAg8Kkefv+8k2PFO/sHrukfHR9fXF5CBCqlGgEphqBa7UK1nHv59PW1vTaOhd3LfqtRKhRyWzsHBCGp+SqBYQDGhrFIAXLC9KLbUWW+Xt2lgBqEC9PuXA2uTMut1eqqli9VFElgu+cdjs4TOFutVkbTuSBJrmOEiXf2+okkYJrKhF7IkLk4y0bTwWSyGI4d23aLxYKWq6y39kLXzcn0bDFdWs5oqtOCMBrP92vabqO50ucY4VEc8qLosjdZLO0swXfW6wd77cViIavK+uZeljA0wc6nE5an0yRuNGq7uwcsI9kLJ3A821hMZr3XR69jlFhuOu4PeSZTc+nKOurPvvbjy86gI0nifOmohYoo585PR4ok7bTXclI9TYyxcwJSmSe29eUZI1g8jfzIZQT22fMzLc+rgjLu6FW1nRPqgW+4/mWEHI4hsxgUyjWABZZvuqErSXSxSF2ePs3lGIZhLzqTCFGcLJ9cDkx9Ua9IG82Go9vTpTlfWQyJA2T6wZKk0nKeIQFTr25ppfZF17D0oFQoZggFSTKZznISvV5fxwlZEoScyAy6Z93e5cJyr6ZelsK1krLf2jIX5tGb0yAIi+XSeLx49uKNYRh4ZbsRxTFJU0mSeEFI0STD0hkEkCAZjicxmmT5UkELwihJEl4SSAILQo8iCZoTS2X+o3ut3z7qohh5js9yrG3YFEUIkuSGAUnTBMkEUYRTiGIIQGAERdu2FWcxJwkYQ6ZJCDFAUbTjRkmEcJIO4hBnKIGnEZYBHAEMw3AqDNM0wxgSi9KYFzlBEfMlVcopfhDafuAGTr1S1vI503btIPBDl6TwDCIAQkR4GUizGEYRwDHASiwECaQpTVHTFKxsN44TjuVYjg5CT+RoQNI5SU5DkEQphHiYxIEXcZzkWkYceLPpLAlDhiExiqAYNgodmmUs2wmCMMkykmaq1Wpey4kCVyoVRFGAIHVsE2CI5hkAQYwwFCcIIpQBgRdt0/WdIEoAxzAA4YHtJ0lKs5RWlFEaEzgGIORFOYuR73kYnsmqZNs6CVMAIEpCnKRYjgcAIgAAhDjBgizGYKpoKiBwP4pdPygUtRSDqpZLIU5gpGM4NM2wgijn8lubmwxNT0b9KE1IhrJ8bzafRUnieF4MIE0zKUJJElMUYEjSdzyCxPXVMs5wliWu7edPLya+k8RxzDD0zz89PL3sPXwxwgFsrWmlsuYHOJli/4t/8TMMQ/+Pf/23I90WRGG7qv7nP//83//q66kZRE7oeGGaxSRGZBkRBYm5WkgiKcksRCCMEgziKIsKFfXqavQXP/zUsqyl5+RyLIYw23Jt2zZ0A6JMzaksJ67XhB+9v7nSXS/EZVlZzXU1Vzzrm8Px7C//9MHt7aK5WgZxHMXB1lZFlInY9WgSA2lCAIQjEAaJqpK1Qri/JX3/qIPhcq2aD2OfgJnruRQJsyxgOdaO4CfvuQkIfvUV/Uc/UGSV+81vzMCNSB47OKxeXFpJivM84dh24HuywscZ+KPPd7pD89nR8i9++t63j08RoNM4FhSRYFgACct0S8WCKIiB65EkFWXQi9IEIwBJ8LKCwaiSB+Op4cd4oVDo9eYEllYqucSPJ4P+R+/flmTq9OKq3VRLOZBFdqnIlcucQCfmylwZQRyazWo+jUSWZgUhefTyMqeJd25qHJ9FCex0Zrq1eP9643B976rvvz46Ugv8YmFAiJMkmYbxwfb2WuMWw0jd/vP1bW2yMl88fxX5xmxmjgd2Xubd1XhtXclpHEIAp6AkEY1KQeLV/mCMkZjnBY7j1Ov87ZuVenNzMs/eXna//ObIC4hb169VysXFxJBzJTf0Hz57VSorP/7pfZJI8gIhcdS3j74VFaZcFXYOW2/P5kmCgiB0nTD0Yj9IRAncursdJtlldxEkhCLJaRSOp2aYMq5pMwwVJ5FrOTWZKio8QwVHR6//f//+14jEq1XZMicEgyCJXU1m+QK/tlbK0ljTaDWfTzLMCwKCQppEqEo7pzUxzH7x5tWbkxmWAYoEAJCvXvdZCqNIEPlWXuMRAJ2ezqnVVy/fgAzbba89/u7xr786ckKIcG629KvF/L2bHyUJcd45Ozp6i+MAJ+D5Zef8amz71pNHr8zVnKPpJMYWhjtfuSed8XjcdR2PY8XF3BhNlkEA8qrykx//aNhz5vOIYyXPAa5DPH8+eXtp+wEgCTq0PYaiDWOOkDOeXbU3yq2mGsdAkISt7Z2js2mnqzMUr8iyvbLvXb/72Yc/N1bmb77+x4evf/um9+rbZw/PT58xZGCby6dPXgkcs7/brpbLBM6SQJhMo+FoRTHM4WbjTz//2c7unfGs74MQYzgA0h/98PDDT+9KOYXmhDBOiuXKRx9+SgB+dNWdDoeCVFjOTYgQhsHAdSFGeEGUJFm5WEqy5Pnz13GKCsWC5djnl+cUTDGCfudd5cWbyXRgZihKYYbhRKVaKhZy+nKh6zov52laGA4WECbFshYnAIEMJ8icwIOUoYvOjz4Bv/wtQjFFcwTBsIoiMgxBYIm+8io19p//+c5s6b08XgAUcCzPUHyYIS9I2nVaKwQffXLjvQ8OA98+O7vISZTvLVf6rNmUihq1d1jP5xgMgfVqESTYyUmnpEqH22sNTR0NxlgW3739Cc+tTefDMLZJiikXqwQi93b3i6WG6yFdN3i+MJtk737wk9Gw+/roheUFlmMdHm5LHFOrqARKq/WyYa8s22Aoejk3UYoajWIcWtPlcrFYRGlydHJGMiTC0s2tqiCTk34v8pf9/pXvh7VyQc6zD5/93kj00ewUp9I0cauNykK3F/MVSqJanioU8pOlEWdosBgnYRC6KzlfHw5tSeY31gWtQKi5eOeA3d6VIU0fHVknx1apINaKPM/hACHbyXwvqa9X1hqwUpZYQVULRdtYDcfDoe49eTWcL5YPnzw19FG5RBwcNg3bqBbFIA763cl4uKi1mvrKBal767pQLMjF6i7KRNe0N9erRBa8fdNZLOy3Z3Mxr9YbFYEhCYzO0uD04s2d+5sYRbw4tb75/vSje/V/8U/f/+rbR5O5IctsnHqFWuH45aPDw7Ljml9+9TQlsGqjmZM2vYWvCMyb118HsZ5mECVwbW1tNhqzDF+pbQOcHo47/cGplpM+fu/moHs+uhrIcmE6m3719Zf//J/+j6/vvPvo+a/UkrB/+ICCOY4qrdd31tf3ZTVH89LB/vbe1prrRRCkw/HlQO91ViucYPDAvr1/c6O56boTO/WUvPD7798Gvv/Pfnb3vQfvF7XqeLjkKBSF7mK+DLwUJUirlHd3N+czo1QuRkH49OFLjsZxMktS2B1enXWP7citNyo0Q0zHoyQKSQKHBK0W1IfPXjx9c8XQxG77mjEFMg09pz9d9U077l3pSyMUJUGQ+NkyfHM2KYr8h3dvogxBEtAcLSrCeqN++/qdWnWTxplysUgShMRx9YKKQ4AA1mpWZFnRbevi7BKmpMxxq+Xo6atjw/W1Uq5QlA93dxqVPYEqROEiimc4Tt25df327T19Nc9g3Lsa3bv/wDJDCKir/kzO5VWtgGO0KAuFHJXGHsJjRKQQ5z0fBNEyQclZdwxQbJtm6MU8TSqyOJlPOoORHSVT0z3vD4jU/vz+QeCYDBkcH79YWGaAMCfEPT9qVAtbLa17enrWmRyddJKEYagihNxVZyZI8mxpzmbLl0+PQ5dkcImipDTFSJbIlUuQQI7vG8ZQUhIIFvP5W5JxZ8vR0fkUw0HvSrd0l2E4x/QK+ZwmigzN58tSZ3yGkLy/9lkUDWer04ePHmsV7ea9a34UYBDc2Lu22bpx++AeSbNhOrKcU5LDGQIvaBWcUleGMXdDw3K3d5osBUASYzi1sXftrLvqDHQrBp4fOqYROos0cMtadWEYGUStpvbnf/5BGi+iyJMF8qozjRPuow8+AQjH02SzXS5qwlXvCmFZrSC26404IMzlgCTt18evfAREpRDHeL2c313bEbiiY88t11DyEs1xS91a6rosc3h1rxknCUmQkixkaep5DkZmYeDxAhcEfpaGuqFrihCGUZJFCKQYjliWZSnSjbO9TVFV6O+fj7MwMUybxIjDwxvTycQP3DjNGI6nSCKK/FKlQLM0RhCm6YRRxDA0wDKW59PQwyDOMpxtOHGS8IKA4RmAURR7KUogQWAYEfoRBrAkAyAJIYQ4RUdJhDBAEJRjG1maqZpi+8bOWg2ncN32/MADKJ0uRopK5jQyTDPHBkGQ4ASeL2pZ6sdpjEM8yQiaFdRcLkNZkkYkSfIcm2RZLid6uiMLEslQGEEyBG67PoknaZpQDCPJAkESDEO4UVyrl0zb9X0vSbKcqqYo8R1bN3RBZF3PlzU1Cj1dX6ZpTLGkyHP90ZSlCIqgcRyPwyhOMwgAKygMAQPHj/2I5ShJYgWRoyncMqxqo0oxwnKmm8YKwzNeYqLIt1aznKqKPJ/EGcySpa5LOZlkqMGgz7FkTssBAsRZCgicFfgg9BAGcRxjWN61PNe2GYYhcLpYLES+PZn2KQLPMlAsamHgwywVRQGiTC0UAEAcy1AMlfguTbOhH0EIGZbzo5Rl0PZ28eHDi9hPRVnJSczPPr5x3p1cXJlaISdI0mIVNcvaP/nZg+evjn733dsU4ADHRFb+X/3zf+K49t998SyL8dQPJEUkSDZJsDiMZJ7Y2WiANPHD0PQCkmJcx8+SVBLZGGCx7fzzP/mTX335NcPTFE64ThREUeBHOEZQJGka9lZL217LL+b60gC8KLteCgGBY9hoqv/md99urxf/i7/66a3NMovFFJlJKhOnGUzT1XiOUoRDPI1Ro66Wi4QspoIkdHshxzP6aklTBIYDz3XjIIS4TPPuX/yM+ne/8EOTvHvgzhboyeOYodnmura9U3rxfOx7CcPRGIgj36VJ6HrGu3fKT1+OhxNMFclyUfz1V69YjiwURYBD3w9dx61UNBzioe/QDJVBfGkYrMhzIo1wrN3gb+zLaRzQDE1z/PnFGIB0ra26trWcTQAeffjhLd9d1er8g3d2aYYwLDMnU9UKmybwvGsM54Efeu99eM80AgJP+r0zkMFajfFcQ1EVhmXqRea96416eT2KCV5id/YqECNWc4vCMAyQu5uHLFFlOPJ33/3t0tXfnvQsU//wnZ1iQfOcRNdXEk+2W2qcIst2m62SIpBrzbWt9b00dgkujRNPlABB6PdureW1im7avfFAt4OSpu3t7cRe4FvhzZt7KZZ8/fARQSWVCnd5dZqFVkFVv3/yWMnLxTK1d71pOQEnCJbupKFTygue52/vlb3QGI5tSVF4jjzcrooc2RuZK901poOd/aZWzBFE9t7djarG2O7cCj0rSVICXV5edjrnJA/748V0aRTKgm0tGZ6tlhnL0b04mxtWTiE+fu9QkXIYHv32i1+97U4zSCtc1mrkgyS5Gps0hYeeKbHZ5dmplJOSjFQLmuNaFMFst+pYDL/65gUiuAzhdpCJLH7v2nVe5gGN/vZv/tEN42arVKnkaJmsNepv3l7eu7mXE7Q7tx5kIJ4u9d99e0II4tvTi0at2G43JVmCWLa/s+66UbezHI8cmmK6l4N2ay0DTIZITeGv7W1oOZGnidZaM4rcwdU5xNxqVf32yaltJeOxZTvQtkOWZkMvAWl2facRR+Zv/vDbF6dnepiIijZbRAIvcjTsnvdpgV1fqwCM6vWXAAKJox/cv01ArFzKUQBjKYUgaYg7bmJlGMhp7PZm1fOD333z6unr7tXQGI5XjuVruUK90vRs/bI7XqwiAsts0yQpHCEUxYnA8TzHJQhMJivf92VNWhl2v9fHUIQR5EefFk4vZpOem6URgCmAqFgu5DXF0b0MYTEiwgAQFN1qV43lzHIckiEpmiRhiGLMidBnn7oXPaLfZUkqjpJYVSWSwEI/6PamjQrx7l35q697g3GCoSgnCxnAUoQxnHDnsHTremGjrVJUdnL0mmQpx9YJEmB4tr5Rtw07DGKQIJiRWRA3WhtZAjzTqZerDMXMDZejBSwrablrtjMTWAKFsSxoNCnXqmscV3j4/dsEEQQBc2pOkqv7Ozfq+VzormDsr9fV9bpW1XKGbt+6fYtm6LkxmM27jWY9p2imuZJlgpGoMA1IFh8O+wc3Ng9uNPM5OkniUa877Hdzaj4nq4fX9m1rft45/vrlaalRXsxnWRI2WuUgTlzbElj8ow/v/f6r73uD+d///fdakR1fneUk0o9itbI5XSRZBipFSRHhbD4BCJeVEs3yUZIyLMZS0Xvvt9a3SheXPSnP7Owp25tCSeOTFOTzBZShSpnOMPDdo/NatTmZrFiGQnG0XEwECZuOOjeu7wkCn1MEtShgLCbKmMiHs+ksDmgIxPv3buY1SWTp5Wxp+tHJ5ZTmOYKmIAjiKCpphSi0h8MhwvDT88HGxuabV4OKxn74wZbn+UvDFWShc9W/OH3ruEsAM4hhfF7IUiwv7mBxBjFEsSlOuvmC2m5tFUq10Wi4XI33D28PR3PHWSaxXqvJEpf+9te/3tvdvnb71u//8K1pBv/in/4vkxh2R2cMJxCkNL4aMTSbU1RO0jJCWtkESebP3l5Npqs0dSAdm+Fi7gS+a1/fXdfkchy554MTH1L/8TevIt/+yXtbe81NSdx0zfD8rEPiUOHZcimviHKxUCpV6r1O/7/9b/9+sVi0akWGohWZEzkWYAQrss9fvdBNA0tje2VgWVatlzRFPb/od3uXT1+/Hut6Tua3qvv10l4WrwxrEKNMkIuG4YdRGgLyN1++Or2cfHr38MZ2S1/MAB5tbjUty7WNZavVaDb2poOAozXHjPK5Yr1Rv33zluVEhUqtVNVeHL169vI5y1DN2lZRVTAiTBA6u7hiWTL0o3qlKAoKSrhiqTmedLI02N6sm/ril7/+cjyemmZyeHjdWFn7B7vzyaTdrmMYhWPsndsHqpDNF4so9Z8+f7m2vl4pNRDILjvHX/7h+Tvv32YF6bLXx2FIUwQgCTOJMUG6GKz6V8Mfv3M9XC04Io1Cc32r3h3OtOaO7aJGrZS4CxAbp8fnbgQgoEhCy8kbm+u7gihkEBKEkIWEu8r2Nm99/Mkf7W9dYzkhV1Lnq+VKH0tFmRfiKFxSWLy/05wuJp4bMDz3/nv3+sOVouSr5ZLACYrIh46pFPKMQH/76NsopJuVG4iwuuM3by/65xeDIMHensz6F+PAyir5nbX6vhNap5dfQtJOsnBzvbmcrNa39jOAPX55fnw8mPT7xnLFCUoa0H5ADGf+aO6KOW1vdy3PA5JI5pPZux98Uq1tfP/wCUPiABiLSa/bm4oC57nZi5edOM38ANcXpizLJyeX3eF0NJw26txGs44SCsMsMUc/enY8X/kkjhdKxZ2tlsLmC1qNILww8XlRgBgO0rS9Vmg3NHztYJ2iaEHgAcw83yXxjCAwAsNilLGsCCGmW3YSBSQtQ4hnKGFoCmUZQ5NeFHx8R+sOF52el3ghyZAApryQyxe08WzMiRLLcCQFkyhkOAqg1LJtAsdc0yIxyAsihuMgSzFEZmnqBz4GM55nsjSMoyAOY5KkkjhLwzT20zRMgyDNkoBimCSFvuMZupElKUkAhGKWIzIYQxy2GpX+cEiSBEnCMAoUjVA13LTTxdQBCBAYiMNAkRjHcVmcwwCMAtfzLJomFIFFKMEgiNKIZjBjacuyQtB0GIU8Rywss1zI0RSRoYxnSQABzZIpgJoqxElGURSAII2TXE5UZM517AyAJEOCLERRkGaJbuh+5NEkFiQgizwMAkkUEMRohlNkKYjTaj7v2g5I01xOgARGUCTDcAiQLEMGfrhaLBzH1gpqCtMwigmA274vioJtuzTL5Qv5BMUEScymY0ki4yiwzFUShThEgeukcajIkmMYWZpgaQayFEI8X6ikWaZby8B3aQrDcZSlUbFSzOVyoefzLGP5QaVWBBDhJJlXBALDl4slxXBaqWC4oZYnRIE/ej0jIS2I0nor/+Bw69npleVBQcotZmY5r370zrWnz0/+w2+eY5DACEw3vHs7W3/9xz/6v//rvznrTDma+4ufvvPZRzenM3M8dtpV4fZB3VgZo4WFkwQlsEEQoAxYpp0liSQJZ+eXn9y92Shor0+vwihZzHQIQElTswzFCYQ41qgIrZoahHFv5NhOCimKoml9vEpdNwiSN8eXQaCrsnjn8ODd6/schc0Xy6nuRBnBszREOEJYoybk84Tlmh/c23pzPssAY+gmQ9NxklimE4fITeh7d6Ak43/7D/DmAX/tGg+wwutXXpqkpTKztq71h3YYpTmVq5RFlsFZhi7ksZ0t9R9+9TpB7LNXr//48/2CwoUAa9YVQWTmc911zCDyPNdRRAFDOMnQumkClFaaxSQM7x0qG01SEAlVESfzle/FHI/hmRX5Tl6lDGOGAIhjN0mcVkuNEvfp4+fdy861w7Znm+OhNZ5kUyvBkaHKFJZka20uDD2CproXHdcLaTzdaAilHC/wcrnWoGkWpeHzx68DL6pq+WKuhGIOpHKKmc+Ov+5OphzN7u2UqgVi2O1nadxsFhgapzhetwJBEFgax1CakxVVqfe6F8P+iaYQtRLM8WkxJ1arxWKRueoNeoM5SGBBKdgLr9mo16rSZf90bi/DyPKcmakPC3nh/s07Z5cXAQo4JuVzBMswWQIW03m9qsxHo/PLfq2au+wMY0iWKmpRZT7/4BCA9NXJPMkyFNs0C1iGYlj85l6VE+j/8Isvekt79/aN2Xzy8OGrXF6cLFevjq9IFl/brB29PqZZSityIcJ64zkl8NdvNhWRYhnu1cnJ909PAcmtVkuexkajiRcSo0VwetyZTme1sgJJYmtv7/nzkzD0280CyEICxfdu3REEGuI0TgoIZAVN2q7LaWohGCZpliVRTiSMxSzDsCdPXgic9On7NzfWruVzRQCjt6fHMcTqzYLpeI2KeufaNkpdy7Nevz59+PgsjgEv8BxPrq+ta/nc+dmwUKjCxG/WKtVqfjWfUyxbb9RNwygU6Ti2Fk6IMgwAvD9eJggyNLOY6WkKBI6Yr+Yz3Y9iPAqickm7upxPRqvYCRd66MVA1tTj88mLV51qsxzZS4bw2w1tb6tGUaJlI5IGb08ee4FLM7jA0dbC/t3XL952FqKqbmxvKoX8ajHdapdFMa8o8nRycdadM6ygz5aiyEAMOrbNUlS1VpN4iaUZliZplnbccD4fx4Hrh95nP6qcnc1jF4vCgKPJNMsyhFaG4VhhrbbBkByO46qazxBaTBdyTuBYMoyCOHI8yw8S+uPP8c0t8ckTAcapaS60glrR1Gv7DY7N1lvYzWu5F8/Gx2dmjocYyKI4YlimVqvcOSzG0dVvf/UfX718/eD+/s3rbZqA5VLFXOpX5yPbTMOILlebAOPjAIsi0rWCw919kIHhYGp7mSKWZW6HIisAOTh0aQxmgG02t0IvGg5m/c5YkHP337kDgE2QwFh6ZW3rYO9urdAsKsWSqlWrdV5QlnNTkgo8zybxJJ8nWIoCSer7y6fPvzcdvVSRODajqHg2vlhN+mqBVyW61Wqsr+1pchVFeK1cXyz1ueFOxlOaFeM4C73IMqxGpUqSYDbqeQGgaFwQYKOi5POivpzmVFnOKTRDI4CKmkZAwDJSQcwZS3046iIUR2GMYZBhQLnMkrR39265UsQCR2dZXNd1zw0zRF+7dj2KPIGjIt+2LPfO3V2WIx9++6TfP//T/+RDlNG5XFuSchhMwsgr5JligQNZzNASjiscJz3+/ii09Y39zXx9baL7oprvDab1Sk5fLjc31ovFwnC26o+mOM1V80Tsp6/f9mzLeO/+4UarspzPlILGs8RwNDENQytquml4dra79T4NIIFjewcbi8l4pfui2KrUtl8fPQujFcvTICMqlSLI7OPXT33bXs2tzc1tgc89fPRq7+B+Qa7q1oLk0411DUArDC6GkxezVedqeHl0djyYzw+u7yoqWyrxLO2JChJl1nK8ailXyVdSPzOd+SxIvvy2m8TxP/uj93Za2yCWAJZrNTcRYLV8UVPKUQAgYB0zBbg4nRkMQ21vrN862IUAtWut1y+OD67f4ATKsoxGvVopFmmClASRICjfThHgymVFK/KUQGqyUBG2kpCfzi++e/E9pOiD3R1FU3BBeH02fPHk5P07uz/++MF4Op3pJsPSoiRdXfUJAtZqxe5ldzXX241NQSw5HiqXylGUIYyCZOzG8z88+dqyzE8/+lNFaCxmC4YhJ4sxJ7Braw2KZGESkkQqcDJDFnNSbqnPfX952e0kCP/40w9IiuxfzbMEoiRcTSdXZ+c4YPav37MW5mo01Apl3w9XRhj4sZJr7u3enI/PGQHb3d548fz1Rae/uV51bOPkrKdU6oaXnJz29tbaW9Vqo1IoVVVelDqdcQjk886CpMVKKZcl/mwysiz3/Q8+KqhbOzufCrRoW5eLZYfjiNDL3nv3s7t3Ptteu4aHcDUduY5Hi1yQ2jTrFptKHMzPj1+TANy9fSMIsu7luFSt+35qWFgp3yShQKQMBQHNwgSEK2M8mc5KhfpW+/pV9+15502zvVks1VfLoJArv3/7Xq206xgsSUinvWcr+5RXKJ4ieIbSl2aGaN9PT7vDfLl458auyHLN1lq5sJEmIkaUCLIYeZi1DHfbkgAAIABJREFUtLcaZTKNFwt3PHa3dq5JUu787JhhiZU+xIlEzSvvPvjIcWFBK7peXCqWvCC0ghRQhJTjeCJQOcY1A5aIjk+OMFJoNRuxY4S+SWQhSmit0jw5e/vi+JyiGJbEzcWsVhLyKo/v399XFDlJMpomEAYFkU1QatmeLGs0w6QJyiCNAQBxyg0DlmNxEo/DkCAZlos+eafy1fOhZSHX8QmKFCTWWOnN5prlenGaJCjxbCtDCU5ABBFEWRKFoRcxNAsgToty5HtxFGcpEmWFpPAoDcIoCKMU4iSOUZGfwhSwBE0AIs4gy7CCXEAID9zAsZw0ikkSoxkqigJJlg3bDwKnUdNWuk0JXBTZkEp4AVgOcs2MpegoDL3Adb2Q5fO246UpgDjB0BROAoABhhcc2/ofMgHPjQic9MII4GngWqKc05dzgNI4TvwgipMIYIBkaM+zSJqBOBGGkWNbsipSFGa7VhxHEMchhuc0dbFYJAilKIUI+UEcOR4OEAAgXywxDB1FSYawxWgkyrKWz0VxgtGknBOjKA6iiCRSx3E8y4UQEwSKoGHg+zTNyLmi51icKJdKBT9w4jjKUhBnCKVRGCVZkmVp6lgWQRMUSSGIO6bFs1yaAprhS5UaJIn5YuoGHo4jhieDKPLDOKfm0iwxTcuzfVIUb1zbsHTTcRMMIBwCzw04ltva33B9b70pZAi3TJzCGYplr++Uru9t/f7p+XyVEhDdOFyrVgvnl8OT7mI2MVmGQDiGo/Rf/fWfX416/80/fIWTDCfyP/3o1rWd9tu3fVXl/urnt588ffPsTRdhhKwIEAeBHxhLA4MQZQlHJY7nzcbT/9l/9p9fDQeD1dJx/MCL8qqQIIRRZJIk1aJ4/852ThUnK3c6c1zbl0Q28GNTdwPHFgXOdM2ZtVg4FiToWr56fb0tCdTl1SxGNC/KfhBWCtTHH+7PDetgq6qb7kXXdwwLwQwjCAqjUkAFmffHn5PfPHEDn7u2T0KAVZUylsXXblUrGqNb3nhmMhyfpGGtKqZxBLP4j368xfDU49cz34yDFIbh6v/0v/+rN2/OTMfLQm82nBIUBQCkKIJjGM+3V4sVRUIMh0I+h2HBjW1mNu6JPJsT2YvuxLD8nEIVJBhYeqOV83zv0aPnpUqxXqutlrOr3onhWNPxnMIzBBGOszTLjsbBo+enBztKXiIKBYrjqKPzoWlHkMjSNKHIlMSwOMoUTbPsMIri8+PLdr16c3/DMRLDSLVcaWq8Ph+fTJdGUaNaNTIwTdcOtrYqgkQbRrYwQl6QJ8ORwONxaNIklmV0GPgEbkkSuH9rfXu7YVg2gSPbMi47k9SLb+5fE1m1XKiUS8p8cfH7b78meArCBIMRSSJFzD24c/+qP7iaz3ASF2VmMVqMhmboJYFruE4AMFIQAC0IGUZnmV9S6MP99tvT0ZNXQzUvIxRTNI5QNhuv6iWxXCt9/3by9HjU2NrqdHuW7fMiHaZYf2IwPLXQ7fnMABgeBtFU97RaI0UIIbRY2t99/8KwTct0SYrACYClgchxpuMlkJrN5iRJjqarICamU3u1crZ3mzDz4ySJYm++Mn7048/jJHz4/ZFlO8WcFLr602evzi97vCRSRApBeHx8eXQ6xEhq0hvurtU4Xj6/uBhP+i9fvC7UJElhh6O5aY44Nl6trPNuB5EkxCkEsoLKygJFA4TSFIVIFPhmVVvNVpFnuq6zstxGq+oFkarkhoMuzUKtWoyi1LTjJIpzimKYru/5lmXhGCRwMpfjRFFob6x3riYCy12/sZlmwHLsOIkHQ51k+Gaj6nru0Zuzfq8j8gAkhFbajFPdDleWa/iOrghUoywROCnnhEJF29hem45Hy+ky8mYEgVCKPbi/w1DB6/NBlLICQ6WRB7KMZpk4RvV6nSaxLE15jsMI5Hq2Z7tJFv/4p80/fDNol7XZfMlQNEgzP/Qt1/WDhKbw99450FQpThBAIPCCRr1E4Kmuz/3IcywLxbRcit97J3v9htVnBIpdBNFqttzZLtarbDGP7W4XegOnM4izxPai0HQcSZKLxfzhtsJx+tOXTxcL+3CvqaqsxHGSms/JubPTQbHWjiJiMbdyaqVQqIhKkaMpz3YERfuPv/6DrJWr1a0oKuKEGIaTi/MXF50LWc2Ph70gdhQZzxeEvcM1x9ZdWx+Pe54zt4wFS0jl8g5NqLbhrDc2TH1Bk3Q+V2vUtgWOnExfWPa0UpZ5kewMOudXlxj0FZmw7AlFJoomcIIYeJks1VSlvZhYAAgMV262DrEMYCgKwqjaaEwnc4YmC0W5d9X3PEctanfuHtbrynjY0/VVuVKkWVJfLS1jputD1xgJfJBXcIakcAhzKrO5VpIkyrKCpRGtdM8PfU3jCCLN5zmSzsI4Oe8MCuVGhgRJ0DgmlQQsDN1KLacVmHG/x/PsrZvrJEm8ej0oFNblXEHTxGa7YCxnQeAWippjRjTDPX38hmNJMS99/f2JHaQQIgojd9sVEoswkOzu7E5numnOTdff2W7PxgNaYJeGFzhWvSTvbDVNx7VMIwzC9lYFZbHteQqrbbZuKZxoWctCQTRNU1FqpcqBZbuPXzw8719EgSMLdLOhxqERRvat29ckWa3W1rOEkpTiwf6Nq+4pJaYRMo+Pvlsag17nSXd43puOznrD08HAChwxh8Xh8sXzP8TJ8ujkzYsXb6M4O9jdxTOewpPL6fTZqW/pwfu3Nm4e7IRRFka2KJEgjpMsZXkJQzzD5sdTXRDkwWDWaLZrjer6WrV/dZ6kWZyCyWxp+xFBYGEctpuNg70de2WxDE3hHA25fKGaV2gATdO2ZUbI85sIZ/qTo/5sgMFUUZXz3vysO4QZ+ulHH1fUJgXlXm8+Xzo4xiwXhmnb+nIRJeHjp9+gxGu2CsVyMc6ybvfc1Ked7tul3X3dedYf9z9//y+ub3/+9vVpFBo0A3hBRim8eeuWZYQYQLLMjgYDJddg6bLlero1OD/vNJprP/3shwAnX706TpPYtR0cJjQBZUXJqXUMY1WejJJk9/qhohUK5Vq9smnMw/V2kSJ8VSG+++bbQj5/ba8V+G6QAFUrrExf5JR3b9wRSJJhUS4vHr3tjeeh5yOSlY2ViaVxEkWO50cIi3zq7t0/Zynt91/+u28e/s2r0xejycx1MJauHGzdPH19NDh/dXDQzhU0nISD4YntDlerUbPMJjCbzM00wa56U4ZVDm7d6XVWYcAVi1s8k7PNBclGvfHV3DIEkWZZrlnZalS2dXMepGF9bSPxEYjjzXr5wcFNnqpnWQ5Q2cvTX1vhsLWxNh2MIIhd3xUkLYuJ/mQWIXBte9ecBWmKtdt7ktTa2n630TgQhZxtmBs1tVopQYLT3TRKkiyJ2mtN17bXaoW8zEgcXyw0OVKAcQKyLEkCQdbOrgZ+HPuOLdKgVdJ4VqQYbLgIrgZ6uZRj8cT37CjwHCeFnHZ80fvu4RFIY0UkLt6eUQRQeBav7zZomkEAi6MoDCKOw0ASO4bFMazAswQksgSC0Asjj6JwDANhGKRxijHc3ZtKsUh8+0z3zNT2PIgRBIRxGuimvb290x/0IQ5dy02SmKJIgJAsiiAFIEJJnACIWJ4nMAgSHGWpIHIMQ/q+G/guAIjAmcCP0jijSZLGKZxgKEGWOCHN8CgKkjimCYIkYBoHCCCUIQxiOIEGo8n22ka7Vj2/7JA0womEY6mVjjDEwRRDKPkf6nicYKM4wSHtODYCKU3gEALHcz3XTzNU0kpZgmVx4rg2hmFJ4NOs4Nt2HCUYxCEGBIEPI3+50imCZDnGtb0wSgFCWJpChDKUAgghiUdhXCgVTcNNUwQwXJKFIIZZGGKACMM4jkPH1gM/4ASJoogsTuMoSpNMq5RxEpq2HacphUHDcqMgEgU+pwpJFuEEDRHIMkBiBE1xHM2mYejZdpIihmZ8x3FsTxRECCHAAU1TGAFd18dBxnGMKEi723s8x80XY9t1AAQiT4IsCZyIxIjIc0mStJ2A43mG58sat9nKv31zhZLEdozZwkhiSHKMItH379Q9P3OcFGbID+2f/WCvXSn/9ru3AIJ37m7xNPPw4bHpBJ4fj8dzTRMZGv4nn7yz027821/8sq97RU2J03S9LpVUeTabf/bRph9Y/5///jFJ0lESlapqlCQMQ+vzZU6ky6XcWl0VRfpqol/b22pXql9++02jXTxYy++1lfs31w62S1vtUlHLl7UCyzC6sdQtKwMkQeIUSXqO59kuR+MYRHuHDYzC/v53TzqTqSQIP/74gw/uHfS6veFMJ2leyVEPbtc7vQmEYaOk/earDonzGYw0TS7mNNvH9q9Hd24yf/sP4UaVLJbSyci9ubszX+iaxt6/tpUXCzTAPNcLIi+nsa7rZaH1/oOq5SXDaUZRdKWsun4oIvvjW5v/9X//m4zkGRJrtlu+E5MEqaq5NEriJG2t1zCWXMyGP3inub8hP33xUpLkdrUxnetngxmWxQ9urfMUXi7IcZqOpyuIUw/eeW80ntjm9PatdVXN1eq1NMFNJ9JKWpyBDIiL1XJ3V6FI1/PN10cDThS2dtauepN6vQwASgA+GE+jOOEYkgSwoIjVQv7idFwsNHmBvVw8f37xOsuAImdljRlcLVWluLm5Zjrxl990a82N6WTqmIuDLa1WURVB3F7buX/rRrUodDtXqiiXqvVef/n6uDOfO+YyOlzfqhU2GCqviApC3q+++NWzt0OcIEHobW6UeZaGBKXIBYZWfv3V94ImiSzw9NA0UtPy6/WKrKpJEjea4nBh+GGmSAxMXZYmv/rmdLVKNVUuqPnAjx07sE2fhbEgii/OdS/mx5MVwzCm6aZRfHTUixCFcHY8tTmaNa0w8CKCZCFGpZC7PBuZRohj4GCtQsMUoyjH8z6+d/1gc6MzGOEUt5zMF0tzY2MjiMBk5qdxRtEZRAmO0WEGzrrz7mB87WBn0J8s5paiKAxNvD3thgBgOPQ9l+fxlWVHafrB+/ulfI4ksu7gKkwCReNFidk/rKs54vGTl42mLInYenMXY1nI4H6cpEm81ipgADEUubXe5Egah0RO5Iyltbe/5fjRr756+/LN0f07hxikUUoKMolTIEqxLCZCLyiqeQjA1kZrvV2uVyQUxdWy5NjBsDvVVwFHwQ8ebF/bX2OouNUqd3pLhmXknHh8dG45oRf4IPPXG5scr1nh+NHRU90KMAx1O6O1Wmljbe2jdz9uFQtvnj6ZT6ehjziG0hS63aotV97BYfX9u63nz88XZlZQcwwNKIrCII4RgKXJ89MzmsU3tuqWbvl+nNPIz39Q+rt/7IIou3d3+8XbAcfQJEbwogQBdeugVimwYYKvTM9cWWEUFopcEruz2QrHYRqFqQdcP77znpdm1JOvM03mcAJEYVqt0n5geYEjixTE2F9+cankVAhAFKcERQCUqry3s0UpMklQxNnJ8XymD4dzVSuNR9Ptnd04jjOIL+em4wYoQwgQMkeXCsrpxVVvslDyxXKtHUZiksTDyVs/mmFEmi8pC2Nx/Pa41+/zEpOmwfn528Gw29woZZnBcBFJxSSJptOlKBQYVqpUm7bjSoJAk+re9ieBY785+UNrrahoapSG4/Eor4mlApumEU7AWr355mjEsVWa0DS1UikWaZLOqxVJXNvZeq9WLBjmYjCZBBECSVarlI7fdle6bnqJJMmOF8wXTpIREFIkxfb6g1xeHE/mJxeDyXgcOnNreaHmuRs37928dhdAAiMwSGBSLpci0O12alX11q2tej2fAlKrri8Nx/dDz/W0vFosqbLEcRzQijxNZYulTtOwO+j0Rka7tU1TrG2FOAZYFtquyYvqfB5gkHEDpOVl3TG6gxXFsrVymcGIrWatXtS++fYPcl5WZdXUF6KYn46mR0eX9WaRZ8FoOPacWRC5k9mqUi/7nk1zWOgbOU0iAbO3d99YLU/P30AyHfWnGKGxotKbXHz97AUgRX1lBb6TU9iHX3+TZcnOzla3uxgOjAThzVaJp+MwsWgxmS57jx4+TEkIUDyc2oYZIZLnlYLpuDFKvvjdF4pCLebDuW4tTLtcKTRKjd1mczDq/fuvLlwb36gJUWKfdicv3r4dznsX/c6roxfP3r44PX9dKUs0BSk6NayZaS503cypudVycnL8cjgdNNc37CAZzVaT8fDlm1cgjRzDdO14e2NNn9u+D2vNtdnkYqZ3z3r9qlZbq18LYpeXQYhwx0+/f/r2ydOjD2/s/+TdH2hSIye37918l+ekWnlto7l56/qtaqVQVJnFYlQuShkI48BgOdyPHZzyUrBCmDGYX86taUls/NnH/yr1MccZtZu5w2vXQi/NEkYS1DjGcZBlwF/p8+VqwfFl18Y93zrvnsdJAvH4t7/91jb11npNt3QMQzhB1GotSW7GEcCwJAK4kFNPT3oFrdiqbwpMIQ7dRkObzoYiz929d39vd/+qO0eIsAx7NFm98+B9nmEsawShf3HeueqtMoxrNDY8z5d5Ooli3XQyyOpGlESyJFVXy8vJ6kWlybGccPfO+43mtUZ9iyaISb/TbFQwSqBZ1Quy6WL46ujx3NDvv3PLcvyzixnCSJLkXTtMEtg5nopiq9nesKwhhq2mxuDF0cVgtpBk9uL8KozgauW+PXmdKxe1wtqsv7p38zCxbJnSysW91toWzi6uFq+9WHftYDlbcgLtRwnN5Iv5jSzLBrNhXqo2y3fOLy67V8PjN0NJKAiUkgSxMZ04+pQk8FprLcro+WKh63PLmK+31m8fXIsj6HjJaLhMY5zESMf2kyDBafnJi2M/SggcZ3DI0ZSQK4n5yu++PVrqDscTtapycdFTc1JOq1abO2Gcura1t1k73KoGtqVIXL5QwHMNLQMwX9CyLJuOZ2kcZVHmGK4fhIIkJ1mapYCj8SRLozQSRT5JM4JmOQ7/s8+q54NVt5OlSYZTlCiJKE5DL1gt9bxWYHl6tZhCiKIw5hhKEkQCI1AMwihJEwQxoGglBuNcx3UdK/TtMAijOMYhRAilYYYSRGIkRfEkI1OswIkKR5G+72IQSJKoCDxJQIAyhubDOMEAkcSIIHnXTerl3GI5nayWJAujKPN9wjODJIoknpMkkaIJ27aTOJMVOQoCFAU8z8dxNJ8tWJqhaEbLF2EGV/MlwHCKpjOQjBcrnmExnCAIIIpcEsdBGIiyBNPIc7wkTmiWozAi8DwCYmEcKqooioJlWjlelnOq43oQQoYk/DACWRSnMYBY5HtRlLC86DiBxHMJgihBEMM4WcRJ2vXCIE4RSkFKwATQDMYrjO15GSA4TnQcP4kSHOJ4BqIwDLwIw0GWJQIvuk4MIYzjVBCEOE1oksQBKOVzlukUCioOkePZFE7O57ofhhhKAyeIgzRNEcfSG83moD8lMJJiacfSb+5q+lKPYpAvabbl+36cAdSqiod72qg3Ho1XtmsRRPThgxaJK73p4u7tdc/Wf/PbF7aXZmkw6g9N0+A56qM7W3/y2Ued4cWvvn2YpABDaLEyWlV2f6eG4UGhQP2//s3vFzoCWVatF0rlHMIwgDLXdnCU0CR+sJVHKF6E6WQ2+/mnP8pALEjY3lZJny8RQAJL//wnHz64dR2kVOjhRVUpKlinN3DDWMnnbMMGacCzRBREtYqws1Odmumz4/FJf+yncS2vPLh5uNGsHp11IEI726XuYLA0jeuH7S++6aYZk9d4PwwEVtRd4y/+lFpa1GzG/uA9ieQo0wJrjUq1WvvFb58PJossxf/spz//kx9+mrhG6BsUlyo5ol6VhxPvxYtREmethhpHYad7+cnd3QfXr10OJqImszLn+LFaEGtVzTR1z7NlJq2I8c8+vPHHn33ghe7SWlW00t76AUqT884FgSVbdWWtUc/JAsdxc91BEOA4LnNyjqVbjRyCKElSgIgkIfKquLfbUhR+Pjd8f1oquqbRJwmi2V4bjeaTsX64U97dW1+YtmF7+nJ1Y389DeJqpeo71mJpbW7uQdz9+s0/zu1VFjm3b1QJkC6Xaa2xXWm2J0t3aQU8h4fuYmtD+Oj9Dc91TN0iIabmSpPB5Nnz8xThOEGfnE6jlMgSbK2yttO6JrA1hhFFkXj4+KuL6XI8C5pVtVHNF/K5KAZXo4nnR3m1+sU334k5bqOmLMcGTnJL3VckJUmzzY1cq1U4vVxFISLwVOS4q57h+KzlZhSGwjhdTa1quSJx3Kfv3ghD9PXj3tXV0rQjgaV5jvcdDyP4MKNmSw+SLIURLKdgKKtXS5GfTaaBuQwa9Uo1r/zljz/jWebh86Mkw+5ubf7o45+dHp8dD8ZJlpEUs729RbPym1dd3w2vX9s93GlVCuX/Yc00ffDm6LKgSu1qniSJSlF8553blZI27PcpMq7WlfF4QJLpT390p1YpaSVtYRpTfalVCrZtUBRcLee2bW2t59WcUFDbJCvr5kwrKEkYNSsqQdDTiVHQ8gf7+8VymaMJhhNKpRwC4G/+4+upDj1v9oNP30uiXL5YZ1loLfXx2MQxXGDpwA2LxTzHwILCLvoTTVHenAyHk2A6s9Za+a0632rkJ9OR58fn3WmhIHW7ncDzDvbWCRqrKvwnD37Iiew/fvWL08mS4jlOkJ48uQyDoFotkRhT0TY/fPd9iQaWYduGu9YoNhulf/zti//q3/xe5rP/3X/5g2pVePiikyHaMS1B4Na22/PZ8vjtpSSzOZWZT5eTyaqxwf3wB5Xf/mZ8ebH8sz+++f3TC8vLRJETFaHZVn/0yWac4Ecd1wmC+XxGUOCT97emk+nF+SDNPAxGLA4tF93+EC8V/SffQhoXdg4r9aa0v5c3Db9Urx0crIkcdXxpux5Uc7Lnh4osYgjUS3S1kKWxQzEkw/OT6YKXBdM2FFk07WWxlCMZYmNn3XP8NE4gRAKLD4dXpUohjENRUmbTGYYrjWqVpf1CgV1bq/X6Pd02++PVYKLjNKPm1Wcvj0eLhSRzEIuCwFosxyt9KIhkEsNW+3C28lYr6/L83HeNvNYUhNZKn56cP8VILksSiiTKRWVvq6EvV1q+OJ/qu9feEbmCyGsUpDzHHY2mBEEFCZZlXJZQ4/Hk4uLMdmIshYvJguDkeqPx6Hnn7cnAcUGcMbqV9Qbu0fEIZclHH94dTp3ff92bzaHtEYPRMghtWSEpkvZDwfMYSdYoHEIYkngq0NhsvPLcdGWlkBBs1y/XC6Frbqy3EcqiJMaICOIxzYLBcDCajH0EEEQcAyQRT6KoVlWH3XPb0r/84jFD51mOITBSVWglr/XHVnt7x1o5vuNWFHmt0f77X/16OButrzfa9TrEE55Dvm9cv9YmgcPTWaUiuu5KLmqm5zEs4drLOHBCxywUKiKvHR0fnVweE2QGAcUJJZoL/u6X/743cerNFoWxMEGha7i2kaYZL5W7Qz2lQILMxfwsiSeeZy1mo9lqZhquoNUm/flsHCxX3s7+LieIJEVdng1wCEmQSizVXm+2263hcFbNFwSa/jf/4bvnr5atKl/TCN10ZS1XVNWN9WYGUoih7qA/1leSRNAM+tUX/5ArCMtlX5RFlAYEkZj2IoFJtzdQ86VKuS4JpOfpGJbkJGm5dK5dv4aRkiDKZmCPxpfD1WCpB5VimeGUN52jN92L/txNYjwvKg/2b79z7Xb3rEczTLW2Vi6UXdtjSLZRa/CcxPPcZHR+1b24c+sAAHhx2bEs+/XpxXIx5kTU6Z/qzlJhi+/t/hmFSn6k+7GeUxXbCQcjfbn0yqWSqqh5VWm0qmHq+tFqvpwXtFa7uS3I3GB8MRxffP/9s739VqmixknmhyFL87XyRl5t4kRG4p7uOQ8fH3/z3askixrNyng4JSh80O8wNKVppXKl6ZhJBvCclh+O+uV6maExx1tF4crzVpZliSK7ubdba5SWiykBklJRmS5NhmcZtqjkNnVreHTy21yJvn59n6E1ilJUreK6rq7PWYaT82Uvpm0brm1ci2PS9u3ZYlUoFN6eTnoDc2d9G6QAR/hsbO7sXi8Vy0G8HE2PTi9ekKJ4NbAoMR94Vk7OFdS6wPIra1yuV+ezoFFtVrT8+GIUuViptn928eK0+2VnfJmhrHPWZQgyl+MBInNqnadLpun1xheiIH364M8BxEazcwwAkadlkZBzUCvzYeh5vuH4MU5IzXZpsRgniReE3s2bd1LIYhgfRhjPS4VSPY5wguREpZAiRBO4wpMkADtbmxe9GcUIgGSbzVqjWcqytHc1bzUqoiByYkvJKxBPcyJRr2owRQRJZojAKzvVLEMYJLRCLvB8Y2WGYQRxghEkhFO24zM0L3LMfLnEIKQY2vXdJCNaVfjgpvrFw1nsk0mWEjQFMYgDHKUAQLBc6bv7O/2rrsBQaRLjGKRYiqZYx3Y812MYmmcFRlCyNFmt5knk4xipWwaEOE2ySZgCAJIoI2mJYfMQkkHke54Thx7CcAxnBI7DsigMQpokBV7wvIRiOZQB30vDOO4P+7ubDZah/TSDGWGbUeynURBxDEWSNEMzjpcAjFAU2XXdNEU4jkOI4SRFYThFUgW1aFtB5IcQZLPFnKVpXlBC30YoEQWWoAmSZXGSCNOMZWhByvGimGSAZ9k0QlHoK6qapDFOkgQk0jANg4wTBByg2HfCKGQYgqFp01gJgkCztOt4al6xLZOleRyiOI04iQNpCjDCc0yBhGmQRVGg5CiEZ34QJhlKkoihGRqDtmlmcUJRBM2yGIRxmJIYGcUwjRCO4VmGOJpjGJqiiCAIcrmCLMuj+QgSmL4yDMMhaVIRBc+Ldd3DCUaWpc2N6tlpdzgaK7KgG3qzJrQbOcsOCuUiCQnXdjmea1aZooYb+hJAKCssDu37N7f1VSRrjOusfvHrJ7YVijxeKHCL1SoBsJSn/9Vf/3y57A8XnWdHZ9bCdiwboKhRImUecCzs9bp/9+vTNMEmX75ZAAAgAElEQVRJPL1+UHMcFyAYx3Ho+1EYpL7z/p21OMuMCE4N6+bW9sHW/vHl8evO8MlR76sX/d99f/HFo5f9yUDgfCyL6rXW7b3re2vtWkm+6vYH43G5IhULvOd6ORW/drNpGuHFuS4p6twJ/7u/+YVlrz794PaPP7qfZAEn0ZTAzlzr7rXd8/Oh7UEa862VYdkByRs3DtAX3wQVRdxokcOZP5s6k/HizuGuaSennenrk1NJxnJKXmFq717/oFlWHWsGYAxI1nVwx/FlnnRNW81JBBb9yY9+UlOrl51zfTUvaYrKwhJHt3PiD+7v/at/9pefvfvBxtothstxEghivVlca2g3SUiwlL+7WZEFfjKZt5r10WipaMX25vp8smBobnd9F8ez7x4/vhotGo2Wq9tYmqEwKGm866ziOKhXgW/3aTYul8q9qxWGwZ/9+MHwqhfH6Oj4iiLp3fVa6ALLSTAMAJytFEvD2Yv+8g2kUI4jdlpyFmQZYqutPYxizi4uXHuWl4NGBVy7lmu3lO++f7nQV/VqReAroQdZVr1+8zpGUrrt16qVptZQ6Gq7eiDJKs/D09MnM3My053ECz+8u3dweLCcLR49fTk1ViBDH93/yLJXmkq3qjJNszjNjEaWZaf1ZvEHH+6cnI0Mh8QAJnKU78STeWZaWRBDUcplGbFa2EkYX9/f+Pjdw0538v3zK17IAUSCNBv2JiTGJCk+nllhiBXKNZREOUW9fdC+ttPo9+1OZ05QNMdQOMg+f/fj2XJxNhxTIkcD/Mbug7Vy+6snj5VqTRYVLV/U7WA69xiaUSTpcG/32vadrfYeRWFJgq6upm9fXf7oBw+SJJlP5+/ev/P+vfdEjt9cK1B4ECcBxxHFgjwYTHKquLKd528uRtOxLItHb08Xc1s37cPDzdXSrGjbWm7z/OKU4ygKAlURwjA7PZ8yFCnwLMdygW0+/P4lQzM0hfeGhunipuuTmbne2LEMRpKVyejtVW+QIUyR+cVc1w2HBNFaQ765t1WtVClcIggMp4j1Vm6rJSWJ/+j754uliQC2tdsQpVzohZVm9fi4t1Gu/OSTn7w5f/nrFy8mejgarFYzbziyNjfbq9USIFeW8NBP712/vdVoWqvVcr4IYvjFd91HTxdH5+Zypv/kh60//8nOszfdpUVgGIQwYkhsPpnSJOSYDCE4ni229pl37pe++OVgPAnUHPzJT+5+/eSSF1jX8YsF7Nb1/HePR52hJ0qQoTHbWL1/v/b2vHt21seRg0BAwwAikitGO9ue4wooKtGUt9Zi1jeUychIY9ww9FZDGV7pj573FZEoqwSeOesbTU2jCyppm6tqLc/xFCLJ8844hswffveQY0mOSVxnJktkHIeqIiiqdHl2GsZBrVnEcBCnoW3qilLbWdtMsxlNAwCy/nCIE6koq64XJRnBcPLSTF+8HuqmTdOkYZgvXh+Nxl0KC7Y2WqbpxSGCGMvL4uXZEQCxJFRpprCYXc4XY1XOL2bLSiFfLSmcwFIYCSFGk0zoeJGfSFLB9mJAsN2rfueqYyzGIMFb9RbLpjhNrVaO76eunzbqDVIoEow0HNnzVboy4pWRhjHcamosw/yHX765vDBVkcMA8kNutsKfvO6MZx2MDJrVOs8X68WGqogsjuLATmOY0wpJkk0nq9u3ru+v1woKNxv2OIaFFNG9POtengMicAMTYJlaLIxno1wOi0MdR07oTgUJakVGknOqorUa60kQ1cp5y/XPOjPXCV4+ej0bT1qVYk6ozEz9yes3paK82VqLYrScddc3Sp9+dGOjpe7uFCUF+aFn+Ol33x+Nh4P33tuvFelmo1QtFDGIz2Zjy13Vytr62r7EkW9Pv3r05jTL+HIxb+sOBdKPP7yZl7lWYy1GOKuww9XF8eUL3Ti7tq+lflCtFEuVAkEQfkJlQcgwnJrP+47rOyFNMebCUiRpNl0KEre+1U7iJAxIliDOOsO//+JCZuD9A3lnQ5UkVhQ4AmBklia2s9OuHF7fwwh8e2fjzesXpyenG5tNgUtJLNvebBirCcL93rQ3XS5zirKzs6OwxGJ2udEsXt/f41nFtf1ud6bm+CQNzjpvIzyLo7RSzsdx/P2zZ44ZrBeaf/aDH7578x0AOIICo1k3hfHG5g5LcJPpnOd5QeQuux19NTOMYad7ynDkqzengiKKivTl908FkdnYqp13TrMg/vT2n5WFvcVq6mf6YDY+envy6vWJouTW1tp5mUuz2HNtjMhMe7l0zLcnxwCAD+9/zpBsEEw3N8R6S5YECFC21M0sxWMf3LzxUeBFF6fPVClIQbK0w7kdVOqFo1ffQeRvr9U5mhr2ewTBDvvLIEpq7epCX9quHkWWbvZXq16roSgiXdS427e2fM++On2TV8W1VoFhs5W1gAjVqofl4tpofjRenvUG3Uq51u/rp2eXw1H/4cPvB4MeyxDrm2vHx0cQzySRTmKiUW4KvBglyXBslcvtw50DnuIlLkdCVisUEZ6srO7J5au5aXpRatrJynQ5Gt3c2/npZ3+UhEYGrIuzo/FgkhelilaNfWJv/54XpidXXz09+mWuKN6+udWqatD3ZJ4KI+j7yNJjjiuE8Wphz/bWr2NZnuOcG9ea5aLw+uVDjHDSxBzPhhiJUpThGKyWuNAzWQ6nOWw6Oe9cnu7vbqo5pZSnQGyLMs9wAsRIHKb3b+/yZLq72a5UirO5dfr2sr22u7Oz1b/qX1yO+mO7UtJEsRRGeVYUXdeYTyc4hKIseX46X1h4c68eRclqoXMUThPkdDzHkhQlCUFRECcYlqUJDKWubZsIZWmWRGHiR8mH90QIsi++W1KQiLMs8APPCVCUZWkc+r7tmAzLUCS0bZ2iyShNMJwiKNY0bZQAjqYxgkggQGng+54ksCSBhX4EEIIAZkkCEUESIsvnMJyOoyAIfZSlNI4BggrDwDEN37A8zyZx3HE9VVN5SUwRNC3Ls20viHEIfvDhnZmuO24KQyz1owzBJIoxCAzTYlmRJMg0DiEAWQYoiuEEQRIlnheCIJIl1TbtNIogTrmWn0ax70ep55IUgZMEw3G26wRBgFO8LIg4Qbq2HwYpkUEc4hRORWHKsCyEpK7bOE5wPIMQKJTLvhvEWUQRWBhEAEGGYSBCcRZjNEOReOD7LEORDIEgHA8nJElxDJkEbhIlvMCzHB2mcRRnGUYhlOEIpUHiOB5OkDRLJ1kmijJBsCSEDMdBiJM4lWWIY1mCJJMkETiuWioZlklxeBAF0+GUwAkCw4IgjFMsiiBLs1marDVK08nYMKzt7RonyzQNP3yw3e/PgiC2Hc+1U54nDnfyLBujzDMNs7lWqhTZnVYzSiLdNZ68vJgvHByLNzZyUo7xYyLxg//JX/8wTsI33VcJ8J+9GXlOgpNpvcpst0SRJ2kGP+3OzoeRa7ulAl0ri5edRRihDKU0zbC8WBTRTz+98bYzGy1cJ0513Xj3+h0CRt1+l+Y4zwoAhBCQZ50hSdgkaX/z5IlpOwqv7K7tHG5ulosMSOwgsieGQXP4nTtbBE6OJrZlehKLL1bBd887by7PS0Xy83fu8SSPkfjSNWvFHE1EpxeLnEDoixWg8HfeFZMMDadgq4rN5suLSzsO0dLw4sD/yWc/XNrOzPESIl6sLh4/+r3CK/cOPhWY6mK+zOUpDE94gVtbL6VBVC4rFIdcx99qP7i9+87t7cOPbr57f+/+x3c/31vfazY3BUkcjiejyRBn/O7sbX86yEs1GtuIIyIn0oeHG7O5fnRyyTDUwnBtL947PIySNEuycrEeBNHJxZHuRjiG6vUSSzMkQbEsCRKLYjKKCqbTq6KGrTW1wA12djdb9epy6cZhyIvydDjcalRjL+HFXKlaTDPIsqA3ewUYlyIxFNksHu/u7MhKkWDlyXTqeFORs68f5EC6VBUqDMLpVM9pysHuhsAXS9pWu7VVb1benp29Pb462NipKOtYVqQoVivQ3z787WAxFnimkFexOD3c2SoU6ygLx8tBoabe2Fv/4O7ddrMyH/dWKxPDQb3ZmM/D6Wz13oP1Vl198mzoh7gksAxLBAGaL1yOE1GGRIGt1Squ5TMETsKApWACqenUYmiC5RhzuQq9IMsSnOHjjFjZnpAr5CUBg/C9G62cLLw8maUQj9LU9j0yjXfWdr9/8WxoO1JeXVrGen29Xb4+W02uJlNGkOZTfTgxREGSJR4BDEXR2toOSmiW4ASOzGJ3NTcZloxCcPL2Iva9RrW+tr5LYgCkruvqgMJeH3WfPjvHKJzi+GcvznGMtF1X1iqd7hSjKElmbT9MI2K3fa8/uPLsRaGgMgTmh9HzVx2awmWJTmNsPBocn5xTNHZwfS+OQtPxTk71JDFaVYbjy5OxnxMxHK6knMyKsu+lk7lHwuzaTu364TVFbDYaG2tNVWDDJLbfub85nvRfHXXDOGV5dmt7fbmKej0DANqc6X/64fsQS/9v/99/nfCy7yOWkbIUqqpS1HIpwrMkYNjk1auXpyfHLK9cv35fFPPnndHTVz3fAzInnlxa//bfP9raov7X//MfHh/3TjpePidvtJTAcyFC9ZpS1ATLNXYPoSymv/vlIHCJ4Xj8f/zf/Py3X75OM6xYlG7fKW1v889fLyYze2+nBGEa+Ys716RvHp/qRkBhHgQRAWOG4Jw4unkvXduowLgoiXy1it1/b3u5ijqXk+l0vrNdVhgSR8m//MtbP/2kJdLkRX+pSCRHujxH8Rx2dtF78mo0GNmAYG3bhzAlWP7xk+Nut0cTwLPt9mY9Q9FkPiqUpTRNao0STdEyV8chedF9enL6LIyQaQarxTRJccsBlgUYhiuWi1fDVeCFRU2SRd5zApTBa4cbpjlhOBpl1N7e9UKxgRM4gbmSyOeEZkErIjTDYMyysmN6qiJ7npNlket6vf4QgViWJZIg9vZuVauVVrvQ63fqFalVz9MsdPzZo2dvWJ5R8wzJcCDxGmstmuZHw6UfJIViXhDorY3Sg3vtq8Hq8fOZJErvvbvPUtD3/Fy+ODRQf5qdd8eGMWqUuRwPeZbnWEFTc7u766LIJnFI0UROIHiGePPyzZNnLx3fY3lBFFnTWgSBQ9OYyPMgCeIUURRca5UcfTydTpzArq8VfTMU+PL+7nWa4paz8eu3F1989YyicUHicgL1yXv3tdwaRWMrZ37a6eYknMSIyXiC4xnNkLPZ5PzyZGXa3z25uJo6b8+nlMCtr6kCgwiYiQwv8lyW2GkSqnK+UmkuFmffPP7KDmFRkyql4vBqKHNQ5kG73qRJNkq9Z6//cDkbWIFRLmY7baFSqha0Aivyp2f9uUtgcbLUY8vKAi+MvDiJUgCJi8s5AoxWLOuWJ4pKXitqav7XX7/CSH63ScpMokoczdK67s0n43a9WBBz2609lhUswwg8k+PoYll574P7y2k3if12u9Lrd3V7HkFMN7w0CZezIQWgoc8cZ9TarIyny6VuGK6B42GQBNPV2I0jiBEsCVS5UFW3/uqnfy1DVWAky/GHs8Vk3vEjW80pMEUYoCwrwHGEUqffO6MpVCoyKQyHk3H3avzBuzc3ttrH55cbm+1aq9wfDAps46Obf2wuVxkdBZnlR77jejubO/duX2s3KoahH789e/nq1XQ2miym09nMtC3bmlZL+STEswyRuK0V4LR35YdxtVrvXU3rtZ1qfWs8Pv3D139fKjMhAmFKZhiJMHDVuZqPe/fv7oIURUFC0FwCMUSkS3Okm/PldOy4Rrd7GoR2XsG3tqpJYJeK4kXnMvLMerOo5fnxZPjm9VueKW+vvTeanMol6KfheLSqV6r1ZtO2dD8K4iSOU6Rpynw+/vbRt0/ePHr09PeXndOd9naxVJ8t5gIv1avtWqGqz4x6rawVciSFhUlwevHainzbC4taAcOw2PNUmtpo7DqGZxnDlT50HHM6Hhzub+C4ICpVQVRWzumr819CgXT0ZbOm7G3WRYZSVX5lep3+MstYjtLi0BjOTlAUluWbrj4pVNKLs6PH3z+cLsc4BV+9Pbl+ewegTJ8uIRYNOv1hvxtm2WX3yrBWzYaoldjO6SNjdWWYC0XhjcXcs4yySks8OR2Ntve2J7NVnBEbm7ueF33z3dOl6Ui5IsowXizzXNnzzOOj566tSyzL0YQTpl4Q46X1Ko7jCCGMQDlFpAjSskyYoSiKeZFnWcr3LBykGYJpmuIAMpzES+gvftL65tm4042TIPC8yHc8kCGGJLI4QCBWFH6pLze329PpmGaZDBEYSQKIGboThylG4EGaxjBjeD5NAE2TcZp6jscyPEoymmZYLieKeZLAssQHGIjjhGVYEgde5FumGXkRQohkaRyHLEfeurk3102CZCGGUxBrNFsrw4bAbzT5/mARxSRP0LphkiQVBlEaZRRJoiQOfaeQV2mScB0/jKIUIZQkYZKQNBP5QZqkrhtFSUYRdJIhkIQQggylsiQZum4sTccJssAP3SBLMhwjQzeAKYQZYigcAIDhMI6iMPAbDS1LkhRgeU1bLZYwiViBDYI4DFIMQJYVcIwiQBrHsahIkKAynFgsV5BAnMRzDG0sHJZnAAbdMEwyRAtCEqaebvtmEEcRhpNBFnu+T9IcgpjnuqwgkSQfJ0kYJhjEEoQojNhdW9c9I8USksT8MLR1h4CIJjBVy/lBhhEUhmMci1NY9M69bT8MmhsbfpYFUdKsiihK5gsT4vJ86Xz68bWckkaRxfPI8wOSJG/trG01t3Vj+eLonKKZUoEjYJrLCyQnTyf2X//0gx+8d/P//F/9u9u3mrrlvD63SJLe2yl9+qCF0tgP4lK1fNo1Ti/NYkG6sVcMw+DJsy7H0qLMxRkkCfif/vTO9mb9YqpnOE6xbJyCW3s7u822beuG5+mGV6poUeAZS7Ndkz5879p/98tXv/j65LzXNW1d4plbu4d/8ePP7h60fWcRZkmplNfyOZQCx3IFOsVBiuEMZOmL+eTV0ZN2TVMk+fzqKsvS/Z3SyUWPIQkcJ0o19PFH4tFF1K63NTE9vzIAYBSJxkioG+7OxvbNvZtffffQClxZplUR9+Ohbk9b1Vt7m58RGUyCURAsm81CGgcSj6cgdgJLVXMoY2m6IIoaxLCFPu8MXo6WrwAx7g6eZtBPcfObt49fn3cP1vcb5WssL7A0ZdvOYDRdrYz79+94PppOFlouhwNgmnOaIHhO8WN3shpyHBsFUblccE1zfWMrjsIoMONkyQggSV1N5UhWMmxgG2EQgvV201jpRAKub+9ubG5BDHM9D6Px8ez8TefJYDFLwqTfmdeqfLnc4sXaVX8ZJX4GVptbXF6Fo8n88nwkcjmtUNna3MgQMHRAwCJJCsenL7/5/lvLDO5e/+Bw/5MkxVku+NXv//bR8ZOMIu/cPiio/NraRrVcgzi9NIYJdLQyQ8PQtzwSF7768stXxx2WJyVJHA0Mns5++tnmQl/8/tsLUVUBhsuK6NghzEBelQWRqla41loBZFm5rLbaVZpiMYpqNDQIXALHx4MRQVHFUl7VJEDgAi8SJM7RMHStap559OL0pDPVSmJzs8bx9J988vHW+v4XT7+7ms+yNM2wbOXMOSgLjPjts68Wjhv44WSyLBUVQaBt11vp+mh8Va3JFJHhINnfaxbyDJ76qspeu97G8WixHOIkRsDUckw3cG3Hdf3U8+J8UeF5wfMiCJLttaq+XMRJpi9NiqYRTk6GQ43LzUbzy86xGwSixBEE8sMUgmytXW9s7XECAUgkiJBlGEWRs0x3/SBfZLY28yTNyVJFYKSPP72XxIvBdEbyIkGxeZHcbpZjn53Oklqr3W6WlvPBZDQoqBiAaW8wq9WrkiTrhj8Z+72LCQXRH31695/87KP/97/7t687vRQBd2VBAPAMxa6HI3h2dkWxdAqRF3hHb1/Ynq4UpUKxWau1eI7oT8YphPbKVHK5q4W9nF/9T/+LdxWZ++bh2PMCPE0QwtZbSq2BqWW8tUFyFPHVl1OWYldmWK8Q7z7Y/Y9fvFRV5WA39/677dACs0UQ+oZhejvr0kcf1L/69hLg1OaGulwYJEVABGd69vHHRU1Djkl+8/vjcpmvN5UgSG1Tl2XSD1xFpG9ca925VZuMV3/329dLM27Wxf19rVTJ4zj28rjTn8eem0GMqFWrYYi8hBmMl5WiypJ8MV9bzE3bXq0MfbZYDPtdmiUokuIolSL48fx4vurt7d8WpZJrmKuZmSRE52yEZVkpr+QUGc/g7marUtAIjJIUrV6vdq8mD79/HARetVxiWSlDFMdiaWLRuFDIbxhGPwxnFMtJSi5O05Ozs8XKPrkYJIAulQu90WA+nwyHlwwVzyaDuaFTwEcgPjt7/Yevvnz4+lKShXarNBgvXz19Yzu+vpjRZMpzUJRoHI9KKmw11Mcv+1dXdq2obrZKz58ceU5E4UBi8XpBCUJguvFpp0MAG8dMAo8wkBQ0eTFbXF5cLFertbXaZDjodK4cz9re2UQZUES61igmcZxTc7l88fqt646fECSlSBxKw7dnA92KICQuLoa6keby5TBMr7qnbhhynPDHf/ypVuRVnthbP6BwrVguxsn8YnSVE1G7WSoUinlNJSnyont5enl2cjEYTExBFMMsazWLOIw6Z+eeF9ebbQgxrcD3+4MsxWmW+vbx7wZLPaeIH7yz317TNJXd362X8kXLJCCEc+tk6o2EkoTTACVujgUYIi07fPjs8vdfHiOmEkdZd6A7TkizOE4ABNIoTcOMA5CMUnB+NopdvVhUZtOZ7cab68W6ylh6LPJiXi2+OeqYutmqFe5cu9ZqXHNMeHF2Vq2Xdva2BVFca2+cnZxOp6tCMR+BzHDdi+5kZfmQQJedNySZ3b71EStIV+OLN52zBEtIFrvsnmEUFmaxbvuT+Vzg+bzUOtz9IYhIzzBKZalS03rD+XK12NreEmSh0+u6tluubPAMJ7KkYRgix61v1P3Q9iMHJOizTz/KUnTaHQq8NJ0tzIX3s0//mUDLBA+CLGAldjpbaPkiBCAOg6tBH0ESYzhIJpSARYlbrheqdZVls+XyEqRQEFssLdiuTmGIk1Q/DCkyVy6s7e5uvnz12/nycjQemCYmioU4BbPJNPDtzY3GWq2YxmwcY8VqxYn0719+O9OnjUopL6mHu9ckDtf1abkscBw5G+m/+/ppd2IaC0NQ8giP+8NhEHK3b/wZyOKnr35VbZWSBBuPV5sbzShMrnp9z08WC9v3gedHc9MYLCYJleE8WC0n662i6/rnJxeGbjG0oK/s2WCIA/j2TcdPsDAlRyt9MDc8j+AoRmSIg3bzJ5/8OHDw7sUpzaQ5TQnDGAFqOp3YfhTFcZjpL9/+PsAsy0udpZGTKIEjTk5OSZY2Q2R6sZYrHRw8kDkCkDrEnK3Gg/XGDTu8TAkPYPjh7esr0x1OdIASx7AXC6e9XkdZyrO0mtdkNb8yHZrOAB6by6HrG3GCBb5VLUuCgJE46l915gvd8+PnLy/OT3utRhNH2fnFBcdxACMs3YVpJvKyZYzCYEnAqFYSk8hb6hZJ4fjW7XVO4hiWhRDFYSQJEobhaQojAHGSYlgeQERkMEUAZIiABKCoe9fFg63y3/36KvIxDMNYlnFNN4mSJArDyIMYoCnC8X05L+MkHnoRygDEMBwQkR/EXuA4Ls9yLMfSFMOxtGks0zj1bT+N0ixOFaXMshJJYFkakQRhOTbAIStwIke5buRZDoFhNMtqBRWgeHujur5e6/RmnhMSBEzThCZxggCT+ZQRsJvXK4OpGbgoDYIMZRiJUxRO4DgASBRFlKI0QwjgUZj4XuS5HsvSGMDxLIWIWC50HMcZig7CgGcJmqZTgK9WepxmBEWJkkxkCUGRAKEsCiM/xhAkCLCxXjENPYxikiDTNGVpolpSOxddkqKqtQYAwDPN0I8dx8MxKk4S2zJlgaMpOkkTgCOWZWzHomkcg2lgB4uVjkDiBC5J0TgJMQwLbdeamzjESAoLkoThWJzEojgEEEgCwzK8bTmWbmRxTNEsSLOb22v90djPMpajbNssFouu7SRhbBoOL0q6aUsS11ovb++Wk8TfXst98sGNRy9PVn6ysOz9zSKNoXq9MhhMIj/Z3pQ4kTAs/cbN1mg4nptOq1puVlvP37x5fjyURVwWqdncTlJqpSd3Dnb/6mc/+b/+138zdv0///zG90+7vWGSz3Ef3mqWivlXpxOSFlRVi1IyTtBWO99oSG+PBivdv3l9TZD50dRYL8n/2Z9/9urk1EqzSlXlWN5zs9QLcjRnGKvZdDSbzRFCcZS6jtOsSzcOGt89Pp0a4Y0bTUkl/uYXvzg6fbXRrq81dw637z+4/bGzCrMoEyiChUmzxuNE9vb0CoMYxRExATvdY5rPcAoAEF3bal1cvPFjBDK33nQdyz7vOB/e2xAlfmkkIktzVNKsyflizrKd63vXrIU1nnRENmuW1K2d9u+ffeEm40ZpHU/WGUJI0ymElmEaUewLskjxtOPpvf5pBlZJNhrpbyZO5/nZw5HRz5ATxt7aWoUV0S8fPQzi7J292+u1QwhQktqTxcoL4pJWPNjb8byQoTmGweLEp2nE0RmOcRCIpjW03FU+n6MJIIsqzcjlSo2kcIBHtmsZK3u5mlkB/urVRDf8MAKtWp3F6dBO7t54ABDsjYaTxRwnEzddPD59STEUnlntJuv5Pk2XWKYsqXKSLQQuspb9+cIwrLhcWc8pVVkpRkk6HM59D69UtjEIT0++143J3vb+jesf45BFcHXa+W5iDsUcz3MCQxCeFSURtrm5Z5irCM7dcEqQwXB4uloZrdYehgNGAMWKCrMsid07t4rvvtM6Or087erzlWfYJsXii9nKMW2Sgu2mVC3ANEOGaVy/tZGksVoqCQIDobfWUI+OL8I4k0RG4LBKRZ5M9Ml4GoZI4sD+QU0RqQ/jJqQAACAASURBVOPLsRP4lYYcJR7yjf/Rn/6lqNLfvf3OS+PId5QcTzJxmoQ/+uxnD+6v6+5o96BB4lkSexSNmaYexzEgcd2YGsbYdpalIsew5HTcKxSFu3e3WJ7yQrfXu6DpJI5dSGCe5+3u74gcR5OUbdkkSZXyAo1FECasyMRZTNHMZGYAGFc0+t6NGwny/TQb9Idr7XK/OxB5fq1VxkhGFog4tZLUcD2zUtPqVRECRxQxggIIApomC2qhUt2yndk3335JC5SqEje2C1trrShjvSCWZGY8uBJ4zLSXssBOJsvBYKXlCwwlOkZCETxPUXf32n/2wzu9wdvLWZfhqbwiFPOsInIkSA72W7WqEiZJEAYQRHce7DTKIiKBKMPjs9cohR+/f++j96875tCJzHffbd1/sP76bLgwV3/1F3fHg8nlpUXTLITh/gF3cF3mJFJRSBRl33+7MHSXoFndMf4P/9v/9NGLS0QIikw3yxyFkyfHq/k8ns6tzz/cePCg9fDxGEdYvVHoDRdeENt25AVkY52ttoheR1/p1P5ho1RVXjw7bqzleQ4evzmp1/IcB3v92f/l//mFFXEYgLsbua01uXvVTxEe+rYXpJfdyWRqR0G8XFjOanL/WvvujRsfffA5z8le6Hn+wnRNMS9SNGH7dpb6Iqvk1PJidTFf9QRW5uhyGsX1UqGo5NYbVQbDS4qSk0QWp9baDUXWAEamCBI4ZtpBs73O0sDQx67r4AQvSEoU+pHnUISIM5xudOMkTFN0fnYeBn6SxKIk50slJZc7646cwCYwEFhLXmT9FJQr5TBIIEZUytp8uQQgTQI/jpNKUShXxK0NuVBkpuPReGqVi2y9jCdB4LgZAGCtJvMkxpDoxu7mzz7/5HBz7eZuU2Gx0HURLuomOr2cHJ1fxpE1nw8QnnIy5zguhGmxmMdAWC4WilqRIVlDX5UrZd/PsowwjYBlpRfPL3uXk8vj3rUb+0sznM39xdJlGckyw4ODaxdn/Woply/IWYZSEA5GfVVkCupaEKBCsQBSs3N5RGF+rZznWJGkBZYXms1ahhI/dAsqe+vOBgIRwOLVUkcw2b++L8lFY+WjLA4jwEmFs97p+bhPCdxmu6DImLEyB53B1tYejZcluU6QRn/yojMephkOEOhdjFzdbjd3/Ih68mp2fmH2+0YSRiADisJb+kzLS7Zrm5Y9NWyEssBzIA5ZOq5XeQpHlmVurNWLxUKGmO3dPQwjup2prus5SdYNk2RkXmrQjEhQSYpCxwtGw2WxUB6OloqSW6yWnMgZlm3qXqmYj1C0Wo0P9m4dbH/69cNvn759BClIcVzntKsovGkaXhB5URjFPsfJeMZoWk5fTJvNMsMQpuMiHOIEQbOi6XlJ5IuCpIoFmiYd102TmGSI8855vpivVioggUvDnswMjuMc071z8H5BbmI4dAMXo+njszNR5HmO4Tlu2BsWi0WaEav1Spy5pjkd9i/T0F1bK8/GIz9wOY4ulJoUKVOkROGg1xuTGEvhSqm2tdQHJBPQDKRxDmXs559/vN4qWsZcVdhWTdOUgmlAgaNjzHxx8fD7l09EQbq+vy1xcrO6p4rl0XjkOdP22tpwpBtODBkxX8yfDaaKLOZzra3WH5VzG989/RszmpdK5TAGJCmKIt/tdA3T8jw/hRiCeBjHjuc5vhVF1sH1tbwmEsAnyLRcyjWbRde3gsgulwXPWbhhXGo0mxvbQRS7gbOarWCMWsXy/uaNVv1g0B8CzLnz4MD3otHEiSJS0Qq9QV/MUXYwS4EXpZEk5WRRWGsXHcc+en0aJ+n5xciy42Z1XWDyJKCiTLf8sSrU12qfd3qvn7x5UihvMrR0fnJpG9Zms4UDcjZzlwszCTMaAksPytVGBkhTNxYrU6JJSZJpJmcZ3sbGluV5nhcoahUnpRQxXggUSdzZbmexGwaWZS79MByPBorECiwhihQCYV4iceBZhmEYFscy+D//lz8eTVee64E0dk3T9z2KJNc31lIACuUay4sMQ9MkZRqWY5iClIvi5T/52frF0Hlx5CZhhGEEyzK+5fle4IUuxACEAGJ4loEwinf3ts+OL103JCBJErTnBGmECIwgCEKQBIaiCAyLQi/wvDROWVoiCAYj2ThGWRwncZqhNCUQJ1AEAWgAPcONvYDAAMNSqiqEkdVsaTTFnJz1V/MlhrIoCn3fgVkksYIbAFGKDg4Kw7FJERxLQxzDZEkOwqhQLFIckyHM81xe4KRcLonTFCGCImmapgiGIBkAIAYhQ+NRGvEs5cex7wesIEUoJWgKYRiDpRiGZ0mCEEjThOfYw731Vq0wXpiW68dZHMSBG3hbm9X+cOa6DkYSO3uHWYJmsxnLcSRN4QQJEGIFNkqCDIUQSwgsC4MAQkSShLGysgzQDBMmEY5jDEeLkjzo9D3L4wUO4jDJMkkVAAQQQxAChiRxmgp9N4nCfDEfuu5f/uhDSOBvBqMMQwBgMElZhkrCQGC5NE15kdnabjRrJA6N9Y3CZDIuKOThbnE20x+/uWJFpV3j7x9siCzcXq86nr2zXbrsXjiOc/2gZhr6szevNVUoFbVfffntq+NhuSBEnn92PiVx4dP77/zsow//m3/41S++fXFnr317Z+3Ro0sU45+9u3f/5vY3Tzq6A/d2W8V8AcaYJBJaSZovzV5nxXL0Rx/vur5/9vr0v/yXf8bx9K/+8I3huM1G0TKji8up51q763UKYrkcKSlMGnpJGskKfbBTvn6tddmbrSz3p+9v3b2+8fJtZ27YV8PLpy+f+pG71tzW8nuF/HpZKx3ubVRrHELhxXAVR8HmZmW1WOqWM1uOFZmoFIVGpbRc9l8eX1Kkc32fPzuZtRuV+4dNiDFv3w40mb1zWNtua5bj/fa758vl/M8+/znMfIr2VFHMK5Wj8+6z7vO5/lomhY3Gvd3tbRqbhJkhqmIGgG44jh3YrtNe04J0dXR+0lusYgz6vusai0JOunHYmun9rumyFHln6x5IqGfP/jCd9yDAKIxst+ooSrqXE4SiYlmwvWWxlDftxVW/Vy3vannNNHudztl777y7mLrTuctxUhwnS2Meo4Cm7HqVw3Fu7+CuwKoXp5c8Se/t3tzcvK1Iufn0qjfuGd5SUImnbx4tbR3F+g8/2JQ4PEnFOFLqzabjDKNotJp2as1clKT1xub2xp1K7XA8WZ11Oyvdarb3S1o7DoMk0nc2mrtb9zyL0635i6NfT4zzDz+4+e7dW8vJyrejwMP3D27gMF2544l+5IbD1aJL4AGJU1p+rVpvE2RcrciBpec1vF6jYeaMJuMkI203xEgoq8J8ugg8d2tduHdD3t8un573dg63tjZrR2/OfNd1nQWOpU+fvkkhMxpPRJna2S6VSnTw/ycIv5ouTRDDMO/NOYeT45dz5+6ZnrQ72F0EAiJAlmSjiiJ5o1vpR6h86yv7xq6yLRZVEk2QEA2A2AWweWa6p6dz95fD+U5O73lzjn6eMCIJOAq8vQ35yaMGSeWm76E4xPD4ajo5aLWe3vv85fFvhsaQokBZRorYziKHpYBuvX64e39w/XGqjyEkYwWEIpGVNm+25CgOxpOp5duavUgz78OHN1FgEySQp8FyOScpgqaIwLdueld+5K0sDwLR7c09HCMdzyZomGMxCC6SNF6ZFoBiURpfX/UhEJR45IsnnxZA9rc//zmCYT/66q4ocQiSQ0XoenZgjysNCSNyTZsGvlWAqW3bWRo1Wt0chGzbQDFYW8QYolTLvO8OCAI42Knt7mxAIMKxhO/MZoNrmknabVlbzLe3d0RWoRCWp+R2tfPkwcOffna/1eDfffjOS+ZpHhAwoLDYF093KAxUFfbunQ0Ezc/6o4VuL2fDLz7fm48HfpRhFPXD24tf/eZ7hYd2N2s/+/Gjza5E03Gtipi2eXyhLVfTu3dq+3v1OAnrNfjpExkhwtl8gRYZnMMvX04mSw+EsIUV/Oiz7VZN/qdfvVBl9ZP7G82mHAbFbBamcfHFo1qtJpyfL9Mo0hYrzSognAFARBFFVYHa6xhJEbJcf/hoez7vv3t1nsQWx+IMzexst+pV8W/+67e/fLaoV5u+66ls0W0LMAIAMHDn7n69yqFQkiXe/f3meo36P/3znx3uPxGk9TQG8tTKgKWowNPZmGJIBAFPz89wHJSlEkMKvdGHyfy82+n4HtVsbKtquVSpNer1VqvuuDbLE7JEiDwxG0+j2Dctp9cbwhh+98FjCIaHwxs/XPi+LXJSAZCuF0ZxHGXgdNGzPS1JAaAAMRzf2t4ajuelav3D+4ur6+lap1uplssKOxxNQExgWQUjJQhkapWKIpL1KrO5LjYb1P17DVqALM+ZzKNf/vqdZdv3DvjdDUVbGQiBd1rlo4P1SrUdRdj65qOtdtf29H/83bdvz3qBn650O0mAy545XaQMxWqaUapU5itnsfJnc3M2nRzc27i+uCpXOiStLBbLIolzACtg5tWLj4YVVMsdAhNMK5lMlmGCUBwrygoMQmsb+zIvrXQ3cs2NzeZkPp8txpenFz/7+o9JVDV1G0cxjuI4Ft/dbDlOUKmsa5q3XBg72+u8JLq269ims9J0M8CR3LPskiwrSh3HyrOpneeAoFQoQT7rnRuuIwgcTaRFnN9cjiSliyItntuQRWBpfZybcz8EcJTc3uiyBMszyp17nxKE6nmYwIjVar2mELahpZEjcmgaOxxHIxRJMPy4f1uvKKpE03hRVQlRIKMcns1Xnc0N3wfGw0VFEtca6r/8i59kRXp+e3txfVZT2xxb1rRZv3fpuNHu7t3xaIURQpqAw8FI1ybdtRpNk7Uqx1AYRsC3/Ss45+vK/elyoVbIIgcYgsTAGARDjqWqTZUmYEvXuvU6T3OKVAk9v3fR8zxHqYgIhlxc9ARZSjJTN0YCJ9G4aAehl3gJGL9+80aUxUajtdQN27KVUoMX5SzEapVtDKEGw5GoKmEeW54e+NbO7qale/eP7uEYenM7KookSd2iiPTVzPWjdqceBEmUgpIkOLYriipFCQSM90dGnmDt9UPddn548811/+bh/QdIRu/v3C8J8nw8PftwhhJct7OThLCoKAU4Ox888wsDRMCaUpFZ/u3rd4PepFI9UOQDCoNhBKb5ShRjX/7ox7Zuf3jXj11qvfmHBLKru6cfL39XwLAk1zCYjJJYW81tfSbIOMcjrmM2242lNscIJIydKLZRPOn3rigCQqCi3pAxMr+5vQTRtMgtyxwHcYRTiOt5oiTROIwWcaOk7m7uyXI9K5IctnDKH09u5mONZmSGrw7746SAlss+Dmc0g6dBhqIwRaIshVxf9uK42N3ZylICgfj1zk6rtQ0B6Go1vxpdOna4t/En1z19aQ0rjY4qN7IQfPrk07V2G8XI66GxsuLJcL6/uwvCRK3RxkmC5wSBr+Yp6HsgjIsFQIAQOezrlgM2OzuN9r5upChCbqzVQ9tcTcckCQeeLUjC5mZb5glVoH/xD7+7vJ3jGFit8BAIZ1nOMDz8P/9f/u3teGKaLoqAvh/GYZLlmeNZGI3HUWxbJk2RJIlnecxyPMmz6830yf31v/5Nz9aKwHJgHMmjNE9SoADDKAQgAMPILM2TOA2CpNVuDm9naQqQBC2JJQTCGErw/TDPM1GRw9AjSNJxPQRGMBwrAIgg2SwrYLiAYAiE4CAOMjAvoLzIE2+lZ1EBZpnr2TmYgXBB8yiMQEkCXFyOeJpNwtT1fBiGJVFIkiDJwdFcZ7jk8y92rq41z86APPf9AKMYnCYRBLMtJ0tzmqJ81/F8hyRxGEUQFDENA0IRWVaj0I8Cm2EJmiQd38NIgmKJOAmjIErjFM0TS3d9xy/ynKJpL4wlnowCbzRf+nm8mM+LIk7yeL1TdqxAN50oDPXVqlSpqGplZaxwAi3AAiiKOE9QAqIZMsriJI3DKARhmBXUyI8gGBZlTpSEOAwJEgVBJLCCNIo5jkMxFCYQpcykSRqFIcvRRZ5ncezZNoIBKAL/6RcPcAT65sNHVhWKrBAE3rccAIQgKE8yAISQMEkFJr9zIHIcMJ/PlppFEbEiENVSaWEHo6VVF9D7Ow2OYmSJDj0jyQwvjgfDQb2KUhSaZdi9w7utaufdxw+sQP3R1w9JilxO9Z998dm//hf/8tfPv/l//80/Cpzw08f34BSGC/jO9tpGu+wE0auTcRgnTx7vSRzbrJabKvXy+9crMzIMVymz9+5vZn789MHDO3ubz968mhi67Qbbm+3e5Xyl+Rvtyt2djus4tuNIAkeTQJ6nK23FEsj+fntl2EUcPTxo8Szr264is7wkvvpwfru8JRiP4zHHCkAQpmnAsCb9+eTsZo6jcKUuJHEQ+C7NMAQOVlSuopRWK+3s5najwx5slzmab1dqRZQtteT98Ygm0KOtuiwz3786e/ZupJnTw531p/c/Xy57JAXtbt4Zz+d6mLmJG3g3jw43quoBkAJJqlu+MdM8GMNarTpJk+US7Xvm5UUfo8nNnTYCwSWFW29VTH36zcsXVgqoBLpW3U+jbDA6bzVVlhMsw/RdnefYIi8oGnj97pvhbJBlKQgCr98+y7Liyb2vp+OLwfhyd39fM6Lf/u51lmUMzfRvB45r3rnXLld4kqTLpc7u1r3VwodB7Gj/CQ5ys2nPcUdR4RRoPNKGc3PlBtZndyvdOtlubxBkRalWnWDy5v3Ly8vzJPHanWqSwI6ei9wOClMLY7jUJxxPMSiTB0VVUQSa7DaaUMGSLDXU333sfRcl/if3DziKXU2NslTb2jpCIMgP57/87r8m6Dzw5jiSH+5vqLwick0CFxiGLAmw7y8JJru4PPZ8ByEIAEGWhkeLPEaSNAWh+eqrx+V2FZ/PlzDJoVAuiQyU542W1Gkov//m+e+/+2iHAQiBDEtWqtJ6t0xh6Y+e7u3utuoC3mqok9FwudR930ZS/89//NO//G/+1fXt1d98+5+DOIBy92i7TEAJgUIgVHw4Pi0CAAHIb777LUDhQRTohoMgYLMhqzLCkX69Snz1o/08cXq9PsfBn395r3d1YdtOu9Vst9tZCsIIkmTJXDNu++NuZ61T2ZxOp6cX54uFbutLuSQsrGA8XyAYmMZ+HMWmoetzMwnA60HPj4J7R9uO7YZJ0O7UKJoisNy0NEpANMu8vB1bQRwDGcfSolhdLjXDXFAU4li+ayYP7nzeqornN297o+sMSMejfpZ7mxu1N29e4hTy/t0xhnONRhMu8JLS3FrbbFRrtmX94z/9w9ntJYx6JZXiCRBOE5Fh7947mE1WAEg0GmtB5PUXs8F4Zi4NngPKlRpJietr7bOL1eVNujLM6fiSIhJVqPF8DUdg29CLPBYVbqUvv3q60+5ygb8KIzMBMt12kyQCUhBGCNMHZEU1DI9E8z//46eD3gxCGZEjVUVECgAAEQInt1pCkqZXF5NyVaBYIgcZlmNqJWFvvy6rpCQAooQCIJTGFlTYUeSWSiyOIYpcLZc7IkemQfj9+ylNlSg42lmjqxXGD+zN9SqMZjAMsjT0kz949JPPjiqVOoYrBK1c904hwAzD4Uq7SVMnymNO5rM8ifLUdXRJVgmEMqwZiMWqKlVK23EYhMny1fsf3HB1ef3x2fPnCJY1GzJYFLPRLPRsx3XHkxmQgxsbWxCIABCcAfF0cpXlFsXwAEyxNBnGYRRpOWizNNnutNfWu0EQTAfT2UJX5XISZGiOcKxszRaBG5qGU69X8zQyVpPY16J4LopZUVhmYP7++w+/fdYbTtMooxEob9Xge/tKEnmj8RyCYIYhJb4MFiWaacKAe3bx4q//4Rcvj/uLhaeWJYYiHMPc3VlrVcvr7SaGMNOF9+zZzUwLgxDMYYgVBcsJ4xBm2dJoeGMZBgyiUQ5fXQ81Ldze2Pv8sy9IjHZMr1mWN9crlu3rS7ukyEcHe6fnl6Y2oxjUC+Orm+tGuXJ//zMIIj3PqlZLGI6RFEWROQBkNE2r5eb11ZBmWJplT0+vJIlVBVoSqK++vL/RbXC0IApdhqo1WhtnJydzTac5zvIsLwqSwKJIIHO9+w8+3d19WlbaWaL/0+/+j1fH720nxkAiD4u7BwcVtUKRchRDvWsNQ/n9rfWnX3zWLuE0Xuzu1J483tnoKNPpGMXxjyeXmxtN21jiGDIZ3QJQ7vhpCBDayqEIMk1Bc+H1Lm8VgWu21biIv33xw+14XFHorc4GSVCOvxRVtt1dq1c6IEhtbm6leQhkLoxEhr4AgQRDEF5iEyD9q7/5+3t3f/Qnf/Dff3j/wg3mJVE42NmIIvu6d10qiSiK+l4kMFyp1JlMVizPpHGB4RhQ+F5oTecrBMUkkRkOLuLML6ttBBMWphbl3tnlRwTDZEmKwqxaqXmeFwUphgrVcn2lGRjBEjSx0Gev33xP00SnWccRrlou5UD6/vhM0xcwCsBooRvO7VBvNhvzlZfkmKJWeJblSXQ1n0J5QVKSKFRqjZbtzF+9fWvZIUfz9w8/L3M1CsXTKGZEtdpcCyKI5smgmL65+MXC69capYogdWsdjpWuL69XS21v++DJ4z8TuOpocjudLVqdrWa9WlZL2jzebH3F4HuaPnz+4a+WribwAggQSZTMZwPHWqJIQrMgwSKzxSqOQkkmC8ATBLhZI+tligCgB3cON9bag8GkPx3N5zOIBFeGTjGYmyTj0cwyncVsRuIgieckBldq5dF06BdGf/RBKoMvvvtuOpluHWzDKO5HaQGDrqOlmVcuSQSOtNsVc2XMZ4vpeFmSlUcPHwEAWyp12q0NbbEK/ThJfM1ZhrkjUWuV8iPDueE4EMxBjqAVgQ9973ffvTrvm76fghmws94uq5Xbq57n6CLPtDprcZhfnt7mBeYHuSJXwrDo3xqcVEkTIMswMIMaZS5P/F7vBkCKKM0cP6EIvF6WizT965//cN43oySGwZxnJUVppBkC/0//05+gIHB+M+Y5JkvT0IsRGE3yjKZJxwvyOHZtwzH1LIorzfpGh/vzr3fjEDm5XOlaAqKEyBGh59IkVi6rWQFgGEESeJLmIICGUV6r1m3LLUBU4KQiL0I3EFkeKAoUB2iG9lwXQVEIgIyVQdM0AEAkSaAojKGIF7heGAZhAGN4UQCxn4BJmicZDIM8xxAEiRFErVZJM7hcKmtTkyUY3w8s24ZhmCIpnMKTrMARdjILCDy4c9Q8PVv4DsgLXBAlBMnGYQpDSOj7gR8WQF4AOcUQMIpFURp4rqEvCQJvt5u2bYJATlG06/owggiKYDteEiUkSUJJGodpHERFBuA4UuTIVqceuC7BUAzPmbpbURWO5iqydP9o9/p2TFFk6HuT2VQUSjsbO+PxEMUKisSSDKhWS2ma5WkGAwACAhAE52kBAwVNEzRPcxzjOHaR5VkKAlnO0SwMIllRiGWW4wnbDVEYpknUNo08TSSeBCBgTWb+8k9+/P/6q59nCEiTaBwFKJQHjrdcGrzARWkBwTCG4RAY81ycxc5itozjZHurAmT5vTt3OQZ8+fq4xKFfPj5cLGwAgDEklgV0omnXF7eyAIslSZbU+0cPeFocjG8EidzdbA8vJzKr/POf/qw/vf6//e//awoU/+zLzz+5+5BAyUZNbtXlJA9evvswWuqixGBwasxnYBJBkD8YjLwowEjaDeztRvnrz/7g808+G/TPpvpwMp2HXkxjyGrpL8bG04d7dYW/Hk4N0xuNtbVOmaERUWBpDNpcUx1jiWRBQxUajS7NU7JMCiwaJzmAoo11ZbVa+JErSPjV9atf//67wdQsACzLwoPDnSAMiyRa61QQEIx9p14RFbmsLSc//nKXwJE4oS5PtDhEBEFxvDhLc8+2Zsv57UQnOW5nby0K7c32DgLKhjtvNDeDFFitLIpTPd+O/J6M8ZEnwQQNwuDCtAsQqZTUOAxjU5d4GijyekOFgfzyYiAw7Hqn8frds+/fT3iZ6KiVtroPgRhFYXuHOxiOfvvt94LIYjBRq1dNr9/Te1bklZQqz6luoCWFvt7Yw2HxdnCqlNnRTL++HvEc12w1GYH1fNP1NNM2j09vfJdoVY/ggg7ssF5uuJYTxgZMpHNdS8BsvpovdaPdkLY2xMVkkaWoIEm6oz17+f7kWkMJXKDBKPRWqxzIyhLb9sPlfHEVpz4OFWAKcDi1s7bW7Kx7VgIBmBsPz4Y/aI4BpFDmRnBKzEeOKtcFTp0teu+Pf305uwJgP/T0ksJXy5WqukWRDU0LKJor0jDwLKDw4jhaGr4XFxhJzxZOGhUEFD25V/78XmNnowIW0Hzp+GE2nywQoFjNJwyJoFBSrymOrd17sA0h4HLpZTl+c3kDpumdg/VKqYoAqFppgQBQL0u7a41Hew+/evKnCIb8h5//ryEY2oYGJ+5aWyoroufH1VZDsxx95X5y7+vNTmu8mjhJbNmByBISHj292/rZj44e3V9v1iWKxMbDwZ2j9qNH23ESB0FartUFqYJiPM0IzbWy49qUREVhXOHbKER/PHt9M+xzNMaJ7Jt3N/3bxcFB6/GDjfVOhcShIof/8Ot/UZYFmoUoGr8dTE3LKfIMozCKROarhetZM92YGWkQgUiONitbPF32HcMydTArRJ6B8ix04rXWDkXQaRac39xe94eWa/ISEUYeUOQoAuM4xwrSdKKvlkZRhCSDjGaD3rBnh54ioXubDVkUKIqpNzq11qZmZDe95aMHn5imUalVJIWj0KxcYWW+5FoZAoDff389m6SVSu347NJc9YDCIxm11thlWUlVOFWgz8/7mrbY3G5dX9/6fkSx5HLhXJ2PBEUWOJpm8O6awrKwzBJ/8MWX1VLl+cvzJE1JHMpzkMBwkmTLEum7nu14BBFVK+L7d2d39ssyH1VVajFbkUjCcWDgRjcXfQjNqhWxVhVb7R2Oqet6mkTA+lrl9ubWj9PP7tce3qn7qdu7PgchraLGVgAAIABJREFUi8TzF8+fOY6BY/Da2trrl+cpALQ7pVevfo9hsSjDGRAajjOdmZe3cwBEcgAs8qzIkLXONi+whjXP0wxGRAwB/+Gf/vYfvns9WegoSSQJuLG50+1srjS/Wa+1mrVKtQQAeZFkCIJSFGfrvqhW0qJwosV4elOt1CqqUmQFRWYEFjq2XS6pIAiBQKzrK5YTuvVmVapvre2IfJXFwDiO4zQKAtMP7NHo1PcGQbz8cPz+sj8/65nDaT6apkUBN2r8/hb7+HEHQ/LQD2EIIWkag/HAhrfWH6Gw99f/5d+9Pb/cPLhjmnYS+U8e7zE0JXP00W5XElnNsF+9v9B0/+p60V5bv/vwHkVxNzfzNCsYRlJL7f7gzPUsAoFplgAASNMMIAdcL6lUGihA7m/vMRT54eRsOBi3uy1ZZsIwu744VUpikkZR4N3Z+XS9/cjUXdfRGBaKIuPy4qOm98LMXms3oxTX9GQyM9IcHvQmOEmWVDFN87v3dhEIV4QaDDGtRgfM/VcvXiA0B2K5Gxlx4ggCSUCpJDBltdlptXv943/3H//Dm/MJjHA1ReQIcjGywBRS5frF+ejF6+uLiwGGYziQ2o7vmOMPp2dBkoynq0pFaFRlz7BQEJE5nEQQigQ/e3ofQ2nTivoDzXVTBEQ9wy6KnOL5m5vR9Wjy+uNVBubt9dZyPqjILIlJAAx8OHmeJD6FkxJfp3AGwZLB4NgNVpajuZ4bRkWa581Wc7DQLvrnD/d+ROTV44/fliTicO9BAZCT6TiOgijPDcut11tRgp6d9hRFJSiWohlNGy9WA9P1SJYqyTWG5m56b9SKzNNlNwiTwjXtRZYlLEXFUSjwlGtbFbX8+ZOvgQRCEQrBCds33p2+tkKbozCkKAzNJnEchqE4z9OsgGDED7zT89vxxMVJ+vR8PJvZWZB1mnVZpnrXpxSFrK3v5DkJFpBjL3RXC6NU5NVWZU2g5TRMMJJkJQUi8LjwLb/XX368Gn80jAULo1iGU6iklqppntMUKrEUT5ZxpGIYZuCtIj9gKToyk7Xmk3u7P4GR5Hev/hcLWMIklYUJibEkDqeejaDw/Sf3R+NZBKGLVWo5XrkiE0iBAcmju5vNcg0FyHuHhziO/fp3LwmKD5N083DvzdurKEo9IywKaPfO3nI+DwObYhDH9jRLW9pzM1q57hIG3fl8BcCQqspXl+PF1KQ5lqVRjISSOASAolWVXNdLsgzHUBIhW4312559czWGMcB0DNs0aJr04yAEEt/0WpXPMSIdLV+Oh2MMRKEiOz07venPgwhpN6slTlyv11uN0s3laRJbpjVvdSpglqQpUECoYyVhEGIoBaP0fDq/OD/Lc0iS1TyJTW1p20alUV5oZn8avH55Xq2UK6WSlyB8pSaJeF0V7h58url2BKME/Ad/urdWVQfjhe15CALpKxcEIUYSAj+gCNpcrPIkZRgKAcEoLtbqxeFOVaJLf/Gjh60q6wZBBoIwSFIkLItMlmcFWNAMjZNEkYE5CCIokeV5FMeCKHp+mAQhy9JxEsShH+UZihFZWiAw5vshApEYgrq2kRcpw1CO5/q+h+IoRuIgCAFxDmUJiBalkoRiuOdHGENyMu85viIJtu6EfuxHkR/6EIQABQBAWZznkRNkCTSYuQVsffbZjusDWY7CABwFMYrhaRQFXpCmAEGgMARQFA2iaOgFaZBRJF0ABZCl7UbVtu04iBzXw3GUYogkyVAUz9OMxdECgP0ghACIoQUUI9dabWNlQhhYoOBKt1mGxAjUcfSnDw/PbwZRltmWl2aJF3koTu7uHhqG5Xk2jMGB52ZpMhwNSZJAUTQKYxAA8zylOQYjkMD3QCADIIiiOFMPsqQoADRMk3ZXBaHC9RKawDEUNQ2PoQlBFkLX/7d/9gfHZ2cve0OJwyAcNVZWFDkUCdpexHAiybB5nuRFHLpuvUrRRLq9UcUxsNMpUQRdrtRUAUNi485WpVapXPVXnChIPCHxyHA2xDG4WhLtMBgMx9VSS1+afrCyHXfWW8ps7ZPHnyztq9+8+vsgSv/sy6/vbR+ROMVQJAzFAGDdDk7n1gIiijjyTGOBIjEEBRAcXd/e7hx1UyCMPVthlYf3vvJsrT94awXLRrsWJUmlJKEgILHMo4OtJIt+/d0LRiJtx2c5bn2jVqsKFVUUGYzEUo5CZFGEUcw0VwgSUyzmuREKg7W6en5yLfECzSGzZf/d8UkOpYJCVSuy77q3txMwS7Y3K67jj2fzksojMB6G5v5u43awOrswx327Vmur1XYBE46m4wiYpgmEIK1Op9Vqnl6eZlG03vzSstOoCAzDvbi48TxgZXhp4c9Gp+utIxjrZCCWwwkCw4oo3JxfZVHQaMiyxKFQdH5+szLD/e01lkYGo5sgsUtKqat0a9IhDBVW4NAMMRwO4jRv1KoiX3Lt+Xh1/vrykuSEmqp2qxs4VqyMK7DIVHEPJSWWL/zEJzCsVi7jCI6geVo481UfAGOKorVZXuLWZLaEo3QaQyjJkDwWJ+5St0RJAcFct00UhpIgGA+nYRglEPT8zc3Jlev62ZOHTQzKQi/DAenuwU+AvLgdvh5ObmkMU3iu3eiqoopDwqLvoZiysuaXg+ffvHoGIaKnZSW+gYC0WmpjCD4YXV0N3obIwgt1RSUVkQujhMZLvkPz0rqm6XESlhUeBLNmU8EIXDdjCMGT0Ds83ORoaL3JP73fBdPcc5Ktnb0gBAicxhE8cF2OZ7/9/v1i4WpLnWWo8WhUqzdCL0iTeGe9IzAsiRPD4Wpn/y7JVoqCEvhKp7rHs53bUf+vfv6/6XksyXyjKtbLNEHgb95cH5/NPS+CCJIgSIoUDtbvZ2nqh8tGlb6/X1+rSWVFUtQqihBxEFimzrAETWeCQLu+r7uh67gQhOcZRlEMCOU5ELASOVtOjaX+z77+Z7KA+cH44M4aw+LnV6Msz8slUeTI4c0NSSFglt89eLTZ3nVsPY3dKIosy5YFzratxw/uTCaLxXxcAIjpQGkE3Nn59OmDP8Vh2LHnvuuHTrze6tAEAaSJuVooSkthazyvhAngeT6YJfpytt6tMyzNcEq5XkEx7LZ/m4Lxyl0pNRYmCieOWRLiRfayP48y0HbzKCPObrQ0o1CEeP7DDz+8/SgJQqdZ2lhrDi4HFbXEMdhwMF+tHEUgI9+6c7dRrqAAHCZphGFMvbZRkmrGykzjBEfAeqXUbIoAmA5GM4ITJ1OryHMwi/Z21ZoIb7QrsiBJcvnFq5e6be1sNZVyw/OS25vR4W6ZFxDDXrW60tnJGQRDX/+49uBe/eTjzXiWclTWbvO6HqYxzPL4dDwsy5Vaab1Z27GsDCgQWeZxOEpD7eGdRqUpcSJ9c3tegNFkOl8YBgLGFIkTCDyZm6ulzjPMbL7CSERVad91TNvLCni+8Cqlclkp8TSfJUij3qYZ+ub2ajAcq3K3VKpN54PJfFVV1J/9+A8a1W2RbenLUNeiVrstipznGuWSoJYUBKdkiV+tLIrhSVZMikhz+r3bU5HjB7cLisiiRPcDd2WtCii3bcM2zOuz/nb3SJU7FbkUhBGOBCSD5gj8w5t3kiKCsF9vlRYrvddfkLz8xRdPTNMCQKCk8vUKX5PoNINggCiVS1GQYgQf2BnHNNaa5ZdvfvX//N9/4UXFxlpF5AgEgXme0mYGjeI1tTZfrt6fnTlhWm3UlLJsu/YnT+5eXd4eH/cZEu+2O91mx9DGYB63W2XPD9+8eXNwZw9G4POz69lsXKuquzu7QZCMhrPlcpWlSa3Ce54P54lSlrM0SpzswdEf1Std0xlYTs8LR4Y7KRAfJdKbyfzlq1cQiM1nge9Htm2TJE5zLASB1339pje+vRo4K1fg5chzv/2nXzCS9OSzpytjojvLOA4YEvNMmyAQ1/bevj/+//yHX401IvKyg4O1ish1ms2rj1cMxdA0mRXIi1cXlXoNQ5AyR58eX3rG7PX5ZKEHl+czBMFYhqFQol1vNqoV37Jbjera2nYS5qosoRgW+clqZSahW1LoH335KM5ThKIGk9m9ux2eg3THnExvtjb2SK46md5eXRzv7+3gGI9hWAGGcbownAFKgLxcffH60nTBNEeiKCswbzj8uNV80CofGMagXunIykacRJ67cKPYD7J6vTIcaNOpWa3KsiARGOF5K9tbTLU5mIMlrqXwWySdXfSe85KwXOgEA4XBFCdgHIP11YpnSdcN93buUjAXOLnu+F7kvj/74eP1qVLiUi8UKc42/P5g4scJw7BqreQH2WA4mUxnIIyXKiXHCThKqJfqBARPp/PFalIULojgi6m3Wuh+bNFsHiZRWe1ShGJpnufZjEBf9XqaPZ+b/bnZW5oLhmZpEOdQmkElSWjgBJ1nKcswPCdaKx+G2e76PksXcWKGUcLgjTQSCBQcLP7x3fU3YqPpuzBLkL3Lwaf375Io4HpWZ6Ot26FhBBdXC14UGRrmKIJB4HsHd5OI5pmq62aeG8ym3vbOYbvT6o1GC90Hkty3zSJMP//qkxzIHHdZq8lpmBEEbftLjEFmwyEKFrbp0DgGARjPlSha3NheS9PYNlaBZyJIrqrcd9+9AkDUMexWvdVtNe0g9wO32hT11dJxnSRKJvNFhiOLZX9/7Yu1+vbE/J6gYEfzyhUVp6kCJrIcePLofru5VVEr/cG1pGI4GUBYdnF1LsmKZfmCpN5c9NY7ta2N6uZWK4jjIA4KMMFx7PDwHobgGIo0GpV6oxVFMI6QQJooEvfq3dV06bIYeLR9RxJ2ea5SFAlc7kKtsrzeqlz0xjBO+V7oRakgCDiKFAXgWD4EgjiCQBCB4clf/FFnPF+e3yyRPOk2ha8/3TxcL93ejNwozdLCsE0CQygSsy2bonBBoIMsj7PMC3ygyCGwcGzX0hcwDJA0mRUFCINxlmV5DuUACABRGDuuh6JFmqee78MQgpM4isOh6yIwqkg8jAEwCgZ+ihIEjCEYgbqOgyEwTdGzyTKKYhjCYAiBAAhFoCgHizy3TZuhBTeGCtj60WcH86lru6BSETEcAYrcd9y8yKAiJzEsSQsMI5Mw8W0fhTAMQ1faAs4LWRaWmgFACIZjBVyACAwjeOhHRRyxjAAVYJoACIJgGC4JDAwCpqdjDB6ECQQBcRz6gX+43UzTfLay0iQCQajRqHiu4fre7tZRnoKT8aTIM8s0gygRRDEtMtO2EYSkWQaCgSD0szgSGNIwbAylkxgc3k4ZVqg3K42m7Fg+ACA4BkMFZBkuCEK2G29XS5/fP/ib5y9SKPFdHULhyWyCIMX2Tj3NYT/MaQ7neeTBvTUESpHC/frrg5KAqyKvypXe5TiNExaH23XpYGcDgHmMlAWR913z5uO7IPDuHHU4HrsaDQReEISmbTueNzc1X5WaDx8+uuh9uB292t+5+/XjP6tJdZIgCjAzzEUBuY43+s13v7J8c2OrYtsr11k9eNAmaeD7V69Mx9vda5QUDszwB3d/Ml8sJ+M3l723BRRzDL5c6BKLd6rKzvp6tSI9e/H748urza3y0d2N09NjBEp/9OWnDEnbtmVoRrVW5pXSYDR/8eKN61scg1xf9wWeYzk0StN6o96s1fXlQJawB3daBJLWG1KUZbe3I5YCD/ebH48vLNeSJELglCi1TUd78f4WhfhWveM5SQGwBCrWRJlnGY4VEBBN4mw2WthelBVBp37AkRtAETrByrT1i7Mby3CrDcGMDc2Y7G19QmD1JPa318qHe43A0bLUw3Hk5rYniNxyZTTaa5ub7TyLkjxQKnz/atCSWs3qoWbOV9YKxWDbMAWG39vec60gLVZvrl9dDFaTgSbSeLvcDF1nZfSX7rimbDSqn1tGf270cIpa6zQd2w5CN4x0x1+yHKHIdWdOynSHY4TpcJUXhOn488VkvhzVGvVqqXx7c6sbq8Gg77sOReLr25ujmXt+ZTluttbgqxKY+mEeo+3W/U7j7mh++ubDd2EcNyr1Vr0bBHAYFnlWksUtAMYhzPzts/8aAuh2a+fhnU/a9ZYiVgicsT39+OLFzLrav1NDwbAs06EfsJRor2COWYNh1DB6nFQUyTzwzGpFDcMkh4m17lpFFmsyS4AAieRlWbm+NjmxnuSwHYACSz95ePT06f3VQp9q2a9++wHBWZqi53N9f6e71a3dPdy5v7/RrKqBG5i6U2tUPT+ZjTQUomoVeWH2/9PP/+PcD/wMeP3qOAr8o71uEgWDkcYrlVarzrBCs9pwXNe2s25z/3Cr3amxnUZpc2t/MV8NxxPX1cLIFkQihyIMRQaDxU1vcjtaijKDQDlD8UAOWdZiuRimSOoG/mjYryvlo407WWAH3pggUZLCRJGv1hV9NivJvMrxAslnIQBCFQJT4Cz1XX9zrVMtlU0zDB0/CAqe43MAGw6dEt98fOdPkQyfazc4mqAQVlMqFbXeKNXjOIbBzAti3Qz7/fnW5uHde09KggqmRbPZIihJKjWzLFkuZxQD9/s351e9O/e2Tdu47E86azWUJo7P+34YS6K40Ey1XOUZtV4p/90//N1orl2e9wI/ZBgSzIpGVeUZAoVBmUNR2K9WpE8+3Wo0a7OV+eb9q/7tVa1cljnVsUBRlvECJmF4d2tdWy5QAo3i+Opqqihi7HvrXanCMxLPR3523ZupZWY6HSgK3+l0CJJNEm+tQznu7OT8tFwjaQ7BsfCTx41hb/jd99PLyzkvU1sbaqXe4igaRTIQBHXNa9W3WbK20FzLcFSxjEApkhu0gCIYbrtzJzJTGHz9+lLXrX/2x08pAkUhSC1VcYI82L+XFjCCIEAWG7rtOSnDKFmMLiZ6tdza2T6YDozAy9Mcury+ylNgY+MOS1WzOG1XGl99+qONtbueD3hOrMolEKYJCn3x4vcf37/d2G4zLDubzV3PYkROLVdur/uSQl/3j29HVwgICGw1TfwgWgZpgJLwq1cvoyRst2qeE9dqmzjJDIZX18PRanE7WU6DJIsygOGp2/5gPFnmCKkbXpIku9v1PHYVRaipKo6xRQKTtJqmAAhhr168H0zmglAWyLLvjX7+7TMI5xxzyVMwRVFJkjmmfzuYb3a3vvr8L2FAKZKsKNxqnddNYzCZ1csCCBfT6UJRGYbgm9XO4PYUhItHj+7pZrDQF5xAOH5wczMugBwAnMn4LIzC7sbaoydHK2M1n4w3NtbBPK7WVd9MZGFHFrbSwoqL6cK4uBmcfv/mlZ9laZo+f3/1D79+l+Xev/nX/1qguTzwmnV1tVwuF6Zmpbf9Zf96UpLrqlh7+e1zCEGffPZVkjqn5x+iJEUxXF+uPNOul8oUWeoP3JUFR0F+76h9cNC1V0YamJUSrcjE0b31/mg4Xjm3gyGYA4c76zv7+6FvLHTn8YO7u1vbKFBEXowjxHSwVKUWK5SzjB1OwlZrU+DZ5XKqaTOOQYE82OhWGAbudposj/mO5jmzAsjmcxOnUBSjmo0DjpMQBNxca2pLS9d0UULCcOlaUxSHd/cOUVwYDlfjyXJlB9v76yC8NFfDJw/+vCRvO86KFyqeYWSFPVpM4xwQJc5zUwBAup1q7IUEimMY6IdGr3cLwVSneb9TfxjH1knv2UTvu4EvSTxD5GAR8gw2nkyjKE5zwrbBYV+PkxSnCDdavL54S7AkS0DWKrh3dPTwyVfzxbLXu2Z4hmK5lWZFSbS9267U1bLKiyz7xWdfbrY3MAh1fFsos0E0mc2vOJqjMIHnkChcxklI8xLLsvpqKpUJEMoms5ul3ZuaozhOS1KjJW8IGE8hBEULJbWpG+54NAVBtF7fNEzfs/1Wq5sm8Zt33xMky7Ed340Hs2cfe78qMGLUX81nOs0RluHtbm5KEtvr91GGCuLcsv3RWOdZ8mCzKWIkGMBFwmxufWI7wKvnb1AQ/uTRlw/vffLx+LVm6trKUmS2W6+FdkgRVOAbcWKFvlVRGuvde2ABWeYq9BxV4drVKkMrB4dPMVxMklyU2PXOGo0TWWAKEh4n7kq3tza3BI7HUUwSmNvRJAzs+XQ415fVWqUAkMFgodk2gmclQmmoB73BNxlksQxf5ABMkDjJkjSHoDgMoVFoyyLlujOphK3Mpe7l7z6ei5L84N59kmQ5LJMFbDzpTxZzy17u7XXqFQHIYJquR2GMw0gYFRTNkQiqCiIBxLejhbbUv3h0987Rj+eLZDzqF4UDVzpwtSzsba3FaXY1NsMEQFAiy2AYAkSBLQowzyEMIYKo2GjBR3vKX/+29/bUf/6+f3zRi0KnLICf363XK/SH857pxY1OqVThLdculfnOmuqGkRflSBFTBAyBhTaf+46F4yiGIQRDQwAAwUheAEkY4wgaR3lWAEke5lkeBgFJ0iiJlBVme01OY9/z4wJFCwCO/JiiiSDwQRBgGWqprTa77TdvTyAUwVACgVEQBkEAggi2yHIQgPMMKCs1O8yn0+uvnx4CIG5YIQoBeRZFfmjaLstzSRCaho1jGJhBkRcErpckCQyCpmU2WzWKYeZLDUNRgiL9KCYIOs/h2PVVWc7SLPDiLM0gBCcRiGFQmCApjvAcP4rjNMowkpY59mh79zfP3uMUDkM4iqAQAiWRM51Om9Uuw4jTyZgmCY5hCQxFYTD0fQzFEASAQDDwfRzFwCLTFrbneAgMSbyAoHCrW8VJZDzUMBB1DSsNQ9vyorTwLfff/MnXv/jmuZ2nFAriJAyhueP7kszvbim+Z1xeT03b4WlkY11aTacgGJckjkKZan2tXNuczUwUR1EYwggCJWiKEjEcpkgoSr04cNMs2TvozvXVcDI62t25u/+ZvjSALGRZ9c7h/cHo8u3r54cHj3705F8kfhHH9nh8bbkOzeFRPO8N3yS522qKP/vqcRQ5DAWLPLTSJvOVE4SBLBAyW3v08E8loTwZf/CCfoEmEJDAMDidGgwC/ejpV5325nBwkeSOJJGHu6U797rjcZ/AoHa9iUDUcmV9/HhKc5RYq/aHw/F0YhtWq6EAEBDHcRBGWRLTBCcwFThPBRo93N2VGGXUuxEE3DH0u/vtblM9/nCslsWdjZaiSFlmX9/2pvNAZITHjx4by2Axd1udrf29fYlvcFQFh1lLCz07yXJYkDiRphR+TdeMikKkkVWvVoo43WhXCIYZroYwmB7sPIVyEozDqsrq2sh0zeFCv52saJ7KMjDOMI5jPh6fwRjQbNW0uV+V2oK0NhkPJ8s5JwgkgRdJLtBKEPh2PPKAkGXLy5lFE1i32qEwQtNnNIeFUSIy930/GSxeu7bJ8xgncI5vigrsuLMiiXOXl9i7u1v3LVPjWF4t1xfG8uXr77zIZGkKAWFtNIahSJHpPAurJQlD6DQhkyDvNkSBhYE8nQ5m5XKz236E4/ivfvv/Gy3nAi/s7xwUhfD+w9BxY1nutOp7EBj911/8eyexKITY3ditytXUS9MkHS+HV4PTsXHNCWCzQlRLomVYMIgzeLldf8gwMsL42up0rt34xq0264NAPllquhU1m/XNjS4B51kUsDjMc2x3bQsjKF6Sf/ftmyyJ8tS/PL24HS41J0VxxnMDtSRWBLIms/cP75XlKoUzru1bhhWEget749mElRCM9Kfz87PBh5ltZGDK8kS/38+j4HC7ITFMGKQlQXj68C4F893WtiCwlrNSS/V6ZbN3M7NWq8Oj3SgN3x0fR4kXRYG2Wp2d9Xw/LjWbEE5MZjaEgASJ2JpZlatJFM0Xg/liGUaZFwZXFyc0RFflLgEXvrPiBDpOExiEgKS4f7DfKjdKSjPPkSxD2411gWUDxyUg9MsvvspAfD6eYSjbabWKAh32rYcHn+xtffLXf/3/Pb89jousXK92O5sIRENphiHQeDx0vcDxIzcMrnof6y11ff2gWjmCIClPybQA55Op75g8U6SZb7tBZ60RxelUt558cZfkmRcv37M00aqXKIqGCmBzc9NzV4Npr9WRJIGYz6Y8h1I4PL8d53GSJVm3qzZbFd/zG82NJMbCFMQZ/Ho0oLGgJOYYilaqnbX2GgTCgV+EQS4w6NZmFYSzta1mrcQd7G9gCEYTPARgup3dubd7sF1Zzgc8z0iSYJjT2Bnc9M/swAEAM09tloVlCbX0YDjWK+3WSptXSyKBkYFtra2rAJgYlsNyUpGwWQxxDO15YRJFBJFa1txPwjT3ZoshK9DT+YphqIODbpoEpm3BIMJQIkqU1EpnPBycnXyIUoCkGFUtN+ttBGEpkpZlOYogy7RQHOJ4giEJgVVDB45DSJGrJbW2Wk5/eP5NvSHXGq1Stb1Y9L9/9isvthsNlSCp86v+Tf8KgsFGrQoj8NXZ+wRwRoOhKgr7e/fzvLi+/JgAIcZyb96Nx2NDZtl2Z5Nm1JW26vcuF47ruJrrR7pp8wLHs+TlZU/TbLVcXq3M68uhKpdjN3Qth4JJAKQlvuTH+G1f7/fmRZ4nSbyzuVMV1F/88m8TlN3aXov8EMzJIgVlgV+trJXjd1vdRw9+xlFbOztfP7zzByotWpo+uLxqVwSRBTiOBPK4pjaazc7LN9/f3A5brTYrqi9fvtbmhuv4KAwxDIIgRRSnf/d3vwKhfGOruTJcBAUajVKeZGkAkohaVva11Xw4fXN6/bpUZWmBuR3Mrm7njWaZFQQIRusV9dN7aziMWMaq25I5GrUtg2FZV/PL6v6Dez87f38cecu7Tx6bpvX65bdnlxcoTrbaTbBAHc2sybVO497e2qPE9igYfPBwWxKZ969eSzyyu1N27DlBpUGW2GEAItiwN4aTqNlZ711eXl3eturlz7/8xDVWJ+/OIBghSUqtlZ88fVRAYODHB3tdgUF6V6fj28tShacYEoQBkkAxCISQBCzs2XwUJrDtFIwg6NaqJIokSeIEnKd2GNumOYuSleNoy+U8SYGL8xHFq2FcoChG0ATDYI2qfH79Ng7Me/s/pXFxcHv87PygAAAgAElEQVSOgAUExSCW65YrKTIMwSRJt2oKiqFFBqEYgKARjEJr6wdb7U9ISCZoaKIfr4J5EuV1tcRheeAbd/bXBv2R6yU4rirymiDVd7dbKO6+eP97Nw3BokAKdDKwupWWqCiiQOdACGGg40ZxlMBQPhkNc6CYD0c4jN07uCdQQpaGQWTLZXo4OEZRu16lm9VGEsRhFF1cXlE0mqautpxlkX/28VgpcwAS66ZVEutrtYci1sHBfKVPBEl2/Px2OA/irCjQnf0joEDslcazFEHQi6Wm20tZLXvJ7PXxr2MoCz0gckHDsGiKZCnpzt79NMpvbnu0KIBFruu6NjOqPHt/fTd38DwmabZera1XW53heCELypNHX5im8/0P35qungNw4gVlsSzz9SzNNa1v2ksACGiC2Fh7SmHt0WhU5E6nXZYFYWfrgaq03SB78/q9Pl/UK6XN9r7Mq45jGystTuM/+4ufMBSehH4chmPNKHJgZbmOn7A8L0nVMIanC43iSSwN6uLRZHZ5M/yB4ujpdLlcrUgaAxB0NlteXx6jYAwW2WQ8OT45KeBMc/KLgQkU6cMHh3BBMCikLcfvj0/GSx0AUV7kgSIylhpJyBBAer7//uOZHwQPHjwqyzVVFtLQonDkx0+/XuseuY6lra5gxIfvfl7P86jTalZLpZcfb3Q7Aws4jouSzG1v1KMwdAyXZCQAi//tX967uJ2/v8oTw3OdKAWpk771+uRGN1fbG+qPP1uH4cgLvSQHDMdlJZohwUqZeve+V1EEKI+ANHEsNwjiNMmKohCrJcdxIQwPgqDIAM8JiyIXZL7eUIfDcZGBQRAxLFUv8Z0OVwDRYOKwcsl1giJNFUmYzCY0j0sqE4SZIqmxH/txUiqVi6IAoBQEchAnYRCIkiSKIxjKKIIwvcSyJz9+shW5oa77siguZwsAgnAUz9LCsrxGs5ZFobbQiiKXRVkpqziKOp6Z5VkBAGmaYgSRg1AGAlGQJW6YJXme5kEYVqoqAIL3DzeyPNPdMEuTIo+zHPL8mJH4JI3vbGy9+nARF0Xoh1lWWLZT5AACw1e9a4rh1zd3bNsuigRBgLzIcgBkGIoicddxtZVF4rhtOlEKKGU1zRMUgkAIlEq0abv6yncsHwQKSeQwgk4z9E+/+rRZF/8ff/V3IFxousWIIk7B/cG8SFOVQ77+bM92Q5ykYSgh0TTxDQQArKUzHxsbmwcqL3iexbAkgUOmadi2Y1hatcL9/ptfIiQ4G0+rjXUMBZ69ep1lyaOjO7LQJlAsS+NGvXV1fhlEwfrmk6ODP1gu5pcXL0g6NhwnBZFKnR1PjzV9gED5T//gM0ksfTy+AQpkd3NnNrNInNrZ6rSrVYlba7fuLJa3ILxEySQKXQTNPv/RozyHynKt2b4XBIVlTpotaXun3ahLgsidnF0SOLy5uQVBZK3abjdbsizv7z6AgJCiYIGlyxKLE6ihWfOJUZGVVm1DFjsliXn78SUA0BTWpjBBEgmWY1SR3NlsD/ojjiF+9rMvNjqdIg+PT2/mM3d/azuPgW9++Srw4jiMLG1S5CmUZyW5RPPlenPNj7MiyyajK1muK0L15vwHAosqFRHKC4ahCgSFKXLl6VARt8vrg+v+2cUHw14AOD5d+qcXo82dNRglBxOLF7nnr9+6QdhZb6Ow9On9H4cBfN0/n2pzjqdLJRmGcN/NBZl6/vY3N1MThTESh/MkP9raE1jKjmypJn04v/AtVGS3wvwWgEwYSHTLCDO3LOPL2YwASpvtr9Y7D1x7eXXxYT5fPv7088n8drq6IahC17QsTGoV+fBOdzzq1WuSKquhh0lyV1XLGJLP5+PQd7vrHVltdVt7172XS6tPM0i7Ucsy7GboXlxPTctS1QqOo+fX389W54LC1itlWRI9y83SwHQWQWJeDk5hKqfIcGNNIVkMLMDAzvb3nopSY6X1b0evrgZnp9d9lsw761WKQf08eX9+GTieaWiDy5NKhUnTcDlbhn6wf3Dn2bOXi5U1vDmtqiJBICvdBHGCYoks9msKvr9ZqlVqSYyDsLhYBKuFBSBgVGQferPrySLJ7aveyXjc52QszaxWFf3nf/6JwIFrNWGnI3/2+C6YADVBKQlVge66Vqp7xkgbacaYp/jZxJYlvlFXdXueFXmtqrAM3bvps5zgmHaWgSfn097IAmHM1M3QtgSa4dhS4NsJUFAc0erW48RBivjx0Ret+nYOA3GYpRHAUQIOMrVSE4NYQ/PSPEfghKJAmkAokpR5Jo2y/tg8eX+yu3e/Va8OBsP+WP+Xf/7nhuX+/tt/1BwDwDBjZQdeenE6pAiKYmiCpDhRbLY7+4cH6xvNNx//sT96RRF4AfHlcivNCiBLMBQQJYLmyfnK3N1bh1DoZrLY22sIPHdyfEIg+cFue9jvm7pRUpTp7Obk+t3mTp1msChx793bEFgWLJBmuymXS3cf3NPNLM1YnlfTBEDQBMCS06F+2hunwSLyVzAEJHEoqSXXL0CQWlvbddxwNluQFFuXxWFPY0mpWm3LUhkosHqtCubO23cvciAhKNJ2TX3ZE8vcylx+9tmWotLTmYYRWJ4CjWYFJVKGRg72OpKsDgd9BI/syLETi+DI1dwpMqBZloEcLopcFCgIBiv1CoJkMJqtb3fCOADRJM3dyWhg6i4CUsOhtTRiP45yINKt+XRuqEp1MhyHvn9xdlGuyBAE+H4IQmmzpfqBY+jOfGyKYpkmWUWVwDx9+cOL87OLcrWUJTmOZxjq57DDCjhc5OenPUUtv39/FgXJ5kY9z/0oWSk1IooSgeIYuqYt/f7wcqoZx+cr28NmI6Mmc7JcgSDc8y2Wo+pra3keGpatVtRaTQFyRylRRwed7Z0mw9Oen9zezhzNgAsYzgEYI2AQubrRjj9euJ7zRz/9dL3dvL97F82zv/qv/5BDhK7pL15cP/tmTDPovQebSllIYVzTDGM1ZKgQx1Eww8qlzd3tJ/t7j+7sPGmoDWflYDDW6WxVaurZ1cXb95coREA4aZpenudffflUESUoh+MwLZfrGEmfnV2nef7+/TlNIopIMDgDpcwnj39SLpXDZPT3v/zPrz58BLL8s6efFEl2djZQVLnW6YhKeTIzX3z/XRToaQBRGBr6trGYEKi8sfHjT5786cXJS5pdHt3vBIF5e3NK0YDjh61mtSTJaZQUaRG5eeAyd45+DBbweDxsd8pplnm2uXfYpSn8+x9eLm1ztlqt73c5jigr7FqrwjCKxOMcT6gKx/OYZcxver16W0xiZ7Fc8jzk2Ivb/un+djlwR7YxPzxsddaaH86HVpi5tlVVSzzDjCcjtaqiJH91OUmyDCFgFHTqDXY4Gp2cf9DM0VKbOLZxenKKU9RNf3J5Prb9jOGkPAf7vWHkefvbdQhFPp6/B4uApSppFjqGVinXQRCfaSsMhxgKnw6HJZEGsmI8nJIsPB4Ph6NZnqGK1NaXruP1Z+aV5vtACtzbO1JZej4bqQpN4CTLKDvbDx0Tpjk6iG7/+u/+w9xccAJ1uLu/v3P09MnXDE57kfvm7XPN1t0gPP1wKcpikocrfTmeTB8+uSNxIoXCge1fXN2gJAEhaZbbORL5oRl6KYpUMUIgaFKtSKu5lsQQDBFpDjmOlQIZAMECo1bkO1W5k6Xz28nHDIIMJ3n5+sxygnF/USlXGZolEJiniCACMIaOMv/y5uSyf9qfjAVOkRje1Z0vfvxEEnkIZspqZ75yXrx6GafB7k47jXwiybcq7T//4/8u9UEIAW3HaW903dBaGqvvfv+cosXBePDs2W8SOCMwAimwZq17eHBke9M01xLQ3dxrgHC+nIUqf0CQvCxkljMzLfv0/IrhpZv++Opm8N03rwQSpVCaxqVW517gJ2kWkTR62evphgkiSFygOEHHITgazh3LUdTa4c6d295VjgEY6O/VHtYrrW8//E0AYoYVWkHACBTL069ev10tZg/vHz15+Ojmpn87HHc3mwBC9fo2xfIcT4WeG7gew4h+horVjiDKs6k2GU0ICkIhotbchxH8+uYyCPz9nbsAzM2mhiyJOIJjuMBRBIZ51/2T+WIKP/hqK81zEChKkkBQ2K+evUsL0DFNGE43t2rafGmaLinIn39aaTbR/+U/vclCNHINGIbwHAKzzPaKk5H74nQcJhGMAkGQLBbmaumWKrXpZH64LsosdTu03KWepwUE0zQjAhDMcFwQR2EQZEkKFOnm+sZsOMvSKMtiHIWTpEiTHKeIakkdjWbT2byxXlquoiAqAAjGUDSNPQCGGA5WZc7185Vmf/npE9fzYAyJMy9LYhhBChgmSDQv0tFoHCc+kCRZnE2Wtm4u/uhHd3zfvx4skihzLTtOcyAvIAjubnSALNcXKxhFlXIJhHLbMREcXRkWy5AAkIRxlOcAAIBpnLuGSWIEgUMYjidZ2qxxXzw6WBr2WLOC0K/WxCiNxpM5hsEwAm62Khut1tvzaxQF8zyzLBvHcRzHKArSV4ssT2vNWp5l48lUEDle5AgCCPywADDH8cLAR2DYj1IERZvdOokhUeSVypwXJKulnadArS7t79Z0IzA143/4V3/6/euPqyBgKWQ8XlquG6dJECeNqkDD+V/+N18JDP7i5TvbtEQGateFh3cPSYwTBBUCckkEUdSnKBAEcwyj5/NFVvhOMB/NBkpZBaKMYyQIAS/Pr0qyUi21wJxFYNxzfduMBbUlyR0AhAvIdP1BGC66m22CFjACSdPlyuzhJLTW2XKMxLLAV6+u7hw8Ptp/ur5+v722yTLUpKfzXCeK3dHsGKeC3d3mfD7DUcixHBiWcLrJi90CSiQZM8xlnsZ+4F/ezj+8P2+3amnsQyBar25CEOEFXpT5hjkBc882bI4iq5XqbKKLrPL5k6/2Nu6hBe76s/e3F9+//fBHX/+f65W9znr1pjd2dZeEcQwjVbWqSMpisuAYcjJecLQsMPR6dy3wArVWRkjk4vwdL2Cnx29/ePncCX2xIn08vuj1JvPldG+vSVNcUcSzyZUg0TSLYQj45uS6VG4sdfPD+RuRQitqwzSNIDDvPt7DGeLi6nqtW2NJlkA5XuENx53Oltf92eDayHxUN6I8s21ft03jwd37SQIBMVoAzg/Hz5+9Otnd3nj0yZEiVnEAX2qzwWww0manV1eW6R7t/CSNHT88jxJ32Jv4ftoub/imuNH6tF7ZnI/7/d5H09WqzXa9VfOjZZBoKAo2m7WtjfbeXhMEgu9/+LBa6vVaR5I2Gu01GEmX2hhCEpxAAy+plfeOj99nwMIN9IoiaDP9+GwkqM17n9wXZTbyjdXq2rTPKSHfP9gAQXA0GpmrlaoyUepa9rTaEmkOyBLv5N1HywhuLmY80y1ylmHywfj7hXELINDtSH/69IEkyaZhv3zz4fDuEccQrXZjMetzAnd2Pr69mYIAyrG8bVl+6NYVQpKYalNd3+7yAiVJpCRgjQa/f7gZZ6CkltIc3dk/5Bg0A7zr/uDj1ZxiiO2NUqdRikyzUWFbdTG2VqrMzYYLDCw8w+VoKQlQJGfu3PmMINQMyo8v3//6+feGMx3cnNTr1c8/+dR34p//7c8j337y5JBjSUHgMBhqNyuDyfxyaC6NQJX4haaVZP6P//CnDNOYrPSr/gBD0LVulWIIxzdJBCsSWjdynhNr1dbDR089M8YRoVJqrq1vwQRgO8vhsOf7tq3rjVYVxuCTm0mr26UYxQv8X/7md6OlU6kISRGTTHr/8Za+0Gzd29/bJ1G6Wqm0Op3lciWqSpx4OEaqUkeRlYV5cT16XRRJtdoMfESVa+bSg/Msinw3CBgGAVD4d89eUViaJCFNohWRgopwNJqqitxZb1zcvDvvn5NYEXj62kbncH9LX9owgt9/fOf2ZhonsOcXKEVWKopurTAsny0X//S7sxCmIs/c2aqIPOWYWpR4CAKlCbS2tWfoXhQCkqR2u81eb16ttDa37qEInmaptljEUWiGBs2hKEGdnpxJEjeZa6OxttaRJF55/eKEJCmR43Z3thSecwx3f393sVxQPILT+en5xwQMg8z0HIum8Fa5BRQIDIE0SxVZVlLVMLQH/ROCKExz4ZgjieTLYnetcZdEKrxQP7+9Rch8ZWq2Z99c9Lc2a9UKB4IJhmQ7+xsQBqVpDEF5GNphGOYFyHLK4dHdLMs9x8YwkqJYlud39zZub05ZDry+vQDAyLQdz3I3N3dKlZpSrnK8jCKpYc79YHp4rwkjUKuxCaMNkhY5Bb3tD27Hbk2VNtrynaOtSq2SpIHnu2trXd0Mp5MJLTCBa0EwGPlapcQoIvv2w/mvf/smzdHNna16hWcZvNFQOYnzHHcwmlaqAk6gqsp//+3reqn68eT01XlPW9mSJKMEXa7KKJptdmor0/t4OtOXnmasBtPTZ6/+/vmbX7w7+83749/1RieSKLRrW436QaWy6bu5tlzN5gMUJ5rNdQjlJsM5mELNRovEKRTFy+X643sPuxutckV69uw5RgtJkfEMzpMlgVsnEDLw5sPRB7bMYwSBo2ijKtYa5dOTiyjywzgNI183zOOTy1qJ++TxY5qkh4ObIiX37v23W5uf/Pt//3+/Gfzu6z/cwaiCFVCGJ/fvbqIkri/nz759LslCpSYzvHx5Obl375HtBlFom+Y0y+L1zWa9Jl1eXpAMHMLZaK5HiR95fpnhHxzcz1JGVYhag2VY0LInMOgDUCiXYBCIxouBqGB2aJMM+Orld2lkedb88HDv48nNdy9u5kZUkuWKWrOs6B9/8S1K0RxfW2p2q938/a+ftepS5I0d15laSzsIoSIrS4JaKZfK3MbGRmB7giCjUK7KAs+Rrm3ev7M5my5NN4hSgyJgEMjTLGSFVrW5M9cXBRqrJYFGIAwAQRgZjgeMgt8Ox+OlXa+VJZkzHWM4Ob++Pl35NopA680uhpBvPrwnSXw8WdZK3fX1e7qVnvVef/fy5/1Zn+HRulK1F0WrugcDDE2hv/j93y9dDSMJL/BrjfrWTiuInNPTD5IiNpoqWGQQBK+td7MCWKzsOPXGg8scSZ+/fK+t9HJpnePbIEzZjhPY0ebm0eMnX1Sbqh9Og1jnWVoSSkBAV2TFDS/fvv9NASNZBrl+WqvVixyulUrLyaRRU3AMWcytKMmzIu4PLyhVWC0tAsG7zQ5NEyyPj6eL589PeL5qO+nx8VvLWTIkLnL0/d2jtdr9Zm37+uY0yVYraxrmzlLXCjSDAWh9bbtSFgHImc/HilSulreramc2G6LEguY8yxy7oXXdn9xc93i2pAjrAl1Mlx974/Hx1UT3IpKV1zbWayWx02o3K2WepkuVxtb2flKgL1+97t8OEQRutpvTmbazVq/VFbmsAjBGkUy30R2NBk6sk3TW4Fslee/11a9HjjMcGhTNKSo76J/bhrm1WX90f59npOnUpBmeoeAoiQcDwzDCH15+cE2jXqkUOTEaaO21zWazoWu671gEASIIhCCsJLdxLOc4qlRWDT8hGLVSK8MIHPg+ULiOMx5PenZgw0eftxeaO9Wd9a32Z4/vAwBiWXFFVYE84lh4MlkgGM2K0H/7L7Z+9+bqsu/xLAZDBQAUWRS6ngvDQBhEYQxP9eimby7nXpGDJMn5fmKaSeLZ/+O/+fE3zy8KlGUp2jCDRqspiWocRWmWFmmM47Aii9pi5bvRxtq641hJGgtqVSqpgsAspuMwzP0ww0kgTm3XS6qlShxFNAGSBMxQoMDilhlPNXuz0Xhy//7vfvN9mmaiLCZ5BuMkjsIwnPtByPM0jBR5HOQ5EGTgfDl9eNQMA083MwSEozACQBDDcVkSAsdCASjNs539zfF86gdeqSQbhgEC8d37G2EQJlmBwoi5cuIwBkGIoAkQRjfXxaf3uziM/e7NqR2njuelqV+rsAWcYyiiViQShv/o80/efjxFaYxCgTDwkziA4ZxmCBxDCiBxHJ3hKIrCCRQs4qAkoJEf6WbomAYM5ASGp2keJ0Gzrvi2wfG4XGINN/ScGIXBzXVpuylfnw+3W5WKwv/6+fHmRu1or+V7AQKB1apy587GdlfMXUtASY5mEl/H0GKjW717sLveWStStFSS5rMey4Sz+cXVxQkvsAQlgQgShcZUW5ycXN3Zv0cCqG9nKEYlEfDFlz/Js+z2qscL9SiC1ze3sjw07eHCOl8Z55PJlcgwrpm2WutRomuri6U2pnEcSHFZ7iYJurn1qFrZVdTubD53fe3y9L0iNUvl9TDTzq7fMiw6GQ9Gg1GrVWo11x0LaTT3Hdfww7Gh38wnNyKHzZbL3liPw2h7qxa4xqg/pKhKEMEXl6dR7ruWiaBQHAP7+4fdjV1OLMM4W6/Wr68vr67e9San3/eur0fzmtColY9+9Y9/P5notUpdUUqWFSZx4QXB2ckpx5K1cgvJOYkthXZMUOTuweZf/ee/IVk6B9Pff/cSJPCVq1Xb8mgxgjGw3RCAROMYslZpVMpC7+aUYXFeEG7GpmY6EIoutNlicbbeVitKgyLYRkP5ePzS8+1mRYYSFEM4VZVX+tJzPd9NutX1B3tPNzY27tzt0GSRp7ksqGBBREEs8ODx5Q9OlEFF3mqULS2sl2sgGs3N2cJceWEAIPmXD/8Zh0uL1QuSxnyT5Lmdzz/774Gsw1Ki51sEAeSFy3Fso7vJsujF+SuMyBAYWevWodS9vvhou9pwMr/36A5UFIqq4Hjy7u2z0XQMIUDguvVyRZJFAHUsb0BRYKtVkdTGr745mRmLerucRRaYLYBiXoAOhKR+YP2X//R3a2vtaomv16q6YYVRgKBF4LlJlDYrLZYp3bv7BYHxk+k4yYeNNgyjYBgnCMatZivTTTTDxRlOVfmqzJ9/vJAl5bvvL87OLYYStrYPKqXSbDj+8dd/gAFZqV696fUn42Ho6zs79ZLKFkVyc3ltmp7nh6Yd2OZKldDR5PbD8ZlSKjckar0qtyq1akllMBjHsPFo9frlFQoyR3v3XKcIXQSBlHJ5czYxaIoH8Pjtx1fD6XRnvVKSiA9vfrh/sB2EyHg0r9Urruc5TqgbAQRBhjUvKOH7N1cgBB/ud13HGgwHruF4IX55dau7Kzf0HS84PrkM4vDt+zciq2CIWlJqAIShGI4gDMtJKERdXA1gAvrm2W/SIlnrNjE4t835Ul/QosRRaJoWOCEY3tIIXRjNr86Pj446PJmMevPDg73t7jYOsQInRkn25t3p6/dvCiRfGdqkPyeQMoZjvcXJQhv5zgqDCZ7hBVbBcaooYNN2EBi8uO6RvCjxtKk5eZyUFN7Sjcl4vrW5pqjC+48voyyqlQUahXEMO9rbfffqvWsHklz5za9fXl2MMZrY39tIYxMoIqnE9of9pengeH6wUZYZodne6vdvPNeWRWql6aulDgLw9tZuEYdXJx9ygOa4GopQ8/FIX/QbDcmyzWa7nIbW+w+XpXKT5dmzi4nthn/+Zz/tXU8lvlKvNkf9FUWq5ep6vXuAooikCGKZuL69cCJvY6udJtZwfF5vyBzJZjHKUCxB4ACAOLYxnV1F8SpPE4GQq/Lu/tbPdrs/YYidUnWXoCFORV58+GZmGLxAwmjaaQmrWT9PUxgEQBgK44ITWAjJLNO4ub7lBSnPYccO9OWqd3VdKlWb7Y1qtXXx8YzAi7OL45cfzlOMDMKs2azIolqv72cxwgvsfHY5mlz7wdjz5qfH1yjKMUy71SoXwMKyzcl4VVUYAs4VtRyG/mQ+Mk17fW1nuvCTxKJ5DMNhlEAVhfB9YzZf3AwWJKtSnHo71lYLjREEFIUHg0mRZ6LMffn50UKbXV5djibLVr16dXt7u7CBDKdZ4uGDu5a+vHu42VBlL868GBr1FxSOgjBISaKf5WFeTMzJSLuazE6+ffb3unEjCjBJMQRJBYFdq5T29w/HI5OhmDiKZLlmapbrBJcnVxTF7e3tX51+yPJUs8PbiYEXabdxkKVskUeDwYc4dzYOtjd3tmzHOj19DwEhz6CqjMEImIXJZrcliqKx0ja6LYYu2WZSbTwqV7f+/f/2f70afa/UUJSwT89f8RwGwKjtrj6eHk8mwyz3ORbEcGi2sNwgffbsmaEtKhW6VqMNw5JkcX1taza1m606giC2Eaa225Q3n9z/45q0MVslutn75ttfjOc3FA1QTJwBpiSApQq7sdf54fUr2w8AjDg57Zv66ssv78ZxzEtdmlN5Ud1YW282uqGX9m6ncUH1htrR3YPuWkvgaRy2cSh48ert/oM7Jyen292Ng82HRUEslrMgSL/8/Ks4gPZ21lAohpEcw0BVQGEgv7wY7+ytm6shBKTtTmOl+1lBLg1rMrsGgEAgAAgKSArCSBgjoRcv3k3mhiITk8E5zYEwmmS5hRARWAT7G5uj2zmIpNWqdH4x0PWs1d0IMvv91fOr27NHd7a+/uQTR4MRsMqzJYJATs6+m7kaAORJGidBztC0ogg/PP8+S4L2es23jfFw7Bg2z7EYItTbW7PpFU7FIBz5gUsxbLPeFMUmCEggiJeU+uH+IwRMpoNnr978k+kYHEvKgpwFWKPRnix/uB0dH955yDHKuK999vRpu9HGYSCNY4YiRUkOcgAhqSC2AcDr9Xoso+5uHsZujCNFknqzuVOqt0AAffroUacrklQCFrljOApbRiA2K7x/+t3/kaNmqcZd9a5ev363ub2FAmSr2qBwxHaM295obeP+Rvc+CCVe3A+T8zCZYHhRqopxAYqycG9/X8Rb9ZLiRhdmEiz1PAiA928v263NxE22ulsSJzhLLQj8xVxHKTUt2MCDWvUajaOm4USeVS7JGIb//rtnrmVtttZLHKvrtzAe4SC62/1qoV0uUnOpWdbSEAWcZ0AQiEUW0Rf6yx/O9w4/56WObermciwpXKtTT5JiY3OtU69RuMIy4nCwoDmlVCotF+NKWSRwwKpKvVUAACAASURBVHeSWmWbpVgIjPv9s9OzXprBOEp5lpOnPgJFBBYLItHuNOGdx83ZVLOcoADSw72NhweH1zdXMAYhQFKSCRgFEwBsttJyCfrld7NmuZ0lqe85hr7CEFCQebmm5jDguiaDYRwrhH4Ig1gUxvPxBCcIK0jubDCf3tu+GFmNZp0gGIykPD+cjKcoChRFxnJ0nBQ8I/t+yAmkaTs0L6nlMo5Bi8kw8j0YAjIAsFxrfVPmGBZFsDgJYShFUIxhKY4jllqQpEie5z/+9EGzXAbzBMBgEIFyoAgjP4dSAARLMp+mEU6iIAQiEKIboeOt/uQP7wEorGkJS1EAUDh+RNIky9H6yoBRpNmo3N4OQTAnSSz0PQxDFIUTOGK2MPMc8dwo9AKcIKK0gAr3L//F0zgKFaX229cfsgwYTZZpmsgKSZFIGPsMR7iBy1HQwcbar37/XBW50I/CNEEJVFEkP/KAAgqCIPADpSTQFAHk2b3dWqMsvHnfj+NEFmhBEJYrC4JAhqFQEGjWRQBMXT8FMgDI4p2OXGIxmWUf39+ZLvXJ3KIwsKqS88miyFFF4SDA29oosQhC4RxPl0olmqUSioRLkoQUsLEaq3XQsm4yYJlB3vHFmSqKktCMgjzPk9XKIhBqs7lW5mSBK6MIV6p0PM++Gb5BiKDV2IiC2HAvrm++u7p5pVSYxWLMsBTLyq36FoKk1/3XFzdnAAQQGMsx1VKpvr97N4kzBMEvLz7e3L778P73HEfevfcpgmH94cfFauJ6Zg5mXuBWq0qSZJKkgqA/XVz2RieGNYkiy/M9mKBXduQ7Rq3M+4GnG3MAQCqlLVEo5VnAMUW9KSVZFoVxvVkBoCSH4v7FawLP0szrj69uNA1hqa5afnTwFQyDtmtsbraq1QqMckd37uZ5cnb6FsUAkS1trt0FcpwXFAIBbq+vTWOxvSF1mhSNZzyP1OpS4GmWazardEvBIDDDIeTO3Ucsi7/7+Cb0/CePn0w176Y/r6jl9W6LwbMkWHTbnUZtrde77g1Ow1jf3uwqUk0Ru4vJbDTuMQzVqLWqfGVn/R4Ap+PZxXXvnKEJRawjEC1LoutMctzz4jgK4zDyQYhpVcsMWzj+KswSRuQ5Dm9JLRKp2faVLNVV5Z4ibd3ejl7+8GtVgVGkSOKAZgiWkyBMWGnTq6t3UeJu7O4Nb4aL5eTy+oLkqHq7QnPQ6LbnR9ZcH53d3PYnBgbDLIkpopQm7vXtiWY77z7oWeyWq7Xz4SQHQVXlqzJDwGEcrnzHwkhyONJwjH5w9+79O3fnMyPPCYYpcVRpOQ14tlqvdCmqSiIkBKXfv/qdbveTPNQ0p6rWlWp3tTCG/QnHSzzLsQQMZ0ma5FEEF1jp9tZKIojE6Ovja6QAOYp+eP/IMIzxbJik5vpWpVTCh8PebDEDgZAVyIM7+0EUP//um/7tDYHTrUa73WySUIGCWFVtN1udIIqvr3qa4TWb3e21nZ29XSDB4YLsrB0gCMvyommPCTadz29FBv/zP/xZp1KF4XQ0uGQort3akGQFBJAkLNrdbdsyrnsX17djQWQgKHp4Z2tvqzUZ9VmK2t37pNnuoHhMMZhnu3mWlWS+1pCT2PvkyRcMLV5fXa70eeS7DEPygkgy7HI1Nm3d90yJZ3AMWs5GlmVwMqEvpywrSaUuBMVWsIyLGEdylcc4nIViYqu7iWcUCos7h3fms8Xl+SVF47v7GxgGTqfTTmeHxJnJ6tJPvEqZR4CAIWHPsVmuhBEKzTdcN8oigKHFBw+egBmUhFG7WU3TXFsanMBlQDFdDjAUePjgEAKRJMwdw242Wo4ds6wYxAlOogd3Nx13dfLhXZZ4EJAGoQ0A4Z3tWluSO/WjOCyyNF6ttEarBECwrutlVWrUy8v5QF9OWp3tRnM/iuzT42cAYssyYVt65HueZ/YHcxBAOV4eTw2MxESWxlAWx+D9/c04ywuIqlQalu1lUdC/OfF9/fz8nKPZw91dCgNzwOEVWDcNBFKRnMNQNCtAP3Iny1Pbm2xvPHpw+BcS9wmJbmYhmxbQcHp+Pfju+ze/Ob4a3Q7mRRYwRAEmBpjFSZbuH20DCHHTmyVp6nhOEEZhEEuSBEOEZ0dplOA4HkdRkYPzuR77uSLLcRG/PD0ba7bnZPPxtNVouTpYrdazVIvi8cq84aTCsVdXtzoMIyShrJbjkw/P+72bRk3a2qwqkqrNFxgJXdyOV6bPkAJBSVlq+qHheUa1U9aWI8szNd2OcphgRMMuTC+XWUySJct1cwAq8qTZqsJIurJWrmV+9tnTn/34p29evzeDwncSgqFn06mq8q2aChTQ2fU4gzCcIAkMVHiCYWgwBz68ObE198Gd7bX1SpwmrAgiaACCYJSmk9GIIOg4zm+vxzfnl5Va4+37K4rEoyR2HK/ZrIMw3OsNfH/BSPzZxe12q3qwdR9GqSgy58teiiaaqVuRddHrnZ9+BLMQyuCyUgcS1POAbmej2+le9a4dR6+UNpKEpBns5//0784nr9SuxEu5Pj+DQbvbrRlOdHp+MZ9PFZn58umWYy8t22p2WkGch36MQcjjh0cSx56d3m5u7HVbB7J8lAQUjVar6taDvU9blftIVgJyGia4NHLPL97ptlbvVKPQ1o3V7WBUb9YzMF/oyYs3g/E0nczCooDK9VLvZsJytWprSy2VKBSlMDwNfV03P17N+iPD8QNb19LY2WoJaeZlEPnx4025XKvLrZK4lyXwr3//u9HCJRDi/qPPeidnpmlPJjMATLtthabwMC6SJK5VxHGv12iXbvr9jydX+/sPl4sBTWVAulIkxHWN168/yKpKsSyEwsvxFUnC1aogC3ithOF4HEYOTTAUXkrTqNEsDycrP80pgfnh/Q/j+VDmuN12V6QasUu32lu1pvrd938/mB6zqjAcTgEA0c2w0WzQBPKP//B7uCjuP9w7/XCGUwRNc2EAtNeOjk/O5tqV4y9bNRWEcM3NJtNxmsJFKhEYJfE4UOgXl7+dae8xCjR1q1SWCJyHC65Wqp1c/qbIzDtHT/MQgwHqYH9bZtg0SpIwrjfK49EcZ9msiE1jYhtDhMBlXha4Cs+xjrV8+ebDd98dIwQ2HY0RAKZJaL646Pf7BIakSZqAwZuzVx8vPmJEHATuUnPSrMBBcG/7CE+QLA7SJG9vHNYbnYurtwvtjelfApg11bTlynH95M3JFITD/d0mEpIwLFjepR0sKVbFICyJIRzBGVyQ2Io2M1iGBiFoudS1lRGlxeNPv2zX1yAQnU2XWRqsrdXCPJ/OllkSPbl7v1kqLxe3CexEUbRW+zKNow+j9whFlWWJIon+zW0ep1EQn1+NOxs7MMyzTI1AKJYlMAygaTKKgFa7pU/H1Uqp1eoUIE2SvGO5k8ENSWMsC2NozrFlIKMc3wbQWDdNFEbBHBF4Og49bT7KizSDQZoW4M9/eqio0vZWx/OiPHE5jCwL1D/+9jcpCJdkGkLQhba4u0uenA7Or1IKgh0vjsPAs10UQTCKxAgig4ogSjCMct2AIlDXsnGCghCMJQmKFUeT27/48eGbk1EE0TAIBFESx4m2XHIsCRQQjuEYStiuB6Nwu9PWTYsXeQjIx8MeCuQQCCIoAGFInIH376212vJ0unIdk+cofeWgCFxWJdfNoiAFgQIDwW6t+ejOQateuuqNwiTXjBUAZzSOkyhcFGmaxEUBUxRJEvR04Rd59Ic/O3z38drzUVkWgjhnBRaBitCPSmU1SeLxcEwSKIkjSZBRNGU4PksVrpvkOYaAEIrCnCRlif8//Ksvzy96klzCUfT791dxlCRpjuAwLxKigosizTMoyRAnZ4PPD+9o2mo4t0EIdL0EgNF6uxz4/nJp5jmSpBmCACRDIhBcElCFxZMEMOys26wTJDldaCiGMxzHU/jWZsO0w8XSBSCYRJGNhkCjgCixgsD4MbDS9DyJFR7FYRCF8rJKuc5KFmlRkNqtLgQyOA4DgGNYWgGltjefLS+jzFg6c1YmZ8tFDoISW6XQekmp4iiWpihLlja69xCATDIYwbg0ytxkfNz/FqPAaqmdZeRsfqKZo7WNtfX19cvz6zgCDg4eISj8/u23Z9cfhxNNUVqd9i5DSWFgXF9+XK604XAIEGmaWiQB3j26p3CVyXiom1MvCGmKDAKfFxnXdYf9AQjHtQb74tWz8XLq+25JEfOk0E2b4QXbNAgcolgyAdLFctytNdr1/STNUNyNQePD+fHZ1SWMxH5of/Pdc9cer7Xrn3/+ZU0tB6nPqgqS5A/3PtPmRn/UI2j86rI/Hg4FDtvclItipduWH8AcXUqTQlvqJIEXQEISxdHeRk1V2tXynf1tgSartQqJoTubrQdH20lc1KsNTpBgCPjNt8/iKN7Y3A5z4vL6RtfNTrvZbpctY5HEHkMRV1eDvIgRDIBRLAlzBBRYWo1imybh2I+bpTUCUYaz3t/96m9Jjj7c3cEgOYnBckVZ6XOETDXXnk4Xm1sdhpR8049Se7HU2mttTmQ924KyBAPXkyDYPTiYLBZ/84u//Xj9wY9WGxuVwI1QFDUtRzeSMMEHo5uk8CiOJkjx9MN1nEaO580WmloVCyB88+790rFmK39hJihONSuyJAocR5mm7ma56RWzRZBmyc7uNsOKvhmVORmM0izIEJjc7GyutXdoUt5Y3/3y069ffPdaWyaV0rbItRBYrLf3RakchqFtOtsbahRP4sI1XcswfcdIaFzsdncvj3sMxQgMCwDp4OoGhVNFKaEYkwMUjjMszQocL3AchmKBY4W+aYdhb9AHobBW5QAwHE3HOZSpJSHLU4oiJxPj17/84Wj/3tdf/SGSYQVQbO00Wt0mAtFpjo7G05vBsNVq3X/8iKQo1/WHU0tRG6JYw0nG9fXQn7neEkOhx48erze2ihimCW692/iHX/9WKbdazaPZxFaUMsMSWW4Pxz2CIputyqA34BlyvdsSRb5Uqu5tPckB6vbm2HE1imYFjhV5AUPRuAg1YyJz7HA89UJ7MhnYrkuSDAQjPEuSLBmnKZxjslSK8/T96XmBgnkWpzlcrR3wnDhfDBb6goKB3VajcCGBqh3uPBr3bUGuZxHk+xEAprv73aLIAt8JvADHGBLjw3QZp35FlTmaGo96i+X05PRcVuRytc3x1SQlqo27itBAEeTq/KxelWWZ15YrgiKyPIUw4OhwhyTp1Socj/U0Q9qtNVN3aYrNQQAni9F88v3L9+PRqNVU6vXKajEvqSxWFNvdT1Rxu9Nsuo5p20GapdrKjsKoUpFkCZ2Or5MkX9+8XxT5wjj5ePkCY9A0zycznZfKhmmcX/QkpaJW6jkE+KGXxZFtGjvbdQxN3739cPLxSpK4IAzPjt/v7jcwHIijeGtj9+7OI0cPDXPFSuDV6DIOsBK/FflRXgAMTzrBretpG53Pq+qPHD03DUMp0wU6c5NTw7lSKgIEQqqIr7ekkkS1KiWOEWiez/L8ux8uzi+mWQFZTqAtrSLJFVnCMWo81A727ytqDYKzl69+gBG4ojRksS1ycg75UZGFUcbRuMgxHFUOQm8+v3bC0coaonhSqtFRErKc1GxsuY6xWN7yArHRLdcb7eXcpQVuYVgXt/MszWIv2tzad52ZG1oFlKq10rA/9rwwjoparaEtnUFvVVFbe1vrs+k8cAN9Za/vbTpOYJpOkacYRqy1tzY3tt9+eHM1nOUAlCZJ4FgbrXKjUl4uzbfHN6blMQxmG0ZF4TzLVkTSdb08DX701QMSQ9+9u6E5bqlZvd40A8DL6xvH8kLXX1tbq1YEBAa/+e4dRZONdiUMolpd4WTu6vKmvV6G4NhYaD/5/PPdnTuWawsyZjhjnAV/ePl8pS3yKC+Ljc8e/vRo88tO/S4ECroVSHJFkhpzbTGd9BVFIUnk4uJ7Qi5wFimV6f0tFky1kox3W+XJzJlMdVEVunXlyeO99x8vcwDqbrRrtdbDO09+9MUf7u48IHHKD6G1zg4Ky64FS3yNwFWOKUu0iKJ0FKYFCPJsBYMEQaVn89nJpb7SAhSlUpB883bgxZQT02FCzae+wHF5gbhhaqw8DCdrjY4fx8vZbDmbBLa50vWwQDvra7eDaZomDAGudYRqWeyPVhTF06T84OhLjlhnWOlmcPXsbb9IQVGVB7eTX/7unWaFjuMILFGpl2ZLM4zzO3d2ZuNJpSqvPGs40XY376EwdH39FoLB3mDWGxrHl/NSrbZ3eJRnWV1lq/VKTRVJFN7eqgNAdHl7S/NlDGnkBUQw0Mo2ICw/ub48ux4IHCdh7E73DgLV8gznJOz0+vmLd79SqrQgqycfbzCUwDB2ObUQDL7tTXd3OqIoPH9+zPEiAECWmVerTddf3o7e5EVCYjiE4a+P+5OVjuEQiXB5nAGF9/7j819/9xvT8xRRyROsXql6RtGs7ZRKtY/nv6doYnfjceKjlUanWq1FfmRoXrXe4URuqa8mi4VSkWxnXq4Ks9mwWt+g6QoIZONJL8wLiqY+/eIxTeA7m3uH+/cXk8sgsQWZDbN4Ymjfvj7NMaTbLcUx5Po5lENrjZbEqMZUFxUlyfPZfOjn+tnNC5S0ETxxnPC3v58nBby1v69Zrm17osBWxaYX0FlhXA8/4pwi0YzECVVOrKs1CpUokpdLslJSTdvyQxssPJZFO2trvg8uFp6x1MqqhOFwEMY0RtflGoeKAJjM3bHh+xK1JTKVX7/5BauozUoNRmDLcE3dvb6eVFsdoSJqpgbmEEkIMEQVQPbNty8sH77tz4s8zvOM5zjPihhWkEQORpOb3jWK5hCUlBXBj4qlkaE4iZPocHAJQqnEEygMZWB+eTt+fXzteCFcbqIcB6+1ZM91B4MLSYTWGusSx/dnS0UVPCdWZOzp3fZ/+flp6KKWvorjIolSHCFJnCxAyLQNlmMonAQKwHEcRaApgrTNAEYJMCs4nr5dWPtr/Eaz9h///hWIEGmewxiCUxiJIXleJGGCEXgUZhCE4gRO86zve2EU2ZaZRGmUJM12DUNgSVFLCovh0cmH83ZLPDhsjceLJIwZioiSwvWiIs/LVaUsy3mS7Wyv6Zb15uza9Oz1Tp2CsP8/QfjZa2mCIIZ5b845nRzuOTffuhW7qnt6pidt4AZytcTKpGgLFGzLlCEYsPjN/8BfDRgwYMAQAUMQYcEmJZJLzu7M7E6n6VTdFW8OJ+f3vDlHP49r2yWQwyBuWwFUwhxFwRA+W8Suu9nfq13cbYACR2AAhpCyAEIv6rRqjmMHbghBgB8GaQbRHDVd2RxDnT7an03NwAswlCzB4h/+8VG7zf9/f/XtT5+djMeLb88GRZ7mQE7RVBxHskLAaEqgIImTV8OtZ2//2V/82Tc/nBsBsFxt0rxgaDzPi83KKLLMDwNeoHAMjYKw3xTXk+XPP348mpgwQsV5uNFtWVEJmqxKtMjh94PVfGWXRSHQ0B///LTZrMIIDEAgCIIiRyJg8uKDXrNGVVWi0+YzoFgsphwjyGI1S4miLLLCG4wu6i2O5CDbd97fDhZWEuVAvVnzHH+nfthrPPKdwHdcEOQr2uHB8Ys8SoMgjLOM5orr2ZfzcOxFZhZCCNKkSFBSmH6nybHcmzc3aqUNl5jrbqaT26xEarXdVnuPE4XlfBz469HdtVZpVZsHkiJvVzOa4VWuGjk5TaI4gtAU1+3ULcu0fPf6ZrZcbhfjCU6A660RJhlHUSJN4wQtSmqS5pPRBMPKWrXi+KEXu9PZoF5vJolgWs5kfj0e3+dFLAr4YrXNATLwAtcJeVajSHa2nLhgvtqsWkorCIBGS5FkEiPQ4fiaY/KtMUTw7Ne//QwASYHn8yLPwAxnMMu0aIqcDAwoZ+vaDpAhoiCTJG0aAUPgAsubegSW+WQ288JwtbJOT046zY6sVTAcvhvdxYkP5aXrRy9f/VBCvixW9w9Po9QaTsZZCeAkBwI0J0oXZ2/ADKyo7V7veDy7WftWUgAPD49sHaQIlhfx2XzsRJ5lW9bWPT3YhQtWEVWlwi/Wy1pNTdLYcbYsjUnsI4Zkp4vvvn3//dw0xEY9ijKBY303oln2zZvrOAQBCK9rZFmmu73967OJ5wS7/Va31/ZCF0TS1XLFi8JkuQnjUhKVmqr1Op0sATzbXm+3ph1iOOO5Th6UhzsnPNVgiNpOe59BWRrn9/dO9/sPwxibT/2HJy9YSpmNHQxRGbaSZ9lsewfi/nc/fDaZnK03s2aDtNzNRjdhiKJpGYdZmhA5Voyd6GCv226ooWcOh/eaQi8Wy067XpYQkBeqzPAM8eHzB4fHByzP2rZr+/HV7bUo4iWQDEfju+EMJ8lWvTq6X33/+/eOUfzkoz98cvoxBFGOayBEZjprDIMhCPK8iGHQw4Pe0YNDBC2/+uLb9WZDsUKj1cgLyHXNHHCXi+FG3/ICnyWALMiD2ymGc/3Dfcf1v3/1iiI5mhU8b7vWh9c3L8PUy9PkyePTIEju78aSoGIoSSBs5OIIVtE3oyiwMAwjMTRPYwQmRqPF7WJ+N7hlOVapSLbp5gXQaDQc0yLwDCNLWeJJgmZ4JSuLy6tr09kwDIrjDMc1UZQ29NnWXFVF/mjv0NjAgtDPcxFC+CyHaQZPU6/dl1fryfv3ZyiSeLHLcWy1VhuOLq5uzzzfj8Noq29xAkdQjKGQwPemk0Wj0yVJriii6fhyOh1CSDkcDPK8wHCIFxiWJcuiOD8fzmcbRatmeckyLMvwkqBU6ppurK6Hk+FM11T+T/7go4qshF7gOLbEVDTpmKFrWeZneTYczUzLty1fq4oglLrOejIefPDhTylGmMzf3o2+87PYcSOSJCAY7e/34yx13IDhOZwkCRIJYycKLFEl8tJMMjvNUxBBdw/7fhAjCNSsCQiCxjEsC1UCZZdTC4XUMPbv5pd+FO9UHuc57rg+QpTT9Q+zxYxAO+3Kru1NAWxtRe/vJr+/G58TBCCLfE0WKzL/8LBHgARDijTDBVHqe9Gb9xOMJB89OdU3DkVRuztVjqVVscGQdaBgCBxdb0eL1Vi31g9PjhGwnkRUq1mJsu18uyEw9HCvi8I0AIHrzcDP1iUcJYlfrfM4jlOoQGAahhWub1IULjBqGJSapuVAAhGY6bqua2mKutvrec7mzdmZpMlnl8PJxIAgrMzgRq1TJhhPVT760S+O+r3VcpPnaa1W4QTOD4HNyn749AQscpKolgBpOStzu+VJSGaRh4c9GqEwlEJINIcLyw2a7XqRxJpIBo717NFOr1dp1IXdnmbZ5nrjqxXx7m7C8dLjhx88ODwNPWt3r8Vx5OnpzquX36M0j4J5Z6eJ42Sjpd0N7vXNhiSgfrtNAMjp4SmGE6ZtxKlLklgchDjA7tQfPT76By+e/sVO6zlU0LIiuuHy7fl7CMxrjWpRZhkYx0mw3sxW21X/uJvneRxZjbboWWYa+67jxQldafYIklgtFhxHTeZGo9U0Lc81YpnrMVg/T7DZdAmgkFbR1lsHRiBZ4l3b2a7XcRBiBA2gVJjnq/UcgvMCCje6/h//7sqLqCAhaFb+4fUyg+TB0A28EgLKakWbTVa1emOjm92OwvOw41iGsapWWJGjx8NRgcD9vb7rB7ttXuPxMrI8y/b9oqHVcFwlcZXAVQKlVY1ZbH0IxHlRZFna8UJJ5UgMBsuc4wlNq5lbv15lkTxzPCssCsvyDnoHEq/4ibl1TdsDgwhwHcAwHJ5jBI472avlaUHRxGx8z7DU5d3t2rIgmOu0n+c5vFjderE3HM6mC09SNVmQFbZWr/UgiPDizfdnv7kav46LtNuu2IZ7e7+WRFmUlZcvz0VJ8ry021IuL64Xaw+GiigOcZx/9PD4fvgKowvDtALXy4v0bjjLAHinX72/eatqglrRSE6M41LTlFa12+3uSXzl/mYrSjtyVfvm7d+nSQKDHJCT7U4nz9M4ilrNHU6sSnLddLaWZ671EcWW33/7NYzgktLS1N52u8zKYDhdiCKegzkIADzD8Ezdc80c0qvtynA6GSw3czuVRfpgr2ZZtigIFbUhM1pa0ASClEgWpPZ8fb0yJ28vL1EMyuI4SbCrGz2KyhfPjmO/AAuuqmpQgQCQVoDJ1l+sdJ2EoUcPHtYUDcrx3b0nECmkORLGCYgDBAM71mI6v3vz/v3K0GlGfPjoOUcyg9ubPM0VQa1INRIVCYLO0fBuMlKZjsi23t1/Z3oBVmKe7XI0AwEACmOrrZeVYAmWq+0ShnJFrvK8Mrwb/PDmwnQipSoa202W5JVaJy+KJLR5AfMjPw4jHIPTzCMZtgB5L4BEnnHskb4aBY4BAiVGUCvdmSy2rMDCj15oDF0gUHA/uEvzkGfBTr31wcmLIHDNwNFN5+kDlSHR795syzhP04giCDADABBhGAaGgbLIqqro+/FiqbMUu9/rOnaw1t31ZpsWEQRkCMbmWfBP/+TFD5cru0BC36MEtlGvrxbLOEoLoMxzAEIw1w/TKKpW5CyJXcty3CDNAAAENVUAQMS2fGOzDnxd39jPHu9UNLjIUhQucxCyvTQrIZqmBIbgaWIxXY4nswLMZ0vdsezjfj8J4uV8hmMogVFlBkAgoohi4kWGHt0P7UoV++STw8XSQ3EOg6Egzoo0Ezhmu7FIHIfBIgiiAkYAGI1TiBXYJ493fCdczl0Ygp8+Uv7w58d/8/l7GBP/iz/5w3eXg6vxMkliHIfLooRhAIYzVSE4EjR1dzb374aLw73WX/75L//Tpy9LhCohhKLIyI8EkWVoIs9TiiHSNMNB9KOH3flks9+qdFv1r97cp0We56VWVYosbWokiZUr3VG0SrspHTTFvV793ZvzogCyNJEVZaet8Bx+cKgF7no2H3XaUl5mWRLHcSQJlXZnBwQCw53ksOMH1rv3ZzkMFRD1zesBJ6lKRbTWNg3JHNmYjYYwkPR2Tyiioq/X5mqIAOOU+QAAIABJREFUU0i1VRmN3g5Wr+bbIUHCEi11G88Flthuh8vFDChKlpE7rV4W+66x7vXbO539rKRABP36268267HAEgItV+SDfu+xvlzeXZ+BIGpt481U391p8ywbumEaRWlZfvvtqyQrf/Ti2f5eO0/T1dqsVqsqx4JAgSKI64YoBHq+V9W4yWI2mi+X5nayGuaZU1GbDNmiCLWudvaa/YbaCv2439453NkRWBEE8M3G9EL3YnaXgkWNVWShi4Fgs86bxgIn4x/efR5E26Oj3nJlgiDYbNWSIvEj+9XrlyAMHh0e9nsP6ko99iJH35hb3XPcyWRKE/hmqQMFocjVb19+b7vhTz754/3do/O3b68vzlotuVav+L5L0sRkshzPV56/7nUaB/1n08n44vpsZ787m4yLEjt98CyLYxzFHp28wFDCDRdfvPy+BJFuvcrSTdexaLKcTAckjWNw1tAqL548pjFN5FkEjX949YPvO2EQoGiOwiWSVkSucz35u/PRTafRBgBwdDenMDzyvMVi7bnxj3/yycFhe37/iueQnWaHpeUiyZs1JYo8xzeubi+j0H/x0SOWosqkFGmZwlkgBeECYhjC9wLD8vqdHQFX+9X9XuexLPYDNz/Y7WR+yDKcIknW1n31w63rlUBBEIggim21Ilve9Vdv//py8vrV9XfD6b2ikidP+hAYn51dwSjB0IrC1ZqN3dBMirioaHK3WfOs9e31BU3CEBgxNLVeL3iRoxnE3i5xJIfBeDYeJKlX7zQmyw0Ag3v9OoqC8/na2Pq+GcushhUSBikfPvtxt72L4fjl9Xmc2UEevH/72vGtfredJ9luty0K5N3t5Wo1juNQlkUERwCkHE1GCA6oFSZOwyTLl4vtZmVARRanuetlCAh6YeyH9myzBMB0a41ev/md4a9Ejgldd6/Xh0p8Y3hxkuM4FwVAGhIkXqXwkmfA8XyVxEm7WedYwdDtlROON8ZsNXn++EDm+Kqq1auia68Xs4vh6FI3VrWq4rvx1nCKPO60VE3kMYRgKG69MpAyywKLo6iKUo1zNsxwghFzIK00iHcXn75596npTlbbwWR6HQPubL3Ms5RmSH07v7x7T5OkLPB1rVKr1aIogsCiANDB6KbWIBxvdH37NYqHUWzp29lmo7e7tVpdXsxHt4Mr27YvbgatVmN3d3+5svMwrdU61WpjuRjPF+P5WodQ8vGDPQKGF3Pjm29eojDCU2qj+eT2/v7lyy/C2Gd5RZI1EIAEkUpSdzKZopioqM0o3lxff00KsONGFEo1akqWRtZ22+v1KrWm57kwWFQq5GY1won4+fP+5eXbu9uralWjSDLL8vFgQZIQTYChH7tOCRSlbdgUzFSUHgzSs8VVBJqKWCOgGpCiWRHNt69Mz6zXOn44GYy/sMPr69H3X37zpeOlslTRFJHEsZqmiDQ7uV9tlh4Igo7rC7xAUtLjJ48lnn/z7hYuy92WZq9sqFC0yr4kssP7twASri39bjISWLqi9ouUIghO5IGr+7clDCssCZVIs9kIY3M0u0bxHCwTAoUJhKBwURE7ZQFYtu45IQwQ3U4HKLPXP7xZzQYEjhwf7ZZx9vThw/P37y7vb2iOwgleXzk8y5trN7SLXvthtdK/urqbDQayJO7vN0k0w2n+8kLXtynP0yJDI1gLxRTDHvc6lT/+g5/89Ed/qEi7vf0PfQ+haDKOA8uy0yhUePrJw/1GtcaxiOvZUegncUDgGMvRrbYahQ5HsH/883+EIdTWXL45f31zPzLNNQgWHEefnu4LHJNlyWo5i7O4ooiqKD08PFWEKoYQfuTdD2/yMpO5miY+ONn7pSw9JolmHmXz5e2rs99l4Mpyxzfj2/19jaHAOHDG4/utbSmaCICAoS+i0C2LzLeMi/e39WpFZBQcrwtS07T9m+t73wsEQVM1bbuN7m8m3eaxIu0M724g3EeoeL29my/ueYlIU2+5nEmiIEsazbKGu5zoZ1fjT+8HX9nWVN+sV9tAXyUkKXACx0raehve3a62K6OmCsZa11SFIeGshNJAF4SMIEvbNlbLSaMq1jV1vrKcJNVX47/6sw9FEkHzol6tymoNLLEc4RlaeP/+TGTJINDfXw0KAKIoXmDp2Ld/9skHisA4hiEKFENR242j0YjE4o7vDYejXq9fl5s0ym5WazvyIRj5g4+fnx4etBuV2LUi30ndDU7yOI7c3V+NJuMwzQI/A3JUFPYBkFkublbWMsvwJAaatbq/TTCQ4njmbnj23fvfbbwxwZQkAZ8e7uRJ6rm+LHEsxy7mW8t2gCJ/8qTT7VbKstw7aDMEQ5CS526/+u7TOHEbDQ0BEoHHLctAMJxjkfl6gOHlbrfPURpFcRVFhQFEENg8Ab/56qLa6HnJ5oc3v1M1oSpWRUYhSeLvf/O3242+u3fk+tl4eFupi/PFoMitvT3N0rdJXBwffTCbbCAwXm4mi6V5ctQcDScomMoiThMsieJZMS8By7INnKHH05kmgJoIBvbWcX0Co9uNvf7uQ44Di9Le2gs/1l+9fgdB5OlhP/WS2IMtPapyfE/ttOXjbuOBqraXqzWEs3WtHmXGfK3zFHOy/+T8h+v7u1WzeyTKjZvrqxJJYTxNc52k47W1fXczuL6/qdeUnWYjDaM8AlCQyP283diBATZNiyDdbj1TU3rHvZ/djt57cRgFxeRuAQLlkweHMAA7XgKAaJIUummZ1gpF42a12Wl0qiojSFivp9mGVau39g4fuI5z/v5VGPqcyOaJT+AIQ1Or9aLZOcRhIUtLgUlCf12WKS+JvKDgBFMAhSjS8H/1X3/caQmCQN4NxjiO0RyeF67Iad3m/mA6dLzNfpsfDjeGDSgc5zo2QzEkxeYFCABZARYAnGsVwQ3CjW7VKjUCRaMg1w0HwbFqTUqiOM3L0Wr7qE932rX/8Nl57KeR7xdxbG6cNI55nqMIMk1zx3HSOBEFKgy80IuKAgzCWBQFBEV8LwhcP07iXk8FShgB806TQaGwVqVhDJ3OPBCEYRDCQaiuCYPR7Px+mAIFTBBQmWuyslgsZtMFQ9EMTWIYGvuRJnE4is9mFgjSUQ7+6EVN4ojziw1DUCBQqBIXhvFmbeZxJElUu9NACS4IC5Kgq1WxWacJuERRpF7Bf/Ki8+V35+/vHYXj/+KnP/v61eVUN4s0JwgEBMsojFAY5FlEkakiA25ujKyEJrP1H/34GQgCP9yMas0qS+IQlJdZ3GpWoaKgaZohqSjwf/60F0ehpEgnx52vXr5DBbHZrrAsHvhOr8OROBQnIEsSHz/raQK5Xhu3t+PpbKZUxSIHu52OH/hX1+8uB3dr08TwNCvjWquKALDIyZIoXF189+rNZyWaJHEaxWlFUxqtVpAAm42FIehiqGv8niy0JuNrjsFFsYmizHx+O7h/S4hkARa6fa+bd5xEaKrMEHS38TRJ8m9ff/bu/TlGMrJab7QarmlEUVCvN8dDYzhebNYrz/cpHG2oLRav9zovYj+5OnuZA1Eag75TpkFeFuXg7u7b776bz2aMyAVRisHQxx89wiDw7avzPM1kjlJF0XOi1cr0g5zA0N5Ok2Hx95f349nqwZOTAio2xljiShQqOUbl6U6v9SGYV20DIhFhp9aQ5VqWQThGh3Eyc3QnCWusuFs/oXFUX4+Wy1sQ8Teebjp6u1llGQWGEQxDrm/v3Di8Hq1ev7po1TsH+08ZjNPX+nQyCqJkvTXlerO9s4vjQr3RarR7luu7jn+wf1RVa3//6W9ffvsShEuSpWEELfMCx1A/SEAMpqhC5eTEh21n1dltrrambds73V5VVFRRw2A6CvzJ/CbM0uFg+ujgQOY7ZRpb5jjLgzAOtFrFMrxOYycI4Dz2Z/Ph2tw4gY0RsKBQIFzCGdVtvnh99uvBZry306ZYGiiLH/3o2U5bnU4noiQ/efRoPh9888Xf2eZ6p9nl2ApFCmUBzKd3EeCake/nsSDyEMAwhCDzVc+LHcvHSLxWU/I0Q0viyYMf9TtPGUKDEfTy4sJ2NyXoD+/vHWsLFAmKIpwoa5WWwFaSPCsA/93lr16+/5XurQsc8f383bvBo9NdlMBtw9VXLoELvZ3TPEYlVgVKCCNwCALevj377W8+FVS21VT7Bz1C4g3LBVE4iNwkCdI0GE/H33//OoxjXhRH822apBInkASJY1y9uieyHbiUu83jdn2fYZnhYGA5Ok6BGF7QPOOYCwwvj493BZa2Nus8815++/vZYrJ30O10q07g3o2HhuPc3w+TtMBQgsQZURBpkqrUKgCIpVkJlXGQBAtz+/riMkkCVaGLwspSr9NpggWBYxQvVi03BgE8CwGopKrynsC1wNI03clSt+/uxvWq2u3t5lmWQuDGDDeOB8NhVRJojERBQF9PS8jVzdX9eMJynGGlQZQUcNnb64B5JgkCgSOL+TrPUlkSTMOKk9RPIjPY+NHCDkaz5bv/+Lt/++riG6lCd3crKB35sTUYDzEIr1c7WRH5kSkIUqvWZBk2zctvvnpbkasUx6/15dYcv798d3l7S1JYVVVRFHHNTb9Xr9WVxWqGY5BaEXGcaNbURmPHtfM4ytudpmmuxvObKDYbvWbgBCSKb1fm3WiO4TCOQ732Ece1DWNjG5MSyLv9vWa7VQCZH+oMCatqW1RqpjWfr6+3/pZmWQyjUBh+/uLRu7Pbv//8teMXSr11cX6x2Sw1BX/93fdFHogifDse5BCwd7CjStJWN9zA8jwzCgNOlIsSgWFgPVsKnCDzDRgS8yLOEKNEXRbVRKYLQdl4/VVYuBSFDsZnl/fv1KrC8FKekzyn1KtNFME3cyPyw/loWRZ0XqAwgcIkGYQxzcrNVj2J81//+gsoDXc7bVXcQ2DJDe3h/HqyvndDNwjDubG1gvXDg12SkDw7qGuiH6031iZPC7gsq7V6AUQ3dxdR4tMMZ5tBlsEMrclSu8jRq4urMCx4XuEEYbHcDMbLWoWvVeVateL5aU2rObZzNxp+8uMPKJIWJa6uqcbKQ0vxwcFTmpW+e/Xu+uKaF5iaypVFeXG+uLh2hwMrSzwWLyqVkyInDON+uZljMJLFceSHcqUqKtU4AYGymIxGCFDsNLSHp4f1VuO7H97+/puzxdKs12ssR+cQ4Ie2bzmSWBPo9mZjTxe3k9X85maQlymBIzTLPHy4F8Wx5UaLhTkdTzut6n7/ocTUcJjJszSIPH27ECRJYBuquguVeVG4tnsPIMv76buvf/i9HZmOq5uu1etwKBjcXN16QbzaunGccYoQWBsUBTmGSpJ8vooAVGi09spSZOja9eVgs3UwjPTc8OD0QZJjrpfVq1WFr8Bw6QST+fLy6uqlbk8LxPvN3/9HP9pqKsbxwGj9+t3dbz599e+MZGyY4yzzmnVBlimaZd6+uQ/cAEIg1wpoilQVkUQgnueMtd5u1V6/vQlDn+chTiR+eH210fVaReq1mlYAfP/6FoaBT553j452sjisNnZwWpW0Fs1r+kZPIsfz9CQNf/PZV2vLWy8Xke+lYdRuKM1mdT7TixKoVFTXBym8ZDl6uTIvLu8fnz482N+/urzPAOzs3UUQRLutyscvnpWJa5lmCoCiyEEQSbKUZdt+ENcbtefPX5QFJfI9lm4a24kX6nHoSwJPobilW2WZL/X52eA9QBVp5qsKQUFZSxNxgp6M52Gc1GqVIMwBEEo8u64SkkgNBsNKRW03OyQrDafns9WdJJLPHp9kcULRWJ5HUZSWBWC6PgjmgWtsVjFY0ILAmlvL3OhpWkAgrVWUKDd0e9GqV1layhOMYOg3798alt3qHa517/3ZW4oDR6NzgoyPH3STJCEIFoWlxUw3nLkdhcPputNuhGHC06UkoCiIS3wzipeGd08ysB2YYRTSRFSvssP75f3YWswdjqlEGWjqw/lyuLW2OQgDEOpa9o8//gTKUCQjnz58cbx71G2cQABVIEiJEVEc4oSg8V0A8b/46nNR4BtaczLdXN4PdvZ3kixYbgbL9f3X336epMZ2u0gKdL11lGp9Phsa64FA4hTB1ho7DKkyhIai5No0ojhkebKh7TTVZ2nsr+37/t5u7IVlWVA43Go3QQznRCnNipvb8XK5cc0lkEet5nGj9uDJ0580VMnWjSLN+71uFIbL6WA2mSYQRGJgpVoReGWxXKAY1Ose5CmNIeB0cW0FSQ4SGMH2+3uViliUMfynf3Gw2syTNPTitFpXJUU8v7rCkLxdOdzf7Vvu7NFp9+Z+WZYEQ5FplCMwVRRoXgJZntm+w7NEHMd3gykCYqoih4EzHE9hGKnVKgdHu1mS5GnihjFJRP/sz370+euJbiVAmqEwiiNIp6EkSYwRJMdReV76kdesCYFnB36QFgVB4lpNLEoQRiAUhiEYfnBcz8vU90IciRSFUGS0KIHRxKUoliJoJAfqojDZGEvXMyw3jPI8TfMiG45mrhNKskRSKMegGFjs9urtdt32M46hMYYZjFYPD5gwcBBS0VSh1ZTGoyUIwJ7tkSSiVuT5wjJMjxMoVaZYtmjU+KKIj/ZlUWR/9cWNH2ZwUT578OjN5e3CcGEIQhEQAEvHcXAChJFclilVku4HQZoUII6/fnf5hz9+FoTedGtyNGHqSzBPKRLAYNhYWvV6lcLgjx41FUVcrCyBpTkC8aOEFBiOIwSWenjcsnTbsQMEyA67km1YtusrFX6nV280FX1pxn6CItTV7c2Xb844VaQp6O5+BoMEAjIcRdE0slhfeel696QXBGFFUU9PTgVRHQ6nisLFbliRmi+e/ANVq9nuZqtvKtVOUZSD8dlyO0iBMknCONnAOFBtVG2vGNzP0oQlIGG2GIIwjBMUTVKObY+m4yhKlwt7tfRImt7p9fIkb2p1DBI6rcd5xiyWs6V+kyYOBFPHx09kSbsf3l3cnNECyfPM7n4viMM0zdMkTYIQyLFus1NVGrYdjxfbMCl004/j1Pe9Sq1ycT22XP/5h0/CMPQcV+ZYgceHk7dpZmEwShJqnDIE1YZL1vUhoETDqCAZfrKcuEnIQ2iNbwo0kyRmlloYB9zN1+PxTBZEnGQ8x6UYiuWZaq1iOUEaZZkbiVzdWtsIjrR3dyAC8+Pk4n6Z5NhotKAIut/btd0giX0wz4o8wTGYoAiMQCfT2fX1KEmL4wdHRQkCIFwWFk3AqnjAi6IZWMO5ORovFUEIDK/IURzjZ7OFWuUNWy/Lsq3WHj34KA9dii4NQ4cJ/Orm5vpueHVzU4Cg72xIFszgGMbBNI0QAg7j0DHtncaLrbM6H716/OSJYfhwmf7lP/wThgJHoyGGkq1m/83blwgaPf/oWVVplxlTJliWBDngAkzi5+l0ab2/mJt6uLd7yPFynKSG6SRpUSZxFgKy3Htw+FyfrxxzkQMBjKWmrxuWEQZub7epyDyKEIrS4oWa53uGNfhPf/c/fvvuK5IhVE189ugkiWMUQcCsSFMi9hCarilCU5K6vpNPx5sgTvMCyIFiNBqhBPbxzz6WNPVuuCpw4eZmhmBM5ISBEz559jROABhl9o+OKVKIU1CRKjQh6LOQZ3v7+8/iBNtuHFlRWJ5fb1aj4V0GRC8+fHB6sk+RBIKExnZR02SKIDbLDYqAUexDKATkhWUZ04W+XBthXNpWvFhYUAFyPE/hpKyoGEaBKLfWzTBzp+vJfDGWeIbB6RdPfyzzylZf9rstQazgBANCWF4iZQbals1TfE3al3j19vYbN9qsTTONEwJFKrWmvtajPAmTIoyyrExNfUnjdJHhOC70j6o5nCxWBsdJFC3rpsfy9HypD+/uCKxoNyv6xoiiAgAgAEVRFPMS1w7mfrpYGXeUgIMYPN8s2k2hoTElkLmWy9NaQ3ukSv0kscNQ3907ImD64v3V1nCiAGzUW4+fPnt/dl3A5WC6LEHkycmH7cZJnqUEDjYaarPdWC7nLE82mo0yL1iKI1AVgghZ4hx7E4Sm7W85lkAgMLAjnhcb9cZev9XbrRRFLPP1WvWQZ5B6lQMBuMih9Xb5+Rd/t13N+71drdLOUn88vYigeLzQkyhLkgICiDhODSd59eZKqTdkpX725pXE0Y8eHuZJUm3KnX7n1dlNnAOiIE/u5hiGIhhyPxwCKBKlpa6bUeDgOK7IKljgtp3wjERy0MR8A+SYzB7hJHIz+xxhMYFXbu+mtunvtHaa9U6aQgTN3V6P724mvp/iKM5QWqPxuNZujGbDy9vp2Zt7BMUUjQlC1za23Xr7ePc5T2vD6fk2mI/md4Zvdnp1ReYQDMMZMMuN3cYeXNJZDEoiu9reWo6Tp7EgytPJZL2eSQJbbzTDGLScNAnLNEIRgKRZ2nSCOC7TDFqt7MF43dlp1Nrdxdp9/X4oSe04zv3Q3unWHdcr0oIjBJFp1NQODJdrc+mnYQGBAs/mcTAeTceLxPbgEiY5jqkK8OHxM56vhsH4ZnD96u3lm3fvL24vDM/69LPfQSCw1+l2m7WKzB0fHx4eHVt+NJgst5bbbLYfPn5IMszbizvbiZ6dPnj65GcEquV5TgkFgiWiRH3w7GR3pzMcLTdLHUVpw41NM8wS4PmjZzs7J1mQ26aH4czWNA1Hx0nC1A3b3hTp+tWrL8LUJPkMpaGVYfCSAJbpfDEXGHBrbGhOyADIjwBdtyv1KgomnXZNFugsSdbbzHLg6dyUpBoBUbpuuL7HCwxJEFmawSh1e3VH4TgMIAgMYkQ6HJ7r9gZjCJDAvn/7Pi08hk1ev/3daPZ27Y+9KNJkFoPybkPrtqsff/y4LAPP9113u7/fDn3z5Ljd71ey2DeMrVoRR6O5UGktlrZaVXiW3uiuHwPtVnu3fyAwleV6NZzMWBafrlem64xXxsV4kpcRhuMEDCBlstNq93s9CE73D5vPnxw+OtkXGIFCMNs0DTuwnKQEYNvNDcPq7DQdP1puvIpabbY7b89vOt0jnmei2JEoIo0C27QGgxHNsrPRoNlSORbzHGc2mT189IDn6fHUTBN8t/OUIKj55CrLPFnm9w/2cQwbTEYvz88ypCBYtEhdii0QMGNQHsf477+/uB9u9vf7NEVzLPf48e7Dk7br2p9//cb3sqfPfjJbLJxkWW/LP//phxIvvfzhcjCeVmuqYXvrTehFGUpjAJqVAN1uHlcrjTgrJ9MZywoYydY01rTnIFwIguy7iBeABIWZ3sb1vZ2dExwVYRwK0u1yO5wuB8vl7Fd/83m12n7y5EUB5E5o3E/XV4Ot63owDOw0BZ7DHSdoNk5AGL2dvd54axguXCeuaQSGgpoiYTgpS81O8yAD8tv7953dBisJUVLYltuoN5KwxFFekxuqrEZRdHF1dje+Gc0Htm9nqS3LVY6sjiZv3l19VRb54+OTtWFNN9s4tj1njdFRkBiDyUSpMAxNTyd6RVURHFmudD928jyoV2pgBrEEiyNclgMESRQQTFFEEvkQwDMo//LNr0ECJ1AsiOIyL8ytFySYbYaNZkUSeZ4hOBZE4FSRGzjazlNFEOTVZjZfDsEiKdOERGFTX+t2UORFpSrLgpZmwHgyqmqCQNdAQHED6/XF3fv7teOnqiwKNOUHDvzLP9udzherjbPSIwhGGI5K4mi5Hh0f9lSmVxSZ76zmG/fibB2GBQIjZVFkURTHsSgxFIfmaew60XpjyZKUFwlFoDiJK4qwWS8hJIWgPI8cmkWCNPjwRMEx7G+/uCRgFEMQEAJ7Lf4nz7o3owVKUaZlJGnGMWiaRmmWwzhWqTIMSy2WOkNiqsrHSdRsUAWYb/Sg3VRJDCqLFATAIMJRjKBg/OcfPOVp6m8//46gWd8LAAgJPR+BENcNaIbUapJrmywFKhyZxl6rWdGNkCTRMi/fn83B0vnHf3EyGC4wggqszWiwiuNEUkSCQtMiv7iesBzZ7ooVDT/YU4Eycc3t8Z52cT2/uLURBC3K8o8//uRmMBmvNhAE4AhQAkUcRwyHlUBGkIUkku8vdN8rCBiKIcQPvf/mv/yT+/F0utiUQEmguSSzm4XlOkHoR3CZ/vSjwyLPLq7vMRh8/uQRDAOz5QIDYwxIZQalUJilSVXkaAx0PEdT2W6ngmGZIjNff/0diaCffPRziqW9SEeRqFlVXCclCTrPYZajw3hj2KMYCGeLxe31sFGtJm6cxpDrJASIsQgj0tV69SiOw9n8GsHgSqUBgoW+HQWxhRI4hkEFHE6Ws/Fi/c3Lm7tbA4OpXnM/DE1RJIE8s+2gyHI/8NMkhSBSUqTHj45hCF2O1/ba3+k9qKqNJM7iwoNhC4bTvEA7Ox1V42aLO05En390fPqgs16vbD/Qt4ax3Cg82261D/ceikI7CAAYgAEwKxFwPl/NFqsgDPMSWGw2tq1DAMyT3F7vUJSU5XZ2MfhmZd1cDX4w/JmscYooQTDje3kUlIGfGN5iYy0JCKnLHQqnHXe90Sdxnm4sAygLmSNrNW00nhiG6bguDOUiw3EI/+jgKVDgSeJBSA7BRQmAEImMl5vxeCVKHIyCQB6WYE6Q8Hg6zBPPtZ39fpeXuDBMVmsr8EJRZBkKD11vd78dRjaCSRyp3A3vB9MpRrAAkOMYo1W7giiVJViWUZpHnhvstncpWo093ffW1UbFtA2tIunmtlZVCRrnONSLdJqjlss5SuAYhoMIBkCZxO54LjTRr/b2+0mYh7Yb2E4cxlvd6DQPEBCD4aBSZbVqezPPskyhSQYlw6V1qTtTmMJdJw/DuN2oddqdMI6WS90wXZYkBFpGIYVlNFHGtvoII1KapUo4yQHQCeJms3Jy2GMpwdwmQMllRWk64/Pb37+/v1GrCkfgoWEbi7XMKhRMH7ROUKDW7z6vVk8YTDC3jiqRCJx2+7XtZqpWRBSDq1UVJ8h3729evb6ZzV0cxpuNDgKQAl3BUY7l6lq1/fDkcRzlcQSdHDxqVPsMrSII9Nlnv/ny629IFuu6tCyjAAAgAElEQVTutfK80KoKw2AwDBIYZG22MEFhUB7H/vh+rCkNAMRZlsUJIsvLyXhmOf54qkuS1G21RZ6tamqrIQJA5rlBGObGNs6LEkLzd5dns+XoxZPTo91+5Ea16m6rdjq8HUNwotbqlhV5vr/VXVWWgTwnIeqw+0FZppZ/fTe77uw0bGMtCIIkiZPx6G4yy/LSdXyCQteGniVhp7YLFRqCQffDm5vhTOQUmuAxhCzLeLVel6XPcri+XTm2vVgsa61aZ6evqNpqvcHQMvT9y/e3/U735ODEs11/tc79IvHQVvXZYe+Pu52foihm2pPVbHx4+JCluMV0jhMUR3FHuwcYQa82GxjNtLpSr2gn/Q9ZskuSYJ7ZOAFEcWB5lu24g5sRClKt2hGBKmVZhqG73ui2Y8MoKjAUgRLrubW309/f6wsyO52N5nNdYGsUraaxL0us44VJGb46/2Gxmtaq1V53d7PebFa3fhTSvLhYOp7jchw/myxBEGZ5oVKt1pRKp9nbrjeywJwcPgAAMPCsxWp7djXGURwsyk61hsPwfDYvIQgl4SDJMQIkMIDG2c7OLk3Stm2gKFmW+OXo+4F+06wepmF5Mfj2+uaWQlgYAGqa1us0KAq/OrtYrRabzbbbbbaaWqd5KLDHMKRcXH19efduuHJYmhRUcbmcj+/HIlt9fPKzhlq/HX3tJjOhxm1sO4rDNI+yII6cwA3MBAjLNK8ou0EAZAWAoMnamtE06bm2ZVoQCO/2WkUWb03HtCMMxSAArVUam9U2DIqXX7/VVFUQRJaXdrqN2dL97LMftqbfa+3FUTxfDXAa0xdrR4+ODp63Kt2rm3ej8UVjR4nKrNmuEjigyCwIlLabrjdhmoBgmTYUeGeng8AcCDi39+9BTARAZu/o9Jsfbm7uVra1enDQePr0IQJSCMK9fXO5Wm18z3r85KTTqJ+cHF5d3pyfDfW58fMf/ySNcRiicByD4PhucCmK7IP9Hopgv/rV5+1m3dwY+/sHiszJksTRAsvK0/EMJykAwuM0Mqw5AAD6ao0SoONtddtN83Srm4bheI6HIlCvU3Es0zE3phHJagXHyCAGMQxPsxwDIhwBitiXFDIvkZff35UIWdXYk/326PZmsV5hKFCUpSRxWZahOB1FKYlCqiSNbq5Ny0IgWOSFIChsN4MgOA4dgsSjMJWU6ma6bSgiCaNFknp+jNM8RzNJHjQaXJrYFRU/2tOgMsGBVBJoTaJFSRlMdITkbceXBKrVqpG0CAIgWMAkJvVbdY5E0zgez7ajuXez9O7XPgAXOAHoi8HuTh0soI3lLdZzCEnyxG81qvv94xJARYEGERCAYIbl/KjUN2YJlLKkXF/eQzCsG8btzZRlqqoikRQgCYznBo5jB0mBEghYJJ1OPfTcxWqdZTmEwEGUnl0MKnKToxuT8RoCgPnsNoqDEgAwHFqYbpCXcerBUJgnlqBg9WqFoWs7vUdZBucFoGlyHGUkQX704SmBA6vV6uLi/uDwscApl7evxouLZrMpcfRkvPr00+/6u32GRGiWm68M24tRDBZ5AkUxjhIpnON5HgRBBEbKLINLL44cRWGDIE1jtFKpZnlg2WtFFbIMVdVWCcRBsnp/9dqPwtFgDgMYAhOaIo9Hw/l64WV5kpQyT+80qyKNATDohpmm7pYg//3Zl0t9kUQxjgJABk7mLktj9dbObvvJwe7D95evlqubSp1ptqrL5dIL4qLIKvXGfD6jKHg8GvzdZ9+8uVk6cUxL1HK75TmsqjBpmMaxfjd40+k2eu26bdsTfeu7pm0tKTpPct/y45/84uMkSiCAONrrwwW4Wum7/Z3+TtOzjDQOZYYQeNZzYxDCYYx0vejVu987rtlpPLodfPvq4nw+NddLi+M5ihdHY+eH7y4O93dZElU4XBZ5isQ7rSYGsUWBYJjH8kBehn5ggkWWheGLD469wJ/Oto7n7h/sbc14ttItewRCJQTJtWb3ZnCuux7DYBwNBI6RZwn8l391RHO4IPGWHZV5Vpc4hSFICt0sh/VaSxL3OB7b+tbaCTEo+8VPTn/64YN/8EcfURi21pesyGAY4vmhadvVmsixGEVhAARmaYDCGQTGBFHGkcdQIIwjDFn+6SeP391uQJQCk8Cw3CT1/sU/+3GrJv79V+/SvISBvFLh0jyVFIFlAEVm1put4wYImO10Ko7nCTxK0tBq6XYbUhjloVdQFDudWY4Ryrjwf/gv/up2dGeYBs/iOFB0mhoOlYv5EiNQHIN5mdmsNkcHGkmAHMc8ebQDgSWKQyBWzibLJM06Nfjxvjxfr4AC9F07ikPDNrv9ahhHKI49+6BLELFlLDUJA0tAIApVEf/1/++HLAMJFBV46a9++cvBZDyYTaPQw+GsyBIYBtWqkuY5QcCqQjtOOZ27BE4IArfY2lka/K//s08ur27XjleRyDBwDcPmRC4MQlWmex1pNFmNJqvDk+PdvUeR58fuaretcggEA/Cjh4ckDhZJyrN4rSoc7Ne2qxVc+uv15OLqrioJx4ePBb66GF9TVIaD5Sc//VmzVUNQtCw9Xb8bzq5wGl0u1lWt9vTxoyKG5mNDltofPv8Eg1mGqkIIuVoNAMCTVR4oUdvYuO6KoEFJZkkc8ENrMB5vDA9G2Fq18uLJh8f9w8jXORbStLrn5jCGz2fbIsdpgq9XG7EfXl3cNRqtn/7iF3leuM42SGJOwrxwWoBRCgCyKgTeGkYjz9/EsckwuesYlmO0dprVisaQJATyRcq7NsRQWrtTYzn0bnBdbWo4XEJAfrDX4XgiCUMGp3/xk5/FHuDYwdpYOZE70SejzeSrN79PgFUaDZLIFHkJRRkUwTLQKyBXpFiJqlAEW5QBhGGj8bTIU7DIawqNochmvV0t9dgLUzcSyOqHT//oZPcUp4m7yflgfJnmnuNs6ruNyXKTAeDjx704sixrFUSeUmHTNCQxtNlsbzdrmiEojkAIoISSqsqCZcwSsFZhvMBZLCaaVC8ywAt0lidkmYELmKGVJAyN7RKG491eXRB4KAfkSjXwVnkRIDjB0BzPU0ABUDh+cLz/zVd/F0Vmd6fC0FSW+kHgRkmRBK6+NnZ3fuQ6ayD3SIKtV9rLxfzu5vLw4FGr/hAsMcucIRhi2yUCi7XWvlaBh/oXL88/nxlLrVoDAVJRa626qs+N6/NhGANFDNTk1v7eCxThF5vxRh8ul9Pjk2OaFgEgX8xXgqiosgQDuL3JQIir1+tJboxm7+zECYKirggtpeJuMwyQG5VHn/zkn7Sbp1JtNwiDwNdJMsyLbZZvEDwOPTf0nNiPFFENfUBfBTjCK1JdUZpQDjIER6McR8kcq6Ux3qj3cRC7Pr+3rLwIUBQhk2R1fvn1xeDOjMJKs+0F4WK+ASFAVIQg9sPINTZGCdG1SgWCCUls4Jhg2bm1TQoAYwW1vVMTZRyAUqCInjzZIwlwq08YOptMB6v1imE5kaPSwvn1Z3//+5dvfvnTH/VaPQTBk9RfzIed+gMMrhe55/i2HxWe65Vl+vhJv1OrHrROJbINounf//4/3Czm9Tq3v1sHsqii8ZZnmYG/1LdplqgKBaFonMYiR9W0/SIXLXvrR9ZOr8czFQTAOYp0XKuzU53Pp7PFvLfX2uk3gDKncYrCCQwAd+sqg1JgRrS05sHOsW8VJzvPetoHve4vMPQQp9thYJr+2ca4okmaIir1ajOLc5YW62o9T8u8RM/P3uF4kaauyDMq1wpt2PM2cbLxg00O5rPFsijKPIQr6lGtdlCWeRC5CVCESVlt1KESpFD0wfFRp7ULAxAEAJPZ5PzsvACA08OnZc4Ejp8kXgGl8839bLWQJenoaK9I/LevvwDhlKEpoMCzGOYYFsNww7C3uvXzP/ylvjDrlXZv59BY6QLNa0ptsVg6lunnIE6KqqqkQabyrCRrEIRhFBpm+XS9rTbEplon8VaecEWegWgEIzBJNizXMMMRRQGKoo4nNwCcSwLT6ygUUpjrBQpGskgeH9VZHn70pC8KYploPPtgvri7n/1wNxsLsra/Uy3zJDRzTT3tNj9uaMrf/vZ/mKzPdg66ju+/fXcV5xmCQTVVqSoSCsZBkV1cX50e7ta1XVVu77QrKO5GkbfX7xAYWlFrBzs7jutOFzMvCmVRfPDwaLua4Ci8f7C73z/kaQ6FUHNrwyDw9dfvoihvNZqPHp4gSLlYDGuajIHaycEvZU6+vPp2vrqvNESShqbTmbldHx/UaQICwaQAkiSH1itbU1ie9mt1OS9gHI3iwFzq4WrpbPVtGuf6xq/V6nFkz0YDzw2WW2c+34Ig8PjRw363Y22s8WAkS6qmNh6ePFWEquMmURQBQG6ZmyzPWJ6tVNQ3ry5oVjo+3IVB5OzVBUFxGMpgKO64IYqjEAzXqk0A8BEq42VtMbNAhHj/7nY0Wj58/HCxNCiGROGUI6CySJCyoEl6vnRBmKzX24Kk0hTJ1yo1lfWc1XQ6anUkVSNphjRsu6qw1vbec428iEmGTEtYN6xKoz0ZLeczEwVAlsJlninyqNmuWKYNoshqbQEZgIHoydEJjlNb3SgzQFOqJ/sPJiPj229vpwvf9Uq13gALH6ewg36NxEoUIYECVGXpH/zRLxzDTNNybdgQjFVk5mCvHSfZZrO2DZ3jBUWQOJz9+Ud/8OLJH/Y6R3mKrTd+EhWT8TgHIlXmsywPAgCjWMddbfTZ/kEXyDHXSmSFMW1nazp5XhCc+P33ZxhOHhztwQiCYhjFcpPxSpEaJMLe3t6wDK2pmlav2F4kyjWWJAzTj9OCYEVS4GdL/dPP39CcBBUQUOBb3To5PH746IG+nbuBtdLnEI459lLgQIEtoNxqNzmRp12rCBycRESKIOpVNYkBSa5UFM7dLkgc2t1/sNs9zBL94vYLEE2BPBc4dng/bXd6Dx8cEgjmuF4JQaYdsCxDkYjAiqpQdS03i1NBrMpybbWYgFCUJnGlpq4XVprC3V4nCRzHWne6LZZWwyBDiXy6ONP9LUZhzx4fJVFQ09oUwYxHs9dvLjlBE1hpt12v1epQUVzdTi5vpn6QEFjdthyMcGmaJnAShtHLqzDLA0lsPDr4ROVpP5uH0RhHfaCwZ7MBw6CnD3e+/vabJEmSxIcB5PJ+ubSBvAQZno4ywN1ucSJSJEpkSIFLCaRQZcw0DAAlSQwhCQBBItt3gwxM82IxXTtb76/+4i9gkLKtHMdIludJGh3cXSkSDQHxbDZHCZTnpRIgKBRBAOiw/yMCi6/u3gIgkccFz2McSycJuJlbtm6SOIIiiOUnW9sBy4SnlSzDt8bZ5c3LDEw1TU7CIA3CTktSKuJv/+5LLy12dppqpen6AQK5hjGhSF6T92AUGI3PWy2WRHzHWaMYBv8f/9tfECy00fXI9x7sdf7ij34CluBXr8ej1bpRwzi2AoDk9c2bII4ODppZmCRp8f0P559/fZkUAAiB1nbb320QBCJLnKpxFI2u1+Z2NW+3VAwr0yJJi8xxHZrjF2bw/LjBc8yriymBI1EU4CRJovmf//LpdDx9dzVptGrNprxcbwEg3euJruN6IZDFWZ7GNVUy7RRF83qdNu1AVvjBwJzPfRBGba/wVt7/7j//5xKH/u67T2kaqlcECkF5kWUIlKVJRWV00wqCECzLD593OIa2rbjblkgE8LyQlzjfsWSZcUz9D398hKPJ/XTGS2yW5xkEag2VEegCjD/56YHnm45vyCrtedbpXuu3n52v9RIHAZqlIBD8s5+9uLm/Giym+lrP0hKjUIalCBKBIIDlSIHHGIyZL6M4yQLb5VjibDhVROIf/OyR4WxQolBUSlYpAMh5ldrpyLvdWhgnAAi2W412e892AY5kHj84YAhalLTdfn2xWr87v0TRrNlkOQJCIRCHgySP1rqx120rgqav/Vq9QaMgRcIUh8MktNzOSB6gGHizXYdRhEDU3s5eo9ZZzV0MlRuNXYHm14uVY1sUTwWxc3N/n2c5STMkDsaFwwgYUEYAEN7eDzII0mp1CKZwlPKNgCOEi4t3GAmzrCgIlTBMZ5O1KGqSoAocIyuC5XjNVqW/251OZltjIteUFMhNc2IGK0bmvCA0tktGIu4nt+c35zQNNXfqs/WapAkMJ0VeAkqyWu+xHGtYhqSgV5dni/WyWZVO9tqR7e40mkeHR/rCUHjl8clpHJZOEGhNzfddSSSePH9Yb3ScODK92c3oressQDArwdQLDdNa50m53z/Oy5Tm8ThPSI5tVKpoCUBxKgvVzAOrWm+3/eT04BNVOCBgOY2C33//+x/ef2MlRlL4jIBbrnNxc+95fr8jl3kQhV4UR7Pl1PP8x08ed7u9OEyBIi2hwHSXprVBgKzbrMockabOu5sr21+zNFZT21li0zy+3qxZkscQPstSFElJLBsOh8vNNg6StIQmk1uSRnwvciyXZwgEgrqduu8bjqcHgd3f6YRuCCEAIyhxihQFECRpu/Wk3epdXX6Po9zp0eOb65v5fNqs7R30flbmOUJEbmBaTqjUZIRLfnj/b15f/HayNVmWK+MsT6CKomoSf38zwiDqePdhp368t/Mhxwpvz779/KvfkiyGgIgiqQKnAEWo64bnBPu9PSAjoxCttepp5urb0XwxtXRfZCr7jf1O4/ho78Xe3jNFajmeZTrjl2eff/blv1/qN80OU0D+ajGeDxb6Ktxt7ctip6LsklgdQ2q9zsNapS/xKg7ksiDp000S5nmULxbbIinyOKRQjKZFRZQN6+aH17+WK3J/71gQOd1wJvNlELi9/k4chba9JWmMZhjTKWmKRSGKolhWlAAUx0jUsC2YgGkyofjg/PJ7EPBaLW45u3M9neGK4XjkBW61KrICfnU/efX27NHJkUCJRZkDULjaLF6ffz8a3v/8R3/B01XXMwgSOzzedwInz5zA9DrVpzjEzVbXc/Pudjo52G2LLG7r1s5OO059O/RBjIiiqNevFAWYlvBGn9dVjSO6PK/60ZKmIIlTOvU2jWGX5+cYg8w2uu0FBw920zy7ux6aa70IEwrHQtfHMYrlK93+MYxy84nVqDTrmpbnWQToRnT26uKvL25fUhTeru0hkIRDMM/QmqyCRUFiCACVrEiGibdezmG0lKUqxzUxLLu8/CIrPFHmYAjotA8ODz6SxPZyMXzz+qvFaknybBTFDx4eUCQ5Ha0qmgIVEIqg48EwL+Igcsu8FLk6jtXzLMlz42b4auutYQBqNNSKipub89Ho6uBoT1PrcYjHASDzXFnmur5udToMw40GszQuVKUOZJHAMACMzWbL5WLBS1KtVt/f70VBmIZRv9cWJU6uVc+ubxfLOU8yp/s/JuFdihAN+35j3XqRRfM1Td5Pc2PtjMCygCDY85x6vcJSiGkurq6vcRLt7NR29xvT1eT333w7uDM06TmGibrxbuteVWpKv13d6zYSD+y3P/7g6V8QePrv/+6/f3nxBcux+7v7w9Fotp7nYIqjUF1VjvYPbHN1N1meDVamuXh08sgz4SIBFsu7+/urvCzAEmBorl5punYcRT4Kl0kcSYqwnE2mk9HzFx8okpbnQJkXSZ6xHAmUcKeldeoVniZhGECAoiJ0nj39xyxFfPrVvx0vr8MsJSl0p9u4H4wjz3162kXh4vryqlpXJJXJIQjFMpkHWAEFy5ShQAjO56vNarF99Oxhq1tlGJJhsRIoJ8P7owcHJw8PCQKpVPhqVYFA+PPPvsnSolmtPHr8QuBlACwNY0azRJiGAFhmYLberhzHTZI0Cpx/+Kd/jDNMnILVWoMmaYGTWs02QxEwiFAkF8erwewcLKE8gSRZWW0MXXeqjWZRQCCU8gL97Xdv37y551hSEISrm7VuJpadIRhdZgAnKVloomhi2tbd4L7V4Pb3NYrjzt++riho4m9bdVmWhOncKiAGIwh9ZYwn2+12AwBlHGd5ChIspZtOlKSqrERhAWaYZYfTuW47yXrt7Oye0iRRq/U4sY7TtUbnAEGpKAhgBFAVutmqmVa4XOiSyKuSRuEsDMIH+5009imciKMAIxAvCCAIpgnQ0uc3l7cYirNc3dTTemX/dP/Rx4/2yzQaDuez2Zpn2VZrVxGbaea6wbqisKbleV6IY6Bpb9ebJcNQar3ieoGxNfv9mqlvaIre3TvIkzgJPFlsnL2/HI+GOMvf3688v7SN8P7qcme3z/PcfLamWHoy2V7frGEYYHGqVdvz3G2emo8ffmQ54Xevf18ggR9HZRlwTCkJYK/NUhQwX6zuBlvLIDTloNXZqVcU23TjJMdwZHB/393ZaTR7HI9988O/KwiXwKEsShW1hmE0CJZHhw9ev7xynZCgGT8GihKraapvBU+ePo2ifDozJamJwPhGHwNwZHkBK8lRjNCcIoncYjUcDC4aDY1nZABAJtMbmIzGy7ntpI7p1Wv11C9b7R2So/MSleVGb+eAp2jLs1frZQBAS8PmOOao/3i/9xgCzNlskGd5v9cDURgqEBpVVW7HWN9Toq/rA5LNeQ5eraeaSmkV3o3zy/N33W5LU6VKTc3KEgBwDMO2ujOfbxG46La4mqwCZbDZTAmGiOJ8ZbgYCNf4CkuyUZZajp1G2c3FsFmpPtjtUxQXRAWCY4LIWZa5WCyixI+L8N3leRC5LEvAJdbt7osch4C4IjCOff/ktH/Q7QskqzA8h+MshlZVQRUZVausLd/yoyT0VI5leWW6eP/N2y+Wq40ki6oi2Ma2XW9kMcBJnGnbiloJvICm8E5TBoooDCyMUDlWG969nk9uY3cLwyXH0vD/5p+/SPLIWrsKy/3io6c4hv9P/+7rz7+aJCXtuMtGlUdAwQsdyws2evz11/cbI7Sd1LDSJEoMw+ZYut1R8hzQl46mcKZhG7qLwyVFoWWRJ0kGIphp+AiCW2FJY9nHTw6+/v7W8HLHshSFj9Li7m74v/pHP4/i1ItLnER10+Fo5PRQub/fACUMArlt22GYGH6EwkG3Q6ZZmqbgtz+MHC/nFN7Y+P/5n/7lLz746N/86l9PrQ1B47bjXd3N7wb6fGNsDfv0wQ4ERsbWQqDixdPWbGW9eztVeYSjsPdvpn6Y+WFCs1CtymSh9+Nnp1d303cDA6dIQZKUmhZHfhh4vTZHUdjeXosiqCKJCZT+9e8GaIkhUFmUQBAEnzw9Ho6HS3NTr8iO6cMoEqUpxeKu4/I8GUdBRZQdq7CdFMyyP/7Rfgkh37y+6Ta5x48aYbChaLAAIj8KJJWVOQxHkLxEMByFgCQMI0tPVXWn3mgFYRhngVahz6/eh1kkKgwCwWlWOJ4jqqyfpAUAHewdcIKgbyyBr3Y6vfliqDv6+5vry/tbVqJJgtA0LXB9CMAFoUGTVX1TwDDNslQSrLUKSTNcmqOvX795f3EDwnCjXouzWLdmYeSXQFIA8WQ6zcDiwaOj+XJtbR0URDlCZTlxOputdUuWRE4QPNdXVJEl6bJMt4ZuWGaRZ3meLdcLWSXjJCcodTy9XhlTAEf8MHZdV9bExWrlBb4oUBkE3o+XSQm/fXvDMDxFcK5jxbl7c3dm2JMo9nGEPtp7UJEqSQz1+4fNRse1M4HT9vt7q40JoIii8LZpRkHAsvyr1zev3w5AIIVgKM1jy1ojRGF7jmmYLM0jCGZY+u34/ur2bquvXrx42KjWeUauNx9VK6eSdNptf1hRewhMpZnHylSKFhgNiRKpiHwSpI1qx9Ljg92jyHQyPz88PCyBcrberLc2BBMYRg4HY5KAHHc1nQ1REKQxXmArABA7/uZyOAGRtFkXeFYTeel+cBfmQBqVFaWP4TgnEDCcDcZTy/L3Dg6H88XWXDIC0my2ywygCVxV5DhJVyvdDzxVkQ4ODtMMHo0Xrp9HEcCz6nbr+XYZ+eXbN19nSfTk0b4f2GBeinyfxft5Ycz1NxtnbPozUoyuJz9c3ny12Diddmuv14FADAKQvX4fAZDIRbr1E1U5IvFmReODaHp1+5qT+J3+nsiJ3e5+CUDj4e1oNNHUuiK2PBOQtQqIpHdXbx3XoFkRKom93YfHx0+jIJ8tRq47z8qVFVwsrUu+wVvGtttsPTp8xON1Ae92as+btQ9krgbmNAYjaexDYI6hVBoTUQyghRf4xno5DyOv2RRFhSvBLA09BKQFqTEcv3p//fXB4X63dUITMs8zaRqPJ9NnTx80KkqRAefvzwAUUKtyVqB5UmZ5kRXp9dX72eIGIcKo0G/H53mxvr751vdXCOQwDLRaLmRFVDVlawZlXtAMPpo7y7n9z//JP4EL4M37d4xYSipWAnEBJHnpkjC61/rAskOazBA0XW23b968oRG5rjyGSlCsFCnoxGX04KhXUTVz7VAEZ7omzTNJAWAYLIlsmUMb3XdiH4OD3cYBx+wiMLBeXi4mM4GleYoogTwpw9HcnOtukmbv393CALTXa8d+0mzvjIbT0XQRxD4jkqPx7WR2zimh5V/cLb46H326DcfDyaaidnc7xxyiGWuzplLb5RLD0PHgpszjIIwYgaNYDoILx7EQiMFghqYKlLQAMNK0ahRAOFKtaNrF+Xcb/dpP/bVulQBCkZRhmKu1+e3Xr4ES8t04jFJRFsAyQ3Fgu7UZos7wPRAMr66/tMINyVAIWAosoCllGm2yFNjt73c7B8OR1e7syJJGUqiub/3AKYDs229fVauqLPP2Ri/y1HGCzWYNAoVjugcnRyRJXd2Mbq7uSAKJfPf2bgjBMInQjw4/EfETmqhEyXC0/ma6vZ0tR7bpC+QOUpLf/PBlkCSSqDmWxzK0JEolCA1my7vRLC8BThJHs6W1DV+c/tNO9cf1OjFbf1XAsSqoEl0tAprEjjX1pISM/+F/+b/dOfc1STnonuAIGURbAIqrDW2z3rRqzf7OUQGk0/UqLPCV7SJlqHINxwwAKLHDxdpxbNcvAKCqNfOUaNT7FEmhCJ4z/PQAACAASURBVLRarYuyWJvufLEYj+fD4by90ytLyN6YaZK06iKGAKvZolKp4DDf6z4XeeHVu7++nV8r7XYUA8bajsNss7FZCt3vaRAMz+ZbBMNbnYqprxSFY7AEI0qCLMAyjkIvSf1GVaYxKk6SxWxJUqjtmhRNaApbr2uXN1eLxZShiZvL2zevL+MsPz09TJLsyy/+fjC50mrMcHyPE3CcxQCYj8d3+mbZ3+1ARaJIzHg0vby83dvvETgJAFC7VUMh0LECGCVfnX36/votz/LNWr2iqje3QxTDjo4OkqxcTOc397OXb+Y39+OdjkrS9HJj5yUsSirP847pnL8fVGQOgYokSRaLDQQBJVBe3U+zPHlw0pV4rrez32z03r0fvXp732y17a0piqImcUVZMLy41o2Nab15dxf6gSSKHz//AxRk5ovFYrFRKhWSxL/99mJ0P10bXq3ZZ7maJFQZWsERdLvdQhCg6+5Gj978cMHQ3IvnH0hyjRca3c7uTrsF5LnjurZn0zyNo5AicRQOpwnACcx8Mx+Or64uzzRZYpG0WZOXa/N+vM6KdLfX4SjB3i5FqciB7Op62OjskSQNgSUAlFBZQgDGcqy51QEgzYs8cCJNVQks95xtq3EAI+xqM/aSxHaS8WQpKaJWZfwwgFHCD7JKrWm7qesDjVpFotndzuNWu397+41pGDzbmi2nBA9kEIwiYOAbdQ3f6TIAmE9mS5qRTk9e1NTDRr2XxP5sOrUdG0UKBMNcO2VY7vX7T8f6mSBRQFamEYDjFIbjZZFDZXnx/j6OSkVrmFaWFDCQg0UKVhXZd2Nj6zVqewgED0eXCArYVigIKoYTy8U8SewM8LPCC1xHkZtlDi/W4yBaxQA4HBplBjCU0Kr3kwTcbo3VVj85PYGAfDy6WJuGE4QlWvAcFQeewvO9yt5sfLWxxpJayXMsLYkszHiiSmHKaHoWgZ7jh24QhIG30bccR+EEujHcakUEc1iVtN3dZqtV+/a7q8uLMUkSlunHSX64q/IMEkbheDEMsxKA6cXW04T6H/3of9/SnteVg73Ow6O9pzvNXQYnwCxaT1dBnEJgTlEwihaO70MIxojy3Xiz2BrrzdTaruqNFkkwpmWXAA7DmSqQktyoVY6Oj5+2q1UWQ3EIPDnelVTNcgMnThEEqor8/s4+QwVevMJQZHenR2EMTRJJAlQrp83WoSyppuH4YZoEyV6vRZD4fDEAS4BAJRKH1ssbDIY63a4oa/Cf/tkJBpH9zuHz08dXl7f/6l//bYyKIICDEJ5DRb/FsAzXbNTfXd5d35rLmYHBAFQACz3I0tzYOpLMJYF3dTEe3C1Enon83DSck+O+vjGBAgYhot7umm4Ux1laoEFQ/OiDHYbhP//uDkbxflPN0ux2tNUU8X/7X/3jd+/evbucwQi206K7bf6H70coUFRryny6DONsrm87bfrxsYzAQJhAGz1kBA5BoD2t+9/9n/7ll9/86l/9L/+WliTL9uIMyAp4NNsECXh5NbFc+6OP+hUFBaGk3RK//PrCcOLnz3YqivL5F4OtnW0Nt6bgpydNy/IlUf7o8ZP/+Ve/t1M89KOyyIosN7YWBPgoAstyFSfobrP2m99evL80aBzFKNTYWmGU/eUf/Wi13rhJ8OHjXcv0HNcvC4ikCQRH4ijMs4yCURxhDCtCEeiv/vAhgZRfvplcDycHxw2Ogx13axibssxRpNjrNhq1Gi/Lq9lktViEvs+RXK0iJ5F9dfZtlq0dbwkiJU4TEIiCENrut0VVLMtwMtcLEK1oFdsJPT9Ta7sQhKWFY4SbhbVN8iJO4iLOfdvjGGE+3PJkVZJ6gtKIgXC9mRjryXaz1PXwwenTskgLIK/UBYam352/C3P3fnyjVniGwze6DkFgVZZGt2NNqPSbvZrS4Xgehsvr25tGpz4azbamRWFI5Dn6Zn17P4qSqFKVe7t7GAqtJvfGxlPVPYrCx4tzmIC2G8vZuDCEmKYdZWmeF/PlOs4LimZmS3un04KAbDK9KUD7+u4MwgsCp05PnqcRKvASjjMUw6Y5NBguD08eSKKEE9hisSqzkiFJBEQ2a8t1/PFk+fMPH7W0CoWhWRrCWB5nCY3RIl+BAGCxGlzcXnix5/mGplCz6ST2MoFvoDgVJLHhrvPCiLOtG25JjigJ2nU9DCHLEJWYlsbvHO0/+cVPfomkcBbD1ZoGo1AGFH6S2laAo0zoJwiSbo0pmEAvXvxRu/0AABKcdr1ge3U3Q2Fwp6MFYZrHyGKx3ho6R7N1pUOg5HIx3us1B/fj46OHR0cnC3316Xdf9XvddqPNMRXf9WRJjuO4RMvlalNVNZbmNltzNBmJolCU0NHx0WZjvX/7XpXreRopKsGwwPXlHYyQzx7/EY4R98vPN96bjTNPwdhNNhfX1/29niZLLMWAJTK837abHRoVMpdwDawi72ia8urtF5Pl69dvv81KZHdvD0VpGEB4jl8vFq6zpWm+0z3GESHLQYwoDXNl2RsQw/KSykKwLEoEi/7207/5/Jtfr7aDRpdJS882PBqv9+uP91rPZfI4tCRF2mvVuwCQBv5wOH5ze/8yTFZOsLa8FUEzHK+l4RIAHJoFZYVtd6t5keEow3ONg70Hr979/t/9zf/IKUq30ytSOMogQeK3Wx0EYUmkcAS6vx3FBfz9xU1WpDiOc6yEoQhJoxeXr2b68H56HQP2YjM6OKqWUACAca+tbJYr303rtW5FqkUJiiHYZGx9+jdv/+wXP3384HChL6bWvSijMBj7UZBBMM2xn335OYWyIn+wXN4slldrfcVz/G79eUU8ssw5yWQba7nWdRJBm7WOuQparc50ucQoxHH8LE0rFWWzNpcLMwUADM06FUViDwisygl44C7zPEZRZLmcZyCwcSKCYaMw1pfb471us6L6dggAhKhUQRShBXo8vduYU90ZJaA+nl0BUJHlYJmpAtU6OXjG4CoKEWHop+Fqa+kgDKEgpGkKw0pRBpl2RAv0Yr7xnUiSKhwNjUY/QHCRZURn59jQV69e/X69HakVEYRooMRQFI+iZL1eZ2kMg5AqSpJQEUQt9DwYLksgXS/X9dqJWu3dT17ej17CJHSw1yIpkOdTEovyLA6DlGKVjR7Ol1Gz2ak12q7rbLYbmsQxDGi0ms26pqmq5/hglpIEXavX9456IJDwArvZmlmRuJ4Nw6W+XVmmUZFrzx/+IY3ukkg1Lta//+F/Or9/g/E0hAMAAmQxIpLtJAMtb2MYXpHBq7UDQEgU5qu1b7vJem1sPdvcms/3//ynL/4FAmHj5acr64bA+Lq6q0mHGKByrOxE1//zr//7r87fPzt5+gc//kelj0NATPNFDqSO50RxypLKbv/RYjXKoVLfRiWAT6fTg1aVwQWCwEUZ8NLANG0YhvO0xDGewNVe7xQqIIIgZIVGadTxrcVszrBco9msVCogBKIoQuGoKIi25ZKkoFVPwAJ59+6vf/3FrwOAqTXbhu6uFk7kl9PB9Oioc3rcns70+9Gy3upTNKsoWgmkmkYEgcXxIIrkZ+8vijz58KNHAsutlyvbMlEobrdFHAUlkTVs5+L8NsuS3X7b3Fp+HHM8fnTY3ejr++H1ZDXyEtfxbACORYUlcODi4n1F4RgMYyjcMFZXtzduFLb6zavb6zTP8sxLkywKiwIov3v/az+NKrImsbK+NsyNFTqBrCoMS8Z58O5iOJ0bD067D09bqswXZdLtNFmGeHC6r1UUjGDmkxkAQqrCN5u1OIxmS+Psct5qaK2GCuXYbBJ0W6cwSKMoHHhWloYUAT961EcQUJZkAC4Ne7vabM315tnDnzx58EuOJs8uvi8xgJM4gSNevR0CJTEYrsbzdRC5Ik8gQEZiyP39YLGc9na6DCU0mx2C4BRF/eH1PYJxjpniMLu/ewjBiGFtto4OALm+WZyeHFKMBGCEnxama+7saNvlrSyAd4PRbGPTosYIahR4ie8qvGyZy62nm3bEMJIqVtO4rGmqKsslgDZbzTQHWYpBURIAIAKDfd8JAoNm1H7/oygy/GhTbTVHo/GjR+0i01GCqFWrFEEul4Zu5SAI1zUWSIGKckyQGgDZt6PvARDqdg8ni+HKXFE0imEQRyNHxzvT6fx+4Fcr/AePP8RBzTZLnuNIEoWgmMBzTuCBEtla8+8uv4nKnGdIpIQ9O4mDRBBEWw8CJwBK5MGj0yAABsPtfLmNs3I1XTuGPp+tRb76/OnP1pvV+fn3cWwVOSQIHIrBw8kNgidrcyNo7Lv3F7LQEHnx4uIVSSUgig8nrm16HKc2a/XNZvXu6szxPaXCffft11Zgng1mV7f3FEtqChPG3nY9YFAkT8Hx5LKAYTcoJ1ODQsm95mG9uqfrI9O31lsvToEk8putlh/lN7fTN2+Hj097BAKJohzHEMVShr7FcXD/qFXmKYIiBJK2qlqSQFkWUQxdFvjCcDCYPOn8IxLvEmSFIBoKd1SRDvZ3H1OEut6EOQCAZZwnXhg4l+e3OQjvnxzGKTxfrwEoDmODoUsEwcschxGWoMmX339+ORy0dvdQiPDskMJRSeAYimp0ehtjPVuNIRQQsZJn2DTaJKmhSFy9Uk8i0DFtlhCarROCrg8nRolAmqZ6tq+KIozCfmSa7hpDSVGoESiiSdrjxz9meRX+F//iz+u1XkNt6OvV/+v//dfrTcRS5GSkrxZWuyb98scPJ/M5TqAlUP6nv/6GoohnTw6zItf1YHenUa9wJAG3GlqjqvV3mppMm1bIMqxruxCIswwzn5sQyUjVWhjEJElFKbC3I+52mrOVV0C0xOIwVEIIIUji5dn5s4f7geus9e1RT1EE+puXdwxDiRIb+akoC+1e48WT+uMDMUsTx0vXuosw1HYx+7/81/9SYeD/6//z/z51IhAmJyM9DqPVfFNCSJAkfphgBBlEzs9+2mOx2AlcnKEpAnv+uM8Lyru3YwRDZZWvSIRW16ZL/eL2/sWTh7/40Ye//ewVhLKqyu4dtLYbI41tBC8vbwcURVKM+O/+buC4KYpCvheWJQSByJ//wQvHcSaLpUhiJAIf7bdNN1xvDbnCO66taVLsxY+PDzzDBcv8x4/aikh/+u3bEIApEqKwzLaWe7sNMM2Pd7v7O83x/QiBwcA1obKwba+qCq2WcnP3vgBNlI2u7y4D3//xRz8LPKjZqgG59fbNt2Xu8rIqyZX5cua5QbXRghBiq89Yvtg4y+la53gJBpB3r876nfZea5+l6kWKy1rL8d2NPnp39tpxNwgKJz7wwbOnZeZBUH58snt3fe0Em4PTjqIy9naLAIS7zWIfqUp9OOOa6g6N8CjI7u7vLhd3nITr5ubufkbRTKcpowgQpQEIlhBIdjoPeK569vZiq28BCG82DhmyMp9dWdYiTfMsKaqVahQEnu84juP78eH+riAIs/kWyOPNeuH4q6jwzcCHi3ynfVxVd5MY0DcLz7dN03r99gKEMIYXRvcjAETyDMZwFgJAiWc1pdmstjRR6VeqEq1yNL8w5lZkF0ApspXd7jOa4jA0tr0NSgAMQ8See383Q1FEUfggWq/N+c3w/e3dOwjwJ5PbLPaXmw2O4RW5020+kNhWu/0QR+Q4KgkUoigWRIH70ZVYZabLTVHAH774uFZrrxYz2076vZ82Gx/o29HZ5adJsux0m4u1qYkSjiLD8VwUKjglr5bLNEqfnH5M4vRmNamp4u7+ozgiMAz55uVXZhiwNPnk4bP1zGrUlDxLppNJFAYAAMEQpG+378/Odna7CIJ6Xui6nmkFSRTv9w/39/rr9f1KX843Tr260+/vjSbf304/LyBPNzdJnFI4g2HsTqtlm07gpt99dw0DDIFKgUctx0632xfE4vX7T9+cf4dRpWNFFME8fPzg/O1lEoe9TlNfT3qtxt7BozBAYy9SquRiMf7mu+8hEmM4DoRxgihxKp4sbnV/s3/cbXcqNErCuaByD5uVFxzeYYha5mV+YIbx+M27v78fvMIINyxtRkMHy8nFeDJbzyrVarN5jGMlSecl5CN4sTXMm8HCD8m93Uer7fDs/itaovMUyrI8zRM/Dm5vL88vzweziSQRie9Iinw7Ho2syHTMSlXQBDFy3TyP49S+uruyo6AEC0ESsiK5vxkeHhzXtVZZEmmIiHydxAUUoUEA//rLq5ODhw8PD3/72RdmYVASnmZhniXD0fx+tJwt9clyrW/nP/v4zxCgXK0uOYVCMuyg84vYBe4Hb6PEJGloa1qqUkFgXuIaIIxc3pxfXd8kCSCyDIWBQRR6QZhnuSgSWWa16j2e7taqByiSee56Np8gOBTmPsbRByf9w8NdIItYCorDlOGlIMe1RreE8SiKgzBC4ILiaBQkcFg6OXpRV46LRJX4ynq1jeOEpckCTAf3P9wMbx49fk7jOAJBIIJiBFmCIIIj09EKLPD+7p5nLxarK0ms1et7Eoe9O//+9ftzQalHfnL5fo4TOMPiruPwNPHJj095ClU4uar0JEHarpayJgEQ6Ftef/9pWmYvX/17mEj29jooGLr2iqVy27IjPxekumfn80WQpHir1RleX21Xc16UKzWN4xjbspMoDFwXKEGaZBrtbrWqoXCG4dloOX53fvXhT56SNOm5pioKDbX7YO8FkIgoKOFYdDb67dvx+6iEp+MlCqNFAb59d87Q2s9/8g8nw6vJZCwIKscq1sYKPfP4aP8PfvGTWl0EkBSO2Q9O/kUSsIPJ968vfhtmSUXpi3Tb2Pg8DXrJ8MvXfz2YTSVC+y//6r9tayez6R3NZiWUnJ1d50XMMVxN6+MIc3t3tnGM6WxdllCap7m3fnL8AiwYjIpSyA08D4YghmZNI+p0joACxVC0AKEoTizbztKw0VCazUpFlsZ3M2vrV6odlqHyPLMsu1bpqMpJFCy/+urfbIJ8Y2SKwKznG00S61Weo/Gnz575rvvty/ckL1Xrnd7uCY6ykR8BkbHRN0WRCDz89u25IMnPn7/w/Hw2nbdbjf2dFgrh9UYfxbEgipab5QcfPa1WpYvzG9Nx9nabjqVf39/BDJJj+O1wppvWg8e7G325WcxIAu93Dk4PPsxChGcV3/fDJHADZ7JYR0U0mV/DEFSRO1kefXf+qWlZNUUL3ZQmWUmWlaqWpKlaYbI8fP32mqHJh486UeTeXV8fH3RbzQor0L6zPX93LsqC5/mcIB0e9HzL0RQxTpOkABkSUyUp9Ivl2iboulY7OT0+LYvw++9/ADFI06jJbBnEiVZRERCAsuLR4fN+60ckxl3ffmVn1tVwuFqtETDLQRhBQMsPc5SIE385v0ZKr1qjaIG6u79FIejP/vhPBVaUZWUwnP7us5eT8WSn3ypzAMyASqWVJM50ObZcr1FTqwp1ezO9H478JMqKPI7t+9vLi4uruRXeT3WS40EIObs4w1Hg+PiU4bnL26usgJ48fjK7X3ebhyInWlsjDL12p8uxGi9UbMuvqLLAUZvNVjf1MIxl8ZiAKTcax4mbZf6L512WLkPP2uk2lrNZFOfv3lxJPPvweGe93OKIUq/1knB5PXr7289+V6vV93b27+7vcQrCEJChURCIJ+NllqU4hkZBicA1a4tEQdZs18uyTPwoTlKGQ65H787u78IorymVosQb9d5m5aliLfJBSw/Gg3mWAVEEVOr9rAQ67ZbAiSeHfWdrQgUmyzs312e3g7P+fguHQRjMMRRwQ/3d1Zv313cIWQ7uxxhIyjy9WtwrEj6drxYrB4Pxw8MHWebe3F9agY/h0HQyurm5kaosSOChb2Z5qKrMfDa07akqkr3unhvpUe4Zrk8xKo1Q+73TXvsBTUFry1qufQznuo1WlpYMw9/eLvyoTKKgVu/IcnUyW642awSDnjzrPnncTiNDUTlV4gMvo+iWVuuAME5S4lLXLcM6bD8jMT4Dw7LMtpttkRUi16ToBowqKEFKIh6EVuxbBEnCCLB30J2M565lVSu0IOIA5AWeU6m1UFgUlWoBehHg+LG73eoIWJqrSbfXIAncdmNB4FbL++V2zuA5zzO2ubgbvu3uNFhGzFOsLMG76xEI465bLlfuernp7rRb7V3Lth3PDxM3jO0sizFUrFT267VDTdtJohz+7/7lP0UQdrVa/OZ3n6/Ncv+geXigOl5EUvgvf3Jcqapfv307X8+PD7rff3cOg8jeXne9tMa3q4eHnYomTO6ncRRSJMnTRafJFwXEy/J267fqMljkm62PECTHMJ7n1TQ+L0Ac8lo1tqZW3ryZhmGmSFwcxbUKe3E1/PLL7//P/81fdapkmXu65SYADkMAhuH3t5MoiTgGfHosVRV8dD+7HSzDHNLX6z9+/uMPj5/9q//P/+PtzABA3NhGUVzsdCtR4MJICaIQDEMCx0znK4oKBC4GwEypqRhaKiwD5hiUl0+f7T172qdQ+G608PwgSHwQBP7ol79o1LS//+ybk4f7FQEKA/dgr4Ui0GZjHOw14gx7+XrVa9f39+pRECdJmeblH338yPW8r7+/7Deqz0/3dtvVb76/isqSE8gsz0EYRlPok2f7Mk8jMKDx+F63dXU3oQQBQ0Hf0pMw2OvXe812q6pwLHN1PZQ0vt3Qyjw3LCcMXI5nvvn6+zdXbwose3t+Xa1pjUpFkuqhv0zS5Xhy6fi2UG0KkrrZbCxTr2mVNC0vL34Iw/X9eGxZbr/TBLPCtTyRoA97hzzbrVYalmNe3bxLMzMHAASA6rJWr3QxEP3m669Wm4WksLq5LHLn4UmXAoTIoGv8s17zlyeHf9KsPpSEfqe5z1FiUSAEhpWA5wZzGAO2W+PZ8weaQqVJQGMIlKL9/o9ovBnFKYyAzU5bklU0B1mqnmfIajG4vrzAEbRX6Xa0fmh7QJbVakprp0KQ2GK1rVS4vMxmy7nr+AIndeu9LIApiMmKxLF0ECppmur0+512p7fTIwnScYNmu5NnAIZTi/FC5tVOq7/bO8AyUGTrQJ6tvPVqu12bRre2t19/pkl1CirzwC2ipC5XWFJMc/DgsEex7Lc/vL4fzwsA0qotVdFgCNtsDd1wfduryJWqWm+1Wlma+EEIwFDkbwWVjnN7ZYw327Ubx6EXPn5wSqFM7IPdnScMpV7cfD3dvJssR0GUsJzAsyrPMxBCfP7lO5KgHzx8tF6sV8vtYf+42egtZ9OapghSi8D596+/wiggzbOqrOAQUq1Iq+m5JNN5lpd5GSchzWK6sV2sZzyLf/LJj+Ms9t1NCaSiyFWkGs9U9e1g42zjtKAIFEfDr7//Gy/ZCjJPYJLnxDIr9nYOHcPZLDeeG2pyo0zxvcNnJYBnZTJcXJ7ffLdYDbutzk8//sTahtVKnefZq8vbXq9T1aT1fNzdOdCqR29fvS4A4/Rp2/LMwXQBIlABgKvFwg/MqEzfvrvGEPzR8f7BzikDtGr8053aY56rJK6zXd757rBEjcH8/OWbL2/GN7LC0AK7d9i/Ha8+/fothKckDjaqOzwj6OZssRyY9pZmawjaqDaPP/3y13/7xV//wZ++UGXFtoMwixVVkBS+VlNAIIeQXJWZw/0OgcK67V7crwwnEKm0JtJ5nM0nw/5ui+M52zRIBCMw8n6wLFMIR5iT4xemAcEAG0eY46QYwZ+/H+Ml/md/+JfX1ze//vo3U3MJlIDI062axPH0cLASJY7mCE2le422xjcDbwXCUaNyWFOfgkBkmkOUwrzAgDCEommGqQIpTrPE0pyNJ2OOYY/2d9ESyMuiWpFhAOA5AsTS2Der8o5rQJKggbCX53YChymQ393fp0VOkKimsrHnOqYnaw3dTNIMAABkOZwIvNhp1kRWonCFw9Wq3G9VDghCgID09u5uNVvwPMUJjLEdpEDa6fbbnZ6+Mnw3vLm6pRnKtH3PTgmUFARRX4yc7VqWmiRO2fb4ajhwQ7jd6sMAlRaIVlEVhd+uTUXkKhW68H2RaihcGyyjJPHCNGcFeTGbtXsHujG9u38pK2xNE/XZZDafwTAEYlyRU5zU7vRPabL64PQDHEbS0NU3y2pV2+n30hxYzpZpFiMoUqnVPCfQVC2N/L/7za+SzLoeT66G42an5lieuzIacveo+yzxEZKQIBQ23Lf/4ff/kW1q/X6vyAFVVeIwjfKE59nHpy9IUvjys9/0O7WHD05wHAOL1A+ivb0dgUO3k/WHR/8Uyfthsv363f+8CeatTq8qaVHox6mZZePb0Tvb9A7qDz588OeKsDuf3S4W1wgNDkbTt6+vW83q8eEBTysYwb56+/J+uYRgHIZRP07K3Ht0eABBSpTZ48UdTqIfPHtYUbU4hmVRYmluvpiO5zPb8eKwjANPFmkgiwkCECQ+jmG11ilzaLNezaezSrPV3nngWpu88CCgYHBUFvkiTPqNynG/o0nSfGmQCIIQgFpTKU5YrSwUpkgcQ8ogjtPF0kqKNEqLJCsePDy6G84rSnV/99HR3sed7kdFToGAt9KntmtVa0roeXkSMCymKEyepVtDT9IYhCGWoUEE4SXiu2++R2AcTGGBUh4e/ByF1Iq0p0jNyA9QDEjz1A297WZal+uPD38MlMn769+XEIyAaF1rCULl4OQkTrPvvnlpbuclmI8GU46FRIkejaZpkj7/4AFQFrPpHcNhn3/+drbwohgIggyH4YpWTV2/AEFRFHCKardqYRD//wnCrx7bFgQxzFs557DXzrlynXhzd9/uHnZzOEMORYo2RYryiwUaejHhBwNOT/4BBvwsw5BlgDJlWBLJEYfD0NPT6cYT7kmVq3bVznHlnP19jp/wkhjGIMdph3uD6cM5QoCCyF/djD3Tq0rV0/3PDgef7vee81zl6u67i5vvXSBNsjjxnSJxa3Up9HRBltMSDXyXZLgfXr9frlZLKzy/msEQVFMqQM7qW/PpR08FQcVRdG+vparc9P4SwrB2U5mtx5ZnNmvS86d70u8phQAAIABJREFU65UZZ7EoMqY++/zTvSS0AbBU6nU/gziJv74eoSjqOdu9Qcf3yof5UpDkVlMDY7TMEEWSX37/9Wa7mi8WYRizFIOi8G4zl3isAOIgjdIyAQC4U3vk+Jso2rr+9nBP9R0dw8AyC0oIDIPYjwDPTWRRtExXEDSZre5Wl7fTm/uNEUb+46OnsRdtNvckA7rWznVt1/V+8ctPARBdbbZlibabpxAEA2DGcUKRlllaJKnrhcbWsp8/OsVhKolApVIV+QZcMJ9+8qN2u9cZtJbLjapUf/TFT2mSzuJ40G7s91sIAC/n21ZreHPzFsWSv/u3/4hAUQwpIn+LEklYZG/PH3qDRq1aHzR6z08PKyru2LsgAX03p2A0zYo08SzPpxiyTCMchiQOZbGk362IApmWOZgHm/WSl5gyDQVeNI2dYa9Rkl0sLGPjrxf+zcX97eV7kmF2K7vf6dMoqqo1pASq9W6r3SlymGUrZQFNp+uyyMLQq9eZisRM76/bda1ebYIAS2BVRa0HQQpASRA5y9XypDuoynUQzjE0wcmS5MASTp3A0O0FhASWuS3TCEUyDAFQGI6SZDFbWbvt40d9EMgJHLJMvaJIDCPs9AwlmNFsNJlOLd1oNmWWgbUay7PMw3hd1ertGn1x+QqGi5Ojk6wALh9uDTupNY5oXMRwIk1K3/Wq9apaqzdatVqFp2hclURd3zrO1nY3rmdROC8KbZJQDN1eLifwn/0vHo1GkyBx/Sh9eNhwNFJmTuhHh/vVv/2nP5nvjNfvLx4mSxzKf/6Tj1SZk0T1N7/6Qd/6FIOmeXpxdQ9CiG27R3sCBpfn1+vVNnKd8Mmx0uuq99ON5/nzh0ldU2oaV+S5JsEyXSoiu5jZSVwKPB74HlgEOAntzCiO7IM9lcSAOE4nM93YhSWAT2empEgkGg67DIpklhm4cc5Q+E8effF/+t/8X37/9V/+87/8txAuLEab0M+LNKNIQFNYCC4rTdF1wt12kxVJo0n85It2kscIBjmGIbLVijY4OXnSbmhFHswmo5IiqjX+i8+PYRAydo7CyjRavj5750d+HOhHR1WGRGkC/eLjo3dv79+9H7MkIIv4ermz7ZDj6D/+8SnN8h/eX/3ss8fdqnR+dvP922tZFerNim4ZHEUkTvDTz5/UVHmxWO22erfZ4HnuZjbf2iZYpklSqpKYZ/Bm5d7cTV6+ukJwut9rRVn57sNlFmeHe/uSIpRQIMpMVuYEhWoVfreb0VwxmV9e398ajomSLILAq+WCQLFGtc4KNIjEEJ64XliRlP1G09laoet9+vw4C+KH+6VSYYLI2uymZZ4GAQAVyPHRo4rYWCw3q90CJGAILWxzyxEklqtt9RdHg78v873tdrU1rr1gdn31UqtIWQyWJYPj7M31ZZB7SZGFSdTtVC8/vAuMUBV6e/s/Y+gaiiS3d69QPLgfXeBYvtuNbct+dPolQzHThxswzh4PP/3kyd+rSocEjIaRYYfe3XhC8szwoAliSJEAVEEeDx+LvCjKKlQWJ4+f2raFEwiEIKIscgwJwPlscfOwuMXwlGHpnWmmSTq+nw+HwywDQyOCSmq9eXg7uzFTyHJ9mZY/Pv6lvXWKDJTkKo4IJKF0+wPLt33X9KJ0Ol3DBNNo9zvtfrPWYTkNRWgApggCd20vCvx6TZk+TJIkIFhiOr68ub8WNXy6vl+s11mZYxDclGtQLiYJxsnk1firq4fvSZZ03eT6/S3HsJ7n7x80dd2czh2eowb7Q0US8iT78sc/ajceG8b83dv3tXo7ii0QMrM86HQHu40l8lyW+9v1VVH6KM6WAMlQGIyEW2sVxv6jox5Y+uudMR5d0RxDYRgKMCjSXG8nOZnBJKZUhO9ffjffrhmWdgxvMbefP3telStKtfownkAopip1lm/W2kdBGI1m8+/evgyAiEKxz5/8+KD7HEFYQVJavYYo8avN7uhoEIfeu5dn7e7HeQ5//f1/SAHr5vZmMltAKDnc34vizA/cMLSvbiYEzMusWhf3kLAqUUMMohEocaylvrlZLM9z2HAiS1B5P/IJjvj+uxeLzTYDku3WaXRqX/78YxyFB50TjpF2znJnrEiKqNeOP//RL9+cvf5//Y//HcVhkkikURZnqaTwZRF32prEU598dixJtGNt0iQHIMSw7evJtsCwQZvtNitAhihqXdG0V9+/rVblo+P+4eH+duOiMFWv7S3nwft3m+nMNa3csby8hCMv+C//yT+FSipFthluDo9aEJjxLMZQIIHCeZFLEi0rUqum+F6Aw3ycO2FoVaTjmrZv+xOGg+Is8UNrOp+AAJDn+OHBMQQFQbjxfbNZqx3u9bfL3Xg86Q47nhuQFAqjJYKkceSSmMTTfJJG48mlbm9ZmV4Z+my7sNwtT+IExKAwB8HYdLEWZZFA8dPDfU2phJY1uryHERIneM9OGIaJYr/ZlLfbzePH+19++XmrcZjn2/VmdXhy7Nju73/3DQABum6Mru903bm9GEkCF/ruZjXXqmqzeQCA2fXdh4vrmarUDvdONmtXVmvtXmdnOqO7lWFZvmOAMfLo9Jc0xTvGw9n5DzlMWn7iug4vsUlqyTX+YL9V1YTp6AEEEJ5RlMqBGyB/+Orq7m61W+uSKDM05XvbdluBYfD+YTKdGzvdVDQ5yTKC5s2dbupmlEab7VbQ+PFqtXMcjqHWD6v95pMvP/szZ2uau53W6ADQ9t/+5p9/d3EHAwhc5lEQlWkeR+Bw75AgSNtObSsjEDCNzI8+fpplgGFYd/f3q83tZvFw1PhZr/pLhmFA9N4Ir8IyKGLE2a2Xi5HtrtPEyxJE5Q8e7/8NCldYGbq7/cYNFlpTnS02fhgN9nswgKEwT9PS9c3F6w9XrCg5djh5WFE03m82O61Hy9Xk4u79bLWsViSW5S4vHliG0epV07WXiymMQAcHJ51uDwTzs/fvwjjOMnB8v5DV+nBwwjFSkSdpEqqanEQJQ2uaKEg8ubc3oDCMpZmPn32C4ASKo4H5gBIljCMXlze2tbN3GwjMgdSBYWS6sHMQk6tVVlDW681iutpON73eT9qNvwHmlSh3Lft6Y4xtP5gttlcXk5PjYxzHrs6usix9/vFpp1P5+NNnYRhtNztJEcyd/uzk9LOPf2ZujHaz4fuhsY0Iqo7hsqrKBZDCaEmi4FH/47p8HMX6/fw1x7OPj5+CMXR9du+4/nyxGs/GFA2vV6ssDj561o+zfGs6LMs/Oj1++eLsxQ/vKJ6LMgxAWBCAJpPd/fU9AOT7wxYAY3EUjm5uq1WRoaAgMI9Pu3keRH4CQZTCob6/CwLf1B0CE37+039cq3wRJ/R2NSHZ9PL21XK3oBlWZIhaRXh62O8MWhAERjF0cTOPXCeJM1EQJss1wGgPcwMjiJOD3nLuXl7dczxHMrS+XenmZq1PQTBcbecki2z0tWnqZZkpIrdcbjAShxFgOho9OemyPPnk2ZFph9Pl1onDOAh7Pe1oUAey9NGTT+8nk9HdlcCyjqF3200IDq9v3483U7kh3VxdkxTW6VVsZ+WHOkrit5MFI5Kua+YJXtcOV+tzN5z/6CfPZFl48cMPnW7N9dz1Sg9zIM3BzdbM8qhRazI0nWbGq+uzuKQWi818MatJKgS4JJUDQLaYGUABfvz8QLfD1WZH0jhUEoEfbNaTMDRoEkNgJvDS9Vo3dh5PMnmIXn+YPj19ulm6jpkUaSqqkmHqr15dOF5YUZsoxLz4/ruH2c10udhsTbXSfPbRjxkW7fXraej+y//xfwagFMyD6WrqZLnuF88/eVyvtzIvkwTy7nb05vWZ6+QcLR/sD90wsZytE4eNVl2SeVWWvvj8o05V7TdbV5ejy+uxxJAYDMoyX5P4vIBEUd7oyxKCEJiGMviT5z9mKMozpp9+8byuCPbWbKlKkma1mhb4CUNxv//3X+EoCwJ4EKSDQS9L07ubW3Pn6dtdrdauaA0UoxCEJil6PZ8QZFqWIYRCQWhEiXl+9tJwRuvd+e9f/upXv/u3Fw8vLm+/z3PDMgwEJmqNqqpKMIoEUZYlRa2q0BR2e3XP0AIrKuP5VBCoAiAoqpYDiOPoSZKWGXD26mWnXVFV+X68ykuq1aysV5dpGv3os5/hlPDq7RvDymSx22nv0RTvB37m25rK0BQtSvzk4cL3NrWqyAlslkUUXQaunSUZiXJlipiW7nk6/Df/3uH5+YXWkA9PhmUZCCKu8kytIv3oi+eCJLy7uMJpAkexzcL86MlQFYSv/vBmMrYJitw/akWxX6kpFMdwNPjF855tO5c3m6IsahXmT35xEkfezYNjWy6M5EBZKCJjG06jSqOwG7iOLMswAn/2xQEGg4FrfP7ZgevYthOsNgsUp1CEKPLUcKIoQrIcfvS4029QGJgxFA2UoKhK7mL3T/+X/zuewv7v/83/zSoIfeGlUShKbOiHBImTOLLb6Aeng9l8E8a5VmOHPWbYwfWdTZEUzwq9/meC2MMR3NxtITgG4fh2aSJw8ezJXhZn5xcXrm3/4ssfddvy9e0NjGVpakFgKnFEt1F5uN84Xg4VOccJO93Li1yR8I8eDzEEwaB80FLsIPz6zUUJl2WRbHYmjAB73QoDQwrD4Rht2QZBQoJAIyj+299/czeePjvtCTQmCuzN5QOG0hVJBjMEKhDPMG3LZlg+S/JHJ49VRaDIYmvOWr36amMst7PdbsoIAM1ioiZXNHU0W3qWV1WrOEwDCew69mr1MBrfYijdqw2P+nsEQvAMxTLoeL68m836B63xbBqnUZ6WMELyDAmWIEeKGI7BeClX+NA2sZI83vvFQfdvpyHNMPH37/7lv/zVf71ybyghm23uizSicUGSa54Xtdpdw7C2281mvhUZ1t74mvTxk6d/Hwawyez9zd23b89eGJbtuCYCetvNJEudOIr2959W5eqjo8enw0dpCPk+9PyjL4PYGC/vzSAAcdy0tvOHTZ3r/q//yT+DS/Db738rinyn0b25m6/Xc1aipuvdeDwFgGS+vPvV1//uf/r176UKcnN1UW+2VrMVzUsYCl5eXh/vH6qV9qs3L//lr/967ZRxXmq82NOe+Y6LEXSz2YaRwov16eL+q6+/3+22zz59WmmIURK79m48Oo9Csyh8ikT6w72jk+MsLeMsO3v/wdgaNIP2Dh4H/nqx2/nhbmttdGvT6zbhJGtU9oqUQsn4V7//73+4+E5tVWpaDYdJjsJBJB/PVqvVlmH4V69GvX6T5QTHCB3Tk3nBcbzJZGFZFs3Sgbf98OENQdOPnj2t1ntxFIWJu12Pt/qSxNjD/c/yPJ1ML7fWisAhkScJmnj97uKTj576AVCkEAqxp6dfgkhytzifLRe25yA40qgLn396aq6cNMYHvQOOEV++/OHq8lrTKqGTRWH5MJsvze0fXr1Ly7whyn/vl//woP9kt3XAMoVRDIDh+/vx7d0MBsH3P7xVtc7J058AkOXF94vV7PZmWqkpnCTSDGPqu16nWq8oNCp89PiLtnYApwICca06B0HWdnV/ef663mDD1DVc8/XbD1mZ1Wq1erO5Gq8RAt1ujK+/fo/hkFShz95+kLgaQYrT6bjZqRKYIAj1b7/93V/8/jeNbutoWEVgIAiCk0eDAox93wXL5Ks/vFAq6vX9KIzzy4vRcH8AweVyq/u+fzSolmlxfHRimo6iyBfnI4EXJJq8u7wxDU/k+NQvWbpm7FJe0CS1GiXR99++/tnnv2DhZpS4TnrJ10gCLy3d2iyXUFkkSURzxOHxYHy/1BTVMJ1qVWN5ynWCVuszzw2CaK7WqlkBhbGNEgDDkCjC0iTne/r96N3hYZemSI5mry7ucjDJyvT2flZkUZoVMA5Hqb1ZzziRCmPXDbYoXg736hmcRJEVO1ZXfvzp8Z+JQr0oUj8KOI5ncBqOc5ETbGOTllCYprJWQTEQJ/GvvvmWIqHFeltmERjHbuBcXZybthWFIYWTlqkfHu5XNRVH0UavQTMkBGYSTxJ40ekPXRt6uL8LQgcooWGn02z2Xr+6XS7WCAKgCFqCoOsbqRf88R/9Z5Kwl8TmcnZp2jZCU2q1eX19td6s0jSs1RrWemusNp7uHB094tiK5cBRRmyNsN1tSxJK0fjVh3NJISbjG9d18zwXtAYMI/V6/fri1rYcUWCyrBBlkeEIhkO9xEuzDIiz04MvDrqf24YBlDbF0TSPPzx8vzBvYQzWZIZAMVUSOs2ObcU//enPk7R88+GMJNCTk15VEy3ThiBYUgVKZgAk5DHptPP3oEJa66833jchFGcl9vaHd82mVKtLWZT5dvHk6R+1Gk+jIHO9aVTOJvMPx6ddXuRWmw1CoZpW+cPvX/Gs/MUnPwnd7cre1dtNGEEdJ+QZgiOZqtyFEeRhebvaGAgAlkC+2doYBNMUtlxtYAIOfMd3o8O9Y8+OsjTMgdJ0PBAEJblqbFywpHGc8tzA2s5pvCgLuN3qUKyi1WuuZQEgTlBsvSpDiI+h/ny5uri4WW/0k+MOg8cYGOx16oLIr1bObGHTgrJeuZbtoHCx16oDmUCRXZQob0e/2dnv5RqnVSTfiUeX02dPHzfq9Z1hVqtqnqer1SbKyt/+5rvZZGsZhiiynWa93z2Zz7aL6c3OMWEEAEBc0Vosp9i2medBq1ZpVJ4WKTuavr24/vbw6ODRyUea2lou5knqfvPivEBQzzOqNUkSiF6v9ur1ZZgiWRp//Ox54FMPk7EdQputW2+on332fDqeKwq13S5aNYEgMYqlvNSTBHK9nABglMZ6nHjrxT0KI51mE4TS3WZNklKntS8Lje12WRSLxLurN3jLNgmaKfPyk4+e9Pt9Y7aCAPj9D5dJBo8X+k9+/EgUUI4rPv3so2++f19vd7I049Ds+elHFCEaxmq1Xkgqd/9w4/s2CGbj5e7s8jZIgr3DZq/feri7BQHSsaN2qzp5mK4W26+/fn9w2Lu4vEVAkKWwYVPtN1QaQxzDwylhMp0gaHl+djboNHgOCtLtylhM1xu1rpQFqFTkxfzWMhdyhfbC5MWrK0ZSNvoqDPx+7yOBlefzi2GvEkTx9y/eSDxmbPT9g4MSxlcrA4TAw+NB4Fk8S212qz+8er1xEo5hSyA86Fba9cpqeZdlLskQrhXDcHl2NoNRESzhPC0VUbq7ewuCOs+ltuHQrNQbHE3HW0WsYAANZ9ijo2OKYRfLZZQEL35448ah7brtXq3MU6QkKY5JQW9r2UmcttvDTusIhfM8D66urs4urvb2+/v7vRIur8az+6XN84xpuBfvLykc/O7r1xwvPXv+vN056Pfqo9lYa0vrzdq1dZyAkijmaREo8GbrwNDdilb90z/+UwqjSIyHQUJTGrVG23Ts6WS23ehNrfYP/94/lniOofOsyBvNFsvUzKV5N5riGMixNC8QT06OW43ucHBEEqJu6m4QrTf6cK/ZagrVpma63towd/qyyFwCzsrMb1TFPAXCJCMpcjSaMRQlyqodpHf3oxKHkjSoqAJFsMenj0VJur97eLidac26olbbvcbOMEZ3yxJAIYgZ3S+DQGdYJolBitUwJFMrrCTLvhPiGP7wMLIcW9UaPK/tNvPNYspLVceOYRQsQYQiFBQXyrzkWFzT5M1qmWZRAUBrfXl59TLNjCD0RI5SRRQs4jwBSYQSRBlEAAzL4f/sHz81DD1NkkGnY671xXg1vpudnB412+27u9Fv//r3rYaEI8jZDyMEBBzLrmjq4yeH/baK41mRRVqtYmwWz48b3W4NgtFer/njT54e7+31O80Xr95//8Ok2qiwDLbe6EGUenbUqFE8A0Rx0my2QKCUeWJ0OyFgeDiUEt979+7q0y8+fne++Ku/+nB41D/cb4JlbhnWs+edqoiCKKFW1CSJdotFQz45HX7569/9t6twZ5qFu3H2hvWaJu92XpwUvV7r7P1tp1uHYXizsTsducJngx4HFeB8PP/46c+73R8nUbZbTpI0QuFsMh5/uJnHfiBJ1GK5RgiYIXGO4fY63XpFBNKIRMCDYQeMSiAESZzEINjXbYUlTw/qX34y/PTRvm14GIoE5rooy//6n/+H6/H20eN2HPvj8Yal0H/wdz+vcUxDrXO0JEkEzVFpkg67vdg324PK3/njZxQGFXksyyIO4I/3n1a4usTKaWhFvtds1mvaQGDl2XT22z/8IUo9EMlG91OlJsmaGATud9/+sH94EIfF6MYgEcHT84rYEjgFI+HR9DYFwaPjp6rUcHUni0ECZ/Sd/s2r72mV2VnGeDLrD4bmzkQR5PCgwRF4EaaKJkeRZ21Njq7tDX56MPyJ5xmW985Jzh62Zz4c9A/7MAGfn13s9Q4Ettpud/MsKIC0OxgyFCdylY8e/Xyv/7eePvrj7WpkWe8rNai31xSU2rOPvmy3Bo2axnE8J/BFFuRxnGVekpgC5z5MXt7cfE9gSKPZmyzHVqCzAhOaoWtAz47/qF4Rfv3dn0/MEcswndqBEyAEDWdQvDUcDMc0VYYQ4Gp0FkPgzjYokhA4Hi5hWZZomvrN776rMHinPeh0urfrCUYrzVYDS5LTzqebtQVBGMWiHy5/9x//8G+9NJxMV3la1urqw/3ow9lZEHgAGK93d7P1dRRZV9e3cZQABR1FuaKoCIxJAgeWnm7t7DButKtJmk4nU4kV97qPKEAWaBTCN1+9/m2O4zzPwxmuCe0y8+M8/v7dvRckgszbfszShGEENFON/GS93Epyu1Lt9gYHKAGefXi13uiOG7A0PZ9u1os1ScJl5rn+jmEIlm3FCWF7VhjZ7XYTQYuXLy+igoAycG/wcbs2gEqMgpmyjObbdwCaqBJ/f3klUeWT49MoRP0Qabb6N5e3s9UaReFWTWw1Kpe3NwGYB2kMZdCg0v6Tn/yDxM02m/EPb75GCbDaaARRtl7OebHSbTfhAjo9/SmOkd9/++cEGxU5fHp6dPL4cKc7v/3VV3mS1iqVo/4hT1ZFSoNzQuAFWeUCd7le3292K60pUhTgOLYkiW5cWq5/czUN/exwr/H5F89hADPtqKoJKAiYm92j449ErgWWMI5jFMku56N/8ef/2k6huiZ129UkSWGoFHncNnbL+bTdqQVB+P7qWpSraQ7aulekWbNRRaGSwoFnj/YVQc2i7H60vLm+IWn+8HAPAPPrm5EkK5rM0xjfbp3WqgfD/ePhQe/du5dVtfLF8z/OMnTn3b2++e3DaspTOIUjkWfhUM5xVJxESkVZLc3N0nTsyPcdFMYggNG0IxiORpP3CMqbRiEpXAmFlqUjEEkhQhIHkkaaO73bP/Jt33Hcp88OMBR4mNxXNb7V0ELfs2yLYijP2SxX82pVYRnM8VYbY0HT1KPW3/7R4/+tKhzHkenHGxgHm60mzwosybiOLahcAReVqpyVBQQhYWjrpsHSgOP5jx8d6ospDGMEwTGsyJBCGhQoQux3utfvrmzd6PRbMAA0W3XfXpjmtF5vg5CAkwgCZhgCDXqdLEfevb2jWWZv2CIJsN5UgTisCf3T479tGIFtLWkOz0p4MDyBUNp1DcvRtYaCEQSOwJLMt2oqw3K6mRQQVUIYzbBh4NQV8sP7t6at11p8XgTL+YxlxHr1gCWo++tzPwhIitQ0wbVDVakEvj2f3iIMDAFQjekfDr7MIu/m8g8Z5Co1rSi82XIssNKg22yosq37J/v7+saRpOr+sPvu3eXXX31DkWW/X7H0jWWazXa1BOPZclKm5UHtb8rEYwDanU3/4uXlN0ECZSmQxEG9Kg33TrabSNfDRntgWa4fb4Jk+e781Wa77HfroRe9/3AOQiUvc9PFRmR5TamBZXI5Oo+SXJEVDICGrbbCygTKwgism6s3Z9ecwHMcheIYRQIoXLp+gJPIejOyjTVUFLLYQlHMMHZbw6rX6vp2MZ1MKhWt0eipSp2lsDJx09i0jAWA0LqZzWbL+8kkT9z57EqoUFnmilVFqoj1uoYCTuCOOw1BZFkAgnTTc+OClWqj0er28qHbrZWeSZEVRdO85Ozd2Z+vjHtTtz578oyj6p3OcaPVtne7iw9nNIvysjSbTwEYrdbU0+OhJGAPo7s0TihKdbwQBPzz68ssi2RZLPOcIqgk8i1rwWBou/lZWVI5YOyMaRgnWZxvF+uqSr989fLXX58hOEzTAAqlg34DwcDz68lovEJg7JPHz3765T8BgWixWeMEe/roaLvcvn15oWmsqglFFjieWUCJILHXt5e264kCqijEw/21723kCgsXGQzBJYSlJer72dfffvPi+98mqR7aa1FUAJAgSBoEYJZiYIhWBe3D+/tnTz6p1+u+n2SBKzLEpx8N9N16sY1QAg+iBMm9Ybsmyw1J5tbL2WCo6NZkuZjUGsrWdm8fttdX408+Of3hxYtGtfLo5Pl240uCRJMcjjG26yEI0Wr22rVWT+uDCYhB5Mnx8Ww6B2Ho6OSYoYEiiVEoygv3fnK5MpaCIhdFjCNEvS5jaOaZCxSJYBiYLo3xbJVkJU2DFZF99uSnJEmkqXN+dhEnOYVhaZTNp3qt0eFEEcNRTWbXyzEKpvVG5eXb1whLsQxDUIWzfjjdP6JwtsjDWqNegiBFcrNFGAbIu3cPQFJ+9uxz29xM5m/ieDOZPkgyJyuiwFXb1e7j04/AAgNLjMSJiqacnV/cjRdOkKRZUq1KCABwtDQc9kz9Ns09TZEb1TYGkre3b1arh8fPjp89/wgsUYFigALTLdv03HpNWq3MllJ9/vgwj8AyQVqt4W6t395dtvdqEGwvlw+MgAFwWCQuR6GJbz1MpiSFIxg+7H8EACKCdfeOfmKZmWslFC1CEFSRBTgnObpjOfqvf/u7v/79+/MP15324eH+0zhJcQp6f36uNTUCQa6vZ2kCWX62Ne35eotjhcBBkWfe3I0+3M6/eXUxnS8Ca3HQlykSy/JkZ5iz5ab2vPOXAAAgAElEQVQidxmyLvDNSmXou8lhXwtcm6e5VmPP2KYkRgFgsVptZotVb9hfLjbXN7fbnReEcE1rthsn1ebxejW+vb9UZZlEVI5irM1DWZaCWHnz5sPl1eXp4V6jXq/WWwxF8jTFC/Ved0+WyFa9zvP1MCzfv34h8JikiJPZLIo9mquQrJTk28n8e1VB/d1CkeA8jS3L77b7sqD4flxkEfzP/tkf4yiceIFjh/v7B3EQOJ53dLqvVsXxw9VyPhv2tTJN9Z3b7jVAECNIgqXg5XRqbLfGLhBEetCSP//kI8/1fNf/6Pmjk+PnRSEKnDQZ3by/mKp1tVqvLOY6jNFxWNQqZLvBzmbrZqsdBelssvYs17d21Qrp+55lxZrGr3fhq9fjvICTpFAkqqqRmgwgYCEqWq/XzEIPTrAfPfvPJ7O3fnlRbVQoEKgLxLNTTZT4i6vFamX3+g0ALAgCCAK/ACGOiRURbDZVY+exmLzX/wQChcXkgmUSUaGjMCJoEgQBRcYbnaqumySB/ejzU0tfPtzeD3v7MiNWBLnf7qZBCZXI8UEHSkI0jz55NPzjnz0/3t/LU9C2gyzNKBR4uB/drcO1bvZ7Ms0x19czRSL2OjyD4yhEQzC2WE7+/a+/e5iuKhVek1kIDFWZ+v0fvi3ytCHVSLDarz9V+QqKFZY19wJDq1REsU6Q1Hh8C0AFxZa8gE8ma4FjGBpfrI35wtA0tam0QgdrVPcloQZBsFoR56vx1e0NShCdZhdHyeVsnKROVRUAiAYhNMk9x7dBEDs9PQFycLZaDXpaFiUCJydJ5vq+F5Td3lNFqV1dvVxu3ha4vdyOX/zwStYqjU5zdHcXhQWD8t32oWXq55cv3n94kWZJGOYi39XUPQQB7+5+/buv/79nV9+maTQZr8ES5yitqu7HPlQUuGkljh3meRpFFgBEb9998/b64n5+K6kkQ0teGOalReLwsP7syf4v0tD6y9/+v3fpKgISDAAJgMBJFSj9Agz90OdZBoOITv3wZPiIAiEKQoG0xAEssFxFlGq1xs3N2NrMm7Wurod//hd/vnECTqLJLO/KBzAoZFDy8v1//Pdf/bscw1RJUSSZowi1pr3+4Q3D0D/+8U9OTh5BYGL5m7P70eXD9fXNh4qmNBtdSZB5TlgtFp5nxUls2lGtWaNo2rPCptZrasPE97fGpZssZ5Zl+X7qedbS/vTplzgU2+HS8sMiT1SV8SynoWn1SrtIIQgAoQKSOKVZaxIkAUPZfHqFEwgIAQSOO7ZF0KSmqSgI8LKQFV4SxYIwAEsCBsLAN0SRSwoUgFggJwf9x/v9/c1yGQcZDGVnV7+nWJikyMQPRI5hGbXXfjwcPta35mq1oHlq2BW7bX40ud86ge8GNan+2bM/+uLZT83NOgWWlju5fphIMkfRzG5j50neanT7nXoclILUnkzfLPWzWkvVN1a9UUvz8u37W9eNj08e99p71jwsMxYEUAgEbGc9m92a1ma9Xa913c/it28/fPPdy61hkIo6ul8tVtZybYqSeH11P52u07yoVFjf9hmSbjQ6OCqWJY6jUJZ6m/XodrkEMN4zDIalEAhsNjQKRReLheeHnXY9zgsY56Iga3UGcZLiOEuR1Oj6rt1qVuuN2VQvQXw03tSbnXqztl7Nxg/3um2icFGVharS1JSB7wCBq1+cfbXbTP/GT/80jmmKAd+Pvnn3cG57vibRg0FrPZ0XacQLnG0HEIpvjUAQVaAsIt9tVduSeFBmuOGM7h7eFSXZqJ9meXZ1/WG1We8PDmS+WRQpyULrtdFp90WON7ZbBIgQONNNXZToVrsSBgkEM6wgzsZTDEWfPj3gRXq2GN3ezzTm6E+/+L+6But7i6+++f8tVtdqtRF6aZGmm+VKEFmtJhm6fje6qfd7D/f3BQjAOEpRGIKgHAMXabTa6J3OgOWrqtLQFE2kmMhxXcco0sj1XVWWCZxGIN/zNgKvkXSNYVHb3HiOpWlVz0um4/XTZ6fdtnZ7cYGWqcpVfvLFP0x8MkwdgilJFmUlFYQ5Nyx223uCR1WNNw0zChyGoz1rk6TZi+/e8QIhCCRN4XHoU1ASJn4Bx5yILxbTyA9ODz/HACkNXIKC7scPkiq7bhAlYKNewQlg587y3JfI1unwbxmb7WTxlRnOtXZlvdykSQhBVFXtnhw/ifwMhsh2s1nk8HyxqjVVL7L8xH30tD+d3rx69RJGCwj2x7PRbDbtVI6Ohn83L7L7zV++m77Y+nFVUQ4Oe8ZOB3Pk5OQTkpHN7XK73S4W07R03HB9O5nAKCzxFC+IbuD5oUUQCFACFUlrVPuSKN3PR9ut2VRFhWeeP35Ur2l5HDuWMRpdICRWazYtywnioKqyEFgUJbQzdBROg3CTJx6MsDStrtYGAOSaKlEE4hp6tSrQFGbqNobQslyLMnC9mEwWdwwvDoaHsiKtFrcAEL4+e//h6h4i6TAOURLdzEY4Gj8+2R/fz1lWicIAgOEoTbY7u1qp8ByiCSTBUCv9ajr7zkmMIgVFqsqg2vHjvwGDZQ64trfAaJAT0OlkxDD4ix/etFq1g6Nuntqb9ULg2WqlB0F4mloPsyUvCN1B52F0g0Jxqy2NJxcMRSvyKVgiEKJjdOoE/nq9LtKw0WSd2H9/di9LVLspJJ6nKBwIlG4QsKLkuKkiqI3qJxAInV98K/J0p6ktxosP7+8GXVkU0DQOWA4ucz9IQgBCx+MZy0A0g8wWc4bB9w6Ghm7FGeS6geGl1/e66cdlWWrViqbWo4Q0rSQKPJ5n8iSCCkBfW3K1+/EnHz169hQAMUUQP3l+WKaO4/qG5TIct1rqEkv22wJPERhG0ixim/cIkSMoFPkmCAOmnRC0zHHU7d2Uo8lOZ1iUrK4HjcYeRtKe7+90l6fpQefk0aMvUViVBQ0BSwzHosCjKOjTj4ehr2tVAoC9129fCKoQutHzJ89ogkGBgqPh0DMxuEyLzEuKvMSyAqpVJTCzPTMU+OH9wwMn8AxJfPbZc7VSzQFyb/8II7ggiC/fv8bRTNNoXpTKsszKKE0yBEoYIj0Y7PNcI43CJAtRjEkLHAQo24yBEjW3Vk/bpxByvrhmJATE4Mly6vmhayUcKVXVJgyiNC10Wh1JEDlGolBG5Co0wTdadQwtPdtoN4cEWkxmV5Is1itNHCe3+uTl62/3Dju2ZcAgGPleo36qiC0CBZsVOXbihih++vgJSfKK3Gn2Bq9efzuanCWALcug51oQVpIEyBCgxOLb9biAy5ub934ciALp+hsAgxzL4gU+cLeaysoiyrMER9YFpnFx850Tuh8uxxAM7ffaVaWJ4thydb+zvLxIwsApQTKMs4vLS93YzFcbSaRNfQ1AWAaxk01wdbNOM3S73PzoaUdVxLv78cXo+uZ2AsNkRW2TiERhLJBlAoVORisY4Lrdo7LAHc9K8+D1Dy84Td7tlkHkb01nqXsvXlzGYfT48AnPdorMf3P2wgt3mqQQEDmf3j/c3wZpHqV5tSq3W/UiSe+vbuI0QVEIQjEUgTbb2Wx6X9M6u+12vbgVWDiKPAxDAbhYzLcU1QNBKAyv43wFFa4kofez5ZsPszgqvCA5P78PgwD+P/zv/yGDMzgMoxjRqLUrlUqSRM1O3XUNGAhJGv78i0csw4ZRUWu3IQS3TNPablezFc2xXuA1quLf+ZO/TVP02dUPd9OZpTsgiE4meuJFnYb87t2VFxdFDtlu1mg2MRg4GIjtGjeZbCAYFQQFJ0iGwvzIqbfkDITOLqYIhiZZlhdgb9hdLJ31xhzuaYMeVyRxUSInJ93UsT5+/CeK2H51/j8obbrZGLimpUr0/qDx+HSvKICdZSkqixKALFIMDeM48NlneySWlUV8ezGqVzsff/ST6XS83l1AoF+WhW1HklKptWoYBnz38vzF61sALLstlWfw68uLNM6a9SEM8ijKC0J1tzHzLJZVXuIJXd+hOHx2duFHAUrgGICwOIOA6cNkZXneoKd4vgtCSL1KVURiPdkpldbB4fD67url22sncHu9alVl0sRfrVYPt8uPHj//7PkvOKyLALjrLq9uX6RYUMAlhqOm7Tihj1CQE/h7+73ddmcZIctwsqRNpvp25VIYsR5binzQ65+ulrOzD28RJGZZ0rJ2ksCgKFHmOQgXoghdX78mcf75o78hsOpyPsEx5Mc/+Wwxn84WK1WVihIpACwvCwiDGV7OwtxzLcteUyzcPzpcLY3lbNfvdAI71NcuS8r9zt7DwzQrw8Xy3k8sjEBkScAINM/s6extku3sKJTrDaHSRBAGJUkchq3tWhAEP4jrrUZRlEEUaVVVqlZxms0AguSYbq8qKTwAw5ajY4j00aM/pinwX/36/zlzxhQv9Ht1GqWbWrda2wtDZ71b4xQpinKZYUmI82RLYjoHvScyX2dwtt/tm7odBzGEY2Xuh0kOlLhujg1vTfNY6YefHH7K03UvWv63/9P/I4HRw/7BL7/8pSY3wTybLRclWBA43qzXm+oegXA3N1dhmZUo2hs0gDyFigIGENuwsjymaHw8G29Nu9GsojB28X70xWc/Z0hkdPcDTABBmt7fT08fHfAM1Wt09nvPBIa6Gb8jJYHAgONhE8ohgZVUvtlqDuoVxbMdVa2blpNm7mpxp9VVXuYrlcqH9xeyJDWbXY6R4zhTq5X5ZnE3uZK4SrN+WKZhmvpRnBcAxQv1yd2KIFiGRJeLKUUwtUbF8qd+YDMUQxE4BKBvXo9QgD89fZ6BWQ5GBAWoMvXN9692dhRH+X770ZODP8JhYTq+cIOHnfGwXG6WG3O416YoyrVCUdIYitF3myjJw9jTrWucBS7O73w3kXj27nYWR+DHT5//0Zc/4zGBgEVZaSJofnfz+ocfvsVItNKoIBSW5nEQxa4foCRBMAjKMvPFVpSF4cnQdvw4AzmJ5gR2MGgBRckxrCiKQVBwYr0sCltfiQKNIMjd/T1Kknv9epVnFUHSpMrO8LwwSeLk6PDA8ZM0KXq9TpYWu63d77YRBM3SIozLD2cPne6gBFAYBDAK1/XNzthIspznmSIKaMlggFgURRQt319++7Mf/wQpKqGfoaT/6vrbEMw0Sakrcl2r71Y7uCjTLM8KOEmQ9drptBvPn56iZVGXupKwnxfZw/zN5f2ZaRgVtYnh7M3d5f10giFkrzX0/dBy9ZubB4JiKqpqG25ZAgUMnN3cFAAgyxWOlx07YnmJIvFGrdFsSJat6/bKsLznB39SF38EQd7O+u1qdyaocr19+PaHK5IkUBiNopxiiK1lgBhkeVHgxozIG7oR+g4nECxDzmeTEoIHvWMMF1aLbVlkFMUyDC2rbFLmpp8ISp0Vm7o1d2K72TyOM56g0cC3BV7khYrrZ44XqzIPZNH71z/kUfLJs1/yVCeKtgCySwvPMJbTybQEMZpj/WC73txzIh4FXpr6cq3iuY5pW0lZVqvcZrEMbZ/EGYKiSwS2PHdnurZh1ZT+sPsjFKRwMp/MHjaWT7JCnKO+nzSbqm4vTXOc+8Dnz/4RgfBr68N8+yEEozxPF8tNvd5WpFa7cUCL7dXcRmH22bPP3p9dvDs7z4v4djyOkogVydVuN99sSRa13eVmt0VgbNB8rMqdb978j+eTb0qS4xgRBgpZYIAcJnFJ4NsExeVpsLPsEgI6/RpG5PP1ot3RcASFIbTMkV7roNM8xhG6SCGR1liaX84eEKioV6ueG5tbIysyAEr19U6r1kmGX6zdycKkGAaBAS8IAQjECDzwnTwNOZ6YLXYs1wAhLvRDEID2+3tFCVqOOZndRJGNw0ia5SVWU6oHV9c3k9m1IrONRrXREBAwgAj6u1dXSyNAMCJNy8hxe60KgqKrlY5TFVGuF0UiKIxte1maYAioCBjNMpej9/PltNXoPz74XFNOaVzc2avJ9NXr9y90dwtASZiYrRYHwpFh+3kGnD46SWNvPh9TDKvJXYxQbcdJAABB0b29wWK5CNxdrc7p+oplFILsOq5DsSGMJ64fAQAAgQWOo0EYJ0n+5LT3yUfHAAgqFckwXalSpShmNveiOFQrbZYSUdhznbWqsgxFEDiyP6ixDAtDZVoEhrndOxxGUXx9M6so/KNHB+u15XtZs7W/XYdRDGUFcHW9AAC8qsofP//opz//RR7mAMQ2Oj0QSAJvRzNEpVojSXy5mFIYWK8rk/kmicNBv9lqaIa1EyXpYbGlaVGgsKpCR55bqw1QiAkjB0SzII40WUYwYqdHO92XZH4+WyEw0O+2kwS13GS5XHc69TR3Hc+sVSQEwEiYSeKsLNAiy70gWMwWYeTDSHp9fadV+SzL0rwAcoDDK93mocApUZC12m3XDT3PRjCyQBitWXMNj6dQ39d3m0WZ4wfDYxiFJI5gKMDxgl//6nuSoHu9Pk1gmkrwPEHTBEkpSqWTRN7r92coAWkSxjOVTuu5bQVFWUymW8+D9E30o88+e/b4EAjy54eft+oHk/Xt1rPcGFrbPooRDW3vcPC8Wq3b1pZlWBznLBMgsFqr+1GzdcwJAoQW683M2s3ajR7Pyjd3FxgJVeUaiWK6s3ZTLy6j8eQuTR2Rx9+/vxGFzvHRRzRGxkFWVzsVsTsZ21qlRhCo7y/tYIGh6KBTDcMYRlBF4WLX77c7eZa5iR8WaVQUXmgHibXcjEHIhUFbYiPP3UCg7+jbWu0ELLO4WGhNESOoOM5Zmmy1hiAqXI6ufriYECQ57DV8L+8PDmWRQ9EiLXLP9WeL7cODbnvZ4OQoK8DAjUI/aArUs2ePdcurNmuKUoNAnKPVwEuateag2xF50nSi/f0ntVp9u51nuY2Q4GY3DRJ7u1vASOgniVitpQCSF0m3rh30nykiV0CR4+sI5INlKshiXIaW6yIYTpHox58cv3j5YqPvGJ6mWGK1Wdn+9vXbr8fTe0WsCoISxZZhbAhCyAEQIlA3TCiyxvFtwxhtjBvXdxASObsxX7w3vCB3vTjJ8xLI4P/iH/0UgfFmq5bkUb1RrTcHJYD6gZ6WHkHDRZE1GxWwhHdmVGu1BFWgydIwdoLAPHrcLFKrVqk+/ejz0fiHqXEz3Tp3tzMADFgapgio3ZAlAT87v/TDFILhQV9q18nPnndVmZ2MdwIvd1paGkUkCQJQrlQ5CIMMywbApFIVaAYRZe7d26s4LnbmVqvABFpCKIHhkb0LHz36O2v97O31XwclGgS5YXqMRDp+JFWqjWb7i8+fDAfyZv0AFgHLgRAcD3qSpgmqwk+ny8Fwv9XSJuN3O3e+WMzTDGR5MU+L49N9fbv+/sX5/XhHkhgOFyCQA2DmWGuSJIOw3Ox8gmL9KNHqHMkAl9dX7y4fCqwIi9T04vXOQcri6fFxTRVQIGIIsNtScAhhCfjnP35MIaS185qNtqIqQJl6wfZgr0MRaLOmxX7caw0a2uCzZ19amxwEILmG3Y1fOfnCShxGEKr12nSxidIQI+Fut3v+4apeq6Aw3O10HTvIUggqUBjAcx8eDB85ofvN91+/vzzvDzQEAvv7vfV2UeQ5CJbDvaZpr28nN9++/Lpd7x8N/oQlZRROZAGP09BwTBgBAz+rNDpZEbqBaepOnGQMx5Rl2qjLEi9AOdqoDo4Hx5FdsLjy7NHHZZq5vssIeLWhVDTRsSNeYCkKAqGEFSWaYQiaOzw9wgg8KSKaAa+ufri5e+UESxDNajUxTRJDN6pVkZNUhhdyGPeCoCjiMPGSJGb5lizt+f7q23f/gwdYlKygOMlx3HJhxH5OUFXftQx7Y7uuqlRCL65XtcCzDg8HWVIiANeodghCuH9YJUm8WC16XaUo8l5/+PzZ3mJ1udH10LA7cqPT3nPSh/f3Z56b9tXBsHGCk5Bpzjf2znQCCEUwJGdJhafqKEFttlNelAaDjm5ai8USLkGJYwgS3lqru4cbO/RVmS/z3HOSR6ePP3z4djK7EBQNAAmMIESZVgQ1DnJNHXpOPF5fLbfbiiTWFJVEBQzi2809EMKPjwYYisEop6rq9c3L8fgqB+Cj02eX76+BDNSqqiRJnusCZRkl2fVotLVWikyDacExlGWbEIhYTk6QnONGGErnWexYDifICIqfn7+5G91stla7VUchyvMxgVV5WXr95t1aX4wfbibz9WoblCH6J3/0nx/2Ps/KPC83FOXlmcvxNE6zUVb2+q04TLMUZjhVlrj59A5EEdud+9Fqvlz5flpRtWGvX+aYwGvdTm83NShMVdS2JHHG7ur88o3WbjT7XVFkkiLiePz+frK3Xz846TQ7lbPzWxAsu13x6Li1mE6fPn803GsWaSryVEUVcZICoCLJ4VqtHYWerm9IklHFWp55IJopigjGAUdKAqNCKFkAkMALYRgmRbnTNxSDrLfbvAQrmrLa7CSpent1jxPM0cGwWq+55g5Ey9HDWKqIl+dXnCjVNC1POBiW1Cr28s1vPcfpqIcYIGp1zgunS2vW7DTADKZgPLBie2N32g0EIghC4PhqmoBlBnzy/HEeZThUzRLScuZBtnQCsyhzFIVIWgqjxNitizw8PtyzLTMDQt2yCILkaNp3XEEWcwBY7PS70aLXH6AYYayDMEqblZqu2zgGffPtV7yM2I4H5ijN4C9e/uukmOEUNTh8st3mi6lVVcXT48cliIeRd3Z1DcLwzfUkjVKKIVw34DiC4Zj7+9s48bIMOHn0PM3LyXicpV61VnMsHyXw6+t7N8jrrT1B6fqRZdu6JDREpW3qa88xaJYFYDLNYYJiRIFnaYLnaE1rN+r7gb+7vv3KCFff/fBa0rjFagEjWK3R2q7nF9dvqjUqTZJhv/kwWgR+iKJQWeaKwK2W1v7+QKvVesPhbLfbme5ssVF55dNnf0sWerKKc2zxw7sPcVG0u9310sBwqISi8cMFjZA//ey/KCMRQt3p5iwCQgxHojiEYLzVqEui6nl+6HsfPtw2Gl1V0x6ms9VO1y3bjZKoKLw4f38+TXLE8yOCgAkcT2OwIjZv788edmcoz4UJgcK4vjHiMOy19xVpgMBSAQA0AVQb1d6gy1DwTp9THFqCYZlCPNnY6/94v/PTwfBLHBJQGM/iIgyyPEub7QrBUNeT9d1s4YZJmhdZEn72xedxVv7lr77TDUepSmUWnr07Z3lKa2i2bRZFDiGl5bo4Tsp8rUhT3/Fq1RqGE6vdpigTBAMywPe97Xq76O0das2haRnXV9+bu/FscocgGauqVlhu9VgQBN8JSATK03C2WAYx+OTZzwW5uVrOGQaAkZIkEF1fDzqi2lApmitzTFP3+91HDE1tt+//8P2/f9B3Hx52BM+GkR9FoWWtT0+7d3cThlX6/T3L3EaxmxdAs7ZXAjTD4jiB29YOhhBFVdLED0NnfPfQ7T2mmVpeBJYz3ZnrKMmazZrvuAxFUjSDYtzeoMvxHAACAFKutz4C4xCGX19PSQp/9uRpszKs1dXV8tZxvF6nzbLM40cnEEBhWCmK2Ga1Gg6bRQ6sll67XqlXqq5T1Kp7PNdcLiwEpQmSS0IQBbGD4WDQ3w/8NLLN/mCP5jiKgu5GZwCEBjFSVRrT+Sr0DC/cXo7P/EhvNqXFclaA6GQ6M914MV5CRXI8bPlhgGKsIHTSHLTcdRD6KITworpZ6pPZhuOJtEwxDMRgUFRbaQqGoW/Z2/V2Op2Onz07wjDQMVc0g5UwQjFCo3voWF6axbd3d69ev7NCb2dE27XermqK0GXoGgSCk4f7Wq0OgihCoC9en+OMVG8q+mKjSBTHEn7gpnmEwTBB09Px7XzxYJjWfOXFOTCdLmEY4hkkK0HTtq5vpkqlC0Ll2dm74X4dARKR6yjKgGGFvEhsL1isd4ZhwVCpCgIGAG212248vZu+u1vcmkGC4WhV0j4+/oXI1neb2cX5B4FVCFIGQQoEUseZXN189+23/y5MjLvxvaLSssgPe49Ne+v7O4pEsTL1YntjGQ9Lfb7aZbmvKiSBwZbjc3yt0RgQhEjTkqXbmiojSFRAwXY35ngSR/lGtRnF8XQ5pxks9n1RrJIQ+/7qOgKR5coyTBsncBgh/+pXv8vLEgLClb51Xds2Ek099YPV+3ffowQGYTBBcJZhVipVghVKpHyYzVAgajQUMMP3h8ckBqyWIy8KAQRSao3ffT2yfafWbgZeVOSFSJHDdoeXpM3OEgROZDXdTAGQiQNAEvnQs9LIhREahGmaRa+uv88Bq1JXk9Q7v37PiTiC5hcXI8fP1Ea9BHKWwhWlxdI0ABWGtdWdBY6XGI5CSBpmHkERtTrL8/DVzShNylZXCxN3Nr9TKyjHlgSKdBsDVVYta1HRJJIWbSsCIKgoS1mReL7BEvR48tryTQhjp9vMDglBFI6OB198dtqoC/A//S//llZvJEl0+3A7nd3xbC2LcRxNBQl2g+DswznNUBhOS7UGzeKGuTT0xXi+3BmbfleNg2B48PFq83B+/Q3GEnGczqerQV99+rxX5s54PG7UucMDlaYxjgX/7M+eM1jcqMq9VhcE0ZOTE44Cp+NRo6najgMicJSEBI0QWIaBOQwBl+e3y7WVgTnDMQyZ9PsyTlBxkGW5COXg7cNf25FlWxGNko2acnwyCMMwSjIE4zutYbtVS4MdTWXDPTXPI6hMe916tynrG51jaMdcbrd3MFZsN2a32x0Ou+Z6NR/fYhgscMLJyf6Tk/3YswPXYHks8HemsWQ4RlGrYZwIIk7ToWEu3MA2fAciYU4SLm8n33z3RpWoT58+juOCRNGnz44///ipSLO1Wu3p6QkCYhVVZVkycJPddn180q9WZVmSyhwnqXatfkSQWpFBMAqLCnJ+++14fSVUyNVmeX/38PknH2taLYu8xyd9WWBcPaAwsl6tLqZL04oEQeYoVhG1qlIRZe7b119PlltFUxAonIwfKjUJx+F3799IEieL/HQ2fVjcAAQAgxGFSTL/iGFqnsfqyIEAACAASURBVLsbT0ZRlgBFSZKiIIlRaN5cjxCUGwyGCJh5lpVHse+meQRXKgNFqKZ+3mz3IKjwI9eObNszsjzptKpFAXMcEbrb2cNdrdEtMujubrLZTLa72WJ+N5ldLZZzjAJ0e/fixXcViUnjoFIVgMx49+4HzzVvHmaz+Xq1mm8NQ5Q7DNVAkPT7N/9zibkYSRIYPZ9srm8nm61Vhkmt2qZwxLRNTavyJDPsH+RpsFyMwmCZl5HtOKHrp1le0WrtTktQFInHg8AHwYIikPX8dmvMW81qW2uIkrYwz7zIOdk/HHb3BB75+pu/evnD+xSEHc9fb7aD/fZquaUoraL1Hyb3b8/O/Dh+9fpDkmYECtW0SgFkJZ4BWLbS155rVFURh8A8d3/zh7+maHJ4+DgI4uVmvdWdP/z+NVgAIldHYXoyP9uZS4Gmj4Z7rpXt7z9OM+D66ubu7lK3bJ5XIQj0vM2/+cu/oHmurimxH2VZtr+/P7p78DxTkvkSxl6/eV1CMQonjr5gSICmUdPWIYxudA4rlYFpOoa5oWhSEJUkziAELoqsBIqjg/3D4WkJ0LVqdbWb3o0uK1UahjIERI86T//sF/8rsGQWxvjFu6+C3ACKpMgzkWNRgto5aWDbLE4PeofDwR6FRb67rtVraWyuV2MUJn78xc9ajTaQw3EIdNp7q5ntWDkIcaIkjSc/WO6c4qRmu89L4tmHN5ajVxsqiOJJ5iIkdHl1PZmtssyraXSrJkZBfHJyhEDl6PoGR4CqwnEsLcsSgVMEjuMolsQhAgFRBA+7fT82317eAFnMsypNVB03ogUBJ3HXNr3QzcAsyKOt5V/cjGfTB0HgWo22qio4xnz67NTcrZPEv767DfOYF/HtegbDWU2pAYnAstzl5dez9fSod6RyPbCARBE4u/7eCt0sSaACHjQ6rVo38xJZlF07223dw8MnBCknUZGEduyDzdrTNAMh2PHCBQilKIG6vnv/8FCvtUSe4RisojChZ2Eo2Gy1HMvJ0tjUjfV81e0OMJQqCwCFwF6jAxUYSRACQ1M0D0OJ6a4FvvRjB6ehy9HLb99+57i+JDUHvSMKo3Ag//Gnj3crHcPp92evbh7unz99zPOVOIpJktB3hlrhF4vZdL7sdRoETYE54FiO79oSC+0WY5Zlav29Io6jOOd4tQBw29k+jK+ePfmsprSQMlYkDobwt2+uUYzqDg8FTjBNPU9TVVNJHHr9+tcQFdw8jM9vpkePujAEjm4eZEVBUaCEbZEFKALrtDsQwtuGV2QgjnJwibdaewzDe54XBTbJ0UESwgDQbxz0Op8tHibzyflqMXKCdHh0jECw7wftgVLCxv3N+S+/+Ica8xgA87hYe7FBcxhDYRSO4jjpOt5subq7vddNAwIRXhQtfbtaG6JU63S7SZFlJfz+Yrw1PJzkPC8GABAsAVnQyhywvK0VRgVIjO7mrmMtF7O9QUcVqv3eEwSmbUtfTW9AIO33W0noje4uADhWJL4u7Z0e/s08FRCEITEqTTOOR2kWR1CSojCMLi7u750gESX19dvb7dqoKTKGYhTPbXbbTq/54x99QSHI/H6MIaWosGBR4ESpG0ZallHgCKzabfYDL6yoDElCy+W81a6vttvZYlZt8uP52Xh+6QZBvdnF0HyzHpnmTJApAAN2lpsWwP5hxzSMyLdknuIFQRTastryo+j6/F3gGbLMgmVc0Zgiti3LbjT6qjzkmFrk6Jv12XJ9drOYblzIT/F6RUiC9PXLM03lBl0l8BIcpStqY7ddOZ4dRUlNaQuC5lvb45MeAgKm6dEkE4fOajZP/fzjj76kSTKKzCDS3739UKlUh71h6PnXZ+f9wYFW7TqWo+9WtmM4jnNzPYHyQhKVJEo1kdnrdBiSownUMBbLzVbfWZZhffTsUxKXSDzDscgyDYoioyBJ4rJdqzG0lKV4RWphqGxbiczXSUwQWJ6hKBRGTUt/8e13prHu7R1LUvX9u+8Mc7Pe7TzPbTTaT55+3u3vpWl8P75PQnOzGi+3O4YXgNSjGRwqgV5N/tHHz+8fpuudsT8Yej5k2sub0XuGlzm2xlIUCCUgkGEURWAwCJZ5BtfrzSiwRvfnCJpyDAaC0f3oSpJZikEn4wmK0aIocRQW+GaeelJVwzn27nZOoMiw06XhSpbirmNeXH3wAq8/PPCC5Ozy4s2bS7UiFnlAQBlLQHESZ2mMQCknMoHv7rYmx1UkqVpkwPhuVqvWksBxXN8PguVqDWPE3uCIxuFmg2mqWrPxROBa0+lUqwqr+QRDoEZTs9bLyI8IFJbYOo52c8BD6JjT5DxLhvVTmTkEU2A0uo7THCFVlleiZHd784d3H347XY9IiTUtez5b7w9aHEHWtC6FYEDuYQSIQIXuGMudBdHiau3djSaaytEELClyWUBJnFmu/XB3gcJepQJY/vSr7/+Ql9EXn38WuDiOcfPV/Wgx9XwvTD0EZPrVjxZbw4k8CMIJCNzr1FAMGd+vYQSjcZhkGAyEe+3ne92P7m5fX93e0RSrKOxutRI4JvJcURb17ZxhyE5b4zkxTwhFUrPMm4yv1lsDRcBOXS3zEARiDEFP+sNPjk7+9Bd/XJWbcVoauo4RYFpGD7N5UYA4SlEUOR+Psiipto8Zjrs4/70dr2gOSGO7AMISzpPIKvLc8TLd9CAUJClMpCkcZy3TsFxzuZxDSOK4qyIOHp/0BYkazyYIkpJ4Obqd5nlUqRAEUXjuKk6WMJbFQUDBVJ5BKJaBYKZVuyXMkyRze3eVp64qVQSiTmGF6z5AOLrdZZ6fYmiJAKHE4ygEwP/pf/oZTVO8xH24eLvVH7a7nSLuoxC42V28v3gX56WsSCQr+FFs2tu3b15GgXl+O15st0nsnT76vNXo/NUf/uV4cdUddikEBYFyf7/GcdSHs9GLHz4sd2tOIgxHJ2mw1aBNfbdbBxzNsawCwMhqcz2dXpAMrbvu7cN9lCa6sRsetQPPwVHANFxGIH7xNz8zbaPdVU4PNRQlBKbL0319886wR73eHocSRYHt73XVqmQ5/s3orgAAnlVJrBL4lqTA1Qbpes79w1SSuaoqu66H4KBprwE4bvZai9WuVquqFenDmzfXF5fT6YqguXqjKnBsEkRJGIgClaaB61m9brvd7sMwEsVGllvffv+VWKExGpIkRlblyPdxCqIJ8GB4MBrvtqaDEDjH826YJGWJEbjnhsP9Hi9I27UOoUWc+LZj+bbLCRJG8XkSXp69TjKd4ssUMG7u3i7Wi+efPFrNFvc3k71hX1a09x/Ok8SvVJQgKCuVJo7j51e3797fNRvVVrVaJIDEEtPl/duLK5zAvvjsmSrxy+W01RFJEtZ1S63IMIy7YQogOSVwlEi9ffMNjnJV6UkUk1keAUDe7XdYQcZxYL1akKTa7e0xOLFbrJMgbLd6otRBMaEs0CgMHM9ezCez6XijbxMY/M3vv9puVoNBo1ZVfXsXRbaum0kG8STvew4EpiCUwHAuCzyGYM+eHGZJcHF2pSrsj3/y9H505fvb2XLJ8zRK0zRLczzDC6KmtFiO+/rVr8xcpzi+SMo4zBwz0pQKxwj7nWFN63SaHRCEeI5tttoAkLM8/vW33+q7heUYJZwTFAqjoCiS1UYNwgiKQFAccV3D9/08C7Ua47u2JFTiEnh7/gfHt0+OjxRV3Rr333z79cIwP/70mMAQTuSVinR1NQqDTFXqXuiPpxdWFAqihCAAhWFlAVyObr99+Y1S5a9vHzbrTZnn9aoyGt3/6q+/aTVbtda+vnXny+XFxXUUF/3eoNfYAwuiKF3bXVardQpnAYACS4jjhVevf5jOxziB84LIkYJlmxt9YZrrLz4/CW2fYmVZrXu+d3H+plrTZEVZrxfttsSxyFafEzgYZ1ma5dO5DpRYqztsNFpFnogiDUCQZQaViqrKPM8Iba0d+0CSQDCcbs31ZDkWRJrFeYFsPzr8Ql/r483NDzev317fvn13T6KosTFMI7i/291cLxEQ6rSGtdoBhGTXl18hIK6IXd/dMiRR19oVqW7pycXZRJFqFaUicjWWbSuSNpv98Pr1r6MMgFHR0PXFevrtN99atimJSr3VW61WNxcXk/sHgsJ4BvYdiyXJMoclSQvsIAp8icMt0wrirFrTFstFmuZ5CjEsBZVZlMGyWili9y/++jcFmP/xz35K4bLvJRzPa4qCAJllbyzfWaytxdoaPew4gcVgUBJVUaiwpBj53mQySnPPiqPZcnpw2Ihc3bF2vcagpu1BkP/ih+9dJ/r8+ecIKskq9eLdH25n926YoDDhmOGg3W/VB77ubOdbywxwgq8otUZraFhhEvss01T5fYrE/HhimNM0DWmaWqyNq5tbliW++PgjkRZ5ltusVySJSoqCY5Qii3lRbrZOuzVsNLssR5clIDA8DFFlCflu2Gy16nU5CA2Jz0DYz8CwIImlESIgSlNCrVJnKYJAAFXh3729jJLcj533Hz6cPjrs9wcYgmAYZJo6imS2G8ymS1ng86xYTJcohCMgSqK5sVt7rlerqEUKYCSbldB6a2zNqb6ba3IDAsjJ7ZkoUowghlmRZIVaqdEUd37+4e7uoloVtqvpRp8fngzjFDasUJHE+7vJbLxQKzIEpF5gxJG721n1ejMH2DwBWJoTxepg/5QVZF5iF9v1ZrtIcx8EIhyCDnqfgDmzmo8W85v5asrK2vGTkzRL58uZpMG7xd2z/Z+3lM+BEsTo0HBWD4uZHbqGoQs8KctKlhQExWAIVq9WBnvdqta03QiE6WH/sATzHEo2Oz3MAJblUBQpy2I13+AIyKCoqMolBu62m/HdiCRQz9kdHA2O9loVRY6DHEOxIPYvL95MZwuWJosy1y1jY+0IDD/q/1TTnk8na8exMJzc6svJ+rXljaAsRNDi7Obs3/76BQCig14jjtIsLsECznLAciK5KnY7lUeHp8PGIYPgIo8TOIbAGYxGcRqUaLleL3iG6Hf2SJwFs9A0VpbttXuNJE+ms9lwv4FRxG+/+u0P777WrfnBUbvI/DS2w9T1ouz6dsww+KPjrueYGJDLPD4Y9oMIDOJstpyGkYsiKYKmZRF2h43NauO4EQhxqjyESny7mlE4JPCsIAhpFEVh1GmpRVaslxZNIvVaBcVYhuIxFN/pq8V668elIkoYJo6ub2kaJ0gq9FMgTw+GXQwiq2q7Xm+6nhUmruPaD/dzRdaOj08m4+nNzSSKizyB/SAw7fXt/TWMwRCM0CQlSZKqSt2Gpm/nm81ya6wf7q+8yFutdQiBZbECYfTo9o3tLFbbjWl7YZCJbLVR7yQJNp959foARYVqpY5ArL71KZJgaDLOYgjOYRgGALjXPQxj/+37bx1vx8uMtVtn0a5RUyiCcR0ERlSRFVEAHN+OgDLr1VQUhhgUORkOjvePf/f92e/envU7ElgwEADHya4sEE1r1dVGs9FgGXCzXkoKR5GYbTn9fhfH8jcvv9ZE6KOn/SLzbNeWJJFimNF4pu9W+m6CgxGKwTgOYzRqB0EY50CZPz09yWMexdW0zDebxXw9l2W53Wtd315OdzoMl1kS9NpVhWfTJONZiiFhqIQJXCAQHijgQb8nsWzkpDwtNBSVoZhaVXEdi+GobqdJUSSJpdbGrTUe73T34uICzGMaJyAA+vGnH+NAyTEky3IQxNHMIYqWMbiCKRDNwb52ItFNFE7q9Q5FqxTFfPPtr373h3+72IyCNMNpTq5Vi7LMkrRekVez+WK+YZmK6zuWu4VJNAOBm/tpBtGGnZhWgoKJIhD9djOM4pvbC4JCzd0iDReut3h5fvHyauGnKY5SPHcUB+DOHG8dPc5BTZExhDho/6TTemTotziN1xSZRmGOE7u9PlSgYJqDCEFjfFd5TuP8Yn0z2bgP4x2GkUWWZHFM4LDj2o5nvf9w0WrWVaVOESKMYNvdyjI2UZQyONmWpZ9+9nldqT7a/+j56ecMofp+artRUiBFUXASbZrGeLoAM6SpdUSez8JE4DSt2p0tz/4//+pfuIlVkajA9XXTRjlmPlsKosTx4mrtlGVJYEi/08MIYbVcWq5jW2ac2CiaJYlXURmaI9dbfbdbCQKzXK5oGuFoBKMAnIEmi/FsvUnSUmSbamXfsleWu0VxptYaUCy32a6nDxcMDvN0ReIaebkKo7XppSCEsDSSep5l6GGYwD/5cg+CYIRA7FCHiBBFMp6v7Hc/tYyF7j6wIvXk+el2s7kbPUSZB6PA4WGVE2kIClRR+tmnf8ZSxc69kGtct9XAyhIGkVZTmU1387VLKTIr0SWYr7dbECweHR+6dqLrSaOxTzHazhj9cPYfciA5PnhOYIwocTkA0BSGwAWGw81G7fS4c3JQT6IdAJQYmvd6Qh6hdeXpoN377V//ixLJyywrk/jN2xGGYb7vTaaLOI8ZBsNRcrOJIAjU9Wvbmo2nc5xgEAQqMiCNc04U5qs1LXAEyS6W1nKxEVgaRTBBlkGESpLy/n7sex5FYM16s9lqiiJjWR5JUKrSDKPc83Ybc7x19K2+KosCR5B+p3V6uleV6ZpUxVGJEzSaRZUKbjnLBHCCzDk7f7verDrdrh/EBA2npb21V+8v3282G4ZFcyjx/PlqfRclhhvaEJaHkXt4dHzUHyIAFAfpx8+f2V7y1Tffj2fzIAomD9uiQGiG+nBxaflhp9t1/ZCgpSIPrcC/ny4eHR4d7T/laBIjyseP9+vVVhrmqlzBCaEEsbIo374bbSzbdDeOu2hUNYHp8aImySKBo3kenb1/VVE7x8cfCZwUeQEIwp3+kONUimtjMJIWcZZ7YeJYnm55eqvTOHn6OA4937dYGnNcd73egRDihGmRYSInqLLKcrQscWWayKK4NzyssNxqsbofrVqthiix795fzabLvIBkiZMUEcjj9XpB0kyzVv3+9deXs9sgAwicd3S/LGCRk1RJlgUldos4QWEInW82F3fXX337DYajAAR5UcFwtCAJURrRLBnF0Xa33Br6zfRhOR9JsiDLrOP7FU1zI4ckMFVt1trt9x9eYjQkyioEEmCZhqF7eNj+5d/4BCzyJE7jPF8s1iiKnJwc1VSVY4sMTFGMqFZViRUHgxPHs63AGh41cIbUd9Zev8cQzGg0J0m+qmqCWLNNi6LoQb/fqXc7tbrMKmDOtlu1MHX8MJfkmhvki8USI1CKJWgC6nbb9Wo1DkteruNYsVuvAtOI/YygpH5vP86C7WZalmW/22FZvFajTXsHQJlWVW9vZ1kBkxRnGQ6OwEURRpENAYFjWzAKmIYRui5UoAJXtY0YRWGGhu7H97puYwBRU44alYPtdmz5dwXh0SL38LBst1rPjtsMQSR+QhCMwHI//uLLp09/CmXY+eVv9N3o2eNf1pQ939GLDGw0ukWOPYxmslbr9qoIAPhW2u0eBuHyYfyH6Xw2OPxkZxi6MQOgOCt9UWaajTqJkwiMChzXbTefPzvkWHI1M1CcIXFeltuKIA0HTYZCxtMFglF5XiyXuml6OMlp1SZB0mcX10WZ91rVOA28JPno6EBRWpYZURjRb7WjwPJda77YhF5K4EQUpnu9psiLy6Wpb+wkAYLAN80dyRPT1eZ+ujp93FckUpPVvdYpz1Tef3j569+8qChdEsK9OL17+HA/GyVFxnMczwqhm7g7l6E5jsAFlu11+qKgykrNsD3TcwPXOxz8SCAbKJrH+dryNjRHs4K02Dh+FDM0qkkVkelDAMsIfF4kBMNYpqkoPISAu52NAhSOM9dX1+fnlxhGCHLD8VPXS1hW0CoyAJZ5ZiW5pdt+nBNRBMqCxlJy6EVvf3g3na+TNA0TsFKtp1k4no05FsnT2HVsAAX8OAYgKMmAOCm0ipqnuSppxwfPRL5BobSx247HDyiGmzsvSTIMw9I4Lkp7t7mvyIpjhKPReQnkNMNGGWhYFkdTjaoKgRkMxCxH6DtTECv1atsLc4aTWIaeTnY4Tu8fDXECjFK7BADPS8AMDgJY5qU4SALfh4ECxsDbu4vxfLpcTCAs285nBEhp4oCAsDRaQ2isOx5faREU+erlq6vxnWMvH/WfffroH8VBCSKBbq/Pb29Hy5numLvdrtOsnRw9kQWR54gsyTwn5gUFJcT52kMgAiwL01xd31zOZqsoLmkSlQSmUhFhBJZ5stOpLZbLnbljKeiXP3/+5U+e4Uhh6Luqpp5fXN+NZpLEsZIQuMbd7dg07SwrV5az2G5My2tVHrFkK8szDMNkpRIly1+9+u+uJ+8xuKwo/JvL6+/fTlgCf7zfxUqkXW0dHxxCEOw4tm5sjO2SAOFh63lVOxJ5GUbRKNaTdAvjKYxinucxNAHEoCjUsthNizItEZZjcQJbr9fDfqvVarO8rMo8wwBAEcg8xfMkCueGZQgSN2xWD9otIC8xMOnUKlq1pjv5ze2DoijthiZxcJ67ABB5nl2t1DlWxXAVBgWWrlCUBsICRdckpa3wXJnaikAFXqDrVr2uek6wXu767TqOIo5lrnTXdDIIACWl9vL7tzc3D0WZl3mBwajMiarUoUlhvbw/v32N4qAgy0UO0BSX58U3X78cT7e97pBh5Z25RqncjUI/CCVZRQqQQJhupyuJ3N3drWX7tWYVhhO1yrf79V53r9s4IXEKhAMALmlWEeQGRYosU203D0uQttyYZTWtdlCR65uVA8FErVYJQ89x7eGg22w0yxTGUcYP9PvxpaQwjx+fUDQLg9HZxbfTh/PV1kAxtdt82q73syglERCMYhhAQycQeCVNy69eX36YRzSene4/adb2SBJYr1dlFmtSU2RbJIr6tg6ASRwEeQkKgkBi1HK2PDnsnz7as219vTHUSsPxi8VyK0hMltiKRIJAWRbAerO5OHtPEAhDwgJFyXKXoWqSJCBk5jmGJHH1Kg8iiW5ZSZawDDsY7DWb/TdvR512r6q1ooikqXal2oKhYjMey3xNFLvVaocmKAxD1ptFkvgoXtAUuNuttqvFdhscHPyIY/kgdDiGYAhWqdQFWuUpkWWYOPJJWsHJLgRho4dv58sxBZI//fTvgAUDwYgsK0li/ct//d+8v3zByPLgoEtTJAIWVZVDUPDgqP3s6b7n24bhHB1+IYjV1W4WFxGIYZ5ubzYGRXO7ldGqSxUOQkAARPDJfFoUaVPjcDjfbdfjnTfd5VvbJ1CEoxqKWHO9uZ24OE5Xq1qWFCLTOuj9Mg6slTFKM2B0u7q/3/K8NLpfjm7HDC0edh61G5+tt5uzi7cTPVhvPMtNaBwhMaCqCSRLx0kKwXAchmqtxTNqHOVpFmZ53O30cYJ/8ugjWaqlMZRlJADTcVJOlus4K1GcQ0AIp8g0j+eLTZnhveagpbVZRoFzNHDXf/5X/+pstmApuCpQFEFudCNGqM0uYAQZxUnbjiEQJWCsXatXKjXb0AEQePT4VOZRz9NxEicxLM3Bm8kqBxAYQEiKAsoChkDddtVm5Xa82loxhmDDzhNJPIpi+8PFi/uHSRD5coVPs6DIQ4EDeYoCyyrJCFvz7n66QFDicNCiSSJJ8qjM4f/qv/pbFE2UWfz+7I0oYiiexpHVrR7WtX3LmcKI26hLju9OZjNJ5hkKUwQ0S1MGx7vaYwrnr0Zfg2yOwggKYK7lwzCpKmqSwFGa7w2aIkckoZfl5eNHBz//8qcUzmA436w3NIW4Hf9+5ozSONlvHJ8ef0IQJcMSMJiqsrhbG2kMHgz6DIXpu+0Pr88AJMdwsEhoTT1dTF7eL94vd2a/02nUKhhGR4HjBY7lWlHsq1XOc52K0tQUrVIBDWsGI3iz2aEI1jE8VREDP5jMNrYb1RutwE3zvJRlpl6VaxUFQUC1KpEkvnfQYwgSzFCOr+y2u+uHqW5Z240tq/XQM4PYSEqX5yjPChRJWi/MLMhQAC8SQhTrHM8SmGuHy+nsXrdXOA2CEKhVqgRJIzCytaYl7rw+exmDGceRUoX/3bcv1tstxRCKKs0WBgCWoqSxBG3rvrGzJa5C4jSA4mHkxWkgSrRtuZ1uuyxTlEQCz602q6qsRlHAYiiMIKpUORoe4WjFc+2dsby/uy4KAkcYgVF2usdzIgzCH95eRF7Q6zdZEY/iRZpEqjxIUsA0tqO78zAMBoMn9ep+FgKeHUIwnSYkDPKW6znO+Prhne2v0iLCaBLF8JvrO9Oy9vfbLMfJirJZ6ZO5CSEUCJFZAVXV2m6541iGopkwzDzbS6IiCRNBkNvdQaVWWWx3d/crlhebrQaah1EYnl1e3949gEAi8GACxTvbgiCSIUU4hzma5Wmeo4TdwgUBMohSqcLneQKA6e3tPQSWg2EPgfEnzx55Qbjb6BRJNxv9Ik/DWE9KPwrtHMhAEIhScDpeUhSVRdn+8KgEAVGmqrWKa8ckIdYqlXa9zuEwBABfffU2SrLlalWtV3qteq9TA7JYkeDr29vJfL1drD46ffb45HlS+N+9fAkhQJHFBIj3qj2BVbVKrdZoaqo8W6xAEJRUZTBs61udIgkMRIEMVTRhvrr9+uUrRVYokg08l2ZgksR5CmNpLo2LzVoXZVWRWXu3EwRBUeqSUgvjoASjxWLEsWytWi/zcDK7vr65BaGcJontxut39zlGRhFiOh0ROJCkThTbhrEVJCYvs7zIqo2WKNTzAqUo3LXMIAg5RtwbPFfl1mp5FSQTnM21qrpabhWlIjF0U1X1lSlynCzLilyt1/ZJUras6Yfb3/C88PzkP0l92DR3MEwCIBInkeV5rMQGnvf+zRlLqUUR3tz/Zr46P336iSxKs9XID7YFkgBgyglEq6WFnsPzEghRDClDML1ZGtMHgxOU7uBIEtsUzXuWjaMgL0qNRqMs0DgpXDcoMlASK7Zl39yNg8DsNLTjg8HDcpQkUVVsOTZIEngS+hCQ2aYOlnCn3mqpKo6gtWolSrLb+xnNsJpW1eN15AAAIABJREFUiUI/SWwQigzHibOSE3mBpSmQZIl2EeX3NxcUwdfUOkUgV3dXrr/jBK7ZqEaOTxAYDBSSJCRJUpHkNE5hEAtjJMmKh/uHi+tLSZAbtVMYJLPcuZ+/39rbOC0ty3OD5OBoIAgYiWEc0xGlXpIBJAFNZteb3WZ0O9psjNViI4kCRdNBEs7WU6Wi+V5GUOx2Y+MYS1KUvllXFLSE3IfF7uHBKDJMEZSD/SPPDpIkLYGSpAgCxzu9PogUy81DmnvLzQqA4RLIri5vdH2HgKCmaCSC5BnA4YImtcAUFwWNYTjL3IaRFcQZRmAVTQKKiMCCINRrSl1gqzgBkSxWgjDOibuNU8ZJ7Ie2vZMlJktyCKZoUqJJGSwxjuMACCgKpNtpoxB0dXHuuBtRpIOgiIPC0KOqqrheutltDX0dRI4f2DAGsAzsOaFnRo1KDy0oCMgpLgdhKEwgihVzILtejG8f7jty/UdP/0HgIZ6/1q2lG0dBGFYbVY7HfD+QBaEEYX21QsDMcdzNNipLwrQiN0yieJvlpmnPUBL0ApchcZ5GIk8HwQJDym5bbrVri8V2Mpl3WrXPn59EUf7v/t2v54vNar3zwqAECk2TcRLFwAJC4E6jU5SwVq0WWVTkSU2sVdVB5IckjsWR+/rqL97OX+QgUFd4loKtoNiY3nGvvt9pwRmmifUnT56iOCJVuTgPFsu5IqC9dhuGpLykGF4uQduwRm60sx23Xq/nacgycrXegyAQRnFOqiVRFnruaj71bFcWqlqls783hIBsPBl7rnN4sM/gMstXqlrjcO9RQ+sTKEOiGI7gDCkRrFIWGY7DFFUa+jiKXRgpPN+nKQ6nFAQh8xSo1joVbS/LONPK8wIVBF5WKBIv7seTAiharbqXAJZu1zWhzGNju/GCJEwgCECq9XqZgY5lA0XS77TyDIQzEsdlFIUu71/NN3e8JHKcuJyv4iRJk2SnGyxPP310Iqt84O9G4zOUgDVV4xm+ImowRHQ7XY5h8iyQZblarRSFu9HvszxpNo8xQE4TB0FDEAJQCA7CAEOwutZlcAUEgLIsgaIEATxN0iQuK9Vap1Xbblf39xOeZTiOj8MMQUGSKh1vC8JltVJVpIZWkTfrSZg5hre0/A1N4CIr1+stRWuSOFGrN0W5kWcwTREPi8XSyvPYe3JwVJFbtre9n1wRWE5TAgSJOIGwPBXFAVDmrh8XIOZ6IYHTrZqMIcgPL3/I0lySVa3aYik6jRIgzTgKLwuIICoUU60IVZog7O0OLLPh3n6cImEUF0AYxQZGQAiWX12f+VmsKiqOosPeEAGw7cbVpEq/9wgAa0plL0ud1y9+w+L40d5nFNUsChiGsiAKLMcJIg8jgMVinBexxPMU0Yx9JPBd33caWgUDCX3jSEKj0z7KUmS33rlu9OjR5zTJTZff3Y7OebzWkp+GARIlwXp1dXb5VQqnOUwwHPejz0+0GifL1Hh0G0QBhhY8DSyWszhNFaWpVo6jIs4BnyRIkUAcfes4nmXYzQrfqDBxFOE0hVDku7dvB+1Kp9aOgtR2dZSjYJzJo2i/f6hxkuXdW4FZImCWxpvd2vNcVT4V6PbOuOEENI6h9cZhCDrP4KokhY5/tPcxiVfT1Des2WS+iaIEhXEczrAy41lWluRKrc5ywuPnn4tSDcOpOPL9xADgbDqdwggIwr5trfxwA+MAioMgBGAkJAp0o9kA0zAIvSBw/MhHSni/syexFY5vQEX8m6/+zVfnHyqtRrjTn54cVivaxtjezHZhmKMYVpZ5UZQ0TRdpVlNEUay4piXw3M+++KyqCKPRFYSAe/sHN7fL+dJIklySJDDLJFbwbW+62vq+pVuhG+UciXerpxy9XxauG61M1w2TNCkiz7M8z2g0JQyOtluHoNo4iT5MLooCrFakmqYxnIBSBPx//D//fZpE3cAqwIgXURQvHuaXUJFJ9JCh61GY+HbkOylBkgLFZlG8HI8xmO7Xnh/0vnx38eLb9//ucjzGEUJSajJfwRBGkCq9wbBRbymqBGYZjhL7+8+67UGeYHfXizjJFQG9vf3r28WboAygAqrL+xiivH7z7asPb4b9AUOpUYqPR/rtzcN8sWIZeu+wD4EhgePN6uMihd6+/8uFPQvCYrfaPnl0lGaxH5klnBMsTrHEarfO82zYGbaqTdefbfSZ6Xjd7iBNis3CFDk+9MObu3tZVpv1RkWuCJxQVfnzs3dvXrwK40DThCQJzN02jwu1tgciwno5X243vMBSKNPtHAq8Op/MAbAA4rzfHspS4+52uV1a7fbRyemP8zRHcXA8+/Dh5tXK2uEUGoUhRdCdTp+mubuHm8Xm6n55ZTo7HIG77WoGgR+ul6/eXJI49MmjR5LcQoFktXwAwXSz3vWHBxjO7LYmSfM0R0RJUK1IqqYuVvM4TRutJgRjDM/sluv+/n7oGZKosChPo4ppxhiaeeGOoUiWqnVb+xBETqdrFCb63Z6521Ul8aDVCsJs4+wur9/TDIQiYBAYIJxzvMLQ6mZpAxkqSHUIEUiKybLV2jn//Xf/5tXZtzAJbLarskyqFQkoS5RAERi4G40Fjj49PVos1xiKVut12/bsrUFRrG1uERQRJW0+W40n97Zt9fb3QBifr3XL9bICbndbJInTJPgX/+HryXpXr4gCjQehq9sOzYihV1Kk2G32QyvyzWjYOXj29BPXcvoH3dn0Ybfb/Ojzx48fnzAY4lkWCEPf/f4PBIFVtEYRgRW5S2J86Fu+v4NxyHa9EsTCGPWc2A/SeqM3vV8SBAGWHoaiDCkNe8cEKkEAbuzM8Xh+9OjZp1885zkOAkqWZnEEfffuLUXlIAKxNNmudJ4f/gwAyOX2xnK3cRI9OnjckA9Fvo9jjKZpzU59tRprTW06eTBtR9WYxXQehe5g0DXNAELgD5ffL9brg2G/3+s75k5isSINXWMbpSmK42Hkuc5aFnEUw2q1elKSrhenqb9aj0zLYDmFoiXPc96//94Lk9OjvTKGXBuuNU4rlWFRILLCI2i0nN83mhrLC2kS3V3fVKqK63nbjSfJlShM8wwOIwwjqhwt7KzFePb2bnKDwMjdaJ6mYByngZ++/uqNIlYeHR1KUiXP8BIkIQQMy8lofV4X9+ryjxzLBKCo2qqLqrDarZwojLJ49jDCMGo4PPCT0X/89X+f52CzfbjdPfyHX/97lIZgDBjd3Z6ff4DLyHd2GApAEGybPkEp1WpHVitaVavX2jTDmdvN+OEBh1MILvOy2GxMkibvbh9oluc5brVcBmFYUUUwLWEAsN3/P0H40WPZgiAGesd7b+653oSPzEj38pny1abYTbIJkByCmoG0kAAJ0kLAbDQb/QAB+gtaCVpIgDQSzZDTbHazWVVd5vmXNnzE9fbc470/+j79Yf7YEFUUFcsyi2N3MXtkWRJB8K7WbSsdAqfLMjFde287qibiKBD4Js9CdeFhFOR5gaIIs7tpRz1lyB5Qxv228sUXP2FY5eb2wQj8PE2Gg/7rV5+jCGXqa1EiNE0K4vzq4x0E4d3BOSN0GIGv0QJEkEHnQBYOqwKKM2O5u97ae9eP66qKfB+skyKPqyRtqP00owCEDwIjKw3b3nKcOBiegCCSJVFRJH4UEDS+WK0xTOi0hgTOBGFapL6+XRF4iuFAHKRljtU5prAyXCN5mPIC/ad//nOOpeMo3ax3FQgQLOglVhDECIJKMl/WVRgGZ0fDhiL32g0IRmRJs43A3NscJ6B0A6f5PPfiLGBFDoZBoMhqwDNdU5TaojAooNiw9qbt8qJAUhSNgavZEkaAJAgJnD04PC0TUKBZTVO3271p2CiGkSRqm2vDmpWAz/NEFOU839A6Q57Hx9NHnCYHR8Oyru5ubpWGWCfJeuOKfLvXPmo22hxPb3e6vg/zHCqA2svcq4frfrPx3/zl/9rU67oMPX8na2q/f9DpdkiyKGt3sVrQFJHE9c31ZUuTtU5bVnr9Xg+Ay5vxuyBa/u7L3waZl6SB65pPznqvXw4Yspovlo61l3ho0FFlpZGmaZJkRVH+j//mb/d2MBh1m03BMgySQjttNUsz11gfHh6cn50rkloVJUFAWZaCZUFTHInTaWpt7fcf539v5j6J4oc9NQii7948QARzetiFalhr9LVGbzpfgyheFO50fldUUbuBNWTM2NsIgtOMAFQbP7hJM0Np8GUeGbrL0kqeY66dFDWIkkRDlRWRxRC4LmocZ5RGZ7Fc3j1cf/P++mFutputw9FPSfpZf/iiqmnPy2MvxQlJkgYwymYlxrI4AHkQ5ECgb1o6RZMkycRBWaQAAJSr9SMKg1UJeT7AsjwApDAU5tm+AuzdfkMLTG+gTeabnb6LY6sqU4wk/Diz/TLPoc8//ezgYBB5ZkNiz45PeUqDQZaXG5a99LLl5fgjhCCjwRDH8SwLcLTO8gSCisNhl6LK9x+/TCp/1G+hMI/DbOplo8NzURCuLy9JAnh6fowhwPjhuzizcZLQ5BMaE8NYN805giMFgERpSVKsIh9SVMe2rSCwKqBMCwgjeJwUURQKg91sdktw9MHRYDZ+pCgMqKPJ9NaNAj9wQtdjKKbOSqCuktxPYchJHNO8L9IlUDuuH0S+LYpiUSJ5WlMUUqbRYrE86bfbqozjmO1s/GDzxecncezfXN+pEstRWKep8Bwep/VyvQmj1Hedo6Hm26Yk8AxNObqnSC2ea0YxaplJs3XaGzypapoVuoPBi6fnX2AobhhrkkGDNMrKgufFOHa90Agzb7ldB1FIkRTPyFdvx5GfpD582H+ymDogKOMk/rsv//12M3/29Itu55njeuPJnSyjjISv9ltBlSRNvru5f3ycvHzxKQK2ZLF5ctwqy5TAoU6nF6WVbdh5AvP8gKQbNCUiEAHUkG3dJLH9yZO/7CivqhpYbd6NJ1+/+tETVhLWW8v37c3y9vHhzjZWhrnZGUtehHE4Xq8XrCDUVU2Qal3jrreG60wgCJ6Csyyz9ubJUfvVy/Obm2vTtva69f33l/P5tNtuj4bngee5WUJyPIlAskiJVO17Kzt0a7AEqgwAIZpERaY57PyMoVEA2dIcKkiMyJEtTWbhsqX2OLoPw1RZxc2mKPHUqCX2243zYXs0GimNPsk3ZXXYaA2m05kgknGo284KAL3vrt4+rneTxdRN3PF6czefXj3O393e3S+ne2frBtsKiBAoCQI3z6MkDUgcf3r8DKq4osJR1P8f/9O/MTOgzvMmT7+8uFAarduHmx9uH2q4RuGSF3GwTCEIqPNYk1lFFqsyXa8XLAVHUXB1fT1Z7TGC8lPItBMArFWB53C8ivNus6HvDUHk4rwEQJilqI56IfNnGFIY1gNKEpPFbqcbKIX5gY3ACY6mMFgiMC/LpwAAZkVSAygIwFGU13UN/w//p39eldViPouzUBIJDAdAHExLFwaBrvaCRJoEKlUZ1dZG7UYPLFCggllSPe79iMcbu+DKSFdOEPKceHj0LEurzdYOo4QhabAGIsfnabEjt3GcRWDK2nswAjJM9fbN394u3oZ5qGkSBsEYIhBU+8PVd0UVSLx4evgsTxEAYhGEQmHsaHRwfNQlEQSusJfPf6KK6A8ffn1wNsRQGIIQUWTTNJZltqjTCqirugRAQJOkUe+4zIDp4vLd5XcoQaRRUecQRyuKKNV1CUEwgqDdTsezfUVReJ5aLuar1UzrqziFzZYLY6+jCK01zxpKN/J0CgfOTo4akpSlNc8NtrsgTxKW4rqtwdOLVwQlYBjT0g4QiA58SzdnSaovtzMCJ0+PDxIvlWW12WoHsTeZ3W6MBS8yBIJXSToa9ViGdb3Q98M6jU4PDju9w9n4+n58KciMyEsEiiEoVtdgmuVhFCRRengw4AX2q+8+jB8XWqONEVya5GVVi5I06Ha38z1UwVWO9oZHcW5+ePiaIKle+wkJsTzLr3c7AkXBrEyi7NXzV8N2ezrZoCQWpJHhL4vKIUhYU5pnx698D9L3vqx2WI4Pks14/g93D7+Z7u4BvIryQlIVw7L1zYJCAZnnjg7PPTv89//2b1EQ6HS0779+i6Po4cEg8JzI93qdNsWSN3cfEZJUG4O8AlCkDOLsH37/7dXthGZpFMMsx4vSarWxx4vtq7OT18+eGKa10Q2S47qdHkuLaI2dHfZpBJ8+LM+OzhW5uZgv371/d/cwvb2+7bWEpibry0UcuDRHXr6/aTTUblNzTTuNy7Z2VpfY9dXlfDEZ9DvD0Vm3c8KzwsXTZzBAZUU1XU7H8/sPH+44VsZQPnSLqkJX83Wal6enJ0eHI9Nx6gp8fvGirurp7G65GStNWeHFk94rTbqI09R0xnHkPnvy8vX5nzSlJ0UahenOj9Z/+N3f6/s1JzGeb97d37Y7SpbGFA5zHI2geFaUvEBFifvy2RlOwEHoV0U0X0xYgcFIFsaQ7W5r6ev9ZplGMcUIKMqjKLDZjs1gh2EEz7chiMkSv65SSRKPDg+giuH5M1EYeXZi2zqOZTRV+Z7RbbcGgwPH9TY7uwBriqYXi7Wskk1VldSO3DiAYRwGg9n6YwpGMEbYdtgfDZotRZG0yMs1ST09PDgcDfMM2O89XuJ3xiIsd6Ztjpqf43APAkMIS4syvr65vLu73bsGzSMkCbOMLMro92/+rRnuW61Wqz24vfvOdjdag3396YXvmIEftjrq2Ul3srh3XZMhEQgCOZ4r69q2rMvLDyAMoiiIYZAkYK6zz4oMxbCiAOI8L8t6MDqMfPfgcPTi4jzPk9Vi1eo0HuZ3siD1tCOZF2x7F0fmejNvqM2m3OJZybVdkccQrHZCB8UqBM4oFOy0RRiI0jzmeMHzAqQmW+o5hfOT+w9BEFcA8jhZzOdzsaURKESTbL8zlMVmnQGx54Bg9e797WphsjQ5HB1wohonrh/tSQztascC0wHrKkv3CFV4SbRe7UajXqul6pvFar5gaabT7VtOQuCCKKu7zZVvTw5Go4uLT1hGZCgmDYOqyPM0xEhqp1v9bvtweEjhLEPURR47jk1iNFjjNMHJfIujJCDDPr67PT45QHGE46Q0raoaITlytX+crCfTxRKs8uODAYHjQeA1FaXbPJg/zhAIlUVZVlolSFYgHiW1F6Q0Be6NBQAVNEUAcJ1V/se7axDlcVwD0HK8GGdlWUNlEgUCSxMYiSL4ZrWnGbHfG0a2BwFQBQDffvP+5vpObvAIXABlkBc7ScEhsAqDrNseyqp2dfnu+vojiaMEDjmmAYH56fnI0m3bARhSlIVGlhaGrq/WG4JlERhwQuv91Ts4K//5r/47iexlUcSyVV2nJE2SFLPebiaz6w+X35RV/vzJBYbxi8WU45k8r1w3bLaE5Wp6/XC1XE5LoMZQYNBvJ5Ffl2lHoY398n62SdJEYCCBZmCIqEDYDeMwzvem21SF/+V/+xcIEG9326PDPgoBm50OAHmaloqkbje669k0i/thNF3O4mRf1l5WWKv9TVS5CEHWWQHXdZoBOzML44wmKNuOdnsDxsqyirMyK+o0ic3YNw4GAgzkNVjzkliBRRI++N4HEE01TfTdcDbTowhQ1KHjx4a1IUgQAAoEwmEQoQi6zACSodLUnW/GXl5Ptl4UBsejc631U9tINpvtfmtjsFCWZJIgRQHEZa5vr8NottEfGY5O0hyFUQiCqxISJUE3NovdyrAWtrsFakQQJJyoZ/M3Nzdf7Y1HAMgAqOAEJq8qigBQpETBOsuyCsLW+2CjuyRKaEojCQO4KJ6cvOBojcCpNAsNZ2YHSzeN4zBtN9sIUJdZ0lBF33crEAaAajK/enf9MYkTmeEa8oDAhKpEABAnGez27iqKo+Gw6wXuw/ijYW0ajU6r8RRHSNefOc6iqABBVLO8DP1AFHoM1S6KgkKBg0GPJrlm6wACIMteL5ZX690CJlCeZ5aLRZ6FO31zdXW5M0ytKdVVTuEIzwqi3IAwdG+7u71L03CzSRTF/urhlibqzX5dFaAoyjiMYyDw6unppxfnQeDGhVlDPsOUqoxcX119/PiBl8XVfPNwNwZhSDdtAMY8P87yjCIgEqWrosIxMgorkpSOT17hhJoUJcMzWeJE8XqzvXTcSRDuyiKgBPp+Ovvq+28lkVFkNStKEMpdfx/FKQQRLbU5aA+QimZx9uL8Oc90fA8EUMAKH75+/1tFah4OXkE1vNo8Xt+9Y1W4hNKdsY/juN1u6tvNXrd6zYPh8PPY9wks2m2n5n4vShxKIHEcFVnZ6x20+0cEIVVFXQMVhsBNvjfqvoIg0HLv78bfrawNUNcsy+n7Lc7As8eHDx8+jo7U0yfacrOEsbLVZHESD+KirDMEoWThMPQt05hrYkORBUVi0ihUZFFQuI2uL9crBKkkRQRQOs9ymqHa3WPbC3Rjb9uWohCeNfPD/d61kyQZdFSOETmCFSWiqth24+l682G5uURxSOA4Y795fnZ4evZaELolEMJIHCVh4Lq9ttAf9bPEgRAUJbGiLkWFfff+q+n8Lgx0qA4ZCnbd3f1kA8AsQnEgjNpObHvJ3o6cIDX9wI2SrWntfXu9ug89k2EQliFpgux3jvOEryHoYfqH97MxiADHHeHzly/a2gjF8cn4er7Xz5+dYHA96KsQUBiWGacZAkGSKoJlFsduFBlJVlQgPl9v3l4/tgYnGEZTJPn07IjDqb7WZigSRgjLsXGaQlAEruue9pSlRmkSjR/fBEkkNpu2l/hxsttseRaXBbzVbJRZhWBtVuoSNJxVGQjA+71juz78f/4f/iWK4jVUSDIF1FkUR2lZ51VqmHMCxni2BdZsq/mUgDSWVFW5KbBS4AEoIJSFC5ImqzBQDcZejGO8Y/kPd+OHu3GVAzzF4ggDAKhvWKbjPz6MszLsduUg3C32Dytrx3NsUxGSJGNolSUOBI4gqUgSCd+xKgCgKKk3OBr0ziicqYvaNByGb8tyY7H88P72hyTPWJ43DV/TWhhGF1WJ02SW10dnx0EY5XEsiu04gVarRz8zFVVWVG23sLqdEQxgcVCmScbQ9H5ruX6w2+1VjWU4EiUgmmNuriertSlyyvPnPxWZYZEUWeKY1n406uvb3Xw2RRBKVc8QGKEwhKFIluZ2O3s+3VKU2FC1+9sPhyddGKmjyB/0eiIjohDDMaLnOUXhRbGPIeTF2TNFkHEEQ0CUIBlZogQW4RlCEVWSlhfrydbaHD0dFhVomh7B8CWItLu9KEwdKzw4ONnvvKurRxxBtUZndHD89od34/tJluYqJ2KIOBqc5zkKI9Xl+LebaMkQ9LD7eZWBAFQIPBuHHoYQnh0fjI4Jil1tnc6gTfGiHwcQVIisqPCHingKwRKAFjXo7/R3949/yIp9lMY7MyRQLImLwA+CIJIFLnI8CicloUWRnO+Hf/KzH52cnEzGcwSoDw56ruOUWdZUZEVqz9fTh8mN2ugTpMRSxNXto+N6hh08fXYCodV27/7mH95Ze/tf/dN/9svPfhk4flKGJVQ1Fe3JyZMoKG4uH05GPRgAdyujrhBJUn744XuCxhiWUWXueNjBQPDqw1WUxBSNzxebsqwVWUmiyHHNMq5YoothTJolMAJ5vh9Eob1zZKnRVBs0AZV15gdBklWBH+y3NoXjB8ORLLBFFq8389vb2/vxMnAjQWDVhpAXgWOtqxpsiR2FfxLaQJLpEBKQONZpPBk0n+6368nyq+nmXY2ECIFAEPijn/9U13d+4Le7DUlSsjQXBTEvK6CENLmBwWUS2V5kz5fzZr+x3e9b3Z7t5pbpNdsaBNdlXipqkyDErABgNPtw/aEoc5HmVanTaXfBOhdoCIFqnm04FiDLI5LEdXON41Wn20gS33O8ly9fMYx6eTOZLCyl1VstVwgCjYbK5HFeJCjNynFk399/g9DI4HAURwWGY61uq8oAIIFfPHvdb3UpFAMreLdzGEGu4PL64XK2vm/wzdPRLzmiWdd+lBjj+UOSBDBeYxRm2/uW1uG47sP4h5vptyTBvXz6Kotr294IMvfs/PhoMKiLKs+gT15/XhTV/cPCcT3PtzfbXVHlBImZtp4XMcOzkiJWAJTGkeVYIIqWJS42+rpu5nkmcFISxnHg9TrKdrfabI1OtwMgtWXqr56/wlESoyDLXiua5rnxoNsVBd71oyROSJqKswQEK1lucAwrMCzLkIbhiCJHYXRgZ09OP0my+N37b95+/FCUFUGiza7c7svDYctzPQREMYSuSwyCcZbjaJooskwQaK2hWbbz/vJ9Urg8zTTkI4ZqlXliBeu4CDeme3l5321ppycHlq7vdbPR0HCMLiqIIHEIwIoKTuKl5eobfbvf7RWp1euewBABoZjvB4vVNk+CQU8NTOv0sIsTiGNaitQmUCEJy9DNuo0BTQhJlNrufr6cr5c7CEKBCsZIxIuN8XIuCDJDESyOAQCwXM0HnX5LOc3TQtfnOAmgGFRDJMmoaVwTMDLqtzAsSuKAIDCaZb3UeFjM8gLvdE4s21gsVzVYFWXxcDep86zZ6HOsttsZsqJSDGuafllDMEJaTiAr3OnZgabKgkDVYFCDeas9SlOM41UAZscPc4qiex21LpPF7CFO3DzL7h4WSYGSFO/Y4Wq91y1XUri0DBAk3ZlzqCr/1T/+X8nkACgSksgput5uF9PlYr5aBqEX+CvbWbRl8fWzVxQlbPVVDmSm6Vzd3ux3W8dxEBR5cXEqUPhPPr/4y1/+iShwlmEloR+FXpBltMA0VYbBGIHtWWaEoQhNYzBaiTxOosVssYRg7GDYPzs98b0wDWPXi4EK8Fz/7va+hAs3TsM8C3M/SH3bMzESLaoCgpH5bGdZQQ1ADM+ncT1+XHlx7cWpvltrLVrVBJajgTIajaQnJ32oBn0/GQwH2/1ut3mXARvL1i3Hp0gmDHNJbuCIAACAvlstlrM0tgmMUdRWBYDbzYpioBJGcHdrAAAgAElEQVTw8yphObHbG273TpklnWazzEAvSEhG5bkWihEwFGOYCxKByEWr/cPdZDxeGJ1OD0UQFMGSKMMJ1I+ylR3xMscxYJmmZVFiJKbrj8v1PUtDF89GpuX4YeTHxaAld5vNQWeAwmSz261hPEtrCoWBEkIqtNc6bDePOFbJUt8N9uvNGGbxrelhMHp+dhI4kW87DENlOWAHWVUVs+3cj30GRw47g6bSLzPE3NtlDZAMYRjb+XyGYShOIY/TKy/wDwZnJ8MvfMdfLN9Ulc+wIieorh/udxueUxhSK5IYBpOySIocKEsQQavd/mG3H9uBS9CMYzvz8fRg2CQQFMHRdls9GDQ1VRZ4ocyQZusozuokyQI/ORx1JYVN8+Tt5YQkKoIgGqLabvYQlEsTst0dCjI1mX+oEUdUEAgKwnD3+6++YgX5+auXvp85e7vIEgCCKJbGcMqz7YOOQiC4LLRQgvXDuC5LHK8hONnqjztjURXWcnU1m1/d3n1tWQ+mOeNE9nFpffnNHY5Dw0GriNM09qo6AwAIg6hRZ/Dk6ExkhZasDboHzdYwyRKej3/z9f9Ug/DZ4SuwwCkyTwp77ayT2o8St6xymiBlRarKeLPeHvaeaMqL3WZtmeM4tXf6GoSLIHC3m918Ohc50nX0KIjTrEBQlCKl3uBss5zc33+9MS4BDLwfL4ssR1Aoiuznr08JtK6K4uRY6WjMze3EsZzzk8F0ssQpnuO51XyjMA2BpZPQNk03ScpWu4kRrBelJQTc3N9tVvqo1/qzP/1ZkNS3043pOa1mlyCZ7W4VZUkOFlHiurGd12WRp/2uCpY1CMAEA81mt1VGEwD+w9vfQCjkekGUJBJPhFHihPZse7XY3Jv27ub2OgrsEqpcd73Wl3HuLzdTgq4UjTFsIwrcOk8lQYRgwIpyPy5wWlwujO16H3oRChMgCKEQCoIQhsB5WXq2Q5H4y+enNE1bhi1yXaCSs8r/9t3fLfaGymB//vOXXW1U5AjLiG1NjRP/+HQEFgmYx7LAJEmZZUUNAFVZq7JAkniZljQpHJ1cNJttP4j2fqI1VLgEvL3p6Y6mdmiKMaz91eV7mESiNMExSBWaQC17rjtdXD9MZzWMLxcWhGFFUaoiw1I4iiCGY++MmOcHSZYu5o9ZkRmGmWQJ/H/8P/xFFOYkiRVlxLOkFwb3D7ONvkehWlHI5eq6rGKgrhEAyLKyyLLQS0R+iKGkFTzeLd4hOOJaYZVDGMw+ObyQee1oeNxsdF+9+owXJAAA9N00LqIg9gAEXK8XfuytdivTtikCJHAiSgqRa7H4gMBoL1vfTq/n6/XlzdV6v6jLnCZJBMT2ho+QnOtnSewXlTObPRZlgWNIlUMEQgx6Q9eLIYyAYLTXbi7mawxDEYgY9p8WuVsCHgLkWVSDFX4wOpYlpdXtIxCS5zlN0xhSj6fjNHFNfa/IAoLhq6WRJ+Xzix+dn/8iDYqyzpPYhVE4y6OySK7vPgJQjqJks3Ow2iyyNLas/d3jxPOC15/+tMyqy49vcZJgeCYInSovCIzHEEYQOM9fZ4XBiUy/e84TWhYCIAi1253VcisKBC+SGIoUecHLclbGXriVJBwA4aJGEQz3LKfb0fIip0lGVRuyrGAY2Wl2nz15lqepYZqBH6iSTCAMzzQpVFAl7ebx1x+Xv09QQKDYBncB1BCG1+vNPE4iWWy0Oj0IhgmOXukmSqIVXFu2JTFit/GCQnsYSmNk9jj75vbxDxtjQVI4hlMsybO8AAG56yf7nSVQ9GG/d3JwxtNKGtet7iHNqE9Pz8ooM3Xr2ZPzfluTGapIsiottcaA4YXx+BKE0nZrwBJcnpaSwpycHdBkJUrCbGlNZtuXZ4d//st/FiVYXvp2vFHa0tOnzzrN/v1kM59tU9+jSYoXpGG/V1bQbDKjWazV0s6OD6o0m0+Ws/mSZAkQqOMkK4palaVOr+W45v3kBkM4iWtzigIA1dff/vA3f/ufHdcGYQAEys3icbNbaR0Nw3GGpm3XOTk5oHBS4NjHxwdR4gEQUDQtSeO8qt/+8Kaqq4eHx7pCJKYvsmdJmrd6uB+vF+NtHBCnR73V7l1Yzz9MLkmWhiHs5fNnjhEmUY5juCyLJMkiMAuBiKqpnmOKYsP19wDgz/VFlKUUg3lenMUlx4sMRaEILPF8WcLHZy8ZWirL+Prme920JVEedoYCrxIkQ1H4Xl+hGGI7Mc1ISRZ9/fbNf/jb/3rQVxEYpig6TxMEqLOi/ubbD6LSvnjxEgZzw9yAYB56KQhhnZ707sPv3r3/7uLVS57mLMv3LQuD8Mgunl+81uReFed5kimqzAp8VeckB8+WszQPesrgydFfVAUIwfZqe2/YuqxyL16d3t5ch0Ha0o4YmprMviuBksO1nnJU1UhVJUdHBwiA0jht6g5Ja5I6AAHS8zKOFXlOcvy4BqowNgWRxMm6oUqqxC5mEwxFIBBIs8Iy3POzCwjCozBRZEWShCC2xvOpbnthligtdWtYnu83NQWF4PHswdBXBIlnUek7rmUYOM0vljsAgtMk5Hm6qgBRUCzDQxHUdrxhvwcBuCg2KYbKcgchwAqstLZG8FQFlXtnXwGRFzsAkLI8i+JMVeNlhbRbiqryiiS0e/3V3lgbO1og2s0WjrZxVEzzaLW/27sGSjFxXOIY3mrKeRLCMCjQrMC1JKnRarC2vjo4/rEisZc3X769eqfvTQKnUJRDUIHlZRBG9M0SqLIs8cA6y2Jvq28s2/zpT/+UJKWihPOk6LS6otJWWrLj7bbmzvaMfr9D4kJeVR9v3xi+A9YgDiEyS4EV6AYhR9Nd7aKu66Vxa4XWeDn+cP2x1eREToQLCKpqx92BYEmxwnZrsgLmh+nnn/yCJxuuvX2cPtACIWnMerPDIbDbPqUosSzSTrcJwaihO1q7g5MUCKODfkdgOcfJeUGx3ZXtG6raR1CJFTQIJiEIPTgYHB5pi9kNACQgXOnGPoz8wfFRDYJBFG33Js2Qh6ctioYe7z4qsvSjl/9I4UcQAJapByJllnu//vIPHyZzlmWaXTXPd4G3HnQOFK6bFMXOmJUwGCWZ53o1AJ0dD168PH92cnx9+ZgEeUNV0gSoa6TbHTAk4niWl+UUDh13Do6HP6JRBSzQ4+EJjRGBHczGS88vorQaDoZpkqRpvZlv2p0jjhJwggpjd73b3c83ZZ3Tgrwzw/3eIjCYYSjPda9uJl4QV2V58eTU89PFzC5riKQl3bDT2B10FBonizxlyPLkcOja/mZronCd1KXtPgbpwrSN7darawhHyMBLVbGVpPXjYnszXrZUatDv4SgFQpBjrkE4WenTyXy5WrnDUQdD2W9/uFntJp0mStOAwGNwZcfharN5P1m9uZvdkXiotaS17s6X5sFgSFOcrtueHXAMsTWiu7FPUXSnzeepXZdZp6V2mhJLA8O+fHzSv72fkRQ9m20aAttpHPTbp5GfG3ubVwRJlCmIkDhVEjQcETmuSaBIGDpB4Nj2Xuv1F6tdnqT9ThsDkChMGooC4XxSQltzp7s7mgDIKj/unw0HTwiCC6JwZ+4xAun3G3megFXq+1YNJnEYHPSfSsJR5DtxvgTBRBS1OAFvxg9J6nAkKfEqz3EQmKyWC9uL07wIvOVu/7h39jBGgjCVxEWalQKFQnXRajUQpHIdG0NhQeB3W1cUW3kGVAUsi6JII1keRb63XBsXBx0QQNutUVmQaQbRPENxZeDf78xrTqghOMPRdDL+GJfFyelJVRQQTMo8LzB4FnsCB9Mktp0vBw1F4nvtzjFBg7a7nMx+iOPdzlw6vvf2/eUnr5/gWA2hoKJJFEkSJJVlmeEmBUx3ur08scvMIzHAce2ygrcbV1M7gZf6VpgGlW2XEASjsPfVt//BjMJB+xAt8aJMJQlM8sj0vdvHewSrWy0BhQqKRCkSdp2Qp5uCeFokTllZzTZTAnGUBI7rd0etJImqOg7cXVUVLC1RJAEWYV1meRbbrkfgNAACe31/MOqyNNPShCjyPNdLkrTKMhSovbhsd5pqo+GH1WxpwRi5XK7ANBx027PFneOud2t9NDqnhS5GElUVA1UWB0kWBs+fnbz5cP/+dm14MUlig1YrCHzLM9f7PQSWCFJgGIQhGEmAVVlYjuvFkevr2/X0qH087Axny3vT3YEIAAPZ3jan6+X3l3c3j2ue5ysAGXSHKMUCdSg35J1p3NxNbNc9P+3RGEJAGFyBIi/Fobc2nCQt4qTw/DyKSggCi7xEIBCsKxiqyyyuyxoCywqsNZnLi3q3thVpyHOjINHf3P7Ri5KTjnQ0GNJUQ9+6HN9Umw3HXl09Xu/0NVoWw1Y39apWoyVzzGal8wyryGqeAWUOgCA5HJ1iJHR5cwuAdUtRwQov84qguGanjRKg5W4SMNGNHYwCh8MhAqhwjZ2ddTAcmExXIIxrbQVDIYGjCAR5fJikdaa7flXjPCfZzirwd3EaIAgI/3f/6jMcZ6u6Xq5nIFwgOHZ1/xjFmarKFVjtzMlicZ3lVl47DAcmaQRVBAzzEBRP1j/MtuMsjRVJ4Wml2Tg6PXjSbY0aUleSurZj//D9VwAcyyIUlV5VF7btxklYVgFB1WUZSCKT5KHlBZrWxwEZw3jbW9/Nbpw4LSFg51pusAndaRpvOAaUJY6khSrLVFEe9vp5FPMkzdEqChFQjVcVGofpbLqQOPro+Kzb6hVRQeKSZWwdbyeKEgwJp2evCIS8fncJVKAoigAEK7IoKSIIoWGY+EEC1qAqtxGQaDZPjo8+LwtIXy1pAsawMisDgobevv9+H4Y/fHifZoGqCiAImeYagKsszRVVlQT13Zs3NVj2hsOiyL/+6vcCL9CUTFKE5W5qwLmbPCRZHgZFv31o6UG/366AzHCs+Xzsxr7pOAAENpqa75hhuEsj5+zpc98vQAiyDR0AqobSxlCkTANzve72+gfD09njAwgCDAmN+s0/+cUvj4bPPBdpqt04W3919++3ydr1E5mgjnuf52kCQnEUBduNfnx8TtHcdDrLE8/2/SILp4vrMPBP+j9WpE/qog7SOz+694KdpHZajZMXL16BZVmk3qAn4VDNM9zBcHQ0Gp6fnhAokVel2lazIt/uPJ7VzH0sihpLMI7p1UWC4IznR1kODg5OLWPpOHNFbiC1GCdEZ9C17a1jbW/vx16UXVwc/vzHP76dmF7m68547W1vZvOiRu6v59c3i06rc34y2i43vCgNhv0oLB3HpTikriocQ8EKAkBE62hFHsdROBr1IRBothuWYy11/dv3b/3YOz44L0pqtpjjPD0YnfEizbBgGBmWt1vvd8v1EgSRZlvlRGo6vY9D37U9mpExnBB4mhX4KAr+y29+CyPoJ1+8jsMssPPjwac01dV61M768DC7ixP0/Pwzz3kcb99iAr4xoqsPd5IgHwx6u5WliFK71Uz8JEnqTmdQZHmahlnm0DSDIeB+O/ay5OP1TbfXRCECqlGJFTutdpHm69mu0T4Og8J3zMnkPc5AUVSIjKRpWhAmi8XUMHeGua1AgGLJCoz/yz/8/u+/uoVR+rAnS7wMgoXv6445t12n2zvq945AMH+8fvc4mVAEWeRwt9MBYefXv/lrRes9ffLcMS3LcQWagSvs2fnro+GpvrOu332gOaE96KWZH0VOo0WzCg3k+VHnFYUMMAiEQM8Jlzd3H1galQXi9vIOLJCf/fRXKJgwVKqw4nH/U4lpt3taWUW6bvqmX6W5IrcAkE4SbHa/5nn1cHCkyb1G+ygKvOV20ukpDYlK47il8GUaBL5NMUJZEavlAgSgw5PnJC0EXkDRxGY9//Kb73IMKwEQxsH5Yu0HsSxzpqG7rivyFEWwDI6DZb2er6MoLXJAUjRREO4fxpYbo6iYpqDnWCwvS3InKyBFUR3fzAuvP2i1uy3fN64fbmiBMn3b2M8sa3N81MnyyAtskqIUtfV4N0mTVFFEJ8jW+93t+J4TsY7awqFOXcAgGKz1W8O10rSiKca3o8V0WZURS5MiIwhcQ+QVgSXMzTiJ8lb72WR87/u7dkc9HLRi3w+DtEjKpjbgaDoPPQJDcQROswxECBimTs9fWlY4mUx5nkPham/s4jQhKcwLDcfVD4btbnvk+u79/KOXO7ZlG+vtk+O+1tCu7h5t1+ioI55u7Z35w+rOS7KlYc7Wj8vJm5PRCAGpJE1xHEJRaLnZ7nerbqdzMjpReEnf3S1X06QIa7iaLFYCwz05/XmW5BQL4wS42W6LsmJYjmEZAkUxuASq4uFhjZFEWhqL7QNDKyzTXi+XSVqwLIGhdewuo8hgORjFSxgFUASCYfjxYVrUldoUijwcDpU0jQI3ePXqF5pynBdFkXpFXQBwPVvdv3ucbry00ZROTofffP3bIgs/e/1Ps4gJYsty12vD4zgNBmkMQlGg5Bnh8s372XRfl5BjR7YLKOqQZWgITu9m87Ue+34waLVoqlkUOEF0Geq4LZ/1mk86zR5J0gCATqaL0M9ZliEJAob5NAJluSlK7P3D5eN48eTp8fDo6G//7neObfzsJ69hoDCMPUliFE2hMNhtKTCI7fa+zAs/fPORJGmKIFgSODoYxnGAEzWGAgiKr5arJPJhAg3DRVXqeVU5bgZUmCTwu70LADgntu8m5mJlvHx6MOwelRnoha7AQAhWzFaz8UKfzW3fCyiK2myj6coyrc3j5PGr77/+ePf+j+/e/uaH9x+mW9Nx+g1ClKg4Q8Yzq9tuZxm40UOgrhqaMl5Ht1MvT3KRB7LEj+KIo0iaYBzbrYvo4X6SpdCr558EVhZYWb/7utN5pu/34/FElGVVlvI4lgVNU0cIwuZ5jYA1isMgAsEwZHlBUUCSKHAk4xpBQ+vwvARhbAkC19O7tEp7DZFG8IunrxGQevf+4/BklAPAejOXOEpgGQKFHHdL0oWoiATRREC5zKMa1F13CSMIzfKbvY6AochjFMaROEugdV1Bzc5Ro6F5zmo8u61AmGWlrIYC31ebSh07AsdwHF3X2WQ8UZoyRVP31/f2Xm93DjSlW2SJbepBGAkCm0QxjYCt1tN2+9li6a23O4KtXH+6Mx7CaI8iEQblkW+UVVbBmKgqe9ONArDfecJRGgxCSFkmQQzXeK95wgpP0iLamO/3ziMv44a9tBw/LWo3LNqaZBl7UWgoqhJHke26thdc3y1gjCmrarlaIFBKURCK4yQrQzBe5uVmue91j3GsEaUgikbb7bvLyfuLp5/02oerxa4sg/vrK8M0RYmBEQjIXJ6sFQGpshhBIBIXGLzV1i4wODLtcQ0GKFLfPEwMOzl5crJYLizDiFxT5GhRlBAIdYzx4/XX3V5fbR1EMcYwAkGQSI24dkBT5G7r7Nd7RVFIkhodjIbDExQldd1gVW2+ch/Hur6zSSgTeGSzm+u7+etPP22ITdN09dWCo5C2wtdFEbhBVQFxjVGC3Or1qqKAgEyRxCAMRUnwHJ0ioKNRd7VacgJS1akTJhBGhHFkWLN2Q/rRp3+RJcluMxn0mgzDuU6MQIS+i1CA+Sd/9s9UeRSFZZhAoeeGrsOQRFkCZRaDWfDp87PEDlqNYa9/uN3s1mbACHxRgOuNzbNi6PsohBA4QxIYBEMgDHhBzDF0VQEqT2MwHXmpJCiy3NfN6e34XZqWfU1qNdswyC7XZl5BSR5d3Xz3zbvvizw9Pzrqd57x9Mn50WsMhMMoxnCq3RkxjLI14rLCSoBSpNZGX7ih31K1T178tKH1YQRIU7fR4TEsdSPTcm2BJbvNRkc7F8hG66BRp0aWx7wiKA1e1/f9rsrRZOCnkkqnZaApyrDXqcvA3M/yOmVpCv7HvzppNjssJ3/51R89z4JRuKzKfn94fHwIwcBquQYxRPc2tjkBC7DfekYTapbEs+37qNp7SYBhKAHDOEx1W4dlGG+XiyQMQbi+vn1/ff2OYqBOR7z8eJXnWavVAgFEEpiqjos6lRUhTPOdZWpqB6x5HJIxrDacOUoh3UELwcm4KP0oWGynjjejiIKiSQqj4rgiUCEIMoWT47BoaW0So2iKr2rIiRLHsdVGq9M5HN9NIYipQQAmSlVrspxaxIWqCevlervdKApvWUaaFIqsCKI4GB6wgoSgmMDJAt/WGoeu7Rqb6XY9U5UGgcN1Fa63i7SMN6YF0dTe2La6NI7kNViIAmvuTZ7hSUJYL1cQVHZ6/TAIdtspTRGjg+OdvtSt2UJ//HB///27a44mOs2B2uj7jk3ReJiEZuDMtzvLcxsNpSiKMksWqzlNUSBCEpRM0Xxe1BCIYwg5HPXTxL+9vmJ5jqLZ3XaXxQGOVbOHRwJjshDzAtALNu8nf7uJH6Ismjy6AgM9O/sxDMJAlQIAgKFkBaAQRo8XSwhIW/1WkJiupzf5o0HnZzQtz7a/f3/1XzGc5OVhleMULWI4/P7Nuy//8DWM1h/fXRV5RlJMQ21Ytr1ab3RjtQ93f/ubv8Gx/OJkqMlaEqUoTjteHLpBCYG7jWFbEQwSAFja3lKROI7tgLCWF2VWeOPZxA5DoM5Hw5asykGcwHCJEoAbWfezlWmaqtbEUOb52eHnn17EebrVzTQtfD+/u7tuNYV3729ohoAQqN3tInBJsRBKghQN9PqNh/vr8WrxuFoHZWm52zpLNfXww9vv1/v5P//n/+LHn//JZPwwX34o64BTuOV0RpDIT37yqevaD4+Pj/eX3V7n+PjUd+PNcjGZjXEKccNC3+ndVksTGyyhHAye53l4efu7b979/usv3ylCT1Qbv//jX7+9eoMSjNY8cK3E2O1ZkkYArK1oTaVtbE1RlqI4r4E6zvP5+BqGSoFjk9ibLiYpAIii9OT5KxrlOs0hS3C71a6qEIyRJEX85tvf6u7u8KDN0qLACKFnOrYBVMnp2VDg6SLPeY5FYMjcWzTLNiXi9HiYRRlFIVnpeK7Js/Lw4EhVm76vO/ocgMGTs6fnT58HvvXX/+l/khutn/7oT0EI2q2XVZFrkqapI1noCDTruw7HEa1hv4Kqh8nd5fUHGAFs04YL/NmTnxUpmSQGAFg1Vny4ul6vN5+9fgaDtCyPOF66v7tcL2cK32WpIUsKVmBa1v79h/siLYYHw6IC5GZHbnWALNAkVhXbcK2giAIjqWHOOl2JoajEj1uaAMPgfm+BKNcaXGQlvNmuWU5CYDIKXahOtAa3WEy9uIAQaL/XaRIXObYu6yov4sjjaZIgpNPRUZHmCITQHK80FEmTERIzHA+jyNHovNvqh55J4lSve2pYzvXND28v37q2g8FwU1MXy3ngmyyLvvjkgibAdrPRUIU0i2/vH1iWHBwMy7yoIaDI07yqgyh0IxdEq27zGK4VHCPycr/YXXtxUOSF3NSipN5bLlCXYAXXKUzhIgLCYAWFkec4yySsNO18vZjieHV80olTP0qjMs8hiOSFZlWhCEpGcUyR1OBwyLN0Xpa3N7ez6WrY72aZe3X1vWmZqigROBlHTpmHBwfnCEY9rq6c0I2DKLS956ejIqnGqxUv032t01eOgyDarCeCpGKU/ObjZDp/gArn5ZMXMEIWmYXj9eXNrRm4O3PP0GwWpwjoxIUptJikrpZb/ZOzV53Gqe/oUWwmqZ/mmaiJ+s6CwRrHoN1yBQFVDaNZBVn+Msj2stgkcfn6+g0n0Wniv/n22/1myau0vt9algOhoMhiAIzPFytOoAbDZg1USRiUJdJpj2hKQSEMQcAKqAGgCGLfiQwnicIc4DiaJuF3333TbfWOD39WZ0iYrEC0+nizQWqsoXYDy2MJMstqFKifXTx/8ewLge/iBI8h9c6Yvr18F+ZgCSI4Tidp7vm+vhujUF5mYR07ZZbieB2E8dXE1M16t3SAumgIuNbsVgVRVxDLUAwNb+YLiaMxgnr75uPhQfez1+dXHz8u5svRSOu01MAN8wJw3CJLMaAG0qwA6jrwwpOj/nDQ2JvrzXqOYbhh6DCOYQiCskIcLqJ4TXPSeu1USfHi+Yssw+sKRzHONOIkSn7y2Yum0jb1LcViKJxWYLbabSEUD7wMrGFVbeRZoTQao357MV/P12ZaQbzaCOIch4AXJ00CCCiaCWOIoiWaYJME3BtuQ+ZBALqberqZQTDCUDUMV0GUJqm/1c0gykPfX8x0AMB+8Yu/ZNk+T/VF7iSNgaSIHx7uBIkXWMq37H53KHA9x45QlEBQMEwjP3YQvGp0OggCNZsNhuAwiEARMk8h040dfzfdLzCSwIEKh1Gt0fGD4Ps374MkkDQpi6Mqjg/7F73mIVSXYbRL8hLGmhzXgOFsq98+Tq4ompQFPslynkY0mSMw2tQdFMlBAKFZhSa4IvNsR+cYgue4qgZRDKIYKrb37U6XxJjZwwTCUAJDozh7nCwJgu51e47j7Xcby9WDyCdpXOBFCmUV+ajdPAjjcDx7Z/hz3Vqtdrsw9DkGaakShmBhUsYltNr7GYiiqKDQJ13teUMZxnaEwtTp0QtFPFjv3L354d3t743QFxQ+j3OSYJZz/fDwZLvQcZhkeDkIkjByULRmefr4+VNRFaMocu0wi5N2i8VgMEsQIEt9L6BQqq7JzuAphCL65sMPH7+FIVbhOiLf3W316XS62e6qun7+7PDJ0yMYTHgObGrSzfU8TkGSEDFYwjEuL72b27fvP/zACXRdozs9FiQFAKE8LQPLlDheFXppTu6267dvfrMxDcP2DMOKPO/4+FhWWpuVhcEYhnBVnCkCy1Jcp9XDCCHJQMsxUwCer0PHr2AIzWKv1xE82y7T4k9+8UtJIKeT6/vrW7RCKBA8PjwDARyEcJyiKAIZjTo4VJapw9MQz6KPk/tWq3N+0k+LdDwZDw8aFEvDCAuBOApCZZHEkaVvNzTd0tSjptzO/YhE2NPBC55tKXz380/+JArSxePDYrm39rok0LLEqSpfFgmKUQTFr4SX9SUAACAASURBVJcmTjca7dHOsL55/4DjaJLmUZiWRWHbLgKTAEigOFzDEAChFYilSYRifFOWOUYAShgGQRzHLHut71emE1Mk2Wq32q1+lKYEhREECKNVXvuSzJ2MjlTxgAT7mnyC4YBumZYXqLLaUNs4wZEYy1BSFAOyrFj2bj6bdhudp08+2e8208lb391EsVEBMYRBQF0QCCqywzSGfHN+efV+tVoOD3vTycQ0rFZHYViuANGy8EEoUyWqoypFEm43szgNJZmHf/mzniSpJM5Mp9M49k9Oh1kWNhQFrqrlcrfXHZqnCRIHMvLV039BoS3XW7npau2OSyQuSiDL8sgPUIDst49Wk/l+s0ExjJUEy7XuHh9bPVWgyBrAeaZBUwpFS0WRB4npZx7HSyUEBWHCC2KVYTTW1jQtLwI/9rZb8/3bh+3Gi/OyAlGCJPMoZHnONfWizF07OhidnZ08KYvKtRxFEGVFbjTVuEiXyxkA1gSK2KYL1AQvMnFhzpaTqiohuJrcXYF1+vH9u1efnLAUtNvufa9QJDH0Ld+yvv7tlwTCUxhfxHme+lURQiAyOHyRJvF3b34PorXWVdWOFuVZAYL6bum7e3vviaJK4HwaVI4fSBI7OhqSNINi8Ho9bTZbNQDvrJWXGcvtEiMwTRPPD496nYM0gSzTQ3CsKAuUxB3fCX0nSSKO5BqqTJGYvjOKqmy2GggCdZpSGEbDQc+1zeli9utf/xqnKJqhSxA+OjvL02y13AAVPRo8K4rym4//YRW+wRjweNDpNCWZYr54+itFaJumNRwd1iD8/vqqhrAkB2CgLqHadFeu6fzyp/9alRr/5Q//t6X+vq75QfvJarkBgDLOgr2+M2yzofIMz9QVCMFIVUI4JhQlQvE8wZNBFt3c3xrWRuDg2HdgoKryUlHUxN/LMtGQaBSoMAjpDXrDg26UeKvtjmI1mpFMazmd3VMkQhFQUdUVAsVx3ul3ZJElWWy6XrMc++TZRVXitr4XROJ6PH578yA1FaWlMCzsB3qNAXnhD4atoq5hOKN49HE+u7m9vng5OjruVlB+8fK50lCGwzYO5oPu8Z//4udvf/jdH7/9NUVTTe3EtYKWRh4ddSC05Fnu+fOn+713+fHu/OxQENVur/fddz84jkfRZA0CD5OVYzt1ktAIxpICQcJuOHl79VVa5j/+8c9/9qMfNVriH77+u6Qozw+Onp6/CMIYAqvYCXhW8s04Csv93mh1pAoG9qZ9eHS6nN+nsd3pqDgKW4GfghCKcbPZevGwVPhWngFZmkZxzMnKfDN7XIw/3twcH5/CIA3ACIxDN3f3alP74ovPWk1t/DiL4wQCKQwn6sQfdpo8zQ1G7c36RhBQiiJ4lhWlRpIlVx/eFolF8uLR6XFV5f/3/8f/i2LVv/rLf7lZLD++/arfa9QVMBoctlsjAsTTIMyriuNIWuCjyLgbf1yuVzhOIAClKZ2WdIhA/GJ7fXf3R4yDNzt7t92TKLxamCTdsFzv3/27f7fTLZZuN7TTu/ubj7fvc7DkWE5UhPawe3M7e//hPi3hx8tLnuOOj57GMeO5cZYbuj07O+3jMLRdLLttVRYajleCKANDEAIDj/d3LM2VWVZVgcDSeQaYhoMTRFVmkR/0Gs1B79B3K5omiioiUMjW/VF/AIEwTpCO72htcW9ur64/PM7ucArp9noQgABFTNKUIPCub6BkDpG4JCq9bjuNkvubu0ZDOj0bHR0exI5b5QjDKH6U6ra3Ncw0KxAEGT/OyqocHh2LmmI6Wz8OO+qxyB3XdRVEy48P3+MUicBwEuWXH+5qEKQwmCIYrTmU1b69t0VRLmrYtOcf3n6pykNNG9n2fr5evbu+5hvSm+/e1HU5GvUYXiWZBoRgHz9+vHhxslo+mtYOwfAXz77o9kbLzer68aoCitOTk0H/nMB43/WLvGRFebG99xO3324gYKUyJIbRakPr9Hupn7fkIxRTdH1S1IXnZ6Hln130aawWSRFDhcXq2nD1oCgwltnYxm69IzC6yj0/sos6Nd2gzIC/+MW/lIRu6K/VJrtcz5I8YDn66v0Nz9KqJsVBatoOK0lBXGW1s7XvGIISpebdw9ViNcMwKPT9Zls8Oj9YG863P9wdnJ3UWTpfOxRNjQ6GiqJtV6akts4vXmmqttsFWVKTNFcDFUEgaRnboRWm8U43cLAGi3S33PzyT/+ZpJw79q5GvJuH2WRmnR6Nut0hVEOeG6QZmvrRs2evYICsqmytj99N3v+H//JbO87niy3DMAAAJzH4w/vZ9d1svjXe3d/9+o+//+bDh7fvL7/54dpwsiJHLz/Oyzw97kuK2mSFVg3ARQHzHIcgkMQJcZbvditRYrSm+PbjZVlWZ+cHdVXjFL9cmradrlZ+GJajgybHEKokcDy93kwC3wxCu8hD3zNliec52vacujABpIziynXi09PjPC6DEJ3cryRBA0sMAsrnz04QDNrslxBawVg1Wa1WO51hKUmRj58c1jVm2QEv0kMNUwW0pfICCZ0ctPG6kAnk1YszksBnC/P6etnpDCWxSRIihrMNmc9K6GasAxBBkbgi4k2NT7O8BpIaAmS50e90bdNBUeT8/KXvA0BFsXwnSdKkCOLIZVk69KzVbClJ7fPTVwRBpklAknWc6pP5hyDcvvn+m1aL813Td/1Bvy9JLceOOVXemo/X8zsYACSOzuOQorAoCu4e5ztzU9YphTHHg9cN8bSI8QrICLZYbtYQwjKsGHiWH65ni0eOZU5PRkkKhKHrRR5OMYbt5XmS11WaIlrnPPCT+WLVarVkUdnszVanF7hxpyGBAF7XqOPYGIECAHh/v9zvvTRKOr3W9fXlw/0HrSNSHKlvNyRBP94u+v2TqkoryMeZNEws27fOL05sy8JR/MXz5yhKhmnthuV2H6K4iEOiJr3oamcEwRZZzjLy06cveEFAyHix/ep2t7D8GqrRIspQCAPyutPsZl7+7Pnzbq9hmHtBYUqgsnZmqzt4vJvsDJvjaLiqA89tyo0wBCmYACrS3IdZBu5NB8HL777/JiuRwE5G3T5QFnnuai1Ja6vDUfvstC1I5Lsfvr+5vyRo4t3H2WJjM5zmB2AUZkkajx9uUbj801/9uNXp//Gr60az1etoIsfTCCrQAs+2YFjpH54mmfm4vIMxsNtt8QQUejucABACabe0bvug2Wg0JJmnJX0T4ChX5aW5W374eF0AuL4xum1Z4AmSQA9OTsuKND375vYNQWT9ZkMThTLJtxuvpXZSP+uoXbio4QKgoRoqCyj1MCjr9vu+G4V5tNps9b17fNyVFTFNocPh04POMYICHI+ttmPTcf/8V/8LURrkRc1xvadPf45g6ny+KZI8cPa+bxheenM7z7JKkcUoDr0weZytYQIN46CCcE4U55vp+5t7hkFEHtou5zAMIhCcZEUJ4QiGQzCMoVgUJyUAAABCYkir1QMgfDqbm7YDggAIV3snW+98jmFoConjBMNRmqFKICXoOPD1hqbsVnaV5TAUrOYfPown1+OZZ1s0idR5gROIqkieE9AU02ryP/zwTZGGTVWIomCznYaxEycORkNJHldVlmUZivEAiFqWmZdJUeRFkURxAiMwS9N5BjF8U5RYzzPTJCARpMyL5XKVZjnNkPB//9//M5rkNE31Qo8XKMd1UQIejlpxFAEQVtQFQQBggn329L+V2SdBMPn+49+wKprWGUbAVx+uWt1GQ5aaaisICgqnBkeHFMtpba2GM5ZnwLKsQqDXOm03hhwjc6TI85wVbnfOBkbgoiirsuq22nGQMXhTlltVlRRFDMOAa7lgXTRkQaSYZ6efnB8/1e3Isbc4BY9GoyAoLdN++/aKYYTAjbMkv769WW03ur6jGIZhcBAiUYRkReJm/v3lw2UYu1UVYUR68XTkuiYMALYZymoXxZk8Djebqb7dkZTw9OVPJKVRVTEMpweDHokJvdGz27vrN+9/rztLUaSX69V4Nt/t9gwNHx/2YITsdQYIzDcaXU6g0yzwA3Oz3qqaKoo8RqKGa270udyREAR4/fqMpfGqqgmCrwqEIpmyqPOs7I/6geeRBMYz4nq27zWbLCOQNI0RSOCHb757Gwd2FsdZEqiKAMJ172AAw1ieZ3GW0CSjaRoGwt3u8WB4ZrrT6/nvdt724WZSV/nOcJMg7jbOaFLa7+2iqkCoXq42QF0pDRWCSwipXHcPg7Iiat9/+DdGdHN2+unLi38skJzrb8sqqlHIdJ3j04M/+7PXh4d9nlHOzp4oYjeJoXZ7CML40emZF/myqgE1sNc3H99fcywbBF4eOuZm7HjWmzfvBr1WluVqs7/dm/fj+w/XHw9Oz9Ksqqpwt5y8enbS7/XuZzOYQkM/oWkOLGvD2m2MHYZjiiwQMBs4/t5cz439cruF4QpHicRzPHsXhnYNlTSDXd3ce5mvB9bX764ub7YbfWY7bg0THz7czCcmDpGhFQEZMuwMDw6ffPPd7767+ltJpX/2k79iUK7I8/VsjuPIxcWz67vHXn/4F3/5K4YTvvr2mxKq291OHEeiwIR+QGN4t93jSKwEcj/Z5JADo9Dx8KTfO7V35h++/tI0l8ejg2G7CUPIx/dXcImItJBEJc+rn//08zjxtvrjh5v3SkM+P3oKVsV8eiPxOIJiAIqstvavf/tuNtP7bZVnxYOjk7TM19v1u/dvIbLuHbQYCmcoBkMJVeV7o9b1zX0JFGkSa6p6dTUWBHmzMb747BOWpCzdare0blfYbx88fy+JAkOy89WWYrmiAuo6d/ykqKr/9//z32733v/+f/e/RbBqufioNanPfvTatkNj7wZuIosCgqKsJEW+nyThdPp+trxDUfpw+HwwuHB2OyDD+r2neWH++h/+XVT4NVQ2WtrZ6QgAiHZnSNFEq9MedgZffPZnjUaX4sp31991e/Jg2Lp4frpebu7v5xUI5GV9NmwJnFzllO0UiiY8Tt7u3Z3WFLrt5t3No+sF89n++PRzBCYnj+/3+/XLT75gaMkwjTz1SgCgORVB8KOjw/PjHo4g5yef8txBDRBb82FtTHudNo6xQFEneYoR4GTxuLdWTmSkdUKyLIJj+lZXRG0xHYsST5Lwmzd/qJG8AHCKpAWeWc7XgR82VSEJYwhC7m+mJK5evn08enI+nS8msxUnsD/50YuyqmgSJyiWocnJ/G6tz1+d/VThT2EIMtzrxfZKVISqyDzXxRD0ix99oqlCFMTDwTEI8YEXiQK3N9w8jSoourq5efX8dbNzvNP38+WyfzjcbKYIBgoc/tVX35peQnMEhKYElW9WjzSJHwyPCJTeLs28Loo6iRJX4NkkKp89+0l/9CQvYABCtsZsup6wJMbg0MWTIxQT7h8m376/+u7tGwgESKoF1lGc7VESYSj45794jkAlhXMEJUFY7MUm32BxBtdtSxSEdrPX0aQkjx3bK9L8sHvy4uzPfD9WGhhOgpa1c2zLc7w6rYaDTvPwjGcElufdMEjSAiHi+fY7lkKHvSPLMaMsYEgKRdFeW3r39kMQ5WFcKQ3Fd/2qQjRV7bV6stisKlJr9jCEmN49zudmp3vYbHfzNNjo0wrOszoVRMqx7RdPLwgQJTDs/MVnQZTHiT1bjSePcwQlf/GTT5O4uL+6Iwiy0x+OBmqe+ze33/3Dl3//mx++nblRDdOqgCocLDEICNaSSLuWMeorh6OG47hh4L16Pvzxy2FLQv75X/3ks+cjGEjOT7pJGmZlTnEijJO81F6vdjBB/fSnnxUwBEG1KNB7fa1ovKRwVRGTFD86PA2DJC/rnR5YVkASmOc4ZQnePD4yEqub+96BloSmLDKKREsCeXt/o8j4Zr+DEWw+352enuz33ofLRbffPzw4EkRFVnjH1/3Q3xqrVke8ubqMcgDBcBSGqqqGEeRxol++e6A56qintFRBlZTQDk5On0mS1tTaJEn0O/312mZ5EShhsMJbraM6h4vE50V1u3VrEEJRAEdKSaCTKGRE2nY8FIEG3X4cVySJqE3x6uoGRpCzZy/1vZcXlWttB4MmQyG2YRwfPW3KB4Zp5alrmeOPV79/mF9iDFDWAYIW93fjsiyOjwdRVG7WDkKW1/Pv/Tw67PZ77dZqeVsD3vNXp0dnx3mdgRByevDZsPspAtAgVKSl4WfOdm/wHItTxG43I6nccvau5TEkmRTIRtc/XF0TDIGgCACBeZmHftjQeiBEVwDeULWyyL0o2hvmaj5uKyyK8v3+GYbBtrUCoBLEaEaQkjSo6ur27p6XMdPdQhgkSiyMMTBEkCT18ebdcntXglGYBFmZfPr5hWnYH99fp3EMQnBVQyBE5ikYWAkGyYPeJzBApkmKYsB2NX+4fs+J6GT1YWVNlm4eR0CeJg2JJxD4aNSjKaHb7XMiheDASl9+/+Zd6Mcdtc9zPc8OwDoddeUscpqqiiAsTiovn3/KcK3ziy86o5HtbC5v3rlZ0en2FEU+OjpYbVY1FE/mj+2hBiHVajmxnN3V3XsEzUaHbVlu8WIDJ9hu+xDFkHa7Nej1cLgSWOqbr66+/PIWg5Gu1qFQutfpibxCIGwJMAjOFaVzdfdGlCVZFJ49e0mQ6H/97d/87qt/aMiEqEiy1CgKRmkelgUuSxqDkwJFwnksCzSSRZqAEQiMY2Sj3YUQ7N/9zf/8+HD/9MkxgVQEimqdTo0JSYZ0hqesMBDlQX/wQpO6dQHHXmTptiRpt4+z7XYDIFi72aIInCDoq4/TtjLoauepA2ZJjGIIx1IsI2Q1Zpg+BFVVnpiO/zCZ266O4EBRQv/1198nKbjZ2qbjv/70rN1mXd8oQf/oqIViJAhBWR3e3N6SRP3kuOFae5ziGElBcAaC8RqCojjAUcgPYkHg0yIf9VSGwILAvb67We82OI6VQLXc+SjNV2UsCmDgOzgBEgTqBXac7d3QzPNs+jhRFbAG9nfjm9uNy0ia6zsEVgeeC9Y5SWLrzdq2g6Pjtm0bEJDFoZfGCceiNZhtjS1BoVESCCIT+j4IoQIr7U2bYUkQghAEZjnm2fOneQ5CEMnQDZHj15uxZe0oHMnCzLC8HChZjoP/L//X/41nebZjQVAFwtn1zdX19eWw3zL3RhwXKFznQXTU+vOW+Mp0rvfhdYHHpmf6YZgXaZpGFFbzLK7KyuPD+ujoDMWI2XTu+3uGQrIkPRycKXSz3z2kSDb2Pcd2OI5zE2NtTYuydG2bIrDD0TAJM57uCnxjvZjWRaFJElyBbVU9O3py2DuXxJbrmqwmTSbv/WiPopnn7zabOUXjn7x6+fTi6XQ+ERWF5LhOpwUAQBZFxt5X1aZuTb78+KUdRK2mFofe3eXlsN3WNy6BSxzfZWgBw2GBI+KkELQORkma1hzfv7eMRRKZVZnlBZYmEC/CJOnSfMWyGIEjAJygKPj0/ACugbOzzzBYivwaAgqagx8eLmsgRVCy1eykYRCGFiMxWRFalh6nUaslfPv928VshyNiu9lsNTQIoTAELQGEY9nz8yOBZYusEjgBw6WH+02v23779u3t3f3paf/kdGib29V8eXBy/nB7D4Po0ekzfbvLoqijdeEaqvIyjLz59s3Wf5Q1hcLBZku0XA8ogFH7JQbzOMPRLOW7tuNGw/4wjiIQKE17E4SF1hi+v/r7uf4OQUiObKj8CQLA99MP2/1isl4s1mvTciWe+7v//Nv37x9JUkAR4fDwKc0yZZV9/c03WZIaukkSJFRjPNdsaLJprarCE0T42w/vbu5nxyejZqMdFlCUVJcfPkqaZFhmEntnJ4PMd4etPsuqO2O/930cJ1hWquLCdXc1lCaJH7suQ/GHo4Mk88IiBDFAUwSJFJ6evIJzhEDIJMpwAi+Qwi+D5XbXGXSHx+pus0RRqK120JqSKPXPf/GPKJSzjZBEUc9Oz85fEmQWJdd14R4Mf5KHHM8KGArutrvbuzmBs08vnn35xy/ffbgUeU6SWIZkEz9laOGLH33eUEUYSS9vP8y3D8+eH9qG0272OUpyzI2fBk/PR4fDLgyDf/t3v0VQ8kc/+vzJxTlKsQ1VDMN1We5AxB8vp3WZvX7+2Wa+lWQRBpP1dpnlOYiiSVbRDPtP//GvZEYyNlsMRwgaceLd/fRSVKXtYtZRZU1VfdcgcEDfG5Is4Ehd5xmKC5YVplFU54m+dVCMxXCoyuOyShAYTbNaVQaWm+333nqjt1uK2h7sN+be8P7JX/1FWXr/5T//f117++L58ySM//o//RZGscGg63uWYdi80qqz0PF3trsui6LffvH6078icXL6cCNLLW14FoXj6eJjoy0RKLxZrzVFStOy1VRBoMzzVBaaGCJCMDydv9PN9Ww6ZQjKd0J7F8Z+fjA4MbcBg9A02cwyiqToKN5+/+bbrW6cHXXrLN7qhhtmaUHI2jEn8P/w5d+RFHl+/hlQlA937wkKpFgChPMk9I8GB47u2x6aJrSiKFG5/v2736V1KdA8Qzf8II6zAMDzjb3bGNsgS0EIa2jaeDpO0ux4eMYxXORvgcrLSr8AiofxVBYZGq/yKNRk5mjUfri/3Ww2kqi0Gh0YBIMgMB1HkniehCLb6Hb7qqjYpplFfl4GIFyd9r6g8HZZRIb33kt3WVFQJCkKfOA4ikiFkZlFOccp/e4hWKctjZtNxoNBx/H1f/jjt6qinJy9jLPCchwQroskdBw3KbIKhq/uJ2Hi67tJq81HgYOiqCQoEEAZ+5Thic12RpDEbq/HQVBkMQIxaYbXAFlVwVp/JHGopXJNWeHFdpzF49WEYuDzw05LPT7odsp65/pboMoUlXVsx1jvzs4uLGP8OH2D02VRFVc3j7LYvDh7Yejboqw1rQOWWFt9UpXcZjWJ/C1NEevpEkMordFnyAZOqSwpb9aWpEpRFOZFqjbQ5e7LIvUVRguCBMSg+XSJouizZ6dBmoI44SdFBYCeYQ/aB/3mEUM1HCPGMUaR5IYkmruAEZocI4B18jh5n5YmzcOuredR+OTsyfnxi6pAYRIpoHq7ncWRpWoCiuWdTuv4uBcGKQxDiipe317l4fby9t3t4xWAomGNIBgB5v5PPj1pq0qv39kb+zT2hy1h0CS6GjG9GyNA+qufn6NVVSRQq3uoqV1R5J89f1LU0KDfynI3zTLLdVarNQLDCouUUHF02G812Ciyk0D3fZ1j8SqvIIhGYUyWuG5PzmJvOGh8/tn5zf3VP/0Xf/nw8DieL16+OISRynWdCih8zy6AYjZ/yGoQguGyKKsiu/7wiBJSS9Wi2K+BlGcRBK11fTmZXB8fq7a1T/N61D8pYmQ+3biOJzUaEIQ0263rDx/TKGp3mmqjBRNiUWA3t4s8L3G4gmG4323FfsISfL9ztt54eeSLkmruLJ4mKQYrixQEyrxI5IY0ma+L1O80G6LQw1HWsvTvfvhaVvkgCparVa9zSpNolhi+t4NAqN8/xaCmacdZnqBYVZTBzjam0xnHkQgCfvP1pef4BAElOZiXdQq6l5M3VQ0edvp1lsCwFUUbkiw7HdVxXQbXTg9+gZas6xgAbLv+pKxgApciz7CMtSRTCBY5vu4FLliWAIw6nuX5bqctsQQMFBFN4AgEsgxL4CxOcgyN3169M23zk09fYFCcRUmj9VRgW5G/Joni4KjPCMLtw31Tk9bbFYzkP/7FC4wEwtgKI4/jWyKvLFaPi+0MpCHbtYoisxyr19bSqAi9jKdFCqPBmocqGYPbVUTJQleVGlkUlKWl8Onj/Zu88kSFyHLndvIxzKE8LWWJ1kQKLgue0/Icxgn47YcfxosprbCTxylc0K+f/0Vbe0FijMhRKASIfFPT+mWGxgl4ODomaDVyvdjfz2dXVuhAKMqzuNZVbWv19v3XvQMJRjMET2CijHO3BHRBACUBYig0iSqaEwiCNY0Qh2vP1NutQxSidpuFH4etfv+nP/sRUpNtbQgUVWDbAt8ECClISt+bmf5jXiZJlMq8JmvDrE6CxAxjHcGTsjSjNNnuAowQQZBEQJxCOZFWe43h04PTg86AIEjH93CSohicEziWpkQOV2V6s1lHURbERVHXeRKzLBtFnuX4IISr6mg0uuA50bMt2w54mlAlUVNUFgfyrNysbXOza6vHNHkQhQWKYxCGF0WwnN5iMBy6+m53H2YOxWBCg6mr7M13b00zsmyr1VSDGPj+3T2C1gcHUr8v0wTTaY/qugZqtyh8mioHba7baD08LpMKTkrEML0gCkLfi0IPJ/A4cI8POyeHKocDL84OaQSMIpcXOEFSlyvdcNy6zDAsoqgaBEIEKrIKSDK7qBLbMlkWx/GyAuPFfr/36p0VgAjYVFlN5aEqDT0zrwAIQmaT6+n4rtftDHoHrm36jk4xqJ8mKEkURQIBOY7iRZZhMIwRJE0LKIoWWYXAOARCluUTJN3uHFc5U2U5jEYsR5hmEIWJrMgEQcP/4r95vtP3tqH7nq+plGFu0jxSFT5N40ZDxgGMR0/a6ieP0z/8/s3/D+VIVlIcL3i4v48jv9/VBI72XTsIQ8fJKJoGoHo6m0gKqW9XnhsMOi805TAKsjSJZVmCUdL3wvv5m7U/ryHAMLYEjg46A9cOCVTQ5F7gOVVZKaJCUvTB4KjbGu5N8/Lm+wo0MB4xjdu6diE03OwfYRx4+eoVTTPfffNdkuRlVWZZKkk8ywtFltMMB0NFDvjfvPk+8POTo34SJZEdICX29PDTVvM8i+Lv3/5us1u4tlmXAIZRgsBmsTGeXHmhgxEoSVIoyTlOJItsFC+jbMuzJFCBBImwNBt5eac5CFyQF9qKIualuzMf3r7/Sm2IMELAMA6j0N3ddXfUrcBytZmFUYgTNE1yFCJ3W8dF4dd1BUNSkuV7wyLQoijczfqxrlNFFpMI6nbP0bqCYNB3nWFXhepkuVy0O11J1TaLHQwxh8dnWZItprNOs4ehROj7tNvbegAAIABJREFUcRn72QplAQID2x0ZgOq78YbBxePR6yIB86rkGBqoS1nWDvoDEAZub68AFGB4UbcfdPeuPziROC2wLVnooiBPkGCjKYmKYjsmL1CfvDgvq2K32ZEkixGk7VmP9x+N3ZwXeBLHSYwEy2rYP2i1D8LQ//6HL3GilGTaDbw0L9tNMYoiY2f1Bj1RFkkKvHuc2raDISUOMxLT5Vhtub1buyaIEJrW9u0oyaKyDkAEnIyX3U5bEbj9bj1ZTmsQxCr42clnLNwddX+iCIeaeogTtB/b4+3qw93cC+OjowGc1wrFs5CQu4jKd794+WN/G9xeTyEIBoAKBIiz45cNTthtPrru5vTsc4YYVTUuiqxp6rzEYTj6w9vvcYaqq4AkC47nzk4+YdlGkaUf3n+7McZr30UoGARrRWzhNZbEMVJnp08vwKpgWUpfr70gOj3tKjLvh2mUZ9e3bzf7yf34gxdbC32D4BBNcZLYrSqUpXI3XDd77QoATNunCOJ01DR3hr43/dBJCzvK3SAJ0jjWJK3X6uIk4wfRfDEnKErWGo4TwjDgedlgeMgpCkmLIEKDGENzoh86zQZN4JDveAzLs6IUZSWEIkCVb3euYRqvP3vtu/rD7R+TJDw6PGmq3dXCvL66f/LkkOVhfb8jKRojCAQB4jhI47DfevLk9K8wRN3rD1FkNDtP4Arc7j+GifHTX3zmenYcx62WSjFsnvh+aDq2w0kSjJKmMQujDUFVPMd22mq72eJIod3oPzn9pNN6qgo9BKXCMI4i8/rmzVzfCDInsFieOIfDw4snr4uKxwl6Nr/+4e13msxLbFdiGMuYETgEItXlzRsMqwadFokKQVKqClqD67/54398XK0PuwejVh+sQc8znFBfG6vHyRioy6dnTxW+hUHgZreNovj5+UWZ5p6tV3Uc5W6YZ14QYwigaZJreAKDF3W93Jk70+J5QVSaBE7s9ltBZhG0ghAQKGGC5EGYTAuI54U4c+MwHHV/WuVUWRhr94ew9GfjbZmmRwe9fr+7384dV8cwsqG0iryqq1DgoTiJiqImWPrbN+9hBEAQaDnboCh5djrqqsxqvoYgIEiKb9/ODS9k8JrG616vGYYRzYh5hsOYkMTW3eQyq1Ol1QrTIM72UZqwbBMF6bIsfX+H4RhF4hhCxSEIQ2Wvozw5P9ZURqWVhtBPsrnpjUWJrYr0zZv3Z8cnKEJt9YUTbzESAWsAJehe/4hj21GUAhCMITRLagzdFThhtblLE0dVRRwj6ooSxUG3d4GinOv6vrf3/G2a2wyHMhQY5Q9J4mCgWpZkUma2l1dVBSEIRvFpDmxXexpHnx5fcGQTx2UE4usa9323TAMMBDvtg6JCZIXbO+Pf/u5/NqzZ8FBOs2AxXiqS1mpcBHFtOvO9PZnPbzgO73XVxHcfx2Nzt7FNk2MxjsXzPGpK1NHxSavRlgTS9YzlTucYtKtqRwevyjTbrZdNlR30ZLRMMQCwDX/QVRVRgACmLDHfz13TwNB6Mbntj3qOMUPxPIg9iqYoAoXrFIGjy5ubOg9pDgfAPAzWFFkXdZLmOY6TiiRqWoelMLVBt1Um9BxG4LbrpeO6WZFIIm7oW9Ny46Qs6wJGoYfZdrXWKYrMkiBPkn6v02r3pnfjzXYP1CnLoTCS51lkWvuLJwMcQcbjVUvtdRpHLNOTRLUq8wLI5xs9i0ICB9OiAmHcdOLxeEJQNC+SVeFvt5vVcpPltSAIRY7WAF4koSQrBIzVeamKTBL6IIKUdVaC1d50Kbwk4AwFGBzqJEkWRoZp63YQrJbLdnNEInDk75saE0Z+UlSy3LL9MC9qrdnCKWy7nPX7zYZCoxjqOkFd1ShGEpRMscTj6mphLzEQfTm86DUaXvCQFmGUhK7rc3RLZo9otEmiNIjny93XljVh2R6ONwgMhcAYRkIYK3zfkWQhzwDLCYoqr4GqqUowkEMQLCqtLM0pmljMF6ZtURSWZCFO4qJABIGTxAXPDWGotu0bfXs1m0/9KGAZFEi94Wgw6EplajrO2gnMVqNNEzKGEnvbNEPPT9O8KmoQKIuCQenXT34GFazENHCAQ0GFZY8F/oznmn6YGvu54yxr0DCNuwJ0abYiSMj1zaQIbN+ty+KwryBlLnACDJOioj6M7wx/n9a51JCxmjs7/IXCHuOI4Hp+lseCQJ8cXTy7+MT3k4eHcRSZYbCFAGc5fQeSWZj4rh/57h7CoMnDDYSEWhtjmNz211kV7H1HVijXMUCgFnjJtFNJ1uK0iqLad3Rrt6VpkZeGQRiFoSPKfFMTLN1laWG7WU/HY609kNSDIMoRJI3TB4IEKJTkWAnHONvLTk5OZIlZbW52+9sgNwEYACoYhSlZEGmSqSsUAKVB7ylDdHCSKWrPtLc4ipMcZVu675u73RIl0d1uu9qsULwYHfAcX631h+1+XBUeTRUEVpEkWVS5yPM8I5AoUmZRS5OSNNf1oMgLEiUU8YhhGhQNqwq33j1+fPctyZKHByfL1Xa62ax2exgCASiD4AIE6jiuWu0GQSDbffSHb+4OTuSGhsAQ1m8f1WCJwIljr8o0klnx6fG5Jqs4CAZx6idhlHgXz45PDlusSNIUSOOlzMF1HkNlRpDo3g4AmCBwoobBJE3qKoWg1HK2vFygeAahGIphvhtSBNPrdAI/oim61dEmqy3KMBBYtWVa4Sjfs/b6XFakZqMH1oBt7V5ePB90DoMgxDDC892szuOySvKiralJ5JumK3CN48MXez3Ymz6EoChGlEVlGsZ09kAQaK/9nMJUoPAAwI+S4PBwcP70GAQQ+C/+yQiA4KPjU1FSMQJKixBlUFmUVpsFUGTD9suzwz/FsPJy+ncpnFY1gyPMfqeTCHbU77x88dTUjc1uu1ybAExDEJTl2Wwxz4pElZqKNGRohcA4mpRAAIRguMhAXlDcbLnYXddgFfo+AlY0Sy43qzKFNLln7Xe8QEIwPp+tgtC3o50RbOLScoNtBpRlZhEUQDHIardKqypM4/vx7O2bjzBCETS9267yLGAEkiCxNI0BADSM/Wy9FDjxxZPT1C0SBx51n4h8pyrSH978+nFzD2BYS9OqEgcBjKYp09rvbYsThdHBKC8AlperEkjTyrZme3/e6wziGMQwlsSYOAYIlAs8oNFszeb3q9V1jYcFVMiKnOU4CFAkRc03q0ZTztPEtGwEQXeLbbsx+tkXf1Xl6LurPxqWfnjwEiiBzW5d5Luvvvv71XqC02AFInVNpwl6ODjK47KhKP1uN0nKh8dFXcEkzswncxBGBt1R4Hm+b2IYFgYFTtIADnjJLkwdHEP8yI/ScLra9bWD08PPojAWJdlzAqguYAhqteQk8x131+w3osx78+5LgVNPhi8ogvdiHceoYeuTOMpRDFXUruUYlr0dDRq+ZWMoo2mD6XR1+eFqud7wolhX4MuLC3u/q/JSELqC2Hpz+cPW2p4eHlMY7wZ2UgOdrlYDSBTCnd4IQoggSu4m6/Xe1FRZFZV++xkAiYY3m5qzskYEhq6KIs1jw97CGGS7eRb63bZqGTYAwSiIPD17xtFtuKZdO1FUMc1iEIXWxn5nWJPHtbvziTx/dfD85ejTJjesYny/ciRK5ki6Asujo2GrKaMYDNaULB7Lcg+ns9u7P0RxqTVeKNIwiBPfs5SmQLNcb3TqOMZ6vYjTZDHfUjSTp8lq81iTpeVGZVKKuETCEks16hIsK6ioybrEFtM1CGFxHA/6javLj29v708vTqLMA6DSCRwYxUiWjbMcBOs0ymVGI/GqhsI4iQAIydLa991GQ7C9VNK6KEnFZajvt1WFtlvdLCo8J6sq9H48cXwXhquTo57rWDBUIwjVaLbzorr+eNvrH0lqd79fo4ivKoBprffWHgRzAAKKqoyCIIpi3XLEBg/WyW4777akYbt3fvKkox7YdvLy1YuDYdNx9ov5QlZFHMeAOvIcU+CUlvKaIoYQmO7Mt6LIN5vPqqIKkpUoMxRFX19NbMc5Pjzc6XYUhxVQ5iWkNdQ0CBgKTqIAQXCWkYACnT3skxBvqUci20RQcjW9Wa3nfuREqXn9cIOxxIvnRyBUQkUMVNDJyecgqpim8R//9j9yIndxdo7DEo5gPE8ND3tBGn28vQagmiBJFME5oTKsj3/9u7/W/eiTpy9FXMzCimXJ1Waxc6wwTWAQbcudo9ELDOZQBLUsK03L48EJBGDr9QyjielizQiC4/oUhmEwjGJ0luVJnm0tC4RqCMI63dPAD9MiTDNfkTi5Id/dTUEQrSsUJ6ksy8LAzZPysP85CpEFoN+vvk2hyrB8WZIaggAX5e3lDUliBE2KkgIhtG3uSQKwXBfBOa3TL6vq5PxA4CmgrmmC1WSVxmiCEGRRNA17tfNlkX32dDQYtOuyXi4tTT1MUlIU1K1+N97eq61Onhf306ncUWqgdG1bk1qtxmC9nt/c3TcaDUlQLT1yba/Rki3HKqq0SkqR7QNAMl68Exqy64XLzY6iWFHqQSjqZ9Zmb5KUWFWopgw8HxxPHiCwFjkhT8B+Z4ATMQC6rmsynExiLE42UFxAYBSFS5LIMcIPw7XtbHCcUCWtgvZxEjeVlwzfJml2b/ooiuu6BwB4npeuEfz8x7/sNY8nY6vIQBihWIHEsRwCc5Kg0xwhGdYP54Y//eqH7yEUZFns8XGMYYSqdouSD/MMo8LH+bVh6BRBaI3G27cfp4sNgqCnT85C13ZsE0WodrM/6D9n6R4C10Go13jVUNmG2FaVwzzNjP0KAorz05PYTdKowlAitEMYpH/0+icXFy/qssjCfV2Fhr7146zIfNs3YKzebBaKyD056WZpsDPs+WoJw6AbBHkSeJ4V5wVKkJ7vnxydgiW7Xtmu6ZyenrQ7vdV8oUrs0ajlWDtNYmSOrWokzSCC5fwwv3vc7/SU53CWpSAIqYs6SjOeobVGq6FJIFQdH/fyPN+ut4rIe1683pgYigIVcnL8icgdWqZhO0tBwn/y6amqcBhKpGlpWA4vCF988arM/MX0fr7S17rjp0AY+TTDKkoLriGG4gmMSPxKVdUij8M0LSGQ5sTx45Kh4G5T8OyEIU8hRCtBwHZtkKA36+2z89cEzASeLUiYn4Y34xvbW0WZ7QY6wzAYBtd12WjwkRs4dnJ89OTo6DnNdqOktmPnfv2YlrGECj9/8Wc8I7y//r3u6GEUQggk0gOJfcqgkqSpcT75zR//PyhJUURP5o8YnEHQuq6TKI9dz+MEeb6yARQcHQ5cx+JZQuSpNKtRUkyrarmaO4FbgXWRpq5ngXAdePpyMe90h1pr5DiLnXl1P7tPy6IGcxSBwRJqtlocRwF1tNiMC6BWlI4qD9O0WG42VhDGRa00lbIoSJj85MnPe+rrJKI6rWNZaq3WniR1To9Ocay2vU0NOIa9QIh6uZmhNEzQQOgZKIH7Sej6frfTOBy2s6TmhDZBK36c7E2jAMsoKQOzeHH6qydHvyrSoqoTmqGqKt4urmgGonCwBoAcqHC8tIxlkVsECRMMbjmuF+W8QKMkGrjbk1NJlask1tPUdR0DgBFJoNIYRCE6DOvJo15VOEVJEIghAJSlGQ6DFKWQVBeG6qub9zvdWK12vY4WJ/Fut9NaXZZv1iVEESAI7DiWVoTW2ekz2/YtM+DYRrd9jICEH5pre7vcr7IilHgBg1CwrlCcIEmBZvmqJGqIqSFvvrkjSLzVam/W8zRLPDcAQQCE0CDNNvr++Lzt+sb9+GFjmVHiFamZhts4dsaTMclJ7f5hkGRe4CdFFiZZUUAVCENVzpAiQ6mL2WT8eEWziKgws/XadsPR4JkfJL/+/fd7w5MUoii9fl+ZjXXDjDACD4OwgvC1bnz22YjCaZxQgBrMEk9VeALhMUzJUhrDWp+9/pMXT57xOEIB2WGDEqnCcvQyDw4HzW6TXy+WaZajKPX9x4eF4eIYpmktEoVBIMEIcDy+FxU8Td28qI4On5v7jECp48PTNAZBCC3rIqkhRpQJmBAZpj/oPNwtdsaaIKl254Ri5CJNOu0BTyuL2YzmeJyidNNwo9D2Q5JACRLcbvTR6Jxk1N/94bu17hyfPSNoejqfv/3wGGZlXfpVUYzaTwRe2hvT5eqh29cQFFpv9vC//tcvVEU9Gp1gJJ0B8WqzTPKY55m9uUsjaND+GQnRN5P/Kmu00uhlGXR2fgRWJYvRL55ceHb47sPN3jIxiqEZ9vjokGGp1XoJFuCr5/9I4Drr9Vvfn0qiVANYWRBljlMUv7WvF/s7huHqCiiyxIs8L0g1uXfYOyVxxLZNihK2hgvCMFDFNRARDB6FwVo3A8dkWY5lGFFqLFZmFKWOE332/yfpv3puSxMEQWt57+32e3/++HMiIiMjs0xPNzOgdswg0AghhBEXXHDLBf9g/guIkRAaEEz3VHVVVqUJd/znzfZmee/Xu7jg+SPP978XRRUhMAC1YbwvunS+vA+TII1yWTOSONIkXiC5OkH/+nf/ejic3dz98svnvw/raHRyOp1MTo5mDCfpmt4C4DpuB0GSLKmKsF3udLVXZmnfnIahs3UWBM5RlBoEjSAYGMbPZidV1Tm+9eXy/d3TxxdvTyzb7Zuz/SbtmxOeo33PoVjUcW0A0NFouHh8MKXZy/O/6aD27//5/x1l4aR/2hRwB2oIcm/nn9I80XXNdbO8qEGLUBjKM6IsasPe8GD5aVx0AF0vV5PxGOowHMVwDNEUAYLQooBoks6bzA3Xis4mWZwVBUGRUVDKVH86egU1FUWzHCdCXetHfhxal5e/2t7T67fP1utlGJbnR99IpElTXJzbUWI/P/4tDNTF8gklmRoA312sFo950L57+ftB7zgvmqrOXrx9MZoMzUGPIqA4iWzbE6RxWVVz66tmyi9Ov+VEo+iSpMraujJ7wxZQk9lZmua6oSI0IakciSKGajCkkeV4VrlP9sPODrAuoyiUwBHrsAFI5wVFnibn50OJ1xVNpwiaIhkYqvbW3cP6fdI8/Id//n+urMcwDP/2+9++mJ7+/uLt717+1fPhNywxGBhTlmJW86eT2bA30AgcIBiU5TGMZDDcNqBBIVg3ufn+/Xz7E4pDJD5i2QlNYJ69jJIoKzpRVNo62+/3O+egmLrnB7xEVlnCYNzz02/ePPsbTb7g+SFFGZI0LGvK7M0ARORFU+RZUxQfP3+tAECJlmUpXuTDwN3tdtPTi/mTQzEU1LajwbSpKyey7x/vGwBwksRwJPAcqGP6oyOKIO4erggGIzG6p/YeH5ZhAKoGIUnE9g+KTCFIUtYpgkB1g8IAbLYby3YkSSurMqucj5e/fLi9vXxYLFYLBO5aAMLQh6GmQyCSYYui8A/74WB4cXRMYlTsZk1BisJAlDWCQD99fJ9XlSCSy9VKlhjHDRHActQMBhhGW4/Ln8z+KdyaLMPWwN+s5kVeOU54dnJxenKSZmWShrquYygF8qpOiuloovemvNCPEyQriSzDBFEzNE5gi0+f/un+/hc/SyYXpx1aXj/cojhc5D4n8iiMlRWRlxjFah++fFjazqvXL06mZ1AnabICd4Bk8cflPCsrmhUghCQJsLPu/z//+Hc7t/6rb3//1z/8TRJVPE+hKHD9pGxRgqAxCD+evhsOnidxLolM04AyL03VcD0nTSycRA+HA8tTSVKyNA53ndkbdV07XyzzouxpKokyqtTDcbRvMEka7zYbAHWiaICmA22XFpkk8FHki4w8G74lMXJlf7havPfjvKuQKixP+kc8SXcNxHBkBWoco2bTkyz0ysIPwqCFYFntCZKiKuzy6ZFmqMl4nEWZqZgYxvGcPOgbOFz/7jfPdJUaDnuLx2WStgQhYriKoXCYzXe+0+tPVitrbdmswMNQR2IQ2rVJXAVufHvzaBo9U+93LQG1CMNSnz9f+7GPtTBLmHUBucE8KGIYIdoGqJrRM09AR7rhHqMww+z7TixwBi+NwtjTdF7TFJokfXdXFvub+w8QgsGYouvjIi+gNl0uPzn+fVG7ZeX8/OnPcV3KSg8AwkseotRXpJcwrDZw0yEkgbNdhzMUM+wPNGX4/NnrumzWm8Pk+OT02fO8cNfbO88NYISLktqLtyv76hBYKIpOJoOzs1mWJIbOqZqe5xROoUF470dbRWbPTo9ETn58XAqC9OrFxWAw7lp4PJpkaQe1WF7QvDKtQZFVjjygNUXgKZFjDFHiqzamcGxo9gfGmCRkCOUYWrSsgiYlw5xZh0OdB4+PK1GSHtceqMswThASb7oyCQ6R7xiKkdZYW4MwisIo1nUlyxsUJeeLQ15jeRQHXvJ0vwENSaC0bo4e7hYXs8FQF33LMlRxoOo4ySvm0HViU1cBgKIwmAx1EsPCKLk4Pz8cvN/95jua5Ofzw9Nq3zNFiqQBwGiaE0UxL0AQ5nePS9CBnj6hYJkkuhYEEosZqgLDndkfIAjJMYwoUNvVNcWgBEf1hsP1OojTmiS6wWAEcrguqyLPXb8c9I8RBHhhhNIERpLb9UGT+fFIT9KYJExV+TbNSYKuRZkETT3s9zCIRzuYpIgkiWEcv3m6//Xqq5daTWXhRJtV1dHR8cPtQ1Vjv/nu97Ojl0EADr796fZTWIY0hUukPOufeZ57+/AXkoGHo4HMGs9P/oWAH/luDKDgn37+b7fhbjJ9djJ+PTBOSYwhSYoiqb29jQq/Ad3V3VKShFfPz5zDjqERnifCJKVp4X75aPveZrdTVRGCoTRLaAZv6vT6+pITxLOL0zCab3aXRQvOX77uD8dBlJZlafaGUZzv9osKAWULKYJp6mdZmruBBeMYxfBdB0FNNzWnL47+VqCfe1aKUbSkite3X+1wH6b23rrLc/fZy5EsswxHxVmSZFGeu1BX0YxQ1y2GINNhj0aJMkOmR6+aDm/KKo4DQRZ8q6CR/rvX/xaDqDiy6jY3ewaKNWm6+Xz5l7pOd5b/+rsfdtsDSRMEBqVJOpwM4iTfbazpSKc5SuG72ZFYFn4c+WlZESSbV4hC8zCgcZRR1JFjV75X7zYez0o8pfBCD4NB4HmDybfmYLpe3+VVwFBkVRaiKEEQwbEiRooIhJA4tLdv5qt5U6NF3UZJDKCWIZmuwxRp1nVsU8FFmS5Wtx0UyiLNM2pdoWUN0iJBWZ7jdZKuw3hNoeiwPz0cNgBAAsfaO4sX2DKvGIaKXGc93+EkPhgP9nvL88PAd3Ea80O/qoA5GCEYkTdJErt5nlZF0rStJAlk1w57OkfhUeQ0VZXkeViB7c7iWPb7d28BgKIwqsqia3NWoDhZWizctGxxguwguO3wl69MQzfqgkXRznd3AsfLytjsneKkJErjDpZtC8U6/odv/ur3774jYCQIM4age4oKNfnhsJseHanaZLWNNgdPFhlT703GY0Oj2yYu6iLMksB3ev3JQH+e+B1NkH29T2Acy8s3V3cYybCcuF3sTiZDURR3O19WFYphRcGgCbWsCp5jSYqs65zEaZbmREkvqnaxfgwTj6LwpqqbFtk6wcfP11XbHZ+ey5ry9fMHN6pglESxsq7C6XgoCIM8z/bW+mCtb++Wq7WF/p/+j/9yNp62Vff5y5cGZGHgcyKhCGSZwX3tW5mbrjZ/CdOFbgxwQlwtt3HoQgBCWqxrkM8fHouqVTVZlIRhvz8d9zWFD2yrrz0/Gv6VZc///PH/cbv5yYvmWRqxPIcicBDtvj7+2U33FEkKNNs2NY7SEqdNtKOROsuztG0rEmNVbfj73/7nR+PzIkni1OngFie5niq2ZT0ejEx9IAo6aOA8a1iGy3NAkVTTFiTdXj98tb3DycWMgPGeZiJdK9EMWrMnp99pquLZTwgZ7NwnN04Mc9RByNXVtX2wYRRuG4zAGVGU0A64262ujXlOfbi5ggCsyPrBuec5frN1RWUgitrT3X1X5C1AaRKL472kE763hzu4p40xROFZtiwCx99WdbTZzkWeOx6PrK0jcLOBebLb3njRCiM6kVVU0eB5DgbR9fXHyWj2/PxNW0PT0XjQ7yduwHM6xYjb7XK13kymx4PRiWN7EIAwXOU42XH3WRzyoqzIQ1VRozgMI4ugG8exVou1JhsUqkhEjyWEPHIJDNUVA4GAddgCKN/Yt0m5ozAsdKLx4FiXzKFu8jx3sHaP20ueUXTt5f6wi7Lw9OgC70CRNZP+u6F5UuT5enMPYw2Ow3kW393dXH76UFT1aHLOk3rZBk/bT5Kgjow3PC/VUPjp+uPA1GiC7uszlhICe11EB07AINBslxuBkyhaJykZJ8Dl4up2uSbQpt/TGIoDbX2wDm5cdHWjiJRvh69fv+JFbr1ahNH+4C13vvX+8tOT6+IskVUFCrXvzl+9O/+Nzk73e3exXsBwiWMdguU4ltBU+/R0bTu71W7egFSUiBqKdrvrxfaLl9iHYHX99B5Gqr4+JSEZAm0DSt9xe1p/NOojcAch3WqzzLPkxbNTidGnwzeqdG6oM0mUtoe7xeY6L3ZFues6v6oDkkA1Q352NBVYniYZmeNABfE0FTi7MIlEUVptPNC2iixDbZ2loe2sN8trBK6ePZ+yJN0BNMtgU+171sIPbUlk8yiPw8jU+0ez499885s08Siu6+C0g/KsLGmO3O4OJAaattzv9gSJkzT68fLnP10+dDiRh9Fv3z0b9QwUxdqmkWUqjrIOwpMgFTlelY2BboIac3YhR4qMMKMYef541XYFyZCh74RpZu3Wcd5OJmeiaBTV7h//8H/NyuTFi38BGrmu4q11v1o94Sj+8sV3k+ER0rVfP3+FoE5gBY5WcERmKQ3FJACYuoFRRuBEvumSIFqh3cHaXf7l5z/phnL+8gUniQfryfZ3UJebKtM39fHoWRx3kqwnSeD5G8ve6ZKIAETkta5Kksje7R7my8XR6elwOLFsq61CL4pqQB6PzkbqgGaYu7sHa7vSFInnZEnxPcO9AAAgAElEQVTUQN0USX168g6FqM8f/0JgRVPlXQtoHEpzj+NaQcTTOEChtm66wagPasTzUgRCAj8Jw3xg9gXWUETz/uZKk5HVelWUtSBwcZL3+xOoIz03MDRFFARJ6NN0P8/Th/0vN6trhpIVRn119u3QGBZ5TRAYw5O25yEILkt9GmVIDM6LcrleDgcTQVTm918/fPx4cnYsKzqO4RIvIqhYVUiVx4ORwTCd7+7aJqMJPMuaZ2dvLTuR+PZx9WVn+TLL47Sw2q/qJkehjiSg7ebh8sv1q2cX//7f/ztQpaBuJqMp2sIyx7ZVLQp8VxeGNJCoAUNDv3z5cxQ37959L4s6hcscO67rKCucvKxYWuxrw7wArreBoaLIkjrLSRzst187NJ0dHTG0jCFwmfmW82C7y8v7jyVIewPl1y/vg9SfjU8Z0thbV3a8MpU3WUxf335RpP75s1eH3aZMclXReZplGX71uFBV7fvf/9C28dP8S1oEvCB1MClI9JfrH3/89DPFizRBzmZjCkeW80eaakI/pnGNYRHXvY3i/bPT0en0KAlTrKMGg5mu9tqOMRV90O8BQE0mF1lJVBDix1aUHrxk35RpnZU8rTdNUxRBmUVp3PKMTlMKhbP/6r/8nx33RqoxWq92FNk+3t8vNv7v//o7c2BOJnpeVlsrKtp6v18dHx+b+rHjQR2AcZTMCripOrM3ZBk+SwsvbCEIcDTx2+/eTaaTs9OTMq/uH+ZpmD47f1aVJYURUIedXbwu0mazsiikFQUuCsKL2bCpGwSlTU2x9yEoYBhlD4f8ceVIIjXoj3FCTZM6cFyaZRAU29m5HxfXt1+Hmno2PXND6+Hp8uA6PbOnGKPReLZbz58eLwkkpSgkjLKqaaMEvn1Yj8fKQBehusMwmMBh0OKSaCBwF8ROAzeizMeBLQukoQtu4FMU3VOfU0RfVSgE2J67GQ8MDFZ4UQeg2tv7yfTlZDS+e5p7sWfoNAQi27F0VWIplBMUiRMDL/D8wM/2D5v7wbhvKIJ32HR1jUGQyKO6Rooiw1O9qf4DBmlFla0OP96tf+wQUmI1UzIRFA/dgKYFBMW9NEgyu8O6/d6hiO54qiaBQ+NdVSU4Qfd6AwTq/CBO8oJhUBzHqyKjiAYCqeMFuiYzdPn4+FPVZiRJHx+Pi6KZz3cKx8uy4jj7rbUoQIVjRFd3imxUeWnbB4qjijyr6w4FqCb0eHKEwmzdZgzf5fnO8RePm5u7+69pEniuc9htDtZuOu1TBH7YrSm8lUQ5jgGKiKBFs6RIguLo6LnIa+vFGgG5KgkQINx9e3781wPz2HU28/kVihQI0qVZ4jlPjrd+XCwkdXB28dw+2EhXC7wUx20LYBzDRU4UWXo4nVFojRNIURQYArG04FhVWXE0IrFMv85R12nrmlnNvSxqh+akqVBJmYzHk8XTnGXUXv/Ms/cUkfV76vXVbdeB0XgCqo4kWVlUoLZ6mv96+3h1cJ3DzvGj4uXLN3VV+Z7FCywj6BRrirIMQ5XvLHkG9FQFw5QaoJbnoAgq8xICVZvNFY1B5xfvyrLYbbdFnmKgxWAUBu10rMs869jhxemUJ2kOE0VKYXAStBWKQmkckxTK8yyosiTe2c4egWu4awkUR+qKQSFFYCCQB5EX51WQgbhs7x8WJ9Ppv/qbvxJpNDisYbgBEOAUEydpXZdIDEJhQNPo8UzsGX0C4hgc1GUEtZUoinVdXX/5xXa2RZXcPtygECTLiqr1IFyS9ON3b36QWBVUACHoMK009UQ1BhiJEyikyuZsMIa7wjqswjhI8kwS6fHwnMXHCML0DTmJC56VEYx4WjwtFo95nmWxL3FYW1VxUp2czLIqg5vudPaGIsg8i5oGMntTThBW63tB1Cezl/Onhyjeaxp3ejLjGExSpR9++M3Z+QVDELa1KMpgt3dIDDqaaJoutqXjOpaqTEha9l3X9SNOEtD/3f/6t5pq5kV2c3/LSyQvkGFgUzipci9Oj/7V5nD39f4/IiREUjwEE58ur73A2q42SZDiJINh9MnFTBBI27NuH+63hzWoUgIW3738twQKvtz9/dabMyJfNfmXm49BtmvhYL76Mj887r19miQsw4uiUqRN09RZmqx3+/uHTRx5EMAoUhkNjllmiEGiYzm2veQlUhToPGtdL5UVs6wQXlShriuzvK7aNAyiyAFoffC8ssr7fUNkxTyqs6ggUFrvH0sK/+vnP6wPl+9+e06xpO+lJMXnVWvbtu1auqF2MDPsH5Mk5ey2Pd1Q1KFpjjzfggEiSbPF8orjKT9Iy6p7/vyVdbCdwxJGiZ5pDoaiH2/W60UUBcPeTJSPyjK3Do9+vMPIBsVbjiF00QAlPRg8R7pi51yyMkLzRJe3eCcQCNnUJahRQxufn72z9qEiyT3TLKJCVcYISvne4frq8uj45OXbb6uqwkhidvya5gTH3zzc36iaKfA6RTB5lUehxYmE4znzxUoRtbF2YcjHXVM71qZn6CzNNVUdRn5Z2n61Lqoo9qr+YMYQgu9ELMOkZfX15uvCnrdtMe69JSnJ9Z/6pt5TTFHomfoRwxJ//uXvPt9+EBTadQ+ywuA0aTsHnCTHwwtB1L5c/8HP9uez1yJ1zEvM4/JquVsKAjPo9+sKGkyPtrvFZrVqMMjxwrqAFFUT+R6OsRCW3y6/rB1fESmJwyVWEljRCbZ+nGAY0pYpqAHHcWGcL5dbliVpmtX6M2sf4hj96tk5ThA3t7efv/zY5F6/z2ZNGJUOwdSCgrfA4bjm568foyJI2gRj0WcvZ1Wb7KyH+8VHx99EkctwuGDKG3/u2g8KIyv8oAVQFG5pEtP1AUWyoe8vt/sk8Ma9Ud94DgO6qqMouj/4t//w83/86fJPO/8+rA8P8x+/Pvx6efeZxKCBqaEdN+idK+IpDmsSo+AtVKUZzzLrrcXxPEN1h+2TKDA0iQEoqSGAU0QHE7PpC5mbdQB6fPhyt17xPCsJvCTqy/m8LDJD1mXZ8PwVhCZZmQMUy8u0bgBNYyRB+K6nylpVpld31ySDvz3VTnv6tGeokub7adnWVVF5XimpY4bhcZSAUbIt6iJrMJjsmRNOnnp2kmdumh4knTl7dk5y4v5grdd7VdRlRfzll//+aXvV02eT/ruuoeoq8cIdaJueOdLUIUnRy8X9ZrNsATwcTHVtoqlHKMo1NeTHUVX4jr9cbb9+/PSXxeO9yjN9c1C15KA/FiTdtZw8dmkM9HVWV0RFM2GUIQkWhto8DwGI4a4qiqJtEJwW2jqrqxiA2nI9wzTGR2PHDw7bpSSbL85e85Sw2x/u5/e/fvzSQRBLECytUrRg73dwh/R6M8877PaPisa0LYzTIiewQbxm2E43ZZqkCQLL8tIY9gmGTZJ6NhoyFIuhBCja4eC0AeRq9QSg1I1TiKCLDnHtcDyayaKJYeR0MmRplqTVtmbzOljufi3bVOaNV2ffngxfCrSw3+2zNITQ2ouDvEgMfSwwhiQakiSkQdw3dYrmd+vH3X41HA8Hw3GcVAJL5wXIi1IQ2IO7PxwWy81c1aTRQMcQ6mT6AoaYh9XPH+eXv366oVFS1vpxGVAMYSpC1+RlU9xcf/7hu+fnF2c3Vw/79b5vDkRaIFCEJDCGxtPA6snquPeKo7gfr/4St8Szi2+yHOLZIU8MqiqJk3Ved3lcDY0RSZJ+OK9AlqWpKik0CSW5nbZFXtWuG2VpGkde2+UlVD9trTDNTk+nqmlkRWNIY1U89eNV3Nia8IympvPlpan3VUW5f3iIApdCOpZmeuaYoymCZNoOrFe3d0/veZlVxB5OUL6/fVg8lB0miBLLS3DXpXFUViGA0jjMecYURXZ7uC/LzDS1JIxhQDF0n+X6cZTFqW/trsJoCyBsODojaMWy3KR0N7vr3eFptV5yFG0o/bKsb+++bFeHg5VDHVfX5O3dHIRhA/C8qAPfamvndmG9/7rNshqC4LpM87oq63Z18HhWOD0ZGH0tCLvZ9LnASThFJ0E8Hc04WujaxvKrIuskQeJpTFVEa7+JE5dgkMGwP50exUmc5G2HkmGUYQSdZCVNwEWWWI4vcrxm9p7mO4KWtN4kCkqRl8u6iouOQIAkcOPRRZw129WaYygEJtygelwnj5vDw+2X1xcnMEBXm7sYlEmWjUb9NPabKqnykMWqpqn2ViAqclmDpoV4kVIEhkFxlmJoDBc4WZJGMIbY3s72trZrkxQs8CyEEduDVRS5Jsk8N+paIomW680tCuFm7zmKkqCLdodHktaPZ9+iXUMh2bPzIQI3nmvRLKEpbAMhKIrYbgDjcNpFa2+nigKNQhjSKjQ96/U1jW+7ZL587GqRp84YUi/bw2L/lxqtWohqapCkadM0CATXLQAdXLVQlrsYDZIsw1HI1NiqSHiO9Ty3g7Dx+AQAYPtRXpYEhSEIWmUZTSJNWTAs2YKw7TzbW4VJMhj0kzh+mO+jqDaNnq4pD8ubm/WcECU/CCgC4zg2Scv93k7yNEnzroVEmuFoQeJlGG+jZLve3lnOUwOitExUXRqPRr1e//H+/vH+sd9Tjk9PsjRrypwiBYoaatp52XTXN/cQQo4mRzBEb9ZbXWGypA6dVuGns9krHO3s/bqpkoHJFVkOGpghaZJlOhRO8pIX2S+fvrKMIApqnMOeV0IIRRDc0NBZZeJsD/udBXWUJkpV3uCowrCTiTmjSX2/LXwngWtsOpzxtKwqBgqRLKcMhpPN4jFPIsOYHbZe6GwFFq6LzDB6qqyBulNVk6Z4GLSBt0iq6NXr1zBM9vqT49mRooqX159bFGqQsoZA2bQkTpzNRlCbFYkFwQgnjKuiBW1DUXhTZZvtbezZRQs5vm05fhyXo77ZwZggqZKhyrKwWu7LrD0avDg7/v3p9O1Q1SUaC22LIjBZpkm8ixMPR2o/9AFUERTu+0GW5RyNMxTlub7j2S0OEJrdO2FctOvtKvCtsaEPVS1Pwha020MUpOV4pE6man8ocnRHEu14MtWlade2We4F3gHGAIZji8X88vYmzuL9bkcT5fERl6frvbvZbuYSi/E8z1CYbKp+kIEaN0ejsojKNFQEvq3L1Xqx3i5ojukQbKjLhnFGwaaq6ZzI3N8tt5YLE0TTVmnmsyze5JnIEwxLW04ga+p27yAN1O+/wFGi62qGkRGM8oLtTx//sD089c0jQ5mCJqXInGZximaSpDqaHun6wHejogzLwicJrCdzp5MjjtP2m+V8eYVTzKs3v6tqkOaZaajov/135yiOga6rmpZhyKqMoszPYujNi/+JwLKXD3+fgX0HIUlUJHm5OzgwDHq9Ho6hOE6cn78Yjad+YG2tFcIieZ2DEpmN/lpkB37wJUwfOZ4z9DFFsY6TgK7OqnCxmYdZUta1H8QsxxIEkaVxFLpNW49GU0lQUdCeHj8DMBF4h8e7r3nZKeIFhTGOuyTwxk+yrISCJLEtW1LkIi8T36EZSuDIw2EPEVgDQWEc4zgGtbgijXmhhxEMw9Mbd/Xp6sekCvrj/nqz4zjxzdvXb9+9xLFOYIi6KFGE01StLNI09iiS6PVPD1srjXdZEp6c/VVeJDASFh2SZOVgNNIMg2WJJC7zrM2y6PPnnxukMnvGqDeTxL7vHwCacxLf6xlpEqMYgQDK0M5VaeAGDx/v/qlBQQcAgymTwYsiyQWWN/TR+cXLICp+/vljEHlhGCAdoqoTSVDCyI4Cn6UZUZDubu7TOB8fnUJwFIcLUWSOT17DENe1UN3WZRVDSJfUye39E4Exs8Hro97Lg7Xa7VeiLGvqOCtb17fSOnCyfZzkqji9OHt12Nkf39/AMILi+P6wwRgYJTIGZfvay7aNy/wgiCqB8wjcLnef//DL3+WgMAdqURW+74+nw/XjI06zs6Pvqqr85ct/ZDni3Yvf89Qwit2HxRfXOQx6WlE1OE13EGy7++1m3eFo20BN3R0fnTGUVtVQXriLw60VR4O+mqU+CkGmOowir+w6UzNnI6PfM1mKvbl8dO347GgsMAzDqiJFnU6ODElSJCWOoqwsLO+g98TFbr07OFGS3D6tGrh+3Gx/vlnXcIfQbNN0Vd3c3z7gDFy0WdM25y+ejfrTtGjSpl45C89dcbTAcQMIrbM8Zjmxa7AsSUPXJVH8aHzUM0agTZeLL+vtFUrBdpo5QSwrMobhXZunScWTMo7QpjZtao4i+xw3gYEkMMOePJblPgpz6/XONHRFph8f7yWe++E378omXh4O13PPstO2wBR+jGLdzfzL5dMTRmJmv0cJyvxp5bquphimOq3qZrl/8IsEonmGE65unsIgYhlBYtS+MXU923U2v/3m9HQy6mp6bE49P56vd3Hehl7GCuZgPEFgdLNeOQcXR+G724coiniOoTmdwOk09naH1fawaxHMHJ+ullvr4I4HI4rC9rtHmuS+efOf8WS/g1CSaLsuq+qybRoUhxbz27JwGJEWRKFtuihK/MCjOGy3v0/yrW1dN1CwXD3CDfb6xdvfvf0bWRoxjDow+00Dl00niPLFs2eqJgOoY0WRlmTLsdI8TtOUF1mOxUkaJxle1IzAc1EYkiSpKOuyyA777XK7b4qSJEWaEmzX9nO3wTuAYycXI0kUDH3CcPThsBU1zewP97t52yWSIVc1rfbO48xZWQ9tWyuyWmRdljSO52Vludt7+63z4vTZeDBUeBqp68n4HMPIpvDLKtv56XrvbzbBbnN4dnTW742yJEW6vClLkughCFe3jhfe5EXWZMTIPJEZ8f76c1F4CFGhZBNlruus0A6MzQlPGTDK5GnGUDTHi01btm1FM0wYltYhzKKAlxRNUyRVADBkB3ZelqouVWWTpbWujqs6+zr/44f7W4lX/ur7b89Pzi9vPyEYNOxJsizEaQqBejxQy7JcLz3DmAqsgEBwGmUDU6dJtMgctKuGxjkmDPb2wyEtorhebbYsJR33XkoMZ0f395slCmMDfUAQaFFvndCG2242PK2a9np+dbXdPSwOQVz0emMM7hgGNXpKUTePT3OWJsO0ysuaZzSZHeetb4ePPeWMQIer9SVH0zAMWbvtYGD0dVkQNBjhUAgpapCWoeUtgsQJvKxvnhlqb/50l9eQqo1k2XC9MMszgSM4Hq3K2PUShtbbBt5ZcztwAs9FYZohh7Ppt2VR5dkiqW6rbrO174PwUKU5AjFFWabpgcJzkWtwqDFl6fzkFc/xrrOlSOps9uzs+PXJyauyBO9/+gkjCQSHmsYjqO7LrWX5jeXGm8WSodFR3+QFAUYQmqYe5/PPH3+hKfzFyStN6gdOeFhvKIIZDqY8TT6t/KaF7u9Xy+VivZ7PF/Mwcj1/xzFgaCiOa++toO1gnCLLItcGBoo1miZnZVdWLYQS861dNQgv8aBuVJnjBC6IEoEBQ0NBUbzp4P3OUrX+cDRLktJxA6M3WNsHQ0C/ffVblgG7aOckVVokbRMloTUa6CRGkBTf1jWOYQhBZ0UjiDxcF6OeAgNQFAUK8xw/a9smLg95E0RpQlIUw3JBEK82+7qpaQaQKCuQYxRpFptrhpdU9axuoCBdppmNoTTHTOqKVRRR4OkoDdKiGh4fI3C3sxOS1ilWrkCxC1dlW0mC1DYlQ+ITc4CCFobRJKn2toegosBOKwB2zue4eGwgrCjR5WoF2kqRlaPJCc9JHYJCKF1WUZxsGqhlKAaBahQBiiSHURKlJcMJaZRlNWJ5WRBnRdGwFE9SEs1KZl8TRer29kuaZRTBwDDueUGSdqKoaTzd1OH9+tbNC5wmiyJlGITAkcCJuo5QZBmAjsXIkdnjaDZJvKu7L/fzGzu0WJGlSHS3d7O0+P6b70+Pz6oi4Xn6u3dvIUDGftE1bVV0mnZxcv626bL7+R1KENPJ0WZ92O+2XdPSbJ8i1OFwoqsmaKskDVVDNTSxqiCKUkbDC9k8cr3Q993VZr1e26poaor58Li+ub7HSRZFyDQIMIIZaAzDkJpmarLBcTIMs5pxhOQlQTBRmIoMO1B6R7NjSR2wDPd4dxNnsWZIdV0UmdO1XVsTHENjMETRjKKaGMxQlCSKPRjm0qJKCt+JdgRF8rIYxYHMk9vtve05f/z5FwjkUbwLvH3gbAQWHw2my83up48/S4ouc30Mhrq2zcuiqNy9//j1+rIGLU7QKM6qhrHeBk9L78v13jr4ityThL4kP6e5l1VNH9ZbFG3DMIFQkuPYIkl1Ta3KIk6S4WT69pu3WdG4TsiwvNbvYzSXV0mSe4IqP3/9TNPEBuSLxVXThOenb89OvxFECcUQ14/CMCQwYGiMQHUkjpyfPjfkYRgEXuSkWei4NsWyAMIRnFU1syzqwA9ur7+Eoe/6zt3j7Yef/zkrdq67+Hp76Xte3+jRBLOa36zn94OhkZXpYreN6iYuSstxnp+fnBz9BkfkDoJIirx9WEdJDhBAMbjAwWaPSUPb0DhB4gmKzMv89u5JZMWL09+QON20JYxgON49rb9+uvuyOcyzzO+rZ8+P3nnRJi79uOiub7fXV4u6xlGcL+IQgypNUd+8/P7i+FuGUbMsT/I4z2NRlMqyibIIRTv0v/5fvSFxnKZYhibbusxjPwrDofmMpbinxZ9uV58IgrAtD4IQQ9cYjj6eDkHTUgQqC1K/f9oCYrm6KYB/9mzCk/zE/IHHL/abq8XqZ0qkGZbrOgwCiKroCIxxrBx6SZJnOEm2HURSdBbGeZYRBIbjaE83aYzJsvjFi29UbVZXRZbbokybmn42efX61fcwqKPUb5AWIFBTV01TiZK82++jOBVE4cWbsyBwDVMjEFhgRYUfCKxJUKwgco6/AXCFUuhkPKjK5uHuSZYUnhWsvZWEKSg7QxlWVceLXAfl86eHskIISsaxSlLhg7U0zPMoAnGyyEBV5rAi8l3b9AemH0QcpZj6kCRayaBU3aAIHsAEDGeCTIahbe3WEIqCspF40zBPaaJd7D5czb/u9/smRSb9d0PzOEkS0MCD4bQs66wsWtDquoxjFEezPCdalu/7B8vasSyPouRuu1J0GkWzv/u7/+7h6VpRtdPj1zAgkQ4SZamF6ofFXRC7dQ3JnHI+ezsdXvA0ihGwqshtR1AMW1a5m+3tYEng9EA7kjkuCpO6BBcX57IkNHUOYbUg0+vN7fn0HYEIbrhESQhBsfnTx7V7tXYcqEMFjrZdX1GV45PBYNhvK4xjBywP79yvksgfj941DVyXTuBtv/vu9dnpzIm86/trjqd4jqAwJIkS1wt6vdFkfEIQSpLmReHer7+GRUHjeF6nTdWpwqBpu/1h7/rhdDTs6YbZMy+vnmAYM1UBhboPH6+PTmZ5XiRJHnrJ6+dnIk+quvbHP3/YuWleNq/evoA7PEuLjRV9vXfPzo4EQd5snDiodmtLUtTV2rIP3mAysjYO3jHXXx86HHZi33F2FMUwrLi3HRSDCIyRZZMicMMwx8MJ1OEtgBsYY1mRZ4TYrUhI+N2r709HrwyqP9Je/M13/+5s/FZhexhKxrFV1wFJVaDNPC/ASIXhBxBEnp+ciww7X2w4EutrEgSB+XL+uEsbgOMtMtSMsnJ34fp2uU3zzOjJPV0URa6o8q4pTXWmKBPb2zyurwAEQwBz3SxLy8AKv3nx3fnR67wKEKQwNQVuaEWedE1rW74fR2lZdxBC0gxN4vc3D4f9vi5L05CyNMFxWJLouoXjOJUVcbPbPKw22/3e84Oz4xFNYJPhROMNgVGm45c4pmIog6EIBGdp7lrOwfIOMFqHwYGiYYYjkjSJ02jvblfb+w5Nwnhb1iHcZr3+pKuZ48nr8eClJo33O3+/ORAEhpGoqGmybiRl5Xp+mEQsS+ZV49oHQRCqCtJVM3QdCO0IksRJKktSuEHHw6GuS9vDbr5cJGVtmBqBMQhSN3Calk5cJGWVD8Z8nTcCb0IIubcPksJLEuc7a4FHGJqPYkQzJnHpeNEGwzASJZEGV9QBhiJRms6Xa1GQRmbPsfwsSyiU5bkBaDrf3lmHA4QRVY0cDsFkaL68eKFIRlak9mGNYawgHqMIEyT3fjxvIQLqCBxD09TerO9klUKQ6mCtbW8niAiClavVtqpxRhwSlCRKvbJEGwjdOQfbtihWAG2niTzUwUUW+r5H8SxGQSWomrbW9ZHvRwRMRPnhavMzINCLk6Oz8bSqms9fP/tx0NMVBEagFiAoTBDQcrlUVP3i/DVDkTwvgBo0VTscmm0VVWXCC72m4BgGOSSbtGmcg3M8Op71LjAE3ziXj+sFRdGz4biKk6K2yipReVHhdVVWVvZy7YagQX7z7oeROeBocvF4/f8vKivQUgy2PXheGDA4oYi9Ejhe9Miiqq6+KkqXZQgcRdM0JrBGlniKkEBLl0WBYWhe+o63TuNMU86Oj17FfugFoaSPjP6IpCg39DvQUiQEtUUchQAgNKlSBOcnu6ZNCASRmGFfe8UQYpQsneCjl8691IvKnOUQAgeKaJq6iSNlEuyOZxIKQ6Bpe+aUIrjdeilxYs88VuUJQ7E0RaSBrfXEILRgOO2a3LE9nkaO+uzRUBuYg6F5PDCPDEmBqvrD+7v503ZgGjLPtjUCoXSWpFmc8RyPIlCDosfHQwhqjqZGnoU4iXQEFOcJijdVEwGolhQNQiDDECGQLeaPJI6YupTEMU6SNw8PbpjtDj5OoYbKGpr6ON9BCCyzDU22DE3N54+a0asqwAsyRZGyTMIItN47BJF+8+KCxFkv2y0O7vaQpnECQE4R3fnpS4bWu66ripQR5bJqoyjhKKbfl9PUj6IIQVkAc1mZ59UhzbcYATdNQRAoSZII1LRt1ZRhV0ND85zheCfcVWWL07rtbbJq1XZpkReiYBjajOf4vIr8OGQ4setwe+8FYSmIY0HU/XA/390yDMNxfJHGWNeO9HEUrMLY1fRjGGIxlCYwuqgix78r68D3M4IkOZaiCOzs+NqQW9kAACAASURBVIynuTTPyipBMBpD0N3hsagCnmOjyKcpRNPlJEyTvGyqyrGdqoX3bpmmDYmhI3MsimMUxSNvGUS7tspPTo5YigIdjGIUDJOqpoLCCuO9lWVRVkWBC8OtItIsiZA4i3UMTdKaJOM1ggNYlXgMAz9+vVkcYpKgZEnEETjNK5YiWZKiMCbPElOX+7oOAyqPKwAwilbKGurgar2/c0OLYeierrMM2+QFiWIMqUmCzJJUU5YUgVZtU5RlU6QIQbG0RBICDDN5mpMIApcVzwjTwXQ8HNEMRZItL2KGqZga50cegxRl03Cc5u2jw8YNw5hihSYtFosDCqEvL07hFqobVBB7qi67vlW2OUK0lrXFkMp2tgiKGKraAhCFEQJzHUAUSeEFvWyQNK86KEsqK66q7W6/2Sx3u9vBmKd49uvtvawwokwftvO6jSkSt90cJeTL22s3eNBUlWFEEsUQCDSdlxX7umuNntE39Ml0hKHF03yZ5fV2H8IdShP8ZPJiPPkmTJu2jgikCD3rzz99Xtu+ZR+CINRNNa+q5cEuq1Y1tLapbcc77A40xctSj2GZNPYty6IpdDQadF2VpT6F5zBU6P3niv6GZFhDYxCoxJDWNIWByfGCDCMoz0tRnKSpL/B4FGUoStAkP5oe6YYGAcTabeM4U3T95bevAdKu1ytjNPh89bC2o7LIL04GQ9M47NY0C5s6//nrzYevT2kJcIbo4E5lGV19juNiWdYIBlMMPRyYBIaWhUNjGYKkNNVVZcIwpCAK86fFdu88Pz0fms+qvOzaqmlb13n88/s/2HEnywpF1IGzujh6y7GGdZhHWZxlCARIRRkTGNuUZVMWWQwYtqeqw6YBosINpgOAFEVhR5ELQQVBQuj//n/zL/KsPuxchqHzNMEJ2ugdMYyepJv/1z/835ZuMBgMeEFoqyYLyvPz52WcVkU+HpsYSkvipO0IN3iMi21TZxI1fHn2r+G2O1if9u78Ybl8uH1qm8p37MFogBMkjJAsy0EoVrdNWdV5UXleTNMkzRAMTxEdMTSOGZJqW6SDeFEyEaTZu3e7wwfXXcrijKX7X2+ebG9t9hVZEXmWwXAcQPg//uEThnbDkZFnIU0hEOjevHwnsD0c54oiLfNQFCmCRDmOPZ5Nl8udyIt9vX97fbdbbDFUfPvmb7XelBfYm9svWR5Iqs7w/bKKsmJLs8jN/f1yaR0d/81uf13CPs8IA3OAQPDDzWdBZEf6+Gh47rvbrHXcKIAAyqvy/f0Hmm41VYC6lmMlidcJTKZwIQ5txzvkOTzQX/z2zb/vmS9FUazblOFI1z3c3V7Hsa8Z8nBoJnHIMWQQBg2AVVUaDoe6PoAhsi5jQ8N+/vk/fb664gX56OhCkUZlAcq8Ylj+4Byu7i4RDHCs1NMHpj7uqo4hAEXBdVMHftw2TV1nMJHjdCPwqsiMvH2UxyVDMkfj6cnpbL29b6AUxsuNtRQYYaS/LoqU5Lq6Kb1ou7eeVrv9+cl0ODKfFov542LQkyEAwZ2EIkJZ7dJyK3ISgYhtWbRV/Prlc13X95794evn1cEqikwRpKogGMHQNVMSZUMbpFmL4XBe2Xa8XB22WZqgKKjLqq8NRUlLY7+q28ALKJI8P51wAgfDFUVBH95/erLj/+9/+MPd42az3cdZWdU5QVPrtbWzkqeVy7H862cXpjHCcWazS6uGOBqaqqYxDKer2vF0imCMbSd5nizWG6M/GA9PevpxlpYERYSJL4gY1NaKpsk8lcWRqsiiKER+1NYlTjKj0SSJG4oQNXnEcUOB0WReHoxmjrX3vX0QHCz/fr77GmbLFkRF7WatF6SrMNqksZ9noe14b7/5VpDkBmCggXw3LjK6qEGDdo4fm4omstj9w4cY5AfPKeqqbbyjid5Uud4bQRBc5Z1Aj+GOTOI9DBWggnq6zpI4DsiRcY7jTJhsIKTASFRWe3HUsBSPExQvi0av5zuOoCr3N5cPDw+6Lr377vXAlB4fHsfHMwqHfnn/vmqa/mAgqjLNdm5wkESOwyCVMyhIhjv++cW73vCUIrnQt3mJSmJns100SCsqjOtv7u8vVV2laRLBkDCLiiavoDovwqvPV0ezKYdTJ5N3SCMyhEGgXFEGljsXejjNVgBy7fipxcMPn//oeOvh0JwMhttNNJ2cyZJEk3QUFqLAw0jdwQ3Pcn1znEaZLDCSRJN4G0Q+QHFN0YLAjeOD5S2z3M/yIAqd8UA57D0cEUlSTIt0MjNIrF0+3R6PdRxlYSAzHLfafw1LB8MpkuDaEuXZUa93HNhRFCQvz0/OT0d//vHnpCgVxXDcihVEhOiiJFVMLU3rxE1ePzufjIZxFMSxD0BN0zxF9OCuSYt7gq5BB5Vl0XbF3c2X3X598WwsaVwQbCE4Pj1RZsfG1e31jz//IoqMLPAtgDuEAGgb54Hv23VRTWcTAkGCwM+L+P7+gRVYWRMfHp8QCJVFERQl0uVOdmeFK1GV8ii7v50XWRmGblHVBIqKgtS1AMcgFAZxWjx79pznlMjLYRiHYBrHKFAVDI3hFAZgBEUGsjTwkyc/c3VVOxkd0YiaZMXy8PFu8xUj0L6o9HsDL9gBqBn3J5ow6SAQlf7KCkbGdDZ6USbZh5//cv90m+RuEAVpUTMcZbs+ggJZEHhWaaHAjW4ggPLUsabJDN20bS6IFIbWvu2iGC1JCqgLHG89f7/bbWhGP3/2N1DHLJ7uRZEdToZlnlnWpq7Kg7VePN7jOBYmmRME3377w7s3vyXIWtPJ08mRJhzhQKSINkqvnfDGiqwoL+4fPNUQFImBOsSQtTSN1ssHSSGLKs/Lkhf4pupA06nyaDT5lme0+XyNoEBSyCjxEBxBOyTyi1FvMBsM/+qHvzl99v1g8hqB5KIgGEaXhP5kevb27du3b157h5Xt2JJiKoqeppFtbzf7NcDpw+EwGvWPZ/rJdIDC9d7aWmHpBsD2nKosx6OpyGm+s1+uV1s3AQ2A2gSGQFFViilpPalDO9t1Tmem67uX91GYwT0DQeA4Cn1B0iGU7vX6bZUXWUKTLdwl682a5OqeShOYXNVemDlxAWc5eFrsVZmG20bXTgSm33VInCecIGiKFPkBhiKW7bRw1++NMFzuILSqPQSLSpDTNCZJbFlEMoe+e3kscXhVFroscTyH4gTDSU0LL3c/B8mDachpEJVZRVMSQ3FP6/vL26sgDlVJcewEwzhe6OEIfH3/0Yvd0WhQZWns7lkENfheBxI7XA2nzzhmmmYQSZF5ebAO86Zt0iQ/OhupmgK3iMQLFE5keRQl+zwPMIQIk9iPDjDWBd5BFrm+qTVVFscJxxNhEJQtut+noIV0QTievsZxMU72RX7gOPLifMYx+OPjcm+FvKIavX4Uel0d7UNv40dxnIgCXtRpVRaCwMMdIfIDEuFkThEogWUEDMEpCovKaj63MBQfGDqJwG1bUQRimr04rjhGJAk6TWuCUGixr5sTgAKcqpfbL7ePnxieNExTFmSGZGlGbguMZWSK4uIoBVDHsESURkEYonDXG4wZRoYAst8fCJyfTl4OBuc0P+wPZk2be/Ghg2PQhevlAwoVDVTHwcYPww5GjJ7CMHCeZx8+r+7udihOjcaTXk8LvT2MIILUJwjCiw6Wv85Lj6ZgGM7mi7umzH/4/puqzDCEmM2etU2LwAjDq3kBiqLuQGIHTxXcFVV7+7DdrS3HtiRBfJwfYLiDutI62CTLRHF6ezc/mp6++/a3O+vBdu5MQ2dJscgLFKtgKCII/G//5e8orLq7/QyBCMCQYvbitN2udnCHn1/8hqP5pnBqf9PGgSZJkqznSVuVFYXhMIGjHBdk1Xy5Wy6tnm4okjTqTVRlxFADlhsykkmSZFMUdd14oRWEB1OjWbKqMotmNV17gaFK1xZN4pJIMxz2dns7jqK2RWlceHZ6cjwyVUVpQbt4XCzun0Db0QTT6+kkRddNu93urb0ly+L7T49hBg+PzwMvUzm8r8gURdBEnefhT5+u7KA42I5ucqF3+O2bN7p6lkVZFEcw0u53G4qCIbiDoSZ2N23XsBwVpxWEEi2EIgQVpbkha2PzDQxQGKpRDCnzwx9+/Ietm07H49FAnz/e+q57fvJ9XRO2u2+brm+MoKaDWoxjFZIS0qLDCTKJ3LhKGqh0g4PrLsJwbltPBNnIMoP+N//N/6FpiKoGZxczhqeqshRYhcSw1eJjAme7nWsqUk/tJ05xNHnJEJx/sDACMvuKvUsZfCgLihtdrQ433j46nf7OkI7L4qGGrBapbMcHXdufDjw/9oKkKqEgSGRZTLJ88bjQZEXgxMVioyiSbohV0ujs6NnRd21TXN58EnhNUyY727q8/Xy3/PLl7qebx1+DKDo//e1AGaFdRVJQHAUkRVA0l6aJZ1sojIqSuNvs67KpK4BhRF7EYWSnqY8TOILhoOkoikUR0lS1tu4ImBU482j6mqa0siz+8pf/4cv1pzj2p9PnHG/s91fr5U1elfONtdvuL05/6JuTKHkwdO3dm++D0P/0+ZPIixIrVXmXZNHWuguyUOAYlCZuHj83dSaIUhxlWVIPBs8EYdQ0GIqRo8mb8/N/9fzif6QrR5vtU1llHciSxGvrrG1qliGCwM6ymOYpx9rCKNbBaFHWZdbwtI50KKhSUKVV2YAKO56dKXIfRYmuQ4q8UTUDRiFJp4dT2ejJRs9Ik2b5tIfhfLmcAxSqW0Q2zDQPC+B0aIXDgsafTIansmj0DBNFsDwL3XDztLtFsHrnHpLU1YSjqkLK1muajGEJ2VDqotFl+fnFyXK5bUGDYJAk6xCk+kH884f/uLXXGMahCEXgWFfWgiRUXf356toOfVpkKBqHO1gRx6fHrxiKaWqAIgQvyhBU+OHCzbaH0Am8gOWptq54llOlniJTRZkQKGEfPJKkHC/xQ69nqq/eXIRJ3sIdz1H/9t/9F72+ZlmuZfuSqsk81QLQFBnaQl1LZQmE4zQniC8vpnULsrSUBVYSRI7pMzRZ19HWi+KkYDlek3qqMKBIAsVAmAQ0gU6HvWHftPe77XqLYujDw3yzXgsS1dSlZbkoik9npqLQcWS///UP7z/9NF9+wcmW5LDPy69/+PihgguOoSVV/XD76cvtlwaUF89Oiyq8/PqRplDb3s7nj8/OT3iGk6SjgXKaBC5oM4ElNJW5vPv6zz8tjR7JiyiAak1nRUHL0kYUFUkQq6KTudl0eKTL6PzxTpbI8+lkMnzOs8Mwtm+XP60O9wSFJHERhzWBMkZ/CkD7+cNlB+q8yJLQU2Vu0jdPZ+PI9fO8/ea7b7uu+Xx1ByPtaDxuOrisApppOZocasZs/IogdIKgaBJH4OZwWMWpVzV5mnsHawOQBifAfruSRVGRFZZmbMe1nECUBMMcZGGGAmRoDgdyr0xIrGM4linr9HF9uXA+d/S+Rq3F5lc32Vzff3J8H26I6fCUIVVGGCEdDCFImlUcpzQtvNsvn1ZPw1GPwFCO5du69D0vTUNGFGieq8tYkDAILZI0YohcEEheZNKmsZzU1CaSrNquBZqoqVPXsmZjc2CccEyvqtyl9RkiO6hBe3qfQFiGECaDU1kwKYLSFY5Eqw+fPzUQODs5tt24riscb7e7vaLqdQ7gsjFUhWOIukyarmBoCkMEDFVBbT1tf4oTv6nbqswQuI3jkOPYyWhI03xR2G3jjAciTWF5kbMCB7rKd+Z15XdwmOfb1eq2qjIEbjmKMBQ5CGPQATvwtoc9QmBJmruuM52dknCX1+4uuA/zqG660I+srXdx+lpTRD8NmhbtWoimSYZkorCGSTkLY0VXIYAPhue8oOVZmmWBba9ruBQ4sm0ZDDGa1lssP+maPjNNmlQITOC4JqkOEIbp4oDjDS9xKtAwuIgiWlnXO2ftuMm0d3Z29pvgcIgSl+WRk4ujFsXcKE2L1Pf90cgwJVVXRnl+8LM5aHFVuIAxfG/d395ekxQMmsoPw8FwxIsiBHV5Ea03S5qVhpPXeQ57rsMwiCihSWSt5k95FkJo0dS1IvI8y6+3tp/mg95U5o9DLyCJ6uLiTCDkpsj86Hq5ef+4fjB6itlTs7LO6zaJs5ubp8Pebeq6g0GaJx2Oth2aJRECIzyrafJMkftQW+03G4ruFImK0pwgaZbVzN7z0fStpL0oW1XVJiiG5Ymb5xZJFEXpoTjA8FbVhMDe2NamKBLTEBgKhJEVZ+k//XL3l1/v7+4XNF4cDSc0xXdtnLeoF2NpDrVVLjC0LvfzJP56u5nvizCMobrs97W6QeOyMgfa8+ez89NZ4h5Iln3/+bBYxi2IBj2UJJG2JY9PX3UI4XmefdgJEnd0rOFoCaEVL6KKPCJIpmx8hMBpTgtiiGTQOnckRpWlM5LW4jgWBJJhySKvLMuLshIlEEnkZb6niDqM5WVhCwrPMFySBOvVA0N2P/zmtaTKXpQtV49Z2YAWV2SjAv7lwz858UZR2NgPqwpQOIfipJe4B3cjieTJ8eT1m299L4Mx0gu2N/NbhKJEQfZtq4xcjWVfnHwLI/D1/EMU54b6UpTGoG2gNo6Cg+d5LMcPxuODHT08rFmGpgiqBuXBWbj+Is1ijCA6UB/sA0tjfU3vaWpbloqovnv9mqI5P6jyGgF1ezw+mg7fEBS7ti4PzoPZUzG0DOLwn3/8XKIsQeBNmUJQG+d+UFVhkugKORoIRZFlRQlgqKmIgXqqiUORVZGO1PUBQQl53uIE2iFwmdc0RfV0pevgJInbDpHVXl3DomxUDSTpgxp0T0+3QfB4sK6DYBmnvtk3THXo7xOOEof9icgqPCd2MIC6VhsMVF22bHu3txRZMvpHgiBnWUJSqCBIhjmrKqQACATSKFl9+vKjpqNxcrCsPceTo7NZ4LpeFHUQ1LUFAO1yGf/9P9+zOPa7373r9/s4CpJoD8FAVmd+kKwOT5azpBhQlj6AKgB1DMc8e3bhOhGKELOjZ3VbBkFAUHLbIKABMJQ9Pn1aW97eKxaLMPASSWDPzo9pVmmqdjTqFVnO8rzjF1/vlzxHvb54RePc/fxXFI9NQ/e9JC1SlsPLOgVwkmTW/eNdXcZZXnQQSRCsykgvX7wWGKUrvN3q7j/8xz/+3d//mkQZSrGgaCVG6Bn6ZHQqyaOmKFHQNTVyMRvjECTx2tvXP2CYkWd0v38hCbzE8yRGJGmYxO7ZdKzrWtmkebTOswJBNIaSJ5P+yFRde7Oz9mWZm8ZYZPoYhqTJDkIahhUW89XH95ejyVTmxaYBOAoeHhfWzjIU/uWb526Ui6okCMLi7kli8UmvV+S571oQAhACx3DEHCiDgcIR6LPJMdxxvr3X+zKCQ/PVQ9VWTQMEQaiLMkpqFGfqFnf9Ki8hpdeP01RlxZH+giaotknqqqEorAV5UWajvmwasu3sNru5ohhnx7+zHC/w93Ve6mqfYWTfTzRNF2SlajI/sFlN2O3unh6/pvmBY0ESORjWqYqC/l/+z/9TDEbj2K3q8Pb+qu26rkXTyJdkBkLo0ElGZp9GBJEcTEYvoRb5/OuPNI/VRVXm7HT4rqn8+f6PO3vLU9PnZz9stgvb+erHB4CguqH0eqooy0/zDU2KAJBBFCdFCjoYR3FdlLsG8v1gMujXWUZB3PPpb3vK2Xzx9eHx+mR6rEi9omx8zzZGomLwKFW57lNfN79//a+Rjrq7u1xvVlEYDvvjaf9YF7Tf/+avR8aUYRQcYQRBisM9y9cwkpI0vt/bXQdnabldWWcnz2VRhzqW5czZ7BmOEG0ZxvFGUpkkjnu6eTb7RuTMj7/+p8fFghd0FBPCg/1s9uzF2Q9+8FRVEcexnmMvVovp8UnghdbeQ1F2e3jyE8/sqyiBL1cLP/ZZlsVhomkQDCEQqIsjq4MKBOtWq5vD/gpF/fX2pmzq0HOLsuyb/aOzM90wVuuV67sohX788rUoanN0dH25Wi83uq7KPMdTOE0LqnakGbOTs4umaVC4ZWiGJBgUJoq8UhRmvb/++de/1FVNUwYC0SyLrVZLUeZ5SU2iimDQIFtfXV11JX9x/FtJGGAoI/FCUzVZFrjRpuhy3ZQgBIqLUGR0XXwOk5Dj7hCcJAg6DvNXL1/Iimq7IYYSsixHYXY0eo0i8K+X/1CUGcco/d4RheD7wyZJ4hoUT8slgHGOlVicbbO6q7GXL76lST4KQhRFaZorK99yHgsk2Vt2lJYUTUIwrPCCJJhw2+qGoKsKyXAQSlQtenV5A3WtYSiiytdFInDM8dH45Gi82ewBBOEU/fL5EMNaAgNHk74m6yyrUZRIs0ydR3f3Dz//+iHwfEUegYahmerp6YuVV0XbWbab5ylHCLqgZmma13UN0LKo2rYp6ubm7iHNsunsFMCgAbnju34UrdYrmoTbNqlBHqTe/WpN0Nib1y9OZuf384VfNGVSHvUnZm9ied5mF4icaqpmEmVBHGs9/Wn5aFuWrnEYUedZMR697UnHbZrH4UFT2af9Jivyf/Uvv+Ml6XG+lzWp67A0akAF0QRJYBjPGhdHbzG4Ws+vcLQa9Xrj/guG1NPMsqPbqglkSdxuA4ZTMVyU1L4d2Ne3l4pCjcd9mSXHI2N2fMrRUhQUDKfOTl4etk7RdqfnJ6qi5XUb+/syD1EIF2ltNHxNEWwcW4/zr4vFfRz7rEBBKF63ZQNKnMai0Gur6mj67GT2PAqix/nSDdKTk9OTo/M2rQdG/9u335MQ6Xl1fzCGkSZr7Jvt+3vnpkaSjeUUVR0nVZvRGnf03cu/bgukLKooiQisvLv56joOhvAK3++Q1PZXYWzLMl+WpSTwi9U+LeqyztMyWy8X46OBoYm8wJ2fjzsYOI63sXLrkHz/+req2vv46b1tbUCXQ131/PSUgDSeVXeHr3PrK68LPCkhAC+zOvEOokj7QRiGOc8qaId8/vqlBR1LEnUHcAxZzpe3t4+qapA4MeqZpqHurS2EtChBcKzKkCMck/fe5da6RwmSwAiGoVRZFgVJlnrT0Xnb4hAcVU2QFwlBi03Lq+aF1j/fLra+c6Dx3N495XnaM03QohgMUxhaVkBW5bort7s16AoYbjGc5DmFopGd97QL13FRggbpOtSUB79995/1tKEbOWXddADwNK1LSgcR620w6mskRXqe77s+zdAE2lFMt97NW6jieRKDMLSmOU607DsMq0xRxjpZZPqDyaSDggrCFMZoK3rrraI8Y2mDwHp5mZZdhKJMXz1l+QHclZzAnZyetxDyuNkudo6iaQjohqrW18ayaKBYHuU2gdM9/XVdgbu798vdQjNkGIUxEtdUhcS5LM2TJGqQTtbNsux8P6rbVFIwqIqWT49NAxRFoAk8i6Pz05PZ9PxwsGsIDPtTCh8+Pcw3m5s4sBAYAJC6/tPPH39aHeJnL/rf//C2QzAIwnmWJlCqr0/Oj05nR7P1fhOlYQODvMoFVlbkMYFJFIatn55gFIVxLE0rjORglG4AhePC9Ph5keVRbAXBOo9WbbNJs/mHq/c/ff366f7pv//7f3pargm8DZMgyeIk9Sm8huEiK0qI5nqjgRMmmogeDY8F/qIGSVjEll/BEFbXQBI4keaLvPl8sz/YLU4yDYAwFOv3BvOV/+Vui2KYwLN5kAwHpuuBh3mCEejFTDJMxXezLAMYyed5+f7918fFnuMpTsJQDOYYyjSOCFSSBaECiGWnq7U1GpkQKJo8MZUJRfbTrHq4vl7ON7yoysawbqHVak2SsCqYHK2QDJZGm7rKWUEq89I+HNIsglFw8KzFfhPELoSxPGlgKJ7Xy7v916JpdIUlcQSBcIZSEIwou5LAMwzJhn2dRMiyAGEaWP7T7XYBOgxFiDaPBRoyBfFi8m0FmvcPf2m6ejw4IzGtrVrf3gFQGLrBC8p6737++hBFZb8/RFEmKwrbO+S1uz0sWJZhSWrxtDwa92eDMdJhKIRIgoxhJIwQblAXVUvD+PnslcIPULRIi60XbASRQKHi4+WTG0IAJafjMUpSB/uQ11UDI0nkHk2Uo+mgrFqGZVV1zJODgfzsePxWU/ooTtp2gJJ8C9Fli8mCAHcNAcESz4uiZFtWGIejvimKetO0lr3p4Lxsgs36Kk4WXmRxPMFz3Mn0nEQlEmF1dYAjZF12VQs5rhunoRu6BAnjFI3gBIUhgqBRGI1AXRS7BEF0bZsXjp8e4M6H0DBKXbiNRVmIkwpBYJSUDns/zdHrW3+7TUiCyXMYRojziaz2TF4x8jy5u/+CUpisTzBSTOusASmKNSzDjCajKMn9MDGN3m4TGupMO36JtvnD0yPJShhKAtAQBFgub5eWt7VzDMPePB+ezvSeqtiHCAJI31QHwwHPM5u9v3NiHIPaolCVaQe1fnKHMwVCEF1L4hjlxbsvNx/iLKkaMOipTVVv1lsCIv6rf/O/eH3xHWiKKt3/8cfLfdBCKA6atqzrg+UVKXRyOtN0s6horAMSDbMkqgpkkeS7zb7MiyqLsK6N/EBXBJZEUbSDEbSD8fOj0+3OuX66a7sgT4M8zUWhPxldZFmWJ0HTFLIsm2pfVY47GL9/eD9f3jGK1iF4WdeSqMiSiXRQWcYEhfd65tsXF7pq3N09JHEEw3BVVdOhZhgDCKJCz/OLMCpCgiZgqDZNGW6q86NnbctUZSLKTJC5QeR0cMfQIoYwbV4VeUszIgJTq5XdIShFcU3RzYzjgXLeQS0CF1VbwR1tGGeyoIAyd/xDmmWyJpZlKYsDihQDb1Pl4cnsvN8/By2039zndSHKbF0GiiFBIAt9h6ExiqQQiKRJFkFp9N/8mzPb2SaF+7S+2e6t2cm5pOpZVhmG2bZM7FWmrGvcQGCGp6cvIbRCsbTqyqrsesZzlded4PPV0z81FTLoX2AEutxewXhew1WSZCjWgbb88ulSYJXnz785mp0tN6sojYoiUwT++em5e/B9y5/0+iLBG4hCKgAAIABJREFUM5j23Zv/nKYF111lWd4VDUfSKETXddM3ZUlhwsjzY2+7u7PsFYEKhjqlSAluYAYhZc5QpaOT6WsCFuKgfXbxG0WSm/bw8PArxXUMxYduyfMiQ/GGMWIYKYyb1drvoLZt8yze59mmgyqBZwiK5SlxOnhWFo1l3VRtfXRycXb+rC7zri4G5vPDYb9YfqAYbLFYOo5//uxiuXj0vfTVy9+1bfw0v9IUVla0tm1aADAIHffHKEoTGJkn7mZ7WTbWfPn56eFLnoe6oXUEMRjM7P1GUeSe0auLAuq6KHZojiiKbLlcGf3hm9c/aPqEJrHJVAk9K0/iJAU0pzYQxkuU6+zqpqyqVpIVguDSpEiL0IuWH69+FiSBJeTT2bMySSDQkjjKsFILdTCe2/7TcrVQxf7F2bsgSA67A4agOE43Xeamu627VBQeAKQGNWja4/FvYYQu6zCvchSlEIjUTNML0purh1evXk6mw67Bz8avVVnKihVNYeP+MYkzF8en99f3YRCPJ8OqBkUKJv2LF+e/6Znm48Mlx1EUIe22LoxDdZ2Xue2n+wKKbT/MsgYn0LZpFZkbGYOuqnq6ypC470cYTug9fb1esRTm7DffvDmez1dhHN5c3fT6Rlxk/aG+eJq/fjFIMx8CFc/RadqQjHb67BkrEcOJcLDXi+Xy6Oii338ui9Q//ON/e7u5DwpY0XQ/SqPEb+qkZ6gkRERZenV35Xs2Q6JRnMRpisDteDJ5fv4qcJyyigtQWbZju1aYxFlZJHXVQKDrwPF4REOU69sQxUENhtft7OilHydNi+qSQKF0GCQdBJ1fHG13KxiChn2RZcntYT2fP9IofzR8RnYc3JYU1SqacHY+XawPHz+6DI8KghKG+cdfvqRxxrMcgbNpUlI0XDYeyWJoh2OIQhEaghYb+0sHpV0HwzDPMirHa3nZYiSoQf78fFQBgOIwSVJFWkEdmuUFK3KsJGdFAmEEy1NlUREk0dQFSZJ1hRn6lMR5XqDTzF9vHmzHOT47H/XHUVzUdYmSoKhz2z7QBDseXZAIG3h7WVc4SVFVFQJYmZQn0yMEUDQuYYTYQTAEBV8Xf96kKzfJ2hp+uD2M9ZnKTwfS+aR3oYv6arP1A/tgr3CiCAIHQbq+OiNhuczdst0mZej5HoIgAscTGAE6jKZQ295IMh/6CcPx1sHvm/rD45rlxTBpJ73j33/7tyxFX958LZtQkikMQiVW7WpBEdmN8+Fu84XjWQymDXUEIRAMF2UTXV1/dn13On0+7J/VBUxAQGBokeHTKIrSNE3K529eUQROkZAXHkiaGo6HddOQhKjpz+sGeVj8Kcj8wWAyGox3OwdHiP54xIs9mtY6CCPp1vK3fuiSNN90siifdogKd8Tx6QtZNuGOBIB89epb0zymCRZD4Z1tN1BnjrQocevGPzmekDhVFRWAUi/Zbg57jpURGKvrjiP509EriR7Y3pqkEIYgGJzUFOOwj4OkGQ5U13X8wC+qmCRAFB2yPNocNh0GVaBw7QNLiygqo0RLMbAiqyhqwLAAN/GHu7/fuz6LSzgmPW4vyxaYwlQVxnF+yDPPlIeadAyjXBr5LKub/ZkTJMvNCoLhl+dHCk1zuMAzBoKQoIvi7CBLymj4hiK01fqmQ8vhwEzSLMtzjmV8K8YQmqIZkqUOrr3d7ziJF0SGY4nd4gmD6f5woqrq5eW94ybD/hhDhDxNCY4SeRntZIZmQWsv14/WbtdBtdqTy7bdO3sEgxiO+XS5sA++IfKmOjgbv+JpKQzjzWEBkJzhGBjqOFoQWTMNUgLFEATT+yOAkiQvFlWZpWmUeDCUk2TxtPyU5+s03oDOX2xv3Dj6ux+vF1aLscrjMrh6cGSRrdsmTLOry1uchPKynq8sO/RfvnnheJHEoeN+jyRnDQz54fwQpAhExHHW68lVlog8dzgkdw87URZUXdnv/H5PUhT9ce4u5pZne6CtZJHpOtSLagyjTycSQxMIzi8XO908Yhm1BdDXm1WcVAhW8AzR1o3IjwhCK4sWwTDLcbK4MFQeR1tQpRiC0oyuaUPLOdAENJlOX71+Y1nOYr3CsW42OG5qugENgKKDtStqiCBIRZVRFPEjf71d+0mhSiJDyxI/AXV5+fSHfexiMMERCENgKIzxnFbXSJKGFF0oMupY1sPjIi9zXiaz0r96eiwbSOSkgcLRUCGSsqm9ysrmyXmoYYQmyDJHCYTnGNbQtH6/13Tgx58/p3nL84LAiwTBwkh78PZusM+qiKbxSX9CUQoOQQiAIQBhGO4H8eNiubccWtCqAjHEwXjwsqpBVmzsYAkh5dNiIYtiFHckJ2EwwjFsWhQABY4fMBxT5wnDAFXhsrwua8BRkkiPeXJIUzIMI1WTb5ZPMIrqvaGimmkSiSylyrIsSCwjWJa73a50TdB7muNube/paXN9sPaWs2ZEMkmq2WRCETzasVkM85wmCmoYF5dfvqIUTvJ4Cxe3t5ccj4MG8ILalJksqxhCsILSQW2UeG6wDZPtH/78n/LSPj0/AqCNfI/EyDypCYyoG5SjuSyHfK8+7MPprDca66zITEy6qBsEherGn28eSIacjl5z9MQwJBTOBZHO42I4Gqw2h8iPNFkhMUkWB4Io1Hl4OKxURRM4qUgzCC7SxN7aVg1auM1fPhsfjUyohfIKjAY9nKBIionjxAsCisUNjXXcjcSy08HLqkqy4iHNUk2aDvoXRVHHeYxRRNuAoalSGNdWBE8bJ0fflCmMQwnaFR+/HMIYGo5MGCDHz1/JirRcOHVVHx+foJTqe0nX5iRFnp5NAQRcL/z85YpmkKr2SBpJIyfLoqKMD7ZNMNL33/9usdwtVnvQQD3DFEQUhpqmxUmcL3OAYzgMSl3RNfkIRTQ/3HjRqoG69dYjMKKnDwVOhromDPcwDvo9Q5YUUJNJkPAUPB2rdZMN+73j2bMoqHECDhMHoYHneygCY2gnUezF6RuSEovEBnBd1rHv7ztQabLJEVIRJDTO8oIsK1pZQ20H51UVB/FQP1PFGYpDfrAqikgQFFGYDHrHECjapiQIyBz0oyTK8lIQ5DL1sa48mVxI0gRAUBDvwzRCCRy01Xqz1xQBx2lN6WEIh0BcrzdGUBr9r/+3Lzb75c6aUzQJQ/RwMHUsez5/cg47nuVxhPr23as8rnVjiuJYmllBsreckOHN0fgMg8ObxX+KIn/QP6UY/v2XP672d6cXE5Sk5o9PPMdTGNNkhCkfv37+bZL4y+3TfDOvihxp2zxOQQ1xtHw2m5IdqggjTTvpuixwl4vFav34QCKQJPZEQbKd7YdPPz8u750gCIuk7hIAxRzHnZ+9FjijrggCFTCYZknJ92KGkwFAcQw9+Lef7z9lVToZnErcdDI5lRU5z8rx+Mj3Az/ao2Tq+Ys8PWBofTg4u/USQTASJYowMzQ9DtdVmVEkeX/7gGF43eQkJXPsCEZTgu6iLCcIhiSJ27trmuCPJrOqjOLAMlS1qSAAEAznkQ7jGYUi5TxtIZRiGYllNJLRFHXy9tt/wYnDL5/usxywJKmrCseQq/m171ocr5KM1EFwmiSiNDg7+02etyiSXF//+fry03TYozgmKaKqTaLUSjKvrMI8K2SlL4o938s6GITxPi78NI5ZRJz0jpu8ggHU6w02O5sT+DDdXT9+quvK6PVQtPvxz/8pCg8XZxNJVNebBz/eNkhJoFBdNRDRhbE3Mp7hnYqTRRAfWIZjOfGwP9zf3/A8/+rl8W67WT0dZG7WNMX1w59EQaoKGNToeDBtajgKMlky8hxWpcmo90wRe5vdwz//9E/vrz4ejYa6NEC7Ls/tLLescM7yqB/5rufzAl3mhUBj57Oj1M+hDu73hmnaBmGIYpBpqlUe2octhtYtgBmO2+z2HdQZ5kAQxdVy6XtbiqVqUNV1Jcrm0dEJhoP72y+i2ICuY3ltPHz99s3bnz/8dz9+/XODYGGUBqFXlrWqSa63z8L92ckMgvA8TzAY+v6bFwyJ7g678VBLokBkNFU+a7sKICkvcMenR4JI265jWfuyScoyCuwDhVJtW/wPf/zT08riKYKg1D/+9P7T1aLXNzW1j3QwaFNVYxgK65pa1wWWp7O6+vHnX7LUP5qMFeHcVE8pDHVs5+Zx/vOXeQfgYV8nMHIwHDVVi3bws5PnmirZ+xsAuQAOPN9OgkTmewKlloXdIi6MVYPRZLuySVI0zXHoR0XugiYdDpQWhh+uv8SRZ5h6U+c0g64389Vm6Xnubu/gKNwUIYwAmuE6COclXdZM23XyNBBFsShqUdDOZxcUTt4/PtJ0h9LQ0/IxCFyapnlWxVq4LgMYqTqow1Bo+bjEUVjmmPXjoS4gipNQrNrZn1fh3WK/JVDiZHCksH1DHMANy9CaqupB4PzjH//g5wmril7oJVkuSRIBYxxhkihyCC47Eli+n2X16xffBF46GIx1VXFdr+tQmtGqujs41uPjE0Vxumo6+4ioqdnwvGkTy1kaQ227XxMwcTp507Ui1IWXiz95uUfjrK6OKZLZ7zdR6KRZ6AcuxZFl1WKw3u+/1dQBg7EYKlK0UBalORoYPeXu9kuvz4Eqoxn0xfMzx7FBQ0niedV4W/sKxTmJExCAx1HcNCWCwnFS2VYMY/juMPejDUkUGI4RhJCl9dPDCmlrSRzK6jFN9xhuMjt63gKw3SwHo6Gb5E6wx+k6zW0EzlmWEhgBVE1dRV7mp0VTVbDASzCMowClYVWRLuoma1qfZcjpeCKKcpLXBCu4ztayXc0wWQb68P6fMSifHY1bCA5S+/PVVwg0PEWr8lDlTQKHKAIn6V7T0Fnuf138cWV7Y+OYo8XV4SZJqrdnfy3Q6t6+bdqUIXWWGZKsmKd+1WIcP/A8n+eIUX8kMXJ4CEVpyHFi0yZV4+Wlj1MoaDhQqU1ZyDKma/zN9V3TdRTJ1g3ZAUJQuJ2zuHm4RwmS5dnIjQo/fLhZnJ6+Pj5/vliu3n++qevu/PhC4vpZ4iaJGwaOJvRHw6MyW8xXt3lZcAzNcESHgbKp3SBIsnw+33M0qQuSxB33tVdlRT08LVACMw22abMOlAxBkAgHKgiCCE40OhR7ePiiKYioIGUd7u1FmB+ubj/+9Ouf+yPJGPcA1MZp5roRStBpFI8GkiyRZZ6fjeSjUa/fH2E4Xdel7ftKz3SCIM9Sa29NJzqJlTzXg2Asih/TKkuiAO1iTaN8Z4/CAEPgLE4QktJ7/ceNhyPoi2cTVWKTOK47qEhyEmsVkcoyCHQcx0I4ARc1ZvRnYZjhBK1JGkUQy4XlR+nFxRgBSFUwTc1Yh6AuyzgMGQLu62Ic+BjadVCHYSxFqWZvKity4FpVXWVV1YIaJcDY7JOYGSV5Vu3X7u5PP39Mk+LNi1cYivmeD7oWIUgGwylEG/VelIV9u/opbUpRkLqqgiAYNLipjmGUcn2bozuOJ7dbG2foqktbkNmOG+YgijJVk3qyWGcVBAmq/CLK8rV376chDNcsI7GEdHL0gmfEzXqz3q7DJO/1jKPpoMlrQaDNPvu0ePRCK68qHMN0pUdTWlvUXQvhGEVRQlqWT6t1DWEIxiKwNB68oXCzhsrN7stidy1JmqyMcRibLxyzP+ZpKgrtJE8wnCjLAkPaIot6pth17eHgVVVFIqTITTBYqOuqbnIMQVVNZ1kaxztVYkSBMXSNY6W2wfMCZFnedd1goJZN4kbblbP5eLt83LiSxI17/Thu+7paZjUCIAjCCZqM82Rrbeo69HyrQ2oIZGnqrReXLEPr5jGFSzRFQxDaNEiWxX6wsr17RoT9srCtDQpDIidkcTTsj3CYQhGmNziiMFpVJIHFBQZ79XI0GGhlW7NYVYFOVXEMydbrp15v2DdO0wTURWjt13EcYyhmW2HdYrqiMzjNMSbDDkHZHqw1KMvj2TFNyHVTB+E+LbwWKkcjBYZLhoZwnOgglOSFOI0FSQzTBCdRx96RSPXtm0mSRVFkjcxnhvGiAfuiPLA4P+i/glENgjAMh5qqxiCcQniGHIwm35YVFvt2Gu6jwHXD+vJ+GyRZmjVXD/azFy95nicwUuW4tslhDBIlHcEYPwmiLH5cbsqOOHhumkZmT08Tn6RBHDl3Nw9RlGmammQtw5vHs3MUaosqQ2AERbs0ChmKH46PRQopipDnR1CnNl3tBw9h7LO8gnSoJIosTYXhIUms+8f7vCxhCG8aptc7HQ17BFblmS9LiiQO8qDE0Cyr7LKNiqLx7IClEEMSdWVg6NPQ29M84ribJAtZGhsYuiZPQIEcn7xmOSVOQgxDkjTJm4xG6bPpOxyhAJzlmZflgambAiMjMNpVeQMALwk0zTt+YnsHnudlVuoa0hicozid5zbJIE/rtbW3J+NpmuSR71Z5c3zykqLVssAYRgAdjP7P/5fP7+/vmrI6Ozv57tvfJ2H2eH8bBe6or7EcTdN4k1UMK3UdGiXeX/7yx6TOGozW+gOG656e/kyS8Mg4AzXkp05Su2VdiBLTwdT8aYfU7fHwfDp4O+y/2m52n77+KWsjBMOzLGMYRmAFhsBHRl+TJFlgedbAUGG/eVwsLh/ny6YudFngeLmFKifcPS6ftL7IChzLKqIoyxIbh/Z+u5R4SRD7GMqWZVHkGYpCdVuBpqjL8BA8fbi/9cJE4aXj8XckIT483j883MBdzgld03lfrn9KswhB66YuGoQUOY5iWJrEq7TFMKaq/Z2zqbuWogjd0CVFhkA3nbxmaCoIV7zAen4gyVyYRBRDMiRKdCwo4L4+QlCepEjL9QMvnM2O7f0hSUKGU49GbwlIoXBlMnqmm0eOEyyW89/9/nuRp6uiatsqdPZ13TYtLmqDwXioG7oo99oKy8pku3h/ffUB6cB4PBqMBveLhw+XH6I0wGkoLyOChKuq4XkNtHAaJ2kWQkiFoRhUQ7rc7xsmhmAUzcRJFsUuK8HLzdK1IhKlHOvwpx9/eXi8f3k+ZCnow4ePWR6zCo/hZFWDtCwqkHOIOFDfNG32tL0mKRp0yN3dbZr7PVMROPL+dh4GqSpNrMNmvvs6GU5VcRR6EU/wEsMrav9oclpXJNRiEKis/ZV9uNtH9u16Q+Lg7fk3PMvFya5G4rAI4qzMyholSVHkQzeGmurs+IxntfnT7vj4nKKk1XIT+T6NQoO+AsHQdmvTvARQpO2QsmgIDD+eTV3X8rxdC9VhFJmDvqZrOA7qNv2nf/x7+7CsalQ3Xxq6/h/+4f/+y82fGxjJMg90IE5KUeJkhd9ZXl4UbZUdT6Zd3bAsd3EyhuEu8KPj46Mocnb71asX/5IhxlFoJ/m+wwDLEZ69ZwQMI7u8yDkaPxpNUYTwiyRvu4HeH0+ebfaHxWo/HRgDvUdiKGgSiUUpAlR5hiMIL0lJXl4+OrdPa1XGkKqqMkpgJqbS/+mPv0II9F/8j7/vDcybmwdNliicwVrM1Acsgy+Xnz98+rMTBmEQy5KsCCbPqjTdbfb3RdfuDklZAYHjBZbP8tjx1l8+v5dlrgVgu14yHM3xlChJD493cRmjOL5cP+m9Hi+Sw4Fi7/aO7Rj9HsmQy+VTkqdtUzAUO50+I1BR4GQUrpbrB1pq3dB7WiyyPGRomqZEFK4ZpnaiME7TDgJN1UJ1o4hm2xAoSvAy+7T5dLP8FBQJgmKpHfVY9dt3fxva6W6zL/K87erlZmFFPiPwrMR7XgQTpCjRZFcNtFnXoOv9Vyf1gqghCf7Ny2+6Cg78yDQHddU2LaJqg7Iobcd6eJobmvni4nnslkhLcqxwff1+sdmgJJoEaV82RsZF15JFsb7dfcyagsAZuMHMnrZYPu32e4bnOgyvOmh/sDEYn46OVdkUBZ1hVAxFEbwFcG45q6f7z7pKaLrAcjjDUPPlCoZNQZx4wZUXHVBSxiFYELgGFFmRuF7oBXENkBogQeCmmYWhTb8/POwdiqW9IPLdA0VzujLkWLFtitBZ317/EoS2ZGgwjT1t7rzUcb0NQ8GyqLKkSJFkmoYAxesWbVuCwMk8zXhCOBo+R1odg7sy39dViSKooemeHyVxgmOdLMqT2TGNwm1RZJGjKLIgmwxHu1EEwWCoKyzN8exIVLQsiVuI4egBhDHz3fswy45GZ6Zu3lz/wmLS2egdQXS3m/dN1+IInyUI6GACK1EM5RjFcy2yK8fDWRp1JM6Z5qws4zR3YLywgz3LM1WFcMyEZ+Uis3GkqOpClKTp4IIg9A6un1affvr0U14DSdbytHa2NtZBcdAWORxF0dX17cZ2FVke60MK5VgiL0pnv94ovP7NN3/tO0+b7fVsOhz2Rh3APNcq20LRtboAJEa/uXghU0OemBGoKoq9vIYYmuipTJrYnucKrMTQCooSRVNlZZwU2/n6w+PTh6JyELxrITgrkyAIkzjtG6o6ON5t3CLPqyy+OB6QcGPwiMoQL0+PNZocj6eGPjZNM/IdDAccSwZhSGAYDEEohkoCQlEkDNEsE2/3n0UR++23U0FirP0hinNFEk1dqmoQptVml7lhMBur054AmoTmGMd2MAQaDUQYxjb7OM99gSPaCiYJ4urqOoxsiSNmkxGC1Pf3C1HEB6aahFCR400FfN+XJbpO09m4D0OwIokARaK07OkjkTVRjGjqtKiKoq4gpCEJSGZogemnUZJkq+Xu/nFp50WjijzFsm1RdG1NoPjIGLeVQqB0mK33/iMt8FncEpgMIWyadRxrsFzPcpZQV5AEVdUAIFVV+LbnhmGFQjTSwSrHj/SexhtxWOOIFqVBUM6rJkM6ACM4T0oUwYVR6Lq7KHAnI1PmcUVgksj7/xGEH922bAuCmBURM7z3sdxea/t9/Lnu3fdeutKopIQEqsJIaiAxaNGiwX+gwb+gQ4MxoCMYII1MilGpqszKZ66/x5/tlzfhvZszgu8zDJ5kasD1jMQGSdVBQGDAVB0MEkWS8yQ1HIxV1WRZgSLZgT3FoWgqFwwpFGVYNV5dpTgGTGOcRwUNGFnkNYnxwyBOw7wqKZpuqpqhgSLJWVxutx5NgCPzZGa/tuRxBysCby3TtgdGUYV773az/ZjnYdf1qOse7x6aqpmOJlcXTwROiJMkjPdrf59DCu/pganBulOMCd2hus7aKq67NimLss593xvYQuhvNU1ybJthKdQkceSOp5cSP+xaDMMxDAdtHYbx8u7hQ5ymrDZKg7DME4YiREFIokqQbQAkQRqTPdvmnSKwuiLyDB1GOc2yxyM1zQPdZOva3wUHnGLGR+dukG9W6x7vVuudauhBkBEYSQJSE21TPyEpM4zzg79sm2Q4GFCCDtsmTA5tF+d5QOCIBD0OegzrCYZEoENYvVqvmraCqFAlVuSp45EFMPSwvBEl/cnF32I4tt1/4niGYocQGgTJkkTZNoXnRgBnKHaoyrMqDUmQ7w5LmiU0lUddhxPc4/zQdFyRRF1bFFHy6e37/X7DsUhUBMWwNttlXkQd3uG8UJZNkeVZHlJ4zZC9JHJt12+2bl1DL8hkfUARoCkLCCmio9oqJwgI60aWFUCUCGsBELpO6TDQwkMYbaq20UzL1PQkdr1w5cbufL2P4ogi6cnkmKF5jpZommvygCRpQPIYjgGqzqqoo4AflYGfHB2NCZwBQOUkB3YoLGI/OfihS5OYrmgS74iMJonqZru5u3+fFruyjDmOtGTLlI8YTmRYEu/rFjZpnBZFGiZRkYScoEmigQEqjsIsTWSBZ3HqycW3LCdvttcH9+bgbYsGZ0hm+fjIsuTj7TVC0DSsqsEeF1vf98osBv/Vf/s88tOmJmaTJyQh+l4UJaXh6LajxnntheHt7eL86fMOo3sMrXfbl3/xG8FQtpuHptp7m83QeX56+pIgWlbG1rtlEiVHjhUEucSrtmbHh/Ls5GuR5X99+x+85EF3tLKGRdEIDPt4fTcwDImX3r39aGpqi/AkqnSdlLjeHlgvnl+yNBsmMeyKm8ebIM8un1+wvPDHf/opCfPp5BzrybLJrm/f8BLGs1Sdt2VZCyJLUjiGNx1WIby83y+TGhGwGdoXoV+/ffNz2eRp5vre/fZwv/Xc+cY9PT9JkyLP2uXD/dHpVFOUKGhqyFRN+vHzL0ESFnl1cfHq9OTVfr9DLdL1cV64LcoJniFp4AaHvmuqLOUo59nzv5EF4+HhUVTwQ3DQDEVRhDTzKhgVlV9nIUeKTZWjNiBAtVg9uIfd5cWZxDPXH66T2B8OHVHRAC3UsEvT6OH2M0PLddNWdSQJXdM04/HJl19+FYTRL2/frA6H8clkenYcJ2GSxu7eL4pCkrm2b9oODsajMk9RixxtSGJsU0NAgaKukjTMm2QxX9MYN3Bm3uEQ5iXsia7JMKzabXeywtMMS9FMiyPPj2mBaYr8cva7rgPz7fsOa3VF8QNfU7miLFz3sN57k+nZk9Nv2z6FKH3x5CuWMPCW0gUVNahF4Gj6FPad683X+1+98IM55oyBWUO0WS1PJ5ckTsX5ah8vIAZdN3Dd4OzsiKWJ3c61VeH3X37JstL8cSFLnGlZWZxHgX92NBqYMsvS797eAoZ1HEvgedSi0+OJLvEch1dNAmiqqhoviD59flw8bDrUbA9uFpeXz77QDOG/+7v/+3/44T+SLFPn4e+/Ov32r75UVGE8HXEsGQX5ahUKHG3Z+jdff339+eHTh/c9ju/33pMnZzXs7xf3vrc7O/odRx/f3Hz/+e6Hsi5vbu5kTcEJBnaI5xhNMceDi7xKKI6+Ojl5/eIVbILdfj+wVMeyaEpyRkMI0WAwbFpsu9k9rrYtYB4XfpD0jq1SRBUEe13XeMF6+fyLi9mRITBxlP36yyeeY1GFqqyCFdQ1Zbl9DPJCHtgN7BmaFTiJwJnNfvnm86+/3D6EeUcyhCQJsIKyzCBUkCTx5Vevj2ZnHz9d4yTQzFEYpkEcSLKw2h0GA7XrIM3Apox9f2MWvQAsAAAgAElEQVQ6vDXg3Xhze/+xRQ3Rgb7F+wrvO6rI4yCcLw4PWR0GSY0DUlMURx8cT1+0ZaNb0uM2qNpeN4dYi8Ga0PWjoux7lD3ubj88/BLXscALDIYrtG5wzsuXv03jOCwyXuLyot4etoalffHVs+lstlkdPN+tq0zlyLPjC8t5guMFzjZhBjcrdzKaevuwq9uz0/PAD7frha6LkiagvlwslwzFn85mRM8pksJJ9O39h6SsNVXFW/L55Rc8Y7UIm+9+/Lz9pNh6ntWB682muucdWtRoppaU7XJ5YHju5atzx+A+/PiH1DsMB2aeBzie7dyHzWEPUfH69cVoNI6iQ1FVdQkk4ZKiwGL1o6jomjVJIw/hsO3au7vbvCo4nmIYyrZsWWQBDlmWYDg2SWOCQqyirDdrRbMUSWyqIEvmfe+vN483d3cYTZE8uTys7rdrHKuHzlARpjLnGIa2Wm9bhDV1+/HD/WwyoXACoO75+TORGcgii/XhcjUvsqrHAI7hbYebmqGoJo5xmmSwjNhBrK776cmrIAy//+UX1dBPL06WixUOxLajl+tl24HR+AlJ0rer79zI//LJS02Wqjy+Ov5qaBzNl9/98PEf87I+P77SFWO7PlB9Nh4MJcmCsIJVNHEGgqikvitIvB9u6jbUHBERfd7UYRS1eX80ekriRBbv/HAviOrR6MVgeO75t3/88R/TphAkAcfoxXxfZoVpaCQlWcNpg7d363vFMWVJNrWBICgDh6xh6PrJ+cVLWR6v5usets8unjjOZZzgVY6KvKUZgaXFriJfP/+9IpyK/LEgOi0CqmoNHKvM9qvlQ1UUr19/xVA0hso422BUishosbv7t//wD4pGV02B4yRJMhRBAQy3dW3nN+vHuaGoJ5Pp0WAscPLAsn7729+cnV3StFjWRFYgTpCwDq/zdL1aiKJwfjaEdQRwDCcgQda6rqI6ZqnEcw/HM5ulsSJPd/tYkvTBwLm8OOvb+u7x0bCtDmWq0I8dJS4TTRPruqbJztDkvMANyzk9Hh1PR1Hsv333rigC26QsSzR0crtdlXV8eTmqy/r09Ikqq7HnP39yTPY13rd52fY9JBmKZvmuKbG2Zoge9fl688grIst2WR4ADB0Nn7RNG8SPJZZv9wEFuKouwjQROEoWJI4Xcj9znHOOQ9v9rz1esaK0XnqSbHl+zgkKwjiWVVoYbXa3LEtaltNh7e3jjR/nfc9MR0fH05m/j2CFqqzoAQeA2sIyheu0jtLMr6uWApQoKk3dJFlUtzXLCKenFxiGUzyz3i3++P1323h/+fKZH7Wrpc/zLN7Ayfi0b/Cm8GkaTWdjngeAaKqskvgjVRhLLMmxgKFazdA5TlWM0ef3d8PRmGKoPPP3waGoMlFRXn757eJuq+l628AgCEzDmRiWow2fX35LYp3rL8raxamKZtKD/+iFi+3hM8OSbVPTdN9DnKHU8+PL0eQpAbgow6oG1mXawUJVeIkXBVFUreFucysbnKgSaV1mLdr6HiPKbeXPJmNRUBjKwEmNYZiyyofOcDA4CcMIEKDDiTjZuf48a+MWddZ4hsqY6IqqCCWZRz1OMhJBgN1mM5sMO4hxgnxycUmQXNczgqT6q3uCIg1bK+v44LsQByzHZkW7XS1lRZZEKo18DPbOeChLUh7XI3synpwSBN6WXlW5FEPiHUlS+O3DO9sRZZm/v7k5Phm1TZnmuWapYRpnqc8JTBzHsiTxND9xZgPnhOb17f7gJ97F2W9U+UWSeEm5Jkg+iAFDqSRo6ybwooDhxQ4IBE7JAuCoNi3zvoODoeYMFASx86unHCteXRhPzvWmzBfz7Y9vbqq+l02+x/Ig3CRZQHEYI2lxkgOATSbO+dnxark7eC6Gg6vnL0198MvP79I4Gw3syWisKhaOsV1HNxAr6zJK/OnMQjhsIQJAxzAGdf4hvCuqQlPFri2coUrTHQ4gzVEY3nM0VWYhQwu6NiNInRPEpkUkzpyencoiP18uGIGLkqqs0HQyUeVRVdNZ2VRtLhhSlHlx5OuqJPFK17BkT7SouXm4CzOfZLGiTvG+uZo+d7Tzru/bOucFpoHYp+sHiEpB4gisZVnetoct7FerdZokqiSbstKULUS5H86zZo9TGEmLujlwLIWkO5JqKAZnOTrO4tV23uM5DmrwL/7luCjQyewJx+kdBosqn5xMTq+mEBb/4Z/+rOi8bui6aQ3scd8TQBR60D7cvQ3chcgwR+Pnk9FXLcTny5vler5ebkeD0dh2OFoOgtg2hwwp0izrH67XhxtIlHke1i1OUsxoMmmL4nQ2Xa4PXY91eH9ydg47fDg2V8u7u/mCVfgP1/NP96sarzhZLItUk3nUUpHfqqz69ctvLGu4c1dZk3y8+bjePsgieXJ81NQwy7P9dh6H+7pJ4yIqYS8J/NiZqtJUUbRXX7zMs5CmECfR6/2hB/Szp5ccwwq6QeJt3Ta+f6AoTlYnqqYW2V7kgarasnRqGCdhHCbZ4Wh67np7N1yLhlyW+Zu3b0iKHFsDyzjmuZmm6Bv3Bgjl1nMplpzP53Wb1n0RZDvU+YpkacosSA/XDz9ug52iqpPxIEu9joAkTWRZ9vnmjmJJTgKb3cN8+fj1N7/HCSZNojL3ZMmmSY0j+dX8oSMJxdZff/l0vdlef7ilADkcjLqup6h+7287DAvCiKJpDGGmPsF73nQ02Lc4BbIyYSW+rVuZEmVBVUx+eGIwPGhRwfJAk5Uvv3oFKHq52SASu/5033ZN0+YKY5G95IYPRekOnKE9sJPE973D2dmxPbJATz49/Y0frHqs5kiTwg1FcabTcz9IPj/OIdbREtgFHz4+/LlqD5bJZlkVRglH8bPhZVUmbvSYVn5RpKPxxPfCpy+vGIpYbzYTUz8+GsIW//XXd14QxklKMaTjDHEMjyOvbDJAUWlS9D22XnmKZkyP7BZWf/jDdzVshiOHpnlJNJaP+/OLy1fPLs7PrmzdEAX8//n/+X+sglCUFRY0NCBoAivq/rvvPjze77xDwFCsJKu2rbdtZyrq/XxNkxRBsHFStg1abcNPj9uq9gmiUYRnT89/V1WPaXbAAdPW3d//f7/rAVNWlcRxI/sZJ8jbw04VNV3VeLKhacyxdJETUS+RLH1z/QFBhGF0GGb3d/cQJzqER152PBpyDNFhvawSaRY2LTEanrHAgg0NGlKieYUWpvbYMZyyTABLkgywbOvm001T1nXRDgaTuoZ+4u7DYL4OBJGVRS7ywtGRTTNdlgRH42EFu48fPlnOuOsISRQFkeRY+uCGr57Pru/nceRtVusWQpLuHh7v//E/fh9mCccKA2eI9SyFAwxvg2SXVvttsKEYRlOdk9nUlCVTGgwHl8vFQ1lFSYEESVUkJdzsdM2ZjE8Qan96+x/+9OHPRV8+eTEzRFFjFY7QHH2clk0QuYLE/vZ338RhCovC0pWJo/Zdn1c13jccwDBYCbzJMUcEQe6ia9V2NEXFELGe7xVB4jiRYoW9u6phvd3veZG/v19MJsdPr54kUY2hWlal5eqRJqmT6RlHGYYxJBCZV8khvVvGB9s28zit8/RoKLvrR9MUAOirCu8JcjRxbFtJwtX89sPZ6ZFlq+vt/WpzX/e1ouuaLI6H9m7nxVkscFLXKpb5vIO7pt1xopmk6WZ9Zw614dg6uLuySjSVeno57Rto6nrfIVEkW1SsVgtVZaM4a5veGswA3lV5+PH9D7NTq25bezSsuzav8+9/fRuXjSHSZ9NLRZws75cE3n58/5nh+IuL0zQtJiNHFoW2rESBts0hhERT5wf3IMuKZjjLh/nl1dPDbl9keVv1V2cnimRAREDY4yTbwPbgHixdEhX+3ft3JEkzrEaAnmZoWdYbiBbbN0mVXM1O6rS27dHQufL9u3327sG9Larmr3/3N0+ffbt4XGfR7mgypGmpglAT8CyP3MCXJGYwMu8eP1dNQjFEXlVN1yZZosgiz2gUoXAiG6YJwnmCkONo/cuHf+5YSpRlnmfcvafI4mymWqZg6LasqnkTVH3WwkximbPpKUVRLN3GRUwLgqrpkjxoakzXBydHr6pSYRhbtY+OTk5JihFFfWDPZpMnAj8mKS1J6rIq88yHfZRlXlwUqmWTBLXd7Q7u/M3nnzqqxciO5BjbVl88u+RolmWktka8KBM4EHn+H/7pTQehwNIvn72IIrDeli0ih9bwsF93XZNUhaTyYZxQgCyKoqiTFy+vYJtPp4MWofvHBY6Xx2NVEVVOAD+++bTf+/td8OTykmPlKKpXy/DFi6+ePT0/PtJpEiZFWaT72UgtisIZamWR6pogS+xwfCzIKsv0AlsFwYERaFmjJbHxwznLNZwADFtYrB9oqtNlVVNMgOGorg2NlxX2br4iGVHSrNvHOd6VBFbKIp2XIcJ7kmFonnQjz/MP0/FZ3+MPi/dpG2maODsZFVV5u1pzAgMoUtQMAjUsh0fxfZyu/PAQJ5kkG7pubnY7HCNohtYMdb3+GOcbe8DhWLnbbnCGTYru5vOcocnLqyeKNkYYLYicJCk8a5RlWLTrovTbpuy76mJ2bCj6drOlOer07LTH6CwncMA6ownDUn/4808P94vj4/Fq7dU1HDsD0PYkJh1Nngk8c3f3JvDuEBZGcbzdlwPna56zUFNWTc7LdJzlnhsAUuxh7wxNhiWwPk7LaDybWLrR98x246myhJo2j6vJ8MRS9CJFqj6M4s3ev4mr7c38Fz+d+/GuI2uSQBwropo4Go1kUS0KzLDH611w8EKK1U3zSBd5gWpVkWAYjKLQLvKLcs8ryLakx+Vi6/u641w9e1oE26FtdxDSjGoNrwggYT3YrQ777ZoASJYNWR20sK1gAcgO7/M0cZ+eWyJPUDTBC7QgC66/FyV6d1gxBCSIXmAknJC6joSwN+xBkbo9jvcERpDdITgcfJ8geophYVGyFGkaqiKwVY1m52eAZj59uIGoMQ2tShOablETtRASgG9hu3dXIkdzvAhYxrStniAATRd1fXe3JHDMGaqnp6e//+1fA0QXCRKFAUFpUVGGwVrjtYnzJY7RGOYXRQwhKzIOx4EgvI/iQ15WFEUBgOsKI4ti03bbrcexnK5JEPWyIH/45cOzy4HKE+9++YgDvCFYNygpAS9bV5RJQHZVkdI8tz/sTUM9m5pdjwReMYwBz/OvXr6iWS4IS4ZkTYkv45QmOU0anB0/p2gpq4ok8/G+dCMftYihFFM5Latw533eudu4SA7eFqKSk/CqTuuuFSX2+HyCcEgBBsNYUbBtYyxLylAfWYrewsZ1NwiWqIGqLI8Mezw8oyhtu12HyR7iKIq9us5JhtRUk2ON0I9EVVkfDj0BGY4sy5glqcng1JAHdZF0CI5GI4YX7m7nlmGenA5ljtxv5rBroiwvqqIHhCIKiiy4oQtB87C6wVkCxxoScLpm2payPcyrJtRtQVTYu/ubPA/GY8nQWPBf/pcvn15dDJxBmdeWybv73W635Hl8vbxDXT8e66rKcwzluYk1OKY57E9/+B8QyiajY0VwHOscdV2UuHWTtag9O716dnV1Mjn505/f39ztaIqlaPb67u5m8W6XbGkWg6jUDV3gpdBPVFFarfZv3t0LqqwZBsfyBMmgDkbBfu36JYZ+evu56cBgaAk8++03XwSbYDp5+vVXf2GZExzSbVP73mK+XkCceVis/GhHk61jKhQFAIGqOmc5Ni9iL0zbtlE4SeGGIqNeHp8wBD09Obq9uX5cbqoGpwjq3//7P44nkzr1i6ZJ0pTjBcMcDu0r1JCiSA9G08nx0yxLovRQlIe6qXuMAlQNSEgzqGoqDHWarGua3TVNnj8WaH+//rzZ7QejsaYaaeL57pbkKZwug9BV2GOenKzdu6TZJ3mUpiHP9fPNPeoLwBFVHbdEev/woYYljlMDZxSHge9tBQZ0LaAILvZcSWKLuoZYr8i8t9ts54/Ho5NXz79FPf7xww+ev8HI/uBuRkN1YNkcaRCAi8KV6+8YXuJ5KU0zhmCuTq6apvHCjZvu75brNInqKm/L+uLkFPbE2w8f8qaomlpUhaYtWVx8/fQ/0Q25QpHnuYAkNE0qy2w8Mas6jfxCAE7dJThJ4L1EURIvirAoSBKPqthLN36+C5K7qNzhRCbLeJpHosAcD15PnMs4XhNUpWiGyLJZUoxGM8PQbu8edzsPog7r8IMbNwj7dHf3uFpfXs3sgfn5+vpPf/zBGdkYjgajEckJP7+59aNcNeW7u4fF2jvs3aFj66pp6ralDSResVQ9ixKWqv77v//vFkE4mR0fT21H45bzLYMzv759wHvGMayT6VEeFgROfvPqi19++BgcwrPTpyfTmcRLkqjULXpcBZ8efIxi02Kn8PTp8FtbduaLn/fxFiN5P0JlTazX3tHANNVjXR/vvcVPP70lCZLDEd5XsMl32w0ORIoVf/jznzCE/qf/6l8pvNrBsoPNdDzqa2Cp+mjkPCzW8/U6S/dZvGVp0DY9wxpfvf6twllD9fTp6Vcd7BeLT3tv++L5ZdfiAOMUSamyThGNyfhUN9SDt2QkSVXYHtaOZZAEiuNDmoSjobHfHziOHQ2m+02giCJNEU1dK7oSB/v7tTccjv1DROKsZQ5W63TvVmfn51eXx7BuiiSVRRai2o9Wd/e/xnmGdbhlDkVe+OFPP5JAkfXZfH6/3a9JVjc1U+R4mGW8aIg8n+e7bfT4891HTuEUiX/3wweiZo9nz3mWi5v6n//8h7apzqcnMm8ZijEa2kWWel6kaaPL83ORlSSOb2pAMqMWEl5yfb9+fHJ+PrYHmuzIvMQwzPX1zfGx889//Cc/CL748jnHiTwHiBZ2HZCZPsl8kiQN2SQ7AetYhmbzNOA1+nr+y9J1LU0bW0ZbpJpIsKA3DJmleYIUMRJopr64v7t+84YF+PR4UsNys5wDhizKArZIkSRLN9++u+4xwtQmivCC6MTQfycpqmFMszxIsnWS7mhQ8CzW1DHLdCdTK41C14txUqjqtm6roqryvMRIhQEyRfJJ7Kexx3EERMWn6xuSpg3Lur3+vHQDrOtfnc9EWs6zvqmKqmlevPzyaDQu0jSM89OzU0mUfv311w7VSRqRJOkMbVnTDFNva0gR5H4fjJwxiXXubgnLghNs0x68f/uDLPOiwPre1lQ5gWf33p7hOMMcq4otiSYB2BYRcTLvYD1wrjh+qkmTPFx/fPwfrQsZ4/j/8T/+tHw8tGX36/v3sT+/vDi37Ys4ClAdUBx48/aNJHKDsfEwv+Z5MBzZcegGkc8JLEMj1JQkRquKjXqS4VSsr99//qfr9fX1w4pjSUniijQROIS3MdPjiqDv9qvH1WdJI8s81FhyNhzGYQKbqMN61OOwbR/u5xCB589/w3FmEBdV62FEgpOZF6ySYFvFsSlbBCG77iFv9ohY9WCV5Xfr1c165589eZql5f3jY5QHOWru5vPV1jUHwzqPSQL39pHrZnGcVRXEOyyJ0jCnvvvhDcKw49kEBzSrmNPZE0AIbVH8+uaX+T70o6gqaltn6yJ1nOHjzY0znI4ndt02b97fHdz9aGhcnVx8fPsRAKBpdhY2fYUPh7Onl6/mDzuioy8vvhEZrY695XwRpdn5xZFh6/v9TjNUTWT7Hn28vvvjD5+Xy7uhSZmG3PeJH254gd7slk2b9HhjGkwUJzyNk1hvmCey6IRB0dSFH3iAk+zBJM7q+WIzsuW2jFx3bQ/tOE4qVAsy/+O793leGIqRJFndhGkVKzKDY/Xn+wcvbVRdbZq8gbmlM643v3l801GYKIu8KAauX+a1bVq7g4tQoeqc7z9k+ePJMauIFAXIqqmzskUdgQGAkSBJc89zMeQTCJ6OjoeWsXLf5DAZH9mKClBRqrzC0iIAXd8VFE2zHF835Xg2I3C6bdHZdCazQuT6liy/unwpc6YsHmGENhodF1USxTdxfWh6kgIjmp0SGInj1d6f+9EuCEMI+yxH52cXHEO53ioO10lWms44Luoffv7Qd4BnaMs0o7DAgECQwn4boR5vYOxG7puHB78iP9+sH1eL6USLXdexZxRgwiCqmjpK06rF47zZ71aT8UBkZRIXAc60bd12SYNiWuHT7GGz/TAaSidnZ4f9NvQCgVc0BooMaOsiT5IiaxjOUvRpWcIgiDWRFViOJKm6rWlabGFNYrmk4K+ej4oyWu9Wk+NJi6rA3zVVrEjM9adfEUKT8Qkghbat2xZVNaNLzHq/8tMIdQ1BCnHatGliWzbelKZmDEcnHCN1BKNZdocTb95+AFSTZ7vA358eG0XuRXGEA0oQ+KLKV8tHAgDd0LM0ZjjGNBR3s5QE/u7TdegnjjPI8zxJy6bp3/3ylqJIgdeH9oQjWZYyUMdyIoljeZ5UijKxdJtjuqTY+JEHaKxrCwL0sqg3HUdQXIdTqBckUS+DiGywOk73Wz/P8rMzDXXt/uBJOlu34XCq4wTBsXzTwvUuhIh48eIS9fyrF7+laazI0jyvaVIWJPvZ869BRxv6kKGYzXxOdL2sDRTNqps8ilxBVLC+JnpMFgaiqFTtDuLJ9OJ0ufo8X75XDarpM5LGyypxfY+gySwLaEBjHUXiVF0iHBDrzeLzzWccJ46PLjladHe+qQ2m00uSYGHfbA93eRXKCl8WoSJRMkf2sGIoHO971Hc0C+NknRWhJhjTwROe4ggc0RyPOqxuu50bwa7lmS4vojwPmzaJkkCQaJYFLNv9/N2fRY2/fvy48fej2YjBkK7qsiB3qNru5nfzzywPVIU9eBtYZ+fnA45nwH/z33xlm2aZVZvFxnGkvEy23l61NbxvLEvGcFiVRZm3FD0lCPzHH/7fWeG/fvVV4udNBes69b3H+5sPVVkwgkAgOJ2MHm4f5yu3aBoM610vjpp8s1shouQFwjQ1AADLCJGXmIZG0uxm67E8BwBel7UgSm3bikzPywLB8qKonJzObN2YjY+m41lbUH3HXZxe4BjYbzeqyqbpPqsKhqFnx7OsRnerx7ZIHNOBCCcpEqGeYbj7+UPXIQRLiRF5UkZlSxAgz/K8SCHEjk/OijzfLQ8cT48HRp63RVUVddb3bZnjknAyGIyrMkjTfZDu996qapLVen40m6GubOqghXnTtwSgeF5oq/Tu8y9lu7tffuJkse/A0BmZmlHGuWGopqVnWU5xeJ5HY/21yBo9c2iJSFWpqo2bvtwHm/v55w7Pbx9uf3n7NooL05rhGPXTH/8cBnuZp6uyAz0O2xwR8P394x9//KEo07OTgcqTXzz7rSJYG3ezd+9Znjh/diaKZJ77qKU4YAmsuNq9TUt3NDrBO3K33QucdHZ8HsaHH9/+ISiyDoMYDjVF4hmRAhxBCUESq4bECxzLM02VAwzMxq+qqoqrLeprHEOSxPd4L8vC3e09izuXs6+Tcud5nijbsEVp4h82c0nhOwot/cU22oTJNspChm+jOKR4iobUs5P/CQPopt+SNDRUTZM0CnCOYzMsuff2HUAcx+1Xe0lWJ5NRUVdhFDpDKwh3P/7yoyCxp2dDCKujsdMRXZSlsIWaKGJNp/OapdinkydYR1d5n+dN4IU0gQEC89z1435b1B2A2Mn46HwyzcI29bJvf/8XE8v8+vXTL55c5VH14uLpl6++imMoscrF+bkmS4fdNvA92LSbQ7TYJWXbCyI9X/7co+R89HuGVb//6d9B0EmaWReww2hVYU3V5Dnr/ccfF4vlwNLzLFhvVh1AbhgOxkNZMzxvi6CvMJgiqDxLBcGBBYylmKaiKwKTJMmPv7xjWHw0Fh2bx0B6d/PG3S8sY2gZV4pyyXDC4fDZj5Y8x5yePrP08cXFFceIQ3vcIRAlKU4gN3IVhcY7pKkKAYiux7OiQh3Z9VTdIsUch1GdpkleFmVTxlXl7Q+8KFuG09VMB/nf/u5fYZ0qS87p0UxgyYfb6zLzSbIWZQZn6pvF7e1iI0mKJOmBn2x3oWEeCYIZx76mMoBkbE21DaNrOlExk9gr4C4DWYljfph420Qih6ZkcpTICez1ZvPp7qYs8rPpMU9pLMkrioUatN1ug6SSBGk0mE3H5wjhWM9RpOaFDx/vv+dISpVUmVVno2Hou02dAbz2k/Dh8WFoG3jfsRSLERhJE3nqkazUIQoVJMc6DMNuNouigQ3R76Pt43JLE9TF6QlPsSwHHubbFtHPL193PX3Y+0mSVEliqbIs8c5g9OHj/c6PUI/znNR3Hd5DSZLSsqZYRuLGuvw1y7aB/2kwvNytN22fRPkqLzxZJkiqwWi87SuMaH759Zey7UhGh4jIMn938BhGZXgbVTiJg2i/jX0X6zKMwFhBgHVJA0ozNX+3tSTuyWxKA5WgRIkXz87OWIaumma93Ww27nA6ISk6zrP7x9skDquqaNqKZum+x6oGRVE2PXnK0bSkKoIg5HkpG/bePTRtlmSeIgt932mKTJGk5+10TdV0U5cHLGvUVYMTOANwTTYmk5dYx1XlYel998vjnwmROT57sd6n7iE6np7+5qvfSjRSRUlirKKoiT6v6mrjuQ/z246AsElxrOnavC4KSdIkkanKOIh2GEIYRqKW4DjWD5dBMk+rfL8LdZVXVQF1LdYjhRGPj65oVlruHtx0j5F9HAS2KkqslCZVDfOHtYcBDsGepnlAkTjW1vlhtX/j+m933ofH5bvF8vP64VFTnPOzK1Zig+hTnP0Spe/2+3cH96Hr2rohKCCIkp7nFc8RQRykBcwLIozSPE3SLEcQd/0kTYssL2HT8SLfIiIvyw5haZowDEKwzLOC5gxWHBAU9+MP73/88fbuwYN5dDbVAAmaBtUISIpRtU1c1B2gdZmti0zVR6KgGaY1mRyjCntyenFx/jwvEWwrQ7fW65Ql9a++eKWqYhhuCRpGeQqITpfprqvzpn1/e0jT7HgiWKaGmoJjaZ7nIcL6DufE96gAACAASURBVAEK67CeFKQwdHECCYIJiGGSd23bGKb96dMnjudNZ8iznL+bV01JMTTJkEGa4jT56eEurdsyrxXJ5GmGpnFZl93DIwJdmpRlgxOgq4uEpDqe7UvULg8uRBjWwTQuDFE/ncx4mjnE8e6wZdmaF0qKiAwDEhjW90pZthQjCJLgx1HVVnmZKCKDt3FbwaPBmSRL99vr+83y9euXPYR5nEydKWp7L9gleRimYZwdCIAWK/fxYT0cnvzVb/+awan04J9Ppk/PX+vKpKgATZICy3ASlpbLKNuynMZQxwRuUSQpCBTq6ySN3TDyo+z86kWZBXnmFUUgiGSQZnfzedEgWZCGqqPQAksRNE1qqj0dH2dxFsUJx4P7u21Ugk932WYLVVmpS08XZIqSCQC8IPjxzUfACsezpwN7zADEMj3PkiTBs6wOeywv/Q6LANc0rZcVSY/K0XiU5nmSpgwrWqqy2ftl3TQVIgAJEZ4XZVpkw8nJ0XAcR0GYbOsyxHDA87IsChSJ7Q6Lh+WnElY9aOs2FwRW4Cn3sEvTeDw8coZnD4+bJA0HlmPqkyR00zLL6jTK4sV6n1edLPAcy5J9U9WtaY+ytNgf9hjWlmUOSBInmjQ6ZJFLU02WhlXVCJICEfIDP4r2ZV3uPO/9h8+b3aFFlSgCisbDOCobSND0zz//6geBbo1t8whHOMCYFy9e67La9WSWIJwAFFWl8Z4mBVsb0RRVND5G9CTL+O6eAsAPUozgSJobTy8VfRoFGeibp+dHbVXhBDkYa6MBKMoAUP30xNJ0rkGN4QwIku5JarWPHhYegvD4/GkcxtvdYrmZF2XZYTgnKBjGWeaRLFt12yEI9+5eUpQgdh+WDyRLMTSBdU1VZ7KkU4BbLT/n+W4wsdrWhyiNUxcnGtSmOIlLipHmRV6nGIIsy9AEpWk2y7IY3qVJJvHKs6uvTH3QtkjkFAzCOA4oGhZlnJcphvcE3lqahHc1Q+NtA4sCWYNBUQZhEmVFObJOFM5mGYlhedQTCFZxFmE03hEwSII4iQADYVe6wcE9zDtUsixxfjmLopDkhbZDpm5YssgxvMRLONbMd4vVYVfUOUnBus1kgRg4WlFU4N/8m+ckzsAG4wRRULitHyZlEcR5mTeaqW3X29ViLvMnT65+8/bNv93vPr96/VcUid/ffV6sbzqQ00wL+/bg7jTTPKzX+83a94IwqZyR3ZSwbNDTF09OL2eyyOqayvNMWaGqqDiG01QlzxuGZmRZPj0/RwhjOS4MAlWl86r0wkzV9bOLC0MfypLT1l2RF4eDSxKwQbUsKSwLktT77qd3vKSMJuMPn1f7KGNoUjNGouxUVZNkBd5jsiwZBq9rYplllnmSpS3q4XqzZAV2dnR6NB6BDq+S6sn5hUiLCFEMz6V5UrYRgRWqZNKYUtW1H23C1D8+PxcU5f7+RhJERRd//PkPURGTgrw/xEVewK6kmY7hIEmzjj0RBNU0BqLg1AWiGbrH+yRKVMfcRcvokHz97H/Zovph/T0rkW1TF0WWFdlmfxg5Q4JkD/vEUo/Oj698N8ExzLbN0cA57EJRFus27zg6qutDEGmWYOv8yJoMzScYRm39VQUzjOrrsgGg73pI9NLR8Iumrh4O32/DhaIMCIIGBGXplqbZXuzd7z62VKOo3GhkTpzxbPqMJKWq7SHsj0+OcZzlSEHgOdjUA+u4rTAcVKLKF0VlmmYU+XmaMARvi1ea6DzuP8ZphhFYHHl5kdI0JYighs1yv47rokZFmhcnJ5PVzmsb+GL6V2ejv7qbvwmLlaqKlmmTPZkVyHTM9Xaelont6BLHa5Lm6JPz2QVPqZdnz2aTi/njokyL2XgisuSPP/5EACJP864sT5zL5ye/Pxt99fz0m6PBlSaah23o+bltOLBAk9HI0A2RlTmKkxgRNJQuDq9OXxKdOHGmF+fPBACwBrV5t9/ETy6ef/HFb+saYyj6+Hi23z4EgVsXxenxCQBUGHq6Ll89mVIMcoMHVZYH1l+MR6P55n1cJNPpcQ8JkSdJDLGUzlI4CRpZlWCHtgevRnUN0WQ8GY8mgKhpNsJQA1uGpLi2akzNlASVJQWOBj0sfc/VHeXl66ef7x4BA3ah+/7DB4D1gmz0vUWQKgEi17/D8B7DVFkaCJwcRVFVFRiBC5JRFkWHQ5Vn8rgYjSY9RnlBzHI8SXF+EAKaM+1hGKUQFUnuLdaL28ettz2czM7GgzOKthtI6foQB5ok2KpkX3/4fHNzgxEdQWF5nUZZfojirR/wAi9JBkFQVVU/e/qaooWPH79/8XQiiwJDkIqiFUXb42yYLt4/fI9YUCMsDouJOfuXv//PLo8u8jzxDltS5jkeJ3FC4ShU5nVetVXPMHgPqvl2vd/ucbxjKJIX+LZBXcfQTLfYvcnbpkjrHjGqpvc4FoQex7FpXOw2+9PZVBSVQxCJkpTW9eNindU4RakcYzmj07wId/7KS0NEgLzIsxJxnGKbdhymQVL+/Ov127eL0+kTlla3671AM0e2o3KSJmvfffe5oySMFlEPeQGwPAabbL9f4H0l8KwmHhvqk9D/FaJYMy8Ou12FEi+cu/5OkOgoi4umASwRJYe6qURJV6UpRxt91xxcN4whQcrxITqeHlmawDNg5GhlWUIIWYYDhKSqBmjbga6enT2rC6CbwxY22/UjbMuyLLMsb7GurkqcJoIgnIwmtj2VJYuhiOX8IQh9WbMte7LebDiq1zR5OBjCFgcMwzB9WkaAIm3LAQQJcAB7nKZ5SZGwrqMImqakqioIEkiyquh2VcKqdsPi0yL89Ie3H7K8ZmkdEMLAmjybPvnmyVdYmXUQcaxTN7BIdxiDrX0vLjJFF6oiomiM41kCFynOBjR1OGyqohQ1uWqauqrLOltv7hpUmY4TR+XRdKQbmu8eKIQ/Of36+cXvdgf30/z9PsmaFvWoVQXeVIc0px7cXdFgln1Ulu3ejUVV4tj2sH0X5Qs/nidpoAqGpZ6ORq8M45Tosbdvv9+sf95H8yAOIOppwERBqRqztsJwgscwjAKdNTTxDgFA4kTPMuTZ6fHRaKzr1ngy6HHcjyJZkU5OR2cTybZElqOzJDr426qJBB4QFGNozuX5BYUTcVpnoe+Y4vnVMWzhfOHZo2nXA15VCJqiKQxvCgBonlNpWmkq9Pn9jSzIT569+PDxU1X5skRBlNAMKzDa0B5XVRjE+54mVqulprAMRWumDgkaUOSRIRrqAOuYHqMk3jg9ecLykhdEPUZUHVW3NU4RPY43FVlUJM2IDCuGkR/HmeUYAACG5gha3HrBL58fswrVPRYkJSDI6Xjy8uzFdDjlOY5i8eXysSXorMCjtDZNgyDwNM8NVYME97A6DAZHlmK0BWFL48nosqm7rMrD1LcdzRmILYzbNkENLnKXPDfaHdwKVgTLF0XddzVLEzLLZCkUWYekpbvt/Ha9DINss/IdXX/59KkXRN//8svt8gHnSV6mGI74x3/+4/xxfjo7e3n5JI8aVbBl3oIN1Ta4G0Sev4S410A3TOaMAHjapMBMYB2B4VTZqKo6zmOMpsI4wQHRo7QqkwYWabonGaqsW4ZhOQz74urbqf0U9LCuA1XhJwOz77Ea4XUF47xFlJwXFIQkQVRHjqhJYpZlqik+rFffv/kkStrIGSqi1MMC6xEgmRoRVVNVTU70BEmAtkpkqW8hVETl5bPXYZiEYU5Tct+RUdL2GM9yeod3LSogVuZ56AyOBs5oudlmedI1YVmnNM2KkkFSWp5hUdRiRE/zJEXjHY5RgDbtsW2OZNVmWGXn+0WWD21nMJhWVZVXRV6lWVvGSVzVkCE6UaDubj8xvGRag81mhQGYF6EbuHlRjY9OWUbKs0aRxbYu0iwRFIMmhbTMJZkCDMmIUtU0cRo2MG+aMi1LmuWatqAFJoo82zDOp6fT0azrusfHmyzd9QTEekrkbRwn82TdEXGPCxyj4xgDO5SmSVXnisTlZb3fJ7wglHkS+htVknmGkAVeVURzaBVNWVa5ZUsXT081k+UEMk5zipOGwymOM7wk4wS5XB7GA0tVtSIL4zjYHg4H19UVIYvjMs8C71CVSVEVkiKvlhuSga57m9dxg/K6KRCGEYBwD0vYlnmZLR/vq7oUeQKikmNJlqFxDCvLluUlklHbGnZtzZKAIzlV0iRBYBic6FtFFARWbhqiquvh2CIIPI0iSROKstl6EUZgo4HFs3Sax1VTu16WpJg9nBZVtT/sKIodDy5oIImcgOEoTDyCKN3gEQcFRndZE2/dvSDxHSCKtmnbpu/awHU5lhFEFVBCWXeqbB7Z46qAA3OiKlqYh1EaAYBjCDVlLktCj2GuH4O//VcnPQRPnlyKPBsn4WqzV0wD70kaUIoqLe4fc6//y9/8r3frXwL/w+//4j/L0gZrvcf1NcRhh6Ee6x43O1EW1/u9JLItqkmGi9KMk8Sq7mmWAVTPS7Tn+WEcUhSzXB1kWSDxnqc4ogO2NRk4A4ZhTVM9OR7HUXD5ZLpzvSDMVEOTZAU2WNfTGNbiWOlGAUZhvCwnccbyVAPr+/lq5/s4CVZLr2nRqxdPZUlnGCnK08f53DbGVxeXPNsv1jeoR44xhk1PUISsqo4zKHIYe4nIysezJwNrxnOOKGl5nZVN0YNW1qjr2595Tjs9+6aGfdPUl0+uNN32PE/iGEPT56u7HmCibKY5bCHEMLzvWoYlYUPo+oCmWc+PCMAyJNtjGMTb0PcwEgRpeL/+NDFPdPpivb+NsnkUxLKgkLS4XAR12n77zddcL5+ffvnVq9cEBp49PzV0LdiFjMCJGpdVSZSF08uJOTQxgNqi0YQZDfSiDmusQACVdfX+4+fxaNhWpSIOdfGkgcVPN/+/nm51xRR5vS6hqOgACICn3GjRYBWscklgj0bnk+GTKodt3XAcb5hOVWECK42HE10yeEqaTp8WWZoXOYbRRIfDrhEYUgLO5eyvi9z/+fqfGYnvsX6/dxmWY1jQoTaIw6ar87rocUjSTE+x+33sL9L/+j/9PxKE/Oe3f//m7peeBDwj9y2xWO9FiV/s7m8fryEsh+bo6cnXY+u5xh8xjG0Zl5Z8giPl4viLi9OXPCsRBMczsiUaZ6Mvnp38q7H1ra6dCozalGWPUOCnAqfKgmpbw+PpcVdgljbSRctSB0PzhMCkwegsDOHLl6+buodZHuyDpunKup3Mjg6H9Mdf3y9XC80Skmy/2a0wHB4djc7OLoeOjZqEYTGcILwk2gS3HSKuZn+jG/p69b6FZZIVeNfkWTIazM6OTycjmSQ7NwhxkhAkmsBxVVYMbULjPc0Ut4/3iu60kISQgBCMjk403WRpjGP6KAxojhMs893HRVaUOE1vtwFJstPZGU1bAm/oltDhCUYgghFRh65vP85Xc4LGBkdOEOVY3wPAWJpy2MemadGcEEQJjpG8KO82rsgbju3gBIQo6slmtXELiOEtmkzOjo6eItTfPF4/rudBHGiKOB7MsK5jaOz0bJq37cbbfbq/O7uYKQqP2n44Gtd1FiXx8fGsrKuDtxgNdYSIKIxIikYdi5H07fKnP3z80z4OJVHmaftIu3wy/ZLCqSwLt4f19Oq8qcvN1ouTA2xz07A41uwJuPHud2mUNznFdBhWYViN9R3ZcwIjYuAQVzFJcAxjsKycZtH84X7oGDTNK4J6cXJSV0WYRG1fV03btK0k67o+0s2zuqpQ78XZ1hzo5ycnIi9C2OIE0dZNnkY8z9M0726Lq/OvJ5OnTQUNRT47PhVZCQfMyk2NyYRTBJYHfrApmzgKNyenxmCkgL6n8IGpnX2++Xd43zvOJScwu8CviqBBBUniWdVEZXXwPZpjuwZKvKHyYxqYCCNa1IRZs9r4qG2/eHF5dT4miVZROD9OWFYo0taxjjTJYCmSYzmOk8qyp0QR4Wi+usewjmZIXuJxEodY/+7jp73rf/X6969f/sux/UQTxCTz7YFBMxJghYfFhsBRVWZ9D1helhTJD1Y9Vrru/vT0wtStrkM0KzKCghEgjJMWIo5XmqbFCIC6GqEujA9pvvCj2xIW212Omh4QTJ40PC7QHQF6rEcQ6whRHlVNVZTbtNg0eOUMVbxvuy7D+1pg2K6XTfOKBJQXbGEPaYY6HNweg2HqJ2UGyH52PJ7PN6rKkl3HA8bSzp+d/a0ujzbe3Q8ffw6yejAc2KZBdtjRYGrqo912RZL0cDgRFN2PkrLM6jJpUbRYL0VaYyln7Hx5NP6rof0a69B2fz8/3NE8CtMyS7uRfaSJlqFPjo4vASDDMFZUgexbkgSoLQSBHo4siuLquiEByzCyKCuLnesGcVMmX379YqAzAsfatiJp4vDIcgbC9nCLg+Tx8TOBYdPR8Gw6no01gEOOE/Ms53nZGg2qFrq+ixHYarlkiA4DoOuotu8BQ+22e0NV0yz8dHODUGM41u3D27JaAyLrUd1jHSvz3//8PSAxRxfqsuh6AqMFWMKRLCjyhCL4ouhgDY4mV01NUIzACcxive8wnOdZ2DX77RrDqaPhbDY77rD6cXHblBEASBIVXlIIlp3vwjBKzKEpiKLv+xzFnB5d4Di52K8A4DfrXUVQWd5jOCfLKkkxbYszFNn2TBiVF8dnGqdFLjoePz8//YrAKAxvCQpnGC7J0iQLIVZFfjk0/trWXy22q6wOAQ6aMj0e6TLHXUzPyhyIjM1zRlknOInWm8ObnzYU6kaWjVP83Wb39vM1xHqKolVN/3Rzz/Dk+cmwK+MqRpJoa+aU5pX56jHOt0m5KNr18nANmBYQBA6Vof2aIyUa4AzFNm1T1DnJ83XbPD7cGBpDUR3E6rIIKZZrESYKLN3VGm9cHP81SWrLzYck92tYbA+HsGhlRQQUSLMsSjOaal48NU0VrzK/gVlPVDiFx0WBA4JmqKooYV2xvFZWRNGU8+1389WviqScOF/Y6hOq6+oqZ0hmPJx5hwgi8uXr34i0hOOKKk8Mc+xHbl4cYB92XZWmKUXhrheY5vh4egRwlGWBKIokMATu1NCeTY+e8YzU1lkHcwrQp+evBFbd7f2kqE/PrgBBT5yxJJskCWpYdnhVVhkFcBLrzk+Gmqrutit7NJBVdn9YZkVs2HZdovAQ69ZEU6a2dWxoalXk0+Oppg/juGFFJs98QOGzs2ORp8osFAWKYXDbsRaLuShyOAZ5lnU01VAkQNAYDvfe6nF5E4SBImuybDKAqWo3jhaCYHGMk8RJh2FFGeXJjhNA2RKPyxDQrKIJDzfXm8XKEGiiK6Mg5WWFIJmywzRzTLFi3cPzJ+dN0zAMR3NSEJQMJ1EkzZLc+WwcxqnMczwDBsOhpprT0VSUhK4t373/GTB4XmV10wqKwYrkcv6paNyH5b1pGhTDti1cre92/gb1vcCLEieLDNljoClrS7c02c7ilqbVF8+/8nZeV8Hp6ERXbQKwTdNifd3AZLNZAYrpCbqsSlnhaJatIc5JJkHR2+2hynNnaLgHd7PdkSQDId7joiAaWZFs3RVFMjxnMZQQRZsoWeGgbNogyrYbb7PerxvUZmUuyyIvimVZMjRGEF2WpACDV+fncVjCBretAU+xnpvpmtMhAnWVn0SSIooyV5QV1oM4LTwvAf/6v3gucKKiqJvVPvADezB2bLtI8yyLKawto+5vfvtf4X3940///dNX3yrKjKEJAo/d2N8dPJYXPl3faZZzNDtKs2I41BCG7Q8h7FAUhAzFHJ+OizxeLRf3y8Xs5CiIYoIgDVmhe0B33JPnf3F8fDZf3PmhN5noDIDzxxuaQqqm4iRFcaAqi/Vqo2tWGh68wxoS+OnFLMmK6+tb19vbjs3Q1MHzLN3QZHlk61enR7qmQ9R4/mH1cPebL35z5Aw/ffh56y4llZtNpqghJ5NTy7Kbpt7vNv7ef/bkuWUerZaJrOqiRFRN/Pnz27ouWRZbbm7CaOVYjq6dQ4iaOoZNIwjM0DB0UW3qZDDRsR7rIG4ZxvWH9yQGf/fVF+HO5wURA2C726KmHlpjClBxFhR1DLti74VpWezcT+fW62cnf5NFW9iUJ7MrllU+fLit8mpg2qFbMaxaRHEcR+PJcLnYH/z41TfPAY3td0uC6niJIhg89iONtabjZ1iHysZ/WN+THDsYj8PQ8w5zliIc9URlxkm1u9l/l2T+wDA5Sho6YxzD7u7uq7be7m5uHq8B0Vum8eTiC5IQ/Y17NJmcnZxFUbxeLnCEn58+VwQtDTOBN6q2Wu/WqOuxDsPwjgfcWHvF07aXf9pmDwzD102zWm0AwJ89OXPd3c71IYIEQbR1/XC/2AfRbhEe6y9++/LfILJeRx/28S5LQxyhkTPiJDlO3aA8hLHPAv7J0dcj4zVqhSxq+o5iCbrMMoqmHWfMMyLCaoRBCmCWNhrbr7pG6LEqz3a3n36IfY/jFF4yBVGBdXdxfolabH67Qi3BsyLLMnmespK43Xvv398Nhw5FA8vgJyOLZUhF4+cPDyQLrInWoHi+uf10f40x+N7bSzzNUYIuO7qq7ZYPj4u5F+Vlm2fZSuWl5xd/6xj64/xtkiWABASOzyZTQxt0KN3vH3uKGAxtRRKyOD89f8LzWuhtaa757uc3eZ6/fvVVHCHDsfG++fThEwPqy6sjAiev71ecYrz7uMjy5uLJDIetZTjnp09IoBi6TjMoLw5e8GgMDS86bN1tnCaiRG5W901dXZwcN21DYX2apCzLNi1M01yQ5A6iqu5k2RB5Ko5cmqrvl6sW9ZppaBwniTqBd0F6eHN7c7vZ+vF6MuBPJ6dVXosSp+saRYMoD3a+f3Zq9R1CCDudTQ/uKoy9ydCp6qSqY8Pgr68/NXUr8SKGcbLEpv32evvIMeyXF68U+kTjZjCHkb+7fbhOyuzd3fzxcfG4Wneg1XVhNLREWYxSfx+t395dZ011cjZqm3izvuEpfGidsGDIMcXG+yhLuqnNcAwE7rKMXZ7uT2bn48HEVLTddp/mhazIFEuFQew4J9PZszKDHUoI0g2jxfHpqM5LHOFtU1Z1hrAmjV1d5Z+fXx45L188/as8r4osUWVBlvjAdRVNF00zKaKduy3KFKJ8s3moqng8Yqs6KnOky8/bBnuc/2E2u1TlYRTtvdDtYCsLmkBzUZbfz+dF2Ywnk7IoRE5jaYMCFkXyAK/27jpIcgonbIt9uP6QRgeShBASNCXiHdWUaDq+oDDCd3ewJ0RtUKJqvb2WdU7kqTSOQ99jeRbh0IsSBLuRM9LFSRbkTZ4KMo2w+vZhkdU1zTFtk2R5FAS5qitp4hV5ZDs6zwpH9rBvWm+/pSiSZfkGwbSMa5gBoicwnCAI1EZhuAMkaFuUxTXKSYU0j4bTqkB4g5msqXAC2eEkzomCynBqA/PA+xDnc92kLZPru4omGoaGOI4p0mxgXhS5n8brHiHfD7I0wwFoGijwvDPQ0iTKskoXhLE6teTzif1blrI6LE7L1Sr0GEHSFampO6xtJ/bQUJ2yzCazs8H4aLPbhEngeltAwKHlELhsqsc8f8Yyx7AGEHlJdudGj6wiXD05O2zjpsJNYyJLI45W2rZL4yBKdjyHWKo77L3JeGDYSlZVj+tgvT4okkICJknS24dlWWWObbheAGEVpTEOegwHw5EcBg/L7edduFjv5uvd8uPHn5omOTudGIOTsmUAKUuyjrrK9dYdVn/68BbCcjo2KE5I8zSKIpomFZFbPt4XVdbgmO3Iy+Xy4/VtEEV56QXRAysgTaMphojCPYlVHEXEae4dQp7gpqaFERrHkpwo1xVWZJhtn2RpVGRBi2OB5/cYpMg+iTa6zDw7O6MBW+WuLBIDWybw5nG+OJqemrb17sN1kaevX5zwFJamMY6wk+OLOI7+8MN/OBk/r4tqvlnGceVYA8/z6rJyTMtWNZqViqj58tnrIkACPz2ZPQmDokMNILsSlY+b7Xy9S5NYkGmAcQb3O0N5ltfJzlsE7taWhdOxXWUNhTOWeepop0RP9igXBYxmiTyrR9a0b5Gf5JCkMUBTNIB1gdpuen6qm/xu94i3JSBZmlUomo/SA0FlTX/Y+Ldrf4FIlGYR3pNj66kqXmEIQFS0sKmbIqsSimfi+KCrnCQS88Vd1daOrR18H0EkcSxNd1kSG7IhSWd5VSyX73KYNQQRpQVNlnUdCBzw/MVkzIwdAusySWSWu+uy9F99caWqUpLHoO8oQPGA7zCO4sRDfPvDh/9hE9zRoBYp4er0PzHEi93W8w97WVRwgid6XuFVmNUMZczGT1hW9MPVav+xLCMSAJwgfH9RVfXJ+HJgTWBT1m1clFGLStQRPOtMrJckboOe7puiqbKmxaM4vX9caapxNDpzDJsFfRy5dZ33FBHGUVE3qK6OjgZXp9MaQpwoqtYHdJvlPmxSmuRITBgOTgReawtsYB1zNJNFB8OUmgZiCIeovL97gxH1k8sjWNV412qmmOf59f0qKuvBaEyRxHbt/v7333Ywv7+70W0lb0o39No6Y0hc5BiWprG+jpM1y0uqfByEXpp6JInicE3hkOKdX365jZLi+RevYNN+vr5L3QOFt00WFllK0vhgPKIFOckalud1RW0QVBUdUOSvP79JojjP46YqBqYuynYaeV3XTiYXjnXZthROkHEee1HYYvDgHaq2Uw2DwHvPXRg6r6sc1hU43juDQZbnq9W9yItfPHulKToPQN10ddnUSfX08kUcwc0qfPH0NYZJRE9PnDPbuOx7piiTPHfbLpiv79M0mgyGDAPu7z8t1gtFH2IYXVbJerns+14Q6Lub68APL88vJ4OTgf2EAFwSH7IqJgADCBEn+gZGSbbwkw2gS4Ku312/94OAZsihY8k80zQ1x1CR544HAxxhqCwEkqVIhSQ4HOu6pm0Q0bZwsXx0g81670LUESRRN7DOoOdnVd2C/9P/+X8nciIgqCCIFFOdLePPEwAAIABJREFUTCempd7d379983Oyi3/7+n8xGZz845/+b1evvrCt8/Vyi/omTvxPt7ew6wVRbGGPE/jxxTFBURhBJHGdFpUiMKqs4j2ybMOxbZomNFVkeZrAMU0QDNE+Hr8cDp/p9nC++rzc3lQw6bEKJ8mDF+y2G8M0IdaJIr1Zb3iG13Sb49nvf/hz3WHDkZ1VxXK13O0PPC8NR+OubWFdffnVM1kUVIPPi5hhe0B3ZZJeHE2xvr+/v4mLWNZkhuNRz9KMBADYrBbL+aOmKo5jR1G6OxwqlMT5Zrmdr3dbReGfPZ11WNMSsGoikpI1/SQv0vvbDziOTUeztqEhVuWl//nmAcep4cRxd15TVAN7DCFOMXRcVF4YsJykykMMI6M8cP2DaWm6ZjM8S7JZ0yQvT/56qJ72fWUZTlGU670HMIYlVUUac5K+XNzu9j7NS6woETQe5YcW5Qhm2kDZeNvl4hGrsa9e/QuOlKsmyVH8cT4/hNFwPCZp5rBbiAJhqecSPyqRuwg/9DSFd4RljSmSzqt0tzuUbZ2lu220a5pO1iwSCElYHY2OLp88320Ot/d3NMfQtFDXqIN4muZV03txUsPSHgwsW0+jUKXtkfFVGK+/v/47WuQIjN67YRSnisRLIjdfrDw/MoYOQ9GwbsqqKIvw2fT8f/W3/4euIt+v/71bLVlFrNsCR9XA0i1nVDal6x5kfvj87C9t6ZIkbIqRGI4FNEazTQ+Sxe7X3eFdg/vf//qP//jHf9rv1rY1lKWBbnCwj3x/SZBwenEpqg6EEHWl46gUQKLAljVUrEHbotvr29Xi8eAGi93hYbWYHo8ZGkS7XZXnnhu1TXvwg6JOCRZPinwfhGGRYBSWVo3ruxDFLC3o6tFgOMUR9MOAk3mEJ6zoazwzMr7SJClNlzQLGJ6hMKAqZuAH93efIITTo7GqaARByaoICKwt/NXu9k9vH3qc+OL5U5zQsjiu8t3Hj9efPt3yEr1Y7XdemVRdWvVuUA9m45Fty6omCkoWl2nqltX206c3XrjNmupxsS6qRpFkTRSrLANYLwhCjei8qAgS0BRIkpykaE0x2rrhJUGQ+LKI3n964wa7skUcQwkcrwkcy7NFkyyDXVC1vCbX6WZiypY8TmLI8iogsLxOMY7Ye0FZ5WlU8Bx/dn6aZFEQeZrG16gM44MfLZMkdOyRKBmo7Qk624TXZddorDzgh47ytC2ZOPF37r2fhLcPc33g4ERv2fqXX15B2PjBjqSbNA+bNt8FAc0Lw7GZp8FqNc8y78XVM54+6Qhyuf45ScKj6ZkkqahJs8hTGJoBnEBJsCoxou9JpDmK4VgQUQQuqeqwyGOItlm9SIpt1ebbzZ7AKFOTmiao2lTgqDoJBVI+v/gbTR3f3f6y2lyPJnoU+svV5nH+wOpSC/r58r5FGUljDSxJnrQGelYigI8mgy+7Po3zR9M+SdNmu38syuR4Oh3bJzSGIZgyDMZwFEczbZ7JgiawJksbFMEJAt2WXl2ltq3blrDaLh+Wj4ORUzW9IE+yBJG0PhydHvYb3z9Y5pBiOQjy+eZjlAWyKFA0XUMUphHLUQzHEV1PtBD0HaoymuhlRYKw/Pmnn6um1FQui13TUcq2EhRm5+48d2tZlqUPYd24+7W724iSiPqW5EDahPeLG4SgzOs4RleFG+de20OOVwfOlS5PB4PzkTM9rDwWUAPNZgiKoWiSpCmGkzWz65s4ul0ePiGiwbDOMjWK6pu2xjGGZyaWeYb6cO9+mhw7g6GjGgMI8Q4HjCiouhZ4QVO2ry6/PR3+1jG/7jE1y72qXazd+6DuKVb0/ezPf3zXt/XIGQKCJxmOZcUOr+NslzcRSfQ8RcmcYhhPKVqnSL4naoxyw+gmyldhkXy6XTimU+YEz2ksbVQZzMvq8f7z4+O7Q+iRXB8loaDoRRZykrALqjfXS47jBYZXVaNrMdRCSWFZltm46Zt3HyDWiDynarq7/dzWuzQ72JZ2ej7TNbauQo7rSLKEsGVF/eTyddcTm8194M/rJqQp5NgaifX39484wJqmogFhq5IiS4/3i7RuNZ5gSGZgW7aiJkX14IaLvUuzDY7HaRrqGmfoqhfUZY2LtCDxKiNaXRs+bFZeFBmWmURJngYQVhhFeL7X952uiwSeCwxUZTZOIYkDnqWePJ/0BLx7WKiqaliWl3qwzQyVZADc7vc0xY1H5w3M98nmxelvRUZ4+/lX2BGj0SSKi/3OwzuiTvMsQxwlKrxBYTJFanlRhdEhirZF6y0O9/s4O3ipocmKSMmMObX/liTMnXt/v3jXdlAVaGd0hIBcFFCWHV0eA4xFtdd1MURIU43Xz58VVfWHn96TrGBqiqErCscSPXZ6drLdrFaLB12TdN0s68L31wgFeek+LJd1AwHJdRhRl6XEqzw1ArjFs1JWx0mZJkXkpj5OEXEYxEnohSHCcE6UIYQ4STd1lyUZJwh7PwqivSwMHOsFxcK63eMMNd8leZGSNFbVeV1Gs5nGskBS1SjxclgvdzlOE2FSYjihybouj1ADAEHWfXQz/z5FJUGJcRh1rQt62EGOZBxLthxD6zEgKGZVw8e7W4ySOiS1HfL9GzdeSbJc5FWPEYG3hlUyHVqqrERJ6MfhPlitdx+37gMv8gxgWELhSI2imDz13DCEGOB4U5QsVdMwBCGskzL2gn3WNG2PygbSVM+zwDRoloVx+pA0cVpkWdMSOE0TxsB6aWjjKgkJDOqGFSXRan396eZN09YDx0ZYu97eBMlalrkeZ3b7gyCLdUfcrINDUDmTSVt3vh9NZ0aP0iQLaIaI87LrcZaiYV1zNMlyYlkVDYwkUTL0o4O3Wm4+K5ouCkbu+z1BhlGcV93Z1RVJ90VeHpZrsu+GOtUWWZlFWZOQPJMUVdGgru9qVMRpVJYFA/o0Pkgyo0qiJkmyqgXuUpYFyzzhaR2WHdZBQOMN1rU9SvOs7yoSdALHSqzAkoRl8N7+kWbIwdF056dRUnVNpygaTsj7nbfZHZK40BTD1K2iAtt9ejQ95VmzzDBDPXWMy7Zp89yNk0WOwqxOGIrhaL7D+ijezee3OElgHTgcdkWRsgw1ObLaplIVwdJEEuMM47TvyaLw6joCNC9IGk1hZePl1basA3sg13WWFgVNUZaiUiTVwbrpYFq0AIgMqWAI11Td1CcASHletS2kSZqi5Q4jN/tVVoVRkaZFkeclSQDUwjyvMIwE//q/eM6ziqxqQRzNV/MqT5s2aurE9fxn5//p0eD1P/zD/+XoUn/55e94QREluiOa5XoV+MF0Nr548bxCCGLo9n4RxFkUV5Js2PbA0MQg9AcDY+AMZrOrHtVN6xd5UhfZV09/++rpv+SoQVvnbrDa7u5df3dxdUITACGg6FaSVjQrEIDIi5xleYEVzs+eAYL2vM2nm8+aIrA8RXKEKClpEF+en2AdButCVtnVZt2BMkgPdZMcn0wyN2zKjqSEqm57mo6LPEnTKCpkTa+LiqQow7TwjkiTuq0aANDbtz/P1wsvChBEsiROJ8ZmE+zcJC6TwA90dSgJmuft49gVeSEtiQb2n+9+eXtza+n2yXQSBAmBEwxFc7yQlzmvCGGciLJ6fPyMBMLD/NNm92joKi9wm+2O4ShGbKs8M/hnWGf2PU2xZFoEbY3Oj18/efYbxxqE7rbtyLOr5zTPrtzHrbcNwz3P9hBrN7tNi9DV7OX55Esc4ofD0kvc6+XCjTzbVo8mFoF1mqCe2F+IpB21y3V025N8W2OA5uoy71BeV5Vl2AQOs9YnWYZheYaT5vfLHuG2bW1WD0mWXj15oShmGiX77ZphBAxjp7PTpqltW9NkoS1qW7q07fPHzR8ew0+mPYGQqOsuz4vf//7bwWj8068fPD+ZHR/LgswxrMhRBs3/b/7z//3EfJGhxX/8+P+6W9+IDK1xrEhzpjKiKQdBsUfa+dlXx6MnVEd3KC+KLcTCotpE0fzXj3/+7ud/pmnIS+Q28NeH5Ozs6uz0edMUZe3ndfjp08euq6zxkOTwX3/988P6U5rtGLoui5TjRRJgum6SFEfTjGLYbdfXbU2R4OH6pkeYpltHZ1ecrORVcz+///jpI8UyPUAtbAZHRtnXcZYCupUESOOYqowG9snJ5JzqgKZIOJncP/6JBZTInk1HM9DnB/fAc9zAHnAs27UZQrhpTYoCZUXetCnDtjQo48T7vMp7UjidmH3Td3Vha3ScZ+7hYJh8nmfrjfvyyxeGqdzcrgFOeAdXEFSKoYLIpenmfv5pu19hLE2x/Mf3jxyQvn31+4kx7VtE8awzOv7l7WK5DiRJQbBdL5e6oj5/eo51FcMBXqb92Kd5mhO5PGtGxmDszI4nR0VZxEW4890qi6Ya9ddfffPb138LegshTDfkugnffXwH8T5JakCAskKKLM+GozBK8qrFSPDx+rbGm6aqJEEUWAYi2HbRh7vvrjfX+zBAQXnuPJcZp+/bPD3kTbbcuTjeG44taSoncjhA1w+Ptw/3QbKnGeLk7BgjWM/3PdfnaVpTtf1hZWiCwE0rKGFElkQLgLGaavcIlWmBQ+xoMiNxHLaZPhQlnQ7iw3bj/vz9u8HwZOgcZdm+aFdBst76mwpWbVX/5uVfzUbDOFqURWDIMt3LA+vF9PhVEq4P7u1kNmJY9vZuh1M8BvCyQ9vDAQOYMzAkmfOCAFD0ZHjclrSmvLCNZ1HmFihjeHWzddebBU0zX778YugctXUbRTHDkJapSJIgChLseFmaiPxEEvWmRJalM0SrKpxpiiVsIWriKHLsU1U98Q6ZZTm6YXu7LUWRhj3ULeHj/XfXm4f1IdEUgxOkErUfPn9oIbQsw9ItRZJpDHE8bQ4G9mDmukFeFKLEDycjzw2yPKu75nb5uNiv07SURKWH+N3dXVnlk6NJUhYfP38s+6YFaO3tyrqnaVOSJ1WZXd/fpFWM9w1FEXlethDgOHUIS4ZhTF1QRIahGYKkWJ4XJFniQV2vt/Ea4Z0kSYAgmjqrqxYAbTj8hgKCn3xa7z4CEpEM+fi49v2MY0UCZyLXd/f7s6MnT8/+UqROVdEEoI7D96vNzz9/ev/z+3tJUesWRlExmzovrl4ylCYIUtvGy+X71eauQ5WhGLPRpSkN7eEpgTKE/CSbZ9m6qLymrXuMRg3Fk5KuWM+vvuBJhSaZoaVZNujxdOlHiOKrusdpkiL75cr/ww/3bU8/f3bF0SxFCSN7hHWkxJHjkXH76PlRdn46HQ9HAOtgfaib4MXzi77rnz1/QtNAN5TjsxENujjxNtu5aShFmWdx2DU5x+AEhgBFKIaZFND3EkM3VEmnadEPyyRvesCZMjeYnDy/+t3AOJcFoyqbbRhHeTo5NtsymYzNDuu229DUrIvTZyTOUxyxWrz/6dOiQa2i9KgNuibrUNmghmWoqsz7pnAsjWVBEHplC2O/6hFDkrCE2cN8YdkOQdG3Dw/z5ePxWGdocnPwaEpwjLO0jnbR7nj0UmCMz4sPg8mRZY2CqNCtweTo9MhxWEHpID4cTEfWQORZvMvL8iDKjK4RVetnNVIUXeEIDNa2MpzZ3zC0mmXrOH3sie6Lr17s9tk/fvfp/u5BUwfT4ZXES1ifxom7Wm81XbMs7fufPzxuAo6hJ5ZlKCZPsRfnpzRF3N8tOUox1FFWNG2X43iKE3FTFRSrSqzi6LptqbYt8oKMIUUUxopiJVlV9VXRBIvtIiszXuDjCn34vGIErSxR5CWqbIqiNhiMdNM5BOXtw32WJ8fjV5b1JIhXd4uPm6jCcIIXBApgsiKLqiHwZpy1rMAd4nLnZn5cLFa+LKoz50TjjkRaKprdH378t9eLB8uanR49kRTdNrgW7op8Yxqz11//a4ARj8vbHhA4xbRNjdFKA5nV/uF29Q4xpK6q5ycXw/G0zNM0CnFUtk0YJVnVdVmT5+UhznyeZ2RRVUSj70mKYjCsyMtGkk1ACnEYV0VCEl3XYTXE0vyQFyEvsm1fSxImKj2sd2m5Jfj2EBdR1gFKo3plMvjmZPLXtmah2ve9JSeIlCR5yf5+/rHHmtPZWJS5uj00MKFpssepPM8R7Lbb/XK1IQBvaIMgybabnWnyobftMYzncJrl2hozlOF4fF5XHcfJJEUjFFZ1KCtmh7V1EQ718cXF7/G+97y1osqyatY1LLMMUJQps0Nb/uLpMIoOHz/f7sIDI+DO5IhXrbovP356UzTZ2eWppPCoyTiaGDgDQx9oht6hnCQJ3RiJjIpgDyhclAScZmDfA5pCXVMmPoaB0+NnjjURJe7g7qM0pFn24Oeul9IUhyGirPEgiAEQVNF0zBHPSOttuFzHwT4aOKdNDsqi1bQBw4Ak3dZd5idJkCUMzzGMUkEqyqKiDoYj2zFHJMnpuowTlSD0hs4bGoN1VVkgjjUBydV1jrqW5SWSpGiq50UQBuuiKQEB8qSAqHfsoakOaII+7B6DOCZJkaVl0xhxpNRD1BSlaY8BSTUIwrq1zNnAcZLUjatdXMQNauIkK/MK1XUNW55jwBdfmpqiTGajm4fbzXpOUo05YJNgdXX6l//yL/+37z7/O0zYD2Yzz/M363nbFTiOegwbTo6Gw8F8sd4eDlnZrNe7HvY04J49fTKwLZpAkR9xHGMYDo7xDYJFGi4f5kP9+Ddf/ucCN0izzXzxsz1Rmw6xNN3kJUdJmqizNCUpFoI4L7J13WCoZUmuhzxJUDheFllY5gVGEC2EumHqmhoFPssrDIPTIrbx9odwv97tyiIdOprM8VneYx3DsALHMDQATdk1JRQZroegrbsirxhSJAhOUgRVBq7v0Zyoq+bJ8Wy72i3uN58+LgVJHk/PGI6Lwr0kSiSJ244BMKLICVUblMVudVhbkmqKanhIGYoTOG48HhdlWZQFTpCSqCmcJYkqTUNZY9IiXKwXv/y6JXA0m47Xu1tYEQPnJceYAAe77RpW2OXl1459jPcIaxtzMLWdo81u89ObP/jx4ejYnB5p29X28WF3PHz6/Pj3dYpVZQGoTta4Gis7os/TOE/j3WrD08Js9CXZ8+vg3cf7n/McZym+rmCRRQLTczSFQRyQRFJ6OE32qM/SrIHo7GQaBpu6SnC8q6qyQ4jjeEWWBUYUWIlh6LZLizyqy5LoOJ6ctOX+7/70fw3Ksm/ZpuqKsiawnoBNliY9wO2xY5oqIOmTkwuZEUf61NIusvLgVm/n+1uJlb45/+py9MXEfGWI503FZnkdZWGWHnoYZtm2hH6Qzv/9n//h3e3HpC5pUfLc/NWzZyfT6XKxETn5d9/+pSirNw8P7979svd26812fKTtDg+r/eLv//Efl/5he5h3sKBpGgCURZsG1X6Q8qyuGBOSZASalnhKZljTcnTTJjBO0zRR4gkKiwJX1aXRUCdwPEniJCvartMMkaIbhKLdftU0GMsaU/PqfHRliUfhIfXDW5ygZtNvDHWI2hpgnSzwOI4DQNrObHR03sD2j9/94Wa+qquMJqosTwskQ1zy3T3WFhyBqtxvm1TXheMjU1YkiRMYhtBNnReFyWxgWCpGEhWscBpRZEPRqMdbTqCTIq+q+mx6/OLid7o0SyO/blPFULdeQrLq5GhA9LUscJauYFizP2y8aOvFYZpnCINDx2EpVleHAEmmYmM93qOWJeipoT+bPTsd/c4xvk4TiBM5xWQH7y5O/OFoRlOSxMkUDgSapkns0+1d08OiKn9++5mkAEsQAseRFLi++5xD93rzkPeAIBgBk0+GTwFBHraL1XZddyhOSlHkeUX95c0nPwqLNH3z0wdBFHmR0WXm7OS4rjE/SA8779Xl+RcvXtR1kZWJIo1bKMmqSIOKZ1lNHRIYyYqaaQw4XijrtIHx0p9/nt+mVWU6U9s6FnnTsWxE1JvtzSE8CIratsjWjNngGc+o84drVJfPn77WpHOWdyiqQ9DDAUbzEgk0QXBMZ6Dr2t3j/d73LEs9ObJpHOzWW5njFVYTKYtnZ7Cn56uHvMnyLFU1XeQZQ1PWq7sk3XnB4eTinKIY1KGirDCMRhivypO2pgSaQrAVeVEU6DTZt7CQVDaLQxZwtn5M4wKFA0ng8rQSBI7h5R7HP9x9v47XcYV4RldFHbaY53tZkTAkYSgKbNDZ2VXTdIZpZmnZYUQY5n1PDIeDHuuzsu0J4vPtw6f5Li2r2Ww8GU7qCpZ59ezJheM4CAPbg/+wWm29vaQoXUdxlEbhAuhQ3SOKIyi6vnl8cz2/PoTrHs9ZkWcovGtzmugt09J0GwMM6imW7bzo/s3HD22DaZrpHaL97pAmpalfHk+/9YLD/eq7GoUCz68W+7v7vWWNhtYJA4S2qXG801WHZcTDdp2mS5IMkvTOjw9unEdpO5kMBwO7beHxxD6bXCjCEcMyVekewvnBOxiyPjJPFGlsyAqCVRLdpemhx1oEO4YWVGVgqdOjo0tZsjXFFGkNa+ke9W1bUVThx94hY+6XxeNjtN2Gjqk0LcAxoCnK2B7UZYu3xOnRBU+rVexhHVzu8h6nX724sk3T23l1U9I0/vH6s2k5gRskSQoAvl2vqqoOkoLTjL/7+38I4kDR9NnsFEdoPn8EgKnyhmOVtu5EhiMQcXl61XUA0GLRoJEuV3WviGoS4rp6dTS64Ck8zbyqbbC+lETAUDRNyTSlCvJE0+y9+9i28cfHIEkr1MQc3TE0SOOIlxTHtjEctzQNNjjWE0GQ+FGs6VOMMMMge/fp4z5MOMkQVO1huWYFdmjrBAB+kEqSY+pH6/18H+0V1lR4ex88EGRLkvj8cc4xJEOBPPLzrDQ1W+RVhuh4DivyA040jmMSWBAky6SsKAoTeDwMAkseTodPGEpu6hRBf3fYZwWcb6O1m4xGg6PxiaOMGYbFiSqtAj/2qjZ/fFy0ED25PHv57Ermta4Fhm7BunG3O6yjLs5/M50+2/nuevdAsG1bFV1HDsfj0dCydFGUMM/bzR82LGPKkk0TRAvbHoNxtPUCVxB5CoD3Hx+ahjAMncaJiWm2Jew7TBZUmlOKGivrjmEwS1M1+QxgYppsUVuZqohjeFshnlMFzhQEoyj7Ki/doCKA2EHaNkcMYGRGkoBjqE6S7X79/EtW9SfTs4EzFBmG6tt9tFuubwCGm9KsaPntbpUXnmlpiiBx/JgkjCh1Hzef8qrEYW9rZlnAqoIcz+VJkOcJL3CKYWIUrUgUy5AUQZvqSDNHNElWRdzUUVlDXpQZViiyvCkLgSVoWsCBXNZJnO4wvKlgut3e8gKOukOcbaIsCVMCNiLoRQ7IlnxqqxcCw2NEWlURL4uSZvR418KcJhuFZ/C+qdvD3luXZVs1GEmwHC1xgFc5Xpe1quket67rxUPb4hh6s3aPJiYJaNALV5ff6Nox6HmakxvUPC7fPWw+tm0lyWrfNn3TCZJO0iDJozpPSZrGCFIRWVHkB4bUpKEpE02XHdIsrlJnMrYGU4KkS1RuDkuCxB3LRBD6u63Ic4pic5wSpWlRRlmRGoYjiQ5EZN/3aREvtuukKrKiYDmu61oMgwhBURBIigkiP05Snhdpkq3zypCN8eQ4SjJd13iOOT6aMaQyv1uu1nua4WVBkSVjOn0qS1qPGprGIMrzulztvdVmVTWlrmmC4BA4KFJPEihDNVXVVlS2x/LV5joMdxRAimJSpNohCtCSIEqAwrM8aWHD8X1T10Vdk6yQJoVtWxDiFE6bypHCDRnQJ3kMEQIE0zaspjuqbmI4QDhRVVVZJw+Pd23XsBzetME+vCvqBAN43fZlUREYUmTB0ETwX/+339q2E6Xp/eM9AqVm0XXl0ci5OvmfB+HDu9u/O342VnRxu7rfbG8NS8jSyHTG9mgURf7Pv/wkyuyzV6cjR0FF++zpN4bmeFvvpz/91OHUV7/5Ji/yJMuOxlOGIvGOePHkr0TR2e2v//zzvy+aTNY5DLUCQ+mS5OhDSx/maTZfbgxbxXH0/te3isgMbUfmzSItJyPD99a8wI+PTqIwTlKP5SmGZpdLt8fbg7fY+2tRFdwwjHz//GR09/FekR1VGURhjhMUz6rjyYUsacezozTKcIwy7ZGqDxRNh1Vy2G8g7Jqm5xn+5GRWZHld102HvfryC5LiV6t1ngQUgauSqBlqj3VV0Z4fv26rxI8Wk6NpkwNZGjx5+jKNizDMNMOQVYkgyNn0JE1wvKMFniwLnyK7s7PzKHHJHrEskRdJkO1H1owldRJw1mAgK7ptHzEUV8YxwPrx8SWGo61/u4/v8zpoSn9sy94hVaXxq2f/QpeOYQd4kWJF0g+9nui3+0MSxyRFhmEsi9bAfolqEFeL9eFW5GXHHhrWwNtsmiIbDMw8rRTFTqpg4615nvP9aLfzNUWqy3y+uCdpnOeFoizbvqVoskcUjbOwq+ombpqCxBieGjGAfTz84fP+DWxJjuBNQy7zWJbYs+NxXdXrzerkfIb62t3taECRODs0JizN7ILrnbeeDl7+9ev/2bH1G1SNQK8xNAWYIq1WH27/ePP4K0Q5Adq8Sn768Ovbey+I4dFsJPPabr4/m4wogtqstqqiT09O7x8Xf/zupwpCDMA4cI+mSlomv368fViHpq29evnyeHrFMEJRBXmz/e7ddzcP95Kknpw802RdYNij0URmaWM4erzfzuf7LK9JGm/aokj8gWMqggAwwAssBojtdjdfbHoChXmw9ve7w6JpPJ7pJU6WxRPd+kLVnTQLUFM79rFtjxia7iCsKhKQ8nByyjAgSN1tGPz09tN+u746dzRV+XBz2ByavGixvh05PIU3oRc0ZTk+OqJoieXlDsMZhitrODkdwx7dPt5HuZtlUeRvBiYriFSU+duD1/cd3eMT84mlPa0hct1lUSZZ3VI0pysC3vdVXQkyi1B1CDasRM2X86ZHF5fni4cFiXGWNqCBKnEqJ1kAiKPBk6n9isBGJLDiOMTlAfyPAAAgAElEQVRBgNOHvf/h0827tmOfXn3TQa5MKrztZJ6r2/JhtZNkUVWl7d6fDBWewG3Txjrs4O9qvDhESV72qiSxvagwWhInru/vg4Sm2aKALE2Lpn57u2Q4ytSY4UDVZDoOfBLvAjcdjC8Gzhg1DU8CQ9IFSUrz/3/J9rVrW7oYCPmPI+cx84o71a6qXXWCT9uNAWPRXPMMSEjwgHAJQmrUajkc28eVd1x5zTTmyPGPXPC9x1eYtuN6F64TBT4NwjiKN32v+4HHSXQ4bW/3n6Q15qz48vTY9uPV9WvLiOpyyI47BdmxznopqW0LLpAgl5s/uvZy4kxD+vbdf6T2YhhawbO2zkwn2Gy+5SKEwJ+lAefl9rTPijLwndQLvvz62TGdq80bx1jaNFXKaTs5ScllDRG/OL++uDx7ePiidFe3+7Lcaj14rhHPolFMh2MmFfHcmW24fKiUkMvlWipwKrKiKKahty0n8i6S8IVtJFqJIAwmCQQwJHGqofjt/of3u+cgXAZOera6HvqpbwvbVnFkOAZapOlxXxiGN03jb7/82PeVYbuz1UVRZI8PD5blGgYum/rx6WDbhmfit6/e9J2Ig4hi2PcdIqblBwwBrhlCZBYuLpeXDnUsooPQixLveLp92N3d7o9FVQk5lKdj4plpHAA+UkxWy7VQaHs8KjVl2d32mL14/Xa1uj7lZds2FHtx8poay13+ePf0I0Ty7PwaQZcx62Lz7Yvz/+jZl+PUaDwoyLLj8z57Mj3Zd7vn3RehGTJp2/a+6zZN2zXd5TJ8ffH7OLhCGFX19lQ+e06wnF2l8YskXiLA23FEBEHqESMOws169c1q8c5xz7xgSS2na7upV6vlK6FpXh4ft5+znhXMhSQsCo4QvTqb5/v89YvrRZocDznFduDPMLQtK4IAZIdD1Ym+Gw2E67JCQFqOgQ1sOGScGtNmVbX9dPex7fu6HZxoWTTTzUP1eL9dLuffvfurh4dd3bYvXrwOvPD59vDq9XeBGw49A9CAJDDdsB/57uFLP/GuKspTnaZnBAdRaJ6q7TbPPRf7LnEcGyh3sfx6uXx1c3Pr+4jziqnJMulsHkCo7u4e/XT+vC+KZoiimWWFtjWD2m8anOdsHEc/OgfQ5Vx4oa8IuX14BMgau6nJyxdXl2xS8+g8CMKb7S9lfwqddBZedVM5yXIYayHE+mxFCFqlCaEOUhgoTBHbHe93+VMY2oFn99N9PTyWXW9a0LHh1EqTJkm4HlnP+GRQ3Q3dc95++LwP0+XbVy9X6cw3o7HnGjZls9sfn4SYZkn0h+/enq3XExPd0K9WS88OHcMPgsXFxR+Xy7fY0B/ufv71y/t27NfrTTcphOR+++Hu5ieNu7qtNTSVcogZGxhPoq270yF75lI6ljO04/3ds9b6bJlebVJDilUSL6Lg9uOXupVFNUqIk9hh4w4D6bobk3heYG9mgWN5RNt9zfggzpdnWur8mD8/l0m8Wm9edOVoAyt1It9MIDKdwEYGjeLYINQ0DIphfnyGBBMKR9EalmmQpeNvbBeNU8bHzjTnoX8pZHsoPijVLRMzCcj7Xz4URR0GnmCMMw4QZJzXXW9SPvVD7K1j/9JBHkSqbQ+Ml2U7FnVnWk4cxQZSgnWmYWNiDWOXnW7KdqvxQCmzbKFlzmQNkCOnUEw+4IbWMPLSZXJpm+7EJMawarJDsc/LnVT9Yub5PuG8mXRWtmU1iDBa2eYiDK6i8MX58tVynh6z/ZeHp8vL68A12/IUBL7kjRAKMHqxeJP4Z+MkNdT9UI6yuXv+NPEujIM832bFY9tl2MBesJYcGRgbJpGMU2K9vFhW2T5dOAzycuqD+ezyq+98bzkyVlQHhXk/1FBzyzSL7Oi53mZzhYAsi6cs33I5uI6tBBkHZdi07bc397/uT3ulhGPhMj9Q2mPY2EQBQA07MCwfISInRbF5tr50vYSYlpZDURyKvJivXiJrBoiz3izTOAzc4Gy9mcWzvm3y00OWPQOKh0FV+akoT/NZ4pohpRbGwrU5UNKyHCHbkR2Kdt90Zej756uvCdoY1gwRu5/qtjkI2bu+gdVQ13UUJqbhK4U4Z9Skjmn65jwJ3hrE7Ma8GQrTDQA0y7JWGgsB7x+flGBRGBBCNZRAdQPbZ+XDyEfDwlJJg+rEc64u18v5HP8v/+t/5zh2U5fVkM/mVrHfhubZd6//Z6zkD5/+z2O3I6b2A+Owv+NguHyxcj3n5mYrlBiG8pRnE+88A2FuvH75p8hbCDH6npHM4+9+/02ahDd3X+6+fHz98gWBlmGEF+vLbtj964//+Zenh0kjpfTtp3sTgXl4lgZXBKC6PtZDnSwCBeXt7Y1F0DyZUxo2RWPYGAIw9Ozly9cQ4N3+VqpptpgPo+raxvMcCKXtEC4ZwGC2iDRXUbA+O38JoeG786vrt2KS2X6rp0EJ4TiuYZqY6Kra7Z/vb2/u0vmKEKc+VQaGaRIIxqMkefXm7fFwats2jrzAdy0KNARM877vHTOG0Hy8/3U2i+JwvUgukzj9/OXecohhgyCy6rJM4pQCz6ABhOqXX/5Fq3Exn+22zwjpF1cXjCkhNQTK82ZSmAggx3biMKIaNlW5XMy50E9PN799/ifsjEqPYhpC37OsMAnPZumiqvJTtSNkrKv8882dkFxMvdbc86ymbjazq8vV7wzkTjIru62WepmeRWFaZCUAIkoiNkHTmu2z3W+fflrN4jSJKLbfvHpdFWU3DNQwmeJ5WUICGBstROfxUkm23d0QpC4Wrx1jMwzbXx7+70lr3gPHcjzPqYqSIni+TpkS+7wYx46rsagyAxHXSl3TNyjs+nqWvLlY/NEhS6AtrqpJPzXd+9vnfzw2d4di13RDHKaRG1uW/eV2WzYqdOzNIjGhkYZJ6JoIwtMhS+Kk78aPH+/u7vYvXmyWiQP4FLqWnIBWxnq+/qtvv3t79Z1DorrMyuZm3z7986/vf7n5NIv9b1+/1qOWXJgYX11uqnaI0mW6SQwLBAEosru2Os3jxSJZQoWBVBrK4+HomAYlIgj8atTHqt2esp6d8ubxeX9XVifLpAAKwWoT8anvBJNpkiRpAjUSYnq4//SXH/8SxFaSeoahvnl9KQW6fSq3h9q2gmkSWrSBAwEArpteXn01TrBthq++eiGEBJCs1ot2anb7e9OWQWj3TY0RM2xiOjQ7npjkEEyO4V5cfkdoUvfl2OWWZTq2ETpuPwym66SL8Hh6fN7dBakvBCDYN0z/dGhtaoiBQ22+ev1t10MEQ9tMPCvECNTdXcc/j/Jum/1y9/S5KsV6/tUyvto9Vp7lXp2fEQ0Mw9jusyjyotApyzoNHZeYl2dvfC9p6oLDpmibPOsiL1yEi7HjT7tjw9Xu2JuU2paJgQ6SmDM+DsOrq+XlOkJKGsicz+YPT7ll+ZeX54FrqoklSYwNu6hLhcY4PHetwMKKEqUEz3b7vi/8iOyL5z//8m+fnm4AAVmZQwlMbIVe8vi4//T5w8DanvXEMvqJFVm9TDbL6NqglJocU+x5QbbfPTx8IogjYMTRpemea+ByUT88/OW3D/8yAT0JaUAUuK5tBKt0gWXg0pVrOkMvbCedLeeCZ213ms1iQlCWl+v1zLSp4H3X50nqcSgGKbbZlgk5T85dN5qFiYEtCDFEoMiPmCDTsqZGrdPX8/jFbLYIAis/PgNKTC/tBl4Pu9/ufxSQLpPlanFuQgNwTbGEsDcJM0w0diNEFkEWIvT+7uZ43CLD8vyo6Zr3v/4qBNucpePQpjMHQqYEWy9XnpfcPdwBKHaHk+XFAJOiqe+fniGEl8tl4sQeDQkimOKmz8vmuRqLeDHfPRdFMTiGM09Sgo2pG2zLMCjp6q6qS0pl0+6HrjtbX0V+eNqfPNch0AuiNTatbjpKWA5tO4tXq8VLMdLz1dfn8z8glUjZap11U1GUJ6k1gGIc+3EaEQZeYHMJJybaZkRa/P7t2/Pl7x1rppE6ZY9Kj5uz8/XqlWuHQgx9VyLLphQbpmfSIAzmgZMYxBRiLKtdVe22jzeUGuvVS4ycPN+N0+nj7dPAyNnZDPDpYpGeRd5mtnQsJ/Dj54dcS3Rxca6Znjg1LFvL/suXW8v2gcY3H+8cm3qe1Y3jJAaFpiBQeb67ezoxZSrg5LmK0yWfpODaIdqkSEpsW0GSxh8/3J6fXxiUXF2tDYMUdQsR/nLz+XH/JHnnuu7V5at2FKaHkNn+/OFf7/bPQmvXVPOZO/XT0GsInb6bDAqVaE1LYyxtm4Sx27cDl2C12RQlf3w8IaBD39ZcUmKZdmrYaV/mnIn17BIoUpaHbuqaSYdhsn/c+65/vlnXpz6wE9ulWbNnmjvUPV+8GaWoxwPnkxj5Zj1nfbeIfKCI60QUo6I5/PTlSy/4ehUR7EzTdmS7ru8sE9omxiCIwnMtprzYtV3lmNY0TlXfAey6jp34xipKQzto264b9sfT/TT255uLFxcbRPh//q//+OOXz65rRq4FBdms3oThC6Wcut1+vPnnHz/9eqiavhss251tzj5//vX27udB5IiMTIkgWLjO0rBSpWVenqo278ZWST0NUz9MpuXIsV8GrkMtnzih7cdRGEdhN6m6HwHSgW8gOPbNwTJN2w4QNQ0kHNc2DLpeLq8v1nW204xNQ8M5uNhcOVZUZ/XMi+Zhahr2pBTECFKDYDz0nWUoICZqEN/3mWCmSbjqtSahf0VNtxsej/kXjNzYuxyG4lj+CnUXekDzdp9l/cAF54gQJ4gnppgQSeqzvlAMLhevPecSanNk7f54y2VZNU1Zd76fWKajBWPDgLAihCqtmeyO5WPVHC8u1kkSlPlzUZcWmfnmNdEpVARjCIQwDNPArmknTIB+KA/5Q9UeJt6lqWnZsKx3Qtf92BHDT+LLqaPz+CINN1RbSZRwPrCh1YItZolhUIwABowx4Riubfi+E45jVzdbDctRFLvsyTBJ4NtVfQBggpA7hnVx8U4Kkue5SeBmtTzbnNtEj2O53d4Pkhuut7n+drP+GiqIIVRSTKI/5UfGGecMQTP0Qt9zx6EaRbs/7SHRlBqnU0mICaAGuh9ZLYVIktigdtfVhqFsRw1DZdm+kJBxEIWxZ/p84rN4eX72qm2qcSyVmqo6p4RcX7+Zza4MQrDkQ9MZEGGEmZBPjx/ff/rBsKzl6spx3HGsgWJJnBqmTSgxkABItkPdD9UgagWHkQ2+G/ju5WL2LTWCZiiaYb/f3wx8UEJOPVuuLsdBCm75fmyaxCKajY1DTIcmnhFAqIDujtkzAC2CHCjg2N52f6ibo++7y/nadlyly2N5c8i3BkWWSVzLjr04dKPzzblt+iT2vanvT7tnxtr8NDlk/urF33tO+MMv/0fLDlU/kF0WhE7H+SDV826PsMWV3u3uMJGWiwmjrMHfv/tvw3D99PSl7U79VLV1E6VmVjSPT58Igk19cqxV4BClp8PppupLbBjb/QkhIvvJs8PN8mvXnj8/v9eQSdB9ufvsB57lWJhaCiJqQAEEYyqdn0HkiFFdXlxz2b7/9PMjfVysrtlQICXPl1dOhLthqk7VNIqm63xrwJDwSebNNk5cyduuPmHAZ7NLrtDD0+39zQfTIqvV2cWb14E/C6Yp8pz53KVUng5ZcdhrhT0nMOHp8vxCcUEdcvvwiDCysLHbfYq8q29e/S3E+7o4Ym1iQxguNEOUVfuq423TWlszCUyXLEwjirxFNdz89tsvj8/Pi/l8lm7aHufV7un0hQ305fpv0zgZhrEvqzBKoygmxGJ117Ul0jp0rWkgkzCZQl03boebz7uHoe3ZMH11dZ1EC88NbdeY2kbzQdQ1r1sTYIqolopgyzFDoIbACy82l7vb7TQWp1MPtOdIYFI/tuPz5ZIxMdrKMikmDsWCUr9tx8fn/amupoZ/d/3NKrrq22HoegPYkTM3iH/z+JGDCUOva4vzs4BSUwkgmRBaCDlFiTuMbbU7IIARgGmysokHoFzOX5imbxhmP23f3//6sLutmmeCR62n883ZPFwGJjlfvjGQRYHCQmI+Rm5AlTQgTOYRxajv2PnFpe06VT2GNn3zavMf//rdWBaGUJvZQin7uzcr20uHEVKE8/JJyG0zPLdTE/jm9eXZ1VX4cP8DHL0wXCBE98ciLzpgtpanfnn/L1BVoYffff3adVeKq/P55njCYRQet6fHpy9m6ByfyqxSTJCiascJH5NB8DuC7Rf5OjDs2PUnz+Qj7loeRzGAsG9LgHRdnrq2fvH2KgjUM26bqgbAmUfp9ZlBqd2U/fuPWWTq9WxmWCtsJaCvLVs4pq1E5Vou0ohI5Zkk8mgUu3PfmZqh7icvdAFUvK+dZVqUN4/P/+o5X60Wv2eh9/D8i+fC1TwxTXzz8LFtmB06pm8rRB037np42jcUWbYVEGxwPrVDPXQDEyNnDDlCwrHsb3769G/UwIkfpsF85a0saxV5URzUszgwEBCtJgZbz5YQTdPYsGmUwg3SpUniJEkeg7tZaORtd/+w54zbrnfz23536DpBsl1zcT47P1vVWeNQ9Obl+uOHQTFwsXkVGmnyXZykya/Rz3l9Kg+3rBstw6AmrbpeKTiODYQnDGcAwLrK2TRJ3pumrOpsfzre73I3sF54wYILxLWJgGcg3ybz1DMpR1oyDOq8JYTO0hnGY3n60A13TV0ejHESECFuWW7grlx/3dRt2Ryz/MP9/c+DqJ1o3jetHqbcctsTP/vjHxEM42huEMFY7QWe7Tu7Azrlz/ePRuCl/TjZ1saimIXVh8/3Dzvgz+O8PCgkItfEcERqNCggxGWTgFBYpoGRbfsxYn7kpq5hDHUBQcO6Jg5TKWXgGnnVASgcbIxl3YE8npvLOGGMPB+bPM+LZvS8KArSbuDz5dnV9cvnx+csy4MwZ4Jhg7Rt1dSFScDVJuGiyfKaAcb68n73bFrnkNjbQ4EtyIFmQhfHPAseZ1ZkwsC1QqXUxIZ9dsir1o/sqe/4gLzLN8vVZVu3T4c8DD0AOB9HqnvFGQbadzzFxdBOBDqOGzIqhqFSxWcA+yjwhjoaOmSbOHBDCwE5la4ZLZLFNAbluCeQXF1dRUHw5eNnJ5wRrDWUrjVQrHnfpEl6OX9l4lgDwrl27ICaK8ulbX1SsuiHTitmidimxs3NM4F0uVwwg7KpAWjCaJJTIeWJCbfrci1shIGSSgxj24x65nz9ajPzQt2Ni9U5xlRoTYENhCZK+759OjWGGVlWGHrOoWIA0qIFD9s2mYWAmnk2CHUyqTswhKFpGT4mfuCmSRhWUYcFn4by8PjB9eauYyCC22Ho22NV86a+14gUNUvnk+kDo9WLYBF5KbViN4L/+u//dZuXwKZCaI1hHMZVVTd15lhJBFrJ9DQNvmsamIS2TajSEPdMEsMTEk1c9cM0DmO2f17EIZsmQOJ0tpmFXva0vb/5y9n5d8vZi//6b/9lV08X50JzqZisi9EyI9sNTvneNtDMd7XsEORzP91nVCBMIGRdZxvYNojmNI7Sosp+/PX2w8NxPjf+9M5AhiVaiJBBoA4diqglLM+wvHYaTtnJsXzL2KTxlXtsJM8IhOWpkMvBpFTacOJaS/Hi+uUsjQ6nu3/4+eN/+ddHriA2TIfi64XbtdL1CZsOP/z4f/10+3O4OvtmFuwfD4dDo/FuklxRYDl4Pp9NAxpa4SxMNjajqIuq1Ig3w9R1PcFWEoRpbJhczP3ZOr2ax0nfNVCrs3VK3MoO3V12tKk2ITQxHvqt5wiCRJbt26luhyYKbNdb+kF/OBaLlIbRueP61IpabzkPFxRaw9SWxd72YwUMybAJsUtQftgHcRh4Ud82hoMHMWzzX4mRJOHaIKGWU10/9P6RYOXaCmLBWFYwGKf+w0NpuJFGuh5GjMzINYaxNzHFtouAxzmuxo7rPGv2fffMIWGMj+NkGw6kNpNlXtXQ8DCxTSPRwgTSMInLpm5gUoymAOYs2XjIr42643UznO6ffzKxG4O3QDsExxRtFZMKsIGzrGmrvjTpoIFyDG85v8qYNA1qWxAIMI56EV/87nV3u73n02gYxHUw1qwuqyRcVu3RLe7zqumnwyQOPWuoRQfB26GeeBf6wTzyTCzq41MQ+JvN19nxoTkNsSe80Fwtox9Pd7wTQbK4uP5jYM+y3d6gJArCfXUYGC+7bpyEiyicz5mesvIwqLZhPRQKWdvupKnhua4tJ2FBENrUso1JEqmNkY8jV4iK/ekBE9u0Aq1YGASKzebJLPBDk1pKQdv1peD//Od/yMvuD7//T7P0FXCs/X5bFidieNixNVWH8tB9Gv7gpufLC8Wapt6Wx7vFhtiWg3SkVM+UmsTYNjWAyDRdAYyyHVxvGIcpO33J69uiyuPZCiOL9YNk0DFChpBJDSUFY80x2xWHI1vzlxf/YRVfuYaa2vrh+SPC/ssXtgTewAfBRNOOaQilZMd89/H2Y9M156vFIl0jHCpoQ6EjPxVMEcUYxTgK6d2HwjKc16/f2XRZljfp0gLRxYQwoVBpPHD1tDvVVRf6wWK24gKMI7eJZxrxu7d/NwtXZXlf5E+Ph8djlWkgaKCqU17UZeBaWV4sZzOAQDfUENPvvv9+1dRPjzsJoVZOOntlmBdMTExOEk+707Zs2+++//bF63MsaV52iNRSKUqJ7bmM66YZ0+Xm/OxtWw/tWFIw+B7pm962vMSfp37Zp4xAC2KDGFqBxvTEqcyL6mEcG0JhUUybTWR6/uF4d3v328uvXigC4uVm+5CbSMW+0zdtENvEtNfn50CK1TI97p6VUkJrO7D7+12+z19erge+S+jVy9d/XVb/zsQjh9mhygaQixF/vv0UhdCzjao9pREYJ64EmiVnMs+3RYWpiU2yP+V3D9tPXx7SpEIXzjl8TQwfDHCYuCOQRkZeDACZoRfNk1nN7rTQQRCOk7rdHu6eDpTS8+UcSFm31Xp57nqpY/sUmLNmxmVNuO07oZCi7yYNyCI9g0QZ1GAjI4YZxRd1Xeeng+9fvH3zHXV6BdrD6cQ5GYbRtjxrFs3ny6I55kVj2+TxZre1Dl+/Gm3Ho4hKSfue9fr24fBrslhqIo82V5gKiaI4JURJjZuuH8eWGFL0fWTNAidFykTY1ICNvD/Vn7eH9//lL//4WJRXr67LPKdKXC0i10yvVkvOyGr2Qk1asMq3LZfsbTI5JrAt2Pedoo7juk05OhDP5jEXDGKd7Y4WtZbrC6H1aV957rmYFGeDxi0xdzapsZAImY7nXFysvMT69f2vm/Dy+qsXrhfv9nlenbanu1Oz/Yd//Jd5bPzum8u//u6vtCRAMouacZgKKhM3BMuzbsipafOhkEqLUSkOhl5Jrfe7J9HJd6/fWH6E7IBQOA8t4jj7YwEpBkDEs+BaLADrDvf3auolDy3HXc38zcYeef9P//RDN47AMPxZSp21NoNqzLmQz1leD1OUxgbBUey6liE4g1rOZ5sdL5TSE4NCcNdGL6/Xkhufn/4l9vvl4vfXL/9+nMau3RFIXctGUBX1KW+PCFljD7paeXYAAPzq7TUbeF0PEPFPt5+pYU2ibor7qdspIFvOPm3LMm/+p//wp7/6+g+qC8cRe46ZRB4lqGu1659TOsyjrJnutRg47wGYERpMnNZdj5Cep+F6NdvuOoLBOPUCSQ5lW7e2gb5++3K1Wh2MZ9ODJpHjep7GsWVEKApfXr12XGoY+PbpRy5Kx3N8OxKK92MnBcMQMnYslE+AqOtmGnvX85ka99l2UmxxvpgtoiAI2iwLPV9JBbR88+qiaPxhPORtr4lWejIxJlgqsa3bO6mLgbVVjSFINaLdgFzDKItTO5WfHn662992Y/v99y9cy90+7gmAjGmEbddfURrFSWibanuoJjHKHggJBt4/Hu/PMFaI3j7cGWgSsqc2OVbZU3c85UU6X65nAVRtVexnfqQkPhyOUQxNCpgAEPuEmgrAbjw+Pdz7Nt5nR+DG8SwZhorzdr1I4mjGJ9LXzTS6iR8F7qoo9k/9XdZslytkkNFQk4Ho9fWFVqIdNVd86EfHszjnGg2ehyQW7dDX/dgMXVNWjAuhtBITF0BJfnv/WNdd6ELGpix7Yq6Jlp7WkDHVtN3T3e5Km6vEFx2dRXNCrax4KtsWUyBFJ1htIgkEUIqbjmM6PlMYWQ4ysBJVVT1ZytBIAaQhdhW2+7HnvDkevuiJJMlXauKAk3m8uA692WxzPPVVK/3INQ0ysSH2A6m1S6yz2SbyzicOuR6FVFzIng2P2f1+mwNC+250bTuapZv5ohdtHASGw21jMs12YGXdVPkpG7p+sJzH518tMxmnmovRNEGgVeyQwLVNap+GCWHfcswoCXbHap/tpmGYpTOh24lPth9vzjdftj9vi14rkDdTO+pFGHpe8vj8/P5jncRJHDt39xWh6PXrM8931+vYkL1Nqe9jYisOeT11TuzdPn+apg5j/eKrN8S1GtZXdRNEnkWp688NywFd9uvD0/2p80MvdBSA467QnGUUduvlxqKjVLxtSsdZCIUBMuumxDawfc91w0PRcoAM1x+V6KaJGo5gYpyUou6fvv8uS4K7T48TLy7PX32+vf3y+EOeZRZVtoWkBEzAbmy/PN3Uw9YPzGEYymJrWhFQECLseN7u+bRaLcZBIWhDTSRjdTsKZEoNB4YZh5OA3aghMmzbniayXJ473nz7+JiVue9OsZdqlMbResklR2JoG816zjtKLMsKV8szP7DrdvcPP/z7hz1YX70GSkpImq4fBWdcUF7X7eenwyeupyiEb9+8bq4vy7I+FplrG5aZLEJoUwsIYgQ+oeJ4emIcDOOkMciqxnIc2w01gJZB37756uLsdRRuTEJst0eg0aANPLrEgcLcIhApEfshUsYkJgkEtk0mxKHJH0/1sby1idIaptEMYnE4VPP1V1+/fbtIL8rTcZ/fZ9U+wUIwzX0AAB1mSURBVGJz9sIesZVQg/TRi8XE5NB3XpAeiwOTA4LMqn4zTK0l0gDV7b7pdpOYIBTEEFpzIYRSwAuJFxuSw64bxTAOjF+aKQFaS6IEnUYx8XFkx67NJRRcKim4ZF3VQicwRy37otSQJskaATt0z5l2pokdT/tx1AaOiEwclHqLOcrQ6fnAeAPgYxgsgBkh4CEj9ZzLYRw40BOf+rHKq2wRG2GcWGSGoUGJxATsjo990xtWKLU9TzcTr8ruBIEyLDqULUCCia7j+VN+K/mkYVk1Dx1jjE8jVwJB07Hbpnxxfha53sdPvykj9YNXc8M9PH26u31oQsh5rYknIYH2Mq/HInscmna5WiqNAKKUGgOfmBQU6EO2k7rvxrJmTVEXfuT1rK+nsR9PSs+gVlAopDhGXEmtMGoHTuikLNpNk9TUMO15PEvDAEI8TkoqRE0HYdcLiG3T3z48/PjzD6vV9fXlHzjwMS4nNgyiJwI6vjNbJBoIrVvHmq0WLyiQEE1aNhobCDuTAAgJy2QAKMYFE3DgumX9Pv849nVR3nZ9Z1pOEi+GVtqurZmWQjimbVKzkaQf2O54nLp2nS6xwUL7HINxGa+bNmNST91px0euez/0ATXKvp1EWdT5KW9tyzhbXM7Si15akOCxqZu6U1Lh/+1//x+j0H64v3l83qfB6nfv/ofj877rn9KFjSiaJr5YppuzJRu577izKDQwRRp0zTS1cBF+/c2r/14xWlc7AKsgMoXiCAPTMk9ZXhSNH9hQgNCbJ9FmHKfD4dl2vNevr5Bmx/22rZskmP/um79HIGGs1qhyU6QAMC3zT3/8No3ih9sMKMug/m53FJxDoA/H09P9M0E0CheOE4tpOG4f2dTP5oltWZYbGjRIokUaxSbBBAMAJq2mssxu7z87jvn67bvF4qv1+k0YJVX5UJVbyyaeGy4WZ+MEGR+O2fbDxw+7w35xtkkXC8aH4/557DuTwmOWEdPc7UvfNd++Oj8djqYRzdI3dV3vDh8e9l+esi1yEIPi5/fvPZ8EgTu14mz5ynfXY6uoAcexAkgmi8SgpO2Gqu0xNs7Wq7PlTAvZVF2e11rixWIFgNn3ynFdNjan0+MwNqvVKk2XXcuGUe52OZTo7/76b19fvIaCRH5qYgdwatF0Mbs4P38RuIljRAi7UCHDBHVzKqtKAJJnDZDou3fvurYvi26zunZd+2H78S+//dv+mJumnwQzl6TXZ+/ON68kH8c+tyza1/0snr19+c6ynKrKEXEN6v755//n8/aX5XrV96Lp2GK2kAy0zeA7HqYGVxJjhTHo6/F6/eZ8+c4koVZaK2U7Zl1kn+9++/MPPzcMvn551RTdUI0X8/nr668iex15G9ecmdijlEQh9V344nq1XMzKZvjtw2OyWMxW86rrqUln84hN4zj0lm2uzubUIFnecIWxaWwPz0/7Tz17bsTTqd51ij8e2x9+ud9lxW8f7r/c7dM0CgLrabsHCMTL0IuNLN8rDV69On91fnl18TYM54fD0/sPn/7y8/vHp+1ivnhxdZGEgeQKaoiA9iwz9uy5H7+6up6FC4e4f/rd33777V8xBqq2f/X1a6HEb+8/EQIRUhAJKYfiuJecz+PENn2Co8C9/uarv1klUZk9Kt6+fb26vH4NraRqm0/3Xx6en/qxc8PA8ew8Pxan3f6wq6rKdVzXixxnaZqhgRHrujevLl9cX3663z2f8rw6ubZ7fvYVRn5d1o5tSiVP1eHzw/tjfjpfX86Ts8BK0jClWruG8fnDw2FfKARvH5400l13ur9///D8WDTN6uLM89OxYC9WX72++lNf65u727wuH56eRyYwceJ4HcfpNHQIToSCY5afry9C/0JyYxirj3c/lt2RSxW4kW8Hfc0psmZhbEHj9+/e/e7d94en0nfIahFNfTubpXEccY4BtEzLfXreDuPxYff55v7GoKYfhAARxplrk9A1mrJTAhrU7NqWjdNqteSCn/LM9KiAuqnrbLffPWeO5WntMEH9IDZto8h3Uk924HRNjwRYuGbfbLPsM8CMc9F2XEF7mgDFpuuajB2/PPz0481vv97dtv2QRL6YGFDgcrWEikhhXl69mSZw2G2RYse8pbYvtRpZud19eto/BYG7XM5Ph/0wlgAMPWufst3hlJmWc7lcOIYxtFNfqsBNlFLZ6SBkecr3iNAoWY4tE6K+e/hwc/c5Tv1JIA0N0w7attjuPgxjdXVx5lhOts9vv9wCqQM7NAyvG6qiqpJo/uLyNdVeHEVlcXh8uLddzw/D7f5Y1yfBa88h0NC7rLx73BNireYRgciz/FfXl4/390KxSXUfP90gjK7P5nWeD81k2aFjp1oakMixr07H0/Xy4o/v/hj7KwhNAVRR5f1Ur2YB1oKNHcZCSMYEd6MIG2ZV927oYyLr6lAUT1WVT2yk1DJtTwMhZFeWx+NuyyceegmGqGkyjBWhuCj79+9v2STX641lO1PPKbZiPwztcDO7cuzzZtAYYtMEZfFw2N/nZaawllBus7xsqq7vMdGWhYPA1Loap4MA5ak8HLLnm9sbDQUEAAC9XPuuBwjlQWyulqnvuhRbUmI2QanU8/M+y3Ku4DxNCIVFUT4fcg3U2eWl6/lD3zZtY1lWFPqR7waBpQEjFLRtqxSWyjhmg1BkGMTD4/7Dzx8dE84iYxjbUUttwE6MgIwGGdqhSpfxxdWmmeC///LlkJXTMCV+FPoRF+Ox2FejEEBjAi4uU4jRITsIMazmfuyZY1sjpYZh4kLZnlN14912e6hbx/Ynzu9uHx+2x35kQnSOqR0HRkmoNcyyPI1djeHhsB/G0XXny9UlBpPSXeSbiyQOg4gzwNT02+0vu+MeU9Q1wzq5CqzF0/ZuEgOEePucU2pARSJ/lsbzaaqOxUloeX02f3VxiQE55Z/32X03MtdxXTddLq6lIofnbX7MPIN6lq2B6fqe65HieBBte7mae3bQtaPW3DARpeLh+dMPHx52J75cLCHA+6fchnAZroE02iHP8i/1mBFKA9cwDMTH4Xh4mqZWy8Y2ZOI7i8XKsuy6aYq63u0PeZFhhKZpzE5lmEQUI8W4TaFlEMe2HYsiPFb1bTs+Fu1T3u1/ufm4PWzPLuaLNCaQcsn3x2PRVVV96sbuVFZ5UfZ9x/hkuW47DI/7bd1PAJKqaqMwAdg8nPJTV2X1aZia0KPLua15o3WXnQ5lXZqOtTsVxyxTihEsgOZajHnxdDxlrhMTZObVXc9OcRLaltMN3A38IHT6oa+bbrc/QC1dh9R5S1A0S14R4kk9DN2j4MVqM/M9Xwzc88x26JkQVVUNXWcQjKHh25FtBxCKiVd1UyCAY3ft4OUivYQI3D3eHsvDerOZzRZt346slZI4VkygDYEmaJpYObDeNOk8jZWAklmKGUOv2q77cnvXT3y1OiPU4VOrRE0oNx0E9ejYZByGvh8d1xyGcuhzJeui2I7jqDTkAiShbxoUQZREITbwb59v7p/2yHSTZGEYtK2yujgCDAaBlHYg9AVDdVkPw+j7IaaEqVGKzrbI+dkaCTl25TjlXPUKyYGJ+SoVSmVZE/nBLIwIJnmZl1WhEBq4HDlTcoJwYmPD9bQ7ZUVdeq5tUW8ckZIEETpNAyUkTjyMxf5wrIrOd43Qn0NtKy0gVqbnagzaPh/GWgKGKILQQjjUGtgOnRjve+YHqWX4VVG7DoGQS8mmkSmFhZR1l5fFduxb1wnjcD2fnyuBmrxhbW9gHAae5VhSTxAyx6VRGEeBb1IbQDwNcuinOIxXq4UG+v7hoara5TxOk0BIrtQkeW873uXq8mx91Q2w7kfTxlV5vPnype5KgrBVFqe87MSovnn7zjHxL9svE8skCu93T0/Z6e23V48s+/Lx+ex8frZO7j8/SY5iY+EEF2/f/AlC9JdP/5Rlt99+d55uorhLJqX6YQAAU2T6FhXtlIbJbJYcDofsSz0J4YdOkTUYQAdbr6/eBt6sa8eyPVXNsTscLMdZW65g8P7zQ1+PX//h4utv3tmmuXvaFafaQHS5mrGpb4oi8MLri68+8xFAvl4v6254ejxYrv/i8o3nwi8Tv7//cn97f3l5LhE75iegyWbzTRgslSBVXmkBZ+lCQf30uFsurpezZJrIiYiHpwcxThroJE2y0ySFpAYGEGBCb788NmX/9R++CXyvKAuoP61Xb6Pg0nVn9/ntNi/nWIeLwPHddDGDENRtDQEnGEoh/SCxzEg3W0RxP04agnQWRhFIAl9Jfvf4yYKlZy/n4QJq2DUt0DoMHMkDILCc0CxaQWJ1hf765Rox47A9XacX1xfXP/77r0M7KrNHENiW6bqJbcGKdkM/CsEsw8TEOh2acmhNOx76ziJGHEZJNJ9WaDGLJz7keTP0fHN2vpmfE4gtbKXBkgJbMb17yiwPhq49S2JMsZTK91M/mk+sfX/366GtF/tSSeQYhokxIYZwPdfzHNvN69wgpuAqtuLz+YuzxTVj5HDYIqxepGevXv0uTCOm0E8fP/nYWEYzTpzN7IxIG2kTI0MrOHHuuE6KF8/7u/2u6RmtalH3Y9X3144zCfT4dMIYa6VMkwKkD8cj0Mj03atXyzhKfvzx52KbPef7U7Nth1ZS7MXL7373jWt5+/sCWUBSeX+8//XHxzCcv/vu7cBHwdCbVy+///p1VwxNq2cRevX65fZw5FwuNvM3b17O58nNl88mdtfJiBCUWvdNhwH+T3/zd6Ogf/nzryYJXDP4+em39799iJPIsk2lme2GmKrscOibfuxF4KdnmxXQlpCeY88Sfw0D/29+91en83i1DAamAOW2byxWKYQqmgWLdQKhbrZZ3RZCib6fdrscaCcO6Hp9rpW92VxGsfm4K3769cbx4lcvFp/v/hy67mb+zdXF9xM/achN0yDIhHIk2grt2A7ctm6aMX88PfNxfP3qan65+dd/+7WqyiCkUbQACrRdZ2Hnd2/OPJYsk2vXjidPCiF++fnXkal37zw/sDyHmtRw7JnSzahQ6s3n/ioNlgS4oxAIok+fd5bvv37xhvfo8fl0tkhfX33N3uAkXskJfPjty9/+zVeX52cTHwCGXKGqGmez2PHodleX9fPn28eHx0fXiTYbxcYRam3ZNh+7vu6SQEah3ZZGrzETYugHqTSAqC6bvCgjzzSpbZtunCTjALqeczDs8roeTktrHnm+5Ztu4Janw6fn29kUbVYvQ2clhVVkdY/L/Wm4297tqwxaZLWaVUX1cL9zTTOwHN9zRo18O3Zs+zE73X7+IqYknS1n63nfj13nuG589/ww9L1hCiZaBAZEtcJQYwyBcba6UAxtj7lDQgrF0JbIQ0JNn77c7PdPV9fX9hWxXVLkxy9Pj23dCKS90OcSmjZ1gT1x/bQtpf7y4vqlZZO6q563N5dn61m66qbrqq8W6SxwLAEsqfh2d3h83J1R5+KFFQYuF+4pK495hS26z1pquknkE4pFN6ZRGkWm51t133DJh6G9ut68fnP1278Pddv5nuG5xuk02q53ffamL4bLxfXv3/7p0c9/ev9lOB40lpjAbuwXke/HXtvW/cQ0Rm7gjkIPbIrmnhgV4/3ABgjBIljOZ3Ouyf6YDV3e183QTIk/IcQQNDWgx6xjx9GwHMd153MvTdOiKKVAabL0LHvqlO+uAy+GBBsmjVNyOjr9yDGxF+uYCY6IMw7Ddne6ub1bL9MwgFleP9x97ocaQDBL/Bevrwm28mwommNWurtj9uH9b1z1sySZLzzHdCj1MWCEkGHiRV29enX1xz99Syj65z//CKE2TdS2tWNHf/PHv37z6qVWyLQsNvX5aW/YKIpneVVnp8ak9PvvvonSdZFP//6vn3jPuBC7LNcagEkixk5NzfhgwgEaVEG8PTU//bave2kA5Bh2FPqmhf7lh7/89PkuSNMkcbqucxxLQ/28Ba7pztKFaaKu79fXcw3qdlCmYVMqRgaf9rlBrBfXZ8tNKgBqJ267huFaRTdBnKezjcWmm8fbaRCD4ATV948/n62++bu/+W9++u2fnvd3BoEGhUnijJC5vmu6q3nq5apJYuv6xXJ7Wj0XoyLU9wcAiJbQooZlmgalSMmZZ351fbFeLIeuMQyTUJcIXZRcKeHa3cQHAtT5ar6IQw1BP1Wr2dr25oeHRyZ47LmeZ/XdWDejhr3U5bHsJXCUGJu6LU+9HlgaRoFnEYMXdXGqS0LsuWNije7f35VlKSXTGBAHQJtIYGiIq6451qe+E4KD0IsvzpKnfT42Q7HPYRJFriMU3+6Lx+eHt99eGzb+9PnXstwaNrWC8P3dXVF0q2UKuNjd77WGXGo/CdQA+14a2P7qq7emAZq6OJSMsanrx/PLVc369z99qrvx9Yt3tuf5Krx5vM0Oe1N38/D6ef+YZbuRM9MN1u55EoVKCsMAQE1t/WQbluP4dj/YFooi386ifQ2LanJtc+CS2GCcRs5GJSVS3HWw79ndCC1qOhZ1PMqKsaxOWZFhU0dx5LrEdvCodVFVfBKu44aeTwDwHRsReDhqBrVtxgYBNo1cMjdMO8sP292j7Vrf//4Pp7x6/+UHoB8vF33gOq7lW8Z12QzdYW9iZ770te5Px8Kj3sUmoAiWZQ8BXMxn69X8cKoZ4+MkAMIISMu2Q9+p6hoBOpt7xak9VblBgVCAUOoYCGNiUwoV5EoJAKum6cZOaaM43VkIxn6wXKX5cZBKhMFMAmu1uoyiVDF92B3GfqIOJRCJcZrazlot/FV02HZ86rRk0DYcx8HYyE9tXTVd31RNZmGbGKbSNDu2g5Kj4KFP4iigyB7YMIwnrUjfdp1fWsbctkzBmGDcskwu+W5f7PYlV7pty6E7RovYtOKmlVIpOfG2nfJmKMr8VLbDAr+4+n42X0/j4fnpCRNJz6lpuAgSyQVjkkvleB6iTlUNfds5FM/TZRIuNfR904rPAziMsh9i33YdKqFQEipgcGlmZbV//ngX1C+vyll0ZntLRALbV/y4p9SMfGxSWJc5QMiyUJIs0sVilsRQk18+/NCOw3L51WYdtsWJQ0SqolVy7Nm4OrsMglCKynC44bvINC3PW5jY8dxeDA2TT08nQmnPVBomV4tvMIw47xCdJnESaGqm3mZ2P0xsEhLAMIzcjTVWtSKe6VrEhnZIvdSXgh1PuQIgiJP1KpynC8HHusuZaKq6ec6Oi7MZofjx8XDzsLOw69qWFL3tYEIQRGCWhkHkTqMoTpWSjJh6Np8rOHElDnm+y8r5XC10zBU0HFsjqjQjpnU2m48MOYYvoarrvRQnBQbDMV5+/ZWQYuwURmCcGkTl/Dz86+iv6q52Pf90OtZtLwA0HdeNAuo5VdWPQjmBN0ysaFrTKiXMk3R2qb/a1Y+HqpcKjIP0At9ynGJ3klopxJgoAFGW6yCMy6bNh1PLxtkyxRQzNlRNNwGhEU0W/iKZr5YJMfQ0jVxILntqIdcPGE0hMOti0IquFhs1QjWRsYNNM3TjyEbme4ASbrsmQEPdDVVT2o7tx5bnWBrIIPKgI1ebxTHLsTby4lTWBTQAJFyIznLNdLa8uDwn2ugZ8y00sE7pESBu+bZtk3DmrTcLSNTYj4hA36OnuiYuCUgEISEGJlRACDHRxIIQg7btx4EhIg1ixXE0S1eOZ8luHMZKKVFWNjFoEMTfff1OabxK5okntFDz+VoDYxIcQI4AAwgAjEemikpU7RAk1ttv1+FqPUsXlELLJmOnur4zKIlmkSaoLtumHk3LCsPQmAo3wsk6qnte8Lauhr5nnWi///31aj4Xk2KjtlzcDN0ERdGUz7tHQAAhZDmfx/FCTVV2ym1ThzN4/nLpL4J0HSdJcP94fygbg7qbYJnOA5NaHz7cCq5M0zdsalkGAIzJehRdJ/uyKx1gQENrKiDRCkPqOiGZz2aJZXkjB9RwFORtezSojubpfGUByKuOuZaYLWLD3hgOwEoxMZZ5NbDJDcMlgdQyCcVlV2NU+o2LiBwE58Xw+JQNA//226sXby/f/9v79+//X8+mUbgUKjlVDaVWGKbUtmzbFlwNaqzash47CeX564uv371WBLmh1bcjxChdzIhp0Lpn3BKcRvOZ5bsdq5wZfvX9xt0Z4yDW54ntgqY7KO0CKInhWDDcrM+iKHE9m2JrGa8K/rL6pSOGjZAxDB1EcJYsVqtLKWEYJbvnA8bc9i1EAbVg3Q39KHomEGaYtukS21FaiStiGfE8Ukj006iUUkxLJr0oThYRtsSkp56Np6qqup4ryfqxrGtKzfXVRXsqATWpbUFiCCw10lU/Ph1y4Bpa6jAJvSQYgANdtxWaIey5zlDrdhqYFs/5eL/dTlrG8/liGTiWZREi+AQwApgSi7iWRwwEoJCSteOUUKB037N6lD02aJjONMZZfir7MvAMDiHTyDA8bPjYMG7v9l05vnszsx1LIQEtFc3s54Pq+MSkkHJCJpAEQdO0Q4xMR0qqIJSImSFcXq52zbFqp5EJJ3Sipef4liR8Qj1x7DhdGqZT1I0YBssngGpJEZOsqQvHpxEImzZvh1GOshmUQlRBfCyqqRmmkc/WATCkHiSXglBsEoNzVfWDTQzTMyfd1kONTDdJ5hcXLx0rGBhXhDHZaa1NB9ouRRganmVS2PFhGkYugS6bshuLorEdAFEvkLQClxAjmqde7O6zumprIYQEwA38+SqlluJ8QAaahOq5SFfRRRqb1BrGYX/IIIBr07Esp6tbjbAbutDUSiutRy6mgQkJZVF0kxjDOIrnUduJqj5RgsLQwAQMij7uemrAyxevzs7Tomybx5rK8dhUx7IShFIcu37qOJ5tO4RaCsCp48QwCFQao7EfGBLQJOcvVmHkTUNdnCrXdl9df6W05HzcHVohBB+ZiakEFgcDxcSw7ST1T1lrO9Zi5q+uIj60Qikr9qqWTUIqhJDhU2yMmjx/2t0/nJL58u3LcwcBhMEkxl1RPmUVg2SxDC2LYgKVFogS6lvY8auptn0Puy60BsCV5fmu1kEcWP0wCdH1o22bs1WEqw5RwQCus7ZsuKaRJqTsm7IY4jDyfK/Is0P55fX1681mXXenQUxMMkQNJQdiYMmNdtTtOIyyg3gyHIPtpRba9gxMoSZAAi7AIIFWQPgunScehBMyBuwYfprA0WAC1MMwbR+0MpEBHMvFrpVl7cjGcIqAFgpp4prEM6mNgoXddnwYxOFYZOWkEV6uIj+02NS7vpUkoQR8ktWk6nYYuUBh4FoO7uqSmmg9X/7/7V4DNnC9y8tTkWd5qTSi2PU8y3QJV2LkYz8MCYpMx7BMeMya4+Hoz4kXOffH/fN+mwT+dRAFUdS0uh/5w3b3dNj5jrdZLxfr1I5pdzOOUppu6Np4d2qeDzmbxGazWq43Dw+nmtXllCObzeeBx6Cm3f5R2K5RdtXd7vl5ezAt6zycQYr8JKinHkHOoYRipDa0fDuQAXWAHUHo0HpQ5dCEoRAc6HZivJUMQIQ934li37SNwVCYEok01z3XzanOb552Vd/N0pZP3PQdhPU49BCCIHS9yKpPfVFn7dAWZUV8FKUxBkAqUxM8qF5ROWrmQrtru4+fvzzvT+k8VGYn4MkixMSIMgdi13QxpkZ2PJ3Kzl1RNzQ1BHXbu4GRznyAp2Eqyq5sxp7rBhI5QjhI0TC+nM28yBs50yfdM6ERFkAPI8OUTEqpSXYDO2adBsq0jGC2QJDk5a0Ske/aTuQDqITUFFm2b1omVkRjE9RtZWuDy5FJeSxyZ2tHoYNsCrGpFRAAA4Kaftqfaq41h7IdOjM2w7nTyWQqqi7Lu7FzfZ8atmmbUy2J6WgFJQYDH8MZth088WEUPdEaSFHWrYLQCwzbM0wTWr6qWt6OPW8bYmMmGKIGMgxCSTiz06UFIRqPGBkkDIN04Q7DCKhu2LjL6kNdRLPQwohrBSmxgzCZLWwzKMup7WrLMkbWCj6O0rHVNDCm4EQswwlDm08DxCTEXmQtztNpVGWlqqYcmXQCz/N92zHzrAIIG04IsYEJpJbRDWM79f3YKiDDKJivFpMG/x/dNOz2L3yh7wAAAABJRU5ErkJggg=="
                }
              }
            ],
            "role": "model"
          },
          "finish_reason": "STOP"
        }
      ],
      "usage_metadata": {
        "prompt_token_count": 8,
        "candidates_token_count": 1298,
        "total_token_count": 1306
      },
      "model_version": "gemini-2.5-flash-image-preview"
    }),
)

SUCCESS: Extracted image_bytes. Length: 0

!!! TEST FAILED: The API returned an empty image.
This confirms the issue is with the API key or service, not the Flask app.
